[2024-12-07T18:48:45.753+0800][0.003s][info][gc,heap] Heap region size: 1M
[2024-12-07T18:48:45.753+0800][0.003s][debug][gc,heap] Minimum heap 8388608  Initial heap 526385152  Maximum heap 536870912
[2024-12-07T18:48:45.754+0800][0.004s][debug][gc     ] ConcGCThreads: 5 offset 42
[2024-12-07T18:48:45.754+0800][0.004s][debug][gc     ] ParallelGCThreads: 18
[2024-12-07T18:48:45.754+0800][0.004s][debug][gc     ] Initialize mark stack with 4096 chunks, maximum 16384
[2024-12-07T18:48:45.754+0800][0.004s][debug][gc,ergo,heap] Expand the heap. requested expansion amount: 526385152B expansion amount: 526385152B
[2024-12-07T18:48:45.756+0800][0.006s][debug][gc,ihop     ] Target occupancy update: old: 0B, new: 526385152B
[2024-12-07T18:48:45.756+0800][0.006s][debug][gc,ergo,refine] Initial Refinement Zones: green: 18, yellow: 54, red: 90, min yellow size: 36
[2024-12-07T18:48:45.757+0800][0.006s][info ][gc            ] Using G1
[2024-12-07T18:48:45.757+0800][0.007s][info ][gc,heap,coops ] Heap address: 0x00000000e0000000, size: 512 MB, Compressed Oops mode: 32-bit
[2024-12-07T18:48:45.757+0800][0.007s][debug][gc,ergo,heap  ] Attempt heap expansion (allocate archive regions). Total size: 1048576B
[2024-12-07T18:48:45.757+0800][0.007s][info ][gc,cds        ] Mark closed archive regions in map: [0x00000000ffe00000, 0x00000000ffe6bff8]
[2024-12-07T18:48:45.757+0800][0.007s][debug][gc,ergo,heap  ] Attempt heap expansion (allocate archive regions). Total size: 1048576B
[2024-12-07T18:48:45.757+0800][0.007s][info ][gc,cds        ] Mark open archive regions in map: [0x00000000ffc00000, 0x00000000ffc47ff8]
[2024-12-07T18:48:45.315+0800][1.243s][debug][gc,ergo,ihop  ] Request concurrent cycle initiation (occupancy higher than threshold) occupancy: 236978176B allocation request: 1048592B threshold: 236873318B (44.82) source: concurrent humongous allocation
[2024-12-07T18:48:45.316+0800][1.243s][debug][gc,ergo       ] Request concurrent cycle initiation (requested by GC cause). GC cause: G1 Humongous Allocation
[2024-12-07T18:48:45.316+0800][1.243s][debug][gc,heap       ] GC(0) Heap before GC invocations=0 (full 0): garbage-first heap   total 516096K, used 231120K [0x00000000e0000000, 0x0000000100000000)
[2024-12-07T18:48:45.316+0800][1.244s][debug][gc,heap       ] GC(0)   region size 1024K, 2 young (2048K), 0 survivors (0K)
[2024-12-07T18:48:45.317+0800][1.244s][debug][gc,heap       ] GC(0)  Metaspace       used 554K, capacity 4570K, committed 4864K, reserved 1056768K
[2024-12-07T18:48:45.317+0800][1.244s][debug][gc,heap       ] GC(0)   class space    used 46K, capacity 419K, committed 512K, reserved 1048576K
[2024-12-07T18:48:45.317+0800][1.244s][debug][gc,ergo       ] GC(0) Initiate concurrent cycle (concurrent cycle initiation requested)
[2024-12-07T18:48:45.317+0800][1.244s][info ][gc,start      ] GC(0) Pause Young (Concurrent Start) (G1 Humongous Allocation)
[2024-12-07T18:48:45.319+0800][1.246s][info ][gc,task       ] GC(0) Using 12 workers of 18 for evacuation
[2024-12-07T18:48:45.319+0800][1.246s][debug][gc,tlab       ] GC(0) TLAB totals: thrds: 3  refills: 5 max: 3 slow allocs: 113 max 113 waste: 49.2% gc: 1030912B max: 524256B slow: 1648B max: 1648B fast: 0B max: 0B
[2024-12-07T18:48:45.319+0800][1.246s][debug][gc,alloc,region] GC(0) Mutator Allocation stats, regions: 2, wasted size: 0B ( 0.0%)
[2024-12-07T18:48:45.319+0800][1.246s][debug][gc,age         ] GC(0) Desired survivor size 2097152 bytes, new threshold 15 (max threshold 15)
[2024-12-07T18:48:45.320+0800][1.247s][debug][gc,ergo,cset   ] GC(0) Finish choosing CSet. old: 0 regions, predicted old region time: 0.00ms, time remaining: 158.74
[2024-12-07T18:48:45.320+0800][1.247s][debug][gc,task,stats  ] GC(0) GC Termination Stats
[2024-12-07T18:48:45.320+0800][1.247s][debug][gc,task,stats  ] GC(0)      elapsed  --strong roots-- -------termination------- ------waste (KiB)------
[2024-12-07T18:48:45.320+0800][1.247s][debug][gc,task,stats  ] GC(0) thr     ms        ms      %        ms      %    attempts  total   alloc    undo
[2024-12-07T18:48:45.321+0800][1.248s][debug][gc,task,stats  ] GC(0) --- --------- --------- ------ --------- ------ -------- ------- ------- -------
[2024-12-07T18:48:45.325+0800][1.252s][debug][gc,task,stats  ] GC(0)   5      4.24      4.24  99.82      0.00   0.00        1       0       0       0
[2024-12-07T18:48:45.326+0800][1.253s][debug][gc,task,stats  ] GC(0)   3      4.57      4.16  91.10      0.25   5.47        1       0       0       0
[2024-12-07T18:48:45.326+0800][1.253s][debug][gc,task,stats  ] GC(0)   4      4.89      4.07  83.11      0.33   6.72        1       0       0       0
[2024-12-07T18:48:45.326+0800][1.253s][debug][gc,task,stats  ] GC(0)  11      4.89      2.89  59.12      1.33  27.16        1       0       0       0
[2024-12-07T18:48:45.326+0800][1.253s][debug][gc,task,stats  ] GC(0)   2      5.26      1.34  25.53      2.76  52.42       94       0       0       0
[2024-12-07T18:48:45.326+0800][1.254s][debug][gc,task,stats  ] GC(0)   9      5.29      4.11  77.70      0.17   3.15        1       0       0       0
[2024-12-07T18:48:45.326+0800][1.254s][debug][gc,task,stats  ] GC(0)  10      5.44      1.25  22.90      2.71  49.82      111       0       0       0
[2024-12-07T18:48:45.327+0800][1.254s][debug][gc,task,stats  ] GC(0)   1      5.66      1.90  33.67      2.31  40.86      101       0       0       0
[2024-12-07T18:48:45.327+0800][1.254s][debug][gc,task,stats  ] GC(0)   8      5.71      2.89  50.60      1.36  23.87        3       0       0       0
[2024-12-07T18:48:45.327+0800][1.254s][debug][gc,task,stats  ] GC(0)   7      5.81      1.36  23.43      2.70  46.45       93       0       0       0
[2024-12-07T18:48:45.327+0800][1.254s][debug][gc,task,stats  ] GC(0)   6      5.95      1.31  22.03      2.73  45.93       72       0       0       0
[2024-12-07T18:48:45.327+0800][1.254s][debug][gc,task,stats  ] GC(0)   0      6.14      1.94  31.54      2.34  38.17       40       1       1       0
[2024-12-07T18:48:45.327+0800][1.254s][debug][gc,ergo        ] GC(0) Running G1 Clear Card Table Task using 1 workers for 1 units of work for 3 regions.
[2024-12-07T18:48:45.327+0800][1.255s][debug][gc,ref         ] GC(0) Skipped phase1 of Reference Processing due to unavailable references
[2024-12-07T18:48:45.327+0800][1.255s][debug][gc,ref         ] GC(0) Skipped phase3 of Reference Processing due to unavailable references
[2024-12-07T18:48:45.328+0800][1.255s][debug][gc,ergo        ] GC(0) Running G1 Free Collection Set using 1 workers for collection set length 2
[2024-12-07T18:48:45.328+0800][1.255s][debug][gc,humongous   ] GC(0) Live humongous region 0 object size 1048592 start 0x00000000e0000000  with remset 0 code roots 0 is marked 0 reclaim candidate 0 type array 1
[2024-12-07T18:48:45.328+0800][1.255s][debug][gc,humongous   ] GC(0) Live humongous region 2 object size 1048592 start 0x00000000e0200000  with remset 0 code roots 0 is marked 0 reclaim candidate 0 type array 1
[2024-12-07T18:48:45.328+0800][1.255s][debug][gc,humongous   ] GC(0) Live humongous region 4 object size 1048592 start 0x00000000e0400000  with remset 0 code roots 0 is marked 0 reclaim candidate 0 type array 1
[2024-12-07T18:48:45.328+0800][1.255s][debug][gc,humongous   ] GC(0) Live humongous region 6 object size 1048592 start 0x00000000e0600000  with remset 0 code roots 0 is marked 0 reclaim candidate 0 type array 1
[2024-12-07T18:48:45.328+0800][1.255s][debug][gc,humongous   ] GC(0) Live humongous region 8 object size 1048592 start 0x00000000e0800000  with remset 0 code roots 0 is marked 0 reclaim candidate 0 type array 1
[2024-12-07T18:48:45.328+0800][1.255s][debug][gc,humongous   ] GC(0) Live humongous region 10 object size 1048592 start 0x00000000e0a00000  with remset 0 code roots 0 is marked 0 reclaim candidate 0 type array 1
[2024-12-07T18:48:45.328+0800][1.255s][debug][gc,humongous   ] GC(0) Live humongous region 12 object size 1048592 start 0x00000000e0c00000  with remset 0 code roots 0 is marked 0 reclaim candidate 0 type array 1
[2024-12-07T18:48:45.328+0800][1.256s][debug][gc,humongous   ] GC(0) Live humongous region 14 object size 1048592 start 0x00000000e0e00000  with remset 0 code roots 0 is marked 0 reclaim candidate 0 type array 1
[2024-12-07T18:48:45.328+0800][1.256s][debug][gc,humongous   ] GC(0) Live humongous region 16 object size 1048592 start 0x00000000e1000000  with remset 0 code roots 0 is marked 0 reclaim candidate 0 type array 1
[2024-12-07T18:48:45.328+0800][1.256s][debug][gc,humongous   ] GC(0) Live humongous region 18 object size 1048592 start 0x00000000e1200000  with remset 0 code roots 0 is marked 0 reclaim candidate 0 type array 1
[2024-12-07T18:48:45.329+0800][1.256s][debug][gc,humongous   ] GC(0) Live humongous region 20 object size 1048592 start 0x00000000e1400000  with remset 0 code roots 0 is marked 0 reclaim candidate 0 type array 1
[2024-12-07T18:48:45.329+0800][1.256s][debug][gc,humongous   ] GC(0) Live humongous region 22 object size 1048592 start 0x00000000e1600000  with remset 0 code roots 0 is marked 0 reclaim candidate 0 type array 1
[2024-12-07T18:48:45.329+0800][1.256s][debug][gc,humongous   ] GC(0) Live humongous region 24 object size 1048592 start 0x00000000e1800000  with remset 0 code roots 0 is marked 0 reclaim candidate 0 type array 1
[2024-12-07T18:48:45.329+0800][1.256s][debug][gc,humongous   ] GC(0) Live humongous region 26 object size 1048592 start 0x00000000e1a00000  with remset 0 code roots 0 is marked 0 reclaim candidate 0 type array 1
[2024-12-07T18:48:45.329+0800][1.256s][debug][gc,humongous   ] GC(0) Live humongous region 28 object size 1048592 start 0x00000000e1c00000  with remset 0 code roots 0 is marked 0 reclaim candidate 0 type array 1
[2024-12-07T18:48:45.329+0800][1.256s][debug][gc,humongous   ] GC(0) Live humongous region 30 object size 1048592 start 0x00000000e1e00000  with remset 0 code roots 0 is marked 0 reclaim candidate 0 type array 1
[2024-12-07T18:48:45.329+0800][1.256s][debug][gc,humongous   ] GC(0) Live humongous region 32 object size 1048592 start 0x00000000e2000000  with remset 0 code roots 0 is marked 0 reclaim candidate 0 type array 1
[2024-12-07T18:48:45.329+0800][1.256s][debug][gc,humongous   ] GC(0) Live humongous region 34 object size 1048592 start 0x00000000e2200000  with remset 0 code roots 0 is marked 0 reclaim candidate 0 type array 1
[2024-12-07T18:48:45.329+0800][1.256s][debug][gc,humongous   ] GC(0) Live humongous region 36 object size 1048592 start 0x00000000e2400000  with remset 0 code roots 0 is marked 0 reclaim candidate 0 type array 1
[2024-12-07T18:48:45.329+0800][1.256s][debug][gc,humongous   ] GC(0) Live humongous region 38 object size 1048592 start 0x00000000e2600000  with remset 0 code roots 0 is marked 0 reclaim candidate 0 type array 1
[2024-12-07T18:48:45.329+0800][1.256s][debug][gc,humongous   ] GC(0) Live humongous region 40 object size 1048592 start 0x00000000e2800000  with remset 0 code roots 0 is marked 0 reclaim candidate 0 type array 1
[2024-12-07T18:48:45.329+0800][1.256s][debug][gc,humongous   ] GC(0) Live humongous region 42 object size 1048592 start 0x00000000e2a00000  with remset 0 code roots 0 is marked 0 reclaim candidate 0 type array 1
[2024-12-07T18:48:45.329+0800][1.257s][debug][gc,humongous   ] GC(0) Live humongous region 44 object size 1048592 start 0x00000000e2c00000  with remset 0 code roots 0 is marked 0 reclaim candidate 0 type array 1
[2024-12-07T18:48:45.329+0800][1.257s][debug][gc,humongous   ] GC(0) Live humongous region 46 object size 1048592 start 0x00000000e2e00000  with remset 0 code roots 0 is marked 0 reclaim candidate 0 type array 1
[2024-12-07T18:48:45.330+0800][1.257s][debug][gc,humongous   ] GC(0) Live humongous region 48 object size 1048592 start 0x00000000e3000000  with remset 0 code roots 0 is marked 0 reclaim candidate 0 type array 1
[2024-12-07T18:48:45.330+0800][1.257s][debug][gc,humongous   ] GC(0) Live humongous region 50 object size 1048592 start 0x00000000e3200000  with remset 0 code roots 0 is marked 0 reclaim candidate 0 type array 1
[2024-12-07T18:48:45.330+0800][1.257s][debug][gc,humongous   ] GC(0) Live humongous region 52 object size 1048592 start 0x00000000e3400000  with remset 0 code roots 0 is marked 0 reclaim candidate 0 type array 1
[2024-12-07T18:48:45.330+0800][1.257s][debug][gc,humongous   ] GC(0) Live humongous region 54 object size 1048592 start 0x00000000e3600000  with remset 0 code roots 0 is marked 0 reclaim candidate 0 type array 1
[2024-12-07T18:48:45.330+0800][1.257s][debug][gc,humongous   ] GC(0) Live humongous region 56 object size 1048592 start 0x00000000e3800000  with remset 0 code roots 0 is marked 0 reclaim candidate 0 type array 1
[2024-12-07T18:48:45.330+0800][1.257s][debug][gc,humongous   ] GC(0) Live humongous region 58 object size 1048592 start 0x00000000e3a00000  with remset 0 code roots 0 is marked 0 reclaim candidate 0 type array 1
[2024-12-07T18:48:45.330+0800][1.257s][debug][gc,humongous   ] GC(0) Live humongous region 60 object size 1048592 start 0x00000000e3c00000  with remset 0 code roots 0 is marked 0 reclaim candidate 0 type array 1
[2024-12-07T18:48:45.330+0800][1.257s][debug][gc,humongous   ] GC(0) Live humongous region 62 object size 1048592 start 0x00000000e3e00000  with remset 0 code roots 0 is marked 0 reclaim candidate 0 type array 1
[2024-12-07T18:48:45.330+0800][1.257s][debug][gc,humongous   ] GC(0) Live humongous region 64 object size 1048592 start 0x00000000e4000000  with remset 0 code roots 0 is marked 0 reclaim candidate 0 type array 1
[2024-12-07T18:48:45.330+0800][1.258s][debug][gc,humongous   ] GC(0) Live humongous region 66 object size 1048592 start 0x00000000e4200000  with remset 0 code roots 0 is marked 0 reclaim candidate 0 type array 1
[2024-12-07T18:48:45.330+0800][1.258s][debug][gc,humongous   ] GC(0) Live humongous region 68 object size 1048592 start 0x00000000e4400000  with remset 0 code roots 0 is marked 0 reclaim candidate 0 type array 1
[2024-12-07T18:48:45.331+0800][1.258s][debug][gc,humongous   ] GC(0) Live humongous region 70 object size 1048592 start 0x00000000e4600000  with remset 0 code roots 0 is marked 0 reclaim candidate 0 type array 1
[2024-12-07T18:48:45.331+0800][1.258s][debug][gc,humongous   ] GC(0) Live humongous region 72 object size 1048592 start 0x00000000e4800000  with remset 0 code roots 0 is marked 0 reclaim candidate 0 type array 1
[2024-12-07T18:48:45.331+0800][1.258s][debug][gc,humongous   ] GC(0) Live humongous region 74 object size 1048592 start 0x00000000e4a00000  with remset 0 code roots 0 is marked 0 reclaim candidate 0 type array 1
[2024-12-07T18:48:45.331+0800][1.258s][debug][gc,humongous   ] GC(0) Live humongous region 76 object size 1048592 start 0x00000000e4c00000  with remset 0 code roots 0 is marked 0 reclaim candidate 0 type array 1
[2024-12-07T18:48:45.331+0800][1.258s][debug][gc,humongous   ] GC(0) Live humongous region 78 object size 1048592 start 0x00000000e4e00000  with remset 0 code roots 0 is marked 0 reclaim candidate 0 type array 1
[2024-12-07T18:48:45.331+0800][1.258s][debug][gc,humongous   ] GC(0) Live humongous region 80 object size 1048592 start 0x00000000e5000000  with remset 0 code roots 0 is marked 0 reclaim candidate 0 type array 1
[2024-12-07T18:48:45.331+0800][1.258s][debug][gc,humongous   ] GC(0) Live humongous region 82 object size 1048592 start 0x00000000e5200000  with remset 0 code roots 0 is marked 0 reclaim candidate 0 type array 1
[2024-12-07T18:48:45.331+0800][1.258s][debug][gc,humongous   ] GC(0) Live humongous region 84 object size 1048592 start 0x00000000e5400000  with remset 0 code roots 0 is marked 0 reclaim candidate 0 type array 1
[2024-12-07T18:48:45.331+0800][1.258s][debug][gc,humongous   ] GC(0) Live humongous region 86 object size 1048592 start 0x00000000e5600000  with remset 0 code roots 0 is marked 0 reclaim candidate 0 type array 1
[2024-12-07T18:48:45.331+0800][1.258s][debug][gc,humongous   ] GC(0) Live humongous region 88 object size 1048592 start 0x00000000e5800000  with remset 0 code roots 0 is marked 0 reclaim candidate 0 type array 1
[2024-12-07T18:48:45.331+0800][1.259s][debug][gc,humongous   ] GC(0) Live humongous region 90 object size 1048592 start 0x00000000e5a00000  with remset 0 code roots 0 is marked 0 reclaim candidate 0 type array 1
[2024-12-07T18:48:45.331+0800][1.259s][debug][gc,humongous   ] GC(0) Live humongous region 92 object size 1048592 start 0x00000000e5c00000  with remset 0 code roots 0 is marked 0 reclaim candidate 0 type array 1
[2024-12-07T18:48:45.331+0800][1.259s][debug][gc,humongous   ] GC(0) Live humongous region 94 object size 1048592 start 0x00000000e5e00000  with remset 0 code roots 0 is marked 0 reclaim candidate 0 type array 1
[2024-12-07T18:48:45.332+0800][1.259s][debug][gc,humongous   ] GC(0) Live humongous region 96 object size 1048592 start 0x00000000e6000000  with remset 0 code roots 0 is marked 0 reclaim candidate 0 type array 1
[2024-12-07T18:48:45.332+0800][1.259s][debug][gc,humongous   ] GC(0) Live humongous region 98 object size 1048592 start 0x00000000e6200000  with remset 0 code roots 0 is marked 0 reclaim candidate 0 type array 1
[2024-12-07T18:48:45.332+0800][1.259s][debug][gc,humongous   ] GC(0) Live humongous region 100 object size 1048592 start 0x00000000e6400000  with remset 0 code roots 0 is marked 0 reclaim candidate 0 type array 1
[2024-12-07T18:48:45.332+0800][1.259s][debug][gc,humongous   ] GC(0) Live humongous region 102 object size 1048592 start 0x00000000e6600000  with remset 0 code roots 0 is marked 0 reclaim candidate 0 type array 1
[2024-12-07T18:48:45.332+0800][1.259s][debug][gc,humongous   ] GC(0) Live humongous region 104 object size 1048592 start 0x00000000e6800000  with remset 0 code roots 0 is marked 0 reclaim candidate 0 type array 1
[2024-12-07T18:48:45.332+0800][1.259s][debug][gc,humongous   ] GC(0) Live humongous region 106 object size 1048592 start 0x00000000e6a00000  with remset 0 code roots 0 is marked 0 reclaim candidate 0 type array 1
[2024-12-07T18:48:45.332+0800][1.259s][debug][gc,humongous   ] GC(0) Live humongous region 108 object size 1048592 start 0x00000000e6c00000  with remset 0 code roots 0 is marked 0 reclaim candidate 0 type array 1
[2024-12-07T18:48:45.332+0800][1.259s][debug][gc,humongous   ] GC(0) Live humongous region 110 object size 1048592 start 0x00000000e6e00000  with remset 0 code roots 0 is marked 0 reclaim candidate 0 type array 1
[2024-12-07T18:48:45.332+0800][1.259s][debug][gc,humongous   ] GC(0) Live humongous region 112 object size 1048592 start 0x00000000e7000000  with remset 0 code roots 0 is marked 0 reclaim candidate 0 type array 1
[2024-12-07T18:48:45.332+0800][1.259s][debug][gc,humongous   ] GC(0) Live humongous region 114 object size 1048592 start 0x00000000e7200000  with remset 0 code roots 0 is marked 0 reclaim candidate 0 type array 1
[2024-12-07T18:48:45.332+0800][1.259s][debug][gc,humongous   ] GC(0) Live humongous region 116 object size 1048592 start 0x00000000e7400000  with remset 0 code roots 0 is marked 0 reclaim candidate 0 type array 1
[2024-12-07T18:48:45.332+0800][1.259s][debug][gc,humongous   ] GC(0) Live humongous region 118 object size 1048592 start 0x00000000e7600000  with remset 0 code roots 0 is marked 0 reclaim candidate 0 type array 1
[2024-12-07T18:48:45.332+0800][1.260s][debug][gc,humongous   ] GC(0) Live humongous region 120 object size 1048592 start 0x00000000e7800000  with remset 0 code roots 0 is marked 0 reclaim candidate 0 type array 1
[2024-12-07T18:48:45.332+0800][1.260s][debug][gc,humongous   ] GC(0) Live humongous region 122 object size 1048592 start 0x00000000e7a00000  with remset 0 code roots 0 is marked 0 reclaim candidate 0 type array 1
[2024-12-07T18:48:45.332+0800][1.260s][debug][gc,humongous   ] GC(0) Live humongous region 124 object size 1048592 start 0x00000000e7c00000  with remset 0 code roots 0 is marked 0 reclaim candidate 0 type array 1
[2024-12-07T18:48:45.332+0800][1.260s][debug][gc,humongous   ] GC(0) Live humongous region 126 object size 1048592 start 0x00000000e7e00000  with remset 0 code roots 0 is marked 0 reclaim candidate 0 type array 1
[2024-12-07T18:48:45.333+0800][1.260s][debug][gc,humongous   ] GC(0) Live humongous region 128 object size 1048592 start 0x00000000e8000000  with remset 0 code roots 0 is marked 0 reclaim candidate 0 type array 1
[2024-12-07T18:48:45.333+0800][1.260s][debug][gc,humongous   ] GC(0) Live humongous region 130 object size 1048592 start 0x00000000e8200000  with remset 0 code roots 0 is marked 0 reclaim candidate 0 type array 1
[2024-12-07T18:48:45.333+0800][1.260s][debug][gc,humongous   ] GC(0) Live humongous region 132 object size 1048592 start 0x00000000e8400000  with remset 0 code roots 0 is marked 0 reclaim candidate 0 type array 1
[2024-12-07T18:48:45.333+0800][1.260s][debug][gc,humongous   ] GC(0) Live humongous region 134 object size 1048592 start 0x00000000e8600000  with remset 0 code roots 0 is marked 0 reclaim candidate 0 type array 1
[2024-12-07T18:48:45.333+0800][1.260s][debug][gc,humongous   ] GC(0) Live humongous region 136 object size 1048592 start 0x00000000e8800000  with remset 0 code roots 0 is marked 0 reclaim candidate 0 type array 1
[2024-12-07T18:48:45.333+0800][1.260s][debug][gc,humongous   ] GC(0) Live humongous region 138 object size 1048592 start 0x00000000e8a00000  with remset 0 code roots 0 is marked 0 reclaim candidate 0 type array 1
[2024-12-07T18:48:45.333+0800][1.260s][debug][gc,humongous   ] GC(0) Live humongous region 140 object size 1048592 start 0x00000000e8c00000  with remset 0 code roots 0 is marked 0 reclaim candidate 0 type array 1
[2024-12-07T18:48:45.333+0800][1.260s][debug][gc,humongous   ] GC(0) Live humongous region 142 object size 1048592 start 0x00000000e8e00000  with remset 0 code roots 0 is marked 0 reclaim candidate 0 type array 1
[2024-12-07T18:48:45.333+0800][1.260s][debug][gc,humongous   ] GC(0) Live humongous region 144 object size 1048592 start 0x00000000e9000000  with remset 0 code roots 0 is marked 0 reclaim candidate 0 type array 1
[2024-12-07T18:48:45.333+0800][1.260s][debug][gc,humongous   ] GC(0) Live humongous region 146 object size 1048592 start 0x00000000e9200000  with remset 0 code roots 0 is marked 0 reclaim candidate 0 type array 1
[2024-12-07T18:48:45.333+0800][1.260s][debug][gc,humongous   ] GC(0) Live humongous region 148 object size 1048592 start 0x00000000e9400000  with remset 0 code roots 0 is marked 0 reclaim candidate 0 type array 1
[2024-12-07T18:48:45.333+0800][1.261s][debug][gc,humongous   ] GC(0) Live humongous region 150 object size 1048592 start 0x00000000e9600000  with remset 0 code roots 0 is marked 0 reclaim candidate 0 type array 1
[2024-12-07T18:48:45.333+0800][1.261s][debug][gc,humongous   ] GC(0) Live humongous region 152 object size 1048592 start 0x00000000e9800000  with remset 0 code roots 0 is marked 0 reclaim candidate 0 type array 1
[2024-12-07T18:48:45.333+0800][1.261s][debug][gc,humongous   ] GC(0) Live humongous region 154 object size 1048592 start 0x00000000e9a00000  with remset 0 code roots 0 is marked 0 reclaim candidate 0 type array 1
[2024-12-07T18:48:45.333+0800][1.261s][debug][gc,humongous   ] GC(0) Live humongous region 156 object size 1048592 start 0x00000000e9c00000  with remset 0 code roots 0 is marked 0 reclaim candidate 0 type array 1
[2024-12-07T18:48:45.334+0800][1.261s][debug][gc,humongous   ] GC(0) Live humongous region 158 object size 1048592 start 0x00000000e9e00000  with remset 0 code roots 0 is marked 0 reclaim candidate 0 type array 1
[2024-12-07T18:48:45.334+0800][1.261s][debug][gc,humongous   ] GC(0) Live humongous region 160 object size 1048592 start 0x00000000ea000000  with remset 0 code roots 0 is marked 0 reclaim candidate 0 type array 1
[2024-12-07T18:48:45.334+0800][1.261s][debug][gc,humongous   ] GC(0) Live humongous region 162 object size 1048592 start 0x00000000ea200000  with remset 0 code roots 0 is marked 0 reclaim candidate 0 type array 1
[2024-12-07T18:48:45.334+0800][1.261s][debug][gc,humongous   ] GC(0) Live humongous region 164 object size 1048592 start 0x00000000ea400000  with remset 0 code roots 0 is marked 0 reclaim candidate 0 type array 1
[2024-12-07T18:48:45.334+0800][1.261s][debug][gc,humongous   ] GC(0) Live humongous region 166 object size 1048592 start 0x00000000ea600000  with remset 0 code roots 0 is marked 0 reclaim candidate 0 type array 1
[2024-12-07T18:48:45.334+0800][1.261s][debug][gc,humongous   ] GC(0) Live humongous region 168 object size 1048592 start 0x00000000ea800000  with remset 0 code roots 0 is marked 0 reclaim candidate 0 type array 1
[2024-12-07T18:48:45.334+0800][1.261s][debug][gc,humongous   ] GC(0) Live humongous region 170 object size 1048592 start 0x00000000eaa00000  with remset 0 code roots 0 is marked 0 reclaim candidate 0 type array 1
[2024-12-07T18:48:45.334+0800][1.261s][debug][gc,humongous   ] GC(0) Live humongous region 172 object size 1048592 start 0x00000000eac00000  with remset 0 code roots 0 is marked 0 reclaim candidate 0 type array 1
[2024-12-07T18:48:45.334+0800][1.261s][debug][gc,humongous   ] GC(0) Live humongous region 174 object size 1048592 start 0x00000000eae00000  with remset 0 code roots 0 is marked 0 reclaim candidate 0 type array 1
[2024-12-07T18:48:45.334+0800][1.261s][debug][gc,humongous   ] GC(0) Live humongous region 176 object size 1048592 start 0x00000000eb000000  with remset 0 code roots 0 is marked 0 reclaim candidate 0 type array 1
[2024-12-07T18:48:45.334+0800][1.261s][debug][gc,humongous   ] GC(0) Live humongous region 178 object size 1048592 start 0x00000000eb200000  with remset 0 code roots 0 is marked 0 reclaim candidate 0 type array 1
[2024-12-07T18:48:45.334+0800][1.261s][debug][gc,humongous   ] GC(0) Live humongous region 180 object size 1048592 start 0x00000000eb400000  with remset 0 code roots 0 is marked 0 reclaim candidate 0 type array 1
[2024-12-07T18:48:45.334+0800][1.262s][debug][gc,humongous   ] GC(0) Live humongous region 182 object size 1048592 start 0x00000000eb600000  with remset 0 code roots 0 is marked 0 reclaim candidate 0 type array 1
[2024-12-07T18:48:45.334+0800][1.262s][debug][gc,humongous   ] GC(0) Live humongous region 184 object size 1048592 start 0x00000000eb800000  with remset 0 code roots 0 is marked 0 reclaim candidate 0 type array 1
[2024-12-07T18:48:45.334+0800][1.262s][debug][gc,humongous   ] GC(0) Live humongous region 186 object size 1048592 start 0x00000000eba00000  with remset 0 code roots 0 is marked 0 reclaim candidate 0 type array 1
[2024-12-07T18:48:45.335+0800][1.262s][debug][gc,humongous   ] GC(0) Live humongous region 188 object size 1048592 start 0x00000000ebc00000  with remset 0 code roots 0 is marked 0 reclaim candidate 0 type array 1
[2024-12-07T18:48:45.335+0800][1.262s][debug][gc,humongous   ] GC(0) Live humongous region 190 object size 1048592 start 0x00000000ebe00000  with remset 0 code roots 0 is marked 0 reclaim candidate 0 type array 1
[2024-12-07T18:48:45.335+0800][1.262s][debug][gc,humongous   ] GC(0) Live humongous region 192 object size 1048592 start 0x00000000ec000000  with remset 0 code roots 0 is marked 0 reclaim candidate 0 type array 1
[2024-12-07T18:48:45.335+0800][1.262s][debug][gc,humongous   ] GC(0) Live humongous region 194 object size 1048592 start 0x00000000ec200000  with remset 0 code roots 0 is marked 0 reclaim candidate 0 type array 1
[2024-12-07T18:48:45.335+0800][1.262s][debug][gc,humongous   ] GC(0) Live humongous region 196 object size 1048592 start 0x00000000ec400000  with remset 0 code roots 0 is marked 0 reclaim candidate 0 type array 1
[2024-12-07T18:48:45.335+0800][1.262s][debug][gc,humongous   ] GC(0) Live humongous region 198 object size 1048592 start 0x00000000ec600000  with remset 0 code roots 0 is marked 0 reclaim candidate 0 type array 1
[2024-12-07T18:48:45.335+0800][1.262s][debug][gc,humongous   ] GC(0) Live humongous region 200 object size 1048592 start 0x00000000ec800000  with remset 0 code roots 0 is marked 0 reclaim candidate 0 type array 1
[2024-12-07T18:48:45.335+0800][1.262s][debug][gc,humongous   ] GC(0) Live humongous region 202 object size 1048592 start 0x00000000eca00000  with remset 0 code roots 0 is marked 0 reclaim candidate 0 type array 1
[2024-12-07T18:48:45.335+0800][1.262s][debug][gc,humongous   ] GC(0) Live humongous region 204 object size 1048592 start 0x00000000ecc00000  with remset 0 code roots 0 is marked 0 reclaim candidate 0 type array 1
[2024-12-07T18:48:45.335+0800][1.262s][debug][gc,humongous   ] GC(0) Live humongous region 206 object size 1048592 start 0x00000000ece00000  with remset 0 code roots 0 is marked 0 reclaim candidate 0 type array 1
[2024-12-07T18:48:45.335+0800][1.262s][debug][gc,humongous   ] GC(0) Live humongous region 208 object size 1048592 start 0x00000000ed000000  with remset 0 code roots 0 is marked 0 reclaim candidate 0 type array 1
[2024-12-07T18:48:45.335+0800][1.262s][debug][gc,humongous   ] GC(0) Live humongous region 210 object size 1048592 start 0x00000000ed200000  with remset 0 code roots 0 is marked 0 reclaim candidate 0 type array 1
[2024-12-07T18:48:45.335+0800][1.263s][debug][gc,humongous   ] GC(0) Live humongous region 212 object size 1048592 start 0x00000000ed400000  with remset 0 code roots 0 is marked 0 reclaim candidate 0 type array 1
[2024-12-07T18:48:45.335+0800][1.263s][debug][gc,humongous   ] GC(0) Live humongous region 214 object size 1048592 start 0x00000000ed600000  with remset 0 code roots 0 is marked 0 reclaim candidate 0 type array 1
[2024-12-07T18:48:45.335+0800][1.263s][debug][gc,humongous   ] GC(0) Live humongous region 216 object size 1048592 start 0x00000000ed800000  with remset 0 code roots 0 is marked 0 reclaim candidate 0 type array 1
[2024-12-07T18:48:45.336+0800][1.263s][debug][gc,humongous   ] GC(0) Live humongous region 218 object size 1048592 start 0x00000000eda00000  with remset 0 code roots 0 is marked 0 reclaim candidate 0 type array 1
[2024-12-07T18:48:45.336+0800][1.263s][debug][gc,humongous   ] GC(0) Live humongous region 220 object size 1048592 start 0x00000000edc00000  with remset 0 code roots 0 is marked 0 reclaim candidate 0 type array 1
[2024-12-07T18:48:45.336+0800][1.263s][debug][gc,humongous   ] GC(0) Live humongous region 222 object size 1048592 start 0x00000000ede00000  with remset 0 code roots 0 is marked 0 reclaim candidate 0 type array 1
[2024-12-07T18:48:45.336+0800][1.263s][debug][gc,plab        ] GC(0) Young PLAB allocation: allocated: 376464B, wasted: 4864B, unused: 12168B, used: 359432B, undo waste: 0B, 
[2024-12-07T18:48:45.336+0800][1.263s][debug][gc,plab        ] GC(0) Young other allocation: region end waste: 0B, regions filled: 1, direct allocated: 78848B, failure used: 0B, failure wasted: 0B
[2024-12-07T18:48:45.336+0800][1.263s][debug][gc,plab        ] GC(0) Young sizing: calculated: 71880B, actual: 71880B
[2024-12-07T18:48:45.336+0800][1.263s][debug][gc,plab        ] GC(0) Old PLAB allocation: allocated: 0B, wasted: 0B, unused: 0B, used: 0B, undo waste: 0B, 
[2024-12-07T18:48:45.336+0800][1.263s][debug][gc,plab        ] GC(0) Old other allocation: region end waste: 0B, regions filled: 0, direct allocated: 0B, failure used: 0B, failure wasted: 0B
[2024-12-07T18:48:45.336+0800][1.263s][debug][gc,plab        ] GC(0) Old sizing: calculated: 0B, actual: 2064B
[2024-12-07T18:48:45.336+0800][1.263s][debug][gc,alloc,stats ] Old generation allocation in the last mutator period, old gen allocated: 0B, humongous allocated: 234881024B,old gen growth: 234881024B.
[2024-12-07T18:48:45.336+0800][1.263s][debug][gc,ihop        ] GC(0) Basic information (value update), threshold: 236873318B (45.00), target occupancy: 526385152B, current occupancy: 236073616B, recent allocation size: 234881024B, recent allocation duration: 1243.29ms, recent old gen allocation rate: 188919663.74B/s, recent marking phase length: 0.00ms
[2024-12-07T18:48:45.336+0800][1.263s][debug][gc,ihop        ] GC(0) Adaptive IHOP information (value update), threshold: 236873318B (51.91), internal target occupancy: 456340275B, occupancy: 236073616B, additional buffer size: 235929600B, predicted old gen allocation rate: 377839327.49B/s, predicted marking phase length: 0.00ms, prediction active: false
[2024-12-07T18:48:45.336+0800][1.264s][debug][gc,ergo,refine ] GC(0) Updated Refinement Zones: green: 18, yellow: 54, red: 90
[2024-12-07T18:48:45.336+0800][1.264s][info ][gc,phases      ] GC(0)   Pre Evacuate Collection Set: 0.3ms
[2024-12-07T18:48:45.336+0800][1.264s][debug][gc,phases      ] GC(0)     Prepare TLABs: 0.2ms
[2024-12-07T18:48:45.337+0800][1.264s][debug][gc,phases      ] GC(0)     Choose Collection Set: 0.3ms
[2024-12-07T18:48:45.337+0800][1.264s][debug][gc,phases      ] GC(0)     Humongous Register: 0.0ms
[2024-12-07T18:48:45.337+0800][1.264s][debug][gc,phases      ] GC(0)     Clear Claimed Marks: 0.0ms
[2024-12-07T18:48:45.337+0800][1.264s][info ][gc,phases      ] GC(0)   Evacuate Collection Set: 7.4ms
[2024-12-07T18:48:45.337+0800][1.264s][debug][gc,phases      ] GC(0)     Ext Root Scanning (ms):   Min:  1.1, Avg:  2.5, Max:  4.2, Diff:  3.1, Sum: 29.5, Workers: 12
[2024-12-07T18:48:45.337+0800][1.264s][debug][gc,phases      ] GC(0)     Update RS (ms):           Min:  0.0, Avg:  0.1, Max:  1.7, Diff:  1.7, Sum:  1.8, Workers: 12
[2024-12-07T18:48:45.337+0800][1.264s][debug][gc,phases      ] GC(0)       Processed Buffers:        Min: 0, Avg:  0.2, Max: 1, Diff: 1, Sum: 2, Workers: 12
[2024-12-07T18:48:45.337+0800][1.264s][debug][gc,phases      ] GC(0)       Scanned Cards:            Min: 0, Avg: 18.5, Max: 221, Diff: 221, Sum: 222, Workers: 12
[2024-12-07T18:48:45.337+0800][1.264s][debug][gc,phases      ] GC(0)       Skipped Cards:            Min: 0, Avg:  0.0, Max: 0, Diff: 0, Sum: 0, Workers: 12
[2024-12-07T18:48:45.337+0800][1.264s][debug][gc,phases      ] GC(0)     Scan RS (ms):             Min:  0.0, Avg:  0.0, Max:  0.0, Diff:  0.0, Sum:  0.0, Workers: 12
[2024-12-07T18:48:45.337+0800][1.264s][debug][gc,phases      ] GC(0)       Scanned Cards:            Min: 0, Avg:  0.0, Max: 0, Diff: 0, Sum: 0, Workers: 12
[2024-12-07T18:48:45.337+0800][1.265s][debug][gc,phases      ] GC(0)       Claimed Cards:            Min: 0, Avg:  0.0, Max: 0, Diff: 0, Sum: 0, Workers: 12
[2024-12-07T18:48:45.337+0800][1.265s][debug][gc,phases      ] GC(0)       Skipped Cards:            Min: 0, Avg:  0.0, Max: 0, Diff: 0, Sum: 0, Workers: 12
[2024-12-07T18:48:45.337+0800][1.265s][debug][gc,phases      ] GC(0)     Code Root Scanning (ms):  Min:  0.0, Avg:  0.0, Max:  0.0, Diff:  0.0, Sum:  0.0, Workers: 12
[2024-12-07T18:48:45.338+0800][1.265s][debug][gc,phases      ] GC(0)     AOT Root Scanning (ms):   skipped
[2024-12-07T18:48:45.338+0800][1.265s][debug][gc,phases      ] GC(0)     Object Copy (ms):         Min:  0.0, Avg:  0.1, Max:  0.3, Diff:  0.3, Sum:  1.4, Workers: 12
[2024-12-07T18:48:45.338+0800][1.265s][debug][gc,phases      ] GC(0)     Termination (ms):         Min:  0.0, Avg:  1.6, Max:  2.8, Diff:  2.8, Sum: 19.0, Workers: 12
[2024-12-07T18:48:45.338+0800][1.265s][debug][gc,phases      ] GC(0)       Termination Attempts:     Min: 1, Avg: 43.2, Max: 111, Diff: 110, Sum: 519, Workers: 12
[2024-12-07T18:48:45.338+0800][1.265s][debug][gc,phases      ] GC(0)     GC Worker Other (ms):     Min:  0.3, Avg:  1.2, Max:  1.9, Diff:  1.6, Sum: 14.1, Workers: 12
[2024-12-07T18:48:45.338+0800][1.265s][debug][gc,phases      ] GC(0)     GC Worker Total (ms):     Min:  4.5, Avg:  5.5, Max:  6.3, Diff:  1.7, Sum: 65.7, Workers: 12
[2024-12-07T18:48:45.338+0800][1.265s][info ][gc,phases      ] GC(0)   Post Evacuate Collection Set: 8.5ms
[2024-12-07T18:48:45.338+0800][1.266s][debug][gc,phases      ] GC(0)     Code Roots Fixup: 0.0ms
[2024-12-07T18:48:45.338+0800][1.266s][debug][gc,phases      ] GC(0)     Clear Card Table: 0.1ms
[2024-12-07T18:48:45.338+0800][1.266s][debug][gc,phases      ] GC(0)     Reference Processing: 0.3ms
[2024-12-07T18:48:45.339+0800][1.266s][debug][gc,phases,ref  ] GC(0)       Reconsider SoftReferences: 0.1ms
[2024-12-07T18:48:45.339+0800][1.266s][debug][gc,phases,ref  ] GC(0)         SoftRef (ms):             skipped
[2024-12-07T18:48:45.339+0800][1.266s][debug][gc,phases,ref  ] GC(0)       Notify Soft/WeakReferences: 0.0ms
[2024-12-07T18:48:45.339+0800][1.266s][debug][gc,phases,ref  ] GC(0)         SoftRef (ms):             Min:  0.0, Avg:  0.0, Max:  0.0, Diff:  0.0, Sum:  0.0, Workers: 1
[2024-12-07T18:48:45.339+0800][1.266s][debug][gc,phases,ref  ] GC(0)         WeakRef (ms):             Min:  0.0, Avg:  0.0, Max:  0.0, Diff:  0.0, Sum:  0.0, Workers: 1
[2024-12-07T18:48:45.339+0800][1.266s][debug][gc,phases,ref  ] GC(0)         FinalRef (ms):            Min:  0.0, Avg:  0.0, Max:  0.0, Diff:  0.0, Sum:  0.0, Workers: 1
[2024-12-07T18:48:45.339+0800][1.266s][debug][gc,phases,ref  ] GC(0)         Total (ms):               Min:  0.0, Avg:  0.0, Max:  0.0, Diff:  0.0, Sum:  0.0, Workers: 1
[2024-12-07T18:48:45.339+0800][1.266s][debug][gc,phases,ref  ] GC(0)       Notify and keep alive finalizable: 0.1ms
[2024-12-07T18:48:45.339+0800][1.266s][debug][gc,phases,ref  ] GC(0)         FinalRef (ms):            skipped
[2024-12-07T18:48:45.339+0800][1.266s][debug][gc,phases,ref  ] GC(0)       Notify PhantomReferences: 0.0ms
[2024-12-07T18:48:45.339+0800][1.266s][debug][gc,phases,ref  ] GC(0)         PhantomRef (ms):          Min:  0.0, Avg:  0.0, Max:  0.0, Diff:  0.0, Sum:  0.0, Workers: 1
[2024-12-07T18:48:45.339+0800][1.266s][debug][gc,phases,ref  ] GC(0)       SoftReference:
[2024-12-07T18:48:45.339+0800][1.267s][debug][gc,phases,ref  ] GC(0)         Discovered: 0
[2024-12-07T18:48:45.339+0800][1.267s][debug][gc,phases,ref  ] GC(0)         Cleared: 0
[2024-12-07T18:48:45.340+0800][1.267s][debug][gc,phases,ref  ] GC(0)       WeakReference:
[2024-12-07T18:48:45.340+0800][1.267s][debug][gc,phases,ref  ] GC(0)         Discovered: 88
[2024-12-07T18:48:45.340+0800][1.267s][debug][gc,phases,ref  ] GC(0)         Cleared: 20
[2024-12-07T18:48:45.340+0800][1.267s][debug][gc,phases,ref  ] GC(0)       FinalReference:
[2024-12-07T18:48:45.340+0800][1.267s][debug][gc,phases,ref  ] GC(0)         Discovered: 0
[2024-12-07T18:48:45.340+0800][1.267s][debug][gc,phases,ref  ] GC(0)         Cleared: 0
[2024-12-07T18:48:45.340+0800][1.267s][debug][gc,phases,ref  ] GC(0)       PhantomReference:
[2024-12-07T18:48:45.340+0800][1.267s][debug][gc,phases,ref  ] GC(0)         Discovered: 9
[2024-12-07T18:48:45.340+0800][1.267s][debug][gc,phases,ref  ] GC(0)         Cleared: 6
[2024-12-07T18:48:45.340+0800][1.268s][debug][gc,phases      ] GC(0)     Weak Processing: 0.0ms
[2024-12-07T18:48:45.340+0800][1.268s][debug][gc,phases      ] GC(0)     Merge Per-Thread State: 0.0ms
[2024-12-07T18:48:45.340+0800][1.268s][debug][gc,phases      ] GC(0)     Code Roots Purge: 0.0ms
[2024-12-07T18:48:45.340+0800][1.268s][debug][gc,phases      ] GC(0)     Redirty Cards: 0.1ms
[2024-12-07T18:48:45.341+0800][1.268s][debug][gc,phases      ] GC(0)     DerivedPointerTable Update: 0.0ms
[2024-12-07T18:48:45.341+0800][1.268s][debug][gc,phases      ] GC(0)     Free Collection Set: 0.1ms
[2024-12-07T18:48:45.341+0800][1.268s][debug][gc,phases      ] GC(0)     Humongous Reclaim: 8.0ms
[2024-12-07T18:48:45.341+0800][1.268s][debug][gc,phases      ] GC(0)     Start New Collection Set: 0.0ms
[2024-12-07T18:48:45.341+0800][1.268s][debug][gc,phases      ] GC(0)     Resize TLABs: 0.0ms
[2024-12-07T18:48:45.341+0800][1.268s][debug][gc,phases      ] GC(0)     Expand Heap After Collection: 0.0ms
[2024-12-07T18:48:45.341+0800][1.268s][info ][gc,phases      ] GC(0)   Other: 4.1ms
[2024-12-07T18:48:45.341+0800][1.268s][info ][gc,heap        ] GC(0) Eden regions: 2->0(224)
[2024-12-07T18:48:45.341+0800][1.268s][info ][gc,heap        ] GC(0) Survivor regions: 0->1(4)
[2024-12-07T18:48:45.341+0800][1.268s][info ][gc,heap        ] GC(0) Old regions: 2->2
[2024-12-07T18:48:45.341+0800][1.268s][info ][gc,heap        ] GC(0) Humongous regions: 224->224
[2024-12-07T18:48:45.341+0800][1.269s][info ][gc,metaspace   ] GC(0) Metaspace: 554K(4864K)->554K(4864K) NonClass: 507K(4352K)->507K(4352K) Class: 46K(512K)->46K(512K)
[2024-12-07T18:48:45.341+0800][1.269s][debug][gc,heap        ] GC(0) Heap after GC invocations=1 (full 0): garbage-first heap   total 516096K, used 230540K [0x00000000e0000000, 0x0000000100000000)
[2024-12-07T18:48:45.341+0800][1.269s][debug][gc,heap        ] GC(0)   region size 1024K, 1 young (1024K), 1 survivors (1024K)
[2024-12-07T18:48:45.341+0800][1.269s][debug][gc,heap        ] GC(0)  Metaspace       used 554K, capacity 4570K, committed 4864K, reserved 1056768K
[2024-12-07T18:48:45.342+0800][1.269s][debug][gc,heap        ] GC(0)   class space    used 46K, capacity 419K, committed 512K, reserved 1048576K
[2024-12-07T18:48:45.342+0800][1.269s][info ][gc             ] GC(0) Pause Young (Concurrent Start) (G1 Humongous Allocation) 226M->225M(504M) 24.706ms
[2024-12-07T18:48:45.342+0800][1.269s][info ][gc,cpu         ] GC(0) User=0.03s Sys=0.01s Real=0.03s
[2024-12-07T18:48:45.342+0800][1.269s][info ][gc             ] GC(1) Concurrent Cycle
[2024-12-07T18:48:45.342+0800][1.269s][info ][gc,marking     ] GC(1) Concurrent Clear Claimed Marks
[2024-12-07T18:48:45.342+0800][1.269s][info ][gc,marking     ] GC(1) Concurrent Clear Claimed Marks 0.088ms
[2024-12-07T18:48:45.342+0800][1.270s][info ][gc,marking     ] GC(1) Concurrent Scan Root Regions
[2024-12-07T18:48:45.342+0800][1.270s][debug][gc,ergo        ] GC(1) Running G1 Root Region Scan using 1 workers for 1 work units.
[2024-12-07T18:48:45.343+0800][1.270s][info ][gc,marking     ] GC(1) Concurrent Scan Root Regions 0.718ms
[2024-12-07T18:48:45.343+0800][1.270s][info ][gc,marking     ] GC(1) Concurrent Mark (1.270s)
[2024-12-07T18:48:45.343+0800][1.270s][info ][gc,marking     ] GC(1) Concurrent Mark From Roots
[2024-12-07T18:48:45.344+0800][1.272s][info ][gc,task        ] GC(1) Using 5 workers of 5 for marking
[2024-12-07T18:48:45.345+0800][1.272s][debug][gc,stats       ] ---------------------------------------------------------------------
[2024-12-07T18:48:45.345+0800][1.272s][debug][gc,stats       ] Marking Stats, task = 0, calls = 31
[2024-12-07T18:48:45.345+0800][1.272s][debug][gc,stats       ]   Elapsed time = 0.44ms, Termination time = 0.00ms
[2024-12-07T18:48:45.345+0800][1.272s][debug][gc,stats       ]   Step Times (cum): num = 31, avg = 0.00ms, sd = 0.00ms max = 0.00ms, total = 0.00ms
[2024-12-07T18:48:45.345+0800][1.272s][debug][gc,stats       ]   Mark Stats Cache: hits 4422 misses 113 ratio 97.508
[2024-12-07T18:48:45.345+0800][1.273s][debug][gc,stats       ] ---------------------------------------------------------------------
[2024-12-07T18:48:45.345+0800][1.273s][debug][gc,stats       ] Marking Stats, task = 1, calls = 37
[2024-12-07T18:48:45.345+0800][1.273s][debug][gc,stats       ]   Elapsed time = 0.44ms, Termination time = 0.00ms
[2024-12-07T18:48:45.345+0800][1.273s][debug][gc,stats       ]   Step Times (cum): num = 37, avg = 0.00ms, sd = 0.00ms max = 0.00ms, total = 0.00ms
[2024-12-07T18:48:45.346+0800][1.273s][debug][gc,stats       ]   Mark Stats Cache: hits 541 misses 1 ratio 99.815
[2024-12-07T18:48:45.346+0800][1.273s][debug][gc,stats       ] ---------------------------------------------------------------------
[2024-12-07T18:48:45.346+0800][1.273s][debug][gc,stats       ] Marking Stats, task = 2, calls = 34
[2024-12-07T18:48:45.346+0800][1.273s][debug][gc,stats       ]   Elapsed time = 0.43ms, Termination time = 0.00ms
[2024-12-07T18:48:45.346+0800][1.273s][debug][gc,stats       ]   Step Times (cum): num = 34, avg = 0.00ms, sd = 0.00ms max = 0.00ms, total = 0.00ms
[2024-12-07T18:48:45.346+0800][1.273s][debug][gc,stats       ]   Mark Stats Cache: hits 620 misses 2 ratio 99.678
[2024-12-07T18:48:45.346+0800][1.273s][debug][gc,stats       ] ---------------------------------------------------------------------
[2024-12-07T18:48:45.346+0800][1.273s][debug][gc,stats       ] Marking Stats, task = 3, calls = 32
[2024-12-07T18:48:45.346+0800][1.273s][debug][gc,stats       ]   Elapsed time = 0.42ms, Termination time = 0.00ms
[2024-12-07T18:48:45.346+0800][1.273s][debug][gc,stats       ]   Step Times (cum): num = 32, avg = 0.00ms, sd = 0.00ms max = 0.00ms, total = 0.00ms
[2024-12-07T18:48:45.346+0800][1.273s][debug][gc,stats       ]   Mark Stats Cache: hits 584 misses 1 ratio 99.829
[2024-12-07T18:48:45.346+0800][1.273s][debug][gc,stats       ] ---------------------------------------------------------------------
[2024-12-07T18:48:45.346+0800][1.274s][debug][gc,stats       ] Marking Stats, task = 4, calls = 1
[2024-12-07T18:48:45.346+0800][1.274s][debug][gc,stats       ]   Elapsed time = 0.41ms, Termination time = 0.00ms
[2024-12-07T18:48:45.346+0800][1.274s][debug][gc,stats       ]   Step Times (cum): num = 1, avg = 0.00ms, sd = 0.00ms max = 0.00ms, total = 0.00ms
[2024-12-07T18:48:45.347+0800][1.274s][debug][gc,stats       ]   Mark Stats Cache: hits 4299 misses 2 ratio 99.953
[2024-12-07T18:48:45.347+0800][1.274s][debug][gc,stats       ] ---------------------------------------------------------------------
[2024-12-07T18:48:45.347+0800][1.274s][info ][gc,marking     ] GC(1) Concurrent Mark From Roots 3.478ms
[2024-12-07T18:48:45.347+0800][1.274s][info ][gc,marking     ] GC(1) Concurrent Preclean
[2024-12-07T18:48:45.347+0800][1.274s][debug][gc,ref,start   ] GC(1) Preclean SoftReferences
[2024-12-07T18:48:45.347+0800][1.274s][debug][gc,ref         ] GC(1) Preclean SoftReferences 0.078ms
[2024-12-07T18:48:45.347+0800][1.274s][debug][gc,ref,start   ] GC(1) Preclean WeakReferences
[2024-12-07T18:48:45.347+0800][1.274s][debug][gc,ref         ] GC(1) Preclean WeakReferences 0.075ms
[2024-12-07T18:48:45.347+0800][1.274s][debug][gc,ref,start   ] GC(1) Preclean FinalReferences
[2024-12-07T18:48:45.347+0800][1.274s][debug][gc,ref         ] GC(1) Preclean FinalReferences 0.075ms
[2024-12-07T18:48:45.347+0800][1.274s][debug][gc,ref,start   ] GC(1) Preclean PhantomReferences
[2024-12-07T18:48:45.347+0800][1.275s][debug][gc,ref         ] GC(1) Preclean PhantomReferences 0.088ms
[2024-12-07T18:48:45.347+0800][1.275s][info ][gc,marking     ] GC(1) Concurrent Preclean 0.653ms
[2024-12-07T18:48:45.347+0800][1.275s][info ][gc,marking     ] GC(1) Concurrent Mark (1.270s, 1.275s) 4.348ms
[2024-12-07T18:48:45.348+0800][1.275s][info ][gc,start       ] GC(1) Pause Remark
[2024-12-07T18:48:45.348+0800][1.275s][debug][gc,phases,start] GC(1) Finalize Marking
[2024-12-07T18:48:45.348+0800][1.275s][debug][gc,stats       ] ---------------------------------------------------------------------
[2024-12-07T18:48:45.348+0800][1.275s][debug][gc,stats       ] Marking Stats, task = 0, calls = 104
[2024-12-07T18:48:45.348+0800][1.275s][debug][gc,stats       ]   Elapsed time = 0.29ms, Termination time = 0.00ms
[2024-12-07T18:48:45.348+0800][1.276s][debug][gc,stats       ]   Step Times (cum): num = 104, avg = 0.00ms, sd = 0.00ms max = 0.00ms, total = 0.00ms
[2024-12-07T18:48:45.348+0800][1.276s][debug][gc,stats       ]   Mark Stats Cache: hits 4422 misses 113 ratio 97.508
[2024-12-07T18:48:45.349+0800][1.276s][debug][gc,stats       ] ---------------------------------------------------------------------
[2024-12-07T18:48:45.349+0800][1.276s][debug][gc,stats       ] Marking Stats, task = 1, calls = 38
[2024-12-07T18:48:45.349+0800][1.276s][debug][gc,stats       ]   Elapsed time = 0.15ms, Termination time = 0.00ms
[2024-12-07T18:48:45.349+0800][1.276s][debug][gc,stats       ]   Step Times (cum): num = 38, avg = 0.00ms, sd = 0.00ms max = 0.00ms, total = 0.00ms
[2024-12-07T18:48:45.349+0800][1.276s][debug][gc,stats       ]   Mark Stats Cache: hits 541 misses 1 ratio 99.815
[2024-12-07T18:48:45.349+0800][1.276s][debug][gc,stats       ] ---------------------------------------------------------------------
[2024-12-07T18:48:45.349+0800][1.276s][debug][gc,stats       ] Marking Stats, task = 2, calls = 35
[2024-12-07T18:48:45.349+0800][1.276s][debug][gc,stats       ]   Elapsed time = 0.15ms, Termination time = 0.00ms
[2024-12-07T18:48:45.349+0800][1.276s][debug][gc,stats       ]   Step Times (cum): num = 35, avg = 0.00ms, sd = 0.00ms max = 0.00ms, total = 0.00ms
[2024-12-07T18:48:45.349+0800][1.276s][debug][gc,stats       ]   Mark Stats Cache: hits 620 misses 2 ratio 99.678
[2024-12-07T18:48:45.349+0800][1.276s][debug][gc,stats       ] ---------------------------------------------------------------------
[2024-12-07T18:48:45.349+0800][1.277s][debug][gc,stats       ] Marking Stats, task = 3, calls = 33
[2024-12-07T18:48:45.349+0800][1.277s][debug][gc,stats       ]   Elapsed time = 0.15ms, Termination time = 0.00ms
[2024-12-07T18:48:45.349+0800][1.277s][debug][gc,stats       ]   Step Times (cum): num = 33, avg = 0.00ms, sd = 0.00ms max = 0.00ms, total = 0.00ms
[2024-12-07T18:48:45.349+0800][1.277s][debug][gc,stats       ]   Mark Stats Cache: hits 584 misses 1 ratio 99.829
[2024-12-07T18:48:45.350+0800][1.277s][debug][gc,stats       ] ---------------------------------------------------------------------
[2024-12-07T18:48:45.350+0800][1.277s][debug][gc,stats       ] Marking Stats, task = 4, calls = 2
[2024-12-07T18:48:45.350+0800][1.277s][debug][gc,stats       ]   Elapsed time = 0.15ms, Termination time = 0.00ms
[2024-12-07T18:48:45.350+0800][1.277s][debug][gc,stats       ]   Step Times (cum): num = 2, avg = 0.00ms, sd = 0.00ms max = 0.00ms, total = 0.00ms
[2024-12-07T18:48:45.350+0800][1.277s][debug][gc,stats       ]   Mark Stats Cache: hits 4299 misses 2 ratio 99.953
[2024-12-07T18:48:45.350+0800][1.277s][debug][gc,stats       ] ---------------------------------------------------------------------
[2024-12-07T18:48:45.350+0800][1.277s][debug][gc,stats       ] Marking Stats, task = 5, calls = 1
[2024-12-07T18:48:45.350+0800][1.277s][debug][gc,stats       ]   Elapsed time = 0.15ms, Termination time = 0.00ms
[2024-12-07T18:48:45.350+0800][1.277s][debug][gc,stats       ]   Step Times (cum): num = 1, avg = 0.00ms, sd = 0.00ms max = 0.00ms, total = 0.00ms
[2024-12-07T18:48:45.350+0800][1.277s][debug][gc,stats       ]   Mark Stats Cache: hits 0 misses 0 ratio 0.000
[2024-12-07T18:48:45.350+0800][1.278s][debug][gc,stats       ] ---------------------------------------------------------------------
[2024-12-07T18:48:45.350+0800][1.278s][debug][gc,stats       ] Marking Stats, task = 6, calls = 1
[2024-12-07T18:48:45.350+0800][1.278s][debug][gc,stats       ]   Elapsed time = 0.15ms, Termination time = 0.00ms
[2024-12-07T18:48:45.350+0800][1.278s][debug][gc,stats       ]   Step Times (cum): num = 1, avg = 0.00ms, sd = 0.00ms max = 0.00ms, total = 0.00ms
[2024-12-07T18:48:45.351+0800][1.278s][debug][gc,stats       ]   Mark Stats Cache: hits 0 misses 0 ratio 0.000
[2024-12-07T18:48:45.351+0800][1.278s][debug][gc,stats       ] ---------------------------------------------------------------------
[2024-12-07T18:48:45.351+0800][1.278s][debug][gc,stats       ] Marking Stats, task = 7, calls = 1
[2024-12-07T18:48:45.351+0800][1.278s][debug][gc,stats       ]   Elapsed time = 0.14ms, Termination time = 0.00ms
[2024-12-07T18:48:45.351+0800][1.278s][debug][gc,stats       ]   Step Times (cum): num = 1, avg = 0.00ms, sd = 0.00ms max = 0.00ms, total = 0.00ms
[2024-12-07T18:48:45.351+0800][1.278s][debug][gc,stats       ]   Mark Stats Cache: hits 3 misses 1 ratio 75.000
[2024-12-07T18:48:45.351+0800][1.278s][debug][gc,stats       ] ---------------------------------------------------------------------
[2024-12-07T18:48:45.351+0800][1.278s][debug][gc,stats       ] Marking Stats, task = 8, calls = 1
[2024-12-07T18:48:45.351+0800][1.278s][debug][gc,stats       ]   Elapsed time = 0.08ms, Termination time = 0.00ms
[2024-12-07T18:48:45.351+0800][1.278s][debug][gc,stats       ]   Step Times (cum): num = 1, avg = 0.00ms, sd = 0.00ms max = 0.00ms, total = 0.00ms
[2024-12-07T18:48:45.351+0800][1.278s][debug][gc,stats       ]   Mark Stats Cache: hits 0 misses 0 ratio 0.000
[2024-12-07T18:48:45.351+0800][1.279s][debug][gc,stats       ] ---------------------------------------------------------------------
[2024-12-07T18:48:45.351+0800][1.279s][debug][gc,stats       ] Marking Stats, task = 9, calls = 1
[2024-12-07T18:48:45.351+0800][1.279s][debug][gc,stats       ]   Elapsed time = 0.01ms, Termination time = 0.00ms
[2024-12-07T18:48:45.352+0800][1.279s][debug][gc,stats       ]   Step Times (cum): num = 1, avg = 0.00ms, sd = 0.00ms max = 0.00ms, total = 0.00ms
[2024-12-07T18:48:45.352+0800][1.279s][debug][gc,stats       ]   Mark Stats Cache: hits 0 misses 0 ratio 0.000
[2024-12-07T18:48:45.352+0800][1.279s][debug][gc,stats       ] ---------------------------------------------------------------------
[2024-12-07T18:48:45.352+0800][1.279s][debug][gc,stats       ] Marking Stats, task = 10, calls = 1
[2024-12-07T18:48:45.352+0800][1.279s][debug][gc,stats       ]   Elapsed time = 0.01ms, Termination time = 0.00ms
[2024-12-07T18:48:45.352+0800][1.279s][debug][gc,stats       ]   Step Times (cum): num = 1, avg = 0.00ms, sd = 0.00ms max = 0.00ms, total = 0.00ms
[2024-12-07T18:48:45.352+0800][1.279s][debug][gc,stats       ]   Mark Stats Cache: hits 4 misses 1 ratio 80.000
[2024-12-07T18:48:45.352+0800][1.279s][debug][gc,stats       ] ---------------------------------------------------------------------
[2024-12-07T18:48:45.352+0800][1.279s][debug][gc,stats       ] Marking Stats, task = 11, calls = 1
[2024-12-07T18:48:45.352+0800][1.279s][debug][gc,stats       ]   Elapsed time = 0.01ms, Termination time = 0.00ms
[2024-12-07T18:48:45.352+0800][1.279s][debug][gc,stats       ]   Step Times (cum): num = 1, avg = 0.00ms, sd = 0.00ms max = 0.00ms, total = 0.00ms
[2024-12-07T18:48:45.352+0800][1.280s][debug][gc,stats       ]   Mark Stats Cache: hits 9 misses 2 ratio 81.818
[2024-12-07T18:48:45.352+0800][1.280s][debug][gc,stats       ] ---------------------------------------------------------------------
[2024-12-07T18:48:45.352+0800][1.280s][debug][gc,phases      ] GC(1) Finalize Marking 4.745ms
[2024-12-07T18:48:45.353+0800][1.280s][debug][gc,phases,start] GC(1) Reference Processing
[2024-12-07T18:48:45.353+0800][1.280s][debug][gc,ref         ] GC(1) Skipped phase1 of Reference Processing due to unavailable references
[2024-12-07T18:48:45.353+0800][1.280s][debug][gc,ref         ] GC(1) Skipped phase2 of Reference Processing due to unavailable references
[2024-12-07T18:48:45.353+0800][1.280s][debug][gc,ref         ] GC(1) Skipped phase3 of Reference Processing due to unavailable references
[2024-12-07T18:48:45.353+0800][1.280s][debug][gc,ref         ] GC(1) Skipped phase4 of Reference Processing due to unavailable references
[2024-12-07T18:48:45.353+0800][1.280s][debug][gc,phases,ref  ] GC(1) Reference Processing: 0.3ms
[2024-12-07T18:48:45.353+0800][1.280s][debug][gc,phases,ref  ] GC(1)   Reconsider SoftReferences: 0.1ms
[2024-12-07T18:48:45.353+0800][1.280s][debug][gc,phases,ref  ] GC(1)     SoftRef (ms):             skipped
[2024-12-07T18:48:45.353+0800][1.280s][debug][gc,phases,ref  ] GC(1)   Notify Soft/WeakReferences: 0.1ms
[2024-12-07T18:48:45.353+0800][1.280s][debug][gc,phases,ref  ] GC(1)     SoftRef (ms):             skipped
[2024-12-07T18:48:45.353+0800][1.281s][debug][gc,phases,ref  ] GC(1)     WeakRef (ms):             skipped
[2024-12-07T18:48:45.353+0800][1.281s][debug][gc,phases,ref  ] GC(1)     FinalRef (ms):            skipped
[2024-12-07T18:48:45.353+0800][1.281s][debug][gc,phases,ref  ] GC(1)     Total (ms):               skipped
[2024-12-07T18:48:45.354+0800][1.281s][debug][gc,phases,ref  ] GC(1)   Notify and keep alive finalizable: 0.1ms
[2024-12-07T18:48:45.354+0800][1.281s][debug][gc,phases,ref  ] GC(1)     FinalRef (ms):            skipped
[2024-12-07T18:48:45.354+0800][1.281s][debug][gc,phases,ref  ] GC(1)   Notify PhantomReferences: 0.1ms
[2024-12-07T18:48:45.354+0800][1.281s][debug][gc,phases,ref  ] GC(1)     PhantomRef (ms):          skipped
[2024-12-07T18:48:45.354+0800][1.281s][debug][gc,phases,ref  ] GC(1)   SoftReference:
[2024-12-07T18:48:45.354+0800][1.281s][debug][gc,phases,ref  ] GC(1)     Discovered: 0
[2024-12-07T18:48:45.354+0800][1.281s][debug][gc,phases,ref  ] GC(1)     Cleared: 0
[2024-12-07T18:48:45.354+0800][1.281s][debug][gc,phases,ref  ] GC(1)   WeakReference:
[2024-12-07T18:48:45.354+0800][1.281s][debug][gc,phases,ref  ] GC(1)     Discovered: 0
[2024-12-07T18:48:45.354+0800][1.281s][debug][gc,phases,ref  ] GC(1)     Cleared: 0
[2024-12-07T18:48:45.354+0800][1.281s][debug][gc,phases,ref  ] GC(1)   FinalReference:
[2024-12-07T18:48:45.354+0800][1.281s][debug][gc,phases,ref  ] GC(1)     Discovered: 0
[2024-12-07T18:48:45.354+0800][1.282s][debug][gc,phases,ref  ] GC(1)     Cleared: 0
[2024-12-07T18:48:45.354+0800][1.282s][debug][gc,phases,ref  ] GC(1)   PhantomReference:
[2024-12-07T18:48:45.354+0800][1.282s][debug][gc,phases,ref  ] GC(1)     Discovered: 0
[2024-12-07T18:48:45.355+0800][1.282s][debug][gc,phases,ref  ] GC(1)     Cleared: 0
[2024-12-07T18:48:45.355+0800][1.282s][debug][gc,phases      ] GC(1) Reference Processing 2.066ms
[2024-12-07T18:48:45.355+0800][1.282s][debug][gc,phases,start] GC(1) Weak Processing
[2024-12-07T18:48:45.355+0800][1.282s][debug][gc,phases      ] GC(1) Weak Processing 0.068ms
[2024-12-07T18:48:45.355+0800][1.282s][debug][gc,phases,start] GC(1) Class Unloading
[2024-12-07T18:48:45.355+0800][1.282s][debug][gc,phases,start] GC(1) ClassLoaderData
[2024-12-07T18:48:45.355+0800][1.282s][debug][gc,phases      ] GC(1) ClassLoaderData 0.158ms
[2024-12-07T18:48:45.355+0800][1.282s][debug][gc,phases,start] GC(1) ProtectionDomainCacheTable
[2024-12-07T18:48:45.355+0800][1.283s][debug][gc,phases      ] GC(1) ProtectionDomainCacheTable 0.142ms
[2024-12-07T18:48:45.356+0800][1.283s][info ][gc,stringtable ] GC(1) Cleaned string and symbol table, strings: 39 processed, 0 removed, symbols: 191 processed, 0 removed
[2024-12-07T18:48:45.356+0800][1.283s][debug][gc,phases      ] GC(1) Class Unloading 1.213ms
[2024-12-07T18:48:45.356+0800][1.283s][debug][gc,phases,start] GC(1) Flush Task Caches
[2024-12-07T18:48:45.356+0800][1.283s][debug][gc,stats       ] Mark stats cache hits 10482 misses 123 ratio 98.840
[2024-12-07T18:48:45.356+0800][1.284s][debug][gc,phases      ] GC(1) Flush Task Caches 0.191ms
[2024-12-07T18:48:45.356+0800][1.284s][debug][gc,phases,start] GC(1) Update Remembered Set Tracking Before Rebuild
[2024-12-07T18:48:45.356+0800][1.284s][debug][gc,ergo        ] GC(1) Running G1 Update RemSet Tracking Before Rebuild using 2 workers for 504 regions in heap
[2024-12-07T18:48:45.357+0800][1.284s][debug][gc,remset,tracking] GC(1) Remembered Set Tracking update regions total 504, selected 0
[2024-12-07T18:48:45.357+0800][1.284s][debug][gc,phases         ] GC(1) Update Remembered Set Tracking Before Rebuild 0.256ms
[2024-12-07T18:48:45.357+0800][1.284s][debug][gc,phases,start   ] GC(1) Reclaim Empty Regions
[2024-12-07T18:48:45.357+0800][1.284s][debug][gc,phases         ] GC(1) Reclaim Empty Regions 0.149ms
[2024-12-07T18:48:45.357+0800][1.284s][debug][gc,phases,start   ] GC(1) Purge Metaspace
[2024-12-07T18:48:45.357+0800][1.284s][debug][gc,phases         ] GC(1) Purge Metaspace 0.082ms
[2024-12-07T18:48:45.357+0800][1.284s][debug][gc,phases,start   ] GC(1) Report Object Count
[2024-12-07T18:48:45.357+0800][1.284s][debug][gc,phases         ] GC(1) Report Object Count 0.065ms
[2024-12-07T18:48:45.357+0800][1.284s][info ][gc                ] GC(1) Pause Remark 241M->241M(504M) 9.571ms
[2024-12-07T18:48:45.357+0800][1.285s][info ][gc,cpu            ] GC(1) User=0.00s Sys=0.00s Real=0.01s
[2024-12-07T18:48:45.357+0800][1.285s][info ][gc,marking        ] GC(1) Concurrent Rebuild Remembered Sets
[2024-12-07T18:48:45.358+0800][1.285s][info ][gc,marking        ] GC(1) Concurrent Rebuild Remembered Sets 0.256ms
[2024-12-07T18:48:45.358+0800][1.285s][info ][gc,start          ] GC(1) Pause Cleanup
[2024-12-07T18:48:45.358+0800][1.285s][debug][gc,phases,start   ] GC(1) Update Remembered Set Tracking After Rebuild
[2024-12-07T18:48:45.358+0800][1.285s][debug][gc,phases         ] GC(1) Update Remembered Set Tracking After Rebuild 0.091ms
[2024-12-07T18:48:45.358+0800][1.285s][debug][gc,phases,start   ] GC(1) Finalize Concurrent Mark Cleanup
[2024-12-07T18:48:45.358+0800][1.286s][debug][gc,ergo           ] GC(1) request young-only gcs (candidate old regions not available)
[2024-12-07T18:48:45.358+0800][1.286s][debug][gc,phases         ] GC(1) Finalize Concurrent Mark Cleanup 0.261ms
[2024-12-07T18:48:45.358+0800][1.286s][info ][gc                ] GC(1) Pause Cleanup 241M->241M(504M) 0.584ms
[2024-12-07T18:48:45.359+0800][1.286s][info ][gc,cpu            ] GC(1) User=0.00s Sys=0.00s Real=0.00s
[2024-12-07T18:48:45.359+0800][1.286s][info ][gc,marking        ] GC(1) Concurrent Cleanup for Next Mark
[2024-12-07T18:48:45.359+0800][1.286s][debug][gc,ergo           ] GC(1) Running G1 Clear Bitmap with 5 workers for 8 work units.
[2024-12-07T18:48:45.359+0800][1.286s][info ][gc,marking        ] GC(1) Concurrent Cleanup for Next Mark 0.601ms
[2024-12-07T18:48:45.359+0800][1.287s][info ][gc                ] GC(1) Concurrent Cycle 17.251ms
[2024-12-07T18:48:45.450+0800][1.377s][debug][gc,ergo,ihop      ] Request concurrent cycle initiation (occupancy higher than threshold) occupancy: 253755392B allocation request: 1048592B threshold: 236873318B (44.82) source: concurrent humongous allocation
[2024-12-07T18:48:45.450+0800][1.377s][debug][gc,ergo           ] Request concurrent cycle initiation (requested by GC cause). GC cause: G1 Humongous Allocation
[2024-12-07T18:48:45.450+0800][1.378s][debug][gc,heap           ] GC(2) Heap before GC invocations=2 (full 0): garbage-first heap   total 516096K, used 246924K [0x00000000e0000000, 0x0000000100000000)
[2024-12-07T18:48:45.451+0800][1.378s][debug][gc,heap           ] GC(2)   region size 1024K, 2 young (2048K), 1 survivors (1024K)
[2024-12-07T18:48:45.451+0800][1.378s][debug][gc,heap           ] GC(2)  Metaspace       used 554K, capacity 4570K, committed 4864K, reserved 1056768K
[2024-12-07T18:48:45.451+0800][1.378s][debug][gc,heap           ] GC(2)   class space    used 46K, capacity 419K, committed 512K, reserved 1048576K
[2024-12-07T18:48:45.451+0800][1.378s][debug][gc,ergo           ] GC(2) Initiate concurrent cycle (concurrent cycle initiation requested)
[2024-12-07T18:48:45.451+0800][1.378s][info ][gc,start          ] GC(2) Pause Young (Concurrent Start) (G1 Humongous Allocation)
[2024-12-07T18:48:45.451+0800][1.379s][info ][gc,task           ] GC(2) Using 12 workers of 18 for evacuation
[2024-12-07T18:48:45.452+0800][1.379s][debug][gc,tlab           ] GC(2) TLAB totals: thrds: 1  refills: 1 max: 1 slow allocs: 1 max 1 waste: 100.0% gc: 524128B max: 524128B slow: 0B max: 0B fast: 0B max: 0B
[2024-12-07T18:48:45.452+0800][1.379s][debug][gc,alloc,region   ] GC(2) Mutator Allocation stats, regions: 1, wasted size: 0B ( 0.0%)
[2024-12-07T18:48:45.452+0800][1.379s][debug][gc,age            ] GC(2) Desired survivor size 15204352 bytes, new threshold 15 (max threshold 15)
[2024-12-07T18:48:45.452+0800][1.379s][debug][gc,ergo,cset      ] GC(2) Finish choosing CSet. old: 0 regions, predicted old region time: 0.00ms, time remaining: 171.57
[2024-12-07T18:48:45.452+0800][1.379s][debug][gc,task,stats     ] GC(2) GC Termination Stats
[2024-12-07T18:48:45.452+0800][1.379s][debug][gc,task,stats     ] GC(2)      elapsed  --strong roots-- -------termination------- ------waste (KiB)------
[2024-12-07T18:48:45.452+0800][1.379s][debug][gc,task,stats     ] GC(2) thr     ms        ms      %        ms      %    attempts  total   alloc    undo
[2024-12-07T18:48:45.452+0800][1.380s][debug][gc,task,stats     ] GC(2) --- --------- --------- ------ --------- ------ -------- ------- ------- -------
[2024-12-07T18:48:45.457+0800][1.384s][debug][gc,task,stats     ] GC(2)  11      4.17      4.17  99.91      0.00   0.01        1       0       0       0
[2024-12-07T18:48:45.457+0800][1.385s][debug][gc,task,stats     ] GC(2)   7      4.89      1.79  36.61      2.85  58.24        1       0       0       0
[2024-12-07T18:48:45.458+0800][1.385s][debug][gc,task,stats     ] GC(2)   6      5.55      1.79  32.23      2.63  47.49        1       0       0       0
[2024-12-07T18:48:45.459+0800][1.386s][debug][gc,task,stats     ] GC(2)  10      6.32      4.02  63.71      0.31   4.90        1       0       0       0
[2024-12-07T18:48:45.459+0800][1.387s][debug][gc,task,stats     ] GC(2)   2      6.76      1.43  21.17      2.99  44.22        1       0       0       0
[2024-12-07T18:48:45.460+0800][1.387s][debug][gc,task,stats     ] GC(2)   8      6.97      3.42  49.07      0.88  12.69        1       0       0       0
[2024-12-07T18:48:45.460+0800][1.387s][debug][gc,task,stats     ] GC(2)   1      7.32      1.44  19.62      2.93  40.03        1       0       0       0
[2024-12-07T18:48:45.460+0800][1.387s][debug][gc,task,stats     ] GC(2)   3      7.40      1.13  15.24      3.16  42.71        1       0       0       0
[2024-12-07T18:48:45.460+0800][1.387s][debug][gc,task,stats     ] GC(2)   0      7.52      1.62  21.59      2.74  36.47        1       1       1       0
[2024-12-07T18:48:45.460+0800][1.387s][debug][gc,task,stats     ] GC(2)   9      7.51      4.09  54.44      0.15   1.93        1       0       0       0
[2024-12-07T18:48:45.460+0800][1.387s][debug][gc,task,stats     ] GC(2)   4      7.66      1.07  14.02      3.13  40.89        1       0       0       0
[2024-12-07T18:48:45.460+0800][1.388s][debug][gc,task,stats     ] GC(2)   5      7.75      1.62  20.88      2.63  33.89        1       0       0       0
[2024-12-07T18:48:45.460+0800][1.388s][debug][gc,ergo           ] GC(2) Running G1 Clear Card Table Task using 1 workers for 1 units of work for 3 regions.
[2024-12-07T18:48:45.461+0800][1.388s][debug][gc,ref            ] GC(2) Skipped phase1 of Reference Processing due to unavailable references
[2024-12-07T18:48:45.461+0800][1.388s][debug][gc,ref            ] GC(2) Skipped phase3 of Reference Processing due to unavailable references
[2024-12-07T18:48:45.461+0800][1.388s][debug][gc,ergo           ] GC(2) Running G1 Free Collection Set using 1 workers for collection set length 2
[2024-12-07T18:48:45.461+0800][1.388s][debug][gc,humongous      ] GC(2) Live humongous region 0 object size 1048592 start 0x00000000e0000000  with remset 0 code roots 0 is marked 0 reclaim candidate 0 type array 1
[2024-12-07T18:48:45.461+0800][1.388s][debug][gc,humongous      ] GC(2) Live humongous region 2 object size 1048592 start 0x00000000e0200000  with remset 0 code roots 0 is marked 0 reclaim candidate 0 type array 1
[2024-12-07T18:48:45.462+0800][1.389s][debug][gc,humongous      ] GC(2) Live humongous region 4 object size 1048592 start 0x00000000e0400000  with remset 0 code roots 0 is marked 0 reclaim candidate 0 type array 1
[2024-12-07T18:48:45.462+0800][1.389s][debug][gc,humongous      ] GC(2) Live humongous region 6 object size 1048592 start 0x00000000e0600000  with remset 0 code roots 0 is marked 0 reclaim candidate 0 type array 1
[2024-12-07T18:48:45.462+0800][1.389s][debug][gc,humongous      ] GC(2) Live humongous region 8 object size 1048592 start 0x00000000e0800000  with remset 0 code roots 0 is marked 0 reclaim candidate 0 type array 1
[2024-12-07T18:48:45.462+0800][1.389s][debug][gc,humongous      ] GC(2) Live humongous region 10 object size 1048592 start 0x00000000e0a00000  with remset 0 code roots 0 is marked 0 reclaim candidate 0 type array 1
[2024-12-07T18:48:45.462+0800][1.389s][debug][gc,humongous      ] GC(2) Live humongous region 12 object size 1048592 start 0x00000000e0c00000  with remset 0 code roots 0 is marked 0 reclaim candidate 0 type array 1
[2024-12-07T18:48:45.462+0800][1.390s][debug][gc,humongous      ] GC(2) Live humongous region 14 object size 1048592 start 0x00000000e0e00000  with remset 0 code roots 0 is marked 0 reclaim candidate 0 type array 1
[2024-12-07T18:48:45.463+0800][1.390s][debug][gc,humongous      ] GC(2) Live humongous region 16 object size 1048592 start 0x00000000e1000000  with remset 0 code roots 0 is marked 0 reclaim candidate 0 type array 1
[2024-12-07T18:48:45.463+0800][1.390s][debug][gc,humongous      ] GC(2) Live humongous region 18 object size 1048592 start 0x00000000e1200000  with remset 0 code roots 0 is marked 0 reclaim candidate 0 type array 1
[2024-12-07T18:48:45.463+0800][1.390s][debug][gc,humongous      ] GC(2) Live humongous region 20 object size 1048592 start 0x00000000e1400000  with remset 0 code roots 0 is marked 0 reclaim candidate 0 type array 1
[2024-12-07T18:48:45.463+0800][1.390s][debug][gc,humongous      ] GC(2) Live humongous region 22 object size 1048592 start 0x00000000e1600000  with remset 0 code roots 0 is marked 0 reclaim candidate 0 type array 1
[2024-12-07T18:48:45.463+0800][1.390s][debug][gc,humongous      ] GC(2) Live humongous region 24 object size 1048592 start 0x00000000e1800000  with remset 0 code roots 0 is marked 0 reclaim candidate 0 type array 1
[2024-12-07T18:48:45.463+0800][1.390s][debug][gc,humongous      ] GC(2) Live humongous region 26 object size 1048592 start 0x00000000e1a00000  with remset 0 code roots 0 is marked 0 reclaim candidate 0 type array 1
[2024-12-07T18:48:45.463+0800][1.391s][debug][gc,humongous      ] GC(2) Live humongous region 28 object size 1048592 start 0x00000000e1c00000  with remset 0 code roots 0 is marked 0 reclaim candidate 0 type array 1
[2024-12-07T18:48:45.463+0800][1.391s][debug][gc,humongous      ] GC(2) Live humongous region 30 object size 1048592 start 0x00000000e1e00000  with remset 0 code roots 0 is marked 0 reclaim candidate 0 type array 1
[2024-12-07T18:48:45.464+0800][1.391s][debug][gc,humongous      ] GC(2) Live humongous region 32 object size 1048592 start 0x00000000e2000000  with remset 0 code roots 0 is marked 0 reclaim candidate 0 type array 1
[2024-12-07T18:48:45.464+0800][1.391s][debug][gc,humongous      ] GC(2) Live humongous region 34 object size 1048592 start 0x00000000e2200000  with remset 0 code roots 0 is marked 0 reclaim candidate 0 type array 1
[2024-12-07T18:48:45.464+0800][1.391s][debug][gc,humongous      ] GC(2) Live humongous region 36 object size 1048592 start 0x00000000e2400000  with remset 0 code roots 0 is marked 0 reclaim candidate 0 type array 1
[2024-12-07T18:48:45.464+0800][1.391s][debug][gc,humongous      ] GC(2) Live humongous region 38 object size 1048592 start 0x00000000e2600000  with remset 0 code roots 0 is marked 0 reclaim candidate 0 type array 1
[2024-12-07T18:48:45.464+0800][1.391s][debug][gc,humongous      ] GC(2) Live humongous region 40 object size 1048592 start 0x00000000e2800000  with remset 0 code roots 0 is marked 0 reclaim candidate 0 type array 1
[2024-12-07T18:48:45.464+0800][1.391s][debug][gc,humongous      ] GC(2) Live humongous region 42 object size 1048592 start 0x00000000e2a00000  with remset 0 code roots 0 is marked 0 reclaim candidate 0 type array 1
[2024-12-07T18:48:45.464+0800][1.391s][debug][gc,humongous      ] GC(2) Live humongous region 44 object size 1048592 start 0x00000000e2c00000  with remset 0 code roots 0 is marked 0 reclaim candidate 0 type array 1
[2024-12-07T18:48:45.464+0800][1.391s][debug][gc,humongous      ] GC(2) Live humongous region 46 object size 1048592 start 0x00000000e2e00000  with remset 0 code roots 0 is marked 0 reclaim candidate 0 type array 1
[2024-12-07T18:48:45.464+0800][1.391s][debug][gc,humongous      ] GC(2) Live humongous region 48 object size 1048592 start 0x00000000e3000000  with remset 0 code roots 0 is marked 0 reclaim candidate 0 type array 1
[2024-12-07T18:48:45.464+0800][1.392s][debug][gc,humongous      ] GC(2) Live humongous region 50 object size 1048592 start 0x00000000e3200000  with remset 0 code roots 0 is marked 0 reclaim candidate 0 type array 1
[2024-12-07T18:48:45.464+0800][1.392s][debug][gc,humongous      ] GC(2) Live humongous region 52 object size 1048592 start 0x00000000e3400000  with remset 0 code roots 0 is marked 0 reclaim candidate 0 type array 1
[2024-12-07T18:48:45.465+0800][1.392s][debug][gc,humongous      ] GC(2) Live humongous region 54 object size 1048592 start 0x00000000e3600000  with remset 0 code roots 0 is marked 0 reclaim candidate 0 type array 1
[2024-12-07T18:48:45.465+0800][1.392s][debug][gc,humongous      ] GC(2) Live humongous region 56 object size 1048592 start 0x00000000e3800000  with remset 0 code roots 0 is marked 0 reclaim candidate 0 type array 1
[2024-12-07T18:48:45.465+0800][1.392s][debug][gc,humongous      ] GC(2) Live humongous region 58 object size 1048592 start 0x00000000e3a00000  with remset 0 code roots 0 is marked 0 reclaim candidate 0 type array 1
[2024-12-07T18:48:45.465+0800][1.392s][debug][gc,humongous      ] GC(2) Live humongous region 60 object size 1048592 start 0x00000000e3c00000  with remset 0 code roots 0 is marked 0 reclaim candidate 0 type array 1
[2024-12-07T18:48:45.465+0800][1.392s][debug][gc,humongous      ] GC(2) Live humongous region 62 object size 1048592 start 0x00000000e3e00000  with remset 0 code roots 0 is marked 0 reclaim candidate 0 type array 1
[2024-12-07T18:48:45.465+0800][1.392s][debug][gc,humongous      ] GC(2) Live humongous region 64 object size 1048592 start 0x00000000e4000000  with remset 0 code roots 0 is marked 0 reclaim candidate 0 type array 1
[2024-12-07T18:48:45.465+0800][1.392s][debug][gc,humongous      ] GC(2) Live humongous region 66 object size 1048592 start 0x00000000e4200000  with remset 0 code roots 0 is marked 0 reclaim candidate 0 type array 1
[2024-12-07T18:48:45.465+0800][1.392s][debug][gc,humongous      ] GC(2) Live humongous region 68 object size 1048592 start 0x00000000e4400000  with remset 0 code roots 0 is marked 0 reclaim candidate 0 type array 1
[2024-12-07T18:48:45.465+0800][1.392s][debug][gc,humongous      ] GC(2) Live humongous region 70 object size 1048592 start 0x00000000e4600000  with remset 0 code roots 0 is marked 0 reclaim candidate 0 type array 1
[2024-12-07T18:48:45.465+0800][1.392s][debug][gc,humongous      ] GC(2) Live humongous region 72 object size 1048592 start 0x00000000e4800000  with remset 0 code roots 0 is marked 0 reclaim candidate 0 type array 1
[2024-12-07T18:48:45.465+0800][1.392s][debug][gc,humongous      ] GC(2) Live humongous region 74 object size 1048592 start 0x00000000e4a00000  with remset 0 code roots 0 is marked 0 reclaim candidate 0 type array 1
[2024-12-07T18:48:45.465+0800][1.393s][debug][gc,humongous      ] GC(2) Live humongous region 76 object size 1048592 start 0x00000000e4c00000  with remset 0 code roots 0 is marked 0 reclaim candidate 0 type array 1
[2024-12-07T18:48:45.465+0800][1.393s][debug][gc,humongous      ] GC(2) Live humongous region 78 object size 1048592 start 0x00000000e4e00000  with remset 0 code roots 0 is marked 0 reclaim candidate 0 type array 1
[2024-12-07T18:48:45.465+0800][1.393s][debug][gc,humongous      ] GC(2) Live humongous region 80 object size 1048592 start 0x00000000e5000000  with remset 0 code roots 0 is marked 0 reclaim candidate 0 type array 1
[2024-12-07T18:48:45.466+0800][1.393s][debug][gc,humongous      ] GC(2) Live humongous region 82 object size 1048592 start 0x00000000e5200000  with remset 0 code roots 0 is marked 0 reclaim candidate 0 type array 1
[2024-12-07T18:48:45.466+0800][1.393s][debug][gc,humongous      ] GC(2) Live humongous region 84 object size 1048592 start 0x00000000e5400000  with remset 0 code roots 0 is marked 0 reclaim candidate 0 type array 1
[2024-12-07T18:48:45.466+0800][1.393s][debug][gc,humongous      ] GC(2) Live humongous region 86 object size 1048592 start 0x00000000e5600000  with remset 0 code roots 0 is marked 0 reclaim candidate 0 type array 1
[2024-12-07T18:48:45.466+0800][1.393s][debug][gc,humongous      ] GC(2) Live humongous region 88 object size 1048592 start 0x00000000e5800000  with remset 0 code roots 0 is marked 0 reclaim candidate 0 type array 1
[2024-12-07T18:48:45.466+0800][1.393s][debug][gc,humongous      ] GC(2) Live humongous region 90 object size 1048592 start 0x00000000e5a00000  with remset 0 code roots 0 is marked 0 reclaim candidate 0 type array 1
[2024-12-07T18:48:45.466+0800][1.393s][debug][gc,humongous      ] GC(2) Live humongous region 92 object size 1048592 start 0x00000000e5c00000  with remset 0 code roots 0 is marked 0 reclaim candidate 0 type array 1
[2024-12-07T18:48:45.466+0800][1.393s][debug][gc,humongous      ] GC(2) Live humongous region 94 object size 1048592 start 0x00000000e5e00000  with remset 0 code roots 0 is marked 0 reclaim candidate 0 type array 1
[2024-12-07T18:48:45.466+0800][1.393s][debug][gc,humongous      ] GC(2) Live humongous region 96 object size 1048592 start 0x00000000e6000000  with remset 0 code roots 0 is marked 0 reclaim candidate 0 type array 1
[2024-12-07T18:48:45.466+0800][1.393s][debug][gc,humongous      ] GC(2) Live humongous region 98 object size 1048592 start 0x00000000e6200000  with remset 0 code roots 0 is marked 0 reclaim candidate 0 type array 1
[2024-12-07T18:48:45.466+0800][1.393s][debug][gc,humongous      ] GC(2) Live humongous region 100 object size 1048592 start 0x00000000e6400000  with remset 0 code roots 0 is marked 0 reclaim candidate 0 type array 1
[2024-12-07T18:48:45.466+0800][1.393s][debug][gc,humongous      ] GC(2) Live humongous region 102 object size 1048592 start 0x00000000e6600000  with remset 0 code roots 0 is marked 0 reclaim candidate 0 type array 1
[2024-12-07T18:48:45.466+0800][1.393s][debug][gc,humongous      ] GC(2) Live humongous region 104 object size 1048592 start 0x00000000e6800000  with remset 0 code roots 0 is marked 0 reclaim candidate 0 type array 1
[2024-12-07T18:48:45.466+0800][1.394s][debug][gc,humongous      ] GC(2) Live humongous region 106 object size 1048592 start 0x00000000e6a00000  with remset 0 code roots 0 is marked 0 reclaim candidate 0 type array 1
[2024-12-07T18:48:45.466+0800][1.394s][debug][gc,humongous      ] GC(2) Live humongous region 108 object size 1048592 start 0x00000000e6c00000  with remset 0 code roots 0 is marked 0 reclaim candidate 0 type array 1
[2024-12-07T18:48:45.466+0800][1.394s][debug][gc,humongous      ] GC(2) Live humongous region 110 object size 1048592 start 0x00000000e6e00000  with remset 0 code roots 0 is marked 0 reclaim candidate 0 type array 1
[2024-12-07T18:48:45.466+0800][1.394s][debug][gc,humongous      ] GC(2) Live humongous region 112 object size 1048592 start 0x00000000e7000000  with remset 0 code roots 0 is marked 0 reclaim candidate 0 type array 1
[2024-12-07T18:48:45.467+0800][1.394s][debug][gc,humongous      ] GC(2) Live humongous region 114 object size 1048592 start 0x00000000e7200000  with remset 0 code roots 0 is marked 0 reclaim candidate 0 type array 1
[2024-12-07T18:48:45.467+0800][1.394s][debug][gc,humongous      ] GC(2) Live humongous region 116 object size 1048592 start 0x00000000e7400000  with remset 0 code roots 0 is marked 0 reclaim candidate 0 type array 1
[2024-12-07T18:48:45.467+0800][1.394s][debug][gc,humongous      ] GC(2) Live humongous region 118 object size 1048592 start 0x00000000e7600000  with remset 0 code roots 0 is marked 0 reclaim candidate 0 type array 1
[2024-12-07T18:48:45.467+0800][1.394s][debug][gc,humongous      ] GC(2) Live humongous region 120 object size 1048592 start 0x00000000e7800000  with remset 0 code roots 0 is marked 0 reclaim candidate 0 type array 1
[2024-12-07T18:48:45.467+0800][1.394s][debug][gc,humongous      ] GC(2) Live humongous region 122 object size 1048592 start 0x00000000e7a00000  with remset 0 code roots 0 is marked 0 reclaim candidate 0 type array 1
[2024-12-07T18:48:45.467+0800][1.394s][debug][gc,humongous      ] GC(2) Live humongous region 124 object size 1048592 start 0x00000000e7c00000  with remset 0 code roots 0 is marked 0 reclaim candidate 0 type array 1
[2024-12-07T18:48:45.467+0800][1.394s][debug][gc,humongous      ] GC(2) Live humongous region 126 object size 1048592 start 0x00000000e7e00000  with remset 0 code roots 0 is marked 0 reclaim candidate 0 type array 1
[2024-12-07T18:48:45.467+0800][1.394s][debug][gc,humongous      ] GC(2) Live humongous region 128 object size 1048592 start 0x00000000e8000000  with remset 0 code roots 0 is marked 0 reclaim candidate 0 type array 1
[2024-12-07T18:48:45.467+0800][1.394s][debug][gc,humongous      ] GC(2) Live humongous region 130 object size 1048592 start 0x00000000e8200000  with remset 0 code roots 0 is marked 0 reclaim candidate 0 type array 1
[2024-12-07T18:48:45.467+0800][1.394s][debug][gc,humongous      ] GC(2) Live humongous region 132 object size 1048592 start 0x00000000e8400000  with remset 0 code roots 0 is marked 0 reclaim candidate 0 type array 1
[2024-12-07T18:48:45.467+0800][1.394s][debug][gc,humongous      ] GC(2) Live humongous region 134 object size 1048592 start 0x00000000e8600000  with remset 0 code roots 0 is marked 0 reclaim candidate 0 type array 1
[2024-12-07T18:48:45.467+0800][1.394s][debug][gc,humongous      ] GC(2) Live humongous region 136 object size 1048592 start 0x00000000e8800000  with remset 0 code roots 0 is marked 0 reclaim candidate 0 type array 1
[2024-12-07T18:48:45.467+0800][1.395s][debug][gc,humongous      ] GC(2) Live humongous region 138 object size 1048592 start 0x00000000e8a00000  with remset 0 code roots 0 is marked 0 reclaim candidate 0 type array 1
[2024-12-07T18:48:45.467+0800][1.395s][debug][gc,humongous      ] GC(2) Live humongous region 140 object size 1048592 start 0x00000000e8c00000  with remset 0 code roots 0 is marked 0 reclaim candidate 0 type array 1
[2024-12-07T18:48:45.467+0800][1.395s][debug][gc,humongous      ] GC(2) Live humongous region 142 object size 1048592 start 0x00000000e8e00000  with remset 0 code roots 0 is marked 0 reclaim candidate 0 type array 1
[2024-12-07T18:48:45.468+0800][1.395s][debug][gc,humongous      ] GC(2) Live humongous region 144 object size 1048592 start 0x00000000e9000000  with remset 0 code roots 0 is marked 0 reclaim candidate 0 type array 1
[2024-12-07T18:48:45.468+0800][1.395s][debug][gc,humongous      ] GC(2) Live humongous region 146 object size 1048592 start 0x00000000e9200000  with remset 0 code roots 0 is marked 0 reclaim candidate 0 type array 1
[2024-12-07T18:48:45.468+0800][1.395s][debug][gc,humongous      ] GC(2) Live humongous region 148 object size 1048592 start 0x00000000e9400000  with remset 0 code roots 0 is marked 0 reclaim candidate 0 type array 1
[2024-12-07T18:48:45.468+0800][1.395s][debug][gc,humongous      ] GC(2) Live humongous region 150 object size 1048592 start 0x00000000e9600000  with remset 0 code roots 0 is marked 0 reclaim candidate 0 type array 1
[2024-12-07T18:48:45.468+0800][1.395s][debug][gc,humongous      ] GC(2) Live humongous region 152 object size 1048592 start 0x00000000e9800000  with remset 0 code roots 0 is marked 0 reclaim candidate 0 type array 1
[2024-12-07T18:48:45.468+0800][1.395s][debug][gc,humongous      ] GC(2) Live humongous region 154 object size 1048592 start 0x00000000e9a00000  with remset 0 code roots 0 is marked 0 reclaim candidate 0 type array 1
[2024-12-07T18:48:45.468+0800][1.395s][debug][gc,humongous      ] GC(2) Live humongous region 156 object size 1048592 start 0x00000000e9c00000  with remset 0 code roots 0 is marked 0 reclaim candidate 0 type array 1
[2024-12-07T18:48:45.468+0800][1.395s][debug][gc,humongous      ] GC(2) Live humongous region 158 object size 1048592 start 0x00000000e9e00000  with remset 0 code roots 0 is marked 0 reclaim candidate 0 type array 1
[2024-12-07T18:48:45.468+0800][1.395s][debug][gc,humongous      ] GC(2) Live humongous region 160 object size 1048592 start 0x00000000ea000000  with remset 0 code roots 0 is marked 0 reclaim candidate 0 type array 1
[2024-12-07T18:48:45.468+0800][1.395s][debug][gc,humongous      ] GC(2) Live humongous region 162 object size 1048592 start 0x00000000ea200000  with remset 0 code roots 0 is marked 0 reclaim candidate 0 type array 1
[2024-12-07T18:48:45.468+0800][1.395s][debug][gc,humongous      ] GC(2) Live humongous region 164 object size 1048592 start 0x00000000ea400000  with remset 0 code roots 0 is marked 0 reclaim candidate 0 type array 1
[2024-12-07T18:48:45.468+0800][1.395s][debug][gc,humongous      ] GC(2) Live humongous region 166 object size 1048592 start 0x00000000ea600000  with remset 0 code roots 0 is marked 0 reclaim candidate 0 type array 1
[2024-12-07T18:48:45.468+0800][1.395s][debug][gc,humongous      ] GC(2) Live humongous region 168 object size 1048592 start 0x00000000ea800000  with remset 0 code roots 0 is marked 0 reclaim candidate 0 type array 1
[2024-12-07T18:48:45.468+0800][1.396s][debug][gc,humongous      ] GC(2) Live humongous region 170 object size 1048592 start 0x00000000eaa00000  with remset 0 code roots 0 is marked 0 reclaim candidate 0 type array 1
[2024-12-07T18:48:45.468+0800][1.396s][debug][gc,humongous      ] GC(2) Live humongous region 172 object size 1048592 start 0x00000000eac00000  with remset 0 code roots 0 is marked 0 reclaim candidate 0 type array 1
[2024-12-07T18:48:45.468+0800][1.396s][debug][gc,humongous      ] GC(2) Live humongous region 174 object size 1048592 start 0x00000000eae00000  with remset 0 code roots 0 is marked 0 reclaim candidate 0 type array 1
[2024-12-07T18:48:45.469+0800][1.396s][debug][gc,humongous      ] GC(2) Live humongous region 176 object size 1048592 start 0x00000000eb000000  with remset 0 code roots 0 is marked 0 reclaim candidate 0 type array 1
[2024-12-07T18:48:45.469+0800][1.396s][debug][gc,humongous      ] GC(2) Live humongous region 178 object size 1048592 start 0x00000000eb200000  with remset 0 code roots 0 is marked 0 reclaim candidate 0 type array 1
[2024-12-07T18:48:45.469+0800][1.396s][debug][gc,humongous      ] GC(2) Live humongous region 180 object size 1048592 start 0x00000000eb400000  with remset 0 code roots 0 is marked 0 reclaim candidate 0 type array 1
[2024-12-07T18:48:45.469+0800][1.396s][debug][gc,humongous      ] GC(2) Live humongous region 182 object size 1048592 start 0x00000000eb600000  with remset 0 code roots 0 is marked 0 reclaim candidate 0 type array 1
[2024-12-07T18:48:45.469+0800][1.396s][debug][gc,humongous      ] GC(2) Live humongous region 184 object size 1048592 start 0x00000000eb800000  with remset 0 code roots 0 is marked 0 reclaim candidate 0 type array 1
[2024-12-07T18:48:45.469+0800][1.396s][debug][gc,humongous      ] GC(2) Live humongous region 186 object size 1048592 start 0x00000000eba00000  with remset 0 code roots 0 is marked 0 reclaim candidate 0 type array 1
[2024-12-07T18:48:45.469+0800][1.396s][debug][gc,humongous      ] GC(2) Live humongous region 188 object size 1048592 start 0x00000000ebc00000  with remset 0 code roots 0 is marked 0 reclaim candidate 0 type array 1
[2024-12-07T18:48:45.469+0800][1.396s][debug][gc,humongous      ] GC(2) Live humongous region 190 object size 1048592 start 0x00000000ebe00000  with remset 0 code roots 0 is marked 0 reclaim candidate 0 type array 1
[2024-12-07T18:48:45.469+0800][1.396s][debug][gc,humongous      ] GC(2) Live humongous region 192 object size 1048592 start 0x00000000ec000000  with remset 0 code roots 0 is marked 0 reclaim candidate 0 type array 1
[2024-12-07T18:48:45.469+0800][1.396s][debug][gc,humongous      ] GC(2) Live humongous region 194 object size 1048592 start 0x00000000ec200000  with remset 0 code roots 0 is marked 0 reclaim candidate 0 type array 1
[2024-12-07T18:48:45.469+0800][1.396s][debug][gc,humongous      ] GC(2) Live humongous region 196 object size 1048592 start 0x00000000ec400000  with remset 0 code roots 0 is marked 0 reclaim candidate 0 type array 1
[2024-12-07T18:48:45.469+0800][1.396s][debug][gc,humongous      ] GC(2) Live humongous region 198 object size 1048592 start 0x00000000ec600000  with remset 0 code roots 0 is marked 0 reclaim candidate 0 type array 1
[2024-12-07T18:48:45.469+0800][1.397s][debug][gc,humongous      ] GC(2) Live humongous region 200 object size 1048592 start 0x00000000ec800000  with remset 0 code roots 0 is marked 0 reclaim candidate 0 type array 1
[2024-12-07T18:48:45.469+0800][1.397s][debug][gc,humongous      ] GC(2) Live humongous region 202 object size 1048592 start 0x00000000eca00000  with remset 0 code roots 0 is marked 0 reclaim candidate 0 type array 1
[2024-12-07T18:48:45.469+0800][1.397s][debug][gc,humongous      ] GC(2) Live humongous region 204 object size 1048592 start 0x00000000ecc00000  with remset 0 code roots 0 is marked 0 reclaim candidate 0 type array 1
[2024-12-07T18:48:45.469+0800][1.397s][debug][gc,humongous      ] GC(2) Live humongous region 206 object size 1048592 start 0x00000000ece00000  with remset 0 code roots 0 is marked 0 reclaim candidate 0 type array 1
[2024-12-07T18:48:45.470+0800][1.397s][debug][gc,humongous      ] GC(2) Live humongous region 208 object size 1048592 start 0x00000000ed000000  with remset 0 code roots 0 is marked 0 reclaim candidate 0 type array 1
[2024-12-07T18:48:45.470+0800][1.397s][debug][gc,humongous      ] GC(2) Live humongous region 210 object size 1048592 start 0x00000000ed200000  with remset 0 code roots 0 is marked 0 reclaim candidate 0 type array 1
[2024-12-07T18:48:45.470+0800][1.397s][debug][gc,humongous      ] GC(2) Live humongous region 212 object size 1048592 start 0x00000000ed400000  with remset 0 code roots 0 is marked 0 reclaim candidate 0 type array 1
[2024-12-07T18:48:45.470+0800][1.397s][debug][gc,humongous      ] GC(2) Live humongous region 214 object size 1048592 start 0x00000000ed600000  with remset 0 code roots 0 is marked 0 reclaim candidate 0 type array 1
[2024-12-07T18:48:45.470+0800][1.397s][debug][gc,humongous      ] GC(2) Live humongous region 216 object size 1048592 start 0x00000000ed800000  with remset 0 code roots 0 is marked 0 reclaim candidate 0 type array 1
[2024-12-07T18:48:45.470+0800][1.397s][debug][gc,humongous      ] GC(2) Live humongous region 218 object size 1048592 start 0x00000000eda00000  with remset 0 code roots 0 is marked 0 reclaim candidate 0 type array 1
[2024-12-07T18:48:45.470+0800][1.397s][debug][gc,humongous      ] GC(2) Live humongous region 220 object size 1048592 start 0x00000000edc00000  with remset 0 code roots 0 is marked 0 reclaim candidate 0 type array 1
[2024-12-07T18:48:45.470+0800][1.397s][debug][gc,humongous      ] GC(2) Live humongous region 222 object size 1048592 start 0x00000000ede00000  with remset 0 code roots 0 is marked 0 reclaim candidate 0 type array 1
[2024-12-07T18:48:45.470+0800][1.397s][debug][gc,humongous      ] GC(2) Live humongous region 224 object size 1048592 start 0x00000000ee000000  with remset 0 code roots 0 is marked 0 reclaim candidate 0 type array 1
[2024-12-07T18:48:45.470+0800][1.397s][debug][gc,humongous      ] GC(2) Live humongous region 226 object size 1048592 start 0x00000000ee200000  with remset 0 code roots 0 is marked 0 reclaim candidate 0 type array 1
[2024-12-07T18:48:45.470+0800][1.397s][debug][gc,humongous      ] GC(2) Live humongous region 228 object size 1048592 start 0x00000000ee400000  with remset 0 code roots 0 is marked 0 reclaim candidate 0 type array 1
[2024-12-07T18:48:45.470+0800][1.398s][debug][gc,humongous      ] GC(2) Live humongous region 230 object size 1048592 start 0x00000000ee600000  with remset 0 code roots 0 is marked 0 reclaim candidate 0 type array 1
[2024-12-07T18:48:45.470+0800][1.398s][debug][gc,humongous      ] GC(2) Live humongous region 232 object size 1048592 start 0x00000000ee800000  with remset 0 code roots 0 is marked 0 reclaim candidate 0 type array 1
[2024-12-07T18:48:45.470+0800][1.398s][debug][gc,humongous      ] GC(2) Live humongous region 234 object size 1048592 start 0x00000000eea00000  with remset 0 code roots 0 is marked 0 reclaim candidate 0 type array 1
[2024-12-07T18:48:45.470+0800][1.398s][debug][gc,humongous      ] GC(2) Live humongous region 236 object size 1048592 start 0x00000000eec00000  with remset 0 code roots 0 is marked 0 reclaim candidate 0 type array 1
[2024-12-07T18:48:45.471+0800][1.398s][debug][gc,humongous      ] GC(2) Live humongous region 238 object size 1048592 start 0x00000000eee00000  with remset 0 code roots 0 is marked 0 reclaim candidate 0 type array 1
[2024-12-07T18:48:45.471+0800][1.398s][debug][gc,plab           ] GC(2) Young PLAB allocation: allocated: 382976B, wasted: 2360B, unused: 15192B, used: 365424B, undo waste: 0B, 
[2024-12-07T18:48:45.471+0800][1.398s][debug][gc,plab           ] GC(2) Young other allocation: region end waste: 0B, regions filled: 1, direct allocated: 72496B, failure used: 0B, failure wasted: 0B
[2024-12-07T18:48:45.471+0800][1.398s][debug][gc,plab           ] GC(2) Young sizing: calculated: 73080B, actual: 72776B
[2024-12-07T18:48:45.471+0800][1.398s][debug][gc,plab           ] GC(2) Old PLAB allocation: allocated: 0B, wasted: 0B, unused: 0B, used: 0B, undo waste: 0B, 
[2024-12-07T18:48:45.471+0800][1.398s][debug][gc,plab           ] GC(2) Old other allocation: region end waste: 0B, regions filled: 0, direct allocated: 0B, failure used: 0B, failure wasted: 0B
[2024-12-07T18:48:45.471+0800][1.398s][debug][gc,plab           ] GC(2) Old sizing: calculated: 0B, actual: 2064B
[2024-12-07T18:48:45.471+0800][1.398s][debug][gc,alloc,stats    ] Old generation allocation in the last mutator period, old gen allocated: 0B, humongous allocated: 16777216B,old gen growth: 16777216B.
[2024-12-07T18:48:45.471+0800][1.398s][debug][gc,ihop           ] GC(2) Basic information (value update), threshold: 236873318B (45.00), target occupancy: 526385152B, current occupancy: 252850992B, recent allocation size: 16777216B, recent allocation duration: 105.75ms, recent old gen allocation rate: 158647543.37B/s, recent marking phase length: 0.00ms
[2024-12-07T18:48:45.471+0800][1.398s][debug][gc,ihop           ] GC(2) Adaptive IHOP information (value update), threshold: 236873318B (51.91), internal target occupancy: 456340275B, occupancy: 252850992B, additional buffer size: 105906176B, predicted old gen allocation rate: 327960601.02B/s, predicted marking phase length: 0.00ms, prediction active: false
[2024-12-07T18:48:45.471+0800][1.398s][debug][gc,ergo,refine    ] GC(2) Updated Refinement Zones: green: 18, yellow: 54, red: 90
[2024-12-07T18:48:45.471+0800][1.399s][info ][gc,phases         ] GC(2)   Pre Evacuate Collection Set: 0.1ms
[2024-12-07T18:48:45.471+0800][1.399s][debug][gc,phases         ] GC(2)     Prepare TLABs: 0.1ms
[2024-12-07T18:48:45.471+0800][1.399s][debug][gc,phases         ] GC(2)     Choose Collection Set: 0.1ms
[2024-12-07T18:48:45.471+0800][1.399s][debug][gc,phases         ] GC(2)     Humongous Register: 0.0ms
[2024-12-07T18:48:45.472+0800][1.399s][debug][gc,phases         ] GC(2)     Clear Claimed Marks: 0.0ms
[2024-12-07T18:48:45.472+0800][1.399s][info ][gc,phases         ] GC(2)   Evacuate Collection Set: 8.3ms
[2024-12-07T18:48:45.472+0800][1.399s][debug][gc,phases         ] GC(2)     Ext Root Scanning (ms):   Min:  0.1, Avg:  1.8, Max:  4.2, Diff:  4.1, Sum: 21.9, Workers: 12
[2024-12-07T18:48:45.472+0800][1.399s][debug][gc,phases         ] GC(2)     Update RS (ms):           Min:  0.0, Avg:  0.2, Max:  0.8, Diff:  0.8, Sum:  2.9, Workers: 12
[2024-12-07T18:48:45.472+0800][1.399s][debug][gc,phases         ] GC(2)       Processed Buffers:        Min: 0, Avg:  0.6, Max: 2, Diff: 2, Sum: 7, Workers: 12
[2024-12-07T18:48:45.472+0800][1.399s][debug][gc,phases         ] GC(2)       Scanned Cards:            Min: 0, Avg: 18.5, Max: 58, Diff: 58, Sum: 222, Workers: 12
[2024-12-07T18:48:45.472+0800][1.399s][debug][gc,phases         ] GC(2)       Skipped Cards:            Min: 0, Avg:  2.8, Max: 13, Diff: 13, Sum: 34, Workers: 12
[2024-12-07T18:48:45.472+0800][1.399s][debug][gc,phases         ] GC(2)     Scan RS (ms):             Min:  0.0, Avg:  0.2, Max:  0.7, Diff:  0.7, Sum:  2.2, Workers: 12
[2024-12-07T18:48:45.472+0800][1.399s][debug][gc,phases         ] GC(2)       Scanned Cards:            Min: 0, Avg: 16.8, Max: 63, Diff: 63, Sum: 202, Workers: 12
[2024-12-07T18:48:45.472+0800][1.399s][debug][gc,phases         ] GC(2)       Claimed Cards:            Min: 0, Avg: 18.5, Max: 64, Diff: 64, Sum: 222, Workers: 12
[2024-12-07T18:48:45.472+0800][1.400s][debug][gc,phases         ] GC(2)       Skipped Cards:            Min: 0, Avg: 74.0, Max: 222, Diff: 222, Sum: 888, Workers: 12
[2024-12-07T18:48:45.472+0800][1.400s][debug][gc,phases         ] GC(2)     Code Root Scanning (ms):  Min:  0.0, Avg:  0.0, Max:  0.0, Diff:  0.0, Sum:  0.0, Workers: 12
[2024-12-07T18:48:45.472+0800][1.400s][debug][gc,phases         ] GC(2)     AOT Root Scanning (ms):   skipped
[2024-12-07T18:48:45.473+0800][1.400s][debug][gc,phases         ] GC(2)     Object Copy (ms):         Min:  0.0, Avg:  0.1, Max:  0.3, Diff:  0.3, Sum:  0.7, Workers: 12
[2024-12-07T18:48:45.473+0800][1.400s][debug][gc,phases         ] GC(2)     Termination (ms):         Min:  0.0, Avg:  2.0, Max:  3.2, Diff:  3.2, Sum: 24.4, Workers: 12
[2024-12-07T18:48:45.473+0800][1.400s][debug][gc,phases         ] GC(2)       Termination Attempts:     Min: 1, Avg:  1.0, Max: 1, Diff: 0, Sum: 12, Workers: 12
[2024-12-07T18:48:45.473+0800][1.400s][debug][gc,phases         ] GC(2)     GC Worker Other (ms):     Min:  0.6, Avg:  2.6, Max:  3.6, Diff:  2.9, Sum: 31.1, Workers: 12
[2024-12-07T18:48:45.473+0800][1.400s][debug][gc,phases         ] GC(2)     GC Worker Total (ms):     Min:  4.8, Avg:  6.9, Max:  7.8, Diff:  3.0, Sum: 83.3, Workers: 12
[2024-12-07T18:48:45.473+0800][1.400s][info ][gc,phases         ] GC(2)   Post Evacuate Collection Set: 10.2ms
[2024-12-07T18:48:45.473+0800][1.400s][debug][gc,phases         ] GC(2)     Code Roots Fixup: 0.0ms
[2024-12-07T18:48:45.473+0800][1.400s][debug][gc,phases         ] GC(2)     Clear Card Table: 0.1ms
[2024-12-07T18:48:45.473+0800][1.400s][debug][gc,phases         ] GC(2)     Reference Processing: 0.2ms
[2024-12-07T18:48:45.473+0800][1.400s][debug][gc,phases,ref     ] GC(2)       Reconsider SoftReferences: 0.1ms
[2024-12-07T18:48:45.473+0800][1.400s][debug][gc,phases,ref     ] GC(2)         SoftRef (ms):             skipped
[2024-12-07T18:48:45.473+0800][1.400s][debug][gc,phases,ref     ] GC(2)       Notify Soft/WeakReferences: 0.0ms
[2024-12-07T18:48:45.473+0800][1.400s][debug][gc,phases,ref     ] GC(2)         SoftRef (ms):             Min:  0.0, Avg:  0.0, Max:  0.0, Diff:  0.0, Sum:  0.0, Workers: 1
[2024-12-07T18:48:45.473+0800][1.401s][debug][gc,phases,ref     ] GC(2)         WeakRef (ms):             Min:  0.0, Avg:  0.0, Max:  0.0, Diff:  0.0, Sum:  0.0, Workers: 1
[2024-12-07T18:48:45.473+0800][1.401s][debug][gc,phases,ref     ] GC(2)         FinalRef (ms):            Min:  0.0, Avg:  0.0, Max:  0.0, Diff:  0.0, Sum:  0.0, Workers: 1
[2024-12-07T18:48:45.473+0800][1.401s][debug][gc,phases,ref     ] GC(2)         Total (ms):               Min:  0.0, Avg:  0.0, Max:  0.0, Diff:  0.0, Sum:  0.0, Workers: 1
[2024-12-07T18:48:45.474+0800][1.401s][debug][gc,phases,ref     ] GC(2)       Notify and keep alive finalizable: 0.1ms
[2024-12-07T18:48:45.474+0800][1.401s][debug][gc,phases,ref     ] GC(2)         FinalRef (ms):            skipped
[2024-12-07T18:48:45.474+0800][1.401s][debug][gc,phases,ref     ] GC(2)       Notify PhantomReferences: 0.0ms
[2024-12-07T18:48:45.474+0800][1.401s][debug][gc,phases,ref     ] GC(2)         PhantomRef (ms):          Min:  0.0, Avg:  0.0, Max:  0.0, Diff:  0.0, Sum:  0.0, Workers: 1
[2024-12-07T18:48:45.474+0800][1.401s][debug][gc,phases,ref     ] GC(2)       SoftReference:
[2024-12-07T18:48:45.474+0800][1.401s][debug][gc,phases,ref     ] GC(2)         Discovered: 0
[2024-12-07T18:48:45.474+0800][1.402s][debug][gc,phases,ref     ] GC(2)         Cleared: 0
[2024-12-07T18:48:45.474+0800][1.402s][debug][gc,phases,ref     ] GC(2)       WeakReference:
[2024-12-07T18:48:45.474+0800][1.402s][debug][gc,phases,ref     ] GC(2)         Discovered: 15
[2024-12-07T18:48:45.475+0800][1.402s][debug][gc,phases,ref     ] GC(2)         Cleared: 15
[2024-12-07T18:48:45.475+0800][1.402s][debug][gc,phases,ref     ] GC(2)       FinalReference:
[2024-12-07T18:48:45.475+0800][1.402s][debug][gc,phases,ref     ] GC(2)         Discovered: 0
[2024-12-07T18:48:45.475+0800][1.402s][debug][gc,phases,ref     ] GC(2)         Cleared: 0
[2024-12-07T18:48:45.475+0800][1.402s][debug][gc,phases,ref     ] GC(2)       PhantomReference:
[2024-12-07T18:48:45.475+0800][1.402s][debug][gc,phases,ref     ] GC(2)         Discovered: 5
[2024-12-07T18:48:45.475+0800][1.402s][debug][gc,phases,ref     ] GC(2)         Cleared: 5
[2024-12-07T18:48:45.475+0800][1.402s][debug][gc,phases         ] GC(2)     Weak Processing: 0.0ms
[2024-12-07T18:48:45.475+0800][1.402s][debug][gc,phases         ] GC(2)     Merge Per-Thread State: 0.0ms
[2024-12-07T18:48:45.475+0800][1.402s][debug][gc,phases         ] GC(2)     Code Roots Purge: 0.0ms
[2024-12-07T18:48:45.475+0800][1.402s][debug][gc,phases         ] GC(2)     Redirty Cards: 0.1ms
[2024-12-07T18:48:45.475+0800][1.402s][debug][gc,phases         ] GC(2)     DerivedPointerTable Update: 0.0ms
[2024-12-07T18:48:45.475+0800][1.402s][debug][gc,phases         ] GC(2)     Free Collection Set: 0.1ms
[2024-12-07T18:48:45.475+0800][1.403s][debug][gc,phases         ] GC(2)     Humongous Reclaim: 9.7ms
[2024-12-07T18:48:45.475+0800][1.403s][debug][gc,phases         ] GC(2)     Start New Collection Set: 0.0ms
[2024-12-07T18:48:45.475+0800][1.403s][debug][gc,phases         ] GC(2)     Resize TLABs: 0.0ms
[2024-12-07T18:48:45.476+0800][1.403s][debug][gc,phases         ] GC(2)     Expand Heap After Collection: 0.0ms
[2024-12-07T18:48:45.476+0800][1.403s][info ][gc,phases         ] GC(2)   Other: 2.2ms
[2024-12-07T18:48:45.476+0800][1.403s][info ][gc,heap           ] GC(2) Eden regions: 1->0(100)
[2024-12-07T18:48:45.476+0800][1.403s][info ][gc,heap           ] GC(2) Survivor regions: 1->1(29)
[2024-12-07T18:48:45.476+0800][1.403s][info ][gc,heap           ] GC(2) Old regions: 2->2
[2024-12-07T18:48:45.476+0800][1.403s][info ][gc,heap           ] GC(2) Humongous regions: 240->240
[2024-12-07T18:48:45.476+0800][1.403s][info ][gc,metaspace      ] GC(2) Metaspace: 554K(4864K)->554K(4864K) NonClass: 507K(4352K)->507K(4352K) Class: 46K(512K)->46K(512K)
[2024-12-07T18:48:45.476+0800][1.403s][debug][gc,heap           ] GC(2) Heap after GC invocations=3 (full 0): garbage-first heap   total 516096K, used 246924K [0x00000000e0000000, 0x0000000100000000)
[2024-12-07T18:48:45.476+0800][1.403s][debug][gc,heap           ] GC(2)   region size 1024K, 1 young (1024K), 1 survivors (1024K)
[2024-12-07T18:48:45.476+0800][1.403s][debug][gc,heap           ] GC(2)  Metaspace       used 554K, capacity 4570K, committed 4864K, reserved 1056768K
[2024-12-07T18:48:45.476+0800][1.403s][debug][gc,heap           ] GC(2)   class space    used 46K, capacity 419K, committed 512K, reserved 1048576K
[2024-12-07T18:48:45.476+0800][1.403s][info ][gc                ] GC(2) Pause Young (Concurrent Start) (G1 Humongous Allocation) 241M->241M(504M) 24.965ms
[2024-12-07T18:48:45.476+0800][1.404s][info ][gc,cpu            ] GC(2) User=0.02s Sys=0.01s Real=0.02s
[2024-12-07T18:48:45.476+0800][1.404s][info ][gc                ] GC(3) Concurrent Cycle
[2024-12-07T18:48:45.476+0800][1.404s][info ][gc,marking        ] GC(3) Concurrent Clear Claimed Marks
[2024-12-07T18:48:45.477+0800][1.404s][info ][gc,marking        ] GC(3) Concurrent Clear Claimed Marks 0.071ms
[2024-12-07T18:48:45.477+0800][1.404s][info ][gc,marking        ] GC(3) Concurrent Scan Root Regions
[2024-12-07T18:48:45.477+0800][1.404s][debug][gc,ergo           ] GC(3) Running G1 Root Region Scan using 1 workers for 1 work units.
[2024-12-07T18:48:45.477+0800][1.404s][info ][gc,marking        ] GC(3) Concurrent Scan Root Regions 0.440ms
[2024-12-07T18:48:45.477+0800][1.404s][info ][gc,marking        ] GC(3) Concurrent Mark (1.404s)
[2024-12-07T18:48:45.477+0800][1.404s][info ][gc,marking        ] GC(3) Concurrent Mark From Roots
[2024-12-07T18:48:45.477+0800][1.404s][info ][gc,task           ] GC(3) Using 5 workers of 5 for marking
[2024-12-07T18:48:45.478+0800][1.405s][debug][gc,stats          ] ---------------------------------------------------------------------
[2024-12-07T18:48:45.478+0800][1.405s][debug][gc,stats          ] Marking Stats, task = 0, calls = 1
[2024-12-07T18:48:45.478+0800][1.405s][debug][gc,stats          ]   Elapsed time = 0.42ms, Termination time = 0.00ms
[2024-12-07T18:48:45.478+0800][1.405s][debug][gc,stats          ]   Step Times (cum): num = 105, avg = 0.00ms, sd = 0.00ms max = 0.00ms, total = 0.00ms
[2024-12-07T18:48:45.478+0800][1.405s][debug][gc,stats          ]   Mark Stats Cache: hits 6903 misses 121 ratio 98.277
[2024-12-07T18:48:45.478+0800][1.405s][debug][gc,stats          ] ---------------------------------------------------------------------
[2024-12-07T18:48:45.478+0800][1.405s][debug][gc,stats          ] Marking Stats, task = 1, calls = 38
[2024-12-07T18:48:45.478+0800][1.405s][debug][gc,stats          ]   Elapsed time = 0.42ms, Termination time = 0.00ms
[2024-12-07T18:48:45.478+0800][1.406s][debug][gc,stats          ]   Step Times (cum): num = 76, avg = 0.00ms, sd = 0.00ms max = 0.00ms, total = 0.00ms
[2024-12-07T18:48:45.478+0800][1.406s][debug][gc,stats          ]   Mark Stats Cache: hits 585 misses 2 ratio 99.659
[2024-12-07T18:48:45.478+0800][1.406s][debug][gc,stats          ] ---------------------------------------------------------------------
[2024-12-07T18:48:45.479+0800][1.406s][debug][gc,stats          ] Marking Stats, task = 2, calls = 38
[2024-12-07T18:48:45.479+0800][1.406s][debug][gc,stats          ]   Elapsed time = 0.41ms, Termination time = 0.00ms
[2024-12-07T18:48:45.479+0800][1.406s][debug][gc,stats          ]   Step Times (cum): num = 73, avg = 0.00ms, sd = 0.00ms max = 0.00ms, total = 0.00ms
[2024-12-07T18:48:45.479+0800][1.406s][debug][gc,stats          ]   Mark Stats Cache: hits 537 misses 2 ratio 99.629
[2024-12-07T18:48:45.479+0800][1.406s][debug][gc,stats          ] ---------------------------------------------------------------------
[2024-12-07T18:48:45.479+0800][1.406s][debug][gc,stats          ] Marking Stats, task = 3, calls = 29
[2024-12-07T18:48:45.479+0800][1.406s][debug][gc,stats          ]   Elapsed time = 0.39ms, Termination time = 0.00ms
[2024-12-07T18:48:45.479+0800][1.407s][debug][gc,stats          ]   Step Times (cum): num = 62, avg = 0.00ms, sd = 0.00ms max = 0.00ms, total = 0.00ms
[2024-12-07T18:48:45.480+0800][1.407s][debug][gc,stats          ]   Mark Stats Cache: hits 1854 misses 2 ratio 99.892
[2024-12-07T18:48:45.480+0800][1.407s][debug][gc,stats          ] ---------------------------------------------------------------------
[2024-12-07T18:48:45.480+0800][1.407s][debug][gc,stats          ] Marking Stats, task = 4, calls = 37
[2024-12-07T18:48:45.480+0800][1.407s][debug][gc,stats          ]   Elapsed time = 0.39ms, Termination time = 0.00ms
[2024-12-07T18:48:45.480+0800][1.407s][debug][gc,stats          ]   Step Times (cum): num = 39, avg = 0.00ms, sd = 0.00ms max = 0.00ms, total = 0.00ms
[2024-12-07T18:48:45.480+0800][1.407s][debug][gc,stats          ]   Mark Stats Cache: hits 605 misses 2 ratio 99.671
[2024-12-07T18:48:45.480+0800][1.407s][debug][gc,stats          ] ---------------------------------------------------------------------
[2024-12-07T18:48:45.480+0800][1.407s][info ][gc,marking        ] GC(3) Concurrent Mark From Roots 2.957ms
[2024-12-07T18:48:45.480+0800][1.407s][info ][gc,marking        ] GC(3) Concurrent Preclean
[2024-12-07T18:48:45.480+0800][1.408s][debug][gc,ref,start      ] GC(3) Preclean SoftReferences
[2024-12-07T18:48:45.480+0800][1.408s][debug][gc,ref            ] GC(3) Preclean SoftReferences 0.075ms
[2024-12-07T18:48:45.480+0800][1.408s][debug][gc,ref,start      ] GC(3) Preclean WeakReferences
[2024-12-07T18:48:45.480+0800][1.408s][debug][gc,ref            ] GC(3) Preclean WeakReferences 0.073ms
[2024-12-07T18:48:45.481+0800][1.408s][debug][gc,ref,start      ] GC(3) Preclean FinalReferences
[2024-12-07T18:48:45.481+0800][1.408s][debug][gc,ref            ] GC(3) Preclean FinalReferences 0.072ms
[2024-12-07T18:48:45.481+0800][1.408s][debug][gc,ref,start      ] GC(3) Preclean PhantomReferences
[2024-12-07T18:48:45.481+0800][1.408s][debug][gc,ref            ] GC(3) Preclean PhantomReferences 0.072ms
[2024-12-07T18:48:45.481+0800][1.408s][info ][gc,marking        ] GC(3) Concurrent Preclean 0.638ms
[2024-12-07T18:48:45.481+0800][1.408s][info ][gc,marking        ] GC(3) Concurrent Mark (1.404s, 1.408s) 3.799ms
[2024-12-07T18:48:45.481+0800][1.408s][info ][gc,start          ] GC(3) Pause Remark
[2024-12-07T18:48:45.481+0800][1.408s][debug][gc,phases,start   ] GC(3) Finalize Marking
[2024-12-07T18:48:45.485+0800][1.412s][debug][gc,stats          ] ---------------------------------------------------------------------
[2024-12-07T18:48:45.485+0800][1.412s][debug][gc,stats          ] Marking Stats, task = 0, calls = 74
[2024-12-07T18:48:45.485+0800][1.413s][debug][gc,stats          ]   Elapsed time = 3.62ms, Termination time = 2.98ms
[2024-12-07T18:48:45.486+0800][1.413s][debug][gc,stats          ]   Step Times (cum): num = 178, avg = 0.02ms, sd = 0.22ms max = 2.98ms, total = 2.98ms
[2024-12-07T18:48:45.486+0800][1.413s][debug][gc,stats          ]   Mark Stats Cache: hits 6903 misses 121 ratio 98.277
[2024-12-07T18:48:45.486+0800][1.413s][debug][gc,stats          ] ---------------------------------------------------------------------
[2024-12-07T18:48:45.486+0800][1.413s][debug][gc,stats          ] Marking Stats, task = 1, calls = 39
[2024-12-07T18:48:45.486+0800][1.413s][debug][gc,stats          ]   Elapsed time = 3.61ms, Termination time = 3.12ms
[2024-12-07T18:48:45.486+0800][1.413s][debug][gc,stats          ]   Step Times (cum): num = 77, avg = 0.04ms, sd = 0.35ms max = 3.12ms, total = 3.12ms
[2024-12-07T18:48:45.486+0800][1.413s][debug][gc,stats          ]   Mark Stats Cache: hits 585 misses 2 ratio 99.659
[2024-12-07T18:48:45.486+0800][1.414s][debug][gc,stats          ] ---------------------------------------------------------------------
[2024-12-07T18:48:45.487+0800][1.414s][debug][gc,stats          ] Marking Stats, task = 2, calls = 39
[2024-12-07T18:48:45.487+0800][1.414s][debug][gc,stats          ]   Elapsed time = 3.61ms, Termination time = 2.97ms
[2024-12-07T18:48:45.487+0800][1.414s][debug][gc,stats          ]   Step Times (cum): num = 74, avg = 0.04ms, sd = 0.34ms max = 2.97ms, total = 2.97ms
[2024-12-07T18:48:45.487+0800][1.414s][debug][gc,stats          ]   Mark Stats Cache: hits 537 misses 2 ratio 99.629
[2024-12-07T18:48:45.487+0800][1.414s][debug][gc,stats          ] ---------------------------------------------------------------------
[2024-12-07T18:48:45.487+0800][1.414s][debug][gc,stats          ] Marking Stats, task = 3, calls = 30
[2024-12-07T18:48:45.487+0800][1.415s][debug][gc,stats          ]   Elapsed time = 3.61ms, Termination time = 2.97ms
[2024-12-07T18:48:45.488+0800][1.415s][debug][gc,stats          ]   Step Times (cum): num = 63, avg = 0.05ms, sd = 0.37ms max = 2.97ms, total = 2.97ms
[2024-12-07T18:48:45.488+0800][1.415s][debug][gc,stats          ]   Mark Stats Cache: hits 1854 misses 2 ratio 99.892
[2024-12-07T18:48:45.488+0800][1.415s][debug][gc,stats          ] ---------------------------------------------------------------------
[2024-12-07T18:48:45.488+0800][1.415s][debug][gc,stats          ] Marking Stats, task = 4, calls = 38
[2024-12-07T18:48:45.488+0800][1.415s][debug][gc,stats          ]   Elapsed time = 3.62ms, Termination time = 2.97ms
[2024-12-07T18:48:45.488+0800][1.415s][debug][gc,stats          ]   Step Times (cum): num = 40, avg = 0.07ms, sd = 0.46ms max = 2.97ms, total = 2.97ms
[2024-12-07T18:48:45.488+0800][1.415s][debug][gc,stats          ]   Mark Stats Cache: hits 605 misses 2 ratio 99.671
[2024-12-07T18:48:45.488+0800][1.416s][debug][gc,stats          ] ---------------------------------------------------------------------
[2024-12-07T18:48:45.488+0800][1.416s][debug][gc,stats          ] Marking Stats, task = 5, calls = 1
[2024-12-07T18:48:45.489+0800][1.416s][debug][gc,stats          ]   Elapsed time = 3.54ms, Termination time = 3.00ms
[2024-12-07T18:48:45.489+0800][1.416s][debug][gc,stats          ]   Step Times (cum): num = 2, avg = 1.50ms, sd = 1.50ms max = 3.00ms, total = 3.00ms
[2024-12-07T18:48:45.489+0800][1.416s][debug][gc,stats          ]   Mark Stats Cache: hits 0 misses 0 ratio 0.000
[2024-12-07T18:48:45.489+0800][1.416s][debug][gc,stats          ] ---------------------------------------------------------------------
[2024-12-07T18:48:45.489+0800][1.416s][debug][gc,stats          ] Marking Stats, task = 6, calls = 1
[2024-12-07T18:48:45.489+0800][1.416s][debug][gc,stats          ]   Elapsed time = 3.53ms, Termination time = 3.04ms
[2024-12-07T18:48:45.489+0800][1.416s][debug][gc,stats          ]   Step Times (cum): num = 2, avg = 1.52ms, sd = 1.52ms max = 3.04ms, total = 3.04ms
[2024-12-07T18:48:45.489+0800][1.416s][debug][gc,stats          ]   Mark Stats Cache: hits 0 misses 0 ratio 0.000
[2024-12-07T18:48:45.489+0800][1.417s][debug][gc,stats          ] ---------------------------------------------------------------------
[2024-12-07T18:48:45.489+0800][1.417s][debug][gc,stats          ] Marking Stats, task = 7, calls = 1
[2024-12-07T18:48:45.489+0800][1.417s][debug][gc,stats          ]   Elapsed time = 3.47ms, Termination time = 2.98ms
[2024-12-07T18:48:45.490+0800][1.417s][debug][gc,stats          ]   Step Times (cum): num = 2, avg = 1.49ms, sd = 1.49ms max = 2.98ms, total = 2.98ms
[2024-12-07T18:48:45.490+0800][1.417s][debug][gc,stats          ]   Mark Stats Cache: hits 0 misses 0 ratio 0.000
[2024-12-07T18:48:45.490+0800][1.417s][debug][gc,stats          ] ---------------------------------------------------------------------
[2024-12-07T18:48:45.490+0800][1.417s][debug][gc,stats          ] Marking Stats, task = 8, calls = 1
[2024-12-07T18:48:45.490+0800][1.417s][debug][gc,stats          ]   Elapsed time = 3.48ms, Termination time = 2.98ms
[2024-12-07T18:48:45.490+0800][1.417s][debug][gc,stats          ]   Step Times (cum): num = 2, avg = 1.49ms, sd = 1.49ms max = 2.98ms, total = 2.98ms
[2024-12-07T18:48:45.490+0800][1.417s][debug][gc,stats          ]   Mark Stats Cache: hits 0 misses 0 ratio 0.000
[2024-12-07T18:48:45.490+0800][1.417s][debug][gc,stats          ] ---------------------------------------------------------------------
[2024-12-07T18:48:45.490+0800][1.417s][debug][gc,stats          ] Marking Stats, task = 9, calls = 1
[2024-12-07T18:48:45.490+0800][1.418s][debug][gc,stats          ]   Elapsed time = 2.89ms, Termination time = 2.72ms
[2024-12-07T18:48:45.491+0800][1.418s][debug][gc,stats          ]   Step Times (cum): num = 2, avg = 1.36ms, sd = 1.36ms max = 2.72ms, total = 2.72ms
[2024-12-07T18:48:45.491+0800][1.418s][debug][gc,stats          ]   Mark Stats Cache: hits 0 misses 0 ratio 0.000
[2024-12-07T18:48:45.491+0800][1.418s][debug][gc,stats          ] ---------------------------------------------------------------------
[2024-12-07T18:48:45.491+0800][1.418s][debug][gc,stats          ] Marking Stats, task = 10, calls = 1
[2024-12-07T18:48:45.491+0800][1.418s][debug][gc,stats          ]   Elapsed time = 0.21ms, Termination time = 0.00ms
[2024-12-07T18:48:45.491+0800][1.418s][debug][gc,stats          ]   Step Times (cum): num = 2, avg = 0.00ms, sd = 0.00ms max = 0.00ms, total = 0.00ms
[2024-12-07T18:48:45.491+0800][1.418s][debug][gc,stats          ]   Mark Stats Cache: hits 0 misses 0 ratio 0.000
[2024-12-07T18:48:45.491+0800][1.419s][debug][gc,stats          ] ---------------------------------------------------------------------
[2024-12-07T18:48:45.491+0800][1.419s][debug][gc,stats          ] Marking Stats, task = 11, calls = 1
[2024-12-07T18:48:45.492+0800][1.419s][debug][gc,stats          ]   Elapsed time = 0.00ms, Termination time = 0.00ms
[2024-12-07T18:48:45.492+0800][1.419s][debug][gc,stats          ]   Step Times (cum): num = 2, avg = 0.00ms, sd = 0.00ms max = 0.00ms, total = 0.00ms
[2024-12-07T18:48:45.492+0800][1.419s][debug][gc,stats          ]   Mark Stats Cache: hits 0 misses 0 ratio 0.000
[2024-12-07T18:48:45.492+0800][1.419s][debug][gc,stats          ] ---------------------------------------------------------------------
[2024-12-07T18:48:45.492+0800][1.419s][debug][gc,phases         ] GC(3) Finalize Marking 10.701ms
[2024-12-07T18:48:45.492+0800][1.419s][debug][gc,phases,start   ] GC(3) Reference Processing
[2024-12-07T18:48:45.492+0800][1.419s][debug][gc,ref            ] GC(3) Skipped phase1 of Reference Processing due to unavailable references
[2024-12-07T18:48:45.492+0800][1.419s][debug][gc,ref            ] GC(3) Skipped phase2 of Reference Processing due to unavailable references
[2024-12-07T18:48:45.492+0800][1.419s][debug][gc,ref            ] GC(3) Skipped phase3 of Reference Processing due to unavailable references
[2024-12-07T18:48:45.492+0800][1.420s][debug][gc,ref            ] GC(3) Skipped phase4 of Reference Processing due to unavailable references
[2024-12-07T18:48:45.492+0800][1.420s][debug][gc,phases,ref     ] GC(3) Reference Processing: 0.4ms
[2024-12-07T18:48:45.493+0800][1.420s][debug][gc,phases,ref     ] GC(3)   Reconsider SoftReferences: 0.1ms
[2024-12-07T18:48:45.493+0800][1.420s][debug][gc,phases,ref     ] GC(3)     SoftRef (ms):             skipped
[2024-12-07T18:48:45.493+0800][1.420s][debug][gc,phases,ref     ] GC(3)   Notify Soft/WeakReferences: 0.1ms
[2024-12-07T18:48:45.493+0800][1.420s][debug][gc,phases,ref     ] GC(3)     SoftRef (ms):             skipped
[2024-12-07T18:48:45.493+0800][1.420s][debug][gc,phases,ref     ] GC(3)     WeakRef (ms):             skipped
[2024-12-07T18:48:45.493+0800][1.420s][debug][gc,phases,ref     ] GC(3)     FinalRef (ms):            skipped
[2024-12-07T18:48:45.493+0800][1.420s][debug][gc,phases,ref     ] GC(3)     Total (ms):               skipped
[2024-12-07T18:48:45.493+0800][1.421s][debug][gc,phases,ref     ] GC(3)   Notify and keep alive finalizable: 0.1ms
[2024-12-07T18:48:45.493+0800][1.421s][debug][gc,phases,ref     ] GC(3)     FinalRef (ms):            skipped
[2024-12-07T18:48:45.493+0800][1.421s][debug][gc,phases,ref     ] GC(3)   Notify PhantomReferences: 0.1ms
[2024-12-07T18:48:45.494+0800][1.421s][debug][gc,phases,ref     ] GC(3)     PhantomRef (ms):          skipped
[2024-12-07T18:48:45.494+0800][1.421s][debug][gc,phases,ref     ] GC(3)   SoftReference:
[2024-12-07T18:48:45.494+0800][1.421s][debug][gc,phases,ref     ] GC(3)     Discovered: 0
[2024-12-07T18:48:45.494+0800][1.421s][debug][gc,phases,ref     ] GC(3)     Cleared: 0
[2024-12-07T18:48:45.494+0800][1.421s][debug][gc,phases,ref     ] GC(3)   WeakReference:
[2024-12-07T18:48:45.494+0800][1.421s][debug][gc,phases,ref     ] GC(3)     Discovered: 0
[2024-12-07T18:48:45.494+0800][1.421s][debug][gc,phases,ref     ] GC(3)     Cleared: 0
[2024-12-07T18:48:45.494+0800][1.421s][debug][gc,phases,ref     ] GC(3)   FinalReference:
[2024-12-07T18:48:45.494+0800][1.422s][debug][gc,phases,ref     ] GC(3)     Discovered: 0
[2024-12-07T18:48:45.494+0800][1.422s][debug][gc,phases,ref     ] GC(3)     Cleared: 0
[2024-12-07T18:48:45.495+0800][1.422s][debug][gc,phases,ref     ] GC(3)   PhantomReference:
[2024-12-07T18:48:45.495+0800][1.422s][debug][gc,phases,ref     ] GC(3)     Discovered: 0
[2024-12-07T18:48:45.495+0800][1.422s][debug][gc,phases,ref     ] GC(3)     Cleared: 0
[2024-12-07T18:48:45.495+0800][1.422s][debug][gc,phases         ] GC(3) Reference Processing 2.788ms
[2024-12-07T18:48:45.495+0800][1.422s][debug][gc,phases,start   ] GC(3) Weak Processing
[2024-12-07T18:48:45.495+0800][1.422s][debug][gc,phases         ] GC(3) Weak Processing 0.091ms
[2024-12-07T18:48:45.495+0800][1.422s][debug][gc,phases,start   ] GC(3) Class Unloading
[2024-12-07T18:48:45.495+0800][1.422s][debug][gc,phases,start   ] GC(3) ClassLoaderData
[2024-12-07T18:48:45.495+0800][1.422s][debug][gc,phases         ] GC(3) ClassLoaderData 0.114ms
[2024-12-07T18:48:45.495+0800][1.423s][debug][gc,phases,start   ] GC(3) ProtectionDomainCacheTable
[2024-12-07T18:48:45.495+0800][1.423s][debug][gc,phases         ] GC(3) ProtectionDomainCacheTable 0.098ms
[2024-12-07T18:48:45.496+0800][1.423s][info ][gc,stringtable    ] GC(3) Cleaned string and symbol table, strings: 39 processed, 0 removed, symbols: 191 processed, 0 removed
[2024-12-07T18:48:45.496+0800][1.423s][debug][gc,phases         ] GC(3) Class Unloading 0.867ms
[2024-12-07T18:48:45.496+0800][1.423s][debug][gc,phases,start   ] GC(3) Flush Task Caches
[2024-12-07T18:48:45.496+0800][1.423s][debug][gc,stats          ] Mark stats cache hits 10484 misses 129 ratio 98.785
[2024-12-07T18:48:45.496+0800][1.423s][debug][gc,phases         ] GC(3) Flush Task Caches 0.206ms
[2024-12-07T18:48:45.496+0800][1.424s][debug][gc,phases,start   ] GC(3) Update Remembered Set Tracking Before Rebuild
[2024-12-07T18:48:45.496+0800][1.424s][debug][gc,ergo           ] GC(3) Running G1 Update RemSet Tracking Before Rebuild using 2 workers for 504 regions in heap
[2024-12-07T18:48:45.497+0800][1.424s][debug][gc,remset,tracking] GC(3) Remembered Set Tracking update regions total 504, selected 0
[2024-12-07T18:48:45.497+0800][1.424s][debug][gc,phases         ] GC(3) Update Remembered Set Tracking Before Rebuild 0.412ms
[2024-12-07T18:48:45.497+0800][1.424s][debug][gc,phases,start   ] GC(3) Reclaim Empty Regions
[2024-12-07T18:48:45.497+0800][1.424s][debug][gc,phases         ] GC(3) Reclaim Empty Regions 0.230ms
[2024-12-07T18:48:45.497+0800][1.424s][debug][gc,phases,start   ] GC(3) Purge Metaspace
[2024-12-07T18:48:45.497+0800][1.425s][debug][gc,phases         ] GC(3) Purge Metaspace 0.115ms
[2024-12-07T18:48:45.497+0800][1.425s][debug][gc,phases,start   ] GC(3) Report Object Count
[2024-12-07T18:48:45.498+0800][1.425s][debug][gc,phases         ] GC(3) Report Object Count 0.103ms
[2024-12-07T18:48:45.498+0800][1.425s][info ][gc                ] GC(3) Pause Remark 261M->261M(504M) 16.517ms
[2024-12-07T18:48:45.498+0800][1.425s][info ][gc,cpu            ] GC(3) User=0.02s Sys=0.01s Real=0.01s
[2024-12-07T18:48:45.498+0800][1.425s][info ][gc,marking        ] GC(3) Concurrent Rebuild Remembered Sets
[2024-12-07T18:48:45.498+0800][1.425s][info ][gc,marking        ] GC(3) Concurrent Rebuild Remembered Sets 0.292ms
[2024-12-07T18:48:45.498+0800][1.426s][info ][gc,start          ] GC(3) Pause Cleanup
[2024-12-07T18:48:45.498+0800][1.426s][debug][gc,phases,start   ] GC(3) Update Remembered Set Tracking After Rebuild
[2024-12-07T18:48:45.499+0800][1.426s][debug][gc,phases         ] GC(3) Update Remembered Set Tracking After Rebuild 0.128ms
[2024-12-07T18:48:45.499+0800][1.426s][debug][gc,phases,start   ] GC(3) Finalize Concurrent Mark Cleanup
[2024-12-07T18:48:45.499+0800][1.426s][debug][gc,ergo           ] GC(3) request young-only gcs (candidate old regions not available)
[2024-12-07T18:48:45.499+0800][1.426s][debug][gc,phases         ] GC(3) Finalize Concurrent Mark Cleanup 0.307ms
[2024-12-07T18:48:45.499+0800][1.426s][info ][gc                ] GC(3) Pause Cleanup 261M->261M(504M) 0.720ms
[2024-12-07T18:48:45.499+0800][1.426s][info ][gc,cpu            ] GC(3) User=0.00s Sys=0.00s Real=0.00s
[2024-12-07T18:48:45.499+0800][1.427s][info ][gc,marking        ] GC(3) Concurrent Cleanup for Next Mark
[2024-12-07T18:48:45.499+0800][1.427s][debug][gc,ergo           ] GC(3) Running G1 Clear Bitmap with 5 workers for 8 work units.
[2024-12-07T18:48:45.501+0800][1.428s][info ][gc,marking        ] GC(3) Concurrent Cleanup for Next Mark 1.686ms
[2024-12-07T18:48:45.501+0800][1.428s][info ][gc                ] GC(3) Concurrent Cycle 24.713ms
[2024-12-07T18:48:45.582+0800][1.510s][debug][gc,ergo,ihop      ] Request concurrent cycle initiation (occupancy higher than threshold) occupancy: 274726912B allocation request: 1048592B threshold: 236873318B (44.82) source: concurrent humongous allocation
[2024-12-07T18:48:45.583+0800][1.510s][debug][gc,ergo           ] Request concurrent cycle initiation (requested by GC cause). GC cause: G1 Humongous Allocation
[2024-12-07T18:48:45.583+0800][1.510s][debug][gc,heap           ] GC(4) Heap before GC invocations=4 (full 0): garbage-first heap   total 516096K, used 267404K [0x00000000e0000000, 0x0000000100000000)
[2024-12-07T18:48:45.583+0800][1.510s][debug][gc,heap           ] GC(4)   region size 1024K, 2 young (2048K), 1 survivors (1024K)
[2024-12-07T18:48:45.583+0800][1.511s][debug][gc,heap           ] GC(4)  Metaspace       used 554K, capacity 4570K, committed 4864K, reserved 1056768K
[2024-12-07T18:48:45.583+0800][1.511s][debug][gc,heap           ] GC(4)   class space    used 46K, capacity 419K, committed 512K, reserved 1048576K
[2024-12-07T18:48:45.584+0800][1.511s][debug][gc,ergo           ] GC(4) Initiate concurrent cycle (concurrent cycle initiation requested)
[2024-12-07T18:48:45.584+0800][1.511s][info ][gc,start          ] GC(4) Pause Young (Concurrent Start) (G1 Humongous Allocation)
[2024-12-07T18:48:45.584+0800][1.511s][info ][gc,task           ] GC(4) Using 12 workers of 18 for evacuation
[2024-12-07T18:48:45.584+0800][1.511s][debug][gc,tlab           ] GC(4) TLAB totals: thrds: 1  refills: 1 max: 1 slow allocs: 1 max 1 waste: 100.0% gc: 524128B max: 524128B slow: 0B max: 0B fast: 0B max: 0B
[2024-12-07T18:48:45.584+0800][1.511s][debug][gc,alloc,region   ] GC(4) Mutator Allocation stats, regions: 1, wasted size: 0B ( 0.0%)
[2024-12-07T18:48:45.584+0800][1.511s][debug][gc,age            ] GC(4) Desired survivor size 6815744 bytes, new threshold 15 (max threshold 15)
[2024-12-07T18:48:45.584+0800][1.511s][debug][gc,ergo,cset      ] GC(4) Finish choosing CSet. old: 0 regions, predicted old region time: 0.00ms, time remaining: 178.97
[2024-12-07T18:48:45.584+0800][1.512s][debug][gc,task,stats     ] GC(4) GC Termination Stats
[2024-12-07T18:48:45.585+0800][1.512s][debug][gc,task,stats     ] GC(4)      elapsed  --strong roots-- -------termination------- ------waste (KiB)------
[2024-12-07T18:48:45.585+0800][1.512s][debug][gc,task,stats     ] GC(4) thr     ms        ms      %        ms      %    attempts  total   alloc    undo
[2024-12-07T18:48:45.585+0800][1.512s][debug][gc,task,stats     ] GC(4) --- --------- --------- ------ --------- ------ -------- ------- ------- -------
[2024-12-07T18:48:45.588+0800][1.515s][debug][gc,task,stats     ] GC(4)   2      2.91      2.90  99.65      0.00   0.03        1       0       0       0
[2024-12-07T18:48:45.590+0800][1.517s][debug][gc,task,stats     ] GC(4)   7      4.81      0.71  14.73      2.21  45.97       17       0       0       0
[2024-12-07T18:48:45.591+0800][1.518s][debug][gc,task,stats     ] GC(4)   4      5.49      0.90  16.43      2.17  39.51       16       0       0       0
[2024-12-07T18:48:45.591+0800][1.518s][debug][gc,task,stats     ] GC(4)   1      5.93      1.27  21.37      1.91  32.12        5       0       0       0
[2024-12-07T18:48:45.591+0800][1.518s][debug][gc,task,stats     ] GC(4)   0      6.09      0.87  14.22      2.02  33.20       30       0       0       0
[2024-12-07T18:48:45.591+0800][1.518s][debug][gc,task,stats     ] GC(4)   3      6.18      1.13  18.36      1.87  30.29       13       0       0       0
[2024-12-07T18:48:45.591+0800][1.519s][debug][gc,task,stats     ] GC(4)   6      6.25      0.94  15.03      2.01  32.07       11       0       0       0
[2024-12-07T18:48:45.591+0800][1.519s][debug][gc,task,stats     ] GC(4)   8      6.32      0.71  11.28      1.99  31.52       27       0       0       0
[2024-12-07T18:48:45.592+0800][1.519s][debug][gc,task,stats     ] GC(4)   9      6.41      0.68  10.66      2.03  31.64       14       0       0       0
[2024-12-07T18:48:45.592+0800][1.519s][debug][gc,task,stats     ] GC(4)   5      6.57      1.33  20.25      1.58  23.98       11       0       0       0
[2024-12-07T18:48:45.592+0800][1.519s][debug][gc,task,stats     ] GC(4)  10      6.61      0.70  10.66      1.79  27.16       46       0       0       0
[2024-12-07T18:48:45.592+0800][1.519s][debug][gc,task,stats     ] GC(4)  11      6.64      1.03  15.49      1.60  24.15       21       0       0       0
[2024-12-07T18:48:45.592+0800][1.519s][debug][gc,ergo           ] GC(4) Running G1 Clear Card Table Task using 1 workers for 1 units of work for 3 regions.
[2024-12-07T18:48:45.592+0800][1.519s][debug][gc,ref            ] GC(4) Skipped phase1 of Reference Processing due to unavailable references
[2024-12-07T18:48:45.592+0800][1.519s][debug][gc,ref            ] GC(4) Skipped phase3 of Reference Processing due to unavailable references
[2024-12-07T18:48:45.592+0800][1.520s][debug][gc,ergo           ] GC(4) Running G1 Free Collection Set using 1 workers for collection set length 2
[2024-12-07T18:48:45.593+0800][1.520s][debug][gc,humongous      ] GC(4) Live humongous region 0 object size 1048592 start 0x00000000e0000000  with remset 0 code roots 0 is marked 0 reclaim candidate 0 type array 1
[2024-12-07T18:48:45.593+0800][1.520s][debug][gc,humongous      ] GC(4) Live humongous region 2 object size 1048592 start 0x00000000e0200000  with remset 0 code roots 0 is marked 0 reclaim candidate 0 type array 1
[2024-12-07T18:48:45.593+0800][1.520s][debug][gc,humongous      ] GC(4) Live humongous region 4 object size 1048592 start 0x00000000e0400000  with remset 0 code roots 0 is marked 0 reclaim candidate 0 type array 1
[2024-12-07T18:48:45.593+0800][1.520s][debug][gc,humongous      ] GC(4) Live humongous region 6 object size 1048592 start 0x00000000e0600000  with remset 0 code roots 0 is marked 0 reclaim candidate 0 type array 1
[2024-12-07T18:48:45.593+0800][1.520s][debug][gc,humongous      ] GC(4) Live humongous region 8 object size 1048592 start 0x00000000e0800000  with remset 0 code roots 0 is marked 0 reclaim candidate 0 type array 1
[2024-12-07T18:48:45.593+0800][1.520s][debug][gc,humongous      ] GC(4) Live humongous region 10 object size 1048592 start 0x00000000e0a00000  with remset 0 code roots 0 is marked 0 reclaim candidate 0 type array 1
[2024-12-07T18:48:45.593+0800][1.520s][debug][gc,humongous      ] GC(4) Live humongous region 12 object size 1048592 start 0x00000000e0c00000  with remset 0 code roots 0 is marked 0 reclaim candidate 0 type array 1
[2024-12-07T18:48:45.593+0800][1.520s][debug][gc,humongous      ] GC(4) Live humongous region 14 object size 1048592 start 0x00000000e0e00000  with remset 0 code roots 0 is marked 0 reclaim candidate 0 type array 1
[2024-12-07T18:48:45.593+0800][1.521s][debug][gc,humongous      ] GC(4) Live humongous region 16 object size 1048592 start 0x00000000e1000000  with remset 0 code roots 0 is marked 0 reclaim candidate 0 type array 1
[2024-12-07T18:48:45.593+0800][1.521s][debug][gc,humongous      ] GC(4) Live humongous region 18 object size 1048592 start 0x00000000e1200000  with remset 0 code roots 0 is marked 0 reclaim candidate 0 type array 1
[2024-12-07T18:48:45.593+0800][1.521s][debug][gc,humongous      ] GC(4) Live humongous region 20 object size 1048592 start 0x00000000e1400000  with remset 0 code roots 0 is marked 0 reclaim candidate 0 type array 1
[2024-12-07T18:48:45.594+0800][1.521s][debug][gc,humongous      ] GC(4) Live humongous region 22 object size 1048592 start 0x00000000e1600000  with remset 0 code roots 0 is marked 0 reclaim candidate 0 type array 1
[2024-12-07T18:48:45.594+0800][1.521s][debug][gc,humongous      ] GC(4) Live humongous region 24 object size 1048592 start 0x00000000e1800000  with remset 0 code roots 0 is marked 0 reclaim candidate 0 type array 1
[2024-12-07T18:48:45.594+0800][1.521s][debug][gc,humongous      ] GC(4) Live humongous region 26 object size 1048592 start 0x00000000e1a00000  with remset 0 code roots 0 is marked 0 reclaim candidate 0 type array 1
[2024-12-07T18:48:45.594+0800][1.521s][debug][gc,humongous      ] GC(4) Live humongous region 28 object size 1048592 start 0x00000000e1c00000  with remset 0 code roots 0 is marked 0 reclaim candidate 0 type array 1
[2024-12-07T18:48:45.594+0800][1.521s][debug][gc,humongous      ] GC(4) Live humongous region 30 object size 1048592 start 0x00000000e1e00000  with remset 0 code roots 0 is marked 0 reclaim candidate 0 type array 1
[2024-12-07T18:48:45.594+0800][1.521s][debug][gc,humongous      ] GC(4) Live humongous region 32 object size 1048592 start 0x00000000e2000000  with remset 0 code roots 0 is marked 0 reclaim candidate 0 type array 1
[2024-12-07T18:48:45.594+0800][1.521s][debug][gc,humongous      ] GC(4) Live humongous region 34 object size 1048592 start 0x00000000e2200000  with remset 0 code roots 0 is marked 0 reclaim candidate 0 type array 1
[2024-12-07T18:48:45.594+0800][1.521s][debug][gc,humongous      ] GC(4) Live humongous region 36 object size 1048592 start 0x00000000e2400000  with remset 0 code roots 0 is marked 0 reclaim candidate 0 type array 1
[2024-12-07T18:48:45.594+0800][1.521s][debug][gc,humongous      ] GC(4) Live humongous region 38 object size 1048592 start 0x00000000e2600000  with remset 0 code roots 0 is marked 0 reclaim candidate 0 type array 1
[2024-12-07T18:48:45.594+0800][1.521s][debug][gc,humongous      ] GC(4) Live humongous region 40 object size 1048592 start 0x00000000e2800000  with remset 0 code roots 0 is marked 0 reclaim candidate 0 type array 1
[2024-12-07T18:48:45.594+0800][1.522s][debug][gc,humongous      ] GC(4) Live humongous region 42 object size 1048592 start 0x00000000e2a00000  with remset 0 code roots 0 is marked 0 reclaim candidate 0 type array 1
[2024-12-07T18:48:45.594+0800][1.522s][debug][gc,humongous      ] GC(4) Live humongous region 44 object size 1048592 start 0x00000000e2c00000  with remset 0 code roots 0 is marked 0 reclaim candidate 0 type array 1
[2024-12-07T18:48:45.594+0800][1.522s][debug][gc,humongous      ] GC(4) Live humongous region 46 object size 1048592 start 0x00000000e2e00000  with remset 0 code roots 0 is marked 0 reclaim candidate 0 type array 1
[2024-12-07T18:48:45.595+0800][1.522s][debug][gc,humongous      ] GC(4) Live humongous region 48 object size 1048592 start 0x00000000e3000000  with remset 0 code roots 0 is marked 0 reclaim candidate 0 type array 1
[2024-12-07T18:48:45.595+0800][1.522s][debug][gc,humongous      ] GC(4) Live humongous region 50 object size 1048592 start 0x00000000e3200000  with remset 0 code roots 0 is marked 0 reclaim candidate 0 type array 1
[2024-12-07T18:48:45.595+0800][1.522s][debug][gc,humongous      ] GC(4) Live humongous region 52 object size 1048592 start 0x00000000e3400000  with remset 0 code roots 0 is marked 0 reclaim candidate 0 type array 1
[2024-12-07T18:48:45.595+0800][1.522s][debug][gc,humongous      ] GC(4) Live humongous region 54 object size 1048592 start 0x00000000e3600000  with remset 0 code roots 0 is marked 0 reclaim candidate 0 type array 1
[2024-12-07T18:48:45.595+0800][1.522s][debug][gc,humongous      ] GC(4) Live humongous region 56 object size 1048592 start 0x00000000e3800000  with remset 0 code roots 0 is marked 0 reclaim candidate 0 type array 1
[2024-12-07T18:48:45.595+0800][1.522s][debug][gc,humongous      ] GC(4) Live humongous region 58 object size 1048592 start 0x00000000e3a00000  with remset 0 code roots 0 is marked 0 reclaim candidate 0 type array 1
[2024-12-07T18:48:45.595+0800][1.522s][debug][gc,humongous      ] GC(4) Live humongous region 60 object size 1048592 start 0x00000000e3c00000  with remset 0 code roots 0 is marked 0 reclaim candidate 0 type array 1
[2024-12-07T18:48:45.595+0800][1.522s][debug][gc,humongous      ] GC(4) Live humongous region 62 object size 1048592 start 0x00000000e3e00000  with remset 0 code roots 0 is marked 0 reclaim candidate 0 type array 1
[2024-12-07T18:48:45.595+0800][1.522s][debug][gc,humongous      ] GC(4) Live humongous region 64 object size 1048592 start 0x00000000e4000000  with remset 0 code roots 0 is marked 0 reclaim candidate 0 type array 1
[2024-12-07T18:48:45.595+0800][1.522s][debug][gc,humongous      ] GC(4) Live humongous region 66 object size 1048592 start 0x00000000e4200000  with remset 0 code roots 0 is marked 0 reclaim candidate 0 type array 1
[2024-12-07T18:48:45.595+0800][1.523s][debug][gc,humongous      ] GC(4) Live humongous region 68 object size 1048592 start 0x00000000e4400000  with remset 0 code roots 0 is marked 0 reclaim candidate 0 type array 1
[2024-12-07T18:48:45.595+0800][1.523s][debug][gc,humongous      ] GC(4) Live humongous region 70 object size 1048592 start 0x00000000e4600000  with remset 0 code roots 0 is marked 0 reclaim candidate 0 type array 1
[2024-12-07T18:48:45.595+0800][1.523s][debug][gc,humongous      ] GC(4) Live humongous region 72 object size 1048592 start 0x00000000e4800000  with remset 0 code roots 0 is marked 0 reclaim candidate 0 type array 1
[2024-12-07T18:48:45.596+0800][1.523s][debug][gc,humongous      ] GC(4) Live humongous region 74 object size 1048592 start 0x00000000e4a00000  with remset 0 code roots 0 is marked 0 reclaim candidate 0 type array 1
[2024-12-07T18:48:45.596+0800][1.523s][debug][gc,humongous      ] GC(4) Live humongous region 76 object size 1048592 start 0x00000000e4c00000  with remset 0 code roots 0 is marked 0 reclaim candidate 0 type array 1
[2024-12-07T18:48:45.596+0800][1.523s][debug][gc,humongous      ] GC(4) Live humongous region 78 object size 1048592 start 0x00000000e4e00000  with remset 0 code roots 0 is marked 0 reclaim candidate 0 type array 1
[2024-12-07T18:48:45.596+0800][1.523s][debug][gc,humongous      ] GC(4) Live humongous region 80 object size 1048592 start 0x00000000e5000000  with remset 0 code roots 0 is marked 0 reclaim candidate 0 type array 1
[2024-12-07T18:48:45.596+0800][1.523s][debug][gc,humongous      ] GC(4) Live humongous region 82 object size 1048592 start 0x00000000e5200000  with remset 0 code roots 0 is marked 0 reclaim candidate 0 type array 1
[2024-12-07T18:48:45.596+0800][1.523s][debug][gc,humongous      ] GC(4) Live humongous region 84 object size 1048592 start 0x00000000e5400000  with remset 0 code roots 0 is marked 0 reclaim candidate 0 type array 1
[2024-12-07T18:48:45.596+0800][1.523s][debug][gc,humongous      ] GC(4) Live humongous region 86 object size 1048592 start 0x00000000e5600000  with remset 0 code roots 0 is marked 0 reclaim candidate 0 type array 1
[2024-12-07T18:48:45.596+0800][1.523s][debug][gc,humongous      ] GC(4) Live humongous region 88 object size 1048592 start 0x00000000e5800000  with remset 0 code roots 0 is marked 0 reclaim candidate 0 type array 1
[2024-12-07T18:48:45.596+0800][1.523s][debug][gc,humongous      ] GC(4) Live humongous region 90 object size 1048592 start 0x00000000e5a00000  with remset 0 code roots 0 is marked 0 reclaim candidate 0 type array 1
[2024-12-07T18:48:45.596+0800][1.523s][debug][gc,humongous      ] GC(4) Live humongous region 92 object size 1048592 start 0x00000000e5c00000  with remset 0 code roots 0 is marked 0 reclaim candidate 0 type array 1
[2024-12-07T18:48:45.596+0800][1.523s][debug][gc,humongous      ] GC(4) Live humongous region 94 object size 1048592 start 0x00000000e5e00000  with remset 0 code roots 0 is marked 0 reclaim candidate 0 type array 1
[2024-12-07T18:48:45.596+0800][1.524s][debug][gc,humongous      ] GC(4) Live humongous region 96 object size 1048592 start 0x00000000e6000000  with remset 0 code roots 0 is marked 0 reclaim candidate 0 type array 1
[2024-12-07T18:48:45.596+0800][1.524s][debug][gc,humongous      ] GC(4) Live humongous region 98 object size 1048592 start 0x00000000e6200000  with remset 0 code roots 0 is marked 0 reclaim candidate 0 type array 1
[2024-12-07T18:48:45.597+0800][1.524s][debug][gc,humongous      ] GC(4) Live humongous region 100 object size 1048592 start 0x00000000e6400000  with remset 0 code roots 0 is marked 0 reclaim candidate 0 type array 1
[2024-12-07T18:48:45.597+0800][1.524s][debug][gc,humongous      ] GC(4) Live humongous region 102 object size 1048592 start 0x00000000e6600000  with remset 0 code roots 0 is marked 0 reclaim candidate 0 type array 1
[2024-12-07T18:48:45.597+0800][1.524s][debug][gc,humongous      ] GC(4) Live humongous region 104 object size 1048592 start 0x00000000e6800000  with remset 0 code roots 0 is marked 0 reclaim candidate 0 type array 1
[2024-12-07T18:48:45.597+0800][1.524s][debug][gc,humongous      ] GC(4) Live humongous region 106 object size 1048592 start 0x00000000e6a00000  with remset 0 code roots 0 is marked 0 reclaim candidate 0 type array 1
[2024-12-07T18:48:45.597+0800][1.524s][debug][gc,humongous      ] GC(4) Live humongous region 108 object size 1048592 start 0x00000000e6c00000  with remset 0 code roots 0 is marked 0 reclaim candidate 0 type array 1
[2024-12-07T18:48:45.597+0800][1.524s][debug][gc,humongous      ] GC(4) Live humongous region 110 object size 1048592 start 0x00000000e6e00000  with remset 0 code roots 0 is marked 0 reclaim candidate 0 type array 1
[2024-12-07T18:48:45.597+0800][1.524s][debug][gc,humongous      ] GC(4) Live humongous region 112 object size 1048592 start 0x00000000e7000000  with remset 0 code roots 0 is marked 0 reclaim candidate 0 type array 1
[2024-12-07T18:48:45.597+0800][1.524s][debug][gc,humongous      ] GC(4) Live humongous region 114 object size 1048592 start 0x00000000e7200000  with remset 0 code roots 0 is marked 0 reclaim candidate 0 type array 1
[2024-12-07T18:48:45.597+0800][1.525s][debug][gc,humongous      ] GC(4) Live humongous region 116 object size 1048592 start 0x00000000e7400000  with remset 0 code roots 0 is marked 0 reclaim candidate 0 type array 1
[2024-12-07T18:48:45.597+0800][1.525s][debug][gc,humongous      ] GC(4) Live humongous region 118 object size 1048592 start 0x00000000e7600000  with remset 0 code roots 0 is marked 0 reclaim candidate 0 type array 1
[2024-12-07T18:48:45.597+0800][1.525s][debug][gc,humongous      ] GC(4) Live humongous region 120 object size 1048592 start 0x00000000e7800000  with remset 0 code roots 0 is marked 0 reclaim candidate 0 type array 1
[2024-12-07T18:48:45.597+0800][1.525s][debug][gc,humongous      ] GC(4) Live humongous region 122 object size 1048592 start 0x00000000e7a00000  with remset 0 code roots 0 is marked 0 reclaim candidate 0 type array 1
[2024-12-07T18:48:45.598+0800][1.525s][debug][gc,humongous      ] GC(4) Live humongous region 124 object size 1048592 start 0x00000000e7c00000  with remset 0 code roots 0 is marked 0 reclaim candidate 0 type array 1
[2024-12-07T18:48:45.598+0800][1.525s][debug][gc,humongous      ] GC(4) Live humongous region 126 object size 1048592 start 0x00000000e7e00000  with remset 0 code roots 0 is marked 0 reclaim candidate 0 type array 1
[2024-12-07T18:48:45.598+0800][1.525s][debug][gc,humongous      ] GC(4) Live humongous region 128 object size 1048592 start 0x00000000e8000000  with remset 0 code roots 0 is marked 0 reclaim candidate 0 type array 1
[2024-12-07T18:48:45.598+0800][1.525s][debug][gc,humongous      ] GC(4) Live humongous region 130 object size 1048592 start 0x00000000e8200000  with remset 0 code roots 0 is marked 0 reclaim candidate 0 type array 1
[2024-12-07T18:48:45.598+0800][1.525s][debug][gc,humongous      ] GC(4) Live humongous region 132 object size 1048592 start 0x00000000e8400000  with remset 0 code roots 0 is marked 0 reclaim candidate 0 type array 1
[2024-12-07T18:48:45.598+0800][1.525s][debug][gc,humongous      ] GC(4) Live humongous region 134 object size 1048592 start 0x00000000e8600000  with remset 0 code roots 0 is marked 0 reclaim candidate 0 type array 1
[2024-12-07T18:48:45.598+0800][1.525s][debug][gc,humongous      ] GC(4) Live humongous region 136 object size 1048592 start 0x00000000e8800000  with remset 0 code roots 0 is marked 0 reclaim candidate 0 type array 1
[2024-12-07T18:48:45.598+0800][1.525s][debug][gc,humongous      ] GC(4) Live humongous region 138 object size 1048592 start 0x00000000e8a00000  with remset 0 code roots 0 is marked 0 reclaim candidate 0 type array 1
[2024-12-07T18:48:45.598+0800][1.525s][debug][gc,humongous      ] GC(4) Live humongous region 140 object size 1048592 start 0x00000000e8c00000  with remset 0 code roots 0 is marked 0 reclaim candidate 0 type array 1
[2024-12-07T18:48:45.598+0800][1.525s][debug][gc,humongous      ] GC(4) Live humongous region 142 object size 1048592 start 0x00000000e8e00000  with remset 0 code roots 0 is marked 0 reclaim candidate 0 type array 1
[2024-12-07T18:48:45.598+0800][1.525s][debug][gc,humongous      ] GC(4) Live humongous region 144 object size 1048592 start 0x00000000e9000000  with remset 0 code roots 0 is marked 0 reclaim candidate 0 type array 1
[2024-12-07T18:48:45.598+0800][1.526s][debug][gc,humongous      ] GC(4) Live humongous region 146 object size 1048592 start 0x00000000e9200000  with remset 0 code roots 0 is marked 0 reclaim candidate 0 type array 1
[2024-12-07T18:48:45.598+0800][1.526s][debug][gc,humongous      ] GC(4) Live humongous region 148 object size 1048592 start 0x00000000e9400000  with remset 0 code roots 0 is marked 0 reclaim candidate 0 type array 1
[2024-12-07T18:48:45.598+0800][1.526s][debug][gc,humongous      ] GC(4) Live humongous region 150 object size 1048592 start 0x00000000e9600000  with remset 0 code roots 0 is marked 0 reclaim candidate 0 type array 1
[2024-12-07T18:48:45.598+0800][1.526s][debug][gc,humongous      ] GC(4) Live humongous region 152 object size 1048592 start 0x00000000e9800000  with remset 0 code roots 0 is marked 0 reclaim candidate 0 type array 1
[2024-12-07T18:48:45.599+0800][1.526s][debug][gc,humongous      ] GC(4) Live humongous region 154 object size 1048592 start 0x00000000e9a00000  with remset 0 code roots 0 is marked 0 reclaim candidate 0 type array 1
[2024-12-07T18:48:45.599+0800][1.526s][debug][gc,humongous      ] GC(4) Live humongous region 156 object size 1048592 start 0x00000000e9c00000  with remset 0 code roots 0 is marked 0 reclaim candidate 0 type array 1
[2024-12-07T18:48:45.599+0800][1.526s][debug][gc,humongous      ] GC(4) Live humongous region 158 object size 1048592 start 0x00000000e9e00000  with remset 0 code roots 0 is marked 0 reclaim candidate 0 type array 1
[2024-12-07T18:48:45.599+0800][1.526s][debug][gc,humongous      ] GC(4) Live humongous region 160 object size 1048592 start 0x00000000ea000000  with remset 0 code roots 0 is marked 0 reclaim candidate 0 type array 1
[2024-12-07T18:48:45.599+0800][1.526s][debug][gc,humongous      ] GC(4) Live humongous region 162 object size 1048592 start 0x00000000ea200000  with remset 0 code roots 0 is marked 0 reclaim candidate 0 type array 1
[2024-12-07T18:48:45.599+0800][1.526s][debug][gc,humongous      ] GC(4) Live humongous region 164 object size 1048592 start 0x00000000ea400000  with remset 0 code roots 0 is marked 0 reclaim candidate 0 type array 1
[2024-12-07T18:48:45.599+0800][1.526s][debug][gc,humongous      ] GC(4) Live humongous region 166 object size 1048592 start 0x00000000ea600000  with remset 0 code roots 0 is marked 0 reclaim candidate 0 type array 1
[2024-12-07T18:48:45.599+0800][1.526s][debug][gc,humongous      ] GC(4) Live humongous region 168 object size 1048592 start 0x00000000ea800000  with remset 0 code roots 0 is marked 0 reclaim candidate 0 type array 1
[2024-12-07T18:48:45.599+0800][1.526s][debug][gc,humongous      ] GC(4) Live humongous region 170 object size 1048592 start 0x00000000eaa00000  with remset 0 code roots 0 is marked 0 reclaim candidate 0 type array 1
[2024-12-07T18:48:45.599+0800][1.526s][debug][gc,humongous      ] GC(4) Live humongous region 172 object size 1048592 start 0x00000000eac00000  with remset 0 code roots 0 is marked 0 reclaim candidate 0 type array 1
[2024-12-07T18:48:45.599+0800][1.526s][debug][gc,humongous      ] GC(4) Live humongous region 174 object size 1048592 start 0x00000000eae00000  with remset 0 code roots 0 is marked 0 reclaim candidate 0 type array 1
[2024-12-07T18:48:45.599+0800][1.526s][debug][gc,humongous      ] GC(4) Live humongous region 176 object size 1048592 start 0x00000000eb000000  with remset 0 code roots 0 is marked 0 reclaim candidate 0 type array 1
[2024-12-07T18:48:45.599+0800][1.527s][debug][gc,humongous      ] GC(4) Live humongous region 178 object size 1048592 start 0x00000000eb200000  with remset 0 code roots 0 is marked 0 reclaim candidate 0 type array 1
[2024-12-07T18:48:45.599+0800][1.527s][debug][gc,humongous      ] GC(4) Live humongous region 180 object size 1048592 start 0x00000000eb400000  with remset 0 code roots 0 is marked 0 reclaim candidate 0 type array 1
[2024-12-07T18:48:45.599+0800][1.527s][debug][gc,humongous      ] GC(4) Live humongous region 182 object size 1048592 start 0x00000000eb600000  with remset 0 code roots 0 is marked 0 reclaim candidate 0 type array 1
[2024-12-07T18:48:45.600+0800][1.527s][debug][gc,humongous      ] GC(4) Live humongous region 184 object size 1048592 start 0x00000000eb800000  with remset 0 code roots 0 is marked 0 reclaim candidate 0 type array 1
[2024-12-07T18:48:45.600+0800][1.527s][debug][gc,humongous      ] GC(4) Live humongous region 186 object size 1048592 start 0x00000000eba00000  with remset 0 code roots 0 is marked 0 reclaim candidate 0 type array 1
[2024-12-07T18:48:45.600+0800][1.527s][debug][gc,humongous      ] GC(4) Live humongous region 188 object size 1048592 start 0x00000000ebc00000  with remset 0 code roots 0 is marked 0 reclaim candidate 0 type array 1
[2024-12-07T18:48:45.600+0800][1.527s][debug][gc,humongous      ] GC(4) Live humongous region 190 object size 1048592 start 0x00000000ebe00000  with remset 0 code roots 0 is marked 0 reclaim candidate 0 type array 1
[2024-12-07T18:48:45.600+0800][1.527s][debug][gc,humongous      ] GC(4) Live humongous region 192 object size 1048592 start 0x00000000ec000000  with remset 0 code roots 0 is marked 0 reclaim candidate 0 type array 1
[2024-12-07T18:48:45.600+0800][1.527s][debug][gc,humongous      ] GC(4) Live humongous region 194 object size 1048592 start 0x00000000ec200000  with remset 0 code roots 0 is marked 0 reclaim candidate 0 type array 1
[2024-12-07T18:48:45.600+0800][1.527s][debug][gc,humongous      ] GC(4) Live humongous region 196 object size 1048592 start 0x00000000ec400000  with remset 0 code roots 0 is marked 0 reclaim candidate 0 type array 1
[2024-12-07T18:48:45.600+0800][1.527s][debug][gc,humongous      ] GC(4) Live humongous region 198 object size 1048592 start 0x00000000ec600000  with remset 0 code roots 0 is marked 0 reclaim candidate 0 type array 1
[2024-12-07T18:48:45.600+0800][1.527s][debug][gc,humongous      ] GC(4) Live humongous region 200 object size 1048592 start 0x00000000ec800000  with remset 0 code roots 0 is marked 0 reclaim candidate 0 type array 1
[2024-12-07T18:48:45.600+0800][1.527s][debug][gc,humongous      ] GC(4) Live humongous region 202 object size 1048592 start 0x00000000eca00000  with remset 0 code roots 0 is marked 0 reclaim candidate 0 type array 1
[2024-12-07T18:48:45.600+0800][1.527s][debug][gc,humongous      ] GC(4) Live humongous region 204 object size 1048592 start 0x00000000ecc00000  with remset 0 code roots 0 is marked 0 reclaim candidate 0 type array 1
[2024-12-07T18:48:45.600+0800][1.528s][debug][gc,humongous      ] GC(4) Live humongous region 206 object size 1048592 start 0x00000000ece00000  with remset 0 code roots 0 is marked 0 reclaim candidate 0 type array 1
[2024-12-07T18:48:45.600+0800][1.528s][debug][gc,humongous      ] GC(4) Live humongous region 208 object size 1048592 start 0x00000000ed000000  with remset 0 code roots 0 is marked 0 reclaim candidate 0 type array 1
[2024-12-07T18:48:45.600+0800][1.528s][debug][gc,humongous      ] GC(4) Live humongous region 210 object size 1048592 start 0x00000000ed200000  with remset 0 code roots 0 is marked 0 reclaim candidate 0 type array 1
[2024-12-07T18:48:45.600+0800][1.528s][debug][gc,humongous      ] GC(4) Live humongous region 212 object size 1048592 start 0x00000000ed400000  with remset 0 code roots 0 is marked 0 reclaim candidate 0 type array 1
[2024-12-07T18:48:45.601+0800][1.528s][debug][gc,humongous      ] GC(4) Live humongous region 214 object size 1048592 start 0x00000000ed600000  with remset 0 code roots 0 is marked 0 reclaim candidate 0 type array 1
[2024-12-07T18:48:45.601+0800][1.528s][debug][gc,humongous      ] GC(4) Live humongous region 216 object size 1048592 start 0x00000000ed800000  with remset 0 code roots 0 is marked 0 reclaim candidate 0 type array 1
[2024-12-07T18:48:45.601+0800][1.528s][debug][gc,humongous      ] GC(4) Live humongous region 218 object size 1048592 start 0x00000000eda00000  with remset 0 code roots 0 is marked 0 reclaim candidate 0 type array 1
[2024-12-07T18:48:45.601+0800][1.528s][debug][gc,humongous      ] GC(4) Live humongous region 220 object size 1048592 start 0x00000000edc00000  with remset 0 code roots 0 is marked 0 reclaim candidate 0 type array 1
[2024-12-07T18:48:45.601+0800][1.528s][debug][gc,humongous      ] GC(4) Live humongous region 222 object size 1048592 start 0x00000000ede00000  with remset 0 code roots 0 is marked 0 reclaim candidate 0 type array 1
[2024-12-07T18:48:45.601+0800][1.528s][debug][gc,humongous      ] GC(4) Live humongous region 224 object size 1048592 start 0x00000000ee000000  with remset 0 code roots 0 is marked 0 reclaim candidate 0 type array 1
[2024-12-07T18:48:45.601+0800][1.528s][debug][gc,humongous      ] GC(4) Live humongous region 226 object size 1048592 start 0x00000000ee200000  with remset 0 code roots 0 is marked 0 reclaim candidate 0 type array 1
[2024-12-07T18:48:45.601+0800][1.528s][debug][gc,humongous      ] GC(4) Live humongous region 228 object size 1048592 start 0x00000000ee400000  with remset 0 code roots 0 is marked 0 reclaim candidate 0 type array 1
[2024-12-07T18:48:45.601+0800][1.528s][debug][gc,humongous      ] GC(4) Live humongous region 230 object size 1048592 start 0x00000000ee600000  with remset 0 code roots 0 is marked 0 reclaim candidate 0 type array 1
[2024-12-07T18:48:45.601+0800][1.528s][debug][gc,humongous      ] GC(4) Live humongous region 232 object size 1048592 start 0x00000000ee800000  with remset 0 code roots 0 is marked 0 reclaim candidate 0 type array 1
[2024-12-07T18:48:45.601+0800][1.528s][debug][gc,humongous      ] GC(4) Live humongous region 234 object size 1048592 start 0x00000000eea00000  with remset 0 code roots 0 is marked 0 reclaim candidate 0 type array 1
[2024-12-07T18:48:45.601+0800][1.529s][debug][gc,humongous      ] GC(4) Live humongous region 236 object size 1048592 start 0x00000000eec00000  with remset 0 code roots 0 is marked 0 reclaim candidate 0 type array 1
[2024-12-07T18:48:45.601+0800][1.529s][debug][gc,humongous      ] GC(4) Live humongous region 238 object size 1048592 start 0x00000000eee00000  with remset 0 code roots 0 is marked 0 reclaim candidate 0 type array 1
[2024-12-07T18:48:45.601+0800][1.529s][debug][gc,humongous      ] GC(4) Live humongous region 240 object size 1048592 start 0x00000000ef000000  with remset 0 code roots 0 is marked 0 reclaim candidate 0 type array 1
[2024-12-07T18:48:45.601+0800][1.529s][debug][gc,humongous      ] GC(4) Live humongous region 242 object size 1048592 start 0x00000000ef200000  with remset 0 code roots 0 is marked 0 reclaim candidate 0 type array 1
[2024-12-07T18:48:45.602+0800][1.529s][debug][gc,humongous      ] GC(4) Live humongous region 244 object size 1048592 start 0x00000000ef400000  with remset 0 code roots 0 is marked 0 reclaim candidate 0 type array 1
[2024-12-07T18:48:45.602+0800][1.529s][debug][gc,humongous      ] GC(4) Live humongous region 246 object size 1048592 start 0x00000000ef600000  with remset 0 code roots 0 is marked 0 reclaim candidate 0 type array 1
[2024-12-07T18:48:45.602+0800][1.529s][debug][gc,humongous      ] GC(4) Live humongous region 248 object size 1048592 start 0x00000000ef800000  with remset 0 code roots 0 is marked 0 reclaim candidate 0 type array 1
[2024-12-07T18:48:45.602+0800][1.529s][debug][gc,humongous      ] GC(4) Live humongous region 250 object size 1048592 start 0x00000000efa00000  with remset 0 code roots 0 is marked 0 reclaim candidate 0 type array 1
[2024-12-07T18:48:45.602+0800][1.529s][debug][gc,humongous      ] GC(4) Live humongous region 252 object size 1048592 start 0x00000000efc00000  with remset 0 code roots 0 is marked 0 reclaim candidate 0 type array 1
[2024-12-07T18:48:45.602+0800][1.529s][debug][gc,humongous      ] GC(4) Live humongous region 254 object size 1048592 start 0x00000000efe00000  with remset 0 code roots 0 is marked 0 reclaim candidate 0 type array 1
[2024-12-07T18:48:45.602+0800][1.529s][debug][gc,humongous      ] GC(4) Live humongous region 256 object size 1048592 start 0x00000000f0000000  with remset 0 code roots 0 is marked 0 reclaim candidate 0 type array 1
[2024-12-07T18:48:45.602+0800][1.529s][debug][gc,humongous      ] GC(4) Live humongous region 258 object size 1048592 start 0x00000000f0200000  with remset 0 code roots 0 is marked 0 reclaim candidate 0 type array 1
[2024-12-07T18:48:45.602+0800][1.529s][debug][gc,plab           ] GC(4) Young PLAB allocation: allocated: 400224B, wasted: 1808B, unused: 32320B, used: 366096B, undo waste: 0B, 
[2024-12-07T18:48:45.602+0800][1.529s][debug][gc,plab           ] GC(4) Young other allocation: region end waste: 0B, regions filled: 1, direct allocated: 71824B, failure used: 0B, failure wasted: 0B
[2024-12-07T18:48:45.602+0800][1.529s][debug][gc,plab           ] GC(4) Young sizing: calculated: 73216B, actual: 73104B
[2024-12-07T18:48:45.602+0800][1.530s][debug][gc,plab           ] GC(4) Old PLAB allocation: allocated: 0B, wasted: 0B, unused: 0B, used: 0B, undo waste: 0B, 
[2024-12-07T18:48:45.602+0800][1.530s][debug][gc,plab           ] GC(4) Old other allocation: region end waste: 0B, regions filled: 0, direct allocated: 0B, failure used: 0B, failure wasted: 0B
[2024-12-07T18:48:45.603+0800][1.530s][debug][gc,plab           ] GC(4) Old sizing: calculated: 0B, actual: 2064B
[2024-12-07T18:48:45.603+0800][1.530s][debug][gc,alloc,stats    ] Old generation allocation in the last mutator period, old gen allocated: 0B, humongous allocated: 20971520B,old gen growth: 20971520B.
[2024-12-07T18:48:45.603+0800][1.530s][debug][gc,ihop           ] GC(4) Basic information (value update), threshold: 236873318B (45.00), target occupancy: 526385152B, current occupancy: 273839088B, recent allocation size: 20971520B, recent allocation duration: 96.12ms, recent old gen allocation rate: 218188413.96B/s, recent marking phase length: 0.00ms
[2024-12-07T18:48:45.603+0800][1.531s][debug][gc,ihop           ] GC(4) Adaptive IHOP information (value update), threshold: 236873318B (51.91), internal target occupancy: 456340275B, occupancy: 273839088B, additional buffer size: 102760448B, predicted old gen allocation rate: 283417763.31B/s, predicted marking phase length: 0.00ms, prediction active: false
[2024-12-07T18:48:45.603+0800][1.531s][debug][gc,ergo,refine    ] GC(4) Updated Refinement Zones: green: 18, yellow: 54, red: 90
[2024-12-07T18:48:45.604+0800][1.531s][info ][gc,phases         ] GC(4)   Pre Evacuate Collection Set: 0.1ms
[2024-12-07T18:48:45.604+0800][1.531s][debug][gc,phases         ] GC(4)     Prepare TLABs: 0.1ms
[2024-12-07T18:48:45.604+0800][1.531s][debug][gc,phases         ] GC(4)     Choose Collection Set: 0.1ms
[2024-12-07T18:48:45.604+0800][1.531s][debug][gc,phases         ] GC(4)     Humongous Register: 0.0ms
[2024-12-07T18:48:45.604+0800][1.531s][debug][gc,phases         ] GC(4)     Clear Claimed Marks: 0.0ms
[2024-12-07T18:48:45.604+0800][1.531s][info ][gc,phases         ] GC(4)   Evacuate Collection Set: 7.6ms
[2024-12-07T18:48:45.604+0800][1.531s][debug][gc,phases         ] GC(4)     Ext Root Scanning (ms):   Min:  0.1, Avg:  0.4, Max:  0.7, Diff:  0.6, Sum:  5.2, Workers: 12
[2024-12-07T18:48:45.604+0800][1.531s][debug][gc,phases         ] GC(4)     Update RS (ms):           Min:  0.0, Avg:  0.5, Max:  2.5, Diff:  2.5, Sum:  5.5, Workers: 12
[2024-12-07T18:48:45.604+0800][1.531s][debug][gc,phases         ] GC(4)       Processed Buffers:        Min: 0, Avg:  0.4, Max: 1, Diff: 1, Sum: 5, Workers: 12
[2024-12-07T18:48:45.604+0800][1.531s][debug][gc,phases         ] GC(4)       Scanned Cards:            Min: 0, Avg: 18.5, Max: 55, Diff: 55, Sum: 222, Workers: 12
[2024-12-07T18:48:45.604+0800][1.531s][debug][gc,phases         ] GC(4)       Skipped Cards:            Min: 0, Avg:  3.8, Max: 18, Diff: 18, Sum: 46, Workers: 12
[2024-12-07T18:48:45.604+0800][1.531s][debug][gc,phases         ] GC(4)     Scan RS (ms):             Min:  0.0, Avg:  0.2, Max:  0.9, Diff:  0.9, Sum:  1.8, Workers: 12
[2024-12-07T18:48:45.604+0800][1.532s][debug][gc,phases         ] GC(4)       Scanned Cards:            Min: 0, Avg:  7.8, Max: 43, Diff: 43, Sum: 94, Workers: 12
[2024-12-07T18:48:45.604+0800][1.532s][debug][gc,phases         ] GC(4)       Claimed Cards:            Min: 0, Avg: 18.5, Max: 64, Diff: 64, Sum: 222, Workers: 12
[2024-12-07T18:48:45.604+0800][1.532s][debug][gc,phases         ] GC(4)       Skipped Cards:            Min: 0, Avg: 74.0, Max: 222, Diff: 222, Sum: 888, Workers: 12
[2024-12-07T18:48:45.605+0800][1.532s][debug][gc,phases         ] GC(4)     Code Root Scanning (ms):  Min:  0.0, Avg:  0.0, Max:  0.1, Diff:  0.1, Sum:  0.1, Workers: 12
[2024-12-07T18:48:45.605+0800][1.532s][debug][gc,phases         ] GC(4)     AOT Root Scanning (ms):   skipped
[2024-12-07T18:48:45.605+0800][1.532s][debug][gc,phases         ] GC(4)     Object Copy (ms):         Min:  0.0, Avg:  0.2, Max:  0.4, Diff:  0.3, Sum:  2.0, Workers: 12
[2024-12-07T18:48:45.605+0800][1.532s][debug][gc,phases         ] GC(4)     Termination (ms):         Min:  0.0, Avg:  1.8, Max:  2.2, Diff:  2.2, Sum: 21.2, Workers: 12
[2024-12-07T18:48:45.605+0800][1.533s][debug][gc,phases         ] GC(4)       Termination Attempts:     Min: 1, Avg: 17.7, Max: 46, Diff: 45, Sum: 212, Workers: 12
[2024-12-07T18:48:45.606+0800][1.533s][debug][gc,phases         ] GC(4)     GC Worker Other (ms):     Min:  2.0, Avg:  3.2, Max:  4.0, Diff:  2.1, Sum: 38.3, Workers: 12
[2024-12-07T18:48:45.606+0800][1.533s][debug][gc,phases         ] GC(4)     GC Worker Total (ms):     Min:  4.9, Avg:  6.2, Max:  6.7, Diff:  1.9, Sum: 74.1, Workers: 12
[2024-12-07T18:48:45.606+0800][1.533s][info ][gc,phases         ] GC(4)   Post Evacuate Collection Set: 10.1ms
[2024-12-07T18:48:45.606+0800][1.533s][debug][gc,phases         ] GC(4)     Code Roots Fixup: 0.0ms
[2024-12-07T18:48:45.606+0800][1.533s][debug][gc,phases         ] GC(4)     Clear Card Table: 0.1ms
[2024-12-07T18:48:45.606+0800][1.534s][debug][gc,phases         ] GC(4)     Reference Processing: 0.2ms
[2024-12-07T18:48:45.606+0800][1.534s][debug][gc,phases,ref     ] GC(4)       Reconsider SoftReferences: 0.1ms
[2024-12-07T18:48:45.607+0800][1.534s][debug][gc,phases,ref     ] GC(4)         SoftRef (ms):             skipped
[2024-12-07T18:48:45.607+0800][1.534s][debug][gc,phases,ref     ] GC(4)       Notify Soft/WeakReferences: 0.0ms
[2024-12-07T18:48:45.607+0800][1.534s][debug][gc,phases,ref     ] GC(4)         SoftRef (ms):             Min:  0.0, Avg:  0.0, Max:  0.0, Diff:  0.0, Sum:  0.0, Workers: 1
[2024-12-07T18:48:45.607+0800][1.534s][debug][gc,phases,ref     ] GC(4)         WeakRef (ms):             Min:  0.0, Avg:  0.0, Max:  0.0, Diff:  0.0, Sum:  0.0, Workers: 1
[2024-12-07T18:48:45.607+0800][1.534s][debug][gc,phases,ref     ] GC(4)         FinalRef (ms):            Min:  0.0, Avg:  0.0, Max:  0.0, Diff:  0.0, Sum:  0.0, Workers: 1
[2024-12-07T18:48:45.607+0800][1.534s][debug][gc,phases,ref     ] GC(4)         Total (ms):               Min:  0.0, Avg:  0.0, Max:  0.0, Diff:  0.0, Sum:  0.0, Workers: 1
[2024-12-07T18:48:45.607+0800][1.534s][debug][gc,phases,ref     ] GC(4)       Notify and keep alive finalizable: 0.1ms
[2024-12-07T18:48:45.607+0800][1.534s][debug][gc,phases,ref     ] GC(4)         FinalRef (ms):            skipped
[2024-12-07T18:48:45.607+0800][1.534s][debug][gc,phases,ref     ] GC(4)       Notify PhantomReferences: 0.0ms
[2024-12-07T18:48:45.607+0800][1.535s][debug][gc,phases,ref     ] GC(4)         PhantomRef (ms):          Min:  0.0, Avg:  0.0, Max:  0.0, Diff:  0.0, Sum:  0.0, Workers: 1
[2024-12-07T18:48:45.607+0800][1.535s][debug][gc,phases,ref     ] GC(4)       SoftReference:
[2024-12-07T18:48:45.607+0800][1.535s][debug][gc,phases,ref     ] GC(4)         Discovered: 0
[2024-12-07T18:48:45.608+0800][1.535s][debug][gc,phases,ref     ] GC(4)         Cleared: 0
[2024-12-07T18:48:45.608+0800][1.535s][debug][gc,phases,ref     ] GC(4)       WeakReference:
[2024-12-07T18:48:45.608+0800][1.535s][debug][gc,phases,ref     ] GC(4)         Discovered: 3
[2024-12-07T18:48:45.608+0800][1.535s][debug][gc,phases,ref     ] GC(4)         Cleared: 3
[2024-12-07T18:48:45.608+0800][1.535s][debug][gc,phases,ref     ] GC(4)       FinalReference:
[2024-12-07T18:48:45.608+0800][1.535s][debug][gc,phases,ref     ] GC(4)         Discovered: 0
[2024-12-07T18:48:45.608+0800][1.535s][debug][gc,phases,ref     ] GC(4)         Cleared: 0
[2024-12-07T18:48:45.608+0800][1.535s][debug][gc,phases,ref     ] GC(4)       PhantomReference:
[2024-12-07T18:48:45.608+0800][1.535s][debug][gc,phases,ref     ] GC(4)         Discovered: 5
[2024-12-07T18:48:45.608+0800][1.535s][debug][gc,phases,ref     ] GC(4)         Cleared: 5
[2024-12-07T18:48:45.608+0800][1.536s][debug][gc,phases         ] GC(4)     Weak Processing: 0.0ms
[2024-12-07T18:48:45.608+0800][1.536s][debug][gc,phases         ] GC(4)     Merge Per-Thread State: 0.0ms
[2024-12-07T18:48:45.608+0800][1.536s][debug][gc,phases         ] GC(4)     Code Roots Purge: 0.0ms
[2024-12-07T18:48:45.608+0800][1.536s][debug][gc,phases         ] GC(4)     Redirty Cards: 0.1ms
[2024-12-07T18:48:45.609+0800][1.536s][debug][gc,phases         ] GC(4)     DerivedPointerTable Update: 0.0ms
[2024-12-07T18:48:45.609+0800][1.536s][debug][gc,phases         ] GC(4)     Free Collection Set: 0.1ms
[2024-12-07T18:48:45.609+0800][1.536s][debug][gc,phases         ] GC(4)     Humongous Reclaim: 9.6ms
[2024-12-07T18:48:45.609+0800][1.536s][debug][gc,phases         ] GC(4)     Start New Collection Set: 0.0ms
[2024-12-07T18:48:45.609+0800][1.536s][debug][gc,phases         ] GC(4)     Resize TLABs: 0.0ms
[2024-12-07T18:48:45.609+0800][1.536s][debug][gc,phases         ] GC(4)     Expand Heap After Collection: 0.0ms
[2024-12-07T18:48:45.609+0800][1.536s][info ][gc,phases         ] GC(4)   Other: 2.7ms
[2024-12-07T18:48:45.609+0800][1.536s][info ][gc,heap           ] GC(4) Eden regions: 1->0(97)
[2024-12-07T18:48:45.609+0800][1.536s][info ][gc,heap           ] GC(4) Survivor regions: 1->1(13)
[2024-12-07T18:48:45.609+0800][1.536s][info ][gc,heap           ] GC(4) Old regions: 2->2
[2024-12-07T18:48:45.609+0800][1.536s][info ][gc,heap           ] GC(4) Humongous regions: 260->260
[2024-12-07T18:48:45.609+0800][1.536s][info ][gc,metaspace      ] GC(4) Metaspace: 554K(4864K)->554K(4864K) NonClass: 507K(4352K)->507K(4352K) Class: 46K(512K)->46K(512K)
[2024-12-07T18:48:45.609+0800][1.537s][debug][gc,heap           ] GC(4) Heap after GC invocations=5 (full 0): garbage-first heap   total 516096K, used 267420K [0x00000000e0000000, 0x0000000100000000)
[2024-12-07T18:48:45.609+0800][1.537s][debug][gc,heap           ] GC(4)   region size 1024K, 1 young (1024K), 1 survivors (1024K)
[2024-12-07T18:48:45.609+0800][1.537s][debug][gc,heap           ] GC(4)  Metaspace       used 554K, capacity 4570K, committed 4864K, reserved 1056768K
[2024-12-07T18:48:45.610+0800][1.537s][debug][gc,heap           ] GC(4)   class space    used 46K, capacity 419K, committed 512K, reserved 1048576K
[2024-12-07T18:48:45.610+0800][1.537s][info ][gc                ] GC(4) Pause Young (Concurrent Start) (G1 Humongous Allocation) 261M->261M(504M) 25.966ms
[2024-12-07T18:48:45.610+0800][1.537s][info ][gc,cpu            ] GC(4) User=0.00s Sys=0.03s Real=0.02s
[2024-12-07T18:48:45.610+0800][1.537s][info ][gc                ] GC(5) Concurrent Cycle
[2024-12-07T18:48:45.610+0800][1.537s][info ][gc,marking        ] GC(5) Concurrent Clear Claimed Marks
[2024-12-07T18:48:45.610+0800][1.537s][info ][gc,marking        ] GC(5) Concurrent Clear Claimed Marks 0.070ms
[2024-12-07T18:48:45.610+0800][1.537s][info ][gc,marking        ] GC(5) Concurrent Scan Root Regions
[2024-12-07T18:48:45.610+0800][1.537s][debug][gc,ergo           ] GC(5) Running G1 Root Region Scan using 1 workers for 1 work units.
[2024-12-07T18:48:45.610+0800][1.538s][info ][gc,marking        ] GC(5) Concurrent Scan Root Regions 0.442ms
[2024-12-07T18:48:45.611+0800][1.538s][info ][gc,marking        ] GC(5) Concurrent Mark (1.538s)
[2024-12-07T18:48:45.611+0800][1.538s][info ][gc,marking        ] GC(5) Concurrent Mark From Roots
[2024-12-07T18:48:45.611+0800][1.538s][info ][gc,task           ] GC(5) Using 5 workers of 5 for marking
[2024-12-07T18:48:45.611+0800][1.538s][debug][gc,stats          ] ---------------------------------------------------------------------
[2024-12-07T18:48:45.611+0800][1.539s][debug][gc,stats          ] Marking Stats, task = 0, calls = 39
[2024-12-07T18:48:45.611+0800][1.539s][debug][gc,stats          ]   Elapsed time = 0.44ms, Termination time = 0.00ms
[2024-12-07T18:48:45.611+0800][1.539s][debug][gc,stats          ]   Step Times (cum): num = 217, avg = 0.01ms, sd = 0.20ms max = 2.98ms, total = 2.98ms
[2024-12-07T18:48:45.611+0800][1.539s][debug][gc,stats          ]   Mark Stats Cache: hits 3176 misses 131 ratio 96.039
[2024-12-07T18:48:45.612+0800][1.539s][debug][gc,stats          ] ---------------------------------------------------------------------
[2024-12-07T18:48:45.612+0800][1.539s][debug][gc,stats          ] Marking Stats, task = 1, calls = 32
[2024-12-07T18:48:45.612+0800][1.539s][debug][gc,stats          ]   Elapsed time = 0.43ms, Termination time = 0.00ms
[2024-12-07T18:48:45.612+0800][1.539s][debug][gc,stats          ]   Step Times (cum): num = 109, avg = 0.03ms, sd = 0.30ms max = 3.12ms, total = 3.12ms
[2024-12-07T18:48:45.612+0800][1.539s][debug][gc,stats          ]   Mark Stats Cache: hits 586 misses 2 ratio 99.660
[2024-12-07T18:48:45.612+0800][1.539s][debug][gc,stats          ] ---------------------------------------------------------------------
[2024-12-07T18:48:45.612+0800][1.539s][debug][gc,stats          ] Marking Stats, task = 2, calls = 23
[2024-12-07T18:48:45.612+0800][1.539s][debug][gc,stats          ]   Elapsed time = 0.42ms, Termination time = 0.00ms
[2024-12-07T18:48:45.612+0800][1.539s][debug][gc,stats          ]   Step Times (cum): num = 97, avg = 0.03ms, sd = 0.30ms max = 2.97ms, total = 2.97ms
[2024-12-07T18:48:45.612+0800][1.539s][debug][gc,stats          ]   Mark Stats Cache: hits 1861 misses 2 ratio 99.893
[2024-12-07T18:48:45.612+0800][1.539s][debug][gc,stats          ] ---------------------------------------------------------------------
[2024-12-07T18:48:45.612+0800][1.540s][debug][gc,stats          ] Marking Stats, task = 3, calls = 1
[2024-12-07T18:48:45.612+0800][1.540s][debug][gc,stats          ]   Elapsed time = 0.40ms, Termination time = 0.00ms
[2024-12-07T18:48:45.612+0800][1.540s][debug][gc,stats          ]   Step Times (cum): num = 64, avg = 0.05ms, sd = 0.37ms max = 2.97ms, total = 2.97ms
[2024-12-07T18:48:45.613+0800][1.540s][debug][gc,stats          ]   Mark Stats Cache: hits 4296 misses 2 ratio 99.953
[2024-12-07T18:48:45.613+0800][1.540s][debug][gc,stats          ] ---------------------------------------------------------------------
[2024-12-07T18:48:45.613+0800][1.540s][debug][gc,stats          ] Marking Stats, task = 4, calls = 34
[2024-12-07T18:48:45.613+0800][1.540s][debug][gc,stats          ]   Elapsed time = 0.37ms, Termination time = 0.00ms
[2024-12-07T18:48:45.613+0800][1.540s][debug][gc,stats          ]   Step Times (cum): num = 74, avg = 0.04ms, sd = 0.34ms max = 2.97ms, total = 2.97ms
[2024-12-07T18:48:45.613+0800][1.541s][debug][gc,stats          ]   Mark Stats Cache: hits 566 misses 1 ratio 99.824
[2024-12-07T18:48:45.614+0800][1.541s][debug][gc,stats          ] ---------------------------------------------------------------------
[2024-12-07T18:48:45.614+0800][1.541s][info ][gc,marking        ] GC(5) Concurrent Mark From Roots 3.089ms
[2024-12-07T18:48:45.614+0800][1.541s][info ][gc,marking        ] GC(5) Concurrent Preclean
[2024-12-07T18:48:45.614+0800][1.541s][debug][gc,ref,start      ] GC(5) Preclean SoftReferences
[2024-12-07T18:48:45.614+0800][1.541s][debug][gc,ref            ] GC(5) Preclean SoftReferences 0.107ms
[2024-12-07T18:48:45.614+0800][1.541s][debug][gc,ref,start      ] GC(5) Preclean WeakReferences
[2024-12-07T18:48:45.614+0800][1.541s][debug][gc,ref            ] GC(5) Preclean WeakReferences 0.101ms
[2024-12-07T18:48:45.614+0800][1.542s][debug][gc,ref,start      ] GC(5) Preclean FinalReferences
[2024-12-07T18:48:45.614+0800][1.542s][debug][gc,ref            ] GC(5) Preclean FinalReferences 0.095ms
[2024-12-07T18:48:45.614+0800][1.542s][debug][gc,ref,start      ] GC(5) Preclean PhantomReferences
[2024-12-07T18:48:45.615+0800][1.542s][debug][gc,ref            ] GC(5) Preclean PhantomReferences 0.095ms
[2024-12-07T18:48:45.615+0800][1.542s][info ][gc,marking        ] GC(5) Concurrent Preclean 0.853ms
[2024-12-07T18:48:45.615+0800][1.542s][info ][gc,marking        ] GC(5) Concurrent Mark (1.538s, 1.542s) 4.234ms
[2024-12-07T18:48:45.615+0800][1.542s][info ][gc,start          ] GC(5) Pause Remark
[2024-12-07T18:48:45.615+0800][1.542s][debug][gc,phases,start   ] GC(5) Finalize Marking
[2024-12-07T18:48:45.615+0800][1.543s][debug][gc,stats          ] ---------------------------------------------------------------------
[2024-12-07T18:48:45.615+0800][1.543s][debug][gc,stats          ] Marking Stats, task = 0, calls = 112
[2024-12-07T18:48:45.616+0800][1.543s][debug][gc,stats          ]   Elapsed time = 0.19ms, Termination time = 0.00ms
[2024-12-07T18:48:45.616+0800][1.543s][debug][gc,stats          ]   Step Times (cum): num = 290, avg = 0.01ms, sd = 0.17ms max = 2.98ms, total = 2.98ms
[2024-12-07T18:48:45.616+0800][1.543s][debug][gc,stats          ]   Mark Stats Cache: hits 3176 misses 131 ratio 96.039
[2024-12-07T18:48:45.616+0800][1.543s][debug][gc,stats          ] ---------------------------------------------------------------------
[2024-12-07T18:48:45.616+0800][1.543s][debug][gc,stats          ] Marking Stats, task = 1, calls = 33
[2024-12-07T18:48:45.616+0800][1.543s][debug][gc,stats          ]   Elapsed time = 0.15ms, Termination time = 0.00ms
[2024-12-07T18:48:45.616+0800][1.543s][debug][gc,stats          ]   Step Times (cum): num = 110, avg = 0.03ms, sd = 0.30ms max = 3.12ms, total = 3.12ms
[2024-12-07T18:48:45.616+0800][1.543s][debug][gc,stats          ]   Mark Stats Cache: hits 586 misses 2 ratio 99.660
[2024-12-07T18:48:45.616+0800][1.544s][debug][gc,stats          ] ---------------------------------------------------------------------
[2024-12-07T18:48:45.616+0800][1.544s][debug][gc,stats          ] Marking Stats, task = 2, calls = 24
[2024-12-07T18:48:45.616+0800][1.544s][debug][gc,stats          ]   Elapsed time = 0.15ms, Termination time = 0.00ms
[2024-12-07T18:48:45.617+0800][1.544s][debug][gc,stats          ]   Step Times (cum): num = 98, avg = 0.03ms, sd = 0.30ms max = 2.97ms, total = 2.97ms
[2024-12-07T18:48:45.617+0800][1.544s][debug][gc,stats          ]   Mark Stats Cache: hits 1861 misses 2 ratio 99.893
[2024-12-07T18:48:45.617+0800][1.544s][debug][gc,stats          ] ---------------------------------------------------------------------
[2024-12-07T18:48:45.617+0800][1.544s][debug][gc,stats          ] Marking Stats, task = 3, calls = 2
[2024-12-07T18:48:45.617+0800][1.544s][debug][gc,stats          ]   Elapsed time = 0.15ms, Termination time = 0.00ms
[2024-12-07T18:48:45.617+0800][1.544s][debug][gc,stats          ]   Step Times (cum): num = 65, avg = 0.05ms, sd = 0.37ms max = 2.97ms, total = 2.97ms
[2024-12-07T18:48:45.617+0800][1.544s][debug][gc,stats          ]   Mark Stats Cache: hits 4296 misses 2 ratio 99.953
[2024-12-07T18:48:45.617+0800][1.544s][debug][gc,stats          ] ---------------------------------------------------------------------
[2024-12-07T18:48:45.617+0800][1.544s][debug][gc,stats          ] Marking Stats, task = 4, calls = 35
[2024-12-07T18:48:45.617+0800][1.545s][debug][gc,stats          ]   Elapsed time = 0.15ms, Termination time = 0.00ms
[2024-12-07T18:48:45.617+0800][1.545s][debug][gc,stats          ]   Step Times (cum): num = 75, avg = 0.04ms, sd = 0.34ms max = 2.97ms, total = 2.97ms
[2024-12-07T18:48:45.617+0800][1.545s][debug][gc,stats          ]   Mark Stats Cache: hits 566 misses 1 ratio 99.824
[2024-12-07T18:48:45.618+0800][1.545s][debug][gc,stats          ] ---------------------------------------------------------------------
[2024-12-07T18:48:45.618+0800][1.545s][debug][gc,stats          ] Marking Stats, task = 5, calls = 1
[2024-12-07T18:48:45.618+0800][1.545s][debug][gc,stats          ]   Elapsed time = 0.07ms, Termination time = 0.00ms
[2024-12-07T18:48:45.618+0800][1.545s][debug][gc,stats          ]   Step Times (cum): num = 3, avg = 1.00ms, sd = 1.41ms max = 3.00ms, total = 3.00ms
[2024-12-07T18:48:45.618+0800][1.545s][debug][gc,stats          ]   Mark Stats Cache: hits 0 misses 0 ratio 0.000
[2024-12-07T18:48:45.618+0800][1.545s][debug][gc,stats          ] ---------------------------------------------------------------------
[2024-12-07T18:48:45.618+0800][1.545s][debug][gc,stats          ] Marking Stats, task = 6, calls = 1
[2024-12-07T18:48:45.618+0800][1.545s][debug][gc,stats          ]   Elapsed time = 0.07ms, Termination time = 0.00ms
[2024-12-07T18:48:45.618+0800][1.546s][debug][gc,stats          ]   Step Times (cum): num = 3, avg = 1.01ms, sd = 1.43ms max = 3.04ms, total = 3.04ms
[2024-12-07T18:48:45.618+0800][1.546s][debug][gc,stats          ]   Mark Stats Cache: hits 0 misses 0 ratio 0.000
[2024-12-07T18:48:45.618+0800][1.546s][debug][gc,stats          ] ---------------------------------------------------------------------
[2024-12-07T18:48:45.619+0800][1.546s][debug][gc,stats          ] Marking Stats, task = 7, calls = 1
[2024-12-07T18:48:45.619+0800][1.546s][debug][gc,stats          ]   Elapsed time = 0.07ms, Termination time = 0.00ms
[2024-12-07T18:48:45.619+0800][1.546s][debug][gc,stats          ]   Step Times (cum): num = 3, avg = 0.99ms, sd = 1.40ms max = 2.98ms, total = 2.98ms
[2024-12-07T18:48:45.619+0800][1.546s][debug][gc,stats          ]   Mark Stats Cache: hits 0 misses 0 ratio 0.000
[2024-12-07T18:48:45.619+0800][1.546s][debug][gc,stats          ] ---------------------------------------------------------------------
[2024-12-07T18:48:45.619+0800][1.546s][debug][gc,stats          ] Marking Stats, task = 8, calls = 1
[2024-12-07T18:48:45.619+0800][1.546s][debug][gc,stats          ]   Elapsed time = 0.08ms, Termination time = 0.00ms
[2024-12-07T18:48:45.619+0800][1.546s][debug][gc,stats          ]   Step Times (cum): num = 3, avg = 0.99ms, sd = 1.40ms max = 2.98ms, total = 2.98ms
[2024-12-07T18:48:45.619+0800][1.547s][debug][gc,stats          ]   Mark Stats Cache: hits 0 misses 0 ratio 0.000
[2024-12-07T18:48:45.619+0800][1.547s][debug][gc,stats          ] ---------------------------------------------------------------------
[2024-12-07T18:48:45.620+0800][1.547s][debug][gc,stats          ] Marking Stats, task = 9, calls = 1
[2024-12-07T18:48:45.620+0800][1.547s][debug][gc,stats          ]   Elapsed time = 0.07ms, Termination time = 0.00ms
[2024-12-07T18:48:45.620+0800][1.547s][debug][gc,stats          ]   Step Times (cum): num = 3, avg = 0.91ms, sd = 1.28ms max = 2.72ms, total = 2.72ms
[2024-12-07T18:48:45.620+0800][1.547s][debug][gc,stats          ]   Mark Stats Cache: hits 0 misses 0 ratio 0.000
[2024-12-07T18:48:45.620+0800][1.547s][debug][gc,stats          ] ---------------------------------------------------------------------
[2024-12-07T18:48:45.620+0800][1.547s][debug][gc,stats          ] Marking Stats, task = 10, calls = 1
[2024-12-07T18:48:45.620+0800][1.548s][debug][gc,stats          ]   Elapsed time = 0.04ms, Termination time = 0.00ms
[2024-12-07T18:48:45.621+0800][1.548s][debug][gc,stats          ]   Step Times (cum): num = 3, avg = 0.00ms, sd = 0.00ms max = 0.00ms, total = 0.00ms
[2024-12-07T18:48:45.621+0800][1.548s][debug][gc,stats          ]   Mark Stats Cache: hits 0 misses 0 ratio 0.000
[2024-12-07T18:48:45.621+0800][1.548s][debug][gc,stats          ] ---------------------------------------------------------------------
[2024-12-07T18:48:45.621+0800][1.548s][debug][gc,stats          ] Marking Stats, task = 11, calls = 1
[2024-12-07T18:48:45.621+0800][1.548s][debug][gc,stats          ]   Elapsed time = 0.00ms, Termination time = 0.00ms
[2024-12-07T18:48:45.621+0800][1.549s][debug][gc,stats          ]   Step Times (cum): num = 3, avg = 0.00ms, sd = 0.00ms max = 0.00ms, total = 0.00ms
[2024-12-07T18:48:45.621+0800][1.549s][debug][gc,stats          ]   Mark Stats Cache: hits 0 misses 0 ratio 0.000
[2024-12-07T18:48:45.622+0800][1.549s][debug][gc,stats          ] ---------------------------------------------------------------------
[2024-12-07T18:48:45.622+0800][1.549s][debug][gc,phases         ] GC(5) Finalize Marking 6.687ms
[2024-12-07T18:48:45.622+0800][1.549s][debug][gc,phases,start   ] GC(5) Reference Processing
[2024-12-07T18:48:45.622+0800][1.549s][debug][gc,ref            ] GC(5) Skipped phase1 of Reference Processing due to unavailable references
[2024-12-07T18:48:45.622+0800][1.549s][debug][gc,ref            ] GC(5) Skipped phase2 of Reference Processing due to unavailable references
[2024-12-07T18:48:45.622+0800][1.549s][debug][gc,ref            ] GC(5) Skipped phase3 of Reference Processing due to unavailable references
[2024-12-07T18:48:45.622+0800][1.550s][debug][gc,ref            ] GC(5) Skipped phase4 of Reference Processing due to unavailable references
[2024-12-07T18:48:45.622+0800][1.550s][debug][gc,phases,ref     ] GC(5) Reference Processing: 0.4ms
[2024-12-07T18:48:45.623+0800][1.550s][debug][gc,phases,ref     ] GC(5)   Reconsider SoftReferences: 0.1ms
[2024-12-07T18:48:45.623+0800][1.550s][debug][gc,phases,ref     ] GC(5)     SoftRef (ms):             skipped
[2024-12-07T18:48:45.623+0800][1.550s][debug][gc,phases,ref     ] GC(5)   Notify Soft/WeakReferences: 0.1ms
[2024-12-07T18:48:45.623+0800][1.550s][debug][gc,phases,ref     ] GC(5)     SoftRef (ms):             skipped
[2024-12-07T18:48:45.623+0800][1.550s][debug][gc,phases,ref     ] GC(5)     WeakRef (ms):             skipped
[2024-12-07T18:48:45.623+0800][1.550s][debug][gc,phases,ref     ] GC(5)     FinalRef (ms):            skipped
[2024-12-07T18:48:45.623+0800][1.550s][debug][gc,phases,ref     ] GC(5)     Total (ms):               skipped
[2024-12-07T18:48:45.623+0800][1.550s][debug][gc,phases,ref     ] GC(5)   Notify and keep alive finalizable: 0.1ms
[2024-12-07T18:48:45.623+0800][1.550s][debug][gc,phases,ref     ] GC(5)     FinalRef (ms):            skipped
[2024-12-07T18:48:45.623+0800][1.551s][debug][gc,phases,ref     ] GC(5)   Notify PhantomReferences: 0.1ms
[2024-12-07T18:48:45.623+0800][1.551s][debug][gc,phases,ref     ] GC(5)     PhantomRef (ms):          skipped
[2024-12-07T18:48:45.624+0800][1.551s][debug][gc,phases,ref     ] GC(5)   SoftReference:
[2024-12-07T18:48:45.624+0800][1.551s][debug][gc,phases,ref     ] GC(5)     Discovered: 0
[2024-12-07T18:48:45.624+0800][1.551s][debug][gc,phases,ref     ] GC(5)     Cleared: 0
[2024-12-07T18:48:45.624+0800][1.551s][debug][gc,phases,ref     ] GC(5)   WeakReference:
[2024-12-07T18:48:45.624+0800][1.551s][debug][gc,phases,ref     ] GC(5)     Discovered: 0
[2024-12-07T18:48:45.624+0800][1.551s][debug][gc,phases,ref     ] GC(5)     Cleared: 0
[2024-12-07T18:48:45.624+0800][1.551s][debug][gc,phases,ref     ] GC(5)   FinalReference:
[2024-12-07T18:48:45.624+0800][1.551s][debug][gc,phases,ref     ] GC(5)     Discovered: 0
[2024-12-07T18:48:45.624+0800][1.552s][debug][gc,phases,ref     ] GC(5)     Cleared: 0
[2024-12-07T18:48:45.624+0800][1.552s][debug][gc,phases,ref     ] GC(5)   PhantomReference:
[2024-12-07T18:48:45.624+0800][1.552s][debug][gc,phases,ref     ] GC(5)     Discovered: 0
[2024-12-07T18:48:45.625+0800][1.552s][debug][gc,phases,ref     ] GC(5)     Cleared: 0
[2024-12-07T18:48:45.625+0800][1.552s][debug][gc,phases         ] GC(5) Reference Processing 2.740ms
[2024-12-07T18:48:45.625+0800][1.552s][debug][gc,phases,start   ] GC(5) Weak Processing
[2024-12-07T18:48:45.625+0800][1.552s][debug][gc,phases         ] GC(5) Weak Processing 0.101ms
[2024-12-07T18:48:45.625+0800][1.552s][debug][gc,phases,start   ] GC(5) Class Unloading
[2024-12-07T18:48:45.625+0800][1.552s][debug][gc,phases,start   ] GC(5) ClassLoaderData
[2024-12-07T18:48:45.625+0800][1.552s][debug][gc,phases         ] GC(5) ClassLoaderData 0.095ms
[2024-12-07T18:48:45.625+0800][1.552s][debug][gc,phases,start   ] GC(5) ProtectionDomainCacheTable
[2024-12-07T18:48:45.625+0800][1.553s][debug][gc,phases         ] GC(5) ProtectionDomainCacheTable 0.103ms
[2024-12-07T18:48:45.626+0800][1.553s][info ][gc,stringtable    ] GC(5) Cleaned string and symbol table, strings: 39 processed, 0 removed, symbols: 191 processed, 0 removed
[2024-12-07T18:48:45.626+0800][1.553s][debug][gc,phases         ] GC(5) Class Unloading 0.856ms
[2024-12-07T18:48:45.626+0800][1.553s][debug][gc,phases,start   ] GC(5) Flush Task Caches
[2024-12-07T18:48:45.626+0800][1.553s][debug][gc,stats          ] Mark stats cache hits 10485 misses 138 ratio 98.701
[2024-12-07T18:48:45.626+0800][1.553s][debug][gc,phases         ] GC(5) Flush Task Caches 0.212ms
[2024-12-07T18:48:45.626+0800][1.553s][debug][gc,phases,start   ] GC(5) Update Remembered Set Tracking Before Rebuild
[2024-12-07T18:48:45.626+0800][1.554s][debug][gc,ergo           ] GC(5) Running G1 Update RemSet Tracking Before Rebuild using 2 workers for 504 regions in heap
[2024-12-07T18:48:45.626+0800][1.554s][debug][gc,remset,tracking] GC(5) Remembered Set Tracking update regions total 504, selected 0
[2024-12-07T18:48:45.627+0800][1.554s][debug][gc,phases         ] GC(5) Update Remembered Set Tracking Before Rebuild 0.317ms
[2024-12-07T18:48:45.627+0800][1.554s][debug][gc,phases,start   ] GC(5) Reclaim Empty Regions
[2024-12-07T18:48:45.627+0800][1.554s][debug][gc,phases         ] GC(5) Reclaim Empty Regions 0.172ms
[2024-12-07T18:48:45.627+0800][1.554s][debug][gc,phases,start   ] GC(5) Purge Metaspace
[2024-12-07T18:48:45.627+0800][1.554s][debug][gc,phases         ] GC(5) Purge Metaspace 0.087ms
[2024-12-07T18:48:45.627+0800][1.554s][debug][gc,phases,start   ] GC(5) Report Object Count
[2024-12-07T18:48:45.627+0800][1.554s][debug][gc,phases         ] GC(5) Report Object Count 0.086ms
[2024-12-07T18:48:45.627+0800][1.554s][info ][gc                ] GC(5) Pause Remark 281M->281M(504M) 12.245ms
[2024-12-07T18:48:45.627+0800][1.555s][info ][gc,cpu            ] GC(5) User=0.00s Sys=0.01s Real=0.01s
[2024-12-07T18:48:45.627+0800][1.555s][info ][gc,marking        ] GC(5) Concurrent Rebuild Remembered Sets
[2024-12-07T18:48:45.628+0800][1.555s][info ][gc,marking        ] GC(5) Concurrent Rebuild Remembered Sets 0.288ms
[2024-12-07T18:48:45.628+0800][1.555s][info ][gc,start          ] GC(5) Pause Cleanup
[2024-12-07T18:48:45.628+0800][1.555s][debug][gc,phases,start   ] GC(5) Update Remembered Set Tracking After Rebuild
[2024-12-07T18:48:45.628+0800][1.555s][debug][gc,phases         ] GC(5) Update Remembered Set Tracking After Rebuild 0.095ms
[2024-12-07T18:48:45.628+0800][1.555s][debug][gc,phases,start   ] GC(5) Finalize Concurrent Mark Cleanup
[2024-12-07T18:48:45.628+0800][1.556s][debug][gc,ergo           ] GC(5) request young-only gcs (candidate old regions not available)
[2024-12-07T18:48:45.628+0800][1.556s][debug][gc,phases         ] GC(5) Finalize Concurrent Mark Cleanup 0.273ms
[2024-12-07T18:48:45.629+0800][1.556s][info ][gc                ] GC(5) Pause Cleanup 281M->281M(504M) 0.633ms
[2024-12-07T18:48:45.629+0800][1.556s][info ][gc,cpu            ] GC(5) User=0.00s Sys=0.00s Real=0.00s
[2024-12-07T18:48:45.629+0800][1.556s][info ][gc,marking        ] GC(5) Concurrent Cleanup for Next Mark
[2024-12-07T18:48:45.629+0800][1.556s][debug][gc,ergo           ] GC(5) Running G1 Clear Bitmap with 5 workers for 8 work units.
[2024-12-07T18:48:45.629+0800][1.556s][info ][gc,marking        ] GC(5) Concurrent Cleanup for Next Mark 0.329ms
[2024-12-07T18:48:45.629+0800][1.556s][info ][gc                ] GC(5) Concurrent Cycle 19.350ms
[2024-12-07T18:48:45.716+0800][1.643s][debug][gc,ergo,ihop      ] Request concurrent cycle initiation (occupancy higher than threshold) occupancy: 295698432B allocation request: 1048592B threshold: 236873318B (44.82) source: concurrent humongous allocation
[2024-12-07T18:48:45.716+0800][1.644s][debug][gc,ergo           ] Request concurrent cycle initiation (requested by GC cause). GC cause: G1 Humongous Allocation
[2024-12-07T18:48:45.717+0800][1.644s][debug][gc,heap           ] GC(6) Heap before GC invocations=6 (full 0): garbage-first heap   total 516096K, used 287900K [0x00000000e0000000, 0x0000000100000000)
[2024-12-07T18:48:45.717+0800][1.644s][debug][gc,heap           ] GC(6)   region size 1024K, 2 young (2048K), 1 survivors (1024K)
[2024-12-07T18:48:45.717+0800][1.644s][debug][gc,heap           ] GC(6)  Metaspace       used 554K, capacity 4570K, committed 4864K, reserved 1056768K
[2024-12-07T18:48:45.717+0800][1.644s][debug][gc,heap           ] GC(6)   class space    used 46K, capacity 419K, committed 512K, reserved 1048576K
[2024-12-07T18:48:45.717+0800][1.645s][debug][gc,ergo           ] GC(6) Initiate concurrent cycle (concurrent cycle initiation requested)
[2024-12-07T18:48:45.718+0800][1.645s][info ][gc,start          ] GC(6) Pause Young (Concurrent Start) (G1 Humongous Allocation)
[2024-12-07T18:48:45.718+0800][1.645s][info ][gc,task           ] GC(6) Using 12 workers of 18 for evacuation
[2024-12-07T18:48:45.718+0800][1.645s][debug][gc,tlab           ] GC(6) TLAB totals: thrds: 1  refills: 1 max: 1 slow allocs: 1 max 1 waste: 100.0% gc: 524128B max: 524128B slow: 0B max: 0B fast: 0B max: 0B
[2024-12-07T18:48:45.718+0800][1.645s][debug][gc,alloc,region   ] GC(6) Mutator Allocation stats, regions: 1, wasted size: 0B ( 0.0%)
[2024-12-07T18:48:45.718+0800][1.645s][debug][gc,age            ] GC(6) Desired survivor size 6815744 bytes, new threshold 15 (max threshold 15)
[2024-12-07T18:48:45.718+0800][1.646s][debug][gc,ergo,cset      ] GC(6) Finish choosing CSet. old: 0 regions, predicted old region time: 0.00ms, time remaining: 182.03
[2024-12-07T18:48:45.719+0800][1.646s][debug][gc,task,stats     ] GC(6) GC Termination Stats
[2024-12-07T18:48:45.719+0800][1.646s][debug][gc,task,stats     ] GC(6)      elapsed  --strong roots-- -------termination------- ------waste (KiB)------
[2024-12-07T18:48:45.719+0800][1.646s][debug][gc,task,stats     ] GC(6) thr     ms        ms      %        ms      %    attempts  total   alloc    undo
[2024-12-07T18:48:45.719+0800][1.646s][debug][gc,task,stats     ] GC(6) --- --------- --------- ------ --------- ------ -------- ------- ------- -------
[2024-12-07T18:48:45.722+0800][1.649s][debug][gc,task,stats     ] GC(6)   0      2.39      2.38  99.70      0.00   0.01        1       0       0       0
[2024-12-07T18:48:45.723+0800][1.650s][debug][gc,task,stats     ] GC(6)   5      3.10      1.76  56.80      0.94  30.29        1       0       0       0
[2024-12-07T18:48:45.723+0800][1.651s][debug][gc,task,stats     ] GC(6)   3      3.82      1.07  28.02      1.49  39.09        4       0       0       0
[2024-12-07T18:48:45.724+0800][1.651s][debug][gc,task,stats     ] GC(6)   9      4.05      1.10  27.22      1.49  36.75        4       0       0       0
[2024-12-07T18:48:45.724+0800][1.651s][debug][gc,task,stats     ] GC(6)   1      4.42      2.06  46.45      0.62  14.09        1       0       0       0
[2024-12-07T18:48:45.724+0800][1.651s][debug][gc,task,stats     ] GC(6)   2      4.63      1.18  25.40      1.31  28.23        2       0       0       0
[2024-12-07T18:48:45.724+0800][1.652s][debug][gc,task,stats     ] GC(6)  10      4.75      1.18  24.79      1.08  22.83        1       0       0       0
[2024-12-07T18:48:45.725+0800][1.652s][debug][gc,task,stats     ] GC(6)   6      5.05      1.57  31.12      0.74  14.69        1       0       0       0
[2024-12-07T18:48:45.725+0800][1.652s][debug][gc,task,stats     ] GC(6)   4      5.30      1.25  23.53      1.09  20.62        1       0       0       0
[2024-12-07T18:48:45.725+0800][1.652s][debug][gc,task,stats     ] GC(6)  11      5.29      1.41  26.70      0.74  14.05        1       0       0       0
[2024-12-07T18:48:45.725+0800][1.652s][debug][gc,task,stats     ] GC(6)   8      5.54      1.07  19.22      1.14  20.61        4       0       0       0
[2024-12-07T18:48:45.725+0800][1.653s][debug][gc,task,stats     ] GC(6)   7      5.67      1.07  18.84      1.13  19.94        2       0       0       0
[2024-12-07T18:48:45.725+0800][1.653s][debug][gc,ergo           ] GC(6) Running G1 Clear Card Table Task using 1 workers for 1 units of work for 3 regions.
[2024-12-07T18:48:45.726+0800][1.653s][debug][gc,ref            ] GC(6) Skipped phase1 of Reference Processing due to unavailable references
[2024-12-07T18:48:45.726+0800][1.653s][debug][gc,ref            ] GC(6) Skipped phase3 of Reference Processing due to unavailable references
[2024-12-07T18:48:45.726+0800][1.653s][debug][gc,ergo           ] GC(6) Running G1 Free Collection Set using 1 workers for collection set length 2
[2024-12-07T18:48:45.726+0800][1.653s][debug][gc,humongous      ] GC(6) Live humongous region 0 object size 1048592 start 0x00000000e0000000  with remset 0 code roots 0 is marked 0 reclaim candidate 0 type array 1
[2024-12-07T18:48:45.726+0800][1.653s][debug][gc,humongous      ] GC(6) Live humongous region 2 object size 1048592 start 0x00000000e0200000  with remset 0 code roots 0 is marked 0 reclaim candidate 0 type array 1
[2024-12-07T18:48:45.726+0800][1.654s][debug][gc,humongous      ] GC(6) Live humongous region 4 object size 1048592 start 0x00000000e0400000  with remset 0 code roots 0 is marked 0 reclaim candidate 0 type array 1
[2024-12-07T18:48:45.726+0800][1.654s][debug][gc,humongous      ] GC(6) Live humongous region 6 object size 1048592 start 0x00000000e0600000  with remset 0 code roots 0 is marked 0 reclaim candidate 0 type array 1
[2024-12-07T18:48:45.727+0800][1.654s][debug][gc,humongous      ] GC(6) Live humongous region 8 object size 1048592 start 0x00000000e0800000  with remset 0 code roots 0 is marked 0 reclaim candidate 0 type array 1
[2024-12-07T18:48:45.727+0800][1.654s][debug][gc,humongous      ] GC(6) Live humongous region 10 object size 1048592 start 0x00000000e0a00000  with remset 0 code roots 0 is marked 0 reclaim candidate 0 type array 1
[2024-12-07T18:48:45.727+0800][1.655s][debug][gc,humongous      ] GC(6) Live humongous region 12 object size 1048592 start 0x00000000e0c00000  with remset 0 code roots 0 is marked 0 reclaim candidate 0 type array 1
[2024-12-07T18:48:45.727+0800][1.655s][debug][gc,humongous      ] GC(6) Live humongous region 14 object size 1048592 start 0x00000000e0e00000  with remset 0 code roots 0 is marked 0 reclaim candidate 0 type array 1
[2024-12-07T18:48:45.728+0800][1.655s][debug][gc,humongous      ] GC(6) Live humongous region 16 object size 1048592 start 0x00000000e1000000  with remset 0 code roots 0 is marked 0 reclaim candidate 0 type array 1
[2024-12-07T18:48:45.728+0800][1.655s][debug][gc,humongous      ] GC(6) Live humongous region 18 object size 1048592 start 0x00000000e1200000  with remset 0 code roots 0 is marked 0 reclaim candidate 0 type array 1
[2024-12-07T18:48:45.728+0800][1.655s][debug][gc,humongous      ] GC(6) Live humongous region 20 object size 1048592 start 0x00000000e1400000  with remset 0 code roots 0 is marked 0 reclaim candidate 0 type array 1
[2024-12-07T18:48:45.728+0800][1.655s][debug][gc,humongous      ] GC(6) Live humongous region 22 object size 1048592 start 0x00000000e1600000  with remset 0 code roots 0 is marked 0 reclaim candidate 0 type array 1
[2024-12-07T18:48:45.728+0800][1.655s][debug][gc,humongous      ] GC(6) Live humongous region 24 object size 1048592 start 0x00000000e1800000  with remset 0 code roots 0 is marked 0 reclaim candidate 0 type array 1
[2024-12-07T18:48:45.728+0800][1.655s][debug][gc,humongous      ] GC(6) Live humongous region 26 object size 1048592 start 0x00000000e1a00000  with remset 0 code roots 0 is marked 0 reclaim candidate 0 type array 1
[2024-12-07T18:48:45.728+0800][1.655s][debug][gc,humongous      ] GC(6) Live humongous region 28 object size 1048592 start 0x00000000e1c00000  with remset 0 code roots 0 is marked 0 reclaim candidate 0 type array 1
[2024-12-07T18:48:45.728+0800][1.655s][debug][gc,humongous      ] GC(6) Live humongous region 30 object size 1048592 start 0x00000000e1e00000  with remset 0 code roots 0 is marked 0 reclaim candidate 0 type array 1
[2024-12-07T18:48:45.728+0800][1.655s][debug][gc,humongous      ] GC(6) Live humongous region 32 object size 1048592 start 0x00000000e2000000  with remset 0 code roots 0 is marked 0 reclaim candidate 0 type array 1
[2024-12-07T18:48:45.728+0800][1.655s][debug][gc,humongous      ] GC(6) Live humongous region 34 object size 1048592 start 0x00000000e2200000  with remset 0 code roots 0 is marked 0 reclaim candidate 0 type array 1
[2024-12-07T18:48:45.728+0800][1.656s][debug][gc,humongous      ] GC(6) Live humongous region 36 object size 1048592 start 0x00000000e2400000  with remset 0 code roots 0 is marked 0 reclaim candidate 0 type array 1
[2024-12-07T18:48:45.728+0800][1.656s][debug][gc,humongous      ] GC(6) Live humongous region 38 object size 1048592 start 0x00000000e2600000  with remset 0 code roots 0 is marked 0 reclaim candidate 0 type array 1
[2024-12-07T18:48:45.729+0800][1.656s][debug][gc,humongous      ] GC(6) Live humongous region 40 object size 1048592 start 0x00000000e2800000  with remset 0 code roots 0 is marked 0 reclaim candidate 0 type array 1
[2024-12-07T18:48:45.729+0800][1.656s][debug][gc,humongous      ] GC(6) Live humongous region 42 object size 1048592 start 0x00000000e2a00000  with remset 0 code roots 0 is marked 0 reclaim candidate 0 type array 1
[2024-12-07T18:48:45.729+0800][1.656s][debug][gc,humongous      ] GC(6) Live humongous region 44 object size 1048592 start 0x00000000e2c00000  with remset 0 code roots 0 is marked 0 reclaim candidate 0 type array 1
[2024-12-07T18:48:45.729+0800][1.656s][debug][gc,humongous      ] GC(6) Live humongous region 46 object size 1048592 start 0x00000000e2e00000  with remset 0 code roots 0 is marked 0 reclaim candidate 0 type array 1
[2024-12-07T18:48:45.729+0800][1.656s][debug][gc,humongous      ] GC(6) Live humongous region 48 object size 1048592 start 0x00000000e3000000  with remset 0 code roots 0 is marked 0 reclaim candidate 0 type array 1
[2024-12-07T18:48:45.729+0800][1.656s][debug][gc,humongous      ] GC(6) Live humongous region 50 object size 1048592 start 0x00000000e3200000  with remset 0 code roots 0 is marked 0 reclaim candidate 0 type array 1
[2024-12-07T18:48:45.729+0800][1.656s][debug][gc,humongous      ] GC(6) Live humongous region 52 object size 1048592 start 0x00000000e3400000  with remset 0 code roots 0 is marked 0 reclaim candidate 0 type array 1
[2024-12-07T18:48:45.729+0800][1.656s][debug][gc,humongous      ] GC(6) Live humongous region 54 object size 1048592 start 0x00000000e3600000  with remset 0 code roots 0 is marked 0 reclaim candidate 0 type array 1
[2024-12-07T18:48:45.729+0800][1.656s][debug][gc,humongous      ] GC(6) Live humongous region 56 object size 1048592 start 0x00000000e3800000  with remset 0 code roots 0 is marked 0 reclaim candidate 0 type array 1
[2024-12-07T18:48:45.729+0800][1.657s][debug][gc,humongous      ] GC(6) Live humongous region 58 object size 1048592 start 0x00000000e3a00000  with remset 0 code roots 0 is marked 0 reclaim candidate 0 type array 1
[2024-12-07T18:48:45.729+0800][1.657s][debug][gc,humongous      ] GC(6) Live humongous region 60 object size 1048592 start 0x00000000e3c00000  with remset 0 code roots 0 is marked 0 reclaim candidate 0 type array 1
[2024-12-07T18:48:45.729+0800][1.657s][debug][gc,humongous      ] GC(6) Live humongous region 62 object size 1048592 start 0x00000000e3e00000  with remset 0 code roots 0 is marked 0 reclaim candidate 0 type array 1
[2024-12-07T18:48:45.730+0800][1.657s][debug][gc,humongous      ] GC(6) Live humongous region 64 object size 1048592 start 0x00000000e4000000  with remset 0 code roots 0 is marked 0 reclaim candidate 0 type array 1
[2024-12-07T18:48:45.730+0800][1.657s][debug][gc,humongous      ] GC(6) Live humongous region 66 object size 1048592 start 0x00000000e4200000  with remset 0 code roots 0 is marked 0 reclaim candidate 0 type array 1
[2024-12-07T18:48:45.730+0800][1.657s][debug][gc,humongous      ] GC(6) Live humongous region 68 object size 1048592 start 0x00000000e4400000  with remset 0 code roots 0 is marked 0 reclaim candidate 0 type array 1
[2024-12-07T18:48:45.730+0800][1.657s][debug][gc,humongous      ] GC(6) Live humongous region 70 object size 1048592 start 0x00000000e4600000  with remset 0 code roots 0 is marked 0 reclaim candidate 0 type array 1
[2024-12-07T18:48:45.730+0800][1.657s][debug][gc,humongous      ] GC(6) Live humongous region 72 object size 1048592 start 0x00000000e4800000  with remset 0 code roots 0 is marked 0 reclaim candidate 0 type array 1
[2024-12-07T18:48:45.730+0800][1.657s][debug][gc,humongous      ] GC(6) Live humongous region 74 object size 1048592 start 0x00000000e4a00000  with remset 0 code roots 0 is marked 0 reclaim candidate 0 type array 1
[2024-12-07T18:48:45.730+0800][1.657s][debug][gc,humongous      ] GC(6) Live humongous region 76 object size 1048592 start 0x00000000e4c00000  with remset 0 code roots 0 is marked 0 reclaim candidate 0 type array 1
[2024-12-07T18:48:45.730+0800][1.657s][debug][gc,humongous      ] GC(6) Live humongous region 78 object size 1048592 start 0x00000000e4e00000  with remset 0 code roots 0 is marked 0 reclaim candidate 0 type array 1
[2024-12-07T18:48:45.730+0800][1.657s][debug][gc,humongous      ] GC(6) Live humongous region 80 object size 1048592 start 0x00000000e5000000  with remset 0 code roots 0 is marked 0 reclaim candidate 0 type array 1
[2024-12-07T18:48:45.730+0800][1.657s][debug][gc,humongous      ] GC(6) Live humongous region 82 object size 1048592 start 0x00000000e5200000  with remset 0 code roots 0 is marked 0 reclaim candidate 0 type array 1
[2024-12-07T18:48:45.730+0800][1.657s][debug][gc,humongous      ] GC(6) Live humongous region 84 object size 1048592 start 0x00000000e5400000  with remset 0 code roots 0 is marked 0 reclaim candidate 0 type array 1
[2024-12-07T18:48:45.730+0800][1.658s][debug][gc,humongous      ] GC(6) Live humongous region 86 object size 1048592 start 0x00000000e5600000  with remset 0 code roots 0 is marked 0 reclaim candidate 0 type array 1
[2024-12-07T18:48:45.730+0800][1.658s][debug][gc,humongous      ] GC(6) Live humongous region 88 object size 1048592 start 0x00000000e5800000  with remset 0 code roots 0 is marked 0 reclaim candidate 0 type array 1
[2024-12-07T18:48:45.730+0800][1.658s][debug][gc,humongous      ] GC(6) Live humongous region 90 object size 1048592 start 0x00000000e5a00000  with remset 0 code roots 0 is marked 0 reclaim candidate 0 type array 1
[2024-12-07T18:48:45.730+0800][1.658s][debug][gc,humongous      ] GC(6) Live humongous region 92 object size 1048592 start 0x00000000e5c00000  with remset 0 code roots 0 is marked 0 reclaim candidate 0 type array 1
[2024-12-07T18:48:45.731+0800][1.658s][debug][gc,humongous      ] GC(6) Live humongous region 94 object size 1048592 start 0x00000000e5e00000  with remset 0 code roots 0 is marked 0 reclaim candidate 0 type array 1
[2024-12-07T18:48:45.731+0800][1.658s][debug][gc,humongous      ] GC(6) Live humongous region 96 object size 1048592 start 0x00000000e6000000  with remset 0 code roots 0 is marked 0 reclaim candidate 0 type array 1
[2024-12-07T18:48:45.731+0800][1.658s][debug][gc,humongous      ] GC(6) Live humongous region 98 object size 1048592 start 0x00000000e6200000  with remset 0 code roots 0 is marked 0 reclaim candidate 0 type array 1
[2024-12-07T18:48:45.731+0800][1.658s][debug][gc,humongous      ] GC(6) Live humongous region 100 object size 1048592 start 0x00000000e6400000  with remset 0 code roots 0 is marked 0 reclaim candidate 0 type array 1
[2024-12-07T18:48:45.731+0800][1.658s][debug][gc,humongous      ] GC(6) Live humongous region 102 object size 1048592 start 0x00000000e6600000  with remset 0 code roots 0 is marked 0 reclaim candidate 0 type array 1
[2024-12-07T18:48:45.731+0800][1.658s][debug][gc,humongous      ] GC(6) Live humongous region 104 object size 1048592 start 0x00000000e6800000  with remset 0 code roots 0 is marked 0 reclaim candidate 0 type array 1
[2024-12-07T18:48:45.731+0800][1.658s][debug][gc,humongous      ] GC(6) Live humongous region 106 object size 1048592 start 0x00000000e6a00000  with remset 0 code roots 0 is marked 0 reclaim candidate 0 type array 1
[2024-12-07T18:48:45.731+0800][1.658s][debug][gc,humongous      ] GC(6) Live humongous region 108 object size 1048592 start 0x00000000e6c00000  with remset 0 code roots 0 is marked 0 reclaim candidate 0 type array 1
[2024-12-07T18:48:45.731+0800][1.658s][debug][gc,humongous      ] GC(6) Live humongous region 110 object size 1048592 start 0x00000000e6e00000  with remset 0 code roots 0 is marked 0 reclaim candidate 0 type array 1
[2024-12-07T18:48:45.731+0800][1.658s][debug][gc,humongous      ] GC(6) Live humongous region 112 object size 1048592 start 0x00000000e7000000  with remset 0 code roots 0 is marked 0 reclaim candidate 0 type array 1
[2024-12-07T18:48:45.731+0800][1.658s][debug][gc,humongous      ] GC(6) Live humongous region 114 object size 1048592 start 0x00000000e7200000  with remset 0 code roots 0 is marked 0 reclaim candidate 0 type array 1
[2024-12-07T18:48:45.731+0800][1.659s][debug][gc,humongous      ] GC(6) Live humongous region 116 object size 1048592 start 0x00000000e7400000  with remset 0 code roots 0 is marked 0 reclaim candidate 0 type array 1
[2024-12-07T18:48:45.731+0800][1.659s][debug][gc,humongous      ] GC(6) Live humongous region 118 object size 1048592 start 0x00000000e7600000  with remset 0 code roots 0 is marked 0 reclaim candidate 0 type array 1
[2024-12-07T18:48:45.731+0800][1.659s][debug][gc,humongous      ] GC(6) Live humongous region 120 object size 1048592 start 0x00000000e7800000  with remset 0 code roots 0 is marked 0 reclaim candidate 0 type array 1
[2024-12-07T18:48:45.732+0800][1.659s][debug][gc,humongous      ] GC(6) Live humongous region 122 object size 1048592 start 0x00000000e7a00000  with remset 0 code roots 0 is marked 0 reclaim candidate 0 type array 1
[2024-12-07T18:48:45.732+0800][1.659s][debug][gc,humongous      ] GC(6) Live humongous region 124 object size 1048592 start 0x00000000e7c00000  with remset 0 code roots 0 is marked 0 reclaim candidate 0 type array 1
[2024-12-07T18:48:45.732+0800][1.659s][debug][gc,humongous      ] GC(6) Live humongous region 126 object size 1048592 start 0x00000000e7e00000  with remset 0 code roots 0 is marked 0 reclaim candidate 0 type array 1
[2024-12-07T18:48:45.732+0800][1.659s][debug][gc,humongous      ] GC(6) Live humongous region 128 object size 1048592 start 0x00000000e8000000  with remset 0 code roots 0 is marked 0 reclaim candidate 0 type array 1
[2024-12-07T18:48:45.732+0800][1.659s][debug][gc,humongous      ] GC(6) Live humongous region 130 object size 1048592 start 0x00000000e8200000  with remset 0 code roots 0 is marked 0 reclaim candidate 0 type array 1
[2024-12-07T18:48:45.732+0800][1.659s][debug][gc,humongous      ] GC(6) Live humongous region 132 object size 1048592 start 0x00000000e8400000  with remset 0 code roots 0 is marked 0 reclaim candidate 0 type array 1
[2024-12-07T18:48:45.732+0800][1.659s][debug][gc,humongous      ] GC(6) Live humongous region 134 object size 1048592 start 0x00000000e8600000  with remset 0 code roots 0 is marked 0 reclaim candidate 0 type array 1
[2024-12-07T18:48:45.732+0800][1.659s][debug][gc,humongous      ] GC(6) Live humongous region 136 object size 1048592 start 0x00000000e8800000  with remset 0 code roots 0 is marked 0 reclaim candidate 0 type array 1
[2024-12-07T18:48:45.732+0800][1.659s][debug][gc,humongous      ] GC(6) Live humongous region 138 object size 1048592 start 0x00000000e8a00000  with remset 0 code roots 0 is marked 0 reclaim candidate 0 type array 1
[2024-12-07T18:48:45.732+0800][1.660s][debug][gc,humongous      ] GC(6) Live humongous region 140 object size 1048592 start 0x00000000e8c00000  with remset 0 code roots 0 is marked 0 reclaim candidate 0 type array 1
[2024-12-07T18:48:45.732+0800][1.660s][debug][gc,humongous      ] GC(6) Live humongous region 142 object size 1048592 start 0x00000000e8e00000  with remset 0 code roots 0 is marked 0 reclaim candidate 0 type array 1
[2024-12-07T18:48:45.732+0800][1.660s][debug][gc,humongous      ] GC(6) Live humongous region 144 object size 1048592 start 0x00000000e9000000  with remset 0 code roots 0 is marked 0 reclaim candidate 0 type array 1
[2024-12-07T18:48:45.733+0800][1.660s][debug][gc,humongous      ] GC(6) Live humongous region 146 object size 1048592 start 0x00000000e9200000  with remset 0 code roots 0 is marked 0 reclaim candidate 0 type array 1
[2024-12-07T18:48:45.733+0800][1.660s][debug][gc,humongous      ] GC(6) Live humongous region 148 object size 1048592 start 0x00000000e9400000  with remset 0 code roots 0 is marked 0 reclaim candidate 0 type array 1
[2024-12-07T18:48:45.733+0800][1.660s][debug][gc,humongous      ] GC(6) Live humongous region 150 object size 1048592 start 0x00000000e9600000  with remset 0 code roots 0 is marked 0 reclaim candidate 0 type array 1
[2024-12-07T18:48:45.733+0800][1.660s][debug][gc,humongous      ] GC(6) Live humongous region 152 object size 1048592 start 0x00000000e9800000  with remset 0 code roots 0 is marked 0 reclaim candidate 0 type array 1
[2024-12-07T18:48:45.733+0800][1.660s][debug][gc,humongous      ] GC(6) Live humongous region 154 object size 1048592 start 0x00000000e9a00000  with remset 0 code roots 0 is marked 0 reclaim candidate 0 type array 1
[2024-12-07T18:48:45.733+0800][1.660s][debug][gc,humongous      ] GC(6) Live humongous region 156 object size 1048592 start 0x00000000e9c00000  with remset 0 code roots 0 is marked 0 reclaim candidate 0 type array 1
[2024-12-07T18:48:45.733+0800][1.660s][debug][gc,humongous      ] GC(6) Live humongous region 158 object size 1048592 start 0x00000000e9e00000  with remset 0 code roots 0 is marked 0 reclaim candidate 0 type array 1
[2024-12-07T18:48:45.733+0800][1.660s][debug][gc,humongous      ] GC(6) Live humongous region 160 object size 1048592 start 0x00000000ea000000  with remset 0 code roots 0 is marked 0 reclaim candidate 0 type array 1
[2024-12-07T18:48:45.733+0800][1.660s][debug][gc,humongous      ] GC(6) Live humongous region 162 object size 1048592 start 0x00000000ea200000  with remset 0 code roots 0 is marked 0 reclaim candidate 0 type array 1
[2024-12-07T18:48:45.733+0800][1.660s][debug][gc,humongous      ] GC(6) Live humongous region 164 object size 1048592 start 0x00000000ea400000  with remset 0 code roots 0 is marked 0 reclaim candidate 0 type array 1
[2024-12-07T18:48:45.733+0800][1.661s][debug][gc,humongous      ] GC(6) Live humongous region 166 object size 1048592 start 0x00000000ea600000  with remset 0 code roots 0 is marked 0 reclaim candidate 0 type array 1
[2024-12-07T18:48:45.733+0800][1.661s][debug][gc,humongous      ] GC(6) Live humongous region 168 object size 1048592 start 0x00000000ea800000  with remset 0 code roots 0 is marked 0 reclaim candidate 0 type array 1
[2024-12-07T18:48:45.733+0800][1.661s][debug][gc,humongous      ] GC(6) Live humongous region 170 object size 1048592 start 0x00000000eaa00000  with remset 0 code roots 0 is marked 0 reclaim candidate 0 type array 1
[2024-12-07T18:48:45.733+0800][1.661s][debug][gc,humongous      ] GC(6) Live humongous region 172 object size 1048592 start 0x00000000eac00000  with remset 0 code roots 0 is marked 0 reclaim candidate 0 type array 1
[2024-12-07T18:48:45.734+0800][1.661s][debug][gc,humongous      ] GC(6) Live humongous region 174 object size 1048592 start 0x00000000eae00000  with remset 0 code roots 0 is marked 0 reclaim candidate 0 type array 1
[2024-12-07T18:48:45.734+0800][1.661s][debug][gc,humongous      ] GC(6) Live humongous region 176 object size 1048592 start 0x00000000eb000000  with remset 0 code roots 0 is marked 0 reclaim candidate 0 type array 1
[2024-12-07T18:48:45.734+0800][1.661s][debug][gc,humongous      ] GC(6) Live humongous region 178 object size 1048592 start 0x00000000eb200000  with remset 0 code roots 0 is marked 0 reclaim candidate 0 type array 1
[2024-12-07T18:48:45.734+0800][1.661s][debug][gc,humongous      ] GC(6) Live humongous region 180 object size 1048592 start 0x00000000eb400000  with remset 0 code roots 0 is marked 0 reclaim candidate 0 type array 1
[2024-12-07T18:48:45.734+0800][1.661s][debug][gc,humongous      ] GC(6) Live humongous region 182 object size 1048592 start 0x00000000eb600000  with remset 0 code roots 0 is marked 0 reclaim candidate 0 type array 1
[2024-12-07T18:48:45.734+0800][1.661s][debug][gc,humongous      ] GC(6) Live humongous region 184 object size 1048592 start 0x00000000eb800000  with remset 0 code roots 0 is marked 0 reclaim candidate 0 type array 1
[2024-12-07T18:48:45.734+0800][1.661s][debug][gc,humongous      ] GC(6) Live humongous region 186 object size 1048592 start 0x00000000eba00000  with remset 0 code roots 0 is marked 0 reclaim candidate 0 type array 1
[2024-12-07T18:48:45.734+0800][1.661s][debug][gc,humongous      ] GC(6) Live humongous region 188 object size 1048592 start 0x00000000ebc00000  with remset 0 code roots 0 is marked 0 reclaim candidate 0 type array 1
[2024-12-07T18:48:45.734+0800][1.661s][debug][gc,humongous      ] GC(6) Live humongous region 190 object size 1048592 start 0x00000000ebe00000  with remset 0 code roots 0 is marked 0 reclaim candidate 0 type array 1
[2024-12-07T18:48:45.734+0800][1.661s][debug][gc,humongous      ] GC(6) Live humongous region 192 object size 1048592 start 0x00000000ec000000  with remset 0 code roots 0 is marked 0 reclaim candidate 0 type array 1
[2024-12-07T18:48:45.734+0800][1.661s][debug][gc,humongous      ] GC(6) Live humongous region 194 object size 1048592 start 0x00000000ec200000  with remset 0 code roots 0 is marked 0 reclaim candidate 0 type array 1
[2024-12-07T18:48:45.734+0800][1.661s][debug][gc,humongous      ] GC(6) Live humongous region 196 object size 1048592 start 0x00000000ec400000  with remset 0 code roots 0 is marked 0 reclaim candidate 0 type array 1
[2024-12-07T18:48:45.734+0800][1.662s][debug][gc,humongous      ] GC(6) Live humongous region 198 object size 1048592 start 0x00000000ec600000  with remset 0 code roots 0 is marked 0 reclaim candidate 0 type array 1
[2024-12-07T18:48:45.734+0800][1.662s][debug][gc,humongous      ] GC(6) Live humongous region 200 object size 1048592 start 0x00000000ec800000  with remset 0 code roots 0 is marked 0 reclaim candidate 0 type array 1
[2024-12-07T18:48:45.734+0800][1.662s][debug][gc,humongous      ] GC(6) Live humongous region 202 object size 1048592 start 0x00000000eca00000  with remset 0 code roots 0 is marked 0 reclaim candidate 0 type array 1
[2024-12-07T18:48:45.735+0800][1.662s][debug][gc,humongous      ] GC(6) Live humongous region 204 object size 1048592 start 0x00000000ecc00000  with remset 0 code roots 0 is marked 0 reclaim candidate 0 type array 1
[2024-12-07T18:48:45.735+0800][1.662s][debug][gc,humongous      ] GC(6) Live humongous region 206 object size 1048592 start 0x00000000ece00000  with remset 0 code roots 0 is marked 0 reclaim candidate 0 type array 1
[2024-12-07T18:48:45.735+0800][1.662s][debug][gc,humongous      ] GC(6) Live humongous region 208 object size 1048592 start 0x00000000ed000000  with remset 0 code roots 0 is marked 0 reclaim candidate 0 type array 1
[2024-12-07T18:48:45.735+0800][1.662s][debug][gc,humongous      ] GC(6) Live humongous region 210 object size 1048592 start 0x00000000ed200000  with remset 0 code roots 0 is marked 0 reclaim candidate 0 type array 1
[2024-12-07T18:48:45.735+0800][1.662s][debug][gc,humongous      ] GC(6) Live humongous region 212 object size 1048592 start 0x00000000ed400000  with remset 0 code roots 0 is marked 0 reclaim candidate 0 type array 1
[2024-12-07T18:48:45.735+0800][1.662s][debug][gc,humongous      ] GC(6) Live humongous region 214 object size 1048592 start 0x00000000ed600000  with remset 0 code roots 0 is marked 0 reclaim candidate 0 type array 1
[2024-12-07T18:48:45.735+0800][1.662s][debug][gc,humongous      ] GC(6) Live humongous region 216 object size 1048592 start 0x00000000ed800000  with remset 0 code roots 0 is marked 0 reclaim candidate 0 type array 1
[2024-12-07T18:48:45.735+0800][1.662s][debug][gc,humongous      ] GC(6) Live humongous region 218 object size 1048592 start 0x00000000eda00000  with remset 0 code roots 0 is marked 0 reclaim candidate 0 type array 1
[2024-12-07T18:48:45.735+0800][1.662s][debug][gc,humongous      ] GC(6) Live humongous region 220 object size 1048592 start 0x00000000edc00000  with remset 0 code roots 0 is marked 0 reclaim candidate 0 type array 1
[2024-12-07T18:48:45.735+0800][1.662s][debug][gc,humongous      ] GC(6) Live humongous region 222 object size 1048592 start 0x00000000ede00000  with remset 0 code roots 0 is marked 0 reclaim candidate 0 type array 1
[2024-12-07T18:48:45.735+0800][1.663s][debug][gc,humongous      ] GC(6) Live humongous region 224 object size 1048592 start 0x00000000ee000000  with remset 0 code roots 0 is marked 0 reclaim candidate 0 type array 1
[2024-12-07T18:48:45.735+0800][1.663s][debug][gc,humongous      ] GC(6) Live humongous region 226 object size 1048592 start 0x00000000ee200000  with remset 0 code roots 0 is marked 0 reclaim candidate 0 type array 1
[2024-12-07T18:48:45.736+0800][1.663s][debug][gc,humongous      ] GC(6) Live humongous region 228 object size 1048592 start 0x00000000ee400000  with remset 0 code roots 0 is marked 0 reclaim candidate 0 type array 1
[2024-12-07T18:48:45.736+0800][1.663s][debug][gc,humongous      ] GC(6) Live humongous region 230 object size 1048592 start 0x00000000ee600000  with remset 0 code roots 0 is marked 0 reclaim candidate 0 type array 1
[2024-12-07T18:48:45.736+0800][1.663s][debug][gc,humongous      ] GC(6) Live humongous region 232 object size 1048592 start 0x00000000ee800000  with remset 0 code roots 0 is marked 0 reclaim candidate 0 type array 1
[2024-12-07T18:48:45.736+0800][1.663s][debug][gc,humongous      ] GC(6) Live humongous region 234 object size 1048592 start 0x00000000eea00000  with remset 0 code roots 0 is marked 0 reclaim candidate 0 type array 1
[2024-12-07T18:48:45.736+0800][1.663s][debug][gc,humongous      ] GC(6) Live humongous region 236 object size 1048592 start 0x00000000eec00000  with remset 0 code roots 0 is marked 0 reclaim candidate 0 type array 1
[2024-12-07T18:48:45.736+0800][1.663s][debug][gc,humongous      ] GC(6) Live humongous region 238 object size 1048592 start 0x00000000eee00000  with remset 0 code roots 0 is marked 0 reclaim candidate 0 type array 1
[2024-12-07T18:48:45.736+0800][1.664s][debug][gc,humongous      ] GC(6) Live humongous region 240 object size 1048592 start 0x00000000ef000000  with remset 0 code roots 0 is marked 0 reclaim candidate 0 type array 1
[2024-12-07T18:48:45.737+0800][1.664s][debug][gc,humongous      ] GC(6) Live humongous region 242 object size 1048592 start 0x00000000ef200000  with remset 0 code roots 0 is marked 0 reclaim candidate 0 type array 1
[2024-12-07T18:48:45.737+0800][1.664s][debug][gc,humongous      ] GC(6) Live humongous region 244 object size 1048592 start 0x00000000ef400000  with remset 0 code roots 0 is marked 0 reclaim candidate 0 type array 1
[2024-12-07T18:48:45.737+0800][1.664s][debug][gc,humongous      ] GC(6) Live humongous region 246 object size 1048592 start 0x00000000ef600000  with remset 0 code roots 0 is marked 0 reclaim candidate 0 type array 1
[2024-12-07T18:48:45.737+0800][1.664s][debug][gc,humongous      ] GC(6) Live humongous region 248 object size 1048592 start 0x00000000ef800000  with remset 0 code roots 0 is marked 0 reclaim candidate 0 type array 1
[2024-12-07T18:48:45.738+0800][1.665s][debug][gc,humongous      ] GC(6) Live humongous region 250 object size 1048592 start 0x00000000efa00000  with remset 0 code roots 0 is marked 0 reclaim candidate 0 type array 1
[2024-12-07T18:48:45.738+0800][1.665s][debug][gc,humongous      ] GC(6) Live humongous region 252 object size 1048592 start 0x00000000efc00000  with remset 0 code roots 0 is marked 0 reclaim candidate 0 type array 1
[2024-12-07T18:48:45.739+0800][1.666s][debug][gc,humongous      ] GC(6) Live humongous region 254 object size 1048592 start 0x00000000efe00000  with remset 0 code roots 0 is marked 0 reclaim candidate 0 type array 1
[2024-12-07T18:48:45.739+0800][1.666s][debug][gc,humongous      ] GC(6) Live humongous region 256 object size 1048592 start 0x00000000f0000000  with remset 0 code roots 0 is marked 0 reclaim candidate 0 type array 1
[2024-12-07T18:48:45.739+0800][1.666s][debug][gc,humongous      ] GC(6) Live humongous region 258 object size 1048592 start 0x00000000f0200000  with remset 0 code roots 0 is marked 0 reclaim candidate 0 type array 1
[2024-12-07T18:48:45.739+0800][1.666s][debug][gc,humongous      ] GC(6) Live humongous region 260 object size 1048592 start 0x00000000f0400000  with remset 0 code roots 0 is marked 0 reclaim candidate 0 type array 1
[2024-12-07T18:48:45.739+0800][1.666s][debug][gc,humongous      ] GC(6) Live humongous region 262 object size 1048592 start 0x00000000f0600000  with remset 0 code roots 0 is marked 0 reclaim candidate 0 type array 1
[2024-12-07T18:48:45.739+0800][1.666s][debug][gc,humongous      ] GC(6) Live humongous region 264 object size 1048592 start 0x00000000f0800000  with remset 0 code roots 0 is marked 0 reclaim candidate 0 type array 1
[2024-12-07T18:48:45.739+0800][1.666s][debug][gc,humongous      ] GC(6) Live humongous region 266 object size 1048592 start 0x00000000f0a00000  with remset 0 code roots 0 is marked 0 reclaim candidate 0 type array 1
[2024-12-07T18:48:45.739+0800][1.666s][debug][gc,humongous      ] GC(6) Live humongous region 268 object size 1048592 start 0x00000000f0c00000  with remset 0 code roots 0 is marked 0 reclaim candidate 0 type array 1
[2024-12-07T18:48:45.739+0800][1.666s][debug][gc,humongous      ] GC(6) Live humongous region 270 object size 1048592 start 0x00000000f0e00000  with remset 0 code roots 0 is marked 0 reclaim candidate 0 type array 1
[2024-12-07T18:48:45.739+0800][1.667s][debug][gc,humongous      ] GC(6) Live humongous region 272 object size 1048592 start 0x00000000f1000000  with remset 0 code roots 0 is marked 0 reclaim candidate 0 type array 1
[2024-12-07T18:48:45.739+0800][1.667s][debug][gc,humongous      ] GC(6) Live humongous region 274 object size 1048592 start 0x00000000f1200000  with remset 0 code roots 0 is marked 0 reclaim candidate 0 type array 1
[2024-12-07T18:48:45.739+0800][1.667s][debug][gc,humongous      ] GC(6) Live humongous region 276 object size 1048592 start 0x00000000f1400000  with remset 0 code roots 0 is marked 0 reclaim candidate 0 type array 1
[2024-12-07T18:48:45.739+0800][1.667s][debug][gc,humongous      ] GC(6) Live humongous region 278 object size 1048592 start 0x00000000f1600000  with remset 0 code roots 0 is marked 0 reclaim candidate 0 type array 1
[2024-12-07T18:48:45.740+0800][1.667s][debug][gc,plab           ] GC(6) Young PLAB allocation: allocated: 395720B, wasted: 2536B, unused: 27776B, used: 365408B, undo waste: 0B, 
[2024-12-07T18:48:45.740+0800][1.667s][debug][gc,plab           ] GC(6) Young other allocation: region end waste: 0B, regions filled: 1, direct allocated: 72512B, failure used: 0B, failure wasted: 0B
[2024-12-07T18:48:45.740+0800][1.667s][debug][gc,plab           ] GC(6) Young sizing: calculated: 73080B, actual: 73080B
[2024-12-07T18:48:45.740+0800][1.667s][debug][gc,plab           ] GC(6) Old PLAB allocation: allocated: 0B, wasted: 0B, unused: 0B, used: 0B, undo waste: 0B, 
[2024-12-07T18:48:45.740+0800][1.667s][debug][gc,plab           ] GC(6) Old other allocation: region end waste: 0B, regions filled: 0, direct allocated: 0B, failure used: 0B, failure wasted: 0B
[2024-12-07T18:48:45.740+0800][1.667s][debug][gc,plab           ] GC(6) Old sizing: calculated: 0B, actual: 2064B
[2024-12-07T18:48:45.740+0800][1.667s][debug][gc,alloc,stats    ] Old generation allocation in the last mutator period, old gen allocated: 0B, humongous allocated: 20971520B,old gen growth: 20971520B.
[2024-12-07T18:48:45.740+0800][1.668s][debug][gc,ihop           ] GC(6) Basic information (value update), threshold: 236873318B (45.00), target occupancy: 526385152B, current occupancy: 294806792B, recent allocation size: 20971520B, recent allocation duration: 102.88ms, recent old gen allocation rate: 203839347.36B/s, recent marking phase length: 0.00ms
[2024-12-07T18:48:45.740+0800][1.668s][debug][gc,ihop           ] GC(6) Adaptive IHOP information (value update), threshold: 236873318B (51.91), internal target occupancy: 456340275B, occupancy: 294806792B, additional buffer size: 100663296B, predicted old gen allocation rate: 237112355.16B/s, predicted marking phase length: 0.00ms, prediction active: false
[2024-12-07T18:48:45.740+0800][1.668s][debug][gc,ergo,refine    ] GC(6) Updated Refinement Zones: green: 18, yellow: 54, red: 90
[2024-12-07T18:48:45.741+0800][1.668s][info ][gc,phases         ] GC(6)   Pre Evacuate Collection Set: 0.2ms
[2024-12-07T18:48:45.741+0800][1.668s][debug][gc,phases         ] GC(6)     Prepare TLABs: 0.2ms
[2024-12-07T18:48:45.741+0800][1.668s][debug][gc,phases         ] GC(6)     Choose Collection Set: 0.2ms
[2024-12-07T18:48:45.741+0800][1.668s][debug][gc,phases         ] GC(6)     Humongous Register: 0.0ms
[2024-12-07T18:48:45.741+0800][1.668s][debug][gc,phases         ] GC(6)     Clear Claimed Marks: 0.0ms
[2024-12-07T18:48:45.741+0800][1.668s][info ][gc,phases         ] GC(6)   Evacuate Collection Set: 6.9ms
[2024-12-07T18:48:45.741+0800][1.668s][debug][gc,phases         ] GC(6)     Ext Root Scanning (ms):   Min:  0.1, Avg:  0.8, Max:  2.2, Diff:  2.1, Sum:  9.2, Workers: 12
[2024-12-07T18:48:45.741+0800][1.669s][debug][gc,phases         ] GC(6)     Update RS (ms):           Min:  0.0, Avg:  0.3, Max:  0.8, Diff:  0.8, Sum:  3.9, Workers: 12
[2024-12-07T18:48:45.741+0800][1.669s][debug][gc,phases         ] GC(6)       Processed Buffers:        Min: 0, Avg:  1.0, Max: 3, Diff: 3, Sum: 12, Workers: 12
[2024-12-07T18:48:45.741+0800][1.669s][debug][gc,phases         ] GC(6)       Scanned Cards:            Min: 0, Avg: 18.5, Max: 54, Diff: 54, Sum: 222, Workers: 12
[2024-12-07T18:48:45.742+0800][1.669s][debug][gc,phases         ] GC(6)       Skipped Cards:            Min: 0, Avg: 15.2, Max: 87, Diff: 87, Sum: 183, Workers: 12
[2024-12-07T18:48:45.742+0800][1.669s][debug][gc,phases         ] GC(6)     Scan RS (ms):             Min:  0.0, Avg:  0.3, Max:  1.0, Diff:  1.0, Sum:  3.1, Workers: 12
[2024-12-07T18:48:45.742+0800][1.669s][debug][gc,phases         ] GC(6)       Scanned Cards:            Min: 0, Avg: 18.2, Max: 64, Diff: 64, Sum: 218, Workers: 12
[2024-12-07T18:48:45.742+0800][1.669s][debug][gc,phases         ] GC(6)       Claimed Cards:            Min: 0, Avg: 18.5, Max: 64, Diff: 64, Sum: 222, Workers: 12
[2024-12-07T18:48:45.742+0800][1.669s][debug][gc,phases         ] GC(6)       Skipped Cards:            Min: 0, Avg: 74.0, Max: 222, Diff: 222, Sum: 888, Workers: 12
[2024-12-07T18:48:45.742+0800][1.669s][debug][gc,phases         ] GC(6)     Code Root Scanning (ms):  Min:  0.0, Avg:  0.0, Max:  0.1, Diff:  0.1, Sum:  0.1, Workers: 12
[2024-12-07T18:48:45.742+0800][1.669s][debug][gc,phases         ] GC(6)     AOT Root Scanning (ms):   skipped
[2024-12-07T18:48:45.742+0800][1.669s][debug][gc,phases         ] GC(6)     Object Copy (ms):         Min:  0.0, Avg:  0.1, Max:  0.2, Diff:  0.2, Sum:  1.1, Workers: 12
[2024-12-07T18:48:45.742+0800][1.670s][debug][gc,phases         ] GC(6)     Termination (ms):         Min:  0.0, Avg:  1.0, Max:  1.5, Diff:  1.5, Sum: 11.8, Workers: 12
[2024-12-07T18:48:45.742+0800][1.670s][debug][gc,phases         ] GC(6)       Termination Attempts:     Min: 1, Avg:  1.9, Max: 4, Diff: 3, Sum: 23, Workers: 12
[2024-12-07T18:48:45.742+0800][1.670s][debug][gc,phases         ] GC(6)     GC Worker Other (ms):     Min:  0.8, Avg:  2.3, Max:  3.5, Diff:  2.8, Sum: 28.2, Workers: 12
[2024-12-07T18:48:45.743+0800][1.670s][debug][gc,phases         ] GC(6)     GC Worker Total (ms):     Min:  3.2, Avg:  4.8, Max:  5.8, Diff:  2.6, Sum: 57.4, Workers: 12
[2024-12-07T18:48:45.743+0800][1.670s][info ][gc,phases         ] GC(6)   Post Evacuate Collection Set: 14.1ms
[2024-12-07T18:48:45.743+0800][1.670s][debug][gc,phases         ] GC(6)     Code Roots Fixup: 0.0ms
[2024-12-07T18:48:45.743+0800][1.670s][debug][gc,phases         ] GC(6)     Clear Card Table: 0.1ms
[2024-12-07T18:48:45.743+0800][1.670s][debug][gc,phases         ] GC(6)     Reference Processing: 0.2ms
[2024-12-07T18:48:45.743+0800][1.670s][debug][gc,phases,ref     ] GC(6)       Reconsider SoftReferences: 0.1ms
[2024-12-07T18:48:45.743+0800][1.670s][debug][gc,phases,ref     ] GC(6)         SoftRef (ms):             skipped
[2024-12-07T18:48:45.743+0800][1.670s][debug][gc,phases,ref     ] GC(6)       Notify Soft/WeakReferences: 0.0ms
[2024-12-07T18:48:45.743+0800][1.671s][debug][gc,phases,ref     ] GC(6)         SoftRef (ms):             Min:  0.0, Avg:  0.0, Max:  0.0, Diff:  0.0, Sum:  0.0, Workers: 1
[2024-12-07T18:48:45.743+0800][1.671s][debug][gc,phases,ref     ] GC(6)         WeakRef (ms):             Min:  0.0, Avg:  0.0, Max:  0.0, Diff:  0.0, Sum:  0.0, Workers: 1
[2024-12-07T18:48:45.744+0800][1.671s][debug][gc,phases,ref     ] GC(6)         FinalRef (ms):            Min:  0.0, Avg:  0.0, Max:  0.0, Diff:  0.0, Sum:  0.0, Workers: 1
[2024-12-07T18:48:45.744+0800][1.671s][debug][gc,phases,ref     ] GC(6)         Total (ms):               Min:  0.0, Avg:  0.0, Max:  0.0, Diff:  0.0, Sum:  0.0, Workers: 1
[2024-12-07T18:48:45.744+0800][1.671s][debug][gc,phases,ref     ] GC(6)       Notify and keep alive finalizable: 0.1ms
[2024-12-07T18:48:45.744+0800][1.671s][debug][gc,phases,ref     ] GC(6)         FinalRef (ms):            skipped
[2024-12-07T18:48:45.744+0800][1.671s][debug][gc,phases,ref     ] GC(6)       Notify PhantomReferences: 0.0ms
[2024-12-07T18:48:45.744+0800][1.671s][debug][gc,phases,ref     ] GC(6)         PhantomRef (ms):          Min:  0.0, Avg:  0.0, Max:  0.0, Diff:  0.0, Sum:  0.0, Workers: 1
[2024-12-07T18:48:45.744+0800][1.671s][debug][gc,phases,ref     ] GC(6)       SoftReference:
[2024-12-07T18:48:45.744+0800][1.671s][debug][gc,phases,ref     ] GC(6)         Discovered: 0
[2024-12-07T18:48:45.744+0800][1.672s][debug][gc,phases,ref     ] GC(6)         Cleared: 0
[2024-12-07T18:48:45.745+0800][1.672s][debug][gc,phases,ref     ] GC(6)       WeakReference:
[2024-12-07T18:48:45.745+0800][1.672s][debug][gc,phases,ref     ] GC(6)         Discovered: 12
[2024-12-07T18:48:45.745+0800][1.672s][debug][gc,phases,ref     ] GC(6)         Cleared: 12
[2024-12-07T18:48:45.745+0800][1.672s][debug][gc,phases,ref     ] GC(6)       FinalReference:
[2024-12-07T18:48:45.745+0800][1.672s][debug][gc,phases,ref     ] GC(6)         Discovered: 0
[2024-12-07T18:48:45.745+0800][1.672s][debug][gc,phases,ref     ] GC(6)         Cleared: 0
[2024-12-07T18:48:45.745+0800][1.672s][debug][gc,phases,ref     ] GC(6)       PhantomReference:
[2024-12-07T18:48:45.745+0800][1.672s][debug][gc,phases,ref     ] GC(6)         Discovered: 5
[2024-12-07T18:48:45.745+0800][1.673s][debug][gc,phases,ref     ] GC(6)         Cleared: 5
[2024-12-07T18:48:45.745+0800][1.673s][debug][gc,phases         ] GC(6)     Weak Processing: 0.0ms
[2024-12-07T18:48:45.746+0800][1.673s][debug][gc,phases         ] GC(6)     Merge Per-Thread State: 0.0ms
[2024-12-07T18:48:45.746+0800][1.673s][debug][gc,phases         ] GC(6)     Code Roots Purge: 0.0ms
[2024-12-07T18:48:45.746+0800][1.673s][debug][gc,phases         ] GC(6)     Redirty Cards: 0.1ms
[2024-12-07T18:48:45.746+0800][1.673s][debug][gc,phases         ] GC(6)     DerivedPointerTable Update: 0.0ms
[2024-12-07T18:48:45.746+0800][1.673s][debug][gc,phases         ] GC(6)     Free Collection Set: 0.1ms
[2024-12-07T18:48:45.747+0800][1.674s][debug][gc,phases         ] GC(6)     Humongous Reclaim: 13.5ms
[2024-12-07T18:48:45.747+0800][1.674s][debug][gc,phases         ] GC(6)     Start New Collection Set: 0.0ms
[2024-12-07T18:48:45.747+0800][1.675s][debug][gc,phases         ] GC(6)     Resize TLABs: 0.0ms
[2024-12-07T18:48:45.747+0800][1.675s][debug][gc,phases         ] GC(6)     Expand Heap After Collection: 0.0ms
[2024-12-07T18:48:45.748+0800][1.675s][info ][gc,phases         ] GC(6)   Other: 2.7ms
[2024-12-07T18:48:45.748+0800][1.675s][info ][gc,heap           ] GC(6) Eden regions: 1->0(95)
[2024-12-07T18:48:45.748+0800][1.675s][info ][gc,heap           ] GC(6) Survivor regions: 1->1(13)
[2024-12-07T18:48:45.748+0800][1.675s][info ][gc,heap           ] GC(6) Old regions: 2->2
[2024-12-07T18:48:45.748+0800][1.675s][info ][gc,heap           ] GC(6) Humongous regions: 280->280
[2024-12-07T18:48:45.748+0800][1.675s][info ][gc,metaspace      ] GC(6) Metaspace: 554K(4864K)->554K(4864K) NonClass: 507K(4352K)->507K(4352K) Class: 46K(512K)->46K(512K)
[2024-12-07T18:48:45.748+0800][1.675s][debug][gc,heap           ] GC(6) Heap after GC invocations=7 (full 0): garbage-first heap   total 516096K, used 287897K [0x00000000e0000000, 0x0000000100000000)
[2024-12-07T18:48:45.748+0800][1.675s][debug][gc,heap           ] GC(6)   region size 1024K, 1 young (1024K), 1 survivors (1024K)
[2024-12-07T18:48:45.748+0800][1.675s][debug][gc,heap           ] GC(6)  Metaspace       used 554K, capacity 4570K, committed 4864K, reserved 1056768K
[2024-12-07T18:48:45.748+0800][1.676s][debug][gc,heap           ] GC(6)   class space    used 46K, capacity 419K, committed 512K, reserved 1048576K
[2024-12-07T18:48:45.748+0800][1.676s][info ][gc                ] GC(6) Pause Young (Concurrent Start) (G1 Humongous Allocation) 281M->281M(504M) 30.849ms
[2024-12-07T18:48:45.748+0800][1.676s][info ][gc,cpu            ] GC(6) User=0.00s Sys=0.02s Real=0.03s
[2024-12-07T18:48:45.749+0800][1.676s][info ][gc                ] GC(7) Concurrent Cycle
[2024-12-07T18:48:45.749+0800][1.676s][info ][gc,marking        ] GC(7) Concurrent Clear Claimed Marks
[2024-12-07T18:48:45.749+0800][1.676s][info ][gc,marking        ] GC(7) Concurrent Clear Claimed Marks 0.087ms
[2024-12-07T18:48:45.749+0800][1.676s][info ][gc,marking        ] GC(7) Concurrent Scan Root Regions
[2024-12-07T18:48:45.749+0800][1.676s][debug][gc,ergo           ] GC(7) Running G1 Root Region Scan using 1 workers for 1 work units.
[2024-12-07T18:48:45.749+0800][1.677s][info ][gc,marking        ] GC(7) Concurrent Scan Root Regions 0.496ms
[2024-12-07T18:48:45.749+0800][1.677s][info ][gc,marking        ] GC(7) Concurrent Mark (1.677s)
[2024-12-07T18:48:45.750+0800][1.677s][info ][gc,marking        ] GC(7) Concurrent Mark From Roots
[2024-12-07T18:48:45.750+0800][1.677s][info ][gc,task           ] GC(7) Using 5 workers of 5 for marking
[2024-12-07T18:48:45.750+0800][1.677s][debug][gc,stats          ] ---------------------------------------------------------------------
[2024-12-07T18:48:45.750+0800][1.678s][debug][gc,stats          ] Marking Stats, task = 0, calls = 41
[2024-12-07T18:48:45.750+0800][1.678s][debug][gc,stats          ]   Elapsed time = 0.46ms, Termination time = 0.00ms
[2024-12-07T18:48:45.750+0800][1.678s][debug][gc,stats          ]   Step Times (cum): num = 331, avg = 0.01ms, sd = 0.16ms max = 2.98ms, total = 2.98ms
[2024-12-07T18:48:45.751+0800][1.678s][debug][gc,stats          ]   Mark Stats Cache: hits 4432 misses 141 ratio 96.917
[2024-12-07T18:48:45.751+0800][1.678s][debug][gc,stats          ] ---------------------------------------------------------------------
[2024-12-07T18:48:45.751+0800][1.678s][debug][gc,stats          ] Marking Stats, task = 1, calls = 1
[2024-12-07T18:48:45.751+0800][1.678s][debug][gc,stats          ]   Elapsed time = 0.44ms, Termination time = 0.00ms
[2024-12-07T18:48:45.751+0800][1.678s][debug][gc,stats          ]   Step Times (cum): num = 111, avg = 0.03ms, sd = 0.29ms max = 3.12ms, total = 3.12ms
[2024-12-07T18:48:45.751+0800][1.678s][debug][gc,stats          ]   Mark Stats Cache: hits 4239 misses 2 ratio 99.953
[2024-12-07T18:48:45.751+0800][1.678s][debug][gc,stats          ] ---------------------------------------------------------------------
[2024-12-07T18:48:45.751+0800][1.678s][debug][gc,stats          ] Marking Stats, task = 2, calls = 38
[2024-12-07T18:48:45.751+0800][1.678s][debug][gc,stats          ]   Elapsed time = 0.43ms, Termination time = 0.00ms
[2024-12-07T18:48:45.751+0800][1.678s][debug][gc,stats          ]   Step Times (cum): num = 136, avg = 0.02ms, sd = 0.25ms max = 2.97ms, total = 3.03ms
[2024-12-07T18:48:45.751+0800][1.679s][debug][gc,stats          ]   Mark Stats Cache: hits 581 misses 2 ratio 99.657
[2024-12-07T18:48:45.751+0800][1.679s][debug][gc,stats          ] ---------------------------------------------------------------------
[2024-12-07T18:48:45.751+0800][1.679s][debug][gc,stats          ] Marking Stats, task = 3, calls = 41
[2024-12-07T18:48:45.752+0800][1.679s][debug][gc,stats          ]   Elapsed time = 0.43ms, Termination time = 0.00ms
[2024-12-07T18:48:45.752+0800][1.679s][debug][gc,stats          ]   Step Times (cum): num = 106, avg = 0.03ms, sd = 0.29ms max = 2.97ms, total = 3.03ms
[2024-12-07T18:48:45.752+0800][1.679s][debug][gc,stats          ]   Mark Stats Cache: hits 586 misses 1 ratio 99.830
[2024-12-07T18:48:45.752+0800][1.679s][debug][gc,stats          ] ---------------------------------------------------------------------
[2024-12-07T18:48:45.752+0800][1.679s][debug][gc,stats          ] Marking Stats, task = 4, calls = 28
[2024-12-07T18:48:45.752+0800][1.680s][debug][gc,stats          ]   Elapsed time = 0.40ms, Termination time = 0.00ms
[2024-12-07T18:48:45.753+0800][1.680s][debug][gc,stats          ]   Step Times (cum): num = 103, avg = 0.03ms, sd = 0.29ms max = 2.97ms, total = 2.99ms
[2024-12-07T18:48:45.753+0800][1.680s][debug][gc,stats          ]   Mark Stats Cache: hits 647 misses 2 ratio 99.692
[2024-12-07T18:48:45.753+0800][1.680s][debug][gc,stats          ] ---------------------------------------------------------------------
[2024-12-07T18:48:45.753+0800][1.680s][info ][gc,marking        ] GC(7) Concurrent Mark From Roots 3.612ms
[2024-12-07T18:48:45.754+0800][1.681s][info ][gc,marking        ] GC(7) Concurrent Preclean
[2024-12-07T18:48:45.754+0800][1.682s][debug][gc,ref,start      ] GC(7) Preclean SoftReferences
[2024-12-07T18:48:45.754+0800][1.682s][debug][gc,ref            ] GC(7) Preclean SoftReferences 0.098ms
[2024-12-07T18:48:45.755+0800][1.682s][debug][gc,ref,start      ] GC(7) Preclean WeakReferences
[2024-12-07T18:48:45.755+0800][1.682s][debug][gc,ref            ] GC(7) Preclean WeakReferences 0.087ms
[2024-12-07T18:48:45.755+0800][1.682s][debug][gc,ref,start      ] GC(7) Preclean FinalReferences
[2024-12-07T18:48:45.755+0800][1.682s][debug][gc,ref            ] GC(7) Preclean FinalReferences 0.090ms
[2024-12-07T18:48:45.755+0800][1.682s][debug][gc,ref,start      ] GC(7) Preclean PhantomReferences
[2024-12-07T18:48:45.755+0800][1.682s][debug][gc,ref            ] GC(7) Preclean PhantomReferences 0.088ms
[2024-12-07T18:48:45.755+0800][1.682s][info ][gc,marking        ] GC(7) Concurrent Preclean 1.308ms
[2024-12-07T18:48:45.755+0800][1.682s][info ][gc,marking        ] GC(7) Concurrent Mark (1.677s, 1.682s) 5.715ms
[2024-12-07T18:48:45.755+0800][1.683s][info ][gc,start          ] GC(7) Pause Remark
[2024-12-07T18:48:45.755+0800][1.683s][debug][gc,phases,start   ] GC(7) Finalize Marking
[2024-12-07T18:48:45.756+0800][1.683s][debug][gc,stats          ] ---------------------------------------------------------------------
[2024-12-07T18:48:45.756+0800][1.683s][debug][gc,stats          ] Marking Stats, task = 0, calls = 114
[2024-12-07T18:48:45.756+0800][1.683s][debug][gc,stats          ]   Elapsed time = 0.15ms, Termination time = 0.00ms
[2024-12-07T18:48:45.756+0800][1.683s][debug][gc,stats          ]   Step Times (cum): num = 404, avg = 0.01ms, sd = 0.15ms max = 2.98ms, total = 2.98ms
[2024-12-07T18:48:45.756+0800][1.683s][debug][gc,stats          ]   Mark Stats Cache: hits 4432 misses 141 ratio 96.917
[2024-12-07T18:48:45.756+0800][1.683s][debug][gc,stats          ] ---------------------------------------------------------------------
[2024-12-07T18:48:45.756+0800][1.684s][debug][gc,stats          ] Marking Stats, task = 1, calls = 2
[2024-12-07T18:48:45.756+0800][1.684s][debug][gc,stats          ]   Elapsed time = 0.15ms, Termination time = 0.00ms
[2024-12-07T18:48:45.756+0800][1.684s][debug][gc,stats          ]   Step Times (cum): num = 112, avg = 0.03ms, sd = 0.29ms max = 3.12ms, total = 3.12ms
[2024-12-07T18:48:45.757+0800][1.684s][debug][gc,stats          ]   Mark Stats Cache: hits 4239 misses 2 ratio 99.953
[2024-12-07T18:48:45.757+0800][1.684s][debug][gc,stats          ] ---------------------------------------------------------------------
[2024-12-07T18:48:45.757+0800][1.684s][debug][gc,stats          ] Marking Stats, task = 2, calls = 39
[2024-12-07T18:48:45.757+0800][1.684s][debug][gc,stats          ]   Elapsed time = 0.15ms, Termination time = 0.00ms
[2024-12-07T18:48:45.757+0800][1.684s][debug][gc,stats          ]   Step Times (cum): num = 137, avg = 0.02ms, sd = 0.25ms max = 2.97ms, total = 3.03ms
[2024-12-07T18:48:45.757+0800][1.684s][debug][gc,stats          ]   Mark Stats Cache: hits 581 misses 2 ratio 99.657
[2024-12-07T18:48:45.757+0800][1.684s][debug][gc,stats          ] ---------------------------------------------------------------------
[2024-12-07T18:48:45.757+0800][1.684s][debug][gc,stats          ] Marking Stats, task = 3, calls = 42
[2024-12-07T18:48:45.757+0800][1.684s][debug][gc,stats          ]   Elapsed time = 0.15ms, Termination time = 0.00ms
[2024-12-07T18:48:45.757+0800][1.685s][debug][gc,stats          ]   Step Times (cum): num = 107, avg = 0.03ms, sd = 0.29ms max = 2.97ms, total = 3.03ms
[2024-12-07T18:48:45.757+0800][1.685s][debug][gc,stats          ]   Mark Stats Cache: hits 586 misses 1 ratio 99.830
[2024-12-07T18:48:45.757+0800][1.685s][debug][gc,stats          ] ---------------------------------------------------------------------
[2024-12-07T18:48:45.758+0800][1.685s][debug][gc,stats          ] Marking Stats, task = 4, calls = 29
[2024-12-07T18:48:45.758+0800][1.685s][debug][gc,stats          ]   Elapsed time = 0.16ms, Termination time = 0.00ms
[2024-12-07T18:48:45.758+0800][1.685s][debug][gc,stats          ]   Step Times (cum): num = 104, avg = 0.03ms, sd = 0.29ms max = 2.97ms, total = 2.99ms
[2024-12-07T18:48:45.758+0800][1.685s][debug][gc,stats          ]   Mark Stats Cache: hits 647 misses 2 ratio 99.692
[2024-12-07T18:48:45.758+0800][1.685s][debug][gc,stats          ] ---------------------------------------------------------------------
[2024-12-07T18:48:45.758+0800][1.685s][debug][gc,stats          ] Marking Stats, task = 5, calls = 1
[2024-12-07T18:48:45.758+0800][1.685s][debug][gc,stats          ]   Elapsed time = 0.15ms, Termination time = 0.00ms
[2024-12-07T18:48:45.758+0800][1.685s][debug][gc,stats          ]   Step Times (cum): num = 4, avg = 0.75ms, sd = 1.30ms max = 3.00ms, total = 3.00ms
[2024-12-07T18:48:45.758+0800][1.685s][debug][gc,stats          ]   Mark Stats Cache: hits 0 misses 0 ratio 0.000
[2024-12-07T18:48:45.758+0800][1.686s][debug][gc,stats          ] ---------------------------------------------------------------------
[2024-12-07T18:48:45.758+0800][1.686s][debug][gc,stats          ] Marking Stats, task = 6, calls = 1
[2024-12-07T18:48:45.758+0800][1.686s][debug][gc,stats          ]   Elapsed time = 0.16ms, Termination time = 0.00ms
[2024-12-07T18:48:45.759+0800][1.686s][debug][gc,stats          ]   Step Times (cum): num = 4, avg = 0.76ms, sd = 1.32ms max = 3.04ms, total = 3.04ms
[2024-12-07T18:48:45.759+0800][1.686s][debug][gc,stats          ]   Mark Stats Cache: hits 0 misses 0 ratio 0.000
[2024-12-07T18:48:45.759+0800][1.686s][debug][gc,stats          ] ---------------------------------------------------------------------
[2024-12-07T18:48:45.759+0800][1.686s][debug][gc,stats          ] Marking Stats, task = 7, calls = 1
[2024-12-07T18:48:45.759+0800][1.686s][debug][gc,stats          ]   Elapsed time = 0.08ms, Termination time = 0.00ms
[2024-12-07T18:48:45.759+0800][1.686s][debug][gc,stats          ]   Step Times (cum): num = 4, avg = 0.74ms, sd = 1.29ms max = 2.98ms, total = 2.98ms
[2024-12-07T18:48:45.759+0800][1.686s][debug][gc,stats          ]   Mark Stats Cache: hits 0 misses 0 ratio 0.000
[2024-12-07T18:48:45.759+0800][1.686s][debug][gc,stats          ] ---------------------------------------------------------------------
[2024-12-07T18:48:45.759+0800][1.686s][debug][gc,stats          ] Marking Stats, task = 8, calls = 1
[2024-12-07T18:48:45.759+0800][1.687s][debug][gc,stats          ]   Elapsed time = 0.08ms, Termination time = 0.00ms
[2024-12-07T18:48:45.759+0800][1.687s][debug][gc,stats          ]   Step Times (cum): num = 4, avg = 0.74ms, sd = 1.29ms max = 2.98ms, total = 2.98ms
[2024-12-07T18:48:45.759+0800][1.687s][debug][gc,stats          ]   Mark Stats Cache: hits 0 misses 0 ratio 0.000
[2024-12-07T18:48:45.760+0800][1.687s][debug][gc,stats          ] ---------------------------------------------------------------------
[2024-12-07T18:48:45.760+0800][1.687s][debug][gc,stats          ] Marking Stats, task = 9, calls = 1
[2024-12-07T18:48:45.760+0800][1.687s][debug][gc,stats          ]   Elapsed time = 0.04ms, Termination time = 0.00ms
[2024-12-07T18:48:45.760+0800][1.687s][debug][gc,stats          ]   Step Times (cum): num = 4, avg = 0.68ms, sd = 1.18ms max = 2.72ms, total = 2.72ms
[2024-12-07T18:48:45.760+0800][1.687s][debug][gc,stats          ]   Mark Stats Cache: hits 0 misses 0 ratio 0.000
[2024-12-07T18:48:45.760+0800][1.687s][debug][gc,stats          ] ---------------------------------------------------------------------
[2024-12-07T18:48:45.760+0800][1.687s][debug][gc,stats          ] Marking Stats, task = 10, calls = 1
[2024-12-07T18:48:45.760+0800][1.687s][debug][gc,stats          ]   Elapsed time = 0.01ms, Termination time = 0.00ms
[2024-12-07T18:48:45.760+0800][1.687s][debug][gc,stats          ]   Step Times (cum): num = 4, avg = 0.00ms, sd = 0.00ms max = 0.00ms, total = 0.00ms
[2024-12-07T18:48:45.760+0800][1.688s][debug][gc,stats          ]   Mark Stats Cache: hits 0 misses 0 ratio 0.000
[2024-12-07T18:48:45.760+0800][1.688s][debug][gc,stats          ] ---------------------------------------------------------------------
[2024-12-07T18:48:45.760+0800][1.688s][debug][gc,stats          ] Marking Stats, task = 11, calls = 1
[2024-12-07T18:48:45.761+0800][1.688s][debug][gc,stats          ]   Elapsed time = 0.01ms, Termination time = 0.00ms
[2024-12-07T18:48:45.761+0800][1.688s][debug][gc,stats          ]   Step Times (cum): num = 4, avg = 0.00ms, sd = 0.00ms max = 0.00ms, total = 0.00ms
[2024-12-07T18:48:45.761+0800][1.688s][debug][gc,stats          ]   Mark Stats Cache: hits 0 misses 0 ratio 0.000
[2024-12-07T18:48:45.761+0800][1.688s][debug][gc,stats          ] ---------------------------------------------------------------------
[2024-12-07T18:48:45.761+0800][1.688s][debug][gc,phases         ] GC(7) Finalize Marking 5.455ms
[2024-12-07T18:48:45.761+0800][1.688s][debug][gc,phases,start   ] GC(7) Reference Processing
[2024-12-07T18:48:45.761+0800][1.688s][debug][gc,ref            ] GC(7) Skipped phase1 of Reference Processing due to unavailable references
[2024-12-07T18:48:45.761+0800][1.688s][debug][gc,ref            ] GC(7) Skipped phase2 of Reference Processing due to unavailable references
[2024-12-07T18:48:45.761+0800][1.688s][debug][gc,ref            ] GC(7) Skipped phase3 of Reference Processing due to unavailable references
[2024-12-07T18:48:45.761+0800][1.689s][debug][gc,ref            ] GC(7) Skipped phase4 of Reference Processing due to unavailable references
[2024-12-07T18:48:45.761+0800][1.689s][debug][gc,phases,ref     ] GC(7) Reference Processing: 0.3ms
[2024-12-07T18:48:45.761+0800][1.689s][debug][gc,phases,ref     ] GC(7)   Reconsider SoftReferences: 0.1ms
[2024-12-07T18:48:45.762+0800][1.689s][debug][gc,phases,ref     ] GC(7)     SoftRef (ms):             skipped
[2024-12-07T18:48:45.762+0800][1.689s][debug][gc,phases,ref     ] GC(7)   Notify Soft/WeakReferences: 0.1ms
[2024-12-07T18:48:45.762+0800][1.689s][debug][gc,phases,ref     ] GC(7)     SoftRef (ms):             skipped
[2024-12-07T18:48:45.762+0800][1.689s][debug][gc,phases,ref     ] GC(7)     WeakRef (ms):             skipped
[2024-12-07T18:48:45.762+0800][1.689s][debug][gc,phases,ref     ] GC(7)     FinalRef (ms):            skipped
[2024-12-07T18:48:45.762+0800][1.690s][debug][gc,phases,ref     ] GC(7)     Total (ms):               skipped
[2024-12-07T18:48:45.762+0800][1.690s][debug][gc,phases,ref     ] GC(7)   Notify and keep alive finalizable: 0.1ms
[2024-12-07T18:48:45.763+0800][1.690s][debug][gc,phases,ref     ] GC(7)     FinalRef (ms):            skipped
[2024-12-07T18:48:45.763+0800][1.690s][debug][gc,phases,ref     ] GC(7)   Notify PhantomReferences: 0.1ms
[2024-12-07T18:48:45.763+0800][1.690s][debug][gc,phases,ref     ] GC(7)     PhantomRef (ms):          skipped
[2024-12-07T18:48:45.763+0800][1.690s][debug][gc,phases,ref     ] GC(7)   SoftReference:
[2024-12-07T18:48:45.763+0800][1.690s][debug][gc,phases,ref     ] GC(7)     Discovered: 0
[2024-12-07T18:48:45.763+0800][1.690s][debug][gc,phases,ref     ] GC(7)     Cleared: 0
[2024-12-07T18:48:45.763+0800][1.690s][debug][gc,phases,ref     ] GC(7)   WeakReference:
[2024-12-07T18:48:45.763+0800][1.690s][debug][gc,phases,ref     ] GC(7)     Discovered: 0
[2024-12-07T18:48:45.763+0800][1.690s][debug][gc,phases,ref     ] GC(7)     Cleared: 0
[2024-12-07T18:48:45.763+0800][1.690s][debug][gc,phases,ref     ] GC(7)   FinalReference:
[2024-12-07T18:48:45.763+0800][1.691s][debug][gc,phases,ref     ] GC(7)     Discovered: 0
[2024-12-07T18:48:45.763+0800][1.691s][debug][gc,phases,ref     ] GC(7)     Cleared: 0
[2024-12-07T18:48:45.764+0800][1.691s][debug][gc,phases,ref     ] GC(7)   PhantomReference:
[2024-12-07T18:48:45.764+0800][1.691s][debug][gc,phases,ref     ] GC(7)     Discovered: 0
[2024-12-07T18:48:45.764+0800][1.691s][debug][gc,phases,ref     ] GC(7)     Cleared: 0
[2024-12-07T18:48:45.764+0800][1.691s][debug][gc,phases         ] GC(7) Reference Processing 2.793ms
[2024-12-07T18:48:45.764+0800][1.691s][debug][gc,phases,start   ] GC(7) Weak Processing
[2024-12-07T18:48:45.764+0800][1.691s][debug][gc,phases         ] GC(7) Weak Processing 0.084ms
[2024-12-07T18:48:45.764+0800][1.691s][debug][gc,phases,start   ] GC(7) Class Unloading
[2024-12-07T18:48:45.764+0800][1.691s][debug][gc,phases,start   ] GC(7) ClassLoaderData
[2024-12-07T18:48:45.764+0800][1.691s][debug][gc,phases         ] GC(7) ClassLoaderData 0.086ms
[2024-12-07T18:48:45.764+0800][1.692s][debug][gc,phases,start   ] GC(7) ProtectionDomainCacheTable
[2024-12-07T18:48:45.764+0800][1.692s][debug][gc,phases         ] GC(7) ProtectionDomainCacheTable 0.079ms
[2024-12-07T18:48:45.765+0800][1.692s][info ][gc,stringtable    ] GC(7) Cleaned string and symbol table, strings: 39 processed, 0 removed, symbols: 191 processed, 0 removed
[2024-12-07T18:48:45.765+0800][1.692s][debug][gc,phases         ] GC(7) Class Unloading 0.813ms
[2024-12-07T18:48:45.765+0800][1.692s][debug][gc,phases,start   ] GC(7) Flush Task Caches
[2024-12-07T18:48:45.765+0800][1.692s][debug][gc,stats          ] Mark stats cache hits 10485 misses 148 ratio 98.608
[2024-12-07T18:48:45.765+0800][1.692s][debug][gc,phases         ] GC(7) Flush Task Caches 0.183ms
[2024-12-07T18:48:45.765+0800][1.692s][debug][gc,phases,start   ] GC(7) Update Remembered Set Tracking Before Rebuild
[2024-12-07T18:48:45.765+0800][1.692s][debug][gc,ergo           ] GC(7) Running G1 Update RemSet Tracking Before Rebuild using 2 workers for 504 regions in heap
[2024-12-07T18:48:45.765+0800][1.693s][debug][gc,remset,tracking] GC(7) Remembered Set Tracking update regions total 504, selected 0
[2024-12-07T18:48:45.765+0800][1.693s][debug][gc,phases         ] GC(7) Update Remembered Set Tracking Before Rebuild 0.308ms
[2024-12-07T18:48:45.766+0800][1.693s][debug][gc,phases,start   ] GC(7) Reclaim Empty Regions
[2024-12-07T18:48:45.766+0800][1.693s][debug][gc,phases         ] GC(7) Reclaim Empty Regions 0.168ms
[2024-12-07T18:48:45.766+0800][1.693s][debug][gc,phases,start   ] GC(7) Purge Metaspace
[2024-12-07T18:48:45.766+0800][1.693s][debug][gc,phases         ] GC(7) Purge Metaspace 0.081ms
[2024-12-07T18:48:45.766+0800][1.693s][debug][gc,phases,start   ] GC(7) Report Object Count
[2024-12-07T18:48:45.766+0800][1.693s][debug][gc,phases         ] GC(7) Report Object Count 0.080ms
[2024-12-07T18:48:45.766+0800][1.693s][info ][gc                ] GC(7) Pause Remark 301M->301M(504M) 10.827ms
[2024-12-07T18:48:45.766+0800][1.693s][info ][gc,cpu            ] GC(7) User=0.00s Sys=0.00s Real=0.01s
[2024-12-07T18:48:45.766+0800][1.694s][info ][gc,marking        ] GC(7) Concurrent Rebuild Remembered Sets
[2024-12-07T18:48:45.767+0800][1.694s][info ][gc,marking        ] GC(7) Concurrent Rebuild Remembered Sets 0.284ms
[2024-12-07T18:48:45.767+0800][1.694s][info ][gc,start          ] GC(7) Pause Cleanup
[2024-12-07T18:48:45.767+0800][1.694s][debug][gc,phases,start   ] GC(7) Update Remembered Set Tracking After Rebuild
[2024-12-07T18:48:45.767+0800][1.694s][debug][gc,phases         ] GC(7) Update Remembered Set Tracking After Rebuild 0.086ms
[2024-12-07T18:48:45.767+0800][1.694s][debug][gc,phases,start   ] GC(7) Finalize Concurrent Mark Cleanup
[2024-12-07T18:48:45.767+0800][1.694s][debug][gc,ergo           ] GC(7) request young-only gcs (candidate old regions not available)
[2024-12-07T18:48:45.767+0800][1.695s][debug][gc,phases         ] GC(7) Finalize Concurrent Mark Cleanup 0.258ms
[2024-12-07T18:48:45.767+0800][1.695s][info ][gc                ] GC(7) Pause Cleanup 301M->301M(504M) 0.592ms
[2024-12-07T18:48:45.767+0800][1.695s][info ][gc,cpu            ] GC(7) User=0.00s Sys=0.00s Real=0.00s
[2024-12-07T18:48:45.768+0800][1.695s][info ][gc,marking        ] GC(7) Concurrent Cleanup for Next Mark
[2024-12-07T18:48:45.768+0800][1.695s][debug][gc,ergo           ] GC(7) Running G1 Clear Bitmap with 5 workers for 8 work units.
[2024-12-07T18:48:45.768+0800][1.695s][info ][gc,marking        ] GC(7) Concurrent Cleanup for Next Mark 0.319ms
[2024-12-07T18:48:45.768+0800][1.695s][info ][gc                ] GC(7) Concurrent Cycle 19.456ms
[2024-12-07T18:48:45.855+0800][1.782s][debug][gc,ergo,ihop      ] Request concurrent cycle initiation (occupancy higher than threshold) occupancy: 316669952B allocation request: 1048592B threshold: 236873318B (44.82) source: concurrent humongous allocation
[2024-12-07T18:48:45.855+0800][1.782s][debug][gc,ergo           ] Request concurrent cycle initiation (requested by GC cause). GC cause: G1 Humongous Allocation
[2024-12-07T18:48:45.855+0800][1.782s][debug][gc,heap           ] GC(8) Heap before GC invocations=8 (full 0): garbage-first heap   total 516096K, used 308377K [0x00000000e0000000, 0x0000000100000000)
[2024-12-07T18:48:45.855+0800][1.783s][debug][gc,heap           ] GC(8)   region size 1024K, 2 young (2048K), 1 survivors (1024K)
[2024-12-07T18:48:45.855+0800][1.783s][debug][gc,heap           ] GC(8)  Metaspace       used 554K, capacity 4570K, committed 4864K, reserved 1056768K
[2024-12-07T18:48:45.856+0800][1.783s][debug][gc,heap           ] GC(8)   class space    used 46K, capacity 419K, committed 512K, reserved 1048576K
[2024-12-07T18:48:45.856+0800][1.783s][debug][gc,ergo           ] GC(8) Initiate concurrent cycle (concurrent cycle initiation requested)
[2024-12-07T18:48:45.856+0800][1.783s][info ][gc,start          ] GC(8) Pause Young (Concurrent Start) (G1 Humongous Allocation)
[2024-12-07T18:48:45.856+0800][1.783s][info ][gc,task           ] GC(8) Using 12 workers of 18 for evacuation
[2024-12-07T18:48:45.856+0800][1.783s][debug][gc,tlab           ] GC(8) TLAB totals: thrds: 1  refills: 1 max: 1 slow allocs: 1 max 1 waste: 100.0% gc: 524128B max: 524128B slow: 0B max: 0B fast: 0B max: 0B
[2024-12-07T18:48:45.856+0800][1.783s][debug][gc,alloc,region   ] GC(8) Mutator Allocation stats, regions: 1, wasted size: 0B ( 0.0%)
[2024-12-07T18:48:45.856+0800][1.783s][debug][gc,age            ] GC(8) Desired survivor size 6291456 bytes, new threshold 15 (max threshold 15)
[2024-12-07T18:48:45.856+0800][1.783s][debug][gc,ergo,cset      ] GC(8) Finish choosing CSet. old: 0 regions, predicted old region time: 0.00ms, time remaining: 183.28
[2024-12-07T18:48:45.856+0800][1.784s][debug][gc,task,stats     ] GC(8) GC Termination Stats
[2024-12-07T18:48:45.856+0800][1.784s][debug][gc,task,stats     ] GC(8)      elapsed  --strong roots-- -------termination------- ------waste (KiB)------
[2024-12-07T18:48:45.857+0800][1.784s][debug][gc,task,stats     ] GC(8) thr     ms        ms      %        ms      %    attempts  total   alloc    undo
[2024-12-07T18:48:45.857+0800][1.784s][debug][gc,task,stats     ] GC(8) --- --------- --------- ------ --------- ------ -------- ------- ------- -------
[2024-12-07T18:48:45.860+0800][1.787s][debug][gc,task,stats     ] GC(8)  11      2.98      2.97  99.84      0.00   0.00        1       0       0       0
[2024-12-07T18:48:45.860+0800][1.787s][debug][gc,task,stats     ] GC(8)   0      3.24      1.06  32.75      2.18  67.14        1       1       1       0
[2024-12-07T18:48:45.860+0800][1.787s][debug][gc,task,stats     ] GC(8)   9      3.31      2.86  86.28      0.23   7.04        1       0       0       0
[2024-12-07T18:48:45.860+0800][1.788s][debug][gc,task,stats     ] GC(8)   7      3.49      2.66  76.38      0.44  12.64        1       0       0       0
[2024-12-07T18:48:45.860+0800][1.788s][debug][gc,task,stats     ] GC(8)   3      3.69      1.23  33.23      1.89  51.28        1       0       0       0
[2024-12-07T18:48:45.861+0800][1.788s][debug][gc,task,stats     ] GC(8)   6      3.86      2.65  68.65      0.43  11.17        1       0       0       0
[2024-12-07T18:48:45.861+0800][1.789s][debug][gc,task,stats     ] GC(8)   2      4.67      0.81  17.38      2.24  47.97        1       0       0       0
[2024-12-07T18:48:45.862+0800][1.789s][debug][gc,task,stats     ] GC(8)   1      4.93      1.09  22.07      2.03  41.26        1       0       0       0
[2024-12-07T18:48:45.865+0800][1.793s][debug][gc,task,stats     ] GC(8)   4      8.48      0.86  10.08      2.23  26.27        1       0       0       0
[2024-12-07T18:48:45.865+0800][1.793s][debug][gc,task,stats     ] GC(8)  10      8.54      2.89  33.81      0.13   1.57        1       0       0       0
[2024-12-07T18:48:45.866+0800][1.793s][debug][gc,task,stats     ] GC(8)   8      8.66      2.70  31.16      0.34   3.88        1       0       0       0
[2024-12-07T18:48:45.866+0800][1.793s][debug][gc,task,stats     ] GC(8)   5      8.78      2.54  28.96      0.49   5.62        1       0       0       0
[2024-12-07T18:48:45.866+0800][1.793s][debug][gc,ergo           ] GC(8) Running G1 Clear Card Table Task using 1 workers for 1 units of work for 3 regions.
[2024-12-07T18:48:45.866+0800][1.793s][debug][gc,ref            ] GC(8) Skipped phase1 of Reference Processing due to unavailable references
[2024-12-07T18:48:45.866+0800][1.793s][debug][gc,ref            ] GC(8) Skipped phase3 of Reference Processing due to unavailable references
[2024-12-07T18:48:45.866+0800][1.793s][debug][gc,ergo           ] GC(8) Running G1 Free Collection Set using 1 workers for collection set length 2
[2024-12-07T18:48:45.866+0800][1.793s][debug][gc,humongous      ] GC(8) Live humongous region 0 object size 1048592 start 0x00000000e0000000  with remset 0 code roots 0 is marked 0 reclaim candidate 0 type array 1
[2024-12-07T18:48:45.866+0800][1.793s][debug][gc,humongous      ] GC(8) Live humongous region 2 object size 1048592 start 0x00000000e0200000  with remset 0 code roots 0 is marked 0 reclaim candidate 0 type array 1
[2024-12-07T18:48:45.866+0800][1.794s][debug][gc,humongous      ] GC(8) Live humongous region 4 object size 1048592 start 0x00000000e0400000  with remset 0 code roots 0 is marked 0 reclaim candidate 0 type array 1
[2024-12-07T18:48:45.866+0800][1.794s][debug][gc,humongous      ] GC(8) Live humongous region 6 object size 1048592 start 0x00000000e0600000  with remset 0 code roots 0 is marked 0 reclaim candidate 0 type array 1
[2024-12-07T18:48:45.866+0800][1.794s][debug][gc,humongous      ] GC(8) Live humongous region 8 object size 1048592 start 0x00000000e0800000  with remset 0 code roots 0 is marked 0 reclaim candidate 0 type array 1
[2024-12-07T18:48:45.866+0800][1.794s][debug][gc,humongous      ] GC(8) Live humongous region 10 object size 1048592 start 0x00000000e0a00000  with remset 0 code roots 0 is marked 0 reclaim candidate 0 type array 1
[2024-12-07T18:48:45.867+0800][1.794s][debug][gc,humongous      ] GC(8) Live humongous region 12 object size 1048592 start 0x00000000e0c00000  with remset 0 code roots 0 is marked 0 reclaim candidate 0 type array 1
[2024-12-07T18:48:45.867+0800][1.794s][debug][gc,humongous      ] GC(8) Live humongous region 14 object size 1048592 start 0x00000000e0e00000  with remset 0 code roots 0 is marked 0 reclaim candidate 0 type array 1
[2024-12-07T18:48:45.867+0800][1.794s][debug][gc,humongous      ] GC(8) Live humongous region 16 object size 1048592 start 0x00000000e1000000  with remset 0 code roots 0 is marked 0 reclaim candidate 0 type array 1
[2024-12-07T18:48:45.867+0800][1.794s][debug][gc,humongous      ] GC(8) Live humongous region 18 object size 1048592 start 0x00000000e1200000  with remset 0 code roots 0 is marked 0 reclaim candidate 0 type array 1
[2024-12-07T18:48:45.867+0800][1.794s][debug][gc,humongous      ] GC(8) Live humongous region 20 object size 1048592 start 0x00000000e1400000  with remset 0 code roots 0 is marked 0 reclaim candidate 0 type array 1
[2024-12-07T18:48:45.867+0800][1.794s][debug][gc,humongous      ] GC(8) Live humongous region 22 object size 1048592 start 0x00000000e1600000  with remset 0 code roots 0 is marked 0 reclaim candidate 0 type array 1
[2024-12-07T18:48:45.867+0800][1.794s][debug][gc,humongous      ] GC(8) Live humongous region 24 object size 1048592 start 0x00000000e1800000  with remset 0 code roots 0 is marked 0 reclaim candidate 0 type array 1
[2024-12-07T18:48:45.867+0800][1.794s][debug][gc,humongous      ] GC(8) Live humongous region 26 object size 1048592 start 0x00000000e1a00000  with remset 0 code roots 0 is marked 0 reclaim candidate 0 type array 1
[2024-12-07T18:48:45.867+0800][1.794s][debug][gc,humongous      ] GC(8) Live humongous region 28 object size 1048592 start 0x00000000e1c00000  with remset 0 code roots 0 is marked 0 reclaim candidate 0 type array 1
[2024-12-07T18:48:45.867+0800][1.794s][debug][gc,humongous      ] GC(8) Live humongous region 30 object size 1048592 start 0x00000000e1e00000  with remset 0 code roots 0 is marked 0 reclaim candidate 0 type array 1
[2024-12-07T18:48:45.867+0800][1.794s][debug][gc,humongous      ] GC(8) Live humongous region 32 object size 1048592 start 0x00000000e2000000  with remset 0 code roots 0 is marked 0 reclaim candidate 0 type array 1
[2024-12-07T18:48:45.867+0800][1.795s][debug][gc,humongous      ] GC(8) Live humongous region 34 object size 1048592 start 0x00000000e2200000  with remset 0 code roots 0 is marked 0 reclaim candidate 0 type array 1
[2024-12-07T18:48:45.867+0800][1.795s][debug][gc,humongous      ] GC(8) Live humongous region 36 object size 1048592 start 0x00000000e2400000  with remset 0 code roots 0 is marked 0 reclaim candidate 0 type array 1
[2024-12-07T18:48:45.867+0800][1.795s][debug][gc,humongous      ] GC(8) Live humongous region 38 object size 1048592 start 0x00000000e2600000  with remset 0 code roots 0 is marked 0 reclaim candidate 0 type array 1
[2024-12-07T18:48:45.868+0800][1.795s][debug][gc,humongous      ] GC(8) Live humongous region 40 object size 1048592 start 0x00000000e2800000  with remset 0 code roots 0 is marked 0 reclaim candidate 0 type array 1
[2024-12-07T18:48:45.868+0800][1.795s][debug][gc,humongous      ] GC(8) Live humongous region 42 object size 1048592 start 0x00000000e2a00000  with remset 0 code roots 0 is marked 0 reclaim candidate 0 type array 1
[2024-12-07T18:48:45.868+0800][1.795s][debug][gc,humongous      ] GC(8) Live humongous region 44 object size 1048592 start 0x00000000e2c00000  with remset 0 code roots 0 is marked 0 reclaim candidate 0 type array 1
[2024-12-07T18:48:45.868+0800][1.795s][debug][gc,humongous      ] GC(8) Live humongous region 46 object size 1048592 start 0x00000000e2e00000  with remset 0 code roots 0 is marked 0 reclaim candidate 0 type array 1
[2024-12-07T18:48:45.868+0800][1.796s][debug][gc,humongous      ] GC(8) Live humongous region 48 object size 1048592 start 0x00000000e3000000  with remset 0 code roots 0 is marked 0 reclaim candidate 0 type array 1
[2024-12-07T18:48:45.868+0800][1.796s][debug][gc,humongous      ] GC(8) Live humongous region 50 object size 1048592 start 0x00000000e3200000  with remset 0 code roots 0 is marked 0 reclaim candidate 0 type array 1
[2024-12-07T18:48:45.869+0800][1.796s][debug][gc,humongous      ] GC(8) Live humongous region 52 object size 1048592 start 0x00000000e3400000  with remset 0 code roots 0 is marked 0 reclaim candidate 0 type array 1
[2024-12-07T18:48:45.869+0800][1.796s][debug][gc,humongous      ] GC(8) Live humongous region 54 object size 1048592 start 0x00000000e3600000  with remset 0 code roots 0 is marked 0 reclaim candidate 0 type array 1
[2024-12-07T18:48:45.869+0800][1.796s][debug][gc,humongous      ] GC(8) Live humongous region 56 object size 1048592 start 0x00000000e3800000  with remset 0 code roots 0 is marked 0 reclaim candidate 0 type array 1
[2024-12-07T18:48:45.869+0800][1.796s][debug][gc,humongous      ] GC(8) Live humongous region 58 object size 1048592 start 0x00000000e3a00000  with remset 0 code roots 0 is marked 0 reclaim candidate 0 type array 1
[2024-12-07T18:48:45.869+0800][1.796s][debug][gc,humongous      ] GC(8) Live humongous region 60 object size 1048592 start 0x00000000e3c00000  with remset 0 code roots 0 is marked 0 reclaim candidate 0 type array 1
[2024-12-07T18:48:45.869+0800][1.797s][debug][gc,humongous      ] GC(8) Live humongous region 62 object size 1048592 start 0x00000000e3e00000  with remset 0 code roots 0 is marked 0 reclaim candidate 0 type array 1
[2024-12-07T18:48:45.869+0800][1.797s][debug][gc,humongous      ] GC(8) Live humongous region 64 object size 1048592 start 0x00000000e4000000  with remset 0 code roots 0 is marked 0 reclaim candidate 0 type array 1
[2024-12-07T18:48:45.870+0800][1.797s][debug][gc,humongous      ] GC(8) Live humongous region 66 object size 1048592 start 0x00000000e4200000  with remset 0 code roots 0 is marked 0 reclaim candidate 0 type array 1
[2024-12-07T18:48:45.870+0800][1.797s][debug][gc,humongous      ] GC(8) Live humongous region 68 object size 1048592 start 0x00000000e4400000  with remset 0 code roots 0 is marked 0 reclaim candidate 0 type array 1
[2024-12-07T18:48:45.870+0800][1.797s][debug][gc,humongous      ] GC(8) Live humongous region 70 object size 1048592 start 0x00000000e4600000  with remset 0 code roots 0 is marked 0 reclaim candidate 0 type array 1
[2024-12-07T18:48:45.870+0800][1.797s][debug][gc,humongous      ] GC(8) Live humongous region 72 object size 1048592 start 0x00000000e4800000  with remset 0 code roots 0 is marked 0 reclaim candidate 0 type array 1
[2024-12-07T18:48:45.870+0800][1.797s][debug][gc,humongous      ] GC(8) Live humongous region 74 object size 1048592 start 0x00000000e4a00000  with remset 0 code roots 0 is marked 0 reclaim candidate 0 type array 1
[2024-12-07T18:48:45.870+0800][1.797s][debug][gc,humongous      ] GC(8) Live humongous region 76 object size 1048592 start 0x00000000e4c00000  with remset 0 code roots 0 is marked 0 reclaim candidate 0 type array 1
[2024-12-07T18:48:45.870+0800][1.797s][debug][gc,humongous      ] GC(8) Live humongous region 78 object size 1048592 start 0x00000000e4e00000  with remset 0 code roots 0 is marked 0 reclaim candidate 0 type array 1
[2024-12-07T18:48:45.870+0800][1.797s][debug][gc,humongous      ] GC(8) Live humongous region 80 object size 1048592 start 0x00000000e5000000  with remset 0 code roots 0 is marked 0 reclaim candidate 0 type array 1
[2024-12-07T18:48:45.870+0800][1.797s][debug][gc,humongous      ] GC(8) Live humongous region 82 object size 1048592 start 0x00000000e5200000  with remset 0 code roots 0 is marked 0 reclaim candidate 0 type array 1
[2024-12-07T18:48:45.870+0800][1.797s][debug][gc,humongous      ] GC(8) Live humongous region 84 object size 1048592 start 0x00000000e5400000  with remset 0 code roots 0 is marked 0 reclaim candidate 0 type array 1
[2024-12-07T18:48:45.870+0800][1.797s][debug][gc,humongous      ] GC(8) Live humongous region 86 object size 1048592 start 0x00000000e5600000  with remset 0 code roots 0 is marked 0 reclaim candidate 0 type array 1
[2024-12-07T18:48:45.870+0800][1.798s][debug][gc,humongous      ] GC(8) Live humongous region 88 object size 1048592 start 0x00000000e5800000  with remset 0 code roots 0 is marked 0 reclaim candidate 0 type array 1
[2024-12-07T18:48:45.870+0800][1.798s][debug][gc,humongous      ] GC(8) Live humongous region 90 object size 1048592 start 0x00000000e5a00000  with remset 0 code roots 0 is marked 0 reclaim candidate 0 type array 1
[2024-12-07T18:48:45.870+0800][1.798s][debug][gc,humongous      ] GC(8) Live humongous region 92 object size 1048592 start 0x00000000e5c00000  with remset 0 code roots 0 is marked 0 reclaim candidate 0 type array 1
[2024-12-07T18:48:45.871+0800][1.798s][debug][gc,humongous      ] GC(8) Live humongous region 94 object size 1048592 start 0x00000000e5e00000  with remset 0 code roots 0 is marked 0 reclaim candidate 0 type array 1
[2024-12-07T18:48:45.871+0800][1.798s][debug][gc,humongous      ] GC(8) Live humongous region 96 object size 1048592 start 0x00000000e6000000  with remset 0 code roots 0 is marked 0 reclaim candidate 0 type array 1
[2024-12-07T18:48:45.871+0800][1.798s][debug][gc,humongous      ] GC(8) Live humongous region 98 object size 1048592 start 0x00000000e6200000  with remset 0 code roots 0 is marked 0 reclaim candidate 0 type array 1
[2024-12-07T18:48:45.871+0800][1.798s][debug][gc,humongous      ] GC(8) Live humongous region 100 object size 1048592 start 0x00000000e6400000  with remset 0 code roots 0 is marked 0 reclaim candidate 0 type array 1
[2024-12-07T18:48:45.871+0800][1.798s][debug][gc,humongous      ] GC(8) Live humongous region 102 object size 1048592 start 0x00000000e6600000  with remset 0 code roots 0 is marked 0 reclaim candidate 0 type array 1
[2024-12-07T18:48:45.871+0800][1.798s][debug][gc,humongous      ] GC(8) Live humongous region 104 object size 1048592 start 0x00000000e6800000  with remset 0 code roots 0 is marked 0 reclaim candidate 0 type array 1
[2024-12-07T18:48:45.871+0800][1.798s][debug][gc,humongous      ] GC(8) Live humongous region 106 object size 1048592 start 0x00000000e6a00000  with remset 0 code roots 0 is marked 0 reclaim candidate 0 type array 1
[2024-12-07T18:48:45.871+0800][1.798s][debug][gc,humongous      ] GC(8) Live humongous region 108 object size 1048592 start 0x00000000e6c00000  with remset 0 code roots 0 is marked 0 reclaim candidate 0 type array 1
[2024-12-07T18:48:45.871+0800][1.798s][debug][gc,humongous      ] GC(8) Live humongous region 110 object size 1048592 start 0x00000000e6e00000  with remset 0 code roots 0 is marked 0 reclaim candidate 0 type array 1
[2024-12-07T18:48:45.871+0800][1.798s][debug][gc,humongous      ] GC(8) Live humongous region 112 object size 1048592 start 0x00000000e7000000  with remset 0 code roots 0 is marked 0 reclaim candidate 0 type array 1
[2024-12-07T18:48:45.871+0800][1.798s][debug][gc,humongous      ] GC(8) Live humongous region 114 object size 1048592 start 0x00000000e7200000  with remset 0 code roots 0 is marked 0 reclaim candidate 0 type array 1
[2024-12-07T18:48:45.871+0800][1.799s][debug][gc,humongous      ] GC(8) Live humongous region 116 object size 1048592 start 0x00000000e7400000  with remset 0 code roots 0 is marked 0 reclaim candidate 0 type array 1
[2024-12-07T18:48:45.871+0800][1.799s][debug][gc,humongous      ] GC(8) Live humongous region 118 object size 1048592 start 0x00000000e7600000  with remset 0 code roots 0 is marked 0 reclaim candidate 0 type array 1
[2024-12-07T18:48:45.871+0800][1.799s][debug][gc,humongous      ] GC(8) Live humongous region 120 object size 1048592 start 0x00000000e7800000  with remset 0 code roots 0 is marked 0 reclaim candidate 0 type array 1
[2024-12-07T18:48:45.871+0800][1.799s][debug][gc,humongous      ] GC(8) Live humongous region 122 object size 1048592 start 0x00000000e7a00000  with remset 0 code roots 0 is marked 0 reclaim candidate 0 type array 1
[2024-12-07T18:48:45.872+0800][1.799s][debug][gc,humongous      ] GC(8) Live humongous region 124 object size 1048592 start 0x00000000e7c00000  with remset 0 code roots 0 is marked 0 reclaim candidate 0 type array 1
[2024-12-07T18:48:45.872+0800][1.799s][debug][gc,humongous      ] GC(8) Live humongous region 126 object size 1048592 start 0x00000000e7e00000  with remset 0 code roots 0 is marked 0 reclaim candidate 0 type array 1
[2024-12-07T18:48:45.872+0800][1.799s][debug][gc,humongous      ] GC(8) Live humongous region 128 object size 1048592 start 0x00000000e8000000  with remset 0 code roots 0 is marked 0 reclaim candidate 0 type array 1
[2024-12-07T18:48:45.872+0800][1.799s][debug][gc,humongous      ] GC(8) Live humongous region 130 object size 1048592 start 0x00000000e8200000  with remset 0 code roots 0 is marked 0 reclaim candidate 0 type array 1
[2024-12-07T18:48:45.872+0800][1.799s][debug][gc,humongous      ] GC(8) Live humongous region 132 object size 1048592 start 0x00000000e8400000  with remset 0 code roots 0 is marked 0 reclaim candidate 0 type array 1
[2024-12-07T18:48:45.872+0800][1.799s][debug][gc,humongous      ] GC(8) Live humongous region 134 object size 1048592 start 0x00000000e8600000  with remset 0 code roots 0 is marked 0 reclaim candidate 0 type array 1
[2024-12-07T18:48:45.872+0800][1.799s][debug][gc,humongous      ] GC(8) Live humongous region 136 object size 1048592 start 0x00000000e8800000  with remset 0 code roots 0 is marked 0 reclaim candidate 0 type array 1
[2024-12-07T18:48:45.872+0800][1.799s][debug][gc,humongous      ] GC(8) Live humongous region 138 object size 1048592 start 0x00000000e8a00000  with remset 0 code roots 0 is marked 0 reclaim candidate 0 type array 1
[2024-12-07T18:48:45.872+0800][1.799s][debug][gc,humongous      ] GC(8) Live humongous region 140 object size 1048592 start 0x00000000e8c00000  with remset 0 code roots 0 is marked 0 reclaim candidate 0 type array 1
[2024-12-07T18:48:45.872+0800][1.799s][debug][gc,humongous      ] GC(8) Live humongous region 142 object size 1048592 start 0x00000000e8e00000  with remset 0 code roots 0 is marked 0 reclaim candidate 0 type array 1
[2024-12-07T18:48:45.872+0800][1.799s][debug][gc,humongous      ] GC(8) Live humongous region 144 object size 1048592 start 0x00000000e9000000  with remset 0 code roots 0 is marked 0 reclaim candidate 0 type array 1
[2024-12-07T18:48:45.872+0800][1.799s][debug][gc,humongous      ] GC(8) Live humongous region 146 object size 1048592 start 0x00000000e9200000  with remset 0 code roots 0 is marked 0 reclaim candidate 0 type array 1
[2024-12-07T18:48:45.872+0800][1.799s][debug][gc,humongous      ] GC(8) Live humongous region 148 object size 1048592 start 0x00000000e9400000  with remset 0 code roots 0 is marked 0 reclaim candidate 0 type array 1
[2024-12-07T18:48:45.872+0800][1.800s][debug][gc,humongous      ] GC(8) Live humongous region 150 object size 1048592 start 0x00000000e9600000  with remset 0 code roots 0 is marked 0 reclaim candidate 0 type array 1
[2024-12-07T18:48:45.872+0800][1.800s][debug][gc,humongous      ] GC(8) Live humongous region 152 object size 1048592 start 0x00000000e9800000  with remset 0 code roots 0 is marked 0 reclaim candidate 0 type array 1
[2024-12-07T18:48:45.872+0800][1.800s][debug][gc,humongous      ] GC(8) Live humongous region 154 object size 1048592 start 0x00000000e9a00000  with remset 0 code roots 0 is marked 0 reclaim candidate 0 type array 1
[2024-12-07T18:48:45.873+0800][1.800s][debug][gc,humongous      ] GC(8) Live humongous region 156 object size 1048592 start 0x00000000e9c00000  with remset 0 code roots 0 is marked 0 reclaim candidate 0 type array 1
[2024-12-07T18:48:45.873+0800][1.800s][debug][gc,humongous      ] GC(8) Live humongous region 158 object size 1048592 start 0x00000000e9e00000  with remset 0 code roots 0 is marked 0 reclaim candidate 0 type array 1
[2024-12-07T18:48:45.873+0800][1.800s][debug][gc,humongous      ] GC(8) Live humongous region 160 object size 1048592 start 0x00000000ea000000  with remset 0 code roots 0 is marked 0 reclaim candidate 0 type array 1
[2024-12-07T18:48:45.873+0800][1.800s][debug][gc,humongous      ] GC(8) Live humongous region 162 object size 1048592 start 0x00000000ea200000  with remset 0 code roots 0 is marked 0 reclaim candidate 0 type array 1
[2024-12-07T18:48:45.873+0800][1.800s][debug][gc,humongous      ] GC(8) Live humongous region 164 object size 1048592 start 0x00000000ea400000  with remset 0 code roots 0 is marked 0 reclaim candidate 0 type array 1
[2024-12-07T18:48:45.873+0800][1.800s][debug][gc,humongous      ] GC(8) Live humongous region 166 object size 1048592 start 0x00000000ea600000  with remset 0 code roots 0 is marked 0 reclaim candidate 0 type array 1
[2024-12-07T18:48:45.873+0800][1.800s][debug][gc,humongous      ] GC(8) Live humongous region 168 object size 1048592 start 0x00000000ea800000  with remset 0 code roots 0 is marked 0 reclaim candidate 0 type array 1
[2024-12-07T18:48:45.873+0800][1.800s][debug][gc,humongous      ] GC(8) Live humongous region 170 object size 1048592 start 0x00000000eaa00000  with remset 0 code roots 0 is marked 0 reclaim candidate 0 type array 1
[2024-12-07T18:48:45.873+0800][1.800s][debug][gc,humongous      ] GC(8) Live humongous region 172 object size 1048592 start 0x00000000eac00000  with remset 0 code roots 0 is marked 0 reclaim candidate 0 type array 1
[2024-12-07T18:48:45.873+0800][1.800s][debug][gc,humongous      ] GC(8) Live humongous region 174 object size 1048592 start 0x00000000eae00000  with remset 0 code roots 0 is marked 0 reclaim candidate 0 type array 1
[2024-12-07T18:48:45.873+0800][1.800s][debug][gc,humongous      ] GC(8) Live humongous region 176 object size 1048592 start 0x00000000eb000000  with remset 0 code roots 0 is marked 0 reclaim candidate 0 type array 1
[2024-12-07T18:48:45.873+0800][1.800s][debug][gc,humongous      ] GC(8) Live humongous region 178 object size 1048592 start 0x00000000eb200000  with remset 0 code roots 0 is marked 0 reclaim candidate 0 type array 1
[2024-12-07T18:48:45.873+0800][1.801s][debug][gc,humongous      ] GC(8) Live humongous region 180 object size 1048592 start 0x00000000eb400000  with remset 0 code roots 0 is marked 0 reclaim candidate 0 type array 1
[2024-12-07T18:48:45.873+0800][1.801s][debug][gc,humongous      ] GC(8) Live humongous region 182 object size 1048592 start 0x00000000eb600000  with remset 0 code roots 0 is marked 0 reclaim candidate 0 type array 1
[2024-12-07T18:48:45.873+0800][1.801s][debug][gc,humongous      ] GC(8) Live humongous region 184 object size 1048592 start 0x00000000eb800000  with remset 0 code roots 0 is marked 0 reclaim candidate 0 type array 1
[2024-12-07T18:48:45.873+0800][1.801s][debug][gc,humongous      ] GC(8) Live humongous region 186 object size 1048592 start 0x00000000eba00000  with remset 0 code roots 0 is marked 0 reclaim candidate 0 type array 1
[2024-12-07T18:48:45.874+0800][1.801s][debug][gc,humongous      ] GC(8) Live humongous region 188 object size 1048592 start 0x00000000ebc00000  with remset 0 code roots 0 is marked 0 reclaim candidate 0 type array 1
[2024-12-07T18:48:45.874+0800][1.801s][debug][gc,humongous      ] GC(8) Live humongous region 190 object size 1048592 start 0x00000000ebe00000  with remset 0 code roots 0 is marked 0 reclaim candidate 0 type array 1
[2024-12-07T18:48:45.874+0800][1.801s][debug][gc,humongous      ] GC(8) Live humongous region 192 object size 1048592 start 0x00000000ec000000  with remset 0 code roots 0 is marked 0 reclaim candidate 0 type array 1
[2024-12-07T18:48:45.874+0800][1.801s][debug][gc,humongous      ] GC(8) Live humongous region 194 object size 1048592 start 0x00000000ec200000  with remset 0 code roots 0 is marked 0 reclaim candidate 0 type array 1
[2024-12-07T18:48:45.874+0800][1.801s][debug][gc,humongous      ] GC(8) Live humongous region 196 object size 1048592 start 0x00000000ec400000  with remset 0 code roots 0 is marked 0 reclaim candidate 0 type array 1
[2024-12-07T18:48:45.874+0800][1.801s][debug][gc,humongous      ] GC(8) Live humongous region 198 object size 1048592 start 0x00000000ec600000  with remset 0 code roots 0 is marked 0 reclaim candidate 0 type array 1
[2024-12-07T18:48:45.874+0800][1.801s][debug][gc,humongous      ] GC(8) Live humongous region 200 object size 1048592 start 0x00000000ec800000  with remset 0 code roots 0 is marked 0 reclaim candidate 0 type array 1
[2024-12-07T18:48:45.874+0800][1.801s][debug][gc,humongous      ] GC(8) Live humongous region 202 object size 1048592 start 0x00000000eca00000  with remset 0 code roots 0 is marked 0 reclaim candidate 0 type array 1
[2024-12-07T18:48:45.874+0800][1.801s][debug][gc,humongous      ] GC(8) Live humongous region 204 object size 1048592 start 0x00000000ecc00000  with remset 0 code roots 0 is marked 0 reclaim candidate 0 type array 1
[2024-12-07T18:48:45.874+0800][1.801s][debug][gc,humongous      ] GC(8) Live humongous region 206 object size 1048592 start 0x00000000ece00000  with remset 0 code roots 0 is marked 0 reclaim candidate 0 type array 1
[2024-12-07T18:48:45.874+0800][1.801s][debug][gc,humongous      ] GC(8) Live humongous region 208 object size 1048592 start 0x00000000ed000000  with remset 0 code roots 0 is marked 0 reclaim candidate 0 type array 1
[2024-12-07T18:48:45.874+0800][1.801s][debug][gc,humongous      ] GC(8) Live humongous region 210 object size 1048592 start 0x00000000ed200000  with remset 0 code roots 0 is marked 0 reclaim candidate 0 type array 1
[2024-12-07T18:48:45.874+0800][1.802s][debug][gc,humongous      ] GC(8) Live humongous region 212 object size 1048592 start 0x00000000ed400000  with remset 0 code roots 0 is marked 0 reclaim candidate 0 type array 1
[2024-12-07T18:48:45.874+0800][1.802s][debug][gc,humongous      ] GC(8) Live humongous region 214 object size 1048592 start 0x00000000ed600000  with remset 0 code roots 0 is marked 0 reclaim candidate 0 type array 1
[2024-12-07T18:48:45.874+0800][1.802s][debug][gc,humongous      ] GC(8) Live humongous region 216 object size 1048592 start 0x00000000ed800000  with remset 0 code roots 0 is marked 0 reclaim candidate 0 type array 1
[2024-12-07T18:48:45.874+0800][1.802s][debug][gc,humongous      ] GC(8) Live humongous region 218 object size 1048592 start 0x00000000eda00000  with remset 0 code roots 0 is marked 0 reclaim candidate 0 type array 1
[2024-12-07T18:48:45.875+0800][1.802s][debug][gc,humongous      ] GC(8) Live humongous region 220 object size 1048592 start 0x00000000edc00000  with remset 0 code roots 0 is marked 0 reclaim candidate 0 type array 1
[2024-12-07T18:48:45.875+0800][1.802s][debug][gc,humongous      ] GC(8) Live humongous region 222 object size 1048592 start 0x00000000ede00000  with remset 0 code roots 0 is marked 0 reclaim candidate 0 type array 1
[2024-12-07T18:48:45.875+0800][1.802s][debug][gc,humongous      ] GC(8) Live humongous region 224 object size 1048592 start 0x00000000ee000000  with remset 0 code roots 0 is marked 0 reclaim candidate 0 type array 1
[2024-12-07T18:48:45.875+0800][1.802s][debug][gc,humongous      ] GC(8) Live humongous region 226 object size 1048592 start 0x00000000ee200000  with remset 0 code roots 0 is marked 0 reclaim candidate 0 type array 1
[2024-12-07T18:48:45.875+0800][1.802s][debug][gc,humongous      ] GC(8) Live humongous region 228 object size 1048592 start 0x00000000ee400000  with remset 0 code roots 0 is marked 0 reclaim candidate 0 type array 1
[2024-12-07T18:48:45.875+0800][1.802s][debug][gc,humongous      ] GC(8) Live humongous region 230 object size 1048592 start 0x00000000ee600000  with remset 0 code roots 0 is marked 0 reclaim candidate 0 type array 1
[2024-12-07T18:48:45.875+0800][1.802s][debug][gc,humongous      ] GC(8) Live humongous region 232 object size 1048592 start 0x00000000ee800000  with remset 0 code roots 0 is marked 0 reclaim candidate 0 type array 1
[2024-12-07T18:48:45.875+0800][1.802s][debug][gc,humongous      ] GC(8) Live humongous region 234 object size 1048592 start 0x00000000eea00000  with remset 0 code roots 0 is marked 0 reclaim candidate 0 type array 1
[2024-12-07T18:48:45.875+0800][1.802s][debug][gc,humongous      ] GC(8) Live humongous region 236 object size 1048592 start 0x00000000eec00000  with remset 0 code roots 0 is marked 0 reclaim candidate 0 type array 1
[2024-12-07T18:48:45.875+0800][1.802s][debug][gc,humongous      ] GC(8) Live humongous region 238 object size 1048592 start 0x00000000eee00000  with remset 0 code roots 0 is marked 0 reclaim candidate 0 type array 1
[2024-12-07T18:48:45.875+0800][1.802s][debug][gc,humongous      ] GC(8) Live humongous region 240 object size 1048592 start 0x00000000ef000000  with remset 0 code roots 0 is marked 0 reclaim candidate 0 type array 1
[2024-12-07T18:48:45.875+0800][1.802s][debug][gc,humongous      ] GC(8) Live humongous region 242 object size 1048592 start 0x00000000ef200000  with remset 0 code roots 0 is marked 0 reclaim candidate 0 type array 1
[2024-12-07T18:48:45.875+0800][1.803s][debug][gc,humongous      ] GC(8) Live humongous region 244 object size 1048592 start 0x00000000ef400000  with remset 0 code roots 0 is marked 0 reclaim candidate 0 type array 1
[2024-12-07T18:48:45.875+0800][1.803s][debug][gc,humongous      ] GC(8) Live humongous region 246 object size 1048592 start 0x00000000ef600000  with remset 0 code roots 0 is marked 0 reclaim candidate 0 type array 1
[2024-12-07T18:48:45.875+0800][1.803s][debug][gc,humongous      ] GC(8) Live humongous region 248 object size 1048592 start 0x00000000ef800000  with remset 0 code roots 0 is marked 0 reclaim candidate 0 type array 1
[2024-12-07T18:48:45.875+0800][1.803s][debug][gc,humongous      ] GC(8) Live humongous region 250 object size 1048592 start 0x00000000efa00000  with remset 0 code roots 0 is marked 0 reclaim candidate 0 type array 1
[2024-12-07T18:48:45.876+0800][1.803s][debug][gc,humongous      ] GC(8) Live humongous region 252 object size 1048592 start 0x00000000efc00000  with remset 0 code roots 0 is marked 0 reclaim candidate 0 type array 1
[2024-12-07T18:48:45.876+0800][1.803s][debug][gc,humongous      ] GC(8) Live humongous region 254 object size 1048592 start 0x00000000efe00000  with remset 0 code roots 0 is marked 0 reclaim candidate 0 type array 1
[2024-12-07T18:48:45.876+0800][1.803s][debug][gc,humongous      ] GC(8) Live humongous region 256 object size 1048592 start 0x00000000f0000000  with remset 0 code roots 0 is marked 0 reclaim candidate 0 type array 1
[2024-12-07T18:48:45.876+0800][1.803s][debug][gc,humongous      ] GC(8) Live humongous region 258 object size 1048592 start 0x00000000f0200000  with remset 0 code roots 0 is marked 0 reclaim candidate 0 type array 1
[2024-12-07T18:48:45.876+0800][1.803s][debug][gc,humongous      ] GC(8) Live humongous region 260 object size 1048592 start 0x00000000f0400000  with remset 0 code roots 0 is marked 0 reclaim candidate 0 type array 1
[2024-12-07T18:48:45.876+0800][1.803s][debug][gc,humongous      ] GC(8) Live humongous region 262 object size 1048592 start 0x00000000f0600000  with remset 0 code roots 0 is marked 0 reclaim candidate 0 type array 1
[2024-12-07T18:48:45.876+0800][1.803s][debug][gc,humongous      ] GC(8) Live humongous region 264 object size 1048592 start 0x00000000f0800000  with remset 0 code roots 0 is marked 0 reclaim candidate 0 type array 1
[2024-12-07T18:48:45.876+0800][1.803s][debug][gc,humongous      ] GC(8) Live humongous region 266 object size 1048592 start 0x00000000f0a00000  with remset 0 code roots 0 is marked 0 reclaim candidate 0 type array 1
[2024-12-07T18:48:45.876+0800][1.803s][debug][gc,humongous      ] GC(8) Live humongous region 268 object size 1048592 start 0x00000000f0c00000  with remset 0 code roots 0 is marked 0 reclaim candidate 0 type array 1
[2024-12-07T18:48:45.876+0800][1.803s][debug][gc,humongous      ] GC(8) Live humongous region 270 object size 1048592 start 0x00000000f0e00000  with remset 0 code roots 0 is marked 0 reclaim candidate 0 type array 1
[2024-12-07T18:48:45.876+0800][1.803s][debug][gc,humongous      ] GC(8) Live humongous region 272 object size 1048592 start 0x00000000f1000000  with remset 0 code roots 0 is marked 0 reclaim candidate 0 type array 1
[2024-12-07T18:48:45.876+0800][1.803s][debug][gc,humongous      ] GC(8) Live humongous region 274 object size 1048592 start 0x00000000f1200000  with remset 0 code roots 0 is marked 0 reclaim candidate 0 type array 1
[2024-12-07T18:48:45.876+0800][1.803s][debug][gc,humongous      ] GC(8) Live humongous region 276 object size 1048592 start 0x00000000f1400000  with remset 0 code roots 0 is marked 0 reclaim candidate 0 type array 1
[2024-12-07T18:48:45.876+0800][1.804s][debug][gc,humongous      ] GC(8) Live humongous region 278 object size 1048592 start 0x00000000f1600000  with remset 0 code roots 0 is marked 0 reclaim candidate 0 type array 1
[2024-12-07T18:48:45.876+0800][1.804s][debug][gc,humongous      ] GC(8) Live humongous region 280 object size 1048592 start 0x00000000f1800000  with remset 0 code roots 0 is marked 0 reclaim candidate 0 type array 1
[2024-12-07T18:48:45.876+0800][1.804s][debug][gc,humongous      ] GC(8) Live humongous region 282 object size 1048592 start 0x00000000f1a00000  with remset 0 code roots 0 is marked 0 reclaim candidate 0 type array 1
[2024-12-07T18:48:45.877+0800][1.804s][debug][gc,humongous      ] GC(8) Live humongous region 284 object size 1048592 start 0x00000000f1c00000  with remset 0 code roots 0 is marked 0 reclaim candidate 0 type array 1
[2024-12-07T18:48:45.877+0800][1.804s][debug][gc,humongous      ] GC(8) Live humongous region 286 object size 1048592 start 0x00000000f1e00000  with remset 0 code roots 0 is marked 0 reclaim candidate 0 type array 1
[2024-12-07T18:48:45.877+0800][1.804s][debug][gc,humongous      ] GC(8) Live humongous region 288 object size 1048592 start 0x00000000f2000000  with remset 0 code roots 0 is marked 0 reclaim candidate 0 type array 1
[2024-12-07T18:48:45.877+0800][1.804s][debug][gc,humongous      ] GC(8) Live humongous region 290 object size 1048592 start 0x00000000f2200000  with remset 0 code roots 0 is marked 0 reclaim candidate 0 type array 1
[2024-12-07T18:48:45.877+0800][1.804s][debug][gc,humongous      ] GC(8) Live humongous region 292 object size 1048592 start 0x00000000f2400000  with remset 0 code roots 0 is marked 0 reclaim candidate 0 type array 1
[2024-12-07T18:48:45.877+0800][1.804s][debug][gc,humongous      ] GC(8) Live humongous region 294 object size 1048592 start 0x00000000f2600000  with remset 0 code roots 0 is marked 0 reclaim candidate 0 type array 1
[2024-12-07T18:48:45.877+0800][1.804s][debug][gc,humongous      ] GC(8) Live humongous region 296 object size 1048592 start 0x00000000f2800000  with remset 0 code roots 0 is marked 0 reclaim candidate 0 type array 1
[2024-12-07T18:48:45.877+0800][1.804s][debug][gc,humongous      ] GC(8) Live humongous region 298 object size 1048592 start 0x00000000f2a00000  with remset 0 code roots 0 is marked 0 reclaim candidate 0 type array 1
[2024-12-07T18:48:45.877+0800][1.804s][debug][gc,plab           ] GC(8) Young PLAB allocation: allocated: 383544B, wasted: 2568B, unused: 13840B, used: 367136B, undo waste: 0B, 
[2024-12-07T18:48:45.877+0800][1.804s][debug][gc,plab           ] GC(8) Young other allocation: region end waste: 0B, regions filled: 1, direct allocated: 70784B, failure used: 0B, failure wasted: 0B
[2024-12-07T18:48:45.877+0800][1.804s][debug][gc,plab           ] GC(8) Young sizing: calculated: 73424B, actual: 73336B
[2024-12-07T18:48:45.877+0800][1.804s][debug][gc,plab           ] GC(8) Old PLAB allocation: allocated: 0B, wasted: 0B, unused: 0B, used: 0B, undo waste: 0B, 
[2024-12-07T18:48:45.877+0800][1.805s][debug][gc,plab           ] GC(8) Old other allocation: region end waste: 0B, regions filled: 0, direct allocated: 0B, failure used: 0B, failure wasted: 0B
[2024-12-07T18:48:45.877+0800][1.805s][debug][gc,plab           ] GC(8) Old sizing: calculated: 0B, actual: 2064B
[2024-12-07T18:48:45.877+0800][1.805s][debug][gc,alloc,stats    ] Old generation allocation in the last mutator period, old gen allocated: 0B, humongous allocated: 20971520B,old gen growth: 20971520B.
[2024-12-07T18:48:45.877+0800][1.805s][debug][gc,ihop           ] GC(8) Basic information (value update), threshold: 236873318B (45.00), target occupancy: 526385152B, current occupancy: 315764408B, recent allocation size: 20971520B, recent allocation duration: 104.77ms, recent old gen allocation rate: 200163423.45B/s, recent marking phase length: 0.00ms
[2024-12-07T18:48:45.878+0800][1.805s][debug][gc,ihop           ] GC(8) Adaptive IHOP information (value update), threshold: 236873318B (51.91), internal target occupancy: 456340275B, occupancy: 315764408B, additional buffer size: 84934656B, predicted old gen allocation rate: 194917387.66B/s, predicted marking phase length: 0.00ms, prediction active: false
[2024-12-07T18:48:45.878+0800][1.805s][debug][gc,ergo,refine    ] GC(8) Updated Refinement Zones: green: 18, yellow: 54, red: 90
[2024-12-07T18:48:45.878+0800][1.805s][info ][gc,phases         ] GC(8)   Pre Evacuate Collection Set: 0.1ms
[2024-12-07T18:48:45.878+0800][1.805s][debug][gc,phases         ] GC(8)     Prepare TLABs: 0.1ms
[2024-12-07T18:48:45.878+0800][1.805s][debug][gc,phases         ] GC(8)     Choose Collection Set: 0.1ms
[2024-12-07T18:48:45.878+0800][1.805s][debug][gc,phases         ] GC(8)     Humongous Register: 0.0ms
[2024-12-07T18:48:45.878+0800][1.805s][debug][gc,phases         ] GC(8)     Clear Claimed Marks: 0.0ms
[2024-12-07T18:48:45.878+0800][1.805s][info ][gc,phases         ] GC(8)   Evacuate Collection Set: 9.3ms
[2024-12-07T18:48:45.878+0800][1.805s][debug][gc,phases         ] GC(8)     Ext Root Scanning (ms):   Min:  0.1, Avg:  1.7, Max:  3.0, Diff:  2.9, Sum: 20.1, Workers: 12
[2024-12-07T18:48:45.878+0800][1.805s][debug][gc,phases         ] GC(8)     Update RS (ms):           Min:  0.0, Avg:  0.2, Max:  0.6, Diff:  0.6, Sum:  2.1, Workers: 12
[2024-12-07T18:48:45.878+0800][1.805s][debug][gc,phases         ] GC(8)       Processed Buffers:        Min: 0, Avg:  0.8, Max: 4, Diff: 4, Sum: 9, Workers: 12
[2024-12-07T18:48:45.878+0800][1.805s][debug][gc,phases         ] GC(8)       Scanned Cards:            Min: 0, Avg: 18.5, Max: 56, Diff: 56, Sum: 222, Workers: 12
[2024-12-07T18:48:45.878+0800][1.806s][debug][gc,phases         ] GC(8)       Skipped Cards:            Min: 0, Avg:  9.1, Max: 79, Diff: 79, Sum: 109, Workers: 12
[2024-12-07T18:48:45.878+0800][1.806s][debug][gc,phases         ] GC(8)     Scan RS (ms):             Min:  0.0, Avg:  0.1, Max:  0.6, Diff:  0.6, Sum:  1.6, Workers: 12
[2024-12-07T18:48:45.878+0800][1.806s][debug][gc,phases         ] GC(8)       Scanned Cards:            Min: 0, Avg: 17.6, Max: 63, Diff: 63, Sum: 211, Workers: 12
[2024-12-07T18:48:45.879+0800][1.806s][debug][gc,phases         ] GC(8)       Claimed Cards:            Min: 0, Avg: 18.5, Max: 64, Diff: 64, Sum: 222, Workers: 12
[2024-12-07T18:48:45.879+0800][1.806s][debug][gc,phases         ] GC(8)       Skipped Cards:            Min: 0, Avg: 74.0, Max: 222, Diff: 222, Sum: 888, Workers: 12
[2024-12-07T18:48:45.879+0800][1.806s][debug][gc,phases         ] GC(8)     Code Root Scanning (ms):  Min:  0.0, Avg:  0.0, Max:  0.0, Diff:  0.0, Sum:  0.0, Workers: 12
[2024-12-07T18:48:45.879+0800][1.806s][debug][gc,phases         ] GC(8)     AOT Root Scanning (ms):   skipped
[2024-12-07T18:48:45.879+0800][1.806s][debug][gc,phases         ] GC(8)     Object Copy (ms):         Min:  0.0, Avg:  0.0, Max:  0.3, Diff:  0.3, Sum:  0.5, Workers: 12
[2024-12-07T18:48:45.879+0800][1.806s][debug][gc,phases         ] GC(8)     Termination (ms):         Min:  0.0, Avg:  1.1, Max:  2.2, Diff:  2.2, Sum: 12.6, Workers: 12
[2024-12-07T18:48:45.879+0800][1.806s][debug][gc,phases         ] GC(8)       Termination Attempts:     Min: 1, Avg:  1.0, Max: 1, Diff: 0, Sum: 12, Workers: 12
[2024-12-07T18:48:45.879+0800][1.806s][debug][gc,phases         ] GC(8)     GC Worker Other (ms):     Min:  0.2, Avg:  2.8, Max:  5.8, Diff:  5.7, Sum: 33.4, Workers: 12
[2024-12-07T18:48:45.879+0800][1.806s][debug][gc,phases         ] GC(8)     GC Worker Total (ms):     Min:  3.1, Avg:  5.9, Max:  8.8, Diff:  5.7, Sum: 70.4, Workers: 12
[2024-12-07T18:48:45.879+0800][1.806s][info ][gc,phases         ] GC(8)   Post Evacuate Collection Set: 11.3ms
[2024-12-07T18:48:45.879+0800][1.807s][debug][gc,phases         ] GC(8)     Code Roots Fixup: 0.0ms
[2024-12-07T18:48:45.879+0800][1.807s][debug][gc,phases         ] GC(8)     Clear Card Table: 0.1ms
[2024-12-07T18:48:45.879+0800][1.807s][debug][gc,phases         ] GC(8)     Reference Processing: 0.2ms
[2024-12-07T18:48:45.879+0800][1.807s][debug][gc,phases,ref     ] GC(8)       Reconsider SoftReferences: 0.1ms
[2024-12-07T18:48:45.880+0800][1.807s][debug][gc,phases,ref     ] GC(8)         SoftRef (ms):             skipped
[2024-12-07T18:48:45.880+0800][1.807s][debug][gc,phases,ref     ] GC(8)       Notify Soft/WeakReferences: 0.0ms
[2024-12-07T18:48:45.880+0800][1.807s][debug][gc,phases,ref     ] GC(8)         SoftRef (ms):             Min:  0.0, Avg:  0.0, Max:  0.0, Diff:  0.0, Sum:  0.0, Workers: 1
[2024-12-07T18:48:45.880+0800][1.807s][debug][gc,phases,ref     ] GC(8)         WeakRef (ms):             Min:  0.0, Avg:  0.0, Max:  0.0, Diff:  0.0, Sum:  0.0, Workers: 1
[2024-12-07T18:48:45.880+0800][1.807s][debug][gc,phases,ref     ] GC(8)         FinalRef (ms):            Min:  0.0, Avg:  0.0, Max:  0.0, Diff:  0.0, Sum:  0.0, Workers: 1
[2024-12-07T18:48:45.880+0800][1.807s][debug][gc,phases,ref     ] GC(8)         Total (ms):               Min:  0.0, Avg:  0.0, Max:  0.0, Diff:  0.0, Sum:  0.0, Workers: 1
[2024-12-07T18:48:45.880+0800][1.807s][debug][gc,phases,ref     ] GC(8)       Notify and keep alive finalizable: 0.1ms
[2024-12-07T18:48:45.880+0800][1.807s][debug][gc,phases,ref     ] GC(8)         FinalRef (ms):            skipped
[2024-12-07T18:48:45.880+0800][1.807s][debug][gc,phases,ref     ] GC(8)       Notify PhantomReferences: 0.0ms
[2024-12-07T18:48:45.880+0800][1.807s][debug][gc,phases,ref     ] GC(8)         PhantomRef (ms):          Min:  0.0, Avg:  0.0, Max:  0.0, Diff:  0.0, Sum:  0.0, Workers: 1
[2024-12-07T18:48:45.880+0800][1.807s][debug][gc,phases,ref     ] GC(8)       SoftReference:
[2024-12-07T18:48:45.880+0800][1.808s][debug][gc,phases,ref     ] GC(8)         Discovered: 0
[2024-12-07T18:48:45.880+0800][1.808s][debug][gc,phases,ref     ] GC(8)         Cleared: 0
[2024-12-07T18:48:45.880+0800][1.808s][debug][gc,phases,ref     ] GC(8)       WeakReference:
[2024-12-07T18:48:45.880+0800][1.808s][debug][gc,phases,ref     ] GC(8)         Discovered: 17
[2024-12-07T18:48:45.881+0800][1.808s][debug][gc,phases,ref     ] GC(8)         Cleared: 17
[2024-12-07T18:48:45.881+0800][1.808s][debug][gc,phases,ref     ] GC(8)       FinalReference:
[2024-12-07T18:48:45.881+0800][1.808s][debug][gc,phases,ref     ] GC(8)         Discovered: 0
[2024-12-07T18:48:45.881+0800][1.808s][debug][gc,phases,ref     ] GC(8)         Cleared: 0
[2024-12-07T18:48:45.881+0800][1.808s][debug][gc,phases,ref     ] GC(8)       PhantomReference:
[2024-12-07T18:48:45.881+0800][1.808s][debug][gc,phases,ref     ] GC(8)         Discovered: 4
[2024-12-07T18:48:45.881+0800][1.808s][debug][gc,phases,ref     ] GC(8)         Cleared: 4
[2024-12-07T18:48:45.881+0800][1.808s][debug][gc,phases         ] GC(8)     Weak Processing: 0.0ms
[2024-12-07T18:48:45.881+0800][1.808s][debug][gc,phases         ] GC(8)     Merge Per-Thread State: 0.0ms
[2024-12-07T18:48:45.881+0800][1.808s][debug][gc,phases         ] GC(8)     Code Roots Purge: 0.0ms
[2024-12-07T18:48:45.881+0800][1.808s][debug][gc,phases         ] GC(8)     Redirty Cards: 0.1ms
[2024-12-07T18:48:45.881+0800][1.808s][debug][gc,phases         ] GC(8)     DerivedPointerTable Update: 0.0ms
[2024-12-07T18:48:45.881+0800][1.809s][debug][gc,phases         ] GC(8)     Free Collection Set: 0.1ms
[2024-12-07T18:48:45.881+0800][1.809s][debug][gc,phases         ] GC(8)     Humongous Reclaim: 10.9ms
[2024-12-07T18:48:45.881+0800][1.809s][debug][gc,phases         ] GC(8)     Start New Collection Set: 0.0ms
[2024-12-07T18:48:45.881+0800][1.809s][debug][gc,phases         ] GC(8)     Resize TLABs: 0.0ms
[2024-12-07T18:48:45.882+0800][1.809s][debug][gc,phases         ] GC(8)     Expand Heap After Collection: 0.0ms
[2024-12-07T18:48:45.882+0800][1.809s][info ][gc,phases         ] GC(8)   Other: 1.6ms
[2024-12-07T18:48:45.882+0800][1.809s][info ][gc,heap           ] GC(8) Eden regions: 1->0(80)
[2024-12-07T18:48:45.882+0800][1.809s][info ][gc,heap           ] GC(8) Survivor regions: 1->1(12)
[2024-12-07T18:48:45.882+0800][1.809s][info ][gc,heap           ] GC(8) Old regions: 2->2
[2024-12-07T18:48:45.882+0800][1.809s][info ][gc,heap           ] GC(8) Humongous regions: 300->300
[2024-12-07T18:48:45.882+0800][1.809s][info ][gc,metaspace      ] GC(8) Metaspace: 554K(4864K)->554K(4864K) NonClass: 507K(4352K)->507K(4352K) Class: 46K(512K)->46K(512K)
[2024-12-07T18:48:45.882+0800][1.809s][debug][gc,heap           ] GC(8) Heap after GC invocations=9 (full 0): garbage-first heap   total 516096K, used 308363K [0x00000000e0000000, 0x0000000100000000)
[2024-12-07T18:48:45.882+0800][1.809s][debug][gc,heap           ] GC(8)   region size 1024K, 1 young (1024K), 1 survivors (1024K)
[2024-12-07T18:48:45.882+0800][1.809s][debug][gc,heap           ] GC(8)  Metaspace       used 554K, capacity 4570K, committed 4864K, reserved 1056768K
[2024-12-07T18:48:45.882+0800][1.809s][debug][gc,heap           ] GC(8)   class space    used 46K, capacity 419K, committed 512K, reserved 1048576K
[2024-12-07T18:48:45.882+0800][1.809s][info ][gc                ] GC(8) Pause Young (Concurrent Start) (G1 Humongous Allocation) 301M->301M(504M) 26.515ms
[2024-12-07T18:48:45.882+0800][1.810s][info ][gc,cpu            ] GC(8) User=0.02s Sys=0.00s Real=0.03s
[2024-12-07T18:48:45.882+0800][1.810s][info ][gc                ] GC(9) Concurrent Cycle
[2024-12-07T18:48:45.882+0800][1.810s][info ][gc,marking        ] GC(9) Concurrent Clear Claimed Marks
[2024-12-07T18:48:45.883+0800][1.810s][info ][gc,marking        ] GC(9) Concurrent Clear Claimed Marks 0.071ms
[2024-12-07T18:48:45.883+0800][1.810s][info ][gc,marking        ] GC(9) Concurrent Scan Root Regions
[2024-12-07T18:48:45.883+0800][1.810s][debug][gc,ergo           ] GC(9) Running G1 Root Region Scan using 1 workers for 1 work units.
[2024-12-07T18:48:45.883+0800][1.810s][info ][gc,marking        ] GC(9) Concurrent Scan Root Regions 0.454ms
[2024-12-07T18:48:45.883+0800][1.810s][info ][gc,marking        ] GC(9) Concurrent Mark (1.810s)
[2024-12-07T18:48:45.883+0800][1.811s][info ][gc,marking        ] GC(9) Concurrent Mark From Roots
[2024-12-07T18:48:45.883+0800][1.811s][info ][gc,task           ] GC(9) Using 5 workers of 5 for marking
[2024-12-07T18:48:45.884+0800][1.812s][debug][gc,stats          ] ---------------------------------------------------------------------
[2024-12-07T18:48:45.885+0800][1.812s][debug][gc,stats          ] Marking Stats, task = 0, calls = 67
[2024-12-07T18:48:45.886+0800][1.813s][debug][gc,stats          ]   Elapsed time = 0.63ms, Termination time = 0.00ms
[2024-12-07T18:48:45.886+0800][1.813s][debug][gc,stats          ]   Step Times (cum): num = 471, avg = 0.01ms, sd = 0.14ms max = 2.98ms, total = 2.98ms
[2024-12-07T18:48:45.886+0800][1.813s][debug][gc,stats          ]   Mark Stats Cache: hits 3215 misses 151 ratio 95.514
[2024-12-07T18:48:45.886+0800][1.814s][debug][gc,stats          ] ---------------------------------------------------------------------
[2024-12-07T18:48:45.887+0800][1.814s][debug][gc,stats          ] Marking Stats, task = 1, calls = 1
[2024-12-07T18:48:45.887+0800][1.814s][debug][gc,stats          ]   Elapsed time = 0.59ms, Termination time = 0.00ms
[2024-12-07T18:48:45.887+0800][1.814s][debug][gc,stats          ]   Step Times (cum): num = 113, avg = 0.03ms, sd = 0.29ms max = 3.12ms, total = 3.12ms
[2024-12-07T18:48:45.887+0800][1.814s][debug][gc,stats          ]   Mark Stats Cache: hits 4216 misses 2 ratio 99.953
[2024-12-07T18:48:45.887+0800][1.814s][debug][gc,stats          ] ---------------------------------------------------------------------
[2024-12-07T18:48:45.887+0800][1.814s][debug][gc,stats          ] Marking Stats, task = 2, calls = 61
[2024-12-07T18:48:45.887+0800][1.814s][debug][gc,stats          ]   Elapsed time = 0.62ms, Termination time = 0.00ms
[2024-12-07T18:48:45.887+0800][1.814s][debug][gc,stats          ]   Step Times (cum): num = 198, avg = 0.02ms, sd = 0.21ms max = 2.97ms, total = 3.03ms
[2024-12-07T18:48:45.887+0800][1.814s][debug][gc,stats          ]   Mark Stats Cache: hits 741 misses 2 ratio 99.731
[2024-12-07T18:48:45.887+0800][1.815s][debug][gc,stats          ] ---------------------------------------------------------------------
[2024-12-07T18:48:45.887+0800][1.815s][debug][gc,stats          ] Marking Stats, task = 3, calls = 58
[2024-12-07T18:48:45.887+0800][1.815s][debug][gc,stats          ]   Elapsed time = 0.61ms, Termination time = 0.00ms
[2024-12-07T18:48:45.888+0800][1.815s][debug][gc,stats          ]   Step Times (cum): num = 165, avg = 0.02ms, sd = 0.23ms max = 2.97ms, total = 3.03ms
[2024-12-07T18:48:45.888+0800][1.815s][debug][gc,stats          ]   Mark Stats Cache: hits 658 misses 2 ratio 99.697
[2024-12-07T18:48:45.888+0800][1.815s][debug][gc,stats          ] ---------------------------------------------------------------------
[2024-12-07T18:48:45.888+0800][1.815s][debug][gc,stats          ] Marking Stats, task = 4, calls = 40
[2024-12-07T18:48:45.888+0800][1.815s][debug][gc,stats          ]   Elapsed time = 0.57ms, Termination time = 0.00ms
[2024-12-07T18:48:45.888+0800][1.815s][debug][gc,stats          ]   Step Times (cum): num = 144, avg = 0.02ms, sd = 0.25ms max = 2.97ms, total = 2.99ms
[2024-12-07T18:48:45.888+0800][1.815s][debug][gc,stats          ]   Mark Stats Cache: hits 1655 misses 1 ratio 99.940
[2024-12-07T18:48:45.888+0800][1.815s][debug][gc,stats          ] ---------------------------------------------------------------------
[2024-12-07T18:48:45.888+0800][1.815s][info ][gc,marking        ] GC(9) Concurrent Mark From Roots 4.749ms
[2024-12-07T18:48:45.888+0800][1.815s][info ][gc,marking        ] GC(9) Concurrent Preclean
[2024-12-07T18:48:45.888+0800][1.815s][debug][gc,ref,start      ] GC(9) Preclean SoftReferences
[2024-12-07T18:48:45.888+0800][1.816s][debug][gc,ref            ] GC(9) Preclean SoftReferences 0.075ms
[2024-12-07T18:48:45.888+0800][1.816s][debug][gc,ref,start      ] GC(9) Preclean WeakReferences
[2024-12-07T18:48:45.888+0800][1.816s][debug][gc,ref            ] GC(9) Preclean WeakReferences 0.070ms
[2024-12-07T18:48:45.889+0800][1.816s][debug][gc,ref,start      ] GC(9) Preclean FinalReferences
[2024-12-07T18:48:45.889+0800][1.816s][debug][gc,ref            ] GC(9) Preclean FinalReferences 0.083ms
[2024-12-07T18:48:45.889+0800][1.816s][debug][gc,ref,start      ] GC(9) Preclean PhantomReferences
[2024-12-07T18:48:45.889+0800][1.816s][debug][gc,ref            ] GC(9) Preclean PhantomReferences 0.073ms
[2024-12-07T18:48:45.889+0800][1.816s][info ][gc,marking        ] GC(9) Concurrent Preclean 0.629ms
[2024-12-07T18:48:45.889+0800][1.816s][info ][gc,marking        ] GC(9) Concurrent Mark (1.810s, 1.816s) 5.704ms
[2024-12-07T18:48:45.889+0800][1.816s][info ][gc,start          ] GC(9) Pause Remark
[2024-12-07T18:48:45.889+0800][1.816s][debug][gc,phases,start   ] GC(9) Finalize Marking
[2024-12-07T18:48:45.890+0800][1.817s][debug][gc,stats          ] ---------------------------------------------------------------------
[2024-12-07T18:48:45.890+0800][1.817s][debug][gc,stats          ] Marking Stats, task = 0, calls = 140
[2024-12-07T18:48:45.890+0800][1.818s][debug][gc,stats          ]   Elapsed time = 0.88ms, Termination time = 0.51ms
[2024-12-07T18:48:45.890+0800][1.818s][debug][gc,stats          ]   Step Times (cum): num = 544, avg = 0.01ms, sd = 0.13ms max = 2.98ms, total = 3.49ms
[2024-12-07T18:48:45.890+0800][1.818s][debug][gc,stats          ]   Mark Stats Cache: hits 3215 misses 151 ratio 95.514
[2024-12-07T18:48:45.890+0800][1.818s][debug][gc,stats          ] ---------------------------------------------------------------------
[2024-12-07T18:48:45.891+0800][1.818s][debug][gc,stats          ] Marking Stats, task = 1, calls = 2
[2024-12-07T18:48:45.891+0800][1.818s][debug][gc,stats          ]   Elapsed time = 0.90ms, Termination time = 0.50ms
[2024-12-07T18:48:45.891+0800][1.818s][debug][gc,stats          ]   Step Times (cum): num = 114, avg = 0.03ms, sd = 0.29ms max = 3.12ms, total = 3.62ms
[2024-12-07T18:48:45.891+0800][1.818s][debug][gc,stats          ]   Mark Stats Cache: hits 4216 misses 2 ratio 99.953
[2024-12-07T18:48:45.891+0800][1.818s][debug][gc,stats          ] ---------------------------------------------------------------------
[2024-12-07T18:48:45.891+0800][1.818s][debug][gc,stats          ] Marking Stats, task = 2, calls = 62
[2024-12-07T18:48:45.891+0800][1.818s][debug][gc,stats          ]   Elapsed time = 0.85ms, Termination time = 0.50ms
[2024-12-07T18:48:45.891+0800][1.818s][debug][gc,stats          ]   Step Times (cum): num = 199, avg = 0.02ms, sd = 0.21ms max = 2.97ms, total = 3.52ms
[2024-12-07T18:48:45.891+0800][1.818s][debug][gc,stats          ]   Mark Stats Cache: hits 741 misses 2 ratio 99.731
[2024-12-07T18:48:45.891+0800][1.818s][debug][gc,stats          ] ---------------------------------------------------------------------
[2024-12-07T18:48:45.891+0800][1.818s][debug][gc,stats          ] Marking Stats, task = 3, calls = 59
[2024-12-07T18:48:45.891+0800][1.819s][debug][gc,stats          ]   Elapsed time = 0.88ms, Termination time = 0.43ms
[2024-12-07T18:48:45.891+0800][1.819s][debug][gc,stats          ]   Step Times (cum): num = 166, avg = 0.02ms, sd = 0.23ms max = 2.97ms, total = 3.46ms
[2024-12-07T18:48:45.891+0800][1.819s][debug][gc,stats          ]   Mark Stats Cache: hits 658 misses 2 ratio 99.697
[2024-12-07T18:48:45.891+0800][1.819s][debug][gc,stats          ] ---------------------------------------------------------------------
[2024-12-07T18:48:45.892+0800][1.819s][debug][gc,stats          ] Marking Stats, task = 4, calls = 41
[2024-12-07T18:48:45.892+0800][1.819s][debug][gc,stats          ]   Elapsed time = 0.87ms, Termination time = 0.42ms
[2024-12-07T18:48:45.892+0800][1.819s][debug][gc,stats          ]   Step Times (cum): num = 145, avg = 0.02ms, sd = 0.25ms max = 2.97ms, total = 3.41ms
[2024-12-07T18:48:45.892+0800][1.819s][debug][gc,stats          ]   Mark Stats Cache: hits 1655 misses 1 ratio 99.940
[2024-12-07T18:48:45.892+0800][1.819s][debug][gc,stats          ] ---------------------------------------------------------------------
[2024-12-07T18:48:45.892+0800][1.819s][debug][gc,stats          ] Marking Stats, task = 5, calls = 1
[2024-12-07T18:48:45.892+0800][1.819s][debug][gc,stats          ]   Elapsed time = 0.87ms, Termination time = 0.46ms
[2024-12-07T18:48:45.892+0800][1.819s][debug][gc,stats          ]   Step Times (cum): num = 5, avg = 0.69ms, sd = 1.17ms max = 3.00ms, total = 3.47ms
[2024-12-07T18:48:45.892+0800][1.819s][debug][gc,stats          ]   Mark Stats Cache: hits 0 misses 0 ratio 0.000
[2024-12-07T18:48:45.892+0800][1.819s][debug][gc,stats          ] ---------------------------------------------------------------------
[2024-12-07T18:48:45.892+0800][1.819s][debug][gc,stats          ] Marking Stats, task = 6, calls = 1
[2024-12-07T18:48:45.892+0800][1.819s][debug][gc,stats          ]   Elapsed time = 0.75ms, Termination time = 0.42ms
[2024-12-07T18:48:45.892+0800][1.820s][debug][gc,stats          ]   Step Times (cum): num = 5, avg = 0.69ms, sd = 1.19ms max = 3.04ms, total = 3.46ms
[2024-12-07T18:48:45.892+0800][1.820s][debug][gc,stats          ]   Mark Stats Cache: hits 0 misses 0 ratio 0.000
[2024-12-07T18:48:45.892+0800][1.820s][debug][gc,stats          ] ---------------------------------------------------------------------
[2024-12-07T18:48:45.893+0800][1.820s][debug][gc,stats          ] Marking Stats, task = 7, calls = 1
[2024-12-07T18:48:45.893+0800][1.820s][debug][gc,stats          ]   Elapsed time = 0.74ms, Termination time = 0.43ms
[2024-12-07T18:48:45.893+0800][1.820s][debug][gc,stats          ]   Step Times (cum): num = 5, avg = 0.68ms, sd = 1.16ms max = 2.98ms, total = 3.41ms
[2024-12-07T18:48:45.893+0800][1.820s][debug][gc,stats          ]   Mark Stats Cache: hits 0 misses 0 ratio 0.000
[2024-12-07T18:48:45.893+0800][1.820s][debug][gc,stats          ] ---------------------------------------------------------------------
[2024-12-07T18:48:45.893+0800][1.820s][debug][gc,stats          ] Marking Stats, task = 8, calls = 1
[2024-12-07T18:48:45.893+0800][1.820s][debug][gc,stats          ]   Elapsed time = 0.69ms, Termination time = 0.59ms
[2024-12-07T18:48:45.893+0800][1.820s][debug][gc,stats          ]   Step Times (cum): num = 5, avg = 0.71ms, sd = 1.16ms max = 2.98ms, total = 3.57ms
[2024-12-07T18:48:45.893+0800][1.820s][debug][gc,stats          ]   Mark Stats Cache: hits 0 misses 0 ratio 0.000
[2024-12-07T18:48:45.893+0800][1.820s][debug][gc,stats          ] ---------------------------------------------------------------------
[2024-12-07T18:48:45.893+0800][1.821s][debug][gc,stats          ] Marking Stats, task = 9, calls = 1
[2024-12-07T18:48:45.893+0800][1.821s][debug][gc,stats          ]   Elapsed time = 0.44ms, Termination time = 0.39ms
[2024-12-07T18:48:45.893+0800][1.821s][debug][gc,stats          ]   Step Times (cum): num = 5, avg = 0.62ms, sd = 1.06ms max = 2.72ms, total = 3.11ms
[2024-12-07T18:48:45.893+0800][1.821s][debug][gc,stats          ]   Mark Stats Cache: hits 0 misses 0 ratio 0.000
[2024-12-07T18:48:45.894+0800][1.821s][debug][gc,stats          ] ---------------------------------------------------------------------
[2024-12-07T18:48:45.894+0800][1.821s][debug][gc,stats          ] Marking Stats, task = 10, calls = 1
[2024-12-07T18:48:45.894+0800][1.821s][debug][gc,stats          ]   Elapsed time = 0.42ms, Termination time = 0.21ms
[2024-12-07T18:48:45.894+0800][1.821s][debug][gc,stats          ]   Step Times (cum): num = 5, avg = 0.04ms, sd = 0.08ms max = 0.21ms, total = 0.21ms
[2024-12-07T18:48:45.894+0800][1.821s][debug][gc,stats          ]   Mark Stats Cache: hits 0 misses 0 ratio 0.000
[2024-12-07T18:48:45.894+0800][1.821s][debug][gc,stats          ] ---------------------------------------------------------------------
[2024-12-07T18:48:45.894+0800][1.821s][debug][gc,stats          ] Marking Stats, task = 11, calls = 1
[2024-12-07T18:48:45.894+0800][1.821s][debug][gc,stats          ]   Elapsed time = 0.00ms, Termination time = 0.00ms
[2024-12-07T18:48:45.894+0800][1.821s][debug][gc,stats          ]   Step Times (cum): num = 5, avg = 0.00ms, sd = 0.00ms max = 0.00ms, total = 0.00ms
[2024-12-07T18:48:45.894+0800][1.821s][debug][gc,stats          ]   Mark Stats Cache: hits 0 misses 0 ratio 0.000
[2024-12-07T18:48:45.894+0800][1.822s][debug][gc,stats          ] ---------------------------------------------------------------------
[2024-12-07T18:48:45.894+0800][1.822s][debug][gc,phases         ] GC(9) Finalize Marking 5.239ms
[2024-12-07T18:48:45.894+0800][1.822s][debug][gc,phases,start   ] GC(9) Reference Processing
[2024-12-07T18:48:45.895+0800][1.822s][debug][gc,ref            ] GC(9) Skipped phase1 of Reference Processing due to unavailable references
[2024-12-07T18:48:45.895+0800][1.822s][debug][gc,ref            ] GC(9) Skipped phase2 of Reference Processing due to unavailable references
[2024-12-07T18:48:45.895+0800][1.822s][debug][gc,ref            ] GC(9) Skipped phase3 of Reference Processing due to unavailable references
[2024-12-07T18:48:45.895+0800][1.822s][debug][gc,ref            ] GC(9) Skipped phase4 of Reference Processing due to unavailable references
[2024-12-07T18:48:45.895+0800][1.822s][debug][gc,phases,ref     ] GC(9) Reference Processing: 0.3ms
[2024-12-07T18:48:45.895+0800][1.822s][debug][gc,phases,ref     ] GC(9)   Reconsider SoftReferences: 0.1ms
[2024-12-07T18:48:45.895+0800][1.822s][debug][gc,phases,ref     ] GC(9)     SoftRef (ms):             skipped
[2024-12-07T18:48:45.895+0800][1.822s][debug][gc,phases,ref     ] GC(9)   Notify Soft/WeakReferences: 0.1ms
[2024-12-07T18:48:45.895+0800][1.822s][debug][gc,phases,ref     ] GC(9)     SoftRef (ms):             skipped
[2024-12-07T18:48:45.895+0800][1.822s][debug][gc,phases,ref     ] GC(9)     WeakRef (ms):             skipped
[2024-12-07T18:48:45.895+0800][1.822s][debug][gc,phases,ref     ] GC(9)     FinalRef (ms):            skipped
[2024-12-07T18:48:45.895+0800][1.823s][debug][gc,phases,ref     ] GC(9)     Total (ms):               skipped
[2024-12-07T18:48:45.895+0800][1.823s][debug][gc,phases,ref     ] GC(9)   Notify and keep alive finalizable: 0.1ms
[2024-12-07T18:48:45.895+0800][1.823s][debug][gc,phases,ref     ] GC(9)     FinalRef (ms):            skipped
[2024-12-07T18:48:45.895+0800][1.823s][debug][gc,phases,ref     ] GC(9)   Notify PhantomReferences: 0.1ms
[2024-12-07T18:48:45.896+0800][1.823s][debug][gc,phases,ref     ] GC(9)     PhantomRef (ms):          skipped
[2024-12-07T18:48:45.896+0800][1.823s][debug][gc,phases,ref     ] GC(9)   SoftReference:
[2024-12-07T18:48:45.896+0800][1.823s][debug][gc,phases,ref     ] GC(9)     Discovered: 0
[2024-12-07T18:48:45.896+0800][1.823s][debug][gc,phases,ref     ] GC(9)     Cleared: 0
[2024-12-07T18:48:45.896+0800][1.823s][debug][gc,phases,ref     ] GC(9)   WeakReference:
[2024-12-07T18:48:45.896+0800][1.823s][debug][gc,phases,ref     ] GC(9)     Discovered: 0
[2024-12-07T18:48:45.896+0800][1.823s][debug][gc,phases,ref     ] GC(9)     Cleared: 0
[2024-12-07T18:48:45.896+0800][1.823s][debug][gc,phases,ref     ] GC(9)   FinalReference:
[2024-12-07T18:48:45.896+0800][1.823s][debug][gc,phases,ref     ] GC(9)     Discovered: 0
[2024-12-07T18:48:45.896+0800][1.823s][debug][gc,phases,ref     ] GC(9)     Cleared: 0
[2024-12-07T18:48:45.896+0800][1.823s][debug][gc,phases,ref     ] GC(9)   PhantomReference:
[2024-12-07T18:48:45.896+0800][1.823s][debug][gc,phases,ref     ] GC(9)     Discovered: 0
[2024-12-07T18:48:45.896+0800][1.824s][debug][gc,phases,ref     ] GC(9)     Cleared: 0
[2024-12-07T18:48:45.896+0800][1.824s][debug][gc,phases         ] GC(9) Reference Processing 1.916ms
[2024-12-07T18:48:45.896+0800][1.824s][debug][gc,phases,start   ] GC(9) Weak Processing
[2024-12-07T18:48:45.896+0800][1.824s][debug][gc,phases         ] GC(9) Weak Processing 0.064ms
[2024-12-07T18:48:45.897+0800][1.824s][debug][gc,phases,start   ] GC(9) Class Unloading
[2024-12-07T18:48:45.897+0800][1.824s][debug][gc,phases,start   ] GC(9) ClassLoaderData
[2024-12-07T18:48:45.897+0800][1.824s][debug][gc,phases         ] GC(9) ClassLoaderData 0.070ms
[2024-12-07T18:48:45.897+0800][1.824s][debug][gc,phases,start   ] GC(9) ProtectionDomainCacheTable
[2024-12-07T18:48:45.897+0800][1.824s][debug][gc,phases         ] GC(9) ProtectionDomainCacheTable 0.064ms
[2024-12-07T18:48:45.897+0800][1.824s][info ][gc,stringtable    ] GC(9) Cleaned string and symbol table, strings: 39 processed, 0 removed, symbols: 191 processed, 0 removed
[2024-12-07T18:48:45.897+0800][1.825s][debug][gc,phases         ] GC(9) Class Unloading 0.745ms
[2024-12-07T18:48:45.897+0800][1.825s][debug][gc,phases,start   ] GC(9) Flush Task Caches
[2024-12-07T18:48:45.897+0800][1.825s][debug][gc,stats          ] Mark stats cache hits 10485 misses 158 ratio 98.515
[2024-12-07T18:48:45.898+0800][1.825s][debug][gc,phases         ] GC(9) Flush Task Caches 0.178ms
[2024-12-07T18:48:45.898+0800][1.825s][debug][gc,phases,start   ] GC(9) Update Remembered Set Tracking Before Rebuild
[2024-12-07T18:48:45.898+0800][1.825s][debug][gc,ergo           ] GC(9) Running G1 Update RemSet Tracking Before Rebuild using 2 workers for 504 regions in heap
[2024-12-07T18:48:45.898+0800][1.825s][debug][gc,remset,tracking] GC(9) Remembered Set Tracking update regions total 504, selected 0
[2024-12-07T18:48:45.898+0800][1.825s][debug][gc,phases         ] GC(9) Update Remembered Set Tracking Before Rebuild 0.262ms
[2024-12-07T18:48:45.898+0800][1.825s][debug][gc,phases,start   ] GC(9) Reclaim Empty Regions
[2024-12-07T18:48:45.898+0800][1.825s][debug][gc,phases         ] GC(9) Reclaim Empty Regions 0.149ms
[2024-12-07T18:48:45.898+0800][1.825s][debug][gc,phases,start   ] GC(9) Purge Metaspace
[2024-12-07T18:48:45.898+0800][1.825s][debug][gc,phases         ] GC(9) Purge Metaspace 0.064ms
[2024-12-07T18:48:45.898+0800][1.826s][debug][gc,phases,start   ] GC(9) Report Object Count
[2024-12-07T18:48:45.898+0800][1.826s][debug][gc,phases         ] GC(9) Report Object Count 0.062ms
[2024-12-07T18:48:45.898+0800][1.826s][info ][gc                ] GC(9) Pause Remark 321M->321M(504M) 9.371ms
[2024-12-07T18:48:45.898+0800][1.826s][info ][gc,cpu            ] GC(9) User=0.01s Sys=0.00s Real=0.01s
[2024-12-07T18:48:45.899+0800][1.826s][info ][gc,marking        ] GC(9) Concurrent Rebuild Remembered Sets
[2024-12-07T18:48:45.899+0800][1.826s][info ][gc,marking        ] GC(9) Concurrent Rebuild Remembered Sets 0.262ms
[2024-12-07T18:48:45.899+0800][1.826s][info ][gc,start          ] GC(9) Pause Cleanup
[2024-12-07T18:48:45.899+0800][1.826s][debug][gc,phases,start   ] GC(9) Update Remembered Set Tracking After Rebuild
[2024-12-07T18:48:45.899+0800][1.826s][debug][gc,phases         ] GC(9) Update Remembered Set Tracking After Rebuild 0.077ms
[2024-12-07T18:48:45.899+0800][1.826s][debug][gc,phases,start   ] GC(9) Finalize Concurrent Mark Cleanup
[2024-12-07T18:48:45.899+0800][1.827s][debug][gc,ergo           ] GC(9) request young-only gcs (candidate old regions not available)
[2024-12-07T18:48:45.900+0800][1.827s][debug][gc,phases         ] GC(9) Finalize Concurrent Mark Cleanup 0.313ms
[2024-12-07T18:48:45.900+0800][1.827s][info ][gc                ] GC(9) Pause Cleanup 321M->321M(504M) 0.614ms
[2024-12-07T18:48:45.900+0800][1.827s][info ][gc,cpu            ] GC(9) User=0.00s Sys=0.00s Real=0.00s
[2024-12-07T18:48:45.900+0800][1.827s][info ][gc,marking        ] GC(9) Concurrent Cleanup for Next Mark
[2024-12-07T18:48:45.900+0800][1.827s][debug][gc,ergo           ] GC(9) Running G1 Clear Bitmap with 5 workers for 8 work units.
[2024-12-07T18:48:45.900+0800][1.828s][info ][gc,marking        ] GC(9) Concurrent Cleanup for Next Mark 0.455ms
[2024-12-07T18:48:45.900+0800][1.828s][info ][gc                ] GC(9) Concurrent Cycle 18.035ms
[2024-12-07T18:48:45.988+0800][1.915s][debug][gc,ergo,ihop      ] Request concurrent cycle initiation (occupancy higher than threshold) occupancy: 337641472B allocation request: 1048592B threshold: 236873318B (44.82) source: concurrent humongous allocation
[2024-12-07T18:48:45.989+0800][1.916s][debug][gc,ergo           ] Request concurrent cycle initiation (requested by GC cause). GC cause: G1 Humongous Allocation
[2024-12-07T18:48:45.989+0800][1.916s][debug][gc,heap           ] GC(10) Heap before GC invocations=10 (full 0): garbage-first heap   total 516096K, used 328843K [0x00000000e0000000, 0x0000000100000000)
[2024-12-07T18:48:45.989+0800][1.916s][debug][gc,heap           ] GC(10)   region size 1024K, 2 young (2048K), 1 survivors (1024K)
[2024-12-07T18:48:45.989+0800][1.916s][debug][gc,heap           ] GC(10)  Metaspace       used 554K, capacity 4570K, committed 4864K, reserved 1056768K
[2024-12-07T18:48:45.989+0800][1.917s][debug][gc,heap           ] GC(10)   class space    used 46K, capacity 419K, committed 512K, reserved 1048576K
[2024-12-07T18:48:45.989+0800][1.917s][debug][gc,ergo           ] GC(10) Initiate concurrent cycle (concurrent cycle initiation requested)
[2024-12-07T18:48:45.990+0800][1.917s][info ][gc,start          ] GC(10) Pause Young (Concurrent Start) (G1 Humongous Allocation)
[2024-12-07T18:48:45.990+0800][1.917s][info ][gc,task           ] GC(10) Using 12 workers of 18 for evacuation
[2024-12-07T18:48:45.990+0800][1.917s][debug][gc,tlab           ] GC(10) TLAB totals: thrds: 1  refills: 1 max: 1 slow allocs: 1 max 1 waste: 100.0% gc: 524128B max: 524128B slow: 0B max: 0B fast: 0B max: 0B
[2024-12-07T18:48:45.990+0800][1.917s][debug][gc,alloc,region   ] GC(10) Mutator Allocation stats, regions: 1, wasted size: 0B ( 0.0%)
[2024-12-07T18:48:45.990+0800][1.917s][debug][gc,age            ] GC(10) Desired survivor size 5767168 bytes, new threshold 15 (max threshold 15)
[2024-12-07T18:48:45.990+0800][1.917s][debug][gc,ergo,cset      ] GC(10) Finish choosing CSet. old: 0 regions, predicted old region time: 0.00ms, time remaining: 184.52
[2024-12-07T18:48:45.990+0800][1.918s][debug][gc,task,stats     ] GC(10) GC Termination Stats
[2024-12-07T18:48:45.990+0800][1.918s][debug][gc,task,stats     ] GC(10)      elapsed  --strong roots-- -------termination------- ------waste (KiB)------
[2024-12-07T18:48:45.991+0800][1.918s][debug][gc,task,stats     ] GC(10) thr     ms        ms      %        ms      %    attempts  total   alloc    undo
[2024-12-07T18:48:45.991+0800][1.918s][debug][gc,task,stats     ] GC(10) --- --------- --------- ------ --------- ------ -------- ------- ------- -------
[2024-12-07T18:48:45.992+0800][1.919s][debug][gc,task,stats     ] GC(10)   9      1.19      0.74  62.62      0.36  30.16       33       0       0       0
[2024-12-07T18:48:45.992+0800][1.920s][debug][gc,task,stats     ] GC(10)   4      1.57      0.87  55.48      0.55  35.03       10       0       0       0
[2024-12-07T18:48:45.993+0800][1.920s][debug][gc,task,stats     ] GC(10)  11      1.69      0.78  46.09      0.56  33.28       12       0       0       0
[2024-12-07T18:48:45.993+0800][1.920s][debug][gc,task,stats     ] GC(10)   6      1.90      0.71  37.52      0.62  32.82       13       0       0       0
[2024-12-07T18:48:45.993+0800][1.920s][debug][gc,task,stats     ] GC(10)   7      2.05      0.53  25.67      0.62  30.20       23       0       0       0
[2024-12-07T18:48:45.993+0800][1.920s][debug][gc,task,stats     ] GC(10)   5      2.21      0.58  26.49      0.59  26.54       35       0       0       0
[2024-12-07T18:48:45.993+0800][1.920s][debug][gc,task,stats     ] GC(10)   3      2.35      0.93  39.38      0.45  19.13        3       0       0       0
[2024-12-07T18:48:45.993+0800][1.921s][debug][gc,task,stats     ] GC(10)   8      2.41      0.71  29.41      0.41  17.20       22       0       0       0
[2024-12-07T18:48:45.993+0800][1.921s][debug][gc,task,stats     ] GC(10)   0      2.61      0.64  24.72      0.43  16.66       40       1       1       0
[2024-12-07T18:48:45.993+0800][1.921s][debug][gc,task,stats     ] GC(10)   1      2.69      0.74  27.47      0.42  15.74       42       0       0       0
[2024-12-07T18:48:45.994+0800][1.921s][debug][gc,task,stats     ] GC(10)   2      2.78      1.26  45.46      0.00   0.03        1       0       0       0
[2024-12-07T18:48:45.994+0800][1.921s][debug][gc,task,stats     ] GC(10)  10      2.84      0.79  27.70      0.31  11.04       27       0       0       0
[2024-12-07T18:48:45.994+0800][1.921s][debug][gc,ergo           ] GC(10) Running G1 Clear Card Table Task using 1 workers for 1 units of work for 3 regions.
[2024-12-07T18:48:45.994+0800][1.921s][debug][gc,ref            ] GC(10) Skipped phase1 of Reference Processing due to unavailable references
[2024-12-07T18:48:45.994+0800][1.921s][debug][gc,ref            ] GC(10) Skipped phase3 of Reference Processing due to unavailable references
[2024-12-07T18:48:45.994+0800][1.922s][debug][gc,ergo           ] GC(10) Running G1 Free Collection Set using 1 workers for collection set length 2
[2024-12-07T18:48:45.994+0800][1.922s][debug][gc,humongous      ] GC(10) Live humongous region 0 object size 1048592 start 0x00000000e0000000  with remset 0 code roots 0 is marked 0 reclaim candidate 0 type array 1
[2024-12-07T18:48:45.995+0800][1.922s][debug][gc,humongous      ] GC(10) Live humongous region 2 object size 1048592 start 0x00000000e0200000  with remset 0 code roots 0 is marked 0 reclaim candidate 0 type array 1
[2024-12-07T18:48:45.995+0800][1.922s][debug][gc,humongous      ] GC(10) Live humongous region 4 object size 1048592 start 0x00000000e0400000  with remset 0 code roots 0 is marked 0 reclaim candidate 0 type array 1
[2024-12-07T18:48:45.995+0800][1.922s][debug][gc,humongous      ] GC(10) Live humongous region 6 object size 1048592 start 0x00000000e0600000  with remset 0 code roots 0 is marked 0 reclaim candidate 0 type array 1
[2024-12-07T18:48:45.995+0800][1.922s][debug][gc,humongous      ] GC(10) Live humongous region 8 object size 1048592 start 0x00000000e0800000  with remset 0 code roots 0 is marked 0 reclaim candidate 0 type array 1
[2024-12-07T18:48:45.995+0800][1.922s][debug][gc,humongous      ] GC(10) Live humongous region 10 object size 1048592 start 0x00000000e0a00000  with remset 0 code roots 0 is marked 0 reclaim candidate 0 type array 1
[2024-12-07T18:48:45.995+0800][1.922s][debug][gc,humongous      ] GC(10) Live humongous region 12 object size 1048592 start 0x00000000e0c00000  with remset 0 code roots 0 is marked 0 reclaim candidate 0 type array 1
[2024-12-07T18:48:45.995+0800][1.922s][debug][gc,humongous      ] GC(10) Live humongous region 14 object size 1048592 start 0x00000000e0e00000  with remset 0 code roots 0 is marked 0 reclaim candidate 0 type array 1
[2024-12-07T18:48:45.995+0800][1.922s][debug][gc,humongous      ] GC(10) Live humongous region 16 object size 1048592 start 0x00000000e1000000  with remset 0 code roots 0 is marked 0 reclaim candidate 0 type array 1
[2024-12-07T18:48:45.995+0800][1.922s][debug][gc,humongous      ] GC(10) Live humongous region 18 object size 1048592 start 0x00000000e1200000  with remset 0 code roots 0 is marked 0 reclaim candidate 0 type array 1
[2024-12-07T18:48:45.995+0800][1.922s][debug][gc,humongous      ] GC(10) Live humongous region 20 object size 1048592 start 0x00000000e1400000  with remset 0 code roots 0 is marked 0 reclaim candidate 0 type array 1
[2024-12-07T18:48:45.995+0800][1.923s][debug][gc,humongous      ] GC(10) Live humongous region 22 object size 1048592 start 0x00000000e1600000  with remset 0 code roots 0 is marked 0 reclaim candidate 0 type array 1
[2024-12-07T18:48:45.995+0800][1.923s][debug][gc,humongous      ] GC(10) Live humongous region 24 object size 1048592 start 0x00000000e1800000  with remset 0 code roots 0 is marked 0 reclaim candidate 0 type array 1
[2024-12-07T18:48:45.996+0800][1.923s][debug][gc,humongous      ] GC(10) Live humongous region 26 object size 1048592 start 0x00000000e1a00000  with remset 0 code roots 0 is marked 0 reclaim candidate 0 type array 1
[2024-12-07T18:48:45.996+0800][1.923s][debug][gc,humongous      ] GC(10) Live humongous region 28 object size 1048592 start 0x00000000e1c00000  with remset 0 code roots 0 is marked 0 reclaim candidate 0 type array 1
[2024-12-07T18:48:45.996+0800][1.923s][debug][gc,humongous      ] GC(10) Live humongous region 30 object size 1048592 start 0x00000000e1e00000  with remset 0 code roots 0 is marked 0 reclaim candidate 0 type array 1
[2024-12-07T18:48:45.996+0800][1.923s][debug][gc,humongous      ] GC(10) Live humongous region 32 object size 1048592 start 0x00000000e2000000  with remset 0 code roots 0 is marked 0 reclaim candidate 0 type array 1
[2024-12-07T18:48:45.996+0800][1.923s][debug][gc,humongous      ] GC(10) Live humongous region 34 object size 1048592 start 0x00000000e2200000  with remset 0 code roots 0 is marked 0 reclaim candidate 0 type array 1
[2024-12-07T18:48:45.996+0800][1.923s][debug][gc,humongous      ] GC(10) Live humongous region 36 object size 1048592 start 0x00000000e2400000  with remset 0 code roots 0 is marked 0 reclaim candidate 0 type array 1
[2024-12-07T18:48:45.996+0800][1.923s][debug][gc,humongous      ] GC(10) Live humongous region 38 object size 1048592 start 0x00000000e2600000  with remset 0 code roots 0 is marked 0 reclaim candidate 0 type array 1
[2024-12-07T18:48:45.996+0800][1.923s][debug][gc,humongous      ] GC(10) Live humongous region 40 object size 1048592 start 0x00000000e2800000  with remset 0 code roots 0 is marked 0 reclaim candidate 0 type array 1
[2024-12-07T18:48:45.996+0800][1.923s][debug][gc,humongous      ] GC(10) Live humongous region 42 object size 1048592 start 0x00000000e2a00000  with remset 0 code roots 0 is marked 0 reclaim candidate 0 type array 1
[2024-12-07T18:48:45.996+0800][1.924s][debug][gc,humongous      ] GC(10) Live humongous region 44 object size 1048592 start 0x00000000e2c00000  with remset 0 code roots 0 is marked 0 reclaim candidate 0 type array 1
[2024-12-07T18:48:45.996+0800][1.924s][debug][gc,humongous      ] GC(10) Live humongous region 46 object size 1048592 start 0x00000000e2e00000  with remset 0 code roots 0 is marked 0 reclaim candidate 0 type array 1
[2024-12-07T18:48:45.996+0800][1.924s][debug][gc,humongous      ] GC(10) Live humongous region 48 object size 1048592 start 0x00000000e3000000  with remset 0 code roots 0 is marked 0 reclaim candidate 0 type array 1
[2024-12-07T18:48:45.997+0800][1.924s][debug][gc,humongous      ] GC(10) Live humongous region 50 object size 1048592 start 0x00000000e3200000  with remset 0 code roots 0 is marked 0 reclaim candidate 0 type array 1
[2024-12-07T18:48:45.997+0800][1.924s][debug][gc,humongous      ] GC(10) Live humongous region 52 object size 1048592 start 0x00000000e3400000  with remset 0 code roots 0 is marked 0 reclaim candidate 0 type array 1
[2024-12-07T18:48:45.997+0800][1.924s][debug][gc,humongous      ] GC(10) Live humongous region 54 object size 1048592 start 0x00000000e3600000  with remset 0 code roots 0 is marked 0 reclaim candidate 0 type array 1
[2024-12-07T18:48:45.997+0800][1.924s][debug][gc,humongous      ] GC(10) Live humongous region 56 object size 1048592 start 0x00000000e3800000  with remset 0 code roots 0 is marked 0 reclaim candidate 0 type array 1
[2024-12-07T18:48:45.997+0800][1.924s][debug][gc,humongous      ] GC(10) Live humongous region 58 object size 1048592 start 0x00000000e3a00000  with remset 0 code roots 0 is marked 0 reclaim candidate 0 type array 1
[2024-12-07T18:48:45.997+0800][1.924s][debug][gc,humongous      ] GC(10) Live humongous region 60 object size 1048592 start 0x00000000e3c00000  with remset 0 code roots 0 is marked 0 reclaim candidate 0 type array 1
[2024-12-07T18:48:45.997+0800][1.924s][debug][gc,humongous      ] GC(10) Live humongous region 62 object size 1048592 start 0x00000000e3e00000  with remset 0 code roots 0 is marked 0 reclaim candidate 0 type array 1
[2024-12-07T18:48:45.997+0800][1.924s][debug][gc,humongous      ] GC(10) Live humongous region 64 object size 1048592 start 0x00000000e4000000  with remset 0 code roots 0 is marked 0 reclaim candidate 0 type array 1
[2024-12-07T18:48:45.997+0800][1.924s][debug][gc,humongous      ] GC(10) Live humongous region 66 object size 1048592 start 0x00000000e4200000  with remset 0 code roots 0 is marked 0 reclaim candidate 0 type array 1
[2024-12-07T18:48:45.997+0800][1.924s][debug][gc,humongous      ] GC(10) Live humongous region 68 object size 1048592 start 0x00000000e4400000  with remset 0 code roots 0 is marked 0 reclaim candidate 0 type array 1
[2024-12-07T18:48:45.997+0800][1.924s][debug][gc,humongous      ] GC(10) Live humongous region 70 object size 1048592 start 0x00000000e4600000  with remset 0 code roots 0 is marked 0 reclaim candidate 0 type array 1
[2024-12-07T18:48:45.997+0800][1.924s][debug][gc,humongous      ] GC(10) Live humongous region 72 object size 1048592 start 0x00000000e4800000  with remset 0 code roots 0 is marked 0 reclaim candidate 0 type array 1
[2024-12-07T18:48:45.997+0800][1.925s][debug][gc,humongous      ] GC(10) Live humongous region 74 object size 1048592 start 0x00000000e4a00000  with remset 0 code roots 0 is marked 0 reclaim candidate 0 type array 1
[2024-12-07T18:48:45.997+0800][1.925s][debug][gc,humongous      ] GC(10) Live humongous region 76 object size 1048592 start 0x00000000e4c00000  with remset 0 code roots 0 is marked 0 reclaim candidate 0 type array 1
[2024-12-07T18:48:45.997+0800][1.925s][debug][gc,humongous      ] GC(10) Live humongous region 78 object size 1048592 start 0x00000000e4e00000  with remset 0 code roots 0 is marked 0 reclaim candidate 0 type array 1
[2024-12-07T18:48:45.997+0800][1.925s][debug][gc,humongous      ] GC(10) Live humongous region 80 object size 1048592 start 0x00000000e5000000  with remset 0 code roots 0 is marked 0 reclaim candidate 0 type array 1
[2024-12-07T18:48:45.998+0800][1.925s][debug][gc,humongous      ] GC(10) Live humongous region 82 object size 1048592 start 0x00000000e5200000  with remset 0 code roots 0 is marked 0 reclaim candidate 0 type array 1
[2024-12-07T18:48:45.998+0800][1.925s][debug][gc,humongous      ] GC(10) Live humongous region 84 object size 1048592 start 0x00000000e5400000  with remset 0 code roots 0 is marked 0 reclaim candidate 0 type array 1
[2024-12-07T18:48:45.998+0800][1.925s][debug][gc,humongous      ] GC(10) Live humongous region 86 object size 1048592 start 0x00000000e5600000  with remset 0 code roots 0 is marked 0 reclaim candidate 0 type array 1
[2024-12-07T18:48:45.998+0800][1.925s][debug][gc,humongous      ] GC(10) Live humongous region 88 object size 1048592 start 0x00000000e5800000  with remset 0 code roots 0 is marked 0 reclaim candidate 0 type array 1
[2024-12-07T18:48:45.998+0800][1.925s][debug][gc,humongous      ] GC(10) Live humongous region 90 object size 1048592 start 0x00000000e5a00000  with remset 0 code roots 0 is marked 0 reclaim candidate 0 type array 1
[2024-12-07T18:48:45.998+0800][1.925s][debug][gc,humongous      ] GC(10) Live humongous region 92 object size 1048592 start 0x00000000e5c00000  with remset 0 code roots 0 is marked 0 reclaim candidate 0 type array 1
[2024-12-07T18:48:45.998+0800][1.925s][debug][gc,humongous      ] GC(10) Live humongous region 94 object size 1048592 start 0x00000000e5e00000  with remset 0 code roots 0 is marked 0 reclaim candidate 0 type array 1
[2024-12-07T18:48:45.998+0800][1.925s][debug][gc,humongous      ] GC(10) Live humongous region 96 object size 1048592 start 0x00000000e6000000  with remset 0 code roots 0 is marked 0 reclaim candidate 0 type array 1
[2024-12-07T18:48:45.998+0800][1.925s][debug][gc,humongous      ] GC(10) Live humongous region 98 object size 1048592 start 0x00000000e6200000  with remset 0 code roots 0 is marked 0 reclaim candidate 0 type array 1
[2024-12-07T18:48:45.998+0800][1.925s][debug][gc,humongous      ] GC(10) Live humongous region 100 object size 1048592 start 0x00000000e6400000  with remset 0 code roots 0 is marked 0 reclaim candidate 0 type array 1
[2024-12-07T18:48:45.998+0800][1.925s][debug][gc,humongous      ] GC(10) Live humongous region 102 object size 1048592 start 0x00000000e6600000  with remset 0 code roots 0 is marked 0 reclaim candidate 0 type array 1
[2024-12-07T18:48:45.998+0800][1.926s][debug][gc,humongous      ] GC(10) Live humongous region 104 object size 1048592 start 0x00000000e6800000  with remset 0 code roots 0 is marked 0 reclaim candidate 0 type array 1
[2024-12-07T18:48:45.998+0800][1.926s][debug][gc,humongous      ] GC(10) Live humongous region 106 object size 1048592 start 0x00000000e6a00000  with remset 0 code roots 0 is marked 0 reclaim candidate 0 type array 1
[2024-12-07T18:48:45.998+0800][1.926s][debug][gc,humongous      ] GC(10) Live humongous region 108 object size 1048592 start 0x00000000e6c00000  with remset 0 code roots 0 is marked 0 reclaim candidate 0 type array 1
[2024-12-07T18:48:45.998+0800][1.926s][debug][gc,humongous      ] GC(10) Live humongous region 110 object size 1048592 start 0x00000000e6e00000  with remset 0 code roots 0 is marked 0 reclaim candidate 0 type array 1
[2024-12-07T18:48:45.999+0800][1.926s][debug][gc,humongous      ] GC(10) Live humongous region 112 object size 1048592 start 0x00000000e7000000  with remset 0 code roots 0 is marked 0 reclaim candidate 0 type array 1
[2024-12-07T18:48:45.999+0800][1.926s][debug][gc,humongous      ] GC(10) Live humongous region 114 object size 1048592 start 0x00000000e7200000  with remset 0 code roots 0 is marked 0 reclaim candidate 0 type array 1
[2024-12-07T18:48:45.999+0800][1.926s][debug][gc,humongous      ] GC(10) Live humongous region 116 object size 1048592 start 0x00000000e7400000  with remset 0 code roots 0 is marked 0 reclaim candidate 0 type array 1
[2024-12-07T18:48:45.999+0800][1.926s][debug][gc,humongous      ] GC(10) Live humongous region 118 object size 1048592 start 0x00000000e7600000  with remset 0 code roots 0 is marked 0 reclaim candidate 0 type array 1
[2024-12-07T18:48:45.999+0800][1.927s][debug][gc,humongous      ] GC(10) Live humongous region 120 object size 1048592 start 0x00000000e7800000  with remset 0 code roots 0 is marked 0 reclaim candidate 0 type array 1
[2024-12-07T18:48:45.999+0800][1.927s][debug][gc,humongous      ] GC(10) Live humongous region 122 object size 1048592 start 0x00000000e7a00000  with remset 0 code roots 0 is marked 0 reclaim candidate 0 type array 1
[2024-12-07T18:48:45.999+0800][1.927s][debug][gc,humongous      ] GC(10) Live humongous region 124 object size 1048592 start 0x00000000e7c00000  with remset 0 code roots 0 is marked 0 reclaim candidate 0 type array 1
[2024-12-07T18:48:46.000+0800][1.927s][debug][gc,humongous      ] GC(10) Live humongous region 126 object size 1048592 start 0x00000000e7e00000  with remset 0 code roots 0 is marked 0 reclaim candidate 0 type array 1
[2024-12-07T18:48:46.000+0800][1.927s][debug][gc,humongous      ] GC(10) Live humongous region 128 object size 1048592 start 0x00000000e8000000  with remset 0 code roots 0 is marked 0 reclaim candidate 0 type array 1
[2024-12-07T18:48:46.000+0800][1.927s][debug][gc,humongous      ] GC(10) Live humongous region 130 object size 1048592 start 0x00000000e8200000  with remset 0 code roots 0 is marked 0 reclaim candidate 0 type array 1
[2024-12-07T18:48:46.000+0800][1.927s][debug][gc,humongous      ] GC(10) Live humongous region 132 object size 1048592 start 0x00000000e8400000  with remset 0 code roots 0 is marked 0 reclaim candidate 0 type array 1
[2024-12-07T18:48:46.000+0800][1.927s][debug][gc,humongous      ] GC(10) Live humongous region 134 object size 1048592 start 0x00000000e8600000  with remset 0 code roots 0 is marked 0 reclaim candidate 0 type array 1
[2024-12-07T18:48:46.000+0800][1.927s][debug][gc,humongous      ] GC(10) Live humongous region 136 object size 1048592 start 0x00000000e8800000  with remset 0 code roots 0 is marked 0 reclaim candidate 0 type array 1
[2024-12-07T18:48:46.000+0800][1.927s][debug][gc,humongous      ] GC(10) Live humongous region 138 object size 1048592 start 0x00000000e8a00000  with remset 0 code roots 0 is marked 0 reclaim candidate 0 type array 1
[2024-12-07T18:48:46.000+0800][1.927s][debug][gc,humongous      ] GC(10) Live humongous region 140 object size 1048592 start 0x00000000e8c00000  with remset 0 code roots 0 is marked 0 reclaim candidate 0 type array 1
[2024-12-07T18:48:46.000+0800][1.927s][debug][gc,humongous      ] GC(10) Live humongous region 142 object size 1048592 start 0x00000000e8e00000  with remset 0 code roots 0 is marked 0 reclaim candidate 0 type array 1
[2024-12-07T18:48:46.000+0800][1.927s][debug][gc,humongous      ] GC(10) Live humongous region 144 object size 1048592 start 0x00000000e9000000  with remset 0 code roots 0 is marked 0 reclaim candidate 0 type array 1
[2024-12-07T18:48:46.000+0800][1.927s][debug][gc,humongous      ] GC(10) Live humongous region 146 object size 1048592 start 0x00000000e9200000  with remset 0 code roots 0 is marked 0 reclaim candidate 0 type array 1
[2024-12-07T18:48:46.000+0800][1.928s][debug][gc,humongous      ] GC(10) Live humongous region 148 object size 1048592 start 0x00000000e9400000  with remset 0 code roots 0 is marked 0 reclaim candidate 0 type array 1
[2024-12-07T18:48:46.000+0800][1.928s][debug][gc,humongous      ] GC(10) Live humongous region 150 object size 1048592 start 0x00000000e9600000  with remset 0 code roots 0 is marked 0 reclaim candidate 0 type array 1
[2024-12-07T18:48:46.000+0800][1.928s][debug][gc,humongous      ] GC(10) Live humongous region 152 object size 1048592 start 0x00000000e9800000  with remset 0 code roots 0 is marked 0 reclaim candidate 0 type array 1
[2024-12-07T18:48:46.000+0800][1.928s][debug][gc,humongous      ] GC(10) Live humongous region 154 object size 1048592 start 0x00000000e9a00000  with remset 0 code roots 0 is marked 0 reclaim candidate 0 type array 1
[2024-12-07T18:48:46.001+0800][1.928s][debug][gc,humongous      ] GC(10) Live humongous region 156 object size 1048592 start 0x00000000e9c00000  with remset 0 code roots 0 is marked 0 reclaim candidate 0 type array 1
[2024-12-07T18:48:46.001+0800][1.928s][debug][gc,humongous      ] GC(10) Live humongous region 158 object size 1048592 start 0x00000000e9e00000  with remset 0 code roots 0 is marked 0 reclaim candidate 0 type array 1
[2024-12-07T18:48:46.001+0800][1.928s][debug][gc,humongous      ] GC(10) Live humongous region 160 object size 1048592 start 0x00000000ea000000  with remset 0 code roots 0 is marked 0 reclaim candidate 0 type array 1
[2024-12-07T18:48:46.001+0800][1.928s][debug][gc,humongous      ] GC(10) Live humongous region 162 object size 1048592 start 0x00000000ea200000  with remset 0 code roots 0 is marked 0 reclaim candidate 0 type array 1
[2024-12-07T18:48:46.001+0800][1.928s][debug][gc,humongous      ] GC(10) Live humongous region 164 object size 1048592 start 0x00000000ea400000  with remset 0 code roots 0 is marked 0 reclaim candidate 0 type array 1
[2024-12-07T18:48:46.001+0800][1.928s][debug][gc,humongous      ] GC(10) Live humongous region 166 object size 1048592 start 0x00000000ea600000  with remset 0 code roots 0 is marked 0 reclaim candidate 0 type array 1
[2024-12-07T18:48:46.001+0800][1.928s][debug][gc,humongous      ] GC(10) Live humongous region 168 object size 1048592 start 0x00000000ea800000  with remset 0 code roots 0 is marked 0 reclaim candidate 0 type array 1
[2024-12-07T18:48:46.001+0800][1.928s][debug][gc,humongous      ] GC(10) Live humongous region 170 object size 1048592 start 0x00000000eaa00000  with remset 0 code roots 0 is marked 0 reclaim candidate 0 type array 1
[2024-12-07T18:48:46.001+0800][1.928s][debug][gc,humongous      ] GC(10) Live humongous region 172 object size 1048592 start 0x00000000eac00000  with remset 0 code roots 0 is marked 0 reclaim candidate 0 type array 1
[2024-12-07T18:48:46.001+0800][1.928s][debug][gc,humongous      ] GC(10) Live humongous region 174 object size 1048592 start 0x00000000eae00000  with remset 0 code roots 0 is marked 0 reclaim candidate 0 type array 1
[2024-12-07T18:48:46.001+0800][1.928s][debug][gc,humongous      ] GC(10) Live humongous region 176 object size 1048592 start 0x00000000eb000000  with remset 0 code roots 0 is marked 0 reclaim candidate 0 type array 1
[2024-12-07T18:48:46.001+0800][1.928s][debug][gc,humongous      ] GC(10) Live humongous region 178 object size 1048592 start 0x00000000eb200000  with remset 0 code roots 0 is marked 0 reclaim candidate 0 type array 1
[2024-12-07T18:48:46.001+0800][1.929s][debug][gc,humongous      ] GC(10) Live humongous region 180 object size 1048592 start 0x00000000eb400000  with remset 0 code roots 0 is marked 0 reclaim candidate 0 type array 1
[2024-12-07T18:48:46.001+0800][1.929s][debug][gc,humongous      ] GC(10) Live humongous region 182 object size 1048592 start 0x00000000eb600000  with remset 0 code roots 0 is marked 0 reclaim candidate 0 type array 1
[2024-12-07T18:48:46.001+0800][1.929s][debug][gc,humongous      ] GC(10) Live humongous region 184 object size 1048592 start 0x00000000eb800000  with remset 0 code roots 0 is marked 0 reclaim candidate 0 type array 1
[2024-12-07T18:48:46.001+0800][1.929s][debug][gc,humongous      ] GC(10) Live humongous region 186 object size 1048592 start 0x00000000eba00000  with remset 0 code roots 0 is marked 0 reclaim candidate 0 type array 1
[2024-12-07T18:48:46.002+0800][1.929s][debug][gc,humongous      ] GC(10) Live humongous region 188 object size 1048592 start 0x00000000ebc00000  with remset 0 code roots 0 is marked 0 reclaim candidate 0 type array 1
[2024-12-07T18:48:46.002+0800][1.929s][debug][gc,humongous      ] GC(10) Live humongous region 190 object size 1048592 start 0x00000000ebe00000  with remset 0 code roots 0 is marked 0 reclaim candidate 0 type array 1
[2024-12-07T18:48:46.002+0800][1.929s][debug][gc,humongous      ] GC(10) Live humongous region 192 object size 1048592 start 0x00000000ec000000  with remset 0 code roots 0 is marked 0 reclaim candidate 0 type array 1
[2024-12-07T18:48:46.002+0800][1.929s][debug][gc,humongous      ] GC(10) Live humongous region 194 object size 1048592 start 0x00000000ec200000  with remset 0 code roots 0 is marked 0 reclaim candidate 0 type array 1
[2024-12-07T18:48:46.002+0800][1.929s][debug][gc,humongous      ] GC(10) Live humongous region 196 object size 1048592 start 0x00000000ec400000  with remset 0 code roots 0 is marked 0 reclaim candidate 0 type array 1
[2024-12-07T18:48:46.002+0800][1.929s][debug][gc,humongous      ] GC(10) Live humongous region 198 object size 1048592 start 0x00000000ec600000  with remset 0 code roots 0 is marked 0 reclaim candidate 0 type array 1
[2024-12-07T18:48:46.002+0800][1.929s][debug][gc,humongous      ] GC(10) Live humongous region 200 object size 1048592 start 0x00000000ec800000  with remset 0 code roots 0 is marked 0 reclaim candidate 0 type array 1
[2024-12-07T18:48:46.002+0800][1.929s][debug][gc,humongous      ] GC(10) Live humongous region 202 object size 1048592 start 0x00000000eca00000  with remset 0 code roots 0 is marked 0 reclaim candidate 0 type array 1
[2024-12-07T18:48:46.002+0800][1.929s][debug][gc,humongous      ] GC(10) Live humongous region 204 object size 1048592 start 0x00000000ecc00000  with remset 0 code roots 0 is marked 0 reclaim candidate 0 type array 1
[2024-12-07T18:48:46.002+0800][1.929s][debug][gc,humongous      ] GC(10) Live humongous region 206 object size 1048592 start 0x00000000ece00000  with remset 0 code roots 0 is marked 0 reclaim candidate 0 type array 1
[2024-12-07T18:48:46.002+0800][1.929s][debug][gc,humongous      ] GC(10) Live humongous region 208 object size 1048592 start 0x00000000ed000000  with remset 0 code roots 0 is marked 0 reclaim candidate 0 type array 1
[2024-12-07T18:48:46.002+0800][1.929s][debug][gc,humongous      ] GC(10) Live humongous region 210 object size 1048592 start 0x00000000ed200000  with remset 0 code roots 0 is marked 0 reclaim candidate 0 type array 1
[2024-12-07T18:48:46.002+0800][1.930s][debug][gc,humongous      ] GC(10) Live humongous region 212 object size 1048592 start 0x00000000ed400000  with remset 0 code roots 0 is marked 0 reclaim candidate 0 type array 1
[2024-12-07T18:48:46.002+0800][1.930s][debug][gc,humongous      ] GC(10) Live humongous region 214 object size 1048592 start 0x00000000ed600000  with remset 0 code roots 0 is marked 0 reclaim candidate 0 type array 1
[2024-12-07T18:48:46.002+0800][1.930s][debug][gc,humongous      ] GC(10) Live humongous region 216 object size 1048592 start 0x00000000ed800000  with remset 0 code roots 0 is marked 0 reclaim candidate 0 type array 1
[2024-12-07T18:48:46.003+0800][1.930s][debug][gc,humongous      ] GC(10) Live humongous region 218 object size 1048592 start 0x00000000eda00000  with remset 0 code roots 0 is marked 0 reclaim candidate 0 type array 1
[2024-12-07T18:48:46.003+0800][1.930s][debug][gc,humongous      ] GC(10) Live humongous region 220 object size 1048592 start 0x00000000edc00000  with remset 0 code roots 0 is marked 0 reclaim candidate 0 type array 1
[2024-12-07T18:48:46.003+0800][1.930s][debug][gc,humongous      ] GC(10) Live humongous region 222 object size 1048592 start 0x00000000ede00000  with remset 0 code roots 0 is marked 0 reclaim candidate 0 type array 1
[2024-12-07T18:48:46.003+0800][1.930s][debug][gc,humongous      ] GC(10) Live humongous region 224 object size 1048592 start 0x00000000ee000000  with remset 0 code roots 0 is marked 0 reclaim candidate 0 type array 1
[2024-12-07T18:48:46.003+0800][1.930s][debug][gc,humongous      ] GC(10) Live humongous region 226 object size 1048592 start 0x00000000ee200000  with remset 0 code roots 0 is marked 0 reclaim candidate 0 type array 1
[2024-12-07T18:48:46.003+0800][1.930s][debug][gc,humongous      ] GC(10) Live humongous region 228 object size 1048592 start 0x00000000ee400000  with remset 0 code roots 0 is marked 0 reclaim candidate 0 type array 1
[2024-12-07T18:48:46.003+0800][1.930s][debug][gc,humongous      ] GC(10) Live humongous region 230 object size 1048592 start 0x00000000ee600000  with remset 0 code roots 0 is marked 0 reclaim candidate 0 type array 1
[2024-12-07T18:48:46.003+0800][1.930s][debug][gc,humongous      ] GC(10) Live humongous region 232 object size 1048592 start 0x00000000ee800000  with remset 0 code roots 0 is marked 0 reclaim candidate 0 type array 1
[2024-12-07T18:48:46.003+0800][1.930s][debug][gc,humongous      ] GC(10) Live humongous region 234 object size 1048592 start 0x00000000eea00000  with remset 0 code roots 0 is marked 0 reclaim candidate 0 type array 1
[2024-12-07T18:48:46.003+0800][1.930s][debug][gc,humongous      ] GC(10) Live humongous region 236 object size 1048592 start 0x00000000eec00000  with remset 0 code roots 0 is marked 0 reclaim candidate 0 type array 1
[2024-12-07T18:48:46.003+0800][1.930s][debug][gc,humongous      ] GC(10) Live humongous region 238 object size 1048592 start 0x00000000eee00000  with remset 0 code roots 0 is marked 0 reclaim candidate 0 type array 1
[2024-12-07T18:48:46.003+0800][1.931s][debug][gc,humongous      ] GC(10) Live humongous region 240 object size 1048592 start 0x00000000ef000000  with remset 0 code roots 0 is marked 0 reclaim candidate 0 type array 1
[2024-12-07T18:48:46.003+0800][1.931s][debug][gc,humongous      ] GC(10) Live humongous region 242 object size 1048592 start 0x00000000ef200000  with remset 0 code roots 0 is marked 0 reclaim candidate 0 type array 1
[2024-12-07T18:48:46.003+0800][1.931s][debug][gc,humongous      ] GC(10) Live humongous region 244 object size 1048592 start 0x00000000ef400000  with remset 0 code roots 0 is marked 0 reclaim candidate 0 type array 1
[2024-12-07T18:48:46.003+0800][1.931s][debug][gc,humongous      ] GC(10) Live humongous region 246 object size 1048592 start 0x00000000ef600000  with remset 0 code roots 0 is marked 0 reclaim candidate 0 type array 1
[2024-12-07T18:48:46.004+0800][1.931s][debug][gc,humongous      ] GC(10) Live humongous region 248 object size 1048592 start 0x00000000ef800000  with remset 0 code roots 0 is marked 0 reclaim candidate 0 type array 1
[2024-12-07T18:48:46.004+0800][1.931s][debug][gc,humongous      ] GC(10) Live humongous region 250 object size 1048592 start 0x00000000efa00000  with remset 0 code roots 0 is marked 0 reclaim candidate 0 type array 1
[2024-12-07T18:48:46.004+0800][1.931s][debug][gc,humongous      ] GC(10) Live humongous region 252 object size 1048592 start 0x00000000efc00000  with remset 0 code roots 0 is marked 0 reclaim candidate 0 type array 1
[2024-12-07T18:48:46.004+0800][1.931s][debug][gc,humongous      ] GC(10) Live humongous region 254 object size 1048592 start 0x00000000efe00000  with remset 0 code roots 0 is marked 0 reclaim candidate 0 type array 1
[2024-12-07T18:48:46.004+0800][1.931s][debug][gc,humongous      ] GC(10) Live humongous region 256 object size 1048592 start 0x00000000f0000000  with remset 0 code roots 0 is marked 0 reclaim candidate 0 type array 1
[2024-12-07T18:48:46.004+0800][1.931s][debug][gc,humongous      ] GC(10) Live humongous region 258 object size 1048592 start 0x00000000f0200000  with remset 0 code roots 0 is marked 0 reclaim candidate 0 type array 1
[2024-12-07T18:48:46.004+0800][1.931s][debug][gc,humongous      ] GC(10) Live humongous region 260 object size 1048592 start 0x00000000f0400000  with remset 0 code roots 0 is marked 0 reclaim candidate 0 type array 1
[2024-12-07T18:48:46.004+0800][1.931s][debug][gc,humongous      ] GC(10) Live humongous region 262 object size 1048592 start 0x00000000f0600000  with remset 0 code roots 0 is marked 0 reclaim candidate 0 type array 1
[2024-12-07T18:48:46.004+0800][1.931s][debug][gc,humongous      ] GC(10) Live humongous region 264 object size 1048592 start 0x00000000f0800000  with remset 0 code roots 0 is marked 0 reclaim candidate 0 type array 1
[2024-12-07T18:48:46.004+0800][1.931s][debug][gc,humongous      ] GC(10) Live humongous region 266 object size 1048592 start 0x00000000f0a00000  with remset 0 code roots 0 is marked 0 reclaim candidate 0 type array 1
[2024-12-07T18:48:46.004+0800][1.931s][debug][gc,humongous      ] GC(10) Live humongous region 268 object size 1048592 start 0x00000000f0c00000  with remset 0 code roots 0 is marked 0 reclaim candidate 0 type array 1
[2024-12-07T18:48:46.004+0800][1.931s][debug][gc,humongous      ] GC(10) Live humongous region 270 object size 1048592 start 0x00000000f0e00000  with remset 0 code roots 0 is marked 0 reclaim candidate 0 type array 1
[2024-12-07T18:48:46.004+0800][1.932s][debug][gc,humongous      ] GC(10) Live humongous region 272 object size 1048592 start 0x00000000f1000000  with remset 0 code roots 0 is marked 0 reclaim candidate 0 type array 1
[2024-12-07T18:48:46.004+0800][1.932s][debug][gc,humongous      ] GC(10) Live humongous region 274 object size 1048592 start 0x00000000f1200000  with remset 0 code roots 0 is marked 0 reclaim candidate 0 type array 1
[2024-12-07T18:48:46.004+0800][1.932s][debug][gc,humongous      ] GC(10) Live humongous region 276 object size 1048592 start 0x00000000f1400000  with remset 0 code roots 0 is marked 0 reclaim candidate 0 type array 1
[2024-12-07T18:48:46.005+0800][1.932s][debug][gc,humongous      ] GC(10) Live humongous region 278 object size 1048592 start 0x00000000f1600000  with remset 0 code roots 0 is marked 0 reclaim candidate 0 type array 1
[2024-12-07T18:48:46.005+0800][1.932s][debug][gc,humongous      ] GC(10) Live humongous region 280 object size 1048592 start 0x00000000f1800000  with remset 0 code roots 0 is marked 0 reclaim candidate 0 type array 1
[2024-12-07T18:48:46.005+0800][1.932s][debug][gc,humongous      ] GC(10) Live humongous region 282 object size 1048592 start 0x00000000f1a00000  with remset 0 code roots 0 is marked 0 reclaim candidate 0 type array 1
[2024-12-07T18:48:46.005+0800][1.932s][debug][gc,humongous      ] GC(10) Live humongous region 284 object size 1048592 start 0x00000000f1c00000  with remset 0 code roots 0 is marked 0 reclaim candidate 0 type array 1
[2024-12-07T18:48:46.005+0800][1.932s][debug][gc,humongous      ] GC(10) Live humongous region 286 object size 1048592 start 0x00000000f1e00000  with remset 0 code roots 0 is marked 0 reclaim candidate 0 type array 1
[2024-12-07T18:48:46.005+0800][1.932s][debug][gc,humongous      ] GC(10) Live humongous region 288 object size 1048592 start 0x00000000f2000000  with remset 0 code roots 0 is marked 0 reclaim candidate 0 type array 1
[2024-12-07T18:48:46.005+0800][1.932s][debug][gc,humongous      ] GC(10) Live humongous region 290 object size 1048592 start 0x00000000f2200000  with remset 0 code roots 0 is marked 0 reclaim candidate 0 type array 1
[2024-12-07T18:48:46.005+0800][1.932s][debug][gc,humongous      ] GC(10) Live humongous region 292 object size 1048592 start 0x00000000f2400000  with remset 0 code roots 0 is marked 0 reclaim candidate 0 type array 1
[2024-12-07T18:48:46.005+0800][1.932s][debug][gc,humongous      ] GC(10) Live humongous region 294 object size 1048592 start 0x00000000f2600000  with remset 0 code roots 0 is marked 0 reclaim candidate 0 type array 1
[2024-12-07T18:48:46.005+0800][1.932s][debug][gc,humongous      ] GC(10) Live humongous region 296 object size 1048592 start 0x00000000f2800000  with remset 0 code roots 0 is marked 0 reclaim candidate 0 type array 1
[2024-12-07T18:48:46.005+0800][1.932s][debug][gc,humongous      ] GC(10) Live humongous region 298 object size 1048592 start 0x00000000f2a00000  with remset 0 code roots 0 is marked 0 reclaim candidate 0 type array 1
[2024-12-07T18:48:46.005+0800][1.932s][debug][gc,humongous      ] GC(10) Live humongous region 300 object size 1048592 start 0x00000000f2c00000  with remset 0 code roots 0 is marked 0 reclaim candidate 0 type array 1
[2024-12-07T18:48:46.005+0800][1.933s][debug][gc,humongous      ] GC(10) Live humongous region 302 object size 1048592 start 0x00000000f2e00000  with remset 0 code roots 0 is marked 0 reclaim candidate 0 type array 1
[2024-12-07T18:48:46.005+0800][1.933s][debug][gc,humongous      ] GC(10) Live humongous region 304 object size 1048592 start 0x00000000f3000000  with remset 0 code roots 0 is marked 0 reclaim candidate 0 type array 1
[2024-12-07T18:48:46.005+0800][1.933s][debug][gc,humongous      ] GC(10) Live humongous region 306 object size 1048592 start 0x00000000f3200000  with remset 0 code roots 0 is marked 0 reclaim candidate 0 type array 1
[2024-12-07T18:48:46.006+0800][1.933s][debug][gc,humongous      ] GC(10) Live humongous region 308 object size 1048592 start 0x00000000f3400000  with remset 0 code roots 0 is marked 0 reclaim candidate 0 type array 1
[2024-12-07T18:48:46.006+0800][1.933s][debug][gc,humongous      ] GC(10) Live humongous region 310 object size 1048592 start 0x00000000f3600000  with remset 0 code roots 0 is marked 0 reclaim candidate 0 type array 1
[2024-12-07T18:48:46.006+0800][1.933s][debug][gc,humongous      ] GC(10) Live humongous region 312 object size 1048592 start 0x00000000f3800000  with remset 0 code roots 0 is marked 0 reclaim candidate 0 type array 1
[2024-12-07T18:48:46.006+0800][1.933s][debug][gc,humongous      ] GC(10) Live humongous region 314 object size 1048592 start 0x00000000f3a00000  with remset 0 code roots 0 is marked 0 reclaim candidate 0 type array 1
[2024-12-07T18:48:46.006+0800][1.933s][debug][gc,humongous      ] GC(10) Live humongous region 316 object size 1048592 start 0x00000000f3c00000  with remset 0 code roots 0 is marked 0 reclaim candidate 0 type array 1
[2024-12-07T18:48:46.006+0800][1.933s][debug][gc,humongous      ] GC(10) Live humongous region 318 object size 1048592 start 0x00000000f3e00000  with remset 0 code roots 0 is marked 0 reclaim candidate 0 type array 1
[2024-12-07T18:48:46.006+0800][1.933s][debug][gc,plab           ] GC(10) Young PLAB allocation: allocated: 415072B, wasted: 2688B, unused: 44208B, used: 368176B, undo waste: 0B, 
[2024-12-07T18:48:46.006+0800][1.933s][debug][gc,plab           ] GC(10) Young other allocation: region end waste: 0B, regions filled: 1, direct allocated: 69744B, failure used: 0B, failure wasted: 0B
[2024-12-07T18:48:46.006+0800][1.933s][debug][gc,plab           ] GC(10) Young sizing: calculated: 73632B, actual: 73552B
[2024-12-07T18:48:46.006+0800][1.933s][debug][gc,plab           ] GC(10) Old PLAB allocation: allocated: 0B, wasted: 0B, unused: 0B, used: 0B, undo waste: 0B, 
[2024-12-07T18:48:46.006+0800][1.933s][debug][gc,plab           ] GC(10) Old other allocation: region end waste: 0B, regions filled: 0, direct allocated: 0B, failure used: 0B, failure wasted: 0B
[2024-12-07T18:48:46.006+0800][1.933s][debug][gc,plab           ] GC(10) Old sizing: calculated: 0B, actual: 2064B
[2024-12-07T18:48:46.006+0800][1.934s][debug][gc,alloc,stats    ] Old generation allocation in the last mutator period, old gen allocated: 0B, humongous allocated: 20971520B,old gen growth: 20971520B.
[2024-12-07T18:48:46.006+0800][1.934s][debug][gc,ihop           ] GC(10) Basic information (value update), threshold: 236873318B (45.00), target occupancy: 526385152B, current occupancy: 336766416B, recent allocation size: 20971520B, recent allocation duration: 102.87ms, recent old gen allocation rate: 203861819.54B/s, recent marking phase length: 0.00ms
[2024-12-07T18:48:46.006+0800][1.934s][debug][gc,ihop           ] GC(10) Adaptive IHOP information (value update), threshold: 236873318B (51.91), internal target occupancy: 456340275B, occupancy: 336766416B, additional buffer size: 72351744B, predicted old gen allocation rate: 195704414.47B/s, predicted marking phase length: 0.00ms, prediction active: false
[2024-12-07T18:48:46.006+0800][1.934s][debug][gc,ergo,refine    ] GC(10) Updated Refinement Zones: green: 18, yellow: 54, red: 90
[2024-12-07T18:48:46.007+0800][1.934s][info ][gc,phases         ] GC(10)   Pre Evacuate Collection Set: 0.1ms
[2024-12-07T18:48:46.007+0800][1.934s][debug][gc,phases         ] GC(10)     Prepare TLABs: 0.1ms
[2024-12-07T18:48:46.007+0800][1.934s][debug][gc,phases         ] GC(10)     Choose Collection Set: 0.1ms
[2024-12-07T18:48:46.007+0800][1.934s][debug][gc,phases         ] GC(10)     Humongous Register: 0.0ms
[2024-12-07T18:48:46.007+0800][1.934s][debug][gc,phases         ] GC(10)     Clear Claimed Marks: 0.0ms
[2024-12-07T18:48:46.007+0800][1.934s][info ][gc,phases         ] GC(10)   Evacuate Collection Set: 3.5ms
[2024-12-07T18:48:46.007+0800][1.934s][debug][gc,phases         ] GC(10)     Ext Root Scanning (ms):   Min:  0.1, Avg:  0.4, Max:  0.8, Diff:  0.7, Sum:  4.9, Workers: 12
[2024-12-07T18:48:46.007+0800][1.934s][debug][gc,phases         ] GC(10)     Update RS (ms):           Min:  0.0, Avg:  0.2, Max:  1.0, Diff:  1.0, Sum:  3.0, Workers: 12
[2024-12-07T18:48:46.007+0800][1.934s][debug][gc,phases         ] GC(10)       Processed Buffers:        Min: 0, Avg:  0.4, Max: 1, Diff: 1, Sum: 5, Workers: 12
[2024-12-07T18:48:46.007+0800][1.934s][debug][gc,phases         ] GC(10)       Scanned Cards:            Min: 0, Avg: 18.5, Max: 67, Diff: 67, Sum: 222, Workers: 12
[2024-12-07T18:48:46.007+0800][1.934s][debug][gc,phases         ] GC(10)       Skipped Cards:            Min: 0, Avg: 10.1, Max: 83, Diff: 83, Sum: 121, Workers: 12
[2024-12-07T18:48:46.007+0800][1.934s][debug][gc,phases         ] GC(10)     Scan RS (ms):             Min:  0.0, Avg:  0.1, Max:  0.4, Diff:  0.4, Sum:  1.0, Workers: 12
[2024-12-07T18:48:46.007+0800][1.935s][debug][gc,phases         ] GC(10)       Scanned Cards:            Min: 0, Avg:  5.6, Max: 29, Diff: 29, Sum: 67, Workers: 12
[2024-12-07T18:48:46.007+0800][1.935s][debug][gc,phases         ] GC(10)       Claimed Cards:            Min: 0, Avg: 18.5, Max: 94, Diff: 94, Sum: 222, Workers: 12
[2024-12-07T18:48:46.007+0800][1.935s][debug][gc,phases         ] GC(10)       Skipped Cards:            Min: 0, Avg: 55.5, Max: 222, Diff: 222, Sum: 666, Workers: 12
[2024-12-07T18:48:46.008+0800][1.935s][debug][gc,phases         ] GC(10)     Code Root Scanning (ms):  Min:  0.0, Avg:  0.0, Max:  0.0, Diff:  0.0, Sum:  0.0, Workers: 12
[2024-12-07T18:48:46.008+0800][1.935s][debug][gc,phases         ] GC(10)     AOT Root Scanning (ms):   skipped
[2024-12-07T18:48:46.008+0800][1.935s][debug][gc,phases         ] GC(10)     Object Copy (ms):         Min:  0.0, Avg:  0.1, Max:  0.5, Diff:  0.5, Sum:  1.6, Workers: 12
[2024-12-07T18:48:46.008+0800][1.935s][debug][gc,phases         ] GC(10)     Termination (ms):         Min:  0.0, Avg:  0.4, Max:  0.6, Diff:  0.6, Sum:  5.3, Workers: 12
[2024-12-07T18:48:46.008+0800][1.935s][debug][gc,phases         ] GC(10)       Termination Attempts:     Min: 1, Avg: 21.8, Max: 42, Diff: 41, Sum: 261, Workers: 12
[2024-12-07T18:48:46.008+0800][1.935s][debug][gc,phases         ] GC(10)     GC Worker Other (ms):     Min:  0.3, Avg:  1.0, Max:  1.7, Diff:  1.4, Sum: 12.2, Workers: 12
[2024-12-07T18:48:46.008+0800][1.935s][debug][gc,phases         ] GC(10)     GC Worker Total (ms):     Min:  1.5, Avg:  2.3, Max:  2.9, Diff:  1.4, Sum: 27.9, Workers: 12
[2024-12-07T18:48:46.008+0800][1.935s][info ][gc,phases         ] GC(10)   Post Evacuate Collection Set: 12.1ms
[2024-12-07T18:48:46.008+0800][1.935s][debug][gc,phases         ] GC(10)     Code Roots Fixup: 0.0ms
[2024-12-07T18:48:46.008+0800][1.935s][debug][gc,phases         ] GC(10)     Clear Card Table: 0.1ms
[2024-12-07T18:48:46.008+0800][1.935s][debug][gc,phases         ] GC(10)     Reference Processing: 0.2ms
[2024-12-07T18:48:46.008+0800][1.935s][debug][gc,phases,ref     ] GC(10)       Reconsider SoftReferences: 0.1ms
[2024-12-07T18:48:46.008+0800][1.936s][debug][gc,phases,ref     ] GC(10)         SoftRef (ms):             skipped
[2024-12-07T18:48:46.008+0800][1.936s][debug][gc,phases,ref     ] GC(10)       Notify Soft/WeakReferences: 0.0ms
[2024-12-07T18:48:46.008+0800][1.936s][debug][gc,phases,ref     ] GC(10)         SoftRef (ms):             Min:  0.0, Avg:  0.0, Max:  0.0, Diff:  0.0, Sum:  0.0, Workers: 1
[2024-12-07T18:48:46.008+0800][1.936s][debug][gc,phases,ref     ] GC(10)         WeakRef (ms):             Min:  0.0, Avg:  0.0, Max:  0.0, Diff:  0.0, Sum:  0.0, Workers: 1
[2024-12-07T18:48:46.009+0800][1.936s][debug][gc,phases,ref     ] GC(10)         FinalRef (ms):            Min:  0.0, Avg:  0.0, Max:  0.0, Diff:  0.0, Sum:  0.0, Workers: 1
[2024-12-07T18:48:46.009+0800][1.936s][debug][gc,phases,ref     ] GC(10)         Total (ms):               Min:  0.0, Avg:  0.0, Max:  0.0, Diff:  0.0, Sum:  0.0, Workers: 1
[2024-12-07T18:48:46.009+0800][1.936s][debug][gc,phases,ref     ] GC(10)       Notify and keep alive finalizable: 0.1ms
[2024-12-07T18:48:46.009+0800][1.936s][debug][gc,phases,ref     ] GC(10)         FinalRef (ms):            skipped
[2024-12-07T18:48:46.009+0800][1.936s][debug][gc,phases,ref     ] GC(10)       Notify PhantomReferences: 0.0ms
[2024-12-07T18:48:46.009+0800][1.936s][debug][gc,phases,ref     ] GC(10)         PhantomRef (ms):          Min:  0.0, Avg:  0.0, Max:  0.0, Diff:  0.0, Sum:  0.0, Workers: 1
[2024-12-07T18:48:46.009+0800][1.936s][debug][gc,phases,ref     ] GC(10)       SoftReference:
[2024-12-07T18:48:46.009+0800][1.936s][debug][gc,phases,ref     ] GC(10)         Discovered: 0
[2024-12-07T18:48:46.009+0800][1.936s][debug][gc,phases,ref     ] GC(10)         Cleared: 0
[2024-12-07T18:48:46.009+0800][1.937s][debug][gc,phases,ref     ] GC(10)       WeakReference:
[2024-12-07T18:48:46.010+0800][1.937s][debug][gc,phases,ref     ] GC(10)         Discovered: 14
[2024-12-07T18:48:46.010+0800][1.937s][debug][gc,phases,ref     ] GC(10)         Cleared: 14
[2024-12-07T18:48:46.010+0800][1.937s][debug][gc,phases,ref     ] GC(10)       FinalReference:
[2024-12-07T18:48:46.010+0800][1.937s][debug][gc,phases,ref     ] GC(10)         Discovered: 0
[2024-12-07T18:48:46.010+0800][1.937s][debug][gc,phases,ref     ] GC(10)         Cleared: 0
[2024-12-07T18:48:46.010+0800][1.937s][debug][gc,phases,ref     ] GC(10)       PhantomReference:
[2024-12-07T18:48:46.010+0800][1.938s][debug][gc,phases,ref     ] GC(10)         Discovered: 5
[2024-12-07T18:48:46.010+0800][1.938s][debug][gc,phases,ref     ] GC(10)         Cleared: 5
[2024-12-07T18:48:46.010+0800][1.938s][debug][gc,phases         ] GC(10)     Weak Processing: 0.0ms
[2024-12-07T18:48:46.011+0800][1.938s][debug][gc,phases         ] GC(10)     Merge Per-Thread State: 0.0ms
[2024-12-07T18:48:46.011+0800][1.938s][debug][gc,phases         ] GC(10)     Code Roots Purge: 0.0ms
[2024-12-07T18:48:46.011+0800][1.938s][debug][gc,phases         ] GC(10)     Redirty Cards: 0.1ms
[2024-12-07T18:48:46.011+0800][1.938s][debug][gc,phases         ] GC(10)     DerivedPointerTable Update: 0.0ms
[2024-12-07T18:48:46.011+0800][1.938s][debug][gc,phases         ] GC(10)     Free Collection Set: 0.1ms
[2024-12-07T18:48:46.011+0800][1.938s][debug][gc,phases         ] GC(10)     Humongous Reclaim: 11.5ms
[2024-12-07T18:48:46.011+0800][1.938s][debug][gc,phases         ] GC(10)     Start New Collection Set: 0.0ms
[2024-12-07T18:48:46.011+0800][1.938s][debug][gc,phases         ] GC(10)     Resize TLABs: 0.0ms
[2024-12-07T18:48:46.011+0800][1.938s][debug][gc,phases         ] GC(10)     Expand Heap After Collection: 0.0ms
[2024-12-07T18:48:46.011+0800][1.938s][info ][gc,phases         ] GC(10)   Other: 2.0ms
[2024-12-07T18:48:46.011+0800][1.938s][info ][gc,heap           ] GC(10) Eden regions: 1->0(68)
[2024-12-07T18:48:46.011+0800][1.938s][info ][gc,heap           ] GC(10) Survivor regions: 1->1(11)
[2024-12-07T18:48:46.011+0800][1.939s][info ][gc,heap           ] GC(10) Old regions: 2->2
[2024-12-07T18:48:46.011+0800][1.939s][info ][gc,heap           ] GC(10) Humongous regions: 320->320
[2024-12-07T18:48:46.012+0800][1.939s][info ][gc,metaspace      ] GC(10) Metaspace: 554K(4864K)->554K(4864K) NonClass: 507K(4352K)->507K(4352K) Class: 46K(512K)->46K(512K)
[2024-12-07T18:48:46.012+0800][1.939s][debug][gc,heap           ] GC(10) Heap after GC invocations=11 (full 0): garbage-first heap   total 516096K, used 328873K [0x00000000e0000000, 0x0000000100000000)
[2024-12-07T18:48:46.012+0800][1.939s][debug][gc,heap           ] GC(10)   region size 1024K, 1 young (1024K), 1 survivors (1024K)
[2024-12-07T18:48:46.012+0800][1.939s][debug][gc,heap           ] GC(10)  Metaspace       used 554K, capacity 4570K, committed 4864K, reserved 1056768K
[2024-12-07T18:48:46.012+0800][1.939s][debug][gc,heap           ] GC(10)   class space    used 46K, capacity 419K, committed 512K, reserved 1048576K
[2024-12-07T18:48:46.012+0800][1.939s][info ][gc                ] GC(10) Pause Young (Concurrent Start) (G1 Humongous Allocation) 321M->321M(504M) 22.295ms
[2024-12-07T18:48:46.012+0800][1.939s][info ][gc,cpu            ] GC(10) User=0.01s Sys=0.00s Real=0.02s
[2024-12-07T18:48:46.012+0800][1.939s][info ][gc                ] GC(11) Concurrent Cycle
[2024-12-07T18:48:46.012+0800][1.939s][info ][gc,marking        ] GC(11) Concurrent Clear Claimed Marks
[2024-12-07T18:48:46.012+0800][1.939s][info ][gc,marking        ] GC(11) Concurrent Clear Claimed Marks 0.069ms
[2024-12-07T18:48:46.012+0800][1.939s][info ][gc,marking        ] GC(11) Concurrent Scan Root Regions
[2024-12-07T18:48:46.012+0800][1.940s][debug][gc,ergo           ] GC(11) Running G1 Root Region Scan using 1 workers for 1 work units.
[2024-12-07T18:48:46.013+0800][1.940s][info ][gc,marking        ] GC(11) Concurrent Scan Root Regions 0.435ms
[2024-12-07T18:48:46.013+0800][1.940s][info ][gc,marking        ] GC(11) Concurrent Mark (1.940s)
[2024-12-07T18:48:46.013+0800][1.940s][info ][gc,marking        ] GC(11) Concurrent Mark From Roots
[2024-12-07T18:48:46.013+0800][1.940s][info ][gc,task           ] GC(11) Using 5 workers of 5 for marking
[2024-12-07T18:48:46.014+0800][1.941s][debug][gc,stats          ] ---------------------------------------------------------------------
[2024-12-07T18:48:46.014+0800][1.941s][debug][gc,stats          ] Marking Stats, task = 0, calls = 1
[2024-12-07T18:48:46.014+0800][1.941s][debug][gc,stats          ]   Elapsed time = 0.44ms, Termination time = 0.00ms
[2024-12-07T18:48:46.014+0800][1.941s][debug][gc,stats          ]   Step Times (cum): num = 545, avg = 0.01ms, sd = 0.13ms max = 2.98ms, total = 3.49ms
[2024-12-07T18:48:46.014+0800][1.941s][debug][gc,stats          ]   Mark Stats Cache: hits 6889 misses 161 ratio 97.716
[2024-12-07T18:48:46.014+0800][1.941s][debug][gc,stats          ] ---------------------------------------------------------------------
[2024-12-07T18:48:46.014+0800][1.941s][debug][gc,stats          ] Marking Stats, task = 1, calls = 29
[2024-12-07T18:48:46.014+0800][1.941s][debug][gc,stats          ]   Elapsed time = 0.44ms, Termination time = 0.00ms
[2024-12-07T18:48:46.014+0800][1.941s][debug][gc,stats          ]   Step Times (cum): num = 143, avg = 0.03ms, sd = 0.26ms max = 3.12ms, total = 3.62ms
[2024-12-07T18:48:46.014+0800][1.941s][debug][gc,stats          ]   Mark Stats Cache: hits 1845 misses 2 ratio 99.892
[2024-12-07T18:48:46.014+0800][1.941s][debug][gc,stats          ] ---------------------------------------------------------------------
[2024-12-07T18:48:46.014+0800][1.941s][debug][gc,stats          ] Marking Stats, task = 2, calls = 42
[2024-12-07T18:48:46.014+0800][1.942s][debug][gc,stats          ]   Elapsed time = 0.43ms, Termination time = 0.00ms
[2024-12-07T18:48:46.014+0800][1.942s][debug][gc,stats          ]   Step Times (cum): num = 241, avg = 0.01ms, sd = 0.19ms max = 2.97ms, total = 3.52ms
[2024-12-07T18:48:46.014+0800][1.942s][debug][gc,stats          ]   Mark Stats Cache: hits 550 misses 2 ratio 99.638
[2024-12-07T18:48:46.015+0800][1.942s][debug][gc,stats          ] ---------------------------------------------------------------------
[2024-12-07T18:48:46.015+0800][1.942s][debug][gc,stats          ] Marking Stats, task = 3, calls = 44
[2024-12-07T18:48:46.015+0800][1.942s][debug][gc,stats          ]   Elapsed time = 0.42ms, Termination time = 0.00ms
[2024-12-07T18:48:46.015+0800][1.942s][debug][gc,stats          ]   Step Times (cum): num = 210, avg = 0.02ms, sd = 0.21ms max = 2.97ms, total = 3.46ms
[2024-12-07T18:48:46.015+0800][1.942s][debug][gc,stats          ]   Mark Stats Cache: hits 603 misses 2 ratio 99.669
[2024-12-07T18:48:46.015+0800][1.942s][debug][gc,stats          ] ---------------------------------------------------------------------
[2024-12-07T18:48:46.015+0800][1.942s][debug][gc,stats          ] Marking Stats, task = 4, calls = 45
[2024-12-07T18:48:46.015+0800][1.942s][debug][gc,stats          ]   Elapsed time = 0.41ms, Termination time = 0.00ms
[2024-12-07T18:48:46.015+0800][1.943s][debug][gc,stats          ]   Step Times (cum): num = 190, avg = 0.02ms, sd = 0.22ms max = 2.97ms, total = 3.41ms
[2024-12-07T18:48:46.015+0800][1.943s][debug][gc,stats          ]   Mark Stats Cache: hits 597 misses 2 ratio 99.666
[2024-12-07T18:48:46.016+0800][1.943s][debug][gc,stats          ] ---------------------------------------------------------------------
[2024-12-07T18:48:46.016+0800][1.943s][info ][gc,marking        ] GC(11) Concurrent Mark From Roots 2.884ms
[2024-12-07T18:48:46.016+0800][1.943s][info ][gc,marking        ] GC(11) Concurrent Preclean
[2024-12-07T18:48:46.016+0800][1.943s][debug][gc,ref,start      ] GC(11) Preclean SoftReferences
[2024-12-07T18:48:46.016+0800][1.943s][debug][gc,ref            ] GC(11) Preclean SoftReferences 0.079ms
[2024-12-07T18:48:46.016+0800][1.943s][debug][gc,ref,start      ] GC(11) Preclean WeakReferences
[2024-12-07T18:48:46.016+0800][1.943s][debug][gc,ref            ] GC(11) Preclean WeakReferences 0.073ms
[2024-12-07T18:48:46.016+0800][1.943s][debug][gc,ref,start      ] GC(11) Preclean FinalReferences
[2024-12-07T18:48:46.016+0800][1.943s][debug][gc,ref            ] GC(11) Preclean FinalReferences 0.072ms
[2024-12-07T18:48:46.016+0800][1.944s][debug][gc,ref,start      ] GC(11) Preclean PhantomReferences
[2024-12-07T18:48:46.016+0800][1.944s][debug][gc,ref            ] GC(11) Preclean PhantomReferences 0.073ms
[2024-12-07T18:48:46.016+0800][1.944s][info ][gc,marking        ] GC(11) Concurrent Preclean 0.634ms
[2024-12-07T18:48:46.017+0800][1.944s][info ][gc,marking        ] GC(11) Concurrent Mark (1.940s, 1.944s) 3.790ms
[2024-12-07T18:48:46.017+0800][1.944s][info ][gc,start          ] GC(11) Pause Remark
[2024-12-07T18:48:46.017+0800][1.944s][debug][gc,phases,start   ] GC(11) Finalize Marking
[2024-12-07T18:48:46.020+0800][1.947s][debug][gc,stats          ] ---------------------------------------------------------------------
[2024-12-07T18:48:46.020+0800][1.947s][debug][gc,stats          ] Marking Stats, task = 0, calls = 74
[2024-12-07T18:48:46.020+0800][1.947s][debug][gc,stats          ]   Elapsed time = 2.97ms, Termination time = 2.72ms
[2024-12-07T18:48:46.020+0800][1.947s][debug][gc,stats          ]   Step Times (cum): num = 618, avg = 0.01ms, sd = 0.16ms max = 2.98ms, total = 6.21ms
[2024-12-07T18:48:46.020+0800][1.948s][debug][gc,stats          ]   Mark Stats Cache: hits 6889 misses 161 ratio 97.716
[2024-12-07T18:48:46.020+0800][1.948s][debug][gc,stats          ] ---------------------------------------------------------------------
[2024-12-07T18:48:46.020+0800][1.948s][debug][gc,stats          ] Marking Stats, task = 1, calls = 30
[2024-12-07T18:48:46.021+0800][1.948s][debug][gc,stats          ]   Elapsed time = 2.92ms, Termination time = 2.72ms
[2024-12-07T18:48:46.021+0800][1.948s][debug][gc,stats          ]   Step Times (cum): num = 144, avg = 0.04ms, sd = 0.34ms max = 3.12ms, total = 6.34ms
[2024-12-07T18:48:46.021+0800][1.948s][debug][gc,stats          ]   Mark Stats Cache: hits 1845 misses 2 ratio 99.892
[2024-12-07T18:48:46.021+0800][1.948s][debug][gc,stats          ] ---------------------------------------------------------------------
[2024-12-07T18:48:46.021+0800][1.948s][debug][gc,stats          ] Marking Stats, task = 2, calls = 43
[2024-12-07T18:48:46.021+0800][1.948s][debug][gc,stats          ]   Elapsed time = 2.91ms, Termination time = 2.73ms
[2024-12-07T18:48:46.021+0800][1.948s][debug][gc,stats          ]   Step Times (cum): num = 242, avg = 0.03ms, sd = 0.26ms max = 2.97ms, total = 6.26ms
[2024-12-07T18:48:46.021+0800][1.949s][debug][gc,stats          ]   Mark Stats Cache: hits 550 misses 2 ratio 99.638
[2024-12-07T18:48:46.021+0800][1.949s][debug][gc,stats          ] ---------------------------------------------------------------------
[2024-12-07T18:48:46.022+0800][1.949s][debug][gc,stats          ] Marking Stats, task = 3, calls = 45
[2024-12-07T18:48:46.022+0800][1.949s][debug][gc,stats          ]   Elapsed time = 2.94ms, Termination time = 2.69ms
[2024-12-07T18:48:46.022+0800][1.949s][debug][gc,stats          ]   Step Times (cum): num = 211, avg = 0.03ms, sd = 0.28ms max = 2.97ms, total = 6.14ms
[2024-12-07T18:48:46.022+0800][1.949s][debug][gc,stats          ]   Mark Stats Cache: hits 603 misses 2 ratio 99.669
[2024-12-07T18:48:46.022+0800][1.949s][debug][gc,stats          ] ---------------------------------------------------------------------
[2024-12-07T18:48:46.022+0800][1.949s][debug][gc,stats          ] Marking Stats, task = 4, calls = 46
[2024-12-07T18:48:46.022+0800][1.950s][debug][gc,stats          ]   Elapsed time = 2.92ms, Termination time = 2.71ms
[2024-12-07T18:48:46.022+0800][1.950s][debug][gc,stats          ]   Step Times (cum): num = 191, avg = 0.03ms, sd = 0.29ms max = 2.97ms, total = 6.12ms
[2024-12-07T18:48:46.022+0800][1.950s][debug][gc,stats          ]   Mark Stats Cache: hits 597 misses 2 ratio 99.666
[2024-12-07T18:48:46.023+0800][1.950s][debug][gc,stats          ] ---------------------------------------------------------------------
[2024-12-07T18:48:46.023+0800][1.950s][debug][gc,stats          ] Marking Stats, task = 5, calls = 1
[2024-12-07T18:48:46.023+0800][1.950s][debug][gc,stats          ]   Elapsed time = 2.88ms, Termination time = 2.64ms
[2024-12-07T18:48:46.023+0800][1.950s][debug][gc,stats          ]   Step Times (cum): num = 6, avg = 1.02ms, sd = 1.29ms max = 3.00ms, total = 6.11ms
[2024-12-07T18:48:46.023+0800][1.950s][debug][gc,stats          ]   Mark Stats Cache: hits 0 misses 0 ratio 0.000
[2024-12-07T18:48:46.023+0800][1.950s][debug][gc,stats          ] ---------------------------------------------------------------------
[2024-12-07T18:48:46.023+0800][1.950s][debug][gc,stats          ] Marking Stats, task = 6, calls = 1
[2024-12-07T18:48:46.023+0800][1.950s][debug][gc,stats          ]   Elapsed time = 2.91ms, Termination time = 2.61ms
[2024-12-07T18:48:46.023+0800][1.950s][debug][gc,stats          ]   Step Times (cum): num = 6, avg = 1.01ms, sd = 1.30ms max = 3.04ms, total = 6.07ms
[2024-12-07T18:48:46.023+0800][1.951s][debug][gc,stats          ]   Mark Stats Cache: hits 0 misses 0 ratio 0.000
[2024-12-07T18:48:46.023+0800][1.951s][debug][gc,stats          ] ---------------------------------------------------------------------
[2024-12-07T18:48:46.023+0800][1.951s][debug][gc,stats          ] Marking Stats, task = 7, calls = 1
[2024-12-07T18:48:46.024+0800][1.951s][debug][gc,stats          ]   Elapsed time = 2.89ms, Termination time = 2.58ms
[2024-12-07T18:48:46.024+0800][1.951s][debug][gc,stats          ]   Step Times (cum): num = 6, avg = 1.00ms, sd = 1.27ms max = 2.98ms, total = 5.99ms
[2024-12-07T18:48:46.024+0800][1.951s][debug][gc,stats          ]   Mark Stats Cache: hits 0 misses 0 ratio 0.000
[2024-12-07T18:48:46.024+0800][1.951s][debug][gc,stats          ] ---------------------------------------------------------------------
[2024-12-07T18:48:46.024+0800][1.951s][debug][gc,stats          ] Marking Stats, task = 8, calls = 1
[2024-12-07T18:48:46.024+0800][1.951s][debug][gc,stats          ]   Elapsed time = 2.78ms, Termination time = 2.59ms
[2024-12-07T18:48:46.024+0800][1.951s][debug][gc,stats          ]   Step Times (cum): num = 6, avg = 1.03ms, sd = 1.27ms max = 2.98ms, total = 6.16ms
[2024-12-07T18:48:46.024+0800][1.951s][debug][gc,stats          ]   Mark Stats Cache: hits 0 misses 0 ratio 0.000
[2024-12-07T18:48:46.024+0800][1.951s][debug][gc,stats          ] ---------------------------------------------------------------------
[2024-12-07T18:48:46.024+0800][1.951s][debug][gc,stats          ] Marking Stats, task = 9, calls = 1
[2024-12-07T18:48:46.024+0800][1.952s][debug][gc,stats          ]   Elapsed time = 2.76ms, Termination time = 2.60ms
[2024-12-07T18:48:46.024+0800][1.952s][debug][gc,stats          ]   Step Times (cum): num = 6, avg = 0.95ms, sd = 1.22ms max = 2.72ms, total = 5.71ms
[2024-12-07T18:48:46.024+0800][1.952s][debug][gc,stats          ]   Mark Stats Cache: hits 0 misses 0 ratio 0.000
[2024-12-07T18:48:46.025+0800][1.952s][debug][gc,stats          ] ---------------------------------------------------------------------
[2024-12-07T18:48:46.025+0800][1.952s][debug][gc,stats          ] Marking Stats, task = 10, calls = 1
[2024-12-07T18:48:46.025+0800][1.952s][debug][gc,stats          ]   Elapsed time = 0.12ms, Termination time = 0.00ms
[2024-12-07T18:48:46.025+0800][1.952s][debug][gc,stats          ]   Step Times (cum): num = 6, avg = 0.03ms, sd = 0.08ms max = 0.21ms, total = 0.21ms
[2024-12-07T18:48:46.025+0800][1.952s][debug][gc,stats          ]   Mark Stats Cache: hits 0 misses 0 ratio 0.000
[2024-12-07T18:48:46.025+0800][1.952s][debug][gc,stats          ] ---------------------------------------------------------------------
[2024-12-07T18:48:46.025+0800][1.952s][debug][gc,stats          ] Marking Stats, task = 11, calls = 1
[2024-12-07T18:48:46.025+0800][1.952s][debug][gc,stats          ]   Elapsed time = 0.01ms, Termination time = 0.00ms
[2024-12-07T18:48:46.025+0800][1.952s][debug][gc,stats          ]   Step Times (cum): num = 6, avg = 0.00ms, sd = 0.00ms max = 0.00ms, total = 0.00ms
[2024-12-07T18:48:46.025+0800][1.952s][debug][gc,stats          ]   Mark Stats Cache: hits 0 misses 0 ratio 0.000
[2024-12-07T18:48:46.025+0800][1.952s][debug][gc,stats          ] ---------------------------------------------------------------------
[2024-12-07T18:48:46.025+0800][1.952s][debug][gc,phases         ] GC(11) Finalize Marking 8.465ms
[2024-12-07T18:48:46.025+0800][1.953s][debug][gc,phases,start   ] GC(11) Reference Processing
[2024-12-07T18:48:46.025+0800][1.953s][debug][gc,ref            ] GC(11) Skipped phase1 of Reference Processing due to unavailable references
[2024-12-07T18:48:46.025+0800][1.953s][debug][gc,ref            ] GC(11) Skipped phase2 of Reference Processing due to unavailable references
[2024-12-07T18:48:46.026+0800][1.953s][debug][gc,ref            ] GC(11) Skipped phase3 of Reference Processing due to unavailable references
[2024-12-07T18:48:46.026+0800][1.953s][debug][gc,ref            ] GC(11) Skipped phase4 of Reference Processing due to unavailable references
[2024-12-07T18:48:46.026+0800][1.953s][debug][gc,phases,ref     ] GC(11) Reference Processing: 0.2ms
[2024-12-07T18:48:46.026+0800][1.953s][debug][gc,phases,ref     ] GC(11)   Reconsider SoftReferences: 0.1ms
[2024-12-07T18:48:46.026+0800][1.953s][debug][gc,phases,ref     ] GC(11)     SoftRef (ms):             skipped
[2024-12-07T18:48:46.026+0800][1.953s][debug][gc,phases,ref     ] GC(11)   Notify Soft/WeakReferences: 0.1ms
[2024-12-07T18:48:46.026+0800][1.953s][debug][gc,phases,ref     ] GC(11)     SoftRef (ms):             skipped
[2024-12-07T18:48:46.026+0800][1.953s][debug][gc,phases,ref     ] GC(11)     WeakRef (ms):             skipped
[2024-12-07T18:48:46.026+0800][1.953s][debug][gc,phases,ref     ] GC(11)     FinalRef (ms):            skipped
[2024-12-07T18:48:46.026+0800][1.953s][debug][gc,phases,ref     ] GC(11)     Total (ms):               skipped
[2024-12-07T18:48:46.026+0800][1.953s][debug][gc,phases,ref     ] GC(11)   Notify and keep alive finalizable: 0.1ms
[2024-12-07T18:48:46.026+0800][1.953s][debug][gc,phases,ref     ] GC(11)     FinalRef (ms):            skipped
[2024-12-07T18:48:46.027+0800][1.954s][debug][gc,phases,ref     ] GC(11)   Notify PhantomReferences: 0.1ms
[2024-12-07T18:48:46.027+0800][1.954s][debug][gc,phases,ref     ] GC(11)     PhantomRef (ms):          skipped
[2024-12-07T18:48:46.027+0800][1.954s][debug][gc,phases,ref     ] GC(11)   SoftReference:
[2024-12-07T18:48:46.027+0800][1.954s][debug][gc,phases,ref     ] GC(11)     Discovered: 0
[2024-12-07T18:48:46.027+0800][1.954s][debug][gc,phases,ref     ] GC(11)     Cleared: 0
[2024-12-07T18:48:46.027+0800][1.955s][debug][gc,phases,ref     ] GC(11)   WeakReference:
[2024-12-07T18:48:46.028+0800][1.955s][debug][gc,phases,ref     ] GC(11)     Discovered: 0
[2024-12-07T18:48:46.028+0800][1.955s][debug][gc,phases,ref     ] GC(11)     Cleared: 0
[2024-12-07T18:48:46.028+0800][1.955s][debug][gc,phases,ref     ] GC(11)   FinalReference:
[2024-12-07T18:48:46.028+0800][1.955s][debug][gc,phases,ref     ] GC(11)     Discovered: 0
[2024-12-07T18:48:46.028+0800][1.956s][debug][gc,phases,ref     ] GC(11)     Cleared: 0
[2024-12-07T18:48:46.028+0800][1.956s][debug][gc,phases,ref     ] GC(11)   PhantomReference:
[2024-12-07T18:48:46.029+0800][1.956s][debug][gc,phases,ref     ] GC(11)     Discovered: 0
[2024-12-07T18:48:46.029+0800][1.956s][debug][gc,phases,ref     ] GC(11)     Cleared: 0
[2024-12-07T18:48:46.029+0800][1.956s][debug][gc,phases         ] GC(11) Reference Processing 3.530ms
[2024-12-07T18:48:46.029+0800][1.956s][debug][gc,phases,start   ] GC(11) Weak Processing
[2024-12-07T18:48:46.029+0800][1.956s][debug][gc,phases         ] GC(11) Weak Processing 0.111ms
[2024-12-07T18:48:46.029+0800][1.956s][debug][gc,phases,start   ] GC(11) Class Unloading
[2024-12-07T18:48:46.029+0800][1.956s][debug][gc,phases,start   ] GC(11) ClassLoaderData
[2024-12-07T18:48:46.029+0800][1.957s][debug][gc,phases         ] GC(11) ClassLoaderData 0.095ms
[2024-12-07T18:48:46.029+0800][1.957s][debug][gc,phases,start   ] GC(11) ProtectionDomainCacheTable
[2024-12-07T18:48:46.030+0800][1.957s][debug][gc,phases         ] GC(11) ProtectionDomainCacheTable 0.088ms
[2024-12-07T18:48:46.030+0800][1.957s][info ][gc,stringtable    ] GC(11) Cleaned string and symbol table, strings: 39 processed, 0 removed, symbols: 191 processed, 0 removed
[2024-12-07T18:48:46.030+0800][1.957s][debug][gc,phases         ] GC(11) Class Unloading 0.948ms
[2024-12-07T18:48:46.030+0800][1.957s][debug][gc,phases,start   ] GC(11) Flush Task Caches
[2024-12-07T18:48:46.030+0800][1.958s][debug][gc,stats          ] Mark stats cache hits 10484 misses 169 ratio 98.414
[2024-12-07T18:48:46.030+0800][1.958s][debug][gc,phases         ] GC(11) Flush Task Caches 0.238ms
[2024-12-07T18:48:46.031+0800][1.958s][debug][gc,phases,start   ] GC(11) Update Remembered Set Tracking Before Rebuild
[2024-12-07T18:48:46.031+0800][1.958s][debug][gc,ergo           ] GC(11) Running G1 Update RemSet Tracking Before Rebuild using 2 workers for 504 regions in heap
[2024-12-07T18:48:46.031+0800][1.958s][debug][gc,remset,tracking] GC(11) Remembered Set Tracking update regions total 504, selected 0
[2024-12-07T18:48:46.031+0800][1.958s][debug][gc,phases         ] GC(11) Update Remembered Set Tracking Before Rebuild 0.328ms
[2024-12-07T18:48:46.031+0800][1.958s][debug][gc,phases,start   ] GC(11) Reclaim Empty Regions
[2024-12-07T18:48:46.031+0800][1.958s][debug][gc,phases         ] GC(11) Reclaim Empty Regions 0.173ms
[2024-12-07T18:48:46.031+0800][1.958s][debug][gc,phases,start   ] GC(11) Purge Metaspace
[2024-12-07T18:48:46.031+0800][1.959s][debug][gc,phases         ] GC(11) Purge Metaspace 0.089ms
[2024-12-07T18:48:46.031+0800][1.959s][debug][gc,phases,start   ] GC(11) Report Object Count
[2024-12-07T18:48:46.032+0800][1.959s][debug][gc,phases         ] GC(11) Report Object Count 0.201ms
[2024-12-07T18:48:46.032+0800][1.959s][info ][gc                ] GC(11) Pause Remark 341M->341M(504M) 14.987ms
[2024-12-07T18:48:46.032+0800][1.959s][info ][gc,cpu            ] GC(11) User=0.03s Sys=0.00s Real=0.02s
[2024-12-07T18:48:46.032+0800][1.959s][info ][gc,marking        ] GC(11) Concurrent Rebuild Remembered Sets
[2024-12-07T18:48:46.032+0800][1.960s][info ][gc,marking        ] GC(11) Concurrent Rebuild Remembered Sets 0.329ms
[2024-12-07T18:48:46.033+0800][1.960s][info ][gc,start          ] GC(11) Pause Cleanup
[2024-12-07T18:48:46.033+0800][1.960s][debug][gc,phases,start   ] GC(11) Update Remembered Set Tracking After Rebuild
[2024-12-07T18:48:46.033+0800][1.960s][debug][gc,phases         ] GC(11) Update Remembered Set Tracking After Rebuild 0.102ms
[2024-12-07T18:48:46.033+0800][1.960s][debug][gc,phases,start   ] GC(11) Finalize Concurrent Mark Cleanup
[2024-12-07T18:48:46.033+0800][1.960s][debug][gc,ergo           ] GC(11) request young-only gcs (candidate old regions not available)
[2024-12-07T18:48:46.033+0800][1.960s][debug][gc,phases         ] GC(11) Finalize Concurrent Mark Cleanup 0.275ms
[2024-12-07T18:48:46.033+0800][1.960s][info ][gc                ] GC(11) Pause Cleanup 341M->341M(504M) 0.646ms
[2024-12-07T18:48:46.033+0800][1.960s][info ][gc,cpu            ] GC(11) User=0.00s Sys=0.00s Real=0.00s
[2024-12-07T18:48:46.033+0800][1.961s][info ][gc,marking        ] GC(11) Concurrent Cleanup for Next Mark
[2024-12-07T18:48:46.033+0800][1.961s][debug][gc,ergo           ] GC(11) Running G1 Clear Bitmap with 5 workers for 8 work units.
[2024-12-07T18:48:46.034+0800][1.961s][info ][gc,marking        ] GC(11) Concurrent Cleanup for Next Mark 0.323ms
[2024-12-07T18:48:46.034+0800][1.961s][info ][gc                ] GC(11) Concurrent Cycle 21.775ms
[2024-12-07T18:48:46.116+0800][2.043s][debug][gc,ergo,ihop      ] Request concurrent cycle initiation (occupancy higher than threshold) occupancy: 358612992B allocation request: 1048592B threshold: 236873318B (44.82) source: concurrent humongous allocation
[2024-12-07T18:48:46.116+0800][2.044s][debug][gc,ergo           ] Request concurrent cycle initiation (requested by GC cause). GC cause: G1 Humongous Allocation
[2024-12-07T18:48:46.117+0800][2.044s][debug][gc,heap           ] GC(12) Heap before GC invocations=12 (full 0): garbage-first heap   total 516096K, used 349353K [0x00000000e0000000, 0x0000000100000000)
[2024-12-07T18:48:46.117+0800][2.044s][debug][gc,heap           ] GC(12)   region size 1024K, 2 young (2048K), 1 survivors (1024K)
[2024-12-07T18:48:46.117+0800][2.044s][debug][gc,heap           ] GC(12)  Metaspace       used 554K, capacity 4570K, committed 4864K, reserved 1056768K
[2024-12-07T18:48:46.117+0800][2.044s][debug][gc,heap           ] GC(12)   class space    used 46K, capacity 419K, committed 512K, reserved 1048576K
[2024-12-07T18:48:46.117+0800][2.045s][debug][gc,ergo           ] GC(12) Initiate concurrent cycle (concurrent cycle initiation requested)
[2024-12-07T18:48:46.117+0800][2.045s][info ][gc,start          ] GC(12) Pause Young (Concurrent Start) (G1 Humongous Allocation)
[2024-12-07T18:48:46.118+0800][2.045s][info ][gc,task           ] GC(12) Using 12 workers of 18 for evacuation
[2024-12-07T18:48:46.118+0800][2.045s][debug][gc,tlab           ] GC(12) TLAB totals: thrds: 1  refills: 1 max: 1 slow allocs: 7 max 7 waste: 99.8% gc: 523136B max: 523136B slow: 0B max: 0B fast: 0B max: 0B
[2024-12-07T18:48:46.118+0800][2.045s][debug][gc,alloc,region   ] GC(12) Mutator Allocation stats, regions: 1, wasted size: 0B ( 0.0%)
[2024-12-07T18:48:46.118+0800][2.045s][debug][gc,age            ] GC(12) Desired survivor size 4718592 bytes, new threshold 15 (max threshold 15)
[2024-12-07T18:48:46.118+0800][2.045s][debug][gc,ergo,cset      ] GC(12) Finish choosing CSet. old: 0 regions, predicted old region time: 0.00ms, time remaining: 184.10
[2024-12-07T18:48:46.118+0800][2.046s][debug][gc,task,stats     ] GC(12) GC Termination Stats
[2024-12-07T18:48:46.118+0800][2.046s][debug][gc,task,stats     ] GC(12)      elapsed  --strong roots-- -------termination------- ------waste (KiB)------
[2024-12-07T18:48:46.119+0800][2.046s][debug][gc,task,stats     ] GC(12) thr     ms        ms      %        ms      %    attempts  total   alloc    undo
[2024-12-07T18:48:46.119+0800][2.046s][debug][gc,task,stats     ] GC(12) --- --------- --------- ------ --------- ------ -------- ------- ------- -------
[2024-12-07T18:48:46.120+0800][2.047s][debug][gc,task,stats     ] GC(12)   8      1.32      1.32  99.84      0.00   0.01        1       0       0       0
[2024-12-07T18:48:46.120+0800][2.048s][debug][gc,task,stats     ] GC(12)   5      1.49      0.73  49.11      0.64  43.10        8       0       0       0
[2024-12-07T18:48:46.120+0800][2.048s][debug][gc,task,stats     ] GC(12)   6      1.60      0.95  59.50      0.43  26.81        1       0       0       0
[2024-12-07T18:48:46.121+0800][2.048s][debug][gc,task,stats     ] GC(12)   0      1.77      0.73  41.33      0.69  38.86        8       1       1       0
[2024-12-07T18:48:46.121+0800][2.048s][debug][gc,task,stats     ] GC(12)   1      1.88      0.82  43.63      0.60  31.88        5       0       0       0
[2024-12-07T18:48:46.121+0800][2.048s][debug][gc,task,stats     ] GC(12)   7      1.93      0.83  42.86      0.54  27.83        1       0       0       0
[2024-12-07T18:48:46.121+0800][2.048s][debug][gc,task,stats     ] GC(12)   3      2.10      0.56  26.85      0.73  34.87        3       0       0       0
[2024-12-07T18:48:46.121+0800][2.048s][debug][gc,task,stats     ] GC(12)   2      2.22      0.67  29.94      0.73  32.87        3       0       0       0
[2024-12-07T18:48:46.121+0800][2.048s][debug][gc,task,stats     ] GC(12)  10      2.34      0.61  26.09      0.69  29.67       11       0       0       0
[2024-12-07T18:48:46.122+0800][2.049s][debug][gc,task,stats     ] GC(12)   4      2.82      0.51  17.95      0.73  25.77        3       0       0       0
[2024-12-07T18:48:46.122+0800][2.049s][debug][gc,task,stats     ] GC(12)  11      3.18      0.68  21.46      0.62  19.55        2       0       0       0
[2024-12-07T18:48:46.122+0800][2.050s][debug][gc,task,stats     ] GC(12)   9      3.54      0.59  16.51      0.69  19.58        3       0       0       0
[2024-12-07T18:48:46.123+0800][2.050s][debug][gc,ergo           ] GC(12) Running G1 Clear Card Table Task using 1 workers for 1 units of work for 3 regions.
[2024-12-07T18:48:46.123+0800][2.051s][debug][gc,ref            ] GC(12) Skipped phase1 of Reference Processing due to unavailable references
[2024-12-07T18:48:46.124+0800][2.051s][debug][gc,ref            ] GC(12) Skipped phase3 of Reference Processing due to unavailable references
[2024-12-07T18:48:46.124+0800][2.051s][debug][gc,ergo           ] GC(12) Running G1 Free Collection Set using 1 workers for collection set length 2
[2024-12-07T18:48:46.124+0800][2.051s][debug][gc,humongous      ] GC(12) Live humongous region 0 object size 1048592 start 0x00000000e0000000  with remset 0 code roots 0 is marked 0 reclaim candidate 0 type array 1
[2024-12-07T18:48:46.124+0800][2.051s][debug][gc,humongous      ] GC(12) Live humongous region 2 object size 1048592 start 0x00000000e0200000  with remset 0 code roots 0 is marked 0 reclaim candidate 0 type array 1
[2024-12-07T18:48:46.124+0800][2.051s][debug][gc,humongous      ] GC(12) Live humongous region 4 object size 1048592 start 0x00000000e0400000  with remset 0 code roots 0 is marked 0 reclaim candidate 0 type array 1
[2024-12-07T18:48:46.124+0800][2.051s][debug][gc,humongous      ] GC(12) Live humongous region 6 object size 1048592 start 0x00000000e0600000  with remset 0 code roots 0 is marked 0 reclaim candidate 0 type array 1
[2024-12-07T18:48:46.124+0800][2.052s][debug][gc,humongous      ] GC(12) Live humongous region 8 object size 1048592 start 0x00000000e0800000  with remset 0 code roots 0 is marked 0 reclaim candidate 0 type array 1
[2024-12-07T18:48:46.124+0800][2.052s][debug][gc,humongous      ] GC(12) Live humongous region 10 object size 1048592 start 0x00000000e0a00000  with remset 0 code roots 0 is marked 0 reclaim candidate 0 type array 1
[2024-12-07T18:48:46.124+0800][2.052s][debug][gc,humongous      ] GC(12) Live humongous region 12 object size 1048592 start 0x00000000e0c00000  with remset 0 code roots 0 is marked 0 reclaim candidate 0 type array 1
[2024-12-07T18:48:46.125+0800][2.052s][debug][gc,humongous      ] GC(12) Live humongous region 14 object size 1048592 start 0x00000000e0e00000  with remset 0 code roots 0 is marked 0 reclaim candidate 0 type array 1
[2024-12-07T18:48:46.125+0800][2.052s][debug][gc,humongous      ] GC(12) Live humongous region 16 object size 1048592 start 0x00000000e1000000  with remset 0 code roots 0 is marked 0 reclaim candidate 0 type array 1
[2024-12-07T18:48:46.125+0800][2.052s][debug][gc,humongous      ] GC(12) Live humongous region 18 object size 1048592 start 0x00000000e1200000  with remset 0 code roots 0 is marked 0 reclaim candidate 0 type array 1
[2024-12-07T18:48:46.125+0800][2.052s][debug][gc,humongous      ] GC(12) Live humongous region 20 object size 1048592 start 0x00000000e1400000  with remset 0 code roots 0 is marked 0 reclaim candidate 0 type array 1
[2024-12-07T18:48:46.125+0800][2.052s][debug][gc,humongous      ] GC(12) Live humongous region 22 object size 1048592 start 0x00000000e1600000  with remset 0 code roots 0 is marked 0 reclaim candidate 0 type array 1
[2024-12-07T18:48:46.125+0800][2.052s][debug][gc,humongous      ] GC(12) Live humongous region 24 object size 1048592 start 0x00000000e1800000  with remset 0 code roots 0 is marked 0 reclaim candidate 0 type array 1
[2024-12-07T18:48:46.125+0800][2.052s][debug][gc,humongous      ] GC(12) Live humongous region 26 object size 1048592 start 0x00000000e1a00000  with remset 0 code roots 0 is marked 0 reclaim candidate 0 type array 1
[2024-12-07T18:48:46.125+0800][2.052s][debug][gc,humongous      ] GC(12) Live humongous region 28 object size 1048592 start 0x00000000e1c00000  with remset 0 code roots 0 is marked 0 reclaim candidate 0 type array 1
[2024-12-07T18:48:46.125+0800][2.052s][debug][gc,humongous      ] GC(12) Live humongous region 30 object size 1048592 start 0x00000000e1e00000  with remset 0 code roots 0 is marked 0 reclaim candidate 0 type array 1
[2024-12-07T18:48:46.125+0800][2.053s][debug][gc,humongous      ] GC(12) Live humongous region 32 object size 1048592 start 0x00000000e2000000  with remset 0 code roots 0 is marked 0 reclaim candidate 0 type array 1
[2024-12-07T18:48:46.125+0800][2.053s][debug][gc,humongous      ] GC(12) Live humongous region 34 object size 1048592 start 0x00000000e2200000  with remset 0 code roots 0 is marked 0 reclaim candidate 0 type array 1
[2024-12-07T18:48:46.126+0800][2.053s][debug][gc,humongous      ] GC(12) Live humongous region 36 object size 1048592 start 0x00000000e2400000  with remset 0 code roots 0 is marked 0 reclaim candidate 0 type array 1
[2024-12-07T18:48:46.126+0800][2.053s][debug][gc,humongous      ] GC(12) Live humongous region 38 object size 1048592 start 0x00000000e2600000  with remset 0 code roots 0 is marked 0 reclaim candidate 0 type array 1
[2024-12-07T18:48:46.126+0800][2.053s][debug][gc,humongous      ] GC(12) Live humongous region 40 object size 1048592 start 0x00000000e2800000  with remset 0 code roots 0 is marked 0 reclaim candidate 0 type array 1
[2024-12-07T18:48:46.126+0800][2.053s][debug][gc,humongous      ] GC(12) Live humongous region 42 object size 1048592 start 0x00000000e2a00000  with remset 0 code roots 0 is marked 0 reclaim candidate 0 type array 1
[2024-12-07T18:48:46.126+0800][2.053s][debug][gc,humongous      ] GC(12) Live humongous region 44 object size 1048592 start 0x00000000e2c00000  with remset 0 code roots 0 is marked 0 reclaim candidate 0 type array 1
[2024-12-07T18:48:46.126+0800][2.053s][debug][gc,humongous      ] GC(12) Live humongous region 46 object size 1048592 start 0x00000000e2e00000  with remset 0 code roots 0 is marked 0 reclaim candidate 0 type array 1
[2024-12-07T18:48:46.126+0800][2.053s][debug][gc,humongous      ] GC(12) Live humongous region 48 object size 1048592 start 0x00000000e3000000  with remset 0 code roots 0 is marked 0 reclaim candidate 0 type array 1
[2024-12-07T18:48:46.126+0800][2.053s][debug][gc,humongous      ] GC(12) Live humongous region 50 object size 1048592 start 0x00000000e3200000  with remset 0 code roots 0 is marked 0 reclaim candidate 0 type array 1
[2024-12-07T18:48:46.126+0800][2.053s][debug][gc,humongous      ] GC(12) Live humongous region 52 object size 1048592 start 0x00000000e3400000  with remset 0 code roots 0 is marked 0 reclaim candidate 0 type array 1
[2024-12-07T18:48:46.126+0800][2.054s][debug][gc,humongous      ] GC(12) Live humongous region 54 object size 1048592 start 0x00000000e3600000  with remset 0 code roots 0 is marked 0 reclaim candidate 0 type array 1
[2024-12-07T18:48:46.127+0800][2.054s][debug][gc,humongous      ] GC(12) Live humongous region 56 object size 1048592 start 0x00000000e3800000  with remset 0 code roots 0 is marked 0 reclaim candidate 0 type array 1
[2024-12-07T18:48:46.127+0800][2.054s][debug][gc,humongous      ] GC(12) Live humongous region 58 object size 1048592 start 0x00000000e3a00000  with remset 0 code roots 0 is marked 0 reclaim candidate 0 type array 1
[2024-12-07T18:48:46.127+0800][2.054s][debug][gc,humongous      ] GC(12) Live humongous region 60 object size 1048592 start 0x00000000e3c00000  with remset 0 code roots 0 is marked 0 reclaim candidate 0 type array 1
[2024-12-07T18:48:46.127+0800][2.054s][debug][gc,humongous      ] GC(12) Live humongous region 62 object size 1048592 start 0x00000000e3e00000  with remset 0 code roots 0 is marked 0 reclaim candidate 0 type array 1
[2024-12-07T18:48:46.127+0800][2.054s][debug][gc,humongous      ] GC(12) Live humongous region 64 object size 1048592 start 0x00000000e4000000  with remset 0 code roots 0 is marked 0 reclaim candidate 0 type array 1
[2024-12-07T18:48:46.127+0800][2.054s][debug][gc,humongous      ] GC(12) Live humongous region 66 object size 1048592 start 0x00000000e4200000  with remset 0 code roots 0 is marked 0 reclaim candidate 0 type array 1
[2024-12-07T18:48:46.127+0800][2.054s][debug][gc,humongous      ] GC(12) Live humongous region 68 object size 1048592 start 0x00000000e4400000  with remset 0 code roots 0 is marked 0 reclaim candidate 0 type array 1
[2024-12-07T18:48:46.127+0800][2.054s][debug][gc,humongous      ] GC(12) Live humongous region 70 object size 1048592 start 0x00000000e4600000  with remset 0 code roots 0 is marked 0 reclaim candidate 0 type array 1
[2024-12-07T18:48:46.127+0800][2.055s][debug][gc,humongous      ] GC(12) Live humongous region 72 object size 1048592 start 0x00000000e4800000  with remset 0 code roots 0 is marked 0 reclaim candidate 0 type array 1
[2024-12-07T18:48:46.127+0800][2.055s][debug][gc,humongous      ] GC(12) Live humongous region 74 object size 1048592 start 0x00000000e4a00000  with remset 0 code roots 0 is marked 0 reclaim candidate 0 type array 1
[2024-12-07T18:48:46.128+0800][2.055s][debug][gc,humongous      ] GC(12) Live humongous region 76 object size 1048592 start 0x00000000e4c00000  with remset 0 code roots 0 is marked 0 reclaim candidate 0 type array 1
[2024-12-07T18:48:46.128+0800][2.055s][debug][gc,humongous      ] GC(12) Live humongous region 78 object size 1048592 start 0x00000000e4e00000  with remset 0 code roots 0 is marked 0 reclaim candidate 0 type array 1
[2024-12-07T18:48:46.128+0800][2.055s][debug][gc,humongous      ] GC(12) Live humongous region 80 object size 1048592 start 0x00000000e5000000  with remset 0 code roots 0 is marked 0 reclaim candidate 0 type array 1
[2024-12-07T18:48:46.128+0800][2.055s][debug][gc,humongous      ] GC(12) Live humongous region 82 object size 1048592 start 0x00000000e5200000  with remset 0 code roots 0 is marked 0 reclaim candidate 0 type array 1
[2024-12-07T18:48:46.128+0800][2.055s][debug][gc,humongous      ] GC(12) Live humongous region 84 object size 1048592 start 0x00000000e5400000  with remset 0 code roots 0 is marked 0 reclaim candidate 0 type array 1
[2024-12-07T18:48:46.128+0800][2.055s][debug][gc,humongous      ] GC(12) Live humongous region 86 object size 1048592 start 0x00000000e5600000  with remset 0 code roots 0 is marked 0 reclaim candidate 0 type array 1
[2024-12-07T18:48:46.128+0800][2.055s][debug][gc,humongous      ] GC(12) Live humongous region 88 object size 1048592 start 0x00000000e5800000  with remset 0 code roots 0 is marked 0 reclaim candidate 0 type array 1
[2024-12-07T18:48:46.128+0800][2.055s][debug][gc,humongous      ] GC(12) Live humongous region 90 object size 1048592 start 0x00000000e5a00000  with remset 0 code roots 0 is marked 0 reclaim candidate 0 type array 1
[2024-12-07T18:48:46.128+0800][2.056s][debug][gc,humongous      ] GC(12) Live humongous region 92 object size 1048592 start 0x00000000e5c00000  with remset 0 code roots 0 is marked 0 reclaim candidate 0 type array 1
[2024-12-07T18:48:46.128+0800][2.056s][debug][gc,humongous      ] GC(12) Live humongous region 94 object size 1048592 start 0x00000000e5e00000  with remset 0 code roots 0 is marked 0 reclaim candidate 0 type array 1
[2024-12-07T18:48:46.128+0800][2.056s][debug][gc,humongous      ] GC(12) Live humongous region 96 object size 1048592 start 0x00000000e6000000  with remset 0 code roots 0 is marked 0 reclaim candidate 0 type array 1
[2024-12-07T18:48:46.129+0800][2.056s][debug][gc,humongous      ] GC(12) Live humongous region 98 object size 1048592 start 0x00000000e6200000  with remset 0 code roots 0 is marked 0 reclaim candidate 0 type array 1
[2024-12-07T18:48:46.129+0800][2.056s][debug][gc,humongous      ] GC(12) Live humongous region 100 object size 1048592 start 0x00000000e6400000  with remset 0 code roots 0 is marked 0 reclaim candidate 0 type array 1
[2024-12-07T18:48:46.129+0800][2.056s][debug][gc,humongous      ] GC(12) Live humongous region 102 object size 1048592 start 0x00000000e6600000  with remset 0 code roots 0 is marked 0 reclaim candidate 0 type array 1
[2024-12-07T18:48:46.129+0800][2.056s][debug][gc,humongous      ] GC(12) Live humongous region 104 object size 1048592 start 0x00000000e6800000  with remset 0 code roots 0 is marked 0 reclaim candidate 0 type array 1
[2024-12-07T18:48:46.129+0800][2.056s][debug][gc,humongous      ] GC(12) Live humongous region 106 object size 1048592 start 0x00000000e6a00000  with remset 0 code roots 0 is marked 0 reclaim candidate 0 type array 1
[2024-12-07T18:48:46.129+0800][2.056s][debug][gc,humongous      ] GC(12) Live humongous region 108 object size 1048592 start 0x00000000e6c00000  with remset 0 code roots 0 is marked 0 reclaim candidate 0 type array 1
[2024-12-07T18:48:46.129+0800][2.056s][debug][gc,humongous      ] GC(12) Live humongous region 110 object size 1048592 start 0x00000000e6e00000  with remset 0 code roots 0 is marked 0 reclaim candidate 0 type array 1
[2024-12-07T18:48:46.129+0800][2.056s][debug][gc,humongous      ] GC(12) Live humongous region 112 object size 1048592 start 0x00000000e7000000  with remset 0 code roots 0 is marked 0 reclaim candidate 0 type array 1
[2024-12-07T18:48:46.129+0800][2.056s][debug][gc,humongous      ] GC(12) Live humongous region 114 object size 1048592 start 0x00000000e7200000  with remset 0 code roots 0 is marked 0 reclaim candidate 0 type array 1
[2024-12-07T18:48:46.129+0800][2.057s][debug][gc,humongous      ] GC(12) Live humongous region 116 object size 1048592 start 0x00000000e7400000  with remset 0 code roots 0 is marked 0 reclaim candidate 0 type array 1
[2024-12-07T18:48:46.129+0800][2.057s][debug][gc,humongous      ] GC(12) Live humongous region 118 object size 1048592 start 0x00000000e7600000  with remset 0 code roots 0 is marked 0 reclaim candidate 0 type array 1
[2024-12-07T18:48:46.130+0800][2.057s][debug][gc,humongous      ] GC(12) Live humongous region 120 object size 1048592 start 0x00000000e7800000  with remset 0 code roots 0 is marked 0 reclaim candidate 0 type array 1
[2024-12-07T18:48:46.130+0800][2.057s][debug][gc,humongous      ] GC(12) Live humongous region 122 object size 1048592 start 0x00000000e7a00000  with remset 0 code roots 0 is marked 0 reclaim candidate 0 type array 1
[2024-12-07T18:48:46.130+0800][2.057s][debug][gc,humongous      ] GC(12) Live humongous region 124 object size 1048592 start 0x00000000e7c00000  with remset 0 code roots 0 is marked 0 reclaim candidate 0 type array 1
[2024-12-07T18:48:46.130+0800][2.057s][debug][gc,humongous      ] GC(12) Live humongous region 126 object size 1048592 start 0x00000000e7e00000  with remset 0 code roots 0 is marked 0 reclaim candidate 0 type array 1
[2024-12-07T18:48:46.130+0800][2.057s][debug][gc,humongous      ] GC(12) Live humongous region 128 object size 1048592 start 0x00000000e8000000  with remset 0 code roots 0 is marked 0 reclaim candidate 0 type array 1
[2024-12-07T18:48:46.130+0800][2.057s][debug][gc,humongous      ] GC(12) Live humongous region 130 object size 1048592 start 0x00000000e8200000  with remset 0 code roots 0 is marked 0 reclaim candidate 0 type array 1
[2024-12-07T18:48:46.130+0800][2.057s][debug][gc,humongous      ] GC(12) Live humongous region 132 object size 1048592 start 0x00000000e8400000  with remset 0 code roots 0 is marked 0 reclaim candidate 0 type array 1
[2024-12-07T18:48:46.130+0800][2.057s][debug][gc,humongous      ] GC(12) Live humongous region 134 object size 1048592 start 0x00000000e8600000  with remset 0 code roots 0 is marked 0 reclaim candidate 0 type array 1
[2024-12-07T18:48:46.130+0800][2.057s][debug][gc,humongous      ] GC(12) Live humongous region 136 object size 1048592 start 0x00000000e8800000  with remset 0 code roots 0 is marked 0 reclaim candidate 0 type array 1
[2024-12-07T18:48:46.130+0800][2.058s][debug][gc,humongous      ] GC(12) Live humongous region 138 object size 1048592 start 0x00000000e8a00000  with remset 0 code roots 0 is marked 0 reclaim candidate 0 type array 1
[2024-12-07T18:48:46.130+0800][2.058s][debug][gc,humongous      ] GC(12) Live humongous region 140 object size 1048592 start 0x00000000e8c00000  with remset 0 code roots 0 is marked 0 reclaim candidate 0 type array 1
[2024-12-07T18:48:46.130+0800][2.058s][debug][gc,humongous      ] GC(12) Live humongous region 142 object size 1048592 start 0x00000000e8e00000  with remset 0 code roots 0 is marked 0 reclaim candidate 0 type array 1
[2024-12-07T18:48:46.131+0800][2.058s][debug][gc,humongous      ] GC(12) Live humongous region 144 object size 1048592 start 0x00000000e9000000  with remset 0 code roots 0 is marked 0 reclaim candidate 0 type array 1
[2024-12-07T18:48:46.131+0800][2.058s][debug][gc,humongous      ] GC(12) Live humongous region 146 object size 1048592 start 0x00000000e9200000  with remset 0 code roots 0 is marked 0 reclaim candidate 0 type array 1
[2024-12-07T18:48:46.131+0800][2.058s][debug][gc,humongous      ] GC(12) Live humongous region 148 object size 1048592 start 0x00000000e9400000  with remset 0 code roots 0 is marked 0 reclaim candidate 0 type array 1
[2024-12-07T18:48:46.131+0800][2.058s][debug][gc,humongous      ] GC(12) Live humongous region 150 object size 1048592 start 0x00000000e9600000  with remset 0 code roots 0 is marked 0 reclaim candidate 0 type array 1
[2024-12-07T18:48:46.131+0800][2.058s][debug][gc,humongous      ] GC(12) Live humongous region 152 object size 1048592 start 0x00000000e9800000  with remset 0 code roots 0 is marked 0 reclaim candidate 0 type array 1
[2024-12-07T18:48:46.131+0800][2.058s][debug][gc,humongous      ] GC(12) Live humongous region 154 object size 1048592 start 0x00000000e9a00000  with remset 0 code roots 0 is marked 0 reclaim candidate 0 type array 1
[2024-12-07T18:48:46.131+0800][2.058s][debug][gc,humongous      ] GC(12) Live humongous region 156 object size 1048592 start 0x00000000e9c00000  with remset 0 code roots 0 is marked 0 reclaim candidate 0 type array 1
[2024-12-07T18:48:46.131+0800][2.058s][debug][gc,humongous      ] GC(12) Live humongous region 158 object size 1048592 start 0x00000000e9e00000  with remset 0 code roots 0 is marked 0 reclaim candidate 0 type array 1
[2024-12-07T18:48:46.131+0800][2.058s][debug][gc,humongous      ] GC(12) Live humongous region 160 object size 1048592 start 0x00000000ea000000  with remset 0 code roots 0 is marked 0 reclaim candidate 0 type array 1
[2024-12-07T18:48:46.131+0800][2.059s][debug][gc,humongous      ] GC(12) Live humongous region 162 object size 1048592 start 0x00000000ea200000  with remset 0 code roots 0 is marked 0 reclaim candidate 0 type array 1
[2024-12-07T18:48:46.132+0800][2.059s][debug][gc,humongous      ] GC(12) Live humongous region 164 object size 1048592 start 0x00000000ea400000  with remset 0 code roots 0 is marked 0 reclaim candidate 0 type array 1
[2024-12-07T18:48:46.132+0800][2.059s][debug][gc,humongous      ] GC(12) Live humongous region 166 object size 1048592 start 0x00000000ea600000  with remset 0 code roots 0 is marked 0 reclaim candidate 0 type array 1
[2024-12-07T18:48:46.132+0800][2.059s][debug][gc,humongous      ] GC(12) Live humongous region 168 object size 1048592 start 0x00000000ea800000  with remset 0 code roots 0 is marked 0 reclaim candidate 0 type array 1
[2024-12-07T18:48:46.132+0800][2.059s][debug][gc,humongous      ] GC(12) Live humongous region 170 object size 1048592 start 0x00000000eaa00000  with remset 0 code roots 0 is marked 0 reclaim candidate 0 type array 1
[2024-12-07T18:48:46.132+0800][2.059s][debug][gc,humongous      ] GC(12) Live humongous region 172 object size 1048592 start 0x00000000eac00000  with remset 0 code roots 0 is marked 0 reclaim candidate 0 type array 1
[2024-12-07T18:48:46.132+0800][2.059s][debug][gc,humongous      ] GC(12) Live humongous region 174 object size 1048592 start 0x00000000eae00000  with remset 0 code roots 0 is marked 0 reclaim candidate 0 type array 1
[2024-12-07T18:48:46.132+0800][2.059s][debug][gc,humongous      ] GC(12) Live humongous region 176 object size 1048592 start 0x00000000eb000000  with remset 0 code roots 0 is marked 0 reclaim candidate 0 type array 1
[2024-12-07T18:48:46.132+0800][2.059s][debug][gc,humongous      ] GC(12) Live humongous region 178 object size 1048592 start 0x00000000eb200000  with remset 0 code roots 0 is marked 0 reclaim candidate 0 type array 1
[2024-12-07T18:48:46.132+0800][2.059s][debug][gc,humongous      ] GC(12) Live humongous region 180 object size 1048592 start 0x00000000eb400000  with remset 0 code roots 0 is marked 0 reclaim candidate 0 type array 1
[2024-12-07T18:48:46.132+0800][2.060s][debug][gc,humongous      ] GC(12) Live humongous region 182 object size 1048592 start 0x00000000eb600000  with remset 0 code roots 0 is marked 0 reclaim candidate 0 type array 1
[2024-12-07T18:48:46.132+0800][2.060s][debug][gc,humongous      ] GC(12) Live humongous region 184 object size 1048592 start 0x00000000eb800000  with remset 0 code roots 0 is marked 0 reclaim candidate 0 type array 1
[2024-12-07T18:48:46.133+0800][2.060s][debug][gc,humongous      ] GC(12) Live humongous region 186 object size 1048592 start 0x00000000eba00000  with remset 0 code roots 0 is marked 0 reclaim candidate 0 type array 1
[2024-12-07T18:48:46.133+0800][2.060s][debug][gc,humongous      ] GC(12) Live humongous region 188 object size 1048592 start 0x00000000ebc00000  with remset 0 code roots 0 is marked 0 reclaim candidate 0 type array 1
[2024-12-07T18:48:46.133+0800][2.060s][debug][gc,humongous      ] GC(12) Live humongous region 190 object size 1048592 start 0x00000000ebe00000  with remset 0 code roots 0 is marked 0 reclaim candidate 0 type array 1
[2024-12-07T18:48:46.133+0800][2.060s][debug][gc,humongous      ] GC(12) Live humongous region 192 object size 1048592 start 0x00000000ec000000  with remset 0 code roots 0 is marked 0 reclaim candidate 0 type array 1
[2024-12-07T18:48:46.133+0800][2.060s][debug][gc,humongous      ] GC(12) Live humongous region 194 object size 1048592 start 0x00000000ec200000  with remset 0 code roots 0 is marked 0 reclaim candidate 0 type array 1
[2024-12-07T18:48:46.133+0800][2.060s][debug][gc,humongous      ] GC(12) Live humongous region 196 object size 1048592 start 0x00000000ec400000  with remset 0 code roots 0 is marked 0 reclaim candidate 0 type array 1
[2024-12-07T18:48:46.133+0800][2.060s][debug][gc,humongous      ] GC(12) Live humongous region 198 object size 1048592 start 0x00000000ec600000  with remset 0 code roots 0 is marked 0 reclaim candidate 0 type array 1
[2024-12-07T18:48:46.133+0800][2.060s][debug][gc,humongous      ] GC(12) Live humongous region 200 object size 1048592 start 0x00000000ec800000  with remset 0 code roots 0 is marked 0 reclaim candidate 0 type array 1
[2024-12-07T18:48:46.133+0800][2.061s][debug][gc,humongous      ] GC(12) Live humongous region 202 object size 1048592 start 0x00000000eca00000  with remset 0 code roots 0 is marked 0 reclaim candidate 0 type array 1
[2024-12-07T18:48:46.133+0800][2.061s][debug][gc,humongous      ] GC(12) Live humongous region 204 object size 1048592 start 0x00000000ecc00000  with remset 0 code roots 0 is marked 0 reclaim candidate 0 type array 1
[2024-12-07T18:48:46.134+0800][2.061s][debug][gc,humongous      ] GC(12) Live humongous region 206 object size 1048592 start 0x00000000ece00000  with remset 0 code roots 0 is marked 0 reclaim candidate 0 type array 1
[2024-12-07T18:48:46.134+0800][2.061s][debug][gc,humongous      ] GC(12) Live humongous region 208 object size 1048592 start 0x00000000ed000000  with remset 0 code roots 0 is marked 0 reclaim candidate 0 type array 1
[2024-12-07T18:48:46.134+0800][2.061s][debug][gc,humongous      ] GC(12) Live humongous region 210 object size 1048592 start 0x00000000ed200000  with remset 0 code roots 0 is marked 0 reclaim candidate 0 type array 1
[2024-12-07T18:48:46.134+0800][2.061s][debug][gc,humongous      ] GC(12) Live humongous region 212 object size 1048592 start 0x00000000ed400000  with remset 0 code roots 0 is marked 0 reclaim candidate 0 type array 1
[2024-12-07T18:48:46.134+0800][2.061s][debug][gc,humongous      ] GC(12) Live humongous region 214 object size 1048592 start 0x00000000ed600000  with remset 0 code roots 0 is marked 0 reclaim candidate 0 type array 1
[2024-12-07T18:48:46.134+0800][2.061s][debug][gc,humongous      ] GC(12) Live humongous region 216 object size 1048592 start 0x00000000ed800000  with remset 0 code roots 0 is marked 0 reclaim candidate 0 type array 1
[2024-12-07T18:48:46.134+0800][2.061s][debug][gc,humongous      ] GC(12) Live humongous region 218 object size 1048592 start 0x00000000eda00000  with remset 0 code roots 0 is marked 0 reclaim candidate 0 type array 1
[2024-12-07T18:48:46.134+0800][2.062s][debug][gc,humongous      ] GC(12) Live humongous region 220 object size 1048592 start 0x00000000edc00000  with remset 0 code roots 0 is marked 0 reclaim candidate 0 type array 1
[2024-12-07T18:48:46.134+0800][2.062s][debug][gc,humongous      ] GC(12) Live humongous region 222 object size 1048592 start 0x00000000ede00000  with remset 0 code roots 0 is marked 0 reclaim candidate 0 type array 1
[2024-12-07T18:48:46.134+0800][2.062s][debug][gc,humongous      ] GC(12) Live humongous region 224 object size 1048592 start 0x00000000ee000000  with remset 0 code roots 0 is marked 0 reclaim candidate 0 type array 1
[2024-12-07T18:48:46.135+0800][2.062s][debug][gc,humongous      ] GC(12) Live humongous region 226 object size 1048592 start 0x00000000ee200000  with remset 0 code roots 0 is marked 0 reclaim candidate 0 type array 1
[2024-12-07T18:48:46.135+0800][2.062s][debug][gc,humongous      ] GC(12) Live humongous region 228 object size 1048592 start 0x00000000ee400000  with remset 0 code roots 0 is marked 0 reclaim candidate 0 type array 1
[2024-12-07T18:48:46.135+0800][2.062s][debug][gc,humongous      ] GC(12) Live humongous region 230 object size 1048592 start 0x00000000ee600000  with remset 0 code roots 0 is marked 0 reclaim candidate 0 type array 1
[2024-12-07T18:48:46.135+0800][2.062s][debug][gc,humongous      ] GC(12) Live humongous region 232 object size 1048592 start 0x00000000ee800000  with remset 0 code roots 0 is marked 0 reclaim candidate 0 type array 1
[2024-12-07T18:48:46.135+0800][2.062s][debug][gc,humongous      ] GC(12) Live humongous region 234 object size 1048592 start 0x00000000eea00000  with remset 0 code roots 0 is marked 0 reclaim candidate 0 type array 1
[2024-12-07T18:48:46.135+0800][2.062s][debug][gc,humongous      ] GC(12) Live humongous region 236 object size 1048592 start 0x00000000eec00000  with remset 0 code roots 0 is marked 0 reclaim candidate 0 type array 1
[2024-12-07T18:48:46.135+0800][2.062s][debug][gc,humongous      ] GC(12) Live humongous region 238 object size 1048592 start 0x00000000eee00000  with remset 0 code roots 0 is marked 0 reclaim candidate 0 type array 1
[2024-12-07T18:48:46.135+0800][2.062s][debug][gc,humongous      ] GC(12) Live humongous region 240 object size 1048592 start 0x00000000ef000000  with remset 0 code roots 0 is marked 0 reclaim candidate 0 type array 1
[2024-12-07T18:48:46.135+0800][2.062s][debug][gc,humongous      ] GC(12) Live humongous region 242 object size 1048592 start 0x00000000ef200000  with remset 0 code roots 0 is marked 0 reclaim candidate 0 type array 1
[2024-12-07T18:48:46.135+0800][2.063s][debug][gc,humongous      ] GC(12) Live humongous region 244 object size 1048592 start 0x00000000ef400000  with remset 0 code roots 0 is marked 0 reclaim candidate 0 type array 1
[2024-12-07T18:48:46.135+0800][2.063s][debug][gc,humongous      ] GC(12) Live humongous region 246 object size 1048592 start 0x00000000ef600000  with remset 0 code roots 0 is marked 0 reclaim candidate 0 type array 1
[2024-12-07T18:48:46.136+0800][2.063s][debug][gc,humongous      ] GC(12) Live humongous region 248 object size 1048592 start 0x00000000ef800000  with remset 0 code roots 0 is marked 0 reclaim candidate 0 type array 1
[2024-12-07T18:48:46.136+0800][2.063s][debug][gc,humongous      ] GC(12) Live humongous region 250 object size 1048592 start 0x00000000efa00000  with remset 0 code roots 0 is marked 0 reclaim candidate 0 type array 1
[2024-12-07T18:48:46.136+0800][2.063s][debug][gc,humongous      ] GC(12) Live humongous region 252 object size 1048592 start 0x00000000efc00000  with remset 0 code roots 0 is marked 0 reclaim candidate 0 type array 1
[2024-12-07T18:48:46.136+0800][2.063s][debug][gc,humongous      ] GC(12) Live humongous region 254 object size 1048592 start 0x00000000efe00000  with remset 0 code roots 0 is marked 0 reclaim candidate 0 type array 1
[2024-12-07T18:48:46.136+0800][2.063s][debug][gc,humongous      ] GC(12) Live humongous region 256 object size 1048592 start 0x00000000f0000000  with remset 0 code roots 0 is marked 0 reclaim candidate 0 type array 1
[2024-12-07T18:48:46.136+0800][2.063s][debug][gc,humongous      ] GC(12) Live humongous region 258 object size 1048592 start 0x00000000f0200000  with remset 0 code roots 0 is marked 0 reclaim candidate 0 type array 1
[2024-12-07T18:48:46.136+0800][2.063s][debug][gc,humongous      ] GC(12) Live humongous region 260 object size 1048592 start 0x00000000f0400000  with remset 0 code roots 0 is marked 0 reclaim candidate 0 type array 1
[2024-12-07T18:48:46.136+0800][2.063s][debug][gc,humongous      ] GC(12) Live humongous region 262 object size 1048592 start 0x00000000f0600000  with remset 0 code roots 0 is marked 0 reclaim candidate 0 type array 1
[2024-12-07T18:48:46.136+0800][2.063s][debug][gc,humongous      ] GC(12) Live humongous region 264 object size 1048592 start 0x00000000f0800000  with remset 0 code roots 0 is marked 0 reclaim candidate 0 type array 1
[2024-12-07T18:48:46.136+0800][2.063s][debug][gc,humongous      ] GC(12) Live humongous region 266 object size 1048592 start 0x00000000f0a00000  with remset 0 code roots 0 is marked 0 reclaim candidate 0 type array 1
[2024-12-07T18:48:46.136+0800][2.064s][debug][gc,humongous      ] GC(12) Live humongous region 268 object size 1048592 start 0x00000000f0c00000  with remset 0 code roots 0 is marked 0 reclaim candidate 0 type array 1
[2024-12-07T18:48:46.136+0800][2.064s][debug][gc,humongous      ] GC(12) Live humongous region 270 object size 1048592 start 0x00000000f0e00000  with remset 0 code roots 0 is marked 0 reclaim candidate 0 type array 1
[2024-12-07T18:48:46.136+0800][2.064s][debug][gc,humongous      ] GC(12) Live humongous region 272 object size 1048592 start 0x00000000f1000000  with remset 0 code roots 0 is marked 0 reclaim candidate 0 type array 1
[2024-12-07T18:48:46.137+0800][2.064s][debug][gc,humongous      ] GC(12) Live humongous region 274 object size 1048592 start 0x00000000f1200000  with remset 0 code roots 0 is marked 0 reclaim candidate 0 type array 1
[2024-12-07T18:48:46.137+0800][2.064s][debug][gc,humongous      ] GC(12) Live humongous region 276 object size 1048592 start 0x00000000f1400000  with remset 0 code roots 0 is marked 0 reclaim candidate 0 type array 1
[2024-12-07T18:48:46.137+0800][2.064s][debug][gc,humongous      ] GC(12) Live humongous region 278 object size 1048592 start 0x00000000f1600000  with remset 0 code roots 0 is marked 0 reclaim candidate 0 type array 1
[2024-12-07T18:48:46.137+0800][2.064s][debug][gc,humongous      ] GC(12) Live humongous region 280 object size 1048592 start 0x00000000f1800000  with remset 0 code roots 0 is marked 0 reclaim candidate 0 type array 1
[2024-12-07T18:48:46.137+0800][2.064s][debug][gc,humongous      ] GC(12) Live humongous region 282 object size 1048592 start 0x00000000f1a00000  with remset 0 code roots 0 is marked 0 reclaim candidate 0 type array 1
[2024-12-07T18:48:46.137+0800][2.064s][debug][gc,humongous      ] GC(12) Live humongous region 284 object size 1048592 start 0x00000000f1c00000  with remset 0 code roots 0 is marked 0 reclaim candidate 0 type array 1
[2024-12-07T18:48:46.137+0800][2.064s][debug][gc,humongous      ] GC(12) Live humongous region 286 object size 1048592 start 0x00000000f1e00000  with remset 0 code roots 0 is marked 0 reclaim candidate 0 type array 1
[2024-12-07T18:48:46.137+0800][2.064s][debug][gc,humongous      ] GC(12) Live humongous region 288 object size 1048592 start 0x00000000f2000000  with remset 0 code roots 0 is marked 0 reclaim candidate 0 type array 1
[2024-12-07T18:48:46.137+0800][2.064s][debug][gc,humongous      ] GC(12) Live humongous region 290 object size 1048592 start 0x00000000f2200000  with remset 0 code roots 0 is marked 0 reclaim candidate 0 type array 1
[2024-12-07T18:48:46.137+0800][2.064s][debug][gc,humongous      ] GC(12) Live humongous region 292 object size 1048592 start 0x00000000f2400000  with remset 0 code roots 0 is marked 0 reclaim candidate 0 type array 1
[2024-12-07T18:48:46.137+0800][2.065s][debug][gc,humongous      ] GC(12) Live humongous region 294 object size 1048592 start 0x00000000f2600000  with remset 0 code roots 0 is marked 0 reclaim candidate 0 type array 1
[2024-12-07T18:48:46.137+0800][2.065s][debug][gc,humongous      ] GC(12) Live humongous region 296 object size 1048592 start 0x00000000f2800000  with remset 0 code roots 0 is marked 0 reclaim candidate 0 type array 1
[2024-12-07T18:48:46.138+0800][2.065s][debug][gc,humongous      ] GC(12) Live humongous region 298 object size 1048592 start 0x00000000f2a00000  with remset 0 code roots 0 is marked 0 reclaim candidate 0 type array 1
[2024-12-07T18:48:46.138+0800][2.065s][debug][gc,humongous      ] GC(12) Live humongous region 300 object size 1048592 start 0x00000000f2c00000  with remset 0 code roots 0 is marked 0 reclaim candidate 0 type array 1
[2024-12-07T18:48:46.138+0800][2.065s][debug][gc,humongous      ] GC(12) Live humongous region 302 object size 1048592 start 0x00000000f2e00000  with remset 0 code roots 0 is marked 0 reclaim candidate 0 type array 1
[2024-12-07T18:48:46.138+0800][2.065s][debug][gc,humongous      ] GC(12) Live humongous region 304 object size 1048592 start 0x00000000f3000000  with remset 0 code roots 0 is marked 0 reclaim candidate 0 type array 1
[2024-12-07T18:48:46.138+0800][2.065s][debug][gc,humongous      ] GC(12) Live humongous region 306 object size 1048592 start 0x00000000f3200000  with remset 0 code roots 0 is marked 0 reclaim candidate 0 type array 1
[2024-12-07T18:48:46.138+0800][2.065s][debug][gc,humongous      ] GC(12) Live humongous region 308 object size 1048592 start 0x00000000f3400000  with remset 0 code roots 0 is marked 0 reclaim candidate 0 type array 1
[2024-12-07T18:48:46.138+0800][2.065s][debug][gc,humongous      ] GC(12) Live humongous region 310 object size 1048592 start 0x00000000f3600000  with remset 0 code roots 0 is marked 0 reclaim candidate 0 type array 1
[2024-12-07T18:48:46.138+0800][2.065s][debug][gc,humongous      ] GC(12) Live humongous region 312 object size 1048592 start 0x00000000f3800000  with remset 0 code roots 0 is marked 0 reclaim candidate 0 type array 1
[2024-12-07T18:48:46.138+0800][2.065s][debug][gc,humongous      ] GC(12) Live humongous region 314 object size 1048592 start 0x00000000f3a00000  with remset 0 code roots 0 is marked 0 reclaim candidate 0 type array 1
[2024-12-07T18:48:46.138+0800][2.065s][debug][gc,humongous      ] GC(12) Live humongous region 316 object size 1048592 start 0x00000000f3c00000  with remset 0 code roots 0 is marked 0 reclaim candidate 0 type array 1
[2024-12-07T18:48:46.138+0800][2.066s][debug][gc,humongous      ] GC(12) Live humongous region 318 object size 1048592 start 0x00000000f3e00000  with remset 0 code roots 0 is marked 0 reclaim candidate 0 type array 1
[2024-12-07T18:48:46.138+0800][2.066s][debug][gc,humongous      ] GC(12) Live humongous region 320 object size 1048592 start 0x00000000f4000000  with remset 0 code roots 0 is marked 0 reclaim candidate 0 type array 1
[2024-12-07T18:48:46.138+0800][2.066s][debug][gc,humongous      ] GC(12) Live humongous region 322 object size 1048592 start 0x00000000f4200000  with remset 0 code roots 0 is marked 0 reclaim candidate 0 type array 1
[2024-12-07T18:48:46.139+0800][2.066s][debug][gc,humongous      ] GC(12) Live humongous region 324 object size 1048592 start 0x00000000f4400000  with remset 0 code roots 0 is marked 0 reclaim candidate 0 type array 1
[2024-12-07T18:48:46.139+0800][2.066s][debug][gc,humongous      ] GC(12) Live humongous region 326 object size 1048592 start 0x00000000f4600000  with remset 0 code roots 0 is marked 0 reclaim candidate 0 type array 1
[2024-12-07T18:48:46.139+0800][2.066s][debug][gc,humongous      ] GC(12) Live humongous region 328 object size 1048592 start 0x00000000f4800000  with remset 0 code roots 0 is marked 0 reclaim candidate 0 type array 1
[2024-12-07T18:48:46.139+0800][2.066s][debug][gc,humongous      ] GC(12) Live humongous region 330 object size 1048592 start 0x00000000f4a00000  with remset 0 code roots 0 is marked 0 reclaim candidate 0 type array 1
[2024-12-07T18:48:46.139+0800][2.066s][debug][gc,humongous      ] GC(12) Live humongous region 332 object size 1048592 start 0x00000000f4c00000  with remset 0 code roots 0 is marked 0 reclaim candidate 0 type array 1
[2024-12-07T18:48:46.139+0800][2.066s][debug][gc,humongous      ] GC(12) Live humongous region 334 object size 1048592 start 0x00000000f4e00000  with remset 0 code roots 0 is marked 0 reclaim candidate 0 type array 1
[2024-12-07T18:48:46.139+0800][2.066s][debug][gc,humongous      ] GC(12) Live humongous region 336 object size 1048592 start 0x00000000f5000000  with remset 0 code roots 0 is marked 0 reclaim candidate 0 type array 1
[2024-12-07T18:48:46.139+0800][2.066s][debug][gc,humongous      ] GC(12) Live humongous region 338 object size 1048592 start 0x00000000f5200000  with remset 0 code roots 0 is marked 0 reclaim candidate 0 type array 1
[2024-12-07T18:48:46.139+0800][2.066s][debug][gc,plab           ] GC(12) Young PLAB allocation: allocated: 392192B, wasted: 1856B, unused: 21840B, used: 368496B, undo waste: 0B, 
[2024-12-07T18:48:46.139+0800][2.066s][debug][gc,plab           ] GC(12) Young other allocation: region end waste: 0B, regions filled: 1, direct allocated: 69744B, failure used: 0B, failure wasted: 0B
[2024-12-07T18:48:46.139+0800][2.067s][debug][gc,plab           ] GC(12) Young sizing: calculated: 73696B, actual: 73656B
[2024-12-07T18:48:46.139+0800][2.067s][debug][gc,plab           ] GC(12) Old PLAB allocation: allocated: 0B, wasted: 0B, unused: 0B, used: 0B, undo waste: 0B, 
[2024-12-07T18:48:46.140+0800][2.067s][debug][gc,plab           ] GC(12) Old other allocation: region end waste: 0B, regions filled: 0, direct allocated: 0B, failure used: 0B, failure wasted: 0B
[2024-12-07T18:48:46.140+0800][2.067s][debug][gc,plab           ] GC(12) Old sizing: calculated: 0B, actual: 2064B
[2024-12-07T18:48:46.140+0800][2.067s][debug][gc,alloc,stats    ] Old generation allocation in the last mutator period, old gen allocated: 0B, humongous allocated: 20971520B,old gen growth: 20971520B.
[2024-12-07T18:48:46.140+0800][2.067s][debug][gc,ihop           ] GC(12) Basic information (value update), threshold: 236873318B (45.00), target occupancy: 526385152B, current occupancy: 357715056B, recent allocation size: 20971520B, recent allocation duration: 96.28ms, recent old gen allocation rate: 217827492.26B/s, recent marking phase length: 0.00ms
[2024-12-07T18:48:46.140+0800][2.067s][debug][gc,ihop           ] GC(12) Adaptive IHOP information (value update), threshold: 236873318B (51.91), internal target occupancy: 456340275B, occupancy: 357715056B, additional buffer size: 59768832B, predicted old gen allocation rate: 197733215.69B/s, predicted marking phase length: 0.00ms, prediction active: false
[2024-12-07T18:48:46.140+0800][2.067s][debug][gc,ergo,refine    ] GC(12) Updated Refinement Zones: green: 18, yellow: 54, red: 90
[2024-12-07T18:48:46.140+0800][2.068s][info ][gc,phases         ] GC(12)   Pre Evacuate Collection Set: 0.2ms
[2024-12-07T18:48:46.140+0800][2.068s][debug][gc,phases         ] GC(12)     Prepare TLABs: 0.1ms
[2024-12-07T18:48:46.140+0800][2.068s][debug][gc,phases         ] GC(12)     Choose Collection Set: 0.1ms
[2024-12-07T18:48:46.141+0800][2.068s][debug][gc,phases         ] GC(12)     Humongous Register: 0.0ms
[2024-12-07T18:48:46.141+0800][2.068s][debug][gc,phases         ] GC(12)     Clear Claimed Marks: 0.0ms
[2024-12-07T18:48:46.141+0800][2.068s][info ][gc,phases         ] GC(12)   Evacuate Collection Set: 4.5ms
[2024-12-07T18:48:46.141+0800][2.068s][debug][gc,phases         ] GC(12)     Ext Root Scanning (ms):   Min:  0.1, Avg:  0.3, Max:  0.7, Diff:  0.6, Sum:  3.6, Workers: 12
[2024-12-07T18:48:46.141+0800][2.068s][debug][gc,phases         ] GC(12)     Update RS (ms):           Min:  0.0, Avg:  0.2, Max:  0.6, Diff:  0.6, Sum:  2.8, Workers: 12
[2024-12-07T18:48:46.141+0800][2.068s][debug][gc,phases         ] GC(12)       Processed Buffers:        Min: 0, Avg:  1.0, Max: 2, Diff: 2, Sum: 12, Workers: 12
[2024-12-07T18:48:46.141+0800][2.068s][debug][gc,phases         ] GC(12)       Scanned Cards:            Min: 0, Avg: 18.5, Max: 45, Diff: 45, Sum: 222, Workers: 12
[2024-12-07T18:48:46.141+0800][2.068s][debug][gc,phases         ] GC(12)       Skipped Cards:            Min: 0, Avg:  5.9, Max: 16, Diff: 16, Sum: 71, Workers: 12
[2024-12-07T18:48:46.141+0800][2.068s][debug][gc,phases         ] GC(12)     Scan RS (ms):             Min:  0.0, Avg:  0.2, Max:  0.9, Diff:  0.9, Sum:  2.2, Workers: 12
[2024-12-07T18:48:46.141+0800][2.068s][debug][gc,phases         ] GC(12)       Scanned Cards:            Min: 0, Avg: 16.3, Max: 59, Diff: 59, Sum: 196, Workers: 12
[2024-12-07T18:48:46.141+0800][2.069s][debug][gc,phases         ] GC(12)       Claimed Cards:            Min: 0, Avg: 18.5, Max: 64, Diff: 64, Sum: 222, Workers: 12
[2024-12-07T18:48:46.141+0800][2.069s][debug][gc,phases         ] GC(12)       Skipped Cards:            Min: 0, Avg: 74.0, Max: 222, Diff: 222, Sum: 888, Workers: 12
[2024-12-07T18:48:46.142+0800][2.069s][debug][gc,phases         ] GC(12)     Code Root Scanning (ms):  Min:  0.0, Avg:  0.0, Max:  0.0, Diff:  0.0, Sum:  0.0, Workers: 12
[2024-12-07T18:48:46.142+0800][2.069s][debug][gc,phases         ] GC(12)     AOT Root Scanning (ms):   skipped
[2024-12-07T18:48:46.142+0800][2.069s][debug][gc,phases         ] GC(12)     Object Copy (ms):         Min:  0.0, Avg:  0.1, Max:  0.2, Diff:  0.2, Sum:  0.7, Workers: 12
[2024-12-07T18:48:46.142+0800][2.069s][debug][gc,phases         ] GC(12)     Termination (ms):         Min:  0.0, Avg:  0.6, Max:  0.7, Diff:  0.7, Sum:  7.1, Workers: 12
[2024-12-07T18:48:46.142+0800][2.069s][debug][gc,phases         ] GC(12)       Termination Attempts:     Min: 1, Avg:  4.1, Max: 11, Diff: 10, Sum: 49, Workers: 12
[2024-12-07T18:48:46.142+0800][2.069s][debug][gc,phases         ] GC(12)     GC Worker Other (ms):     Min:  0.2, Avg:  1.0, Max:  2.6, Diff:  2.4, Sum: 12.2, Workers: 12
[2024-12-07T18:48:46.142+0800][2.069s][debug][gc,phases         ] GC(12)     GC Worker Total (ms):     Min:  1.5, Avg:  2.4, Max:  3.9, Diff:  2.4, Sum: 28.7, Workers: 12
[2024-12-07T18:48:46.142+0800][2.069s][info ][gc,phases         ] GC(12)   Post Evacuate Collection Set: 16.4ms
[2024-12-07T18:48:46.142+0800][2.069s][debug][gc,phases         ] GC(12)     Code Roots Fixup: 0.0ms
[2024-12-07T18:48:46.142+0800][2.069s][debug][gc,phases         ] GC(12)     Clear Card Table: 0.6ms
[2024-12-07T18:48:46.142+0800][2.070s][debug][gc,phases         ] GC(12)     Reference Processing: 0.2ms
[2024-12-07T18:48:46.142+0800][2.070s][debug][gc,phases,ref     ] GC(12)       Reconsider SoftReferences: 0.1ms
[2024-12-07T18:48:46.142+0800][2.070s][debug][gc,phases,ref     ] GC(12)         SoftRef (ms):             skipped
[2024-12-07T18:48:46.143+0800][2.070s][debug][gc,phases,ref     ] GC(12)       Notify Soft/WeakReferences: 0.0ms
[2024-12-07T18:48:46.143+0800][2.070s][debug][gc,phases,ref     ] GC(12)         SoftRef (ms):             Min:  0.0, Avg:  0.0, Max:  0.0, Diff:  0.0, Sum:  0.0, Workers: 1
[2024-12-07T18:48:46.143+0800][2.070s][debug][gc,phases,ref     ] GC(12)         WeakRef (ms):             Min:  0.0, Avg:  0.0, Max:  0.0, Diff:  0.0, Sum:  0.0, Workers: 1
[2024-12-07T18:48:46.143+0800][2.070s][debug][gc,phases,ref     ] GC(12)         FinalRef (ms):            Min:  0.0, Avg:  0.0, Max:  0.0, Diff:  0.0, Sum:  0.0, Workers: 1
[2024-12-07T18:48:46.143+0800][2.070s][debug][gc,phases,ref     ] GC(12)         Total (ms):               Min:  0.0, Avg:  0.0, Max:  0.0, Diff:  0.0, Sum:  0.0, Workers: 1
[2024-12-07T18:48:46.143+0800][2.070s][debug][gc,phases,ref     ] GC(12)       Notify and keep alive finalizable: 0.1ms
[2024-12-07T18:48:46.143+0800][2.070s][debug][gc,phases,ref     ] GC(12)         FinalRef (ms):            skipped
[2024-12-07T18:48:46.143+0800][2.070s][debug][gc,phases,ref     ] GC(12)       Notify PhantomReferences: 0.0ms
[2024-12-07T18:48:46.143+0800][2.070s][debug][gc,phases,ref     ] GC(12)         PhantomRef (ms):          Min:  0.0, Avg:  0.0, Max:  0.0, Diff:  0.0, Sum:  0.0, Workers: 1
[2024-12-07T18:48:46.143+0800][2.070s][debug][gc,phases,ref     ] GC(12)       SoftReference:
[2024-12-07T18:48:46.143+0800][2.071s][debug][gc,phases,ref     ] GC(12)         Discovered: 0
[2024-12-07T18:48:46.143+0800][2.071s][debug][gc,phases,ref     ] GC(12)         Cleared: 0
[2024-12-07T18:48:46.143+0800][2.071s][debug][gc,phases,ref     ] GC(12)       WeakReference:
[2024-12-07T18:48:46.144+0800][2.071s][debug][gc,phases,ref     ] GC(12)         Discovered: 3
[2024-12-07T18:48:46.144+0800][2.071s][debug][gc,phases,ref     ] GC(12)         Cleared: 3
[2024-12-07T18:48:46.144+0800][2.071s][debug][gc,phases,ref     ] GC(12)       FinalReference:
[2024-12-07T18:48:46.144+0800][2.071s][debug][gc,phases,ref     ] GC(12)         Discovered: 0
[2024-12-07T18:48:46.144+0800][2.071s][debug][gc,phases,ref     ] GC(12)         Cleared: 0
[2024-12-07T18:48:46.144+0800][2.071s][debug][gc,phases,ref     ] GC(12)       PhantomReference:
[2024-12-07T18:48:46.144+0800][2.072s][debug][gc,phases,ref     ] GC(12)         Discovered: 5
[2024-12-07T18:48:46.144+0800][2.072s][debug][gc,phases,ref     ] GC(12)         Cleared: 5
[2024-12-07T18:48:46.144+0800][2.072s][debug][gc,phases         ] GC(12)     Weak Processing: 0.0ms
[2024-12-07T18:48:46.145+0800][2.072s][debug][gc,phases         ] GC(12)     Merge Per-Thread State: 0.0ms
[2024-12-07T18:48:46.145+0800][2.072s][debug][gc,phases         ] GC(12)     Code Roots Purge: 0.0ms
[2024-12-07T18:48:46.145+0800][2.072s][debug][gc,phases         ] GC(12)     Redirty Cards: 0.1ms
[2024-12-07T18:48:46.145+0800][2.072s][debug][gc,phases         ] GC(12)     DerivedPointerTable Update: 0.0ms
[2024-12-07T18:48:46.145+0800][2.072s][debug][gc,phases         ] GC(12)     Free Collection Set: 0.1ms
[2024-12-07T18:48:46.145+0800][2.072s][debug][gc,phases         ] GC(12)     Humongous Reclaim: 15.3ms
[2024-12-07T18:48:46.145+0800][2.072s][debug][gc,phases         ] GC(12)     Start New Collection Set: 0.0ms
[2024-12-07T18:48:46.145+0800][2.072s][debug][gc,phases         ] GC(12)     Resize TLABs: 0.0ms
[2024-12-07T18:48:46.145+0800][2.072s][debug][gc,phases         ] GC(12)     Expand Heap After Collection: 0.0ms
[2024-12-07T18:48:46.145+0800][2.072s][info ][gc,phases         ] GC(12)   Other: 2.6ms
[2024-12-07T18:48:46.145+0800][2.073s][info ][gc,heap           ] GC(12) Eden regions: 1->0(56)
[2024-12-07T18:48:46.145+0800][2.073s][info ][gc,heap           ] GC(12) Survivor regions: 1->1(9)
[2024-12-07T18:48:46.145+0800][2.073s][info ][gc,heap           ] GC(12) Old regions: 2->2
[2024-12-07T18:48:46.146+0800][2.073s][info ][gc,heap           ] GC(12) Humongous regions: 340->340
[2024-12-07T18:48:46.146+0800][2.073s][info ][gc,metaspace      ] GC(12) Metaspace: 554K(4864K)->554K(4864K) NonClass: 507K(4352K)->507K(4352K) Class: 46K(512K)->46K(512K)
[2024-12-07T18:48:46.146+0800][2.073s][debug][gc,heap           ] GC(12) Heap after GC invocations=13 (full 0): garbage-first heap   total 516096K, used 349331K [0x00000000e0000000, 0x0000000100000000)
[2024-12-07T18:48:46.146+0800][2.073s][debug][gc,heap           ] GC(12)   region size 1024K, 1 young (1024K), 1 survivors (1024K)
[2024-12-07T18:48:46.146+0800][2.073s][debug][gc,heap           ] GC(12)  Metaspace       used 554K, capacity 4570K, committed 4864K, reserved 1056768K
[2024-12-07T18:48:46.146+0800][2.073s][debug][gc,heap           ] GC(12)   class space    used 46K, capacity 419K, committed 512K, reserved 1048576K
[2024-12-07T18:48:46.146+0800][2.073s][info ][gc                ] GC(12) Pause Young (Concurrent Start) (G1 Humongous Allocation) 341M->341M(504M) 28.590ms
[2024-12-07T18:48:46.146+0800][2.073s][info ][gc,cpu            ] GC(12) User=0.01s Sys=0.00s Real=0.03s
[2024-12-07T18:48:46.146+0800][2.073s][info ][gc                ] GC(13) Concurrent Cycle
[2024-12-07T18:48:46.146+0800][2.074s][info ][gc,marking        ] GC(13) Concurrent Clear Claimed Marks
[2024-12-07T18:48:46.146+0800][2.074s][info ][gc,marking        ] GC(13) Concurrent Clear Claimed Marks 0.088ms
[2024-12-07T18:48:46.147+0800][2.074s][info ][gc,marking        ] GC(13) Concurrent Scan Root Regions
[2024-12-07T18:48:46.147+0800][2.074s][debug][gc,ergo           ] GC(13) Running G1 Root Region Scan using 1 workers for 1 work units.
[2024-12-07T18:48:46.147+0800][2.074s][info ][gc,marking        ] GC(13) Concurrent Scan Root Regions 0.472ms
[2024-12-07T18:48:46.147+0800][2.074s][info ][gc,marking        ] GC(13) Concurrent Mark (2.074s)
[2024-12-07T18:48:46.147+0800][2.074s][info ][gc,marking        ] GC(13) Concurrent Mark From Roots
[2024-12-07T18:48:46.147+0800][2.074s][info ][gc,task           ] GC(13) Using 5 workers of 5 for marking
[2024-12-07T18:48:46.148+0800][2.075s][debug][gc,stats          ] ---------------------------------------------------------------------
[2024-12-07T18:48:46.148+0800][2.075s][debug][gc,stats          ] Marking Stats, task = 0, calls = 28
[2024-12-07T18:48:46.148+0800][2.075s][debug][gc,stats          ]   Elapsed time = 0.45ms, Termination time = 0.00ms
[2024-12-07T18:48:46.148+0800][2.075s][debug][gc,stats          ]   Step Times (cum): num = 646, avg = 0.01ms, sd = 0.16ms max = 2.98ms, total = 6.21ms
[2024-12-07T18:48:46.148+0800][2.075s][debug][gc,stats          ]   Mark Stats Cache: hits 4488 misses 171 ratio 96.330
[2024-12-07T18:48:46.148+0800][2.076s][debug][gc,stats          ] ---------------------------------------------------------------------
[2024-12-07T18:48:46.149+0800][2.076s][debug][gc,stats          ] Marking Stats, task = 1, calls = 33
[2024-12-07T18:48:46.149+0800][2.076s][debug][gc,stats          ]   Elapsed time = 0.44ms, Termination time = 0.00ms
[2024-12-07T18:48:46.149+0800][2.076s][debug][gc,stats          ]   Step Times (cum): num = 177, avg = 0.04ms, sd = 0.31ms max = 3.12ms, total = 6.34ms
[2024-12-07T18:48:46.149+0800][2.076s][debug][gc,stats          ]   Mark Stats Cache: hits 563 misses 2 ratio 99.646
[2024-12-07T18:48:46.149+0800][2.076s][debug][gc,stats          ] ---------------------------------------------------------------------
[2024-12-07T18:48:46.149+0800][2.076s][debug][gc,stats          ] Marking Stats, task = 2, calls = 1
[2024-12-07T18:48:46.149+0800][2.076s][debug][gc,stats          ]   Elapsed time = 0.42ms, Termination time = 0.00ms
[2024-12-07T18:48:46.149+0800][2.076s][debug][gc,stats          ]   Step Times (cum): num = 243, avg = 0.03ms, sd = 0.26ms max = 2.97ms, total = 6.26ms
[2024-12-07T18:48:46.149+0800][2.076s][debug][gc,stats          ]   Mark Stats Cache: hits 4268 misses 2 ratio 99.953
[2024-12-07T18:48:46.149+0800][2.077s][debug][gc,stats          ] ---------------------------------------------------------------------
[2024-12-07T18:48:46.149+0800][2.077s][debug][gc,stats          ] Marking Stats, task = 3, calls = 36
[2024-12-07T18:48:46.149+0800][2.077s][debug][gc,stats          ]   Elapsed time = 0.43ms, Termination time = 0.00ms
[2024-12-07T18:48:46.150+0800][2.077s][debug][gc,stats          ]   Step Times (cum): num = 247, avg = 0.02ms, sd = 0.26ms max = 2.97ms, total = 6.14ms
[2024-12-07T18:48:46.150+0800][2.077s][debug][gc,stats          ]   Mark Stats Cache: hits 577 misses 2 ratio 99.655
[2024-12-07T18:48:46.150+0800][2.077s][debug][gc,stats          ] ---------------------------------------------------------------------
[2024-12-07T18:48:46.150+0800][2.077s][debug][gc,stats          ] Marking Stats, task = 4, calls = 34
[2024-12-07T18:48:46.150+0800][2.077s][debug][gc,stats          ]   Elapsed time = 0.42ms, Termination time = 0.00ms
[2024-12-07T18:48:46.150+0800][2.077s][debug][gc,stats          ]   Step Times (cum): num = 225, avg = 0.03ms, sd = 0.27ms max = 2.97ms, total = 6.12ms
[2024-12-07T18:48:46.150+0800][2.077s][debug][gc,stats          ]   Mark Stats Cache: hits 589 misses 1 ratio 99.831
[2024-12-07T18:48:46.150+0800][2.077s][debug][gc,stats          ] ---------------------------------------------------------------------
[2024-12-07T18:48:46.150+0800][2.078s][info ][gc,marking        ] GC(13) Concurrent Mark From Roots 3.197ms
[2024-12-07T18:48:46.150+0800][2.078s][info ][gc,marking        ] GC(13) Concurrent Preclean
[2024-12-07T18:48:46.151+0800][2.078s][debug][gc,ref,start      ] GC(13) Preclean SoftReferences
[2024-12-07T18:48:46.151+0800][2.078s][debug][gc,ref            ] GC(13) Preclean SoftReferences 0.110ms
[2024-12-07T18:48:46.151+0800][2.078s][debug][gc,ref,start      ] GC(13) Preclean WeakReferences
[2024-12-07T18:48:46.151+0800][2.078s][debug][gc,ref            ] GC(13) Preclean WeakReferences 0.097ms
[2024-12-07T18:48:46.151+0800][2.078s][debug][gc,ref,start      ] GC(13) Preclean FinalReferences
[2024-12-07T18:48:46.151+0800][2.078s][debug][gc,ref            ] GC(13) Preclean FinalReferences 0.132ms
[2024-12-07T18:48:46.151+0800][2.078s][debug][gc,ref,start      ] GC(13) Preclean PhantomReferences
[2024-12-07T18:48:46.151+0800][2.078s][debug][gc,ref            ] GC(13) Preclean PhantomReferences 0.099ms
[2024-12-07T18:48:46.151+0800][2.079s][info ][gc,marking        ] GC(13) Concurrent Preclean 0.897ms
[2024-12-07T18:48:46.151+0800][2.079s][info ][gc,marking        ] GC(13) Concurrent Mark (2.074s, 2.079s) 4.355ms
[2024-12-07T18:48:46.152+0800][2.079s][info ][gc,start          ] GC(13) Pause Remark
[2024-12-07T18:48:46.152+0800][2.079s][debug][gc,phases,start   ] GC(13) Finalize Marking
[2024-12-07T18:48:46.153+0800][2.080s][debug][gc,stats          ] ---------------------------------------------------------------------
[2024-12-07T18:48:46.153+0800][2.080s][debug][gc,stats          ] Marking Stats, task = 0, calls = 101
[2024-12-07T18:48:46.153+0800][2.080s][debug][gc,stats          ]   Elapsed time = 0.44ms, Termination time = 0.00ms
[2024-12-07T18:48:46.153+0800][2.080s][debug][gc,stats          ]   Step Times (cum): num = 719, avg = 0.01ms, sd = 0.15ms max = 2.98ms, total = 6.21ms
[2024-12-07T18:48:46.153+0800][2.080s][debug][gc,stats          ]   Mark Stats Cache: hits 4488 misses 171 ratio 96.330
[2024-12-07T18:48:46.153+0800][2.080s][debug][gc,stats          ] ---------------------------------------------------------------------
[2024-12-07T18:48:46.153+0800][2.080s][debug][gc,stats          ] Marking Stats, task = 1, calls = 34
[2024-12-07T18:48:46.153+0800][2.080s][debug][gc,stats          ]   Elapsed time = 0.43ms, Termination time = 0.00ms
[2024-12-07T18:48:46.153+0800][2.080s][debug][gc,stats          ]   Step Times (cum): num = 178, avg = 0.04ms, sd = 0.31ms max = 3.12ms, total = 6.34ms
[2024-12-07T18:48:46.153+0800][2.081s][debug][gc,stats          ]   Mark Stats Cache: hits 563 misses 2 ratio 99.646
[2024-12-07T18:48:46.153+0800][2.081s][debug][gc,stats          ] ---------------------------------------------------------------------
[2024-12-07T18:48:46.153+0800][2.081s][debug][gc,stats          ] Marking Stats, task = 2, calls = 2
[2024-12-07T18:48:46.154+0800][2.081s][debug][gc,stats          ]   Elapsed time = 0.44ms, Termination time = 0.00ms
[2024-12-07T18:48:46.154+0800][2.081s][debug][gc,stats          ]   Step Times (cum): num = 244, avg = 0.03ms, sd = 0.26ms max = 2.97ms, total = 6.26ms
[2024-12-07T18:48:46.154+0800][2.081s][debug][gc,stats          ]   Mark Stats Cache: hits 4268 misses 2 ratio 99.953
[2024-12-07T18:48:46.154+0800][2.081s][debug][gc,stats          ] ---------------------------------------------------------------------
[2024-12-07T18:48:46.154+0800][2.081s][debug][gc,stats          ] Marking Stats, task = 3, calls = 37
[2024-12-07T18:48:46.154+0800][2.081s][debug][gc,stats          ]   Elapsed time = 0.43ms, Termination time = 0.00ms
[2024-12-07T18:48:46.154+0800][2.081s][debug][gc,stats          ]   Step Times (cum): num = 248, avg = 0.02ms, sd = 0.25ms max = 2.97ms, total = 6.14ms
[2024-12-07T18:48:46.154+0800][2.081s][debug][gc,stats          ]   Mark Stats Cache: hits 577 misses 2 ratio 99.655
[2024-12-07T18:48:46.154+0800][2.081s][debug][gc,stats          ] ---------------------------------------------------------------------
[2024-12-07T18:48:46.154+0800][2.081s][debug][gc,stats          ] Marking Stats, task = 4, calls = 35
[2024-12-07T18:48:46.154+0800][2.082s][debug][gc,stats          ]   Elapsed time = 0.43ms, Termination time = 0.00ms
[2024-12-07T18:48:46.154+0800][2.082s][debug][gc,stats          ]   Step Times (cum): num = 226, avg = 0.03ms, sd = 0.27ms max = 2.97ms, total = 6.12ms
[2024-12-07T18:48:46.155+0800][2.082s][debug][gc,stats          ]   Mark Stats Cache: hits 589 misses 1 ratio 99.831
[2024-12-07T18:48:46.155+0800][2.082s][debug][gc,stats          ] ---------------------------------------------------------------------
[2024-12-07T18:48:46.155+0800][2.082s][debug][gc,stats          ] Marking Stats, task = 5, calls = 1
[2024-12-07T18:48:46.155+0800][2.082s][debug][gc,stats          ]   Elapsed time = 0.43ms, Termination time = 0.00ms
[2024-12-07T18:48:46.155+0800][2.082s][debug][gc,stats          ]   Step Times (cum): num = 7, avg = 0.87ms, sd = 1.25ms max = 3.00ms, total = 6.11ms
[2024-12-07T18:48:46.155+0800][2.082s][debug][gc,stats          ]   Mark Stats Cache: hits 0 misses 0 ratio 0.000
[2024-12-07T18:48:46.155+0800][2.082s][debug][gc,stats          ] ---------------------------------------------------------------------
[2024-12-07T18:48:46.155+0800][2.082s][debug][gc,stats          ] Marking Stats, task = 6, calls = 1
[2024-12-07T18:48:46.155+0800][2.082s][debug][gc,stats          ]   Elapsed time = 0.40ms, Termination time = 0.20ms
[2024-12-07T18:48:46.155+0800][2.082s][debug][gc,stats          ]   Step Times (cum): num = 7, avg = 0.89ms, sd = 1.24ms max = 3.04ms, total = 6.26ms
[2024-12-07T18:48:46.155+0800][2.083s][debug][gc,stats          ]   Mark Stats Cache: hits 0 misses 0 ratio 0.000
[2024-12-07T18:48:46.155+0800][2.083s][debug][gc,stats          ] ---------------------------------------------------------------------
[2024-12-07T18:48:46.155+0800][2.083s][debug][gc,stats          ] Marking Stats, task = 7, calls = 1
[2024-12-07T18:48:46.156+0800][2.083s][debug][gc,stats          ]   Elapsed time = 0.45ms, Termination time = 0.20ms
[2024-12-07T18:48:46.156+0800][2.083s][debug][gc,stats          ]   Step Times (cum): num = 7, avg = 0.88ms, sd = 1.21ms max = 2.98ms, total = 6.19ms
[2024-12-07T18:48:46.156+0800][2.083s][debug][gc,stats          ]   Mark Stats Cache: hits 0 misses 0 ratio 0.000
[2024-12-07T18:48:46.156+0800][2.083s][debug][gc,stats          ] ---------------------------------------------------------------------
[2024-12-07T18:48:46.156+0800][2.083s][debug][gc,stats          ] Marking Stats, task = 8, calls = 1
[2024-12-07T18:48:46.156+0800][2.083s][debug][gc,stats          ]   Elapsed time = 0.43ms, Termination time = 0.00ms
[2024-12-07T18:48:46.156+0800][2.083s][debug][gc,stats          ]   Step Times (cum): num = 7, avg = 0.88ms, sd = 1.23ms max = 2.98ms, total = 6.16ms
[2024-12-07T18:48:46.156+0800][2.083s][debug][gc,stats          ]   Mark Stats Cache: hits 0 misses 0 ratio 0.000
[2024-12-07T18:48:46.156+0800][2.084s][debug][gc,stats          ] ---------------------------------------------------------------------
[2024-12-07T18:48:46.156+0800][2.084s][debug][gc,stats          ] Marking Stats, task = 9, calls = 1
[2024-12-07T18:48:46.157+0800][2.084s][debug][gc,stats          ]   Elapsed time = 0.47ms, Termination time = 0.19ms
[2024-12-07T18:48:46.157+0800][2.084s][debug][gc,stats          ]   Step Times (cum): num = 7, avg = 0.84ms, sd = 1.16ms max = 2.72ms, total = 5.90ms
[2024-12-07T18:48:46.157+0800][2.084s][debug][gc,stats          ]   Mark Stats Cache: hits 0 misses 0 ratio 0.000
[2024-12-07T18:48:46.157+0800][2.084s][debug][gc,stats          ] ---------------------------------------------------------------------
[2024-12-07T18:48:46.157+0800][2.084s][debug][gc,stats          ] Marking Stats, task = 10, calls = 1
[2024-12-07T18:48:46.157+0800][2.084s][debug][gc,stats          ]   Elapsed time = 0.04ms, Termination time = 0.00ms
[2024-12-07T18:48:46.157+0800][2.084s][debug][gc,stats          ]   Step Times (cum): num = 7, avg = 0.03ms, sd = 0.07ms max = 0.21ms, total = 0.21ms
[2024-12-07T18:48:46.157+0800][2.085s][debug][gc,stats          ]   Mark Stats Cache: hits 0 misses 0 ratio 0.000
[2024-12-07T18:48:46.157+0800][2.085s][debug][gc,stats          ] ---------------------------------------------------------------------
[2024-12-07T18:48:46.157+0800][2.085s][debug][gc,stats          ] Marking Stats, task = 11, calls = 1
[2024-12-07T18:48:46.158+0800][2.085s][debug][gc,stats          ]   Elapsed time = 0.00ms, Termination time = 0.00ms
[2024-12-07T18:48:46.158+0800][2.085s][debug][gc,stats          ]   Step Times (cum): num = 7, avg = 0.00ms, sd = 0.00ms max = 0.00ms, total = 0.00ms
[2024-12-07T18:48:46.158+0800][2.085s][debug][gc,stats          ]   Mark Stats Cache: hits 0 misses 0 ratio 0.000
[2024-12-07T18:48:46.158+0800][2.085s][debug][gc,stats          ] ---------------------------------------------------------------------
[2024-12-07T18:48:46.158+0800][2.085s][debug][gc,phases         ] GC(13) Finalize Marking 6.038ms
[2024-12-07T18:48:46.158+0800][2.085s][debug][gc,phases,start   ] GC(13) Reference Processing
[2024-12-07T18:48:46.158+0800][2.085s][debug][gc,ref            ] GC(13) Skipped phase1 of Reference Processing due to unavailable references
[2024-12-07T18:48:46.158+0800][2.085s][debug][gc,ref            ] GC(13) Skipped phase2 of Reference Processing due to unavailable references
[2024-12-07T18:48:46.158+0800][2.085s][debug][gc,ref            ] GC(13) Skipped phase3 of Reference Processing due to unavailable references
[2024-12-07T18:48:46.158+0800][2.085s][debug][gc,ref            ] GC(13) Skipped phase4 of Reference Processing due to unavailable references
[2024-12-07T18:48:46.158+0800][2.086s][debug][gc,phases,ref     ] GC(13) Reference Processing: 0.3ms
[2024-12-07T18:48:46.158+0800][2.086s][debug][gc,phases,ref     ] GC(13)   Reconsider SoftReferences: 0.1ms
[2024-12-07T18:48:46.158+0800][2.086s][debug][gc,phases,ref     ] GC(13)     SoftRef (ms):             skipped
[2024-12-07T18:48:46.159+0800][2.086s][debug][gc,phases,ref     ] GC(13)   Notify Soft/WeakReferences: 0.1ms
[2024-12-07T18:48:46.159+0800][2.086s][debug][gc,phases,ref     ] GC(13)     SoftRef (ms):             skipped
[2024-12-07T18:48:46.159+0800][2.086s][debug][gc,phases,ref     ] GC(13)     WeakRef (ms):             skipped
[2024-12-07T18:48:46.159+0800][2.086s][debug][gc,phases,ref     ] GC(13)     FinalRef (ms):            skipped
[2024-12-07T18:48:46.159+0800][2.086s][debug][gc,phases,ref     ] GC(13)     Total (ms):               skipped
[2024-12-07T18:48:46.159+0800][2.086s][debug][gc,phases,ref     ] GC(13)   Notify and keep alive finalizable: 0.1ms
[2024-12-07T18:48:46.159+0800][2.086s][debug][gc,phases,ref     ] GC(13)     FinalRef (ms):            skipped
[2024-12-07T18:48:46.159+0800][2.086s][debug][gc,phases,ref     ] GC(13)   Notify PhantomReferences: 0.1ms
[2024-12-07T18:48:46.159+0800][2.086s][debug][gc,phases,ref     ] GC(13)     PhantomRef (ms):          skipped
[2024-12-07T18:48:46.159+0800][2.087s][debug][gc,phases,ref     ] GC(13)   SoftReference:
[2024-12-07T18:48:46.159+0800][2.087s][debug][gc,phases,ref     ] GC(13)     Discovered: 0
[2024-12-07T18:48:46.159+0800][2.087s][debug][gc,phases,ref     ] GC(13)     Cleared: 0
[2024-12-07T18:48:46.160+0800][2.087s][debug][gc,phases,ref     ] GC(13)   WeakReference:
[2024-12-07T18:48:46.160+0800][2.087s][debug][gc,phases,ref     ] GC(13)     Discovered: 0
[2024-12-07T18:48:46.160+0800][2.087s][debug][gc,phases,ref     ] GC(13)     Cleared: 0
[2024-12-07T18:48:46.160+0800][2.087s][debug][gc,phases,ref     ] GC(13)   FinalReference:
[2024-12-07T18:48:46.160+0800][2.087s][debug][gc,phases,ref     ] GC(13)     Discovered: 0
[2024-12-07T18:48:46.160+0800][2.087s][debug][gc,phases,ref     ] GC(13)     Cleared: 0
[2024-12-07T18:48:46.160+0800][2.088s][debug][gc,phases,ref     ] GC(13)   PhantomReference:
[2024-12-07T18:48:46.161+0800][2.088s][debug][gc,phases,ref     ] GC(13)     Discovered: 0
[2024-12-07T18:48:46.161+0800][2.088s][debug][gc,phases,ref     ] GC(13)     Cleared: 0
[2024-12-07T18:48:46.161+0800][2.088s][debug][gc,phases         ] GC(13) Reference Processing 2.780ms
[2024-12-07T18:48:46.161+0800][2.088s][debug][gc,phases,start   ] GC(13) Weak Processing
[2024-12-07T18:48:46.161+0800][2.088s][debug][gc,phases         ] GC(13) Weak Processing 0.109ms
[2024-12-07T18:48:46.161+0800][2.088s][debug][gc,phases,start   ] GC(13) Class Unloading
[2024-12-07T18:48:46.161+0800][2.088s][debug][gc,phases,start   ] GC(13) ClassLoaderData
[2024-12-07T18:48:46.161+0800][2.089s][debug][gc,phases         ] GC(13) ClassLoaderData 0.167ms
[2024-12-07T18:48:46.162+0800][2.089s][debug][gc,phases,start   ] GC(13) ProtectionDomainCacheTable
[2024-12-07T18:48:46.162+0800][2.089s][debug][gc,phases         ] GC(13) ProtectionDomainCacheTable 0.145ms
[2024-12-07T18:48:46.162+0800][2.089s][info ][gc,stringtable    ] GC(13) Cleaned string and symbol table, strings: 39 processed, 0 removed, symbols: 191 processed, 0 removed
[2024-12-07T18:48:46.162+0800][2.089s][debug][gc,phases         ] GC(13) Class Unloading 1.228ms
[2024-12-07T18:48:46.162+0800][2.090s][debug][gc,phases,start   ] GC(13) Flush Task Caches
[2024-12-07T18:48:46.163+0800][2.090s][debug][gc,stats          ] Mark stats cache hits 10485 misses 178 ratio 98.331
[2024-12-07T18:48:46.163+0800][2.090s][debug][gc,phases         ] GC(13) Flush Task Caches 0.306ms
[2024-12-07T18:48:46.163+0800][2.090s][debug][gc,phases,start   ] GC(13) Update Remembered Set Tracking Before Rebuild
[2024-12-07T18:48:46.163+0800][2.090s][debug][gc,ergo           ] GC(13) Running G1 Update RemSet Tracking Before Rebuild using 2 workers for 504 regions in heap
[2024-12-07T18:48:46.163+0800][2.090s][debug][gc,remset,tracking] GC(13) Remembered Set Tracking update regions total 504, selected 0
[2024-12-07T18:48:46.163+0800][2.090s][debug][gc,phases         ] GC(13) Update Remembered Set Tracking Before Rebuild 0.405ms
[2024-12-07T18:48:46.163+0800][2.091s][debug][gc,phases,start   ] GC(13) Reclaim Empty Regions
[2024-12-07T18:48:46.163+0800][2.091s][debug][gc,phases         ] GC(13) Reclaim Empty Regions 0.166ms
[2024-12-07T18:48:46.164+0800][2.091s][debug][gc,phases,start   ] GC(13) Purge Metaspace
[2024-12-07T18:48:46.164+0800][2.091s][debug][gc,phases         ] GC(13) Purge Metaspace 0.104ms
[2024-12-07T18:48:46.164+0800][2.091s][debug][gc,phases,start   ] GC(13) Report Object Count
[2024-12-07T18:48:46.164+0800][2.091s][debug][gc,phases         ] GC(13) Report Object Count 0.379ms
[2024-12-07T18:48:46.164+0800][2.092s][info ][gc                ] GC(13) Pause Remark 361M->361M(504M) 12.687ms
[2024-12-07T18:48:46.164+0800][2.092s][info ][gc,cpu            ] GC(13) User=0.01s Sys=0.00s Real=0.01s
[2024-12-07T18:48:46.165+0800][2.092s][info ][gc,marking        ] GC(13) Concurrent Rebuild Remembered Sets
[2024-12-07T18:48:46.165+0800][2.092s][info ][gc,marking        ] GC(13) Concurrent Rebuild Remembered Sets 0.279ms
[2024-12-07T18:48:46.165+0800][2.092s][info ][gc,start          ] GC(13) Pause Cleanup
[2024-12-07T18:48:46.165+0800][2.092s][debug][gc,phases,start   ] GC(13) Update Remembered Set Tracking After Rebuild
[2024-12-07T18:48:46.165+0800][2.093s][debug][gc,phases         ] GC(13) Update Remembered Set Tracking After Rebuild 0.167ms
[2024-12-07T18:48:46.165+0800][2.093s][debug][gc,phases,start   ] GC(13) Finalize Concurrent Mark Cleanup
[2024-12-07T18:48:46.166+0800][2.093s][debug][gc,ergo           ] GC(13) request young-only gcs (candidate old regions not available)
[2024-12-07T18:48:46.166+0800][2.093s][debug][gc,phases         ] GC(13) Finalize Concurrent Mark Cleanup 0.285ms
[2024-12-07T18:48:46.166+0800][2.093s][info ][gc                ] GC(13) Pause Cleanup 361M->361M(504M) 0.790ms
[2024-12-07T18:48:46.166+0800][2.093s][info ][gc,cpu            ] GC(13) User=0.00s Sys=0.00s Real=0.00s
[2024-12-07T18:48:46.166+0800][2.093s][info ][gc,marking        ] GC(13) Concurrent Cleanup for Next Mark
[2024-12-07T18:48:46.166+0800][2.093s][debug][gc,ergo           ] GC(13) Running G1 Clear Bitmap with 5 workers for 8 work units.
[2024-12-07T18:48:46.166+0800][2.094s][info ][gc,marking        ] GC(13) Concurrent Cleanup for Next Mark 0.300ms
[2024-12-07T18:48:46.166+0800][2.094s][info ][gc                ] GC(13) Concurrent Cycle 20.166ms
[2024-12-07T18:48:46.252+0800][2.179s][debug][gc,ergo,ihop      ] Request concurrent cycle initiation (occupancy higher than threshold) occupancy: 379584512B allocation request: 1048592B threshold: 236873318B (44.82) source: concurrent humongous allocation
[2024-12-07T18:48:46.252+0800][2.179s][debug][gc,ergo           ] Request concurrent cycle initiation (requested by GC cause). GC cause: G1 Humongous Allocation
[2024-12-07T18:48:46.252+0800][2.180s][debug][gc,heap           ] GC(14) Heap before GC invocations=14 (full 0): garbage-first heap   total 516096K, used 369811K [0x00000000e0000000, 0x0000000100000000)
[2024-12-07T18:48:46.252+0800][2.180s][debug][gc,heap           ] GC(14)   region size 1024K, 2 young (2048K), 1 survivors (1024K)
[2024-12-07T18:48:46.253+0800][2.180s][debug][gc,heap           ] GC(14)  Metaspace       used 554K, capacity 4570K, committed 4864K, reserved 1056768K
[2024-12-07T18:48:46.253+0800][2.180s][debug][gc,heap           ] GC(14)   class space    used 46K, capacity 419K, committed 512K, reserved 1048576K
[2024-12-07T18:48:46.253+0800][2.180s][debug][gc,ergo           ] GC(14) Initiate concurrent cycle (concurrent cycle initiation requested)
[2024-12-07T18:48:46.253+0800][2.180s][info ][gc,start          ] GC(14) Pause Young (Concurrent Start) (G1 Humongous Allocation)
[2024-12-07T18:48:46.253+0800][2.180s][info ][gc,task           ] GC(14) Using 12 workers of 18 for evacuation
[2024-12-07T18:48:46.253+0800][2.180s][debug][gc,tlab           ] GC(14) TLAB totals: thrds: 1  refills: 1 max: 1 slow allocs: 1 max 1 waste: 100.0% gc: 524128B max: 524128B slow: 0B max: 0B fast: 0B max: 0B
[2024-12-07T18:48:46.253+0800][2.180s][debug][gc,alloc,region   ] GC(14) Mutator Allocation stats, regions: 1, wasted size: 0B ( 0.0%)
[2024-12-07T18:48:46.253+0800][2.180s][debug][gc,age            ] GC(14) Desired survivor size 4194304 bytes, new threshold 15 (max threshold 15)
[2024-12-07T18:48:46.253+0800][2.180s][debug][gc,ergo,cset      ] GC(14) Finish choosing CSet. old: 0 regions, predicted old region time: 0.00ms, time remaining: 182.72
[2024-12-07T18:48:46.253+0800][2.181s][debug][gc,task,stats     ] GC(14) GC Termination Stats
[2024-12-07T18:48:46.253+0800][2.181s][debug][gc,task,stats     ] GC(14)      elapsed  --strong roots-- -------termination------- ------waste (KiB)------
[2024-12-07T18:48:46.254+0800][2.181s][debug][gc,task,stats     ] GC(14) thr     ms        ms      %        ms      %    attempts  total   alloc    undo
[2024-12-07T18:48:46.254+0800][2.181s][debug][gc,task,stats     ] GC(14) --- --------- --------- ------ --------- ------ -------- ------- ------- -------
[2024-12-07T18:48:46.256+0800][2.183s][debug][gc,task,stats     ] GC(14)  11      2.21      2.21  99.91      0.00   0.00        1       0       0       0
[2024-12-07T18:48:46.256+0800][2.183s][debug][gc,task,stats     ] GC(14)   3      2.43      1.54  63.43      0.83  34.35        1       0       0       0
[2024-12-07T18:48:46.257+0800][2.184s][debug][gc,task,stats     ] GC(14)   7      2.80      1.60  56.88      0.74  26.44        1       0       0       0
[2024-12-07T18:48:46.257+0800][2.184s][debug][gc,task,stats     ] GC(14)   1      3.38      1.16  34.17      1.23  36.41        1       0       0       0
[2024-12-07T18:48:46.257+0800][2.185s][debug][gc,task,stats     ] GC(14)   6      3.54      1.58  44.51      0.75  21.08        1       0       0       0
[2024-12-07T18:48:46.258+0800][2.185s][debug][gc,task,stats     ] GC(14)   5      3.85      1.09  28.23      1.22  31.66        1       0       0       0
[2024-12-07T18:48:46.258+0800][2.185s][debug][gc,task,stats     ] GC(14)   4      4.01      1.07  26.82      1.22  30.50        1       0       0       0
[2024-12-07T18:48:46.258+0800][2.185s][debug][gc,task,stats     ] GC(14)   8      4.21      2.09  49.55      0.20   4.76        1       0       0       0
[2024-12-07T18:48:46.258+0800][2.185s][debug][gc,task,stats     ] GC(14)   0      4.52      1.07  23.76      1.22  27.05        1       1       1       0
[2024-12-07T18:48:46.259+0800][2.186s][debug][gc,task,stats     ] GC(14)   2      4.84      1.33  27.47      0.98  20.24        1       0       0       0
[2024-12-07T18:48:46.259+0800][2.186s][debug][gc,task,stats     ] GC(14)   9      5.00      2.18  43.58      0.07   1.34        1       0       0       0
[2024-12-07T18:48:46.259+0800][2.187s][debug][gc,task,stats     ] GC(14)  10      5.56      2.19  39.44      0.03   0.60        1       0       0       0
[2024-12-07T18:48:46.260+0800][2.187s][debug][gc,ergo           ] GC(14) Running G1 Clear Card Table Task using 1 workers for 1 units of work for 3 regions.
[2024-12-07T18:48:46.260+0800][2.187s][debug][gc,ref            ] GC(14) Skipped phase1 of Reference Processing due to unavailable references
[2024-12-07T18:48:46.260+0800][2.187s][debug][gc,ref            ] GC(14) Skipped phase3 of Reference Processing due to unavailable references
[2024-12-07T18:48:46.260+0800][2.187s][debug][gc,ergo           ] GC(14) Running G1 Free Collection Set using 1 workers for collection set length 2
[2024-12-07T18:48:46.260+0800][2.188s][debug][gc,humongous      ] GC(14) Live humongous region 0 object size 1048592 start 0x00000000e0000000  with remset 0 code roots 0 is marked 0 reclaim candidate 0 type array 1
[2024-12-07T18:48:46.260+0800][2.188s][debug][gc,humongous      ] GC(14) Live humongous region 2 object size 1048592 start 0x00000000e0200000  with remset 0 code roots 0 is marked 0 reclaim candidate 0 type array 1
[2024-12-07T18:48:46.260+0800][2.188s][debug][gc,humongous      ] GC(14) Live humongous region 4 object size 1048592 start 0x00000000e0400000  with remset 0 code roots 0 is marked 0 reclaim candidate 0 type array 1
[2024-12-07T18:48:46.261+0800][2.188s][debug][gc,humongous      ] GC(14) Live humongous region 6 object size 1048592 start 0x00000000e0600000  with remset 0 code roots 0 is marked 0 reclaim candidate 0 type array 1
[2024-12-07T18:48:46.261+0800][2.188s][debug][gc,humongous      ] GC(14) Live humongous region 8 object size 1048592 start 0x00000000e0800000  with remset 0 code roots 0 is marked 0 reclaim candidate 0 type array 1
[2024-12-07T18:48:46.261+0800][2.188s][debug][gc,humongous      ] GC(14) Live humongous region 10 object size 1048592 start 0x00000000e0a00000  with remset 0 code roots 0 is marked 0 reclaim candidate 0 type array 1
[2024-12-07T18:48:46.261+0800][2.188s][debug][gc,humongous      ] GC(14) Live humongous region 12 object size 1048592 start 0x00000000e0c00000  with remset 0 code roots 0 is marked 0 reclaim candidate 0 type array 1
[2024-12-07T18:48:46.261+0800][2.188s][debug][gc,humongous      ] GC(14) Live humongous region 14 object size 1048592 start 0x00000000e0e00000  with remset 0 code roots 0 is marked 0 reclaim candidate 0 type array 1
[2024-12-07T18:48:46.261+0800][2.188s][debug][gc,humongous      ] GC(14) Live humongous region 16 object size 1048592 start 0x00000000e1000000  with remset 0 code roots 0 is marked 0 reclaim candidate 0 type array 1
[2024-12-07T18:48:46.261+0800][2.188s][debug][gc,humongous      ] GC(14) Live humongous region 18 object size 1048592 start 0x00000000e1200000  with remset 0 code roots 0 is marked 0 reclaim candidate 0 type array 1
[2024-12-07T18:48:46.261+0800][2.188s][debug][gc,humongous      ] GC(14) Live humongous region 20 object size 1048592 start 0x00000000e1400000  with remset 0 code roots 0 is marked 0 reclaim candidate 0 type array 1
[2024-12-07T18:48:46.261+0800][2.188s][debug][gc,humongous      ] GC(14) Live humongous region 22 object size 1048592 start 0x00000000e1600000  with remset 0 code roots 0 is marked 0 reclaim candidate 0 type array 1
[2024-12-07T18:48:46.261+0800][2.188s][debug][gc,humongous      ] GC(14) Live humongous region 24 object size 1048592 start 0x00000000e1800000  with remset 0 code roots 0 is marked 0 reclaim candidate 0 type array 1
[2024-12-07T18:48:46.261+0800][2.188s][debug][gc,humongous      ] GC(14) Live humongous region 26 object size 1048592 start 0x00000000e1a00000  with remset 0 code roots 0 is marked 0 reclaim candidate 0 type array 1
[2024-12-07T18:48:46.261+0800][2.188s][debug][gc,humongous      ] GC(14) Live humongous region 28 object size 1048592 start 0x00000000e1c00000  with remset 0 code roots 0 is marked 0 reclaim candidate 0 type array 1
[2024-12-07T18:48:46.261+0800][2.189s][debug][gc,humongous      ] GC(14) Live humongous region 30 object size 1048592 start 0x00000000e1e00000  with remset 0 code roots 0 is marked 0 reclaim candidate 0 type array 1
[2024-12-07T18:48:46.261+0800][2.189s][debug][gc,humongous      ] GC(14) Live humongous region 32 object size 1048592 start 0x00000000e2000000  with remset 0 code roots 0 is marked 0 reclaim candidate 0 type array 1
[2024-12-07T18:48:46.261+0800][2.189s][debug][gc,humongous      ] GC(14) Live humongous region 34 object size 1048592 start 0x00000000e2200000  with remset 0 code roots 0 is marked 0 reclaim candidate 0 type array 1
[2024-12-07T18:48:46.262+0800][2.189s][debug][gc,humongous      ] GC(14) Live humongous region 36 object size 1048592 start 0x00000000e2400000  with remset 0 code roots 0 is marked 0 reclaim candidate 0 type array 1
[2024-12-07T18:48:46.262+0800][2.189s][debug][gc,humongous      ] GC(14) Live humongous region 38 object size 1048592 start 0x00000000e2600000  with remset 0 code roots 0 is marked 0 reclaim candidate 0 type array 1
[2024-12-07T18:48:46.262+0800][2.189s][debug][gc,humongous      ] GC(14) Live humongous region 40 object size 1048592 start 0x00000000e2800000  with remset 0 code roots 0 is marked 0 reclaim candidate 0 type array 1
[2024-12-07T18:48:46.262+0800][2.189s][debug][gc,humongous      ] GC(14) Live humongous region 42 object size 1048592 start 0x00000000e2a00000  with remset 0 code roots 0 is marked 0 reclaim candidate 0 type array 1
[2024-12-07T18:48:46.262+0800][2.189s][debug][gc,humongous      ] GC(14) Live humongous region 44 object size 1048592 start 0x00000000e2c00000  with remset 0 code roots 0 is marked 0 reclaim candidate 0 type array 1
[2024-12-07T18:48:46.262+0800][2.189s][debug][gc,humongous      ] GC(14) Live humongous region 46 object size 1048592 start 0x00000000e2e00000  with remset 0 code roots 0 is marked 0 reclaim candidate 0 type array 1
[2024-12-07T18:48:46.262+0800][2.189s][debug][gc,humongous      ] GC(14) Live humongous region 48 object size 1048592 start 0x00000000e3000000  with remset 0 code roots 0 is marked 0 reclaim candidate 0 type array 1
[2024-12-07T18:48:46.262+0800][2.189s][debug][gc,humongous      ] GC(14) Live humongous region 50 object size 1048592 start 0x00000000e3200000  with remset 0 code roots 0 is marked 0 reclaim candidate 0 type array 1
[2024-12-07T18:48:46.262+0800][2.189s][debug][gc,humongous      ] GC(14) Live humongous region 52 object size 1048592 start 0x00000000e3400000  with remset 0 code roots 0 is marked 0 reclaim candidate 0 type array 1
[2024-12-07T18:48:46.262+0800][2.189s][debug][gc,humongous      ] GC(14) Live humongous region 54 object size 1048592 start 0x00000000e3600000  with remset 0 code roots 0 is marked 0 reclaim candidate 0 type array 1
[2024-12-07T18:48:46.262+0800][2.189s][debug][gc,humongous      ] GC(14) Live humongous region 56 object size 1048592 start 0x00000000e3800000  with remset 0 code roots 0 is marked 0 reclaim candidate 0 type array 1
[2024-12-07T18:48:46.262+0800][2.189s][debug][gc,humongous      ] GC(14) Live humongous region 58 object size 1048592 start 0x00000000e3a00000  with remset 0 code roots 0 is marked 0 reclaim candidate 0 type array 1
[2024-12-07T18:48:46.262+0800][2.190s][debug][gc,humongous      ] GC(14) Live humongous region 60 object size 1048592 start 0x00000000e3c00000  with remset 0 code roots 0 is marked 0 reclaim candidate 0 type array 1
[2024-12-07T18:48:46.262+0800][2.190s][debug][gc,humongous      ] GC(14) Live humongous region 62 object size 1048592 start 0x00000000e3e00000  with remset 0 code roots 0 is marked 0 reclaim candidate 0 type array 1
[2024-12-07T18:48:46.262+0800][2.190s][debug][gc,humongous      ] GC(14) Live humongous region 64 object size 1048592 start 0x00000000e4000000  with remset 0 code roots 0 is marked 0 reclaim candidate 0 type array 1
[2024-12-07T18:48:46.262+0800][2.190s][debug][gc,humongous      ] GC(14) Live humongous region 66 object size 1048592 start 0x00000000e4200000  with remset 0 code roots 0 is marked 0 reclaim candidate 0 type array 1
[2024-12-07T18:48:46.263+0800][2.190s][debug][gc,humongous      ] GC(14) Live humongous region 68 object size 1048592 start 0x00000000e4400000  with remset 0 code roots 0 is marked 0 reclaim candidate 0 type array 1
[2024-12-07T18:48:46.263+0800][2.190s][debug][gc,humongous      ] GC(14) Live humongous region 70 object size 1048592 start 0x00000000e4600000  with remset 0 code roots 0 is marked 0 reclaim candidate 0 type array 1
[2024-12-07T18:48:46.263+0800][2.190s][debug][gc,humongous      ] GC(14) Live humongous region 72 object size 1048592 start 0x00000000e4800000  with remset 0 code roots 0 is marked 0 reclaim candidate 0 type array 1
[2024-12-07T18:48:46.263+0800][2.190s][debug][gc,humongous      ] GC(14) Live humongous region 74 object size 1048592 start 0x00000000e4a00000  with remset 0 code roots 0 is marked 0 reclaim candidate 0 type array 1
[2024-12-07T18:48:46.263+0800][2.190s][debug][gc,humongous      ] GC(14) Live humongous region 76 object size 1048592 start 0x00000000e4c00000  with remset 0 code roots 0 is marked 0 reclaim candidate 0 type array 1
[2024-12-07T18:48:46.263+0800][2.190s][debug][gc,humongous      ] GC(14) Live humongous region 78 object size 1048592 start 0x00000000e4e00000  with remset 0 code roots 0 is marked 0 reclaim candidate 0 type array 1
[2024-12-07T18:48:46.263+0800][2.190s][debug][gc,humongous      ] GC(14) Live humongous region 80 object size 1048592 start 0x00000000e5000000  with remset 0 code roots 0 is marked 0 reclaim candidate 0 type array 1
[2024-12-07T18:48:46.263+0800][2.190s][debug][gc,humongous      ] GC(14) Live humongous region 82 object size 1048592 start 0x00000000e5200000  with remset 0 code roots 0 is marked 0 reclaim candidate 0 type array 1
[2024-12-07T18:48:46.263+0800][2.190s][debug][gc,humongous      ] GC(14) Live humongous region 84 object size 1048592 start 0x00000000e5400000  with remset 0 code roots 0 is marked 0 reclaim candidate 0 type array 1
[2024-12-07T18:48:46.263+0800][2.190s][debug][gc,humongous      ] GC(14) Live humongous region 86 object size 1048592 start 0x00000000e5600000  with remset 0 code roots 0 is marked 0 reclaim candidate 0 type array 1
[2024-12-07T18:48:46.263+0800][2.190s][debug][gc,humongous      ] GC(14) Live humongous region 88 object size 1048592 start 0x00000000e5800000  with remset 0 code roots 0 is marked 0 reclaim candidate 0 type array 1
[2024-12-07T18:48:46.263+0800][2.191s][debug][gc,humongous      ] GC(14) Live humongous region 90 object size 1048592 start 0x00000000e5a00000  with remset 0 code roots 0 is marked 0 reclaim candidate 0 type array 1
[2024-12-07T18:48:46.263+0800][2.191s][debug][gc,humongous      ] GC(14) Live humongous region 92 object size 1048592 start 0x00000000e5c00000  with remset 0 code roots 0 is marked 0 reclaim candidate 0 type array 1
[2024-12-07T18:48:46.263+0800][2.191s][debug][gc,humongous      ] GC(14) Live humongous region 94 object size 1048592 start 0x00000000e5e00000  with remset 0 code roots 0 is marked 0 reclaim candidate 0 type array 1
[2024-12-07T18:48:46.263+0800][2.191s][debug][gc,humongous      ] GC(14) Live humongous region 96 object size 1048592 start 0x00000000e6000000  with remset 0 code roots 0 is marked 0 reclaim candidate 0 type array 1
[2024-12-07T18:48:46.264+0800][2.191s][debug][gc,humongous      ] GC(14) Live humongous region 98 object size 1048592 start 0x00000000e6200000  with remset 0 code roots 0 is marked 0 reclaim candidate 0 type array 1
[2024-12-07T18:48:46.264+0800][2.191s][debug][gc,humongous      ] GC(14) Live humongous region 100 object size 1048592 start 0x00000000e6400000  with remset 0 code roots 0 is marked 0 reclaim candidate 0 type array 1
[2024-12-07T18:48:46.264+0800][2.191s][debug][gc,humongous      ] GC(14) Live humongous region 102 object size 1048592 start 0x00000000e6600000  with remset 0 code roots 0 is marked 0 reclaim candidate 0 type array 1
[2024-12-07T18:48:46.264+0800][2.191s][debug][gc,humongous      ] GC(14) Live humongous region 104 object size 1048592 start 0x00000000e6800000  with remset 0 code roots 0 is marked 0 reclaim candidate 0 type array 1
[2024-12-07T18:48:46.264+0800][2.191s][debug][gc,humongous      ] GC(14) Live humongous region 106 object size 1048592 start 0x00000000e6a00000  with remset 0 code roots 0 is marked 0 reclaim candidate 0 type array 1
[2024-12-07T18:48:46.264+0800][2.191s][debug][gc,humongous      ] GC(14) Live humongous region 108 object size 1048592 start 0x00000000e6c00000  with remset 0 code roots 0 is marked 0 reclaim candidate 0 type array 1
[2024-12-07T18:48:46.264+0800][2.191s][debug][gc,humongous      ] GC(14) Live humongous region 110 object size 1048592 start 0x00000000e6e00000  with remset 0 code roots 0 is marked 0 reclaim candidate 0 type array 1
[2024-12-07T18:48:46.264+0800][2.191s][debug][gc,humongous      ] GC(14) Live humongous region 112 object size 1048592 start 0x00000000e7000000  with remset 0 code roots 0 is marked 0 reclaim candidate 0 type array 1
[2024-12-07T18:48:46.264+0800][2.191s][debug][gc,humongous      ] GC(14) Live humongous region 114 object size 1048592 start 0x00000000e7200000  with remset 0 code roots 0 is marked 0 reclaim candidate 0 type array 1
[2024-12-07T18:48:46.264+0800][2.191s][debug][gc,humongous      ] GC(14) Live humongous region 116 object size 1048592 start 0x00000000e7400000  with remset 0 code roots 0 is marked 0 reclaim candidate 0 type array 1
[2024-12-07T18:48:46.264+0800][2.191s][debug][gc,humongous      ] GC(14) Live humongous region 118 object size 1048592 start 0x00000000e7600000  with remset 0 code roots 0 is marked 0 reclaim candidate 0 type array 1
[2024-12-07T18:48:46.264+0800][2.192s][debug][gc,humongous      ] GC(14) Live humongous region 120 object size 1048592 start 0x00000000e7800000  with remset 0 code roots 0 is marked 0 reclaim candidate 0 type array 1
[2024-12-07T18:48:46.264+0800][2.192s][debug][gc,humongous      ] GC(14) Live humongous region 122 object size 1048592 start 0x00000000e7a00000  with remset 0 code roots 0 is marked 0 reclaim candidate 0 type array 1
[2024-12-07T18:48:46.264+0800][2.192s][debug][gc,humongous      ] GC(14) Live humongous region 124 object size 1048592 start 0x00000000e7c00000  with remset 0 code roots 0 is marked 0 reclaim candidate 0 type array 1
[2024-12-07T18:48:46.264+0800][2.192s][debug][gc,humongous      ] GC(14) Live humongous region 126 object size 1048592 start 0x00000000e7e00000  with remset 0 code roots 0 is marked 0 reclaim candidate 0 type array 1
[2024-12-07T18:48:46.265+0800][2.192s][debug][gc,humongous      ] GC(14) Live humongous region 128 object size 1048592 start 0x00000000e8000000  with remset 0 code roots 0 is marked 0 reclaim candidate 0 type array 1
[2024-12-07T18:48:46.265+0800][2.192s][debug][gc,humongous      ] GC(14) Live humongous region 130 object size 1048592 start 0x00000000e8200000  with remset 0 code roots 0 is marked 0 reclaim candidate 0 type array 1
[2024-12-07T18:48:46.265+0800][2.192s][debug][gc,humongous      ] GC(14) Live humongous region 132 object size 1048592 start 0x00000000e8400000  with remset 0 code roots 0 is marked 0 reclaim candidate 0 type array 1
[2024-12-07T18:48:46.265+0800][2.192s][debug][gc,humongous      ] GC(14) Live humongous region 134 object size 1048592 start 0x00000000e8600000  with remset 0 code roots 0 is marked 0 reclaim candidate 0 type array 1
[2024-12-07T18:48:46.265+0800][2.192s][debug][gc,humongous      ] GC(14) Live humongous region 136 object size 1048592 start 0x00000000e8800000  with remset 0 code roots 0 is marked 0 reclaim candidate 0 type array 1
[2024-12-07T18:48:46.265+0800][2.192s][debug][gc,humongous      ] GC(14) Live humongous region 138 object size 1048592 start 0x00000000e8a00000  with remset 0 code roots 0 is marked 0 reclaim candidate 0 type array 1
[2024-12-07T18:48:46.265+0800][2.192s][debug][gc,humongous      ] GC(14) Live humongous region 140 object size 1048592 start 0x00000000e8c00000  with remset 0 code roots 0 is marked 0 reclaim candidate 0 type array 1
[2024-12-07T18:48:46.265+0800][2.192s][debug][gc,humongous      ] GC(14) Live humongous region 142 object size 1048592 start 0x00000000e8e00000  with remset 0 code roots 0 is marked 0 reclaim candidate 0 type array 1
[2024-12-07T18:48:46.265+0800][2.192s][debug][gc,humongous      ] GC(14) Live humongous region 144 object size 1048592 start 0x00000000e9000000  with remset 0 code roots 0 is marked 0 reclaim candidate 0 type array 1
[2024-12-07T18:48:46.265+0800][2.192s][debug][gc,humongous      ] GC(14) Live humongous region 146 object size 1048592 start 0x00000000e9200000  with remset 0 code roots 0 is marked 0 reclaim candidate 0 type array 1
[2024-12-07T18:48:46.265+0800][2.192s][debug][gc,humongous      ] GC(14) Live humongous region 148 object size 1048592 start 0x00000000e9400000  with remset 0 code roots 0 is marked 0 reclaim candidate 0 type array 1
[2024-12-07T18:48:46.265+0800][2.192s][debug][gc,humongous      ] GC(14) Live humongous region 150 object size 1048592 start 0x00000000e9600000  with remset 0 code roots 0 is marked 0 reclaim candidate 0 type array 1
[2024-12-07T18:48:46.265+0800][2.193s][debug][gc,humongous      ] GC(14) Live humongous region 152 object size 1048592 start 0x00000000e9800000  with remset 0 code roots 0 is marked 0 reclaim candidate 0 type array 1
[2024-12-07T18:48:46.265+0800][2.193s][debug][gc,humongous      ] GC(14) Live humongous region 154 object size 1048592 start 0x00000000e9a00000  with remset 0 code roots 0 is marked 0 reclaim candidate 0 type array 1
[2024-12-07T18:48:46.265+0800][2.193s][debug][gc,humongous      ] GC(14) Live humongous region 156 object size 1048592 start 0x00000000e9c00000  with remset 0 code roots 0 is marked 0 reclaim candidate 0 type array 1
[2024-12-07T18:48:46.266+0800][2.193s][debug][gc,humongous      ] GC(14) Live humongous region 158 object size 1048592 start 0x00000000e9e00000  with remset 0 code roots 0 is marked 0 reclaim candidate 0 type array 1
[2024-12-07T18:48:46.266+0800][2.193s][debug][gc,humongous      ] GC(14) Live humongous region 160 object size 1048592 start 0x00000000ea000000  with remset 0 code roots 0 is marked 0 reclaim candidate 0 type array 1
[2024-12-07T18:48:46.266+0800][2.193s][debug][gc,humongous      ] GC(14) Live humongous region 162 object size 1048592 start 0x00000000ea200000  with remset 0 code roots 0 is marked 0 reclaim candidate 0 type array 1
[2024-12-07T18:48:46.266+0800][2.193s][debug][gc,humongous      ] GC(14) Live humongous region 164 object size 1048592 start 0x00000000ea400000  with remset 0 code roots 0 is marked 0 reclaim candidate 0 type array 1
[2024-12-07T18:48:46.266+0800][2.193s][debug][gc,humongous      ] GC(14) Live humongous region 166 object size 1048592 start 0x00000000ea600000  with remset 0 code roots 0 is marked 0 reclaim candidate 0 type array 1
[2024-12-07T18:48:46.266+0800][2.193s][debug][gc,humongous      ] GC(14) Live humongous region 168 object size 1048592 start 0x00000000ea800000  with remset 0 code roots 0 is marked 0 reclaim candidate 0 type array 1
[2024-12-07T18:48:46.266+0800][2.193s][debug][gc,humongous      ] GC(14) Live humongous region 170 object size 1048592 start 0x00000000eaa00000  with remset 0 code roots 0 is marked 0 reclaim candidate 0 type array 1
[2024-12-07T18:48:46.266+0800][2.193s][debug][gc,humongous      ] GC(14) Live humongous region 172 object size 1048592 start 0x00000000eac00000  with remset 0 code roots 0 is marked 0 reclaim candidate 0 type array 1
[2024-12-07T18:48:46.266+0800][2.193s][debug][gc,humongous      ] GC(14) Live humongous region 174 object size 1048592 start 0x00000000eae00000  with remset 0 code roots 0 is marked 0 reclaim candidate 0 type array 1
[2024-12-07T18:48:46.266+0800][2.193s][debug][gc,humongous      ] GC(14) Live humongous region 176 object size 1048592 start 0x00000000eb000000  with remset 0 code roots 0 is marked 0 reclaim candidate 0 type array 1
[2024-12-07T18:48:46.266+0800][2.193s][debug][gc,humongous      ] GC(14) Live humongous region 178 object size 1048592 start 0x00000000eb200000  with remset 0 code roots 0 is marked 0 reclaim candidate 0 type array 1
[2024-12-07T18:48:46.266+0800][2.193s][debug][gc,humongous      ] GC(14) Live humongous region 180 object size 1048592 start 0x00000000eb400000  with remset 0 code roots 0 is marked 0 reclaim candidate 0 type array 1
[2024-12-07T18:48:46.266+0800][2.194s][debug][gc,humongous      ] GC(14) Live humongous region 182 object size 1048592 start 0x00000000eb600000  with remset 0 code roots 0 is marked 0 reclaim candidate 0 type array 1
[2024-12-07T18:48:46.266+0800][2.194s][debug][gc,humongous      ] GC(14) Live humongous region 184 object size 1048592 start 0x00000000eb800000  with remset 0 code roots 0 is marked 0 reclaim candidate 0 type array 1
[2024-12-07T18:48:46.267+0800][2.194s][debug][gc,humongous      ] GC(14) Live humongous region 186 object size 1048592 start 0x00000000eba00000  with remset 0 code roots 0 is marked 0 reclaim candidate 0 type array 1
[2024-12-07T18:48:46.267+0800][2.194s][debug][gc,humongous      ] GC(14) Live humongous region 188 object size 1048592 start 0x00000000ebc00000  with remset 0 code roots 0 is marked 0 reclaim candidate 0 type array 1
[2024-12-07T18:48:46.267+0800][2.194s][debug][gc,humongous      ] GC(14) Live humongous region 190 object size 1048592 start 0x00000000ebe00000  with remset 0 code roots 0 is marked 0 reclaim candidate 0 type array 1
[2024-12-07T18:48:46.267+0800][2.194s][debug][gc,humongous      ] GC(14) Live humongous region 192 object size 1048592 start 0x00000000ec000000  with remset 0 code roots 0 is marked 0 reclaim candidate 0 type array 1
[2024-12-07T18:48:46.267+0800][2.195s][debug][gc,humongous      ] GC(14) Live humongous region 194 object size 1048592 start 0x00000000ec200000  with remset 0 code roots 0 is marked 0 reclaim candidate 0 type array 1
[2024-12-07T18:48:46.267+0800][2.195s][debug][gc,humongous      ] GC(14) Live humongous region 196 object size 1048592 start 0x00000000ec400000  with remset 0 code roots 0 is marked 0 reclaim candidate 0 type array 1
[2024-12-07T18:48:46.267+0800][2.195s][debug][gc,humongous      ] GC(14) Live humongous region 198 object size 1048592 start 0x00000000ec600000  with remset 0 code roots 0 is marked 0 reclaim candidate 0 type array 1
[2024-12-07T18:48:46.268+0800][2.195s][debug][gc,humongous      ] GC(14) Live humongous region 200 object size 1048592 start 0x00000000ec800000  with remset 0 code roots 0 is marked 0 reclaim candidate 0 type array 1
[2024-12-07T18:48:46.268+0800][2.195s][debug][gc,humongous      ] GC(14) Live humongous region 202 object size 1048592 start 0x00000000eca00000  with remset 0 code roots 0 is marked 0 reclaim candidate 0 type array 1
[2024-12-07T18:48:46.268+0800][2.195s][debug][gc,humongous      ] GC(14) Live humongous region 204 object size 1048592 start 0x00000000ecc00000  with remset 0 code roots 0 is marked 0 reclaim candidate 0 type array 1
[2024-12-07T18:48:46.268+0800][2.195s][debug][gc,humongous      ] GC(14) Live humongous region 206 object size 1048592 start 0x00000000ece00000  with remset 0 code roots 0 is marked 0 reclaim candidate 0 type array 1
[2024-12-07T18:48:46.268+0800][2.195s][debug][gc,humongous      ] GC(14) Live humongous region 208 object size 1048592 start 0x00000000ed000000  with remset 0 code roots 0 is marked 0 reclaim candidate 0 type array 1
[2024-12-07T18:48:46.268+0800][2.195s][debug][gc,humongous      ] GC(14) Live humongous region 210 object size 1048592 start 0x00000000ed200000  with remset 0 code roots 0 is marked 0 reclaim candidate 0 type array 1
[2024-12-07T18:48:46.268+0800][2.195s][debug][gc,humongous      ] GC(14) Live humongous region 212 object size 1048592 start 0x00000000ed400000  with remset 0 code roots 0 is marked 0 reclaim candidate 0 type array 1
[2024-12-07T18:48:46.268+0800][2.195s][debug][gc,humongous      ] GC(14) Live humongous region 214 object size 1048592 start 0x00000000ed600000  with remset 0 code roots 0 is marked 0 reclaim candidate 0 type array 1
[2024-12-07T18:48:46.268+0800][2.195s][debug][gc,humongous      ] GC(14) Live humongous region 216 object size 1048592 start 0x00000000ed800000  with remset 0 code roots 0 is marked 0 reclaim candidate 0 type array 1
[2024-12-07T18:48:46.268+0800][2.195s][debug][gc,humongous      ] GC(14) Live humongous region 218 object size 1048592 start 0x00000000eda00000  with remset 0 code roots 0 is marked 0 reclaim candidate 0 type array 1
[2024-12-07T18:48:46.268+0800][2.195s][debug][gc,humongous      ] GC(14) Live humongous region 220 object size 1048592 start 0x00000000edc00000  with remset 0 code roots 0 is marked 0 reclaim candidate 0 type array 1
[2024-12-07T18:48:46.268+0800][2.196s][debug][gc,humongous      ] GC(14) Live humongous region 222 object size 1048592 start 0x00000000ede00000  with remset 0 code roots 0 is marked 0 reclaim candidate 0 type array 1
[2024-12-07T18:48:46.268+0800][2.196s][debug][gc,humongous      ] GC(14) Live humongous region 224 object size 1048592 start 0x00000000ee000000  with remset 0 code roots 0 is marked 0 reclaim candidate 0 type array 1
[2024-12-07T18:48:46.268+0800][2.196s][debug][gc,humongous      ] GC(14) Live humongous region 226 object size 1048592 start 0x00000000ee200000  with remset 0 code roots 0 is marked 0 reclaim candidate 0 type array 1
[2024-12-07T18:48:46.269+0800][2.196s][debug][gc,humongous      ] GC(14) Live humongous region 228 object size 1048592 start 0x00000000ee400000  with remset 0 code roots 0 is marked 0 reclaim candidate 0 type array 1
[2024-12-07T18:48:46.269+0800][2.196s][debug][gc,humongous      ] GC(14) Live humongous region 230 object size 1048592 start 0x00000000ee600000  with remset 0 code roots 0 is marked 0 reclaim candidate 0 type array 1
[2024-12-07T18:48:46.269+0800][2.196s][debug][gc,humongous      ] GC(14) Live humongous region 232 object size 1048592 start 0x00000000ee800000  with remset 0 code roots 0 is marked 0 reclaim candidate 0 type array 1
[2024-12-07T18:48:46.269+0800][2.196s][debug][gc,humongous      ] GC(14) Live humongous region 234 object size 1048592 start 0x00000000eea00000  with remset 0 code roots 0 is marked 0 reclaim candidate 0 type array 1
[2024-12-07T18:48:46.269+0800][2.196s][debug][gc,humongous      ] GC(14) Live humongous region 236 object size 1048592 start 0x00000000eec00000  with remset 0 code roots 0 is marked 0 reclaim candidate 0 type array 1
[2024-12-07T18:48:46.269+0800][2.196s][debug][gc,humongous      ] GC(14) Live humongous region 238 object size 1048592 start 0x00000000eee00000  with remset 0 code roots 0 is marked 0 reclaim candidate 0 type array 1
[2024-12-07T18:48:46.269+0800][2.196s][debug][gc,humongous      ] GC(14) Live humongous region 240 object size 1048592 start 0x00000000ef000000  with remset 0 code roots 0 is marked 0 reclaim candidate 0 type array 1
[2024-12-07T18:48:46.269+0800][2.196s][debug][gc,humongous      ] GC(14) Live humongous region 242 object size 1048592 start 0x00000000ef200000  with remset 0 code roots 0 is marked 0 reclaim candidate 0 type array 1
[2024-12-07T18:48:46.269+0800][2.196s][debug][gc,humongous      ] GC(14) Live humongous region 244 object size 1048592 start 0x00000000ef400000  with remset 0 code roots 0 is marked 0 reclaim candidate 0 type array 1
[2024-12-07T18:48:46.269+0800][2.196s][debug][gc,humongous      ] GC(14) Live humongous region 246 object size 1048592 start 0x00000000ef600000  with remset 0 code roots 0 is marked 0 reclaim candidate 0 type array 1
[2024-12-07T18:48:46.269+0800][2.196s][debug][gc,humongous      ] GC(14) Live humongous region 248 object size 1048592 start 0x00000000ef800000  with remset 0 code roots 0 is marked 0 reclaim candidate 0 type array 1
[2024-12-07T18:48:46.269+0800][2.196s][debug][gc,humongous      ] GC(14) Live humongous region 250 object size 1048592 start 0x00000000efa00000  with remset 0 code roots 0 is marked 0 reclaim candidate 0 type array 1
[2024-12-07T18:48:46.269+0800][2.197s][debug][gc,humongous      ] GC(14) Live humongous region 252 object size 1048592 start 0x00000000efc00000  with remset 0 code roots 0 is marked 0 reclaim candidate 0 type array 1
[2024-12-07T18:48:46.269+0800][2.197s][debug][gc,humongous      ] GC(14) Live humongous region 254 object size 1048592 start 0x00000000efe00000  with remset 0 code roots 0 is marked 0 reclaim candidate 0 type array 1
[2024-12-07T18:48:46.269+0800][2.197s][debug][gc,humongous      ] GC(14) Live humongous region 256 object size 1048592 start 0x00000000f0000000  with remset 0 code roots 0 is marked 0 reclaim candidate 0 type array 1
[2024-12-07T18:48:46.269+0800][2.197s][debug][gc,humongous      ] GC(14) Live humongous region 258 object size 1048592 start 0x00000000f0200000  with remset 0 code roots 0 is marked 0 reclaim candidate 0 type array 1
[2024-12-07T18:48:46.270+0800][2.197s][debug][gc,humongous      ] GC(14) Live humongous region 260 object size 1048592 start 0x00000000f0400000  with remset 0 code roots 0 is marked 0 reclaim candidate 0 type array 1
[2024-12-07T18:48:46.270+0800][2.197s][debug][gc,humongous      ] GC(14) Live humongous region 262 object size 1048592 start 0x00000000f0600000  with remset 0 code roots 0 is marked 0 reclaim candidate 0 type array 1
[2024-12-07T18:48:46.270+0800][2.197s][debug][gc,humongous      ] GC(14) Live humongous region 264 object size 1048592 start 0x00000000f0800000  with remset 0 code roots 0 is marked 0 reclaim candidate 0 type array 1
[2024-12-07T18:48:46.270+0800][2.197s][debug][gc,humongous      ] GC(14) Live humongous region 266 object size 1048592 start 0x00000000f0a00000  with remset 0 code roots 0 is marked 0 reclaim candidate 0 type array 1
[2024-12-07T18:48:46.270+0800][2.197s][debug][gc,humongous      ] GC(14) Live humongous region 268 object size 1048592 start 0x00000000f0c00000  with remset 0 code roots 0 is marked 0 reclaim candidate 0 type array 1
[2024-12-07T18:48:46.270+0800][2.197s][debug][gc,humongous      ] GC(14) Live humongous region 270 object size 1048592 start 0x00000000f0e00000  with remset 0 code roots 0 is marked 0 reclaim candidate 0 type array 1
[2024-12-07T18:48:46.270+0800][2.197s][debug][gc,humongous      ] GC(14) Live humongous region 272 object size 1048592 start 0x00000000f1000000  with remset 0 code roots 0 is marked 0 reclaim candidate 0 type array 1
[2024-12-07T18:48:46.270+0800][2.197s][debug][gc,humongous      ] GC(14) Live humongous region 274 object size 1048592 start 0x00000000f1200000  with remset 0 code roots 0 is marked 0 reclaim candidate 0 type array 1
[2024-12-07T18:48:46.270+0800][2.197s][debug][gc,humongous      ] GC(14) Live humongous region 276 object size 1048592 start 0x00000000f1400000  with remset 0 code roots 0 is marked 0 reclaim candidate 0 type array 1
[2024-12-07T18:48:46.270+0800][2.197s][debug][gc,humongous      ] GC(14) Live humongous region 278 object size 1048592 start 0x00000000f1600000  with remset 0 code roots 0 is marked 0 reclaim candidate 0 type array 1
[2024-12-07T18:48:46.270+0800][2.197s][debug][gc,humongous      ] GC(14) Live humongous region 280 object size 1048592 start 0x00000000f1800000  with remset 0 code roots 0 is marked 0 reclaim candidate 0 type array 1
[2024-12-07T18:48:46.270+0800][2.198s][debug][gc,humongous      ] GC(14) Live humongous region 282 object size 1048592 start 0x00000000f1a00000  with remset 0 code roots 0 is marked 0 reclaim candidate 0 type array 1
[2024-12-07T18:48:46.270+0800][2.198s][debug][gc,humongous      ] GC(14) Live humongous region 284 object size 1048592 start 0x00000000f1c00000  with remset 0 code roots 0 is marked 0 reclaim candidate 0 type array 1
[2024-12-07T18:48:46.270+0800][2.198s][debug][gc,humongous      ] GC(14) Live humongous region 286 object size 1048592 start 0x00000000f1e00000  with remset 0 code roots 0 is marked 0 reclaim candidate 0 type array 1
[2024-12-07T18:48:46.270+0800][2.198s][debug][gc,humongous      ] GC(14) Live humongous region 288 object size 1048592 start 0x00000000f2000000  with remset 0 code roots 0 is marked 0 reclaim candidate 0 type array 1
[2024-12-07T18:48:46.271+0800][2.198s][debug][gc,humongous      ] GC(14) Live humongous region 290 object size 1048592 start 0x00000000f2200000  with remset 0 code roots 0 is marked 0 reclaim candidate 0 type array 1
[2024-12-07T18:48:46.271+0800][2.198s][debug][gc,humongous      ] GC(14) Live humongous region 292 object size 1048592 start 0x00000000f2400000  with remset 0 code roots 0 is marked 0 reclaim candidate 0 type array 1
[2024-12-07T18:48:46.271+0800][2.198s][debug][gc,humongous      ] GC(14) Live humongous region 294 object size 1048592 start 0x00000000f2600000  with remset 0 code roots 0 is marked 0 reclaim candidate 0 type array 1
[2024-12-07T18:48:46.271+0800][2.198s][debug][gc,humongous      ] GC(14) Live humongous region 296 object size 1048592 start 0x00000000f2800000  with remset 0 code roots 0 is marked 0 reclaim candidate 0 type array 1
[2024-12-07T18:48:46.271+0800][2.198s][debug][gc,humongous      ] GC(14) Live humongous region 298 object size 1048592 start 0x00000000f2a00000  with remset 0 code roots 0 is marked 0 reclaim candidate 0 type array 1
[2024-12-07T18:48:46.271+0800][2.198s][debug][gc,humongous      ] GC(14) Live humongous region 300 object size 1048592 start 0x00000000f2c00000  with remset 0 code roots 0 is marked 0 reclaim candidate 0 type array 1
[2024-12-07T18:48:46.271+0800][2.198s][debug][gc,humongous      ] GC(14) Live humongous region 302 object size 1048592 start 0x00000000f2e00000  with remset 0 code roots 0 is marked 0 reclaim candidate 0 type array 1
[2024-12-07T18:48:46.271+0800][2.198s][debug][gc,humongous      ] GC(14) Live humongous region 304 object size 1048592 start 0x00000000f3000000  with remset 0 code roots 0 is marked 0 reclaim candidate 0 type array 1
[2024-12-07T18:48:46.271+0800][2.198s][debug][gc,humongous      ] GC(14) Live humongous region 306 object size 1048592 start 0x00000000f3200000  with remset 0 code roots 0 is marked 0 reclaim candidate 0 type array 1
[2024-12-07T18:48:46.271+0800][2.198s][debug][gc,humongous      ] GC(14) Live humongous region 308 object size 1048592 start 0x00000000f3400000  with remset 0 code roots 0 is marked 0 reclaim candidate 0 type array 1
[2024-12-07T18:48:46.271+0800][2.198s][debug][gc,humongous      ] GC(14) Live humongous region 310 object size 1048592 start 0x00000000f3600000  with remset 0 code roots 0 is marked 0 reclaim candidate 0 type array 1
[2024-12-07T18:48:46.271+0800][2.198s][debug][gc,humongous      ] GC(14) Live humongous region 312 object size 1048592 start 0x00000000f3800000  with remset 0 code roots 0 is marked 0 reclaim candidate 0 type array 1
[2024-12-07T18:48:46.271+0800][2.199s][debug][gc,humongous      ] GC(14) Live humongous region 314 object size 1048592 start 0x00000000f3a00000  with remset 0 code roots 0 is marked 0 reclaim candidate 0 type array 1
[2024-12-07T18:48:46.271+0800][2.199s][debug][gc,humongous      ] GC(14) Live humongous region 316 object size 1048592 start 0x00000000f3c00000  with remset 0 code roots 0 is marked 0 reclaim candidate 0 type array 1
[2024-12-07T18:48:46.271+0800][2.199s][debug][gc,humongous      ] GC(14) Live humongous region 318 object size 1048592 start 0x00000000f3e00000  with remset 0 code roots 0 is marked 0 reclaim candidate 0 type array 1
[2024-12-07T18:48:46.272+0800][2.199s][debug][gc,humongous      ] GC(14) Live humongous region 320 object size 1048592 start 0x00000000f4000000  with remset 0 code roots 0 is marked 0 reclaim candidate 0 type array 1
[2024-12-07T18:48:46.272+0800][2.199s][debug][gc,humongous      ] GC(14) Live humongous region 322 object size 1048592 start 0x00000000f4200000  with remset 0 code roots 0 is marked 0 reclaim candidate 0 type array 1
[2024-12-07T18:48:46.272+0800][2.199s][debug][gc,humongous      ] GC(14) Live humongous region 324 object size 1048592 start 0x00000000f4400000  with remset 0 code roots 0 is marked 0 reclaim candidate 0 type array 1
[2024-12-07T18:48:46.272+0800][2.199s][debug][gc,humongous      ] GC(14) Live humongous region 326 object size 1048592 start 0x00000000f4600000  with remset 0 code roots 0 is marked 0 reclaim candidate 0 type array 1
[2024-12-07T18:48:46.272+0800][2.199s][debug][gc,humongous      ] GC(14) Live humongous region 328 object size 1048592 start 0x00000000f4800000  with remset 0 code roots 0 is marked 0 reclaim candidate 0 type array 1
[2024-12-07T18:48:46.272+0800][2.199s][debug][gc,humongous      ] GC(14) Live humongous region 330 object size 1048592 start 0x00000000f4a00000  with remset 0 code roots 0 is marked 0 reclaim candidate 0 type array 1
[2024-12-07T18:48:46.272+0800][2.199s][debug][gc,humongous      ] GC(14) Live humongous region 332 object size 1048592 start 0x00000000f4c00000  with remset 0 code roots 0 is marked 0 reclaim candidate 0 type array 1
[2024-12-07T18:48:46.272+0800][2.199s][debug][gc,humongous      ] GC(14) Live humongous region 334 object size 1048592 start 0x00000000f4e00000  with remset 0 code roots 0 is marked 0 reclaim candidate 0 type array 1
[2024-12-07T18:48:46.272+0800][2.199s][debug][gc,humongous      ] GC(14) Live humongous region 336 object size 1048592 start 0x00000000f5000000  with remset 0 code roots 0 is marked 0 reclaim candidate 0 type array 1
[2024-12-07T18:48:46.272+0800][2.199s][debug][gc,humongous      ] GC(14) Live humongous region 338 object size 1048592 start 0x00000000f5200000  with remset 0 code roots 0 is marked 0 reclaim candidate 0 type array 1
[2024-12-07T18:48:46.272+0800][2.199s][debug][gc,humongous      ] GC(14) Live humongous region 340 object size 1048592 start 0x00000000f5400000  with remset 0 code roots 0 is marked 0 reclaim candidate 0 type array 1
[2024-12-07T18:48:46.272+0800][2.200s][debug][gc,humongous      ] GC(14) Live humongous region 342 object size 1048592 start 0x00000000f5600000  with remset 0 code roots 0 is marked 0 reclaim candidate 0 type array 1
[2024-12-07T18:48:46.272+0800][2.200s][debug][gc,humongous      ] GC(14) Live humongous region 344 object size 1048592 start 0x00000000f5800000  with remset 0 code roots 0 is marked 0 reclaim candidate 0 type array 1
[2024-12-07T18:48:46.272+0800][2.200s][debug][gc,humongous      ] GC(14) Live humongous region 346 object size 1048592 start 0x00000000f5a00000  with remset 0 code roots 0 is marked 0 reclaim candidate 0 type array 1
[2024-12-07T18:48:46.272+0800][2.200s][debug][gc,humongous      ] GC(14) Live humongous region 348 object size 1048592 start 0x00000000f5c00000  with remset 0 code roots 0 is marked 0 reclaim candidate 0 type array 1
[2024-12-07T18:48:46.273+0800][2.200s][debug][gc,humongous      ] GC(14) Live humongous region 350 object size 1048592 start 0x00000000f5e00000  with remset 0 code roots 0 is marked 0 reclaim candidate 0 type array 1
[2024-12-07T18:48:46.273+0800][2.200s][debug][gc,humongous      ] GC(14) Live humongous region 352 object size 1048592 start 0x00000000f6000000  with remset 0 code roots 0 is marked 0 reclaim candidate 0 type array 1
[2024-12-07T18:48:46.273+0800][2.200s][debug][gc,humongous      ] GC(14) Live humongous region 354 object size 1048592 start 0x00000000f6200000  with remset 0 code roots 0 is marked 0 reclaim candidate 0 type array 1
[2024-12-07T18:48:46.273+0800][2.200s][debug][gc,humongous      ] GC(14) Live humongous region 356 object size 1048592 start 0x00000000f6400000  with remset 0 code roots 0 is marked 0 reclaim candidate 0 type array 1
[2024-12-07T18:48:46.273+0800][2.200s][debug][gc,humongous      ] GC(14) Live humongous region 358 object size 1048592 start 0x00000000f6600000  with remset 0 code roots 0 is marked 0 reclaim candidate 0 type array 1
[2024-12-07T18:48:46.273+0800][2.200s][debug][gc,plab           ] GC(14) Young PLAB allocation: allocated: 386568B, wasted: 2648B, unused: 16968B, used: 366952B, undo waste: 0B, 
[2024-12-07T18:48:46.273+0800][2.200s][debug][gc,plab           ] GC(14) Young other allocation: region end waste: 0B, regions filled: 1, direct allocated: 71288B, failure used: 0B, failure wasted: 0B
[2024-12-07T18:48:46.273+0800][2.200s][debug][gc,plab           ] GC(14) Young sizing: calculated: 73384B, actual: 73448B
[2024-12-07T18:48:46.273+0800][2.201s][debug][gc,plab           ] GC(14) Old PLAB allocation: allocated: 0B, wasted: 0B, unused: 0B, used: 0B, undo waste: 0B, 
[2024-12-07T18:48:46.274+0800][2.201s][debug][gc,plab           ] GC(14) Old other allocation: region end waste: 0B, regions filled: 0, direct allocated: 0B, failure used: 0B, failure wasted: 0B
[2024-12-07T18:48:46.274+0800][2.201s][debug][gc,plab           ] GC(14) Old sizing: calculated: 0B, actual: 2064B
[2024-12-07T18:48:46.274+0800][2.201s][debug][gc,alloc,stats    ] Old generation allocation in the last mutator period, old gen allocated: 0B, humongous allocated: 20971520B,old gen growth: 20971520B.
[2024-12-07T18:48:46.274+0800][2.201s][debug][gc,ihop           ] GC(14) Basic information (value update), threshold: 236873318B (45.00), target occupancy: 526385152B, current occupancy: 378682496B, recent allocation size: 20971520B, recent allocation duration: 100.30ms, recent old gen allocation rate: 209086464.46B/s, recent marking phase length: 0.00ms
[2024-12-07T18:48:46.274+0800][2.201s][debug][gc,ihop           ] GC(14) Adaptive IHOP information (value update), threshold: 236873318B (51.91), internal target occupancy: 456340275B, occupancy: 378682496B, additional buffer size: 49283072B, predicted old gen allocation rate: 198727504.51B/s, predicted marking phase length: 0.00ms, prediction active: false
[2024-12-07T18:48:46.274+0800][2.202s][debug][gc,ergo,refine    ] GC(14) Updated Refinement Zones: green: 18, yellow: 54, red: 90
[2024-12-07T18:48:46.274+0800][2.202s][info ][gc,phases         ] GC(14)   Pre Evacuate Collection Set: 0.1ms
[2024-12-07T18:48:46.274+0800][2.202s][debug][gc,phases         ] GC(14)     Prepare TLABs: 0.1ms
[2024-12-07T18:48:46.275+0800][2.202s][debug][gc,phases         ] GC(14)     Choose Collection Set: 0.1ms
[2024-12-07T18:48:46.275+0800][2.202s][debug][gc,phases         ] GC(14)     Humongous Register: 0.0ms
[2024-12-07T18:48:46.275+0800][2.202s][debug][gc,phases         ] GC(14)     Clear Claimed Marks: 0.0ms
[2024-12-07T18:48:46.275+0800][2.202s][info ][gc,phases         ] GC(14)   Evacuate Collection Set: 6.2ms
[2024-12-07T18:48:46.275+0800][2.202s][debug][gc,phases         ] GC(14)     Ext Root Scanning (ms):   Min:  0.1, Avg:  1.2, Max:  2.2, Diff:  2.1, Sum: 14.6, Workers: 12
[2024-12-07T18:48:46.275+0800][2.202s][debug][gc,phases         ] GC(14)     Update RS (ms):           Min:  0.0, Avg:  0.2, Max:  0.7, Diff:  0.7, Sum:  2.2, Workers: 12
[2024-12-07T18:48:46.275+0800][2.203s][debug][gc,phases         ] GC(14)       Processed Buffers:        Min: 0, Avg:  0.8, Max: 4, Diff: 4, Sum: 10, Workers: 12
[2024-12-07T18:48:46.275+0800][2.203s][debug][gc,phases         ] GC(14)       Scanned Cards:            Min: 0, Avg: 18.5, Max: 72, Diff: 72, Sum: 222, Workers: 12
[2024-12-07T18:48:46.275+0800][2.203s][debug][gc,phases         ] GC(14)       Skipped Cards:            Min: 0, Avg:  3.6, Max: 19, Diff: 19, Sum: 43, Workers: 12
[2024-12-07T18:48:46.276+0800][2.203s][debug][gc,phases         ] GC(14)     Scan RS (ms):             Min:  0.0, Avg:  0.2, Max:  1.0, Diff:  1.0, Sum:  1.8, Workers: 12
[2024-12-07T18:48:46.276+0800][2.203s][debug][gc,phases         ] GC(14)       Scanned Cards:            Min: 0, Avg: 17.0, Max: 115, Diff: 115, Sum: 204, Workers: 12
[2024-12-07T18:48:46.276+0800][2.203s][debug][gc,phases         ] GC(14)       Claimed Cards:            Min: 0, Avg: 18.5, Max: 128, Diff: 128, Sum: 222, Workers: 12
[2024-12-07T18:48:46.276+0800][2.203s][debug][gc,phases         ] GC(14)       Skipped Cards:            Min: 0, Avg: 55.5, Max: 222, Diff: 222, Sum: 666, Workers: 12
[2024-12-07T18:48:46.276+0800][2.203s][debug][gc,phases         ] GC(14)     Code Root Scanning (ms):  Min:  0.0, Avg:  0.0, Max:  0.0, Diff:  0.0, Sum:  0.0, Workers: 12
[2024-12-07T18:48:46.276+0800][2.203s][debug][gc,phases         ] GC(14)     AOT Root Scanning (ms):   skipped
[2024-12-07T18:48:46.276+0800][2.203s][debug][gc,phases         ] GC(14)     Object Copy (ms):         Min:  0.0, Avg:  0.0, Max:  0.4, Diff:  0.4, Sum:  0.6, Workers: 12
[2024-12-07T18:48:46.276+0800][2.203s][debug][gc,phases         ] GC(14)     Termination (ms):         Min:  0.0, Avg:  0.7, Max:  1.2, Diff:  1.2, Sum:  8.5, Workers: 12
[2024-12-07T18:48:46.276+0800][2.203s][debug][gc,phases         ] GC(14)       Termination Attempts:     Min: 1, Avg:  1.0, Max: 1, Diff: 0, Sum: 12, Workers: 12
[2024-12-07T18:48:46.276+0800][2.203s][debug][gc,phases         ] GC(14)     GC Worker Other (ms):     Min:  0.2, Avg:  1.8, Max:  3.5, Diff:  3.3, Sum: 22.1, Workers: 12
[2024-12-07T18:48:46.276+0800][2.204s][debug][gc,phases         ] GC(14)     GC Worker Total (ms):     Min:  2.4, Avg:  4.1, Max:  5.7, Diff:  3.4, Sum: 49.8, Workers: 12
[2024-12-07T18:48:46.276+0800][2.204s][info ][gc,phases         ] GC(14)   Post Evacuate Collection Set: 13.3ms
[2024-12-07T18:48:46.276+0800][2.204s][debug][gc,phases         ] GC(14)     Code Roots Fixup: 0.0ms
[2024-12-07T18:48:46.276+0800][2.204s][debug][gc,phases         ] GC(14)     Clear Card Table: 0.2ms
[2024-12-07T18:48:46.277+0800][2.204s][debug][gc,phases         ] GC(14)     Reference Processing: 0.3ms
[2024-12-07T18:48:46.277+0800][2.204s][debug][gc,phases,ref     ] GC(14)       Reconsider SoftReferences: 0.1ms
[2024-12-07T18:48:46.277+0800][2.204s][debug][gc,phases,ref     ] GC(14)         SoftRef (ms):             skipped
[2024-12-07T18:48:46.277+0800][2.204s][debug][gc,phases,ref     ] GC(14)       Notify Soft/WeakReferences: 0.0ms
[2024-12-07T18:48:46.277+0800][2.204s][debug][gc,phases,ref     ] GC(14)         SoftRef (ms):             Min:  0.0, Avg:  0.0, Max:  0.0, Diff:  0.0, Sum:  0.0, Workers: 1
[2024-12-07T18:48:46.277+0800][2.204s][debug][gc,phases,ref     ] GC(14)         WeakRef (ms):             Min:  0.0, Avg:  0.0, Max:  0.0, Diff:  0.0, Sum:  0.0, Workers: 1
[2024-12-07T18:48:46.277+0800][2.204s][debug][gc,phases,ref     ] GC(14)         FinalRef (ms):            Min:  0.0, Avg:  0.0, Max:  0.0, Diff:  0.0, Sum:  0.0, Workers: 1
[2024-12-07T18:48:46.277+0800][2.204s][debug][gc,phases,ref     ] GC(14)         Total (ms):               Min:  0.0, Avg:  0.0, Max:  0.0, Diff:  0.0, Sum:  0.0, Workers: 1
[2024-12-07T18:48:46.277+0800][2.204s][debug][gc,phases,ref     ] GC(14)       Notify and keep alive finalizable: 0.1ms
[2024-12-07T18:48:46.277+0800][2.204s][debug][gc,phases,ref     ] GC(14)         FinalRef (ms):            skipped
[2024-12-07T18:48:46.277+0800][2.204s][debug][gc,phases,ref     ] GC(14)       Notify PhantomReferences: 0.0ms
[2024-12-07T18:48:46.277+0800][2.205s][debug][gc,phases,ref     ] GC(14)         PhantomRef (ms):          Min:  0.0, Avg:  0.0, Max:  0.0, Diff:  0.0, Sum:  0.0, Workers: 1
[2024-12-07T18:48:46.277+0800][2.205s][debug][gc,phases,ref     ] GC(14)       SoftReference:
[2024-12-07T18:48:46.277+0800][2.205s][debug][gc,phases,ref     ] GC(14)         Discovered: 0
[2024-12-07T18:48:46.277+0800][2.205s][debug][gc,phases,ref     ] GC(14)         Cleared: 0
[2024-12-07T18:48:46.278+0800][2.205s][debug][gc,phases,ref     ] GC(14)       WeakReference:
[2024-12-07T18:48:46.278+0800][2.205s][debug][gc,phases,ref     ] GC(14)         Discovered: 18
[2024-12-07T18:48:46.278+0800][2.205s][debug][gc,phases,ref     ] GC(14)         Cleared: 18
[2024-12-07T18:48:46.278+0800][2.205s][debug][gc,phases,ref     ] GC(14)       FinalReference:
[2024-12-07T18:48:46.278+0800][2.205s][debug][gc,phases,ref     ] GC(14)         Discovered: 0
[2024-12-07T18:48:46.278+0800][2.205s][debug][gc,phases,ref     ] GC(14)         Cleared: 0
[2024-12-07T18:48:46.278+0800][2.205s][debug][gc,phases,ref     ] GC(14)       PhantomReference:
[2024-12-07T18:48:46.278+0800][2.205s][debug][gc,phases,ref     ] GC(14)         Discovered: 4
[2024-12-07T18:48:46.278+0800][2.205s][debug][gc,phases,ref     ] GC(14)         Cleared: 4
[2024-12-07T18:48:46.278+0800][2.205s][debug][gc,phases         ] GC(14)     Weak Processing: 0.0ms
[2024-12-07T18:48:46.278+0800][2.205s][debug][gc,phases         ] GC(14)     Merge Per-Thread State: 0.0ms
[2024-12-07T18:48:46.278+0800][2.206s][debug][gc,phases         ] GC(14)     Code Roots Purge: 0.0ms
[2024-12-07T18:48:46.278+0800][2.206s][debug][gc,phases         ] GC(14)     Redirty Cards: 0.1ms
[2024-12-07T18:48:46.278+0800][2.206s][debug][gc,phases         ] GC(14)     DerivedPointerTable Update: 0.0ms
[2024-12-07T18:48:46.278+0800][2.206s][debug][gc,phases         ] GC(14)     Free Collection Set: 0.1ms
[2024-12-07T18:48:46.279+0800][2.206s][debug][gc,phases         ] GC(14)     Humongous Reclaim: 12.6ms
[2024-12-07T18:48:46.279+0800][2.206s][debug][gc,phases         ] GC(14)     Start New Collection Set: 0.0ms
[2024-12-07T18:48:46.279+0800][2.206s][debug][gc,phases         ] GC(14)     Resize TLABs: 0.0ms
[2024-12-07T18:48:46.279+0800][2.206s][debug][gc,phases         ] GC(14)     Expand Heap After Collection: 0.0ms
[2024-12-07T18:48:46.279+0800][2.206s][info ][gc,phases         ] GC(14)   Other: 2.4ms
[2024-12-07T18:48:46.279+0800][2.206s][info ][gc,heap           ] GC(14) Eden regions: 1->0(46)
[2024-12-07T18:48:46.279+0800][2.206s][info ][gc,heap           ] GC(14) Survivor regions: 1->1(8)
[2024-12-07T18:48:46.279+0800][2.206s][info ][gc,heap           ] GC(14) Old regions: 2->2
[2024-12-07T18:48:46.279+0800][2.206s][info ][gc,heap           ] GC(14) Humongous regions: 360->360
[2024-12-07T18:48:46.279+0800][2.206s][info ][gc,metaspace      ] GC(14) Metaspace: 554K(4864K)->554K(4864K) NonClass: 507K(4352K)->507K(4352K) Class: 46K(512K)->46K(512K)
[2024-12-07T18:48:46.279+0800][2.206s][debug][gc,heap           ] GC(14) Heap after GC invocations=15 (full 0): garbage-first heap   total 516096K, used 369807K [0x00000000e0000000, 0x0000000100000000)
[2024-12-07T18:48:46.279+0800][2.206s][debug][gc,heap           ] GC(14)   region size 1024K, 1 young (1024K), 1 survivors (1024K)
[2024-12-07T18:48:46.279+0800][2.207s][debug][gc,heap           ] GC(14)  Metaspace       used 554K, capacity 4570K, committed 4864K, reserved 1056768K
[2024-12-07T18:48:46.279+0800][2.207s][debug][gc,heap           ] GC(14)   class space    used 46K, capacity 419K, committed 512K, reserved 1048576K
[2024-12-07T18:48:46.279+0800][2.207s][info ][gc                ] GC(14) Pause Young (Concurrent Start) (G1 Humongous Allocation) 361M->361M(504M) 26.662ms
[2024-12-07T18:48:46.280+0800][2.207s][info ][gc,cpu            ] GC(14) User=0.01s Sys=0.00s Real=0.03s
[2024-12-07T18:48:46.280+0800][2.207s][info ][gc                ] GC(15) Concurrent Cycle
[2024-12-07T18:48:46.280+0800][2.207s][info ][gc,marking        ] GC(15) Concurrent Clear Claimed Marks
[2024-12-07T18:48:46.280+0800][2.207s][info ][gc,marking        ] GC(15) Concurrent Clear Claimed Marks 0.102ms
[2024-12-07T18:48:46.280+0800][2.207s][info ][gc,marking        ] GC(15) Concurrent Scan Root Regions
[2024-12-07T18:48:46.280+0800][2.207s][debug][gc,ergo           ] GC(15) Running G1 Root Region Scan using 1 workers for 1 work units.
[2024-12-07T18:48:46.280+0800][2.208s][info ][gc,marking        ] GC(15) Concurrent Scan Root Regions 0.468ms
[2024-12-07T18:48:46.280+0800][2.208s][info ][gc,marking        ] GC(15) Concurrent Mark (2.208s)
[2024-12-07T18:48:46.280+0800][2.208s][info ][gc,marking        ] GC(15) Concurrent Mark From Roots
[2024-12-07T18:48:46.281+0800][2.208s][info ][gc,task           ] GC(15) Using 5 workers of 5 for marking
[2024-12-07T18:48:46.281+0800][2.208s][debug][gc,stats          ] ---------------------------------------------------------------------
[2024-12-07T18:48:46.281+0800][2.208s][debug][gc,stats          ] Marking Stats, task = 0, calls = 1
[2024-12-07T18:48:46.281+0800][2.209s][debug][gc,stats          ]   Elapsed time = 0.42ms, Termination time = 0.00ms
[2024-12-07T18:48:46.281+0800][2.209s][debug][gc,stats          ]   Step Times (cum): num = 720, avg = 0.01ms, sd = 0.15ms max = 2.98ms, total = 6.21ms
[2024-12-07T18:48:46.281+0800][2.209s][debug][gc,stats          ]   Mark Stats Cache: hits 6902 misses 181 ratio 97.445
[2024-12-07T18:48:46.281+0800][2.209s][debug][gc,stats          ] ---------------------------------------------------------------------
[2024-12-07T18:48:46.282+0800][2.209s][debug][gc,stats          ] Marking Stats, task = 1, calls = 24
[2024-12-07T18:48:46.282+0800][2.209s][debug][gc,stats          ]   Elapsed time = 0.42ms, Termination time = 0.00ms
[2024-12-07T18:48:46.282+0800][2.209s][debug][gc,stats          ]   Step Times (cum): num = 202, avg = 0.03ms, sd = 0.29ms max = 3.12ms, total = 6.34ms
[2024-12-07T18:48:46.282+0800][2.209s][debug][gc,stats          ]   Mark Stats Cache: hits 1858 misses 2 ratio 99.892
[2024-12-07T18:48:46.282+0800][2.209s][debug][gc,stats          ] ---------------------------------------------------------------------
[2024-12-07T18:48:46.282+0800][2.209s][debug][gc,stats          ] Marking Stats, task = 2, calls = 29
[2024-12-07T18:48:46.282+0800][2.209s][debug][gc,stats          ]   Elapsed time = 0.41ms, Termination time = 0.00ms
[2024-12-07T18:48:46.282+0800][2.209s][debug][gc,stats          ]   Step Times (cum): num = 273, avg = 0.02ms, sd = 0.25ms max = 2.97ms, total = 6.26ms
[2024-12-07T18:48:46.282+0800][2.209s][debug][gc,stats          ]   Mark Stats Cache: hits 618 misses 2 ratio 99.677
[2024-12-07T18:48:46.282+0800][2.209s][debug][gc,stats          ] ---------------------------------------------------------------------
[2024-12-07T18:48:46.282+0800][2.209s][debug][gc,stats          ] Marking Stats, task = 3, calls = 25
[2024-12-07T18:48:46.282+0800][2.209s][debug][gc,stats          ]   Elapsed time = 0.40ms, Termination time = 0.00ms
[2024-12-07T18:48:46.282+0800][2.210s][debug][gc,stats          ]   Step Times (cum): num = 273, avg = 0.02ms, sd = 0.24ms max = 2.97ms, total = 6.14ms
[2024-12-07T18:48:46.282+0800][2.210s][debug][gc,stats          ]   Mark Stats Cache: hits 513 misses 1 ratio 99.805
[2024-12-07T18:48:46.282+0800][2.210s][debug][gc,stats          ] ---------------------------------------------------------------------
[2024-12-07T18:48:46.283+0800][2.210s][debug][gc,stats          ] Marking Stats, task = 4, calls = 28
[2024-12-07T18:48:46.283+0800][2.210s][debug][gc,stats          ]   Elapsed time = 0.39ms, Termination time = 0.00ms
[2024-12-07T18:48:46.283+0800][2.210s][debug][gc,stats          ]   Step Times (cum): num = 254, avg = 0.02ms, sd = 0.25ms max = 2.97ms, total = 6.12ms
[2024-12-07T18:48:46.283+0800][2.210s][debug][gc,stats          ]   Mark Stats Cache: hits 595 misses 1 ratio 99.832
[2024-12-07T18:48:46.283+0800][2.210s][debug][gc,stats          ] ---------------------------------------------------------------------
[2024-12-07T18:48:46.283+0800][2.210s][info ][gc,marking        ] GC(15) Concurrent Mark From Roots 2.366ms
[2024-12-07T18:48:46.283+0800][2.210s][info ][gc,marking        ] GC(15) Concurrent Preclean
[2024-12-07T18:48:46.283+0800][2.210s][debug][gc,ref,start      ] GC(15) Preclean SoftReferences
[2024-12-07T18:48:46.283+0800][2.210s][debug][gc,ref            ] GC(15) Preclean SoftReferences 0.073ms
[2024-12-07T18:48:46.283+0800][2.210s][debug][gc,ref,start      ] GC(15) Preclean WeakReferences
[2024-12-07T18:48:46.283+0800][2.210s][debug][gc,ref            ] GC(15) Preclean WeakReferences 0.073ms
[2024-12-07T18:48:46.283+0800][2.210s][debug][gc,ref,start      ] GC(15) Preclean FinalReferences
[2024-12-07T18:48:46.283+0800][2.211s][debug][gc,ref            ] GC(15) Preclean FinalReferences 0.092ms
[2024-12-07T18:48:46.283+0800][2.211s][debug][gc,ref,start      ] GC(15) Preclean PhantomReferences
[2024-12-07T18:48:46.284+0800][2.211s][debug][gc,ref            ] GC(15) Preclean PhantomReferences 0.086ms
[2024-12-07T18:48:46.284+0800][2.211s][info ][gc,marking        ] GC(15) Concurrent Preclean 0.671ms
[2024-12-07T18:48:46.284+0800][2.211s][info ][gc,marking        ] GC(15) Concurrent Mark (2.208s, 2.211s) 3.236ms
[2024-12-07T18:48:46.284+0800][2.211s][info ][gc,start          ] GC(15) Pause Remark
[2024-12-07T18:48:46.284+0800][2.211s][debug][gc,phases,start   ] GC(15) Finalize Marking
[2024-12-07T18:48:46.288+0800][2.215s][debug][gc,stats          ] ---------------------------------------------------------------------
[2024-12-07T18:48:46.288+0800][2.215s][debug][gc,stats          ] Marking Stats, task = 0, calls = 74
[2024-12-07T18:48:46.288+0800][2.215s][debug][gc,stats          ]   Elapsed time = 3.86ms, Termination time = 3.25ms
[2024-12-07T18:48:46.288+0800][2.215s][debug][gc,stats          ]   Step Times (cum): num = 793, avg = 0.01ms, sd = 0.18ms max = 3.25ms, total = 9.46ms
[2024-12-07T18:48:46.288+0800][2.216s][debug][gc,stats          ]   Mark Stats Cache: hits 6902 misses 181 ratio 97.445
[2024-12-07T18:48:46.288+0800][2.216s][debug][gc,stats          ] ---------------------------------------------------------------------
[2024-12-07T18:48:46.288+0800][2.216s][debug][gc,stats          ] Marking Stats, task = 1, calls = 25
[2024-12-07T18:48:46.289+0800][2.216s][debug][gc,stats          ]   Elapsed time = 3.86ms, Termination time = 3.25ms
[2024-12-07T18:48:46.289+0800][2.216s][debug][gc,stats          ]   Step Times (cum): num = 203, avg = 0.05ms, sd = 0.37ms max = 3.25ms, total = 9.58ms
[2024-12-07T18:48:46.289+0800][2.216s][debug][gc,stats          ]   Mark Stats Cache: hits 1858 misses 2 ratio 99.892
[2024-12-07T18:48:46.289+0800][2.216s][debug][gc,stats          ] ---------------------------------------------------------------------
[2024-12-07T18:48:46.289+0800][2.216s][debug][gc,stats          ] Marking Stats, task = 2, calls = 30
[2024-12-07T18:48:46.289+0800][2.216s][debug][gc,stats          ]   Elapsed time = 3.87ms, Termination time = 3.25ms
[2024-12-07T18:48:46.289+0800][2.216s][debug][gc,stats          ]   Step Times (cum): num = 274, avg = 0.03ms, sd = 0.31ms max = 3.25ms, total = 9.51ms
[2024-12-07T18:48:46.289+0800][2.216s][debug][gc,stats          ]   Mark Stats Cache: hits 618 misses 2 ratio 99.677
[2024-12-07T18:48:46.289+0800][2.216s][debug][gc,stats          ] ---------------------------------------------------------------------
[2024-12-07T18:48:46.289+0800][2.216s][debug][gc,stats          ] Marking Stats, task = 3, calls = 26
[2024-12-07T18:48:46.289+0800][2.216s][debug][gc,stats          ]   Elapsed time = 3.86ms, Termination time = 3.25ms
[2024-12-07T18:48:46.289+0800][2.217s][debug][gc,stats          ]   Step Times (cum): num = 274, avg = 0.03ms, sd = 0.31ms max = 3.25ms, total = 9.39ms
[2024-12-07T18:48:46.289+0800][2.217s][debug][gc,stats          ]   Mark Stats Cache: hits 513 misses 1 ratio 99.805
[2024-12-07T18:48:46.289+0800][2.217s][debug][gc,stats          ] ---------------------------------------------------------------------
[2024-12-07T18:48:46.290+0800][2.217s][debug][gc,stats          ] Marking Stats, task = 4, calls = 29
[2024-12-07T18:48:46.290+0800][2.217s][debug][gc,stats          ]   Elapsed time = 3.86ms, Termination time = 3.25ms
[2024-12-07T18:48:46.290+0800][2.217s][debug][gc,stats          ]   Step Times (cum): num = 255, avg = 0.04ms, sd = 0.32ms max = 3.25ms, total = 9.37ms
[2024-12-07T18:48:46.290+0800][2.217s][debug][gc,stats          ]   Mark Stats Cache: hits 595 misses 1 ratio 99.832
[2024-12-07T18:48:46.290+0800][2.217s][debug][gc,stats          ] ---------------------------------------------------------------------
[2024-12-07T18:48:46.290+0800][2.218s][debug][gc,stats          ] Marking Stats, task = 5, calls = 1
[2024-12-07T18:48:46.290+0800][2.218s][debug][gc,stats          ]   Elapsed time = 3.86ms, Termination time = 3.25ms
[2024-12-07T18:48:46.291+0800][2.218s][debug][gc,stats          ]   Step Times (cum): num = 8, avg = 1.17ms, sd = 1.41ms max = 3.25ms, total = 9.36ms
[2024-12-07T18:48:46.291+0800][2.218s][debug][gc,stats          ]   Mark Stats Cache: hits 0 misses 0 ratio 0.000
[2024-12-07T18:48:46.291+0800][2.218s][debug][gc,stats          ] ---------------------------------------------------------------------
[2024-12-07T18:48:46.291+0800][2.218s][debug][gc,stats          ] Marking Stats, task = 6, calls = 1
[2024-12-07T18:48:46.291+0800][2.218s][debug][gc,stats          ]   Elapsed time = 3.82ms, Termination time = 3.43ms
[2024-12-07T18:48:46.291+0800][2.218s][debug][gc,stats          ]   Step Times (cum): num = 8, avg = 1.21ms, sd = 1.43ms max = 3.43ms, total = 9.69ms
[2024-12-07T18:48:46.291+0800][2.218s][debug][gc,stats          ]   Mark Stats Cache: hits 0 misses 0 ratio 0.000
[2024-12-07T18:48:46.291+0800][2.218s][debug][gc,stats          ] ---------------------------------------------------------------------
[2024-12-07T18:48:46.291+0800][2.219s][debug][gc,stats          ] Marking Stats, task = 7, calls = 1
[2024-12-07T18:48:46.291+0800][2.219s][debug][gc,stats          ]   Elapsed time = 3.86ms, Termination time = 3.25ms
[2024-12-07T18:48:46.292+0800][2.219s][debug][gc,stats          ]   Step Times (cum): num = 8, avg = 1.18ms, sd = 1.38ms max = 3.25ms, total = 9.44ms
[2024-12-07T18:48:46.292+0800][2.219s][debug][gc,stats          ]   Mark Stats Cache: hits 0 misses 0 ratio 0.000
[2024-12-07T18:48:46.292+0800][2.219s][debug][gc,stats          ] ---------------------------------------------------------------------
[2024-12-07T18:48:46.292+0800][2.219s][debug][gc,stats          ] Marking Stats, task = 8, calls = 1
[2024-12-07T18:48:46.292+0800][2.220s][debug][gc,stats          ]   Elapsed time = 3.75ms, Termination time = 3.43ms
[2024-12-07T18:48:46.293+0800][2.220s][debug][gc,stats          ]   Step Times (cum): num = 8, avg = 1.20ms, sd = 1.42ms max = 3.43ms, total = 9.58ms
[2024-12-07T18:48:46.293+0800][2.220s][debug][gc,stats          ]   Mark Stats Cache: hits 0 misses 0 ratio 0.000
[2024-12-07T18:48:46.293+0800][2.220s][debug][gc,stats          ] ---------------------------------------------------------------------
[2024-12-07T18:48:46.293+0800][2.220s][debug][gc,stats          ] Marking Stats, task = 9, calls = 1
[2024-12-07T18:48:46.293+0800][2.220s][debug][gc,stats          ]   Elapsed time = 3.86ms, Termination time = 3.25ms
[2024-12-07T18:48:46.293+0800][2.220s][debug][gc,stats          ]   Step Times (cum): num = 8, avg = 1.14ms, sd = 1.34ms max = 3.25ms, total = 9.15ms
[2024-12-07T18:48:46.293+0800][2.220s][debug][gc,stats          ]   Mark Stats Cache: hits 0 misses 0 ratio 0.000
[2024-12-07T18:48:46.293+0800][2.220s][debug][gc,stats          ] ---------------------------------------------------------------------
[2024-12-07T18:48:46.293+0800][2.220s][debug][gc,stats          ] Marking Stats, task = 10, calls = 1
[2024-12-07T18:48:46.293+0800][2.220s][debug][gc,stats          ]   Elapsed time = 3.42ms, Termination time = 3.05ms
[2024-12-07T18:48:46.293+0800][2.221s][debug][gc,stats          ]   Step Times (cum): num = 8, avg = 0.41ms, sd = 1.00ms max = 3.05ms, total = 3.26ms
[2024-12-07T18:48:46.293+0800][2.221s][debug][gc,stats          ]   Mark Stats Cache: hits 0 misses 0 ratio 0.000
[2024-12-07T18:48:46.293+0800][2.221s][debug][gc,stats          ] ---------------------------------------------------------------------
[2024-12-07T18:48:46.294+0800][2.221s][debug][gc,stats          ] Marking Stats, task = 11, calls = 1
[2024-12-07T18:48:46.294+0800][2.221s][debug][gc,stats          ]   Elapsed time = 0.00ms, Termination time = 0.00ms
[2024-12-07T18:48:46.294+0800][2.221s][debug][gc,stats          ]   Step Times (cum): num = 8, avg = 0.00ms, sd = 0.00ms max = 0.00ms, total = 0.00ms
[2024-12-07T18:48:46.294+0800][2.221s][debug][gc,stats          ]   Mark Stats Cache: hits 0 misses 0 ratio 0.000
[2024-12-07T18:48:46.294+0800][2.221s][debug][gc,stats          ] ---------------------------------------------------------------------
[2024-12-07T18:48:46.294+0800][2.221s][debug][gc,phases         ] GC(15) Finalize Marking 9.942ms
[2024-12-07T18:48:46.294+0800][2.221s][debug][gc,phases,start   ] GC(15) Reference Processing
[2024-12-07T18:48:46.294+0800][2.221s][debug][gc,ref            ] GC(15) Skipped phase1 of Reference Processing due to unavailable references
[2024-12-07T18:48:46.294+0800][2.221s][debug][gc,ref            ] GC(15) Skipped phase2 of Reference Processing due to unavailable references
[2024-12-07T18:48:46.294+0800][2.221s][debug][gc,ref            ] GC(15) Skipped phase3 of Reference Processing due to unavailable references
[2024-12-07T18:48:46.294+0800][2.221s][debug][gc,ref            ] GC(15) Skipped phase4 of Reference Processing due to unavailable references
[2024-12-07T18:48:46.294+0800][2.221s][debug][gc,phases,ref     ] GC(15) Reference Processing: 0.3ms
[2024-12-07T18:48:46.294+0800][2.222s][debug][gc,phases,ref     ] GC(15)   Reconsider SoftReferences: 0.1ms
[2024-12-07T18:48:46.294+0800][2.222s][debug][gc,phases,ref     ] GC(15)     SoftRef (ms):             skipped
[2024-12-07T18:48:46.294+0800][2.222s][debug][gc,phases,ref     ] GC(15)   Notify Soft/WeakReferences: 0.1ms
[2024-12-07T18:48:46.295+0800][2.222s][debug][gc,phases,ref     ] GC(15)     SoftRef (ms):             skipped
[2024-12-07T18:48:46.295+0800][2.222s][debug][gc,phases,ref     ] GC(15)     WeakRef (ms):             skipped
[2024-12-07T18:48:46.295+0800][2.222s][debug][gc,phases,ref     ] GC(15)     FinalRef (ms):            skipped
[2024-12-07T18:48:46.295+0800][2.222s][debug][gc,phases,ref     ] GC(15)     Total (ms):               skipped
[2024-12-07T18:48:46.295+0800][2.222s][debug][gc,phases,ref     ] GC(15)   Notify and keep alive finalizable: 0.1ms
[2024-12-07T18:48:46.295+0800][2.222s][debug][gc,phases,ref     ] GC(15)     FinalRef (ms):            skipped
[2024-12-07T18:48:46.295+0800][2.222s][debug][gc,phases,ref     ] GC(15)   Notify PhantomReferences: 0.1ms
[2024-12-07T18:48:46.295+0800][2.222s][debug][gc,phases,ref     ] GC(15)     PhantomRef (ms):          skipped
[2024-12-07T18:48:46.295+0800][2.222s][debug][gc,phases,ref     ] GC(15)   SoftReference:
[2024-12-07T18:48:46.295+0800][2.222s][debug][gc,phases,ref     ] GC(15)     Discovered: 0
[2024-12-07T18:48:46.295+0800][2.222s][debug][gc,phases,ref     ] GC(15)     Cleared: 0
[2024-12-07T18:48:46.295+0800][2.222s][debug][gc,phases,ref     ] GC(15)   WeakReference:
[2024-12-07T18:48:46.295+0800][2.223s][debug][gc,phases,ref     ] GC(15)     Discovered: 0
[2024-12-07T18:48:46.295+0800][2.223s][debug][gc,phases,ref     ] GC(15)     Cleared: 0
[2024-12-07T18:48:46.295+0800][2.223s][debug][gc,phases,ref     ] GC(15)   FinalReference:
[2024-12-07T18:48:46.295+0800][2.223s][debug][gc,phases,ref     ] GC(15)     Discovered: 0
[2024-12-07T18:48:46.296+0800][2.223s][debug][gc,phases,ref     ] GC(15)     Cleared: 0
[2024-12-07T18:48:46.296+0800][2.223s][debug][gc,phases,ref     ] GC(15)   PhantomReference:
[2024-12-07T18:48:46.296+0800][2.223s][debug][gc,phases,ref     ] GC(15)     Discovered: 0
[2024-12-07T18:48:46.296+0800][2.223s][debug][gc,phases,ref     ] GC(15)     Cleared: 0
[2024-12-07T18:48:46.296+0800][2.223s][debug][gc,phases         ] GC(15) Reference Processing 1.888ms
[2024-12-07T18:48:46.296+0800][2.223s][debug][gc,phases,start   ] GC(15) Weak Processing
[2024-12-07T18:48:46.296+0800][2.223s][debug][gc,phases         ] GC(15) Weak Processing 0.067ms
[2024-12-07T18:48:46.296+0800][2.223s][debug][gc,phases,start   ] GC(15) Class Unloading
[2024-12-07T18:48:46.296+0800][2.223s][debug][gc,phases,start   ] GC(15) ClassLoaderData
[2024-12-07T18:48:46.296+0800][2.223s][debug][gc,phases         ] GC(15) ClassLoaderData 0.071ms
[2024-12-07T18:48:46.296+0800][2.223s][debug][gc,phases,start   ] GC(15) ProtectionDomainCacheTable
[2024-12-07T18:48:46.296+0800][2.223s][debug][gc,phases         ] GC(15) ProtectionDomainCacheTable 0.063ms
[2024-12-07T18:48:46.297+0800][2.224s][info ][gc,stringtable    ] GC(15) Cleaned string and symbol table, strings: 39 processed, 0 removed, symbols: 191 processed, 0 removed
[2024-12-07T18:48:46.297+0800][2.224s][debug][gc,phases         ] GC(15) Class Unloading 0.691ms
[2024-12-07T18:48:46.297+0800][2.224s][debug][gc,phases,start   ] GC(15) Flush Task Caches
[2024-12-07T18:48:46.297+0800][2.224s][debug][gc,stats          ] Mark stats cache hits 10486 misses 187 ratio 98.248
[2024-12-07T18:48:46.297+0800][2.224s][debug][gc,phases         ] GC(15) Flush Task Caches 0.151ms
[2024-12-07T18:48:46.297+0800][2.224s][debug][gc,phases,start   ] GC(15) Update Remembered Set Tracking Before Rebuild
[2024-12-07T18:48:46.297+0800][2.224s][debug][gc,ergo           ] GC(15) Running G1 Update RemSet Tracking Before Rebuild using 2 workers for 504 regions in heap
[2024-12-07T18:48:46.297+0800][2.224s][debug][gc,remset,tracking] GC(15) Remembered Set Tracking update regions total 504, selected 0
[2024-12-07T18:48:46.297+0800][2.224s][debug][gc,phases         ] GC(15) Update Remembered Set Tracking Before Rebuild 0.249ms
[2024-12-07T18:48:46.297+0800][2.225s][debug][gc,phases,start   ] GC(15) Reclaim Empty Regions
[2024-12-07T18:48:46.297+0800][2.225s][debug][gc,phases         ] GC(15) Reclaim Empty Regions 0.155ms
[2024-12-07T18:48:46.298+0800][2.225s][debug][gc,phases,start   ] GC(15) Purge Metaspace
[2024-12-07T18:48:46.298+0800][2.225s][debug][gc,phases         ] GC(15) Purge Metaspace 0.067ms
[2024-12-07T18:48:46.298+0800][2.225s][debug][gc,phases,start   ] GC(15) Report Object Count
[2024-12-07T18:48:46.298+0800][2.225s][debug][gc,phases         ] GC(15) Report Object Count 0.063ms
[2024-12-07T18:48:46.298+0800][2.225s][info ][gc                ] GC(15) Pause Remark 381M->381M(504M) 13.935ms
[2024-12-07T18:48:46.298+0800][2.225s][info ][gc,cpu            ] GC(15) User=0.04s Sys=0.00s Real=0.01s
[2024-12-07T18:48:46.298+0800][2.225s][info ][gc,marking        ] GC(15) Concurrent Rebuild Remembered Sets
[2024-12-07T18:48:46.298+0800][2.225s][info ][gc,marking        ] GC(15) Concurrent Rebuild Remembered Sets 0.263ms
[2024-12-07T18:48:46.298+0800][2.226s][info ][gc,start          ] GC(15) Pause Cleanup
[2024-12-07T18:48:46.298+0800][2.226s][debug][gc,phases,start   ] GC(15) Update Remembered Set Tracking After Rebuild
[2024-12-07T18:48:46.299+0800][2.226s][debug][gc,phases         ] GC(15) Update Remembered Set Tracking After Rebuild 0.078ms
[2024-12-07T18:48:46.299+0800][2.226s][debug][gc,phases,start   ] GC(15) Finalize Concurrent Mark Cleanup
[2024-12-07T18:48:46.299+0800][2.226s][debug][gc,ergo           ] GC(15) request young-only gcs (candidate old regions not available)
[2024-12-07T18:48:46.299+0800][2.226s][debug][gc,phases         ] GC(15) Finalize Concurrent Mark Cleanup 0.226ms
[2024-12-07T18:48:46.299+0800][2.226s][info ][gc                ] GC(15) Pause Cleanup 381M->381M(504M) 0.512ms
[2024-12-07T18:48:46.299+0800][2.226s][info ][gc,cpu            ] GC(15) User=0.00s Sys=0.00s Real=0.00s
[2024-12-07T18:48:46.299+0800][2.226s][info ][gc,marking        ] GC(15) Concurrent Cleanup for Next Mark
[2024-12-07T18:48:46.299+0800][2.226s][debug][gc,ergo           ] GC(15) Running G1 Clear Bitmap with 5 workers for 8 work units.
[2024-12-07T18:48:46.299+0800][2.227s][info ][gc,marking        ] GC(15) Concurrent Cleanup for Next Mark 0.291ms
[2024-12-07T18:48:46.299+0800][2.227s][info ][gc                ] GC(15) Concurrent Cycle 19.782ms
[2024-12-07T18:48:46.383+0800][2.310s][debug][gc,ergo,ihop      ] Request concurrent cycle initiation (occupancy higher than threshold) occupancy: 400556032B allocation request: 1048592B threshold: 236873318B (44.82) source: concurrent humongous allocation
[2024-12-07T18:48:46.383+0800][2.310s][debug][gc,ergo           ] Request concurrent cycle initiation (requested by GC cause). GC cause: G1 Humongous Allocation
[2024-12-07T18:48:46.383+0800][2.310s][debug][gc,heap           ] GC(16) Heap before GC invocations=16 (full 0): garbage-first heap   total 516096K, used 390287K [0x00000000e0000000, 0x0000000100000000)
[2024-12-07T18:48:46.383+0800][2.311s][debug][gc,heap           ] GC(16)   region size 1024K, 2 young (2048K), 1 survivors (1024K)
[2024-12-07T18:48:46.383+0800][2.311s][debug][gc,heap           ] GC(16)  Metaspace       used 554K, capacity 4570K, committed 4864K, reserved 1056768K
[2024-12-07T18:48:46.384+0800][2.311s][debug][gc,heap           ] GC(16)   class space    used 46K, capacity 419K, committed 512K, reserved 1048576K
[2024-12-07T18:48:46.384+0800][2.311s][debug][gc,ergo           ] GC(16) Initiate concurrent cycle (concurrent cycle initiation requested)
[2024-12-07T18:48:46.384+0800][2.311s][info ][gc,start          ] GC(16) Pause Young (Concurrent Start) (G1 Humongous Allocation)
[2024-12-07T18:48:46.384+0800][2.311s][info ][gc,task           ] GC(16) Using 12 workers of 18 for evacuation
[2024-12-07T18:48:46.384+0800][2.311s][debug][gc,tlab           ] GC(16) TLAB totals: thrds: 1  refills: 1 max: 1 slow allocs: 1 max 1 waste: 100.0% gc: 524128B max: 524128B slow: 0B max: 0B fast: 0B max: 0B
[2024-12-07T18:48:46.384+0800][2.311s][debug][gc,alloc,region   ] GC(16) Mutator Allocation stats, regions: 1, wasted size: 0B ( 0.0%)
[2024-12-07T18:48:46.384+0800][2.311s][debug][gc,age            ] GC(16) Desired survivor size 3145728 bytes, new threshold 15 (max threshold 15)
[2024-12-07T18:48:46.384+0800][2.311s][debug][gc,ergo,cset      ] GC(16) Finish choosing CSet. old: 0 regions, predicted old region time: 0.00ms, time remaining: 183.64
[2024-12-07T18:48:46.384+0800][2.312s][debug][gc,task,stats     ] GC(16) GC Termination Stats
[2024-12-07T18:48:46.384+0800][2.312s][debug][gc,task,stats     ] GC(16)      elapsed  --strong roots-- -------termination------- ------waste (KiB)------
[2024-12-07T18:48:46.385+0800][2.312s][debug][gc,task,stats     ] GC(16) thr     ms        ms      %        ms      %    attempts  total   alloc    undo
[2024-12-07T18:48:46.385+0800][2.312s][debug][gc,task,stats     ] GC(16) --- --------- --------- ------ --------- ------ -------- ------- ------- -------
[2024-12-07T18:48:46.387+0800][2.315s][debug][gc,task,stats     ] GC(16)  11      2.49      2.48  99.79      0.00   0.02        1       0       0       0
[2024-12-07T18:48:46.388+0800][2.315s][debug][gc,task,stats     ] GC(16)   0      3.13      0.32  10.13      2.58  82.40       36       1       1       0
[2024-12-07T18:48:46.388+0800][2.316s][debug][gc,task,stats     ] GC(16)   7      3.62      0.54  15.00      2.43  66.97        4       0       0       0
[2024-12-07T18:48:46.389+0800][2.316s][debug][gc,task,stats     ] GC(16)   6      4.09      0.34   8.31      2.44  59.65       56       0       0       0
[2024-12-07T18:48:46.389+0800][2.317s][debug][gc,task,stats     ] GC(16)   1      4.58      0.84  18.35      2.00  43.65        1       0       0       0
[2024-12-07T18:48:46.390+0800][2.317s][debug][gc,task,stats     ] GC(16)   5      4.98      0.32   6.35      2.25  45.15       70       0       0       0
[2024-12-07T18:48:46.390+0800][2.317s][debug][gc,task,stats     ] GC(16)   3      5.40      0.73  13.53      2.01  37.29        9       0       0       0
[2024-12-07T18:48:46.390+0800][2.318s][debug][gc,task,stats     ] GC(16)   2      5.64      0.56   9.93      2.15  38.08       25       0       0       0
[2024-12-07T18:48:46.391+0800][2.318s][debug][gc,task,stats     ] GC(16)   8      5.72      0.25   4.31      2.13  37.19       59       0       0       0
[2024-12-07T18:48:46.391+0800][2.318s][debug][gc,task,stats     ] GC(16)   9      5.84      0.28   4.82      2.11  36.07       71       0       0       0
[2024-12-07T18:48:46.391+0800][2.318s][debug][gc,task,stats     ] GC(16)  10      5.94      0.31   5.24      2.14  35.98       41       0       0       0
[2024-12-07T18:48:46.391+0800][2.318s][debug][gc,task,stats     ] GC(16)   4      6.09      0.46   7.61      2.05  33.64       19       0       0       0
[2024-12-07T18:48:46.391+0800][2.318s][debug][gc,ergo           ] GC(16) Running G1 Clear Card Table Task using 1 workers for 1 units of work for 3 regions.
[2024-12-07T18:48:46.391+0800][2.318s][debug][gc,ref            ] GC(16) Skipped phase1 of Reference Processing due to unavailable references
[2024-12-07T18:48:46.391+0800][2.318s][debug][gc,ref            ] GC(16) Skipped phase3 of Reference Processing due to unavailable references
[2024-12-07T18:48:46.391+0800][2.319s][debug][gc,ergo           ] GC(16) Running G1 Free Collection Set using 1 workers for collection set length 2
[2024-12-07T18:48:46.392+0800][2.319s][debug][gc,humongous      ] GC(16) Live humongous region 0 object size 1048592 start 0x00000000e0000000  with remset 0 code roots 0 is marked 0 reclaim candidate 0 type array 1
[2024-12-07T18:48:46.392+0800][2.319s][debug][gc,humongous      ] GC(16) Live humongous region 2 object size 1048592 start 0x00000000e0200000  with remset 0 code roots 0 is marked 0 reclaim candidate 0 type array 1
[2024-12-07T18:48:46.392+0800][2.319s][debug][gc,humongous      ] GC(16) Live humongous region 4 object size 1048592 start 0x00000000e0400000  with remset 0 code roots 0 is marked 0 reclaim candidate 0 type array 1
[2024-12-07T18:48:46.392+0800][2.319s][debug][gc,humongous      ] GC(16) Live humongous region 6 object size 1048592 start 0x00000000e0600000  with remset 0 code roots 0 is marked 0 reclaim candidate 0 type array 1
[2024-12-07T18:48:46.392+0800][2.319s][debug][gc,humongous      ] GC(16) Live humongous region 8 object size 1048592 start 0x00000000e0800000  with remset 0 code roots 0 is marked 0 reclaim candidate 0 type array 1
[2024-12-07T18:48:46.392+0800][2.319s][debug][gc,humongous      ] GC(16) Live humongous region 10 object size 1048592 start 0x00000000e0a00000  with remset 0 code roots 0 is marked 0 reclaim candidate 0 type array 1
[2024-12-07T18:48:46.392+0800][2.319s][debug][gc,humongous      ] GC(16) Live humongous region 12 object size 1048592 start 0x00000000e0c00000  with remset 0 code roots 0 is marked 0 reclaim candidate 0 type array 1
[2024-12-07T18:48:46.392+0800][2.319s][debug][gc,humongous      ] GC(16) Live humongous region 14 object size 1048592 start 0x00000000e0e00000  with remset 0 code roots 0 is marked 0 reclaim candidate 0 type array 1
[2024-12-07T18:48:46.392+0800][2.319s][debug][gc,humongous      ] GC(16) Live humongous region 16 object size 1048592 start 0x00000000e1000000  with remset 0 code roots 0 is marked 0 reclaim candidate 0 type array 1
[2024-12-07T18:48:46.392+0800][2.320s][debug][gc,humongous      ] GC(16) Live humongous region 18 object size 1048592 start 0x00000000e1200000  with remset 0 code roots 0 is marked 0 reclaim candidate 0 type array 1
[2024-12-07T18:48:46.392+0800][2.320s][debug][gc,humongous      ] GC(16) Live humongous region 20 object size 1048592 start 0x00000000e1400000  with remset 0 code roots 0 is marked 0 reclaim candidate 0 type array 1
[2024-12-07T18:48:46.393+0800][2.320s][debug][gc,humongous      ] GC(16) Live humongous region 22 object size 1048592 start 0x00000000e1600000  with remset 0 code roots 0 is marked 0 reclaim candidate 0 type array 1
[2024-12-07T18:48:46.393+0800][2.320s][debug][gc,humongous      ] GC(16) Live humongous region 24 object size 1048592 start 0x00000000e1800000  with remset 0 code roots 0 is marked 0 reclaim candidate 0 type array 1
[2024-12-07T18:48:46.393+0800][2.320s][debug][gc,humongous      ] GC(16) Live humongous region 26 object size 1048592 start 0x00000000e1a00000  with remset 0 code roots 0 is marked 0 reclaim candidate 0 type array 1
[2024-12-07T18:48:46.393+0800][2.320s][debug][gc,humongous      ] GC(16) Live humongous region 28 object size 1048592 start 0x00000000e1c00000  with remset 0 code roots 0 is marked 0 reclaim candidate 0 type array 1
[2024-12-07T18:48:46.393+0800][2.320s][debug][gc,humongous      ] GC(16) Live humongous region 30 object size 1048592 start 0x00000000e1e00000  with remset 0 code roots 0 is marked 0 reclaim candidate 0 type array 1
[2024-12-07T18:48:46.393+0800][2.320s][debug][gc,humongous      ] GC(16) Live humongous region 32 object size 1048592 start 0x00000000e2000000  with remset 0 code roots 0 is marked 0 reclaim candidate 0 type array 1
[2024-12-07T18:48:46.393+0800][2.320s][debug][gc,humongous      ] GC(16) Live humongous region 34 object size 1048592 start 0x00000000e2200000  with remset 0 code roots 0 is marked 0 reclaim candidate 0 type array 1
[2024-12-07T18:48:46.393+0800][2.320s][debug][gc,humongous      ] GC(16) Live humongous region 36 object size 1048592 start 0x00000000e2400000  with remset 0 code roots 0 is marked 0 reclaim candidate 0 type array 1
[2024-12-07T18:48:46.393+0800][2.320s][debug][gc,humongous      ] GC(16) Live humongous region 38 object size 1048592 start 0x00000000e2600000  with remset 0 code roots 0 is marked 0 reclaim candidate 0 type array 1
[2024-12-07T18:48:46.393+0800][2.321s][debug][gc,humongous      ] GC(16) Live humongous region 40 object size 1048592 start 0x00000000e2800000  with remset 0 code roots 0 is marked 0 reclaim candidate 0 type array 1
[2024-12-07T18:48:46.393+0800][2.321s][debug][gc,humongous      ] GC(16) Live humongous region 42 object size 1048592 start 0x00000000e2a00000  with remset 0 code roots 0 is marked 0 reclaim candidate 0 type array 1
[2024-12-07T18:48:46.393+0800][2.321s][debug][gc,humongous      ] GC(16) Live humongous region 44 object size 1048592 start 0x00000000e2c00000  with remset 0 code roots 0 is marked 0 reclaim candidate 0 type array 1
[2024-12-07T18:48:46.394+0800][2.321s][debug][gc,humongous      ] GC(16) Live humongous region 46 object size 1048592 start 0x00000000e2e00000  with remset 0 code roots 0 is marked 0 reclaim candidate 0 type array 1
[2024-12-07T18:48:46.394+0800][2.321s][debug][gc,humongous      ] GC(16) Live humongous region 48 object size 1048592 start 0x00000000e3000000  with remset 0 code roots 0 is marked 0 reclaim candidate 0 type array 1
[2024-12-07T18:48:46.394+0800][2.321s][debug][gc,humongous      ] GC(16) Live humongous region 50 object size 1048592 start 0x00000000e3200000  with remset 0 code roots 0 is marked 0 reclaim candidate 0 type array 1
[2024-12-07T18:48:46.394+0800][2.321s][debug][gc,humongous      ] GC(16) Live humongous region 52 object size 1048592 start 0x00000000e3400000  with remset 0 code roots 0 is marked 0 reclaim candidate 0 type array 1
[2024-12-07T18:48:46.394+0800][2.321s][debug][gc,humongous      ] GC(16) Live humongous region 54 object size 1048592 start 0x00000000e3600000  with remset 0 code roots 0 is marked 0 reclaim candidate 0 type array 1
[2024-12-07T18:48:46.394+0800][2.321s][debug][gc,humongous      ] GC(16) Live humongous region 56 object size 1048592 start 0x00000000e3800000  with remset 0 code roots 0 is marked 0 reclaim candidate 0 type array 1
[2024-12-07T18:48:46.394+0800][2.321s][debug][gc,humongous      ] GC(16) Live humongous region 58 object size 1048592 start 0x00000000e3a00000  with remset 0 code roots 0 is marked 0 reclaim candidate 0 type array 1
[2024-12-07T18:48:46.394+0800][2.321s][debug][gc,humongous      ] GC(16) Live humongous region 60 object size 1048592 start 0x00000000e3c00000  with remset 0 code roots 0 is marked 0 reclaim candidate 0 type array 1
[2024-12-07T18:48:46.394+0800][2.322s][debug][gc,humongous      ] GC(16) Live humongous region 62 object size 1048592 start 0x00000000e3e00000  with remset 0 code roots 0 is marked 0 reclaim candidate 0 type array 1
[2024-12-07T18:48:46.394+0800][2.322s][debug][gc,humongous      ] GC(16) Live humongous region 64 object size 1048592 start 0x00000000e4000000  with remset 0 code roots 0 is marked 0 reclaim candidate 0 type array 1
[2024-12-07T18:48:46.394+0800][2.322s][debug][gc,humongous      ] GC(16) Live humongous region 66 object size 1048592 start 0x00000000e4200000  with remset 0 code roots 0 is marked 0 reclaim candidate 0 type array 1
[2024-12-07T18:48:46.395+0800][2.322s][debug][gc,humongous      ] GC(16) Live humongous region 68 object size 1048592 start 0x00000000e4400000  with remset 0 code roots 0 is marked 0 reclaim candidate 0 type array 1
[2024-12-07T18:48:46.395+0800][2.322s][debug][gc,humongous      ] GC(16) Live humongous region 70 object size 1048592 start 0x00000000e4600000  with remset 0 code roots 0 is marked 0 reclaim candidate 0 type array 1
[2024-12-07T18:48:46.395+0800][2.322s][debug][gc,humongous      ] GC(16) Live humongous region 72 object size 1048592 start 0x00000000e4800000  with remset 0 code roots 0 is marked 0 reclaim candidate 0 type array 1
[2024-12-07T18:48:46.395+0800][2.322s][debug][gc,humongous      ] GC(16) Live humongous region 74 object size 1048592 start 0x00000000e4a00000  with remset 0 code roots 0 is marked 0 reclaim candidate 0 type array 1
[2024-12-07T18:48:46.395+0800][2.322s][debug][gc,humongous      ] GC(16) Live humongous region 76 object size 1048592 start 0x00000000e4c00000  with remset 0 code roots 0 is marked 0 reclaim candidate 0 type array 1
[2024-12-07T18:48:46.395+0800][2.322s][debug][gc,humongous      ] GC(16) Live humongous region 78 object size 1048592 start 0x00000000e4e00000  with remset 0 code roots 0 is marked 0 reclaim candidate 0 type array 1
[2024-12-07T18:48:46.395+0800][2.322s][debug][gc,humongous      ] GC(16) Live humongous region 80 object size 1048592 start 0x00000000e5000000  with remset 0 code roots 0 is marked 0 reclaim candidate 0 type array 1
[2024-12-07T18:48:46.395+0800][2.322s][debug][gc,humongous      ] GC(16) Live humongous region 82 object size 1048592 start 0x00000000e5200000  with remset 0 code roots 0 is marked 0 reclaim candidate 0 type array 1
[2024-12-07T18:48:46.395+0800][2.322s][debug][gc,humongous      ] GC(16) Live humongous region 84 object size 1048592 start 0x00000000e5400000  with remset 0 code roots 0 is marked 0 reclaim candidate 0 type array 1
[2024-12-07T18:48:46.395+0800][2.323s][debug][gc,humongous      ] GC(16) Live humongous region 86 object size 1048592 start 0x00000000e5600000  with remset 0 code roots 0 is marked 0 reclaim candidate 0 type array 1
[2024-12-07T18:48:46.395+0800][2.323s][debug][gc,humongous      ] GC(16) Live humongous region 88 object size 1048592 start 0x00000000e5800000  with remset 0 code roots 0 is marked 0 reclaim candidate 0 type array 1
[2024-12-07T18:48:46.396+0800][2.323s][debug][gc,humongous      ] GC(16) Live humongous region 90 object size 1048592 start 0x00000000e5a00000  with remset 0 code roots 0 is marked 0 reclaim candidate 0 type array 1
[2024-12-07T18:48:46.396+0800][2.323s][debug][gc,humongous      ] GC(16) Live humongous region 92 object size 1048592 start 0x00000000e5c00000  with remset 0 code roots 0 is marked 0 reclaim candidate 0 type array 1
[2024-12-07T18:48:46.396+0800][2.323s][debug][gc,humongous      ] GC(16) Live humongous region 94 object size 1048592 start 0x00000000e5e00000  with remset 0 code roots 0 is marked 0 reclaim candidate 0 type array 1
[2024-12-07T18:48:46.396+0800][2.323s][debug][gc,humongous      ] GC(16) Live humongous region 96 object size 1048592 start 0x00000000e6000000  with remset 0 code roots 0 is marked 0 reclaim candidate 0 type array 1
[2024-12-07T18:48:46.396+0800][2.323s][debug][gc,humongous      ] GC(16) Live humongous region 98 object size 1048592 start 0x00000000e6200000  with remset 0 code roots 0 is marked 0 reclaim candidate 0 type array 1
[2024-12-07T18:48:46.396+0800][2.323s][debug][gc,humongous      ] GC(16) Live humongous region 100 object size 1048592 start 0x00000000e6400000  with remset 0 code roots 0 is marked 0 reclaim candidate 0 type array 1
[2024-12-07T18:48:46.396+0800][2.323s][debug][gc,humongous      ] GC(16) Live humongous region 102 object size 1048592 start 0x00000000e6600000  with remset 0 code roots 0 is marked 0 reclaim candidate 0 type array 1
[2024-12-07T18:48:46.396+0800][2.323s][debug][gc,humongous      ] GC(16) Live humongous region 104 object size 1048592 start 0x00000000e6800000  with remset 0 code roots 0 is marked 0 reclaim candidate 0 type array 1
[2024-12-07T18:48:46.396+0800][2.323s][debug][gc,humongous      ] GC(16) Live humongous region 106 object size 1048592 start 0x00000000e6a00000  with remset 0 code roots 0 is marked 0 reclaim candidate 0 type array 1
[2024-12-07T18:48:46.396+0800][2.324s][debug][gc,humongous      ] GC(16) Live humongous region 108 object size 1048592 start 0x00000000e6c00000  with remset 0 code roots 0 is marked 0 reclaim candidate 0 type array 1
[2024-12-07T18:48:46.396+0800][2.324s][debug][gc,humongous      ] GC(16) Live humongous region 110 object size 1048592 start 0x00000000e6e00000  with remset 0 code roots 0 is marked 0 reclaim candidate 0 type array 1
[2024-12-07T18:48:46.396+0800][2.324s][debug][gc,humongous      ] GC(16) Live humongous region 112 object size 1048592 start 0x00000000e7000000  with remset 0 code roots 0 is marked 0 reclaim candidate 0 type array 1
[2024-12-07T18:48:46.397+0800][2.324s][debug][gc,humongous      ] GC(16) Live humongous region 114 object size 1048592 start 0x00000000e7200000  with remset 0 code roots 0 is marked 0 reclaim candidate 0 type array 1
[2024-12-07T18:48:46.397+0800][2.324s][debug][gc,humongous      ] GC(16) Live humongous region 116 object size 1048592 start 0x00000000e7400000  with remset 0 code roots 0 is marked 0 reclaim candidate 0 type array 1
[2024-12-07T18:48:46.397+0800][2.324s][debug][gc,humongous      ] GC(16) Live humongous region 118 object size 1048592 start 0x00000000e7600000  with remset 0 code roots 0 is marked 0 reclaim candidate 0 type array 1
[2024-12-07T18:48:46.397+0800][2.324s][debug][gc,humongous      ] GC(16) Live humongous region 120 object size 1048592 start 0x00000000e7800000  with remset 0 code roots 0 is marked 0 reclaim candidate 0 type array 1
[2024-12-07T18:48:46.397+0800][2.324s][debug][gc,humongous      ] GC(16) Live humongous region 122 object size 1048592 start 0x00000000e7a00000  with remset 0 code roots 0 is marked 0 reclaim candidate 0 type array 1
[2024-12-07T18:48:46.397+0800][2.324s][debug][gc,humongous      ] GC(16) Live humongous region 124 object size 1048592 start 0x00000000e7c00000  with remset 0 code roots 0 is marked 0 reclaim candidate 0 type array 1
[2024-12-07T18:48:46.397+0800][2.324s][debug][gc,humongous      ] GC(16) Live humongous region 126 object size 1048592 start 0x00000000e7e00000  with remset 0 code roots 0 is marked 0 reclaim candidate 0 type array 1
[2024-12-07T18:48:46.397+0800][2.325s][debug][gc,humongous      ] GC(16) Live humongous region 128 object size 1048592 start 0x00000000e8000000  with remset 0 code roots 0 is marked 0 reclaim candidate 0 type array 1
[2024-12-07T18:48:46.397+0800][2.325s][debug][gc,humongous      ] GC(16) Live humongous region 130 object size 1048592 start 0x00000000e8200000  with remset 0 code roots 0 is marked 0 reclaim candidate 0 type array 1
[2024-12-07T18:48:46.398+0800][2.325s][debug][gc,humongous      ] GC(16) Live humongous region 132 object size 1048592 start 0x00000000e8400000  with remset 0 code roots 0 is marked 0 reclaim candidate 0 type array 1
[2024-12-07T18:48:46.398+0800][2.325s][debug][gc,humongous      ] GC(16) Live humongous region 134 object size 1048592 start 0x00000000e8600000  with remset 0 code roots 0 is marked 0 reclaim candidate 0 type array 1
[2024-12-07T18:48:46.398+0800][2.325s][debug][gc,humongous      ] GC(16) Live humongous region 136 object size 1048592 start 0x00000000e8800000  with remset 0 code roots 0 is marked 0 reclaim candidate 0 type array 1
[2024-12-07T18:48:46.398+0800][2.325s][debug][gc,humongous      ] GC(16) Live humongous region 138 object size 1048592 start 0x00000000e8a00000  with remset 0 code roots 0 is marked 0 reclaim candidate 0 type array 1
[2024-12-07T18:48:46.398+0800][2.325s][debug][gc,humongous      ] GC(16) Live humongous region 140 object size 1048592 start 0x00000000e8c00000  with remset 0 code roots 0 is marked 0 reclaim candidate 0 type array 1
[2024-12-07T18:48:46.398+0800][2.325s][debug][gc,humongous      ] GC(16) Live humongous region 142 object size 1048592 start 0x00000000e8e00000  with remset 0 code roots 0 is marked 0 reclaim candidate 0 type array 1
[2024-12-07T18:48:46.398+0800][2.325s][debug][gc,humongous      ] GC(16) Live humongous region 144 object size 1048592 start 0x00000000e9000000  with remset 0 code roots 0 is marked 0 reclaim candidate 0 type array 1
[2024-12-07T18:48:46.398+0800][2.325s][debug][gc,humongous      ] GC(16) Live humongous region 146 object size 1048592 start 0x00000000e9200000  with remset 0 code roots 0 is marked 0 reclaim candidate 0 type array 1
[2024-12-07T18:48:46.398+0800][2.326s][debug][gc,humongous      ] GC(16) Live humongous region 148 object size 1048592 start 0x00000000e9400000  with remset 0 code roots 0 is marked 0 reclaim candidate 0 type array 1
[2024-12-07T18:48:46.398+0800][2.326s][debug][gc,humongous      ] GC(16) Live humongous region 150 object size 1048592 start 0x00000000e9600000  with remset 0 code roots 0 is marked 0 reclaim candidate 0 type array 1
[2024-12-07T18:48:46.398+0800][2.326s][debug][gc,humongous      ] GC(16) Live humongous region 152 object size 1048592 start 0x00000000e9800000  with remset 0 code roots 0 is marked 0 reclaim candidate 0 type array 1
[2024-12-07T18:48:46.399+0800][2.326s][debug][gc,humongous      ] GC(16) Live humongous region 154 object size 1048592 start 0x00000000e9a00000  with remset 0 code roots 0 is marked 0 reclaim candidate 0 type array 1
[2024-12-07T18:48:46.399+0800][2.326s][debug][gc,humongous      ] GC(16) Live humongous region 156 object size 1048592 start 0x00000000e9c00000  with remset 0 code roots 0 is marked 0 reclaim candidate 0 type array 1
[2024-12-07T18:48:46.399+0800][2.326s][debug][gc,humongous      ] GC(16) Live humongous region 158 object size 1048592 start 0x00000000e9e00000  with remset 0 code roots 0 is marked 0 reclaim candidate 0 type array 1
[2024-12-07T18:48:46.399+0800][2.326s][debug][gc,humongous      ] GC(16) Live humongous region 160 object size 1048592 start 0x00000000ea000000  with remset 0 code roots 0 is marked 0 reclaim candidate 0 type array 1
[2024-12-07T18:48:46.399+0800][2.326s][debug][gc,humongous      ] GC(16) Live humongous region 162 object size 1048592 start 0x00000000ea200000  with remset 0 code roots 0 is marked 0 reclaim candidate 0 type array 1
[2024-12-07T18:48:46.399+0800][2.326s][debug][gc,humongous      ] GC(16) Live humongous region 164 object size 1048592 start 0x00000000ea400000  with remset 0 code roots 0 is marked 0 reclaim candidate 0 type array 1
[2024-12-07T18:48:46.399+0800][2.326s][debug][gc,humongous      ] GC(16) Live humongous region 166 object size 1048592 start 0x00000000ea600000  with remset 0 code roots 0 is marked 0 reclaim candidate 0 type array 1
[2024-12-07T18:48:46.399+0800][2.326s][debug][gc,humongous      ] GC(16) Live humongous region 168 object size 1048592 start 0x00000000ea800000  with remset 0 code roots 0 is marked 0 reclaim candidate 0 type array 1
[2024-12-07T18:48:46.399+0800][2.327s][debug][gc,humongous      ] GC(16) Live humongous region 170 object size 1048592 start 0x00000000eaa00000  with remset 0 code roots 0 is marked 0 reclaim candidate 0 type array 1
[2024-12-07T18:48:46.399+0800][2.327s][debug][gc,humongous      ] GC(16) Live humongous region 172 object size 1048592 start 0x00000000eac00000  with remset 0 code roots 0 is marked 0 reclaim candidate 0 type array 1
[2024-12-07T18:48:46.399+0800][2.327s][debug][gc,humongous      ] GC(16) Live humongous region 174 object size 1048592 start 0x00000000eae00000  with remset 0 code roots 0 is marked 0 reclaim candidate 0 type array 1
[2024-12-07T18:48:46.400+0800][2.327s][debug][gc,humongous      ] GC(16) Live humongous region 176 object size 1048592 start 0x00000000eb000000  with remset 0 code roots 0 is marked 0 reclaim candidate 0 type array 1
[2024-12-07T18:48:46.400+0800][2.327s][debug][gc,humongous      ] GC(16) Live humongous region 178 object size 1048592 start 0x00000000eb200000  with remset 0 code roots 0 is marked 0 reclaim candidate 0 type array 1
[2024-12-07T18:48:46.400+0800][2.327s][debug][gc,humongous      ] GC(16) Live humongous region 180 object size 1048592 start 0x00000000eb400000  with remset 0 code roots 0 is marked 0 reclaim candidate 0 type array 1
[2024-12-07T18:48:46.400+0800][2.327s][debug][gc,humongous      ] GC(16) Live humongous region 182 object size 1048592 start 0x00000000eb600000  with remset 0 code roots 0 is marked 0 reclaim candidate 0 type array 1
[2024-12-07T18:48:46.400+0800][2.327s][debug][gc,humongous      ] GC(16) Live humongous region 184 object size 1048592 start 0x00000000eb800000  with remset 0 code roots 0 is marked 0 reclaim candidate 0 type array 1
[2024-12-07T18:48:46.400+0800][2.327s][debug][gc,humongous      ] GC(16) Live humongous region 186 object size 1048592 start 0x00000000eba00000  with remset 0 code roots 0 is marked 0 reclaim candidate 0 type array 1
[2024-12-07T18:48:46.400+0800][2.327s][debug][gc,humongous      ] GC(16) Live humongous region 188 object size 1048592 start 0x00000000ebc00000  with remset 0 code roots 0 is marked 0 reclaim candidate 0 type array 1
[2024-12-07T18:48:46.400+0800][2.327s][debug][gc,humongous      ] GC(16) Live humongous region 190 object size 1048592 start 0x00000000ebe00000  with remset 0 code roots 0 is marked 0 reclaim candidate 0 type array 1
[2024-12-07T18:48:46.400+0800][2.328s][debug][gc,humongous      ] GC(16) Live humongous region 192 object size 1048592 start 0x00000000ec000000  with remset 0 code roots 0 is marked 0 reclaim candidate 0 type array 1
[2024-12-07T18:48:46.400+0800][2.328s][debug][gc,humongous      ] GC(16) Live humongous region 194 object size 1048592 start 0x00000000ec200000  with remset 0 code roots 0 is marked 0 reclaim candidate 0 type array 1
[2024-12-07T18:48:46.400+0800][2.328s][debug][gc,humongous      ] GC(16) Live humongous region 196 object size 1048592 start 0x00000000ec400000  with remset 0 code roots 0 is marked 0 reclaim candidate 0 type array 1
[2024-12-07T18:48:46.401+0800][2.328s][debug][gc,humongous      ] GC(16) Live humongous region 198 object size 1048592 start 0x00000000ec600000  with remset 0 code roots 0 is marked 0 reclaim candidate 0 type array 1
[2024-12-07T18:48:46.401+0800][2.328s][debug][gc,humongous      ] GC(16) Live humongous region 200 object size 1048592 start 0x00000000ec800000  with remset 0 code roots 0 is marked 0 reclaim candidate 0 type array 1
[2024-12-07T18:48:46.401+0800][2.328s][debug][gc,humongous      ] GC(16) Live humongous region 202 object size 1048592 start 0x00000000eca00000  with remset 0 code roots 0 is marked 0 reclaim candidate 0 type array 1
[2024-12-07T18:48:46.401+0800][2.328s][debug][gc,humongous      ] GC(16) Live humongous region 204 object size 1048592 start 0x00000000ecc00000  with remset 0 code roots 0 is marked 0 reclaim candidate 0 type array 1
[2024-12-07T18:48:46.401+0800][2.328s][debug][gc,humongous      ] GC(16) Live humongous region 206 object size 1048592 start 0x00000000ece00000  with remset 0 code roots 0 is marked 0 reclaim candidate 0 type array 1
[2024-12-07T18:48:46.401+0800][2.328s][debug][gc,humongous      ] GC(16) Live humongous region 208 object size 1048592 start 0x00000000ed000000  with remset 0 code roots 0 is marked 0 reclaim candidate 0 type array 1
[2024-12-07T18:48:46.401+0800][2.328s][debug][gc,humongous      ] GC(16) Live humongous region 210 object size 1048592 start 0x00000000ed200000  with remset 0 code roots 0 is marked 0 reclaim candidate 0 type array 1
[2024-12-07T18:48:46.401+0800][2.328s][debug][gc,humongous      ] GC(16) Live humongous region 212 object size 1048592 start 0x00000000ed400000  with remset 0 code roots 0 is marked 0 reclaim candidate 0 type array 1
[2024-12-07T18:48:46.401+0800][2.328s][debug][gc,humongous      ] GC(16) Live humongous region 214 object size 1048592 start 0x00000000ed600000  with remset 0 code roots 0 is marked 0 reclaim candidate 0 type array 1
[2024-12-07T18:48:46.401+0800][2.329s][debug][gc,humongous      ] GC(16) Live humongous region 216 object size 1048592 start 0x00000000ed800000  with remset 0 code roots 0 is marked 0 reclaim candidate 0 type array 1
[2024-12-07T18:48:46.401+0800][2.329s][debug][gc,humongous      ] GC(16) Live humongous region 218 object size 1048592 start 0x00000000eda00000  with remset 0 code roots 0 is marked 0 reclaim candidate 0 type array 1
[2024-12-07T18:48:46.402+0800][2.329s][debug][gc,humongous      ] GC(16) Live humongous region 220 object size 1048592 start 0x00000000edc00000  with remset 0 code roots 0 is marked 0 reclaim candidate 0 type array 1
[2024-12-07T18:48:46.402+0800][2.329s][debug][gc,humongous      ] GC(16) Live humongous region 222 object size 1048592 start 0x00000000ede00000  with remset 0 code roots 0 is marked 0 reclaim candidate 0 type array 1
[2024-12-07T18:48:46.402+0800][2.329s][debug][gc,humongous      ] GC(16) Live humongous region 224 object size 1048592 start 0x00000000ee000000  with remset 0 code roots 0 is marked 0 reclaim candidate 0 type array 1
[2024-12-07T18:48:46.402+0800][2.329s][debug][gc,humongous      ] GC(16) Live humongous region 226 object size 1048592 start 0x00000000ee200000  with remset 0 code roots 0 is marked 0 reclaim candidate 0 type array 1
[2024-12-07T18:48:46.402+0800][2.329s][debug][gc,humongous      ] GC(16) Live humongous region 228 object size 1048592 start 0x00000000ee400000  with remset 0 code roots 0 is marked 0 reclaim candidate 0 type array 1
[2024-12-07T18:48:46.402+0800][2.329s][debug][gc,humongous      ] GC(16) Live humongous region 230 object size 1048592 start 0x00000000ee600000  with remset 0 code roots 0 is marked 0 reclaim candidate 0 type array 1
[2024-12-07T18:48:46.402+0800][2.329s][debug][gc,humongous      ] GC(16) Live humongous region 232 object size 1048592 start 0x00000000ee800000  with remset 0 code roots 0 is marked 0 reclaim candidate 0 type array 1
[2024-12-07T18:48:46.402+0800][2.329s][debug][gc,humongous      ] GC(16) Live humongous region 234 object size 1048592 start 0x00000000eea00000  with remset 0 code roots 0 is marked 0 reclaim candidate 0 type array 1
[2024-12-07T18:48:46.402+0800][2.329s][debug][gc,humongous      ] GC(16) Live humongous region 236 object size 1048592 start 0x00000000eec00000  with remset 0 code roots 0 is marked 0 reclaim candidate 0 type array 1
[2024-12-07T18:48:46.402+0800][2.330s][debug][gc,humongous      ] GC(16) Live humongous region 238 object size 1048592 start 0x00000000eee00000  with remset 0 code roots 0 is marked 0 reclaim candidate 0 type array 1
[2024-12-07T18:48:46.402+0800][2.330s][debug][gc,humongous      ] GC(16) Live humongous region 240 object size 1048592 start 0x00000000ef000000  with remset 0 code roots 0 is marked 0 reclaim candidate 0 type array 1
[2024-12-07T18:48:46.403+0800][2.330s][debug][gc,humongous      ] GC(16) Live humongous region 242 object size 1048592 start 0x00000000ef200000  with remset 0 code roots 0 is marked 0 reclaim candidate 0 type array 1
[2024-12-07T18:48:46.403+0800][2.330s][debug][gc,humongous      ] GC(16) Live humongous region 244 object size 1048592 start 0x00000000ef400000  with remset 0 code roots 0 is marked 0 reclaim candidate 0 type array 1
[2024-12-07T18:48:46.403+0800][2.330s][debug][gc,humongous      ] GC(16) Live humongous region 246 object size 1048592 start 0x00000000ef600000  with remset 0 code roots 0 is marked 0 reclaim candidate 0 type array 1
[2024-12-07T18:48:46.403+0800][2.330s][debug][gc,humongous      ] GC(16) Live humongous region 248 object size 1048592 start 0x00000000ef800000  with remset 0 code roots 0 is marked 0 reclaim candidate 0 type array 1
[2024-12-07T18:48:46.403+0800][2.330s][debug][gc,humongous      ] GC(16) Live humongous region 250 object size 1048592 start 0x00000000efa00000  with remset 0 code roots 0 is marked 0 reclaim candidate 0 type array 1
[2024-12-07T18:48:46.403+0800][2.330s][debug][gc,humongous      ] GC(16) Live humongous region 252 object size 1048592 start 0x00000000efc00000  with remset 0 code roots 0 is marked 0 reclaim candidate 0 type array 1
[2024-12-07T18:48:46.403+0800][2.330s][debug][gc,humongous      ] GC(16) Live humongous region 254 object size 1048592 start 0x00000000efe00000  with remset 0 code roots 0 is marked 0 reclaim candidate 0 type array 1
[2024-12-07T18:48:46.403+0800][2.330s][debug][gc,humongous      ] GC(16) Live humongous region 256 object size 1048592 start 0x00000000f0000000  with remset 0 code roots 0 is marked 0 reclaim candidate 0 type array 1
[2024-12-07T18:48:46.403+0800][2.330s][debug][gc,humongous      ] GC(16) Live humongous region 258 object size 1048592 start 0x00000000f0200000  with remset 0 code roots 0 is marked 0 reclaim candidate 0 type array 1
[2024-12-07T18:48:46.403+0800][2.331s][debug][gc,humongous      ] GC(16) Live humongous region 260 object size 1048592 start 0x00000000f0400000  with remset 0 code roots 0 is marked 0 reclaim candidate 0 type array 1
[2024-12-07T18:48:46.403+0800][2.331s][debug][gc,humongous      ] GC(16) Live humongous region 262 object size 1048592 start 0x00000000f0600000  with remset 0 code roots 0 is marked 0 reclaim candidate 0 type array 1
[2024-12-07T18:48:46.404+0800][2.331s][debug][gc,humongous      ] GC(16) Live humongous region 264 object size 1048592 start 0x00000000f0800000  with remset 0 code roots 0 is marked 0 reclaim candidate 0 type array 1
[2024-12-07T18:48:46.404+0800][2.331s][debug][gc,humongous      ] GC(16) Live humongous region 266 object size 1048592 start 0x00000000f0a00000  with remset 0 code roots 0 is marked 0 reclaim candidate 0 type array 1
[2024-12-07T18:48:46.404+0800][2.331s][debug][gc,humongous      ] GC(16) Live humongous region 268 object size 1048592 start 0x00000000f0c00000  with remset 0 code roots 0 is marked 0 reclaim candidate 0 type array 1
[2024-12-07T18:48:46.404+0800][2.331s][debug][gc,humongous      ] GC(16) Live humongous region 270 object size 1048592 start 0x00000000f0e00000  with remset 0 code roots 0 is marked 0 reclaim candidate 0 type array 1
[2024-12-07T18:48:46.404+0800][2.331s][debug][gc,humongous      ] GC(16) Live humongous region 272 object size 1048592 start 0x00000000f1000000  with remset 0 code roots 0 is marked 0 reclaim candidate 0 type array 1
[2024-12-07T18:48:46.404+0800][2.331s][debug][gc,humongous      ] GC(16) Live humongous region 274 object size 1048592 start 0x00000000f1200000  with remset 0 code roots 0 is marked 0 reclaim candidate 0 type array 1
[2024-12-07T18:48:46.404+0800][2.332s][debug][gc,humongous      ] GC(16) Live humongous region 276 object size 1048592 start 0x00000000f1400000  with remset 0 code roots 0 is marked 0 reclaim candidate 0 type array 1
[2024-12-07T18:48:46.404+0800][2.332s][debug][gc,humongous      ] GC(16) Live humongous region 278 object size 1048592 start 0x00000000f1600000  with remset 0 code roots 0 is marked 0 reclaim candidate 0 type array 1
[2024-12-07T18:48:46.404+0800][2.332s][debug][gc,humongous      ] GC(16) Live humongous region 280 object size 1048592 start 0x00000000f1800000  with remset 0 code roots 0 is marked 0 reclaim candidate 0 type array 1
[2024-12-07T18:48:46.405+0800][2.332s][debug][gc,humongous      ] GC(16) Live humongous region 282 object size 1048592 start 0x00000000f1a00000  with remset 0 code roots 0 is marked 0 reclaim candidate 0 type array 1
[2024-12-07T18:48:46.405+0800][2.332s][debug][gc,humongous      ] GC(16) Live humongous region 284 object size 1048592 start 0x00000000f1c00000  with remset 0 code roots 0 is marked 0 reclaim candidate 0 type array 1
[2024-12-07T18:48:46.405+0800][2.332s][debug][gc,humongous      ] GC(16) Live humongous region 286 object size 1048592 start 0x00000000f1e00000  with remset 0 code roots 0 is marked 0 reclaim candidate 0 type array 1
[2024-12-07T18:48:46.405+0800][2.332s][debug][gc,humongous      ] GC(16) Live humongous region 288 object size 1048592 start 0x00000000f2000000  with remset 0 code roots 0 is marked 0 reclaim candidate 0 type array 1
[2024-12-07T18:48:46.405+0800][2.332s][debug][gc,humongous      ] GC(16) Live humongous region 290 object size 1048592 start 0x00000000f2200000  with remset 0 code roots 0 is marked 0 reclaim candidate 0 type array 1
[2024-12-07T18:48:46.405+0800][2.332s][debug][gc,humongous      ] GC(16) Live humongous region 292 object size 1048592 start 0x00000000f2400000  with remset 0 code roots 0 is marked 0 reclaim candidate 0 type array 1
[2024-12-07T18:48:46.405+0800][2.332s][debug][gc,humongous      ] GC(16) Live humongous region 294 object size 1048592 start 0x00000000f2600000  with remset 0 code roots 0 is marked 0 reclaim candidate 0 type array 1
[2024-12-07T18:48:46.405+0800][2.332s][debug][gc,humongous      ] GC(16) Live humongous region 296 object size 1048592 start 0x00000000f2800000  with remset 0 code roots 0 is marked 0 reclaim candidate 0 type array 1
[2024-12-07T18:48:46.405+0800][2.332s][debug][gc,humongous      ] GC(16) Live humongous region 298 object size 1048592 start 0x00000000f2a00000  with remset 0 code roots 0 is marked 0 reclaim candidate 0 type array 1
[2024-12-07T18:48:46.405+0800][2.333s][debug][gc,humongous      ] GC(16) Live humongous region 300 object size 1048592 start 0x00000000f2c00000  with remset 0 code roots 0 is marked 0 reclaim candidate 0 type array 1
[2024-12-07T18:48:46.405+0800][2.333s][debug][gc,humongous      ] GC(16) Live humongous region 302 object size 1048592 start 0x00000000f2e00000  with remset 0 code roots 0 is marked 0 reclaim candidate 0 type array 1
[2024-12-07T18:48:46.406+0800][2.333s][debug][gc,humongous      ] GC(16) Live humongous region 304 object size 1048592 start 0x00000000f3000000  with remset 0 code roots 0 is marked 0 reclaim candidate 0 type array 1
[2024-12-07T18:48:46.406+0800][2.333s][debug][gc,humongous      ] GC(16) Live humongous region 306 object size 1048592 start 0x00000000f3200000  with remset 0 code roots 0 is marked 0 reclaim candidate 0 type array 1
[2024-12-07T18:48:46.406+0800][2.333s][debug][gc,humongous      ] GC(16) Live humongous region 308 object size 1048592 start 0x00000000f3400000  with remset 0 code roots 0 is marked 0 reclaim candidate 0 type array 1
[2024-12-07T18:48:46.406+0800][2.333s][debug][gc,humongous      ] GC(16) Live humongous region 310 object size 1048592 start 0x00000000f3600000  with remset 0 code roots 0 is marked 0 reclaim candidate 0 type array 1
[2024-12-07T18:48:46.406+0800][2.333s][debug][gc,humongous      ] GC(16) Live humongous region 312 object size 1048592 start 0x00000000f3800000  with remset 0 code roots 0 is marked 0 reclaim candidate 0 type array 1
[2024-12-07T18:48:46.406+0800][2.333s][debug][gc,humongous      ] GC(16) Live humongous region 314 object size 1048592 start 0x00000000f3a00000  with remset 0 code roots 0 is marked 0 reclaim candidate 0 type array 1
[2024-12-07T18:48:46.406+0800][2.333s][debug][gc,humongous      ] GC(16) Live humongous region 316 object size 1048592 start 0x00000000f3c00000  with remset 0 code roots 0 is marked 0 reclaim candidate 0 type array 1
[2024-12-07T18:48:46.406+0800][2.333s][debug][gc,humongous      ] GC(16) Live humongous region 318 object size 1048592 start 0x00000000f3e00000  with remset 0 code roots 0 is marked 0 reclaim candidate 0 type array 1
[2024-12-07T18:48:46.406+0800][2.333s][debug][gc,humongous      ] GC(16) Live humongous region 320 object size 1048592 start 0x00000000f4000000  with remset 0 code roots 0 is marked 0 reclaim candidate 0 type array 1
[2024-12-07T18:48:46.406+0800][2.334s][debug][gc,humongous      ] GC(16) Live humongous region 322 object size 1048592 start 0x00000000f4200000  with remset 0 code roots 0 is marked 0 reclaim candidate 0 type array 1
[2024-12-07T18:48:46.406+0800][2.334s][debug][gc,humongous      ] GC(16) Live humongous region 324 object size 1048592 start 0x00000000f4400000  with remset 0 code roots 0 is marked 0 reclaim candidate 0 type array 1
[2024-12-07T18:48:46.406+0800][2.334s][debug][gc,humongous      ] GC(16) Live humongous region 326 object size 1048592 start 0x00000000f4600000  with remset 0 code roots 0 is marked 0 reclaim candidate 0 type array 1
[2024-12-07T18:48:46.407+0800][2.334s][debug][gc,humongous      ] GC(16) Live humongous region 328 object size 1048592 start 0x00000000f4800000  with remset 0 code roots 0 is marked 0 reclaim candidate 0 type array 1
[2024-12-07T18:48:46.407+0800][2.334s][debug][gc,humongous      ] GC(16) Live humongous region 330 object size 1048592 start 0x00000000f4a00000  with remset 0 code roots 0 is marked 0 reclaim candidate 0 type array 1
[2024-12-07T18:48:46.407+0800][2.334s][debug][gc,humongous      ] GC(16) Live humongous region 332 object size 1048592 start 0x00000000f4c00000  with remset 0 code roots 0 is marked 0 reclaim candidate 0 type array 1
[2024-12-07T18:48:46.407+0800][2.334s][debug][gc,humongous      ] GC(16) Live humongous region 334 object size 1048592 start 0x00000000f4e00000  with remset 0 code roots 0 is marked 0 reclaim candidate 0 type array 1
[2024-12-07T18:48:46.407+0800][2.334s][debug][gc,humongous      ] GC(16) Live humongous region 336 object size 1048592 start 0x00000000f5000000  with remset 0 code roots 0 is marked 0 reclaim candidate 0 type array 1
[2024-12-07T18:48:46.407+0800][2.334s][debug][gc,humongous      ] GC(16) Live humongous region 338 object size 1048592 start 0x00000000f5200000  with remset 0 code roots 0 is marked 0 reclaim candidate 0 type array 1
[2024-12-07T18:48:46.407+0800][2.334s][debug][gc,humongous      ] GC(16) Live humongous region 340 object size 1048592 start 0x00000000f5400000  with remset 0 code roots 0 is marked 0 reclaim candidate 0 type array 1
[2024-12-07T18:48:46.407+0800][2.334s][debug][gc,humongous      ] GC(16) Live humongous region 342 object size 1048592 start 0x00000000f5600000  with remset 0 code roots 0 is marked 0 reclaim candidate 0 type array 1
[2024-12-07T18:48:46.407+0800][2.335s][debug][gc,humongous      ] GC(16) Live humongous region 344 object size 1048592 start 0x00000000f5800000  with remset 0 code roots 0 is marked 0 reclaim candidate 0 type array 1
[2024-12-07T18:48:46.407+0800][2.335s][debug][gc,humongous      ] GC(16) Live humongous region 346 object size 1048592 start 0x00000000f5a00000  with remset 0 code roots 0 is marked 0 reclaim candidate 0 type array 1
[2024-12-07T18:48:46.407+0800][2.335s][debug][gc,humongous      ] GC(16) Live humongous region 348 object size 1048592 start 0x00000000f5c00000  with remset 0 code roots 0 is marked 0 reclaim candidate 0 type array 1
[2024-12-07T18:48:46.408+0800][2.335s][debug][gc,humongous      ] GC(16) Live humongous region 350 object size 1048592 start 0x00000000f5e00000  with remset 0 code roots 0 is marked 0 reclaim candidate 0 type array 1
[2024-12-07T18:48:46.408+0800][2.335s][debug][gc,humongous      ] GC(16) Live humongous region 352 object size 1048592 start 0x00000000f6000000  with remset 0 code roots 0 is marked 0 reclaim candidate 0 type array 1
[2024-12-07T18:48:46.408+0800][2.335s][debug][gc,humongous      ] GC(16) Live humongous region 354 object size 1048592 start 0x00000000f6200000  with remset 0 code roots 0 is marked 0 reclaim candidate 0 type array 1
[2024-12-07T18:48:46.408+0800][2.335s][debug][gc,humongous      ] GC(16) Live humongous region 356 object size 1048592 start 0x00000000f6400000  with remset 0 code roots 0 is marked 0 reclaim candidate 0 type array 1
[2024-12-07T18:48:46.408+0800][2.335s][debug][gc,humongous      ] GC(16) Live humongous region 358 object size 1048592 start 0x00000000f6600000  with remset 0 code roots 0 is marked 0 reclaim candidate 0 type array 1
[2024-12-07T18:48:46.408+0800][2.335s][debug][gc,humongous      ] GC(16) Live humongous region 360 object size 1048592 start 0x00000000f6800000  with remset 0 code roots 0 is marked 0 reclaim candidate 0 type array 1
[2024-12-07T18:48:46.408+0800][2.335s][debug][gc,humongous      ] GC(16) Live humongous region 362 object size 1048592 start 0x00000000f6a00000  with remset 0 code roots 0 is marked 0 reclaim candidate 0 type array 1
[2024-12-07T18:48:46.408+0800][2.335s][debug][gc,humongous      ] GC(16) Live humongous region 364 object size 1048592 start 0x00000000f6c00000  with remset 0 code roots 0 is marked 0 reclaim candidate 0 type array 1
[2024-12-07T18:48:46.408+0800][2.335s][debug][gc,humongous      ] GC(16) Live humongous region 366 object size 1048592 start 0x00000000f6e00000  with remset 0 code roots 0 is marked 0 reclaim candidate 0 type array 1
[2024-12-07T18:48:46.408+0800][2.336s][debug][gc,humongous      ] GC(16) Live humongous region 368 object size 1048592 start 0x00000000f7000000  with remset 0 code roots 0 is marked 0 reclaim candidate 0 type array 1
[2024-12-07T18:48:46.408+0800][2.336s][debug][gc,humongous      ] GC(16) Live humongous region 370 object size 1048592 start 0x00000000f7200000  with remset 0 code roots 0 is marked 0 reclaim candidate 0 type array 1
[2024-12-07T18:48:46.409+0800][2.336s][debug][gc,humongous      ] GC(16) Live humongous region 372 object size 1048592 start 0x00000000f7400000  with remset 0 code roots 0 is marked 0 reclaim candidate 0 type array 1
[2024-12-07T18:48:46.409+0800][2.336s][debug][gc,humongous      ] GC(16) Live humongous region 374 object size 1048592 start 0x00000000f7600000  with remset 0 code roots 0 is marked 0 reclaim candidate 0 type array 1
[2024-12-07T18:48:46.409+0800][2.336s][debug][gc,humongous      ] GC(16) Live humongous region 376 object size 1048592 start 0x00000000f7800000  with remset 0 code roots 0 is marked 0 reclaim candidate 0 type array 1
[2024-12-07T18:48:46.409+0800][2.336s][debug][gc,humongous      ] GC(16) Live humongous region 378 object size 1048592 start 0x00000000f7a00000  with remset 0 code roots 0 is marked 0 reclaim candidate 0 type array 1
[2024-12-07T18:48:46.409+0800][2.336s][debug][gc,plab           ] GC(16) Young PLAB allocation: allocated: 410040B, wasted: 1912B, unused: 39632B, used: 368496B, undo waste: 0B, 
[2024-12-07T18:48:46.409+0800][2.336s][debug][gc,plab           ] GC(16) Young other allocation: region end waste: 0B, regions filled: 1, direct allocated: 69744B, failure used: 0B, failure wasted: 0B
[2024-12-07T18:48:46.409+0800][2.336s][debug][gc,plab           ] GC(16) Young sizing: calculated: 73696B, actual: 73632B
[2024-12-07T18:48:46.409+0800][2.336s][debug][gc,plab           ] GC(16) Old PLAB allocation: allocated: 0B, wasted: 0B, unused: 0B, used: 0B, undo waste: 0B, 
[2024-12-07T18:48:46.409+0800][2.336s][debug][gc,plab           ] GC(16) Old other allocation: region end waste: 0B, regions filled: 0, direct allocated: 0B, failure used: 0B, failure wasted: 0B
[2024-12-07T18:48:46.409+0800][2.337s][debug][gc,plab           ] GC(16) Old sizing: calculated: 0B, actual: 2064B
[2024-12-07T18:48:46.409+0800][2.337s][debug][gc,alloc,stats    ] Old generation allocation in the last mutator period, old gen allocated: 0B, humongous allocated: 20971520B,old gen growth: 20971520B.
[2024-12-07T18:48:46.410+0800][2.337s][debug][gc,ihop           ] GC(16) Basic information (value update), threshold: 236873318B (45.00), target occupancy: 526385152B, current occupancy: 399675944B, recent allocation size: 20971520B, recent allocation duration: 95.91ms, recent old gen allocation rate: 218647702.03B/s, recent marking phase length: 0.00ms
[2024-12-07T18:48:46.410+0800][2.337s][debug][gc,ihop           ] GC(16) Adaptive IHOP information (value update), threshold: 236873318B (51.91), internal target occupancy: 456340275B, occupancy: 399675944B, additional buffer size: 37748736B, predicted old gen allocation rate: 200496456.08B/s, predicted marking phase length: 0.00ms, prediction active: false
[2024-12-07T18:48:46.410+0800][2.337s][debug][gc,ergo,refine    ] GC(16) Updated Refinement Zones: green: 18, yellow: 54, red: 90
[2024-12-07T18:48:46.410+0800][2.337s][info ][gc,phases         ] GC(16)   Pre Evacuate Collection Set: 0.1ms
[2024-12-07T18:48:46.410+0800][2.337s][debug][gc,phases         ] GC(16)     Prepare TLABs: 0.1ms
[2024-12-07T18:48:46.410+0800][2.337s][debug][gc,phases         ] GC(16)     Choose Collection Set: 0.1ms
[2024-12-07T18:48:46.410+0800][2.337s][debug][gc,phases         ] GC(16)     Humongous Register: 0.0ms
[2024-12-07T18:48:46.410+0800][2.337s][debug][gc,phases         ] GC(16)     Clear Claimed Marks: 0.0ms
[2024-12-07T18:48:46.410+0800][2.338s][info ][gc,phases         ] GC(16)   Evacuate Collection Set: 6.6ms
[2024-12-07T18:48:46.410+0800][2.338s][debug][gc,phases         ] GC(16)     Ext Root Scanning (ms):   Min:  0.1, Avg:  0.4, Max:  2.5, Diff:  2.4, Sum:  4.6, Workers: 12
[2024-12-07T18:48:46.410+0800][2.338s][debug][gc,phases         ] GC(16)     Update RS (ms):           Min:  0.0, Avg:  0.2, Max:  0.6, Diff:  0.6, Sum:  1.9, Workers: 12
[2024-12-07T18:48:46.411+0800][2.338s][debug][gc,phases         ] GC(16)       Processed Buffers:        Min: 0, Avg:  0.4, Max: 1, Diff: 1, Sum: 5, Workers: 12
[2024-12-07T18:48:46.411+0800][2.338s][debug][gc,phases         ] GC(16)       Scanned Cards:            Min: 0, Avg: 18.5, Max: 73, Diff: 73, Sum: 222, Workers: 12
[2024-12-07T18:48:46.411+0800][2.338s][debug][gc,phases         ] GC(16)       Skipped Cards:            Min: 0, Avg: 10.8, Max: 77, Diff: 77, Sum: 129, Workers: 12
[2024-12-07T18:48:46.411+0800][2.338s][debug][gc,phases         ] GC(16)     Scan RS (ms):             Min:  0.0, Avg:  0.1, Max:  0.3, Diff:  0.3, Sum:  0.6, Workers: 12
[2024-12-07T18:48:46.411+0800][2.338s][debug][gc,phases         ] GC(16)       Scanned Cards:            Min: 0, Avg:  4.9, Max: 31, Diff: 31, Sum: 59, Workers: 12
[2024-12-07T18:48:46.411+0800][2.338s][debug][gc,phases         ] GC(16)       Claimed Cards:            Min: 0, Avg: 18.5, Max: 64, Diff: 64, Sum: 222, Workers: 12
[2024-12-07T18:48:46.411+0800][2.338s][debug][gc,phases         ] GC(16)       Skipped Cards:            Min: 0, Avg: 55.5, Max: 192, Diff: 192, Sum: 666, Workers: 12
[2024-12-07T18:48:46.411+0800][2.338s][debug][gc,phases         ] GC(16)     Code Root Scanning (ms):  Min:  0.0, Avg:  0.0, Max:  0.1, Diff:  0.1, Sum:  0.1, Workers: 12
[2024-12-07T18:48:46.411+0800][2.339s][debug][gc,phases         ] GC(16)     AOT Root Scanning (ms):   skipped
[2024-12-07T18:48:46.411+0800][2.339s][debug][gc,phases         ] GC(16)     Object Copy (ms):         Min:  0.0, Avg:  0.1, Max:  0.3, Diff:  0.3, Sum:  1.3, Workers: 12
[2024-12-07T18:48:46.411+0800][2.339s][debug][gc,phases         ] GC(16)     Termination (ms):         Min:  0.0, Avg:  2.0, Max:  2.6, Diff:  2.6, Sum: 24.3, Workers: 12
[2024-12-07T18:48:46.412+0800][2.339s][debug][gc,phases         ] GC(16)       Termination Attempts:     Min: 1, Avg: 32.7, Max: 71, Diff: 70, Sum: 392, Workers: 12
[2024-12-07T18:48:46.412+0800][2.339s][debug][gc,phases         ] GC(16)     GC Worker Other (ms):     Min:  0.5, Avg:  2.4, Max:  3.6, Diff:  3.1, Sum: 28.2, Workers: 12
[2024-12-07T18:48:46.412+0800][2.339s][debug][gc,phases         ] GC(16)     GC Worker Total (ms):     Min:  3.0, Avg:  5.1, Max:  6.2, Diff:  3.1, Sum: 61.0, Workers: 12
[2024-12-07T18:48:46.412+0800][2.339s][info ][gc,phases         ] GC(16)   Post Evacuate Collection Set: 17.9ms
[2024-12-07T18:48:46.412+0800][2.339s][debug][gc,phases         ] GC(16)     Code Roots Fixup: 0.0ms
[2024-12-07T18:48:46.412+0800][2.339s][debug][gc,phases         ] GC(16)     Clear Card Table: 0.1ms
[2024-12-07T18:48:46.412+0800][2.339s][debug][gc,phases         ] GC(16)     Reference Processing: 0.2ms
[2024-12-07T18:48:46.412+0800][2.339s][debug][gc,phases,ref     ] GC(16)       Reconsider SoftReferences: 0.1ms
[2024-12-07T18:48:46.412+0800][2.339s][debug][gc,phases,ref     ] GC(16)         SoftRef (ms):             skipped
[2024-12-07T18:48:46.412+0800][2.340s][debug][gc,phases,ref     ] GC(16)       Notify Soft/WeakReferences: 0.0ms
[2024-12-07T18:48:46.412+0800][2.340s][debug][gc,phases,ref     ] GC(16)         SoftRef (ms):             Min:  0.0, Avg:  0.0, Max:  0.0, Diff:  0.0, Sum:  0.0, Workers: 1
[2024-12-07T18:48:46.412+0800][2.340s][debug][gc,phases,ref     ] GC(16)         WeakRef (ms):             Min:  0.0, Avg:  0.0, Max:  0.0, Diff:  0.0, Sum:  0.0, Workers: 1
[2024-12-07T18:48:46.413+0800][2.340s][debug][gc,phases,ref     ] GC(16)         FinalRef (ms):            Min:  0.0, Avg:  0.0, Max:  0.0, Diff:  0.0, Sum:  0.0, Workers: 1
[2024-12-07T18:48:46.413+0800][2.340s][debug][gc,phases,ref     ] GC(16)         Total (ms):               Min:  0.0, Avg:  0.0, Max:  0.0, Diff:  0.0, Sum:  0.0, Workers: 1
[2024-12-07T18:48:46.413+0800][2.340s][debug][gc,phases,ref     ] GC(16)       Notify and keep alive finalizable: 0.1ms
[2024-12-07T18:48:46.413+0800][2.340s][debug][gc,phases,ref     ] GC(16)         FinalRef (ms):            skipped
[2024-12-07T18:48:46.413+0800][2.340s][debug][gc,phases,ref     ] GC(16)       Notify PhantomReferences: 0.0ms
[2024-12-07T18:48:46.413+0800][2.340s][debug][gc,phases,ref     ] GC(16)         PhantomRef (ms):          Min:  0.0, Avg:  0.0, Max:  0.0, Diff:  0.0, Sum:  0.0, Workers: 1
[2024-12-07T18:48:46.413+0800][2.340s][debug][gc,phases,ref     ] GC(16)       SoftReference:
[2024-12-07T18:48:46.413+0800][2.340s][debug][gc,phases,ref     ] GC(16)         Discovered: 0
[2024-12-07T18:48:46.413+0800][2.341s][debug][gc,phases,ref     ] GC(16)         Cleared: 0
[2024-12-07T18:48:46.413+0800][2.341s][debug][gc,phases,ref     ] GC(16)       WeakReference:
[2024-12-07T18:48:46.413+0800][2.341s][debug][gc,phases,ref     ] GC(16)         Discovered: 9
[2024-12-07T18:48:46.414+0800][2.341s][debug][gc,phases,ref     ] GC(16)         Cleared: 9
[2024-12-07T18:48:46.414+0800][2.341s][debug][gc,phases,ref     ] GC(16)       FinalReference:
[2024-12-07T18:48:46.414+0800][2.341s][debug][gc,phases,ref     ] GC(16)         Discovered: 0
[2024-12-07T18:48:46.414+0800][2.341s][debug][gc,phases,ref     ] GC(16)         Cleared: 0
[2024-12-07T18:48:46.414+0800][2.341s][debug][gc,phases,ref     ] GC(16)       PhantomReference:
[2024-12-07T18:48:46.414+0800][2.341s][debug][gc,phases,ref     ] GC(16)         Discovered: 5
[2024-12-07T18:48:46.414+0800][2.341s][debug][gc,phases,ref     ] GC(16)         Cleared: 5
[2024-12-07T18:48:46.414+0800][2.341s][debug][gc,phases         ] GC(16)     Weak Processing: 0.0ms
[2024-12-07T18:48:46.414+0800][2.342s][debug][gc,phases         ] GC(16)     Merge Per-Thread State: 0.0ms
[2024-12-07T18:48:46.414+0800][2.342s][debug][gc,phases         ] GC(16)     Code Roots Purge: 0.0ms
[2024-12-07T18:48:46.414+0800][2.342s][debug][gc,phases         ] GC(16)     Redirty Cards: 0.1ms
[2024-12-07T18:48:46.415+0800][2.342s][debug][gc,phases         ] GC(16)     DerivedPointerTable Update: 0.0ms
[2024-12-07T18:48:46.415+0800][2.342s][debug][gc,phases         ] GC(16)     Free Collection Set: 0.1ms
[2024-12-07T18:48:46.415+0800][2.342s][debug][gc,phases         ] GC(16)     Humongous Reclaim: 17.4ms
[2024-12-07T18:48:46.415+0800][2.342s][debug][gc,phases         ] GC(16)     Start New Collection Set: 0.0ms
[2024-12-07T18:48:46.415+0800][2.342s][debug][gc,phases         ] GC(16)     Resize TLABs: 0.0ms
[2024-12-07T18:48:46.415+0800][2.342s][debug][gc,phases         ] GC(16)     Expand Heap After Collection: 0.0ms
[2024-12-07T18:48:46.415+0800][2.342s][info ][gc,phases         ] GC(16)   Other: 2.1ms
[2024-12-07T18:48:46.415+0800][2.342s][info ][gc,heap           ] GC(16) Eden regions: 1->0(35)
[2024-12-07T18:48:46.415+0800][2.343s][info ][gc,heap           ] GC(16) Survivor regions: 1->1(6)
[2024-12-07T18:48:46.415+0800][2.343s][info ][gc,heap           ] GC(16) Old regions: 2->2
[2024-12-07T18:48:46.415+0800][2.343s][info ][gc,heap           ] GC(16) Humongous regions: 380->380
[2024-12-07T18:48:46.416+0800][2.343s][info ][gc,metaspace      ] GC(16) Metaspace: 554K(4864K)->554K(4864K) NonClass: 507K(4352K)->507K(4352K) Class: 46K(512K)->46K(512K)
[2024-12-07T18:48:46.416+0800][2.343s][debug][gc,heap           ] GC(16) Heap after GC invocations=17 (full 0): garbage-first heap   total 516096K, used 390308K [0x00000000e0000000, 0x0000000100000000)
[2024-12-07T18:48:46.416+0800][2.343s][debug][gc,heap           ] GC(16)   region size 1024K, 1 young (1024K), 1 survivors (1024K)
[2024-12-07T18:48:46.416+0800][2.343s][debug][gc,heap           ] GC(16)  Metaspace       used 554K, capacity 4570K, committed 4864K, reserved 1056768K
[2024-12-07T18:48:46.416+0800][2.343s][debug][gc,heap           ] GC(16)   class space    used 46K, capacity 419K, committed 512K, reserved 1048576K
[2024-12-07T18:48:46.416+0800][2.343s][info ][gc                ] GC(16) Pause Young (Concurrent Start) (G1 Humongous Allocation) 381M->381M(504M) 32.353ms
[2024-12-07T18:48:46.416+0800][2.343s][info ][gc,cpu            ] GC(16) User=0.03s Sys=0.00s Real=0.03s
[2024-12-07T18:48:46.416+0800][2.344s][info ][gc                ] GC(17) Concurrent Cycle
[2024-12-07T18:48:46.416+0800][2.344s][info ][gc,marking        ] GC(17) Concurrent Clear Claimed Marks
[2024-12-07T18:48:46.417+0800][2.344s][info ][gc,marking        ] GC(17) Concurrent Clear Claimed Marks 0.102ms
[2024-12-07T18:48:46.417+0800][2.344s][info ][gc,marking        ] GC(17) Concurrent Scan Root Regions
[2024-12-07T18:48:46.417+0800][2.344s][debug][gc,ergo           ] GC(17) Running G1 Root Region Scan using 1 workers for 1 work units.
[2024-12-07T18:48:46.417+0800][2.344s][info ][gc,marking        ] GC(17) Concurrent Scan Root Regions 0.525ms
[2024-12-07T18:48:46.417+0800][2.344s][info ][gc,marking        ] GC(17) Concurrent Mark (2.344s)
[2024-12-07T18:48:46.417+0800][2.345s][info ][gc,marking        ] GC(17) Concurrent Mark From Roots
[2024-12-07T18:48:46.417+0800][2.345s][info ][gc,task           ] GC(17) Using 5 workers of 5 for marking
[2024-12-07T18:48:46.418+0800][2.345s][debug][gc,stats          ] ---------------------------------------------------------------------
[2024-12-07T18:48:46.418+0800][2.345s][debug][gc,stats          ] Marking Stats, task = 0, calls = 25
[2024-12-07T18:48:46.418+0800][2.346s][debug][gc,stats          ]   Elapsed time = 0.44ms, Termination time = 0.00ms
[2024-12-07T18:48:46.418+0800][2.346s][debug][gc,stats          ]   Step Times (cum): num = 818, avg = 0.01ms, sd = 0.18ms max = 3.25ms, total = 9.46ms
[2024-12-07T18:48:46.419+0800][2.346s][debug][gc,stats          ]   Mark Stats Cache: hits 4434 misses 191 ratio 95.870
[2024-12-07T18:48:46.419+0800][2.346s][debug][gc,stats          ] ---------------------------------------------------------------------
[2024-12-07T18:48:46.419+0800][2.346s][debug][gc,stats          ] Marking Stats, task = 1, calls = 31
[2024-12-07T18:48:46.419+0800][2.346s][debug][gc,stats          ]   Elapsed time = 0.43ms, Termination time = 0.00ms
[2024-12-07T18:48:46.419+0800][2.346s][debug][gc,stats          ]   Step Times (cum): num = 234, avg = 0.04ms, sd = 0.34ms max = 3.25ms, total = 9.58ms
[2024-12-07T18:48:46.419+0800][2.346s][debug][gc,stats          ]   Mark Stats Cache: hits 629 misses 2 ratio 99.683
[2024-12-07T18:48:46.419+0800][2.346s][debug][gc,stats          ] ---------------------------------------------------------------------
[2024-12-07T18:48:46.419+0800][2.346s][debug][gc,stats          ] Marking Stats, task = 2, calls = 33
[2024-12-07T18:48:46.419+0800][2.346s][debug][gc,stats          ]   Elapsed time = 0.42ms, Termination time = 0.00ms
[2024-12-07T18:48:46.419+0800][2.347s][debug][gc,stats          ]   Step Times (cum): num = 307, avg = 0.03ms, sd = 0.30ms max = 3.25ms, total = 9.51ms
[2024-12-07T18:48:46.419+0800][2.347s][debug][gc,stats          ]   Mark Stats Cache: hits 568 misses 2 ratio 99.649
[2024-12-07T18:48:46.420+0800][2.347s][debug][gc,stats          ] ---------------------------------------------------------------------
[2024-12-07T18:48:46.420+0800][2.347s][debug][gc,stats          ] Marking Stats, task = 3, calls = 1
[2024-12-07T18:48:46.420+0800][2.347s][debug][gc,stats          ]   Elapsed time = 0.40ms, Termination time = 0.00ms
[2024-12-07T18:48:46.420+0800][2.347s][debug][gc,stats          ]   Step Times (cum): num = 275, avg = 0.03ms, sd = 0.31ms max = 3.25ms, total = 9.39ms
[2024-12-07T18:48:46.420+0800][2.347s][debug][gc,stats          ]   Mark Stats Cache: hits 4295 misses 2 ratio 99.953
[2024-12-07T18:48:46.420+0800][2.347s][debug][gc,stats          ] ---------------------------------------------------------------------
[2024-12-07T18:48:46.420+0800][2.348s][debug][gc,stats          ] Marking Stats, task = 4, calls = 36
[2024-12-07T18:48:46.420+0800][2.348s][debug][gc,stats          ]   Elapsed time = 0.41ms, Termination time = 0.00ms
[2024-12-07T18:48:46.421+0800][2.348s][debug][gc,stats          ]   Step Times (cum): num = 291, avg = 0.03ms, sd = 0.30ms max = 3.25ms, total = 9.37ms
[2024-12-07T18:48:46.421+0800][2.348s][debug][gc,stats          ]   Mark Stats Cache: hits 559 misses 1 ratio 99.821
[2024-12-07T18:48:46.421+0800][2.348s][debug][gc,stats          ] ---------------------------------------------------------------------
[2024-12-07T18:48:46.421+0800][2.348s][info ][gc,marking        ] GC(17) Concurrent Mark From Roots 3.399ms
[2024-12-07T18:48:46.421+0800][2.348s][info ][gc,marking        ] GC(17) Concurrent Preclean
[2024-12-07T18:48:46.421+0800][2.348s][debug][gc,ref,start      ] GC(17) Preclean SoftReferences
[2024-12-07T18:48:46.421+0800][2.348s][debug][gc,ref            ] GC(17) Preclean SoftReferences 0.096ms
[2024-12-07T18:48:46.421+0800][2.348s][debug][gc,ref,start      ] GC(17) Preclean WeakReferences
[2024-12-07T18:48:46.421+0800][2.348s][debug][gc,ref            ] GC(17) Preclean WeakReferences 0.099ms
[2024-12-07T18:48:46.421+0800][2.349s][debug][gc,ref,start      ] GC(17) Preclean FinalReferences
[2024-12-07T18:48:46.421+0800][2.349s][debug][gc,ref            ] GC(17) Preclean FinalReferences 0.096ms
[2024-12-07T18:48:46.422+0800][2.349s][debug][gc,ref,start      ] GC(17) Preclean PhantomReferences
[2024-12-07T18:48:46.422+0800][2.349s][debug][gc,ref            ] GC(17) Preclean PhantomReferences 0.112ms
[2024-12-07T18:48:46.422+0800][2.349s][info ][gc,marking        ] GC(17) Concurrent Preclean 0.848ms
[2024-12-07T18:48:46.422+0800][2.349s][info ][gc,marking        ] GC(17) Concurrent Mark (2.344s, 2.349s) 4.534ms
[2024-12-07T18:48:46.422+0800][2.349s][info ][gc,start          ] GC(17) Pause Remark
[2024-12-07T18:48:46.422+0800][2.349s][debug][gc,phases,start   ] GC(17) Finalize Marking
[2024-12-07T18:48:46.425+0800][2.352s][debug][gc,stats          ] ---------------------------------------------------------------------
[2024-12-07T18:48:46.425+0800][2.352s][debug][gc,stats          ] Marking Stats, task = 0, calls = 98
[2024-12-07T18:48:46.425+0800][2.352s][debug][gc,stats          ]   Elapsed time = 2.37ms, Termination time = 1.73ms
[2024-12-07T18:48:46.425+0800][2.353s][debug][gc,stats          ]   Step Times (cum): num = 891, avg = 0.01ms, sd = 0.18ms max = 3.25ms, total = 11.19ms
[2024-12-07T18:48:46.425+0800][2.353s][debug][gc,stats          ]   Mark Stats Cache: hits 4434 misses 191 ratio 95.870
[2024-12-07T18:48:46.426+0800][2.353s][debug][gc,stats          ] ---------------------------------------------------------------------
[2024-12-07T18:48:46.426+0800][2.353s][debug][gc,stats          ] Marking Stats, task = 1, calls = 32
[2024-12-07T18:48:46.426+0800][2.353s][debug][gc,stats          ]   Elapsed time = 2.38ms, Termination time = 1.72ms
[2024-12-07T18:48:46.426+0800][2.353s][debug][gc,stats          ]   Step Times (cum): num = 235, avg = 0.05ms, sd = 0.36ms max = 3.25ms, total = 11.31ms
[2024-12-07T18:48:46.426+0800][2.354s][debug][gc,stats          ]   Mark Stats Cache: hits 629 misses 2 ratio 99.683
[2024-12-07T18:48:46.427+0800][2.354s][debug][gc,stats          ] ---------------------------------------------------------------------
[2024-12-07T18:48:46.427+0800][2.354s][debug][gc,stats          ] Marking Stats, task = 2, calls = 34
[2024-12-07T18:48:46.427+0800][2.354s][debug][gc,stats          ]   Elapsed time = 2.37ms, Termination time = 1.73ms
[2024-12-07T18:48:46.427+0800][2.354s][debug][gc,stats          ]   Step Times (cum): num = 308, avg = 0.04ms, sd = 0.31ms max = 3.25ms, total = 11.24ms
[2024-12-07T18:48:46.427+0800][2.354s][debug][gc,stats          ]   Mark Stats Cache: hits 568 misses 2 ratio 99.649
[2024-12-07T18:48:46.427+0800][2.355s][debug][gc,stats          ] ---------------------------------------------------------------------
[2024-12-07T18:48:46.427+0800][2.355s][debug][gc,stats          ] Marking Stats, task = 3, calls = 2
[2024-12-07T18:48:46.428+0800][2.355s][debug][gc,stats          ]   Elapsed time = 2.37ms, Termination time = 1.73ms
[2024-12-07T18:48:46.428+0800][2.355s][debug][gc,stats          ]   Step Times (cum): num = 276, avg = 0.04ms, sd = 0.33ms max = 3.25ms, total = 11.12ms
[2024-12-07T18:48:46.428+0800][2.355s][debug][gc,stats          ]   Mark Stats Cache: hits 4295 misses 2 ratio 99.953
[2024-12-07T18:48:46.428+0800][2.355s][debug][gc,stats          ] ---------------------------------------------------------------------
[2024-12-07T18:48:46.428+0800][2.355s][debug][gc,stats          ] Marking Stats, task = 4, calls = 37
[2024-12-07T18:48:46.428+0800][2.355s][debug][gc,stats          ]   Elapsed time = 2.38ms, Termination time = 1.74ms
[2024-12-07T18:48:46.428+0800][2.355s][debug][gc,stats          ]   Step Times (cum): num = 292, avg = 0.04ms, sd = 0.32ms max = 3.25ms, total = 11.11ms
[2024-12-07T18:48:46.428+0800][2.355s][debug][gc,stats          ]   Mark Stats Cache: hits 559 misses 1 ratio 99.821
[2024-12-07T18:48:46.428+0800][2.355s][debug][gc,stats          ] ---------------------------------------------------------------------
[2024-12-07T18:48:46.428+0800][2.356s][debug][gc,stats          ] Marking Stats, task = 5, calls = 1
[2024-12-07T18:48:46.428+0800][2.356s][debug][gc,stats          ]   Elapsed time = 2.38ms, Termination time = 1.75ms
[2024-12-07T18:48:46.428+0800][2.356s][debug][gc,stats          ]   Step Times (cum): num = 9, avg = 1.23ms, sd = 1.34ms max = 3.25ms, total = 11.10ms
[2024-12-07T18:48:46.429+0800][2.356s][debug][gc,stats          ]   Mark Stats Cache: hits 0 misses 0 ratio 0.000
[2024-12-07T18:48:46.429+0800][2.356s][debug][gc,stats          ] ---------------------------------------------------------------------
[2024-12-07T18:48:46.429+0800][2.356s][debug][gc,stats          ] Marking Stats, task = 6, calls = 1
[2024-12-07T18:48:46.429+0800][2.356s][debug][gc,stats          ]   Elapsed time = 2.39ms, Termination time = 1.75ms
[2024-12-07T18:48:46.429+0800][2.356s][debug][gc,stats          ]   Step Times (cum): num = 9, avg = 1.27ms, sd = 1.36ms max = 3.43ms, total = 11.44ms
[2024-12-07T18:48:46.429+0800][2.356s][debug][gc,stats          ]   Mark Stats Cache: hits 0 misses 0 ratio 0.000
[2024-12-07T18:48:46.429+0800][2.356s][debug][gc,stats          ] ---------------------------------------------------------------------
[2024-12-07T18:48:46.429+0800][2.356s][debug][gc,stats          ] Marking Stats, task = 7, calls = 1
[2024-12-07T18:48:46.429+0800][2.357s][debug][gc,stats          ]   Elapsed time = 2.25ms, Termination time = 1.88ms
[2024-12-07T18:48:46.429+0800][2.357s][debug][gc,stats          ]   Step Times (cum): num = 9, avg = 1.26ms, sd = 1.32ms max = 3.25ms, total = 11.33ms
[2024-12-07T18:48:46.429+0800][2.357s][debug][gc,stats          ]   Mark Stats Cache: hits 0 misses 0 ratio 0.000
[2024-12-07T18:48:46.430+0800][2.357s][debug][gc,stats          ] ---------------------------------------------------------------------
[2024-12-07T18:48:46.430+0800][2.357s][debug][gc,stats          ] Marking Stats, task = 8, calls = 1
[2024-12-07T18:48:46.430+0800][2.357s][debug][gc,stats          ]   Elapsed time = 2.28ms, Termination time = 1.91ms
[2024-12-07T18:48:46.430+0800][2.357s][debug][gc,stats          ]   Step Times (cum): num = 9, avg = 1.28ms, sd = 1.36ms max = 3.43ms, total = 11.50ms
[2024-12-07T18:48:46.430+0800][2.357s][debug][gc,stats          ]   Mark Stats Cache: hits 0 misses 0 ratio 0.000
[2024-12-07T18:48:46.430+0800][2.357s][debug][gc,stats          ] ---------------------------------------------------------------------
[2024-12-07T18:48:46.430+0800][2.357s][debug][gc,stats          ] Marking Stats, task = 9, calls = 1
[2024-12-07T18:48:46.430+0800][2.357s][debug][gc,stats          ]   Elapsed time = 2.42ms, Termination time = 1.78ms
[2024-12-07T18:48:46.430+0800][2.358s][debug][gc,stats          ]   Step Times (cum): num = 9, avg = 1.21ms, sd = 1.28ms max = 3.25ms, total = 10.93ms
[2024-12-07T18:48:46.430+0800][2.358s][debug][gc,stats          ]   Mark Stats Cache: hits 0 misses 0 ratio 0.000
[2024-12-07T18:48:46.430+0800][2.358s][debug][gc,stats          ] ---------------------------------------------------------------------
[2024-12-07T18:48:46.431+0800][2.358s][debug][gc,stats          ] Marking Stats, task = 10, calls = 1
[2024-12-07T18:48:46.431+0800][2.358s][debug][gc,stats          ]   Elapsed time = 2.17ms, Termination time = 1.93ms
[2024-12-07T18:48:46.431+0800][2.358s][debug][gc,stats          ]   Step Times (cum): num = 9, avg = 0.58ms, sd = 1.06ms max = 3.05ms, total = 5.18ms
[2024-12-07T18:48:46.431+0800][2.358s][debug][gc,stats          ]   Mark Stats Cache: hits 0 misses 0 ratio 0.000
[2024-12-07T18:48:46.431+0800][2.358s][debug][gc,stats          ] ---------------------------------------------------------------------
[2024-12-07T18:48:46.431+0800][2.358s][debug][gc,stats          ] Marking Stats, task = 11, calls = 1
[2024-12-07T18:48:46.431+0800][2.358s][debug][gc,stats          ]   Elapsed time = 0.01ms, Termination time = 0.00ms
[2024-12-07T18:48:46.431+0800][2.358s][debug][gc,stats          ]   Step Times (cum): num = 9, avg = 0.00ms, sd = 0.00ms max = 0.00ms, total = 0.00ms
[2024-12-07T18:48:46.431+0800][2.358s][debug][gc,stats          ]   Mark Stats Cache: hits 0 misses 0 ratio 0.000
[2024-12-07T18:48:46.431+0800][2.359s][debug][gc,stats          ] ---------------------------------------------------------------------
[2024-12-07T18:48:46.431+0800][2.359s][debug][gc,phases         ] GC(17) Finalize Marking 9.318ms
[2024-12-07T18:48:46.432+0800][2.359s][debug][gc,phases,start   ] GC(17) Reference Processing
[2024-12-07T18:48:46.432+0800][2.359s][debug][gc,ref            ] GC(17) Skipped phase1 of Reference Processing due to unavailable references
[2024-12-07T18:48:46.432+0800][2.359s][debug][gc,ref            ] GC(17) Skipped phase2 of Reference Processing due to unavailable references
[2024-12-07T18:48:46.432+0800][2.359s][debug][gc,ref            ] GC(17) Skipped phase3 of Reference Processing due to unavailable references
[2024-12-07T18:48:46.432+0800][2.359s][debug][gc,ref            ] GC(17) Skipped phase4 of Reference Processing due to unavailable references
[2024-12-07T18:48:46.432+0800][2.359s][debug][gc,phases,ref     ] GC(17) Reference Processing: 0.4ms
[2024-12-07T18:48:46.432+0800][2.359s][debug][gc,phases,ref     ] GC(17)   Reconsider SoftReferences: 0.1ms
[2024-12-07T18:48:46.432+0800][2.359s][debug][gc,phases,ref     ] GC(17)     SoftRef (ms):             skipped
[2024-12-07T18:48:46.432+0800][2.359s][debug][gc,phases,ref     ] GC(17)   Notify Soft/WeakReferences: 0.1ms
[2024-12-07T18:48:46.432+0800][2.360s][debug][gc,phases,ref     ] GC(17)     SoftRef (ms):             skipped
[2024-12-07T18:48:46.432+0800][2.360s][debug][gc,phases,ref     ] GC(17)     WeakRef (ms):             skipped
[2024-12-07T18:48:46.433+0800][2.360s][debug][gc,phases,ref     ] GC(17)     FinalRef (ms):            skipped
[2024-12-07T18:48:46.433+0800][2.360s][debug][gc,phases,ref     ] GC(17)     Total (ms):               skipped
[2024-12-07T18:48:46.433+0800][2.360s][debug][gc,phases,ref     ] GC(17)   Notify and keep alive finalizable: 0.1ms
[2024-12-07T18:48:46.433+0800][2.360s][debug][gc,phases,ref     ] GC(17)     FinalRef (ms):            skipped
[2024-12-07T18:48:46.433+0800][2.360s][debug][gc,phases,ref     ] GC(17)   Notify PhantomReferences: 0.1ms
[2024-12-07T18:48:46.433+0800][2.360s][debug][gc,phases,ref     ] GC(17)     PhantomRef (ms):          skipped
[2024-12-07T18:48:46.433+0800][2.360s][debug][gc,phases,ref     ] GC(17)   SoftReference:
[2024-12-07T18:48:46.433+0800][2.361s][debug][gc,phases,ref     ] GC(17)     Discovered: 0
[2024-12-07T18:48:46.433+0800][2.361s][debug][gc,phases,ref     ] GC(17)     Cleared: 0
[2024-12-07T18:48:46.434+0800][2.361s][debug][gc,phases,ref     ] GC(17)   WeakReference:
[2024-12-07T18:48:46.434+0800][2.361s][debug][gc,phases,ref     ] GC(17)     Discovered: 0
[2024-12-07T18:48:46.434+0800][2.361s][debug][gc,phases,ref     ] GC(17)     Cleared: 0
[2024-12-07T18:48:46.434+0800][2.361s][debug][gc,phases,ref     ] GC(17)   FinalReference:
[2024-12-07T18:48:46.434+0800][2.361s][debug][gc,phases,ref     ] GC(17)     Discovered: 0
[2024-12-07T18:48:46.434+0800][2.361s][debug][gc,phases,ref     ] GC(17)     Cleared: 0
[2024-12-07T18:48:46.434+0800][2.361s][debug][gc,phases,ref     ] GC(17)   PhantomReference:
[2024-12-07T18:48:46.434+0800][2.361s][debug][gc,phases,ref     ] GC(17)     Discovered: 0
[2024-12-07T18:48:46.434+0800][2.362s][debug][gc,phases,ref     ] GC(17)     Cleared: 0
[2024-12-07T18:48:46.434+0800][2.362s][debug][gc,phases         ] GC(17) Reference Processing 2.849ms
[2024-12-07T18:48:46.434+0800][2.362s][debug][gc,phases,start   ] GC(17) Weak Processing
[2024-12-07T18:48:46.435+0800][2.362s][debug][gc,phases         ] GC(17) Weak Processing 0.091ms
[2024-12-07T18:48:46.435+0800][2.362s][debug][gc,phases,start   ] GC(17) Class Unloading
[2024-12-07T18:48:46.435+0800][2.362s][debug][gc,phases,start   ] GC(17) ClassLoaderData
[2024-12-07T18:48:46.435+0800][2.362s][debug][gc,phases         ] GC(17) ClassLoaderData 0.097ms
[2024-12-07T18:48:46.435+0800][2.362s][debug][gc,phases,start   ] GC(17) ProtectionDomainCacheTable
[2024-12-07T18:48:46.435+0800][2.362s][debug][gc,phases         ] GC(17) ProtectionDomainCacheTable 0.095ms
[2024-12-07T18:48:46.435+0800][2.363s][info ][gc,stringtable    ] GC(17) Cleaned string and symbol table, strings: 39 processed, 0 removed, symbols: 191 processed, 0 removed
[2024-12-07T18:48:46.436+0800][2.363s][debug][gc,phases         ] GC(17) Class Unloading 0.887ms
[2024-12-07T18:48:46.436+0800][2.363s][debug][gc,phases,start   ] GC(17) Flush Task Caches
[2024-12-07T18:48:46.436+0800][2.363s][debug][gc,stats          ] Mark stats cache hits 10485 misses 198 ratio 98.147
[2024-12-07T18:48:46.436+0800][2.363s][debug][gc,phases         ] GC(17) Flush Task Caches 0.200ms
[2024-12-07T18:48:46.436+0800][2.363s][debug][gc,phases,start   ] GC(17) Update Remembered Set Tracking Before Rebuild
[2024-12-07T18:48:46.436+0800][2.363s][debug][gc,ergo           ] GC(17) Running G1 Update RemSet Tracking Before Rebuild using 2 workers for 504 regions in heap
[2024-12-07T18:48:46.436+0800][2.364s][debug][gc,remset,tracking] GC(17) Remembered Set Tracking update regions total 504, selected 0
[2024-12-07T18:48:46.437+0800][2.364s][debug][gc,phases         ] GC(17) Update Remembered Set Tracking Before Rebuild 0.565ms
[2024-12-07T18:48:46.437+0800][2.364s][debug][gc,phases,start   ] GC(17) Reclaim Empty Regions
[2024-12-07T18:48:46.437+0800][2.364s][debug][gc,phases         ] GC(17) Reclaim Empty Regions 0.178ms
[2024-12-07T18:48:46.437+0800][2.364s][debug][gc,phases,start   ] GC(17) Purge Metaspace
[2024-12-07T18:48:46.437+0800][2.364s][debug][gc,phases         ] GC(17) Purge Metaspace 0.088ms
[2024-12-07T18:48:46.437+0800][2.364s][debug][gc,phases,start   ] GC(17) Report Object Count
[2024-12-07T18:48:46.437+0800][2.364s][debug][gc,phases         ] GC(17) Report Object Count 0.088ms
[2024-12-07T18:48:46.437+0800][2.364s][info ][gc                ] GC(17) Pause Remark 401M->401M(504M) 15.227ms
[2024-12-07T18:48:46.437+0800][2.365s][info ][gc,cpu            ] GC(17) User=0.02s Sys=0.00s Real=0.01s
[2024-12-07T18:48:46.437+0800][2.365s][info ][gc,marking        ] GC(17) Concurrent Rebuild Remembered Sets
[2024-12-07T18:48:46.438+0800][2.365s][info ][gc,marking        ] GC(17) Concurrent Rebuild Remembered Sets 0.288ms
[2024-12-07T18:48:46.438+0800][2.365s][info ][gc,start          ] GC(17) Pause Cleanup
[2024-12-07T18:48:46.438+0800][2.365s][debug][gc,phases,start   ] GC(17) Update Remembered Set Tracking After Rebuild
[2024-12-07T18:48:46.438+0800][2.365s][debug][gc,phases         ] GC(17) Update Remembered Set Tracking After Rebuild 0.094ms
[2024-12-07T18:48:46.438+0800][2.365s][debug][gc,phases,start   ] GC(17) Finalize Concurrent Mark Cleanup
[2024-12-07T18:48:46.438+0800][2.366s][debug][gc,ergo           ] GC(17) request young-only gcs (candidate old regions not available)
[2024-12-07T18:48:46.438+0800][2.366s][debug][gc,phases         ] GC(17) Finalize Concurrent Mark Cleanup 0.271ms
[2024-12-07T18:48:46.439+0800][2.366s][info ][gc                ] GC(17) Pause Cleanup 401M->401M(504M) 0.637ms
[2024-12-07T18:48:46.439+0800][2.366s][info ][gc,cpu            ] GC(17) User=0.00s Sys=0.00s Real=0.00s
[2024-12-07T18:48:46.439+0800][2.366s][info ][gc,marking        ] GC(17) Concurrent Cleanup for Next Mark
[2024-12-07T18:48:46.439+0800][2.366s][debug][gc,ergo           ] GC(17) Running G1 Clear Bitmap with 5 workers for 8 work units.
[2024-12-07T18:48:46.439+0800][2.366s][info ][gc,marking        ] GC(17) Concurrent Cleanup for Next Mark 0.317ms
[2024-12-07T18:48:46.439+0800][2.366s][info ][gc                ] GC(17) Concurrent Cycle 22.849ms
[2024-12-07T18:48:46.520+0800][2.447s][debug][gc,ergo,ihop      ] Request concurrent cycle initiation (occupancy higher than threshold) occupancy: 421527552B allocation request: 1048592B threshold: 236873318B (44.82) source: concurrent humongous allocation
[2024-12-07T18:48:46.521+0800][2.448s][debug][gc,ergo           ] Request concurrent cycle initiation (requested by GC cause). GC cause: G1 Humongous Allocation
[2024-12-07T18:48:46.521+0800][2.448s][debug][gc,heap           ] GC(18) Heap before GC invocations=18 (full 0): garbage-first heap   total 516096K, used 410788K [0x00000000e0000000, 0x0000000100000000)
[2024-12-07T18:48:46.521+0800][2.449s][debug][gc,heap           ] GC(18)   region size 1024K, 2 young (2048K), 1 survivors (1024K)
[2024-12-07T18:48:46.522+0800][2.449s][debug][gc,heap           ] GC(18)  Metaspace       used 554K, capacity 4570K, committed 4864K, reserved 1056768K
[2024-12-07T18:48:46.522+0800][2.449s][debug][gc,heap           ] GC(18)   class space    used 46K, capacity 419K, committed 512K, reserved 1048576K
[2024-12-07T18:48:46.522+0800][2.449s][debug][gc,ergo           ] GC(18) Initiate concurrent cycle (concurrent cycle initiation requested)
[2024-12-07T18:48:46.522+0800][2.450s][info ][gc,start          ] GC(18) Pause Young (Concurrent Start) (G1 Humongous Allocation)
[2024-12-07T18:48:46.522+0800][2.450s][info ][gc,task           ] GC(18) Using 12 workers of 18 for evacuation
[2024-12-07T18:48:46.523+0800][2.450s][debug][gc,tlab           ] GC(18) TLAB totals: thrds: 1  refills: 1 max: 1 slow allocs: 1 max 1 waste: 100.0% gc: 524128B max: 524128B slow: 0B max: 0B fast: 0B max: 0B
[2024-12-07T18:48:46.523+0800][2.450s][debug][gc,alloc,region   ] GC(18) Mutator Allocation stats, regions: 1, wasted size: 0B ( 0.0%)
[2024-12-07T18:48:46.523+0800][2.450s][debug][gc,age            ] GC(18) Desired survivor size 2621440 bytes, new threshold 15 (max threshold 15)
[2024-12-07T18:48:46.523+0800][2.450s][debug][gc,ergo,cset      ] GC(18) Finish choosing CSet. old: 0 regions, predicted old region time: 0.00ms, time remaining: 181.70
[2024-12-07T18:48:46.523+0800][2.450s][debug][gc,task,stats     ] GC(18) GC Termination Stats
[2024-12-07T18:48:46.523+0800][2.451s][debug][gc,task,stats     ] GC(18)      elapsed  --strong roots-- -------termination------- ------waste (KiB)------
[2024-12-07T18:48:46.523+0800][2.451s][debug][gc,task,stats     ] GC(18) thr     ms        ms      %        ms      %    attempts  total   alloc    undo
[2024-12-07T18:48:46.524+0800][2.451s][debug][gc,task,stats     ] GC(18) --- --------- --------- ------ --------- ------ -------- ------- ------- -------
[2024-12-07T18:48:46.527+0800][2.454s][debug][gc,task,stats     ] GC(18)  11      3.08      3.07  99.83      0.00   0.00        1       0       0       0
[2024-12-07T18:48:46.527+0800][2.455s][debug][gc,task,stats     ] GC(18)   0      3.38      1.31  38.58      2.06  60.79        1       1       1       0
[2024-12-07T18:48:46.527+0800][2.455s][debug][gc,task,stats     ] GC(18)   3      3.44      1.38  40.10      1.93  56.00        1       0       0       0
[2024-12-07T18:48:46.527+0800][2.455s][debug][gc,task,stats     ] GC(18)   1      3.59      1.03  28.62      2.24  62.44        1       0       0       0
[2024-12-07T18:48:46.528+0800][2.455s][debug][gc,task,stats     ] GC(18)   5      3.59      1.51  42.00      1.75  48.78        1       0       0       0
[2024-12-07T18:48:46.528+0800][2.455s][debug][gc,task,stats     ] GC(18)   4      3.69      0.97  26.39      2.23  60.37        2       0       0       0
[2024-12-07T18:48:46.528+0800][2.455s][debug][gc,task,stats     ] GC(18)   6      3.76      1.63  43.23      1.61  42.74        1       0       0       0
[2024-12-07T18:48:46.528+0800][2.455s][debug][gc,task,stats     ] GC(18)   2      3.88      1.19  30.74      2.07  53.18        1       0       0       0
[2024-12-07T18:48:46.528+0800][2.455s][debug][gc,task,stats     ] GC(18)   7      3.92      1.75  44.65      1.45  36.92        1       0       0       0
[2024-12-07T18:48:46.528+0800][2.455s][debug][gc,task,stats     ] GC(18)   9      3.99      1.88  47.19      1.26  31.64        1       0       0       0
[2024-12-07T18:48:46.528+0800][2.455s][debug][gc,task,stats     ] GC(18)   8      4.10      1.85  45.19      1.30  31.68        1       0       0       0
[2024-12-07T18:48:46.528+0800][2.456s][debug][gc,task,stats     ] GC(18)  10      4.32      1.94  44.84      1.17  27.16        1       0       0       0
[2024-12-07T18:48:46.529+0800][2.456s][debug][gc,ergo           ] GC(18) Running G1 Clear Card Table Task using 1 workers for 1 units of work for 3 regions.
[2024-12-07T18:48:46.529+0800][2.456s][debug][gc,ref            ] GC(18) Skipped phase1 of Reference Processing due to unavailable references
[2024-12-07T18:48:46.529+0800][2.456s][debug][gc,ref            ] GC(18) Skipped phase3 of Reference Processing due to unavailable references
[2024-12-07T18:48:46.530+0800][2.457s][debug][gc,ergo           ] GC(18) Running G1 Free Collection Set using 1 workers for collection set length 2
[2024-12-07T18:48:46.530+0800][2.457s][debug][gc,humongous      ] GC(18) Live humongous region 0 object size 1048592 start 0x00000000e0000000  with remset 0 code roots 0 is marked 0 reclaim candidate 0 type array 1
[2024-12-07T18:48:46.530+0800][2.457s][debug][gc,humongous      ] GC(18) Live humongous region 2 object size 1048592 start 0x00000000e0200000  with remset 0 code roots 0 is marked 0 reclaim candidate 0 type array 1
[2024-12-07T18:48:46.530+0800][2.457s][debug][gc,humongous      ] GC(18) Live humongous region 4 object size 1048592 start 0x00000000e0400000  with remset 0 code roots 0 is marked 0 reclaim candidate 0 type array 1
[2024-12-07T18:48:46.530+0800][2.457s][debug][gc,humongous      ] GC(18) Live humongous region 6 object size 1048592 start 0x00000000e0600000  with remset 0 code roots 0 is marked 0 reclaim candidate 0 type array 1
[2024-12-07T18:48:46.530+0800][2.457s][debug][gc,humongous      ] GC(18) Live humongous region 8 object size 1048592 start 0x00000000e0800000  with remset 0 code roots 0 is marked 0 reclaim candidate 0 type array 1
[2024-12-07T18:48:46.530+0800][2.458s][debug][gc,humongous      ] GC(18) Live humongous region 10 object size 1048592 start 0x00000000e0a00000  with remset 0 code roots 0 is marked 0 reclaim candidate 0 type array 1
[2024-12-07T18:48:46.530+0800][2.458s][debug][gc,humongous      ] GC(18) Live humongous region 12 object size 1048592 start 0x00000000e0c00000  with remset 0 code roots 0 is marked 0 reclaim candidate 0 type array 1
[2024-12-07T18:48:46.530+0800][2.458s][debug][gc,humongous      ] GC(18) Live humongous region 14 object size 1048592 start 0x00000000e0e00000  with remset 0 code roots 0 is marked 0 reclaim candidate 0 type array 1
[2024-12-07T18:48:46.531+0800][2.458s][debug][gc,humongous      ] GC(18) Live humongous region 16 object size 1048592 start 0x00000000e1000000  with remset 0 code roots 0 is marked 0 reclaim candidate 0 type array 1
[2024-12-07T18:48:46.531+0800][2.458s][debug][gc,humongous      ] GC(18) Live humongous region 18 object size 1048592 start 0x00000000e1200000  with remset 0 code roots 0 is marked 0 reclaim candidate 0 type array 1
[2024-12-07T18:48:46.531+0800][2.458s][debug][gc,humongous      ] GC(18) Live humongous region 20 object size 1048592 start 0x00000000e1400000  with remset 0 code roots 0 is marked 0 reclaim candidate 0 type array 1
[2024-12-07T18:48:46.531+0800][2.458s][debug][gc,humongous      ] GC(18) Live humongous region 22 object size 1048592 start 0x00000000e1600000  with remset 0 code roots 0 is marked 0 reclaim candidate 0 type array 1
[2024-12-07T18:48:46.531+0800][2.458s][debug][gc,humongous      ] GC(18) Live humongous region 24 object size 1048592 start 0x00000000e1800000  with remset 0 code roots 0 is marked 0 reclaim candidate 0 type array 1
[2024-12-07T18:48:46.531+0800][2.458s][debug][gc,humongous      ] GC(18) Live humongous region 26 object size 1048592 start 0x00000000e1a00000  with remset 0 code roots 0 is marked 0 reclaim candidate 0 type array 1
[2024-12-07T18:48:46.531+0800][2.458s][debug][gc,humongous      ] GC(18) Live humongous region 28 object size 1048592 start 0x00000000e1c00000  with remset 0 code roots 0 is marked 0 reclaim candidate 0 type array 1
[2024-12-07T18:48:46.531+0800][2.458s][debug][gc,humongous      ] GC(18) Live humongous region 30 object size 1048592 start 0x00000000e1e00000  with remset 0 code roots 0 is marked 0 reclaim candidate 0 type array 1
[2024-12-07T18:48:46.531+0800][2.459s][debug][gc,humongous      ] GC(18) Live humongous region 32 object size 1048592 start 0x00000000e2000000  with remset 0 code roots 0 is marked 0 reclaim candidate 0 type array 1
[2024-12-07T18:48:46.531+0800][2.459s][debug][gc,humongous      ] GC(18) Live humongous region 34 object size 1048592 start 0x00000000e2200000  with remset 0 code roots 0 is marked 0 reclaim candidate 0 type array 1
[2024-12-07T18:48:46.531+0800][2.459s][debug][gc,humongous      ] GC(18) Live humongous region 36 object size 1048592 start 0x00000000e2400000  with remset 0 code roots 0 is marked 0 reclaim candidate 0 type array 1
[2024-12-07T18:48:46.532+0800][2.459s][debug][gc,humongous      ] GC(18) Live humongous region 38 object size 1048592 start 0x00000000e2600000  with remset 0 code roots 0 is marked 0 reclaim candidate 0 type array 1
[2024-12-07T18:48:46.532+0800][2.459s][debug][gc,humongous      ] GC(18) Live humongous region 40 object size 1048592 start 0x00000000e2800000  with remset 0 code roots 0 is marked 0 reclaim candidate 0 type array 1
[2024-12-07T18:48:46.532+0800][2.459s][debug][gc,humongous      ] GC(18) Live humongous region 42 object size 1048592 start 0x00000000e2a00000  with remset 0 code roots 0 is marked 0 reclaim candidate 0 type array 1
[2024-12-07T18:48:46.532+0800][2.459s][debug][gc,humongous      ] GC(18) Live humongous region 44 object size 1048592 start 0x00000000e2c00000  with remset 0 code roots 0 is marked 0 reclaim candidate 0 type array 1
[2024-12-07T18:48:46.532+0800][2.459s][debug][gc,humongous      ] GC(18) Live humongous region 46 object size 1048592 start 0x00000000e2e00000  with remset 0 code roots 0 is marked 0 reclaim candidate 0 type array 1
[2024-12-07T18:48:46.532+0800][2.459s][debug][gc,humongous      ] GC(18) Live humongous region 48 object size 1048592 start 0x00000000e3000000  with remset 0 code roots 0 is marked 0 reclaim candidate 0 type array 1
[2024-12-07T18:48:46.532+0800][2.459s][debug][gc,humongous      ] GC(18) Live humongous region 50 object size 1048592 start 0x00000000e3200000  with remset 0 code roots 0 is marked 0 reclaim candidate 0 type array 1
[2024-12-07T18:48:46.532+0800][2.459s][debug][gc,humongous      ] GC(18) Live humongous region 52 object size 1048592 start 0x00000000e3400000  with remset 0 code roots 0 is marked 0 reclaim candidate 0 type array 1
[2024-12-07T18:48:46.532+0800][2.459s][debug][gc,humongous      ] GC(18) Live humongous region 54 object size 1048592 start 0x00000000e3600000  with remset 0 code roots 0 is marked 0 reclaim candidate 0 type array 1
[2024-12-07T18:48:46.532+0800][2.459s][debug][gc,humongous      ] GC(18) Live humongous region 56 object size 1048592 start 0x00000000e3800000  with remset 0 code roots 0 is marked 0 reclaim candidate 0 type array 1
[2024-12-07T18:48:46.532+0800][2.459s][debug][gc,humongous      ] GC(18) Live humongous region 58 object size 1048592 start 0x00000000e3a00000  with remset 0 code roots 0 is marked 0 reclaim candidate 0 type array 1
[2024-12-07T18:48:46.532+0800][2.459s][debug][gc,humongous      ] GC(18) Live humongous region 60 object size 1048592 start 0x00000000e3c00000  with remset 0 code roots 0 is marked 0 reclaim candidate 0 type array 1
[2024-12-07T18:48:46.532+0800][2.460s][debug][gc,humongous      ] GC(18) Live humongous region 62 object size 1048592 start 0x00000000e3e00000  with remset 0 code roots 0 is marked 0 reclaim candidate 0 type array 1
[2024-12-07T18:48:46.532+0800][2.460s][debug][gc,humongous      ] GC(18) Live humongous region 64 object size 1048592 start 0x00000000e4000000  with remset 0 code roots 0 is marked 0 reclaim candidate 0 type array 1
[2024-12-07T18:48:46.532+0800][2.460s][debug][gc,humongous      ] GC(18) Live humongous region 66 object size 1048592 start 0x00000000e4200000  with remset 0 code roots 0 is marked 0 reclaim candidate 0 type array 1
[2024-12-07T18:48:46.532+0800][2.460s][debug][gc,humongous      ] GC(18) Live humongous region 68 object size 1048592 start 0x00000000e4400000  with remset 0 code roots 0 is marked 0 reclaim candidate 0 type array 1
[2024-12-07T18:48:46.533+0800][2.460s][debug][gc,humongous      ] GC(18) Live humongous region 70 object size 1048592 start 0x00000000e4600000  with remset 0 code roots 0 is marked 0 reclaim candidate 0 type array 1
[2024-12-07T18:48:46.533+0800][2.460s][debug][gc,humongous      ] GC(18) Live humongous region 72 object size 1048592 start 0x00000000e4800000  with remset 0 code roots 0 is marked 0 reclaim candidate 0 type array 1
[2024-12-07T18:48:46.533+0800][2.460s][debug][gc,humongous      ] GC(18) Live humongous region 74 object size 1048592 start 0x00000000e4a00000  with remset 0 code roots 0 is marked 0 reclaim candidate 0 type array 1
[2024-12-07T18:48:46.533+0800][2.460s][debug][gc,humongous      ] GC(18) Live humongous region 76 object size 1048592 start 0x00000000e4c00000  with remset 0 code roots 0 is marked 0 reclaim candidate 0 type array 1
[2024-12-07T18:48:46.533+0800][2.460s][debug][gc,humongous      ] GC(18) Live humongous region 78 object size 1048592 start 0x00000000e4e00000  with remset 0 code roots 0 is marked 0 reclaim candidate 0 type array 1
[2024-12-07T18:48:46.533+0800][2.460s][debug][gc,humongous      ] GC(18) Live humongous region 80 object size 1048592 start 0x00000000e5000000  with remset 0 code roots 0 is marked 0 reclaim candidate 0 type array 1
[2024-12-07T18:48:46.533+0800][2.460s][debug][gc,humongous      ] GC(18) Live humongous region 82 object size 1048592 start 0x00000000e5200000  with remset 0 code roots 0 is marked 0 reclaim candidate 0 type array 1
[2024-12-07T18:48:46.533+0800][2.460s][debug][gc,humongous      ] GC(18) Live humongous region 84 object size 1048592 start 0x00000000e5400000  with remset 0 code roots 0 is marked 0 reclaim candidate 0 type array 1
[2024-12-07T18:48:46.533+0800][2.460s][debug][gc,humongous      ] GC(18) Live humongous region 86 object size 1048592 start 0x00000000e5600000  with remset 0 code roots 0 is marked 0 reclaim candidate 0 type array 1
[2024-12-07T18:48:46.533+0800][2.460s][debug][gc,humongous      ] GC(18) Live humongous region 88 object size 1048592 start 0x00000000e5800000  with remset 0 code roots 0 is marked 0 reclaim candidate 0 type array 1
[2024-12-07T18:48:46.533+0800][2.460s][debug][gc,humongous      ] GC(18) Live humongous region 90 object size 1048592 start 0x00000000e5a00000  with remset 0 code roots 0 is marked 0 reclaim candidate 0 type array 1
[2024-12-07T18:48:46.533+0800][2.461s][debug][gc,humongous      ] GC(18) Live humongous region 92 object size 1048592 start 0x00000000e5c00000  with remset 0 code roots 0 is marked 0 reclaim candidate 0 type array 1
[2024-12-07T18:48:46.533+0800][2.461s][debug][gc,humongous      ] GC(18) Live humongous region 94 object size 1048592 start 0x00000000e5e00000  with remset 0 code roots 0 is marked 0 reclaim candidate 0 type array 1
[2024-12-07T18:48:46.533+0800][2.461s][debug][gc,humongous      ] GC(18) Live humongous region 96 object size 1048592 start 0x00000000e6000000  with remset 0 code roots 0 is marked 0 reclaim candidate 0 type array 1
[2024-12-07T18:48:46.533+0800][2.461s][debug][gc,humongous      ] GC(18) Live humongous region 98 object size 1048592 start 0x00000000e6200000  with remset 0 code roots 0 is marked 0 reclaim candidate 0 type array 1
[2024-12-07T18:48:46.534+0800][2.461s][debug][gc,humongous      ] GC(18) Live humongous region 100 object size 1048592 start 0x00000000e6400000  with remset 0 code roots 0 is marked 0 reclaim candidate 0 type array 1
[2024-12-07T18:48:46.534+0800][2.461s][debug][gc,humongous      ] GC(18) Live humongous region 102 object size 1048592 start 0x00000000e6600000  with remset 0 code roots 0 is marked 0 reclaim candidate 0 type array 1
[2024-12-07T18:48:46.534+0800][2.461s][debug][gc,humongous      ] GC(18) Live humongous region 104 object size 1048592 start 0x00000000e6800000  with remset 0 code roots 0 is marked 0 reclaim candidate 0 type array 1
[2024-12-07T18:48:46.534+0800][2.461s][debug][gc,humongous      ] GC(18) Live humongous region 106 object size 1048592 start 0x00000000e6a00000  with remset 0 code roots 0 is marked 0 reclaim candidate 0 type array 1
[2024-12-07T18:48:46.534+0800][2.461s][debug][gc,humongous      ] GC(18) Live humongous region 108 object size 1048592 start 0x00000000e6c00000  with remset 0 code roots 0 is marked 0 reclaim candidate 0 type array 1
[2024-12-07T18:48:46.534+0800][2.461s][debug][gc,humongous      ] GC(18) Live humongous region 110 object size 1048592 start 0x00000000e6e00000  with remset 0 code roots 0 is marked 0 reclaim candidate 0 type array 1
[2024-12-07T18:48:46.534+0800][2.461s][debug][gc,humongous      ] GC(18) Live humongous region 112 object size 1048592 start 0x00000000e7000000  with remset 0 code roots 0 is marked 0 reclaim candidate 0 type array 1
[2024-12-07T18:48:46.534+0800][2.462s][debug][gc,humongous      ] GC(18) Live humongous region 114 object size 1048592 start 0x00000000e7200000  with remset 0 code roots 0 is marked 0 reclaim candidate 0 type array 1
[2024-12-07T18:48:46.534+0800][2.462s][debug][gc,humongous      ] GC(18) Live humongous region 116 object size 1048592 start 0x00000000e7400000  with remset 0 code roots 0 is marked 0 reclaim candidate 0 type array 1
[2024-12-07T18:48:46.535+0800][2.462s][debug][gc,humongous      ] GC(18) Live humongous region 118 object size 1048592 start 0x00000000e7600000  with remset 0 code roots 0 is marked 0 reclaim candidate 0 type array 1
[2024-12-07T18:48:46.535+0800][2.462s][debug][gc,humongous      ] GC(18) Live humongous region 120 object size 1048592 start 0x00000000e7800000  with remset 0 code roots 0 is marked 0 reclaim candidate 0 type array 1
[2024-12-07T18:48:46.535+0800][2.462s][debug][gc,humongous      ] GC(18) Live humongous region 122 object size 1048592 start 0x00000000e7a00000  with remset 0 code roots 0 is marked 0 reclaim candidate 0 type array 1
[2024-12-07T18:48:46.535+0800][2.463s][debug][gc,humongous      ] GC(18) Live humongous region 124 object size 1048592 start 0x00000000e7c00000  with remset 0 code roots 0 is marked 0 reclaim candidate 0 type array 1
[2024-12-07T18:48:46.535+0800][2.463s][debug][gc,humongous      ] GC(18) Live humongous region 126 object size 1048592 start 0x00000000e7e00000  with remset 0 code roots 0 is marked 0 reclaim candidate 0 type array 1
[2024-12-07T18:48:46.536+0800][2.463s][debug][gc,humongous      ] GC(18) Live humongous region 128 object size 1048592 start 0x00000000e8000000  with remset 0 code roots 0 is marked 0 reclaim candidate 0 type array 1
[2024-12-07T18:48:46.536+0800][2.463s][debug][gc,humongous      ] GC(18) Live humongous region 130 object size 1048592 start 0x00000000e8200000  with remset 0 code roots 0 is marked 0 reclaim candidate 0 type array 1
[2024-12-07T18:48:46.536+0800][2.463s][debug][gc,humongous      ] GC(18) Live humongous region 132 object size 1048592 start 0x00000000e8400000  with remset 0 code roots 0 is marked 0 reclaim candidate 0 type array 1
[2024-12-07T18:48:46.536+0800][2.463s][debug][gc,humongous      ] GC(18) Live humongous region 134 object size 1048592 start 0x00000000e8600000  with remset 0 code roots 0 is marked 0 reclaim candidate 0 type array 1
[2024-12-07T18:48:46.536+0800][2.463s][debug][gc,humongous      ] GC(18) Live humongous region 136 object size 1048592 start 0x00000000e8800000  with remset 0 code roots 0 is marked 0 reclaim candidate 0 type array 1
[2024-12-07T18:48:46.536+0800][2.463s][debug][gc,humongous      ] GC(18) Live humongous region 138 object size 1048592 start 0x00000000e8a00000  with remset 0 code roots 0 is marked 0 reclaim candidate 0 type array 1
[2024-12-07T18:48:46.536+0800][2.463s][debug][gc,humongous      ] GC(18) Live humongous region 140 object size 1048592 start 0x00000000e8c00000  with remset 0 code roots 0 is marked 0 reclaim candidate 0 type array 1
[2024-12-07T18:48:46.536+0800][2.463s][debug][gc,humongous      ] GC(18) Live humongous region 142 object size 1048592 start 0x00000000e8e00000  with remset 0 code roots 0 is marked 0 reclaim candidate 0 type array 1
[2024-12-07T18:48:46.536+0800][2.463s][debug][gc,humongous      ] GC(18) Live humongous region 144 object size 1048592 start 0x00000000e9000000  with remset 0 code roots 0 is marked 0 reclaim candidate 0 type array 1
[2024-12-07T18:48:46.536+0800][2.463s][debug][gc,humongous      ] GC(18) Live humongous region 146 object size 1048592 start 0x00000000e9200000  with remset 0 code roots 0 is marked 0 reclaim candidate 0 type array 1
[2024-12-07T18:48:46.536+0800][2.464s][debug][gc,humongous      ] GC(18) Live humongous region 148 object size 1048592 start 0x00000000e9400000  with remset 0 code roots 0 is marked 0 reclaim candidate 0 type array 1
[2024-12-07T18:48:46.536+0800][2.464s][debug][gc,humongous      ] GC(18) Live humongous region 150 object size 1048592 start 0x00000000e9600000  with remset 0 code roots 0 is marked 0 reclaim candidate 0 type array 1
[2024-12-07T18:48:46.537+0800][2.464s][debug][gc,humongous      ] GC(18) Live humongous region 152 object size 1048592 start 0x00000000e9800000  with remset 0 code roots 0 is marked 0 reclaim candidate 0 type array 1
[2024-12-07T18:48:46.537+0800][2.464s][debug][gc,humongous      ] GC(18) Live humongous region 154 object size 1048592 start 0x00000000e9a00000  with remset 0 code roots 0 is marked 0 reclaim candidate 0 type array 1
[2024-12-07T18:48:46.537+0800][2.464s][debug][gc,humongous      ] GC(18) Live humongous region 156 object size 1048592 start 0x00000000e9c00000  with remset 0 code roots 0 is marked 0 reclaim candidate 0 type array 1
[2024-12-07T18:48:46.537+0800][2.464s][debug][gc,humongous      ] GC(18) Live humongous region 158 object size 1048592 start 0x00000000e9e00000  with remset 0 code roots 0 is marked 0 reclaim candidate 0 type array 1
[2024-12-07T18:48:46.537+0800][2.464s][debug][gc,humongous      ] GC(18) Live humongous region 160 object size 1048592 start 0x00000000ea000000  with remset 0 code roots 0 is marked 0 reclaim candidate 0 type array 1
[2024-12-07T18:48:46.537+0800][2.464s][debug][gc,humongous      ] GC(18) Live humongous region 162 object size 1048592 start 0x00000000ea200000  with remset 0 code roots 0 is marked 0 reclaim candidate 0 type array 1
[2024-12-07T18:48:46.537+0800][2.464s][debug][gc,humongous      ] GC(18) Live humongous region 164 object size 1048592 start 0x00000000ea400000  with remset 0 code roots 0 is marked 0 reclaim candidate 0 type array 1
[2024-12-07T18:48:46.537+0800][2.464s][debug][gc,humongous      ] GC(18) Live humongous region 166 object size 1048592 start 0x00000000ea600000  with remset 0 code roots 0 is marked 0 reclaim candidate 0 type array 1
[2024-12-07T18:48:46.537+0800][2.464s][debug][gc,humongous      ] GC(18) Live humongous region 168 object size 1048592 start 0x00000000ea800000  with remset 0 code roots 0 is marked 0 reclaim candidate 0 type array 1
[2024-12-07T18:48:46.537+0800][2.465s][debug][gc,humongous      ] GC(18) Live humongous region 170 object size 1048592 start 0x00000000eaa00000  with remset 0 code roots 0 is marked 0 reclaim candidate 0 type array 1
[2024-12-07T18:48:46.537+0800][2.465s][debug][gc,humongous      ] GC(18) Live humongous region 172 object size 1048592 start 0x00000000eac00000  with remset 0 code roots 0 is marked 0 reclaim candidate 0 type array 1
[2024-12-07T18:48:46.538+0800][2.465s][debug][gc,humongous      ] GC(18) Live humongous region 174 object size 1048592 start 0x00000000eae00000  with remset 0 code roots 0 is marked 0 reclaim candidate 0 type array 1
[2024-12-07T18:48:46.538+0800][2.465s][debug][gc,humongous      ] GC(18) Live humongous region 176 object size 1048592 start 0x00000000eb000000  with remset 0 code roots 0 is marked 0 reclaim candidate 0 type array 1
[2024-12-07T18:48:46.538+0800][2.465s][debug][gc,humongous      ] GC(18) Live humongous region 178 object size 1048592 start 0x00000000eb200000  with remset 0 code roots 0 is marked 0 reclaim candidate 0 type array 1
[2024-12-07T18:48:46.538+0800][2.465s][debug][gc,humongous      ] GC(18) Live humongous region 180 object size 1048592 start 0x00000000eb400000  with remset 0 code roots 0 is marked 0 reclaim candidate 0 type array 1
[2024-12-07T18:48:46.538+0800][2.465s][debug][gc,humongous      ] GC(18) Live humongous region 182 object size 1048592 start 0x00000000eb600000  with remset 0 code roots 0 is marked 0 reclaim candidate 0 type array 1
[2024-12-07T18:48:46.538+0800][2.466s][debug][gc,humongous      ] GC(18) Live humongous region 184 object size 1048592 start 0x00000000eb800000  with remset 0 code roots 0 is marked 0 reclaim candidate 0 type array 1
[2024-12-07T18:48:46.539+0800][2.466s][debug][gc,humongous      ] GC(18) Live humongous region 186 object size 1048592 start 0x00000000eba00000  with remset 0 code roots 0 is marked 0 reclaim candidate 0 type array 1
[2024-12-07T18:48:46.539+0800][2.466s][debug][gc,humongous      ] GC(18) Live humongous region 188 object size 1048592 start 0x00000000ebc00000  with remset 0 code roots 0 is marked 0 reclaim candidate 0 type array 1
[2024-12-07T18:48:46.539+0800][2.466s][debug][gc,humongous      ] GC(18) Live humongous region 190 object size 1048592 start 0x00000000ebe00000  with remset 0 code roots 0 is marked 0 reclaim candidate 0 type array 1
[2024-12-07T18:48:46.539+0800][2.466s][debug][gc,humongous      ] GC(18) Live humongous region 192 object size 1048592 start 0x00000000ec000000  with remset 0 code roots 0 is marked 0 reclaim candidate 0 type array 1
[2024-12-07T18:48:46.539+0800][2.466s][debug][gc,humongous      ] GC(18) Live humongous region 194 object size 1048592 start 0x00000000ec200000  with remset 0 code roots 0 is marked 0 reclaim candidate 0 type array 1
[2024-12-07T18:48:46.539+0800][2.466s][debug][gc,humongous      ] GC(18) Live humongous region 196 object size 1048592 start 0x00000000ec400000  with remset 0 code roots 0 is marked 0 reclaim candidate 0 type array 1
[2024-12-07T18:48:46.539+0800][2.467s][debug][gc,humongous      ] GC(18) Live humongous region 198 object size 1048592 start 0x00000000ec600000  with remset 0 code roots 0 is marked 0 reclaim candidate 0 type array 1
[2024-12-07T18:48:46.539+0800][2.467s][debug][gc,humongous      ] GC(18) Live humongous region 200 object size 1048592 start 0x00000000ec800000  with remset 0 code roots 0 is marked 0 reclaim candidate 0 type array 1
[2024-12-07T18:48:46.540+0800][2.467s][debug][gc,humongous      ] GC(18) Live humongous region 202 object size 1048592 start 0x00000000eca00000  with remset 0 code roots 0 is marked 0 reclaim candidate 0 type array 1
[2024-12-07T18:48:46.540+0800][2.467s][debug][gc,humongous      ] GC(18) Live humongous region 204 object size 1048592 start 0x00000000ecc00000  with remset 0 code roots 0 is marked 0 reclaim candidate 0 type array 1
[2024-12-07T18:48:46.540+0800][2.467s][debug][gc,humongous      ] GC(18) Live humongous region 206 object size 1048592 start 0x00000000ece00000  with remset 0 code roots 0 is marked 0 reclaim candidate 0 type array 1
[2024-12-07T18:48:46.540+0800][2.467s][debug][gc,humongous      ] GC(18) Live humongous region 208 object size 1048592 start 0x00000000ed000000  with remset 0 code roots 0 is marked 0 reclaim candidate 0 type array 1
[2024-12-07T18:48:46.540+0800][2.467s][debug][gc,humongous      ] GC(18) Live humongous region 210 object size 1048592 start 0x00000000ed200000  with remset 0 code roots 0 is marked 0 reclaim candidate 0 type array 1
[2024-12-07T18:48:46.540+0800][2.467s][debug][gc,humongous      ] GC(18) Live humongous region 212 object size 1048592 start 0x00000000ed400000  with remset 0 code roots 0 is marked 0 reclaim candidate 0 type array 1
[2024-12-07T18:48:46.540+0800][2.467s][debug][gc,humongous      ] GC(18) Live humongous region 214 object size 1048592 start 0x00000000ed600000  with remset 0 code roots 0 is marked 0 reclaim candidate 0 type array 1
[2024-12-07T18:48:46.540+0800][2.467s][debug][gc,humongous      ] GC(18) Live humongous region 216 object size 1048592 start 0x00000000ed800000  with remset 0 code roots 0 is marked 0 reclaim candidate 0 type array 1
[2024-12-07T18:48:46.540+0800][2.467s][debug][gc,humongous      ] GC(18) Live humongous region 218 object size 1048592 start 0x00000000eda00000  with remset 0 code roots 0 is marked 0 reclaim candidate 0 type array 1
[2024-12-07T18:48:46.540+0800][2.468s][debug][gc,humongous      ] GC(18) Live humongous region 220 object size 1048592 start 0x00000000edc00000  with remset 0 code roots 0 is marked 0 reclaim candidate 0 type array 1
[2024-12-07T18:48:46.540+0800][2.468s][debug][gc,humongous      ] GC(18) Live humongous region 222 object size 1048592 start 0x00000000ede00000  with remset 0 code roots 0 is marked 0 reclaim candidate 0 type array 1
[2024-12-07T18:48:46.540+0800][2.468s][debug][gc,humongous      ] GC(18) Live humongous region 224 object size 1048592 start 0x00000000ee000000  with remset 0 code roots 0 is marked 0 reclaim candidate 0 type array 1
[2024-12-07T18:48:46.541+0800][2.468s][debug][gc,humongous      ] GC(18) Live humongous region 226 object size 1048592 start 0x00000000ee200000  with remset 0 code roots 0 is marked 0 reclaim candidate 0 type array 1
[2024-12-07T18:48:46.541+0800][2.468s][debug][gc,humongous      ] GC(18) Live humongous region 228 object size 1048592 start 0x00000000ee400000  with remset 0 code roots 0 is marked 0 reclaim candidate 0 type array 1
[2024-12-07T18:48:46.541+0800][2.468s][debug][gc,humongous      ] GC(18) Live humongous region 230 object size 1048592 start 0x00000000ee600000  with remset 0 code roots 0 is marked 0 reclaim candidate 0 type array 1
[2024-12-07T18:48:46.541+0800][2.468s][debug][gc,humongous      ] GC(18) Live humongous region 232 object size 1048592 start 0x00000000ee800000  with remset 0 code roots 0 is marked 0 reclaim candidate 0 type array 1
[2024-12-07T18:48:46.541+0800][2.468s][debug][gc,humongous      ] GC(18) Live humongous region 234 object size 1048592 start 0x00000000eea00000  with remset 0 code roots 0 is marked 0 reclaim candidate 0 type array 1
[2024-12-07T18:48:46.541+0800][2.468s][debug][gc,humongous      ] GC(18) Live humongous region 236 object size 1048592 start 0x00000000eec00000  with remset 0 code roots 0 is marked 0 reclaim candidate 0 type array 1
[2024-12-07T18:48:46.541+0800][2.468s][debug][gc,humongous      ] GC(18) Live humongous region 238 object size 1048592 start 0x00000000eee00000  with remset 0 code roots 0 is marked 0 reclaim candidate 0 type array 1
[2024-12-07T18:48:46.541+0800][2.468s][debug][gc,humongous      ] GC(18) Live humongous region 240 object size 1048592 start 0x00000000ef000000  with remset 0 code roots 0 is marked 0 reclaim candidate 0 type array 1
[2024-12-07T18:48:46.541+0800][2.468s][debug][gc,humongous      ] GC(18) Live humongous region 242 object size 1048592 start 0x00000000ef200000  with remset 0 code roots 0 is marked 0 reclaim candidate 0 type array 1
[2024-12-07T18:48:46.541+0800][2.469s][debug][gc,humongous      ] GC(18) Live humongous region 244 object size 1048592 start 0x00000000ef400000  with remset 0 code roots 0 is marked 0 reclaim candidate 0 type array 1
[2024-12-07T18:48:46.541+0800][2.469s][debug][gc,humongous      ] GC(18) Live humongous region 246 object size 1048592 start 0x00000000ef600000  with remset 0 code roots 0 is marked 0 reclaim candidate 0 type array 1
[2024-12-07T18:48:46.541+0800][2.469s][debug][gc,humongous      ] GC(18) Live humongous region 248 object size 1048592 start 0x00000000ef800000  with remset 0 code roots 0 is marked 0 reclaim candidate 0 type array 1
[2024-12-07T18:48:46.542+0800][2.469s][debug][gc,humongous      ] GC(18) Live humongous region 250 object size 1048592 start 0x00000000efa00000  with remset 0 code roots 0 is marked 0 reclaim candidate 0 type array 1
[2024-12-07T18:48:46.542+0800][2.469s][debug][gc,humongous      ] GC(18) Live humongous region 252 object size 1048592 start 0x00000000efc00000  with remset 0 code roots 0 is marked 0 reclaim candidate 0 type array 1
[2024-12-07T18:48:46.542+0800][2.469s][debug][gc,humongous      ] GC(18) Live humongous region 254 object size 1048592 start 0x00000000efe00000  with remset 0 code roots 0 is marked 0 reclaim candidate 0 type array 1
[2024-12-07T18:48:46.542+0800][2.469s][debug][gc,humongous      ] GC(18) Live humongous region 256 object size 1048592 start 0x00000000f0000000  with remset 0 code roots 0 is marked 0 reclaim candidate 0 type array 1
[2024-12-07T18:48:46.542+0800][2.469s][debug][gc,humongous      ] GC(18) Live humongous region 258 object size 1048592 start 0x00000000f0200000  with remset 0 code roots 0 is marked 0 reclaim candidate 0 type array 1
[2024-12-07T18:48:46.542+0800][2.469s][debug][gc,humongous      ] GC(18) Live humongous region 260 object size 1048592 start 0x00000000f0400000  with remset 0 code roots 0 is marked 0 reclaim candidate 0 type array 1
[2024-12-07T18:48:46.542+0800][2.469s][debug][gc,humongous      ] GC(18) Live humongous region 262 object size 1048592 start 0x00000000f0600000  with remset 0 code roots 0 is marked 0 reclaim candidate 0 type array 1
[2024-12-07T18:48:46.542+0800][2.469s][debug][gc,humongous      ] GC(18) Live humongous region 264 object size 1048592 start 0x00000000f0800000  with remset 0 code roots 0 is marked 0 reclaim candidate 0 type array 1
[2024-12-07T18:48:46.542+0800][2.469s][debug][gc,humongous      ] GC(18) Live humongous region 266 object size 1048592 start 0x00000000f0a00000  with remset 0 code roots 0 is marked 0 reclaim candidate 0 type array 1
[2024-12-07T18:48:46.542+0800][2.469s][debug][gc,humongous      ] GC(18) Live humongous region 268 object size 1048592 start 0x00000000f0c00000  with remset 0 code roots 0 is marked 0 reclaim candidate 0 type array 1
[2024-12-07T18:48:46.542+0800][2.470s][debug][gc,humongous      ] GC(18) Live humongous region 270 object size 1048592 start 0x00000000f0e00000  with remset 0 code roots 0 is marked 0 reclaim candidate 0 type array 1
[2024-12-07T18:48:46.542+0800][2.470s][debug][gc,humongous      ] GC(18) Live humongous region 272 object size 1048592 start 0x00000000f1000000  with remset 0 code roots 0 is marked 0 reclaim candidate 0 type array 1
[2024-12-07T18:48:46.542+0800][2.470s][debug][gc,humongous      ] GC(18) Live humongous region 274 object size 1048592 start 0x00000000f1200000  with remset 0 code roots 0 is marked 0 reclaim candidate 0 type array 1
[2024-12-07T18:48:46.543+0800][2.470s][debug][gc,humongous      ] GC(18) Live humongous region 276 object size 1048592 start 0x00000000f1400000  with remset 0 code roots 0 is marked 0 reclaim candidate 0 type array 1
[2024-12-07T18:48:46.543+0800][2.470s][debug][gc,humongous      ] GC(18) Live humongous region 278 object size 1048592 start 0x00000000f1600000  with remset 0 code roots 0 is marked 0 reclaim candidate 0 type array 1
[2024-12-07T18:48:46.543+0800][2.470s][debug][gc,humongous      ] GC(18) Live humongous region 280 object size 1048592 start 0x00000000f1800000  with remset 0 code roots 0 is marked 0 reclaim candidate 0 type array 1
[2024-12-07T18:48:46.543+0800][2.470s][debug][gc,humongous      ] GC(18) Live humongous region 282 object size 1048592 start 0x00000000f1a00000  with remset 0 code roots 0 is marked 0 reclaim candidate 0 type array 1
[2024-12-07T18:48:46.543+0800][2.470s][debug][gc,humongous      ] GC(18) Live humongous region 284 object size 1048592 start 0x00000000f1c00000  with remset 0 code roots 0 is marked 0 reclaim candidate 0 type array 1
[2024-12-07T18:48:46.543+0800][2.470s][debug][gc,humongous      ] GC(18) Live humongous region 286 object size 1048592 start 0x00000000f1e00000  with remset 0 code roots 0 is marked 0 reclaim candidate 0 type array 1
[2024-12-07T18:48:46.543+0800][2.470s][debug][gc,humongous      ] GC(18) Live humongous region 288 object size 1048592 start 0x00000000f2000000  with remset 0 code roots 0 is marked 0 reclaim candidate 0 type array 1
[2024-12-07T18:48:46.543+0800][2.470s][debug][gc,humongous      ] GC(18) Live humongous region 290 object size 1048592 start 0x00000000f2200000  with remset 0 code roots 0 is marked 0 reclaim candidate 0 type array 1
[2024-12-07T18:48:46.543+0800][2.470s][debug][gc,humongous      ] GC(18) Live humongous region 292 object size 1048592 start 0x00000000f2400000  with remset 0 code roots 0 is marked 0 reclaim candidate 0 type array 1
[2024-12-07T18:48:46.543+0800][2.471s][debug][gc,humongous      ] GC(18) Live humongous region 294 object size 1048592 start 0x00000000f2600000  with remset 0 code roots 0 is marked 0 reclaim candidate 0 type array 1
[2024-12-07T18:48:46.543+0800][2.471s][debug][gc,humongous      ] GC(18) Live humongous region 296 object size 1048592 start 0x00000000f2800000  with remset 0 code roots 0 is marked 0 reclaim candidate 0 type array 1
[2024-12-07T18:48:46.543+0800][2.471s][debug][gc,humongous      ] GC(18) Live humongous region 298 object size 1048592 start 0x00000000f2a00000  with remset 0 code roots 0 is marked 0 reclaim candidate 0 type array 1
[2024-12-07T18:48:46.544+0800][2.471s][debug][gc,humongous      ] GC(18) Live humongous region 300 object size 1048592 start 0x00000000f2c00000  with remset 0 code roots 0 is marked 0 reclaim candidate 0 type array 1
[2024-12-07T18:48:46.544+0800][2.471s][debug][gc,humongous      ] GC(18) Live humongous region 302 object size 1048592 start 0x00000000f2e00000  with remset 0 code roots 0 is marked 0 reclaim candidate 0 type array 1
[2024-12-07T18:48:46.544+0800][2.471s][debug][gc,humongous      ] GC(18) Live humongous region 304 object size 1048592 start 0x00000000f3000000  with remset 0 code roots 0 is marked 0 reclaim candidate 0 type array 1
[2024-12-07T18:48:46.544+0800][2.471s][debug][gc,humongous      ] GC(18) Live humongous region 306 object size 1048592 start 0x00000000f3200000  with remset 0 code roots 0 is marked 0 reclaim candidate 0 type array 1
[2024-12-07T18:48:46.544+0800][2.471s][debug][gc,humongous      ] GC(18) Live humongous region 308 object size 1048592 start 0x00000000f3400000  with remset 0 code roots 0 is marked 0 reclaim candidate 0 type array 1
[2024-12-07T18:48:46.544+0800][2.471s][debug][gc,humongous      ] GC(18) Live humongous region 310 object size 1048592 start 0x00000000f3600000  with remset 0 code roots 0 is marked 0 reclaim candidate 0 type array 1
[2024-12-07T18:48:46.544+0800][2.471s][debug][gc,humongous      ] GC(18) Live humongous region 312 object size 1048592 start 0x00000000f3800000  with remset 0 code roots 0 is marked 0 reclaim candidate 0 type array 1
[2024-12-07T18:48:46.544+0800][2.471s][debug][gc,humongous      ] GC(18) Live humongous region 314 object size 1048592 start 0x00000000f3a00000  with remset 0 code roots 0 is marked 0 reclaim candidate 0 type array 1
[2024-12-07T18:48:46.544+0800][2.471s][debug][gc,humongous      ] GC(18) Live humongous region 316 object size 1048592 start 0x00000000f3c00000  with remset 0 code roots 0 is marked 0 reclaim candidate 0 type array 1
[2024-12-07T18:48:46.544+0800][2.471s][debug][gc,humongous      ] GC(18) Live humongous region 318 object size 1048592 start 0x00000000f3e00000  with remset 0 code roots 0 is marked 0 reclaim candidate 0 type array 1
[2024-12-07T18:48:46.544+0800][2.472s][debug][gc,humongous      ] GC(18) Live humongous region 320 object size 1048592 start 0x00000000f4000000  with remset 0 code roots 0 is marked 0 reclaim candidate 0 type array 1
[2024-12-07T18:48:46.544+0800][2.472s][debug][gc,humongous      ] GC(18) Live humongous region 322 object size 1048592 start 0x00000000f4200000  with remset 0 code roots 0 is marked 0 reclaim candidate 0 type array 1
[2024-12-07T18:48:46.544+0800][2.472s][debug][gc,humongous      ] GC(18) Live humongous region 324 object size 1048592 start 0x00000000f4400000  with remset 0 code roots 0 is marked 0 reclaim candidate 0 type array 1
[2024-12-07T18:48:46.545+0800][2.472s][debug][gc,humongous      ] GC(18) Live humongous region 326 object size 1048592 start 0x00000000f4600000  with remset 0 code roots 0 is marked 0 reclaim candidate 0 type array 1
[2024-12-07T18:48:46.545+0800][2.472s][debug][gc,humongous      ] GC(18) Live humongous region 328 object size 1048592 start 0x00000000f4800000  with remset 0 code roots 0 is marked 0 reclaim candidate 0 type array 1
[2024-12-07T18:48:46.545+0800][2.472s][debug][gc,humongous      ] GC(18) Live humongous region 330 object size 1048592 start 0x00000000f4a00000  with remset 0 code roots 0 is marked 0 reclaim candidate 0 type array 1
[2024-12-07T18:48:46.545+0800][2.472s][debug][gc,humongous      ] GC(18) Live humongous region 332 object size 1048592 start 0x00000000f4c00000  with remset 0 code roots 0 is marked 0 reclaim candidate 0 type array 1
[2024-12-07T18:48:46.545+0800][2.472s][debug][gc,humongous      ] GC(18) Live humongous region 334 object size 1048592 start 0x00000000f4e00000  with remset 0 code roots 0 is marked 0 reclaim candidate 0 type array 1
[2024-12-07T18:48:46.545+0800][2.472s][debug][gc,humongous      ] GC(18) Live humongous region 336 object size 1048592 start 0x00000000f5000000  with remset 0 code roots 0 is marked 0 reclaim candidate 0 type array 1
[2024-12-07T18:48:46.545+0800][2.472s][debug][gc,humongous      ] GC(18) Live humongous region 338 object size 1048592 start 0x00000000f5200000  with remset 0 code roots 0 is marked 0 reclaim candidate 0 type array 1
[2024-12-07T18:48:46.545+0800][2.472s][debug][gc,humongous      ] GC(18) Live humongous region 340 object size 1048592 start 0x00000000f5400000  with remset 0 code roots 0 is marked 0 reclaim candidate 0 type array 1
[2024-12-07T18:48:46.545+0800][2.472s][debug][gc,humongous      ] GC(18) Live humongous region 342 object size 1048592 start 0x00000000f5600000  with remset 0 code roots 0 is marked 0 reclaim candidate 0 type array 1
[2024-12-07T18:48:46.545+0800][2.473s][debug][gc,humongous      ] GC(18) Live humongous region 344 object size 1048592 start 0x00000000f5800000  with remset 0 code roots 0 is marked 0 reclaim candidate 0 type array 1
[2024-12-07T18:48:46.545+0800][2.473s][debug][gc,humongous      ] GC(18) Live humongous region 346 object size 1048592 start 0x00000000f5a00000  with remset 0 code roots 0 is marked 0 reclaim candidate 0 type array 1
[2024-12-07T18:48:46.545+0800][2.473s][debug][gc,humongous      ] GC(18) Live humongous region 348 object size 1048592 start 0x00000000f5c00000  with remset 0 code roots 0 is marked 0 reclaim candidate 0 type array 1
[2024-12-07T18:48:46.546+0800][2.473s][debug][gc,humongous      ] GC(18) Live humongous region 350 object size 1048592 start 0x00000000f5e00000  with remset 0 code roots 0 is marked 0 reclaim candidate 0 type array 1
[2024-12-07T18:48:46.546+0800][2.473s][debug][gc,humongous      ] GC(18) Live humongous region 352 object size 1048592 start 0x00000000f6000000  with remset 0 code roots 0 is marked 0 reclaim candidate 0 type array 1
[2024-12-07T18:48:46.546+0800][2.473s][debug][gc,humongous      ] GC(18) Live humongous region 354 object size 1048592 start 0x00000000f6200000  with remset 0 code roots 0 is marked 0 reclaim candidate 0 type array 1
[2024-12-07T18:48:46.546+0800][2.473s][debug][gc,humongous      ] GC(18) Live humongous region 356 object size 1048592 start 0x00000000f6400000  with remset 0 code roots 0 is marked 0 reclaim candidate 0 type array 1
[2024-12-07T18:48:46.546+0800][2.473s][debug][gc,humongous      ] GC(18) Live humongous region 358 object size 1048592 start 0x00000000f6600000  with remset 0 code roots 0 is marked 0 reclaim candidate 0 type array 1
[2024-12-07T18:48:46.546+0800][2.473s][debug][gc,humongous      ] GC(18) Live humongous region 360 object size 1048592 start 0x00000000f6800000  with remset 0 code roots 0 is marked 0 reclaim candidate 0 type array 1
[2024-12-07T18:48:46.546+0800][2.473s][debug][gc,humongous      ] GC(18) Live humongous region 362 object size 1048592 start 0x00000000f6a00000  with remset 0 code roots 0 is marked 0 reclaim candidate 0 type array 1
[2024-12-07T18:48:46.546+0800][2.473s][debug][gc,humongous      ] GC(18) Live humongous region 364 object size 1048592 start 0x00000000f6c00000  with remset 0 code roots 0 is marked 0 reclaim candidate 0 type array 1
[2024-12-07T18:48:46.546+0800][2.473s][debug][gc,humongous      ] GC(18) Live humongous region 366 object size 1048592 start 0x00000000f6e00000  with remset 0 code roots 0 is marked 0 reclaim candidate 0 type array 1
[2024-12-07T18:48:46.546+0800][2.473s][debug][gc,humongous      ] GC(18) Live humongous region 368 object size 1048592 start 0x00000000f7000000  with remset 0 code roots 0 is marked 0 reclaim candidate 0 type array 1
[2024-12-07T18:48:46.546+0800][2.474s][debug][gc,humongous      ] GC(18) Live humongous region 370 object size 1048592 start 0x00000000f7200000  with remset 0 code roots 0 is marked 0 reclaim candidate 0 type array 1
[2024-12-07T18:48:46.546+0800][2.474s][debug][gc,humongous      ] GC(18) Live humongous region 372 object size 1048592 start 0x00000000f7400000  with remset 0 code roots 0 is marked 0 reclaim candidate 0 type array 1
[2024-12-07T18:48:46.546+0800][2.474s][debug][gc,humongous      ] GC(18) Live humongous region 374 object size 1048592 start 0x00000000f7600000  with remset 0 code roots 0 is marked 0 reclaim candidate 0 type array 1
[2024-12-07T18:48:46.547+0800][2.474s][debug][gc,humongous      ] GC(18) Live humongous region 376 object size 1048592 start 0x00000000f7800000  with remset 0 code roots 0 is marked 0 reclaim candidate 0 type array 1
[2024-12-07T18:48:46.547+0800][2.474s][debug][gc,humongous      ] GC(18) Live humongous region 378 object size 1048592 start 0x00000000f7a00000  with remset 0 code roots 0 is marked 0 reclaim candidate 0 type array 1
[2024-12-07T18:48:46.547+0800][2.474s][debug][gc,humongous      ] GC(18) Live humongous region 380 object size 1048592 start 0x00000000f7c00000  with remset 0 code roots 0 is marked 0 reclaim candidate 0 type array 1
[2024-12-07T18:48:46.547+0800][2.474s][debug][gc,humongous      ] GC(18) Live humongous region 382 object size 1048592 start 0x00000000f7e00000  with remset 0 code roots 0 is marked 0 reclaim candidate 0 type array 1
[2024-12-07T18:48:46.547+0800][2.474s][debug][gc,humongous      ] GC(18) Live humongous region 384 object size 1048592 start 0x00000000f8000000  with remset 0 code roots 0 is marked 0 reclaim candidate 0 type array 1
[2024-12-07T18:48:46.547+0800][2.474s][debug][gc,humongous      ] GC(18) Live humongous region 386 object size 1048592 start 0x00000000f8200000  with remset 0 code roots 0 is marked 0 reclaim candidate 0 type array 1
[2024-12-07T18:48:46.547+0800][2.474s][debug][gc,humongous      ] GC(18) Live humongous region 388 object size 1048592 start 0x00000000f8400000  with remset 0 code roots 0 is marked 0 reclaim candidate 0 type array 1
[2024-12-07T18:48:46.547+0800][2.474s][debug][gc,humongous      ] GC(18) Live humongous region 390 object size 1048592 start 0x00000000f8600000  with remset 0 code roots 0 is marked 0 reclaim candidate 0 type array 1
[2024-12-07T18:48:46.547+0800][2.474s][debug][gc,humongous      ] GC(18) Live humongous region 392 object size 1048592 start 0x00000000f8800000  with remset 0 code roots 0 is marked 0 reclaim candidate 0 type array 1
[2024-12-07T18:48:46.547+0800][2.474s][debug][gc,humongous      ] GC(18) Live humongous region 394 object size 1048592 start 0x00000000f8a00000  with remset 0 code roots 0 is marked 0 reclaim candidate 0 type array 1
[2024-12-07T18:48:46.547+0800][2.475s][debug][gc,humongous      ] GC(18) Live humongous region 396 object size 1048592 start 0x00000000f8c00000  with remset 0 code roots 0 is marked 0 reclaim candidate 0 type array 1
[2024-12-07T18:48:46.547+0800][2.475s][debug][gc,humongous      ] GC(18) Live humongous region 398 object size 1048592 start 0x00000000f8e00000  with remset 0 code roots 0 is marked 0 reclaim candidate 0 type array 1
[2024-12-07T18:48:46.548+0800][2.475s][debug][gc,plab           ] GC(18) Young PLAB allocation: allocated: 392704B, wasted: 2552B, unused: 20264B, used: 369888B, undo waste: 0B, 
[2024-12-07T18:48:46.548+0800][2.475s][debug][gc,plab           ] GC(18) Young other allocation: region end waste: 0B, regions filled: 1, direct allocated: 68352B, failure used: 0B, failure wasted: 0B
[2024-12-07T18:48:46.548+0800][2.475s][debug][gc,plab           ] GC(18) Young sizing: calculated: 73976B, actual: 73888B
[2024-12-07T18:48:46.548+0800][2.475s][debug][gc,plab           ] GC(18) Old PLAB allocation: allocated: 0B, wasted: 0B, unused: 0B, used: 0B, undo waste: 0B, 
[2024-12-07T18:48:46.548+0800][2.475s][debug][gc,plab           ] GC(18) Old other allocation: region end waste: 0B, regions filled: 0, direct allocated: 0B, failure used: 0B, failure wasted: 0B
[2024-12-07T18:48:46.548+0800][2.475s][debug][gc,plab           ] GC(18) Old sizing: calculated: 0B, actual: 2064B
[2024-12-07T18:48:46.548+0800][2.475s][debug][gc,alloc,stats    ] Old generation allocation in the last mutator period, old gen allocated: 0B, humongous allocated: 20971520B,old gen growth: 20971520B.
[2024-12-07T18:48:46.548+0800][2.475s][debug][gc,ihop           ] GC(18) Basic information (value update), threshold: 236873318B (45.00), target occupancy: 526385152B, current occupancy: 420628736B, recent allocation size: 20971520B, recent allocation duration: 97.84ms, recent old gen allocation rate: 214356007.56B/s, recent marking phase length: 0.00ms
[2024-12-07T18:48:46.548+0800][2.475s][debug][gc,ihop           ] GC(18) Adaptive IHOP information (value update), threshold: 236873318B (51.91), internal target occupancy: 456340275B, occupancy: 420628736B, additional buffer size: 27262976B, predicted old gen allocation rate: 201706755.51B/s, predicted marking phase length: 0.00ms, prediction active: false
[2024-12-07T18:48:46.548+0800][2.475s][debug][gc,ergo,refine    ] GC(18) Updated Refinement Zones: green: 18, yellow: 54, red: 90
[2024-12-07T18:48:46.548+0800][2.476s][info ][gc,phases         ] GC(18)   Pre Evacuate Collection Set: 0.2ms
[2024-12-07T18:48:46.548+0800][2.476s][debug][gc,phases         ] GC(18)     Prepare TLABs: 0.1ms
[2024-12-07T18:48:46.548+0800][2.476s][debug][gc,phases         ] GC(18)     Choose Collection Set: 0.2ms
[2024-12-07T18:48:46.549+0800][2.476s][debug][gc,phases         ] GC(18)     Humongous Register: 0.0ms
[2024-12-07T18:48:46.549+0800][2.476s][debug][gc,phases         ] GC(18)     Clear Claimed Marks: 0.0ms
[2024-12-07T18:48:46.549+0800][2.476s][info ][gc,phases         ] GC(18)   Evacuate Collection Set: 5.4ms
[2024-12-07T18:48:46.549+0800][2.476s][debug][gc,phases         ] GC(18)     Ext Root Scanning (ms):   Min:  0.1, Avg:  1.2, Max:  3.1, Diff:  3.0, Sum: 14.6, Workers: 12
[2024-12-07T18:48:46.549+0800][2.476s][debug][gc,phases         ] GC(18)     Update RS (ms):           Min:  0.0, Avg:  0.2, Max:  0.7, Diff:  0.7, Sum:  2.3, Workers: 12
[2024-12-07T18:48:46.549+0800][2.476s][debug][gc,phases         ] GC(18)       Processed Buffers:        Min: 0, Avg:  0.8, Max: 3, Diff: 3, Sum: 10, Workers: 12
[2024-12-07T18:48:46.549+0800][2.476s][debug][gc,phases         ] GC(18)       Scanned Cards:            Min: 0, Avg: 18.5, Max: 68, Diff: 68, Sum: 222, Workers: 12
[2024-12-07T18:48:46.549+0800][2.476s][debug][gc,phases         ] GC(18)       Skipped Cards:            Min: 0, Avg: 12.2, Max: 88, Diff: 88, Sum: 146, Workers: 12
[2024-12-07T18:48:46.549+0800][2.477s][debug][gc,phases         ] GC(18)     Scan RS (ms):             Min:  0.0, Avg:  0.2, Max:  0.7, Diff:  0.7, Sum:  2.0, Workers: 12
[2024-12-07T18:48:46.549+0800][2.477s][debug][gc,phases         ] GC(18)       Scanned Cards:            Min: 0, Avg: 18.0, Max: 64, Diff: 64, Sum: 216, Workers: 12
[2024-12-07T18:48:46.549+0800][2.477s][debug][gc,phases         ] GC(18)       Claimed Cards:            Min: 0, Avg: 18.5, Max: 64, Diff: 64, Sum: 222, Workers: 12
[2024-12-07T18:48:46.550+0800][2.477s][debug][gc,phases         ] GC(18)       Skipped Cards:            Min: 0, Avg: 74.0, Max: 222, Diff: 222, Sum: 888, Workers: 12
[2024-12-07T18:48:46.550+0800][2.477s][debug][gc,phases         ] GC(18)     Code Root Scanning (ms):  Min:  0.0, Avg:  0.0, Max:  0.0, Diff:  0.0, Sum:  0.0, Workers: 12
[2024-12-07T18:48:46.550+0800][2.477s][debug][gc,phases         ] GC(18)     AOT Root Scanning (ms):   skipped
[2024-12-07T18:48:46.550+0800][2.477s][debug][gc,phases         ] GC(18)     Object Copy (ms):         Min:  0.0, Avg:  0.1, Max:  0.3, Diff:  0.3, Sum:  0.7, Workers: 12
[2024-12-07T18:48:46.550+0800][2.477s][debug][gc,phases         ] GC(18)     Termination (ms):         Min:  0.0, Avg:  1.6, Max:  2.2, Diff:  2.2, Sum: 19.1, Workers: 12
[2024-12-07T18:48:46.550+0800][2.477s][debug][gc,phases         ] GC(18)       Termination Attempts:     Min: 1, Avg:  1.1, Max: 2, Diff: 1, Sum: 13, Workers: 12
[2024-12-07T18:48:46.550+0800][2.477s][debug][gc,phases         ] GC(18)     GC Worker Other (ms):     Min:  0.1, Avg:  0.6, Max:  1.4, Diff:  1.3, Sum:  7.4, Workers: 12
[2024-12-07T18:48:46.550+0800][2.477s][debug][gc,phases         ] GC(18)     GC Worker Total (ms):     Min:  3.2, Avg:  3.8, Max:  4.5, Diff:  1.3, Sum: 46.1, Workers: 12
[2024-12-07T18:48:46.550+0800][2.477s][info ][gc,phases         ] GC(18)   Post Evacuate Collection Set: 18.9ms
[2024-12-07T18:48:46.550+0800][2.478s][debug][gc,phases         ] GC(18)     Code Roots Fixup: 0.0ms
[2024-12-07T18:48:46.550+0800][2.478s][debug][gc,phases         ] GC(18)     Clear Card Table: 0.3ms
[2024-12-07T18:48:46.550+0800][2.478s][debug][gc,phases         ] GC(18)     Reference Processing: 0.7ms
[2024-12-07T18:48:46.551+0800][2.478s][debug][gc,phases,ref     ] GC(18)       Reconsider SoftReferences: 0.2ms
[2024-12-07T18:48:46.551+0800][2.478s][debug][gc,phases,ref     ] GC(18)         SoftRef (ms):             skipped
[2024-12-07T18:48:46.551+0800][2.478s][debug][gc,phases,ref     ] GC(18)       Notify Soft/WeakReferences: 0.1ms
[2024-12-07T18:48:46.551+0800][2.478s][debug][gc,phases,ref     ] GC(18)         SoftRef (ms):             Min:  0.0, Avg:  0.0, Max:  0.0, Diff:  0.0, Sum:  0.0, Workers: 1
[2024-12-07T18:48:46.551+0800][2.478s][debug][gc,phases,ref     ] GC(18)         WeakRef (ms):             Min:  0.0, Avg:  0.0, Max:  0.0, Diff:  0.0, Sum:  0.0, Workers: 1
[2024-12-07T18:48:46.551+0800][2.478s][debug][gc,phases,ref     ] GC(18)         FinalRef (ms):            Min:  0.0, Avg:  0.0, Max:  0.0, Diff:  0.0, Sum:  0.0, Workers: 1
[2024-12-07T18:48:46.551+0800][2.478s][debug][gc,phases,ref     ] GC(18)         Total (ms):               Min:  0.0, Avg:  0.0, Max:  0.0, Diff:  0.0, Sum:  0.0, Workers: 1
[2024-12-07T18:48:46.551+0800][2.478s][debug][gc,phases,ref     ] GC(18)       Notify and keep alive finalizable: 0.4ms
[2024-12-07T18:48:46.551+0800][2.479s][debug][gc,phases,ref     ] GC(18)         FinalRef (ms):            skipped
[2024-12-07T18:48:46.552+0800][2.479s][debug][gc,phases,ref     ] GC(18)       Notify PhantomReferences: 0.0ms
[2024-12-07T18:48:46.552+0800][2.479s][debug][gc,phases,ref     ] GC(18)         PhantomRef (ms):          Min:  0.0, Avg:  0.0, Max:  0.0, Diff:  0.0, Sum:  0.0, Workers: 1
[2024-12-07T18:48:46.552+0800][2.479s][debug][gc,phases,ref     ] GC(18)       SoftReference:
[2024-12-07T18:48:46.552+0800][2.479s][debug][gc,phases,ref     ] GC(18)         Discovered: 0
[2024-12-07T18:48:46.552+0800][2.479s][debug][gc,phases,ref     ] GC(18)         Cleared: 0
[2024-12-07T18:48:46.552+0800][2.479s][debug][gc,phases,ref     ] GC(18)       WeakReference:
[2024-12-07T18:48:46.552+0800][2.480s][debug][gc,phases,ref     ] GC(18)         Discovered: 8
[2024-12-07T18:48:46.552+0800][2.480s][debug][gc,phases,ref     ] GC(18)         Cleared: 8
[2024-12-07T18:48:46.552+0800][2.480s][debug][gc,phases,ref     ] GC(18)       FinalReference:
[2024-12-07T18:48:46.553+0800][2.480s][debug][gc,phases,ref     ] GC(18)         Discovered: 0
[2024-12-07T18:48:46.553+0800][2.480s][debug][gc,phases,ref     ] GC(18)         Cleared: 0
[2024-12-07T18:48:46.553+0800][2.480s][debug][gc,phases,ref     ] GC(18)       PhantomReference:
[2024-12-07T18:48:46.553+0800][2.480s][debug][gc,phases,ref     ] GC(18)         Discovered: 5
[2024-12-07T18:48:46.553+0800][2.480s][debug][gc,phases,ref     ] GC(18)         Cleared: 5
[2024-12-07T18:48:46.553+0800][2.480s][debug][gc,phases         ] GC(18)     Weak Processing: 0.0ms
[2024-12-07T18:48:46.553+0800][2.480s][debug][gc,phases         ] GC(18)     Merge Per-Thread State: 0.0ms
[2024-12-07T18:48:46.553+0800][2.480s][debug][gc,phases         ] GC(18)     Code Roots Purge: 0.0ms
[2024-12-07T18:48:46.553+0800][2.480s][debug][gc,phases         ] GC(18)     Redirty Cards: 0.3ms
[2024-12-07T18:48:46.553+0800][2.480s][debug][gc,phases         ] GC(18)     DerivedPointerTable Update: 0.0ms
[2024-12-07T18:48:46.553+0800][2.481s][debug][gc,phases         ] GC(18)     Free Collection Set: 0.2ms
[2024-12-07T18:48:46.553+0800][2.481s][debug][gc,phases         ] GC(18)     Humongous Reclaim: 17.5ms
[2024-12-07T18:48:46.553+0800][2.481s][debug][gc,phases         ] GC(18)     Start New Collection Set: 0.0ms
[2024-12-07T18:48:46.554+0800][2.481s][debug][gc,phases         ] GC(18)     Resize TLABs: 0.0ms
[2024-12-07T18:48:46.554+0800][2.481s][debug][gc,phases         ] GC(18)     Expand Heap After Collection: 0.0ms
[2024-12-07T18:48:46.554+0800][2.481s][info ][gc,phases         ] GC(18)   Other: 2.9ms
[2024-12-07T18:48:46.554+0800][2.481s][info ][gc,heap           ] GC(18) Eden regions: 1->0(25)
[2024-12-07T18:48:46.554+0800][2.481s][info ][gc,heap           ] GC(18) Survivor regions: 1->1(5)
[2024-12-07T18:48:46.554+0800][2.481s][info ][gc,heap           ] GC(18) Old regions: 2->2
[2024-12-07T18:48:46.554+0800][2.481s][info ][gc,heap           ] GC(18) Humongous regions: 400->400
[2024-12-07T18:48:46.554+0800][2.481s][info ][gc,metaspace      ] GC(18) Metaspace: 554K(4864K)->554K(4864K) NonClass: 507K(4352K)->507K(4352K) Class: 46K(512K)->46K(512K)
[2024-12-07T18:48:46.554+0800][2.481s][debug][gc,heap           ] GC(18) Heap after GC invocations=19 (full 0): garbage-first heap   total 516096K, used 410770K [0x00000000e0000000, 0x0000000100000000)
[2024-12-07T18:48:46.554+0800][2.482s][debug][gc,heap           ] GC(18)   region size 1024K, 1 young (1024K), 1 survivors (1024K)
[2024-12-07T18:48:46.554+0800][2.482s][debug][gc,heap           ] GC(18)  Metaspace       used 554K, capacity 4570K, committed 4864K, reserved 1056768K
[2024-12-07T18:48:46.554+0800][2.482s][debug][gc,heap           ] GC(18)   class space    used 46K, capacity 419K, committed 512K, reserved 1048576K
[2024-12-07T18:48:46.555+0800][2.482s][info ][gc                ] GC(18) Pause Young (Concurrent Start) (G1 Humongous Allocation) 401M->401M(504M) 32.234ms
[2024-12-07T18:48:46.555+0800][2.482s][info ][gc,cpu            ] GC(18) User=0.03s Sys=0.00s Real=0.03s
[2024-12-07T18:48:46.555+0800][2.482s][info ][gc                ] GC(19) Concurrent Cycle
[2024-12-07T18:48:46.555+0800][2.482s][info ][gc,marking        ] GC(19) Concurrent Clear Claimed Marks
[2024-12-07T18:48:46.555+0800][2.482s][info ][gc,marking        ] GC(19) Concurrent Clear Claimed Marks 0.084ms
[2024-12-07T18:48:46.555+0800][2.482s][info ][gc,marking        ] GC(19) Concurrent Scan Root Regions
[2024-12-07T18:48:46.555+0800][2.482s][debug][gc,ergo           ] GC(19) Running G1 Root Region Scan using 1 workers for 1 work units.
[2024-12-07T18:48:46.555+0800][2.483s][info ][gc,marking        ] GC(19) Concurrent Scan Root Regions 0.464ms
[2024-12-07T18:48:46.556+0800][2.483s][info ][gc,marking        ] GC(19) Concurrent Mark (2.483s)
[2024-12-07T18:48:46.556+0800][2.483s][info ][gc,marking        ] GC(19) Concurrent Mark From Roots
[2024-12-07T18:48:46.556+0800][2.483s][info ][gc,task           ] GC(19) Using 5 workers of 5 for marking
[2024-12-07T18:48:46.556+0800][2.484s][debug][gc,stats          ] ---------------------------------------------------------------------
[2024-12-07T18:48:46.557+0800][2.484s][debug][gc,stats          ] Marking Stats, task = 0, calls = 31
[2024-12-07T18:48:46.557+0800][2.484s][debug][gc,stats          ]   Elapsed time = 0.47ms, Termination time = 0.00ms
[2024-12-07T18:48:46.557+0800][2.484s][debug][gc,stats          ]   Step Times (cum): num = 922, avg = 0.01ms, sd = 0.18ms max = 3.25ms, total = 11.19ms
[2024-12-07T18:48:46.557+0800][2.485s][debug][gc,stats          ]   Mark Stats Cache: hits 4427 misses 201 ratio 95.657
[2024-12-07T18:48:46.557+0800][2.485s][debug][gc,stats          ] ---------------------------------------------------------------------
[2024-12-07T18:48:46.558+0800][2.485s][debug][gc,stats          ] Marking Stats, task = 1, calls = 33
[2024-12-07T18:48:46.558+0800][2.485s][debug][gc,stats          ]   Elapsed time = 0.46ms, Termination time = 0.00ms
[2024-12-07T18:48:46.558+0800][2.485s][debug][gc,stats          ]   Step Times (cum): num = 268, avg = 0.04ms, sd = 0.34ms max = 3.25ms, total = 11.31ms
[2024-12-07T18:48:46.558+0800][2.485s][debug][gc,stats          ]   Mark Stats Cache: hits 631 misses 2 ratio 99.684
[2024-12-07T18:48:46.558+0800][2.485s][debug][gc,stats          ] ---------------------------------------------------------------------
[2024-12-07T18:48:46.558+0800][2.485s][debug][gc,stats          ] Marking Stats, task = 2, calls = 36
[2024-12-07T18:48:46.558+0800][2.485s][debug][gc,stats          ]   Elapsed time = 0.44ms, Termination time = 0.00ms
[2024-12-07T18:48:46.558+0800][2.485s][debug][gc,stats          ]   Step Times (cum): num = 344, avg = 0.03ms, sd = 0.29ms max = 3.25ms, total = 11.24ms
[2024-12-07T18:48:46.558+0800][2.485s][debug][gc,stats          ]   Mark Stats Cache: hits 553 misses 1 ratio 99.819
[2024-12-07T18:48:46.558+0800][2.485s][debug][gc,stats          ] ---------------------------------------------------------------------
[2024-12-07T18:48:46.558+0800][2.486s][debug][gc,stats          ] Marking Stats, task = 3, calls = 37
[2024-12-07T18:48:46.558+0800][2.486s][debug][gc,stats          ]   Elapsed time = 0.43ms, Termination time = 0.00ms
[2024-12-07T18:48:46.558+0800][2.486s][debug][gc,stats          ]   Step Times (cum): num = 313, avg = 0.04ms, sd = 0.31ms max = 3.25ms, total = 11.12ms
[2024-12-07T18:48:46.559+0800][2.486s][debug][gc,stats          ]   Mark Stats Cache: hits 598 misses 1 ratio 99.833
[2024-12-07T18:48:46.559+0800][2.486s][debug][gc,stats          ] ---------------------------------------------------------------------
[2024-12-07T18:48:46.559+0800][2.486s][debug][gc,stats          ] Marking Stats, task = 4, calls = 1
[2024-12-07T18:48:46.559+0800][2.486s][debug][gc,stats          ]   Elapsed time = 0.40ms, Termination time = 0.00ms
[2024-12-07T18:48:46.559+0800][2.486s][debug][gc,stats          ]   Step Times (cum): num = 293, avg = 0.04ms, sd = 0.32ms max = 3.25ms, total = 11.11ms
[2024-12-07T18:48:46.559+0800][2.486s][debug][gc,stats          ]   Mark Stats Cache: hits 4277 misses 2 ratio 99.953
[2024-12-07T18:48:46.559+0800][2.486s][debug][gc,stats          ] ---------------------------------------------------------------------
[2024-12-07T18:48:46.559+0800][2.486s][info ][gc,marking        ] GC(19) Concurrent Mark From Roots 3.399ms
[2024-12-07T18:48:46.559+0800][2.486s][info ][gc,marking        ] GC(19) Concurrent Preclean
[2024-12-07T18:48:46.559+0800][2.486s][debug][gc,ref,start      ] GC(19) Preclean SoftReferences
[2024-12-07T18:48:46.559+0800][2.487s][debug][gc,ref            ] GC(19) Preclean SoftReferences 0.089ms
[2024-12-07T18:48:46.559+0800][2.487s][debug][gc,ref,start      ] GC(19) Preclean WeakReferences
[2024-12-07T18:48:46.560+0800][2.487s][debug][gc,ref            ] GC(19) Preclean WeakReferences 0.088ms
[2024-12-07T18:48:46.560+0800][2.487s][debug][gc,ref,start      ] GC(19) Preclean FinalReferences
[2024-12-07T18:48:46.560+0800][2.487s][debug][gc,ref            ] GC(19) Preclean FinalReferences 0.088ms
[2024-12-07T18:48:46.560+0800][2.487s][debug][gc,ref,start      ] GC(19) Preclean PhantomReferences
[2024-12-07T18:48:46.560+0800][2.487s][debug][gc,ref            ] GC(19) Preclean PhantomReferences 0.100ms
[2024-12-07T18:48:46.560+0800][2.487s][info ][gc,marking        ] GC(19) Concurrent Preclean 0.812ms
[2024-12-07T18:48:46.560+0800][2.487s][info ][gc,marking        ] GC(19) Concurrent Mark (2.483s, 2.487s) 4.515ms
[2024-12-07T18:48:46.560+0800][2.487s][info ][gc,start          ] GC(19) Pause Remark
[2024-12-07T18:48:46.560+0800][2.488s][debug][gc,phases,start   ] GC(19) Finalize Marking
[2024-12-07T18:48:46.561+0800][2.488s][debug][gc,stats          ] ---------------------------------------------------------------------
[2024-12-07T18:48:46.561+0800][2.488s][debug][gc,stats          ] Marking Stats, task = 0, calls = 104
[2024-12-07T18:48:46.561+0800][2.488s][debug][gc,stats          ]   Elapsed time = 0.29ms, Termination time = 0.00ms
[2024-12-07T18:48:46.561+0800][2.488s][debug][gc,stats          ]   Step Times (cum): num = 995, avg = 0.01ms, sd = 0.17ms max = 3.25ms, total = 11.19ms
[2024-12-07T18:48:46.561+0800][2.488s][debug][gc,stats          ]   Mark Stats Cache: hits 4427 misses 201 ratio 95.657
[2024-12-07T18:48:46.561+0800][2.488s][debug][gc,stats          ] ---------------------------------------------------------------------
[2024-12-07T18:48:46.561+0800][2.489s][debug][gc,stats          ] Marking Stats, task = 1, calls = 34
[2024-12-07T18:48:46.561+0800][2.489s][debug][gc,stats          ]   Elapsed time = 0.29ms, Termination time = 0.00ms
[2024-12-07T18:48:46.561+0800][2.489s][debug][gc,stats          ]   Step Times (cum): num = 269, avg = 0.04ms, sd = 0.34ms max = 3.25ms, total = 11.31ms
[2024-12-07T18:48:46.562+0800][2.489s][debug][gc,stats          ]   Mark Stats Cache: hits 631 misses 2 ratio 99.684
[2024-12-07T18:48:46.562+0800][2.489s][debug][gc,stats          ] ---------------------------------------------------------------------
[2024-12-07T18:48:46.562+0800][2.489s][debug][gc,stats          ] Marking Stats, task = 2, calls = 37
[2024-12-07T18:48:46.562+0800][2.489s][debug][gc,stats          ]   Elapsed time = 0.29ms, Termination time = 0.00ms
[2024-12-07T18:48:46.562+0800][2.489s][debug][gc,stats          ]   Step Times (cum): num = 345, avg = 0.03ms, sd = 0.29ms max = 3.25ms, total = 11.24ms
[2024-12-07T18:48:46.562+0800][2.489s][debug][gc,stats          ]   Mark Stats Cache: hits 553 misses 1 ratio 99.819
[2024-12-07T18:48:46.562+0800][2.489s][debug][gc,stats          ] ---------------------------------------------------------------------
[2024-12-07T18:48:46.562+0800][2.489s][debug][gc,stats          ] Marking Stats, task = 3, calls = 38
[2024-12-07T18:48:46.562+0800][2.489s][debug][gc,stats          ]   Elapsed time = 0.29ms, Termination time = 0.00ms
[2024-12-07T18:48:46.562+0800][2.490s][debug][gc,stats          ]   Step Times (cum): num = 314, avg = 0.04ms, sd = 0.31ms max = 3.25ms, total = 11.12ms
[2024-12-07T18:48:46.562+0800][2.490s][debug][gc,stats          ]   Mark Stats Cache: hits 598 misses 1 ratio 99.833
[2024-12-07T18:48:46.562+0800][2.490s][debug][gc,stats          ] ---------------------------------------------------------------------
[2024-12-07T18:48:46.563+0800][2.490s][debug][gc,stats          ] Marking Stats, task = 4, calls = 2
[2024-12-07T18:48:46.563+0800][2.490s][debug][gc,stats          ]   Elapsed time = 0.29ms, Termination time = 0.00ms
[2024-12-07T18:48:46.563+0800][2.490s][debug][gc,stats          ]   Step Times (cum): num = 294, avg = 0.04ms, sd = 0.32ms max = 3.25ms, total = 11.11ms
[2024-12-07T18:48:46.563+0800][2.490s][debug][gc,stats          ]   Mark Stats Cache: hits 4277 misses 2 ratio 99.953
[2024-12-07T18:48:46.563+0800][2.490s][debug][gc,stats          ] ---------------------------------------------------------------------
[2024-12-07T18:48:46.563+0800][2.490s][debug][gc,stats          ] Marking Stats, task = 5, calls = 1
[2024-12-07T18:48:46.563+0800][2.490s][debug][gc,stats          ]   Elapsed time = 0.31ms, Termination time = 0.00ms
[2024-12-07T18:48:46.563+0800][2.490s][debug][gc,stats          ]   Step Times (cum): num = 10, avg = 1.11ms, sd = 1.32ms max = 3.25ms, total = 11.10ms
[2024-12-07T18:48:46.563+0800][2.490s][debug][gc,stats          ]   Mark Stats Cache: hits 0 misses 0 ratio 0.000
[2024-12-07T18:48:46.563+0800][2.490s][debug][gc,stats          ] ---------------------------------------------------------------------
[2024-12-07T18:48:46.563+0800][2.491s][debug][gc,stats          ] Marking Stats, task = 6, calls = 1
[2024-12-07T18:48:46.563+0800][2.491s][debug][gc,stats          ]   Elapsed time = 0.29ms, Termination time = 0.00ms
[2024-12-07T18:48:46.563+0800][2.491s][debug][gc,stats          ]   Step Times (cum): num = 10, avg = 1.14ms, sd = 1.34ms max = 3.43ms, total = 11.44ms
[2024-12-07T18:48:46.564+0800][2.491s][debug][gc,stats          ]   Mark Stats Cache: hits 0 misses 0 ratio 0.000
[2024-12-07T18:48:46.564+0800][2.491s][debug][gc,stats          ] ---------------------------------------------------------------------
[2024-12-07T18:48:46.564+0800][2.491s][debug][gc,stats          ] Marking Stats, task = 7, calls = 1
[2024-12-07T18:48:46.564+0800][2.491s][debug][gc,stats          ]   Elapsed time = 0.24ms, Termination time = 0.20ms
[2024-12-07T18:48:46.564+0800][2.491s][debug][gc,stats          ]   Step Times (cum): num = 10, avg = 1.15ms, sd = 1.29ms max = 3.25ms, total = 11.52ms
[2024-12-07T18:48:46.564+0800][2.491s][debug][gc,stats          ]   Mark Stats Cache: hits 0 misses 0 ratio 0.000
[2024-12-07T18:48:46.564+0800][2.491s][debug][gc,stats          ] ---------------------------------------------------------------------
[2024-12-07T18:48:46.564+0800][2.491s][debug][gc,stats          ] Marking Stats, task = 8, calls = 1
[2024-12-07T18:48:46.564+0800][2.491s][debug][gc,stats          ]   Elapsed time = 0.29ms, Termination time = 0.00ms
[2024-12-07T18:48:46.564+0800][2.492s][debug][gc,stats          ]   Step Times (cum): num = 10, avg = 1.15ms, sd = 1.35ms max = 3.43ms, total = 11.50ms
[2024-12-07T18:48:46.564+0800][2.492s][debug][gc,stats          ]   Mark Stats Cache: hits 0 misses 0 ratio 0.000
[2024-12-07T18:48:46.564+0800][2.492s][debug][gc,stats          ] ---------------------------------------------------------------------
[2024-12-07T18:48:46.565+0800][2.492s][debug][gc,stats          ] Marking Stats, task = 9, calls = 1
[2024-12-07T18:48:46.565+0800][2.492s][debug][gc,stats          ]   Elapsed time = 0.14ms, Termination time = 0.00ms
[2024-12-07T18:48:46.565+0800][2.492s][debug][gc,stats          ]   Step Times (cum): num = 10, avg = 1.09ms, sd = 1.27ms max = 3.25ms, total = 10.93ms
[2024-12-07T18:48:46.565+0800][2.492s][debug][gc,stats          ]   Mark Stats Cache: hits 0 misses 0 ratio 0.000
[2024-12-07T18:48:46.565+0800][2.492s][debug][gc,stats          ] ---------------------------------------------------------------------
[2024-12-07T18:48:46.565+0800][2.492s][debug][gc,stats          ] Marking Stats, task = 10, calls = 1
[2024-12-07T18:48:46.565+0800][2.492s][debug][gc,stats          ]   Elapsed time = 0.14ms, Termination time = 0.00ms
[2024-12-07T18:48:46.565+0800][2.492s][debug][gc,stats          ]   Step Times (cum): num = 10, avg = 0.52ms, sd = 1.02ms max = 3.05ms, total = 5.18ms
[2024-12-07T18:48:46.565+0800][2.493s][debug][gc,stats          ]   Mark Stats Cache: hits 0 misses 0 ratio 0.000
[2024-12-07T18:48:46.565+0800][2.493s][debug][gc,stats          ] ---------------------------------------------------------------------
[2024-12-07T18:48:46.565+0800][2.493s][debug][gc,stats          ] Marking Stats, task = 11, calls = 1
[2024-12-07T18:48:46.566+0800][2.493s][debug][gc,stats          ]   Elapsed time = 0.00ms, Termination time = 0.00ms
[2024-12-07T18:48:46.566+0800][2.493s][debug][gc,stats          ]   Step Times (cum): num = 10, avg = 0.00ms, sd = 0.00ms max = 0.00ms, total = 0.00ms
[2024-12-07T18:48:46.566+0800][2.493s][debug][gc,stats          ]   Mark Stats Cache: hits 0 misses 0 ratio 0.000
[2024-12-07T18:48:46.566+0800][2.493s][debug][gc,stats          ] ---------------------------------------------------------------------
[2024-12-07T18:48:46.566+0800][2.493s][debug][gc,phases         ] GC(19) Finalize Marking 5.534ms
[2024-12-07T18:48:46.566+0800][2.493s][debug][gc,phases,start   ] GC(19) Reference Processing
[2024-12-07T18:48:46.566+0800][2.493s][debug][gc,ref            ] GC(19) Skipped phase1 of Reference Processing due to unavailable references
[2024-12-07T18:48:46.566+0800][2.493s][debug][gc,ref            ] GC(19) Skipped phase2 of Reference Processing due to unavailable references
[2024-12-07T18:48:46.566+0800][2.493s][debug][gc,ref            ] GC(19) Skipped phase3 of Reference Processing due to unavailable references
[2024-12-07T18:48:46.566+0800][2.494s][debug][gc,ref            ] GC(19) Skipped phase4 of Reference Processing due to unavailable references
[2024-12-07T18:48:46.566+0800][2.494s][debug][gc,phases,ref     ] GC(19) Reference Processing: 0.4ms
[2024-12-07T18:48:46.567+0800][2.494s][debug][gc,phases,ref     ] GC(19)   Reconsider SoftReferences: 0.1ms
[2024-12-07T18:48:46.567+0800][2.494s][debug][gc,phases,ref     ] GC(19)     SoftRef (ms):             skipped
[2024-12-07T18:48:46.567+0800][2.494s][debug][gc,phases,ref     ] GC(19)   Notify Soft/WeakReferences: 0.1ms
[2024-12-07T18:48:46.567+0800][2.494s][debug][gc,phases,ref     ] GC(19)     SoftRef (ms):             skipped
[2024-12-07T18:48:46.567+0800][2.494s][debug][gc,phases,ref     ] GC(19)     WeakRef (ms):             skipped
[2024-12-07T18:48:46.567+0800][2.494s][debug][gc,phases,ref     ] GC(19)     FinalRef (ms):            skipped
[2024-12-07T18:48:46.567+0800][2.494s][debug][gc,phases,ref     ] GC(19)     Total (ms):               skipped
[2024-12-07T18:48:46.567+0800][2.495s][debug][gc,phases,ref     ] GC(19)   Notify and keep alive finalizable: 0.1ms
[2024-12-07T18:48:46.567+0800][2.495s][debug][gc,phases,ref     ] GC(19)     FinalRef (ms):            skipped
[2024-12-07T18:48:46.567+0800][2.495s][debug][gc,phases,ref     ] GC(19)   Notify PhantomReferences: 0.1ms
[2024-12-07T18:48:46.568+0800][2.495s][debug][gc,phases,ref     ] GC(19)     PhantomRef (ms):          skipped
[2024-12-07T18:48:46.568+0800][2.495s][debug][gc,phases,ref     ] GC(19)   SoftReference:
[2024-12-07T18:48:46.568+0800][2.495s][debug][gc,phases,ref     ] GC(19)     Discovered: 0
[2024-12-07T18:48:46.568+0800][2.495s][debug][gc,phases,ref     ] GC(19)     Cleared: 0
[2024-12-07T18:48:46.568+0800][2.495s][debug][gc,phases,ref     ] GC(19)   WeakReference:
[2024-12-07T18:48:46.568+0800][2.495s][debug][gc,phases,ref     ] GC(19)     Discovered: 0
[2024-12-07T18:48:46.568+0800][2.495s][debug][gc,phases,ref     ] GC(19)     Cleared: 0
[2024-12-07T18:48:46.568+0800][2.495s][debug][gc,phases,ref     ] GC(19)   FinalReference:
[2024-12-07T18:48:46.568+0800][2.495s][debug][gc,phases,ref     ] GC(19)     Discovered: 0
[2024-12-07T18:48:46.568+0800][2.495s][debug][gc,phases,ref     ] GC(19)     Cleared: 0
[2024-12-07T18:48:46.568+0800][2.496s][debug][gc,phases,ref     ] GC(19)   PhantomReference:
[2024-12-07T18:48:46.568+0800][2.496s][debug][gc,phases,ref     ] GC(19)     Discovered: 0
[2024-12-07T18:48:46.568+0800][2.496s][debug][gc,phases,ref     ] GC(19)     Cleared: 0
[2024-12-07T18:48:46.569+0800][2.496s][debug][gc,phases         ] GC(19) Reference Processing 2.564ms
[2024-12-07T18:48:46.569+0800][2.496s][debug][gc,phases,start   ] GC(19) Weak Processing
[2024-12-07T18:48:46.569+0800][2.496s][debug][gc,phases         ] GC(19) Weak Processing 0.081ms
[2024-12-07T18:48:46.569+0800][2.496s][debug][gc,phases,start   ] GC(19) Class Unloading
[2024-12-07T18:48:46.569+0800][2.496s][debug][gc,phases,start   ] GC(19) ClassLoaderData
[2024-12-07T18:48:46.569+0800][2.496s][debug][gc,phases         ] GC(19) ClassLoaderData 0.086ms
[2024-12-07T18:48:46.569+0800][2.496s][debug][gc,phases,start   ] GC(19) ProtectionDomainCacheTable
[2024-12-07T18:48:46.569+0800][2.496s][debug][gc,phases         ] GC(19) ProtectionDomainCacheTable 0.079ms
[2024-12-07T18:48:46.569+0800][2.497s][info ][gc,stringtable    ] GC(19) Cleaned string and symbol table, strings: 39 processed, 0 removed, symbols: 191 processed, 0 removed
[2024-12-07T18:48:46.570+0800][2.497s][debug][gc,phases         ] GC(19) Class Unloading 0.752ms
[2024-12-07T18:48:46.570+0800][2.497s][debug][gc,phases,start   ] GC(19) Flush Task Caches
[2024-12-07T18:48:46.570+0800][2.497s][debug][gc,stats          ] Mark stats cache hits 10486 misses 207 ratio 98.064
[2024-12-07T18:48:46.570+0800][2.497s][debug][gc,phases         ] GC(19) Flush Task Caches 0.219ms
[2024-12-07T18:48:46.570+0800][2.497s][debug][gc,phases,start   ] GC(19) Update Remembered Set Tracking Before Rebuild
[2024-12-07T18:48:46.570+0800][2.497s][debug][gc,ergo           ] GC(19) Running G1 Update RemSet Tracking Before Rebuild using 2 workers for 504 regions in heap
[2024-12-07T18:48:46.570+0800][2.497s][debug][gc,remset,tracking] GC(19) Remembered Set Tracking update regions total 504, selected 0
[2024-12-07T18:48:46.570+0800][2.497s][debug][gc,phases         ] GC(19) Update Remembered Set Tracking Before Rebuild 0.295ms
[2024-12-07T18:48:46.570+0800][2.498s][debug][gc,phases,start   ] GC(19) Reclaim Empty Regions
[2024-12-07T18:48:46.570+0800][2.498s][debug][gc,phases         ] GC(19) Reclaim Empty Regions 0.169ms
[2024-12-07T18:48:46.571+0800][2.498s][debug][gc,phases,start   ] GC(19) Purge Metaspace
[2024-12-07T18:48:46.571+0800][2.498s][debug][gc,phases         ] GC(19) Purge Metaspace 0.078ms
[2024-12-07T18:48:46.571+0800][2.498s][debug][gc,phases,start   ] GC(19) Report Object Count
[2024-12-07T18:48:46.571+0800][2.498s][debug][gc,phases         ] GC(19) Report Object Count 0.087ms
[2024-12-07T18:48:46.571+0800][2.498s][info ][gc                ] GC(19) Pause Remark 421M->421M(504M) 10.646ms
[2024-12-07T18:48:46.571+0800][2.498s][info ][gc,cpu            ] GC(19) User=0.00s Sys=0.00s Real=0.01s
[2024-12-07T18:48:46.571+0800][2.498s][info ][gc,marking        ] GC(19) Concurrent Rebuild Remembered Sets
[2024-12-07T18:48:46.571+0800][2.499s][info ][gc,marking        ] GC(19) Concurrent Rebuild Remembered Sets 0.290ms
[2024-12-07T18:48:46.572+0800][2.499s][info ][gc,start          ] GC(19) Pause Cleanup
[2024-12-07T18:48:46.572+0800][2.499s][debug][gc,phases,start   ] GC(19) Update Remembered Set Tracking After Rebuild
[2024-12-07T18:48:46.572+0800][2.499s][debug][gc,phases         ] GC(19) Update Remembered Set Tracking After Rebuild 0.088ms
[2024-12-07T18:48:46.572+0800][2.499s][debug][gc,phases,start   ] GC(19) Finalize Concurrent Mark Cleanup
[2024-12-07T18:48:46.572+0800][2.499s][debug][gc,ergo           ] GC(19) request young-only gcs (candidate old regions not available)
[2024-12-07T18:48:46.572+0800][2.500s][debug][gc,phases         ] GC(19) Finalize Concurrent Mark Cleanup 0.263ms
[2024-12-07T18:48:46.572+0800][2.500s][info ][gc                ] GC(19) Pause Cleanup 421M->421M(504M) 0.611ms
[2024-12-07T18:48:46.572+0800][2.500s][info ][gc,cpu            ] GC(19) User=0.00s Sys=0.00s Real=0.00s
[2024-12-07T18:48:46.573+0800][2.500s][info ][gc,marking        ] GC(19) Concurrent Cleanup for Next Mark
[2024-12-07T18:48:46.573+0800][2.500s][debug][gc,ergo           ] GC(19) Running G1 Clear Bitmap with 5 workers for 8 work units.
[2024-12-07T18:48:46.573+0800][2.500s][info ][gc,marking        ] GC(19) Concurrent Cleanup for Next Mark 0.318ms
[2024-12-07T18:48:46.573+0800][2.500s][info ][gc                ] GC(19) Concurrent Cycle 18.301ms
[2024-12-07T18:48:46.662+0800][2.589s][debug][gc,ergo,ihop      ] Request concurrent cycle initiation (occupancy higher than threshold) occupancy: 442499072B allocation request: 1048592B threshold: 236873318B (44.82) source: concurrent humongous allocation
[2024-12-07T18:48:46.662+0800][2.589s][debug][gc,ergo           ] Request concurrent cycle initiation (requested by GC cause). GC cause: G1 Humongous Allocation
[2024-12-07T18:48:46.662+0800][2.590s][debug][gc,heap           ] GC(20) Heap before GC invocations=20 (full 0): garbage-first heap   total 516096K, used 431250K [0x00000000e0000000, 0x0000000100000000)
[2024-12-07T18:48:46.663+0800][2.590s][debug][gc,heap           ] GC(20)   region size 1024K, 2 young (2048K), 1 survivors (1024K)
[2024-12-07T18:48:46.663+0800][2.590s][debug][gc,heap           ] GC(20)  Metaspace       used 554K, capacity 4570K, committed 4864K, reserved 1056768K
[2024-12-07T18:48:46.663+0800][2.590s][debug][gc,heap           ] GC(20)   class space    used 46K, capacity 419K, committed 512K, reserved 1048576K
[2024-12-07T18:48:46.663+0800][2.590s][debug][gc,ergo           ] GC(20) Initiate concurrent cycle (concurrent cycle initiation requested)
[2024-12-07T18:48:46.663+0800][2.590s][info ][gc,start          ] GC(20) Pause Young (Concurrent Start) (G1 Humongous Allocation)
[2024-12-07T18:48:46.663+0800][2.591s][info ][gc,task           ] GC(20) Using 12 workers of 18 for evacuation
[2024-12-07T18:48:46.663+0800][2.591s][debug][gc,tlab           ] GC(20) TLAB totals: thrds: 1  refills: 1 max: 1 slow allocs: 1 max 1 waste: 100.0% gc: 524128B max: 524128B slow: 0B max: 0B fast: 0B max: 0B
[2024-12-07T18:48:46.664+0800][2.591s][debug][gc,alloc,region   ] GC(20) Mutator Allocation stats, regions: 1, wasted size: 0B ( 0.0%)
[2024-12-07T18:48:46.664+0800][2.591s][debug][gc,age            ] GC(20) Desired survivor size 2097152 bytes, new threshold 15 (max threshold 15)
[2024-12-07T18:48:46.664+0800][2.591s][debug][gc,ergo,cset      ] GC(20) Finish choosing CSet. old: 0 regions, predicted old region time: 0.00ms, time remaining: 180.99
[2024-12-07T18:48:46.664+0800][2.591s][debug][gc,task,stats     ] GC(20) GC Termination Stats
[2024-12-07T18:48:46.664+0800][2.591s][debug][gc,task,stats     ] GC(20)      elapsed  --strong roots-- -------termination------- ------waste (KiB)------
[2024-12-07T18:48:46.664+0800][2.591s][debug][gc,task,stats     ] GC(20) thr     ms        ms      %        ms      %    attempts  total   alloc    undo
[2024-12-07T18:48:46.664+0800][2.592s][debug][gc,task,stats     ] GC(20) --- --------- --------- ------ --------- ------ -------- ------- ------- -------
[2024-12-07T18:48:46.666+0800][2.594s][debug][gc,task,stats     ] GC(20)  11      1.71      1.71  99.76      0.00   0.01        1       0       0       0
[2024-12-07T18:48:46.667+0800][2.594s][debug][gc,task,stats     ] GC(20)   7      1.96      1.43  73.08      0.47  24.20        1       0       0       0
[2024-12-07T18:48:46.667+0800][2.594s][debug][gc,task,stats     ] GC(20)   6      2.10      1.44  68.55      0.48  22.64        1       0       0       0
[2024-12-07T18:48:46.667+0800][2.594s][debug][gc,task,stats     ] GC(20)   0      2.27      1.64  72.03      0.33  14.40        1       1       1       0
[2024-12-07T18:48:46.667+0800][2.594s][debug][gc,task,stats     ] GC(20)   1      2.37      1.43  60.22      0.48  20.29        1       0       0       0
[2024-12-07T18:48:46.667+0800][2.594s][debug][gc,task,stats     ] GC(20)   5      2.42      1.42  58.86      0.42  17.56        1       0       0       0
[2024-12-07T18:48:46.667+0800][2.594s][debug][gc,task,stats     ] GC(20)   8      2.47      1.48  60.01      0.32  12.79        1       0       0       0
[2024-12-07T18:48:46.667+0800][2.594s][debug][gc,task,stats     ] GC(20)   4      2.62      1.32  50.42      0.53  20.07        1       0       0       0
[2024-12-07T18:48:46.667+0800][2.594s][debug][gc,task,stats     ] GC(20)  10      2.63      1.52  57.78      0.26   9.72        1       0       0       0
[2024-12-07T18:48:46.667+0800][2.595s][debug][gc,task,stats     ] GC(20)   3      2.80      1.23  43.82      0.53  18.90        1       0       0       0
[2024-12-07T18:48:46.667+0800][2.595s][debug][gc,task,stats     ] GC(20)   2      2.92      1.32  45.06      0.51  17.47        1       0       0       0
[2024-12-07T18:48:46.668+0800][2.595s][debug][gc,task,stats     ] GC(20)   9      2.93      1.52  51.86      0.23   8.00        1       0       0       0
[2024-12-07T18:48:46.668+0800][2.595s][debug][gc,ergo           ] GC(20) Running G1 Clear Card Table Task using 1 workers for 1 units of work for 3 regions.
[2024-12-07T18:48:46.668+0800][2.595s][debug][gc,ref            ] GC(20) Skipped phase1 of Reference Processing due to unavailable references
[2024-12-07T18:48:46.668+0800][2.595s][debug][gc,ref            ] GC(20) Skipped phase3 of Reference Processing due to unavailable references
[2024-12-07T18:48:46.668+0800][2.595s][debug][gc,ergo           ] GC(20) Running G1 Free Collection Set using 1 workers for collection set length 2
[2024-12-07T18:48:46.668+0800][2.595s][debug][gc,humongous      ] GC(20) Live humongous region 0 object size 1048592 start 0x00000000e0000000  with remset 0 code roots 0 is marked 0 reclaim candidate 0 type array 1
[2024-12-07T18:48:46.668+0800][2.595s][debug][gc,humongous      ] GC(20) Live humongous region 2 object size 1048592 start 0x00000000e0200000  with remset 0 code roots 0 is marked 0 reclaim candidate 0 type array 1
[2024-12-07T18:48:46.668+0800][2.595s][debug][gc,humongous      ] GC(20) Live humongous region 4 object size 1048592 start 0x00000000e0400000  with remset 0 code roots 0 is marked 0 reclaim candidate 0 type array 1
[2024-12-07T18:48:46.668+0800][2.595s][debug][gc,humongous      ] GC(20) Live humongous region 6 object size 1048592 start 0x00000000e0600000  with remset 0 code roots 0 is marked 0 reclaim candidate 0 type array 1
[2024-12-07T18:48:46.668+0800][2.596s][debug][gc,humongous      ] GC(20) Live humongous region 8 object size 1048592 start 0x00000000e0800000  with remset 0 code roots 0 is marked 0 reclaim candidate 0 type array 1
[2024-12-07T18:48:46.668+0800][2.596s][debug][gc,humongous      ] GC(20) Live humongous region 10 object size 1048592 start 0x00000000e0a00000  with remset 0 code roots 0 is marked 0 reclaim candidate 0 type array 1
[2024-12-07T18:48:46.668+0800][2.596s][debug][gc,humongous      ] GC(20) Live humongous region 12 object size 1048592 start 0x00000000e0c00000  with remset 0 code roots 0 is marked 0 reclaim candidate 0 type array 1
[2024-12-07T18:48:46.669+0800][2.596s][debug][gc,humongous      ] GC(20) Live humongous region 14 object size 1048592 start 0x00000000e0e00000  with remset 0 code roots 0 is marked 0 reclaim candidate 0 type array 1
[2024-12-07T18:48:46.669+0800][2.596s][debug][gc,humongous      ] GC(20) Live humongous region 16 object size 1048592 start 0x00000000e1000000  with remset 0 code roots 0 is marked 0 reclaim candidate 0 type array 1
[2024-12-07T18:48:46.669+0800][2.596s][debug][gc,humongous      ] GC(20) Live humongous region 18 object size 1048592 start 0x00000000e1200000  with remset 0 code roots 0 is marked 0 reclaim candidate 0 type array 1
[2024-12-07T18:48:46.669+0800][2.596s][debug][gc,humongous      ] GC(20) Live humongous region 20 object size 1048592 start 0x00000000e1400000  with remset 0 code roots 0 is marked 0 reclaim candidate 0 type array 1
[2024-12-07T18:48:46.669+0800][2.596s][debug][gc,humongous      ] GC(20) Live humongous region 22 object size 1048592 start 0x00000000e1600000  with remset 0 code roots 0 is marked 0 reclaim candidate 0 type array 1
[2024-12-07T18:48:46.669+0800][2.596s][debug][gc,humongous      ] GC(20) Live humongous region 24 object size 1048592 start 0x00000000e1800000  with remset 0 code roots 0 is marked 0 reclaim candidate 0 type array 1
[2024-12-07T18:48:46.669+0800][2.596s][debug][gc,humongous      ] GC(20) Live humongous region 26 object size 1048592 start 0x00000000e1a00000  with remset 0 code roots 0 is marked 0 reclaim candidate 0 type array 1
[2024-12-07T18:48:46.669+0800][2.596s][debug][gc,humongous      ] GC(20) Live humongous region 28 object size 1048592 start 0x00000000e1c00000  with remset 0 code roots 0 is marked 0 reclaim candidate 0 type array 1
[2024-12-07T18:48:46.669+0800][2.596s][debug][gc,humongous      ] GC(20) Live humongous region 30 object size 1048592 start 0x00000000e1e00000  with remset 0 code roots 0 is marked 0 reclaim candidate 0 type array 1
[2024-12-07T18:48:46.669+0800][2.597s][debug][gc,humongous      ] GC(20) Live humongous region 32 object size 1048592 start 0x00000000e2000000  with remset 0 code roots 0 is marked 0 reclaim candidate 0 type array 1
[2024-12-07T18:48:46.669+0800][2.597s][debug][gc,humongous      ] GC(20) Live humongous region 34 object size 1048592 start 0x00000000e2200000  with remset 0 code roots 0 is marked 0 reclaim candidate 0 type array 1
[2024-12-07T18:48:46.670+0800][2.597s][debug][gc,humongous      ] GC(20) Live humongous region 36 object size 1048592 start 0x00000000e2400000  with remset 0 code roots 0 is marked 0 reclaim candidate 0 type array 1
[2024-12-07T18:48:46.679+0800][2.606s][debug][gc,humongous      ] GC(20) Live humongous region 38 object size 1048592 start 0x00000000e2600000  with remset 0 code roots 0 is marked 0 reclaim candidate 0 type array 1
[2024-12-07T18:48:46.679+0800][2.606s][debug][gc,humongous      ] GC(20) Live humongous region 40 object size 1048592 start 0x00000000e2800000  with remset 0 code roots 0 is marked 0 reclaim candidate 0 type array 1
[2024-12-07T18:48:46.679+0800][2.607s][debug][gc,humongous      ] GC(20) Live humongous region 42 object size 1048592 start 0x00000000e2a00000  with remset 0 code roots 0 is marked 0 reclaim candidate 0 type array 1
[2024-12-07T18:48:46.680+0800][2.607s][debug][gc,humongous      ] GC(20) Live humongous region 44 object size 1048592 start 0x00000000e2c00000  with remset 0 code roots 0 is marked 0 reclaim candidate 0 type array 1
[2024-12-07T18:48:46.682+0800][2.610s][debug][gc,humongous      ] GC(20) Live humongous region 46 object size 1048592 start 0x00000000e2e00000  with remset 0 code roots 0 is marked 0 reclaim candidate 0 type array 1
[2024-12-07T18:48:46.683+0800][2.610s][debug][gc,humongous      ] GC(20) Live humongous region 48 object size 1048592 start 0x00000000e3000000  with remset 0 code roots 0 is marked 0 reclaim candidate 0 type array 1
[2024-12-07T18:48:46.683+0800][2.610s][debug][gc,humongous      ] GC(20) Live humongous region 50 object size 1048592 start 0x00000000e3200000  with remset 0 code roots 0 is marked 0 reclaim candidate 0 type array 1
[2024-12-07T18:48:46.683+0800][2.610s][debug][gc,humongous      ] GC(20) Live humongous region 52 object size 1048592 start 0x00000000e3400000  with remset 0 code roots 0 is marked 0 reclaim candidate 0 type array 1
[2024-12-07T18:48:46.683+0800][2.611s][debug][gc,humongous      ] GC(20) Live humongous region 54 object size 1048592 start 0x00000000e3600000  with remset 0 code roots 0 is marked 0 reclaim candidate 0 type array 1
[2024-12-07T18:48:46.696+0800][2.624s][debug][gc,humongous      ] GC(20) Live humongous region 56 object size 1048592 start 0x00000000e3800000  with remset 0 code roots 0 is marked 0 reclaim candidate 0 type array 1
[2024-12-07T18:48:46.697+0800][2.624s][debug][gc,humongous      ] GC(20) Live humongous region 58 object size 1048592 start 0x00000000e3a00000  with remset 0 code roots 0 is marked 0 reclaim candidate 0 type array 1
[2024-12-07T18:48:46.697+0800][2.624s][debug][gc,humongous      ] GC(20) Live humongous region 60 object size 1048592 start 0x00000000e3c00000  with remset 0 code roots 0 is marked 0 reclaim candidate 0 type array 1
[2024-12-07T18:48:46.698+0800][2.625s][debug][gc,humongous      ] GC(20) Live humongous region 62 object size 1048592 start 0x00000000e3e00000  with remset 0 code roots 0 is marked 0 reclaim candidate 0 type array 1
[2024-12-07T18:48:46.700+0800][2.627s][debug][gc,humongous      ] GC(20) Live humongous region 64 object size 1048592 start 0x00000000e4000000  with remset 0 code roots 0 is marked 0 reclaim candidate 0 type array 1
[2024-12-07T18:48:46.700+0800][2.627s][debug][gc,humongous      ] GC(20) Live humongous region 66 object size 1048592 start 0x00000000e4200000  with remset 0 code roots 0 is marked 0 reclaim candidate 0 type array 1
[2024-12-07T18:48:46.700+0800][2.627s][debug][gc,humongous      ] GC(20) Live humongous region 68 object size 1048592 start 0x00000000e4400000  with remset 0 code roots 0 is marked 0 reclaim candidate 0 type array 1
[2024-12-07T18:48:46.700+0800][2.627s][debug][gc,humongous      ] GC(20) Live humongous region 70 object size 1048592 start 0x00000000e4600000  with remset 0 code roots 0 is marked 0 reclaim candidate 0 type array 1
[2024-12-07T18:48:46.703+0800][2.631s][debug][gc,humongous      ] GC(20) Live humongous region 72 object size 1048592 start 0x00000000e4800000  with remset 0 code roots 0 is marked 0 reclaim candidate 0 type array 1
[2024-12-07T18:48:46.704+0800][2.631s][debug][gc,humongous      ] GC(20) Live humongous region 74 object size 1048592 start 0x00000000e4a00000  with remset 0 code roots 0 is marked 0 reclaim candidate 0 type array 1
[2024-12-07T18:48:46.704+0800][2.631s][debug][gc,humongous      ] GC(20) Live humongous region 76 object size 1048592 start 0x00000000e4c00000  with remset 0 code roots 0 is marked 0 reclaim candidate 0 type array 1
[2024-12-07T18:48:46.704+0800][2.631s][debug][gc,humongous      ] GC(20) Live humongous region 78 object size 1048592 start 0x00000000e4e00000  with remset 0 code roots 0 is marked 0 reclaim candidate 0 type array 1
[2024-12-07T18:48:46.714+0800][2.641s][debug][gc,humongous      ] GC(20) Live humongous region 80 object size 1048592 start 0x00000000e5000000  with remset 0 code roots 0 is marked 0 reclaim candidate 0 type array 1
[2024-12-07T18:48:46.715+0800][2.642s][debug][gc,humongous      ] GC(20) Live humongous region 82 object size 1048592 start 0x00000000e5200000  with remset 0 code roots 0 is marked 0 reclaim candidate 0 type array 1
[2024-12-07T18:48:46.715+0800][2.642s][debug][gc,humongous      ] GC(20) Live humongous region 84 object size 1048592 start 0x00000000e5400000  with remset 0 code roots 0 is marked 0 reclaim candidate 0 type array 1
[2024-12-07T18:48:46.720+0800][2.647s][debug][gc,humongous      ] GC(20) Live humongous region 86 object size 1048592 start 0x00000000e5600000  with remset 0 code roots 0 is marked 0 reclaim candidate 0 type array 1
[2024-12-07T18:48:46.729+0800][2.656s][debug][gc,humongous      ] GC(20) Live humongous region 88 object size 1048592 start 0x00000000e5800000  with remset 0 code roots 0 is marked 0 reclaim candidate 0 type array 1
[2024-12-07T18:48:46.731+0800][2.658s][debug][gc,humongous      ] GC(20) Live humongous region 90 object size 1048592 start 0x00000000e5a00000  with remset 0 code roots 0 is marked 0 reclaim candidate 0 type array 1
[2024-12-07T18:48:46.741+0800][2.668s][debug][gc,humongous      ] GC(20) Live humongous region 92 object size 1048592 start 0x00000000e5c00000  with remset 0 code roots 0 is marked 0 reclaim candidate 0 type array 1
[2024-12-07T18:48:46.747+0800][2.675s][debug][gc,humongous      ] GC(20) Live humongous region 94 object size 1048592 start 0x00000000e5e00000  with remset 0 code roots 0 is marked 0 reclaim candidate 0 type array 1
[2024-12-07T18:48:46.747+0800][2.675s][debug][gc,humongous      ] GC(20) Live humongous region 96 object size 1048592 start 0x00000000e6000000  with remset 0 code roots 0 is marked 0 reclaim candidate 0 type array 1
[2024-12-07T18:48:46.748+0800][2.675s][debug][gc,humongous      ] GC(20) Live humongous region 98 object size 1048592 start 0x00000000e6200000  with remset 0 code roots 0 is marked 0 reclaim candidate 0 type array 1
[2024-12-07T18:48:46.748+0800][2.675s][debug][gc,humongous      ] GC(20) Live humongous region 100 object size 1048592 start 0x00000000e6400000  with remset 0 code roots 0 is marked 0 reclaim candidate 0 type array 1
[2024-12-07T18:48:46.748+0800][2.675s][debug][gc,humongous      ] GC(20) Live humongous region 102 object size 1048592 start 0x00000000e6600000  with remset 0 code roots 0 is marked 0 reclaim candidate 0 type array 1
[2024-12-07T18:48:46.748+0800][2.675s][debug][gc,humongous      ] GC(20) Live humongous region 104 object size 1048592 start 0x00000000e6800000  with remset 0 code roots 0 is marked 0 reclaim candidate 0 type array 1
[2024-12-07T18:48:46.757+0800][2.684s][debug][gc,humongous      ] GC(20) Live humongous region 106 object size 1048592 start 0x00000000e6a00000  with remset 0 code roots 0 is marked 0 reclaim candidate 0 type array 1
[2024-12-07T18:48:46.757+0800][2.684s][debug][gc,humongous      ] GC(20) Live humongous region 108 object size 1048592 start 0x00000000e6c00000  with remset 0 code roots 0 is marked 0 reclaim candidate 0 type array 1
[2024-12-07T18:48:46.757+0800][2.684s][debug][gc,humongous      ] GC(20) Live humongous region 110 object size 1048592 start 0x00000000e6e00000  with remset 0 code roots 0 is marked 0 reclaim candidate 0 type array 1
[2024-12-07T18:48:46.758+0800][2.685s][debug][gc,humongous      ] GC(20) Live humongous region 112 object size 1048592 start 0x00000000e7000000  with remset 0 code roots 0 is marked 0 reclaim candidate 0 type array 1
[2024-12-07T18:48:46.758+0800][2.685s][debug][gc,humongous      ] GC(20) Live humongous region 114 object size 1048592 start 0x00000000e7200000  with remset 0 code roots 0 is marked 0 reclaim candidate 0 type array 1
[2024-12-07T18:48:46.764+0800][2.691s][debug][gc,humongous      ] GC(20) Live humongous region 116 object size 1048592 start 0x00000000e7400000  with remset 0 code roots 0 is marked 0 reclaim candidate 0 type array 1
[2024-12-07T18:48:46.764+0800][2.691s][debug][gc,humongous      ] GC(20) Live humongous region 118 object size 1048592 start 0x00000000e7600000  with remset 0 code roots 0 is marked 0 reclaim candidate 0 type array 1
[2024-12-07T18:48:46.764+0800][2.691s][debug][gc,humongous      ] GC(20) Live humongous region 120 object size 1048592 start 0x00000000e7800000  with remset 0 code roots 0 is marked 0 reclaim candidate 0 type array 1
[2024-12-07T18:48:46.767+0800][2.694s][debug][gc,humongous      ] GC(20) Live humongous region 122 object size 1048592 start 0x00000000e7a00000  with remset 0 code roots 0 is marked 0 reclaim candidate 0 type array 1
[2024-12-07T18:48:46.767+0800][2.694s][debug][gc,humongous      ] GC(20) Live humongous region 124 object size 1048592 start 0x00000000e7c00000  with remset 0 code roots 0 is marked 0 reclaim candidate 0 type array 1
[2024-12-07T18:48:46.767+0800][2.694s][debug][gc,humongous      ] GC(20) Live humongous region 126 object size 1048592 start 0x00000000e7e00000  with remset 0 code roots 0 is marked 0 reclaim candidate 0 type array 1
[2024-12-07T18:48:46.774+0800][2.701s][debug][gc,humongous      ] GC(20) Live humongous region 128 object size 1048592 start 0x00000000e8000000  with remset 0 code roots 0 is marked 0 reclaim candidate 0 type array 1
[2024-12-07T18:48:46.774+0800][2.701s][debug][gc,humongous      ] GC(20) Live humongous region 130 object size 1048592 start 0x00000000e8200000  with remset 0 code roots 0 is marked 0 reclaim candidate 0 type array 1
[2024-12-07T18:48:46.774+0800][2.702s][debug][gc,humongous      ] GC(20) Live humongous region 132 object size 1048592 start 0x00000000e8400000  with remset 0 code roots 0 is marked 0 reclaim candidate 0 type array 1
[2024-12-07T18:48:46.775+0800][2.702s][debug][gc,humongous      ] GC(20) Live humongous region 134 object size 1048592 start 0x00000000e8600000  with remset 0 code roots 0 is marked 0 reclaim candidate 0 type array 1
[2024-12-07T18:48:46.775+0800][2.702s][debug][gc,humongous      ] GC(20) Live humongous region 136 object size 1048592 start 0x00000000e8800000  with remset 0 code roots 0 is marked 0 reclaim candidate 0 type array 1
[2024-12-07T18:48:46.777+0800][2.704s][debug][gc,humongous      ] GC(20) Live humongous region 138 object size 1048592 start 0x00000000e8a00000  with remset 0 code roots 0 is marked 0 reclaim candidate 0 type array 1
[2024-12-07T18:48:46.777+0800][2.704s][debug][gc,humongous      ] GC(20) Live humongous region 140 object size 1048592 start 0x00000000e8c00000  with remset 0 code roots 0 is marked 0 reclaim candidate 0 type array 1
[2024-12-07T18:48:46.780+0800][2.708s][debug][gc,humongous      ] GC(20) Live humongous region 142 object size 1048592 start 0x00000000e8e00000  with remset 0 code roots 0 is marked 0 reclaim candidate 0 type array 1
[2024-12-07T18:48:46.780+0800][2.708s][debug][gc,humongous      ] GC(20) Live humongous region 144 object size 1048592 start 0x00000000e9000000  with remset 0 code roots 0 is marked 0 reclaim candidate 0 type array 1
[2024-12-07T18:48:46.781+0800][2.708s][debug][gc,humongous      ] GC(20) Live humongous region 146 object size 1048592 start 0x00000000e9200000  with remset 0 code roots 0 is marked 0 reclaim candidate 0 type array 1
[2024-12-07T18:48:46.781+0800][2.708s][debug][gc,humongous      ] GC(20) Live humongous region 148 object size 1048592 start 0x00000000e9400000  with remset 0 code roots 0 is marked 0 reclaim candidate 0 type array 1
[2024-12-07T18:48:46.781+0800][2.708s][debug][gc,humongous      ] GC(20) Live humongous region 150 object size 1048592 start 0x00000000e9600000  with remset 0 code roots 0 is marked 0 reclaim candidate 0 type array 1
[2024-12-07T18:48:46.781+0800][2.708s][debug][gc,humongous      ] GC(20) Live humongous region 152 object size 1048592 start 0x00000000e9800000  with remset 0 code roots 0 is marked 0 reclaim candidate 0 type array 1
[2024-12-07T18:48:46.781+0800][2.708s][debug][gc,humongous      ] GC(20) Live humongous region 154 object size 1048592 start 0x00000000e9a00000  with remset 0 code roots 0 is marked 0 reclaim candidate 0 type array 1
[2024-12-07T18:48:46.782+0800][2.709s][debug][gc,humongous      ] GC(20) Live humongous region 156 object size 1048592 start 0x00000000e9c00000  with remset 0 code roots 0 is marked 0 reclaim candidate 0 type array 1
[2024-12-07T18:48:46.782+0800][2.710s][debug][gc,humongous      ] GC(20) Live humongous region 158 object size 1048592 start 0x00000000e9e00000  with remset 0 code roots 0 is marked 0 reclaim candidate 0 type array 1
[2024-12-07T18:48:46.782+0800][2.710s][debug][gc,humongous      ] GC(20) Live humongous region 160 object size 1048592 start 0x00000000ea000000  with remset 0 code roots 0 is marked 0 reclaim candidate 0 type array 1
[2024-12-07T18:48:46.783+0800][2.710s][debug][gc,humongous      ] GC(20) Live humongous region 162 object size 1048592 start 0x00000000ea200000  with remset 0 code roots 0 is marked 0 reclaim candidate 0 type array 1
[2024-12-07T18:48:46.783+0800][2.710s][debug][gc,humongous      ] GC(20) Live humongous region 164 object size 1048592 start 0x00000000ea400000  with remset 0 code roots 0 is marked 0 reclaim candidate 0 type array 1
[2024-12-07T18:48:46.784+0800][2.711s][debug][gc,humongous      ] GC(20) Live humongous region 166 object size 1048592 start 0x00000000ea600000  with remset 0 code roots 0 is marked 0 reclaim candidate 0 type array 1
[2024-12-07T18:48:46.784+0800][2.712s][debug][gc,humongous      ] GC(20) Live humongous region 168 object size 1048592 start 0x00000000ea800000  with remset 0 code roots 0 is marked 0 reclaim candidate 0 type array 1
[2024-12-07T18:48:46.785+0800][2.712s][debug][gc,humongous      ] GC(20) Live humongous region 170 object size 1048592 start 0x00000000eaa00000  with remset 0 code roots 0 is marked 0 reclaim candidate 0 type array 1
[2024-12-07T18:48:46.785+0800][2.712s][debug][gc,humongous      ] GC(20) Live humongous region 172 object size 1048592 start 0x00000000eac00000  with remset 0 code roots 0 is marked 0 reclaim candidate 0 type array 1
[2024-12-07T18:48:46.790+0800][2.718s][debug][gc,humongous      ] GC(20) Live humongous region 174 object size 1048592 start 0x00000000eae00000  with remset 0 code roots 0 is marked 0 reclaim candidate 0 type array 1
[2024-12-07T18:48:46.791+0800][2.718s][debug][gc,humongous      ] GC(20) Live humongous region 176 object size 1048592 start 0x00000000eb000000  with remset 0 code roots 0 is marked 0 reclaim candidate 0 type array 1
[2024-12-07T18:48:46.791+0800][2.718s][debug][gc,humongous      ] GC(20) Live humongous region 178 object size 1048592 start 0x00000000eb200000  with remset 0 code roots 0 is marked 0 reclaim candidate 0 type array 1
[2024-12-07T18:48:46.791+0800][2.718s][debug][gc,humongous      ] GC(20) Live humongous region 180 object size 1048592 start 0x00000000eb400000  with remset 0 code roots 0 is marked 0 reclaim candidate 0 type array 1
[2024-12-07T18:48:46.791+0800][2.718s][debug][gc,humongous      ] GC(20) Live humongous region 182 object size 1048592 start 0x00000000eb600000  with remset 0 code roots 0 is marked 0 reclaim candidate 0 type array 1
[2024-12-07T18:48:46.791+0800][2.718s][debug][gc,humongous      ] GC(20) Live humongous region 184 object size 1048592 start 0x00000000eb800000  with remset 0 code roots 0 is marked 0 reclaim candidate 0 type array 1
[2024-12-07T18:48:46.791+0800][2.719s][debug][gc,humongous      ] GC(20) Live humongous region 186 object size 1048592 start 0x00000000eba00000  with remset 0 code roots 0 is marked 0 reclaim candidate 0 type array 1
[2024-12-07T18:48:46.791+0800][2.719s][debug][gc,humongous      ] GC(20) Live humongous region 188 object size 1048592 start 0x00000000ebc00000  with remset 0 code roots 0 is marked 0 reclaim candidate 0 type array 1
[2024-12-07T18:48:46.791+0800][2.719s][debug][gc,humongous      ] GC(20) Live humongous region 190 object size 1048592 start 0x00000000ebe00000  with remset 0 code roots 0 is marked 0 reclaim candidate 0 type array 1
[2024-12-07T18:48:46.792+0800][2.719s][debug][gc,humongous      ] GC(20) Live humongous region 192 object size 1048592 start 0x00000000ec000000  with remset 0 code roots 0 is marked 0 reclaim candidate 0 type array 1
[2024-12-07T18:48:46.792+0800][2.719s][debug][gc,humongous      ] GC(20) Live humongous region 194 object size 1048592 start 0x00000000ec200000  with remset 0 code roots 0 is marked 0 reclaim candidate 0 type array 1
[2024-12-07T18:48:46.792+0800][2.719s][debug][gc,humongous      ] GC(20) Live humongous region 196 object size 1048592 start 0x00000000ec400000  with remset 0 code roots 0 is marked 0 reclaim candidate 0 type array 1
[2024-12-07T18:48:46.792+0800][2.719s][debug][gc,humongous      ] GC(20) Live humongous region 198 object size 1048592 start 0x00000000ec600000  with remset 0 code roots 0 is marked 0 reclaim candidate 0 type array 1
[2024-12-07T18:48:46.792+0800][2.719s][debug][gc,humongous      ] GC(20) Live humongous region 200 object size 1048592 start 0x00000000ec800000  with remset 0 code roots 0 is marked 0 reclaim candidate 0 type array 1
[2024-12-07T18:48:46.792+0800][2.719s][debug][gc,humongous      ] GC(20) Live humongous region 202 object size 1048592 start 0x00000000eca00000  with remset 0 code roots 0 is marked 0 reclaim candidate 0 type array 1
[2024-12-07T18:48:46.792+0800][2.719s][debug][gc,humongous      ] GC(20) Live humongous region 204 object size 1048592 start 0x00000000ecc00000  with remset 0 code roots 0 is marked 0 reclaim candidate 0 type array 1
[2024-12-07T18:48:46.792+0800][2.719s][debug][gc,humongous      ] GC(20) Live humongous region 206 object size 1048592 start 0x00000000ece00000  with remset 0 code roots 0 is marked 0 reclaim candidate 0 type array 1
[2024-12-07T18:48:46.792+0800][2.719s][debug][gc,humongous      ] GC(20) Live humongous region 208 object size 1048592 start 0x00000000ed000000  with remset 0 code roots 0 is marked 0 reclaim candidate 0 type array 1
[2024-12-07T18:48:46.792+0800][2.719s][debug][gc,humongous      ] GC(20) Live humongous region 210 object size 1048592 start 0x00000000ed200000  with remset 0 code roots 0 is marked 0 reclaim candidate 0 type array 1
[2024-12-07T18:48:46.792+0800][2.720s][debug][gc,humongous      ] GC(20) Live humongous region 212 object size 1048592 start 0x00000000ed400000  with remset 0 code roots 0 is marked 0 reclaim candidate 0 type array 1
[2024-12-07T18:48:46.792+0800][2.720s][debug][gc,humongous      ] GC(20) Live humongous region 214 object size 1048592 start 0x00000000ed600000  with remset 0 code roots 0 is marked 0 reclaim candidate 0 type array 1
[2024-12-07T18:48:46.793+0800][2.720s][debug][gc,humongous      ] GC(20) Live humongous region 216 object size 1048592 start 0x00000000ed800000  with remset 0 code roots 0 is marked 0 reclaim candidate 0 type array 1
[2024-12-07T18:48:46.793+0800][2.720s][debug][gc,humongous      ] GC(20) Live humongous region 218 object size 1048592 start 0x00000000eda00000  with remset 0 code roots 0 is marked 0 reclaim candidate 0 type array 1
[2024-12-07T18:48:46.793+0800][2.720s][debug][gc,humongous      ] GC(20) Live humongous region 220 object size 1048592 start 0x00000000edc00000  with remset 0 code roots 0 is marked 0 reclaim candidate 0 type array 1
[2024-12-07T18:48:46.794+0800][2.721s][debug][gc,humongous      ] GC(20) Live humongous region 222 object size 1048592 start 0x00000000ede00000  with remset 0 code roots 0 is marked 0 reclaim candidate 0 type array 1
[2024-12-07T18:48:46.794+0800][2.721s][debug][gc,humongous      ] GC(20) Live humongous region 224 object size 1048592 start 0x00000000ee000000  with remset 0 code roots 0 is marked 0 reclaim candidate 0 type array 1
[2024-12-07T18:48:46.794+0800][2.721s][debug][gc,humongous      ] GC(20) Live humongous region 226 object size 1048592 start 0x00000000ee200000  with remset 0 code roots 0 is marked 0 reclaim candidate 0 type array 1
[2024-12-07T18:48:46.794+0800][2.721s][debug][gc,humongous      ] GC(20) Live humongous region 228 object size 1048592 start 0x00000000ee400000  with remset 0 code roots 0 is marked 0 reclaim candidate 0 type array 1
[2024-12-07T18:48:46.795+0800][2.722s][debug][gc,humongous      ] GC(20) Live humongous region 230 object size 1048592 start 0x00000000ee600000  with remset 0 code roots 0 is marked 0 reclaim candidate 0 type array 1
[2024-12-07T18:48:46.795+0800][2.722s][debug][gc,humongous      ] GC(20) Live humongous region 232 object size 1048592 start 0x00000000ee800000  with remset 0 code roots 0 is marked 0 reclaim candidate 0 type array 1
[2024-12-07T18:48:46.795+0800][2.722s][debug][gc,humongous      ] GC(20) Live humongous region 234 object size 1048592 start 0x00000000eea00000  with remset 0 code roots 0 is marked 0 reclaim candidate 0 type array 1
[2024-12-07T18:48:46.796+0800][2.723s][debug][gc,humongous      ] GC(20) Live humongous region 236 object size 1048592 start 0x00000000eec00000  with remset 0 code roots 0 is marked 0 reclaim candidate 0 type array 1
[2024-12-07T18:48:46.796+0800][2.724s][debug][gc,humongous      ] GC(20) Live humongous region 238 object size 1048592 start 0x00000000eee00000  with remset 0 code roots 0 is marked 0 reclaim candidate 0 type array 1
[2024-12-07T18:48:46.797+0800][2.724s][debug][gc,humongous      ] GC(20) Live humongous region 240 object size 1048592 start 0x00000000ef000000  with remset 0 code roots 0 is marked 0 reclaim candidate 0 type array 1
[2024-12-07T18:48:46.797+0800][2.724s][debug][gc,humongous      ] GC(20) Live humongous region 242 object size 1048592 start 0x00000000ef200000  with remset 0 code roots 0 is marked 0 reclaim candidate 0 type array 1
[2024-12-07T18:48:46.797+0800][2.724s][debug][gc,humongous      ] GC(20) Live humongous region 244 object size 1048592 start 0x00000000ef400000  with remset 0 code roots 0 is marked 0 reclaim candidate 0 type array 1
[2024-12-07T18:48:46.799+0800][2.726s][debug][gc,humongous      ] GC(20) Live humongous region 246 object size 1048592 start 0x00000000ef600000  with remset 0 code roots 0 is marked 0 reclaim candidate 0 type array 1
[2024-12-07T18:48:46.802+0800][2.729s][debug][gc,humongous      ] GC(20) Live humongous region 248 object size 1048592 start 0x00000000ef800000  with remset 0 code roots 0 is marked 0 reclaim candidate 0 type array 1
[2024-12-07T18:48:46.802+0800][2.729s][debug][gc,humongous      ] GC(20) Live humongous region 250 object size 1048592 start 0x00000000efa00000  with remset 0 code roots 0 is marked 0 reclaim candidate 0 type array 1
[2024-12-07T18:48:46.802+0800][2.730s][debug][gc,humongous      ] GC(20) Live humongous region 252 object size 1048592 start 0x00000000efc00000  with remset 0 code roots 0 is marked 0 reclaim candidate 0 type array 1
[2024-12-07T18:48:46.803+0800][2.730s][debug][gc,humongous      ] GC(20) Live humongous region 254 object size 1048592 start 0x00000000efe00000  with remset 0 code roots 0 is marked 0 reclaim candidate 0 type array 1
[2024-12-07T18:48:46.803+0800][2.730s][debug][gc,humongous      ] GC(20) Live humongous region 256 object size 1048592 start 0x00000000f0000000  with remset 0 code roots 0 is marked 0 reclaim candidate 0 type array 1
[2024-12-07T18:48:46.810+0800][2.737s][debug][gc,humongous      ] GC(20) Live humongous region 258 object size 1048592 start 0x00000000f0200000  with remset 0 code roots 0 is marked 0 reclaim candidate 0 type array 1
[2024-12-07T18:48:46.810+0800][2.737s][debug][gc,humongous      ] GC(20) Live humongous region 260 object size 1048592 start 0x00000000f0400000  with remset 0 code roots 0 is marked 0 reclaim candidate 0 type array 1
[2024-12-07T18:48:46.810+0800][2.738s][debug][gc,humongous      ] GC(20) Live humongous region 262 object size 1048592 start 0x00000000f0600000  with remset 0 code roots 0 is marked 0 reclaim candidate 0 type array 1
[2024-12-07T18:48:46.810+0800][2.738s][debug][gc,humongous      ] GC(20) Live humongous region 264 object size 1048592 start 0x00000000f0800000  with remset 0 code roots 0 is marked 0 reclaim candidate 0 type array 1
[2024-12-07T18:48:46.811+0800][2.738s][debug][gc,humongous      ] GC(20) Live humongous region 266 object size 1048592 start 0x00000000f0a00000  with remset 0 code roots 0 is marked 0 reclaim candidate 0 type array 1
[2024-12-07T18:48:46.811+0800][2.738s][debug][gc,humongous      ] GC(20) Live humongous region 268 object size 1048592 start 0x00000000f0c00000  with remset 0 code roots 0 is marked 0 reclaim candidate 0 type array 1
[2024-12-07T18:48:46.811+0800][2.738s][debug][gc,humongous      ] GC(20) Live humongous region 270 object size 1048592 start 0x00000000f0e00000  with remset 0 code roots 0 is marked 0 reclaim candidate 0 type array 1
[2024-12-07T18:48:46.811+0800][2.738s][debug][gc,humongous      ] GC(20) Live humongous region 272 object size 1048592 start 0x00000000f1000000  with remset 0 code roots 0 is marked 0 reclaim candidate 0 type array 1
[2024-12-07T18:48:46.811+0800][2.738s][debug][gc,humongous      ] GC(20) Live humongous region 274 object size 1048592 start 0x00000000f1200000  with remset 0 code roots 0 is marked 0 reclaim candidate 0 type array 1
[2024-12-07T18:48:46.811+0800][2.738s][debug][gc,humongous      ] GC(20) Live humongous region 276 object size 1048592 start 0x00000000f1400000  with remset 0 code roots 0 is marked 0 reclaim candidate 0 type array 1
[2024-12-07T18:48:46.811+0800][2.739s][debug][gc,humongous      ] GC(20) Live humongous region 278 object size 1048592 start 0x00000000f1600000  with remset 0 code roots 0 is marked 0 reclaim candidate 0 type array 1
[2024-12-07T18:48:46.811+0800][2.739s][debug][gc,humongous      ] GC(20) Live humongous region 280 object size 1048592 start 0x00000000f1800000  with remset 0 code roots 0 is marked 0 reclaim candidate 0 type array 1
[2024-12-07T18:48:46.812+0800][2.739s][debug][gc,humongous      ] GC(20) Live humongous region 282 object size 1048592 start 0x00000000f1a00000  with remset 0 code roots 0 is marked 0 reclaim candidate 0 type array 1
[2024-12-07T18:48:46.812+0800][2.739s][debug][gc,humongous      ] GC(20) Live humongous region 284 object size 1048592 start 0x00000000f1c00000  with remset 0 code roots 0 is marked 0 reclaim candidate 0 type array 1
[2024-12-07T18:48:46.812+0800][2.739s][debug][gc,humongous      ] GC(20) Live humongous region 286 object size 1048592 start 0x00000000f1e00000  with remset 0 code roots 0 is marked 0 reclaim candidate 0 type array 1
[2024-12-07T18:48:46.812+0800][2.739s][debug][gc,humongous      ] GC(20) Live humongous region 288 object size 1048592 start 0x00000000f2000000  with remset 0 code roots 0 is marked 0 reclaim candidate 0 type array 1
[2024-12-07T18:48:46.812+0800][2.739s][debug][gc,humongous      ] GC(20) Live humongous region 290 object size 1048592 start 0x00000000f2200000  with remset 0 code roots 0 is marked 0 reclaim candidate 0 type array 1
[2024-12-07T18:48:46.813+0800][2.740s][debug][gc,humongous      ] GC(20) Live humongous region 292 object size 1048592 start 0x00000000f2400000  with remset 0 code roots 0 is marked 0 reclaim candidate 0 type array 1
[2024-12-07T18:48:46.813+0800][2.740s][debug][gc,humongous      ] GC(20) Live humongous region 294 object size 1048592 start 0x00000000f2600000  with remset 0 code roots 0 is marked 0 reclaim candidate 0 type array 1
[2024-12-07T18:48:46.813+0800][2.740s][debug][gc,humongous      ] GC(20) Live humongous region 296 object size 1048592 start 0x00000000f2800000  with remset 0 code roots 0 is marked 0 reclaim candidate 0 type array 1
[2024-12-07T18:48:46.813+0800][2.740s][debug][gc,humongous      ] GC(20) Live humongous region 298 object size 1048592 start 0x00000000f2a00000  with remset 0 code roots 0 is marked 0 reclaim candidate 0 type array 1
[2024-12-07T18:48:46.813+0800][2.740s][debug][gc,humongous      ] GC(20) Live humongous region 300 object size 1048592 start 0x00000000f2c00000  with remset 0 code roots 0 is marked 0 reclaim candidate 0 type array 1
[2024-12-07T18:48:46.813+0800][2.741s][debug][gc,humongous      ] GC(20) Live humongous region 302 object size 1048592 start 0x00000000f2e00000  with remset 0 code roots 0 is marked 0 reclaim candidate 0 type array 1
[2024-12-07T18:48:46.813+0800][2.741s][debug][gc,humongous      ] GC(20) Live humongous region 304 object size 1048592 start 0x00000000f3000000  with remset 0 code roots 0 is marked 0 reclaim candidate 0 type array 1
[2024-12-07T18:48:46.813+0800][2.741s][debug][gc,humongous      ] GC(20) Live humongous region 306 object size 1048592 start 0x00000000f3200000  with remset 0 code roots 0 is marked 0 reclaim candidate 0 type array 1
[2024-12-07T18:48:46.814+0800][2.741s][debug][gc,humongous      ] GC(20) Live humongous region 308 object size 1048592 start 0x00000000f3400000  with remset 0 code roots 0 is marked 0 reclaim candidate 0 type array 1
[2024-12-07T18:48:46.814+0800][2.741s][debug][gc,humongous      ] GC(20) Live humongous region 310 object size 1048592 start 0x00000000f3600000  with remset 0 code roots 0 is marked 0 reclaim candidate 0 type array 1
[2024-12-07T18:48:46.814+0800][2.741s][debug][gc,humongous      ] GC(20) Live humongous region 312 object size 1048592 start 0x00000000f3800000  with remset 0 code roots 0 is marked 0 reclaim candidate 0 type array 1
[2024-12-07T18:48:46.814+0800][2.741s][debug][gc,humongous      ] GC(20) Live humongous region 314 object size 1048592 start 0x00000000f3a00000  with remset 0 code roots 0 is marked 0 reclaim candidate 0 type array 1
[2024-12-07T18:48:46.814+0800][2.741s][debug][gc,humongous      ] GC(20) Live humongous region 316 object size 1048592 start 0x00000000f3c00000  with remset 0 code roots 0 is marked 0 reclaim candidate 0 type array 1
[2024-12-07T18:48:46.814+0800][2.741s][debug][gc,humongous      ] GC(20) Live humongous region 318 object size 1048592 start 0x00000000f3e00000  with remset 0 code roots 0 is marked 0 reclaim candidate 0 type array 1
[2024-12-07T18:48:46.814+0800][2.741s][debug][gc,humongous      ] GC(20) Live humongous region 320 object size 1048592 start 0x00000000f4000000  with remset 0 code roots 0 is marked 0 reclaim candidate 0 type array 1
[2024-12-07T18:48:46.814+0800][2.742s][debug][gc,humongous      ] GC(20) Live humongous region 322 object size 1048592 start 0x00000000f4200000  with remset 0 code roots 0 is marked 0 reclaim candidate 0 type array 1
[2024-12-07T18:48:46.814+0800][2.742s][debug][gc,humongous      ] GC(20) Live humongous region 324 object size 1048592 start 0x00000000f4400000  with remset 0 code roots 0 is marked 0 reclaim candidate 0 type array 1
[2024-12-07T18:48:46.815+0800][2.742s][debug][gc,humongous      ] GC(20) Live humongous region 326 object size 1048592 start 0x00000000f4600000  with remset 0 code roots 0 is marked 0 reclaim candidate 0 type array 1
[2024-12-07T18:48:46.815+0800][2.742s][debug][gc,humongous      ] GC(20) Live humongous region 328 object size 1048592 start 0x00000000f4800000  with remset 0 code roots 0 is marked 0 reclaim candidate 0 type array 1
[2024-12-07T18:48:46.815+0800][2.742s][debug][gc,humongous      ] GC(20) Live humongous region 330 object size 1048592 start 0x00000000f4a00000  with remset 0 code roots 0 is marked 0 reclaim candidate 0 type array 1
[2024-12-07T18:48:46.815+0800][2.742s][debug][gc,humongous      ] GC(20) Live humongous region 332 object size 1048592 start 0x00000000f4c00000  with remset 0 code roots 0 is marked 0 reclaim candidate 0 type array 1
[2024-12-07T18:48:46.815+0800][2.742s][debug][gc,humongous      ] GC(20) Live humongous region 334 object size 1048592 start 0x00000000f4e00000  with remset 0 code roots 0 is marked 0 reclaim candidate 0 type array 1
[2024-12-07T18:48:46.815+0800][2.742s][debug][gc,humongous      ] GC(20) Live humongous region 336 object size 1048592 start 0x00000000f5000000  with remset 0 code roots 0 is marked 0 reclaim candidate 0 type array 1
[2024-12-07T18:48:46.815+0800][2.742s][debug][gc,humongous      ] GC(20) Live humongous region 338 object size 1048592 start 0x00000000f5200000  with remset 0 code roots 0 is marked 0 reclaim candidate 0 type array 1
[2024-12-07T18:48:46.815+0800][2.742s][debug][gc,humongous      ] GC(20) Live humongous region 340 object size 1048592 start 0x00000000f5400000  with remset 0 code roots 0 is marked 0 reclaim candidate 0 type array 1
[2024-12-07T18:48:46.815+0800][2.743s][debug][gc,humongous      ] GC(20) Live humongous region 342 object size 1048592 start 0x00000000f5600000  with remset 0 code roots 0 is marked 0 reclaim candidate 0 type array 1
[2024-12-07T18:48:46.815+0800][2.743s][debug][gc,humongous      ] GC(20) Live humongous region 344 object size 1048592 start 0x00000000f5800000  with remset 0 code roots 0 is marked 0 reclaim candidate 0 type array 1
[2024-12-07T18:48:46.816+0800][2.743s][debug][gc,humongous      ] GC(20) Live humongous region 346 object size 1048592 start 0x00000000f5a00000  with remset 0 code roots 0 is marked 0 reclaim candidate 0 type array 1
[2024-12-07T18:48:46.816+0800][2.743s][debug][gc,humongous      ] GC(20) Live humongous region 348 object size 1048592 start 0x00000000f5c00000  with remset 0 code roots 0 is marked 0 reclaim candidate 0 type array 1
[2024-12-07T18:48:46.816+0800][2.743s][debug][gc,humongous      ] GC(20) Live humongous region 350 object size 1048592 start 0x00000000f5e00000  with remset 0 code roots 0 is marked 0 reclaim candidate 0 type array 1
[2024-12-07T18:48:46.816+0800][2.743s][debug][gc,humongous      ] GC(20) Live humongous region 352 object size 1048592 start 0x00000000f6000000  with remset 0 code roots 0 is marked 0 reclaim candidate 0 type array 1
[2024-12-07T18:48:46.816+0800][2.743s][debug][gc,humongous      ] GC(20) Live humongous region 354 object size 1048592 start 0x00000000f6200000  with remset 0 code roots 0 is marked 0 reclaim candidate 0 type array 1
[2024-12-07T18:48:46.816+0800][2.743s][debug][gc,humongous      ] GC(20) Live humongous region 356 object size 1048592 start 0x00000000f6400000  with remset 0 code roots 0 is marked 0 reclaim candidate 0 type array 1
[2024-12-07T18:48:46.816+0800][2.743s][debug][gc,humongous      ] GC(20) Live humongous region 358 object size 1048592 start 0x00000000f6600000  with remset 0 code roots 0 is marked 0 reclaim candidate 0 type array 1
[2024-12-07T18:48:46.816+0800][2.744s][debug][gc,humongous      ] GC(20) Live humongous region 360 object size 1048592 start 0x00000000f6800000  with remset 0 code roots 0 is marked 0 reclaim candidate 0 type array 1
[2024-12-07T18:48:46.816+0800][2.744s][debug][gc,humongous      ] GC(20) Live humongous region 362 object size 1048592 start 0x00000000f6a00000  with remset 0 code roots 0 is marked 0 reclaim candidate 0 type array 1
[2024-12-07T18:48:46.816+0800][2.744s][debug][gc,humongous      ] GC(20) Live humongous region 364 object size 1048592 start 0x00000000f6c00000  with remset 0 code roots 0 is marked 0 reclaim candidate 0 type array 1
[2024-12-07T18:48:46.817+0800][2.744s][debug][gc,humongous      ] GC(20) Live humongous region 366 object size 1048592 start 0x00000000f6e00000  with remset 0 code roots 0 is marked 0 reclaim candidate 0 type array 1
[2024-12-07T18:48:46.817+0800][2.744s][debug][gc,humongous      ] GC(20) Live humongous region 368 object size 1048592 start 0x00000000f7000000  with remset 0 code roots 0 is marked 0 reclaim candidate 0 type array 1
[2024-12-07T18:48:46.817+0800][2.744s][debug][gc,humongous      ] GC(20) Live humongous region 370 object size 1048592 start 0x00000000f7200000  with remset 0 code roots 0 is marked 0 reclaim candidate 0 type array 1
[2024-12-07T18:48:46.817+0800][2.744s][debug][gc,humongous      ] GC(20) Live humongous region 372 object size 1048592 start 0x00000000f7400000  with remset 0 code roots 0 is marked 0 reclaim candidate 0 type array 1
[2024-12-07T18:48:46.817+0800][2.744s][debug][gc,humongous      ] GC(20) Live humongous region 374 object size 1048592 start 0x00000000f7600000  with remset 0 code roots 0 is marked 0 reclaim candidate 0 type array 1
[2024-12-07T18:48:46.817+0800][2.744s][debug][gc,humongous      ] GC(20) Live humongous region 376 object size 1048592 start 0x00000000f7800000  with remset 0 code roots 0 is marked 0 reclaim candidate 0 type array 1
[2024-12-07T18:48:46.817+0800][2.744s][debug][gc,humongous      ] GC(20) Live humongous region 378 object size 1048592 start 0x00000000f7a00000  with remset 0 code roots 0 is marked 0 reclaim candidate 0 type array 1
[2024-12-07T18:48:46.817+0800][2.744s][debug][gc,humongous      ] GC(20) Live humongous region 380 object size 1048592 start 0x00000000f7c00000  with remset 0 code roots 0 is marked 0 reclaim candidate 0 type array 1
[2024-12-07T18:48:46.817+0800][2.745s][debug][gc,humongous      ] GC(20) Live humongous region 382 object size 1048592 start 0x00000000f7e00000  with remset 0 code roots 0 is marked 0 reclaim candidate 0 type array 1
[2024-12-07T18:48:46.817+0800][2.745s][debug][gc,humongous      ] GC(20) Live humongous region 384 object size 1048592 start 0x00000000f8000000  with remset 0 code roots 0 is marked 0 reclaim candidate 0 type array 1
[2024-12-07T18:48:46.818+0800][2.745s][debug][gc,humongous      ] GC(20) Live humongous region 386 object size 1048592 start 0x00000000f8200000  with remset 0 code roots 0 is marked 0 reclaim candidate 0 type array 1
[2024-12-07T18:48:46.818+0800][2.745s][debug][gc,humongous      ] GC(20) Live humongous region 388 object size 1048592 start 0x00000000f8400000  with remset 0 code roots 0 is marked 0 reclaim candidate 0 type array 1
[2024-12-07T18:48:46.818+0800][2.745s][debug][gc,humongous      ] GC(20) Live humongous region 390 object size 1048592 start 0x00000000f8600000  with remset 0 code roots 0 is marked 0 reclaim candidate 0 type array 1
[2024-12-07T18:48:46.818+0800][2.745s][debug][gc,humongous      ] GC(20) Live humongous region 392 object size 1048592 start 0x00000000f8800000  with remset 0 code roots 0 is marked 0 reclaim candidate 0 type array 1
[2024-12-07T18:48:46.818+0800][2.745s][debug][gc,humongous      ] GC(20) Live humongous region 394 object size 1048592 start 0x00000000f8a00000  with remset 0 code roots 0 is marked 0 reclaim candidate 0 type array 1
[2024-12-07T18:48:46.818+0800][2.745s][debug][gc,humongous      ] GC(20) Live humongous region 396 object size 1048592 start 0x00000000f8c00000  with remset 0 code roots 0 is marked 0 reclaim candidate 0 type array 1
[2024-12-07T18:48:46.818+0800][2.745s][debug][gc,humongous      ] GC(20) Live humongous region 398 object size 1048592 start 0x00000000f8e00000  with remset 0 code roots 0 is marked 0 reclaim candidate 0 type array 1
[2024-12-07T18:48:46.818+0800][2.746s][debug][gc,humongous      ] GC(20) Live humongous region 400 object size 1048592 start 0x00000000f9000000  with remset 0 code roots 0 is marked 0 reclaim candidate 0 type array 1
[2024-12-07T18:48:46.818+0800][2.746s][debug][gc,humongous      ] GC(20) Live humongous region 402 object size 1048592 start 0x00000000f9200000  with remset 0 code roots 0 is marked 0 reclaim candidate 0 type array 1
[2024-12-07T18:48:46.819+0800][2.746s][debug][gc,humongous      ] GC(20) Live humongous region 404 object size 1048592 start 0x00000000f9400000  with remset 0 code roots 0 is marked 0 reclaim candidate 0 type array 1
[2024-12-07T18:48:46.819+0800][2.746s][debug][gc,humongous      ] GC(20) Live humongous region 406 object size 1048592 start 0x00000000f9600000  with remset 0 code roots 0 is marked 0 reclaim candidate 0 type array 1
[2024-12-07T18:48:46.819+0800][2.746s][debug][gc,humongous      ] GC(20) Live humongous region 408 object size 1048592 start 0x00000000f9800000  with remset 0 code roots 0 is marked 0 reclaim candidate 0 type array 1
[2024-12-07T18:48:46.819+0800][2.746s][debug][gc,humongous      ] GC(20) Live humongous region 410 object size 1048592 start 0x00000000f9a00000  with remset 0 code roots 0 is marked 0 reclaim candidate 0 type array 1
[2024-12-07T18:48:46.819+0800][2.746s][debug][gc,humongous      ] GC(20) Live humongous region 412 object size 1048592 start 0x00000000f9c00000  with remset 0 code roots 0 is marked 0 reclaim candidate 0 type array 1
[2024-12-07T18:48:46.819+0800][2.746s][debug][gc,humongous      ] GC(20) Live humongous region 414 object size 1048592 start 0x00000000f9e00000  with remset 0 code roots 0 is marked 0 reclaim candidate 0 type array 1
[2024-12-07T18:48:46.819+0800][2.746s][debug][gc,humongous      ] GC(20) Live humongous region 416 object size 1048592 start 0x00000000fa000000  with remset 0 code roots 0 is marked 0 reclaim candidate 0 type array 1
[2024-12-07T18:48:46.819+0800][2.747s][debug][gc,humongous      ] GC(20) Live humongous region 418 object size 1048592 start 0x00000000fa200000  with remset 0 code roots 0 is marked 0 reclaim candidate 0 type array 1
[2024-12-07T18:48:46.819+0800][2.747s][debug][gc,plab           ] GC(20) Young PLAB allocation: allocated: 381424B, wasted: 2496B, unused: 11472B, used: 367456B, undo waste: 0B, 
[2024-12-07T18:48:46.820+0800][2.747s][debug][gc,plab           ] GC(20) Young other allocation: region end waste: 0B, regions filled: 1, direct allocated: 70784B, failure used: 0B, failure wasted: 0B
[2024-12-07T18:48:46.820+0800][2.747s][debug][gc,plab           ] GC(20) Young sizing: calculated: 73488B, actual: 73584B
[2024-12-07T18:48:46.820+0800][2.747s][debug][gc,plab           ] GC(20) Old PLAB allocation: allocated: 0B, wasted: 0B, unused: 0B, used: 0B, undo waste: 0B, 
[2024-12-07T18:48:46.820+0800][2.747s][debug][gc,plab           ] GC(20) Old other allocation: region end waste: 0B, regions filled: 0, direct allocated: 0B, failure used: 0B, failure wasted: 0B
[2024-12-07T18:48:46.820+0800][2.748s][debug][gc,plab           ] GC(20) Old sizing: calculated: 0B, actual: 2064B
[2024-12-07T18:48:46.821+0800][2.748s][debug][gc,ergo,heap      ] GC(20) Attempt heap expansion (recent GC overhead higher than threshold after GC) recent GC overhead: 8.39 % threshold: 7.69 % uncommitted: 8388608B base expansion amount and scale: 1677721B (23.47%)
[2024-12-07T18:48:46.821+0800][2.748s][debug][gc,ergo,heap      ] GC(20) Expand the heap. requested expansion amount: 1048576B expansion amount: 1048576B
[2024-12-07T18:48:46.821+0800][2.748s][debug][gc,ihop           ] GC(20) Target occupancy update: old: 526385152B, new: 529530880B
[2024-12-07T18:48:46.821+0800][2.748s][debug][gc,alloc,stats    ] Old generation allocation in the last mutator period, old gen allocated: 0B, humongous allocated: 20971520B,old gen growth: 20971520B.
[2024-12-07T18:48:46.821+0800][2.748s][debug][gc,ihop           ] GC(20) Basic information (value update), threshold: 238288896B (45.00), target occupancy: 529530880B, current occupancy: 441591408B, recent allocation size: 20971520B, recent allocation duration: 104.72ms, recent old gen allocation rate: 200257399.48B/s, recent marking phase length: 0.00ms
[2024-12-07T18:48:46.821+0800][2.748s][debug][gc,ihop           ] GC(20) Adaptive IHOP information (value update), threshold: 238288896B (52.22), internal target occupancy: 456340275B, occupancy: 441591408B, additional buffer size: 26214400B, predicted old gen allocation rate: 201812676.46B/s, predicted marking phase length: 0.00ms, prediction active: false
[2024-12-07T18:48:46.821+0800][2.749s][debug][gc,ergo,refine    ] GC(20) Updated Refinement Zones: green: 18, yellow: 54, red: 90
[2024-12-07T18:48:46.821+0800][2.749s][info ][gc,phases         ] GC(20)   Pre Evacuate Collection Set: 0.1ms
[2024-12-07T18:48:46.822+0800][2.749s][debug][gc,phases         ] GC(20)     Prepare TLABs: 0.1ms
[2024-12-07T18:48:46.822+0800][2.749s][debug][gc,phases         ] GC(20)     Choose Collection Set: 0.1ms
[2024-12-07T18:48:46.822+0800][2.749s][debug][gc,phases         ] GC(20)     Humongous Register: 0.0ms
[2024-12-07T18:48:46.822+0800][2.749s][debug][gc,phases         ] GC(20)     Clear Claimed Marks: 0.0ms
[2024-12-07T18:48:46.822+0800][2.749s][info ][gc,phases         ] GC(20)   Evacuate Collection Set: 3.6ms
[2024-12-07T18:48:46.822+0800][2.749s][debug][gc,phases         ] GC(20)     Ext Root Scanning (ms):   Min:  0.1, Avg:  1.0, Max:  1.7, Diff:  1.6, Sum: 12.6, Workers: 12
[2024-12-07T18:48:46.822+0800][2.750s][debug][gc,phases         ] GC(20)     Update RS (ms):           Min:  0.0, Avg:  0.2, Max:  0.7, Diff:  0.7, Sum:  2.4, Workers: 12
[2024-12-07T18:48:46.822+0800][2.750s][debug][gc,phases         ] GC(20)       Processed Buffers:        Min: 0, Avg:  0.4, Max: 2, Diff: 2, Sum: 5, Workers: 12
[2024-12-07T18:48:46.823+0800][2.750s][debug][gc,phases         ] GC(20)       Scanned Cards:            Min: 0, Avg: 18.5, Max: 69, Diff: 69, Sum: 222, Workers: 12
[2024-12-07T18:48:46.823+0800][2.750s][debug][gc,phases         ] GC(20)       Skipped Cards:            Min: 0, Avg: 11.5, Max: 84, Diff: 84, Sum: 138, Workers: 12
[2024-12-07T18:48:46.823+0800][2.750s][debug][gc,phases         ] GC(20)     Scan RS (ms):             Min:  0.0, Avg:  0.2, Max:  0.7, Diff:  0.7, Sum:  1.9, Workers: 12
[2024-12-07T18:48:46.823+0800][2.750s][debug][gc,phases         ] GC(20)       Scanned Cards:            Min: 0, Avg: 18.1, Max: 64, Diff: 64, Sum: 217, Workers: 12
[2024-12-07T18:48:46.823+0800][2.750s][debug][gc,phases         ] GC(20)       Claimed Cards:            Min: 0, Avg: 18.5, Max: 64, Diff: 64, Sum: 222, Workers: 12
[2024-12-07T18:48:46.823+0800][2.750s][debug][gc,phases         ] GC(20)       Skipped Cards:            Min: 0, Avg: 55.5, Max: 192, Diff: 192, Sum: 666, Workers: 12
[2024-12-07T18:48:46.823+0800][2.750s][debug][gc,phases         ] GC(20)     Code Root Scanning (ms):  Min:  0.0, Avg:  0.0, Max:  0.0, Diff:  0.0, Sum:  0.0, Workers: 12
[2024-12-07T18:48:46.823+0800][2.750s][debug][gc,phases         ] GC(20)     AOT Root Scanning (ms):   skipped
[2024-12-07T18:48:46.823+0800][2.751s][debug][gc,phases         ] GC(20)     Object Copy (ms):         Min:  0.0, Avg:  0.1, Max:  0.3, Diff:  0.3, Sum:  0.7, Workers: 12
[2024-12-07T18:48:46.823+0800][2.751s][debug][gc,phases         ] GC(20)     Termination (ms):         Min:  0.0, Avg:  0.4, Max:  0.5, Diff:  0.5, Sum:  4.6, Workers: 12
[2024-12-07T18:48:46.824+0800][2.751s][debug][gc,phases         ] GC(20)       Termination Attempts:     Min: 1, Avg:  1.0, Max: 1, Diff: 0, Sum: 12, Workers: 12
[2024-12-07T18:48:46.824+0800][2.751s][debug][gc,phases         ] GC(20)     GC Worker Other (ms):     Min:  0.2, Avg:  0.7, Max:  1.2, Diff:  1.1, Sum:  8.3, Workers: 12
[2024-12-07T18:48:46.824+0800][2.751s][debug][gc,phases         ] GC(20)     GC Worker Total (ms):     Min:  1.9, Avg:  2.5, Max:  3.0, Diff:  1.1, Sum: 30.4, Workers: 12
[2024-12-07T18:48:46.824+0800][2.751s][info ][gc,phases         ] GC(20)   Post Evacuate Collection Set: 151.9ms
[2024-12-07T18:48:46.824+0800][2.751s][debug][gc,phases         ] GC(20)     Code Roots Fixup: 0.0ms
[2024-12-07T18:48:46.824+0800][2.751s][debug][gc,phases         ] GC(20)     Clear Card Table: 0.1ms
[2024-12-07T18:48:46.824+0800][2.751s][debug][gc,phases         ] GC(20)     Reference Processing: 0.2ms
[2024-12-07T18:48:46.824+0800][2.752s][debug][gc,phases,ref     ] GC(20)       Reconsider SoftReferences: 0.1ms
[2024-12-07T18:48:46.824+0800][2.752s][debug][gc,phases,ref     ] GC(20)         SoftRef (ms):             skipped
[2024-12-07T18:48:46.825+0800][2.752s][debug][gc,phases,ref     ] GC(20)       Notify Soft/WeakReferences: 0.0ms
[2024-12-07T18:48:46.825+0800][2.752s][debug][gc,phases,ref     ] GC(20)         SoftRef (ms):             Min:  0.0, Avg:  0.0, Max:  0.0, Diff:  0.0, Sum:  0.0, Workers: 1
[2024-12-07T18:48:46.825+0800][2.752s][debug][gc,phases,ref     ] GC(20)         WeakRef (ms):             Min:  0.0, Avg:  0.0, Max:  0.0, Diff:  0.0, Sum:  0.0, Workers: 1
[2024-12-07T18:48:46.825+0800][2.752s][debug][gc,phases,ref     ] GC(20)         FinalRef (ms):            Min:  0.0, Avg:  0.0, Max:  0.0, Diff:  0.0, Sum:  0.0, Workers: 1
[2024-12-07T18:48:46.825+0800][2.752s][debug][gc,phases,ref     ] GC(20)         Total (ms):               Min:  0.0, Avg:  0.0, Max:  0.0, Diff:  0.0, Sum:  0.0, Workers: 1
[2024-12-07T18:48:46.825+0800][2.752s][debug][gc,phases,ref     ] GC(20)       Notify and keep alive finalizable: 0.1ms
[2024-12-07T18:48:46.825+0800][2.752s][debug][gc,phases,ref     ] GC(20)         FinalRef (ms):            skipped
[2024-12-07T18:48:46.825+0800][2.752s][debug][gc,phases,ref     ] GC(20)       Notify PhantomReferences: 0.0ms
[2024-12-07T18:48:46.825+0800][2.753s][debug][gc,phases,ref     ] GC(20)         PhantomRef (ms):          Min:  0.0, Avg:  0.0, Max:  0.0, Diff:  0.0, Sum:  0.0, Workers: 1
[2024-12-07T18:48:46.825+0800][2.753s][debug][gc,phases,ref     ] GC(20)       SoftReference:
[2024-12-07T18:48:46.826+0800][2.753s][debug][gc,phases,ref     ] GC(20)         Discovered: 0
[2024-12-07T18:48:46.826+0800][2.753s][debug][gc,phases,ref     ] GC(20)         Cleared: 0
[2024-12-07T18:48:46.826+0800][2.753s][debug][gc,phases,ref     ] GC(20)       WeakReference:
[2024-12-07T18:48:46.826+0800][2.753s][debug][gc,phases,ref     ] GC(20)         Discovered: 7
[2024-12-07T18:48:46.826+0800][2.753s][debug][gc,phases,ref     ] GC(20)         Cleared: 7
[2024-12-07T18:48:46.826+0800][2.753s][debug][gc,phases,ref     ] GC(20)       FinalReference:
[2024-12-07T18:48:46.826+0800][2.753s][debug][gc,phases,ref     ] GC(20)         Discovered: 0
[2024-12-07T18:48:46.826+0800][2.753s][debug][gc,phases,ref     ] GC(20)         Cleared: 0
[2024-12-07T18:48:46.826+0800][2.754s][debug][gc,phases,ref     ] GC(20)       PhantomReference:
[2024-12-07T18:48:46.826+0800][2.754s][debug][gc,phases,ref     ] GC(20)         Discovered: 4
[2024-12-07T18:48:46.827+0800][2.754s][debug][gc,phases,ref     ] GC(20)         Cleared: 4
[2024-12-07T18:48:46.827+0800][2.754s][debug][gc,phases         ] GC(20)     Weak Processing: 0.0ms
[2024-12-07T18:48:46.827+0800][2.754s][debug][gc,phases         ] GC(20)     Merge Per-Thread State: 0.0ms
[2024-12-07T18:48:46.827+0800][2.754s][debug][gc,phases         ] GC(20)     Code Roots Purge: 0.0ms
[2024-12-07T18:48:46.827+0800][2.754s][debug][gc,phases         ] GC(20)     Redirty Cards: 0.1ms
[2024-12-07T18:48:46.827+0800][2.754s][debug][gc,phases         ] GC(20)     DerivedPointerTable Update: 0.0ms
[2024-12-07T18:48:46.827+0800][2.754s][debug][gc,phases         ] GC(20)     Free Collection Set: 0.1ms
[2024-12-07T18:48:46.827+0800][2.754s][debug][gc,phases         ] GC(20)     Humongous Reclaim: 151.4ms
[2024-12-07T18:48:46.827+0800][2.755s][debug][gc,phases         ] GC(20)     Start New Collection Set: 0.0ms
[2024-12-07T18:48:46.827+0800][2.755s][debug][gc,phases         ] GC(20)     Resize TLABs: 0.0ms
[2024-12-07T18:48:46.828+0800][2.755s][debug][gc,phases         ] GC(20)     Expand Heap After Collection: 0.0ms
[2024-12-07T18:48:46.828+0800][2.755s][info ][gc,phases         ] GC(20)   Other: 3.4ms
[2024-12-07T18:48:46.828+0800][2.755s][info ][gc,heap           ] GC(20) Eden regions: 1->0(24)
[2024-12-07T18:48:46.828+0800][2.755s][info ][gc,heap           ] GC(20) Survivor regions: 1->1(4)
[2024-12-07T18:48:46.828+0800][2.755s][info ][gc,heap           ] GC(20) Old regions: 2->2
[2024-12-07T18:48:46.828+0800][2.755s][info ][gc,heap           ] GC(20) Humongous regions: 420->420
[2024-12-07T18:48:46.828+0800][2.755s][info ][gc,metaspace      ] GC(20) Metaspace: 554K(4864K)->554K(4864K) NonClass: 507K(4352K)->507K(4352K) Class: 46K(512K)->46K(512K)
[2024-12-07T18:48:46.828+0800][2.755s][debug][gc,heap           ] GC(20) Heap after GC invocations=21 (full 0): garbage-first heap   total 517120K, used 431241K [0x00000000e0000000, 0x0000000100000000)
[2024-12-07T18:48:46.828+0800][2.756s][debug][gc,heap           ] GC(20)   region size 1024K, 1 young (1024K), 1 survivors (1024K)
[2024-12-07T18:48:46.828+0800][2.756s][debug][gc,heap           ] GC(20)  Metaspace       used 554K, capacity 4570K, committed 4864K, reserved 1056768K
[2024-12-07T18:48:46.829+0800][2.756s][debug][gc,heap           ] GC(20)   class space    used 46K, capacity 419K, committed 512K, reserved 1048576K
[2024-12-07T18:48:46.829+0800][2.756s][info ][gc                ] GC(20) Pause Young (Concurrent Start) (G1 Humongous Allocation) 421M->421M(505M) 165.452ms
[2024-12-07T18:48:46.829+0800][2.756s][info ][gc,cpu            ] GC(20) User=0.01s Sys=0.00s Real=0.16s
[2024-12-07T18:48:46.829+0800][2.756s][info ][gc                ] GC(21) Concurrent Cycle
[2024-12-07T18:48:46.829+0800][2.756s][info ][gc,marking        ] GC(21) Concurrent Clear Claimed Marks
[2024-12-07T18:48:46.829+0800][2.756s][info ][gc,marking        ] GC(21) Concurrent Clear Claimed Marks 0.108ms
[2024-12-07T18:48:46.829+0800][2.756s][info ][gc,marking        ] GC(21) Concurrent Scan Root Regions
[2024-12-07T18:48:46.829+0800][2.757s][debug][gc,ergo           ] GC(21) Running G1 Root Region Scan using 1 workers for 1 work units.
[2024-12-07T18:48:46.830+0800][2.757s][info ][gc,marking        ] GC(21) Concurrent Scan Root Regions 0.642ms
[2024-12-07T18:48:46.830+0800][2.757s][info ][gc,marking        ] GC(21) Concurrent Mark (2.757s)
[2024-12-07T18:48:46.830+0800][2.757s][info ][gc,marking        ] GC(21) Concurrent Mark From Roots
[2024-12-07T18:48:46.830+0800][2.757s][info ][gc,task           ] GC(21) Using 5 workers of 5 for marking
[2024-12-07T18:48:46.831+0800][2.758s][debug][gc,stats          ] ---------------------------------------------------------------------
[2024-12-07T18:48:46.831+0800][2.758s][debug][gc,stats          ] Marking Stats, task = 0, calls = 35
[2024-12-07T18:48:46.831+0800][2.758s][debug][gc,stats          ]   Elapsed time = 0.45ms, Termination time = 0.00ms
[2024-12-07T18:48:46.831+0800][2.758s][debug][gc,stats          ]   Step Times (cum): num = 1030, avg = 0.01ms, sd = 0.17ms max = 3.25ms, total = 11.19ms
[2024-12-07T18:48:46.831+0800][2.759s][debug][gc,stats          ]   Mark Stats Cache: hits 3161 misses 211 ratio 93.743
[2024-12-07T18:48:46.831+0800][2.759s][debug][gc,stats          ] ---------------------------------------------------------------------
[2024-12-07T18:48:46.832+0800][2.759s][debug][gc,stats          ] Marking Stats, task = 1, calls = 39
[2024-12-07T18:48:46.832+0800][2.759s][debug][gc,stats          ]   Elapsed time = 0.45ms, Termination time = 0.00ms
[2024-12-07T18:48:46.832+0800][2.759s][debug][gc,stats          ]   Step Times (cum): num = 308, avg = 0.04ms, sd = 0.31ms max = 3.25ms, total = 11.31ms
[2024-12-07T18:48:46.832+0800][2.759s][debug][gc,stats          ]   Mark Stats Cache: hits 545 misses 2 ratio 99.634
[2024-12-07T18:48:46.832+0800][2.759s][debug][gc,stats          ] ---------------------------------------------------------------------
[2024-12-07T18:48:46.832+0800][2.759s][debug][gc,stats          ] Marking Stats, task = 2, calls = 34
[2024-12-07T18:48:46.832+0800][2.759s][debug][gc,stats          ]   Elapsed time = 0.44ms, Termination time = 0.00ms
[2024-12-07T18:48:46.832+0800][2.760s][debug][gc,stats          ]   Step Times (cum): num = 379, avg = 0.03ms, sd = 0.28ms max = 3.25ms, total = 11.24ms
[2024-12-07T18:48:46.832+0800][2.760s][debug][gc,stats          ]   Mark Stats Cache: hits 1916 misses 2 ratio 99.896
[2024-12-07T18:48:46.833+0800][2.760s][debug][gc,stats          ] ---------------------------------------------------------------------
[2024-12-07T18:48:46.833+0800][2.760s][debug][gc,stats          ] Marking Stats, task = 3, calls = 39
[2024-12-07T18:48:46.833+0800][2.760s][debug][gc,stats          ]   Elapsed time = 0.43ms, Termination time = 0.00ms
[2024-12-07T18:48:46.833+0800][2.760s][debug][gc,stats          ]   Step Times (cum): num = 353, avg = 0.03ms, sd = 0.29ms max = 3.25ms, total = 11.12ms
[2024-12-07T18:48:46.833+0800][2.760s][debug][gc,stats          ]   Mark Stats Cache: hits 599 misses 1 ratio 99.833
[2024-12-07T18:48:46.833+0800][2.760s][debug][gc,stats          ] ---------------------------------------------------------------------
[2024-12-07T18:48:46.833+0800][2.760s][debug][gc,stats          ] Marking Stats, task = 4, calls = 1
[2024-12-07T18:48:46.833+0800][2.760s][debug][gc,stats          ]   Elapsed time = 0.38ms, Termination time = 0.00ms
[2024-12-07T18:48:46.833+0800][2.761s][debug][gc,stats          ]   Step Times (cum): num = 295, avg = 0.04ms, sd = 0.32ms max = 3.25ms, total = 11.11ms
[2024-12-07T18:48:46.833+0800][2.761s][debug][gc,stats          ]   Mark Stats Cache: hits 4264 misses 2 ratio 99.953
[2024-12-07T18:48:46.834+0800][2.761s][debug][gc,stats          ] ---------------------------------------------------------------------
[2024-12-07T18:48:46.834+0800][2.761s][info ][gc,marking        ] GC(21) Concurrent Mark From Roots 3.502ms
[2024-12-07T18:48:46.834+0800][2.761s][info ][gc,marking        ] GC(21) Concurrent Preclean
[2024-12-07T18:48:46.834+0800][2.761s][debug][gc,ref,start      ] GC(21) Preclean SoftReferences
[2024-12-07T18:48:46.834+0800][2.761s][debug][gc,ref            ] GC(21) Preclean SoftReferences 0.109ms
[2024-12-07T18:48:46.834+0800][2.761s][debug][gc,ref,start      ] GC(21) Preclean WeakReferences
[2024-12-07T18:48:46.834+0800][2.761s][debug][gc,ref            ] GC(21) Preclean WeakReferences 0.106ms
[2024-12-07T18:48:46.834+0800][2.761s][debug][gc,ref,start      ] GC(21) Preclean FinalReferences
[2024-12-07T18:48:46.834+0800][2.762s][debug][gc,ref            ] GC(21) Preclean FinalReferences 0.106ms
[2024-12-07T18:48:46.834+0800][2.762s][debug][gc,ref,start      ] GC(21) Preclean PhantomReferences
[2024-12-07T18:48:46.835+0800][2.762s][debug][gc,ref            ] GC(21) Preclean PhantomReferences 0.107ms
[2024-12-07T18:48:46.835+0800][2.762s][info ][gc,marking        ] GC(21) Concurrent Preclean 0.921ms
[2024-12-07T18:48:46.835+0800][2.762s][info ][gc,marking        ] GC(21) Concurrent Mark (2.757s, 2.762s) 4.742ms
[2024-12-07T18:48:46.835+0800][2.762s][info ][gc,start          ] GC(21) Pause Remark
[2024-12-07T18:48:46.835+0800][2.762s][debug][gc,phases,start   ] GC(21) Finalize Marking
[2024-12-07T18:48:46.837+0800][2.765s][debug][gc,stats          ] ---------------------------------------------------------------------
[2024-12-07T18:48:46.837+0800][2.765s][debug][gc,stats          ] Marking Stats, task = 0, calls = 108
[2024-12-07T18:48:46.838+0800][2.765s][debug][gc,stats          ]   Elapsed time = 2.15ms, Termination time = 1.63ms
[2024-12-07T18:48:46.838+0800][2.765s][debug][gc,stats          ]   Step Times (cum): num = 1103, avg = 0.01ms, sd = 0.17ms max = 3.25ms, total = 12.82ms
[2024-12-07T18:48:46.838+0800][2.765s][debug][gc,stats          ]   Mark Stats Cache: hits 3161 misses 211 ratio 93.743
[2024-12-07T18:48:46.838+0800][2.765s][debug][gc,stats          ] ---------------------------------------------------------------------
[2024-12-07T18:48:46.838+0800][2.766s][debug][gc,stats          ] Marking Stats, task = 1, calls = 40
[2024-12-07T18:48:46.838+0800][2.766s][debug][gc,stats          ]   Elapsed time = 2.13ms, Termination time = 1.68ms
[2024-12-07T18:48:46.839+0800][2.766s][debug][gc,stats          ]   Step Times (cum): num = 309, avg = 0.04ms, sd = 0.33ms max = 3.25ms, total = 12.98ms
[2024-12-07T18:48:46.839+0800][2.766s][debug][gc,stats          ]   Mark Stats Cache: hits 545 misses 2 ratio 99.634
[2024-12-07T18:48:46.839+0800][2.766s][debug][gc,stats          ] ---------------------------------------------------------------------
[2024-12-07T18:48:46.839+0800][2.766s][debug][gc,stats          ] Marking Stats, task = 2, calls = 35
[2024-12-07T18:48:46.839+0800][2.766s][debug][gc,stats          ]   Elapsed time = 2.01ms, Termination time = 1.63ms
[2024-12-07T18:48:46.839+0800][2.766s][debug][gc,stats          ]   Step Times (cum): num = 380, avg = 0.03ms, sd = 0.29ms max = 3.25ms, total = 12.87ms
[2024-12-07T18:48:46.839+0800][2.766s][debug][gc,stats          ]   Mark Stats Cache: hits 1916 misses 2 ratio 99.896
[2024-12-07T18:48:46.839+0800][2.766s][debug][gc,stats          ] ---------------------------------------------------------------------
[2024-12-07T18:48:46.839+0800][2.767s][debug][gc,stats          ] Marking Stats, task = 3, calls = 40
[2024-12-07T18:48:46.839+0800][2.767s][debug][gc,stats          ]   Elapsed time = 2.00ms, Termination time = 1.62ms
[2024-12-07T18:48:46.840+0800][2.767s][debug][gc,stats          ]   Step Times (cum): num = 354, avg = 0.04ms, sd = 0.30ms max = 3.25ms, total = 12.75ms
[2024-12-07T18:48:46.840+0800][2.767s][debug][gc,stats          ]   Mark Stats Cache: hits 599 misses 1 ratio 99.833
[2024-12-07T18:48:46.840+0800][2.767s][debug][gc,stats          ] ---------------------------------------------------------------------
[2024-12-07T18:48:46.840+0800][2.767s][debug][gc,stats          ] Marking Stats, task = 4, calls = 2
[2024-12-07T18:48:46.840+0800][2.767s][debug][gc,stats          ]   Elapsed time = 1.98ms, Termination time = 1.70ms
[2024-12-07T18:48:46.840+0800][2.767s][debug][gc,stats          ]   Step Times (cum): num = 296, avg = 0.04ms, sd = 0.33ms max = 3.25ms, total = 12.81ms
[2024-12-07T18:48:46.840+0800][2.767s][debug][gc,stats          ]   Mark Stats Cache: hits 4264 misses 2 ratio 99.953
[2024-12-07T18:48:46.840+0800][2.768s][debug][gc,stats          ] ---------------------------------------------------------------------
[2024-12-07T18:48:46.840+0800][2.768s][debug][gc,stats          ] Marking Stats, task = 5, calls = 1
[2024-12-07T18:48:46.841+0800][2.768s][debug][gc,stats          ]   Elapsed time = 2.00ms, Termination time = 1.63ms
[2024-12-07T18:48:46.841+0800][2.768s][debug][gc,stats          ]   Step Times (cum): num = 11, avg = 1.16ms, sd = 1.27ms max = 3.25ms, total = 12.73ms
[2024-12-07T18:48:46.841+0800][2.768s][debug][gc,stats          ]   Mark Stats Cache: hits 0 misses 0 ratio 0.000
[2024-12-07T18:48:46.841+0800][2.768s][debug][gc,stats          ] ---------------------------------------------------------------------
[2024-12-07T18:48:46.841+0800][2.768s][debug][gc,stats          ] Marking Stats, task = 6, calls = 1
[2024-12-07T18:48:46.841+0800][2.768s][debug][gc,stats          ]   Elapsed time = 2.00ms, Termination time = 1.63ms
[2024-12-07T18:48:46.841+0800][2.768s][debug][gc,stats          ]   Step Times (cum): num = 11, avg = 1.19ms, sd = 1.29ms max = 3.43ms, total = 13.07ms
[2024-12-07T18:48:46.841+0800][2.769s][debug][gc,stats          ]   Mark Stats Cache: hits 0 misses 0 ratio 0.000
[2024-12-07T18:48:46.841+0800][2.769s][debug][gc,stats          ] ---------------------------------------------------------------------
[2024-12-07T18:48:46.842+0800][2.769s][debug][gc,stats          ] Marking Stats, task = 7, calls = 1
[2024-12-07T18:48:46.842+0800][2.769s][debug][gc,stats          ]   Elapsed time = 2.01ms, Termination time = 1.63ms
[2024-12-07T18:48:46.842+0800][2.769s][debug][gc,stats          ]   Step Times (cum): num = 11, avg = 1.20ms, sd = 1.24ms max = 3.25ms, total = 13.16ms
[2024-12-07T18:48:46.842+0800][2.769s][debug][gc,stats          ]   Mark Stats Cache: hits 0 misses 0 ratio 0.000
[2024-12-07T18:48:46.842+0800][2.769s][debug][gc,stats          ] ---------------------------------------------------------------------
[2024-12-07T18:48:46.842+0800][2.769s][debug][gc,stats          ] Marking Stats, task = 8, calls = 1
[2024-12-07T18:48:46.842+0800][2.770s][debug][gc,stats          ]   Elapsed time = 1.94ms, Termination time = 1.72ms
[2024-12-07T18:48:46.843+0800][2.770s][debug][gc,stats          ]   Step Times (cum): num = 11, avg = 1.20ms, sd = 1.29ms max = 3.43ms, total = 13.21ms
[2024-12-07T18:48:46.843+0800][2.770s][debug][gc,stats          ]   Mark Stats Cache: hits 0 misses 0 ratio 0.000
[2024-12-07T18:48:46.843+0800][2.771s][debug][gc,stats          ] ---------------------------------------------------------------------
[2024-12-07T18:48:46.843+0800][2.771s][debug][gc,stats          ] Marking Stats, task = 9, calls = 1
[2024-12-07T18:48:46.843+0800][2.771s][debug][gc,stats          ]   Elapsed time = 2.02ms, Termination time = 1.63ms
[2024-12-07T18:48:46.844+0800][2.771s][debug][gc,stats          ]   Step Times (cum): num = 11, avg = 1.14ms, sd = 1.22ms max = 3.25ms, total = 12.56ms
[2024-12-07T18:48:46.844+0800][2.771s][debug][gc,stats          ]   Mark Stats Cache: hits 0 misses 0 ratio 0.000
[2024-12-07T18:48:46.844+0800][2.771s][debug][gc,stats          ] ---------------------------------------------------------------------
[2024-12-07T18:48:46.844+0800][2.771s][debug][gc,stats          ] Marking Stats, task = 10, calls = 1
[2024-12-07T18:48:46.844+0800][2.771s][debug][gc,stats          ]   Elapsed time = 0.63ms, Termination time = 0.57ms
[2024-12-07T18:48:46.844+0800][2.771s][debug][gc,stats          ]   Step Times (cum): num = 11, avg = 0.52ms, sd = 0.97ms max = 3.05ms, total = 5.76ms
[2024-12-07T18:48:46.844+0800][2.772s][debug][gc,stats          ]   Mark Stats Cache: hits 0 misses 0 ratio 0.000
[2024-12-07T18:48:46.844+0800][2.772s][debug][gc,stats          ] ---------------------------------------------------------------------
[2024-12-07T18:48:46.845+0800][2.772s][debug][gc,stats          ] Marking Stats, task = 11, calls = 1
[2024-12-07T18:48:46.845+0800][2.772s][debug][gc,stats          ]   Elapsed time = 0.00ms, Termination time = 0.00ms
[2024-12-07T18:48:46.845+0800][2.772s][debug][gc,stats          ]   Step Times (cum): num = 11, avg = 0.00ms, sd = 0.00ms max = 0.00ms, total = 0.00ms
[2024-12-07T18:48:46.845+0800][2.772s][debug][gc,stats          ]   Mark Stats Cache: hits 0 misses 0 ratio 0.000
[2024-12-07T18:48:46.845+0800][2.772s][debug][gc,stats          ] ---------------------------------------------------------------------
[2024-12-07T18:48:46.845+0800][2.772s][debug][gc,phases         ] GC(21) Finalize Marking 10.074ms
[2024-12-07T18:48:46.845+0800][2.772s][debug][gc,phases,start   ] GC(21) Reference Processing
[2024-12-07T18:48:46.845+0800][2.773s][debug][gc,ref            ] GC(21) Skipped phase1 of Reference Processing due to unavailable references
[2024-12-07T18:48:46.845+0800][2.773s][debug][gc,ref            ] GC(21) Skipped phase2 of Reference Processing due to unavailable references
[2024-12-07T18:48:46.846+0800][2.773s][debug][gc,ref            ] GC(21) Skipped phase3 of Reference Processing due to unavailable references
[2024-12-07T18:48:46.846+0800][2.773s][debug][gc,ref            ] GC(21) Skipped phase4 of Reference Processing due to unavailable references
[2024-12-07T18:48:46.846+0800][2.773s][debug][gc,phases,ref     ] GC(21) Reference Processing: 0.4ms
[2024-12-07T18:48:46.846+0800][2.773s][debug][gc,phases,ref     ] GC(21)   Reconsider SoftReferences: 0.1ms
[2024-12-07T18:48:46.846+0800][2.773s][debug][gc,phases,ref     ] GC(21)     SoftRef (ms):             skipped
[2024-12-07T18:48:46.846+0800][2.773s][debug][gc,phases,ref     ] GC(21)   Notify Soft/WeakReferences: 0.1ms
[2024-12-07T18:48:46.847+0800][2.774s][debug][gc,phases,ref     ] GC(21)     SoftRef (ms):             skipped
[2024-12-07T18:48:46.847+0800][2.774s][debug][gc,phases,ref     ] GC(21)     WeakRef (ms):             skipped
[2024-12-07T18:48:46.847+0800][2.774s][debug][gc,phases,ref     ] GC(21)     FinalRef (ms):            skipped
[2024-12-07T18:48:46.847+0800][2.774s][debug][gc,phases,ref     ] GC(21)     Total (ms):               skipped
[2024-12-07T18:48:46.847+0800][2.774s][debug][gc,phases,ref     ] GC(21)   Notify and keep alive finalizable: 0.1ms
[2024-12-07T18:48:46.847+0800][2.775s][debug][gc,phases,ref     ] GC(21)     FinalRef (ms):            skipped
[2024-12-07T18:48:46.847+0800][2.775s][debug][gc,phases,ref     ] GC(21)   Notify PhantomReferences: 0.1ms
[2024-12-07T18:48:46.848+0800][2.775s][debug][gc,phases,ref     ] GC(21)     PhantomRef (ms):          skipped
[2024-12-07T18:48:46.848+0800][2.775s][debug][gc,phases,ref     ] GC(21)   SoftReference:
[2024-12-07T18:48:46.848+0800][2.775s][debug][gc,phases,ref     ] GC(21)     Discovered: 0
[2024-12-07T18:48:46.848+0800][2.775s][debug][gc,phases,ref     ] GC(21)     Cleared: 0
[2024-12-07T18:48:46.848+0800][2.775s][debug][gc,phases,ref     ] GC(21)   WeakReference:
[2024-12-07T18:48:46.848+0800][2.775s][debug][gc,phases,ref     ] GC(21)     Discovered: 0
[2024-12-07T18:48:46.848+0800][2.775s][debug][gc,phases,ref     ] GC(21)     Cleared: 0
[2024-12-07T18:48:46.848+0800][2.776s][debug][gc,phases,ref     ] GC(21)   FinalReference:
[2024-12-07T18:48:46.848+0800][2.776s][debug][gc,phases,ref     ] GC(21)     Discovered: 0
[2024-12-07T18:48:46.849+0800][2.776s][debug][gc,phases,ref     ] GC(21)     Cleared: 0
[2024-12-07T18:48:46.849+0800][2.776s][debug][gc,phases,ref     ] GC(21)   PhantomReference:
[2024-12-07T18:48:46.849+0800][2.776s][debug][gc,phases,ref     ] GC(21)     Discovered: 0
[2024-12-07T18:48:46.849+0800][2.776s][debug][gc,phases,ref     ] GC(21)     Cleared: 0
[2024-12-07T18:48:46.849+0800][2.776s][debug][gc,phases         ] GC(21) Reference Processing 3.747ms
[2024-12-07T18:48:46.849+0800][2.776s][debug][gc,phases,start   ] GC(21) Weak Processing
[2024-12-07T18:48:46.849+0800][2.776s][debug][gc,phases         ] GC(21) Weak Processing 0.123ms
[2024-12-07T18:48:46.849+0800][2.777s][debug][gc,phases,start   ] GC(21) Class Unloading
[2024-12-07T18:48:46.850+0800][2.777s][debug][gc,phases,start   ] GC(21) ClassLoaderData
[2024-12-07T18:48:46.850+0800][2.777s][debug][gc,phases         ] GC(21) ClassLoaderData 0.133ms
[2024-12-07T18:48:46.850+0800][2.777s][debug][gc,phases,start   ] GC(21) ProtectionDomainCacheTable
[2024-12-07T18:48:46.850+0800][2.777s][debug][gc,phases         ] GC(21) ProtectionDomainCacheTable 0.209ms
[2024-12-07T18:48:46.850+0800][2.778s][info ][gc,stringtable    ] GC(21) Cleaned string and symbol table, strings: 39 processed, 0 removed, symbols: 191 processed, 0 removed
[2024-12-07T18:48:46.851+0800][2.778s][debug][gc,phases         ] GC(21) Class Unloading 1.181ms
[2024-12-07T18:48:46.851+0800][2.778s][debug][gc,phases,start   ] GC(21) Flush Task Caches
[2024-12-07T18:48:46.851+0800][2.778s][debug][gc,stats          ] Mark stats cache hits 10485 misses 218 ratio 97.963
[2024-12-07T18:48:46.851+0800][2.778s][debug][gc,phases         ] GC(21) Flush Task Caches 0.290ms
[2024-12-07T18:48:46.851+0800][2.778s][debug][gc,phases,start   ] GC(21) Update Remembered Set Tracking Before Rebuild
[2024-12-07T18:48:46.851+0800][2.778s][debug][gc,ergo           ] GC(21) Running G1 Update RemSet Tracking Before Rebuild using 2 workers for 505 regions in heap
[2024-12-07T18:48:46.851+0800][2.779s][debug][gc,remset,tracking] GC(21) Remembered Set Tracking update regions total 505, selected 0
[2024-12-07T18:48:46.851+0800][2.779s][debug][gc,phases         ] GC(21) Update Remembered Set Tracking Before Rebuild 0.369ms
[2024-12-07T18:48:46.852+0800][2.779s][debug][gc,phases,start   ] GC(21) Reclaim Empty Regions
[2024-12-07T18:48:46.852+0800][2.779s][debug][gc,phases         ] GC(21) Reclaim Empty Regions 0.190ms
[2024-12-07T18:48:46.852+0800][2.779s][debug][gc,phases,start   ] GC(21) Purge Metaspace
[2024-12-07T18:48:46.852+0800][2.779s][debug][gc,phases         ] GC(21) Purge Metaspace 0.093ms
[2024-12-07T18:48:46.852+0800][2.779s][debug][gc,phases,start   ] GC(21) Report Object Count
[2024-12-07T18:48:46.852+0800][2.779s][debug][gc,phases         ] GC(21) Report Object Count 0.088ms
[2024-12-07T18:48:46.852+0800][2.779s][info ][gc                ] GC(21) Pause Remark 441M->441M(505M) 17.278ms
[2024-12-07T18:48:46.852+0800][2.780s][info ][gc,cpu            ] GC(21) User=0.02s Sys=0.00s Real=0.02s
[2024-12-07T18:48:46.852+0800][2.780s][info ][gc,marking        ] GC(21) Concurrent Rebuild Remembered Sets
[2024-12-07T18:48:46.853+0800][2.780s][info ][gc,marking        ] GC(21) Concurrent Rebuild Remembered Sets 0.315ms
[2024-12-07T18:48:46.853+0800][2.780s][info ][gc,start          ] GC(21) Pause Cleanup
[2024-12-07T18:48:46.853+0800][2.780s][debug][gc,phases,start   ] GC(21) Update Remembered Set Tracking After Rebuild
[2024-12-07T18:48:46.853+0800][2.780s][debug][gc,phases         ] GC(21) Update Remembered Set Tracking After Rebuild 0.121ms
[2024-12-07T18:48:46.853+0800][2.781s][debug][gc,phases,start   ] GC(21) Finalize Concurrent Mark Cleanup
[2024-12-07T18:48:46.854+0800][2.781s][debug][gc,ergo           ] GC(21) request young-only gcs (candidate old regions not available)
[2024-12-07T18:48:46.854+0800][2.781s][debug][gc,phases         ] GC(21) Finalize Concurrent Mark Cleanup 0.326ms
[2024-12-07T18:48:46.854+0800][2.781s][info ][gc                ] GC(21) Pause Cleanup 441M->441M(505M) 0.780ms
[2024-12-07T18:48:46.854+0800][2.781s][info ][gc,cpu            ] GC(21) User=0.00s Sys=0.00s Real=0.00s
[2024-12-07T18:48:46.854+0800][2.781s][info ][gc,marking        ] GC(21) Concurrent Cleanup for Next Mark
[2024-12-07T18:48:46.854+0800][2.781s][debug][gc,ergo           ] GC(21) Running G1 Clear Bitmap with 5 workers for 8 work units.
[2024-12-07T18:48:46.854+0800][2.782s][info ][gc,marking        ] GC(21) Concurrent Cleanup for Next Mark 0.343ms
[2024-12-07T18:48:46.854+0800][2.782s][info ][gc                ] GC(21) Concurrent Cycle 25.534ms
[2024-12-07T18:48:46.936+0800][2.864s][debug][gc,ergo,ihop      ] Request concurrent cycle initiation (occupancy higher than threshold) occupancy: 463470592B allocation request: 1048592B threshold: 238288896B (45.00) source: concurrent humongous allocation
[2024-12-07T18:48:46.937+0800][2.864s][debug][gc,ergo           ] Request concurrent cycle initiation (requested by GC cause). GC cause: G1 Humongous Allocation
[2024-12-07T18:48:46.937+0800][2.864s][debug][gc,heap           ] GC(22) Heap before GC invocations=22 (full 0): garbage-first heap   total 517120K, used 451721K [0x00000000e0000000, 0x0000000100000000)
[2024-12-07T18:48:46.937+0800][2.864s][debug][gc,heap           ] GC(22)   region size 1024K, 2 young (2048K), 1 survivors (1024K)
[2024-12-07T18:48:46.937+0800][2.864s][debug][gc,heap           ] GC(22)  Metaspace       used 554K, capacity 4570K, committed 4864K, reserved 1056768K
[2024-12-07T18:48:46.937+0800][2.864s][debug][gc,heap           ] GC(22)   class space    used 46K, capacity 419K, committed 512K, reserved 1048576K
[2024-12-07T18:48:46.937+0800][2.864s][debug][gc,ergo           ] GC(22) Initiate concurrent cycle (concurrent cycle initiation requested)
[2024-12-07T18:48:46.937+0800][2.865s][info ][gc,start          ] GC(22) Pause Young (Concurrent Start) (G1 Humongous Allocation)
[2024-12-07T18:48:46.937+0800][2.865s][info ][gc,task           ] GC(22) Using 12 workers of 18 for evacuation
[2024-12-07T18:48:46.938+0800][2.865s][debug][gc,tlab           ] GC(22) TLAB totals: thrds: 1  refills: 1 max: 1 slow allocs: 1 max 1 waste: 100.0% gc: 503192B max: 503192B slow: 0B max: 0B fast: 0B max: 0B
[2024-12-07T18:48:46.938+0800][2.865s][debug][gc,alloc,region   ] GC(22) Mutator Allocation stats, regions: 1, wasted size: 0B ( 0.0%)
[2024-12-07T18:48:46.938+0800][2.865s][debug][gc,age            ] GC(22) Desired survivor size 2097152 bytes, new threshold 15 (max threshold 15)
[2024-12-07T18:48:46.938+0800][2.865s][debug][gc,ergo,cset      ] GC(22) Finish choosing CSet. old: 0 regions, predicted old region time: 0.00ms, time remaining: 115.15
[2024-12-07T18:48:46.938+0800][2.865s][debug][gc,task,stats     ] GC(22) GC Termination Stats
[2024-12-07T18:48:46.938+0800][2.865s][debug][gc,task,stats     ] GC(22)      elapsed  --strong roots-- -------termination------- ------waste (KiB)------
[2024-12-07T18:48:46.938+0800][2.865s][debug][gc,task,stats     ] GC(22) thr     ms        ms      %        ms      %    attempts  total   alloc    undo
[2024-12-07T18:48:46.938+0800][2.866s][debug][gc,task,stats     ] GC(22) --- --------- --------- ------ --------- ------ -------- ------- ------- -------
[2024-12-07T18:48:46.940+0800][2.867s][debug][gc,task,stats     ] GC(22)   6      1.26      1.25  99.70      0.00   0.01        1       0       0       0
[2024-12-07T18:48:46.940+0800][2.867s][debug][gc,task,stats     ] GC(22)   4      1.43      0.63  44.18      0.76  52.79        5       0       0       0
[2024-12-07T18:48:46.940+0800][2.867s][debug][gc,task,stats     ] GC(22)   2      1.61      0.67  41.44      0.74  45.88        4       0       0       0
[2024-12-07T18:48:46.940+0800][2.867s][debug][gc,task,stats     ] GC(22)   8      1.69      0.32  18.78      0.89  52.67       27       0       0       0
[2024-12-07T18:48:46.940+0800][2.868s][debug][gc,task,stats     ] GC(22)  11      1.79      0.39  21.65      0.76  42.34       32       0       0       0
[2024-12-07T18:48:46.940+0800][2.868s][debug][gc,task,stats     ] GC(22)   9      1.93      0.30  15.43      0.78  40.41       27       0       0       0
[2024-12-07T18:48:46.941+0800][2.868s][debug][gc,task,stats     ] GC(22)  10      2.03      0.34  16.71      0.77  38.03       32       0       0       0
[2024-12-07T18:48:46.941+0800][2.868s][debug][gc,task,stats     ] GC(22)   1      2.20      0.74  33.59      0.57  25.97        1       0       0       0
[2024-12-07T18:48:46.941+0800][2.868s][debug][gc,task,stats     ] GC(22)   5      2.28      0.53  23.28      0.67  29.30       22       0       0       0
[2024-12-07T18:48:46.941+0800][2.868s][debug][gc,task,stats     ] GC(22)   0      2.43      0.37  15.09      0.74  30.53       32       1       1       0
[2024-12-07T18:48:46.941+0800][2.868s][debug][gc,task,stats     ] GC(22)   3      2.52      0.70  27.87      0.58  22.94        1       0       0       0
[2024-12-07T18:48:46.941+0800][2.868s][debug][gc,task,stats     ] GC(22)   7      2.60      0.49  18.85      0.71  27.17       16       0       0       0
[2024-12-07T18:48:46.941+0800][2.868s][debug][gc,ergo           ] GC(22) Running G1 Clear Card Table Task using 1 workers for 1 units of work for 3 regions.
[2024-12-07T18:48:46.941+0800][2.869s][debug][gc,ref            ] GC(22) Skipped phase1 of Reference Processing due to unavailable references
[2024-12-07T18:48:46.941+0800][2.869s][debug][gc,ref            ] GC(22) Skipped phase3 of Reference Processing due to unavailable references
[2024-12-07T18:48:46.942+0800][2.869s][debug][gc,ergo           ] GC(22) Running G1 Free Collection Set using 1 workers for collection set length 2
[2024-12-07T18:48:46.942+0800][2.869s][debug][gc,humongous      ] GC(22) Live humongous region 0 object size 1048592 start 0x00000000e0000000  with remset 0 code roots 0 is marked 0 reclaim candidate 0 type array 1
[2024-12-07T18:48:46.942+0800][2.869s][debug][gc,humongous      ] GC(22) Live humongous region 2 object size 1048592 start 0x00000000e0200000  with remset 0 code roots 0 is marked 0 reclaim candidate 0 type array 1
[2024-12-07T18:48:46.942+0800][2.869s][debug][gc,humongous      ] GC(22) Live humongous region 4 object size 1048592 start 0x00000000e0400000  with remset 0 code roots 0 is marked 0 reclaim candidate 0 type array 1
[2024-12-07T18:48:46.942+0800][2.869s][debug][gc,humongous      ] GC(22) Live humongous region 6 object size 1048592 start 0x00000000e0600000  with remset 0 code roots 0 is marked 0 reclaim candidate 0 type array 1
[2024-12-07T18:48:46.942+0800][2.869s][debug][gc,humongous      ] GC(22) Live humongous region 8 object size 1048592 start 0x00000000e0800000  with remset 0 code roots 0 is marked 0 reclaim candidate 0 type array 1
[2024-12-07T18:48:46.942+0800][2.870s][debug][gc,humongous      ] GC(22) Live humongous region 10 object size 1048592 start 0x00000000e0a00000  with remset 0 code roots 0 is marked 0 reclaim candidate 0 type array 1
[2024-12-07T18:48:46.942+0800][2.870s][debug][gc,humongous      ] GC(22) Live humongous region 12 object size 1048592 start 0x00000000e0c00000  with remset 0 code roots 0 is marked 0 reclaim candidate 0 type array 1
[2024-12-07T18:48:46.943+0800][2.870s][debug][gc,humongous      ] GC(22) Live humongous region 14 object size 1048592 start 0x00000000e0e00000  with remset 0 code roots 0 is marked 0 reclaim candidate 0 type array 1
[2024-12-07T18:48:46.943+0800][2.870s][debug][gc,humongous      ] GC(22) Live humongous region 16 object size 1048592 start 0x00000000e1000000  with remset 0 code roots 0 is marked 0 reclaim candidate 0 type array 1
[2024-12-07T18:48:46.943+0800][2.870s][debug][gc,humongous      ] GC(22) Live humongous region 18 object size 1048592 start 0x00000000e1200000  with remset 0 code roots 0 is marked 0 reclaim candidate 0 type array 1
[2024-12-07T18:48:46.943+0800][2.870s][debug][gc,humongous      ] GC(22) Live humongous region 20 object size 1048592 start 0x00000000e1400000  with remset 0 code roots 0 is marked 0 reclaim candidate 0 type array 1
[2024-12-07T18:48:46.943+0800][2.870s][debug][gc,humongous      ] GC(22) Live humongous region 22 object size 1048592 start 0x00000000e1600000  with remset 0 code roots 0 is marked 0 reclaim candidate 0 type array 1
[2024-12-07T18:48:46.943+0800][2.870s][debug][gc,humongous      ] GC(22) Live humongous region 24 object size 1048592 start 0x00000000e1800000  with remset 0 code roots 0 is marked 0 reclaim candidate 0 type array 1
[2024-12-07T18:48:46.943+0800][2.871s][debug][gc,humongous      ] GC(22) Live humongous region 26 object size 1048592 start 0x00000000e1a00000  with remset 0 code roots 0 is marked 0 reclaim candidate 0 type array 1
[2024-12-07T18:48:46.943+0800][2.871s][debug][gc,humongous      ] GC(22) Live humongous region 28 object size 1048592 start 0x00000000e1c00000  with remset 0 code roots 0 is marked 0 reclaim candidate 0 type array 1
[2024-12-07T18:48:46.944+0800][2.871s][debug][gc,humongous      ] GC(22) Live humongous region 30 object size 1048592 start 0x00000000e1e00000  with remset 0 code roots 0 is marked 0 reclaim candidate 0 type array 1
[2024-12-07T18:48:46.944+0800][2.871s][debug][gc,humongous      ] GC(22) Live humongous region 32 object size 1048592 start 0x00000000e2000000  with remset 0 code roots 0 is marked 0 reclaim candidate 0 type array 1
[2024-12-07T18:48:46.944+0800][2.871s][debug][gc,humongous      ] GC(22) Live humongous region 34 object size 1048592 start 0x00000000e2200000  with remset 0 code roots 0 is marked 0 reclaim candidate 0 type array 1
[2024-12-07T18:48:46.944+0800][2.871s][debug][gc,humongous      ] GC(22) Live humongous region 36 object size 1048592 start 0x00000000e2400000  with remset 0 code roots 0 is marked 0 reclaim candidate 0 type array 1
[2024-12-07T18:48:46.944+0800][2.871s][debug][gc,humongous      ] GC(22) Live humongous region 38 object size 1048592 start 0x00000000e2600000  with remset 0 code roots 0 is marked 0 reclaim candidate 0 type array 1
[2024-12-07T18:48:46.944+0800][2.871s][debug][gc,humongous      ] GC(22) Live humongous region 40 object size 1048592 start 0x00000000e2800000  with remset 0 code roots 0 is marked 0 reclaim candidate 0 type array 1
[2024-12-07T18:48:46.944+0800][2.872s][debug][gc,humongous      ] GC(22) Live humongous region 42 object size 1048592 start 0x00000000e2a00000  with remset 0 code roots 0 is marked 0 reclaim candidate 0 type array 1
[2024-12-07T18:48:46.944+0800][2.872s][debug][gc,humongous      ] GC(22) Live humongous region 44 object size 1048592 start 0x00000000e2c00000  with remset 0 code roots 0 is marked 0 reclaim candidate 0 type array 1
[2024-12-07T18:48:46.945+0800][2.872s][debug][gc,humongous      ] GC(22) Live humongous region 46 object size 1048592 start 0x00000000e2e00000  with remset 0 code roots 0 is marked 0 reclaim candidate 0 type array 1
[2024-12-07T18:48:46.945+0800][2.872s][debug][gc,humongous      ] GC(22) Live humongous region 48 object size 1048592 start 0x00000000e3000000  with remset 0 code roots 0 is marked 0 reclaim candidate 0 type array 1
[2024-12-07T18:48:46.945+0800][2.872s][debug][gc,humongous      ] GC(22) Live humongous region 50 object size 1048592 start 0x00000000e3200000  with remset 0 code roots 0 is marked 0 reclaim candidate 0 type array 1
[2024-12-07T18:48:46.945+0800][2.872s][debug][gc,humongous      ] GC(22) Live humongous region 52 object size 1048592 start 0x00000000e3400000  with remset 0 code roots 0 is marked 0 reclaim candidate 0 type array 1
[2024-12-07T18:48:46.945+0800][2.872s][debug][gc,humongous      ] GC(22) Live humongous region 54 object size 1048592 start 0x00000000e3600000  with remset 0 code roots 0 is marked 0 reclaim candidate 0 type array 1
[2024-12-07T18:48:46.945+0800][2.872s][debug][gc,humongous      ] GC(22) Live humongous region 56 object size 1048592 start 0x00000000e3800000  with remset 0 code roots 0 is marked 0 reclaim candidate 0 type array 1
[2024-12-07T18:48:46.945+0800][2.872s][debug][gc,humongous      ] GC(22) Live humongous region 58 object size 1048592 start 0x00000000e3a00000  with remset 0 code roots 0 is marked 0 reclaim candidate 0 type array 1
[2024-12-07T18:48:46.945+0800][2.872s][debug][gc,humongous      ] GC(22) Live humongous region 60 object size 1048592 start 0x00000000e3c00000  with remset 0 code roots 0 is marked 0 reclaim candidate 0 type array 1
[2024-12-07T18:48:46.945+0800][2.873s][debug][gc,humongous      ] GC(22) Live humongous region 62 object size 1048592 start 0x00000000e3e00000  with remset 0 code roots 0 is marked 0 reclaim candidate 0 type array 1
[2024-12-07T18:48:46.945+0800][2.873s][debug][gc,humongous      ] GC(22) Live humongous region 64 object size 1048592 start 0x00000000e4000000  with remset 0 code roots 0 is marked 0 reclaim candidate 0 type array 1
[2024-12-07T18:48:46.946+0800][2.873s][debug][gc,humongous      ] GC(22) Live humongous region 66 object size 1048592 start 0x00000000e4200000  with remset 0 code roots 0 is marked 0 reclaim candidate 0 type array 1
[2024-12-07T18:48:46.946+0800][2.873s][debug][gc,humongous      ] GC(22) Live humongous region 68 object size 1048592 start 0x00000000e4400000  with remset 0 code roots 0 is marked 0 reclaim candidate 0 type array 1
[2024-12-07T18:48:46.946+0800][2.873s][debug][gc,humongous      ] GC(22) Live humongous region 70 object size 1048592 start 0x00000000e4600000  with remset 0 code roots 0 is marked 0 reclaim candidate 0 type array 1
[2024-12-07T18:48:46.946+0800][2.873s][debug][gc,humongous      ] GC(22) Live humongous region 72 object size 1048592 start 0x00000000e4800000  with remset 0 code roots 0 is marked 0 reclaim candidate 0 type array 1
[2024-12-07T18:48:46.946+0800][2.873s][debug][gc,humongous      ] GC(22) Live humongous region 74 object size 1048592 start 0x00000000e4a00000  with remset 0 code roots 0 is marked 0 reclaim candidate 0 type array 1
[2024-12-07T18:48:46.946+0800][2.873s][debug][gc,humongous      ] GC(22) Live humongous region 76 object size 1048592 start 0x00000000e4c00000  with remset 0 code roots 0 is marked 0 reclaim candidate 0 type array 1
[2024-12-07T18:48:46.946+0800][2.873s][debug][gc,humongous      ] GC(22) Live humongous region 78 object size 1048592 start 0x00000000e4e00000  with remset 0 code roots 0 is marked 0 reclaim candidate 0 type array 1
[2024-12-07T18:48:46.946+0800][2.874s][debug][gc,humongous      ] GC(22) Live humongous region 80 object size 1048592 start 0x00000000e5000000  with remset 0 code roots 0 is marked 0 reclaim candidate 0 type array 1
[2024-12-07T18:48:46.946+0800][2.874s][debug][gc,humongous      ] GC(22) Live humongous region 82 object size 1048592 start 0x00000000e5200000  with remset 0 code roots 0 is marked 0 reclaim candidate 0 type array 1
[2024-12-07T18:48:46.947+0800][2.874s][debug][gc,humongous      ] GC(22) Live humongous region 84 object size 1048592 start 0x00000000e5400000  with remset 0 code roots 0 is marked 0 reclaim candidate 0 type array 1
[2024-12-07T18:48:46.947+0800][2.874s][debug][gc,humongous      ] GC(22) Live humongous region 86 object size 1048592 start 0x00000000e5600000  with remset 0 code roots 0 is marked 0 reclaim candidate 0 type array 1
[2024-12-07T18:48:46.947+0800][2.874s][debug][gc,humongous      ] GC(22) Live humongous region 88 object size 1048592 start 0x00000000e5800000  with remset 0 code roots 0 is marked 0 reclaim candidate 0 type array 1
[2024-12-07T18:48:46.947+0800][2.874s][debug][gc,humongous      ] GC(22) Live humongous region 90 object size 1048592 start 0x00000000e5a00000  with remset 0 code roots 0 is marked 0 reclaim candidate 0 type array 1
[2024-12-07T18:48:46.947+0800][2.874s][debug][gc,humongous      ] GC(22) Live humongous region 92 object size 1048592 start 0x00000000e5c00000  with remset 0 code roots 0 is marked 0 reclaim candidate 0 type array 1
[2024-12-07T18:48:46.947+0800][2.874s][debug][gc,humongous      ] GC(22) Live humongous region 94 object size 1048592 start 0x00000000e5e00000  with remset 0 code roots 0 is marked 0 reclaim candidate 0 type array 1
[2024-12-07T18:48:46.947+0800][2.874s][debug][gc,humongous      ] GC(22) Live humongous region 96 object size 1048592 start 0x00000000e6000000  with remset 0 code roots 0 is marked 0 reclaim candidate 0 type array 1
[2024-12-07T18:48:46.947+0800][2.875s][debug][gc,humongous      ] GC(22) Live humongous region 98 object size 1048592 start 0x00000000e6200000  with remset 0 code roots 0 is marked 0 reclaim candidate 0 type array 1
[2024-12-07T18:48:46.947+0800][2.875s][debug][gc,humongous      ] GC(22) Live humongous region 100 object size 1048592 start 0x00000000e6400000  with remset 0 code roots 0 is marked 0 reclaim candidate 0 type array 1
[2024-12-07T18:48:46.948+0800][2.875s][debug][gc,humongous      ] GC(22) Live humongous region 102 object size 1048592 start 0x00000000e6600000  with remset 0 code roots 0 is marked 0 reclaim candidate 0 type array 1
[2024-12-07T18:48:46.948+0800][2.875s][debug][gc,humongous      ] GC(22) Live humongous region 104 object size 1048592 start 0x00000000e6800000  with remset 0 code roots 0 is marked 0 reclaim candidate 0 type array 1
[2024-12-07T18:48:46.948+0800][2.875s][debug][gc,humongous      ] GC(22) Live humongous region 106 object size 1048592 start 0x00000000e6a00000  with remset 0 code roots 0 is marked 0 reclaim candidate 0 type array 1
[2024-12-07T18:48:46.948+0800][2.875s][debug][gc,humongous      ] GC(22) Live humongous region 108 object size 1048592 start 0x00000000e6c00000  with remset 0 code roots 0 is marked 0 reclaim candidate 0 type array 1
[2024-12-07T18:48:46.948+0800][2.875s][debug][gc,humongous      ] GC(22) Live humongous region 110 object size 1048592 start 0x00000000e6e00000  with remset 0 code roots 0 is marked 0 reclaim candidate 0 type array 1
[2024-12-07T18:48:46.948+0800][2.875s][debug][gc,humongous      ] GC(22) Live humongous region 112 object size 1048592 start 0x00000000e7000000  with remset 0 code roots 0 is marked 0 reclaim candidate 0 type array 1
[2024-12-07T18:48:46.948+0800][2.875s][debug][gc,humongous      ] GC(22) Live humongous region 114 object size 1048592 start 0x00000000e7200000  with remset 0 code roots 0 is marked 0 reclaim candidate 0 type array 1
[2024-12-07T18:48:46.948+0800][2.875s][debug][gc,humongous      ] GC(22) Live humongous region 116 object size 1048592 start 0x00000000e7400000  with remset 0 code roots 0 is marked 0 reclaim candidate 0 type array 1
[2024-12-07T18:48:46.948+0800][2.875s][debug][gc,humongous      ] GC(22) Live humongous region 118 object size 1048592 start 0x00000000e7600000  with remset 0 code roots 0 is marked 0 reclaim candidate 0 type array 1
[2024-12-07T18:48:46.948+0800][2.876s][debug][gc,humongous      ] GC(22) Live humongous region 120 object size 1048592 start 0x00000000e7800000  with remset 0 code roots 0 is marked 0 reclaim candidate 0 type array 1
[2024-12-07T18:48:46.948+0800][2.876s][debug][gc,humongous      ] GC(22) Live humongous region 122 object size 1048592 start 0x00000000e7a00000  with remset 0 code roots 0 is marked 0 reclaim candidate 0 type array 1
[2024-12-07T18:48:46.949+0800][2.876s][debug][gc,humongous      ] GC(22) Live humongous region 124 object size 1048592 start 0x00000000e7c00000  with remset 0 code roots 0 is marked 0 reclaim candidate 0 type array 1
[2024-12-07T18:48:46.949+0800][2.876s][debug][gc,humongous      ] GC(22) Live humongous region 126 object size 1048592 start 0x00000000e7e00000  with remset 0 code roots 0 is marked 0 reclaim candidate 0 type array 1
[2024-12-07T18:48:46.949+0800][2.876s][debug][gc,humongous      ] GC(22) Live humongous region 128 object size 1048592 start 0x00000000e8000000  with remset 0 code roots 0 is marked 0 reclaim candidate 0 type array 1
[2024-12-07T18:48:46.949+0800][2.876s][debug][gc,humongous      ] GC(22) Live humongous region 130 object size 1048592 start 0x00000000e8200000  with remset 0 code roots 0 is marked 0 reclaim candidate 0 type array 1
[2024-12-07T18:48:46.949+0800][2.876s][debug][gc,humongous      ] GC(22) Live humongous region 132 object size 1048592 start 0x00000000e8400000  with remset 0 code roots 0 is marked 0 reclaim candidate 0 type array 1
[2024-12-07T18:48:46.949+0800][2.876s][debug][gc,humongous      ] GC(22) Live humongous region 134 object size 1048592 start 0x00000000e8600000  with remset 0 code roots 0 is marked 0 reclaim candidate 0 type array 1
[2024-12-07T18:48:46.949+0800][2.876s][debug][gc,humongous      ] GC(22) Live humongous region 136 object size 1048592 start 0x00000000e8800000  with remset 0 code roots 0 is marked 0 reclaim candidate 0 type array 1
[2024-12-07T18:48:46.949+0800][2.876s][debug][gc,humongous      ] GC(22) Live humongous region 138 object size 1048592 start 0x00000000e8a00000  with remset 0 code roots 0 is marked 0 reclaim candidate 0 type array 1
[2024-12-07T18:48:46.949+0800][2.876s][debug][gc,humongous      ] GC(22) Live humongous region 140 object size 1048592 start 0x00000000e8c00000  with remset 0 code roots 0 is marked 0 reclaim candidate 0 type array 1
[2024-12-07T18:48:46.949+0800][2.877s][debug][gc,humongous      ] GC(22) Live humongous region 142 object size 1048592 start 0x00000000e8e00000  with remset 0 code roots 0 is marked 0 reclaim candidate 0 type array 1
[2024-12-07T18:48:46.949+0800][2.877s][debug][gc,humongous      ] GC(22) Live humongous region 144 object size 1048592 start 0x00000000e9000000  with remset 0 code roots 0 is marked 0 reclaim candidate 0 type array 1
[2024-12-07T18:48:46.949+0800][2.877s][debug][gc,humongous      ] GC(22) Live humongous region 146 object size 1048592 start 0x00000000e9200000  with remset 0 code roots 0 is marked 0 reclaim candidate 0 type array 1
[2024-12-07T18:48:46.950+0800][2.877s][debug][gc,humongous      ] GC(22) Live humongous region 148 object size 1048592 start 0x00000000e9400000  with remset 0 code roots 0 is marked 0 reclaim candidate 0 type array 1
[2024-12-07T18:48:46.950+0800][2.877s][debug][gc,humongous      ] GC(22) Live humongous region 150 object size 1048592 start 0x00000000e9600000  with remset 0 code roots 0 is marked 0 reclaim candidate 0 type array 1
[2024-12-07T18:48:46.950+0800][2.877s][debug][gc,humongous      ] GC(22) Live humongous region 152 object size 1048592 start 0x00000000e9800000  with remset 0 code roots 0 is marked 0 reclaim candidate 0 type array 1
[2024-12-07T18:48:46.950+0800][2.877s][debug][gc,humongous      ] GC(22) Live humongous region 154 object size 1048592 start 0x00000000e9a00000  with remset 0 code roots 0 is marked 0 reclaim candidate 0 type array 1
[2024-12-07T18:48:46.950+0800][2.877s][debug][gc,humongous      ] GC(22) Live humongous region 156 object size 1048592 start 0x00000000e9c00000  with remset 0 code roots 0 is marked 0 reclaim candidate 0 type array 1
[2024-12-07T18:48:46.950+0800][2.877s][debug][gc,humongous      ] GC(22) Live humongous region 158 object size 1048592 start 0x00000000e9e00000  with remset 0 code roots 0 is marked 0 reclaim candidate 0 type array 1
[2024-12-07T18:48:46.950+0800][2.877s][debug][gc,humongous      ] GC(22) Live humongous region 160 object size 1048592 start 0x00000000ea000000  with remset 0 code roots 0 is marked 0 reclaim candidate 0 type array 1
[2024-12-07T18:48:46.950+0800][2.877s][debug][gc,humongous      ] GC(22) Live humongous region 162 object size 1048592 start 0x00000000ea200000  with remset 0 code roots 0 is marked 0 reclaim candidate 0 type array 1
[2024-12-07T18:48:46.950+0800][2.877s][debug][gc,humongous      ] GC(22) Live humongous region 164 object size 1048592 start 0x00000000ea400000  with remset 0 code roots 0 is marked 0 reclaim candidate 0 type array 1
[2024-12-07T18:48:46.950+0800][2.878s][debug][gc,humongous      ] GC(22) Live humongous region 166 object size 1048592 start 0x00000000ea600000  with remset 0 code roots 0 is marked 0 reclaim candidate 0 type array 1
[2024-12-07T18:48:46.950+0800][2.878s][debug][gc,humongous      ] GC(22) Live humongous region 168 object size 1048592 start 0x00000000ea800000  with remset 0 code roots 0 is marked 0 reclaim candidate 0 type array 1
[2024-12-07T18:48:46.951+0800][2.878s][debug][gc,humongous      ] GC(22) Live humongous region 170 object size 1048592 start 0x00000000eaa00000  with remset 0 code roots 0 is marked 0 reclaim candidate 0 type array 1
[2024-12-07T18:48:46.951+0800][2.878s][debug][gc,humongous      ] GC(22) Live humongous region 172 object size 1048592 start 0x00000000eac00000  with remset 0 code roots 0 is marked 0 reclaim candidate 0 type array 1
[2024-12-07T18:48:46.951+0800][2.878s][debug][gc,humongous      ] GC(22) Live humongous region 174 object size 1048592 start 0x00000000eae00000  with remset 0 code roots 0 is marked 0 reclaim candidate 0 type array 1
[2024-12-07T18:48:46.951+0800][2.878s][debug][gc,humongous      ] GC(22) Live humongous region 176 object size 1048592 start 0x00000000eb000000  with remset 0 code roots 0 is marked 0 reclaim candidate 0 type array 1
[2024-12-07T18:48:46.951+0800][2.878s][debug][gc,humongous      ] GC(22) Live humongous region 178 object size 1048592 start 0x00000000eb200000  with remset 0 code roots 0 is marked 0 reclaim candidate 0 type array 1
[2024-12-07T18:48:46.951+0800][2.878s][debug][gc,humongous      ] GC(22) Live humongous region 180 object size 1048592 start 0x00000000eb400000  with remset 0 code roots 0 is marked 0 reclaim candidate 0 type array 1
[2024-12-07T18:48:46.951+0800][2.878s][debug][gc,humongous      ] GC(22) Live humongous region 182 object size 1048592 start 0x00000000eb600000  with remset 0 code roots 0 is marked 0 reclaim candidate 0 type array 1
[2024-12-07T18:48:46.951+0800][2.878s][debug][gc,humongous      ] GC(22) Live humongous region 184 object size 1048592 start 0x00000000eb800000  with remset 0 code roots 0 is marked 0 reclaim candidate 0 type array 1
[2024-12-07T18:48:46.951+0800][2.878s][debug][gc,humongous      ] GC(22) Live humongous region 186 object size 1048592 start 0x00000000eba00000  with remset 0 code roots 0 is marked 0 reclaim candidate 0 type array 1
[2024-12-07T18:48:46.951+0800][2.879s][debug][gc,humongous      ] GC(22) Live humongous region 188 object size 1048592 start 0x00000000ebc00000  with remset 0 code roots 0 is marked 0 reclaim candidate 0 type array 1
[2024-12-07T18:48:46.951+0800][2.879s][debug][gc,humongous      ] GC(22) Live humongous region 190 object size 1048592 start 0x00000000ebe00000  with remset 0 code roots 0 is marked 0 reclaim candidate 0 type array 1
[2024-12-07T18:48:46.951+0800][2.879s][debug][gc,humongous      ] GC(22) Live humongous region 192 object size 1048592 start 0x00000000ec000000  with remset 0 code roots 0 is marked 0 reclaim candidate 0 type array 1
[2024-12-07T18:48:46.952+0800][2.879s][debug][gc,humongous      ] GC(22) Live humongous region 194 object size 1048592 start 0x00000000ec200000  with remset 0 code roots 0 is marked 0 reclaim candidate 0 type array 1
[2024-12-07T18:48:46.952+0800][2.879s][debug][gc,humongous      ] GC(22) Live humongous region 196 object size 1048592 start 0x00000000ec400000  with remset 0 code roots 0 is marked 0 reclaim candidate 0 type array 1
[2024-12-07T18:48:46.952+0800][2.879s][debug][gc,humongous      ] GC(22) Live humongous region 198 object size 1048592 start 0x00000000ec600000  with remset 0 code roots 0 is marked 0 reclaim candidate 0 type array 1
[2024-12-07T18:48:46.952+0800][2.879s][debug][gc,humongous      ] GC(22) Live humongous region 200 object size 1048592 start 0x00000000ec800000  with remset 0 code roots 0 is marked 0 reclaim candidate 0 type array 1
[2024-12-07T18:48:46.952+0800][2.879s][debug][gc,humongous      ] GC(22) Live humongous region 202 object size 1048592 start 0x00000000eca00000  with remset 0 code roots 0 is marked 0 reclaim candidate 0 type array 1
[2024-12-07T18:48:46.952+0800][2.879s][debug][gc,humongous      ] GC(22) Live humongous region 204 object size 1048592 start 0x00000000ecc00000  with remset 0 code roots 0 is marked 0 reclaim candidate 0 type array 1
[2024-12-07T18:48:46.952+0800][2.879s][debug][gc,humongous      ] GC(22) Live humongous region 206 object size 1048592 start 0x00000000ece00000  with remset 0 code roots 0 is marked 0 reclaim candidate 0 type array 1
[2024-12-07T18:48:46.952+0800][2.879s][debug][gc,humongous      ] GC(22) Live humongous region 208 object size 1048592 start 0x00000000ed000000  with remset 0 code roots 0 is marked 0 reclaim candidate 0 type array 1
[2024-12-07T18:48:46.952+0800][2.880s][debug][gc,humongous      ] GC(22) Live humongous region 210 object size 1048592 start 0x00000000ed200000  with remset 0 code roots 0 is marked 0 reclaim candidate 0 type array 1
[2024-12-07T18:48:46.952+0800][2.880s][debug][gc,humongous      ] GC(22) Live humongous region 212 object size 1048592 start 0x00000000ed400000  with remset 0 code roots 0 is marked 0 reclaim candidate 0 type array 1
[2024-12-07T18:48:46.953+0800][2.880s][debug][gc,humongous      ] GC(22) Live humongous region 214 object size 1048592 start 0x00000000ed600000  with remset 0 code roots 0 is marked 0 reclaim candidate 0 type array 1
[2024-12-07T18:48:46.953+0800][2.880s][debug][gc,humongous      ] GC(22) Live humongous region 216 object size 1048592 start 0x00000000ed800000  with remset 0 code roots 0 is marked 0 reclaim candidate 0 type array 1
[2024-12-07T18:48:46.953+0800][2.880s][debug][gc,humongous      ] GC(22) Live humongous region 218 object size 1048592 start 0x00000000eda00000  with remset 0 code roots 0 is marked 0 reclaim candidate 0 type array 1
[2024-12-07T18:48:46.953+0800][2.880s][debug][gc,humongous      ] GC(22) Live humongous region 220 object size 1048592 start 0x00000000edc00000  with remset 0 code roots 0 is marked 0 reclaim candidate 0 type array 1
[2024-12-07T18:48:46.953+0800][2.880s][debug][gc,humongous      ] GC(22) Live humongous region 222 object size 1048592 start 0x00000000ede00000  with remset 0 code roots 0 is marked 0 reclaim candidate 0 type array 1
[2024-12-07T18:48:46.953+0800][2.880s][debug][gc,humongous      ] GC(22) Live humongous region 224 object size 1048592 start 0x00000000ee000000  with remset 0 code roots 0 is marked 0 reclaim candidate 0 type array 1
[2024-12-07T18:48:46.953+0800][2.880s][debug][gc,humongous      ] GC(22) Live humongous region 226 object size 1048592 start 0x00000000ee200000  with remset 0 code roots 0 is marked 0 reclaim candidate 0 type array 1
[2024-12-07T18:48:46.953+0800][2.880s][debug][gc,humongous      ] GC(22) Live humongous region 228 object size 1048592 start 0x00000000ee400000  with remset 0 code roots 0 is marked 0 reclaim candidate 0 type array 1
[2024-12-07T18:48:46.953+0800][2.880s][debug][gc,humongous      ] GC(22) Live humongous region 230 object size 1048592 start 0x00000000ee600000  with remset 0 code roots 0 is marked 0 reclaim candidate 0 type array 1
[2024-12-07T18:48:46.953+0800][2.881s][debug][gc,humongous      ] GC(22) Live humongous region 232 object size 1048592 start 0x00000000ee800000  with remset 0 code roots 0 is marked 0 reclaim candidate 0 type array 1
[2024-12-07T18:48:46.953+0800][2.881s][debug][gc,humongous      ] GC(22) Live humongous region 234 object size 1048592 start 0x00000000eea00000  with remset 0 code roots 0 is marked 0 reclaim candidate 0 type array 1
[2024-12-07T18:48:46.953+0800][2.881s][debug][gc,humongous      ] GC(22) Live humongous region 236 object size 1048592 start 0x00000000eec00000  with remset 0 code roots 0 is marked 0 reclaim candidate 0 type array 1
[2024-12-07T18:48:46.954+0800][2.881s][debug][gc,humongous      ] GC(22) Live humongous region 238 object size 1048592 start 0x00000000eee00000  with remset 0 code roots 0 is marked 0 reclaim candidate 0 type array 1
[2024-12-07T18:48:46.954+0800][2.881s][debug][gc,humongous      ] GC(22) Live humongous region 240 object size 1048592 start 0x00000000ef000000  with remset 0 code roots 0 is marked 0 reclaim candidate 0 type array 1
[2024-12-07T18:48:46.954+0800][2.881s][debug][gc,humongous      ] GC(22) Live humongous region 242 object size 1048592 start 0x00000000ef200000  with remset 0 code roots 0 is marked 0 reclaim candidate 0 type array 1
[2024-12-07T18:48:46.954+0800][2.881s][debug][gc,humongous      ] GC(22) Live humongous region 244 object size 1048592 start 0x00000000ef400000  with remset 0 code roots 0 is marked 0 reclaim candidate 0 type array 1
[2024-12-07T18:48:46.954+0800][2.881s][debug][gc,humongous      ] GC(22) Live humongous region 246 object size 1048592 start 0x00000000ef600000  with remset 0 code roots 0 is marked 0 reclaim candidate 0 type array 1
[2024-12-07T18:48:46.954+0800][2.881s][debug][gc,humongous      ] GC(22) Live humongous region 248 object size 1048592 start 0x00000000ef800000  with remset 0 code roots 0 is marked 0 reclaim candidate 0 type array 1
[2024-12-07T18:48:46.954+0800][2.881s][debug][gc,humongous      ] GC(22) Live humongous region 250 object size 1048592 start 0x00000000efa00000  with remset 0 code roots 0 is marked 0 reclaim candidate 0 type array 1
[2024-12-07T18:48:46.954+0800][2.881s][debug][gc,humongous      ] GC(22) Live humongous region 252 object size 1048592 start 0x00000000efc00000  with remset 0 code roots 0 is marked 0 reclaim candidate 0 type array 1
[2024-12-07T18:48:46.954+0800][2.881s][debug][gc,humongous      ] GC(22) Live humongous region 254 object size 1048592 start 0x00000000efe00000  with remset 0 code roots 0 is marked 0 reclaim candidate 0 type array 1
[2024-12-07T18:48:46.954+0800][2.882s][debug][gc,humongous      ] GC(22) Live humongous region 256 object size 1048592 start 0x00000000f0000000  with remset 0 code roots 0 is marked 0 reclaim candidate 0 type array 1
[2024-12-07T18:48:46.954+0800][2.882s][debug][gc,humongous      ] GC(22) Live humongous region 258 object size 1048592 start 0x00000000f0200000  with remset 0 code roots 0 is marked 0 reclaim candidate 0 type array 1
[2024-12-07T18:48:46.954+0800][2.882s][debug][gc,humongous      ] GC(22) Live humongous region 260 object size 1048592 start 0x00000000f0400000  with remset 0 code roots 0 is marked 0 reclaim candidate 0 type array 1
[2024-12-07T18:48:46.955+0800][2.882s][debug][gc,humongous      ] GC(22) Live humongous region 262 object size 1048592 start 0x00000000f0600000  with remset 0 code roots 0 is marked 0 reclaim candidate 0 type array 1
[2024-12-07T18:48:46.955+0800][2.882s][debug][gc,humongous      ] GC(22) Live humongous region 264 object size 1048592 start 0x00000000f0800000  with remset 0 code roots 0 is marked 0 reclaim candidate 0 type array 1
[2024-12-07T18:48:46.955+0800][2.882s][debug][gc,humongous      ] GC(22) Live humongous region 266 object size 1048592 start 0x00000000f0a00000  with remset 0 code roots 0 is marked 0 reclaim candidate 0 type array 1
[2024-12-07T18:48:46.955+0800][2.882s][debug][gc,humongous      ] GC(22) Live humongous region 268 object size 1048592 start 0x00000000f0c00000  with remset 0 code roots 0 is marked 0 reclaim candidate 0 type array 1
[2024-12-07T18:48:46.955+0800][2.882s][debug][gc,humongous      ] GC(22) Live humongous region 270 object size 1048592 start 0x00000000f0e00000  with remset 0 code roots 0 is marked 0 reclaim candidate 0 type array 1
[2024-12-07T18:48:46.955+0800][2.882s][debug][gc,humongous      ] GC(22) Live humongous region 272 object size 1048592 start 0x00000000f1000000  with remset 0 code roots 0 is marked 0 reclaim candidate 0 type array 1
[2024-12-07T18:48:46.955+0800][2.882s][debug][gc,humongous      ] GC(22) Live humongous region 274 object size 1048592 start 0x00000000f1200000  with remset 0 code roots 0 is marked 0 reclaim candidate 0 type array 1
[2024-12-07T18:48:46.955+0800][2.882s][debug][gc,humongous      ] GC(22) Live humongous region 276 object size 1048592 start 0x00000000f1400000  with remset 0 code roots 0 is marked 0 reclaim candidate 0 type array 1
[2024-12-07T18:48:46.955+0800][2.883s][debug][gc,humongous      ] GC(22) Live humongous region 278 object size 1048592 start 0x00000000f1600000  with remset 0 code roots 0 is marked 0 reclaim candidate 0 type array 1
[2024-12-07T18:48:46.955+0800][2.883s][debug][gc,humongous      ] GC(22) Live humongous region 280 object size 1048592 start 0x00000000f1800000  with remset 0 code roots 0 is marked 0 reclaim candidate 0 type array 1
[2024-12-07T18:48:46.956+0800][2.883s][debug][gc,humongous      ] GC(22) Live humongous region 282 object size 1048592 start 0x00000000f1a00000  with remset 0 code roots 0 is marked 0 reclaim candidate 0 type array 1
[2024-12-07T18:48:46.956+0800][2.883s][debug][gc,humongous      ] GC(22) Live humongous region 284 object size 1048592 start 0x00000000f1c00000  with remset 0 code roots 0 is marked 0 reclaim candidate 0 type array 1
[2024-12-07T18:48:46.956+0800][2.883s][debug][gc,humongous      ] GC(22) Live humongous region 286 object size 1048592 start 0x00000000f1e00000  with remset 0 code roots 0 is marked 0 reclaim candidate 0 type array 1
[2024-12-07T18:48:46.956+0800][2.883s][debug][gc,humongous      ] GC(22) Live humongous region 288 object size 1048592 start 0x00000000f2000000  with remset 0 code roots 0 is marked 0 reclaim candidate 0 type array 1
[2024-12-07T18:48:46.956+0800][2.883s][debug][gc,humongous      ] GC(22) Live humongous region 290 object size 1048592 start 0x00000000f2200000  with remset 0 code roots 0 is marked 0 reclaim candidate 0 type array 1
[2024-12-07T18:48:46.956+0800][2.883s][debug][gc,humongous      ] GC(22) Live humongous region 292 object size 1048592 start 0x00000000f2400000  with remset 0 code roots 0 is marked 0 reclaim candidate 0 type array 1
[2024-12-07T18:48:46.956+0800][2.883s][debug][gc,humongous      ] GC(22) Live humongous region 294 object size 1048592 start 0x00000000f2600000  with remset 0 code roots 0 is marked 0 reclaim candidate 0 type array 1
[2024-12-07T18:48:46.956+0800][2.883s][debug][gc,humongous      ] GC(22) Live humongous region 296 object size 1048592 start 0x00000000f2800000  with remset 0 code roots 0 is marked 0 reclaim candidate 0 type array 1
[2024-12-07T18:48:46.956+0800][2.883s][debug][gc,humongous      ] GC(22) Live humongous region 298 object size 1048592 start 0x00000000f2a00000  with remset 0 code roots 0 is marked 0 reclaim candidate 0 type array 1
[2024-12-07T18:48:46.956+0800][2.884s][debug][gc,humongous      ] GC(22) Live humongous region 300 object size 1048592 start 0x00000000f2c00000  with remset 0 code roots 0 is marked 0 reclaim candidate 0 type array 1
[2024-12-07T18:48:46.956+0800][2.884s][debug][gc,humongous      ] GC(22) Live humongous region 302 object size 1048592 start 0x00000000f2e00000  with remset 0 code roots 0 is marked 0 reclaim candidate 0 type array 1
[2024-12-07T18:48:46.956+0800][2.884s][debug][gc,humongous      ] GC(22) Live humongous region 304 object size 1048592 start 0x00000000f3000000  with remset 0 code roots 0 is marked 0 reclaim candidate 0 type array 1
[2024-12-07T18:48:46.957+0800][2.884s][debug][gc,humongous      ] GC(22) Live humongous region 306 object size 1048592 start 0x00000000f3200000  with remset 0 code roots 0 is marked 0 reclaim candidate 0 type array 1
[2024-12-07T18:48:46.957+0800][2.884s][debug][gc,humongous      ] GC(22) Live humongous region 308 object size 1048592 start 0x00000000f3400000  with remset 0 code roots 0 is marked 0 reclaim candidate 0 type array 1
[2024-12-07T18:48:46.957+0800][2.884s][debug][gc,humongous      ] GC(22) Live humongous region 310 object size 1048592 start 0x00000000f3600000  with remset 0 code roots 0 is marked 0 reclaim candidate 0 type array 1
[2024-12-07T18:48:46.957+0800][2.884s][debug][gc,humongous      ] GC(22) Live humongous region 312 object size 1048592 start 0x00000000f3800000  with remset 0 code roots 0 is marked 0 reclaim candidate 0 type array 1
[2024-12-07T18:48:46.957+0800][2.884s][debug][gc,humongous      ] GC(22) Live humongous region 314 object size 1048592 start 0x00000000f3a00000  with remset 0 code roots 0 is marked 0 reclaim candidate 0 type array 1
[2024-12-07T18:48:46.957+0800][2.884s][debug][gc,humongous      ] GC(22) Live humongous region 316 object size 1048592 start 0x00000000f3c00000  with remset 0 code roots 0 is marked 0 reclaim candidate 0 type array 1
[2024-12-07T18:48:46.957+0800][2.884s][debug][gc,humongous      ] GC(22) Live humongous region 318 object size 1048592 start 0x00000000f3e00000  with remset 0 code roots 0 is marked 0 reclaim candidate 0 type array 1
[2024-12-07T18:48:46.957+0800][2.884s][debug][gc,humongous      ] GC(22) Live humongous region 320 object size 1048592 start 0x00000000f4000000  with remset 0 code roots 0 is marked 0 reclaim candidate 0 type array 1
[2024-12-07T18:48:46.957+0800][2.884s][debug][gc,humongous      ] GC(22) Live humongous region 322 object size 1048592 start 0x00000000f4200000  with remset 0 code roots 0 is marked 0 reclaim candidate 0 type array 1
[2024-12-07T18:48:46.957+0800][2.885s][debug][gc,humongous      ] GC(22) Live humongous region 324 object size 1048592 start 0x00000000f4400000  with remset 0 code roots 0 is marked 0 reclaim candidate 0 type array 1
[2024-12-07T18:48:46.957+0800][2.885s][debug][gc,humongous      ] GC(22) Live humongous region 326 object size 1048592 start 0x00000000f4600000  with remset 0 code roots 0 is marked 0 reclaim candidate 0 type array 1
[2024-12-07T18:48:46.958+0800][2.885s][debug][gc,humongous      ] GC(22) Live humongous region 328 object size 1048592 start 0x00000000f4800000  with remset 0 code roots 0 is marked 0 reclaim candidate 0 type array 1
[2024-12-07T18:48:46.958+0800][2.885s][debug][gc,humongous      ] GC(22) Live humongous region 330 object size 1048592 start 0x00000000f4a00000  with remset 0 code roots 0 is marked 0 reclaim candidate 0 type array 1
[2024-12-07T18:48:46.958+0800][2.885s][debug][gc,humongous      ] GC(22) Live humongous region 332 object size 1048592 start 0x00000000f4c00000  with remset 0 code roots 0 is marked 0 reclaim candidate 0 type array 1
[2024-12-07T18:48:46.958+0800][2.885s][debug][gc,humongous      ] GC(22) Live humongous region 334 object size 1048592 start 0x00000000f4e00000  with remset 0 code roots 0 is marked 0 reclaim candidate 0 type array 1
[2024-12-07T18:48:46.958+0800][2.885s][debug][gc,humongous      ] GC(22) Live humongous region 336 object size 1048592 start 0x00000000f5000000  with remset 0 code roots 0 is marked 0 reclaim candidate 0 type array 1
[2024-12-07T18:48:46.958+0800][2.885s][debug][gc,humongous      ] GC(22) Live humongous region 338 object size 1048592 start 0x00000000f5200000  with remset 0 code roots 0 is marked 0 reclaim candidate 0 type array 1
[2024-12-07T18:48:46.958+0800][2.885s][debug][gc,humongous      ] GC(22) Live humongous region 340 object size 1048592 start 0x00000000f5400000  with remset 0 code roots 0 is marked 0 reclaim candidate 0 type array 1
[2024-12-07T18:48:46.958+0800][2.885s][debug][gc,humongous      ] GC(22) Live humongous region 342 object size 1048592 start 0x00000000f5600000  with remset 0 code roots 0 is marked 0 reclaim candidate 0 type array 1
[2024-12-07T18:48:46.958+0800][2.885s][debug][gc,humongous      ] GC(22) Live humongous region 344 object size 1048592 start 0x00000000f5800000  with remset 0 code roots 0 is marked 0 reclaim candidate 0 type array 1
[2024-12-07T18:48:46.958+0800][2.886s][debug][gc,humongous      ] GC(22) Live humongous region 346 object size 1048592 start 0x00000000f5a00000  with remset 0 code roots 0 is marked 0 reclaim candidate 0 type array 1
[2024-12-07T18:48:46.958+0800][2.886s][debug][gc,humongous      ] GC(22) Live humongous region 348 object size 1048592 start 0x00000000f5c00000  with remset 0 code roots 0 is marked 0 reclaim candidate 0 type array 1
[2024-12-07T18:48:46.958+0800][2.886s][debug][gc,humongous      ] GC(22) Live humongous region 350 object size 1048592 start 0x00000000f5e00000  with remset 0 code roots 0 is marked 0 reclaim candidate 0 type array 1
[2024-12-07T18:48:46.959+0800][2.886s][debug][gc,humongous      ] GC(22) Live humongous region 352 object size 1048592 start 0x00000000f6000000  with remset 0 code roots 0 is marked 0 reclaim candidate 0 type array 1
[2024-12-07T18:48:46.959+0800][2.886s][debug][gc,humongous      ] GC(22) Live humongous region 354 object size 1048592 start 0x00000000f6200000  with remset 0 code roots 0 is marked 0 reclaim candidate 0 type array 1
[2024-12-07T18:48:46.959+0800][2.886s][debug][gc,humongous      ] GC(22) Live humongous region 356 object size 1048592 start 0x00000000f6400000  with remset 0 code roots 0 is marked 0 reclaim candidate 0 type array 1
[2024-12-07T18:48:46.959+0800][2.886s][debug][gc,humongous      ] GC(22) Live humongous region 358 object size 1048592 start 0x00000000f6600000  with remset 0 code roots 0 is marked 0 reclaim candidate 0 type array 1
[2024-12-07T18:48:46.959+0800][2.886s][debug][gc,humongous      ] GC(22) Live humongous region 360 object size 1048592 start 0x00000000f6800000  with remset 0 code roots 0 is marked 0 reclaim candidate 0 type array 1
[2024-12-07T18:48:46.959+0800][2.886s][debug][gc,humongous      ] GC(22) Live humongous region 362 object size 1048592 start 0x00000000f6a00000  with remset 0 code roots 0 is marked 0 reclaim candidate 0 type array 1
[2024-12-07T18:48:46.959+0800][2.886s][debug][gc,humongous      ] GC(22) Live humongous region 364 object size 1048592 start 0x00000000f6c00000  with remset 0 code roots 0 is marked 0 reclaim candidate 0 type array 1
[2024-12-07T18:48:46.959+0800][2.886s][debug][gc,humongous      ] GC(22) Live humongous region 366 object size 1048592 start 0x00000000f6e00000  with remset 0 code roots 0 is marked 0 reclaim candidate 0 type array 1
[2024-12-07T18:48:46.959+0800][2.886s][debug][gc,humongous      ] GC(22) Live humongous region 368 object size 1048592 start 0x00000000f7000000  with remset 0 code roots 0 is marked 0 reclaim candidate 0 type array 1
[2024-12-07T18:48:46.959+0800][2.887s][debug][gc,humongous      ] GC(22) Live humongous region 370 object size 1048592 start 0x00000000f7200000  with remset 0 code roots 0 is marked 0 reclaim candidate 0 type array 1
[2024-12-07T18:48:46.959+0800][2.887s][debug][gc,humongous      ] GC(22) Live humongous region 372 object size 1048592 start 0x00000000f7400000  with remset 0 code roots 0 is marked 0 reclaim candidate 0 type array 1
[2024-12-07T18:48:46.960+0800][2.887s][debug][gc,humongous      ] GC(22) Live humongous region 374 object size 1048592 start 0x00000000f7600000  with remset 0 code roots 0 is marked 0 reclaim candidate 0 type array 1
[2024-12-07T18:48:46.960+0800][2.887s][debug][gc,humongous      ] GC(22) Live humongous region 376 object size 1048592 start 0x00000000f7800000  with remset 0 code roots 0 is marked 0 reclaim candidate 0 type array 1
[2024-12-07T18:48:46.960+0800][2.887s][debug][gc,humongous      ] GC(22) Live humongous region 378 object size 1048592 start 0x00000000f7a00000  with remset 0 code roots 0 is marked 0 reclaim candidate 0 type array 1
[2024-12-07T18:48:46.960+0800][2.887s][debug][gc,humongous      ] GC(22) Live humongous region 380 object size 1048592 start 0x00000000f7c00000  with remset 0 code roots 0 is marked 0 reclaim candidate 0 type array 1
[2024-12-07T18:48:46.960+0800][2.887s][debug][gc,humongous      ] GC(22) Live humongous region 382 object size 1048592 start 0x00000000f7e00000  with remset 0 code roots 0 is marked 0 reclaim candidate 0 type array 1
[2024-12-07T18:48:46.960+0800][2.887s][debug][gc,humongous      ] GC(22) Live humongous region 384 object size 1048592 start 0x00000000f8000000  with remset 0 code roots 0 is marked 0 reclaim candidate 0 type array 1
[2024-12-07T18:48:46.960+0800][2.887s][debug][gc,humongous      ] GC(22) Live humongous region 386 object size 1048592 start 0x00000000f8200000  with remset 0 code roots 0 is marked 0 reclaim candidate 0 type array 1
[2024-12-07T18:48:46.960+0800][2.887s][debug][gc,humongous      ] GC(22) Live humongous region 388 object size 1048592 start 0x00000000f8400000  with remset 0 code roots 0 is marked 0 reclaim candidate 0 type array 1
[2024-12-07T18:48:46.960+0800][2.888s][debug][gc,humongous      ] GC(22) Live humongous region 390 object size 1048592 start 0x00000000f8600000  with remset 0 code roots 0 is marked 0 reclaim candidate 0 type array 1
[2024-12-07T18:48:46.960+0800][2.888s][debug][gc,humongous      ] GC(22) Live humongous region 392 object size 1048592 start 0x00000000f8800000  with remset 0 code roots 0 is marked 0 reclaim candidate 0 type array 1
[2024-12-07T18:48:46.961+0800][2.888s][debug][gc,humongous      ] GC(22) Live humongous region 394 object size 1048592 start 0x00000000f8a00000  with remset 0 code roots 0 is marked 0 reclaim candidate 0 type array 1
[2024-12-07T18:48:46.961+0800][2.888s][debug][gc,humongous      ] GC(22) Live humongous region 396 object size 1048592 start 0x00000000f8c00000  with remset 0 code roots 0 is marked 0 reclaim candidate 0 type array 1
[2024-12-07T18:48:46.961+0800][2.888s][debug][gc,humongous      ] GC(22) Live humongous region 398 object size 1048592 start 0x00000000f8e00000  with remset 0 code roots 0 is marked 0 reclaim candidate 0 type array 1
[2024-12-07T18:48:46.961+0800][2.888s][debug][gc,humongous      ] GC(22) Live humongous region 400 object size 1048592 start 0x00000000f9000000  with remset 0 code roots 0 is marked 0 reclaim candidate 0 type array 1
[2024-12-07T18:48:46.961+0800][2.888s][debug][gc,humongous      ] GC(22) Live humongous region 402 object size 1048592 start 0x00000000f9200000  with remset 0 code roots 0 is marked 0 reclaim candidate 0 type array 1
[2024-12-07T18:48:46.961+0800][2.888s][debug][gc,humongous      ] GC(22) Live humongous region 404 object size 1048592 start 0x00000000f9400000  with remset 0 code roots 0 is marked 0 reclaim candidate 0 type array 1
[2024-12-07T18:48:46.961+0800][2.888s][debug][gc,humongous      ] GC(22) Live humongous region 406 object size 1048592 start 0x00000000f9600000  with remset 0 code roots 0 is marked 0 reclaim candidate 0 type array 1
[2024-12-07T18:48:46.961+0800][2.888s][debug][gc,humongous      ] GC(22) Live humongous region 408 object size 1048592 start 0x00000000f9800000  with remset 0 code roots 0 is marked 0 reclaim candidate 0 type array 1
[2024-12-07T18:48:46.961+0800][2.889s][debug][gc,humongous      ] GC(22) Live humongous region 410 object size 1048592 start 0x00000000f9a00000  with remset 0 code roots 0 is marked 0 reclaim candidate 0 type array 1
[2024-12-07T18:48:46.961+0800][2.889s][debug][gc,humongous      ] GC(22) Live humongous region 412 object size 1048592 start 0x00000000f9c00000  with remset 0 code roots 0 is marked 0 reclaim candidate 0 type array 1
[2024-12-07T18:48:46.962+0800][2.889s][debug][gc,humongous      ] GC(22) Live humongous region 414 object size 1048592 start 0x00000000f9e00000  with remset 0 code roots 0 is marked 0 reclaim candidate 0 type array 1
[2024-12-07T18:48:46.962+0800][2.889s][debug][gc,humongous      ] GC(22) Live humongous region 416 object size 1048592 start 0x00000000fa000000  with remset 0 code roots 0 is marked 0 reclaim candidate 0 type array 1
[2024-12-07T18:48:46.962+0800][2.889s][debug][gc,humongous      ] GC(22) Live humongous region 418 object size 1048592 start 0x00000000fa200000  with remset 0 code roots 0 is marked 0 reclaim candidate 0 type array 1
[2024-12-07T18:48:46.962+0800][2.889s][debug][gc,humongous      ] GC(22) Live humongous region 420 object size 1048592 start 0x00000000fa400000  with remset 0 code roots 0 is marked 0 reclaim candidate 0 type array 1
[2024-12-07T18:48:46.962+0800][2.889s][debug][gc,humongous      ] GC(22) Live humongous region 422 object size 1048592 start 0x00000000fa600000  with remset 0 code roots 0 is marked 0 reclaim candidate 0 type array 1
[2024-12-07T18:48:46.962+0800][2.889s][debug][gc,humongous      ] GC(22) Live humongous region 424 object size 1048592 start 0x00000000fa800000  with remset 0 code roots 0 is marked 0 reclaim candidate 0 type array 1
[2024-12-07T18:48:46.962+0800][2.889s][debug][gc,humongous      ] GC(22) Live humongous region 426 object size 1048592 start 0x00000000faa00000  with remset 0 code roots 0 is marked 0 reclaim candidate 0 type array 1
[2024-12-07T18:48:46.962+0800][2.890s][debug][gc,humongous      ] GC(22) Live humongous region 428 object size 1048592 start 0x00000000fac00000  with remset 0 code roots 0 is marked 0 reclaim candidate 0 type array 1
[2024-12-07T18:48:46.962+0800][2.890s][debug][gc,humongous      ] GC(22) Live humongous region 430 object size 1048592 start 0x00000000fae00000  with remset 0 code roots 0 is marked 0 reclaim candidate 0 type array 1
[2024-12-07T18:48:46.963+0800][2.890s][debug][gc,humongous      ] GC(22) Live humongous region 432 object size 1048592 start 0x00000000fb000000  with remset 0 code roots 0 is marked 0 reclaim candidate 0 type array 1
[2024-12-07T18:48:46.963+0800][2.890s][debug][gc,humongous      ] GC(22) Live humongous region 434 object size 1048592 start 0x00000000fb200000  with remset 0 code roots 0 is marked 0 reclaim candidate 0 type array 1
[2024-12-07T18:48:46.963+0800][2.890s][debug][gc,humongous      ] GC(22) Live humongous region 436 object size 1048592 start 0x00000000fb400000  with remset 0 code roots 0 is marked 0 reclaim candidate 0 type array 1
[2024-12-07T18:48:46.963+0800][2.890s][debug][gc,humongous      ] GC(22) Live humongous region 438 object size 1048592 start 0x00000000fb600000  with remset 0 code roots 0 is marked 0 reclaim candidate 0 type array 1
[2024-12-07T18:48:46.963+0800][2.890s][debug][gc,plab           ] GC(22) Young PLAB allocation: allocated: 410576B, wasted: 1904B, unused: 40176B, used: 368496B, undo waste: 0B, 
[2024-12-07T18:48:46.963+0800][2.890s][debug][gc,plab           ] GC(22) Young other allocation: region end waste: 0B, regions filled: 1, direct allocated: 69744B, failure used: 0B, failure wasted: 0B
[2024-12-07T18:48:46.963+0800][2.890s][debug][gc,plab           ] GC(22) Young sizing: calculated: 73696B, actual: 73664B
[2024-12-07T18:48:46.963+0800][2.890s][debug][gc,plab           ] GC(22) Old PLAB allocation: allocated: 0B, wasted: 0B, unused: 0B, used: 0B, undo waste: 0B, 
[2024-12-07T18:48:46.963+0800][2.891s][debug][gc,plab           ] GC(22) Old other allocation: region end waste: 0B, regions filled: 0, direct allocated: 0B, failure used: 0B, failure wasted: 0B
[2024-12-07T18:48:46.963+0800][2.891s][debug][gc,plab           ] GC(22) Old sizing: calculated: 0B, actual: 2064B
[2024-12-07T18:48:46.964+0800][2.891s][debug][gc,alloc,stats    ] Old generation allocation in the last mutator period, old gen allocated: 0B, humongous allocated: 20971520B,old gen growth: 20971520B.
[2024-12-07T18:48:46.964+0800][2.891s][debug][gc,ihop           ] GC(22) Basic information (value update), threshold: 238288896B (45.00), target occupancy: 529530880B, current occupancy: 462591040B, recent allocation size: 20971520B, recent allocation duration: 98.96ms, recent old gen allocation rate: 211915030.60B/s, recent marking phase length: 0.00ms
[2024-12-07T18:48:46.964+0800][2.891s][debug][gc,ihop           ] GC(22) Adaptive IHOP information (value update), threshold: 238288896B (52.22), internal target occupancy: 456340275B, occupancy: 462591040B, additional buffer size: 26214400B, predicted old gen allocation rate: 202714071.35B/s, predicted marking phase length: 0.00ms, prediction active: false
[2024-12-07T18:48:46.964+0800][2.891s][debug][gc,ergo,refine    ] GC(22) Updated Refinement Zones: green: 18, yellow: 54, red: 90
[2024-12-07T18:48:46.964+0800][2.891s][info ][gc,phases         ] GC(22)   Pre Evacuate Collection Set: 0.1ms
[2024-12-07T18:48:46.964+0800][2.891s][debug][gc,phases         ] GC(22)     Prepare TLABs: 0.1ms
[2024-12-07T18:48:46.964+0800][2.891s][debug][gc,phases         ] GC(22)     Choose Collection Set: 0.1ms
[2024-12-07T18:48:46.964+0800][2.891s][debug][gc,phases         ] GC(22)     Humongous Register: 0.0ms
[2024-12-07T18:48:46.964+0800][2.892s][debug][gc,phases         ] GC(22)     Clear Claimed Marks: 0.0ms
[2024-12-07T18:48:46.964+0800][2.892s][info ][gc,phases         ] GC(22)   Evacuate Collection Set: 3.2ms
[2024-12-07T18:48:46.964+0800][2.892s][debug][gc,phases         ] GC(22)     Ext Root Scanning (ms):   Min:  0.1, Avg:  0.2, Max:  0.4, Diff:  0.3, Sum:  2.7, Workers: 12
[2024-12-07T18:48:46.965+0800][2.892s][debug][gc,phases         ] GC(22)     Update RS (ms):           Min:  0.0, Avg:  0.2, Max:  0.6, Diff:  0.5, Sum:  2.0, Workers: 12
[2024-12-07T18:48:46.965+0800][2.892s][debug][gc,phases         ] GC(22)       Processed Buffers:        Min: 0, Avg:  0.3, Max: 1, Diff: 1, Sum: 4, Workers: 12
[2024-12-07T18:48:46.965+0800][2.892s][debug][gc,phases         ] GC(22)       Scanned Cards:            Min: 0, Avg: 18.5, Max: 61, Diff: 61, Sum: 222, Workers: 12
[2024-12-07T18:48:46.965+0800][2.892s][debug][gc,phases         ] GC(22)       Skipped Cards:            Min: 0, Avg: 11.8, Max: 102, Diff: 102, Sum: 141, Workers: 12
[2024-12-07T18:48:46.965+0800][2.892s][debug][gc,phases         ] GC(22)     Scan RS (ms):             Min:  0.0, Avg:  0.1, Max:  1.0, Diff:  1.0, Sum:  1.7, Workers: 12
[2024-12-07T18:48:46.965+0800][2.892s][debug][gc,phases         ] GC(22)       Scanned Cards:            Min: 0, Avg:  7.4, Max: 51, Diff: 51, Sum: 89, Workers: 12
[2024-12-07T18:48:46.965+0800][2.892s][debug][gc,phases         ] GC(22)       Claimed Cards:            Min: 0, Avg: 18.5, Max: 64, Diff: 64, Sum: 222, Workers: 12
[2024-12-07T18:48:46.965+0800][2.892s][debug][gc,phases         ] GC(22)       Skipped Cards:            Min: 0, Avg: 55.5, Max: 192, Diff: 192, Sum: 666, Workers: 12
[2024-12-07T18:48:46.965+0800][2.892s][debug][gc,phases         ] GC(22)     Code Root Scanning (ms):  Min:  0.0, Avg:  0.0, Max:  0.0, Diff:  0.0, Sum:  0.0, Workers: 12
[2024-12-07T18:48:46.965+0800][2.893s][debug][gc,phases         ] GC(22)     AOT Root Scanning (ms):   skipped
[2024-12-07T18:48:46.965+0800][2.893s][debug][gc,phases         ] GC(22)     Object Copy (ms):         Min:  0.0, Avg:  0.1, Max:  0.4, Diff:  0.4, Sum:  1.2, Workers: 12
[2024-12-07T18:48:46.966+0800][2.893s][debug][gc,phases         ] GC(22)     Termination (ms):         Min:  0.0, Avg:  0.7, Max:  0.9, Diff:  0.9, Sum:  8.0, Workers: 12
[2024-12-07T18:48:46.966+0800][2.893s][debug][gc,phases         ] GC(22)       Termination Attempts:     Min: 1, Avg: 16.7, Max: 32, Diff: 31, Sum: 200, Workers: 12
[2024-12-07T18:48:46.966+0800][2.893s][debug][gc,phases         ] GC(22)     GC Worker Other (ms):     Min:  0.2, Avg:  0.8, Max:  1.4, Diff:  1.3, Sum:  9.5, Workers: 12
[2024-12-07T18:48:46.966+0800][2.893s][debug][gc,phases         ] GC(22)     GC Worker Total (ms):     Min:  1.4, Avg:  2.1, Max:  2.7, Diff:  1.3, Sum: 25.1, Workers: 12
[2024-12-07T18:48:46.966+0800][2.893s][info ][gc,phases         ] GC(22)   Post Evacuate Collection Set: 21.7ms
[2024-12-07T18:48:46.966+0800][2.893s][debug][gc,phases         ] GC(22)     Code Roots Fixup: 0.0ms
[2024-12-07T18:48:46.966+0800][2.893s][debug][gc,phases         ] GC(22)     Clear Card Table: 0.1ms
[2024-12-07T18:48:46.966+0800][2.893s][debug][gc,phases         ] GC(22)     Reference Processing: 0.2ms
[2024-12-07T18:48:46.966+0800][2.893s][debug][gc,phases,ref     ] GC(22)       Reconsider SoftReferences: 0.1ms
[2024-12-07T18:48:46.966+0800][2.894s][debug][gc,phases,ref     ] GC(22)         SoftRef (ms):             skipped
[2024-12-07T18:48:46.966+0800][2.894s][debug][gc,phases,ref     ] GC(22)       Notify Soft/WeakReferences: 0.0ms
[2024-12-07T18:48:46.966+0800][2.894s][debug][gc,phases,ref     ] GC(22)         SoftRef (ms):             Min:  0.0, Avg:  0.0, Max:  0.0, Diff:  0.0, Sum:  0.0, Workers: 1
[2024-12-07T18:48:46.967+0800][2.894s][debug][gc,phases,ref     ] GC(22)         WeakRef (ms):             Min:  0.0, Avg:  0.0, Max:  0.0, Diff:  0.0, Sum:  0.0, Workers: 1
[2024-12-07T18:48:46.967+0800][2.894s][debug][gc,phases,ref     ] GC(22)         FinalRef (ms):            Min:  0.0, Avg:  0.0, Max:  0.0, Diff:  0.0, Sum:  0.0, Workers: 1
[2024-12-07T18:48:46.967+0800][2.894s][debug][gc,phases,ref     ] GC(22)         Total (ms):               Min:  0.0, Avg:  0.0, Max:  0.0, Diff:  0.0, Sum:  0.0, Workers: 1
[2024-12-07T18:48:46.967+0800][2.894s][debug][gc,phases,ref     ] GC(22)       Notify and keep alive finalizable: 0.1ms
[2024-12-07T18:48:46.967+0800][2.894s][debug][gc,phases,ref     ] GC(22)         FinalRef (ms):            skipped
[2024-12-07T18:48:46.967+0800][2.894s][debug][gc,phases,ref     ] GC(22)       Notify PhantomReferences: 0.0ms
[2024-12-07T18:48:46.967+0800][2.894s][debug][gc,phases,ref     ] GC(22)         PhantomRef (ms):          Min:  0.0, Avg:  0.0, Max:  0.0, Diff:  0.0, Sum:  0.0, Workers: 1
[2024-12-07T18:48:46.967+0800][2.894s][debug][gc,phases,ref     ] GC(22)       SoftReference:
[2024-12-07T18:48:46.967+0800][2.894s][debug][gc,phases,ref     ] GC(22)         Discovered: 0
[2024-12-07T18:48:46.967+0800][2.895s][debug][gc,phases,ref     ] GC(22)         Cleared: 0
[2024-12-07T18:48:46.967+0800][2.895s][debug][gc,phases,ref     ] GC(22)       WeakReference:
[2024-12-07T18:48:46.968+0800][2.895s][debug][gc,phases,ref     ] GC(22)         Discovered: 11
[2024-12-07T18:48:46.968+0800][2.895s][debug][gc,phases,ref     ] GC(22)         Cleared: 11
[2024-12-07T18:48:46.968+0800][2.895s][debug][gc,phases,ref     ] GC(22)       FinalReference:
[2024-12-07T18:48:46.968+0800][2.895s][debug][gc,phases,ref     ] GC(22)         Discovered: 0
[2024-12-07T18:48:46.968+0800][2.895s][debug][gc,phases,ref     ] GC(22)         Cleared: 0
[2024-12-07T18:48:46.968+0800][2.895s][debug][gc,phases,ref     ] GC(22)       PhantomReference:
[2024-12-07T18:48:46.968+0800][2.895s][debug][gc,phases,ref     ] GC(22)         Discovered: 4
[2024-12-07T18:48:46.968+0800][2.895s][debug][gc,phases,ref     ] GC(22)         Cleared: 4
[2024-12-07T18:48:46.968+0800][2.895s][debug][gc,phases         ] GC(22)     Weak Processing: 0.0ms
[2024-12-07T18:48:46.968+0800][2.896s][debug][gc,phases         ] GC(22)     Merge Per-Thread State: 0.0ms
[2024-12-07T18:48:46.968+0800][2.896s][debug][gc,phases         ] GC(22)     Code Roots Purge: 0.0ms
[2024-12-07T18:48:46.969+0800][2.896s][debug][gc,phases         ] GC(22)     Redirty Cards: 0.1ms
[2024-12-07T18:48:46.969+0800][2.896s][debug][gc,phases         ] GC(22)     DerivedPointerTable Update: 0.0ms
[2024-12-07T18:48:46.969+0800][2.896s][debug][gc,phases         ] GC(22)     Free Collection Set: 0.2ms
[2024-12-07T18:48:46.969+0800][2.896s][debug][gc,phases         ] GC(22)     Humongous Reclaim: 21.1ms
[2024-12-07T18:48:46.969+0800][2.896s][debug][gc,phases         ] GC(22)     Start New Collection Set: 0.0ms
[2024-12-07T18:48:46.969+0800][2.896s][debug][gc,phases         ] GC(22)     Resize TLABs: 0.0ms
[2024-12-07T18:48:46.969+0800][2.896s][debug][gc,phases         ] GC(22)     Expand Heap After Collection: 0.0ms
[2024-12-07T18:48:46.969+0800][2.896s][info ][gc,phases         ] GC(22)   Other: 2.0ms
[2024-12-07T18:48:46.969+0800][2.896s][info ][gc,heap           ] GC(22) Eden regions: 1->0(24)
[2024-12-07T18:48:46.969+0800][2.897s][info ][gc,heap           ] GC(22) Survivor regions: 1->1(4)
[2024-12-07T18:48:46.969+0800][2.897s][info ][gc,heap           ] GC(22) Old regions: 2->2
[2024-12-07T18:48:46.970+0800][2.897s][info ][gc,heap           ] GC(22) Humongous regions: 440->440
[2024-12-07T18:48:46.970+0800][2.897s][info ][gc,metaspace      ] GC(22) Metaspace: 554K(4864K)->554K(4864K) NonClass: 507K(4352K)->507K(4352K) Class: 46K(512K)->46K(512K)
[2024-12-07T18:48:46.970+0800][2.897s][debug][gc,heap           ] GC(22) Heap after GC invocations=23 (full 0): garbage-first heap   total 517120K, used 451749K [0x00000000e0000000, 0x0000000100000000)
[2024-12-07T18:48:46.970+0800][2.897s][debug][gc,heap           ] GC(22)   region size 1024K, 1 young (1024K), 1 survivors (1024K)
[2024-12-07T18:48:46.970+0800][2.897s][debug][gc,heap           ] GC(22)  Metaspace       used 554K, capacity 4570K, committed 4864K, reserved 1056768K
[2024-12-07T18:48:46.970+0800][2.897s][debug][gc,heap           ] GC(22)   class space    used 46K, capacity 419K, committed 512K, reserved 1048576K
[2024-12-07T18:48:46.970+0800][2.897s][info ][gc                ] GC(22) Pause Young (Concurrent Start) (G1 Humongous Allocation) 441M->441M(505M) 32.716ms
[2024-12-07T18:48:46.970+0800][2.897s][info ][gc,cpu            ] GC(22) User=0.01s Sys=0.00s Real=0.04s
[2024-12-07T18:48:46.970+0800][2.897s][info ][gc                ] GC(23) Concurrent Cycle
[2024-12-07T18:48:46.970+0800][2.898s][info ][gc,marking        ] GC(23) Concurrent Clear Claimed Marks
[2024-12-07T18:48:46.970+0800][2.898s][info ][gc,marking        ] GC(23) Concurrent Clear Claimed Marks 0.094ms
[2024-12-07T18:48:46.971+0800][2.898s][info ][gc,marking        ] GC(23) Concurrent Scan Root Regions
[2024-12-07T18:48:46.971+0800][2.898s][debug][gc,ergo           ] GC(23) Running G1 Root Region Scan using 1 workers for 1 work units.
[2024-12-07T18:48:46.971+0800][2.898s][info ][gc,marking        ] GC(23) Concurrent Scan Root Regions 0.487ms
[2024-12-07T18:48:46.971+0800][2.898s][info ][gc,marking        ] GC(23) Concurrent Mark (2.898s)
[2024-12-07T18:48:46.971+0800][2.898s][info ][gc,marking        ] GC(23) Concurrent Mark From Roots
[2024-12-07T18:48:46.971+0800][2.899s][info ][gc,task           ] GC(23) Using 5 workers of 5 for marking
[2024-12-07T18:48:46.972+0800][2.899s][debug][gc,stats          ] ---------------------------------------------------------------------
[2024-12-07T18:48:46.972+0800][2.899s][debug][gc,stats          ] Marking Stats, task = 0, calls = 36
[2024-12-07T18:48:46.972+0800][2.899s][debug][gc,stats          ]   Elapsed time = 0.46ms, Termination time = 0.00ms
[2024-12-07T18:48:46.972+0800][2.899s][debug][gc,stats          ]   Step Times (cum): num = 1139, avg = 0.01ms, sd = 0.17ms max = 3.25ms, total = 12.82ms
[2024-12-07T18:48:46.972+0800][2.900s][debug][gc,stats          ]   Mark Stats Cache: hits 3206 misses 221 ratio 93.551
[2024-12-07T18:48:46.972+0800][2.900s][debug][gc,stats          ] ---------------------------------------------------------------------
[2024-12-07T18:48:46.973+0800][2.900s][debug][gc,stats          ] Marking Stats, task = 1, calls = 33
[2024-12-07T18:48:46.973+0800][2.900s][debug][gc,stats          ]   Elapsed time = 0.44ms, Termination time = 0.00ms
[2024-12-07T18:48:46.973+0800][2.900s][debug][gc,stats          ]   Step Times (cum): num = 342, avg = 0.04ms, sd = 0.31ms max = 3.25ms, total = 12.98ms
[2024-12-07T18:48:46.973+0800][2.900s][debug][gc,stats          ]   Mark Stats Cache: hits 1861 misses 2 ratio 99.893
[2024-12-07T18:48:46.973+0800][2.900s][debug][gc,stats          ] ---------------------------------------------------------------------
[2024-12-07T18:48:46.973+0800][2.900s][debug][gc,stats          ] Marking Stats, task = 2, calls = 39
[2024-12-07T18:48:46.973+0800][2.900s][debug][gc,stats          ]   Elapsed time = 0.44ms, Termination time = 0.00ms
[2024-12-07T18:48:46.973+0800][2.900s][debug][gc,stats          ]   Step Times (cum): num = 419, avg = 0.03ms, sd = 0.28ms max = 3.25ms, total = 12.87ms
[2024-12-07T18:48:46.973+0800][2.900s][debug][gc,stats          ]   Mark Stats Cache: hits 548 misses 2 ratio 99.636
[2024-12-07T18:48:46.973+0800][2.901s][debug][gc,stats          ] ---------------------------------------------------------------------
[2024-12-07T18:48:46.973+0800][2.901s][debug][gc,stats          ] Marking Stats, task = 3, calls = 33
[2024-12-07T18:48:46.973+0800][2.901s][debug][gc,stats          ]   Elapsed time = 0.43ms, Termination time = 0.00ms
[2024-12-07T18:48:46.974+0800][2.901s][debug][gc,stats          ]   Step Times (cum): num = 387, avg = 0.03ms, sd = 0.29ms max = 3.25ms, total = 12.75ms
[2024-12-07T18:48:46.974+0800][2.901s][debug][gc,stats          ]   Mark Stats Cache: hits 587 misses 2 ratio 99.660
[2024-12-07T18:48:46.974+0800][2.901s][debug][gc,stats          ] ---------------------------------------------------------------------
[2024-12-07T18:48:46.974+0800][2.901s][debug][gc,stats          ] Marking Stats, task = 4, calls = 1
[2024-12-07T18:48:46.974+0800][2.901s][debug][gc,stats          ]   Elapsed time = 0.42ms, Termination time = 0.00ms
[2024-12-07T18:48:46.974+0800][2.901s][debug][gc,stats          ]   Step Times (cum): num = 297, avg = 0.04ms, sd = 0.33ms max = 3.25ms, total = 12.81ms
[2024-12-07T18:48:46.974+0800][2.901s][debug][gc,stats          ]   Mark Stats Cache: hits 4282 misses 2 ratio 99.953
[2024-12-07T18:48:46.974+0800][2.901s][debug][gc,stats          ] ---------------------------------------------------------------------
[2024-12-07T18:48:46.974+0800][2.902s][info ][gc,marking        ] GC(23) Concurrent Mark From Roots 3.071ms
[2024-12-07T18:48:46.974+0800][2.902s][info ][gc,marking        ] GC(23) Concurrent Preclean
[2024-12-07T18:48:46.974+0800][2.902s][debug][gc,ref,start      ] GC(23) Preclean SoftReferences
[2024-12-07T18:48:46.975+0800][2.902s][debug][gc,ref            ] GC(23) Preclean SoftReferences 0.105ms
[2024-12-07T18:48:46.975+0800][2.902s][debug][gc,ref,start      ] GC(23) Preclean WeakReferences
[2024-12-07T18:48:46.975+0800][2.902s][debug][gc,ref            ] GC(23) Preclean WeakReferences 0.095ms
[2024-12-07T18:48:46.975+0800][2.902s][debug][gc,ref,start      ] GC(23) Preclean FinalReferences
[2024-12-07T18:48:46.975+0800][2.902s][debug][gc,ref            ] GC(23) Preclean FinalReferences 0.096ms
[2024-12-07T18:48:46.975+0800][2.902s][debug][gc,ref,start      ] GC(23) Preclean PhantomReferences
[2024-12-07T18:48:46.975+0800][2.902s][debug][gc,ref            ] GC(23) Preclean PhantomReferences 0.095ms
[2024-12-07T18:48:46.975+0800][2.902s][info ][gc,marking        ] GC(23) Concurrent Preclean 0.836ms
[2024-12-07T18:48:46.975+0800][2.903s][info ][gc,marking        ] GC(23) Concurrent Mark (2.898s, 2.903s) 4.167ms
[2024-12-07T18:48:46.976+0800][2.903s][info ][gc,start          ] GC(23) Pause Remark
[2024-12-07T18:48:46.976+0800][2.903s][debug][gc,phases,start   ] GC(23) Finalize Marking
[2024-12-07T18:48:46.977+0800][2.904s][debug][gc,stats          ] ---------------------------------------------------------------------
[2024-12-07T18:48:46.977+0800][2.904s][debug][gc,stats          ] Marking Stats, task = 0, calls = 109
[2024-12-07T18:48:46.977+0800][2.904s][debug][gc,stats          ]   Elapsed time = 0.90ms, Termination time = 0.82ms
[2024-12-07T18:48:46.977+0800][2.904s][debug][gc,stats          ]   Step Times (cum): num = 1212, avg = 0.01ms, sd = 0.17ms max = 3.25ms, total = 13.64ms
[2024-12-07T18:48:46.977+0800][2.904s][debug][gc,stats          ]   Mark Stats Cache: hits 3206 misses 221 ratio 93.551
[2024-12-07T18:48:46.977+0800][2.905s][debug][gc,stats          ] ---------------------------------------------------------------------
[2024-12-07T18:48:46.977+0800][2.905s][debug][gc,stats          ] Marking Stats, task = 1, calls = 34
[2024-12-07T18:48:46.978+0800][2.905s][debug][gc,stats          ]   Elapsed time = 0.90ms, Termination time = 0.81ms
[2024-12-07T18:48:46.978+0800][2.905s][debug][gc,stats          ]   Step Times (cum): num = 343, avg = 0.04ms, sd = 0.31ms max = 3.25ms, total = 13.80ms
[2024-12-07T18:48:46.978+0800][2.905s][debug][gc,stats          ]   Mark Stats Cache: hits 1861 misses 2 ratio 99.893
[2024-12-07T18:48:46.978+0800][2.905s][debug][gc,stats          ] ---------------------------------------------------------------------
[2024-12-07T18:48:46.978+0800][2.905s][debug][gc,stats          ] Marking Stats, task = 2, calls = 40
[2024-12-07T18:48:46.978+0800][2.905s][debug][gc,stats          ]   Elapsed time = 0.90ms, Termination time = 0.82ms
[2024-12-07T18:48:46.978+0800][2.905s][debug][gc,stats          ]   Step Times (cum): num = 420, avg = 0.03ms, sd = 0.28ms max = 3.25ms, total = 13.69ms
[2024-12-07T18:48:46.978+0800][2.906s][debug][gc,stats          ]   Mark Stats Cache: hits 548 misses 2 ratio 99.636
[2024-12-07T18:48:46.978+0800][2.906s][debug][gc,stats          ] ---------------------------------------------------------------------
[2024-12-07T18:48:46.979+0800][2.906s][debug][gc,stats          ] Marking Stats, task = 3, calls = 34
[2024-12-07T18:48:46.979+0800][2.906s][debug][gc,stats          ]   Elapsed time = 0.88ms, Termination time = 0.82ms
[2024-12-07T18:48:46.979+0800][2.906s][debug][gc,stats          ]   Step Times (cum): num = 388, avg = 0.03ms, sd = 0.29ms max = 3.25ms, total = 13.56ms
[2024-12-07T18:48:46.979+0800][2.906s][debug][gc,stats          ]   Mark Stats Cache: hits 587 misses 2 ratio 99.660
[2024-12-07T18:48:46.979+0800][2.906s][debug][gc,stats          ] ---------------------------------------------------------------------
[2024-12-07T18:48:46.979+0800][2.907s][debug][gc,stats          ] Marking Stats, task = 4, calls = 2
[2024-12-07T18:48:46.979+0800][2.907s][debug][gc,stats          ]   Elapsed time = 0.87ms, Termination time = 0.81ms
[2024-12-07T18:48:46.980+0800][2.907s][debug][gc,stats          ]   Step Times (cum): num = 298, avg = 0.05ms, sd = 0.33ms max = 3.25ms, total = 13.62ms
[2024-12-07T18:48:46.980+0800][2.907s][debug][gc,stats          ]   Mark Stats Cache: hits 4282 misses 2 ratio 99.953
[2024-12-07T18:48:46.980+0800][2.907s][debug][gc,stats          ] ---------------------------------------------------------------------
[2024-12-07T18:48:46.980+0800][2.907s][debug][gc,stats          ] Marking Stats, task = 5, calls = 1
[2024-12-07T18:48:46.980+0800][2.907s][debug][gc,stats          ]   Elapsed time = 0.88ms, Termination time = 0.41ms
[2024-12-07T18:48:46.980+0800][2.908s][debug][gc,stats          ]   Step Times (cum): num = 12, avg = 1.10ms, sd = 1.23ms max = 3.25ms, total = 13.14ms
[2024-12-07T18:48:46.980+0800][2.908s][debug][gc,stats          ]   Mark Stats Cache: hits 0 misses 0 ratio 0.000
[2024-12-07T18:48:46.981+0800][2.908s][debug][gc,stats          ] ---------------------------------------------------------------------
[2024-12-07T18:48:46.981+0800][2.908s][debug][gc,stats          ] Marking Stats, task = 6, calls = 1
[2024-12-07T18:48:46.981+0800][2.908s][debug][gc,stats          ]   Elapsed time = 0.86ms, Termination time = 0.41ms
[2024-12-07T18:48:46.981+0800][2.908s][debug][gc,stats          ]   Step Times (cum): num = 12, avg = 1.12ms, sd = 1.25ms max = 3.43ms, total = 13.48ms
[2024-12-07T18:48:46.981+0800][2.908s][debug][gc,stats          ]   Mark Stats Cache: hits 0 misses 0 ratio 0.000
[2024-12-07T18:48:46.981+0800][2.908s][debug][gc,stats          ] ---------------------------------------------------------------------
[2024-12-07T18:48:46.981+0800][2.908s][debug][gc,stats          ] Marking Stats, task = 7, calls = 1
[2024-12-07T18:48:46.981+0800][2.909s][debug][gc,stats          ]   Elapsed time = 0.89ms, Termination time = 0.77ms
[2024-12-07T18:48:46.981+0800][2.909s][debug][gc,stats          ]   Step Times (cum): num = 12, avg = 1.16ms, sd = 1.19ms max = 3.25ms, total = 13.92ms
[2024-12-07T18:48:46.981+0800][2.909s][debug][gc,stats          ]   Mark Stats Cache: hits 0 misses 0 ratio 0.000
[2024-12-07T18:48:46.982+0800][2.909s][debug][gc,stats          ] ---------------------------------------------------------------------
[2024-12-07T18:48:46.982+0800][2.909s][debug][gc,stats          ] Marking Stats, task = 8, calls = 1
[2024-12-07T18:48:46.982+0800][2.909s][debug][gc,stats          ]   Elapsed time = 0.89ms, Termination time = 0.57ms
[2024-12-07T18:48:46.982+0800][2.909s][debug][gc,stats          ]   Step Times (cum): num = 12, avg = 1.15ms, sd = 1.25ms max = 3.43ms, total = 13.78ms
[2024-12-07T18:48:46.982+0800][2.909s][debug][gc,stats          ]   Mark Stats Cache: hits 0 misses 0 ratio 0.000
[2024-12-07T18:48:46.982+0800][2.909s][debug][gc,stats          ] ---------------------------------------------------------------------
[2024-12-07T18:48:46.982+0800][2.909s][debug][gc,stats          ] Marking Stats, task = 9, calls = 1
[2024-12-07T18:48:46.982+0800][2.910s][debug][gc,stats          ]   Elapsed time = 0.86ms, Termination time = 0.75ms
[2024-12-07T18:48:46.982+0800][2.910s][debug][gc,stats          ]   Step Times (cum): num = 12, avg = 1.11ms, sd = 1.17ms max = 3.25ms, total = 13.31ms
[2024-12-07T18:48:46.983+0800][2.910s][debug][gc,stats          ]   Mark Stats Cache: hits 0 misses 0 ratio 0.000
[2024-12-07T18:48:46.983+0800][2.910s][debug][gc,stats          ] ---------------------------------------------------------------------
[2024-12-07T18:48:46.983+0800][2.910s][debug][gc,stats          ] Marking Stats, task = 10, calls = 1
[2024-12-07T18:48:46.983+0800][2.910s][debug][gc,stats          ]   Elapsed time = 0.86ms, Termination time = 0.41ms
[2024-12-07T18:48:46.983+0800][2.910s][debug][gc,stats          ]   Step Times (cum): num = 12, avg = 0.51ms, sd = 0.93ms max = 3.05ms, total = 6.17ms
[2024-12-07T18:48:46.983+0800][2.910s][debug][gc,stats          ]   Mark Stats Cache: hits 0 misses 0 ratio 0.000
[2024-12-07T18:48:46.983+0800][2.910s][debug][gc,stats          ] ---------------------------------------------------------------------
[2024-12-07T18:48:46.983+0800][2.910s][debug][gc,stats          ] Marking Stats, task = 11, calls = 1
[2024-12-07T18:48:46.983+0800][2.910s][debug][gc,stats          ]   Elapsed time = 0.00ms, Termination time = 0.00ms
[2024-12-07T18:48:46.983+0800][2.911s][debug][gc,stats          ]   Step Times (cum): num = 12, avg = 0.00ms, sd = 0.00ms max = 0.00ms, total = 0.00ms
[2024-12-07T18:48:46.983+0800][2.911s][debug][gc,stats          ]   Mark Stats Cache: hits 0 misses 0 ratio 0.000
[2024-12-07T18:48:46.984+0800][2.911s][debug][gc,stats          ] ---------------------------------------------------------------------
[2024-12-07T18:48:46.984+0800][2.911s][debug][gc,phases         ] GC(23) Finalize Marking 7.964ms
[2024-12-07T18:48:46.984+0800][2.911s][debug][gc,phases,start   ] GC(23) Reference Processing
[2024-12-07T18:48:46.984+0800][2.911s][debug][gc,ref            ] GC(23) Skipped phase1 of Reference Processing due to unavailable references
[2024-12-07T18:48:46.984+0800][2.911s][debug][gc,ref            ] GC(23) Skipped phase2 of Reference Processing due to unavailable references
[2024-12-07T18:48:46.984+0800][2.911s][debug][gc,ref            ] GC(23) Skipped phase3 of Reference Processing due to unavailable references
[2024-12-07T18:48:46.984+0800][2.911s][debug][gc,ref            ] GC(23) Skipped phase4 of Reference Processing due to unavailable references
[2024-12-07T18:48:46.984+0800][2.911s][debug][gc,phases,ref     ] GC(23) Reference Processing: 0.4ms
[2024-12-07T18:48:46.984+0800][2.911s][debug][gc,phases,ref     ] GC(23)   Reconsider SoftReferences: 0.1ms
[2024-12-07T18:48:46.984+0800][2.912s][debug][gc,phases,ref     ] GC(23)     SoftRef (ms):             skipped
[2024-12-07T18:48:46.984+0800][2.912s][debug][gc,phases,ref     ] GC(23)   Notify Soft/WeakReferences: 0.1ms
[2024-12-07T18:48:46.984+0800][2.912s][debug][gc,phases,ref     ] GC(23)     SoftRef (ms):             skipped
[2024-12-07T18:48:46.985+0800][2.912s][debug][gc,phases,ref     ] GC(23)     WeakRef (ms):             skipped
[2024-12-07T18:48:46.985+0800][2.912s][debug][gc,phases,ref     ] GC(23)     FinalRef (ms):            skipped
[2024-12-07T18:48:46.985+0800][2.912s][debug][gc,phases,ref     ] GC(23)     Total (ms):               skipped
[2024-12-07T18:48:46.985+0800][2.912s][debug][gc,phases,ref     ] GC(23)   Notify and keep alive finalizable: 0.1ms
[2024-12-07T18:48:46.985+0800][2.912s][debug][gc,phases,ref     ] GC(23)     FinalRef (ms):            skipped
[2024-12-07T18:48:46.985+0800][2.912s][debug][gc,phases,ref     ] GC(23)   Notify PhantomReferences: 0.1ms
[2024-12-07T18:48:46.985+0800][2.912s][debug][gc,phases,ref     ] GC(23)     PhantomRef (ms):          skipped
[2024-12-07T18:48:46.985+0800][2.912s][debug][gc,phases,ref     ] GC(23)   SoftReference:
[2024-12-07T18:48:46.985+0800][2.913s][debug][gc,phases,ref     ] GC(23)     Discovered: 0
[2024-12-07T18:48:46.985+0800][2.913s][debug][gc,phases,ref     ] GC(23)     Cleared: 0
[2024-12-07T18:48:46.985+0800][2.913s][debug][gc,phases,ref     ] GC(23)   WeakReference:
[2024-12-07T18:48:46.986+0800][2.913s][debug][gc,phases,ref     ] GC(23)     Discovered: 0
[2024-12-07T18:48:46.986+0800][2.913s][debug][gc,phases,ref     ] GC(23)     Cleared: 0
[2024-12-07T18:48:46.986+0800][2.913s][debug][gc,phases,ref     ] GC(23)   FinalReference:
[2024-12-07T18:48:46.986+0800][2.913s][debug][gc,phases,ref     ] GC(23)     Discovered: 0
[2024-12-07T18:48:46.986+0800][2.913s][debug][gc,phases,ref     ] GC(23)     Cleared: 0
[2024-12-07T18:48:46.986+0800][2.913s][debug][gc,phases,ref     ] GC(23)   PhantomReference:
[2024-12-07T18:48:46.986+0800][2.913s][debug][gc,phases,ref     ] GC(23)     Discovered: 0
[2024-12-07T18:48:46.986+0800][2.913s][debug][gc,phases,ref     ] GC(23)     Cleared: 0
[2024-12-07T18:48:46.986+0800][2.914s][debug][gc,phases         ] GC(23) Reference Processing 2.602ms
[2024-12-07T18:48:46.986+0800][2.914s][debug][gc,phases,start   ] GC(23) Weak Processing
[2024-12-07T18:48:46.986+0800][2.914s][debug][gc,phases         ] GC(23) Weak Processing 0.089ms
[2024-12-07T18:48:46.987+0800][2.914s][debug][gc,phases,start   ] GC(23) Class Unloading
[2024-12-07T18:48:46.987+0800][2.914s][debug][gc,phases,start   ] GC(23) ClassLoaderData
[2024-12-07T18:48:46.987+0800][2.914s][debug][gc,phases         ] GC(23) ClassLoaderData 0.094ms
[2024-12-07T18:48:46.987+0800][2.914s][debug][gc,phases,start   ] GC(23) ProtectionDomainCacheTable
[2024-12-07T18:48:46.987+0800][2.914s][debug][gc,phases         ] GC(23) ProtectionDomainCacheTable 0.094ms
[2024-12-07T18:48:46.987+0800][2.914s][info ][gc,stringtable    ] GC(23) Cleaned string and symbol table, strings: 39 processed, 0 removed, symbols: 191 processed, 0 removed
[2024-12-07T18:48:46.987+0800][2.915s][debug][gc,phases         ] GC(23) Class Unloading 0.833ms
[2024-12-07T18:48:46.987+0800][2.915s][debug][gc,phases,start   ] GC(23) Flush Task Caches
[2024-12-07T18:48:46.988+0800][2.915s][debug][gc,stats          ] Mark stats cache hits 10484 misses 229 ratio 97.862
[2024-12-07T18:48:46.988+0800][2.915s][debug][gc,phases         ] GC(23) Flush Task Caches 0.197ms
[2024-12-07T18:48:46.988+0800][2.915s][debug][gc,phases,start   ] GC(23) Update Remembered Set Tracking Before Rebuild
[2024-12-07T18:48:46.988+0800][2.915s][debug][gc,ergo           ] GC(23) Running G1 Update RemSet Tracking Before Rebuild using 2 workers for 505 regions in heap
[2024-12-07T18:48:46.988+0800][2.915s][debug][gc,remset,tracking] GC(23) Remembered Set Tracking update regions total 505, selected 0
[2024-12-07T18:48:46.988+0800][2.915s][debug][gc,phases         ] GC(23) Update Remembered Set Tracking Before Rebuild 0.311ms
[2024-12-07T18:48:46.988+0800][2.915s][debug][gc,phases,start   ] GC(23) Reclaim Empty Regions
[2024-12-07T18:48:46.988+0800][2.916s][debug][gc,phases         ] GC(23) Reclaim Empty Regions 0.172ms
[2024-12-07T18:48:46.988+0800][2.916s][debug][gc,phases,start   ] GC(23) Purge Metaspace
[2024-12-07T18:48:46.989+0800][2.916s][debug][gc,phases         ] GC(23) Purge Metaspace 0.099ms
[2024-12-07T18:48:46.989+0800][2.916s][debug][gc,phases,start   ] GC(23) Report Object Count
[2024-12-07T18:48:46.989+0800][2.916s][debug][gc,phases         ] GC(23) Report Object Count 0.087ms
[2024-12-07T18:48:46.989+0800][2.916s][info ][gc                ] GC(23) Pause Remark 461M->461M(505M) 13.240ms
[2024-12-07T18:48:46.989+0800][2.916s][info ][gc,cpu            ] GC(23) User=0.01s Sys=0.00s Real=0.01s
[2024-12-07T18:48:46.989+0800][2.916s][info ][gc,marking        ] GC(23) Concurrent Rebuild Remembered Sets
[2024-12-07T18:48:46.989+0800][2.917s][info ][gc,marking        ] GC(23) Concurrent Rebuild Remembered Sets 0.309ms
[2024-12-07T18:48:46.990+0800][2.917s][info ][gc,start          ] GC(23) Pause Cleanup
[2024-12-07T18:48:46.990+0800][2.917s][debug][gc,phases,start   ] GC(23) Update Remembered Set Tracking After Rebuild
[2024-12-07T18:48:46.990+0800][2.917s][debug][gc,phases         ] GC(23) Update Remembered Set Tracking After Rebuild 0.100ms
[2024-12-07T18:48:46.990+0800][2.917s][debug][gc,phases,start   ] GC(23) Finalize Concurrent Mark Cleanup
[2024-12-07T18:48:46.990+0800][2.917s][debug][gc,ergo           ] GC(23) request young-only gcs (candidate old regions not available)
[2024-12-07T18:48:46.990+0800][2.917s][debug][gc,phases         ] GC(23) Finalize Concurrent Mark Cleanup 0.301ms
[2024-12-07T18:48:46.990+0800][2.917s][info ][gc                ] GC(23) Pause Cleanup 461M->461M(505M) 0.708ms
[2024-12-07T18:48:46.990+0800][2.918s][info ][gc,cpu            ] GC(23) User=0.00s Sys=0.00s Real=0.00s
[2024-12-07T18:48:46.990+0800][2.918s][info ][gc,marking        ] GC(23) Concurrent Cleanup for Next Mark
[2024-12-07T18:48:46.991+0800][2.918s][debug][gc,ergo           ] GC(23) Running G1 Clear Bitmap with 5 workers for 8 work units.
[2024-12-07T18:48:46.991+0800][2.918s][info ][gc,marking        ] GC(23) Concurrent Cleanup for Next Mark 0.329ms
[2024-12-07T18:48:46.991+0800][2.918s][info ][gc                ] GC(23) Concurrent Cycle 20.593ms
[2024-12-07T18:48:47.078+0800][3.005s][debug][gc,ergo,ihop      ] Request concurrent cycle initiation (occupancy higher than threshold) occupancy: 484442112B allocation request: 1048592B threshold: 238288896B (45.00) source: concurrent humongous allocation
[2024-12-07T18:48:47.079+0800][3.006s][debug][gc,ergo           ] Request concurrent cycle initiation (requested by GC cause). GC cause: G1 Humongous Allocation
[2024-12-07T18:48:47.079+0800][3.006s][debug][gc,heap           ] GC(24) Heap before GC invocations=24 (full 0): garbage-first heap   total 517120K, used 472229K [0x00000000e0000000, 0x0000000100000000)
[2024-12-07T18:48:47.079+0800][3.006s][debug][gc,heap           ] GC(24)   region size 1024K, 2 young (2048K), 1 survivors (1024K)
[2024-12-07T18:48:47.080+0800][3.007s][debug][gc,heap           ] GC(24)  Metaspace       used 554K, capacity 4570K, committed 4864K, reserved 1056768K
[2024-12-07T18:48:47.080+0800][3.007s][debug][gc,heap           ] GC(24)   class space    used 46K, capacity 419K, committed 512K, reserved 1048576K
[2024-12-07T18:48:47.080+0800][3.007s][debug][gc,ergo           ] GC(24) Initiate concurrent cycle (concurrent cycle initiation requested)
[2024-12-07T18:48:47.080+0800][3.008s][info ][gc,start          ] GC(24) Pause Young (Concurrent Start) (G1 Humongous Allocation)
[2024-12-07T18:48:47.080+0800][3.008s][info ][gc,task           ] GC(24) Using 12 workers of 18 for evacuation
[2024-12-07T18:48:47.081+0800][3.008s][debug][gc,tlab           ] GC(24) TLAB totals: thrds: 1  refills: 1 max: 1 slow allocs: 1 max 1 waste: 100.0% gc: 503192B max: 503192B slow: 0B max: 0B fast: 0B max: 0B
[2024-12-07T18:48:47.081+0800][3.008s][debug][gc,alloc,region   ] GC(24) Mutator Allocation stats, regions: 1, wasted size: 0B ( 0.0%)
[2024-12-07T18:48:47.081+0800][3.008s][debug][gc,age            ] GC(24) Desired survivor size 2097152 bytes, new threshold 15 (max threshold 15)
[2024-12-07T18:48:47.081+0800][3.008s][debug][gc,ergo,cset      ] GC(24) Finish choosing CSet. old: 0 regions, predicted old region time: 0.00ms, time remaining: 128.55
[2024-12-07T18:48:47.081+0800][3.008s][debug][gc,task,stats     ] GC(24) GC Termination Stats
[2024-12-07T18:48:47.081+0800][3.008s][debug][gc,task,stats     ] GC(24)      elapsed  --strong roots-- -------termination------- ------waste (KiB)------
[2024-12-07T18:48:47.081+0800][3.009s][debug][gc,task,stats     ] GC(24) thr     ms        ms      %        ms      %    attempts  total   alloc    undo
[2024-12-07T18:48:47.081+0800][3.009s][debug][gc,task,stats     ] GC(24) --- --------- --------- ------ --------- ------ -------- ------- ------- -------
[2024-12-07T18:48:47.087+0800][3.014s][debug][gc,task,stats     ] GC(24)  11      4.93      4.92  99.86      0.00   0.01        1       0       0       0
[2024-12-07T18:48:47.087+0800][3.015s][debug][gc,task,stats     ] GC(24)   2      5.69      1.73  30.51      3.75  66.04        1       0       0       0
[2024-12-07T18:48:47.088+0800][3.015s][debug][gc,task,stats     ] GC(24)   3      6.01      1.55  25.85      3.79  63.02        1       0       0       0
[2024-12-07T18:48:47.088+0800][3.015s][debug][gc,task,stats     ] GC(24)   9      6.37      4.71  73.95      0.57   8.88        1       0       0       0
[2024-12-07T18:48:47.088+0800][3.016s][debug][gc,task,stats     ] GC(24)   1      6.79      1.39  20.50      3.89  57.23        1       0       0       0
[2024-12-07T18:48:47.089+0800][3.016s][debug][gc,task,stats     ] GC(24)   8      7.04      2.38  33.76      2.82  40.00        1       0       0       0
[2024-12-07T18:48:47.089+0800][3.016s][debug][gc,task,stats     ] GC(24)   5      7.38      2.15  29.07      3.02  40.94        1       0       0       0
[2024-12-07T18:48:47.089+0800][3.016s][debug][gc,task,stats     ] GC(24)   4      7.53      1.24  16.42      3.76  49.98        1       0       0       0
[2024-12-07T18:48:47.089+0800][3.017s][debug][gc,task,stats     ] GC(24)   6      7.61      1.20  15.80      3.76  49.44        1       0       0       0
[2024-12-07T18:48:47.089+0800][3.017s][debug][gc,task,stats     ] GC(24)   7      7.69      4.50  58.56      0.52   6.82        1       0       0       0
[2024-12-07T18:48:47.089+0800][3.017s][debug][gc,task,stats     ] GC(24)  10      7.76      4.84  62.44      0.11   1.48        1       0       0       0
[2024-12-07T18:48:47.090+0800][3.017s][debug][gc,task,stats     ] GC(24)   0      7.96      1.51  18.95      3.56  44.78        1       1       1       0
[2024-12-07T18:48:47.090+0800][3.017s][debug][gc,ergo           ] GC(24) Running G1 Clear Card Table Task using 1 workers for 1 units of work for 3 regions.
[2024-12-07T18:48:47.090+0800][3.017s][debug][gc,ref            ] GC(24) Skipped phase1 of Reference Processing due to unavailable references
[2024-12-07T18:48:47.090+0800][3.017s][debug][gc,ref            ] GC(24) Skipped phase3 of Reference Processing due to unavailable references
[2024-12-07T18:48:47.090+0800][3.017s][debug][gc,ergo           ] GC(24) Running G1 Free Collection Set using 1 workers for collection set length 2
[2024-12-07T18:48:47.090+0800][3.017s][debug][gc,humongous      ] GC(24) Live humongous region 0 object size 1048592 start 0x00000000e0000000  with remset 0 code roots 0 is marked 0 reclaim candidate 0 type array 1
[2024-12-07T18:48:47.090+0800][3.017s][debug][gc,humongous      ] GC(24) Live humongous region 2 object size 1048592 start 0x00000000e0200000  with remset 0 code roots 0 is marked 0 reclaim candidate 0 type array 1
[2024-12-07T18:48:47.090+0800][3.017s][debug][gc,humongous      ] GC(24) Live humongous region 4 object size 1048592 start 0x00000000e0400000  with remset 0 code roots 0 is marked 0 reclaim candidate 0 type array 1
[2024-12-07T18:48:47.090+0800][3.018s][debug][gc,humongous      ] GC(24) Live humongous region 6 object size 1048592 start 0x00000000e0600000  with remset 0 code roots 0 is marked 0 reclaim candidate 0 type array 1
[2024-12-07T18:48:47.090+0800][3.018s][debug][gc,humongous      ] GC(24) Live humongous region 8 object size 1048592 start 0x00000000e0800000  with remset 0 code roots 0 is marked 0 reclaim candidate 0 type array 1
[2024-12-07T18:48:47.090+0800][3.018s][debug][gc,humongous      ] GC(24) Live humongous region 10 object size 1048592 start 0x00000000e0a00000  with remset 0 code roots 0 is marked 0 reclaim candidate 0 type array 1
[2024-12-07T18:48:47.091+0800][3.018s][debug][gc,humongous      ] GC(24) Live humongous region 12 object size 1048592 start 0x00000000e0c00000  with remset 0 code roots 0 is marked 0 reclaim candidate 0 type array 1
[2024-12-07T18:48:47.091+0800][3.018s][debug][gc,humongous      ] GC(24) Live humongous region 14 object size 1048592 start 0x00000000e0e00000  with remset 0 code roots 0 is marked 0 reclaim candidate 0 type array 1
[2024-12-07T18:48:47.091+0800][3.018s][debug][gc,humongous      ] GC(24) Live humongous region 16 object size 1048592 start 0x00000000e1000000  with remset 0 code roots 0 is marked 0 reclaim candidate 0 type array 1
[2024-12-07T18:48:47.091+0800][3.018s][debug][gc,humongous      ] GC(24) Live humongous region 18 object size 1048592 start 0x00000000e1200000  with remset 0 code roots 0 is marked 0 reclaim candidate 0 type array 1
[2024-12-07T18:48:47.091+0800][3.018s][debug][gc,humongous      ] GC(24) Live humongous region 20 object size 1048592 start 0x00000000e1400000  with remset 0 code roots 0 is marked 0 reclaim candidate 0 type array 1
[2024-12-07T18:48:47.091+0800][3.018s][debug][gc,humongous      ] GC(24) Live humongous region 22 object size 1048592 start 0x00000000e1600000  with remset 0 code roots 0 is marked 0 reclaim candidate 0 type array 1
[2024-12-07T18:48:47.091+0800][3.018s][debug][gc,humongous      ] GC(24) Live humongous region 24 object size 1048592 start 0x00000000e1800000  with remset 0 code roots 0 is marked 0 reclaim candidate 0 type array 1
[2024-12-07T18:48:47.091+0800][3.018s][debug][gc,humongous      ] GC(24) Live humongous region 26 object size 1048592 start 0x00000000e1a00000  with remset 0 code roots 0 is marked 0 reclaim candidate 0 type array 1
[2024-12-07T18:48:47.091+0800][3.018s][debug][gc,humongous      ] GC(24) Live humongous region 28 object size 1048592 start 0x00000000e1c00000  with remset 0 code roots 0 is marked 0 reclaim candidate 0 type array 1
[2024-12-07T18:48:47.091+0800][3.018s][debug][gc,humongous      ] GC(24) Live humongous region 30 object size 1048592 start 0x00000000e1e00000  with remset 0 code roots 0 is marked 0 reclaim candidate 0 type array 1
[2024-12-07T18:48:47.091+0800][3.018s][debug][gc,humongous      ] GC(24) Live humongous region 32 object size 1048592 start 0x00000000e2000000  with remset 0 code roots 0 is marked 0 reclaim candidate 0 type array 1
[2024-12-07T18:48:47.091+0800][3.018s][debug][gc,humongous      ] GC(24) Live humongous region 34 object size 1048592 start 0x00000000e2200000  with remset 0 code roots 0 is marked 0 reclaim candidate 0 type array 1
[2024-12-07T18:48:47.091+0800][3.019s][debug][gc,humongous      ] GC(24) Live humongous region 36 object size 1048592 start 0x00000000e2400000  with remset 0 code roots 0 is marked 0 reclaim candidate 0 type array 1
[2024-12-07T18:48:47.091+0800][3.019s][debug][gc,humongous      ] GC(24) Live humongous region 38 object size 1048592 start 0x00000000e2600000  with remset 0 code roots 0 is marked 0 reclaim candidate 0 type array 1
[2024-12-07T18:48:47.091+0800][3.019s][debug][gc,humongous      ] GC(24) Live humongous region 40 object size 1048592 start 0x00000000e2800000  with remset 0 code roots 0 is marked 0 reclaim candidate 0 type array 1
[2024-12-07T18:48:47.091+0800][3.019s][debug][gc,humongous      ] GC(24) Live humongous region 42 object size 1048592 start 0x00000000e2a00000  with remset 0 code roots 0 is marked 0 reclaim candidate 0 type array 1
[2024-12-07T18:48:47.092+0800][3.019s][debug][gc,humongous      ] GC(24) Live humongous region 44 object size 1048592 start 0x00000000e2c00000  with remset 0 code roots 0 is marked 0 reclaim candidate 0 type array 1
[2024-12-07T18:48:47.092+0800][3.019s][debug][gc,humongous      ] GC(24) Live humongous region 46 object size 1048592 start 0x00000000e2e00000  with remset 0 code roots 0 is marked 0 reclaim candidate 0 type array 1
[2024-12-07T18:48:47.092+0800][3.019s][debug][gc,humongous      ] GC(24) Live humongous region 48 object size 1048592 start 0x00000000e3000000  with remset 0 code roots 0 is marked 0 reclaim candidate 0 type array 1
[2024-12-07T18:48:47.092+0800][3.019s][debug][gc,humongous      ] GC(24) Live humongous region 50 object size 1048592 start 0x00000000e3200000  with remset 0 code roots 0 is marked 0 reclaim candidate 0 type array 1
[2024-12-07T18:48:47.092+0800][3.019s][debug][gc,humongous      ] GC(24) Live humongous region 52 object size 1048592 start 0x00000000e3400000  with remset 0 code roots 0 is marked 0 reclaim candidate 0 type array 1
[2024-12-07T18:48:47.092+0800][3.019s][debug][gc,humongous      ] GC(24) Live humongous region 54 object size 1048592 start 0x00000000e3600000  with remset 0 code roots 0 is marked 0 reclaim candidate 0 type array 1
[2024-12-07T18:48:47.092+0800][3.019s][debug][gc,humongous      ] GC(24) Live humongous region 56 object size 1048592 start 0x00000000e3800000  with remset 0 code roots 0 is marked 0 reclaim candidate 0 type array 1
[2024-12-07T18:48:47.092+0800][3.019s][debug][gc,humongous      ] GC(24) Live humongous region 58 object size 1048592 start 0x00000000e3a00000  with remset 0 code roots 0 is marked 0 reclaim candidate 0 type array 1
[2024-12-07T18:48:47.092+0800][3.019s][debug][gc,humongous      ] GC(24) Live humongous region 60 object size 1048592 start 0x00000000e3c00000  with remset 0 code roots 0 is marked 0 reclaim candidate 0 type array 1
[2024-12-07T18:48:47.092+0800][3.019s][debug][gc,humongous      ] GC(24) Live humongous region 62 object size 1048592 start 0x00000000e3e00000  with remset 0 code roots 0 is marked 0 reclaim candidate 0 type array 1
[2024-12-07T18:48:47.092+0800][3.019s][debug][gc,humongous      ] GC(24) Live humongous region 64 object size 1048592 start 0x00000000e4000000  with remset 0 code roots 0 is marked 0 reclaim candidate 0 type array 1
[2024-12-07T18:48:47.092+0800][3.019s][debug][gc,humongous      ] GC(24) Live humongous region 66 object size 1048592 start 0x00000000e4200000  with remset 0 code roots 0 is marked 0 reclaim candidate 0 type array 1
[2024-12-07T18:48:47.092+0800][3.020s][debug][gc,humongous      ] GC(24) Live humongous region 68 object size 1048592 start 0x00000000e4400000  with remset 0 code roots 0 is marked 0 reclaim candidate 0 type array 1
[2024-12-07T18:48:47.092+0800][3.020s][debug][gc,humongous      ] GC(24) Live humongous region 70 object size 1048592 start 0x00000000e4600000  with remset 0 code roots 0 is marked 0 reclaim candidate 0 type array 1
[2024-12-07T18:48:47.092+0800][3.020s][debug][gc,humongous      ] GC(24) Live humongous region 72 object size 1048592 start 0x00000000e4800000  with remset 0 code roots 0 is marked 0 reclaim candidate 0 type array 1
[2024-12-07T18:48:47.093+0800][3.020s][debug][gc,humongous      ] GC(24) Live humongous region 74 object size 1048592 start 0x00000000e4a00000  with remset 0 code roots 0 is marked 0 reclaim candidate 0 type array 1
[2024-12-07T18:48:47.093+0800][3.020s][debug][gc,humongous      ] GC(24) Live humongous region 76 object size 1048592 start 0x00000000e4c00000  with remset 0 code roots 0 is marked 0 reclaim candidate 0 type array 1
[2024-12-07T18:48:47.093+0800][3.020s][debug][gc,humongous      ] GC(24) Live humongous region 78 object size 1048592 start 0x00000000e4e00000  with remset 0 code roots 0 is marked 0 reclaim candidate 0 type array 1
[2024-12-07T18:48:47.093+0800][3.020s][debug][gc,humongous      ] GC(24) Live humongous region 80 object size 1048592 start 0x00000000e5000000  with remset 0 code roots 0 is marked 0 reclaim candidate 0 type array 1
[2024-12-07T18:48:47.093+0800][3.020s][debug][gc,humongous      ] GC(24) Live humongous region 82 object size 1048592 start 0x00000000e5200000  with remset 0 code roots 0 is marked 0 reclaim candidate 0 type array 1
[2024-12-07T18:48:47.093+0800][3.020s][debug][gc,humongous      ] GC(24) Live humongous region 84 object size 1048592 start 0x00000000e5400000  with remset 0 code roots 0 is marked 0 reclaim candidate 0 type array 1
[2024-12-07T18:48:47.093+0800][3.020s][debug][gc,humongous      ] GC(24) Live humongous region 86 object size 1048592 start 0x00000000e5600000  with remset 0 code roots 0 is marked 0 reclaim candidate 0 type array 1
[2024-12-07T18:48:47.093+0800][3.020s][debug][gc,humongous      ] GC(24) Live humongous region 88 object size 1048592 start 0x00000000e5800000  with remset 0 code roots 0 is marked 0 reclaim candidate 0 type array 1
[2024-12-07T18:48:47.093+0800][3.020s][debug][gc,humongous      ] GC(24) Live humongous region 90 object size 1048592 start 0x00000000e5a00000  with remset 0 code roots 0 is marked 0 reclaim candidate 0 type array 1
[2024-12-07T18:48:47.093+0800][3.020s][debug][gc,humongous      ] GC(24) Live humongous region 92 object size 1048592 start 0x00000000e5c00000  with remset 0 code roots 0 is marked 0 reclaim candidate 0 type array 1
[2024-12-07T18:48:47.093+0800][3.020s][debug][gc,humongous      ] GC(24) Live humongous region 94 object size 1048592 start 0x00000000e5e00000  with remset 0 code roots 0 is marked 0 reclaim candidate 0 type array 1
[2024-12-07T18:48:47.093+0800][3.020s][debug][gc,humongous      ] GC(24) Live humongous region 96 object size 1048592 start 0x00000000e6000000  with remset 0 code roots 0 is marked 0 reclaim candidate 0 type array 1
[2024-12-07T18:48:47.093+0800][3.021s][debug][gc,humongous      ] GC(24) Live humongous region 98 object size 1048592 start 0x00000000e6200000  with remset 0 code roots 0 is marked 0 reclaim candidate 0 type array 1
[2024-12-07T18:48:47.093+0800][3.021s][debug][gc,humongous      ] GC(24) Live humongous region 100 object size 1048592 start 0x00000000e6400000  with remset 0 code roots 0 is marked 0 reclaim candidate 0 type array 1
[2024-12-07T18:48:47.093+0800][3.021s][debug][gc,humongous      ] GC(24) Live humongous region 102 object size 1048592 start 0x00000000e6600000  with remset 0 code roots 0 is marked 0 reclaim candidate 0 type array 1
[2024-12-07T18:48:47.094+0800][3.021s][debug][gc,humongous      ] GC(24) Live humongous region 104 object size 1048592 start 0x00000000e6800000  with remset 0 code roots 0 is marked 0 reclaim candidate 0 type array 1
[2024-12-07T18:48:47.094+0800][3.021s][debug][gc,humongous      ] GC(24) Live humongous region 106 object size 1048592 start 0x00000000e6a00000  with remset 0 code roots 0 is marked 0 reclaim candidate 0 type array 1
[2024-12-07T18:48:47.094+0800][3.021s][debug][gc,humongous      ] GC(24) Live humongous region 108 object size 1048592 start 0x00000000e6c00000  with remset 0 code roots 0 is marked 0 reclaim candidate 0 type array 1
[2024-12-07T18:48:47.094+0800][3.021s][debug][gc,humongous      ] GC(24) Live humongous region 110 object size 1048592 start 0x00000000e6e00000  with remset 0 code roots 0 is marked 0 reclaim candidate 0 type array 1
[2024-12-07T18:48:47.094+0800][3.021s][debug][gc,humongous      ] GC(24) Live humongous region 112 object size 1048592 start 0x00000000e7000000  with remset 0 code roots 0 is marked 0 reclaim candidate 0 type array 1
[2024-12-07T18:48:47.094+0800][3.021s][debug][gc,humongous      ] GC(24) Live humongous region 114 object size 1048592 start 0x00000000e7200000  with remset 0 code roots 0 is marked 0 reclaim candidate 0 type array 1
[2024-12-07T18:48:47.094+0800][3.021s][debug][gc,humongous      ] GC(24) Live humongous region 116 object size 1048592 start 0x00000000e7400000  with remset 0 code roots 0 is marked 0 reclaim candidate 0 type array 1
[2024-12-07T18:48:47.094+0800][3.021s][debug][gc,humongous      ] GC(24) Live humongous region 118 object size 1048592 start 0x00000000e7600000  with remset 0 code roots 0 is marked 0 reclaim candidate 0 type array 1
[2024-12-07T18:48:47.094+0800][3.021s][debug][gc,humongous      ] GC(24) Live humongous region 120 object size 1048592 start 0x00000000e7800000  with remset 0 code roots 0 is marked 0 reclaim candidate 0 type array 1
[2024-12-07T18:48:47.094+0800][3.021s][debug][gc,humongous      ] GC(24) Live humongous region 122 object size 1048592 start 0x00000000e7a00000  with remset 0 code roots 0 is marked 0 reclaim candidate 0 type array 1
[2024-12-07T18:48:47.094+0800][3.021s][debug][gc,humongous      ] GC(24) Live humongous region 124 object size 1048592 start 0x00000000e7c00000  with remset 0 code roots 0 is marked 0 reclaim candidate 0 type array 1
[2024-12-07T18:48:47.094+0800][3.021s][debug][gc,humongous      ] GC(24) Live humongous region 126 object size 1048592 start 0x00000000e7e00000  with remset 0 code roots 0 is marked 0 reclaim candidate 0 type array 1
[2024-12-07T18:48:47.094+0800][3.022s][debug][gc,humongous      ] GC(24) Live humongous region 128 object size 1048592 start 0x00000000e8000000  with remset 0 code roots 0 is marked 0 reclaim candidate 0 type array 1
[2024-12-07T18:48:47.094+0800][3.022s][debug][gc,humongous      ] GC(24) Live humongous region 130 object size 1048592 start 0x00000000e8200000  with remset 0 code roots 0 is marked 0 reclaim candidate 0 type array 1
[2024-12-07T18:48:47.094+0800][3.022s][debug][gc,humongous      ] GC(24) Live humongous region 132 object size 1048592 start 0x00000000e8400000  with remset 0 code roots 0 is marked 0 reclaim candidate 0 type array 1
[2024-12-07T18:48:47.094+0800][3.022s][debug][gc,humongous      ] GC(24) Live humongous region 134 object size 1048592 start 0x00000000e8600000  with remset 0 code roots 0 is marked 0 reclaim candidate 0 type array 1
[2024-12-07T18:48:47.095+0800][3.022s][debug][gc,humongous      ] GC(24) Live humongous region 136 object size 1048592 start 0x00000000e8800000  with remset 0 code roots 0 is marked 0 reclaim candidate 0 type array 1
[2024-12-07T18:48:47.095+0800][3.022s][debug][gc,humongous      ] GC(24) Live humongous region 138 object size 1048592 start 0x00000000e8a00000  with remset 0 code roots 0 is marked 0 reclaim candidate 0 type array 1
[2024-12-07T18:48:47.095+0800][3.022s][debug][gc,humongous      ] GC(24) Live humongous region 140 object size 1048592 start 0x00000000e8c00000  with remset 0 code roots 0 is marked 0 reclaim candidate 0 type array 1
[2024-12-07T18:48:47.095+0800][3.022s][debug][gc,humongous      ] GC(24) Live humongous region 142 object size 1048592 start 0x00000000e8e00000  with remset 0 code roots 0 is marked 0 reclaim candidate 0 type array 1
[2024-12-07T18:48:47.095+0800][3.023s][debug][gc,humongous      ] GC(24) Live humongous region 144 object size 1048592 start 0x00000000e9000000  with remset 0 code roots 0 is marked 0 reclaim candidate 0 type array 1
[2024-12-07T18:48:47.095+0800][3.023s][debug][gc,humongous      ] GC(24) Live humongous region 146 object size 1048592 start 0x00000000e9200000  with remset 0 code roots 0 is marked 0 reclaim candidate 0 type array 1
[2024-12-07T18:48:47.095+0800][3.023s][debug][gc,humongous      ] GC(24) Live humongous region 148 object size 1048592 start 0x00000000e9400000  with remset 0 code roots 0 is marked 0 reclaim candidate 0 type array 1
[2024-12-07T18:48:47.095+0800][3.023s][debug][gc,humongous      ] GC(24) Live humongous region 150 object size 1048592 start 0x00000000e9600000  with remset 0 code roots 0 is marked 0 reclaim candidate 0 type array 1
[2024-12-07T18:48:47.096+0800][3.023s][debug][gc,humongous      ] GC(24) Live humongous region 152 object size 1048592 start 0x00000000e9800000  with remset 0 code roots 0 is marked 0 reclaim candidate 0 type array 1
[2024-12-07T18:48:47.096+0800][3.023s][debug][gc,humongous      ] GC(24) Live humongous region 154 object size 1048592 start 0x00000000e9a00000  with remset 0 code roots 0 is marked 0 reclaim candidate 0 type array 1
[2024-12-07T18:48:47.096+0800][3.023s][debug][gc,humongous      ] GC(24) Live humongous region 156 object size 1048592 start 0x00000000e9c00000  with remset 0 code roots 0 is marked 0 reclaim candidate 0 type array 1
[2024-12-07T18:48:47.096+0800][3.024s][debug][gc,humongous      ] GC(24) Live humongous region 158 object size 1048592 start 0x00000000e9e00000  with remset 0 code roots 0 is marked 0 reclaim candidate 0 type array 1
[2024-12-07T18:48:47.097+0800][3.024s][debug][gc,humongous      ] GC(24) Live humongous region 160 object size 1048592 start 0x00000000ea000000  with remset 0 code roots 0 is marked 0 reclaim candidate 0 type array 1
[2024-12-07T18:48:47.097+0800][3.024s][debug][gc,humongous      ] GC(24) Live humongous region 162 object size 1048592 start 0x00000000ea200000  with remset 0 code roots 0 is marked 0 reclaim candidate 0 type array 1
[2024-12-07T18:48:47.097+0800][3.024s][debug][gc,humongous      ] GC(24) Live humongous region 164 object size 1048592 start 0x00000000ea400000  with remset 0 code roots 0 is marked 0 reclaim candidate 0 type array 1
[2024-12-07T18:48:47.097+0800][3.024s][debug][gc,humongous      ] GC(24) Live humongous region 166 object size 1048592 start 0x00000000ea600000  with remset 0 code roots 0 is marked 0 reclaim candidate 0 type array 1
[2024-12-07T18:48:47.097+0800][3.024s][debug][gc,humongous      ] GC(24) Live humongous region 168 object size 1048592 start 0x00000000ea800000  with remset 0 code roots 0 is marked 0 reclaim candidate 0 type array 1
[2024-12-07T18:48:47.097+0800][3.024s][debug][gc,humongous      ] GC(24) Live humongous region 170 object size 1048592 start 0x00000000eaa00000  with remset 0 code roots 0 is marked 0 reclaim candidate 0 type array 1
[2024-12-07T18:48:47.097+0800][3.024s][debug][gc,humongous      ] GC(24) Live humongous region 172 object size 1048592 start 0x00000000eac00000  with remset 0 code roots 0 is marked 0 reclaim candidate 0 type array 1
[2024-12-07T18:48:47.097+0800][3.024s][debug][gc,humongous      ] GC(24) Live humongous region 174 object size 1048592 start 0x00000000eae00000  with remset 0 code roots 0 is marked 0 reclaim candidate 0 type array 1
[2024-12-07T18:48:47.097+0800][3.024s][debug][gc,humongous      ] GC(24) Live humongous region 176 object size 1048592 start 0x00000000eb000000  with remset 0 code roots 0 is marked 0 reclaim candidate 0 type array 1
[2024-12-07T18:48:47.097+0800][3.024s][debug][gc,humongous      ] GC(24) Live humongous region 178 object size 1048592 start 0x00000000eb200000  with remset 0 code roots 0 is marked 0 reclaim candidate 0 type array 1
[2024-12-07T18:48:47.097+0800][3.024s][debug][gc,humongous      ] GC(24) Live humongous region 180 object size 1048592 start 0x00000000eb400000  with remset 0 code roots 0 is marked 0 reclaim candidate 0 type array 1
[2024-12-07T18:48:47.097+0800][3.024s][debug][gc,humongous      ] GC(24) Live humongous region 182 object size 1048592 start 0x00000000eb600000  with remset 0 code roots 0 is marked 0 reclaim candidate 0 type array 1
[2024-12-07T18:48:47.097+0800][3.025s][debug][gc,humongous      ] GC(24) Live humongous region 184 object size 1048592 start 0x00000000eb800000  with remset 0 code roots 0 is marked 0 reclaim candidate 0 type array 1
[2024-12-07T18:48:47.097+0800][3.025s][debug][gc,humongous      ] GC(24) Live humongous region 186 object size 1048592 start 0x00000000eba00000  with remset 0 code roots 0 is marked 0 reclaim candidate 0 type array 1
[2024-12-07T18:48:47.097+0800][3.025s][debug][gc,humongous      ] GC(24) Live humongous region 188 object size 1048592 start 0x00000000ebc00000  with remset 0 code roots 0 is marked 0 reclaim candidate 0 type array 1
[2024-12-07T18:48:47.098+0800][3.025s][debug][gc,humongous      ] GC(24) Live humongous region 190 object size 1048592 start 0x00000000ebe00000  with remset 0 code roots 0 is marked 0 reclaim candidate 0 type array 1
[2024-12-07T18:48:47.098+0800][3.025s][debug][gc,humongous      ] GC(24) Live humongous region 192 object size 1048592 start 0x00000000ec000000  with remset 0 code roots 0 is marked 0 reclaim candidate 0 type array 1
[2024-12-07T18:48:47.098+0800][3.025s][debug][gc,humongous      ] GC(24) Live humongous region 194 object size 1048592 start 0x00000000ec200000  with remset 0 code roots 0 is marked 0 reclaim candidate 0 type array 1
[2024-12-07T18:48:47.098+0800][3.025s][debug][gc,humongous      ] GC(24) Live humongous region 196 object size 1048592 start 0x00000000ec400000  with remset 0 code roots 0 is marked 0 reclaim candidate 0 type array 1
[2024-12-07T18:48:47.098+0800][3.025s][debug][gc,humongous      ] GC(24) Live humongous region 198 object size 1048592 start 0x00000000ec600000  with remset 0 code roots 0 is marked 0 reclaim candidate 0 type array 1
[2024-12-07T18:48:47.098+0800][3.025s][debug][gc,humongous      ] GC(24) Live humongous region 200 object size 1048592 start 0x00000000ec800000  with remset 0 code roots 0 is marked 0 reclaim candidate 0 type array 1
[2024-12-07T18:48:47.098+0800][3.025s][debug][gc,humongous      ] GC(24) Live humongous region 202 object size 1048592 start 0x00000000eca00000  with remset 0 code roots 0 is marked 0 reclaim candidate 0 type array 1
[2024-12-07T18:48:47.098+0800][3.025s][debug][gc,humongous      ] GC(24) Live humongous region 204 object size 1048592 start 0x00000000ecc00000  with remset 0 code roots 0 is marked 0 reclaim candidate 0 type array 1
[2024-12-07T18:48:47.098+0800][3.025s][debug][gc,humongous      ] GC(24) Live humongous region 206 object size 1048592 start 0x00000000ece00000  with remset 0 code roots 0 is marked 0 reclaim candidate 0 type array 1
[2024-12-07T18:48:47.098+0800][3.025s][debug][gc,humongous      ] GC(24) Live humongous region 208 object size 1048592 start 0x00000000ed000000  with remset 0 code roots 0 is marked 0 reclaim candidate 0 type array 1
[2024-12-07T18:48:47.098+0800][3.025s][debug][gc,humongous      ] GC(24) Live humongous region 210 object size 1048592 start 0x00000000ed200000  with remset 0 code roots 0 is marked 0 reclaim candidate 0 type array 1
[2024-12-07T18:48:47.098+0800][3.025s][debug][gc,humongous      ] GC(24) Live humongous region 212 object size 1048592 start 0x00000000ed400000  with remset 0 code roots 0 is marked 0 reclaim candidate 0 type array 1
[2024-12-07T18:48:47.098+0800][3.026s][debug][gc,humongous      ] GC(24) Live humongous region 214 object size 1048592 start 0x00000000ed600000  with remset 0 code roots 0 is marked 0 reclaim candidate 0 type array 1
[2024-12-07T18:48:47.098+0800][3.026s][debug][gc,humongous      ] GC(24) Live humongous region 216 object size 1048592 start 0x00000000ed800000  with remset 0 code roots 0 is marked 0 reclaim candidate 0 type array 1
[2024-12-07T18:48:47.098+0800][3.026s][debug][gc,humongous      ] GC(24) Live humongous region 218 object size 1048592 start 0x00000000eda00000  with remset 0 code roots 0 is marked 0 reclaim candidate 0 type array 1
[2024-12-07T18:48:47.099+0800][3.026s][debug][gc,humongous      ] GC(24) Live humongous region 220 object size 1048592 start 0x00000000edc00000  with remset 0 code roots 0 is marked 0 reclaim candidate 0 type array 1
[2024-12-07T18:48:47.099+0800][3.026s][debug][gc,humongous      ] GC(24) Live humongous region 222 object size 1048592 start 0x00000000ede00000  with remset 0 code roots 0 is marked 0 reclaim candidate 0 type array 1
[2024-12-07T18:48:47.099+0800][3.026s][debug][gc,humongous      ] GC(24) Live humongous region 224 object size 1048592 start 0x00000000ee000000  with remset 0 code roots 0 is marked 0 reclaim candidate 0 type array 1
[2024-12-07T18:48:47.099+0800][3.026s][debug][gc,humongous      ] GC(24) Live humongous region 226 object size 1048592 start 0x00000000ee200000  with remset 0 code roots 0 is marked 0 reclaim candidate 0 type array 1
[2024-12-07T18:48:47.099+0800][3.026s][debug][gc,humongous      ] GC(24) Live humongous region 228 object size 1048592 start 0x00000000ee400000  with remset 0 code roots 0 is marked 0 reclaim candidate 0 type array 1
[2024-12-07T18:48:47.099+0800][3.026s][debug][gc,humongous      ] GC(24) Live humongous region 230 object size 1048592 start 0x00000000ee600000  with remset 0 code roots 0 is marked 0 reclaim candidate 0 type array 1
[2024-12-07T18:48:47.099+0800][3.026s][debug][gc,humongous      ] GC(24) Live humongous region 232 object size 1048592 start 0x00000000ee800000  with remset 0 code roots 0 is marked 0 reclaim candidate 0 type array 1
[2024-12-07T18:48:47.099+0800][3.026s][debug][gc,humongous      ] GC(24) Live humongous region 234 object size 1048592 start 0x00000000eea00000  with remset 0 code roots 0 is marked 0 reclaim candidate 0 type array 1
[2024-12-07T18:48:47.099+0800][3.026s][debug][gc,humongous      ] GC(24) Live humongous region 236 object size 1048592 start 0x00000000eec00000  with remset 0 code roots 0 is marked 0 reclaim candidate 0 type array 1
[2024-12-07T18:48:47.099+0800][3.026s][debug][gc,humongous      ] GC(24) Live humongous region 238 object size 1048592 start 0x00000000eee00000  with remset 0 code roots 0 is marked 0 reclaim candidate 0 type array 1
[2024-12-07T18:48:47.099+0800][3.026s][debug][gc,humongous      ] GC(24) Live humongous region 240 object size 1048592 start 0x00000000ef000000  with remset 0 code roots 0 is marked 0 reclaim candidate 0 type array 1
[2024-12-07T18:48:47.099+0800][3.026s][debug][gc,humongous      ] GC(24) Live humongous region 242 object size 1048592 start 0x00000000ef200000  with remset 0 code roots 0 is marked 0 reclaim candidate 0 type array 1
[2024-12-07T18:48:47.099+0800][3.027s][debug][gc,humongous      ] GC(24) Live humongous region 244 object size 1048592 start 0x00000000ef400000  with remset 0 code roots 0 is marked 0 reclaim candidate 0 type array 1
[2024-12-07T18:48:47.099+0800][3.027s][debug][gc,humongous      ] GC(24) Live humongous region 246 object size 1048592 start 0x00000000ef600000  with remset 0 code roots 0 is marked 0 reclaim candidate 0 type array 1
[2024-12-07T18:48:47.099+0800][3.027s][debug][gc,humongous      ] GC(24) Live humongous region 248 object size 1048592 start 0x00000000ef800000  with remset 0 code roots 0 is marked 0 reclaim candidate 0 type array 1
[2024-12-07T18:48:47.100+0800][3.027s][debug][gc,humongous      ] GC(24) Live humongous region 250 object size 1048592 start 0x00000000efa00000  with remset 0 code roots 0 is marked 0 reclaim candidate 0 type array 1
[2024-12-07T18:48:47.100+0800][3.027s][debug][gc,humongous      ] GC(24) Live humongous region 252 object size 1048592 start 0x00000000efc00000  with remset 0 code roots 0 is marked 0 reclaim candidate 0 type array 1
[2024-12-07T18:48:47.100+0800][3.027s][debug][gc,humongous      ] GC(24) Live humongous region 254 object size 1048592 start 0x00000000efe00000  with remset 0 code roots 0 is marked 0 reclaim candidate 0 type array 1
[2024-12-07T18:48:47.100+0800][3.027s][debug][gc,humongous      ] GC(24) Live humongous region 256 object size 1048592 start 0x00000000f0000000  with remset 0 code roots 0 is marked 0 reclaim candidate 0 type array 1
[2024-12-07T18:48:47.100+0800][3.027s][debug][gc,humongous      ] GC(24) Live humongous region 258 object size 1048592 start 0x00000000f0200000  with remset 0 code roots 0 is marked 0 reclaim candidate 0 type array 1
[2024-12-07T18:48:47.100+0800][3.027s][debug][gc,humongous      ] GC(24) Live humongous region 260 object size 1048592 start 0x00000000f0400000  with remset 0 code roots 0 is marked 0 reclaim candidate 0 type array 1
[2024-12-07T18:48:47.100+0800][3.027s][debug][gc,humongous      ] GC(24) Live humongous region 262 object size 1048592 start 0x00000000f0600000  with remset 0 code roots 0 is marked 0 reclaim candidate 0 type array 1
[2024-12-07T18:48:47.100+0800][3.027s][debug][gc,humongous      ] GC(24) Live humongous region 264 object size 1048592 start 0x00000000f0800000  with remset 0 code roots 0 is marked 0 reclaim candidate 0 type array 1
[2024-12-07T18:48:47.100+0800][3.027s][debug][gc,humongous      ] GC(24) Live humongous region 266 object size 1048592 start 0x00000000f0a00000  with remset 0 code roots 0 is marked 0 reclaim candidate 0 type array 1
[2024-12-07T18:48:47.100+0800][3.027s][debug][gc,humongous      ] GC(24) Live humongous region 268 object size 1048592 start 0x00000000f0c00000  with remset 0 code roots 0 is marked 0 reclaim candidate 0 type array 1
[2024-12-07T18:48:47.100+0800][3.027s][debug][gc,humongous      ] GC(24) Live humongous region 270 object size 1048592 start 0x00000000f0e00000  with remset 0 code roots 0 is marked 0 reclaim candidate 0 type array 1
[2024-12-07T18:48:47.100+0800][3.028s][debug][gc,humongous      ] GC(24) Live humongous region 272 object size 1048592 start 0x00000000f1000000  with remset 0 code roots 0 is marked 0 reclaim candidate 0 type array 1
[2024-12-07T18:48:47.100+0800][3.028s][debug][gc,humongous      ] GC(24) Live humongous region 274 object size 1048592 start 0x00000000f1200000  with remset 0 code roots 0 is marked 0 reclaim candidate 0 type array 1
[2024-12-07T18:48:47.101+0800][3.028s][debug][gc,humongous      ] GC(24) Live humongous region 276 object size 1048592 start 0x00000000f1400000  with remset 0 code roots 0 is marked 0 reclaim candidate 0 type array 1
[2024-12-07T18:48:47.101+0800][3.028s][debug][gc,humongous      ] GC(24) Live humongous region 278 object size 1048592 start 0x00000000f1600000  with remset 0 code roots 0 is marked 0 reclaim candidate 0 type array 1
[2024-12-07T18:48:47.101+0800][3.028s][debug][gc,humongous      ] GC(24) Live humongous region 280 object size 1048592 start 0x00000000f1800000  with remset 0 code roots 0 is marked 0 reclaim candidate 0 type array 1
[2024-12-07T18:48:47.101+0800][3.028s][debug][gc,humongous      ] GC(24) Live humongous region 282 object size 1048592 start 0x00000000f1a00000  with remset 0 code roots 0 is marked 0 reclaim candidate 0 type array 1
[2024-12-07T18:48:47.101+0800][3.028s][debug][gc,humongous      ] GC(24) Live humongous region 284 object size 1048592 start 0x00000000f1c00000  with remset 0 code roots 0 is marked 0 reclaim candidate 0 type array 1
[2024-12-07T18:48:47.101+0800][3.028s][debug][gc,humongous      ] GC(24) Live humongous region 286 object size 1048592 start 0x00000000f1e00000  with remset 0 code roots 0 is marked 0 reclaim candidate 0 type array 1
[2024-12-07T18:48:47.101+0800][3.028s][debug][gc,humongous      ] GC(24) Live humongous region 288 object size 1048592 start 0x00000000f2000000  with remset 0 code roots 0 is marked 0 reclaim candidate 0 type array 1
[2024-12-07T18:48:47.101+0800][3.028s][debug][gc,humongous      ] GC(24) Live humongous region 290 object size 1048592 start 0x00000000f2200000  with remset 0 code roots 0 is marked 0 reclaim candidate 0 type array 1
[2024-12-07T18:48:47.101+0800][3.028s][debug][gc,humongous      ] GC(24) Live humongous region 292 object size 1048592 start 0x00000000f2400000  with remset 0 code roots 0 is marked 0 reclaim candidate 0 type array 1
[2024-12-07T18:48:47.101+0800][3.028s][debug][gc,humongous      ] GC(24) Live humongous region 294 object size 1048592 start 0x00000000f2600000  with remset 0 code roots 0 is marked 0 reclaim candidate 0 type array 1
[2024-12-07T18:48:47.101+0800][3.028s][debug][gc,humongous      ] GC(24) Live humongous region 296 object size 1048592 start 0x00000000f2800000  with remset 0 code roots 0 is marked 0 reclaim candidate 0 type array 1
[2024-12-07T18:48:47.101+0800][3.028s][debug][gc,humongous      ] GC(24) Live humongous region 298 object size 1048592 start 0x00000000f2a00000  with remset 0 code roots 0 is marked 0 reclaim candidate 0 type array 1
[2024-12-07T18:48:47.101+0800][3.029s][debug][gc,humongous      ] GC(24) Live humongous region 300 object size 1048592 start 0x00000000f2c00000  with remset 0 code roots 0 is marked 0 reclaim candidate 0 type array 1
[2024-12-07T18:48:47.101+0800][3.029s][debug][gc,humongous      ] GC(24) Live humongous region 302 object size 1048592 start 0x00000000f2e00000  with remset 0 code roots 0 is marked 0 reclaim candidate 0 type array 1
[2024-12-07T18:48:47.101+0800][3.029s][debug][gc,humongous      ] GC(24) Live humongous region 304 object size 1048592 start 0x00000000f3000000  with remset 0 code roots 0 is marked 0 reclaim candidate 0 type array 1
[2024-12-07T18:48:47.102+0800][3.029s][debug][gc,humongous      ] GC(24) Live humongous region 306 object size 1048592 start 0x00000000f3200000  with remset 0 code roots 0 is marked 0 reclaim candidate 0 type array 1
[2024-12-07T18:48:47.102+0800][3.029s][debug][gc,humongous      ] GC(24) Live humongous region 308 object size 1048592 start 0x00000000f3400000  with remset 0 code roots 0 is marked 0 reclaim candidate 0 type array 1
[2024-12-07T18:48:47.102+0800][3.029s][debug][gc,humongous      ] GC(24) Live humongous region 310 object size 1048592 start 0x00000000f3600000  with remset 0 code roots 0 is marked 0 reclaim candidate 0 type array 1
[2024-12-07T18:48:47.102+0800][3.029s][debug][gc,humongous      ] GC(24) Live humongous region 312 object size 1048592 start 0x00000000f3800000  with remset 0 code roots 0 is marked 0 reclaim candidate 0 type array 1
[2024-12-07T18:48:47.102+0800][3.029s][debug][gc,humongous      ] GC(24) Live humongous region 314 object size 1048592 start 0x00000000f3a00000  with remset 0 code roots 0 is marked 0 reclaim candidate 0 type array 1
[2024-12-07T18:48:47.102+0800][3.030s][debug][gc,humongous      ] GC(24) Live humongous region 316 object size 1048592 start 0x00000000f3c00000  with remset 0 code roots 0 is marked 0 reclaim candidate 0 type array 1
[2024-12-07T18:48:47.102+0800][3.030s][debug][gc,humongous      ] GC(24) Live humongous region 318 object size 1048592 start 0x00000000f3e00000  with remset 0 code roots 0 is marked 0 reclaim candidate 0 type array 1
[2024-12-07T18:48:47.103+0800][3.030s][debug][gc,humongous      ] GC(24) Live humongous region 320 object size 1048592 start 0x00000000f4000000  with remset 0 code roots 0 is marked 0 reclaim candidate 0 type array 1
[2024-12-07T18:48:47.103+0800][3.030s][debug][gc,humongous      ] GC(24) Live humongous region 322 object size 1048592 start 0x00000000f4200000  with remset 0 code roots 0 is marked 0 reclaim candidate 0 type array 1
[2024-12-07T18:48:47.103+0800][3.030s][debug][gc,humongous      ] GC(24) Live humongous region 324 object size 1048592 start 0x00000000f4400000  with remset 0 code roots 0 is marked 0 reclaim candidate 0 type array 1
[2024-12-07T18:48:47.103+0800][3.030s][debug][gc,humongous      ] GC(24) Live humongous region 326 object size 1048592 start 0x00000000f4600000  with remset 0 code roots 0 is marked 0 reclaim candidate 0 type array 1
[2024-12-07T18:48:47.103+0800][3.030s][debug][gc,humongous      ] GC(24) Live humongous region 328 object size 1048592 start 0x00000000f4800000  with remset 0 code roots 0 is marked 0 reclaim candidate 0 type array 1
[2024-12-07T18:48:47.103+0800][3.030s][debug][gc,humongous      ] GC(24) Live humongous region 330 object size 1048592 start 0x00000000f4a00000  with remset 0 code roots 0 is marked 0 reclaim candidate 0 type array 1
[2024-12-07T18:48:47.103+0800][3.030s][debug][gc,humongous      ] GC(24) Live humongous region 332 object size 1048592 start 0x00000000f4c00000  with remset 0 code roots 0 is marked 0 reclaim candidate 0 type array 1
[2024-12-07T18:48:47.103+0800][3.030s][debug][gc,humongous      ] GC(24) Live humongous region 334 object size 1048592 start 0x00000000f4e00000  with remset 0 code roots 0 is marked 0 reclaim candidate 0 type array 1
[2024-12-07T18:48:47.103+0800][3.030s][debug][gc,humongous      ] GC(24) Live humongous region 336 object size 1048592 start 0x00000000f5000000  with remset 0 code roots 0 is marked 0 reclaim candidate 0 type array 1
[2024-12-07T18:48:47.103+0800][3.030s][debug][gc,humongous      ] GC(24) Live humongous region 338 object size 1048592 start 0x00000000f5200000  with remset 0 code roots 0 is marked 0 reclaim candidate 0 type array 1
[2024-12-07T18:48:47.103+0800][3.030s][debug][gc,humongous      ] GC(24) Live humongous region 340 object size 1048592 start 0x00000000f5400000  with remset 0 code roots 0 is marked 0 reclaim candidate 0 type array 1
[2024-12-07T18:48:47.103+0800][3.030s][debug][gc,humongous      ] GC(24) Live humongous region 342 object size 1048592 start 0x00000000f5600000  with remset 0 code roots 0 is marked 0 reclaim candidate 0 type array 1
[2024-12-07T18:48:47.103+0800][3.031s][debug][gc,humongous      ] GC(24) Live humongous region 344 object size 1048592 start 0x00000000f5800000  with remset 0 code roots 0 is marked 0 reclaim candidate 0 type array 1
[2024-12-07T18:48:47.103+0800][3.031s][debug][gc,humongous      ] GC(24) Live humongous region 346 object size 1048592 start 0x00000000f5a00000  with remset 0 code roots 0 is marked 0 reclaim candidate 0 type array 1
[2024-12-07T18:48:47.103+0800][3.031s][debug][gc,humongous      ] GC(24) Live humongous region 348 object size 1048592 start 0x00000000f5c00000  with remset 0 code roots 0 is marked 0 reclaim candidate 0 type array 1
[2024-12-07T18:48:47.103+0800][3.031s][debug][gc,humongous      ] GC(24) Live humongous region 350 object size 1048592 start 0x00000000f5e00000  with remset 0 code roots 0 is marked 0 reclaim candidate 0 type array 1
[2024-12-07T18:48:47.104+0800][3.031s][debug][gc,humongous      ] GC(24) Live humongous region 352 object size 1048592 start 0x00000000f6000000  with remset 0 code roots 0 is marked 0 reclaim candidate 0 type array 1
[2024-12-07T18:48:47.104+0800][3.031s][debug][gc,humongous      ] GC(24) Live humongous region 354 object size 1048592 start 0x00000000f6200000  with remset 0 code roots 0 is marked 0 reclaim candidate 0 type array 1
[2024-12-07T18:48:47.104+0800][3.031s][debug][gc,humongous      ] GC(24) Live humongous region 356 object size 1048592 start 0x00000000f6400000  with remset 0 code roots 0 is marked 0 reclaim candidate 0 type array 1
[2024-12-07T18:48:47.104+0800][3.031s][debug][gc,humongous      ] GC(24) Live humongous region 358 object size 1048592 start 0x00000000f6600000  with remset 0 code roots 0 is marked 0 reclaim candidate 0 type array 1
[2024-12-07T18:48:47.104+0800][3.031s][debug][gc,humongous      ] GC(24) Live humongous region 360 object size 1048592 start 0x00000000f6800000  with remset 0 code roots 0 is marked 0 reclaim candidate 0 type array 1
[2024-12-07T18:48:47.104+0800][3.031s][debug][gc,humongous      ] GC(24) Live humongous region 362 object size 1048592 start 0x00000000f6a00000  with remset 0 code roots 0 is marked 0 reclaim candidate 0 type array 1
[2024-12-07T18:48:47.104+0800][3.031s][debug][gc,humongous      ] GC(24) Live humongous region 364 object size 1048592 start 0x00000000f6c00000  with remset 0 code roots 0 is marked 0 reclaim candidate 0 type array 1
[2024-12-07T18:48:47.104+0800][3.031s][debug][gc,humongous      ] GC(24) Live humongous region 366 object size 1048592 start 0x00000000f6e00000  with remset 0 code roots 0 is marked 0 reclaim candidate 0 type array 1
[2024-12-07T18:48:47.104+0800][3.031s][debug][gc,humongous      ] GC(24) Live humongous region 368 object size 1048592 start 0x00000000f7000000  with remset 0 code roots 0 is marked 0 reclaim candidate 0 type array 1
[2024-12-07T18:48:47.104+0800][3.031s][debug][gc,humongous      ] GC(24) Live humongous region 370 object size 1048592 start 0x00000000f7200000  with remset 0 code roots 0 is marked 0 reclaim candidate 0 type array 1
[2024-12-07T18:48:47.104+0800][3.031s][debug][gc,humongous      ] GC(24) Live humongous region 372 object size 1048592 start 0x00000000f7400000  with remset 0 code roots 0 is marked 0 reclaim candidate 0 type array 1
[2024-12-07T18:48:47.104+0800][3.032s][debug][gc,humongous      ] GC(24) Live humongous region 374 object size 1048592 start 0x00000000f7600000  with remset 0 code roots 0 is marked 0 reclaim candidate 0 type array 1
[2024-12-07T18:48:47.104+0800][3.032s][debug][gc,humongous      ] GC(24) Live humongous region 376 object size 1048592 start 0x00000000f7800000  with remset 0 code roots 0 is marked 0 reclaim candidate 0 type array 1
[2024-12-07T18:48:47.105+0800][3.032s][debug][gc,humongous      ] GC(24) Live humongous region 378 object size 1048592 start 0x00000000f7a00000  with remset 0 code roots 0 is marked 0 reclaim candidate 0 type array 1
[2024-12-07T18:48:47.105+0800][3.032s][debug][gc,humongous      ] GC(24) Live humongous region 380 object size 1048592 start 0x00000000f7c00000  with remset 0 code roots 0 is marked 0 reclaim candidate 0 type array 1
[2024-12-07T18:48:47.105+0800][3.032s][debug][gc,humongous      ] GC(24) Live humongous region 382 object size 1048592 start 0x00000000f7e00000  with remset 0 code roots 0 is marked 0 reclaim candidate 0 type array 1
[2024-12-07T18:48:47.105+0800][3.032s][debug][gc,humongous      ] GC(24) Live humongous region 384 object size 1048592 start 0x00000000f8000000  with remset 0 code roots 0 is marked 0 reclaim candidate 0 type array 1
[2024-12-07T18:48:47.105+0800][3.032s][debug][gc,humongous      ] GC(24) Live humongous region 386 object size 1048592 start 0x00000000f8200000  with remset 0 code roots 0 is marked 0 reclaim candidate 0 type array 1
[2024-12-07T18:48:47.105+0800][3.033s][debug][gc,humongous      ] GC(24) Live humongous region 388 object size 1048592 start 0x00000000f8400000  with remset 0 code roots 0 is marked 0 reclaim candidate 0 type array 1
[2024-12-07T18:48:47.105+0800][3.033s][debug][gc,humongous      ] GC(24) Live humongous region 390 object size 1048592 start 0x00000000f8600000  with remset 0 code roots 0 is marked 0 reclaim candidate 0 type array 1
[2024-12-07T18:48:47.106+0800][3.033s][debug][gc,humongous      ] GC(24) Live humongous region 392 object size 1048592 start 0x00000000f8800000  with remset 0 code roots 0 is marked 0 reclaim candidate 0 type array 1
[2024-12-07T18:48:47.106+0800][3.033s][debug][gc,humongous      ] GC(24) Live humongous region 394 object size 1048592 start 0x00000000f8a00000  with remset 0 code roots 0 is marked 0 reclaim candidate 0 type array 1
[2024-12-07T18:48:47.106+0800][3.033s][debug][gc,humongous      ] GC(24) Live humongous region 396 object size 1048592 start 0x00000000f8c00000  with remset 0 code roots 0 is marked 0 reclaim candidate 0 type array 1
[2024-12-07T18:48:47.106+0800][3.033s][debug][gc,humongous      ] GC(24) Live humongous region 398 object size 1048592 start 0x00000000f8e00000  with remset 0 code roots 0 is marked 0 reclaim candidate 0 type array 1
[2024-12-07T18:48:47.106+0800][3.033s][debug][gc,humongous      ] GC(24) Live humongous region 400 object size 1048592 start 0x00000000f9000000  with remset 0 code roots 0 is marked 0 reclaim candidate 0 type array 1
[2024-12-07T18:48:47.106+0800][3.033s][debug][gc,humongous      ] GC(24) Live humongous region 402 object size 1048592 start 0x00000000f9200000  with remset 0 code roots 0 is marked 0 reclaim candidate 0 type array 1
[2024-12-07T18:48:47.106+0800][3.033s][debug][gc,humongous      ] GC(24) Live humongous region 404 object size 1048592 start 0x00000000f9400000  with remset 0 code roots 0 is marked 0 reclaim candidate 0 type array 1
[2024-12-07T18:48:47.106+0800][3.033s][debug][gc,humongous      ] GC(24) Live humongous region 406 object size 1048592 start 0x00000000f9600000  with remset 0 code roots 0 is marked 0 reclaim candidate 0 type array 1
[2024-12-07T18:48:47.106+0800][3.033s][debug][gc,humongous      ] GC(24) Live humongous region 408 object size 1048592 start 0x00000000f9800000  with remset 0 code roots 0 is marked 0 reclaim candidate 0 type array 1
[2024-12-07T18:48:47.106+0800][3.034s][debug][gc,humongous      ] GC(24) Live humongous region 410 object size 1048592 start 0x00000000f9a00000  with remset 0 code roots 0 is marked 0 reclaim candidate 0 type array 1
[2024-12-07T18:48:47.106+0800][3.034s][debug][gc,humongous      ] GC(24) Live humongous region 412 object size 1048592 start 0x00000000f9c00000  with remset 0 code roots 0 is marked 0 reclaim candidate 0 type array 1
[2024-12-07T18:48:47.106+0800][3.034s][debug][gc,humongous      ] GC(24) Live humongous region 414 object size 1048592 start 0x00000000f9e00000  with remset 0 code roots 0 is marked 0 reclaim candidate 0 type array 1
[2024-12-07T18:48:47.107+0800][3.034s][debug][gc,humongous      ] GC(24) Live humongous region 416 object size 1048592 start 0x00000000fa000000  with remset 0 code roots 0 is marked 0 reclaim candidate 0 type array 1
[2024-12-07T18:48:47.107+0800][3.034s][debug][gc,humongous      ] GC(24) Live humongous region 418 object size 1048592 start 0x00000000fa200000  with remset 0 code roots 0 is marked 0 reclaim candidate 0 type array 1
[2024-12-07T18:48:47.107+0800][3.034s][debug][gc,humongous      ] GC(24) Live humongous region 420 object size 1048592 start 0x00000000fa400000  with remset 0 code roots 0 is marked 0 reclaim candidate 0 type array 1
[2024-12-07T18:48:47.107+0800][3.034s][debug][gc,humongous      ] GC(24) Live humongous region 422 object size 1048592 start 0x00000000fa600000  with remset 0 code roots 0 is marked 0 reclaim candidate 0 type array 1
[2024-12-07T18:48:47.107+0800][3.034s][debug][gc,humongous      ] GC(24) Live humongous region 424 object size 1048592 start 0x00000000fa800000  with remset 0 code roots 0 is marked 0 reclaim candidate 0 type array 1
[2024-12-07T18:48:47.107+0800][3.034s][debug][gc,humongous      ] GC(24) Live humongous region 426 object size 1048592 start 0x00000000faa00000  with remset 0 code roots 0 is marked 0 reclaim candidate 0 type array 1
[2024-12-07T18:48:47.107+0800][3.034s][debug][gc,humongous      ] GC(24) Live humongous region 428 object size 1048592 start 0x00000000fac00000  with remset 0 code roots 0 is marked 0 reclaim candidate 0 type array 1
[2024-12-07T18:48:47.107+0800][3.034s][debug][gc,humongous      ] GC(24) Live humongous region 430 object size 1048592 start 0x00000000fae00000  with remset 0 code roots 0 is marked 0 reclaim candidate 0 type array 1
[2024-12-07T18:48:47.107+0800][3.034s][debug][gc,humongous      ] GC(24) Live humongous region 432 object size 1048592 start 0x00000000fb000000  with remset 0 code roots 0 is marked 0 reclaim candidate 0 type array 1
[2024-12-07T18:48:47.107+0800][3.035s][debug][gc,humongous      ] GC(24) Live humongous region 434 object size 1048592 start 0x00000000fb200000  with remset 0 code roots 0 is marked 0 reclaim candidate 0 type array 1
[2024-12-07T18:48:47.107+0800][3.035s][debug][gc,humongous      ] GC(24) Live humongous region 436 object size 1048592 start 0x00000000fb400000  with remset 0 code roots 0 is marked 0 reclaim candidate 0 type array 1
[2024-12-07T18:48:47.107+0800][3.035s][debug][gc,humongous      ] GC(24) Live humongous region 438 object size 1048592 start 0x00000000fb600000  with remset 0 code roots 0 is marked 0 reclaim candidate 0 type array 1
[2024-12-07T18:48:47.108+0800][3.035s][debug][gc,humongous      ] GC(24) Live humongous region 440 object size 1048592 start 0x00000000fb800000  with remset 0 code roots 0 is marked 0 reclaim candidate 0 type array 1
[2024-12-07T18:48:47.108+0800][3.035s][debug][gc,humongous      ] GC(24) Live humongous region 442 object size 1048592 start 0x00000000fba00000  with remset 0 code roots 0 is marked 0 reclaim candidate 0 type array 1
[2024-12-07T18:48:47.108+0800][3.035s][debug][gc,humongous      ] GC(24) Live humongous region 444 object size 1048592 start 0x00000000fbc00000  with remset 0 code roots 0 is marked 0 reclaim candidate 0 type array 1
[2024-12-07T18:48:47.108+0800][3.035s][debug][gc,humongous      ] GC(24) Live humongous region 446 object size 1048592 start 0x00000000fbe00000  with remset 0 code roots 0 is marked 0 reclaim candidate 0 type array 1
[2024-12-07T18:48:47.108+0800][3.035s][debug][gc,humongous      ] GC(24) Live humongous region 448 object size 1048592 start 0x00000000fc000000  with remset 0 code roots 0 is marked 0 reclaim candidate 0 type array 1
[2024-12-07T18:48:47.108+0800][3.035s][debug][gc,humongous      ] GC(24) Live humongous region 450 object size 1048592 start 0x00000000fc200000  with remset 0 code roots 0 is marked 0 reclaim candidate 0 type array 1
[2024-12-07T18:48:47.108+0800][3.035s][debug][gc,humongous      ] GC(24) Live humongous region 452 object size 1048592 start 0x00000000fc400000  with remset 0 code roots 0 is marked 0 reclaim candidate 0 type array 1
[2024-12-07T18:48:47.108+0800][3.035s][debug][gc,humongous      ] GC(24) Live humongous region 454 object size 1048592 start 0x00000000fc600000  with remset 0 code roots 0 is marked 0 reclaim candidate 0 type array 1
[2024-12-07T18:48:47.108+0800][3.035s][debug][gc,humongous      ] GC(24) Live humongous region 456 object size 1048592 start 0x00000000fc800000  with remset 0 code roots 0 is marked 0 reclaim candidate 0 type array 1
[2024-12-07T18:48:47.108+0800][3.035s][debug][gc,humongous      ] GC(24) Live humongous region 458 object size 1048592 start 0x00000000fca00000  with remset 0 code roots 0 is marked 0 reclaim candidate 0 type array 1
[2024-12-07T18:48:47.108+0800][3.036s][debug][gc,plab           ] GC(24) Young PLAB allocation: allocated: 380432B, wasted: 2416B, unused: 13496B, used: 364520B, undo waste: 0B, 
[2024-12-07T18:48:47.108+0800][3.036s][debug][gc,plab           ] GC(24) Young other allocation: region end waste: 0B, regions filled: 1, direct allocated: 73720B, failure used: 0B, failure wasted: 0B
[2024-12-07T18:48:47.108+0800][3.036s][debug][gc,plab           ] GC(24) Young sizing: calculated: 72904B, actual: 73088B
[2024-12-07T18:48:47.109+0800][3.036s][debug][gc,plab           ] GC(24) Old PLAB allocation: allocated: 0B, wasted: 0B, unused: 0B, used: 0B, undo waste: 0B, 
[2024-12-07T18:48:47.109+0800][3.036s][debug][gc,plab           ] GC(24) Old other allocation: region end waste: 0B, regions filled: 0, direct allocated: 0B, failure used: 0B, failure wasted: 0B
[2024-12-07T18:48:47.109+0800][3.036s][debug][gc,plab           ] GC(24) Old sizing: calculated: 0B, actual: 2064B
[2024-12-07T18:48:47.109+0800][3.036s][debug][gc,alloc,stats    ] Old generation allocation in the last mutator period, old gen allocated: 0B, humongous allocated: 20971520B,old gen growth: 20971520B.
[2024-12-07T18:48:47.109+0800][3.036s][debug][gc,ihop           ] GC(24) Basic information (value update), threshold: 238288896B (45.00), target occupancy: 529530880B, current occupancy: 483536392B, recent allocation size: 20971520B, recent allocation duration: 103.67ms, recent old gen allocation rate: 202283880.89B/s, recent marking phase length: 0.00ms
[2024-12-07T18:48:47.109+0800][3.036s][debug][gc,ihop           ] GC(24) Adaptive IHOP information (value update), threshold: 238288896B (52.22), internal target occupancy: 456340275B, occupancy: 483536392B, additional buffer size: 26214400B, predicted old gen allocation rate: 202879349.19B/s, predicted marking phase length: 0.00ms, prediction active: false
[2024-12-07T18:48:47.109+0800][3.036s][debug][gc,ergo,refine    ] GC(24) Updated Refinement Zones: green: 18, yellow: 54, red: 90
[2024-12-07T18:48:47.109+0800][3.036s][info ][gc,phases         ] GC(24)   Pre Evacuate Collection Set: 0.1ms
[2024-12-07T18:48:47.109+0800][3.036s][debug][gc,phases         ] GC(24)     Prepare TLABs: 0.1ms
[2024-12-07T18:48:47.109+0800][3.037s][debug][gc,phases         ] GC(24)     Choose Collection Set: 0.1ms
[2024-12-07T18:48:47.109+0800][3.037s][debug][gc,phases         ] GC(24)     Humongous Register: 0.0ms
[2024-12-07T18:48:47.109+0800][3.037s][debug][gc,phases         ] GC(24)     Clear Claimed Marks: 0.0ms
[2024-12-07T18:48:47.110+0800][3.037s][info ][gc,phases         ] GC(24)   Evacuate Collection Set: 8.5ms
[2024-12-07T18:48:47.110+0800][3.037s][debug][gc,phases         ] GC(24)     Ext Root Scanning (ms):   Min:  0.1, Avg:  2.2, Max:  4.9, Diff:  4.9, Sum: 26.9, Workers: 12
[2024-12-07T18:48:47.110+0800][3.037s][debug][gc,phases         ] GC(24)     Update RS (ms):           Min:  0.0, Avg:  0.2, Max:  0.8, Diff:  0.8, Sum:  2.5, Workers: 12
[2024-12-07T18:48:47.110+0800][3.037s][debug][gc,phases         ] GC(24)       Processed Buffers:        Min: 0, Avg:  0.9, Max: 5, Diff: 5, Sum: 11, Workers: 12
[2024-12-07T18:48:47.110+0800][3.037s][debug][gc,phases         ] GC(24)       Scanned Cards:            Min: 0, Avg: 18.5, Max: 68, Diff: 68, Sum: 222, Workers: 12
[2024-12-07T18:48:47.110+0800][3.037s][debug][gc,phases         ] GC(24)       Skipped Cards:            Min: 0, Avg:  9.0, Max: 34, Diff: 34, Sum: 108, Workers: 12
[2024-12-07T18:48:47.110+0800][3.037s][debug][gc,phases         ] GC(24)     Scan RS (ms):             Min:  0.0, Avg:  0.2, Max:  0.7, Diff:  0.7, Sum:  2.1, Workers: 12
[2024-12-07T18:48:47.110+0800][3.037s][debug][gc,phases         ] GC(24)       Scanned Cards:            Min: 0, Avg: 18.5, Max: 64, Diff: 64, Sum: 222, Workers: 12
[2024-12-07T18:48:47.110+0800][3.037s][debug][gc,phases         ] GC(24)       Claimed Cards:            Min: 0, Avg: 18.5, Max: 64, Diff: 64, Sum: 222, Workers: 12
[2024-12-07T18:48:47.110+0800][3.038s][debug][gc,phases         ] GC(24)       Skipped Cards:            Min: 0, Avg: 74.0, Max: 222, Diff: 222, Sum: 888, Workers: 12
[2024-12-07T18:48:47.110+0800][3.038s][debug][gc,phases         ] GC(24)     Code Root Scanning (ms):  Min:  0.0, Avg:  0.0, Max:  0.0, Diff:  0.0, Sum:  0.0, Workers: 12
[2024-12-07T18:48:47.111+0800][3.038s][debug][gc,phases         ] GC(24)     AOT Root Scanning (ms):   skipped
[2024-12-07T18:48:47.111+0800][3.038s][debug][gc,phases         ] GC(24)     Object Copy (ms):         Min:  0.0, Avg:  0.1, Max:  0.4, Diff:  0.3, Sum:  0.7, Workers: 12
[2024-12-07T18:48:47.111+0800][3.038s][debug][gc,phases         ] GC(24)     Termination (ms):         Min:  0.0, Avg:  2.5, Max:  3.9, Diff:  3.9, Sum: 29.6, Workers: 12
[2024-12-07T18:48:47.111+0800][3.038s][debug][gc,phases         ] GC(24)       Termination Attempts:     Min: 1, Avg:  1.0, Max: 1, Diff: 0, Sum: 12, Workers: 12
[2024-12-07T18:48:47.111+0800][3.038s][debug][gc,phases         ] GC(24)     GC Worker Other (ms):     Min:  0.5, Avg:  2.0, Max:  3.0, Diff:  2.4, Sum: 23.7, Workers: 12
[2024-12-07T18:48:47.111+0800][3.038s][debug][gc,phases         ] GC(24)     GC Worker Total (ms):     Min:  5.6, Avg:  7.1, Max:  8.0, Diff:  2.5, Sum: 85.5, Workers: 12
[2024-12-07T18:48:47.111+0800][3.038s][info ][gc,phases         ] GC(24)   Post Evacuate Collection Set: 18.7ms
[2024-12-07T18:48:47.111+0800][3.038s][debug][gc,phases         ] GC(24)     Code Roots Fixup: 0.0ms
[2024-12-07T18:48:47.111+0800][3.038s][debug][gc,phases         ] GC(24)     Clear Card Table: 0.1ms
[2024-12-07T18:48:47.111+0800][3.038s][debug][gc,phases         ] GC(24)     Reference Processing: 0.2ms
[2024-12-07T18:48:47.111+0800][3.039s][debug][gc,phases,ref     ] GC(24)       Reconsider SoftReferences: 0.1ms
[2024-12-07T18:48:47.111+0800][3.039s][debug][gc,phases,ref     ] GC(24)         SoftRef (ms):             skipped
[2024-12-07T18:48:47.111+0800][3.039s][debug][gc,phases,ref     ] GC(24)       Notify Soft/WeakReferences: 0.0ms
[2024-12-07T18:48:47.112+0800][3.039s][debug][gc,phases,ref     ] GC(24)         SoftRef (ms):             Min:  0.0, Avg:  0.0, Max:  0.0, Diff:  0.0, Sum:  0.0, Workers: 1
[2024-12-07T18:48:47.112+0800][3.039s][debug][gc,phases,ref     ] GC(24)         WeakRef (ms):             Min:  0.0, Avg:  0.0, Max:  0.0, Diff:  0.0, Sum:  0.0, Workers: 1
[2024-12-07T18:48:47.112+0800][3.039s][debug][gc,phases,ref     ] GC(24)         FinalRef (ms):            Min:  0.0, Avg:  0.0, Max:  0.0, Diff:  0.0, Sum:  0.0, Workers: 1
[2024-12-07T18:48:47.112+0800][3.039s][debug][gc,phases,ref     ] GC(24)         Total (ms):               Min:  0.0, Avg:  0.0, Max:  0.0, Diff:  0.0, Sum:  0.0, Workers: 1
[2024-12-07T18:48:47.112+0800][3.039s][debug][gc,phases,ref     ] GC(24)       Notify and keep alive finalizable: 0.1ms
[2024-12-07T18:48:47.112+0800][3.039s][debug][gc,phases,ref     ] GC(24)         FinalRef (ms):            skipped
[2024-12-07T18:48:47.112+0800][3.039s][debug][gc,phases,ref     ] GC(24)       Notify PhantomReferences: 0.0ms
[2024-12-07T18:48:47.112+0800][3.039s][debug][gc,phases,ref     ] GC(24)         PhantomRef (ms):          Min:  0.0, Avg:  0.0, Max:  0.0, Diff:  0.0, Sum:  0.0, Workers: 1
[2024-12-07T18:48:47.112+0800][3.040s][debug][gc,phases,ref     ] GC(24)       SoftReference:
[2024-12-07T18:48:47.113+0800][3.040s][debug][gc,phases,ref     ] GC(24)         Discovered: 0
[2024-12-07T18:48:47.113+0800][3.040s][debug][gc,phases,ref     ] GC(24)         Cleared: 0
[2024-12-07T18:48:47.113+0800][3.040s][debug][gc,phases,ref     ] GC(24)       WeakReference:
[2024-12-07T18:48:47.113+0800][3.040s][debug][gc,phases,ref     ] GC(24)         Discovered: 9
[2024-12-07T18:48:47.113+0800][3.040s][debug][gc,phases,ref     ] GC(24)         Cleared: 9
[2024-12-07T18:48:47.113+0800][3.040s][debug][gc,phases,ref     ] GC(24)       FinalReference:
[2024-12-07T18:48:47.113+0800][3.040s][debug][gc,phases,ref     ] GC(24)         Discovered: 0
[2024-12-07T18:48:47.113+0800][3.040s][debug][gc,phases,ref     ] GC(24)         Cleared: 0
[2024-12-07T18:48:47.113+0800][3.040s][debug][gc,phases,ref     ] GC(24)       PhantomReference:
[2024-12-07T18:48:47.113+0800][3.041s][debug][gc,phases,ref     ] GC(24)         Discovered: 5
[2024-12-07T18:48:47.113+0800][3.041s][debug][gc,phases,ref     ] GC(24)         Cleared: 5
[2024-12-07T18:48:47.113+0800][3.041s][debug][gc,phases         ] GC(24)     Weak Processing: 0.0ms
[2024-12-07T18:48:47.114+0800][3.041s][debug][gc,phases         ] GC(24)     Merge Per-Thread State: 0.0ms
[2024-12-07T18:48:47.114+0800][3.041s][debug][gc,phases         ] GC(24)     Code Roots Purge: 0.0ms
[2024-12-07T18:48:47.114+0800][3.041s][debug][gc,phases         ] GC(24)     Redirty Cards: 0.1ms
[2024-12-07T18:48:47.114+0800][3.041s][debug][gc,phases         ] GC(24)     DerivedPointerTable Update: 0.0ms
[2024-12-07T18:48:47.114+0800][3.041s][debug][gc,phases         ] GC(24)     Free Collection Set: 0.1ms
[2024-12-07T18:48:47.114+0800][3.041s][debug][gc,phases         ] GC(24)     Humongous Reclaim: 18.2ms
[2024-12-07T18:48:47.114+0800][3.041s][debug][gc,phases         ] GC(24)     Start New Collection Set: 0.0ms
[2024-12-07T18:48:47.114+0800][3.041s][debug][gc,phases         ] GC(24)     Resize TLABs: 0.0ms
[2024-12-07T18:48:47.114+0800][3.042s][debug][gc,phases         ] GC(24)     Expand Heap After Collection: 0.0ms
[2024-12-07T18:48:47.114+0800][3.042s][info ][gc,phases         ] GC(24)   Other: 3.0ms
[2024-12-07T18:48:47.114+0800][3.042s][info ][gc,heap           ] GC(24) Eden regions: 1->0(24)
[2024-12-07T18:48:47.115+0800][3.042s][info ][gc,heap           ] GC(24) Survivor regions: 1->1(4)
[2024-12-07T18:48:47.115+0800][3.042s][info ][gc,heap           ] GC(24) Old regions: 2->2
[2024-12-07T18:48:47.115+0800][3.042s][info ][gc,heap           ] GC(24) Humongous regions: 460->460
[2024-12-07T18:48:47.115+0800][3.042s][info ][gc,metaspace      ] GC(24) Metaspace: 554K(4864K)->554K(4864K) NonClass: 507K(4352K)->507K(4352K) Class: 46K(512K)->46K(512K)
[2024-12-07T18:48:47.115+0800][3.042s][debug][gc,heap           ] GC(24) Heap after GC invocations=25 (full 0): garbage-first heap   total 517120K, used 472203K [0x00000000e0000000, 0x0000000100000000)
[2024-12-07T18:48:47.115+0800][3.042s][debug][gc,heap           ] GC(24)   region size 1024K, 1 young (1024K), 1 survivors (1024K)
[2024-12-07T18:48:47.115+0800][3.042s][debug][gc,heap           ] GC(24)  Metaspace       used 554K, capacity 4570K, committed 4864K, reserved 1056768K
[2024-12-07T18:48:47.115+0800][3.042s][debug][gc,heap           ] GC(24)   class space    used 46K, capacity 419K, committed 512K, reserved 1048576K
[2024-12-07T18:48:47.115+0800][3.042s][info ][gc                ] GC(24) Pause Young (Concurrent Start) (G1 Humongous Allocation) 461M->461M(505M) 34.944ms
[2024-12-07T18:48:47.115+0800][3.043s][info ][gc,cpu            ] GC(24) User=0.03s Sys=0.01s Real=0.03s
[2024-12-07T18:48:47.115+0800][3.043s][info ][gc                ] GC(25) Concurrent Cycle
[2024-12-07T18:48:47.116+0800][3.043s][info ][gc,marking        ] GC(25) Concurrent Clear Claimed Marks
[2024-12-07T18:48:47.116+0800][3.043s][info ][gc,marking        ] GC(25) Concurrent Clear Claimed Marks 0.086ms
[2024-12-07T18:48:47.116+0800][3.043s][info ][gc,marking        ] GC(25) Concurrent Scan Root Regions
[2024-12-07T18:48:47.116+0800][3.043s][debug][gc,ergo           ] GC(25) Running G1 Root Region Scan using 1 workers for 1 work units.
[2024-12-07T18:48:47.116+0800][3.043s][info ][gc,marking        ] GC(25) Concurrent Scan Root Regions 0.464ms
[2024-12-07T18:48:47.116+0800][3.043s][info ][gc,marking        ] GC(25) Concurrent Mark (3.043s)
[2024-12-07T18:48:47.116+0800][3.044s][info ][gc,marking        ] GC(25) Concurrent Mark From Roots
[2024-12-07T18:48:47.116+0800][3.044s][info ][gc,task           ] GC(25) Using 5 workers of 5 for marking
[2024-12-07T18:48:47.117+0800][3.044s][debug][gc,stats          ] ---------------------------------------------------------------------
[2024-12-07T18:48:47.117+0800][3.044s][debug][gc,stats          ] Marking Stats, task = 0, calls = 27
[2024-12-07T18:48:47.117+0800][3.044s][debug][gc,stats          ]   Elapsed time = 0.46ms, Termination time = 0.00ms
[2024-12-07T18:48:47.117+0800][3.044s][debug][gc,stats          ]   Step Times (cum): num = 1239, avg = 0.01ms, sd = 0.16ms max = 3.25ms, total = 13.64ms
[2024-12-07T18:48:47.117+0800][3.045s][debug][gc,stats          ]   Mark Stats Cache: hits 4455 misses 231 ratio 95.070
[2024-12-07T18:48:47.117+0800][3.045s][debug][gc,stats          ] ---------------------------------------------------------------------
[2024-12-07T18:48:47.117+0800][3.045s][debug][gc,stats          ] Marking Stats, task = 1, calls = 33
[2024-12-07T18:48:47.118+0800][3.045s][debug][gc,stats          ]   Elapsed time = 0.45ms, Termination time = 0.00ms
[2024-12-07T18:48:47.118+0800][3.045s][debug][gc,stats          ]   Step Times (cum): num = 376, avg = 0.04ms, sd = 0.30ms max = 3.25ms, total = 13.80ms
[2024-12-07T18:48:47.118+0800][3.045s][debug][gc,stats          ]   Mark Stats Cache: hits 631 misses 2 ratio 99.684
[2024-12-07T18:48:47.118+0800][3.045s][debug][gc,stats          ] ---------------------------------------------------------------------
[2024-12-07T18:48:47.118+0800][3.045s][debug][gc,stats          ] Marking Stats, task = 2, calls = 1
[2024-12-07T18:48:47.118+0800][3.045s][debug][gc,stats          ]   Elapsed time = 0.42ms, Termination time = 0.00ms
[2024-12-07T18:48:47.118+0800][3.045s][debug][gc,stats          ]   Step Times (cum): num = 421, avg = 0.03ms, sd = 0.28ms max = 3.25ms, total = 13.69ms
[2024-12-07T18:48:47.118+0800][3.046s][debug][gc,stats          ]   Mark Stats Cache: hits 4250 misses 2 ratio 99.953
[2024-12-07T18:48:47.118+0800][3.046s][debug][gc,stats          ] ---------------------------------------------------------------------
[2024-12-07T18:48:47.118+0800][3.046s][debug][gc,stats          ] Marking Stats, task = 3, calls = 38
[2024-12-07T18:48:47.119+0800][3.046s][debug][gc,stats          ]   Elapsed time = 0.39ms, Termination time = 0.00ms
[2024-12-07T18:48:47.119+0800][3.046s][debug][gc,stats          ]   Step Times (cum): num = 426, avg = 0.03ms, sd = 0.28ms max = 3.25ms, total = 13.56ms
[2024-12-07T18:48:47.119+0800][3.046s][debug][gc,stats          ]   Mark Stats Cache: hits 557 misses 1 ratio 99.821
[2024-12-07T18:48:47.119+0800][3.046s][debug][gc,stats          ] ---------------------------------------------------------------------
[2024-12-07T18:48:47.119+0800][3.046s][debug][gc,stats          ] Marking Stats, task = 4, calls = 32
[2024-12-07T18:48:47.119+0800][3.046s][debug][gc,stats          ]   Elapsed time = 0.37ms, Termination time = 0.00ms
[2024-12-07T18:48:47.119+0800][3.046s][debug][gc,stats          ]   Step Times (cum): num = 330, avg = 0.04ms, sd = 0.32ms max = 3.25ms, total = 13.62ms
[2024-12-07T18:48:47.119+0800][3.046s][debug][gc,stats          ]   Mark Stats Cache: hits 593 misses 1 ratio 99.832
[2024-12-07T18:48:47.119+0800][3.047s][debug][gc,stats          ] ---------------------------------------------------------------------
[2024-12-07T18:48:47.120+0800][3.047s][info ][gc,marking        ] GC(25) Concurrent Mark From Roots 3.194ms
[2024-12-07T18:48:47.120+0800][3.047s][info ][gc,marking        ] GC(25) Concurrent Preclean
[2024-12-07T18:48:47.120+0800][3.047s][debug][gc,ref,start      ] GC(25) Preclean SoftReferences
[2024-12-07T18:48:47.120+0800][3.047s][debug][gc,ref            ] GC(25) Preclean SoftReferences 0.107ms
[2024-12-07T18:48:47.120+0800][3.047s][debug][gc,ref,start      ] GC(25) Preclean WeakReferences
[2024-12-07T18:48:47.120+0800][3.047s][debug][gc,ref            ] GC(25) Preclean WeakReferences 0.093ms
[2024-12-07T18:48:47.120+0800][3.047s][debug][gc,ref,start      ] GC(25) Preclean FinalReferences
[2024-12-07T18:48:47.120+0800][3.048s][debug][gc,ref            ] GC(25) Preclean FinalReferences 0.093ms
[2024-12-07T18:48:47.120+0800][3.048s][debug][gc,ref,start      ] GC(25) Preclean PhantomReferences
[2024-12-07T18:48:47.121+0800][3.048s][debug][gc,ref            ] GC(25) Preclean PhantomReferences 0.089ms
[2024-12-07T18:48:47.121+0800][3.048s][info ][gc,marking        ] GC(25) Concurrent Preclean 0.908ms
[2024-12-07T18:48:47.121+0800][3.048s][info ][gc,marking        ] GC(25) Concurrent Mark (3.043s, 3.048s) 4.442ms
[2024-12-07T18:48:47.121+0800][3.048s][info ][gc,start          ] GC(25) Pause Remark
[2024-12-07T18:48:47.121+0800][3.048s][debug][gc,phases,start   ] GC(25) Finalize Marking
[2024-12-07T18:48:47.124+0800][3.051s][debug][gc,stats          ] ---------------------------------------------------------------------
[2024-12-07T18:48:47.124+0800][3.051s][debug][gc,stats          ] Marking Stats, task = 0, calls = 100
[2024-12-07T18:48:47.124+0800][3.052s][debug][gc,stats          ]   Elapsed time = 2.75ms, Termination time = 2.03ms
[2024-12-07T18:48:47.124+0800][3.052s][debug][gc,stats          ]   Step Times (cum): num = 1312, avg = 0.01ms, sd = 0.17ms max = 3.25ms, total = 15.67ms
[2024-12-07T18:48:47.125+0800][3.052s][debug][gc,stats          ]   Mark Stats Cache: hits 4455 misses 231 ratio 95.070
[2024-12-07T18:48:47.125+0800][3.052s][debug][gc,stats          ] ---------------------------------------------------------------------
[2024-12-07T18:48:47.125+0800][3.052s][debug][gc,stats          ] Marking Stats, task = 1, calls = 34
[2024-12-07T18:48:47.125+0800][3.052s][debug][gc,stats          ]   Elapsed time = 2.91ms, Termination time = 2.17ms
[2024-12-07T18:48:47.125+0800][3.052s][debug][gc,stats          ]   Step Times (cum): num = 377, avg = 0.04ms, sd = 0.32ms max = 3.25ms, total = 15.96ms
[2024-12-07T18:48:47.125+0800][3.052s][debug][gc,stats          ]   Mark Stats Cache: hits 631 misses 2 ratio 99.684
[2024-12-07T18:48:47.125+0800][3.053s][debug][gc,stats          ] ---------------------------------------------------------------------
[2024-12-07T18:48:47.125+0800][3.053s][debug][gc,stats          ] Marking Stats, task = 2, calls = 2
[2024-12-07T18:48:47.126+0800][3.053s][debug][gc,stats          ]   Elapsed time = 2.75ms, Termination time = 2.03ms
[2024-12-07T18:48:47.126+0800][3.053s][debug][gc,stats          ]   Step Times (cum): num = 422, avg = 0.04ms, sd = 0.30ms max = 3.25ms, total = 15.72ms
[2024-12-07T18:48:47.126+0800][3.053s][debug][gc,stats          ]   Mark Stats Cache: hits 4250 misses 2 ratio 99.953
[2024-12-07T18:48:47.126+0800][3.053s][debug][gc,stats          ] ---------------------------------------------------------------------
[2024-12-07T18:48:47.126+0800][3.053s][debug][gc,stats          ] Marking Stats, task = 3, calls = 39
[2024-12-07T18:48:47.126+0800][3.053s][debug][gc,stats          ]   Elapsed time = 2.76ms, Termination time = 2.03ms
[2024-12-07T18:48:47.126+0800][3.053s][debug][gc,stats          ]   Step Times (cum): num = 427, avg = 0.04ms, sd = 0.29ms max = 3.25ms, total = 15.59ms
[2024-12-07T18:48:47.126+0800][3.054s][debug][gc,stats          ]   Mark Stats Cache: hits 557 misses 1 ratio 99.821
[2024-12-07T18:48:47.126+0800][3.054s][debug][gc,stats          ] ---------------------------------------------------------------------
[2024-12-07T18:48:47.126+0800][3.054s][debug][gc,stats          ] Marking Stats, task = 4, calls = 33
[2024-12-07T18:48:47.127+0800][3.054s][debug][gc,stats          ]   Elapsed time = 2.77ms, Termination time = 2.03ms
[2024-12-07T18:48:47.127+0800][3.054s][debug][gc,stats          ]   Step Times (cum): num = 331, avg = 0.05ms, sd = 0.33ms max = 3.25ms, total = 15.65ms
[2024-12-07T18:48:47.127+0800][3.054s][debug][gc,stats          ]   Mark Stats Cache: hits 593 misses 1 ratio 99.832
[2024-12-07T18:48:47.127+0800][3.054s][debug][gc,stats          ] ---------------------------------------------------------------------
[2024-12-07T18:48:47.127+0800][3.054s][debug][gc,stats          ] Marking Stats, task = 5, calls = 1
[2024-12-07T18:48:47.127+0800][3.054s][debug][gc,stats          ]   Elapsed time = 2.73ms, Termination time = 2.40ms
[2024-12-07T18:48:47.127+0800][3.054s][debug][gc,stats          ]   Step Times (cum): num = 13, avg = 1.20ms, sd = 1.23ms max = 3.25ms, total = 15.54ms
[2024-12-07T18:48:47.127+0800][3.054s][debug][gc,stats          ]   Mark Stats Cache: hits 0 misses 0 ratio 0.000
[2024-12-07T18:48:47.127+0800][3.055s][debug][gc,stats          ] ---------------------------------------------------------------------
[2024-12-07T18:48:47.127+0800][3.055s][debug][gc,stats          ] Marking Stats, task = 6, calls = 1
[2024-12-07T18:48:47.128+0800][3.055s][debug][gc,stats          ]   Elapsed time = 2.71ms, Termination time = 2.45ms
[2024-12-07T18:48:47.128+0800][3.055s][debug][gc,stats          ]   Step Times (cum): num = 13, avg = 1.23ms, sd = 1.25ms max = 3.43ms, total = 15.94ms
[2024-12-07T18:48:47.128+0800][3.055s][debug][gc,stats          ]   Mark Stats Cache: hits 0 misses 0 ratio 0.000
[2024-12-07T18:48:47.128+0800][3.055s][debug][gc,stats          ] ---------------------------------------------------------------------
[2024-12-07T18:48:47.128+0800][3.055s][debug][gc,stats          ] Marking Stats, task = 7, calls = 1
[2024-12-07T18:48:47.128+0800][3.055s][debug][gc,stats          ]   Elapsed time = 2.81ms, Termination time = 2.05ms
[2024-12-07T18:48:47.128+0800][3.055s][debug][gc,stats          ]   Step Times (cum): num = 13, avg = 1.23ms, sd = 1.17ms max = 3.25ms, total = 15.98ms
[2024-12-07T18:48:47.128+0800][3.055s][debug][gc,stats          ]   Mark Stats Cache: hits 0 misses 0 ratio 0.000
[2024-12-07T18:48:47.128+0800][3.055s][debug][gc,stats          ] ---------------------------------------------------------------------
[2024-12-07T18:48:47.128+0800][3.056s][debug][gc,stats          ] Marking Stats, task = 8, calls = 1
[2024-12-07T18:48:47.128+0800][3.056s][debug][gc,stats          ]   Elapsed time = 2.80ms, Termination time = 2.06ms
[2024-12-07T18:48:47.128+0800][3.056s][debug][gc,stats          ]   Step Times (cum): num = 13, avg = 1.22ms, sd = 1.23ms max = 3.43ms, total = 15.84ms
[2024-12-07T18:48:47.129+0800][3.056s][debug][gc,stats          ]   Mark Stats Cache: hits 0 misses 0 ratio 0.000
[2024-12-07T18:48:47.129+0800][3.056s][debug][gc,stats          ] ---------------------------------------------------------------------
[2024-12-07T18:48:47.129+0800][3.056s][debug][gc,stats          ] Marking Stats, task = 9, calls = 1
[2024-12-07T18:48:47.129+0800][3.056s][debug][gc,stats          ]   Elapsed time = 2.79ms, Termination time = 2.06ms
[2024-12-07T18:48:47.129+0800][3.056s][debug][gc,stats          ]   Step Times (cum): num = 13, avg = 1.18ms, sd = 1.15ms max = 3.25ms, total = 15.37ms
[2024-12-07T18:48:47.129+0800][3.056s][debug][gc,stats          ]   Mark Stats Cache: hits 0 misses 0 ratio 0.000
[2024-12-07T18:48:47.129+0800][3.057s][debug][gc,stats          ] ---------------------------------------------------------------------
[2024-12-07T18:48:47.129+0800][3.057s][debug][gc,stats          ] Marking Stats, task = 10, calls = 1
[2024-12-07T18:48:47.129+0800][3.057s][debug][gc,stats          ]   Elapsed time = 1.40ms, Termination time = 1.04ms
[2024-12-07T18:48:47.130+0800][3.057s][debug][gc,stats          ]   Step Times (cum): num = 13, avg = 0.55ms, sd = 0.90ms max = 3.05ms, total = 7.21ms
[2024-12-07T18:48:47.130+0800][3.057s][debug][gc,stats          ]   Mark Stats Cache: hits 0 misses 0 ratio 0.000
[2024-12-07T18:48:47.130+0800][3.057s][debug][gc,stats          ] ---------------------------------------------------------------------
[2024-12-07T18:48:47.130+0800][3.057s][debug][gc,stats          ] Marking Stats, task = 11, calls = 1
[2024-12-07T18:48:47.130+0800][3.057s][debug][gc,stats          ]   Elapsed time = 0.01ms, Termination time = 0.00ms
[2024-12-07T18:48:47.130+0800][3.057s][debug][gc,stats          ]   Step Times (cum): num = 13, avg = 0.00ms, sd = 0.00ms max = 0.00ms, total = 0.00ms
[2024-12-07T18:48:47.130+0800][3.057s][debug][gc,stats          ]   Mark Stats Cache: hits 0 misses 0 ratio 0.000
[2024-12-07T18:48:47.130+0800][3.057s][debug][gc,stats          ] ---------------------------------------------------------------------
[2024-12-07T18:48:47.130+0800][3.058s][debug][gc,phases         ] GC(25) Finalize Marking 9.204ms
[2024-12-07T18:48:47.130+0800][3.058s][debug][gc,phases,start   ] GC(25) Reference Processing
[2024-12-07T18:48:47.130+0800][3.058s][debug][gc,ref            ] GC(25) Skipped phase1 of Reference Processing due to unavailable references
[2024-12-07T18:48:47.131+0800][3.058s][debug][gc,ref            ] GC(25) Skipped phase2 of Reference Processing due to unavailable references
[2024-12-07T18:48:47.131+0800][3.058s][debug][gc,ref            ] GC(25) Skipped phase3 of Reference Processing due to unavailable references
[2024-12-07T18:48:47.131+0800][3.058s][debug][gc,ref            ] GC(25) Skipped phase4 of Reference Processing due to unavailable references
[2024-12-07T18:48:47.131+0800][3.058s][debug][gc,phases,ref     ] GC(25) Reference Processing: 0.3ms
[2024-12-07T18:48:47.131+0800][3.058s][debug][gc,phases,ref     ] GC(25)   Reconsider SoftReferences: 0.1ms
[2024-12-07T18:48:47.131+0800][3.058s][debug][gc,phases,ref     ] GC(25)     SoftRef (ms):             skipped
[2024-12-07T18:48:47.131+0800][3.058s][debug][gc,phases,ref     ] GC(25)   Notify Soft/WeakReferences: 0.1ms
[2024-12-07T18:48:47.131+0800][3.058s][debug][gc,phases,ref     ] GC(25)     SoftRef (ms):             skipped
[2024-12-07T18:48:47.131+0800][3.058s][debug][gc,phases,ref     ] GC(25)     WeakRef (ms):             skipped
[2024-12-07T18:48:47.131+0800][3.058s][debug][gc,phases,ref     ] GC(25)     FinalRef (ms):            skipped
[2024-12-07T18:48:47.131+0800][3.059s][debug][gc,phases,ref     ] GC(25)     Total (ms):               skipped
[2024-12-07T18:48:47.131+0800][3.059s][debug][gc,phases,ref     ] GC(25)   Notify and keep alive finalizable: 0.1ms
[2024-12-07T18:48:47.131+0800][3.059s][debug][gc,phases,ref     ] GC(25)     FinalRef (ms):            skipped
[2024-12-07T18:48:47.132+0800][3.059s][debug][gc,phases,ref     ] GC(25)   Notify PhantomReferences: 0.1ms
[2024-12-07T18:48:47.132+0800][3.059s][debug][gc,phases,ref     ] GC(25)     PhantomRef (ms):          skipped
[2024-12-07T18:48:47.132+0800][3.059s][debug][gc,phases,ref     ] GC(25)   SoftReference:
[2024-12-07T18:48:47.132+0800][3.059s][debug][gc,phases,ref     ] GC(25)     Discovered: 0
[2024-12-07T18:48:47.132+0800][3.059s][debug][gc,phases,ref     ] GC(25)     Cleared: 0
[2024-12-07T18:48:47.132+0800][3.059s][debug][gc,phases,ref     ] GC(25)   WeakReference:
[2024-12-07T18:48:47.132+0800][3.059s][debug][gc,phases,ref     ] GC(25)     Discovered: 0
[2024-12-07T18:48:47.132+0800][3.059s][debug][gc,phases,ref     ] GC(25)     Cleared: 0
[2024-12-07T18:48:47.132+0800][3.059s][debug][gc,phases,ref     ] GC(25)   FinalReference:
[2024-12-07T18:48:47.132+0800][3.060s][debug][gc,phases,ref     ] GC(25)     Discovered: 0
[2024-12-07T18:48:47.132+0800][3.060s][debug][gc,phases,ref     ] GC(25)     Cleared: 0
[2024-12-07T18:48:47.132+0800][3.060s][debug][gc,phases,ref     ] GC(25)   PhantomReference:
[2024-12-07T18:48:47.133+0800][3.060s][debug][gc,phases,ref     ] GC(25)     Discovered: 0
[2024-12-07T18:48:47.133+0800][3.060s][debug][gc,phases,ref     ] GC(25)     Cleared: 0
[2024-12-07T18:48:47.133+0800][3.060s][debug][gc,phases         ] GC(25) Reference Processing 2.310ms
[2024-12-07T18:48:47.133+0800][3.060s][debug][gc,phases,start   ] GC(25) Weak Processing
[2024-12-07T18:48:47.133+0800][3.060s][debug][gc,phases         ] GC(25) Weak Processing 0.082ms
[2024-12-07T18:48:47.133+0800][3.060s][debug][gc,phases,start   ] GC(25) Class Unloading
[2024-12-07T18:48:47.133+0800][3.060s][debug][gc,phases,start   ] GC(25) ClassLoaderData
[2024-12-07T18:48:47.133+0800][3.060s][debug][gc,phases         ] GC(25) ClassLoaderData 0.085ms
[2024-12-07T18:48:47.133+0800][3.060s][debug][gc,phases,start   ] GC(25) ProtectionDomainCacheTable
[2024-12-07T18:48:47.133+0800][3.060s][debug][gc,phases         ] GC(25) ProtectionDomainCacheTable 0.079ms
[2024-12-07T18:48:47.134+0800][3.061s][info ][gc,stringtable    ] GC(25) Cleaned string and symbol table, strings: 39 processed, 0 removed, symbols: 191 processed, 0 removed
[2024-12-07T18:48:47.134+0800][3.061s][debug][gc,phases         ] GC(25) Class Unloading 0.769ms
[2024-12-07T18:48:47.134+0800][3.061s][debug][gc,phases,start   ] GC(25) Flush Task Caches
[2024-12-07T18:48:47.134+0800][3.061s][debug][gc,stats          ] Mark stats cache hits 10486 misses 237 ratio 97.790
[2024-12-07T18:48:47.134+0800][3.061s][debug][gc,phases         ] GC(25) Flush Task Caches 0.183ms
[2024-12-07T18:48:47.134+0800][3.061s][debug][gc,phases,start   ] GC(25) Update Remembered Set Tracking Before Rebuild
[2024-12-07T18:48:47.134+0800][3.061s][debug][gc,ergo           ] GC(25) Running G1 Update RemSet Tracking Before Rebuild using 2 workers for 505 regions in heap
[2024-12-07T18:48:47.134+0800][3.061s][debug][gc,remset,tracking] GC(25) Remembered Set Tracking update regions total 505, selected 0
[2024-12-07T18:48:47.134+0800][3.062s][debug][gc,phases         ] GC(25) Update Remembered Set Tracking Before Rebuild 0.300ms
[2024-12-07T18:48:47.134+0800][3.062s][debug][gc,phases,start   ] GC(25) Reclaim Empty Regions
[2024-12-07T18:48:47.135+0800][3.062s][debug][gc,phases         ] GC(25) Reclaim Empty Regions 0.171ms
[2024-12-07T18:48:47.135+0800][3.062s][debug][gc,phases,start   ] GC(25) Purge Metaspace
[2024-12-07T18:48:47.135+0800][3.062s][debug][gc,phases         ] GC(25) Purge Metaspace 0.081ms
[2024-12-07T18:48:47.135+0800][3.062s][debug][gc,phases,start   ] GC(25) Report Object Count
[2024-12-07T18:48:47.135+0800][3.062s][debug][gc,phases         ] GC(25) Report Object Count 0.080ms
[2024-12-07T18:48:47.135+0800][3.062s][info ][gc                ] GC(25) Pause Remark 481M->481M(505M) 14.097ms
[2024-12-07T18:48:47.135+0800][3.062s][info ][gc,cpu            ] GC(25) User=0.02s Sys=0.01s Real=0.01s
[2024-12-07T18:48:47.135+0800][3.062s][info ][gc,marking        ] GC(25) Concurrent Rebuild Remembered Sets
[2024-12-07T18:48:47.136+0800][3.063s][info ][gc,marking        ] GC(25) Concurrent Rebuild Remembered Sets 0.299ms
[2024-12-07T18:48:47.136+0800][3.063s][info ][gc,start          ] GC(25) Pause Cleanup
[2024-12-07T18:48:47.136+0800][3.063s][debug][gc,phases,start   ] GC(25) Update Remembered Set Tracking After Rebuild
[2024-12-07T18:48:47.136+0800][3.063s][debug][gc,phases         ] GC(25) Update Remembered Set Tracking After Rebuild 0.095ms
[2024-12-07T18:48:47.136+0800][3.063s][debug][gc,phases,start   ] GC(25) Finalize Concurrent Mark Cleanup
[2024-12-07T18:48:47.136+0800][3.063s][debug][gc,ergo           ] GC(25) request young-only gcs (candidate old regions not available)
[2024-12-07T18:48:47.136+0800][3.064s][debug][gc,phases         ] GC(25) Finalize Concurrent Mark Cleanup 0.318ms
[2024-12-07T18:48:47.136+0800][3.064s][info ][gc                ] GC(25) Pause Cleanup 481M->481M(505M) 0.666ms
[2024-12-07T18:48:47.137+0800][3.064s][info ][gc,cpu            ] GC(25) User=0.00s Sys=0.00s Real=0.00s
[2024-12-07T18:48:47.137+0800][3.064s][info ][gc,marking        ] GC(25) Concurrent Cleanup for Next Mark
[2024-12-07T18:48:47.137+0800][3.064s][debug][gc,ergo           ] GC(25) Running G1 Clear Bitmap with 5 workers for 8 work units.
[2024-12-07T18:48:47.137+0800][3.064s][info ][gc,marking        ] GC(25) Concurrent Cleanup for Next Mark 0.382ms
[2024-12-07T18:48:47.137+0800][3.064s][info ][gc                ] GC(25) Concurrent Cycle 21.699ms
[2024-12-07T18:48:47.223+0800][3.150s][debug][gc,ergo,ihop      ] Request concurrent cycle initiation (occupancy higher than threshold) occupancy: 505413632B allocation request: 1048592B threshold: 238288896B (45.00) source: concurrent humongous allocation
[2024-12-07T18:48:47.224+0800][3.151s][debug][gc,ergo           ] Request concurrent cycle initiation (requested by GC cause). GC cause: G1 Humongous Allocation
[2024-12-07T18:48:47.224+0800][3.151s][debug][gc,heap           ] GC(26) Heap before GC invocations=26 (full 0): garbage-first heap   total 517120K, used 492683K [0x00000000e0000000, 0x0000000100000000)
[2024-12-07T18:48:47.224+0800][3.151s][debug][gc,heap           ] GC(26)   region size 1024K, 2 young (2048K), 1 survivors (1024K)
[2024-12-07T18:48:47.224+0800][3.151s][debug][gc,heap           ] GC(26)  Metaspace       used 554K, capacity 4570K, committed 4864K, reserved 1056768K
[2024-12-07T18:48:47.224+0800][3.151s][debug][gc,heap           ] GC(26)   class space    used 46K, capacity 419K, committed 512K, reserved 1048576K
[2024-12-07T18:48:47.224+0800][3.152s][debug][gc,ergo           ] GC(26) Initiate concurrent cycle (concurrent cycle initiation requested)
[2024-12-07T18:48:47.225+0800][3.152s][info ][gc,start          ] GC(26) Pause Young (Concurrent Start) (G1 Humongous Allocation)
[2024-12-07T18:48:47.225+0800][3.152s][info ][gc,task           ] GC(26) Using 12 workers of 18 for evacuation
[2024-12-07T18:48:47.225+0800][3.152s][debug][gc,tlab           ] GC(26) TLAB totals: thrds: 1  refills: 1 max: 1 slow allocs: 1 max 1 waste: 100.0% gc: 503192B max: 503192B slow: 0B max: 0B fast: 0B max: 0B
[2024-12-07T18:48:47.225+0800][3.152s][debug][gc,alloc,region   ] GC(26) Mutator Allocation stats, regions: 1, wasted size: 0B ( 0.0%)
[2024-12-07T18:48:47.225+0800][3.153s][debug][gc,age            ] GC(26) Desired survivor size 2097152 bytes, new threshold 15 (max threshold 15)
[2024-12-07T18:48:47.226+0800][3.153s][debug][gc,ergo,cset      ] GC(26) Finish choosing CSet. old: 0 regions, predicted old region time: 0.00ms, time remaining: 140.32
[2024-12-07T18:48:47.226+0800][3.153s][debug][gc,task,stats     ] GC(26) GC Termination Stats
[2024-12-07T18:48:47.226+0800][3.153s][debug][gc,task,stats     ] GC(26)      elapsed  --strong roots-- -------termination------- ------waste (KiB)------
[2024-12-07T18:48:47.226+0800][3.153s][debug][gc,task,stats     ] GC(26) thr     ms        ms      %        ms      %    attempts  total   alloc    undo
[2024-12-07T18:48:47.226+0800][3.154s][debug][gc,task,stats     ] GC(26) --- --------- --------- ------ --------- ------ -------- ------- ------- -------
[2024-12-07T18:48:47.228+0800][3.155s][debug][gc,task,stats     ] GC(26)   7      1.54      1.54  99.80      0.00   0.01        1       0       0       0
[2024-12-07T18:48:47.229+0800][3.156s][debug][gc,task,stats     ] GC(26)   5      1.89      0.81  43.00      0.78  41.34       11       0       0       0
[2024-12-07T18:48:47.229+0800][3.156s][debug][gc,task,stats     ] GC(26)   0      2.55      0.68  26.67      0.87  34.27       29       1       1       0
[2024-12-07T18:48:47.230+0800][3.157s][debug][gc,task,stats     ] GC(26)   1      3.06      1.10  35.81      0.54  17.65        1       0       0       0
[2024-12-07T18:48:47.230+0800][3.157s][debug][gc,task,stats     ] GC(26)   2      3.41      1.10  32.13      0.53  15.65        1       0       0       0
[2024-12-07T18:48:47.230+0800][3.157s][debug][gc,task,stats     ] GC(26)   9      3.46      0.51  14.78      0.83  23.87       34       0       0       0
[2024-12-07T18:48:47.230+0800][3.157s][debug][gc,task,stats     ] GC(26)   6      3.63      0.57  15.79      0.84  23.11       40       0       0       0
[2024-12-07T18:48:47.230+0800][3.158s][debug][gc,task,stats     ] GC(26)   4      3.77      0.61  16.15      0.88  23.28       25       0       0       0
[2024-12-07T18:48:47.231+0800][3.158s][debug][gc,task,stats     ] GC(26)   3      3.96      0.96  24.31      0.62  15.66        7       0       0       0
[2024-12-07T18:48:47.231+0800][3.158s][debug][gc,task,stats     ] GC(26)  10      4.04      0.54  13.35      0.81  19.94       38       0       0       0
[2024-12-07T18:48:47.231+0800][3.158s][debug][gc,task,stats     ] GC(26)  11      4.16      0.55  13.16      0.87  21.01       17       0       0       0
[2024-12-07T18:48:47.231+0800][3.158s][debug][gc,task,stats     ] GC(26)   8      4.39      1.25  28.37      0.28   6.37        1       0       0       0
[2024-12-07T18:48:47.231+0800][3.158s][debug][gc,ergo           ] GC(26) Running G1 Clear Card Table Task using 1 workers for 1 units of work for 3 regions.
[2024-12-07T18:48:47.231+0800][3.159s][debug][gc,ref            ] GC(26) Skipped phase1 of Reference Processing due to unavailable references
[2024-12-07T18:48:47.232+0800][3.159s][debug][gc,ref            ] GC(26) Skipped phase3 of Reference Processing due to unavailable references
[2024-12-07T18:48:47.232+0800][3.159s][debug][gc,ergo           ] GC(26) Running G1 Free Collection Set using 1 workers for collection set length 2
[2024-12-07T18:48:47.232+0800][3.159s][debug][gc,humongous      ] GC(26) Live humongous region 0 object size 1048592 start 0x00000000e0000000  with remset 0 code roots 0 is marked 0 reclaim candidate 0 type array 1
[2024-12-07T18:48:47.232+0800][3.159s][debug][gc,humongous      ] GC(26) Live humongous region 2 object size 1048592 start 0x00000000e0200000  with remset 0 code roots 0 is marked 0 reclaim candidate 0 type array 1
[2024-12-07T18:48:47.233+0800][3.160s][debug][gc,humongous      ] GC(26) Live humongous region 4 object size 1048592 start 0x00000000e0400000  with remset 0 code roots 0 is marked 0 reclaim candidate 0 type array 1
[2024-12-07T18:48:47.233+0800][3.160s][debug][gc,humongous      ] GC(26) Live humongous region 6 object size 1048592 start 0x00000000e0600000  with remset 0 code roots 0 is marked 0 reclaim candidate 0 type array 1
[2024-12-07T18:48:47.233+0800][3.160s][debug][gc,humongous      ] GC(26) Live humongous region 8 object size 1048592 start 0x00000000e0800000  with remset 0 code roots 0 is marked 0 reclaim candidate 0 type array 1
[2024-12-07T18:48:47.233+0800][3.161s][debug][gc,humongous      ] GC(26) Live humongous region 10 object size 1048592 start 0x00000000e0a00000  with remset 0 code roots 0 is marked 0 reclaim candidate 0 type array 1
[2024-12-07T18:48:47.233+0800][3.161s][debug][gc,humongous      ] GC(26) Live humongous region 12 object size 1048592 start 0x00000000e0c00000  with remset 0 code roots 0 is marked 0 reclaim candidate 0 type array 1
[2024-12-07T18:48:47.234+0800][3.161s][debug][gc,humongous      ] GC(26) Live humongous region 14 object size 1048592 start 0x00000000e0e00000  with remset 0 code roots 0 is marked 0 reclaim candidate 0 type array 1
[2024-12-07T18:48:47.234+0800][3.161s][debug][gc,humongous      ] GC(26) Live humongous region 16 object size 1048592 start 0x00000000e1000000  with remset 0 code roots 0 is marked 0 reclaim candidate 0 type array 1
[2024-12-07T18:48:47.234+0800][3.161s][debug][gc,humongous      ] GC(26) Live humongous region 18 object size 1048592 start 0x00000000e1200000  with remset 0 code roots 0 is marked 0 reclaim candidate 0 type array 1
[2024-12-07T18:48:47.234+0800][3.161s][debug][gc,humongous      ] GC(26) Live humongous region 20 object size 1048592 start 0x00000000e1400000  with remset 0 code roots 0 is marked 0 reclaim candidate 0 type array 1
[2024-12-07T18:48:47.234+0800][3.161s][debug][gc,humongous      ] GC(26) Live humongous region 22 object size 1048592 start 0x00000000e1600000  with remset 0 code roots 0 is marked 0 reclaim candidate 0 type array 1
[2024-12-07T18:48:47.234+0800][3.161s][debug][gc,humongous      ] GC(26) Live humongous region 24 object size 1048592 start 0x00000000e1800000  with remset 0 code roots 0 is marked 0 reclaim candidate 0 type array 1
[2024-12-07T18:48:47.234+0800][3.161s][debug][gc,humongous      ] GC(26) Live humongous region 26 object size 1048592 start 0x00000000e1a00000  with remset 0 code roots 0 is marked 0 reclaim candidate 0 type array 1
[2024-12-07T18:48:47.234+0800][3.161s][debug][gc,humongous      ] GC(26) Live humongous region 28 object size 1048592 start 0x00000000e1c00000  with remset 0 code roots 0 is marked 0 reclaim candidate 0 type array 1
[2024-12-07T18:48:47.234+0800][3.161s][debug][gc,humongous      ] GC(26) Live humongous region 30 object size 1048592 start 0x00000000e1e00000  with remset 0 code roots 0 is marked 0 reclaim candidate 0 type array 1
[2024-12-07T18:48:47.234+0800][3.161s][debug][gc,humongous      ] GC(26) Live humongous region 32 object size 1048592 start 0x00000000e2000000  with remset 0 code roots 0 is marked 0 reclaim candidate 0 type array 1
[2024-12-07T18:48:47.234+0800][3.161s][debug][gc,humongous      ] GC(26) Live humongous region 34 object size 1048592 start 0x00000000e2200000  with remset 0 code roots 0 is marked 0 reclaim candidate 0 type array 1
[2024-12-07T18:48:47.234+0800][3.161s][debug][gc,humongous      ] GC(26) Live humongous region 36 object size 1048592 start 0x00000000e2400000  with remset 0 code roots 0 is marked 0 reclaim candidate 0 type array 1
[2024-12-07T18:48:47.234+0800][3.162s][debug][gc,humongous      ] GC(26) Live humongous region 38 object size 1048592 start 0x00000000e2600000  with remset 0 code roots 0 is marked 0 reclaim candidate 0 type array 1
[2024-12-07T18:48:47.234+0800][3.162s][debug][gc,humongous      ] GC(26) Live humongous region 40 object size 1048592 start 0x00000000e2800000  with remset 0 code roots 0 is marked 0 reclaim candidate 0 type array 1
[2024-12-07T18:48:47.234+0800][3.162s][debug][gc,humongous      ] GC(26) Live humongous region 42 object size 1048592 start 0x00000000e2a00000  with remset 0 code roots 0 is marked 0 reclaim candidate 0 type array 1
[2024-12-07T18:48:47.234+0800][3.162s][debug][gc,humongous      ] GC(26) Live humongous region 44 object size 1048592 start 0x00000000e2c00000  with remset 0 code roots 0 is marked 0 reclaim candidate 0 type array 1
[2024-12-07T18:48:47.235+0800][3.162s][debug][gc,humongous      ] GC(26) Live humongous region 46 object size 1048592 start 0x00000000e2e00000  with remset 0 code roots 0 is marked 0 reclaim candidate 0 type array 1
[2024-12-07T18:48:47.235+0800][3.162s][debug][gc,humongous      ] GC(26) Live humongous region 48 object size 1048592 start 0x00000000e3000000  with remset 0 code roots 0 is marked 0 reclaim candidate 0 type array 1
[2024-12-07T18:48:47.235+0800][3.162s][debug][gc,humongous      ] GC(26) Live humongous region 50 object size 1048592 start 0x00000000e3200000  with remset 0 code roots 0 is marked 0 reclaim candidate 0 type array 1
[2024-12-07T18:48:47.235+0800][3.162s][debug][gc,humongous      ] GC(26) Live humongous region 52 object size 1048592 start 0x00000000e3400000  with remset 0 code roots 0 is marked 0 reclaim candidate 0 type array 1
[2024-12-07T18:48:47.235+0800][3.162s][debug][gc,humongous      ] GC(26) Live humongous region 54 object size 1048592 start 0x00000000e3600000  with remset 0 code roots 0 is marked 0 reclaim candidate 0 type array 1
[2024-12-07T18:48:47.235+0800][3.162s][debug][gc,humongous      ] GC(26) Live humongous region 56 object size 1048592 start 0x00000000e3800000  with remset 0 code roots 0 is marked 0 reclaim candidate 0 type array 1
[2024-12-07T18:48:47.235+0800][3.162s][debug][gc,humongous      ] GC(26) Live humongous region 58 object size 1048592 start 0x00000000e3a00000  with remset 0 code roots 0 is marked 0 reclaim candidate 0 type array 1
[2024-12-07T18:48:47.235+0800][3.162s][debug][gc,humongous      ] GC(26) Live humongous region 60 object size 1048592 start 0x00000000e3c00000  with remset 0 code roots 0 is marked 0 reclaim candidate 0 type array 1
[2024-12-07T18:48:47.235+0800][3.162s][debug][gc,humongous      ] GC(26) Live humongous region 62 object size 1048592 start 0x00000000e3e00000  with remset 0 code roots 0 is marked 0 reclaim candidate 0 type array 1
[2024-12-07T18:48:47.235+0800][3.162s][debug][gc,humongous      ] GC(26) Live humongous region 64 object size 1048592 start 0x00000000e4000000  with remset 0 code roots 0 is marked 0 reclaim candidate 0 type array 1
[2024-12-07T18:48:47.235+0800][3.162s][debug][gc,humongous      ] GC(26) Live humongous region 66 object size 1048592 start 0x00000000e4200000  with remset 0 code roots 0 is marked 0 reclaim candidate 0 type array 1
[2024-12-07T18:48:47.235+0800][3.163s][debug][gc,humongous      ] GC(26) Live humongous region 68 object size 1048592 start 0x00000000e4400000  with remset 0 code roots 0 is marked 0 reclaim candidate 0 type array 1
[2024-12-07T18:48:47.235+0800][3.163s][debug][gc,humongous      ] GC(26) Live humongous region 70 object size 1048592 start 0x00000000e4600000  with remset 0 code roots 0 is marked 0 reclaim candidate 0 type array 1
[2024-12-07T18:48:47.235+0800][3.163s][debug][gc,humongous      ] GC(26) Live humongous region 72 object size 1048592 start 0x00000000e4800000  with remset 0 code roots 0 is marked 0 reclaim candidate 0 type array 1
[2024-12-07T18:48:47.235+0800][3.163s][debug][gc,humongous      ] GC(26) Live humongous region 74 object size 1048592 start 0x00000000e4a00000  with remset 0 code roots 0 is marked 0 reclaim candidate 0 type array 1
[2024-12-07T18:48:47.236+0800][3.163s][debug][gc,humongous      ] GC(26) Live humongous region 76 object size 1048592 start 0x00000000e4c00000  with remset 0 code roots 0 is marked 0 reclaim candidate 0 type array 1
[2024-12-07T18:48:47.236+0800][3.163s][debug][gc,humongous      ] GC(26) Live humongous region 78 object size 1048592 start 0x00000000e4e00000  with remset 0 code roots 0 is marked 0 reclaim candidate 0 type array 1
[2024-12-07T18:48:47.236+0800][3.163s][debug][gc,humongous      ] GC(26) Live humongous region 80 object size 1048592 start 0x00000000e5000000  with remset 0 code roots 0 is marked 0 reclaim candidate 0 type array 1
[2024-12-07T18:48:47.236+0800][3.163s][debug][gc,humongous      ] GC(26) Live humongous region 82 object size 1048592 start 0x00000000e5200000  with remset 0 code roots 0 is marked 0 reclaim candidate 0 type array 1
[2024-12-07T18:48:47.236+0800][3.163s][debug][gc,humongous      ] GC(26) Live humongous region 84 object size 1048592 start 0x00000000e5400000  with remset 0 code roots 0 is marked 0 reclaim candidate 0 type array 1
[2024-12-07T18:48:47.236+0800][3.163s][debug][gc,humongous      ] GC(26) Live humongous region 86 object size 1048592 start 0x00000000e5600000  with remset 0 code roots 0 is marked 0 reclaim candidate 0 type array 1
[2024-12-07T18:48:47.236+0800][3.163s][debug][gc,humongous      ] GC(26) Live humongous region 88 object size 1048592 start 0x00000000e5800000  with remset 0 code roots 0 is marked 0 reclaim candidate 0 type array 1
[2024-12-07T18:48:47.236+0800][3.163s][debug][gc,humongous      ] GC(26) Live humongous region 90 object size 1048592 start 0x00000000e5a00000  with remset 0 code roots 0 is marked 0 reclaim candidate 0 type array 1
[2024-12-07T18:48:47.236+0800][3.163s][debug][gc,humongous      ] GC(26) Live humongous region 92 object size 1048592 start 0x00000000e5c00000  with remset 0 code roots 0 is marked 0 reclaim candidate 0 type array 1
[2024-12-07T18:48:47.236+0800][3.163s][debug][gc,humongous      ] GC(26) Live humongous region 94 object size 1048592 start 0x00000000e5e00000  with remset 0 code roots 0 is marked 0 reclaim candidate 0 type array 1
[2024-12-07T18:48:47.236+0800][3.163s][debug][gc,humongous      ] GC(26) Live humongous region 96 object size 1048592 start 0x00000000e6000000  with remset 0 code roots 0 is marked 0 reclaim candidate 0 type array 1
[2024-12-07T18:48:47.236+0800][3.163s][debug][gc,humongous      ] GC(26) Live humongous region 98 object size 1048592 start 0x00000000e6200000  with remset 0 code roots 0 is marked 0 reclaim candidate 0 type array 1
[2024-12-07T18:48:47.236+0800][3.164s][debug][gc,humongous      ] GC(26) Live humongous region 100 object size 1048592 start 0x00000000e6400000  with remset 0 code roots 0 is marked 0 reclaim candidate 0 type array 1
[2024-12-07T18:48:47.236+0800][3.164s][debug][gc,humongous      ] GC(26) Live humongous region 102 object size 1048592 start 0x00000000e6600000  with remset 0 code roots 0 is marked 0 reclaim candidate 0 type array 1
[2024-12-07T18:48:47.236+0800][3.164s][debug][gc,humongous      ] GC(26) Live humongous region 104 object size 1048592 start 0x00000000e6800000  with remset 0 code roots 0 is marked 0 reclaim candidate 0 type array 1
[2024-12-07T18:48:47.237+0800][3.164s][debug][gc,humongous      ] GC(26) Live humongous region 106 object size 1048592 start 0x00000000e6a00000  with remset 0 code roots 0 is marked 0 reclaim candidate 0 type array 1
[2024-12-07T18:48:47.237+0800][3.164s][debug][gc,humongous      ] GC(26) Live humongous region 108 object size 1048592 start 0x00000000e6c00000  with remset 0 code roots 0 is marked 0 reclaim candidate 0 type array 1
[2024-12-07T18:48:47.237+0800][3.164s][debug][gc,humongous      ] GC(26) Live humongous region 110 object size 1048592 start 0x00000000e6e00000  with remset 0 code roots 0 is marked 0 reclaim candidate 0 type array 1
[2024-12-07T18:48:47.237+0800][3.164s][debug][gc,humongous      ] GC(26) Live humongous region 112 object size 1048592 start 0x00000000e7000000  with remset 0 code roots 0 is marked 0 reclaim candidate 0 type array 1
[2024-12-07T18:48:47.237+0800][3.164s][debug][gc,humongous      ] GC(26) Live humongous region 114 object size 1048592 start 0x00000000e7200000  with remset 0 code roots 0 is marked 0 reclaim candidate 0 type array 1
[2024-12-07T18:48:47.237+0800][3.164s][debug][gc,humongous      ] GC(26) Live humongous region 116 object size 1048592 start 0x00000000e7400000  with remset 0 code roots 0 is marked 0 reclaim candidate 0 type array 1
[2024-12-07T18:48:47.237+0800][3.164s][debug][gc,humongous      ] GC(26) Live humongous region 118 object size 1048592 start 0x00000000e7600000  with remset 0 code roots 0 is marked 0 reclaim candidate 0 type array 1
[2024-12-07T18:48:47.237+0800][3.164s][debug][gc,humongous      ] GC(26) Live humongous region 120 object size 1048592 start 0x00000000e7800000  with remset 0 code roots 0 is marked 0 reclaim candidate 0 type array 1
[2024-12-07T18:48:47.237+0800][3.164s][debug][gc,humongous      ] GC(26) Live humongous region 122 object size 1048592 start 0x00000000e7a00000  with remset 0 code roots 0 is marked 0 reclaim candidate 0 type array 1
[2024-12-07T18:48:47.237+0800][3.164s][debug][gc,humongous      ] GC(26) Live humongous region 124 object size 1048592 start 0x00000000e7c00000  with remset 0 code roots 0 is marked 0 reclaim candidate 0 type array 1
[2024-12-07T18:48:47.237+0800][3.165s][debug][gc,humongous      ] GC(26) Live humongous region 126 object size 1048592 start 0x00000000e7e00000  with remset 0 code roots 0 is marked 0 reclaim candidate 0 type array 1
[2024-12-07T18:48:47.237+0800][3.165s][debug][gc,humongous      ] GC(26) Live humongous region 128 object size 1048592 start 0x00000000e8000000  with remset 0 code roots 0 is marked 0 reclaim candidate 0 type array 1
[2024-12-07T18:48:47.237+0800][3.165s][debug][gc,humongous      ] GC(26) Live humongous region 130 object size 1048592 start 0x00000000e8200000  with remset 0 code roots 0 is marked 0 reclaim candidate 0 type array 1
[2024-12-07T18:48:47.238+0800][3.165s][debug][gc,humongous      ] GC(26) Live humongous region 132 object size 1048592 start 0x00000000e8400000  with remset 0 code roots 0 is marked 0 reclaim candidate 0 type array 1
[2024-12-07T18:48:47.238+0800][3.165s][debug][gc,humongous      ] GC(26) Live humongous region 134 object size 1048592 start 0x00000000e8600000  with remset 0 code roots 0 is marked 0 reclaim candidate 0 type array 1
[2024-12-07T18:48:47.238+0800][3.165s][debug][gc,humongous      ] GC(26) Live humongous region 136 object size 1048592 start 0x00000000e8800000  with remset 0 code roots 0 is marked 0 reclaim candidate 0 type array 1
[2024-12-07T18:48:47.238+0800][3.165s][debug][gc,humongous      ] GC(26) Live humongous region 138 object size 1048592 start 0x00000000e8a00000  with remset 0 code roots 0 is marked 0 reclaim candidate 0 type array 1
[2024-12-07T18:48:47.238+0800][3.165s][debug][gc,humongous      ] GC(26) Live humongous region 140 object size 1048592 start 0x00000000e8c00000  with remset 0 code roots 0 is marked 0 reclaim candidate 0 type array 1
[2024-12-07T18:48:47.238+0800][3.165s][debug][gc,humongous      ] GC(26) Live humongous region 142 object size 1048592 start 0x00000000e8e00000  with remset 0 code roots 0 is marked 0 reclaim candidate 0 type array 1
[2024-12-07T18:48:47.238+0800][3.165s][debug][gc,humongous      ] GC(26) Live humongous region 144 object size 1048592 start 0x00000000e9000000  with remset 0 code roots 0 is marked 0 reclaim candidate 0 type array 1
[2024-12-07T18:48:47.238+0800][3.165s][debug][gc,humongous      ] GC(26) Live humongous region 146 object size 1048592 start 0x00000000e9200000  with remset 0 code roots 0 is marked 0 reclaim candidate 0 type array 1
[2024-12-07T18:48:47.238+0800][3.165s][debug][gc,humongous      ] GC(26) Live humongous region 148 object size 1048592 start 0x00000000e9400000  with remset 0 code roots 0 is marked 0 reclaim candidate 0 type array 1
[2024-12-07T18:48:47.238+0800][3.165s][debug][gc,humongous      ] GC(26) Live humongous region 150 object size 1048592 start 0x00000000e9600000  with remset 0 code roots 0 is marked 0 reclaim candidate 0 type array 1
[2024-12-07T18:48:47.238+0800][3.165s][debug][gc,humongous      ] GC(26) Live humongous region 152 object size 1048592 start 0x00000000e9800000  with remset 0 code roots 0 is marked 0 reclaim candidate 0 type array 1
[2024-12-07T18:48:47.238+0800][3.165s][debug][gc,humongous      ] GC(26) Live humongous region 154 object size 1048592 start 0x00000000e9a00000  with remset 0 code roots 0 is marked 0 reclaim candidate 0 type array 1
[2024-12-07T18:48:47.238+0800][3.166s][debug][gc,humongous      ] GC(26) Live humongous region 156 object size 1048592 start 0x00000000e9c00000  with remset 0 code roots 0 is marked 0 reclaim candidate 0 type array 1
[2024-12-07T18:48:47.238+0800][3.166s][debug][gc,humongous      ] GC(26) Live humongous region 158 object size 1048592 start 0x00000000e9e00000  with remset 0 code roots 0 is marked 0 reclaim candidate 0 type array 1
[2024-12-07T18:48:47.238+0800][3.166s][debug][gc,humongous      ] GC(26) Live humongous region 160 object size 1048592 start 0x00000000ea000000  with remset 0 code roots 0 is marked 0 reclaim candidate 0 type array 1
[2024-12-07T18:48:47.238+0800][3.166s][debug][gc,humongous      ] GC(26) Live humongous region 162 object size 1048592 start 0x00000000ea200000  with remset 0 code roots 0 is marked 0 reclaim candidate 0 type array 1
[2024-12-07T18:48:47.239+0800][3.166s][debug][gc,humongous      ] GC(26) Live humongous region 164 object size 1048592 start 0x00000000ea400000  with remset 0 code roots 0 is marked 0 reclaim candidate 0 type array 1
[2024-12-07T18:48:47.239+0800][3.166s][debug][gc,humongous      ] GC(26) Live humongous region 166 object size 1048592 start 0x00000000ea600000  with remset 0 code roots 0 is marked 0 reclaim candidate 0 type array 1
[2024-12-07T18:48:47.239+0800][3.166s][debug][gc,humongous      ] GC(26) Live humongous region 168 object size 1048592 start 0x00000000ea800000  with remset 0 code roots 0 is marked 0 reclaim candidate 0 type array 1
[2024-12-07T18:48:47.239+0800][3.166s][debug][gc,humongous      ] GC(26) Live humongous region 170 object size 1048592 start 0x00000000eaa00000  with remset 0 code roots 0 is marked 0 reclaim candidate 0 type array 1
[2024-12-07T18:48:47.239+0800][3.166s][debug][gc,humongous      ] GC(26) Live humongous region 172 object size 1048592 start 0x00000000eac00000  with remset 0 code roots 0 is marked 0 reclaim candidate 0 type array 1
[2024-12-07T18:48:47.239+0800][3.166s][debug][gc,humongous      ] GC(26) Live humongous region 174 object size 1048592 start 0x00000000eae00000  with remset 0 code roots 0 is marked 0 reclaim candidate 0 type array 1
[2024-12-07T18:48:47.239+0800][3.166s][debug][gc,humongous      ] GC(26) Live humongous region 176 object size 1048592 start 0x00000000eb000000  with remset 0 code roots 0 is marked 0 reclaim candidate 0 type array 1
[2024-12-07T18:48:47.239+0800][3.166s][debug][gc,humongous      ] GC(26) Live humongous region 178 object size 1048592 start 0x00000000eb200000  with remset 0 code roots 0 is marked 0 reclaim candidate 0 type array 1
[2024-12-07T18:48:47.239+0800][3.166s][debug][gc,humongous      ] GC(26) Live humongous region 180 object size 1048592 start 0x00000000eb400000  with remset 0 code roots 0 is marked 0 reclaim candidate 0 type array 1
[2024-12-07T18:48:47.239+0800][3.166s][debug][gc,humongous      ] GC(26) Live humongous region 182 object size 1048592 start 0x00000000eb600000  with remset 0 code roots 0 is marked 0 reclaim candidate 0 type array 1
[2024-12-07T18:48:47.239+0800][3.167s][debug][gc,humongous      ] GC(26) Live humongous region 184 object size 1048592 start 0x00000000eb800000  with remset 0 code roots 0 is marked 0 reclaim candidate 0 type array 1
[2024-12-07T18:48:47.239+0800][3.167s][debug][gc,humongous      ] GC(26) Live humongous region 186 object size 1048592 start 0x00000000eba00000  with remset 0 code roots 0 is marked 0 reclaim candidate 0 type array 1
[2024-12-07T18:48:47.239+0800][3.167s][debug][gc,humongous      ] GC(26) Live humongous region 188 object size 1048592 start 0x00000000ebc00000  with remset 0 code roots 0 is marked 0 reclaim candidate 0 type array 1
[2024-12-07T18:48:47.240+0800][3.167s][debug][gc,humongous      ] GC(26) Live humongous region 190 object size 1048592 start 0x00000000ebe00000  with remset 0 code roots 0 is marked 0 reclaim candidate 0 type array 1
[2024-12-07T18:48:47.240+0800][3.167s][debug][gc,humongous      ] GC(26) Live humongous region 192 object size 1048592 start 0x00000000ec000000  with remset 0 code roots 0 is marked 0 reclaim candidate 0 type array 1
[2024-12-07T18:48:47.240+0800][3.167s][debug][gc,humongous      ] GC(26) Live humongous region 194 object size 1048592 start 0x00000000ec200000  with remset 0 code roots 0 is marked 0 reclaim candidate 0 type array 1
[2024-12-07T18:48:47.240+0800][3.167s][debug][gc,humongous      ] GC(26) Live humongous region 196 object size 1048592 start 0x00000000ec400000  with remset 0 code roots 0 is marked 0 reclaim candidate 0 type array 1
[2024-12-07T18:48:47.240+0800][3.167s][debug][gc,humongous      ] GC(26) Live humongous region 198 object size 1048592 start 0x00000000ec600000  with remset 0 code roots 0 is marked 0 reclaim candidate 0 type array 1
[2024-12-07T18:48:47.240+0800][3.167s][debug][gc,humongous      ] GC(26) Live humongous region 200 object size 1048592 start 0x00000000ec800000  with remset 0 code roots 0 is marked 0 reclaim candidate 0 type array 1
[2024-12-07T18:48:47.240+0800][3.167s][debug][gc,humongous      ] GC(26) Live humongous region 202 object size 1048592 start 0x00000000eca00000  with remset 0 code roots 0 is marked 0 reclaim candidate 0 type array 1
[2024-12-07T18:48:47.240+0800][3.167s][debug][gc,humongous      ] GC(26) Live humongous region 204 object size 1048592 start 0x00000000ecc00000  with remset 0 code roots 0 is marked 0 reclaim candidate 0 type array 1
[2024-12-07T18:48:47.240+0800][3.167s][debug][gc,humongous      ] GC(26) Live humongous region 206 object size 1048592 start 0x00000000ece00000  with remset 0 code roots 0 is marked 0 reclaim candidate 0 type array 1
[2024-12-07T18:48:47.240+0800][3.167s][debug][gc,humongous      ] GC(26) Live humongous region 208 object size 1048592 start 0x00000000ed000000  with remset 0 code roots 0 is marked 0 reclaim candidate 0 type array 1
[2024-12-07T18:48:47.240+0800][3.167s][debug][gc,humongous      ] GC(26) Live humongous region 210 object size 1048592 start 0x00000000ed200000  with remset 0 code roots 0 is marked 0 reclaim candidate 0 type array 1
[2024-12-07T18:48:47.240+0800][3.168s][debug][gc,humongous      ] GC(26) Live humongous region 212 object size 1048592 start 0x00000000ed400000  with remset 0 code roots 0 is marked 0 reclaim candidate 0 type array 1
[2024-12-07T18:48:47.240+0800][3.168s][debug][gc,humongous      ] GC(26) Live humongous region 214 object size 1048592 start 0x00000000ed600000  with remset 0 code roots 0 is marked 0 reclaim candidate 0 type array 1
[2024-12-07T18:48:47.240+0800][3.168s][debug][gc,humongous      ] GC(26) Live humongous region 216 object size 1048592 start 0x00000000ed800000  with remset 0 code roots 0 is marked 0 reclaim candidate 0 type array 1
[2024-12-07T18:48:47.240+0800][3.168s][debug][gc,humongous      ] GC(26) Live humongous region 218 object size 1048592 start 0x00000000eda00000  with remset 0 code roots 0 is marked 0 reclaim candidate 0 type array 1
[2024-12-07T18:48:47.241+0800][3.168s][debug][gc,humongous      ] GC(26) Live humongous region 220 object size 1048592 start 0x00000000edc00000  with remset 0 code roots 0 is marked 0 reclaim candidate 0 type array 1
[2024-12-07T18:48:47.241+0800][3.168s][debug][gc,humongous      ] GC(26) Live humongous region 222 object size 1048592 start 0x00000000ede00000  with remset 0 code roots 0 is marked 0 reclaim candidate 0 type array 1
[2024-12-07T18:48:47.241+0800][3.168s][debug][gc,humongous      ] GC(26) Live humongous region 224 object size 1048592 start 0x00000000ee000000  with remset 0 code roots 0 is marked 0 reclaim candidate 0 type array 1
[2024-12-07T18:48:47.241+0800][3.168s][debug][gc,humongous      ] GC(26) Live humongous region 226 object size 1048592 start 0x00000000ee200000  with remset 0 code roots 0 is marked 0 reclaim candidate 0 type array 1
[2024-12-07T18:48:47.241+0800][3.168s][debug][gc,humongous      ] GC(26) Live humongous region 228 object size 1048592 start 0x00000000ee400000  with remset 0 code roots 0 is marked 0 reclaim candidate 0 type array 1
[2024-12-07T18:48:47.241+0800][3.168s][debug][gc,humongous      ] GC(26) Live humongous region 230 object size 1048592 start 0x00000000ee600000  with remset 0 code roots 0 is marked 0 reclaim candidate 0 type array 1
[2024-12-07T18:48:47.241+0800][3.168s][debug][gc,humongous      ] GC(26) Live humongous region 232 object size 1048592 start 0x00000000ee800000  with remset 0 code roots 0 is marked 0 reclaim candidate 0 type array 1
[2024-12-07T18:48:47.241+0800][3.168s][debug][gc,humongous      ] GC(26) Live humongous region 234 object size 1048592 start 0x00000000eea00000  with remset 0 code roots 0 is marked 0 reclaim candidate 0 type array 1
[2024-12-07T18:48:47.241+0800][3.168s][debug][gc,humongous      ] GC(26) Live humongous region 236 object size 1048592 start 0x00000000eec00000  with remset 0 code roots 0 is marked 0 reclaim candidate 0 type array 1
[2024-12-07T18:48:47.241+0800][3.168s][debug][gc,humongous      ] GC(26) Live humongous region 238 object size 1048592 start 0x00000000eee00000  with remset 0 code roots 0 is marked 0 reclaim candidate 0 type array 1
[2024-12-07T18:48:47.241+0800][3.168s][debug][gc,humongous      ] GC(26) Live humongous region 240 object size 1048592 start 0x00000000ef000000  with remset 0 code roots 0 is marked 0 reclaim candidate 0 type array 1
[2024-12-07T18:48:47.241+0800][3.168s][debug][gc,humongous      ] GC(26) Live humongous region 242 object size 1048592 start 0x00000000ef200000  with remset 0 code roots 0 is marked 0 reclaim candidate 0 type array 1
[2024-12-07T18:48:47.241+0800][3.169s][debug][gc,humongous      ] GC(26) Live humongous region 244 object size 1048592 start 0x00000000ef400000  with remset 0 code roots 0 is marked 0 reclaim candidate 0 type array 1
[2024-12-07T18:48:47.241+0800][3.169s][debug][gc,humongous      ] GC(26) Live humongous region 246 object size 1048592 start 0x00000000ef600000  with remset 0 code roots 0 is marked 0 reclaim candidate 0 type array 1
[2024-12-07T18:48:47.241+0800][3.169s][debug][gc,humongous      ] GC(26) Live humongous region 248 object size 1048592 start 0x00000000ef800000  with remset 0 code roots 0 is marked 0 reclaim candidate 0 type array 1
[2024-12-07T18:48:47.241+0800][3.169s][debug][gc,humongous      ] GC(26) Live humongous region 250 object size 1048592 start 0x00000000efa00000  with remset 0 code roots 0 is marked 0 reclaim candidate 0 type array 1
[2024-12-07T18:48:47.242+0800][3.169s][debug][gc,humongous      ] GC(26) Live humongous region 252 object size 1048592 start 0x00000000efc00000  with remset 0 code roots 0 is marked 0 reclaim candidate 0 type array 1
[2024-12-07T18:48:47.242+0800][3.169s][debug][gc,humongous      ] GC(26) Live humongous region 254 object size 1048592 start 0x00000000efe00000  with remset 0 code roots 0 is marked 0 reclaim candidate 0 type array 1
[2024-12-07T18:48:47.242+0800][3.169s][debug][gc,humongous      ] GC(26) Live humongous region 256 object size 1048592 start 0x00000000f0000000  with remset 0 code roots 0 is marked 0 reclaim candidate 0 type array 1
[2024-12-07T18:48:47.242+0800][3.169s][debug][gc,humongous      ] GC(26) Live humongous region 258 object size 1048592 start 0x00000000f0200000  with remset 0 code roots 0 is marked 0 reclaim candidate 0 type array 1
[2024-12-07T18:48:47.242+0800][3.169s][debug][gc,humongous      ] GC(26) Live humongous region 260 object size 1048592 start 0x00000000f0400000  with remset 0 code roots 0 is marked 0 reclaim candidate 0 type array 1
[2024-12-07T18:48:47.242+0800][3.169s][debug][gc,humongous      ] GC(26) Live humongous region 262 object size 1048592 start 0x00000000f0600000  with remset 0 code roots 0 is marked 0 reclaim candidate 0 type array 1
[2024-12-07T18:48:47.242+0800][3.169s][debug][gc,humongous      ] GC(26) Live humongous region 264 object size 1048592 start 0x00000000f0800000  with remset 0 code roots 0 is marked 0 reclaim candidate 0 type array 1
[2024-12-07T18:48:47.242+0800][3.169s][debug][gc,humongous      ] GC(26) Live humongous region 266 object size 1048592 start 0x00000000f0a00000  with remset 0 code roots 0 is marked 0 reclaim candidate 0 type array 1
[2024-12-07T18:48:47.242+0800][3.169s][debug][gc,humongous      ] GC(26) Live humongous region 268 object size 1048592 start 0x00000000f0c00000  with remset 0 code roots 0 is marked 0 reclaim candidate 0 type array 1
[2024-12-07T18:48:47.242+0800][3.169s][debug][gc,humongous      ] GC(26) Live humongous region 270 object size 1048592 start 0x00000000f0e00000  with remset 0 code roots 0 is marked 0 reclaim candidate 0 type array 1
[2024-12-07T18:48:47.242+0800][3.169s][debug][gc,humongous      ] GC(26) Live humongous region 272 object size 1048592 start 0x00000000f1000000  with remset 0 code roots 0 is marked 0 reclaim candidate 0 type array 1
[2024-12-07T18:48:47.242+0800][3.169s][debug][gc,humongous      ] GC(26) Live humongous region 274 object size 1048592 start 0x00000000f1200000  with remset 0 code roots 0 is marked 0 reclaim candidate 0 type array 1
[2024-12-07T18:48:47.242+0800][3.170s][debug][gc,humongous      ] GC(26) Live humongous region 276 object size 1048592 start 0x00000000f1400000  with remset 0 code roots 0 is marked 0 reclaim candidate 0 type array 1
[2024-12-07T18:48:47.242+0800][3.170s][debug][gc,humongous      ] GC(26) Live humongous region 278 object size 1048592 start 0x00000000f1600000  with remset 0 code roots 0 is marked 0 reclaim candidate 0 type array 1
[2024-12-07T18:48:47.242+0800][3.170s][debug][gc,humongous      ] GC(26) Live humongous region 280 object size 1048592 start 0x00000000f1800000  with remset 0 code roots 0 is marked 0 reclaim candidate 0 type array 1
[2024-12-07T18:48:47.243+0800][3.170s][debug][gc,humongous      ] GC(26) Live humongous region 282 object size 1048592 start 0x00000000f1a00000  with remset 0 code roots 0 is marked 0 reclaim candidate 0 type array 1
[2024-12-07T18:48:47.243+0800][3.170s][debug][gc,humongous      ] GC(26) Live humongous region 284 object size 1048592 start 0x00000000f1c00000  with remset 0 code roots 0 is marked 0 reclaim candidate 0 type array 1
[2024-12-07T18:48:47.243+0800][3.170s][debug][gc,humongous      ] GC(26) Live humongous region 286 object size 1048592 start 0x00000000f1e00000  with remset 0 code roots 0 is marked 0 reclaim candidate 0 type array 1
[2024-12-07T18:48:47.243+0800][3.170s][debug][gc,humongous      ] GC(26) Live humongous region 288 object size 1048592 start 0x00000000f2000000  with remset 0 code roots 0 is marked 0 reclaim candidate 0 type array 1
[2024-12-07T18:48:47.243+0800][3.170s][debug][gc,humongous      ] GC(26) Live humongous region 290 object size 1048592 start 0x00000000f2200000  with remset 0 code roots 0 is marked 0 reclaim candidate 0 type array 1
[2024-12-07T18:48:47.243+0800][3.170s][debug][gc,humongous      ] GC(26) Live humongous region 292 object size 1048592 start 0x00000000f2400000  with remset 0 code roots 0 is marked 0 reclaim candidate 0 type array 1
[2024-12-07T18:48:47.243+0800][3.170s][debug][gc,humongous      ] GC(26) Live humongous region 294 object size 1048592 start 0x00000000f2600000  with remset 0 code roots 0 is marked 0 reclaim candidate 0 type array 1
[2024-12-07T18:48:47.243+0800][3.170s][debug][gc,humongous      ] GC(26) Live humongous region 296 object size 1048592 start 0x00000000f2800000  with remset 0 code roots 0 is marked 0 reclaim candidate 0 type array 1
[2024-12-07T18:48:47.243+0800][3.171s][debug][gc,humongous      ] GC(26) Live humongous region 298 object size 1048592 start 0x00000000f2a00000  with remset 0 code roots 0 is marked 0 reclaim candidate 0 type array 1
[2024-12-07T18:48:47.243+0800][3.171s][debug][gc,humongous      ] GC(26) Live humongous region 300 object size 1048592 start 0x00000000f2c00000  with remset 0 code roots 0 is marked 0 reclaim candidate 0 type array 1
[2024-12-07T18:48:47.243+0800][3.171s][debug][gc,humongous      ] GC(26) Live humongous region 302 object size 1048592 start 0x00000000f2e00000  with remset 0 code roots 0 is marked 0 reclaim candidate 0 type array 1
[2024-12-07T18:48:47.244+0800][3.171s][debug][gc,humongous      ] GC(26) Live humongous region 304 object size 1048592 start 0x00000000f3000000  with remset 0 code roots 0 is marked 0 reclaim candidate 0 type array 1
[2024-12-07T18:48:47.244+0800][3.171s][debug][gc,humongous      ] GC(26) Live humongous region 306 object size 1048592 start 0x00000000f3200000  with remset 0 code roots 0 is marked 0 reclaim candidate 0 type array 1
[2024-12-07T18:48:47.244+0800][3.171s][debug][gc,humongous      ] GC(26) Live humongous region 308 object size 1048592 start 0x00000000f3400000  with remset 0 code roots 0 is marked 0 reclaim candidate 0 type array 1
[2024-12-07T18:48:47.244+0800][3.171s][debug][gc,humongous      ] GC(26) Live humongous region 310 object size 1048592 start 0x00000000f3600000  with remset 0 code roots 0 is marked 0 reclaim candidate 0 type array 1
[2024-12-07T18:48:47.244+0800][3.171s][debug][gc,humongous      ] GC(26) Live humongous region 312 object size 1048592 start 0x00000000f3800000  with remset 0 code roots 0 is marked 0 reclaim candidate 0 type array 1
[2024-12-07T18:48:47.244+0800][3.171s][debug][gc,humongous      ] GC(26) Live humongous region 314 object size 1048592 start 0x00000000f3a00000  with remset 0 code roots 0 is marked 0 reclaim candidate 0 type array 1
[2024-12-07T18:48:47.244+0800][3.171s][debug][gc,humongous      ] GC(26) Live humongous region 316 object size 1048592 start 0x00000000f3c00000  with remset 0 code roots 0 is marked 0 reclaim candidate 0 type array 1
[2024-12-07T18:48:47.244+0800][3.171s][debug][gc,humongous      ] GC(26) Live humongous region 318 object size 1048592 start 0x00000000f3e00000  with remset 0 code roots 0 is marked 0 reclaim candidate 0 type array 1
[2024-12-07T18:48:47.244+0800][3.171s][debug][gc,humongous      ] GC(26) Live humongous region 320 object size 1048592 start 0x00000000f4000000  with remset 0 code roots 0 is marked 0 reclaim candidate 0 type array 1
[2024-12-07T18:48:47.244+0800][3.172s][debug][gc,humongous      ] GC(26) Live humongous region 322 object size 1048592 start 0x00000000f4200000  with remset 0 code roots 0 is marked 0 reclaim candidate 0 type array 1
[2024-12-07T18:48:47.244+0800][3.172s][debug][gc,humongous      ] GC(26) Live humongous region 324 object size 1048592 start 0x00000000f4400000  with remset 0 code roots 0 is marked 0 reclaim candidate 0 type array 1
[2024-12-07T18:48:47.244+0800][3.172s][debug][gc,humongous      ] GC(26) Live humongous region 326 object size 1048592 start 0x00000000f4600000  with remset 0 code roots 0 is marked 0 reclaim candidate 0 type array 1
[2024-12-07T18:48:47.244+0800][3.172s][debug][gc,humongous      ] GC(26) Live humongous region 328 object size 1048592 start 0x00000000f4800000  with remset 0 code roots 0 is marked 0 reclaim candidate 0 type array 1
[2024-12-07T18:48:47.245+0800][3.172s][debug][gc,humongous      ] GC(26) Live humongous region 330 object size 1048592 start 0x00000000f4a00000  with remset 0 code roots 0 is marked 0 reclaim candidate 0 type array 1
[2024-12-07T18:48:47.245+0800][3.172s][debug][gc,humongous      ] GC(26) Live humongous region 332 object size 1048592 start 0x00000000f4c00000  with remset 0 code roots 0 is marked 0 reclaim candidate 0 type array 1
[2024-12-07T18:48:47.245+0800][3.172s][debug][gc,humongous      ] GC(26) Live humongous region 334 object size 1048592 start 0x00000000f4e00000  with remset 0 code roots 0 is marked 0 reclaim candidate 0 type array 1
[2024-12-07T18:48:47.245+0800][3.172s][debug][gc,humongous      ] GC(26) Live humongous region 336 object size 1048592 start 0x00000000f5000000  with remset 0 code roots 0 is marked 0 reclaim candidate 0 type array 1
[2024-12-07T18:48:47.245+0800][3.172s][debug][gc,humongous      ] GC(26) Live humongous region 338 object size 1048592 start 0x00000000f5200000  with remset 0 code roots 0 is marked 0 reclaim candidate 0 type array 1
[2024-12-07T18:48:47.245+0800][3.172s][debug][gc,humongous      ] GC(26) Live humongous region 340 object size 1048592 start 0x00000000f5400000  with remset 0 code roots 0 is marked 0 reclaim candidate 0 type array 1
[2024-12-07T18:48:47.245+0800][3.172s][debug][gc,humongous      ] GC(26) Live humongous region 342 object size 1048592 start 0x00000000f5600000  with remset 0 code roots 0 is marked 0 reclaim candidate 0 type array 1
[2024-12-07T18:48:47.245+0800][3.172s][debug][gc,humongous      ] GC(26) Live humongous region 344 object size 1048592 start 0x00000000f5800000  with remset 0 code roots 0 is marked 0 reclaim candidate 0 type array 1
[2024-12-07T18:48:47.245+0800][3.172s][debug][gc,humongous      ] GC(26) Live humongous region 346 object size 1048592 start 0x00000000f5a00000  with remset 0 code roots 0 is marked 0 reclaim candidate 0 type array 1
[2024-12-07T18:48:47.245+0800][3.172s][debug][gc,humongous      ] GC(26) Live humongous region 348 object size 1048592 start 0x00000000f5c00000  with remset 0 code roots 0 is marked 0 reclaim candidate 0 type array 1
[2024-12-07T18:48:47.245+0800][3.172s][debug][gc,humongous      ] GC(26) Live humongous region 350 object size 1048592 start 0x00000000f5e00000  with remset 0 code roots 0 is marked 0 reclaim candidate 0 type array 1
[2024-12-07T18:48:47.245+0800][3.173s][debug][gc,humongous      ] GC(26) Live humongous region 352 object size 1048592 start 0x00000000f6000000  with remset 0 code roots 0 is marked 0 reclaim candidate 0 type array 1
[2024-12-07T18:48:47.245+0800][3.173s][debug][gc,humongous      ] GC(26) Live humongous region 354 object size 1048592 start 0x00000000f6200000  with remset 0 code roots 0 is marked 0 reclaim candidate 0 type array 1
[2024-12-07T18:48:47.245+0800][3.173s][debug][gc,humongous      ] GC(26) Live humongous region 356 object size 1048592 start 0x00000000f6400000  with remset 0 code roots 0 is marked 0 reclaim candidate 0 type array 1
[2024-12-07T18:48:47.245+0800][3.173s][debug][gc,humongous      ] GC(26) Live humongous region 358 object size 1048592 start 0x00000000f6600000  with remset 0 code roots 0 is marked 0 reclaim candidate 0 type array 1
[2024-12-07T18:48:47.246+0800][3.173s][debug][gc,humongous      ] GC(26) Live humongous region 360 object size 1048592 start 0x00000000f6800000  with remset 0 code roots 0 is marked 0 reclaim candidate 0 type array 1
[2024-12-07T18:48:47.246+0800][3.173s][debug][gc,humongous      ] GC(26) Live humongous region 362 object size 1048592 start 0x00000000f6a00000  with remset 0 code roots 0 is marked 0 reclaim candidate 0 type array 1
[2024-12-07T18:48:47.246+0800][3.173s][debug][gc,humongous      ] GC(26) Live humongous region 364 object size 1048592 start 0x00000000f6c00000  with remset 0 code roots 0 is marked 0 reclaim candidate 0 type array 1
[2024-12-07T18:48:47.246+0800][3.173s][debug][gc,humongous      ] GC(26) Live humongous region 366 object size 1048592 start 0x00000000f6e00000  with remset 0 code roots 0 is marked 0 reclaim candidate 0 type array 1
[2024-12-07T18:48:47.246+0800][3.173s][debug][gc,humongous      ] GC(26) Live humongous region 368 object size 1048592 start 0x00000000f7000000  with remset 0 code roots 0 is marked 0 reclaim candidate 0 type array 1
[2024-12-07T18:48:47.246+0800][3.173s][debug][gc,humongous      ] GC(26) Live humongous region 370 object size 1048592 start 0x00000000f7200000  with remset 0 code roots 0 is marked 0 reclaim candidate 0 type array 1
[2024-12-07T18:48:47.246+0800][3.173s][debug][gc,humongous      ] GC(26) Live humongous region 372 object size 1048592 start 0x00000000f7400000  with remset 0 code roots 0 is marked 0 reclaim candidate 0 type array 1
[2024-12-07T18:48:47.246+0800][3.173s][debug][gc,humongous      ] GC(26) Live humongous region 374 object size 1048592 start 0x00000000f7600000  with remset 0 code roots 0 is marked 0 reclaim candidate 0 type array 1
[2024-12-07T18:48:47.246+0800][3.173s][debug][gc,humongous      ] GC(26) Live humongous region 376 object size 1048592 start 0x00000000f7800000  with remset 0 code roots 0 is marked 0 reclaim candidate 0 type array 1
[2024-12-07T18:48:47.246+0800][3.173s][debug][gc,humongous      ] GC(26) Live humongous region 378 object size 1048592 start 0x00000000f7a00000  with remset 0 code roots 0 is marked 0 reclaim candidate 0 type array 1
[2024-12-07T18:48:47.246+0800][3.173s][debug][gc,humongous      ] GC(26) Live humongous region 380 object size 1048592 start 0x00000000f7c00000  with remset 0 code roots 0 is marked 0 reclaim candidate 0 type array 1
[2024-12-07T18:48:47.246+0800][3.173s][debug][gc,humongous      ] GC(26) Live humongous region 382 object size 1048592 start 0x00000000f7e00000  with remset 0 code roots 0 is marked 0 reclaim candidate 0 type array 1
[2024-12-07T18:48:47.246+0800][3.174s][debug][gc,humongous      ] GC(26) Live humongous region 384 object size 1048592 start 0x00000000f8000000  with remset 0 code roots 0 is marked 0 reclaim candidate 0 type array 1
[2024-12-07T18:48:47.246+0800][3.174s][debug][gc,humongous      ] GC(26) Live humongous region 386 object size 1048592 start 0x00000000f8200000  with remset 0 code roots 0 is marked 0 reclaim candidate 0 type array 1
[2024-12-07T18:48:47.246+0800][3.174s][debug][gc,humongous      ] GC(26) Live humongous region 388 object size 1048592 start 0x00000000f8400000  with remset 0 code roots 0 is marked 0 reclaim candidate 0 type array 1
[2024-12-07T18:48:47.246+0800][3.174s][debug][gc,humongous      ] GC(26) Live humongous region 390 object size 1048592 start 0x00000000f8600000  with remset 0 code roots 0 is marked 0 reclaim candidate 0 type array 1
[2024-12-07T18:48:47.247+0800][3.174s][debug][gc,humongous      ] GC(26) Live humongous region 392 object size 1048592 start 0x00000000f8800000  with remset 0 code roots 0 is marked 0 reclaim candidate 0 type array 1
[2024-12-07T18:48:47.247+0800][3.174s][debug][gc,humongous      ] GC(26) Live humongous region 394 object size 1048592 start 0x00000000f8a00000  with remset 0 code roots 0 is marked 0 reclaim candidate 0 type array 1
[2024-12-07T18:48:47.247+0800][3.174s][debug][gc,humongous      ] GC(26) Live humongous region 396 object size 1048592 start 0x00000000f8c00000  with remset 0 code roots 0 is marked 0 reclaim candidate 0 type array 1
[2024-12-07T18:48:47.247+0800][3.174s][debug][gc,humongous      ] GC(26) Live humongous region 398 object size 1048592 start 0x00000000f8e00000  with remset 0 code roots 0 is marked 0 reclaim candidate 0 type array 1
[2024-12-07T18:48:47.247+0800][3.174s][debug][gc,humongous      ] GC(26) Live humongous region 400 object size 1048592 start 0x00000000f9000000  with remset 0 code roots 0 is marked 0 reclaim candidate 0 type array 1
[2024-12-07T18:48:47.247+0800][3.174s][debug][gc,humongous      ] GC(26) Live humongous region 402 object size 1048592 start 0x00000000f9200000  with remset 0 code roots 0 is marked 0 reclaim candidate 0 type array 1
[2024-12-07T18:48:47.247+0800][3.174s][debug][gc,humongous      ] GC(26) Live humongous region 404 object size 1048592 start 0x00000000f9400000  with remset 0 code roots 0 is marked 0 reclaim candidate 0 type array 1
[2024-12-07T18:48:47.247+0800][3.174s][debug][gc,humongous      ] GC(26) Live humongous region 406 object size 1048592 start 0x00000000f9600000  with remset 0 code roots 0 is marked 0 reclaim candidate 0 type array 1
[2024-12-07T18:48:47.247+0800][3.174s][debug][gc,humongous      ] GC(26) Live humongous region 408 object size 1048592 start 0x00000000f9800000  with remset 0 code roots 0 is marked 0 reclaim candidate 0 type array 1
[2024-12-07T18:48:47.247+0800][3.174s][debug][gc,humongous      ] GC(26) Live humongous region 410 object size 1048592 start 0x00000000f9a00000  with remset 0 code roots 0 is marked 0 reclaim candidate 0 type array 1
[2024-12-07T18:48:47.247+0800][3.174s][debug][gc,humongous      ] GC(26) Live humongous region 412 object size 1048592 start 0x00000000f9c00000  with remset 0 code roots 0 is marked 0 reclaim candidate 0 type array 1
[2024-12-07T18:48:47.247+0800][3.175s][debug][gc,humongous      ] GC(26) Live humongous region 414 object size 1048592 start 0x00000000f9e00000  with remset 0 code roots 0 is marked 0 reclaim candidate 0 type array 1
[2024-12-07T18:48:47.247+0800][3.175s][debug][gc,humongous      ] GC(26) Live humongous region 416 object size 1048592 start 0x00000000fa000000  with remset 0 code roots 0 is marked 0 reclaim candidate 0 type array 1
[2024-12-07T18:48:47.247+0800][3.175s][debug][gc,humongous      ] GC(26) Live humongous region 418 object size 1048592 start 0x00000000fa200000  with remset 0 code roots 0 is marked 0 reclaim candidate 0 type array 1
[2024-12-07T18:48:47.248+0800][3.175s][debug][gc,humongous      ] GC(26) Live humongous region 420 object size 1048592 start 0x00000000fa400000  with remset 0 code roots 0 is marked 0 reclaim candidate 0 type array 1
[2024-12-07T18:48:47.248+0800][3.175s][debug][gc,humongous      ] GC(26) Live humongous region 422 object size 1048592 start 0x00000000fa600000  with remset 0 code roots 0 is marked 0 reclaim candidate 0 type array 1
[2024-12-07T18:48:47.248+0800][3.175s][debug][gc,humongous      ] GC(26) Live humongous region 424 object size 1048592 start 0x00000000fa800000  with remset 0 code roots 0 is marked 0 reclaim candidate 0 type array 1
[2024-12-07T18:48:47.248+0800][3.175s][debug][gc,humongous      ] GC(26) Live humongous region 426 object size 1048592 start 0x00000000faa00000  with remset 0 code roots 0 is marked 0 reclaim candidate 0 type array 1
[2024-12-07T18:48:47.248+0800][3.175s][debug][gc,humongous      ] GC(26) Live humongous region 428 object size 1048592 start 0x00000000fac00000  with remset 0 code roots 0 is marked 0 reclaim candidate 0 type array 1
[2024-12-07T18:48:47.248+0800][3.175s][debug][gc,humongous      ] GC(26) Live humongous region 430 object size 1048592 start 0x00000000fae00000  with remset 0 code roots 0 is marked 0 reclaim candidate 0 type array 1
[2024-12-07T18:48:47.248+0800][3.175s][debug][gc,humongous      ] GC(26) Live humongous region 432 object size 1048592 start 0x00000000fb000000  with remset 0 code roots 0 is marked 0 reclaim candidate 0 type array 1
[2024-12-07T18:48:47.248+0800][3.175s][debug][gc,humongous      ] GC(26) Live humongous region 434 object size 1048592 start 0x00000000fb200000  with remset 0 code roots 0 is marked 0 reclaim candidate 0 type array 1
[2024-12-07T18:48:47.248+0800][3.175s][debug][gc,humongous      ] GC(26) Live humongous region 436 object size 1048592 start 0x00000000fb400000  with remset 0 code roots 0 is marked 0 reclaim candidate 0 type array 1
[2024-12-07T18:48:47.248+0800][3.175s][debug][gc,humongous      ] GC(26) Live humongous region 438 object size 1048592 start 0x00000000fb600000  with remset 0 code roots 0 is marked 0 reclaim candidate 0 type array 1
[2024-12-07T18:48:47.248+0800][3.176s][debug][gc,humongous      ] GC(26) Live humongous region 440 object size 1048592 start 0x00000000fb800000  with remset 0 code roots 0 is marked 0 reclaim candidate 0 type array 1
[2024-12-07T18:48:47.248+0800][3.176s][debug][gc,humongous      ] GC(26) Live humongous region 442 object size 1048592 start 0x00000000fba00000  with remset 0 code roots 0 is marked 0 reclaim candidate 0 type array 1
[2024-12-07T18:48:47.248+0800][3.176s][debug][gc,humongous      ] GC(26) Live humongous region 444 object size 1048592 start 0x00000000fbc00000  with remset 0 code roots 0 is marked 0 reclaim candidate 0 type array 1
[2024-12-07T18:48:47.248+0800][3.176s][debug][gc,humongous      ] GC(26) Live humongous region 446 object size 1048592 start 0x00000000fbe00000  with remset 0 code roots 0 is marked 0 reclaim candidate 0 type array 1
[2024-12-07T18:48:47.249+0800][3.176s][debug][gc,humongous      ] GC(26) Live humongous region 448 object size 1048592 start 0x00000000fc000000  with remset 0 code roots 0 is marked 0 reclaim candidate 0 type array 1
[2024-12-07T18:48:47.249+0800][3.176s][debug][gc,humongous      ] GC(26) Live humongous region 450 object size 1048592 start 0x00000000fc200000  with remset 0 code roots 0 is marked 0 reclaim candidate 0 type array 1
[2024-12-07T18:48:47.249+0800][3.176s][debug][gc,humongous      ] GC(26) Live humongous region 452 object size 1048592 start 0x00000000fc400000  with remset 0 code roots 0 is marked 0 reclaim candidate 0 type array 1
[2024-12-07T18:48:47.249+0800][3.176s][debug][gc,humongous      ] GC(26) Live humongous region 454 object size 1048592 start 0x00000000fc600000  with remset 0 code roots 0 is marked 0 reclaim candidate 0 type array 1
[2024-12-07T18:48:47.249+0800][3.176s][debug][gc,humongous      ] GC(26) Live humongous region 456 object size 1048592 start 0x00000000fc800000  with remset 0 code roots 0 is marked 0 reclaim candidate 0 type array 1
[2024-12-07T18:48:47.249+0800][3.176s][debug][gc,humongous      ] GC(26) Live humongous region 458 object size 1048592 start 0x00000000fca00000  with remset 0 code roots 0 is marked 0 reclaim candidate 0 type array 1
[2024-12-07T18:48:47.249+0800][3.176s][debug][gc,humongous      ] GC(26) Live humongous region 460 object size 1048592 start 0x00000000fcc00000  with remset 0 code roots 0 is marked 0 reclaim candidate 0 type array 1
[2024-12-07T18:48:47.249+0800][3.176s][debug][gc,humongous      ] GC(26) Live humongous region 462 object size 1048592 start 0x00000000fce00000  with remset 0 code roots 0 is marked 0 reclaim candidate 0 type array 1
[2024-12-07T18:48:47.249+0800][3.176s][debug][gc,humongous      ] GC(26) Live humongous region 464 object size 1048592 start 0x00000000fd000000  with remset 0 code roots 0 is marked 0 reclaim candidate 0 type array 1
[2024-12-07T18:48:47.249+0800][3.176s][debug][gc,humongous      ] GC(26) Live humongous region 466 object size 1048592 start 0x00000000fd200000  with remset 0 code roots 0 is marked 0 reclaim candidate 0 type array 1
[2024-12-07T18:48:47.249+0800][3.176s][debug][gc,humongous      ] GC(26) Live humongous region 468 object size 1048592 start 0x00000000fd400000  with remset 0 code roots 0 is marked 0 reclaim candidate 0 type array 1
[2024-12-07T18:48:47.249+0800][3.176s][debug][gc,humongous      ] GC(26) Live humongous region 470 object size 1048592 start 0x00000000fd600000  with remset 0 code roots 0 is marked 0 reclaim candidate 0 type array 1
[2024-12-07T18:48:47.249+0800][3.177s][debug][gc,humongous      ] GC(26) Live humongous region 472 object size 1048592 start 0x00000000fd800000  with remset 0 code roots 0 is marked 0 reclaim candidate 0 type array 1
[2024-12-07T18:48:47.249+0800][3.177s][debug][gc,humongous      ] GC(26) Live humongous region 474 object size 1048592 start 0x00000000fda00000  with remset 0 code roots 0 is marked 0 reclaim candidate 0 type array 1
[2024-12-07T18:48:47.249+0800][3.177s][debug][gc,humongous      ] GC(26) Live humongous region 476 object size 1048592 start 0x00000000fdc00000  with remset 0 code roots 0 is marked 0 reclaim candidate 0 type array 1
[2024-12-07T18:48:47.249+0800][3.177s][debug][gc,humongous      ] GC(26) Live humongous region 478 object size 1048592 start 0x00000000fde00000  with remset 0 code roots 0 is marked 0 reclaim candidate 0 type array 1
[2024-12-07T18:48:47.250+0800][3.177s][debug][gc,plab           ] GC(26) Young PLAB allocation: allocated: 401808B, wasted: 2432B, unused: 31736B, used: 367640B, undo waste: 0B, 
[2024-12-07T18:48:47.250+0800][3.177s][debug][gc,plab           ] GC(26) Young other allocation: region end waste: 0B, regions filled: 1, direct allocated: 70600B, failure used: 0B, failure wasted: 0B
[2024-12-07T18:48:47.250+0800][3.177s][debug][gc,plab           ] GC(26) Young sizing: calculated: 73528B, actual: 73416B
[2024-12-07T18:48:47.250+0800][3.177s][debug][gc,plab           ] GC(26) Old PLAB allocation: allocated: 0B, wasted: 0B, unused: 0B, used: 0B, undo waste: 0B, 
[2024-12-07T18:48:47.250+0800][3.177s][debug][gc,plab           ] GC(26) Old other allocation: region end waste: 0B, regions filled: 0, direct allocated: 0B, failure used: 0B, failure wasted: 0B
[2024-12-07T18:48:47.250+0800][3.177s][debug][gc,plab           ] GC(26) Old sizing: calculated: 0B, actual: 2064B
[2024-12-07T18:48:47.250+0800][3.177s][debug][gc,alloc,stats    ] Old generation allocation in the last mutator period, old gen allocated: 0B, humongous allocated: 20971520B,old gen growth: 20971520B.
[2024-12-07T18:48:47.250+0800][3.177s][debug][gc,ihop           ] GC(26) Basic information (value update), threshold: 238288896B (45.00), target occupancy: 529530880B, current occupancy: 504526168B, recent allocation size: 20971520B, recent allocation duration: 102.14ms, recent old gen allocation rate: 205319062.23B/s, recent marking phase length: 0.00ms
[2024-12-07T18:48:47.250+0800][3.177s][debug][gc,ihop           ] GC(26) Adaptive IHOP information (value update), threshold: 238288896B (52.22), internal target occupancy: 456340275B, occupancy: 504526168B, additional buffer size: 26214400B, predicted old gen allocation rate: 203222548.34B/s, predicted marking phase length: 0.00ms, prediction active: false
[2024-12-07T18:48:47.250+0800][3.177s][debug][gc,ergo,refine    ] GC(26) Updated Refinement Zones: green: 18, yellow: 54, red: 90
[2024-12-07T18:48:47.250+0800][3.177s][info ][gc,phases         ] GC(26)   Pre Evacuate Collection Set: 0.2ms
[2024-12-07T18:48:47.250+0800][3.178s][debug][gc,phases         ] GC(26)     Prepare TLABs: 0.2ms
[2024-12-07T18:48:47.250+0800][3.178s][debug][gc,phases         ] GC(26)     Choose Collection Set: 0.2ms
[2024-12-07T18:48:47.250+0800][3.178s][debug][gc,phases         ] GC(26)     Humongous Register: 0.0ms
[2024-12-07T18:48:47.250+0800][3.178s][debug][gc,phases         ] GC(26)     Clear Claimed Marks: 0.0ms
[2024-12-07T18:48:47.251+0800][3.178s][info ][gc,phases         ] GC(26)   Evacuate Collection Set: 5.3ms
[2024-12-07T18:48:47.251+0800][3.178s][debug][gc,phases         ] GC(26)     Ext Root Scanning (ms):   Min:  0.1, Avg:  0.3, Max:  0.5, Diff:  0.5, Sum:  4.1, Workers: 12
[2024-12-07T18:48:47.251+0800][3.178s][debug][gc,phases         ] GC(26)     Update RS (ms):           Min:  0.0, Avg:  0.2, Max:  0.8, Diff:  0.8, Sum:  3.0, Workers: 12
[2024-12-07T18:48:47.251+0800][3.178s][debug][gc,phases         ] GC(26)       Processed Buffers:        Min: 0, Avg:  0.5, Max: 1, Diff: 1, Sum: 6, Workers: 12
[2024-12-07T18:48:47.251+0800][3.178s][debug][gc,phases         ] GC(26)       Scanned Cards:            Min: 0, Avg: 18.5, Max: 66, Diff: 66, Sum: 222, Workers: 12
[2024-12-07T18:48:47.251+0800][3.178s][debug][gc,phases         ] GC(26)       Skipped Cards:            Min: 0, Avg:  5.1, Max: 32, Diff: 32, Sum: 61, Workers: 12
[2024-12-07T18:48:47.251+0800][3.178s][debug][gc,phases         ] GC(26)     Scan RS (ms):             Min:  0.0, Avg:  0.2, Max:  1.2, Diff:  1.2, Sum:  2.6, Workers: 12
[2024-12-07T18:48:47.251+0800][3.178s][debug][gc,phases         ] GC(26)       Scanned Cards:            Min: 0, Avg: 10.3, Max: 54, Diff: 54, Sum: 124, Workers: 12
[2024-12-07T18:48:47.251+0800][3.178s][debug][gc,phases         ] GC(26)       Claimed Cards:            Min: 0, Avg: 18.5, Max: 64, Diff: 64, Sum: 222, Workers: 12
[2024-12-07T18:48:47.251+0800][3.178s][debug][gc,phases         ] GC(26)       Skipped Cards:            Min: 0, Avg: 55.5, Max: 192, Diff: 192, Sum: 666, Workers: 12
[2024-12-07T18:48:47.251+0800][3.178s][debug][gc,phases         ] GC(26)     Code Root Scanning (ms):  Min:  0.0, Avg:  0.0, Max:  0.0, Diff:  0.0, Sum:  0.0, Workers: 12
[2024-12-07T18:48:47.251+0800][3.179s][debug][gc,phases         ] GC(26)     AOT Root Scanning (ms):   skipped
[2024-12-07T18:48:47.251+0800][3.179s][debug][gc,phases         ] GC(26)     Object Copy (ms):         Min:  0.0, Avg:  0.1, Max:  0.5, Diff:  0.5, Sum:  1.4, Workers: 12
[2024-12-07T18:48:47.251+0800][3.179s][debug][gc,phases         ] GC(26)     Termination (ms):         Min:  0.0, Avg:  0.7, Max:  0.9, Diff:  0.9, Sum:  7.9, Workers: 12
[2024-12-07T18:48:47.251+0800][3.179s][debug][gc,phases         ] GC(26)       Termination Attempts:     Min: 1, Avg: 17.1, Max: 40, Diff: 39, Sum: 205, Workers: 12
[2024-12-07T18:48:47.252+0800][3.179s][debug][gc,phases         ] GC(26)     GC Worker Other (ms):     Min:  0.3, Avg:  2.0, Max:  3.0, Diff:  2.7, Sum: 23.8, Workers: 12
[2024-12-07T18:48:47.252+0800][3.179s][debug][gc,phases         ] GC(26)     GC Worker Total (ms):     Min:  1.9, Avg:  3.6, Max:  4.5, Diff:  2.6, Sum: 42.8, Workers: 12
[2024-12-07T18:48:47.252+0800][3.179s][info ][gc,phases         ] GC(26)   Post Evacuate Collection Set: 18.4ms
[2024-12-07T18:48:47.252+0800][3.179s][debug][gc,phases         ] GC(26)     Code Roots Fixup: 0.0ms
[2024-12-07T18:48:47.252+0800][3.179s][debug][gc,phases         ] GC(26)     Clear Card Table: 0.2ms
[2024-12-07T18:48:47.252+0800][3.179s][debug][gc,phases         ] GC(26)     Reference Processing: 0.3ms
[2024-12-07T18:48:47.252+0800][3.179s][debug][gc,phases,ref     ] GC(26)       Reconsider SoftReferences: 0.1ms
[2024-12-07T18:48:47.252+0800][3.179s][debug][gc,phases,ref     ] GC(26)         SoftRef (ms):             skipped
[2024-12-07T18:48:47.252+0800][3.179s][debug][gc,phases,ref     ] GC(26)       Notify Soft/WeakReferences: 0.0ms
[2024-12-07T18:48:47.252+0800][3.179s][debug][gc,phases,ref     ] GC(26)         SoftRef (ms):             Min:  0.0, Avg:  0.0, Max:  0.0, Diff:  0.0, Sum:  0.0, Workers: 1
[2024-12-07T18:48:47.252+0800][3.179s][debug][gc,phases,ref     ] GC(26)         WeakRef (ms):             Min:  0.0, Avg:  0.0, Max:  0.0, Diff:  0.0, Sum:  0.0, Workers: 1
[2024-12-07T18:48:47.252+0800][3.179s][debug][gc,phases,ref     ] GC(26)         FinalRef (ms):            Min:  0.0, Avg:  0.0, Max:  0.0, Diff:  0.0, Sum:  0.0, Workers: 1
[2024-12-07T18:48:47.252+0800][3.180s][debug][gc,phases,ref     ] GC(26)         Total (ms):               Min:  0.0, Avg:  0.0, Max:  0.0, Diff:  0.0, Sum:  0.0, Workers: 1
[2024-12-07T18:48:47.252+0800][3.180s][debug][gc,phases,ref     ] GC(26)       Notify and keep alive finalizable: 0.2ms
[2024-12-07T18:48:47.252+0800][3.180s][debug][gc,phases,ref     ] GC(26)         FinalRef (ms):            skipped
[2024-12-07T18:48:47.253+0800][3.180s][debug][gc,phases,ref     ] GC(26)       Notify PhantomReferences: 0.0ms
[2024-12-07T18:48:47.253+0800][3.180s][debug][gc,phases,ref     ] GC(26)         PhantomRef (ms):          Min:  0.0, Avg:  0.0, Max:  0.0, Diff:  0.0, Sum:  0.0, Workers: 1
[2024-12-07T18:48:47.253+0800][3.180s][debug][gc,phases,ref     ] GC(26)       SoftReference:
[2024-12-07T18:48:47.253+0800][3.180s][debug][gc,phases,ref     ] GC(26)         Discovered: 0
[2024-12-07T18:48:47.253+0800][3.180s][debug][gc,phases,ref     ] GC(26)         Cleared: 0
[2024-12-07T18:48:47.253+0800][3.180s][debug][gc,phases,ref     ] GC(26)       WeakReference:
[2024-12-07T18:48:47.253+0800][3.180s][debug][gc,phases,ref     ] GC(26)         Discovered: 10
[2024-12-07T18:48:47.253+0800][3.180s][debug][gc,phases,ref     ] GC(26)         Cleared: 10
[2024-12-07T18:48:47.253+0800][3.180s][debug][gc,phases,ref     ] GC(26)       FinalReference:
[2024-12-07T18:48:47.253+0800][3.180s][debug][gc,phases,ref     ] GC(26)         Discovered: 0
[2024-12-07T18:48:47.253+0800][3.180s][debug][gc,phases,ref     ] GC(26)         Cleared: 0
[2024-12-07T18:48:47.253+0800][3.180s][debug][gc,phases,ref     ] GC(26)       PhantomReference:
[2024-12-07T18:48:47.253+0800][3.180s][debug][gc,phases,ref     ] GC(26)         Discovered: 4
[2024-12-07T18:48:47.253+0800][3.181s][debug][gc,phases,ref     ] GC(26)         Cleared: 4
[2024-12-07T18:48:47.253+0800][3.181s][debug][gc,phases         ] GC(26)     Weak Processing: 0.0ms
[2024-12-07T18:48:47.253+0800][3.181s][debug][gc,phases         ] GC(26)     Merge Per-Thread State: 0.0ms
[2024-12-07T18:48:47.254+0800][3.181s][debug][gc,phases         ] GC(26)     Code Roots Purge: 0.0ms
[2024-12-07T18:48:47.254+0800][3.181s][debug][gc,phases         ] GC(26)     Redirty Cards: 0.1ms
[2024-12-07T18:48:47.254+0800][3.181s][debug][gc,phases         ] GC(26)     DerivedPointerTable Update: 0.0ms
[2024-12-07T18:48:47.254+0800][3.181s][debug][gc,phases         ] GC(26)     Free Collection Set: 0.2ms
[2024-12-07T18:48:47.254+0800][3.181s][debug][gc,phases         ] GC(26)     Humongous Reclaim: 17.6ms
[2024-12-07T18:48:47.254+0800][3.181s][debug][gc,phases         ] GC(26)     Start New Collection Set: 0.0ms
[2024-12-07T18:48:47.254+0800][3.181s][debug][gc,phases         ] GC(26)     Resize TLABs: 0.0ms
[2024-12-07T18:48:47.254+0800][3.181s][debug][gc,phases         ] GC(26)     Expand Heap After Collection: 0.0ms
[2024-12-07T18:48:47.254+0800][3.181s][info ][gc,phases         ] GC(26)   Other: 2.6ms
[2024-12-07T18:48:47.254+0800][3.181s][info ][gc,heap           ] GC(26) Eden regions: 1->0(24)
[2024-12-07T18:48:47.254+0800][3.181s][info ][gc,heap           ] GC(26) Survivor regions: 1->1(4)
[2024-12-07T18:48:47.254+0800][3.181s][info ][gc,heap           ] GC(26) Old regions: 2->2
[2024-12-07T18:48:47.254+0800][3.182s][info ][gc,heap           ] GC(26) Humongous regions: 480->480
[2024-12-07T18:48:47.254+0800][3.182s][info ][gc,metaspace      ] GC(26) Metaspace: 554K(4864K)->554K(4864K) NonClass: 507K(4352K)->507K(4352K) Class: 46K(512K)->46K(512K)
[2024-12-07T18:48:47.254+0800][3.182s][debug][gc,heap           ] GC(26) Heap after GC invocations=27 (full 0): garbage-first heap   total 517120K, used 492701K [0x00000000e0000000, 0x0000000100000000)
[2024-12-07T18:48:47.255+0800][3.182s][debug][gc,heap           ] GC(26)   region size 1024K, 1 young (1024K), 1 survivors (1024K)
[2024-12-07T18:48:47.255+0800][3.182s][debug][gc,heap           ] GC(26)  Metaspace       used 554K, capacity 4570K, committed 4864K, reserved 1056768K
[2024-12-07T18:48:47.255+0800][3.182s][debug][gc,heap           ] GC(26)   class space    used 46K, capacity 419K, committed 512K, reserved 1048576K
[2024-12-07T18:48:47.255+0800][3.182s][info ][gc                ] GC(26) Pause Young (Concurrent Start) (G1 Humongous Allocation) 481M->481M(505M) 30.137ms
[2024-12-07T18:48:47.255+0800][3.182s][info ][gc,cpu            ] GC(26) User=0.02s Sys=0.00s Real=0.03s
[2024-12-07T18:48:47.255+0800][3.182s][info ][gc                ] GC(27) Concurrent Cycle
[2024-12-07T18:48:47.255+0800][3.182s][info ][gc,marking        ] GC(27) Concurrent Clear Claimed Marks
[2024-12-07T18:48:47.255+0800][3.182s][info ][gc,marking        ] GC(27) Concurrent Clear Claimed Marks 0.080ms
[2024-12-07T18:48:47.255+0800][3.182s][info ][gc,marking        ] GC(27) Concurrent Scan Root Regions
[2024-12-07T18:48:47.255+0800][3.182s][debug][gc,ergo           ] GC(27) Running G1 Root Region Scan using 1 workers for 1 work units.
[2024-12-07T18:48:47.256+0800][3.183s][info ][gc,marking        ] GC(27) Concurrent Scan Root Regions 0.470ms
[2024-12-07T18:48:47.256+0800][3.183s][info ][gc,marking        ] GC(27) Concurrent Mark (3.183s)
[2024-12-07T18:48:47.256+0800][3.183s][info ][gc,marking        ] GC(27) Concurrent Mark From Roots
[2024-12-07T18:48:47.256+0800][3.183s][info ][gc,task           ] GC(27) Using 5 workers of 5 for marking
[2024-12-07T18:48:47.257+0800][3.184s][debug][gc,stats          ] ---------------------------------------------------------------------
[2024-12-07T18:48:47.257+0800][3.184s][debug][gc,stats          ] Marking Stats, task = 0, calls = 34
[2024-12-07T18:48:47.257+0800][3.184s][debug][gc,stats          ]   Elapsed time = 0.53ms, Termination time = 0.00ms
[2024-12-07T18:48:47.257+0800][3.184s][debug][gc,stats          ]   Step Times (cum): num = 1346, avg = 0.01ms, sd = 0.17ms max = 3.25ms, total = 15.67ms
[2024-12-07T18:48:47.257+0800][3.184s][debug][gc,stats          ]   Mark Stats Cache: hits 3220 misses 241 ratio 93.037
[2024-12-07T18:48:47.257+0800][3.184s][debug][gc,stats          ] ---------------------------------------------------------------------
[2024-12-07T18:48:47.257+0800][3.184s][debug][gc,stats          ] Marking Stats, task = 1, calls = 34
[2024-12-07T18:48:47.257+0800][3.184s][debug][gc,stats          ]   Elapsed time = 0.51ms, Termination time = 0.00ms
[2024-12-07T18:48:47.257+0800][3.184s][debug][gc,stats          ]   Step Times (cum): num = 411, avg = 0.04ms, sd = 0.31ms max = 3.25ms, total = 15.96ms
[2024-12-07T18:48:47.257+0800][3.184s][debug][gc,stats          ]   Mark Stats Cache: hits 559 misses 2 ratio 99.643
[2024-12-07T18:48:47.257+0800][3.184s][debug][gc,stats          ] ---------------------------------------------------------------------
[2024-12-07T18:48:47.257+0800][3.184s][debug][gc,stats          ] Marking Stats, task = 2, calls = 25
[2024-12-07T18:48:47.257+0800][3.185s][debug][gc,stats          ]   Elapsed time = 0.51ms, Termination time = 0.00ms
[2024-12-07T18:48:47.257+0800][3.185s][debug][gc,stats          ]   Step Times (cum): num = 447, avg = 0.04ms, sd = 0.29ms max = 3.25ms, total = 15.72ms
[2024-12-07T18:48:47.257+0800][3.185s][debug][gc,stats          ]   Mark Stats Cache: hits 1835 misses 2 ratio 99.891
[2024-12-07T18:48:47.258+0800][3.185s][debug][gc,stats          ] ---------------------------------------------------------------------
[2024-12-07T18:48:47.258+0800][3.185s][debug][gc,stats          ] Marking Stats, task = 3, calls = 1
[2024-12-07T18:48:47.258+0800][3.185s][debug][gc,stats          ]   Elapsed time = 0.43ms, Termination time = 0.00ms
[2024-12-07T18:48:47.258+0800][3.185s][debug][gc,stats          ]   Step Times (cum): num = 428, avg = 0.04ms, sd = 0.29ms max = 3.25ms, total = 15.59ms
[2024-12-07T18:48:47.258+0800][3.185s][debug][gc,stats          ]   Mark Stats Cache: hits 4266 misses 2 ratio 99.953
[2024-12-07T18:48:47.258+0800][3.185s][debug][gc,stats          ] ---------------------------------------------------------------------
[2024-12-07T18:48:47.258+0800][3.185s][debug][gc,stats          ] Marking Stats, task = 4, calls = 34
[2024-12-07T18:48:47.258+0800][3.185s][debug][gc,stats          ]   Elapsed time = 0.49ms, Termination time = 0.00ms
[2024-12-07T18:48:47.258+0800][3.185s][debug][gc,stats          ]   Step Times (cum): num = 365, avg = 0.04ms, sd = 0.32ms max = 3.25ms, total = 15.65ms
[2024-12-07T18:48:47.258+0800][3.185s][debug][gc,stats          ]   Mark Stats Cache: hits 604 misses 2 ratio 99.670
[2024-12-07T18:48:47.258+0800][3.185s][debug][gc,stats          ] ---------------------------------------------------------------------
[2024-12-07T18:48:47.258+0800][3.185s][info ][gc,marking        ] GC(27) Concurrent Mark From Roots 2.458ms
[2024-12-07T18:48:47.258+0800][3.186s][info ][gc,marking        ] GC(27) Concurrent Preclean
[2024-12-07T18:48:47.258+0800][3.186s][debug][gc,ref,start      ] GC(27) Preclean SoftReferences
[2024-12-07T18:48:47.258+0800][3.186s][debug][gc,ref            ] GC(27) Preclean SoftReferences 0.083ms
[2024-12-07T18:48:47.259+0800][3.186s][debug][gc,ref,start      ] GC(27) Preclean WeakReferences
[2024-12-07T18:48:47.259+0800][3.186s][debug][gc,ref            ] GC(27) Preclean WeakReferences 0.074ms
[2024-12-07T18:48:47.259+0800][3.186s][debug][gc,ref,start      ] GC(27) Preclean FinalReferences
[2024-12-07T18:48:47.259+0800][3.186s][debug][gc,ref            ] GC(27) Preclean FinalReferences 0.073ms
[2024-12-07T18:48:47.259+0800][3.186s][debug][gc,ref,start      ] GC(27) Preclean PhantomReferences
[2024-12-07T18:48:47.259+0800][3.186s][debug][gc,ref            ] GC(27) Preclean PhantomReferences 0.073ms
[2024-12-07T18:48:47.259+0800][3.186s][info ][gc,marking        ] GC(27) Concurrent Preclean 0.621ms
[2024-12-07T18:48:47.259+0800][3.186s][info ][gc,marking        ] GC(27) Concurrent Mark (3.183s, 3.186s) 3.284ms
[2024-12-07T18:48:47.259+0800][3.186s][info ][gc,start          ] GC(27) Pause Remark
[2024-12-07T18:48:47.259+0800][3.186s][debug][gc,phases,start   ] GC(27) Finalize Marking
[2024-12-07T18:48:47.260+0800][3.187s][debug][gc,stats          ] ---------------------------------------------------------------------
[2024-12-07T18:48:47.260+0800][3.188s][debug][gc,stats          ] Marking Stats, task = 0, calls = 107
[2024-12-07T18:48:47.260+0800][3.188s][debug][gc,stats          ]   Elapsed time = 0.60ms, Termination time = 0.43ms
[2024-12-07T18:48:47.261+0800][3.188s][debug][gc,stats          ]   Step Times (cum): num = 1419, avg = 0.01ms, sd = 0.16ms max = 3.25ms, total = 16.10ms
[2024-12-07T18:48:47.261+0800][3.188s][debug][gc,stats          ]   Mark Stats Cache: hits 3220 misses 241 ratio 93.037
[2024-12-07T18:48:47.261+0800][3.188s][debug][gc,stats          ] ---------------------------------------------------------------------
[2024-12-07T18:48:47.261+0800][3.188s][debug][gc,stats          ] Marking Stats, task = 1, calls = 35
[2024-12-07T18:48:47.261+0800][3.188s][debug][gc,stats          ]   Elapsed time = 0.58ms, Termination time = 0.42ms
[2024-12-07T18:48:47.261+0800][3.188s][debug][gc,stats          ]   Step Times (cum): num = 412, avg = 0.04ms, sd = 0.31ms max = 3.25ms, total = 16.38ms
[2024-12-07T18:48:47.261+0800][3.188s][debug][gc,stats          ]   Mark Stats Cache: hits 559 misses 2 ratio 99.643
[2024-12-07T18:48:47.261+0800][3.188s][debug][gc,stats          ] ---------------------------------------------------------------------
[2024-12-07T18:48:47.261+0800][3.189s][debug][gc,stats          ] Marking Stats, task = 2, calls = 26
[2024-12-07T18:48:47.261+0800][3.189s][debug][gc,stats          ]   Elapsed time = 0.58ms, Termination time = 0.41ms
[2024-12-07T18:48:47.261+0800][3.189s][debug][gc,stats          ]   Step Times (cum): num = 448, avg = 0.04ms, sd = 0.29ms max = 3.25ms, total = 16.13ms
[2024-12-07T18:48:47.261+0800][3.189s][debug][gc,stats          ]   Mark Stats Cache: hits 1835 misses 2 ratio 99.891
[2024-12-07T18:48:47.262+0800][3.189s][debug][gc,stats          ] ---------------------------------------------------------------------
[2024-12-07T18:48:47.262+0800][3.189s][debug][gc,stats          ] Marking Stats, task = 3, calls = 2
[2024-12-07T18:48:47.262+0800][3.189s][debug][gc,stats          ]   Elapsed time = 0.59ms, Termination time = 0.43ms
[2024-12-07T18:48:47.262+0800][3.189s][debug][gc,stats          ]   Step Times (cum): num = 429, avg = 0.04ms, sd = 0.29ms max = 3.25ms, total = 16.02ms
[2024-12-07T18:48:47.262+0800][3.189s][debug][gc,stats          ]   Mark Stats Cache: hits 4266 misses 2 ratio 99.953
[2024-12-07T18:48:47.262+0800][3.189s][debug][gc,stats          ] ---------------------------------------------------------------------
[2024-12-07T18:48:47.262+0800][3.189s][debug][gc,stats          ] Marking Stats, task = 4, calls = 35
[2024-12-07T18:48:47.262+0800][3.189s][debug][gc,stats          ]   Elapsed time = 0.55ms, Termination time = 0.45ms
[2024-12-07T18:48:47.262+0800][3.189s][debug][gc,stats          ]   Step Times (cum): num = 366, avg = 0.04ms, sd = 0.32ms max = 3.25ms, total = 16.10ms
[2024-12-07T18:48:47.262+0800][3.189s][debug][gc,stats          ]   Mark Stats Cache: hits 604 misses 2 ratio 99.670
[2024-12-07T18:48:47.262+0800][3.189s][debug][gc,stats          ] ---------------------------------------------------------------------
[2024-12-07T18:48:47.262+0800][3.190s][debug][gc,stats          ] Marking Stats, task = 5, calls = 1
[2024-12-07T18:48:47.262+0800][3.190s][debug][gc,stats          ]   Elapsed time = 0.59ms, Termination time = 0.42ms
[2024-12-07T18:48:47.262+0800][3.190s][debug][gc,stats          ]   Step Times (cum): num = 14, avg = 1.14ms, sd = 1.21ms max = 3.25ms, total = 15.96ms
[2024-12-07T18:48:47.263+0800][3.190s][debug][gc,stats          ]   Mark Stats Cache: hits 0 misses 0 ratio 0.000
[2024-12-07T18:48:47.263+0800][3.190s][debug][gc,stats          ] ---------------------------------------------------------------------
[2024-12-07T18:48:47.263+0800][3.190s][debug][gc,stats          ] Marking Stats, task = 6, calls = 1
[2024-12-07T18:48:47.263+0800][3.190s][debug][gc,stats          ]   Elapsed time = 0.52ms, Termination time = 0.42ms
[2024-12-07T18:48:47.263+0800][3.190s][debug][gc,stats          ]   Step Times (cum): num = 14, avg = 1.17ms, sd = 1.22ms max = 3.43ms, total = 16.36ms
[2024-12-07T18:48:47.263+0800][3.190s][debug][gc,stats          ]   Mark Stats Cache: hits 0 misses 0 ratio 0.000
[2024-12-07T18:48:47.263+0800][3.190s][debug][gc,stats          ] ---------------------------------------------------------------------
[2024-12-07T18:48:47.263+0800][3.190s][debug][gc,stats          ] Marking Stats, task = 7, calls = 1
[2024-12-07T18:48:47.263+0800][3.190s][debug][gc,stats          ]   Elapsed time = 0.48ms, Termination time = 0.42ms
[2024-12-07T18:48:47.263+0800][3.190s][debug][gc,stats          ]   Step Times (cum): num = 14, avg = 1.17ms, sd = 1.15ms max = 3.25ms, total = 16.40ms
[2024-12-07T18:48:47.263+0800][3.190s][debug][gc,stats          ]   Mark Stats Cache: hits 0 misses 0 ratio 0.000
[2024-12-07T18:48:47.263+0800][3.190s][debug][gc,stats          ] ---------------------------------------------------------------------
[2024-12-07T18:48:47.263+0800][3.191s][debug][gc,stats          ] Marking Stats, task = 8, calls = 1
[2024-12-07T18:48:47.263+0800][3.191s][debug][gc,stats          ]   Elapsed time = 0.45ms, Termination time = 0.41ms
[2024-12-07T18:48:47.263+0800][3.191s][debug][gc,stats          ]   Step Times (cum): num = 14, avg = 1.16ms, sd = 1.20ms max = 3.43ms, total = 16.25ms
[2024-12-07T18:48:47.264+0800][3.191s][debug][gc,stats          ]   Mark Stats Cache: hits 0 misses 0 ratio 0.000
[2024-12-07T18:48:47.264+0800][3.191s][debug][gc,stats          ] ---------------------------------------------------------------------
[2024-12-07T18:48:47.264+0800][3.191s][debug][gc,stats          ] Marking Stats, task = 9, calls = 1
[2024-12-07T18:48:47.264+0800][3.191s][debug][gc,stats          ]   Elapsed time = 0.07ms, Termination time = 0.00ms
[2024-12-07T18:48:47.264+0800][3.191s][debug][gc,stats          ]   Step Times (cum): num = 14, avg = 1.10ms, sd = 1.15ms max = 3.25ms, total = 15.37ms
[2024-12-07T18:48:47.264+0800][3.191s][debug][gc,stats          ]   Mark Stats Cache: hits 0 misses 0 ratio 0.000
[2024-12-07T18:48:47.264+0800][3.191s][debug][gc,stats          ] ---------------------------------------------------------------------
[2024-12-07T18:48:47.264+0800][3.191s][debug][gc,stats          ] Marking Stats, task = 10, calls = 1
[2024-12-07T18:48:47.264+0800][3.191s][debug][gc,stats          ]   Elapsed time = 0.07ms, Termination time = 0.00ms
[2024-12-07T18:48:47.264+0800][3.191s][debug][gc,stats          ]   Step Times (cum): num = 14, avg = 0.51ms, sd = 0.88ms max = 3.05ms, total = 7.21ms
[2024-12-07T18:48:47.264+0800][3.191s][debug][gc,stats          ]   Mark Stats Cache: hits 0 misses 0 ratio 0.000
[2024-12-07T18:48:47.264+0800][3.191s][debug][gc,stats          ] ---------------------------------------------------------------------
[2024-12-07T18:48:47.264+0800][3.192s][debug][gc,stats          ] Marking Stats, task = 11, calls = 1
[2024-12-07T18:48:47.265+0800][3.192s][debug][gc,stats          ]   Elapsed time = 0.00ms, Termination time = 0.00ms
[2024-12-07T18:48:47.265+0800][3.192s][debug][gc,stats          ]   Step Times (cum): num = 14, avg = 0.00ms, sd = 0.00ms max = 0.00ms, total = 0.00ms
[2024-12-07T18:48:47.265+0800][3.192s][debug][gc,stats          ]   Mark Stats Cache: hits 0 misses 0 ratio 0.000
[2024-12-07T18:48:47.265+0800][3.192s][debug][gc,stats          ] ---------------------------------------------------------------------
[2024-12-07T18:48:47.265+0800][3.192s][debug][gc,phases         ] GC(27) Finalize Marking 5.677ms
[2024-12-07T18:48:47.265+0800][3.192s][debug][gc,phases,start   ] GC(27) Reference Processing
[2024-12-07T18:48:47.265+0800][3.192s][debug][gc,ref            ] GC(27) Skipped phase1 of Reference Processing due to unavailable references
[2024-12-07T18:48:47.265+0800][3.192s][debug][gc,ref            ] GC(27) Skipped phase2 of Reference Processing due to unavailable references
[2024-12-07T18:48:47.265+0800][3.192s][debug][gc,ref            ] GC(27) Skipped phase3 of Reference Processing due to unavailable references
[2024-12-07T18:48:47.265+0800][3.193s][debug][gc,ref            ] GC(27) Skipped phase4 of Reference Processing due to unavailable references
[2024-12-07T18:48:47.265+0800][3.193s][debug][gc,phases,ref     ] GC(27) Reference Processing: 0.3ms
[2024-12-07T18:48:47.265+0800][3.193s][debug][gc,phases,ref     ] GC(27)   Reconsider SoftReferences: 0.1ms
[2024-12-07T18:48:47.265+0800][3.193s][debug][gc,phases,ref     ] GC(27)     SoftRef (ms):             skipped
[2024-12-07T18:48:47.266+0800][3.193s][debug][gc,phases,ref     ] GC(27)   Notify Soft/WeakReferences: 0.1ms
[2024-12-07T18:48:47.266+0800][3.193s][debug][gc,phases,ref     ] GC(27)     SoftRef (ms):             skipped
[2024-12-07T18:48:47.266+0800][3.193s][debug][gc,phases,ref     ] GC(27)     WeakRef (ms):             skipped
[2024-12-07T18:48:47.266+0800][3.193s][debug][gc,phases,ref     ] GC(27)     FinalRef (ms):            skipped
[2024-12-07T18:48:47.266+0800][3.193s][debug][gc,phases,ref     ] GC(27)     Total (ms):               skipped
[2024-12-07T18:48:47.266+0800][3.193s][debug][gc,phases,ref     ] GC(27)   Notify and keep alive finalizable: 0.1ms
[2024-12-07T18:48:47.266+0800][3.193s][debug][gc,phases,ref     ] GC(27)     FinalRef (ms):            skipped
[2024-12-07T18:48:47.266+0800][3.193s][debug][gc,phases,ref     ] GC(27)   Notify PhantomReferences: 0.1ms
[2024-12-07T18:48:47.266+0800][3.193s][debug][gc,phases,ref     ] GC(27)     PhantomRef (ms):          skipped
[2024-12-07T18:48:47.266+0800][3.193s][debug][gc,phases,ref     ] GC(27)   SoftReference:
[2024-12-07T18:48:47.266+0800][3.193s][debug][gc,phases,ref     ] GC(27)     Discovered: 0
[2024-12-07T18:48:47.266+0800][3.193s][debug][gc,phases,ref     ] GC(27)     Cleared: 0
[2024-12-07T18:48:47.266+0800][3.194s][debug][gc,phases,ref     ] GC(27)   WeakReference:
[2024-12-07T18:48:47.266+0800][3.194s][debug][gc,phases,ref     ] GC(27)     Discovered: 0
[2024-12-07T18:48:47.266+0800][3.194s][debug][gc,phases,ref     ] GC(27)     Cleared: 0
[2024-12-07T18:48:47.267+0800][3.194s][debug][gc,phases,ref     ] GC(27)   FinalReference:
[2024-12-07T18:48:47.267+0800][3.194s][debug][gc,phases,ref     ] GC(27)     Discovered: 0
[2024-12-07T18:48:47.267+0800][3.194s][debug][gc,phases,ref     ] GC(27)     Cleared: 0
[2024-12-07T18:48:47.267+0800][3.194s][debug][gc,phases,ref     ] GC(27)   PhantomReference:
[2024-12-07T18:48:47.267+0800][3.194s][debug][gc,phases,ref     ] GC(27)     Discovered: 0
[2024-12-07T18:48:47.267+0800][3.194s][debug][gc,phases,ref     ] GC(27)     Cleared: 0
[2024-12-07T18:48:47.267+0800][3.194s][debug][gc,phases         ] GC(27) Reference Processing 1.897ms
[2024-12-07T18:48:47.267+0800][3.194s][debug][gc,phases,start   ] GC(27) Weak Processing
[2024-12-07T18:48:47.267+0800][3.194s][debug][gc,phases         ] GC(27) Weak Processing 0.065ms
[2024-12-07T18:48:47.267+0800][3.194s][debug][gc,phases,start   ] GC(27) Class Unloading
[2024-12-07T18:48:47.267+0800][3.194s][debug][gc,phases,start   ] GC(27) ClassLoaderData
[2024-12-07T18:48:47.267+0800][3.194s][debug][gc,phases         ] GC(27) ClassLoaderData 0.071ms
[2024-12-07T18:48:47.267+0800][3.195s][debug][gc,phases,start   ] GC(27) ProtectionDomainCacheTable
[2024-12-07T18:48:47.267+0800][3.195s][debug][gc,phases         ] GC(27) ProtectionDomainCacheTable 0.067ms
[2024-12-07T18:48:47.268+0800][3.195s][info ][gc,stringtable    ] GC(27) Cleaned string and symbol table, strings: 39 processed, 0 removed, symbols: 191 processed, 0 removed
[2024-12-07T18:48:47.268+0800][3.195s][debug][gc,phases         ] GC(27) Class Unloading 0.734ms
[2024-12-07T18:48:47.268+0800][3.195s][debug][gc,phases,start   ] GC(27) Flush Task Caches
[2024-12-07T18:48:47.268+0800][3.195s][debug][gc,stats          ] Mark stats cache hits 10484 misses 249 ratio 97.680
[2024-12-07T18:48:47.268+0800][3.195s][debug][gc,phases         ] GC(27) Flush Task Caches 0.168ms
[2024-12-07T18:48:47.268+0800][3.195s][debug][gc,phases,start   ] GC(27) Update Remembered Set Tracking Before Rebuild
[2024-12-07T18:48:47.268+0800][3.195s][debug][gc,ergo           ] GC(27) Running G1 Update RemSet Tracking Before Rebuild using 2 workers for 505 regions in heap
[2024-12-07T18:48:47.268+0800][3.196s][debug][gc,remset,tracking] GC(27) Remembered Set Tracking update regions total 505, selected 0
[2024-12-07T18:48:47.268+0800][3.196s][debug][gc,phases         ] GC(27) Update Remembered Set Tracking Before Rebuild 0.250ms
[2024-12-07T18:48:47.268+0800][3.196s][debug][gc,phases,start   ] GC(27) Reclaim Empty Regions
[2024-12-07T18:48:47.269+0800][3.196s][debug][gc,phases         ] GC(27) Reclaim Empty Regions 0.149ms
[2024-12-07T18:48:47.269+0800][3.196s][debug][gc,phases,start   ] GC(27) Purge Metaspace
[2024-12-07T18:48:47.269+0800][3.196s][debug][gc,phases         ] GC(27) Purge Metaspace 0.066ms
[2024-12-07T18:48:47.269+0800][3.196s][debug][gc,phases,start   ] GC(27) Report Object Count
[2024-12-07T18:48:47.269+0800][3.196s][debug][gc,phases         ] GC(27) Report Object Count 0.064ms
[2024-12-07T18:48:47.269+0800][3.196s][info ][gc                ] GC(27) Pause Remark 501M->501M(505M) 9.748ms
[2024-12-07T18:48:47.269+0800][3.196s][info ][gc,cpu            ] GC(27) User=0.01s Sys=0.00s Real=0.01s
[2024-12-07T18:48:47.269+0800][3.196s][info ][gc,marking        ] GC(27) Concurrent Rebuild Remembered Sets
[2024-12-07T18:48:47.269+0800][3.197s][info ][gc,marking        ] GC(27) Concurrent Rebuild Remembered Sets 0.289ms
[2024-12-07T18:48:47.270+0800][3.197s][info ][gc,start          ] GC(27) Pause Cleanup
[2024-12-07T18:48:47.270+0800][3.197s][debug][gc,phases,start   ] GC(27) Update Remembered Set Tracking After Rebuild
[2024-12-07T18:48:47.270+0800][3.197s][debug][gc,phases         ] GC(27) Update Remembered Set Tracking After Rebuild 0.073ms
[2024-12-07T18:48:47.270+0800][3.197s][debug][gc,phases,start   ] GC(27) Finalize Concurrent Mark Cleanup
[2024-12-07T18:48:47.270+0800][3.197s][debug][gc,ergo           ] GC(27) request young-only gcs (candidate old regions not available)
[2024-12-07T18:48:47.270+0800][3.197s][debug][gc,phases         ] GC(27) Finalize Concurrent Mark Cleanup 0.245ms
[2024-12-07T18:48:47.270+0800][3.197s][info ][gc                ] GC(27) Pause Cleanup 501M->501M(505M) 0.528ms
[2024-12-07T18:48:47.270+0800][3.197s][info ][gc,cpu            ] GC(27) User=0.00s Sys=0.00s Real=0.00s
[2024-12-07T18:48:47.270+0800][3.197s][info ][gc,marking        ] GC(27) Concurrent Cleanup for Next Mark
[2024-12-07T18:48:47.270+0800][3.198s][debug][gc,ergo           ] GC(27) Running G1 Clear Bitmap with 5 workers for 8 work units.
[2024-12-07T18:48:47.270+0800][3.198s][info ][gc,marking        ] GC(27) Concurrent Cleanup for Next Mark 0.272ms
[2024-12-07T18:48:47.271+0800][3.198s][info ][gc                ] GC(27) Concurrent Cycle 15.666ms
[2024-12-07T18:48:47.362+0800][3.289s][debug][gc,ergo,ihop      ] Request concurrent cycle initiation (occupancy higher than threshold) occupancy: 526385152B allocation request: 1048592B threshold: 238288896B (45.00) source: concurrent humongous allocation
[2024-12-07T18:48:47.362+0800][3.290s][debug][gc,ergo           ] Request concurrent cycle initiation (requested by GC cause). GC cause: G1 Humongous Allocation
[2024-12-07T18:48:47.363+0800][3.290s][debug][gc,heap           ] GC(28) Heap before GC invocations=28 (full 0): garbage-first heap   total 517120K, used 513181K [0x00000000e0000000, 0x0000000100000000)
[2024-12-07T18:48:47.363+0800][3.290s][debug][gc,heap           ] GC(28)   region size 1024K, 2 young (2048K), 1 survivors (1024K)
[2024-12-07T18:48:47.363+0800][3.290s][debug][gc,heap           ] GC(28)  Metaspace       used 554K, capacity 4570K, committed 4864K, reserved 1056768K
[2024-12-07T18:48:47.363+0800][3.290s][debug][gc,heap           ] GC(28)   class space    used 46K, capacity 419K, committed 512K, reserved 1048576K
[2024-12-07T18:48:47.363+0800][3.290s][debug][gc,ergo           ] GC(28) Initiate concurrent cycle (concurrent cycle initiation requested)
[2024-12-07T18:48:47.363+0800][3.290s][info ][gc,start          ] GC(28) Pause Young (Concurrent Start) (G1 Humongous Allocation)
[2024-12-07T18:48:47.363+0800][3.290s][info ][gc,task           ] GC(28) Using 12 workers of 18 for evacuation
[2024-12-07T18:48:47.363+0800][3.291s][debug][gc,tlab           ] GC(28) TLAB totals: thrds: 1  refills: 1 max: 1 slow allocs: 6 max 6 waste: 99.7% gc: 503152B max: 503152B slow: 0B max: 0B fast: 0B max: 0B
[2024-12-07T18:48:47.363+0800][3.291s][debug][gc,alloc,region   ] GC(28) Mutator Allocation stats, regions: 1, wasted size: 0B ( 0.0%)
[2024-12-07T18:48:47.364+0800][3.291s][debug][gc,age            ] GC(28) Desired survivor size 2097152 bytes, new threshold 15 (max threshold 15)
[2024-12-07T18:48:47.364+0800][3.291s][debug][gc,ergo,cset      ] GC(28) Finish choosing CSet. old: 0 regions, predicted old region time: 0.00ms, time remaining: 148.82
[2024-12-07T18:48:47.364+0800][3.291s][debug][gc,task,stats     ] GC(28) GC Termination Stats
[2024-12-07T18:48:47.364+0800][3.291s][debug][gc,task,stats     ] GC(28)      elapsed  --strong roots-- -------termination------- ------waste (KiB)------
[2024-12-07T18:48:47.364+0800][3.291s][debug][gc,task,stats     ] GC(28) thr     ms        ms      %        ms      %    attempts  total   alloc    undo
[2024-12-07T18:48:47.364+0800][3.291s][debug][gc,task,stats     ] GC(28) --- --------- --------- ------ --------- ------ -------- ------- ------- -------
[2024-12-07T18:48:47.366+0800][3.293s][debug][gc,task,stats     ] GC(28)  11      1.81      1.81  99.77      0.00   0.01        1       0       0       0
[2024-12-07T18:48:47.366+0800][3.294s][debug][gc,task,stats     ] GC(28)   5      2.10      1.48  70.33      0.50  23.84        1       0       0       0
[2024-12-07T18:48:47.367+0800][3.294s][debug][gc,task,stats     ] GC(28)   2      2.42      1.64  68.00      0.34  14.07        1       0       0       0
[2024-12-07T18:48:47.367+0800][3.294s][debug][gc,task,stats     ] GC(28)   7      2.53      1.57  62.16      0.33  13.18        1       0       0       0
[2024-12-07T18:48:47.367+0800][3.294s][debug][gc,task,stats     ] GC(28)   4      2.69      1.01  37.57      0.82  30.42        1       0       0       0
[2024-12-07T18:48:47.367+0800][3.294s][debug][gc,task,stats     ] GC(28)   8      2.78      1.64  59.09      0.24   8.57        1       0       0       0
[2024-12-07T18:48:47.367+0800][3.295s][debug][gc,task,stats     ] GC(28)  10      2.94      1.78  60.58      0.08   2.67        1       0       0       0
[2024-12-07T18:48:47.367+0800][3.295s][debug][gc,task,stats     ] GC(28)   9      3.05      1.70  55.67      0.16   5.19        1       0       0       0
[2024-12-07T18:48:47.367+0800][3.295s][debug][gc,task,stats     ] GC(28)   6      3.16      1.33  42.00      0.55  17.43        1       0       0       0
[2024-12-07T18:48:47.368+0800][3.295s][debug][gc,task,stats     ] GC(28)   0      3.34      1.24  37.18      0.71  21.38        1       1       1       0
[2024-12-07T18:48:47.368+0800][3.295s][debug][gc,task,stats     ] GC(28)   1      3.41      1.91  55.87      0.02   0.64        1       0       0       0
[2024-12-07T18:48:47.368+0800][3.295s][debug][gc,task,stats     ] GC(28)   3      3.57      1.35  37.93      0.53  14.86        1       0       0       0
[2024-12-07T18:48:47.368+0800][3.295s][debug][gc,ergo           ] GC(28) Running G1 Clear Card Table Task using 1 workers for 1 units of work for 3 regions.
[2024-12-07T18:48:47.368+0800][3.295s][debug][gc,ref            ] GC(28) Skipped phase1 of Reference Processing due to unavailable references
[2024-12-07T18:48:47.368+0800][3.295s][debug][gc,ref            ] GC(28) Skipped phase3 of Reference Processing due to unavailable references
[2024-12-07T18:48:47.368+0800][3.296s][debug][gc,ergo           ] GC(28) Running G1 Free Collection Set using 1 workers for collection set length 2
[2024-12-07T18:48:47.368+0800][3.296s][debug][gc,humongous      ] GC(28) Live humongous region 0 object size 1048592 start 0x00000000e0000000  with remset 0 code roots 0 is marked 0 reclaim candidate 0 type array 1
[2024-12-07T18:48:47.369+0800][3.296s][debug][gc,humongous      ] GC(28) Live humongous region 2 object size 1048592 start 0x00000000e0200000  with remset 0 code roots 0 is marked 0 reclaim candidate 0 type array 1
[2024-12-07T18:48:47.369+0800][3.296s][debug][gc,humongous      ] GC(28) Live humongous region 4 object size 1048592 start 0x00000000e0400000  with remset 0 code roots 0 is marked 0 reclaim candidate 0 type array 1
[2024-12-07T18:48:47.369+0800][3.296s][debug][gc,humongous      ] GC(28) Live humongous region 6 object size 1048592 start 0x00000000e0600000  with remset 0 code roots 0 is marked 0 reclaim candidate 0 type array 1
[2024-12-07T18:48:47.369+0800][3.296s][debug][gc,humongous      ] GC(28) Live humongous region 8 object size 1048592 start 0x00000000e0800000  with remset 0 code roots 0 is marked 0 reclaim candidate 0 type array 1
[2024-12-07T18:48:47.369+0800][3.296s][debug][gc,humongous      ] GC(28) Live humongous region 10 object size 1048592 start 0x00000000e0a00000  with remset 0 code roots 0 is marked 0 reclaim candidate 0 type array 1
[2024-12-07T18:48:47.369+0800][3.296s][debug][gc,humongous      ] GC(28) Live humongous region 12 object size 1048592 start 0x00000000e0c00000  with remset 0 code roots 0 is marked 0 reclaim candidate 0 type array 1
[2024-12-07T18:48:47.369+0800][3.296s][debug][gc,humongous      ] GC(28) Live humongous region 14 object size 1048592 start 0x00000000e0e00000  with remset 0 code roots 0 is marked 0 reclaim candidate 0 type array 1
[2024-12-07T18:48:47.369+0800][3.296s][debug][gc,humongous      ] GC(28) Live humongous region 16 object size 1048592 start 0x00000000e1000000  with remset 0 code roots 0 is marked 0 reclaim candidate 0 type array 1
[2024-12-07T18:48:47.369+0800][3.296s][debug][gc,humongous      ] GC(28) Live humongous region 18 object size 1048592 start 0x00000000e1200000  with remset 0 code roots 0 is marked 0 reclaim candidate 0 type array 1
[2024-12-07T18:48:47.369+0800][3.296s][debug][gc,humongous      ] GC(28) Live humongous region 20 object size 1048592 start 0x00000000e1400000  with remset 0 code roots 0 is marked 0 reclaim candidate 0 type array 1
[2024-12-07T18:48:47.369+0800][3.296s][debug][gc,humongous      ] GC(28) Live humongous region 22 object size 1048592 start 0x00000000e1600000  with remset 0 code roots 0 is marked 0 reclaim candidate 0 type array 1
[2024-12-07T18:48:47.369+0800][3.297s][debug][gc,humongous      ] GC(28) Live humongous region 24 object size 1048592 start 0x00000000e1800000  with remset 0 code roots 0 is marked 0 reclaim candidate 0 type array 1
[2024-12-07T18:48:47.369+0800][3.297s][debug][gc,humongous      ] GC(28) Live humongous region 26 object size 1048592 start 0x00000000e1a00000  with remset 0 code roots 0 is marked 0 reclaim candidate 0 type array 1
[2024-12-07T18:48:47.369+0800][3.297s][debug][gc,humongous      ] GC(28) Live humongous region 28 object size 1048592 start 0x00000000e1c00000  with remset 0 code roots 0 is marked 0 reclaim candidate 0 type array 1
[2024-12-07T18:48:47.369+0800][3.297s][debug][gc,humongous      ] GC(28) Live humongous region 30 object size 1048592 start 0x00000000e1e00000  with remset 0 code roots 0 is marked 0 reclaim candidate 0 type array 1
[2024-12-07T18:48:47.370+0800][3.297s][debug][gc,humongous      ] GC(28) Live humongous region 32 object size 1048592 start 0x00000000e2000000  with remset 0 code roots 0 is marked 0 reclaim candidate 0 type array 1
[2024-12-07T18:48:47.370+0800][3.297s][debug][gc,humongous      ] GC(28) Live humongous region 34 object size 1048592 start 0x00000000e2200000  with remset 0 code roots 0 is marked 0 reclaim candidate 0 type array 1
[2024-12-07T18:48:47.370+0800][3.297s][debug][gc,humongous      ] GC(28) Live humongous region 36 object size 1048592 start 0x00000000e2400000  with remset 0 code roots 0 is marked 0 reclaim candidate 0 type array 1
[2024-12-07T18:48:47.370+0800][3.297s][debug][gc,humongous      ] GC(28) Live humongous region 38 object size 1048592 start 0x00000000e2600000  with remset 0 code roots 0 is marked 0 reclaim candidate 0 type array 1
[2024-12-07T18:48:47.370+0800][3.297s][debug][gc,humongous      ] GC(28) Live humongous region 40 object size 1048592 start 0x00000000e2800000  with remset 0 code roots 0 is marked 0 reclaim candidate 0 type array 1
[2024-12-07T18:48:47.370+0800][3.297s][debug][gc,humongous      ] GC(28) Live humongous region 42 object size 1048592 start 0x00000000e2a00000  with remset 0 code roots 0 is marked 0 reclaim candidate 0 type array 1
[2024-12-07T18:48:47.370+0800][3.297s][debug][gc,humongous      ] GC(28) Live humongous region 44 object size 1048592 start 0x00000000e2c00000  with remset 0 code roots 0 is marked 0 reclaim candidate 0 type array 1
[2024-12-07T18:48:47.370+0800][3.297s][debug][gc,humongous      ] GC(28) Live humongous region 46 object size 1048592 start 0x00000000e2e00000  with remset 0 code roots 0 is marked 0 reclaim candidate 0 type array 1
[2024-12-07T18:48:47.370+0800][3.297s][debug][gc,humongous      ] GC(28) Live humongous region 48 object size 1048592 start 0x00000000e3000000  with remset 0 code roots 0 is marked 0 reclaim candidate 0 type array 1
[2024-12-07T18:48:47.370+0800][3.297s][debug][gc,humongous      ] GC(28) Live humongous region 50 object size 1048592 start 0x00000000e3200000  with remset 0 code roots 0 is marked 0 reclaim candidate 0 type array 1
[2024-12-07T18:48:47.370+0800][3.297s][debug][gc,humongous      ] GC(28) Live humongous region 52 object size 1048592 start 0x00000000e3400000  with remset 0 code roots 0 is marked 0 reclaim candidate 0 type array 1
[2024-12-07T18:48:47.370+0800][3.298s][debug][gc,humongous      ] GC(28) Live humongous region 54 object size 1048592 start 0x00000000e3600000  with remset 0 code roots 0 is marked 0 reclaim candidate 0 type array 1
[2024-12-07T18:48:47.370+0800][3.298s][debug][gc,humongous      ] GC(28) Live humongous region 56 object size 1048592 start 0x00000000e3800000  with remset 0 code roots 0 is marked 0 reclaim candidate 0 type array 1
[2024-12-07T18:48:47.370+0800][3.298s][debug][gc,humongous      ] GC(28) Live humongous region 58 object size 1048592 start 0x00000000e3a00000  with remset 0 code roots 0 is marked 0 reclaim candidate 0 type array 1
[2024-12-07T18:48:47.370+0800][3.298s][debug][gc,humongous      ] GC(28) Live humongous region 60 object size 1048592 start 0x00000000e3c00000  with remset 0 code roots 0 is marked 0 reclaim candidate 0 type array 1
[2024-12-07T18:48:47.371+0800][3.298s][debug][gc,humongous      ] GC(28) Live humongous region 62 object size 1048592 start 0x00000000e3e00000  with remset 0 code roots 0 is marked 0 reclaim candidate 0 type array 1
[2024-12-07T18:48:47.371+0800][3.298s][debug][gc,humongous      ] GC(28) Live humongous region 64 object size 1048592 start 0x00000000e4000000  with remset 0 code roots 0 is marked 0 reclaim candidate 0 type array 1
[2024-12-07T18:48:47.371+0800][3.298s][debug][gc,humongous      ] GC(28) Live humongous region 66 object size 1048592 start 0x00000000e4200000  with remset 0 code roots 0 is marked 0 reclaim candidate 0 type array 1
[2024-12-07T18:48:47.371+0800][3.298s][debug][gc,humongous      ] GC(28) Live humongous region 68 object size 1048592 start 0x00000000e4400000  with remset 0 code roots 0 is marked 0 reclaim candidate 0 type array 1
[2024-12-07T18:48:47.371+0800][3.298s][debug][gc,humongous      ] GC(28) Live humongous region 70 object size 1048592 start 0x00000000e4600000  with remset 0 code roots 0 is marked 0 reclaim candidate 0 type array 1
[2024-12-07T18:48:47.371+0800][3.298s][debug][gc,humongous      ] GC(28) Live humongous region 72 object size 1048592 start 0x00000000e4800000  with remset 0 code roots 0 is marked 0 reclaim candidate 0 type array 1
[2024-12-07T18:48:47.371+0800][3.298s][debug][gc,humongous      ] GC(28) Live humongous region 74 object size 1048592 start 0x00000000e4a00000  with remset 0 code roots 0 is marked 0 reclaim candidate 0 type array 1
[2024-12-07T18:48:47.371+0800][3.298s][debug][gc,humongous      ] GC(28) Live humongous region 76 object size 1048592 start 0x00000000e4c00000  with remset 0 code roots 0 is marked 0 reclaim candidate 0 type array 1
[2024-12-07T18:48:47.371+0800][3.298s][debug][gc,humongous      ] GC(28) Live humongous region 78 object size 1048592 start 0x00000000e4e00000  with remset 0 code roots 0 is marked 0 reclaim candidate 0 type array 1
[2024-12-07T18:48:47.371+0800][3.298s][debug][gc,humongous      ] GC(28) Live humongous region 80 object size 1048592 start 0x00000000e5000000  with remset 0 code roots 0 is marked 0 reclaim candidate 0 type array 1
[2024-12-07T18:48:47.371+0800][3.298s][debug][gc,humongous      ] GC(28) Live humongous region 82 object size 1048592 start 0x00000000e5200000  with remset 0 code roots 0 is marked 0 reclaim candidate 0 type array 1
[2024-12-07T18:48:47.371+0800][3.299s][debug][gc,humongous      ] GC(28) Live humongous region 84 object size 1048592 start 0x00000000e5400000  with remset 0 code roots 0 is marked 0 reclaim candidate 0 type array 1
[2024-12-07T18:48:47.371+0800][3.299s][debug][gc,humongous      ] GC(28) Live humongous region 86 object size 1048592 start 0x00000000e5600000  with remset 0 code roots 0 is marked 0 reclaim candidate 0 type array 1
[2024-12-07T18:48:47.371+0800][3.299s][debug][gc,humongous      ] GC(28) Live humongous region 88 object size 1048592 start 0x00000000e5800000  with remset 0 code roots 0 is marked 0 reclaim candidate 0 type array 1
[2024-12-07T18:48:47.371+0800][3.299s][debug][gc,humongous      ] GC(28) Live humongous region 90 object size 1048592 start 0x00000000e5a00000  with remset 0 code roots 0 is marked 0 reclaim candidate 0 type array 1
[2024-12-07T18:48:47.372+0800][3.299s][debug][gc,humongous      ] GC(28) Live humongous region 92 object size 1048592 start 0x00000000e5c00000  with remset 0 code roots 0 is marked 0 reclaim candidate 0 type array 1
[2024-12-07T18:48:47.372+0800][3.299s][debug][gc,humongous      ] GC(28) Live humongous region 94 object size 1048592 start 0x00000000e5e00000  with remset 0 code roots 0 is marked 0 reclaim candidate 0 type array 1
[2024-12-07T18:48:47.372+0800][3.299s][debug][gc,humongous      ] GC(28) Live humongous region 96 object size 1048592 start 0x00000000e6000000  with remset 0 code roots 0 is marked 0 reclaim candidate 0 type array 1
[2024-12-07T18:48:47.372+0800][3.299s][debug][gc,humongous      ] GC(28) Live humongous region 98 object size 1048592 start 0x00000000e6200000  with remset 0 code roots 0 is marked 0 reclaim candidate 0 type array 1
[2024-12-07T18:48:47.372+0800][3.299s][debug][gc,humongous      ] GC(28) Live humongous region 100 object size 1048592 start 0x00000000e6400000  with remset 0 code roots 0 is marked 0 reclaim candidate 0 type array 1
[2024-12-07T18:48:47.372+0800][3.299s][debug][gc,humongous      ] GC(28) Live humongous region 102 object size 1048592 start 0x00000000e6600000  with remset 0 code roots 0 is marked 0 reclaim candidate 0 type array 1
[2024-12-07T18:48:47.372+0800][3.299s][debug][gc,humongous      ] GC(28) Live humongous region 104 object size 1048592 start 0x00000000e6800000  with remset 0 code roots 0 is marked 0 reclaim candidate 0 type array 1
[2024-12-07T18:48:47.372+0800][3.299s][debug][gc,humongous      ] GC(28) Live humongous region 106 object size 1048592 start 0x00000000e6a00000  with remset 0 code roots 0 is marked 0 reclaim candidate 0 type array 1
[2024-12-07T18:48:47.372+0800][3.299s][debug][gc,humongous      ] GC(28) Live humongous region 108 object size 1048592 start 0x00000000e6c00000  with remset 0 code roots 0 is marked 0 reclaim candidate 0 type array 1
[2024-12-07T18:48:47.372+0800][3.299s][debug][gc,humongous      ] GC(28) Live humongous region 110 object size 1048592 start 0x00000000e6e00000  with remset 0 code roots 0 is marked 0 reclaim candidate 0 type array 1
[2024-12-07T18:48:47.372+0800][3.299s][debug][gc,humongous      ] GC(28) Live humongous region 112 object size 1048592 start 0x00000000e7000000  with remset 0 code roots 0 is marked 0 reclaim candidate 0 type array 1
[2024-12-07T18:48:47.372+0800][3.299s][debug][gc,humongous      ] GC(28) Live humongous region 114 object size 1048592 start 0x00000000e7200000  with remset 0 code roots 0 is marked 0 reclaim candidate 0 type array 1
[2024-12-07T18:48:47.372+0800][3.300s][debug][gc,humongous      ] GC(28) Live humongous region 116 object size 1048592 start 0x00000000e7400000  with remset 0 code roots 0 is marked 0 reclaim candidate 0 type array 1
[2024-12-07T18:48:47.372+0800][3.300s][debug][gc,humongous      ] GC(28) Live humongous region 118 object size 1048592 start 0x00000000e7600000  with remset 0 code roots 0 is marked 0 reclaim candidate 0 type array 1
[2024-12-07T18:48:47.372+0800][3.300s][debug][gc,humongous      ] GC(28) Live humongous region 120 object size 1048592 start 0x00000000e7800000  with remset 0 code roots 0 is marked 0 reclaim candidate 0 type array 1
[2024-12-07T18:48:47.372+0800][3.300s][debug][gc,humongous      ] GC(28) Live humongous region 122 object size 1048592 start 0x00000000e7a00000  with remset 0 code roots 0 is marked 0 reclaim candidate 0 type array 1
[2024-12-07T18:48:47.373+0800][3.300s][debug][gc,humongous      ] GC(28) Live humongous region 124 object size 1048592 start 0x00000000e7c00000  with remset 0 code roots 0 is marked 0 reclaim candidate 0 type array 1
[2024-12-07T18:48:47.373+0800][3.300s][debug][gc,humongous      ] GC(28) Live humongous region 126 object size 1048592 start 0x00000000e7e00000  with remset 0 code roots 0 is marked 0 reclaim candidate 0 type array 1
[2024-12-07T18:48:47.373+0800][3.300s][debug][gc,humongous      ] GC(28) Live humongous region 128 object size 1048592 start 0x00000000e8000000  with remset 0 code roots 0 is marked 0 reclaim candidate 0 type array 1
[2024-12-07T18:48:47.373+0800][3.300s][debug][gc,humongous      ] GC(28) Live humongous region 130 object size 1048592 start 0x00000000e8200000  with remset 0 code roots 0 is marked 0 reclaim candidate 0 type array 1
[2024-12-07T18:48:47.373+0800][3.300s][debug][gc,humongous      ] GC(28) Live humongous region 132 object size 1048592 start 0x00000000e8400000  with remset 0 code roots 0 is marked 0 reclaim candidate 0 type array 1
[2024-12-07T18:48:47.373+0800][3.300s][debug][gc,humongous      ] GC(28) Live humongous region 134 object size 1048592 start 0x00000000e8600000  with remset 0 code roots 0 is marked 0 reclaim candidate 0 type array 1
[2024-12-07T18:48:47.373+0800][3.300s][debug][gc,humongous      ] GC(28) Live humongous region 136 object size 1048592 start 0x00000000e8800000  with remset 0 code roots 0 is marked 0 reclaim candidate 0 type array 1
[2024-12-07T18:48:47.373+0800][3.300s][debug][gc,humongous      ] GC(28) Live humongous region 138 object size 1048592 start 0x00000000e8a00000  with remset 0 code roots 0 is marked 0 reclaim candidate 0 type array 1
[2024-12-07T18:48:47.373+0800][3.301s][debug][gc,humongous      ] GC(28) Live humongous region 140 object size 1048592 start 0x00000000e8c00000  with remset 0 code roots 0 is marked 0 reclaim candidate 0 type array 1
[2024-12-07T18:48:47.373+0800][3.301s][debug][gc,humongous      ] GC(28) Live humongous region 142 object size 1048592 start 0x00000000e8e00000  with remset 0 code roots 0 is marked 0 reclaim candidate 0 type array 1
[2024-12-07T18:48:47.373+0800][3.301s][debug][gc,humongous      ] GC(28) Live humongous region 144 object size 1048592 start 0x00000000e9000000  with remset 0 code roots 0 is marked 0 reclaim candidate 0 type array 1
[2024-12-07T18:48:47.374+0800][3.301s][debug][gc,humongous      ] GC(28) Live humongous region 146 object size 1048592 start 0x00000000e9200000  with remset 0 code roots 0 is marked 0 reclaim candidate 0 type array 1
[2024-12-07T18:48:47.374+0800][3.301s][debug][gc,humongous      ] GC(28) Live humongous region 148 object size 1048592 start 0x00000000e9400000  with remset 0 code roots 0 is marked 0 reclaim candidate 0 type array 1
[2024-12-07T18:48:47.374+0800][3.301s][debug][gc,humongous      ] GC(28) Live humongous region 150 object size 1048592 start 0x00000000e9600000  with remset 0 code roots 0 is marked 0 reclaim candidate 0 type array 1
[2024-12-07T18:48:47.374+0800][3.301s][debug][gc,humongous      ] GC(28) Live humongous region 152 object size 1048592 start 0x00000000e9800000  with remset 0 code roots 0 is marked 0 reclaim candidate 0 type array 1
[2024-12-07T18:48:47.374+0800][3.301s][debug][gc,humongous      ] GC(28) Live humongous region 154 object size 1048592 start 0x00000000e9a00000  with remset 0 code roots 0 is marked 0 reclaim candidate 0 type array 1
[2024-12-07T18:48:47.374+0800][3.301s][debug][gc,humongous      ] GC(28) Live humongous region 156 object size 1048592 start 0x00000000e9c00000  with remset 0 code roots 0 is marked 0 reclaim candidate 0 type array 1
[2024-12-07T18:48:47.374+0800][3.301s][debug][gc,humongous      ] GC(28) Live humongous region 158 object size 1048592 start 0x00000000e9e00000  with remset 0 code roots 0 is marked 0 reclaim candidate 0 type array 1
[2024-12-07T18:48:47.374+0800][3.301s][debug][gc,humongous      ] GC(28) Live humongous region 160 object size 1048592 start 0x00000000ea000000  with remset 0 code roots 0 is marked 0 reclaim candidate 0 type array 1
[2024-12-07T18:48:47.374+0800][3.301s][debug][gc,humongous      ] GC(28) Live humongous region 162 object size 1048592 start 0x00000000ea200000  with remset 0 code roots 0 is marked 0 reclaim candidate 0 type array 1
[2024-12-07T18:48:47.374+0800][3.301s][debug][gc,humongous      ] GC(28) Live humongous region 164 object size 1048592 start 0x00000000ea400000  with remset 0 code roots 0 is marked 0 reclaim candidate 0 type array 1
[2024-12-07T18:48:47.374+0800][3.302s][debug][gc,humongous      ] GC(28) Live humongous region 166 object size 1048592 start 0x00000000ea600000  with remset 0 code roots 0 is marked 0 reclaim candidate 0 type array 1
[2024-12-07T18:48:47.375+0800][3.302s][debug][gc,humongous      ] GC(28) Live humongous region 168 object size 1048592 start 0x00000000ea800000  with remset 0 code roots 0 is marked 0 reclaim candidate 0 type array 1
[2024-12-07T18:48:47.375+0800][3.302s][debug][gc,humongous      ] GC(28) Live humongous region 170 object size 1048592 start 0x00000000eaa00000  with remset 0 code roots 0 is marked 0 reclaim candidate 0 type array 1
[2024-12-07T18:48:47.375+0800][3.302s][debug][gc,humongous      ] GC(28) Live humongous region 172 object size 1048592 start 0x00000000eac00000  with remset 0 code roots 0 is marked 0 reclaim candidate 0 type array 1
[2024-12-07T18:48:47.375+0800][3.302s][debug][gc,humongous      ] GC(28) Live humongous region 174 object size 1048592 start 0x00000000eae00000  with remset 0 code roots 0 is marked 0 reclaim candidate 0 type array 1
[2024-12-07T18:48:47.375+0800][3.302s][debug][gc,humongous      ] GC(28) Live humongous region 176 object size 1048592 start 0x00000000eb000000  with remset 0 code roots 0 is marked 0 reclaim candidate 0 type array 1
[2024-12-07T18:48:47.375+0800][3.303s][debug][gc,humongous      ] GC(28) Live humongous region 178 object size 1048592 start 0x00000000eb200000  with remset 0 code roots 0 is marked 0 reclaim candidate 0 type array 1
[2024-12-07T18:48:47.375+0800][3.303s][debug][gc,humongous      ] GC(28) Live humongous region 180 object size 1048592 start 0x00000000eb400000  with remset 0 code roots 0 is marked 0 reclaim candidate 0 type array 1
[2024-12-07T18:48:47.376+0800][3.303s][debug][gc,humongous      ] GC(28) Live humongous region 182 object size 1048592 start 0x00000000eb600000  with remset 0 code roots 0 is marked 0 reclaim candidate 0 type array 1
[2024-12-07T18:48:47.376+0800][3.303s][debug][gc,humongous      ] GC(28) Live humongous region 184 object size 1048592 start 0x00000000eb800000  with remset 0 code roots 0 is marked 0 reclaim candidate 0 type array 1
[2024-12-07T18:48:47.376+0800][3.303s][debug][gc,humongous      ] GC(28) Live humongous region 186 object size 1048592 start 0x00000000eba00000  with remset 0 code roots 0 is marked 0 reclaim candidate 0 type array 1
[2024-12-07T18:48:47.376+0800][3.303s][debug][gc,humongous      ] GC(28) Live humongous region 188 object size 1048592 start 0x00000000ebc00000  with remset 0 code roots 0 is marked 0 reclaim candidate 0 type array 1
[2024-12-07T18:48:47.376+0800][3.303s][debug][gc,humongous      ] GC(28) Live humongous region 190 object size 1048592 start 0x00000000ebe00000  with remset 0 code roots 0 is marked 0 reclaim candidate 0 type array 1
[2024-12-07T18:48:47.376+0800][3.303s][debug][gc,humongous      ] GC(28) Live humongous region 192 object size 1048592 start 0x00000000ec000000  with remset 0 code roots 0 is marked 0 reclaim candidate 0 type array 1
[2024-12-07T18:48:47.376+0800][3.303s][debug][gc,humongous      ] GC(28) Live humongous region 194 object size 1048592 start 0x00000000ec200000  with remset 0 code roots 0 is marked 0 reclaim candidate 0 type array 1
[2024-12-07T18:48:47.376+0800][3.303s][debug][gc,humongous      ] GC(28) Live humongous region 196 object size 1048592 start 0x00000000ec400000  with remset 0 code roots 0 is marked 0 reclaim candidate 0 type array 1
[2024-12-07T18:48:47.376+0800][3.304s][debug][gc,humongous      ] GC(28) Live humongous region 198 object size 1048592 start 0x00000000ec600000  with remset 0 code roots 0 is marked 0 reclaim candidate 0 type array 1
[2024-12-07T18:48:47.377+0800][3.304s][debug][gc,humongous      ] GC(28) Live humongous region 200 object size 1048592 start 0x00000000ec800000  with remset 0 code roots 0 is marked 0 reclaim candidate 0 type array 1
[2024-12-07T18:48:47.377+0800][3.304s][debug][gc,humongous      ] GC(28) Live humongous region 202 object size 1048592 start 0x00000000eca00000  with remset 0 code roots 0 is marked 0 reclaim candidate 0 type array 1
[2024-12-07T18:48:47.377+0800][3.304s][debug][gc,humongous      ] GC(28) Live humongous region 204 object size 1048592 start 0x00000000ecc00000  with remset 0 code roots 0 is marked 0 reclaim candidate 0 type array 1
[2024-12-07T18:48:47.377+0800][3.304s][debug][gc,humongous      ] GC(28) Live humongous region 206 object size 1048592 start 0x00000000ece00000  with remset 0 code roots 0 is marked 0 reclaim candidate 0 type array 1
[2024-12-07T18:48:47.377+0800][3.304s][debug][gc,humongous      ] GC(28) Live humongous region 208 object size 1048592 start 0x00000000ed000000  with remset 0 code roots 0 is marked 0 reclaim candidate 0 type array 1
[2024-12-07T18:48:47.377+0800][3.305s][debug][gc,humongous      ] GC(28) Live humongous region 210 object size 1048592 start 0x00000000ed200000  with remset 0 code roots 0 is marked 0 reclaim candidate 0 type array 1
[2024-12-07T18:48:47.377+0800][3.305s][debug][gc,humongous      ] GC(28) Live humongous region 212 object size 1048592 start 0x00000000ed400000  with remset 0 code roots 0 is marked 0 reclaim candidate 0 type array 1
[2024-12-07T18:48:47.377+0800][3.305s][debug][gc,humongous      ] GC(28) Live humongous region 214 object size 1048592 start 0x00000000ed600000  with remset 0 code roots 0 is marked 0 reclaim candidate 0 type array 1
[2024-12-07T18:48:47.377+0800][3.305s][debug][gc,humongous      ] GC(28) Live humongous region 216 object size 1048592 start 0x00000000ed800000  with remset 0 code roots 0 is marked 0 reclaim candidate 0 type array 1
[2024-12-07T18:48:47.378+0800][3.305s][debug][gc,humongous      ] GC(28) Live humongous region 218 object size 1048592 start 0x00000000eda00000  with remset 0 code roots 0 is marked 0 reclaim candidate 0 type array 1
[2024-12-07T18:48:47.378+0800][3.305s][debug][gc,humongous      ] GC(28) Live humongous region 220 object size 1048592 start 0x00000000edc00000  with remset 0 code roots 0 is marked 0 reclaim candidate 0 type array 1
[2024-12-07T18:48:47.378+0800][3.305s][debug][gc,humongous      ] GC(28) Live humongous region 222 object size 1048592 start 0x00000000ede00000  with remset 0 code roots 0 is marked 0 reclaim candidate 0 type array 1
[2024-12-07T18:48:47.378+0800][3.305s][debug][gc,humongous      ] GC(28) Live humongous region 224 object size 1048592 start 0x00000000ee000000  with remset 0 code roots 0 is marked 0 reclaim candidate 0 type array 1
[2024-12-07T18:48:47.378+0800][3.305s][debug][gc,humongous      ] GC(28) Live humongous region 226 object size 1048592 start 0x00000000ee200000  with remset 0 code roots 0 is marked 0 reclaim candidate 0 type array 1
[2024-12-07T18:48:47.378+0800][3.305s][debug][gc,humongous      ] GC(28) Live humongous region 228 object size 1048592 start 0x00000000ee400000  with remset 0 code roots 0 is marked 0 reclaim candidate 0 type array 1
[2024-12-07T18:48:47.378+0800][3.305s][debug][gc,humongous      ] GC(28) Live humongous region 230 object size 1048592 start 0x00000000ee600000  with remset 0 code roots 0 is marked 0 reclaim candidate 0 type array 1
[2024-12-07T18:48:47.378+0800][3.305s][debug][gc,humongous      ] GC(28) Live humongous region 232 object size 1048592 start 0x00000000ee800000  with remset 0 code roots 0 is marked 0 reclaim candidate 0 type array 1
[2024-12-07T18:48:47.378+0800][3.305s][debug][gc,humongous      ] GC(28) Live humongous region 234 object size 1048592 start 0x00000000eea00000  with remset 0 code roots 0 is marked 0 reclaim candidate 0 type array 1
[2024-12-07T18:48:47.378+0800][3.305s][debug][gc,humongous      ] GC(28) Live humongous region 236 object size 1048592 start 0x00000000eec00000  with remset 0 code roots 0 is marked 0 reclaim candidate 0 type array 1
[2024-12-07T18:48:47.378+0800][3.305s][debug][gc,humongous      ] GC(28) Live humongous region 238 object size 1048592 start 0x00000000eee00000  with remset 0 code roots 0 is marked 0 reclaim candidate 0 type array 1
[2024-12-07T18:48:47.378+0800][3.305s][debug][gc,humongous      ] GC(28) Live humongous region 240 object size 1048592 start 0x00000000ef000000  with remset 0 code roots 0 is marked 0 reclaim candidate 0 type array 1
[2024-12-07T18:48:47.378+0800][3.306s][debug][gc,humongous      ] GC(28) Live humongous region 242 object size 1048592 start 0x00000000ef200000  with remset 0 code roots 0 is marked 0 reclaim candidate 0 type array 1
[2024-12-07T18:48:47.378+0800][3.306s][debug][gc,humongous      ] GC(28) Live humongous region 244 object size 1048592 start 0x00000000ef400000  with remset 0 code roots 0 is marked 0 reclaim candidate 0 type array 1
[2024-12-07T18:48:47.378+0800][3.306s][debug][gc,humongous      ] GC(28) Live humongous region 246 object size 1048592 start 0x00000000ef600000  with remset 0 code roots 0 is marked 0 reclaim candidate 0 type array 1
[2024-12-07T18:48:47.378+0800][3.306s][debug][gc,humongous      ] GC(28) Live humongous region 248 object size 1048592 start 0x00000000ef800000  with remset 0 code roots 0 is marked 0 reclaim candidate 0 type array 1
[2024-12-07T18:48:47.379+0800][3.306s][debug][gc,humongous      ] GC(28) Live humongous region 250 object size 1048592 start 0x00000000efa00000  with remset 0 code roots 0 is marked 0 reclaim candidate 0 type array 1
[2024-12-07T18:48:47.379+0800][3.306s][debug][gc,humongous      ] GC(28) Live humongous region 252 object size 1048592 start 0x00000000efc00000  with remset 0 code roots 0 is marked 0 reclaim candidate 0 type array 1
[2024-12-07T18:48:47.379+0800][3.306s][debug][gc,humongous      ] GC(28) Live humongous region 254 object size 1048592 start 0x00000000efe00000  with remset 0 code roots 0 is marked 0 reclaim candidate 0 type array 1
[2024-12-07T18:48:47.379+0800][3.306s][debug][gc,humongous      ] GC(28) Live humongous region 256 object size 1048592 start 0x00000000f0000000  with remset 0 code roots 0 is marked 0 reclaim candidate 0 type array 1
[2024-12-07T18:48:47.379+0800][3.306s][debug][gc,humongous      ] GC(28) Live humongous region 258 object size 1048592 start 0x00000000f0200000  with remset 0 code roots 0 is marked 0 reclaim candidate 0 type array 1
[2024-12-07T18:48:47.379+0800][3.306s][debug][gc,humongous      ] GC(28) Live humongous region 260 object size 1048592 start 0x00000000f0400000  with remset 0 code roots 0 is marked 0 reclaim candidate 0 type array 1
[2024-12-07T18:48:47.379+0800][3.306s][debug][gc,humongous      ] GC(28) Live humongous region 262 object size 1048592 start 0x00000000f0600000  with remset 0 code roots 0 is marked 0 reclaim candidate 0 type array 1
[2024-12-07T18:48:47.379+0800][3.306s][debug][gc,humongous      ] GC(28) Live humongous region 264 object size 1048592 start 0x00000000f0800000  with remset 0 code roots 0 is marked 0 reclaim candidate 0 type array 1
[2024-12-07T18:48:47.379+0800][3.306s][debug][gc,humongous      ] GC(28) Live humongous region 266 object size 1048592 start 0x00000000f0a00000  with remset 0 code roots 0 is marked 0 reclaim candidate 0 type array 1
[2024-12-07T18:48:47.379+0800][3.306s][debug][gc,humongous      ] GC(28) Live humongous region 268 object size 1048592 start 0x00000000f0c00000  with remset 0 code roots 0 is marked 0 reclaim candidate 0 type array 1
[2024-12-07T18:48:47.379+0800][3.306s][debug][gc,humongous      ] GC(28) Live humongous region 270 object size 1048592 start 0x00000000f0e00000  with remset 0 code roots 0 is marked 0 reclaim candidate 0 type array 1
[2024-12-07T18:48:47.379+0800][3.306s][debug][gc,humongous      ] GC(28) Live humongous region 272 object size 1048592 start 0x00000000f1000000  with remset 0 code roots 0 is marked 0 reclaim candidate 0 type array 1
[2024-12-07T18:48:47.379+0800][3.307s][debug][gc,humongous      ] GC(28) Live humongous region 274 object size 1048592 start 0x00000000f1200000  with remset 0 code roots 0 is marked 0 reclaim candidate 0 type array 1
[2024-12-07T18:48:47.379+0800][3.307s][debug][gc,humongous      ] GC(28) Live humongous region 276 object size 1048592 start 0x00000000f1400000  with remset 0 code roots 0 is marked 0 reclaim candidate 0 type array 1
[2024-12-07T18:48:47.379+0800][3.307s][debug][gc,humongous      ] GC(28) Live humongous region 278 object size 1048592 start 0x00000000f1600000  with remset 0 code roots 0 is marked 0 reclaim candidate 0 type array 1
[2024-12-07T18:48:47.380+0800][3.307s][debug][gc,humongous      ] GC(28) Live humongous region 280 object size 1048592 start 0x00000000f1800000  with remset 0 code roots 0 is marked 0 reclaim candidate 0 type array 1
[2024-12-07T18:48:47.380+0800][3.307s][debug][gc,humongous      ] GC(28) Live humongous region 282 object size 1048592 start 0x00000000f1a00000  with remset 0 code roots 0 is marked 0 reclaim candidate 0 type array 1
[2024-12-07T18:48:47.380+0800][3.307s][debug][gc,humongous      ] GC(28) Live humongous region 284 object size 1048592 start 0x00000000f1c00000  with remset 0 code roots 0 is marked 0 reclaim candidate 0 type array 1
[2024-12-07T18:48:47.380+0800][3.307s][debug][gc,humongous      ] GC(28) Live humongous region 286 object size 1048592 start 0x00000000f1e00000  with remset 0 code roots 0 is marked 0 reclaim candidate 0 type array 1
[2024-12-07T18:48:47.380+0800][3.307s][debug][gc,humongous      ] GC(28) Live humongous region 288 object size 1048592 start 0x00000000f2000000  with remset 0 code roots 0 is marked 0 reclaim candidate 0 type array 1
[2024-12-07T18:48:47.380+0800][3.307s][debug][gc,humongous      ] GC(28) Live humongous region 290 object size 1048592 start 0x00000000f2200000  with remset 0 code roots 0 is marked 0 reclaim candidate 0 type array 1
[2024-12-07T18:48:47.380+0800][3.307s][debug][gc,humongous      ] GC(28) Live humongous region 292 object size 1048592 start 0x00000000f2400000  with remset 0 code roots 0 is marked 0 reclaim candidate 0 type array 1
[2024-12-07T18:48:47.380+0800][3.307s][debug][gc,humongous      ] GC(28) Live humongous region 294 object size 1048592 start 0x00000000f2600000  with remset 0 code roots 0 is marked 0 reclaim candidate 0 type array 1
[2024-12-07T18:48:47.380+0800][3.307s][debug][gc,humongous      ] GC(28) Live humongous region 296 object size 1048592 start 0x00000000f2800000  with remset 0 code roots 0 is marked 0 reclaim candidate 0 type array 1
[2024-12-07T18:48:47.380+0800][3.307s][debug][gc,humongous      ] GC(28) Live humongous region 298 object size 1048592 start 0x00000000f2a00000  with remset 0 code roots 0 is marked 0 reclaim candidate 0 type array 1
[2024-12-07T18:48:47.380+0800][3.307s][debug][gc,humongous      ] GC(28) Live humongous region 300 object size 1048592 start 0x00000000f2c00000  with remset 0 code roots 0 is marked 0 reclaim candidate 0 type array 1
[2024-12-07T18:48:47.380+0800][3.308s][debug][gc,humongous      ] GC(28) Live humongous region 302 object size 1048592 start 0x00000000f2e00000  with remset 0 code roots 0 is marked 0 reclaim candidate 0 type array 1
[2024-12-07T18:48:47.380+0800][3.308s][debug][gc,humongous      ] GC(28) Live humongous region 304 object size 1048592 start 0x00000000f3000000  with remset 0 code roots 0 is marked 0 reclaim candidate 0 type array 1
[2024-12-07T18:48:47.380+0800][3.308s][debug][gc,humongous      ] GC(28) Live humongous region 306 object size 1048592 start 0x00000000f3200000  with remset 0 code roots 0 is marked 0 reclaim candidate 0 type array 1
[2024-12-07T18:48:47.380+0800][3.308s][debug][gc,humongous      ] GC(28) Live humongous region 308 object size 1048592 start 0x00000000f3400000  with remset 0 code roots 0 is marked 0 reclaim candidate 0 type array 1
[2024-12-07T18:48:47.381+0800][3.308s][debug][gc,humongous      ] GC(28) Live humongous region 310 object size 1048592 start 0x00000000f3600000  with remset 0 code roots 0 is marked 0 reclaim candidate 0 type array 1
[2024-12-07T18:48:47.381+0800][3.308s][debug][gc,humongous      ] GC(28) Live humongous region 312 object size 1048592 start 0x00000000f3800000  with remset 0 code roots 0 is marked 0 reclaim candidate 0 type array 1
[2024-12-07T18:48:47.381+0800][3.308s][debug][gc,humongous      ] GC(28) Live humongous region 314 object size 1048592 start 0x00000000f3a00000  with remset 0 code roots 0 is marked 0 reclaim candidate 0 type array 1
[2024-12-07T18:48:47.381+0800][3.308s][debug][gc,humongous      ] GC(28) Live humongous region 316 object size 1048592 start 0x00000000f3c00000  with remset 0 code roots 0 is marked 0 reclaim candidate 0 type array 1
[2024-12-07T18:48:47.381+0800][3.308s][debug][gc,humongous      ] GC(28) Live humongous region 318 object size 1048592 start 0x00000000f3e00000  with remset 0 code roots 0 is marked 0 reclaim candidate 0 type array 1
[2024-12-07T18:48:47.381+0800][3.308s][debug][gc,humongous      ] GC(28) Live humongous region 320 object size 1048592 start 0x00000000f4000000  with remset 0 code roots 0 is marked 0 reclaim candidate 0 type array 1
[2024-12-07T18:48:47.381+0800][3.308s][debug][gc,humongous      ] GC(28) Live humongous region 322 object size 1048592 start 0x00000000f4200000  with remset 0 code roots 0 is marked 0 reclaim candidate 0 type array 1
[2024-12-07T18:48:47.381+0800][3.308s][debug][gc,humongous      ] GC(28) Live humongous region 324 object size 1048592 start 0x00000000f4400000  with remset 0 code roots 0 is marked 0 reclaim candidate 0 type array 1
[2024-12-07T18:48:47.381+0800][3.308s][debug][gc,humongous      ] GC(28) Live humongous region 326 object size 1048592 start 0x00000000f4600000  with remset 0 code roots 0 is marked 0 reclaim candidate 0 type array 1
[2024-12-07T18:48:47.381+0800][3.308s][debug][gc,humongous      ] GC(28) Live humongous region 328 object size 1048592 start 0x00000000f4800000  with remset 0 code roots 0 is marked 0 reclaim candidate 0 type array 1
[2024-12-07T18:48:47.381+0800][3.308s][debug][gc,humongous      ] GC(28) Live humongous region 330 object size 1048592 start 0x00000000f4a00000  with remset 0 code roots 0 is marked 0 reclaim candidate 0 type array 1
[2024-12-07T18:48:47.381+0800][3.308s][debug][gc,humongous      ] GC(28) Live humongous region 332 object size 1048592 start 0x00000000f4c00000  with remset 0 code roots 0 is marked 0 reclaim candidate 0 type array 1
[2024-12-07T18:48:47.381+0800][3.308s][debug][gc,humongous      ] GC(28) Live humongous region 334 object size 1048592 start 0x00000000f4e00000  with remset 0 code roots 0 is marked 0 reclaim candidate 0 type array 1
[2024-12-07T18:48:47.381+0800][3.309s][debug][gc,humongous      ] GC(28) Live humongous region 336 object size 1048592 start 0x00000000f5000000  with remset 0 code roots 0 is marked 0 reclaim candidate 0 type array 1
[2024-12-07T18:48:47.381+0800][3.309s][debug][gc,humongous      ] GC(28) Live humongous region 338 object size 1048592 start 0x00000000f5200000  with remset 0 code roots 0 is marked 0 reclaim candidate 0 type array 1
[2024-12-07T18:48:47.381+0800][3.309s][debug][gc,humongous      ] GC(28) Live humongous region 340 object size 1048592 start 0x00000000f5400000  with remset 0 code roots 0 is marked 0 reclaim candidate 0 type array 1
[2024-12-07T18:48:47.382+0800][3.309s][debug][gc,humongous      ] GC(28) Live humongous region 342 object size 1048592 start 0x00000000f5600000  with remset 0 code roots 0 is marked 0 reclaim candidate 0 type array 1
[2024-12-07T18:48:47.382+0800][3.309s][debug][gc,humongous      ] GC(28) Live humongous region 344 object size 1048592 start 0x00000000f5800000  with remset 0 code roots 0 is marked 0 reclaim candidate 0 type array 1
[2024-12-07T18:48:47.382+0800][3.309s][debug][gc,humongous      ] GC(28) Live humongous region 346 object size 1048592 start 0x00000000f5a00000  with remset 0 code roots 0 is marked 0 reclaim candidate 0 type array 1
[2024-12-07T18:48:47.382+0800][3.309s][debug][gc,humongous      ] GC(28) Live humongous region 348 object size 1048592 start 0x00000000f5c00000  with remset 0 code roots 0 is marked 0 reclaim candidate 0 type array 1
[2024-12-07T18:48:47.382+0800][3.309s][debug][gc,humongous      ] GC(28) Live humongous region 350 object size 1048592 start 0x00000000f5e00000  with remset 0 code roots 0 is marked 0 reclaim candidate 0 type array 1
[2024-12-07T18:48:47.382+0800][3.309s][debug][gc,humongous      ] GC(28) Live humongous region 352 object size 1048592 start 0x00000000f6000000  with remset 0 code roots 0 is marked 0 reclaim candidate 0 type array 1
[2024-12-07T18:48:47.382+0800][3.309s][debug][gc,humongous      ] GC(28) Live humongous region 354 object size 1048592 start 0x00000000f6200000  with remset 0 code roots 0 is marked 0 reclaim candidate 0 type array 1
[2024-12-07T18:48:47.382+0800][3.309s][debug][gc,humongous      ] GC(28) Live humongous region 356 object size 1048592 start 0x00000000f6400000  with remset 0 code roots 0 is marked 0 reclaim candidate 0 type array 1
[2024-12-07T18:48:47.382+0800][3.309s][debug][gc,humongous      ] GC(28) Live humongous region 358 object size 1048592 start 0x00000000f6600000  with remset 0 code roots 0 is marked 0 reclaim candidate 0 type array 1
[2024-12-07T18:48:47.382+0800][3.309s][debug][gc,humongous      ] GC(28) Live humongous region 360 object size 1048592 start 0x00000000f6800000  with remset 0 code roots 0 is marked 0 reclaim candidate 0 type array 1
[2024-12-07T18:48:47.382+0800][3.309s][debug][gc,humongous      ] GC(28) Live humongous region 362 object size 1048592 start 0x00000000f6a00000  with remset 0 code roots 0 is marked 0 reclaim candidate 0 type array 1
[2024-12-07T18:48:47.382+0800][3.309s][debug][gc,humongous      ] GC(28) Live humongous region 364 object size 1048592 start 0x00000000f6c00000  with remset 0 code roots 0 is marked 0 reclaim candidate 0 type array 1
[2024-12-07T18:48:47.382+0800][3.310s][debug][gc,humongous      ] GC(28) Live humongous region 366 object size 1048592 start 0x00000000f6e00000  with remset 0 code roots 0 is marked 0 reclaim candidate 0 type array 1
[2024-12-07T18:48:47.382+0800][3.310s][debug][gc,humongous      ] GC(28) Live humongous region 368 object size 1048592 start 0x00000000f7000000  with remset 0 code roots 0 is marked 0 reclaim candidate 0 type array 1
[2024-12-07T18:48:47.382+0800][3.310s][debug][gc,humongous      ] GC(28) Live humongous region 370 object size 1048592 start 0x00000000f7200000  with remset 0 code roots 0 is marked 0 reclaim candidate 0 type array 1
[2024-12-07T18:48:47.382+0800][3.310s][debug][gc,humongous      ] GC(28) Live humongous region 372 object size 1048592 start 0x00000000f7400000  with remset 0 code roots 0 is marked 0 reclaim candidate 0 type array 1
[2024-12-07T18:48:47.383+0800][3.310s][debug][gc,humongous      ] GC(28) Live humongous region 374 object size 1048592 start 0x00000000f7600000  with remset 0 code roots 0 is marked 0 reclaim candidate 0 type array 1
[2024-12-07T18:48:47.383+0800][3.310s][debug][gc,humongous      ] GC(28) Live humongous region 376 object size 1048592 start 0x00000000f7800000  with remset 0 code roots 0 is marked 0 reclaim candidate 0 type array 1
[2024-12-07T18:48:47.383+0800][3.310s][debug][gc,humongous      ] GC(28) Live humongous region 378 object size 1048592 start 0x00000000f7a00000  with remset 0 code roots 0 is marked 0 reclaim candidate 0 type array 1
[2024-12-07T18:48:47.383+0800][3.310s][debug][gc,humongous      ] GC(28) Live humongous region 380 object size 1048592 start 0x00000000f7c00000  with remset 0 code roots 0 is marked 0 reclaim candidate 0 type array 1
[2024-12-07T18:48:47.383+0800][3.310s][debug][gc,humongous      ] GC(28) Live humongous region 382 object size 1048592 start 0x00000000f7e00000  with remset 0 code roots 0 is marked 0 reclaim candidate 0 type array 1
[2024-12-07T18:48:47.383+0800][3.310s][debug][gc,humongous      ] GC(28) Live humongous region 384 object size 1048592 start 0x00000000f8000000  with remset 0 code roots 0 is marked 0 reclaim candidate 0 type array 1
[2024-12-07T18:48:47.383+0800][3.310s][debug][gc,humongous      ] GC(28) Live humongous region 386 object size 1048592 start 0x00000000f8200000  with remset 0 code roots 0 is marked 0 reclaim candidate 0 type array 1
[2024-12-07T18:48:47.383+0800][3.310s][debug][gc,humongous      ] GC(28) Live humongous region 388 object size 1048592 start 0x00000000f8400000  with remset 0 code roots 0 is marked 0 reclaim candidate 0 type array 1
[2024-12-07T18:48:47.383+0800][3.310s][debug][gc,humongous      ] GC(28) Live humongous region 390 object size 1048592 start 0x00000000f8600000  with remset 0 code roots 0 is marked 0 reclaim candidate 0 type array 1
[2024-12-07T18:48:47.383+0800][3.310s][debug][gc,humongous      ] GC(28) Live humongous region 392 object size 1048592 start 0x00000000f8800000  with remset 0 code roots 0 is marked 0 reclaim candidate 0 type array 1
[2024-12-07T18:48:47.383+0800][3.310s][debug][gc,humongous      ] GC(28) Live humongous region 394 object size 1048592 start 0x00000000f8a00000  with remset 0 code roots 0 is marked 0 reclaim candidate 0 type array 1
[2024-12-07T18:48:47.383+0800][3.310s][debug][gc,humongous      ] GC(28) Live humongous region 396 object size 1048592 start 0x00000000f8c00000  with remset 0 code roots 0 is marked 0 reclaim candidate 0 type array 1
[2024-12-07T18:48:47.383+0800][3.311s][debug][gc,humongous      ] GC(28) Live humongous region 398 object size 1048592 start 0x00000000f8e00000  with remset 0 code roots 0 is marked 0 reclaim candidate 0 type array 1
[2024-12-07T18:48:47.383+0800][3.311s][debug][gc,humongous      ] GC(28) Live humongous region 400 object size 1048592 start 0x00000000f9000000  with remset 0 code roots 0 is marked 0 reclaim candidate 0 type array 1
[2024-12-07T18:48:47.383+0800][3.311s][debug][gc,humongous      ] GC(28) Live humongous region 402 object size 1048592 start 0x00000000f9200000  with remset 0 code roots 0 is marked 0 reclaim candidate 0 type array 1
[2024-12-07T18:48:47.384+0800][3.311s][debug][gc,humongous      ] GC(28) Live humongous region 404 object size 1048592 start 0x00000000f9400000  with remset 0 code roots 0 is marked 0 reclaim candidate 0 type array 1
[2024-12-07T18:48:47.384+0800][3.311s][debug][gc,humongous      ] GC(28) Live humongous region 406 object size 1048592 start 0x00000000f9600000  with remset 0 code roots 0 is marked 0 reclaim candidate 0 type array 1
[2024-12-07T18:48:47.384+0800][3.311s][debug][gc,humongous      ] GC(28) Live humongous region 408 object size 1048592 start 0x00000000f9800000  with remset 0 code roots 0 is marked 0 reclaim candidate 0 type array 1
[2024-12-07T18:48:47.384+0800][3.311s][debug][gc,humongous      ] GC(28) Live humongous region 410 object size 1048592 start 0x00000000f9a00000  with remset 0 code roots 0 is marked 0 reclaim candidate 0 type array 1
[2024-12-07T18:48:47.384+0800][3.311s][debug][gc,humongous      ] GC(28) Live humongous region 412 object size 1048592 start 0x00000000f9c00000  with remset 0 code roots 0 is marked 0 reclaim candidate 0 type array 1
[2024-12-07T18:48:47.384+0800][3.312s][debug][gc,humongous      ] GC(28) Live humongous region 414 object size 1048592 start 0x00000000f9e00000  with remset 0 code roots 0 is marked 0 reclaim candidate 0 type array 1
[2024-12-07T18:48:47.384+0800][3.312s][debug][gc,humongous      ] GC(28) Live humongous region 416 object size 1048592 start 0x00000000fa000000  with remset 0 code roots 0 is marked 0 reclaim candidate 0 type array 1
[2024-12-07T18:48:47.385+0800][3.312s][debug][gc,humongous      ] GC(28) Live humongous region 418 object size 1048592 start 0x00000000fa200000  with remset 0 code roots 0 is marked 0 reclaim candidate 0 type array 1
[2024-12-07T18:48:47.385+0800][3.312s][debug][gc,humongous      ] GC(28) Live humongous region 420 object size 1048592 start 0x00000000fa400000  with remset 0 code roots 0 is marked 0 reclaim candidate 0 type array 1
[2024-12-07T18:48:47.385+0800][3.312s][debug][gc,humongous      ] GC(28) Live humongous region 422 object size 1048592 start 0x00000000fa600000  with remset 0 code roots 0 is marked 0 reclaim candidate 0 type array 1
[2024-12-07T18:48:47.385+0800][3.312s][debug][gc,humongous      ] GC(28) Live humongous region 424 object size 1048592 start 0x00000000fa800000  with remset 0 code roots 0 is marked 0 reclaim candidate 0 type array 1
[2024-12-07T18:48:47.385+0800][3.312s][debug][gc,humongous      ] GC(28) Live humongous region 426 object size 1048592 start 0x00000000faa00000  with remset 0 code roots 0 is marked 0 reclaim candidate 0 type array 1
[2024-12-07T18:48:47.385+0800][3.312s][debug][gc,humongous      ] GC(28) Live humongous region 428 object size 1048592 start 0x00000000fac00000  with remset 0 code roots 0 is marked 0 reclaim candidate 0 type array 1
[2024-12-07T18:48:47.385+0800][3.312s][debug][gc,humongous      ] GC(28) Live humongous region 430 object size 1048592 start 0x00000000fae00000  with remset 0 code roots 0 is marked 0 reclaim candidate 0 type array 1
[2024-12-07T18:48:47.385+0800][3.312s][debug][gc,humongous      ] GC(28) Live humongous region 432 object size 1048592 start 0x00000000fb000000  with remset 0 code roots 0 is marked 0 reclaim candidate 0 type array 1
[2024-12-07T18:48:47.385+0800][3.312s][debug][gc,humongous      ] GC(28) Live humongous region 434 object size 1048592 start 0x00000000fb200000  with remset 0 code roots 0 is marked 0 reclaim candidate 0 type array 1
[2024-12-07T18:48:47.385+0800][3.312s][debug][gc,humongous      ] GC(28) Live humongous region 436 object size 1048592 start 0x00000000fb400000  with remset 0 code roots 0 is marked 0 reclaim candidate 0 type array 1
[2024-12-07T18:48:47.385+0800][3.313s][debug][gc,humongous      ] GC(28) Live humongous region 438 object size 1048592 start 0x00000000fb600000  with remset 0 code roots 0 is marked 0 reclaim candidate 0 type array 1
[2024-12-07T18:48:47.385+0800][3.313s][debug][gc,humongous      ] GC(28) Live humongous region 440 object size 1048592 start 0x00000000fb800000  with remset 0 code roots 0 is marked 0 reclaim candidate 0 type array 1
[2024-12-07T18:48:47.385+0800][3.313s][debug][gc,humongous      ] GC(28) Live humongous region 442 object size 1048592 start 0x00000000fba00000  with remset 0 code roots 0 is marked 0 reclaim candidate 0 type array 1
[2024-12-07T18:48:47.385+0800][3.313s][debug][gc,humongous      ] GC(28) Live humongous region 444 object size 1048592 start 0x00000000fbc00000  with remset 0 code roots 0 is marked 0 reclaim candidate 0 type array 1
[2024-12-07T18:48:47.386+0800][3.313s][debug][gc,humongous      ] GC(28) Live humongous region 446 object size 1048592 start 0x00000000fbe00000  with remset 0 code roots 0 is marked 0 reclaim candidate 0 type array 1
[2024-12-07T18:48:47.386+0800][3.313s][debug][gc,humongous      ] GC(28) Live humongous region 448 object size 1048592 start 0x00000000fc000000  with remset 0 code roots 0 is marked 0 reclaim candidate 0 type array 1
[2024-12-07T18:48:47.386+0800][3.313s][debug][gc,humongous      ] GC(28) Live humongous region 450 object size 1048592 start 0x00000000fc200000  with remset 0 code roots 0 is marked 0 reclaim candidate 0 type array 1
[2024-12-07T18:48:47.386+0800][3.313s][debug][gc,humongous      ] GC(28) Live humongous region 452 object size 1048592 start 0x00000000fc400000  with remset 0 code roots 0 is marked 0 reclaim candidate 0 type array 1
[2024-12-07T18:48:47.386+0800][3.313s][debug][gc,humongous      ] GC(28) Live humongous region 454 object size 1048592 start 0x00000000fc600000  with remset 0 code roots 0 is marked 0 reclaim candidate 0 type array 1
[2024-12-07T18:48:47.386+0800][3.313s][debug][gc,humongous      ] GC(28) Live humongous region 456 object size 1048592 start 0x00000000fc800000  with remset 0 code roots 0 is marked 0 reclaim candidate 0 type array 1
[2024-12-07T18:48:47.386+0800][3.313s][debug][gc,humongous      ] GC(28) Live humongous region 458 object size 1048592 start 0x00000000fca00000  with remset 0 code roots 0 is marked 0 reclaim candidate 0 type array 1
[2024-12-07T18:48:47.386+0800][3.313s][debug][gc,humongous      ] GC(28) Live humongous region 460 object size 1048592 start 0x00000000fcc00000  with remset 0 code roots 0 is marked 0 reclaim candidate 0 type array 1
[2024-12-07T18:48:47.386+0800][3.313s][debug][gc,humongous      ] GC(28) Live humongous region 462 object size 1048592 start 0x00000000fce00000  with remset 0 code roots 0 is marked 0 reclaim candidate 0 type array 1
[2024-12-07T18:48:47.386+0800][3.313s][debug][gc,humongous      ] GC(28) Live humongous region 464 object size 1048592 start 0x00000000fd000000  with remset 0 code roots 0 is marked 0 reclaim candidate 0 type array 1
[2024-12-07T18:48:47.386+0800][3.313s][debug][gc,humongous      ] GC(28) Live humongous region 466 object size 1048592 start 0x00000000fd200000  with remset 0 code roots 0 is marked 0 reclaim candidate 0 type array 1
[2024-12-07T18:48:47.386+0800][3.314s][debug][gc,humongous      ] GC(28) Live humongous region 468 object size 1048592 start 0x00000000fd400000  with remset 0 code roots 0 is marked 0 reclaim candidate 0 type array 1
[2024-12-07T18:48:47.386+0800][3.314s][debug][gc,humongous      ] GC(28) Live humongous region 470 object size 1048592 start 0x00000000fd600000  with remset 0 code roots 0 is marked 0 reclaim candidate 0 type array 1
[2024-12-07T18:48:47.386+0800][3.314s][debug][gc,humongous      ] GC(28) Live humongous region 472 object size 1048592 start 0x00000000fd800000  with remset 0 code roots 0 is marked 0 reclaim candidate 0 type array 1
[2024-12-07T18:48:47.386+0800][3.314s][debug][gc,humongous      ] GC(28) Live humongous region 474 object size 1048592 start 0x00000000fda00000  with remset 0 code roots 0 is marked 0 reclaim candidate 0 type array 1
[2024-12-07T18:48:47.387+0800][3.314s][debug][gc,humongous      ] GC(28) Live humongous region 476 object size 1048592 start 0x00000000fdc00000  with remset 0 code roots 0 is marked 0 reclaim candidate 0 type array 1
[2024-12-07T18:48:47.387+0800][3.314s][debug][gc,humongous      ] GC(28) Live humongous region 478 object size 1048592 start 0x00000000fde00000  with remset 0 code roots 0 is marked 0 reclaim candidate 0 type array 1
[2024-12-07T18:48:47.387+0800][3.314s][debug][gc,humongous      ] GC(28) Live humongous region 480 object size 1048592 start 0x00000000fe000000  with remset 0 code roots 0 is marked 0 reclaim candidate 0 type array 1
[2024-12-07T18:48:47.387+0800][3.314s][debug][gc,humongous      ] GC(28) Live humongous region 482 object size 1048592 start 0x00000000fe200000  with remset 0 code roots 0 is marked 0 reclaim candidate 0 type array 1
[2024-12-07T18:48:47.387+0800][3.314s][debug][gc,humongous      ] GC(28) Live humongous region 484 object size 1048592 start 0x00000000fe400000  with remset 0 code roots 0 is marked 0 reclaim candidate 0 type array 1
[2024-12-07T18:48:47.387+0800][3.314s][debug][gc,humongous      ] GC(28) Live humongous region 486 object size 1048592 start 0x00000000fe600000  with remset 0 code roots 0 is marked 0 reclaim candidate 0 type array 1
[2024-12-07T18:48:47.387+0800][3.314s][debug][gc,humongous      ] GC(28) Live humongous region 488 object size 1048592 start 0x00000000fe800000  with remset 0 code roots 0 is marked 0 reclaim candidate 0 type array 1
[2024-12-07T18:48:47.387+0800][3.314s][debug][gc,humongous      ] GC(28) Live humongous region 490 object size 1048592 start 0x00000000fea00000  with remset 0 code roots 0 is marked 0 reclaim candidate 0 type array 1
[2024-12-07T18:48:47.387+0800][3.314s][debug][gc,humongous      ] GC(28) Live humongous region 492 object size 1048592 start 0x00000000fec00000  with remset 0 code roots 0 is marked 0 reclaim candidate 0 type array 1
[2024-12-07T18:48:47.387+0800][3.314s][debug][gc,humongous      ] GC(28) Live humongous region 494 object size 1048592 start 0x00000000fee00000  with remset 0 code roots 0 is marked 0 reclaim candidate 0 type array 1
[2024-12-07T18:48:47.387+0800][3.314s][debug][gc,humongous      ] GC(28) Live humongous region 496 object size 1048592 start 0x00000000ff000000  with remset 0 code roots 0 is marked 0 reclaim candidate 0 type array 1
[2024-12-07T18:48:47.387+0800][3.314s][debug][gc,humongous      ] GC(28) Live humongous region 498 object size 1048592 start 0x00000000ff200000  with remset 0 code roots 0 is marked 0 reclaim candidate 0 type array 1
[2024-12-07T18:48:47.387+0800][3.315s][debug][gc,plab           ] GC(28) Young PLAB allocation: allocated: 391168B, wasted: 2528B, unused: 16368B, used: 372272B, undo waste: 0B, 
[2024-12-07T18:48:47.387+0800][3.315s][debug][gc,plab           ] GC(28) Young other allocation: region end waste: 0B, regions filled: 1, direct allocated: 66456B, failure used: 0B, failure wasted: 0B
[2024-12-07T18:48:47.387+0800][3.315s][debug][gc,plab           ] GC(28) Young sizing: calculated: 74448B, actual: 74184B
[2024-12-07T18:48:47.387+0800][3.315s][debug][gc,plab           ] GC(28) Old PLAB allocation: allocated: 0B, wasted: 0B, unused: 0B, used: 0B, undo waste: 0B, 
[2024-12-07T18:48:47.388+0800][3.315s][debug][gc,plab           ] GC(28) Old other allocation: region end waste: 0B, regions filled: 0, direct allocated: 0B, failure used: 0B, failure wasted: 0B
[2024-12-07T18:48:47.388+0800][3.315s][debug][gc,plab           ] GC(28) Old sizing: calculated: 0B, actual: 2064B
[2024-12-07T18:48:47.388+0800][3.315s][debug][gc,ergo,heap      ] GC(28) Attempt heap expansion (recent GC overhead higher than threshold after GC) recent GC overhead: 24.26 % threshold: 7.69 % uncommitted: 7340032B base expansion amount and scale: 1468006B (200.00%)
[2024-12-07T18:48:47.388+0800][3.315s][debug][gc,ergo,heap      ] GC(28) Expand the heap. requested expansion amount: 2936012B expansion amount: 3145728B
[2024-12-07T18:48:47.388+0800][3.315s][debug][gc,ihop           ] GC(28) Target occupancy update: old: 529530880B, new: 532676608B
[2024-12-07T18:48:47.388+0800][3.315s][debug][gc,alloc,stats    ] Old generation allocation in the last mutator period, old gen allocated: 0B, humongous allocated: 20971520B,old gen growth: 20971520B.
[2024-12-07T18:48:47.388+0800][3.315s][debug][gc,ihop           ] GC(28) Basic information (value update), threshold: 239704473B (45.00), target occupancy: 532676608B, current occupancy: 525482904B, recent allocation size: 20971520B, recent allocation duration: 103.51ms, recent old gen allocation rate: 202604514.95B/s, recent marking phase length: 0.00ms
[2024-12-07T18:48:47.388+0800][3.315s][debug][gc,ihop           ] GC(28) Adaptive IHOP information (value update), threshold: 239704473B (52.53), internal target occupancy: 456340275B, occupancy: 525482904B, additional buffer size: 26214400B, predicted old gen allocation rate: 203369924.10B/s, predicted marking phase length: 0.00ms, prediction active: false
[2024-12-07T18:48:47.388+0800][3.315s][debug][gc,ergo,refine    ] GC(28) Updated Refinement Zones: green: 18, yellow: 54, red: 90
[2024-12-07T18:48:47.388+0800][3.315s][info ][gc,phases         ] GC(28)   Pre Evacuate Collection Set: 0.1ms
[2024-12-07T18:48:47.388+0800][3.315s][debug][gc,phases         ] GC(28)     Prepare TLABs: 0.1ms
[2024-12-07T18:48:47.388+0800][3.316s][debug][gc,phases         ] GC(28)     Choose Collection Set: 0.1ms
[2024-12-07T18:48:47.388+0800][3.316s][debug][gc,phases         ] GC(28)     Humongous Register: 0.0ms
[2024-12-07T18:48:47.388+0800][3.316s][debug][gc,phases         ] GC(28)     Clear Claimed Marks: 0.0ms
[2024-12-07T18:48:47.388+0800][3.316s][info ][gc,phases         ] GC(28)   Evacuate Collection Set: 4.1ms
[2024-12-07T18:48:47.389+0800][3.316s][debug][gc,phases         ] GC(28)     Ext Root Scanning (ms):   Min:  0.1, Avg:  1.1, Max:  1.8, Diff:  1.8, Sum: 12.9, Workers: 12
[2024-12-07T18:48:47.389+0800][3.316s][debug][gc,phases         ] GC(28)     Update RS (ms):           Min:  0.0, Avg:  0.2, Max:  0.7, Diff:  0.7, Sum:  2.7, Workers: 12
[2024-12-07T18:48:47.389+0800][3.316s][debug][gc,phases         ] GC(28)       Processed Buffers:        Min: 0, Avg:  0.8, Max: 3, Diff: 3, Sum: 10, Workers: 12
[2024-12-07T18:48:47.389+0800][3.316s][debug][gc,phases         ] GC(28)       Scanned Cards:            Min: 0, Avg: 18.5, Max: 60, Diff: 60, Sum: 222, Workers: 12
[2024-12-07T18:48:47.389+0800][3.316s][debug][gc,phases         ] GC(28)       Skipped Cards:            Min: 0, Avg: 17.6, Max: 111, Diff: 111, Sum: 211, Workers: 12
[2024-12-07T18:48:47.389+0800][3.316s][debug][gc,phases         ] GC(28)     Scan RS (ms):             Min:  0.0, Avg:  0.2, Max:  0.7, Diff:  0.7, Sum:  2.1, Workers: 12
[2024-12-07T18:48:47.389+0800][3.316s][debug][gc,phases         ] GC(28)       Scanned Cards:            Min: 0, Avg: 18.2, Max: 64, Diff: 64, Sum: 219, Workers: 12
[2024-12-07T18:48:47.389+0800][3.316s][debug][gc,phases         ] GC(28)       Claimed Cards:            Min: 0, Avg: 18.5, Max: 64, Diff: 64, Sum: 222, Workers: 12
[2024-12-07T18:48:47.389+0800][3.316s][debug][gc,phases         ] GC(28)       Skipped Cards:            Min: 0, Avg: 74.0, Max: 222, Diff: 222, Sum: 888, Workers: 12
[2024-12-07T18:48:47.389+0800][3.316s][debug][gc,phases         ] GC(28)     Code Root Scanning (ms):  Min:  0.0, Avg:  0.0, Max:  0.0, Diff:  0.0, Sum:  0.0, Workers: 12
[2024-12-07T18:48:47.389+0800][3.316s][debug][gc,phases         ] GC(28)     AOT Root Scanning (ms):   skipped
[2024-12-07T18:48:47.389+0800][3.316s][debug][gc,phases         ] GC(28)     Object Copy (ms):         Min:  0.0, Avg:  0.1, Max:  0.3, Diff:  0.3, Sum:  0.7, Workers: 12
[2024-12-07T18:48:47.389+0800][3.317s][debug][gc,phases         ] GC(28)     Termination (ms):         Min:  0.0, Avg:  0.4, Max:  0.8, Diff:  0.8, Sum:  4.3, Workers: 12
[2024-12-07T18:48:47.389+0800][3.317s][debug][gc,phases         ] GC(28)       Termination Attempts:     Min: 1, Avg:  1.0, Max: 1, Diff: 0, Sum: 12, Workers: 12
[2024-12-07T18:48:47.389+0800][3.317s][debug][gc,phases         ] GC(28)     GC Worker Other (ms):     Min:  0.2, Avg:  1.1, Max:  1.8, Diff:  1.5, Sum: 12.7, Workers: 12
[2024-12-07T18:48:47.390+0800][3.317s][debug][gc,phases         ] GC(28)     GC Worker Total (ms):     Min:  2.0, Avg:  3.0, Max:  3.6, Diff:  1.6, Sum: 35.5, Workers: 12
[2024-12-07T18:48:47.390+0800][3.317s][info ][gc,phases         ] GC(28)   Post Evacuate Collection Set: 19.4ms
[2024-12-07T18:48:47.390+0800][3.317s][debug][gc,phases         ] GC(28)     Code Roots Fixup: 0.0ms
[2024-12-07T18:48:47.390+0800][3.317s][debug][gc,phases         ] GC(28)     Clear Card Table: 0.1ms
[2024-12-07T18:48:47.390+0800][3.317s][debug][gc,phases         ] GC(28)     Reference Processing: 0.2ms
[2024-12-07T18:48:47.390+0800][3.317s][debug][gc,phases,ref     ] GC(28)       Reconsider SoftReferences: 0.1ms
[2024-12-07T18:48:47.390+0800][3.317s][debug][gc,phases,ref     ] GC(28)         SoftRef (ms):             skipped
[2024-12-07T18:48:47.390+0800][3.317s][debug][gc,phases,ref     ] GC(28)       Notify Soft/WeakReferences: 0.0ms
[2024-12-07T18:48:47.390+0800][3.317s][debug][gc,phases,ref     ] GC(28)         SoftRef (ms):             Min:  0.0, Avg:  0.0, Max:  0.0, Diff:  0.0, Sum:  0.0, Workers: 1
[2024-12-07T18:48:47.390+0800][3.317s][debug][gc,phases,ref     ] GC(28)         WeakRef (ms):             Min:  0.0, Avg:  0.0, Max:  0.0, Diff:  0.0, Sum:  0.0, Workers: 1
[2024-12-07T18:48:47.390+0800][3.318s][debug][gc,phases,ref     ] GC(28)         FinalRef (ms):            Min:  0.0, Avg:  0.0, Max:  0.0, Diff:  0.0, Sum:  0.0, Workers: 1
[2024-12-07T18:48:47.390+0800][3.318s][debug][gc,phases,ref     ] GC(28)         Total (ms):               Min:  0.0, Avg:  0.0, Max:  0.0, Diff:  0.0, Sum:  0.0, Workers: 1
[2024-12-07T18:48:47.390+0800][3.318s][debug][gc,phases,ref     ] GC(28)       Notify and keep alive finalizable: 0.1ms
[2024-12-07T18:48:47.391+0800][3.318s][debug][gc,phases,ref     ] GC(28)         FinalRef (ms):            skipped
[2024-12-07T18:48:47.391+0800][3.318s][debug][gc,phases,ref     ] GC(28)       Notify PhantomReferences: 0.0ms
[2024-12-07T18:48:47.391+0800][3.318s][debug][gc,phases,ref     ] GC(28)         PhantomRef (ms):          Min:  0.0, Avg:  0.0, Max:  0.0, Diff:  0.0, Sum:  0.0, Workers: 1
[2024-12-07T18:48:47.391+0800][3.318s][debug][gc,phases,ref     ] GC(28)       SoftReference:
[2024-12-07T18:48:47.391+0800][3.318s][debug][gc,phases,ref     ] GC(28)         Discovered: 0
[2024-12-07T18:48:47.391+0800][3.318s][debug][gc,phases,ref     ] GC(28)         Cleared: 0
[2024-12-07T18:48:47.391+0800][3.318s][debug][gc,phases,ref     ] GC(28)       WeakReference:
[2024-12-07T18:48:47.391+0800][3.318s][debug][gc,phases,ref     ] GC(28)         Discovered: 11
[2024-12-07T18:48:47.391+0800][3.318s][debug][gc,phases,ref     ] GC(28)         Cleared: 11
[2024-12-07T18:48:47.391+0800][3.318s][debug][gc,phases,ref     ] GC(28)       FinalReference:
[2024-12-07T18:48:47.391+0800][3.318s][debug][gc,phases,ref     ] GC(28)         Discovered: 0
[2024-12-07T18:48:47.391+0800][3.318s][debug][gc,phases,ref     ] GC(28)         Cleared: 0
[2024-12-07T18:48:47.391+0800][3.319s][debug][gc,phases,ref     ] GC(28)       PhantomReference:
[2024-12-07T18:48:47.391+0800][3.319s][debug][gc,phases,ref     ] GC(28)         Discovered: 4
[2024-12-07T18:48:47.391+0800][3.319s][debug][gc,phases,ref     ] GC(28)         Cleared: 4
[2024-12-07T18:48:47.392+0800][3.319s][debug][gc,phases         ] GC(28)     Weak Processing: 0.0ms
[2024-12-07T18:48:47.392+0800][3.319s][debug][gc,phases         ] GC(28)     Merge Per-Thread State: 0.0ms
[2024-12-07T18:48:47.392+0800][3.319s][debug][gc,phases         ] GC(28)     Code Roots Purge: 0.0ms
[2024-12-07T18:48:47.392+0800][3.319s][debug][gc,phases         ] GC(28)     Redirty Cards: 0.1ms
[2024-12-07T18:48:47.392+0800][3.319s][debug][gc,phases         ] GC(28)     DerivedPointerTable Update: 0.0ms
[2024-12-07T18:48:47.392+0800][3.319s][debug][gc,phases         ] GC(28)     Free Collection Set: 0.1ms
[2024-12-07T18:48:47.392+0800][3.319s][debug][gc,phases         ] GC(28)     Humongous Reclaim: 18.8ms
[2024-12-07T18:48:47.392+0800][3.319s][debug][gc,phases         ] GC(28)     Start New Collection Set: 0.0ms
[2024-12-07T18:48:47.392+0800][3.319s][debug][gc,phases         ] GC(28)     Resize TLABs: 0.0ms
[2024-12-07T18:48:47.392+0800][3.319s][debug][gc,phases         ] GC(28)     Expand Heap After Collection: 0.0ms
[2024-12-07T18:48:47.392+0800][3.320s][info ][gc,phases         ] GC(28)   Other: 1.9ms
[2024-12-07T18:48:47.392+0800][3.320s][info ][gc,heap           ] GC(28) Eden regions: 1->0(24)
[2024-12-07T18:48:47.392+0800][3.320s][info ][gc,heap           ] GC(28) Survivor regions: 1->1(4)
[2024-12-07T18:48:47.392+0800][3.320s][info ][gc,heap           ] GC(28) Old regions: 2->2
[2024-12-07T18:48:47.393+0800][3.320s][info ][gc,heap           ] GC(28) Humongous regions: 500->500
[2024-12-07T18:48:47.393+0800][3.320s][info ][gc,metaspace      ] GC(28) Metaspace: 554K(4864K)->554K(4864K) NonClass: 507K(4352K)->507K(4352K) Class: 46K(512K)->46K(512K)
[2024-12-07T18:48:47.393+0800][3.320s][debug][gc,heap           ] GC(28) Heap after GC invocations=29 (full 0): garbage-first heap   total 520192K, used 513166K [0x00000000e0000000, 0x0000000100000000)
[2024-12-07T18:48:47.393+0800][3.320s][debug][gc,heap           ] GC(28)   region size 1024K, 1 young (1024K), 1 survivors (1024K)
[2024-12-07T18:48:47.393+0800][3.320s][debug][gc,heap           ] GC(28)  Metaspace       used 554K, capacity 4570K, committed 4864K, reserved 1056768K
[2024-12-07T18:48:47.393+0800][3.320s][debug][gc,heap           ] GC(28)   class space    used 46K, capacity 419K, committed 512K, reserved 1048576K
[2024-12-07T18:48:47.393+0800][3.320s][info ][gc                ] GC(28) Pause Young (Concurrent Start) (G1 Humongous Allocation) 501M->501M(508M) 29.799ms
[2024-12-07T18:48:47.393+0800][3.320s][info ][gc,cpu            ] GC(28) User=0.01s Sys=0.00s Real=0.03s
[2024-12-07T18:48:47.393+0800][3.321s][info ][gc                ] GC(29) Concurrent Cycle
[2024-12-07T18:48:47.393+0800][3.321s][info ][gc,marking        ] GC(29) Concurrent Clear Claimed Marks
[2024-12-07T18:48:47.393+0800][3.321s][info ][gc,marking        ] GC(29) Concurrent Clear Claimed Marks 0.069ms
[2024-12-07T18:48:47.394+0800][3.321s][info ][gc,marking        ] GC(29) Concurrent Scan Root Regions
[2024-12-07T18:48:47.394+0800][3.321s][debug][gc,ergo           ] GC(29) Running G1 Root Region Scan using 1 workers for 1 work units.
[2024-12-07T18:48:47.394+0800][3.321s][debug][gc,ergo,heap      ] Attempt heap expansion (humongous allocation request failed). Allocation request: 1048592B
[2024-12-07T18:48:47.394+0800][3.321s][debug][gc,ihop           ] Target occupancy update: old: 532676608B, new: 534773760B
[2024-12-07T18:48:47.394+0800][3.321s][info ][gc,marking        ] GC(29) Concurrent Scan Root Regions 0.509ms
[2024-12-07T18:48:47.394+0800][3.321s][info ][gc,marking        ] GC(29) Concurrent Mark (3.321s)
[2024-12-07T18:48:47.394+0800][3.321s][info ][gc,marking        ] GC(29) Concurrent Mark From Roots
[2024-12-07T18:48:47.394+0800][3.322s][info ][gc,task           ] GC(29) Using 5 workers of 5 for marking
[2024-12-07T18:48:47.395+0800][3.322s][debug][gc,heap           ] GC(30) Heap before GC invocations=29 (full 0): garbage-first heap   total 522240K, used 519310K [0x00000000e0000000, 0x0000000100000000)
[2024-12-07T18:48:47.395+0800][3.322s][debug][gc,heap           ] GC(30)   region size 1024K, 1 young (1024K), 1 survivors (1024K)
[2024-12-07T18:48:47.395+0800][3.322s][debug][gc,heap           ] GC(30)  Metaspace       used 554K, capacity 4570K, committed 4864K, reserved 1056768K
[2024-12-07T18:48:47.395+0800][3.322s][debug][gc,heap           ] GC(30)   class space    used 46K, capacity 419K, committed 512K, reserved 1048576K
[2024-12-07T18:48:47.395+0800][3.322s][info ][gc,start          ] GC(30) Pause Young (Normal) (G1 Humongous Allocation)
[2024-12-07T18:48:47.395+0800][3.322s][info ][gc,task           ] GC(30) Using 12 workers of 18 for evacuation
[2024-12-07T18:48:47.395+0800][3.322s][debug][gc,alloc,region   ] GC(30) Mutator Allocation stats, regions: 0, wasted size: 0B ( 0.0%)
[2024-12-07T18:48:47.395+0800][3.322s][debug][gc,age            ] GC(30) Desired survivor size 2097152 bytes, new threshold 15 (max threshold 15)
[2024-12-07T18:48:47.395+0800][3.322s][debug][gc,ergo,cset      ] GC(30) Finish choosing CSet. old: 0 regions, predicted old region time: 0.00ms, time remaining: 155.69
[2024-12-07T18:48:47.395+0800][3.322s][debug][gc,task,stats     ] GC(30) GC Termination Stats
[2024-12-07T18:48:47.395+0800][3.322s][debug][gc,task,stats     ] GC(30)      elapsed  --strong roots-- -------termination------- ------waste (KiB)------
[2024-12-07T18:48:47.395+0800][3.323s][debug][gc,task,stats     ] GC(30) thr     ms        ms      %        ms      %    attempts  total   alloc    undo
[2024-12-07T18:48:47.395+0800][3.323s][debug][gc,task,stats     ] GC(30) --- --------- --------- ------ --------- ------ -------- ------- ------- -------
[2024-12-07T18:48:47.396+0800][3.323s][debug][gc,ergo,heap      ] GC(30) Attempt heap expansion (region allocation request failed). Allocation request: 1480B
[2024-12-07T18:48:47.401+0800][3.328s][debug][gc,ergo,heap      ] GC(30) Expand the heap. requested expansion amount: 1480B expansion amount: 1048576B
[2024-12-07T18:48:47.401+0800][3.329s][debug][gc,ihop           ] GC(30) Target occupancy update: old: 534773760B, new: 535822336B
[2024-12-07T18:48:47.402+0800][3.329s][debug][gc,task,stats     ] GC(30)   6      6.36      0.11   1.73      0.00   0.00        1       0       0       0
[2024-12-07T18:48:47.402+0800][3.329s][debug][gc,task,stats     ] GC(30)   4      6.63      0.60   9.06      5.87  88.47        1       0       0       0
[2024-12-07T18:48:47.402+0800][3.329s][debug][gc,task,stats     ] GC(30)  10      6.56      0.00   0.02      6.14  93.58       51       0       0       0
[2024-12-07T18:48:47.402+0800][3.330s][debug][gc,task,stats     ] GC(30)   5      6.81      0.39   5.69      6.02  88.34       15       0       0       0
[2024-12-07T18:48:47.402+0800][3.330s][debug][gc,task,stats     ] GC(30)   8      6.84      0.00   0.03      6.12  89.41       59       1       1       0
[2024-12-07T18:48:47.403+0800][3.330s][debug][gc,task,stats     ] GC(30)   0      7.06      0.20   2.79      6.11  86.59       33       2       2       0
[2024-12-07T18:48:47.403+0800][3.330s][debug][gc,task,stats     ] GC(30)   2      7.14      0.46   6.39      5.97  83.61       22       0       0       0
[2024-12-07T18:48:47.403+0800][3.330s][debug][gc,task,stats     ] GC(30)   1      7.25      0.35   4.88      6.04  83.29       30       0       0       0
[2024-12-07T18:48:47.403+0800][3.330s][debug][gc,task,stats     ] GC(30)   3      7.31      0.41   5.55      5.97  81.73       19       0       0       0
[2024-12-07T18:48:47.403+0800][3.330s][debug][gc,task,stats     ] GC(30)  11      6.79      0.00   0.04      5.80  85.33        4       0       0       0
[2024-12-07T18:48:47.403+0800][3.330s][debug][gc,task,stats     ] GC(30)   9      7.35      0.00   0.04      6.04  82.10       50       0       0       0
[2024-12-07T18:48:47.403+0800][3.330s][debug][gc,task,stats     ] GC(30)   7      7.49      0.06   0.83      6.06  80.90       49       0       0       0
[2024-12-07T18:48:47.403+0800][3.330s][debug][gc,ergo           ] GC(30) Running G1 Clear Card Table Task using 1 workers for 1 units of work for 2 regions.
[2024-12-07T18:48:47.403+0800][3.330s][debug][gc,ref            ] GC(30) Skipped phase1 of Reference Processing due to unavailable references
[2024-12-07T18:48:47.403+0800][3.331s][debug][gc,ref            ] GC(30) Skipped phase2 of Reference Processing due to unavailable references
[2024-12-07T18:48:47.403+0800][3.331s][debug][gc,ref            ] GC(30) Skipped phase3 of Reference Processing due to unavailable references
[2024-12-07T18:48:47.403+0800][3.331s][debug][gc,ref            ] GC(30) Skipped phase4 of Reference Processing due to unavailable references
[2024-12-07T18:48:47.404+0800][3.331s][debug][gc,ergo           ] GC(30) Running G1 Free Collection Set using 1 workers for collection set length 1
[2024-12-07T18:48:47.404+0800][3.331s][debug][gc,humongous      ] GC(30) Live humongous region 0 object size 1048592 start 0x00000000e0000000  with remset 0 code roots 0 is marked 1 reclaim candidate 0 type array 1
[2024-12-07T18:48:47.404+0800][3.331s][debug][gc,humongous      ] GC(30) Live humongous region 2 object size 1048592 start 0x00000000e0200000  with remset 0 code roots 0 is marked 1 reclaim candidate 0 type array 1
[2024-12-07T18:48:47.404+0800][3.331s][debug][gc,humongous      ] GC(30) Live humongous region 4 object size 1048592 start 0x00000000e0400000  with remset 0 code roots 0 is marked 1 reclaim candidate 0 type array 1
[2024-12-07T18:48:47.404+0800][3.331s][debug][gc,humongous      ] GC(30) Live humongous region 6 object size 1048592 start 0x00000000e0600000  with remset 0 code roots 0 is marked 1 reclaim candidate 0 type array 1
[2024-12-07T18:48:47.404+0800][3.331s][debug][gc,humongous      ] GC(30) Live humongous region 8 object size 1048592 start 0x00000000e0800000  with remset 0 code roots 0 is marked 1 reclaim candidate 0 type array 1
[2024-12-07T18:48:47.404+0800][3.331s][debug][gc,humongous      ] GC(30) Live humongous region 10 object size 1048592 start 0x00000000e0a00000  with remset 0 code roots 0 is marked 1 reclaim candidate 0 type array 1
[2024-12-07T18:48:47.404+0800][3.331s][debug][gc,humongous      ] GC(30) Live humongous region 12 object size 1048592 start 0x00000000e0c00000  with remset 0 code roots 0 is marked 1 reclaim candidate 0 type array 1
[2024-12-07T18:48:47.404+0800][3.331s][debug][gc,humongous      ] GC(30) Live humongous region 14 object size 1048592 start 0x00000000e0e00000  with remset 0 code roots 0 is marked 1 reclaim candidate 0 type array 1
[2024-12-07T18:48:47.404+0800][3.331s][debug][gc,humongous      ] GC(30) Live humongous region 16 object size 1048592 start 0x00000000e1000000  with remset 0 code roots 0 is marked 1 reclaim candidate 0 type array 1
[2024-12-07T18:48:47.404+0800][3.332s][debug][gc,humongous      ] GC(30) Live humongous region 18 object size 1048592 start 0x00000000e1200000  with remset 0 code roots 0 is marked 1 reclaim candidate 0 type array 1
[2024-12-07T18:48:47.404+0800][3.332s][debug][gc,humongous      ] GC(30) Live humongous region 20 object size 1048592 start 0x00000000e1400000  with remset 0 code roots 0 is marked 1 reclaim candidate 0 type array 1
[2024-12-07T18:48:47.404+0800][3.332s][debug][gc,humongous      ] GC(30) Live humongous region 22 object size 1048592 start 0x00000000e1600000  with remset 0 code roots 0 is marked 1 reclaim candidate 0 type array 1
[2024-12-07T18:48:47.404+0800][3.332s][debug][gc,humongous      ] GC(30) Live humongous region 24 object size 1048592 start 0x00000000e1800000  with remset 0 code roots 0 is marked 1 reclaim candidate 0 type array 1
[2024-12-07T18:48:47.405+0800][3.332s][debug][gc,humongous      ] GC(30) Live humongous region 26 object size 1048592 start 0x00000000e1a00000  with remset 0 code roots 0 is marked 1 reclaim candidate 0 type array 1
[2024-12-07T18:48:47.405+0800][3.332s][debug][gc,humongous      ] GC(30) Live humongous region 28 object size 1048592 start 0x00000000e1c00000  with remset 0 code roots 0 is marked 1 reclaim candidate 0 type array 1
[2024-12-07T18:48:47.405+0800][3.332s][debug][gc,humongous      ] GC(30) Live humongous region 30 object size 1048592 start 0x00000000e1e00000  with remset 0 code roots 0 is marked 1 reclaim candidate 0 type array 1
[2024-12-07T18:48:47.405+0800][3.332s][debug][gc,humongous      ] GC(30) Live humongous region 32 object size 1048592 start 0x00000000e2000000  with remset 0 code roots 0 is marked 1 reclaim candidate 0 type array 1
[2024-12-07T18:48:47.405+0800][3.332s][debug][gc,humongous      ] GC(30) Live humongous region 34 object size 1048592 start 0x00000000e2200000  with remset 0 code roots 0 is marked 1 reclaim candidate 0 type array 1
[2024-12-07T18:48:47.405+0800][3.332s][debug][gc,humongous      ] GC(30) Live humongous region 36 object size 1048592 start 0x00000000e2400000  with remset 0 code roots 0 is marked 1 reclaim candidate 0 type array 1
[2024-12-07T18:48:47.405+0800][3.332s][debug][gc,humongous      ] GC(30) Live humongous region 38 object size 1048592 start 0x00000000e2600000  with remset 0 code roots 0 is marked 1 reclaim candidate 0 type array 1
[2024-12-07T18:48:47.405+0800][3.332s][debug][gc,humongous      ] GC(30) Live humongous region 40 object size 1048592 start 0x00000000e2800000  with remset 0 code roots 0 is marked 1 reclaim candidate 0 type array 1
[2024-12-07T18:48:47.405+0800][3.332s][debug][gc,humongous      ] GC(30) Live humongous region 42 object size 1048592 start 0x00000000e2a00000  with remset 0 code roots 0 is marked 1 reclaim candidate 0 type array 1
[2024-12-07T18:48:47.405+0800][3.332s][debug][gc,humongous      ] GC(30) Live humongous region 44 object size 1048592 start 0x00000000e2c00000  with remset 0 code roots 0 is marked 1 reclaim candidate 0 type array 1
[2024-12-07T18:48:47.405+0800][3.332s][debug][gc,humongous      ] GC(30) Live humongous region 46 object size 1048592 start 0x00000000e2e00000  with remset 0 code roots 0 is marked 1 reclaim candidate 0 type array 1
[2024-12-07T18:48:47.405+0800][3.332s][debug][gc,humongous      ] GC(30) Live humongous region 48 object size 1048592 start 0x00000000e3000000  with remset 0 code roots 0 is marked 1 reclaim candidate 0 type array 1
[2024-12-07T18:48:47.405+0800][3.333s][debug][gc,humongous      ] GC(30) Live humongous region 50 object size 1048592 start 0x00000000e3200000  with remset 0 code roots 0 is marked 1 reclaim candidate 0 type array 1
[2024-12-07T18:48:47.405+0800][3.333s][debug][gc,humongous      ] GC(30) Live humongous region 52 object size 1048592 start 0x00000000e3400000  with remset 0 code roots 0 is marked 1 reclaim candidate 0 type array 1
[2024-12-07T18:48:47.405+0800][3.333s][debug][gc,humongous      ] GC(30) Live humongous region 54 object size 1048592 start 0x00000000e3600000  with remset 0 code roots 0 is marked 1 reclaim candidate 0 type array 1
[2024-12-07T18:48:47.405+0800][3.333s][debug][gc,humongous      ] GC(30) Live humongous region 56 object size 1048592 start 0x00000000e3800000  with remset 0 code roots 0 is marked 1 reclaim candidate 0 type array 1
[2024-12-07T18:48:47.406+0800][3.333s][debug][gc,humongous      ] GC(30) Live humongous region 58 object size 1048592 start 0x00000000e3a00000  with remset 0 code roots 0 is marked 1 reclaim candidate 0 type array 1
[2024-12-07T18:48:47.406+0800][3.333s][debug][gc,humongous      ] GC(30) Live humongous region 60 object size 1048592 start 0x00000000e3c00000  with remset 0 code roots 0 is marked 1 reclaim candidate 0 type array 1
[2024-12-07T18:48:47.406+0800][3.333s][debug][gc,humongous      ] GC(30) Live humongous region 62 object size 1048592 start 0x00000000e3e00000  with remset 0 code roots 0 is marked 1 reclaim candidate 0 type array 1
[2024-12-07T18:48:47.406+0800][3.333s][debug][gc,humongous      ] GC(30) Live humongous region 64 object size 1048592 start 0x00000000e4000000  with remset 0 code roots 0 is marked 1 reclaim candidate 0 type array 1
[2024-12-07T18:48:47.406+0800][3.333s][debug][gc,humongous      ] GC(30) Live humongous region 66 object size 1048592 start 0x00000000e4200000  with remset 0 code roots 0 is marked 1 reclaim candidate 0 type array 1
[2024-12-07T18:48:47.406+0800][3.333s][debug][gc,humongous      ] GC(30) Live humongous region 68 object size 1048592 start 0x00000000e4400000  with remset 0 code roots 0 is marked 1 reclaim candidate 0 type array 1
[2024-12-07T18:48:47.406+0800][3.333s][debug][gc,humongous      ] GC(30) Live humongous region 70 object size 1048592 start 0x00000000e4600000  with remset 0 code roots 0 is marked 1 reclaim candidate 0 type array 1
[2024-12-07T18:48:47.406+0800][3.333s][debug][gc,humongous      ] GC(30) Live humongous region 72 object size 1048592 start 0x00000000e4800000  with remset 0 code roots 0 is marked 1 reclaim candidate 0 type array 1
[2024-12-07T18:48:47.406+0800][3.333s][debug][gc,humongous      ] GC(30) Live humongous region 74 object size 1048592 start 0x00000000e4a00000  with remset 0 code roots 0 is marked 1 reclaim candidate 0 type array 1
[2024-12-07T18:48:47.406+0800][3.333s][debug][gc,humongous      ] GC(30) Live humongous region 76 object size 1048592 start 0x00000000e4c00000  with remset 0 code roots 0 is marked 1 reclaim candidate 0 type array 1
[2024-12-07T18:48:47.406+0800][3.333s][debug][gc,humongous      ] GC(30) Live humongous region 78 object size 1048592 start 0x00000000e4e00000  with remset 0 code roots 0 is marked 1 reclaim candidate 0 type array 1
[2024-12-07T18:48:47.406+0800][3.333s][debug][gc,humongous      ] GC(30) Live humongous region 80 object size 1048592 start 0x00000000e5000000  with remset 0 code roots 0 is marked 1 reclaim candidate 0 type array 1
[2024-12-07T18:48:47.406+0800][3.334s][debug][gc,humongous      ] GC(30) Live humongous region 82 object size 1048592 start 0x00000000e5200000  with remset 0 code roots 0 is marked 1 reclaim candidate 0 type array 1
[2024-12-07T18:48:47.406+0800][3.334s][debug][gc,humongous      ] GC(30) Live humongous region 84 object size 1048592 start 0x00000000e5400000  with remset 0 code roots 0 is marked 1 reclaim candidate 0 type array 1
[2024-12-07T18:48:47.406+0800][3.334s][debug][gc,humongous      ] GC(30) Live humongous region 86 object size 1048592 start 0x00000000e5600000  with remset 0 code roots 0 is marked 1 reclaim candidate 0 type array 1
[2024-12-07T18:48:47.406+0800][3.334s][debug][gc,humongous      ] GC(30) Live humongous region 88 object size 1048592 start 0x00000000e5800000  with remset 0 code roots 0 is marked 1 reclaim candidate 0 type array 1
[2024-12-07T18:48:47.407+0800][3.334s][debug][gc,humongous      ] GC(30) Live humongous region 90 object size 1048592 start 0x00000000e5a00000  with remset 0 code roots 0 is marked 1 reclaim candidate 0 type array 1
[2024-12-07T18:48:47.407+0800][3.334s][debug][gc,humongous      ] GC(30) Live humongous region 92 object size 1048592 start 0x00000000e5c00000  with remset 0 code roots 0 is marked 1 reclaim candidate 0 type array 1
[2024-12-07T18:48:47.407+0800][3.334s][debug][gc,humongous      ] GC(30) Live humongous region 94 object size 1048592 start 0x00000000e5e00000  with remset 0 code roots 0 is marked 1 reclaim candidate 0 type array 1
[2024-12-07T18:48:47.407+0800][3.334s][debug][gc,humongous      ] GC(30) Live humongous region 96 object size 1048592 start 0x00000000e6000000  with remset 0 code roots 0 is marked 1 reclaim candidate 0 type array 1
[2024-12-07T18:48:47.407+0800][3.334s][debug][gc,humongous      ] GC(30) Live humongous region 98 object size 1048592 start 0x00000000e6200000  with remset 0 code roots 0 is marked 1 reclaim candidate 0 type array 1
[2024-12-07T18:48:47.407+0800][3.334s][debug][gc,humongous      ] GC(30) Live humongous region 100 object size 1048592 start 0x00000000e6400000  with remset 0 code roots 0 is marked 1 reclaim candidate 0 type array 1
[2024-12-07T18:48:47.407+0800][3.334s][debug][gc,humongous      ] GC(30) Live humongous region 102 object size 1048592 start 0x00000000e6600000  with remset 0 code roots 0 is marked 1 reclaim candidate 0 type array 1
[2024-12-07T18:48:47.407+0800][3.334s][debug][gc,humongous      ] GC(30) Live humongous region 104 object size 1048592 start 0x00000000e6800000  with remset 0 code roots 0 is marked 1 reclaim candidate 0 type array 1
[2024-12-07T18:48:47.407+0800][3.334s][debug][gc,humongous      ] GC(30) Live humongous region 106 object size 1048592 start 0x00000000e6a00000  with remset 0 code roots 0 is marked 1 reclaim candidate 0 type array 1
[2024-12-07T18:48:47.407+0800][3.334s][debug][gc,humongous      ] GC(30) Live humongous region 108 object size 1048592 start 0x00000000e6c00000  with remset 0 code roots 0 is marked 1 reclaim candidate 0 type array 1
[2024-12-07T18:48:47.407+0800][3.334s][debug][gc,humongous      ] GC(30) Live humongous region 110 object size 1048592 start 0x00000000e6e00000  with remset 0 code roots 0 is marked 1 reclaim candidate 0 type array 1
[2024-12-07T18:48:47.407+0800][3.334s][debug][gc,humongous      ] GC(30) Live humongous region 112 object size 1048592 start 0x00000000e7000000  with remset 0 code roots 0 is marked 1 reclaim candidate 0 type array 1
[2024-12-07T18:48:47.407+0800][3.335s][debug][gc,humongous      ] GC(30) Live humongous region 114 object size 1048592 start 0x00000000e7200000  with remset 0 code roots 0 is marked 1 reclaim candidate 0 type array 1
[2024-12-07T18:48:47.407+0800][3.335s][debug][gc,humongous      ] GC(30) Live humongous region 116 object size 1048592 start 0x00000000e7400000  with remset 0 code roots 0 is marked 1 reclaim candidate 0 type array 1
[2024-12-07T18:48:47.407+0800][3.335s][debug][gc,humongous      ] GC(30) Live humongous region 118 object size 1048592 start 0x00000000e7600000  with remset 0 code roots 0 is marked 1 reclaim candidate 0 type array 1
[2024-12-07T18:48:47.407+0800][3.335s][debug][gc,humongous      ] GC(30) Live humongous region 120 object size 1048592 start 0x00000000e7800000  with remset 0 code roots 0 is marked 1 reclaim candidate 0 type array 1
[2024-12-07T18:48:47.408+0800][3.335s][debug][gc,humongous      ] GC(30) Live humongous region 122 object size 1048592 start 0x00000000e7a00000  with remset 0 code roots 0 is marked 1 reclaim candidate 0 type array 1
[2024-12-07T18:48:47.408+0800][3.335s][debug][gc,humongous      ] GC(30) Live humongous region 124 object size 1048592 start 0x00000000e7c00000  with remset 0 code roots 0 is marked 1 reclaim candidate 0 type array 1
[2024-12-07T18:48:47.408+0800][3.335s][debug][gc,humongous      ] GC(30) Live humongous region 126 object size 1048592 start 0x00000000e7e00000  with remset 0 code roots 0 is marked 1 reclaim candidate 0 type array 1
[2024-12-07T18:48:47.408+0800][3.335s][debug][gc,humongous      ] GC(30) Live humongous region 128 object size 1048592 start 0x00000000e8000000  with remset 0 code roots 0 is marked 1 reclaim candidate 0 type array 1
[2024-12-07T18:48:47.408+0800][3.335s][debug][gc,humongous      ] GC(30) Live humongous region 130 object size 1048592 start 0x00000000e8200000  with remset 0 code roots 0 is marked 1 reclaim candidate 0 type array 1
[2024-12-07T18:48:47.408+0800][3.335s][debug][gc,humongous      ] GC(30) Live humongous region 132 object size 1048592 start 0x00000000e8400000  with remset 0 code roots 0 is marked 1 reclaim candidate 0 type array 1
[2024-12-07T18:48:47.408+0800][3.335s][debug][gc,humongous      ] GC(30) Live humongous region 134 object size 1048592 start 0x00000000e8600000  with remset 0 code roots 0 is marked 1 reclaim candidate 0 type array 1
[2024-12-07T18:48:47.408+0800][3.335s][debug][gc,humongous      ] GC(30) Live humongous region 136 object size 1048592 start 0x00000000e8800000  with remset 0 code roots 0 is marked 1 reclaim candidate 0 type array 1
[2024-12-07T18:48:47.408+0800][3.335s][debug][gc,humongous      ] GC(30) Live humongous region 138 object size 1048592 start 0x00000000e8a00000  with remset 0 code roots 0 is marked 1 reclaim candidate 0 type array 1
[2024-12-07T18:48:47.408+0800][3.335s][debug][gc,humongous      ] GC(30) Live humongous region 140 object size 1048592 start 0x00000000e8c00000  with remset 0 code roots 0 is marked 1 reclaim candidate 0 type array 1
[2024-12-07T18:48:47.408+0800][3.335s][debug][gc,humongous      ] GC(30) Live humongous region 142 object size 1048592 start 0x00000000e8e00000  with remset 0 code roots 0 is marked 1 reclaim candidate 0 type array 1
[2024-12-07T18:48:47.408+0800][3.336s][debug][gc,humongous      ] GC(30) Live humongous region 144 object size 1048592 start 0x00000000e9000000  with remset 0 code roots 0 is marked 1 reclaim candidate 0 type array 1
[2024-12-07T18:48:47.408+0800][3.336s][debug][gc,humongous      ] GC(30) Live humongous region 146 object size 1048592 start 0x00000000e9200000  with remset 0 code roots 0 is marked 1 reclaim candidate 0 type array 1
[2024-12-07T18:48:47.408+0800][3.336s][debug][gc,humongous      ] GC(30) Live humongous region 148 object size 1048592 start 0x00000000e9400000  with remset 0 code roots 0 is marked 1 reclaim candidate 0 type array 1
[2024-12-07T18:48:47.409+0800][3.336s][debug][gc,humongous      ] GC(30) Live humongous region 150 object size 1048592 start 0x00000000e9600000  with remset 0 code roots 0 is marked 1 reclaim candidate 0 type array 1
[2024-12-07T18:48:47.409+0800][3.336s][debug][gc,humongous      ] GC(30) Live humongous region 152 object size 1048592 start 0x00000000e9800000  with remset 0 code roots 0 is marked 1 reclaim candidate 0 type array 1
[2024-12-07T18:48:47.409+0800][3.336s][debug][gc,humongous      ] GC(30) Live humongous region 154 object size 1048592 start 0x00000000e9a00000  with remset 0 code roots 0 is marked 1 reclaim candidate 0 type array 1
[2024-12-07T18:48:47.409+0800][3.336s][debug][gc,humongous      ] GC(30) Live humongous region 156 object size 1048592 start 0x00000000e9c00000  with remset 0 code roots 0 is marked 1 reclaim candidate 0 type array 1
[2024-12-07T18:48:47.409+0800][3.336s][debug][gc,humongous      ] GC(30) Live humongous region 158 object size 1048592 start 0x00000000e9e00000  with remset 0 code roots 0 is marked 1 reclaim candidate 0 type array 1
[2024-12-07T18:48:47.409+0800][3.336s][debug][gc,humongous      ] GC(30) Live humongous region 160 object size 1048592 start 0x00000000ea000000  with remset 0 code roots 0 is marked 1 reclaim candidate 0 type array 1
[2024-12-07T18:48:47.409+0800][3.336s][debug][gc,humongous      ] GC(30) Live humongous region 162 object size 1048592 start 0x00000000ea200000  with remset 0 code roots 0 is marked 1 reclaim candidate 0 type array 1
[2024-12-07T18:48:47.409+0800][3.336s][debug][gc,humongous      ] GC(30) Live humongous region 164 object size 1048592 start 0x00000000ea400000  with remset 0 code roots 0 is marked 1 reclaim candidate 0 type array 1
[2024-12-07T18:48:47.409+0800][3.336s][debug][gc,humongous      ] GC(30) Live humongous region 166 object size 1048592 start 0x00000000ea600000  with remset 0 code roots 0 is marked 1 reclaim candidate 0 type array 1
[2024-12-07T18:48:47.409+0800][3.336s][debug][gc,humongous      ] GC(30) Live humongous region 168 object size 1048592 start 0x00000000ea800000  with remset 0 code roots 0 is marked 1 reclaim candidate 0 type array 1
[2024-12-07T18:48:47.409+0800][3.336s][debug][gc,humongous      ] GC(30) Live humongous region 170 object size 1048592 start 0x00000000eaa00000  with remset 0 code roots 0 is marked 1 reclaim candidate 0 type array 1
[2024-12-07T18:48:47.409+0800][3.337s][debug][gc,humongous      ] GC(30) Live humongous region 172 object size 1048592 start 0x00000000eac00000  with remset 0 code roots 0 is marked 1 reclaim candidate 0 type array 1
[2024-12-07T18:48:47.409+0800][3.337s][debug][gc,humongous      ] GC(30) Live humongous region 174 object size 1048592 start 0x00000000eae00000  with remset 0 code roots 0 is marked 1 reclaim candidate 0 type array 1
[2024-12-07T18:48:47.409+0800][3.337s][debug][gc,humongous      ] GC(30) Live humongous region 176 object size 1048592 start 0x00000000eb000000  with remset 0 code roots 0 is marked 1 reclaim candidate 0 type array 1
[2024-12-07T18:48:47.409+0800][3.337s][debug][gc,humongous      ] GC(30) Live humongous region 178 object size 1048592 start 0x00000000eb200000  with remset 0 code roots 0 is marked 1 reclaim candidate 0 type array 1
[2024-12-07T18:48:47.410+0800][3.337s][debug][gc,humongous      ] GC(30) Live humongous region 180 object size 1048592 start 0x00000000eb400000  with remset 0 code roots 0 is marked 1 reclaim candidate 0 type array 1
[2024-12-07T18:48:47.410+0800][3.337s][debug][gc,humongous      ] GC(30) Live humongous region 182 object size 1048592 start 0x00000000eb600000  with remset 0 code roots 0 is marked 1 reclaim candidate 0 type array 1
[2024-12-07T18:48:47.410+0800][3.337s][debug][gc,humongous      ] GC(30) Live humongous region 184 object size 1048592 start 0x00000000eb800000  with remset 0 code roots 0 is marked 1 reclaim candidate 0 type array 1
[2024-12-07T18:48:47.410+0800][3.337s][debug][gc,humongous      ] GC(30) Live humongous region 186 object size 1048592 start 0x00000000eba00000  with remset 0 code roots 0 is marked 1 reclaim candidate 0 type array 1
[2024-12-07T18:48:47.410+0800][3.337s][debug][gc,humongous      ] GC(30) Live humongous region 188 object size 1048592 start 0x00000000ebc00000  with remset 0 code roots 0 is marked 1 reclaim candidate 0 type array 1
[2024-12-07T18:48:47.410+0800][3.338s][debug][gc,humongous      ] GC(30) Live humongous region 190 object size 1048592 start 0x00000000ebe00000  with remset 0 code roots 0 is marked 1 reclaim candidate 0 type array 1
[2024-12-07T18:48:47.410+0800][3.338s][debug][gc,humongous      ] GC(30) Live humongous region 192 object size 1048592 start 0x00000000ec000000  with remset 0 code roots 0 is marked 1 reclaim candidate 0 type array 1
[2024-12-07T18:48:47.410+0800][3.338s][debug][gc,humongous      ] GC(30) Live humongous region 194 object size 1048592 start 0x00000000ec200000  with remset 0 code roots 0 is marked 1 reclaim candidate 0 type array 1
[2024-12-07T18:48:47.410+0800][3.338s][debug][gc,humongous      ] GC(30) Live humongous region 196 object size 1048592 start 0x00000000ec400000  with remset 0 code roots 0 is marked 1 reclaim candidate 0 type array 1
[2024-12-07T18:48:47.411+0800][3.338s][debug][gc,humongous      ] GC(30) Live humongous region 198 object size 1048592 start 0x00000000ec600000  with remset 0 code roots 0 is marked 1 reclaim candidate 0 type array 1
[2024-12-07T18:48:47.411+0800][3.338s][debug][gc,humongous      ] GC(30) Live humongous region 200 object size 1048592 start 0x00000000ec800000  with remset 0 code roots 0 is marked 1 reclaim candidate 0 type array 1
[2024-12-07T18:48:47.411+0800][3.338s][debug][gc,humongous      ] GC(30) Live humongous region 202 object size 1048592 start 0x00000000eca00000  with remset 0 code roots 0 is marked 1 reclaim candidate 0 type array 1
[2024-12-07T18:48:47.411+0800][3.338s][debug][gc,humongous      ] GC(30) Live humongous region 204 object size 1048592 start 0x00000000ecc00000  with remset 0 code roots 0 is marked 1 reclaim candidate 0 type array 1
[2024-12-07T18:48:47.411+0800][3.338s][debug][gc,humongous      ] GC(30) Live humongous region 206 object size 1048592 start 0x00000000ece00000  with remset 0 code roots 0 is marked 1 reclaim candidate 0 type array 1
[2024-12-07T18:48:47.411+0800][3.338s][debug][gc,humongous      ] GC(30) Live humongous region 208 object size 1048592 start 0x00000000ed000000  with remset 0 code roots 0 is marked 1 reclaim candidate 0 type array 1
[2024-12-07T18:48:47.411+0800][3.338s][debug][gc,humongous      ] GC(30) Live humongous region 210 object size 1048592 start 0x00000000ed200000  with remset 0 code roots 0 is marked 1 reclaim candidate 0 type array 1
[2024-12-07T18:48:47.411+0800][3.338s][debug][gc,humongous      ] GC(30) Live humongous region 212 object size 1048592 start 0x00000000ed400000  with remset 0 code roots 0 is marked 1 reclaim candidate 0 type array 1
[2024-12-07T18:48:47.411+0800][3.338s][debug][gc,humongous      ] GC(30) Live humongous region 214 object size 1048592 start 0x00000000ed600000  with remset 0 code roots 0 is marked 1 reclaim candidate 0 type array 1
[2024-12-07T18:48:47.411+0800][3.338s][debug][gc,humongous      ] GC(30) Live humongous region 216 object size 1048592 start 0x00000000ed800000  with remset 0 code roots 0 is marked 1 reclaim candidate 0 type array 1
[2024-12-07T18:48:47.411+0800][3.338s][debug][gc,humongous      ] GC(30) Live humongous region 218 object size 1048592 start 0x00000000eda00000  with remset 0 code roots 0 is marked 1 reclaim candidate 0 type array 1
[2024-12-07T18:48:47.411+0800][3.338s][debug][gc,humongous      ] GC(30) Live humongous region 220 object size 1048592 start 0x00000000edc00000  with remset 0 code roots 0 is marked 1 reclaim candidate 0 type array 1
[2024-12-07T18:48:47.411+0800][3.339s][debug][gc,humongous      ] GC(30) Live humongous region 222 object size 1048592 start 0x00000000ede00000  with remset 0 code roots 0 is marked 1 reclaim candidate 0 type array 1
[2024-12-07T18:48:47.411+0800][3.339s][debug][gc,humongous      ] GC(30) Live humongous region 224 object size 1048592 start 0x00000000ee000000  with remset 0 code roots 0 is marked 1 reclaim candidate 0 type array 1
[2024-12-07T18:48:47.411+0800][3.339s][debug][gc,humongous      ] GC(30) Live humongous region 226 object size 1048592 start 0x00000000ee200000  with remset 0 code roots 0 is marked 1 reclaim candidate 0 type array 1
[2024-12-07T18:48:47.412+0800][3.339s][debug][gc,humongous      ] GC(30) Live humongous region 228 object size 1048592 start 0x00000000ee400000  with remset 0 code roots 0 is marked 1 reclaim candidate 0 type array 1
[2024-12-07T18:48:47.412+0800][3.339s][debug][gc,humongous      ] GC(30) Live humongous region 230 object size 1048592 start 0x00000000ee600000  with remset 0 code roots 0 is marked 1 reclaim candidate 0 type array 1
[2024-12-07T18:48:47.412+0800][3.339s][debug][gc,humongous      ] GC(30) Live humongous region 232 object size 1048592 start 0x00000000ee800000  with remset 0 code roots 0 is marked 1 reclaim candidate 0 type array 1
[2024-12-07T18:48:47.412+0800][3.339s][debug][gc,humongous      ] GC(30) Live humongous region 234 object size 1048592 start 0x00000000eea00000  with remset 0 code roots 0 is marked 1 reclaim candidate 0 type array 1
[2024-12-07T18:48:47.412+0800][3.339s][debug][gc,humongous      ] GC(30) Live humongous region 236 object size 1048592 start 0x00000000eec00000  with remset 0 code roots 0 is marked 1 reclaim candidate 0 type array 1
[2024-12-07T18:48:47.412+0800][3.339s][debug][gc,humongous      ] GC(30) Live humongous region 238 object size 1048592 start 0x00000000eee00000  with remset 0 code roots 0 is marked 1 reclaim candidate 0 type array 1
[2024-12-07T18:48:47.412+0800][3.339s][debug][gc,humongous      ] GC(30) Live humongous region 240 object size 1048592 start 0x00000000ef000000  with remset 0 code roots 0 is marked 1 reclaim candidate 0 type array 1
[2024-12-07T18:48:47.412+0800][3.339s][debug][gc,humongous      ] GC(30) Live humongous region 242 object size 1048592 start 0x00000000ef200000  with remset 0 code roots 0 is marked 1 reclaim candidate 0 type array 1
[2024-12-07T18:48:47.412+0800][3.339s][debug][gc,humongous      ] GC(30) Live humongous region 244 object size 1048592 start 0x00000000ef400000  with remset 0 code roots 0 is marked 1 reclaim candidate 0 type array 1
[2024-12-07T18:48:47.412+0800][3.339s][debug][gc,humongous      ] GC(30) Live humongous region 246 object size 1048592 start 0x00000000ef600000  with remset 0 code roots 0 is marked 1 reclaim candidate 0 type array 1
[2024-12-07T18:48:47.412+0800][3.339s][debug][gc,humongous      ] GC(30) Live humongous region 248 object size 1048592 start 0x00000000ef800000  with remset 0 code roots 0 is marked 1 reclaim candidate 0 type array 1
[2024-12-07T18:48:47.412+0800][3.339s][debug][gc,humongous      ] GC(30) Live humongous region 250 object size 1048592 start 0x00000000efa00000  with remset 0 code roots 0 is marked 1 reclaim candidate 0 type array 1
[2024-12-07T18:48:47.412+0800][3.340s][debug][gc,humongous      ] GC(30) Live humongous region 252 object size 1048592 start 0x00000000efc00000  with remset 0 code roots 0 is marked 1 reclaim candidate 0 type array 1
[2024-12-07T18:48:47.412+0800][3.340s][debug][gc,humongous      ] GC(30) Live humongous region 254 object size 1048592 start 0x00000000efe00000  with remset 0 code roots 0 is marked 1 reclaim candidate 0 type array 1
[2024-12-07T18:48:47.412+0800][3.340s][debug][gc,humongous      ] GC(30) Live humongous region 256 object size 1048592 start 0x00000000f0000000  with remset 0 code roots 0 is marked 1 reclaim candidate 0 type array 1
[2024-12-07T18:48:47.412+0800][3.340s][debug][gc,humongous      ] GC(30) Live humongous region 258 object size 1048592 start 0x00000000f0200000  with remset 0 code roots 0 is marked 1 reclaim candidate 0 type array 1
[2024-12-07T18:48:47.413+0800][3.340s][debug][gc,humongous      ] GC(30) Live humongous region 260 object size 1048592 start 0x00000000f0400000  with remset 0 code roots 0 is marked 1 reclaim candidate 0 type array 1
[2024-12-07T18:48:47.413+0800][3.340s][debug][gc,humongous      ] GC(30) Live humongous region 262 object size 1048592 start 0x00000000f0600000  with remset 0 code roots 0 is marked 1 reclaim candidate 0 type array 1
[2024-12-07T18:48:47.413+0800][3.340s][debug][gc,humongous      ] GC(30) Live humongous region 264 object size 1048592 start 0x00000000f0800000  with remset 0 code roots 0 is marked 1 reclaim candidate 0 type array 1
[2024-12-07T18:48:47.413+0800][3.340s][debug][gc,humongous      ] GC(30) Live humongous region 266 object size 1048592 start 0x00000000f0a00000  with remset 0 code roots 0 is marked 1 reclaim candidate 0 type array 1
[2024-12-07T18:48:47.413+0800][3.340s][debug][gc,humongous      ] GC(30) Live humongous region 268 object size 1048592 start 0x00000000f0c00000  with remset 0 code roots 0 is marked 1 reclaim candidate 0 type array 1
[2024-12-07T18:48:47.413+0800][3.340s][debug][gc,humongous      ] GC(30) Live humongous region 270 object size 1048592 start 0x00000000f0e00000  with remset 0 code roots 0 is marked 1 reclaim candidate 0 type array 1
[2024-12-07T18:48:47.413+0800][3.340s][debug][gc,humongous      ] GC(30) Live humongous region 272 object size 1048592 start 0x00000000f1000000  with remset 0 code roots 0 is marked 1 reclaim candidate 0 type array 1
[2024-12-07T18:48:47.413+0800][3.340s][debug][gc,humongous      ] GC(30) Live humongous region 274 object size 1048592 start 0x00000000f1200000  with remset 0 code roots 0 is marked 1 reclaim candidate 0 type array 1
[2024-12-07T18:48:47.413+0800][3.340s][debug][gc,humongous      ] GC(30) Live humongous region 276 object size 1048592 start 0x00000000f1400000  with remset 0 code roots 0 is marked 1 reclaim candidate 0 type array 1
[2024-12-07T18:48:47.413+0800][3.340s][debug][gc,humongous      ] GC(30) Live humongous region 278 object size 1048592 start 0x00000000f1600000  with remset 0 code roots 0 is marked 1 reclaim candidate 0 type array 1
[2024-12-07T18:48:47.413+0800][3.340s][debug][gc,humongous      ] GC(30) Live humongous region 280 object size 1048592 start 0x00000000f1800000  with remset 0 code roots 0 is marked 1 reclaim candidate 0 type array 1
[2024-12-07T18:48:47.413+0800][3.341s][debug][gc,humongous      ] GC(30) Live humongous region 282 object size 1048592 start 0x00000000f1a00000  with remset 0 code roots 0 is marked 1 reclaim candidate 0 type array 1
[2024-12-07T18:48:47.413+0800][3.341s][debug][gc,humongous      ] GC(30) Live humongous region 284 object size 1048592 start 0x00000000f1c00000  with remset 0 code roots 0 is marked 1 reclaim candidate 0 type array 1
[2024-12-07T18:48:47.413+0800][3.341s][debug][gc,humongous      ] GC(30) Live humongous region 286 object size 1048592 start 0x00000000f1e00000  with remset 0 code roots 0 is marked 1 reclaim candidate 0 type array 1
[2024-12-07T18:48:47.413+0800][3.341s][debug][gc,humongous      ] GC(30) Live humongous region 288 object size 1048592 start 0x00000000f2000000  with remset 0 code roots 0 is marked 1 reclaim candidate 0 type array 1
[2024-12-07T18:48:47.414+0800][3.341s][debug][gc,humongous      ] GC(30) Live humongous region 290 object size 1048592 start 0x00000000f2200000  with remset 0 code roots 0 is marked 1 reclaim candidate 0 type array 1
[2024-12-07T18:48:47.414+0800][3.341s][debug][gc,humongous      ] GC(30) Live humongous region 292 object size 1048592 start 0x00000000f2400000  with remset 0 code roots 0 is marked 1 reclaim candidate 0 type array 1
[2024-12-07T18:48:47.414+0800][3.341s][debug][gc,humongous      ] GC(30) Live humongous region 294 object size 1048592 start 0x00000000f2600000  with remset 0 code roots 0 is marked 1 reclaim candidate 0 type array 1
[2024-12-07T18:48:47.414+0800][3.341s][debug][gc,humongous      ] GC(30) Live humongous region 296 object size 1048592 start 0x00000000f2800000  with remset 0 code roots 0 is marked 1 reclaim candidate 0 type array 1
[2024-12-07T18:48:47.414+0800][3.341s][debug][gc,humongous      ] GC(30) Live humongous region 298 object size 1048592 start 0x00000000f2a00000  with remset 0 code roots 0 is marked 1 reclaim candidate 0 type array 1
[2024-12-07T18:48:47.414+0800][3.341s][debug][gc,humongous      ] GC(30) Live humongous region 300 object size 1048592 start 0x00000000f2c00000  with remset 0 code roots 0 is marked 1 reclaim candidate 0 type array 1
[2024-12-07T18:48:47.414+0800][3.341s][debug][gc,humongous      ] GC(30) Live humongous region 302 object size 1048592 start 0x00000000f2e00000  with remset 0 code roots 0 is marked 1 reclaim candidate 0 type array 1
[2024-12-07T18:48:47.414+0800][3.341s][debug][gc,humongous      ] GC(30) Live humongous region 304 object size 1048592 start 0x00000000f3000000  with remset 0 code roots 0 is marked 1 reclaim candidate 0 type array 1
[2024-12-07T18:48:47.414+0800][3.341s][debug][gc,humongous      ] GC(30) Live humongous region 306 object size 1048592 start 0x00000000f3200000  with remset 0 code roots 0 is marked 1 reclaim candidate 0 type array 1
[2024-12-07T18:48:47.414+0800][3.341s][debug][gc,humongous      ] GC(30) Live humongous region 308 object size 1048592 start 0x00000000f3400000  with remset 0 code roots 0 is marked 1 reclaim candidate 0 type array 1
[2024-12-07T18:48:47.414+0800][3.341s][debug][gc,humongous      ] GC(30) Live humongous region 310 object size 1048592 start 0x00000000f3600000  with remset 0 code roots 0 is marked 1 reclaim candidate 0 type array 1
[2024-12-07T18:48:47.414+0800][3.341s][debug][gc,humongous      ] GC(30) Live humongous region 312 object size 1048592 start 0x00000000f3800000  with remset 0 code roots 0 is marked 1 reclaim candidate 0 type array 1
[2024-12-07T18:48:47.414+0800][3.342s][debug][gc,humongous      ] GC(30) Live humongous region 314 object size 1048592 start 0x00000000f3a00000  with remset 0 code roots 0 is marked 1 reclaim candidate 0 type array 1
[2024-12-07T18:48:47.414+0800][3.342s][debug][gc,humongous      ] GC(30) Live humongous region 316 object size 1048592 start 0x00000000f3c00000  with remset 0 code roots 0 is marked 1 reclaim candidate 0 type array 1
[2024-12-07T18:48:47.414+0800][3.342s][debug][gc,humongous      ] GC(30) Live humongous region 318 object size 1048592 start 0x00000000f3e00000  with remset 0 code roots 0 is marked 1 reclaim candidate 0 type array 1
[2024-12-07T18:48:47.414+0800][3.342s][debug][gc,humongous      ] GC(30) Live humongous region 320 object size 1048592 start 0x00000000f4000000  with remset 0 code roots 0 is marked 1 reclaim candidate 0 type array 1
[2024-12-07T18:48:47.415+0800][3.342s][debug][gc,humongous      ] GC(30) Live humongous region 322 object size 1048592 start 0x00000000f4200000  with remset 0 code roots 0 is marked 1 reclaim candidate 0 type array 1
[2024-12-07T18:48:47.415+0800][3.342s][debug][gc,humongous      ] GC(30) Live humongous region 324 object size 1048592 start 0x00000000f4400000  with remset 0 code roots 0 is marked 1 reclaim candidate 0 type array 1
[2024-12-07T18:48:47.415+0800][3.342s][debug][gc,humongous      ] GC(30) Live humongous region 326 object size 1048592 start 0x00000000f4600000  with remset 0 code roots 0 is marked 1 reclaim candidate 0 type array 1
[2024-12-07T18:48:47.415+0800][3.342s][debug][gc,humongous      ] GC(30) Live humongous region 328 object size 1048592 start 0x00000000f4800000  with remset 0 code roots 0 is marked 1 reclaim candidate 0 type array 1
[2024-12-07T18:48:47.415+0800][3.342s][debug][gc,humongous      ] GC(30) Live humongous region 330 object size 1048592 start 0x00000000f4a00000  with remset 0 code roots 0 is marked 1 reclaim candidate 0 type array 1
[2024-12-07T18:48:47.415+0800][3.342s][debug][gc,humongous      ] GC(30) Live humongous region 332 object size 1048592 start 0x00000000f4c00000  with remset 0 code roots 0 is marked 1 reclaim candidate 0 type array 1
[2024-12-07T18:48:47.415+0800][3.342s][debug][gc,humongous      ] GC(30) Live humongous region 334 object size 1048592 start 0x00000000f4e00000  with remset 0 code roots 0 is marked 1 reclaim candidate 0 type array 1
[2024-12-07T18:48:47.415+0800][3.342s][debug][gc,humongous      ] GC(30) Live humongous region 336 object size 1048592 start 0x00000000f5000000  with remset 0 code roots 0 is marked 1 reclaim candidate 0 type array 1
[2024-12-07T18:48:47.415+0800][3.342s][debug][gc,humongous      ] GC(30) Live humongous region 338 object size 1048592 start 0x00000000f5200000  with remset 0 code roots 0 is marked 1 reclaim candidate 0 type array 1
[2024-12-07T18:48:47.415+0800][3.342s][debug][gc,humongous      ] GC(30) Live humongous region 340 object size 1048592 start 0x00000000f5400000  with remset 0 code roots 0 is marked 1 reclaim candidate 0 type array 1
[2024-12-07T18:48:47.415+0800][3.342s][debug][gc,humongous      ] GC(30) Live humongous region 342 object size 1048592 start 0x00000000f5600000  with remset 0 code roots 0 is marked 1 reclaim candidate 0 type array 1
[2024-12-07T18:48:47.415+0800][3.342s][debug][gc,humongous      ] GC(30) Live humongous region 344 object size 1048592 start 0x00000000f5800000  with remset 0 code roots 0 is marked 1 reclaim candidate 0 type array 1
[2024-12-07T18:48:47.415+0800][3.343s][debug][gc,humongous      ] GC(30) Live humongous region 346 object size 1048592 start 0x00000000f5a00000  with remset 0 code roots 0 is marked 1 reclaim candidate 0 type array 1
[2024-12-07T18:48:47.415+0800][3.343s][debug][gc,humongous      ] GC(30) Live humongous region 348 object size 1048592 start 0x00000000f5c00000  with remset 0 code roots 0 is marked 1 reclaim candidate 0 type array 1
[2024-12-07T18:48:47.415+0800][3.343s][debug][gc,humongous      ] GC(30) Live humongous region 350 object size 1048592 start 0x00000000f5e00000  with remset 0 code roots 0 is marked 1 reclaim candidate 0 type array 1
[2024-12-07T18:48:47.415+0800][3.343s][debug][gc,humongous      ] GC(30) Live humongous region 352 object size 1048592 start 0x00000000f6000000  with remset 0 code roots 0 is marked 1 reclaim candidate 0 type array 1
[2024-12-07T18:48:47.416+0800][3.343s][debug][gc,humongous      ] GC(30) Live humongous region 354 object size 1048592 start 0x00000000f6200000  with remset 0 code roots 0 is marked 1 reclaim candidate 0 type array 1
[2024-12-07T18:48:47.416+0800][3.343s][debug][gc,humongous      ] GC(30) Live humongous region 356 object size 1048592 start 0x00000000f6400000  with remset 0 code roots 0 is marked 1 reclaim candidate 0 type array 1
[2024-12-07T18:48:47.416+0800][3.343s][debug][gc,humongous      ] GC(30) Live humongous region 358 object size 1048592 start 0x00000000f6600000  with remset 0 code roots 0 is marked 1 reclaim candidate 0 type array 1
[2024-12-07T18:48:47.416+0800][3.343s][debug][gc,humongous      ] GC(30) Live humongous region 360 object size 1048592 start 0x00000000f6800000  with remset 0 code roots 0 is marked 1 reclaim candidate 0 type array 1
[2024-12-07T18:48:47.416+0800][3.343s][debug][gc,humongous      ] GC(30) Live humongous region 362 object size 1048592 start 0x00000000f6a00000  with remset 0 code roots 0 is marked 1 reclaim candidate 0 type array 1
[2024-12-07T18:48:47.416+0800][3.343s][debug][gc,humongous      ] GC(30) Live humongous region 364 object size 1048592 start 0x00000000f6c00000  with remset 0 code roots 0 is marked 1 reclaim candidate 0 type array 1
[2024-12-07T18:48:47.416+0800][3.343s][debug][gc,humongous      ] GC(30) Live humongous region 366 object size 1048592 start 0x00000000f6e00000  with remset 0 code roots 0 is marked 1 reclaim candidate 0 type array 1
[2024-12-07T18:48:47.416+0800][3.343s][debug][gc,humongous      ] GC(30) Live humongous region 368 object size 1048592 start 0x00000000f7000000  with remset 0 code roots 0 is marked 1 reclaim candidate 0 type array 1
[2024-12-07T18:48:47.416+0800][3.343s][debug][gc,humongous      ] GC(30) Live humongous region 370 object size 1048592 start 0x00000000f7200000  with remset 0 code roots 0 is marked 1 reclaim candidate 0 type array 1
[2024-12-07T18:48:47.416+0800][3.343s][debug][gc,humongous      ] GC(30) Live humongous region 372 object size 1048592 start 0x00000000f7400000  with remset 0 code roots 0 is marked 1 reclaim candidate 0 type array 1
[2024-12-07T18:48:47.416+0800][3.343s][debug][gc,humongous      ] GC(30) Live humongous region 374 object size 1048592 start 0x00000000f7600000  with remset 0 code roots 0 is marked 1 reclaim candidate 0 type array 1
[2024-12-07T18:48:47.416+0800][3.343s][debug][gc,humongous      ] GC(30) Live humongous region 376 object size 1048592 start 0x00000000f7800000  with remset 0 code roots 0 is marked 1 reclaim candidate 0 type array 1
[2024-12-07T18:48:47.416+0800][3.344s][debug][gc,humongous      ] GC(30) Live humongous region 378 object size 1048592 start 0x00000000f7a00000  with remset 0 code roots 0 is marked 1 reclaim candidate 0 type array 1
[2024-12-07T18:48:47.416+0800][3.344s][debug][gc,humongous      ] GC(30) Live humongous region 380 object size 1048592 start 0x00000000f7c00000  with remset 0 code roots 0 is marked 1 reclaim candidate 0 type array 1
[2024-12-07T18:48:47.416+0800][3.344s][debug][gc,humongous      ] GC(30) Live humongous region 382 object size 1048592 start 0x00000000f7e00000  with remset 0 code roots 0 is marked 1 reclaim candidate 0 type array 1
[2024-12-07T18:48:47.417+0800][3.344s][debug][gc,humongous      ] GC(30) Live humongous region 384 object size 1048592 start 0x00000000f8000000  with remset 0 code roots 0 is marked 1 reclaim candidate 0 type array 1
[2024-12-07T18:48:47.417+0800][3.344s][debug][gc,humongous      ] GC(30) Live humongous region 386 object size 1048592 start 0x00000000f8200000  with remset 0 code roots 0 is marked 1 reclaim candidate 0 type array 1
[2024-12-07T18:48:47.417+0800][3.344s][debug][gc,humongous      ] GC(30) Live humongous region 388 object size 1048592 start 0x00000000f8400000  with remset 0 code roots 0 is marked 1 reclaim candidate 0 type array 1
[2024-12-07T18:48:47.417+0800][3.344s][debug][gc,humongous      ] GC(30) Live humongous region 390 object size 1048592 start 0x00000000f8600000  with remset 0 code roots 0 is marked 1 reclaim candidate 0 type array 1
[2024-12-07T18:48:47.417+0800][3.344s][debug][gc,humongous      ] GC(30) Live humongous region 392 object size 1048592 start 0x00000000f8800000  with remset 0 code roots 0 is marked 1 reclaim candidate 0 type array 1
[2024-12-07T18:48:47.417+0800][3.344s][debug][gc,humongous      ] GC(30) Live humongous region 394 object size 1048592 start 0x00000000f8a00000  with remset 0 code roots 0 is marked 1 reclaim candidate 0 type array 1
[2024-12-07T18:48:47.417+0800][3.344s][debug][gc,humongous      ] GC(30) Live humongous region 396 object size 1048592 start 0x00000000f8c00000  with remset 0 code roots 0 is marked 1 reclaim candidate 0 type array 1
[2024-12-07T18:48:47.417+0800][3.344s][debug][gc,humongous      ] GC(30) Live humongous region 398 object size 1048592 start 0x00000000f8e00000  with remset 0 code roots 0 is marked 1 reclaim candidate 0 type array 1
[2024-12-07T18:48:47.417+0800][3.344s][debug][gc,humongous      ] GC(30) Live humongous region 400 object size 1048592 start 0x00000000f9000000  with remset 0 code roots 0 is marked 1 reclaim candidate 0 type array 1
[2024-12-07T18:48:47.417+0800][3.344s][debug][gc,humongous      ] GC(30) Live humongous region 402 object size 1048592 start 0x00000000f9200000  with remset 0 code roots 0 is marked 1 reclaim candidate 0 type array 1
[2024-12-07T18:48:47.417+0800][3.344s][debug][gc,humongous      ] GC(30) Live humongous region 404 object size 1048592 start 0x00000000f9400000  with remset 0 code roots 0 is marked 1 reclaim candidate 0 type array 1
[2024-12-07T18:48:47.417+0800][3.345s][debug][gc,humongous      ] GC(30) Live humongous region 406 object size 1048592 start 0x00000000f9600000  with remset 0 code roots 0 is marked 1 reclaim candidate 0 type array 1
[2024-12-07T18:48:47.417+0800][3.345s][debug][gc,humongous      ] GC(30) Live humongous region 408 object size 1048592 start 0x00000000f9800000  with remset 0 code roots 0 is marked 1 reclaim candidate 0 type array 1
[2024-12-07T18:48:47.417+0800][3.345s][debug][gc,humongous      ] GC(30) Live humongous region 410 object size 1048592 start 0x00000000f9a00000  with remset 0 code roots 0 is marked 1 reclaim candidate 0 type array 1
[2024-12-07T18:48:47.417+0800][3.345s][debug][gc,humongous      ] GC(30) Live humongous region 412 object size 1048592 start 0x00000000f9c00000  with remset 0 code roots 0 is marked 1 reclaim candidate 0 type array 1
[2024-12-07T18:48:47.418+0800][3.345s][debug][gc,humongous      ] GC(30) Live humongous region 414 object size 1048592 start 0x00000000f9e00000  with remset 0 code roots 0 is marked 1 reclaim candidate 0 type array 1
[2024-12-07T18:48:47.418+0800][3.345s][debug][gc,humongous      ] GC(30) Live humongous region 416 object size 1048592 start 0x00000000fa000000  with remset 0 code roots 0 is marked 1 reclaim candidate 0 type array 1
[2024-12-07T18:48:47.418+0800][3.345s][debug][gc,humongous      ] GC(30) Live humongous region 418 object size 1048592 start 0x00000000fa200000  with remset 0 code roots 0 is marked 1 reclaim candidate 0 type array 1
[2024-12-07T18:48:47.418+0800][3.345s][debug][gc,humongous      ] GC(30) Live humongous region 420 object size 1048592 start 0x00000000fa400000  with remset 0 code roots 0 is marked 1 reclaim candidate 0 type array 1
[2024-12-07T18:48:47.418+0800][3.345s][debug][gc,humongous      ] GC(30) Live humongous region 422 object size 1048592 start 0x00000000fa600000  with remset 0 code roots 0 is marked 1 reclaim candidate 0 type array 1
[2024-12-07T18:48:47.418+0800][3.345s][debug][gc,humongous      ] GC(30) Live humongous region 424 object size 1048592 start 0x00000000fa800000  with remset 0 code roots 0 is marked 1 reclaim candidate 0 type array 1
[2024-12-07T18:48:47.418+0800][3.345s][debug][gc,humongous      ] GC(30) Live humongous region 426 object size 1048592 start 0x00000000faa00000  with remset 0 code roots 0 is marked 1 reclaim candidate 0 type array 1
[2024-12-07T18:48:47.418+0800][3.345s][debug][gc,humongous      ] GC(30) Live humongous region 428 object size 1048592 start 0x00000000fac00000  with remset 0 code roots 0 is marked 1 reclaim candidate 0 type array 1
[2024-12-07T18:48:47.418+0800][3.345s][debug][gc,humongous      ] GC(30) Live humongous region 430 object size 1048592 start 0x00000000fae00000  with remset 0 code roots 0 is marked 1 reclaim candidate 0 type array 1
[2024-12-07T18:48:47.418+0800][3.345s][debug][gc,humongous      ] GC(30) Live humongous region 432 object size 1048592 start 0x00000000fb000000  with remset 0 code roots 0 is marked 1 reclaim candidate 0 type array 1
[2024-12-07T18:48:47.418+0800][3.345s][debug][gc,humongous      ] GC(30) Live humongous region 434 object size 1048592 start 0x00000000fb200000  with remset 0 code roots 0 is marked 1 reclaim candidate 0 type array 1
[2024-12-07T18:48:47.418+0800][3.345s][debug][gc,humongous      ] GC(30) Live humongous region 436 object size 1048592 start 0x00000000fb400000  with remset 0 code roots 0 is marked 1 reclaim candidate 0 type array 1
[2024-12-07T18:48:47.418+0800][3.346s][debug][gc,humongous      ] GC(30) Live humongous region 438 object size 1048592 start 0x00000000fb600000  with remset 0 code roots 0 is marked 1 reclaim candidate 0 type array 1
[2024-12-07T18:48:47.418+0800][3.346s][debug][gc,humongous      ] GC(30) Live humongous region 440 object size 1048592 start 0x00000000fb800000  with remset 0 code roots 0 is marked 1 reclaim candidate 0 type array 1
[2024-12-07T18:48:47.418+0800][3.346s][debug][gc,humongous      ] GC(30) Live humongous region 442 object size 1048592 start 0x00000000fba00000  with remset 0 code roots 0 is marked 1 reclaim candidate 0 type array 1
[2024-12-07T18:48:47.418+0800][3.346s][debug][gc,humongous      ] GC(30) Live humongous region 444 object size 1048592 start 0x00000000fbc00000  with remset 0 code roots 0 is marked 1 reclaim candidate 0 type array 1
[2024-12-07T18:48:47.419+0800][3.346s][debug][gc,humongous      ] GC(30) Live humongous region 446 object size 1048592 start 0x00000000fbe00000  with remset 0 code roots 0 is marked 1 reclaim candidate 0 type array 1
[2024-12-07T18:48:47.419+0800][3.346s][debug][gc,humongous      ] GC(30) Live humongous region 448 object size 1048592 start 0x00000000fc000000  with remset 0 code roots 0 is marked 1 reclaim candidate 0 type array 1
[2024-12-07T18:48:47.419+0800][3.346s][debug][gc,humongous      ] GC(30) Live humongous region 450 object size 1048592 start 0x00000000fc200000  with remset 0 code roots 0 is marked 1 reclaim candidate 0 type array 1
[2024-12-07T18:48:47.419+0800][3.346s][debug][gc,humongous      ] GC(30) Live humongous region 452 object size 1048592 start 0x00000000fc400000  with remset 0 code roots 0 is marked 1 reclaim candidate 0 type array 1
[2024-12-07T18:48:47.419+0800][3.346s][debug][gc,humongous      ] GC(30) Live humongous region 454 object size 1048592 start 0x00000000fc600000  with remset 0 code roots 0 is marked 1 reclaim candidate 0 type array 1
[2024-12-07T18:48:47.419+0800][3.346s][debug][gc,humongous      ] GC(30) Live humongous region 456 object size 1048592 start 0x00000000fc800000  with remset 0 code roots 0 is marked 1 reclaim candidate 0 type array 1
[2024-12-07T18:48:47.419+0800][3.346s][debug][gc,humongous      ] GC(30) Live humongous region 458 object size 1048592 start 0x00000000fca00000  with remset 0 code roots 0 is marked 1 reclaim candidate 0 type array 1
[2024-12-07T18:48:47.419+0800][3.346s][debug][gc,humongous      ] GC(30) Live humongous region 460 object size 1048592 start 0x00000000fcc00000  with remset 0 code roots 0 is marked 1 reclaim candidate 0 type array 1
[2024-12-07T18:48:47.419+0800][3.347s][debug][gc,humongous      ] GC(30) Live humongous region 462 object size 1048592 start 0x00000000fce00000  with remset 0 code roots 0 is marked 1 reclaim candidate 0 type array 1
[2024-12-07T18:48:47.419+0800][3.347s][debug][gc,humongous      ] GC(30) Live humongous region 464 object size 1048592 start 0x00000000fd000000  with remset 0 code roots 0 is marked 1 reclaim candidate 0 type array 1
[2024-12-07T18:48:47.419+0800][3.347s][debug][gc,humongous      ] GC(30) Live humongous region 466 object size 1048592 start 0x00000000fd200000  with remset 0 code roots 0 is marked 1 reclaim candidate 0 type array 1
[2024-12-07T18:48:47.420+0800][3.347s][debug][gc,humongous      ] GC(30) Live humongous region 468 object size 1048592 start 0x00000000fd400000  with remset 0 code roots 0 is marked 1 reclaim candidate 0 type array 1
[2024-12-07T18:48:47.420+0800][3.347s][debug][gc,humongous      ] GC(30) Live humongous region 470 object size 1048592 start 0x00000000fd600000  with remset 0 code roots 0 is marked 1 reclaim candidate 0 type array 1
[2024-12-07T18:48:47.420+0800][3.347s][debug][gc,humongous      ] GC(30) Live humongous region 472 object size 1048592 start 0x00000000fd800000  with remset 0 code roots 0 is marked 1 reclaim candidate 0 type array 1
[2024-12-07T18:48:47.420+0800][3.347s][debug][gc,humongous      ] GC(30) Live humongous region 474 object size 1048592 start 0x00000000fda00000  with remset 0 code roots 0 is marked 1 reclaim candidate 0 type array 1
[2024-12-07T18:48:47.420+0800][3.347s][debug][gc,humongous      ] GC(30) Live humongous region 476 object size 1048592 start 0x00000000fdc00000  with remset 0 code roots 0 is marked 1 reclaim candidate 0 type array 1
[2024-12-07T18:48:47.420+0800][3.347s][debug][gc,humongous      ] GC(30) Live humongous region 478 object size 1048592 start 0x00000000fde00000  with remset 0 code roots 0 is marked 1 reclaim candidate 0 type array 1
[2024-12-07T18:48:47.420+0800][3.347s][debug][gc,humongous      ] GC(30) Live humongous region 480 object size 1048592 start 0x00000000fe000000  with remset 0 code roots 0 is marked 1 reclaim candidate 0 type array 1
[2024-12-07T18:48:47.420+0800][3.347s][debug][gc,humongous      ] GC(30) Live humongous region 482 object size 1048592 start 0x00000000fe200000  with remset 0 code roots 0 is marked 1 reclaim candidate 0 type array 1
[2024-12-07T18:48:47.420+0800][3.347s][debug][gc,humongous      ] GC(30) Live humongous region 484 object size 1048592 start 0x00000000fe400000  with remset 0 code roots 0 is marked 1 reclaim candidate 0 type array 1
[2024-12-07T18:48:47.420+0800][3.347s][debug][gc,humongous      ] GC(30) Live humongous region 486 object size 1048592 start 0x00000000fe600000  with remset 0 code roots 0 is marked 1 reclaim candidate 0 type array 1
[2024-12-07T18:48:47.420+0800][3.347s][debug][gc,humongous      ] GC(30) Live humongous region 488 object size 1048592 start 0x00000000fe800000  with remset 0 code roots 0 is marked 1 reclaim candidate 0 type array 1
[2024-12-07T18:48:47.420+0800][3.348s][debug][gc,humongous      ] GC(30) Live humongous region 490 object size 1048592 start 0x00000000fea00000  with remset 0 code roots 0 is marked 1 reclaim candidate 0 type array 1
[2024-12-07T18:48:47.420+0800][3.348s][debug][gc,humongous      ] GC(30) Live humongous region 492 object size 1048592 start 0x00000000fec00000  with remset 0 code roots 0 is marked 1 reclaim candidate 0 type array 1
[2024-12-07T18:48:47.420+0800][3.348s][debug][gc,humongous      ] GC(30) Live humongous region 494 object size 1048592 start 0x00000000fee00000  with remset 0 code roots 0 is marked 1 reclaim candidate 0 type array 1
[2024-12-07T18:48:47.421+0800][3.348s][debug][gc,humongous      ] GC(30) Live humongous region 496 object size 1048592 start 0x00000000ff000000  with remset 0 code roots 0 is marked 1 reclaim candidate 0 type array 1
[2024-12-07T18:48:47.421+0800][3.348s][debug][gc,humongous      ] GC(30) Live humongous region 498 object size 1048592 start 0x00000000ff200000  with remset 0 code roots 0 is marked 1 reclaim candidate 0 type array 1
[2024-12-07T18:48:47.421+0800][3.348s][debug][gc,humongous      ] GC(30) Live humongous region 501 object size 1048592 start 0x00000000ff500000  with remset 0 code roots 0 is marked 0 reclaim candidate 0 type array 1
[2024-12-07T18:48:47.421+0800][3.348s][debug][gc,humongous      ] GC(30) Live humongous region 503 object size 1048592 start 0x00000000ff700000  with remset 0 code roots 0 is marked 0 reclaim candidate 0 type array 1
[2024-12-07T18:48:47.421+0800][3.348s][debug][gc,humongous      ] GC(30) Live humongous region 505 object size 1048592 start 0x00000000ff900000  with remset 0 code roots 0 is marked 0 reclaim candidate 0 type array 1
[2024-12-07T18:48:47.421+0800][3.348s][debug][gc,plab           ] GC(30) Young PLAB allocation: allocated: 0B, wasted: 0B, unused: 0B, used: 0B, undo waste: 0B, 
[2024-12-07T18:48:47.421+0800][3.348s][debug][gc,plab           ] GC(30) Young other allocation: region end waste: 0B, regions filled: 1, direct allocated: 1480B, failure used: 0B, failure wasted: 0B
[2024-12-07T18:48:47.421+0800][3.348s][debug][gc,plab           ] GC(30) Young sizing: calculated: 0B, actual: 18544B
[2024-12-07T18:48:47.421+0800][3.348s][debug][gc,plab           ] GC(30) Old PLAB allocation: allocated: 377712B, wasted: 5984B, unused: 14000B, used: 357728B, undo waste: 0B, 
[2024-12-07T18:48:47.421+0800][3.348s][debug][gc,plab           ] GC(30) Old other allocation: region end waste: 0B, regions filled: 1, direct allocated: 79520B, failure used: 0B, failure wasted: 0B
[2024-12-07T18:48:47.421+0800][3.348s][debug][gc,plab           ] GC(30) Old sizing: calculated: 71544B, actual: 53656B
[2024-12-07T18:48:47.421+0800][3.349s][debug][gc,alloc,stats    ] Old generation allocation in the last mutator period, old gen allocated: 377712B, humongous allocated: 6291456B,old gen growth: 6669168B.
[2024-12-07T18:48:47.421+0800][3.349s][debug][gc,ihop           ] GC(30) Basic information (value update), threshold: 241120051B (45.00), target occupancy: 535822336B, current occupancy: 531775944B, recent allocation size: 6669168B, recent allocation duration: 7.13ms, recent old gen allocation rate: 935649713.02B/s, recent marking phase length: 0.00ms
[2024-12-07T18:48:47.421+0800][3.349s][debug][gc,ihop           ] GC(30) Adaptive IHOP information (value update), threshold: 241120051B (52.84), internal target occupancy: 456340275B, occupancy: 531775944B, additional buffer size: 26214400B, predicted old gen allocation rate: 312954515.43B/s, predicted marking phase length: 0.00ms, prediction active: false
[2024-12-07T18:48:47.422+0800][3.349s][debug][gc,ergo,refine    ] GC(30) Updated Refinement Zones: green: 18, yellow: 54, red: 90
[2024-12-07T18:48:47.422+0800][3.349s][info ][gc,phases         ] GC(30)   Pre Evacuate Collection Set: 0.1ms
[2024-12-07T18:48:47.422+0800][3.349s][debug][gc,phases         ] GC(30)     Prepare TLABs: 0.0ms
[2024-12-07T18:48:47.422+0800][3.350s][debug][gc,phases         ] GC(30)     Choose Collection Set: 0.1ms
[2024-12-07T18:48:47.423+0800][3.350s][debug][gc,phases         ] GC(30)     Humongous Register: 0.0ms
[2024-12-07T18:48:47.423+0800][3.350s][info ][gc,phases         ] GC(30)   Evacuate Collection Set: 8.0ms
[2024-12-07T18:48:47.423+0800][3.350s][debug][gc,phases         ] GC(30)     Ext Root Scanning (ms):   Min:  0.0, Avg:  0.0, Max:  0.0, Diff:  0.0, Sum:  0.1, Workers: 12
[2024-12-07T18:48:47.423+0800][3.350s][debug][gc,phases         ] GC(30)     Update RS (ms):           Min:  0.0, Avg:  0.2, Max:  0.6, Diff:  0.6, Sum:  2.1, Workers: 12
[2024-12-07T18:48:47.423+0800][3.351s][debug][gc,phases         ] GC(30)       Processed Buffers:        Min: 0, Avg:  0.4, Max: 1, Diff: 1, Sum: 5, Workers: 12
[2024-12-07T18:48:47.424+0800][3.351s][debug][gc,phases         ] GC(30)       Scanned Cards:            Min: 0, Avg: 18.5, Max: 76, Diff: 76, Sum: 222, Workers: 12
[2024-12-07T18:48:47.424+0800][3.351s][debug][gc,phases         ] GC(30)       Skipped Cards:            Min: 0, Avg:  9.8, Max: 69, Diff: 69, Sum: 118, Workers: 12
[2024-12-07T18:48:47.424+0800][3.351s][debug][gc,phases         ] GC(30)     Scan RS (ms):             Min:  0.0, Avg:  0.0, Max:  0.1, Diff:  0.1, Sum:  0.1, Workers: 12
[2024-12-07T18:48:47.424+0800][3.351s][debug][gc,phases         ] GC(30)       Scanned Cards:            Min: 0, Avg:  0.8, Max: 9, Diff: 9, Sum: 10, Workers: 12
[2024-12-07T18:48:47.424+0800][3.351s][debug][gc,phases         ] GC(30)       Claimed Cards:            Min: 0, Avg:  5.8, Max: 64, Diff: 64, Sum: 70, Workers: 12
[2024-12-07T18:48:47.424+0800][3.351s][debug][gc,phases         ] GC(30)       Skipped Cards:            Min: 0, Avg:  5.8, Max: 64, Diff: 64, Sum: 70, Workers: 12
[2024-12-07T18:48:47.424+0800][3.351s][debug][gc,phases         ] GC(30)     Code Root Scanning (ms):  Min:  0.0, Avg:  0.0, Max:  0.0, Diff:  0.0, Sum:  0.0, Workers: 12
[2024-12-07T18:48:47.424+0800][3.351s][debug][gc,phases         ] GC(30)     AOT Root Scanning (ms):   skipped
[2024-12-07T18:48:47.424+0800][3.352s][debug][gc,phases         ] GC(30)     Object Copy (ms):         Min:  0.0, Avg:  0.6, Max:  6.2, Diff:  6.2, Sum:  7.6, Workers: 12
[2024-12-07T18:48:47.424+0800][3.352s][debug][gc,phases         ] GC(30)     Termination (ms):         Min:  0.0, Avg:  5.5, Max:  6.1, Diff:  6.1, Sum: 66.1, Workers: 12
[2024-12-07T18:48:47.424+0800][3.352s][debug][gc,phases         ] GC(30)       Termination Attempts:     Min: 1, Avg: 27.8, Max: 59, Diff: 58, Sum: 334, Workers: 12
[2024-12-07T18:48:47.425+0800][3.352s][debug][gc,phases         ] GC(30)     GC Worker Other (ms):     Min:  0.2, Avg:  0.7, Max:  1.2, Diff:  1.0, Sum:  8.7, Workers: 12
[2024-12-07T18:48:47.425+0800][3.352s][debug][gc,phases         ] GC(30)     GC Worker Total (ms):     Min:  6.6, Avg:  7.1, Max:  7.5, Diff:  1.0, Sum: 84.7, Workers: 12
[2024-12-07T18:48:47.425+0800][3.352s][info ][gc,phases         ] GC(30)   Post Evacuate Collection Set: 17.7ms
[2024-12-07T18:48:47.425+0800][3.352s][debug][gc,phases         ] GC(30)     Code Roots Fixup: 0.0ms
[2024-12-07T18:48:47.425+0800][3.352s][debug][gc,phases         ] GC(30)     Clear Card Table: 0.1ms
[2024-12-07T18:48:47.425+0800][3.352s][debug][gc,phases         ] GC(30)     Reference Processing: 0.3ms
[2024-12-07T18:48:47.425+0800][3.352s][debug][gc,phases,ref     ] GC(30)       Reconsider SoftReferences: 0.1ms
[2024-12-07T18:48:47.425+0800][3.352s][debug][gc,phases,ref     ] GC(30)         SoftRef (ms):             skipped
[2024-12-07T18:48:47.425+0800][3.352s][debug][gc,phases,ref     ] GC(30)       Notify Soft/WeakReferences: 0.1ms
[2024-12-07T18:48:47.425+0800][3.353s][debug][gc,phases,ref     ] GC(30)         SoftRef (ms):             skipped
[2024-12-07T18:48:47.425+0800][3.353s][debug][gc,phases,ref     ] GC(30)         WeakRef (ms):             skipped
[2024-12-07T18:48:47.426+0800][3.353s][debug][gc,phases,ref     ] GC(30)         FinalRef (ms):            skipped
[2024-12-07T18:48:47.426+0800][3.353s][debug][gc,phases,ref     ] GC(30)         Total (ms):               skipped
[2024-12-07T18:48:47.426+0800][3.353s][debug][gc,phases,ref     ] GC(30)       Notify and keep alive finalizable: 0.1ms
[2024-12-07T18:48:47.426+0800][3.353s][debug][gc,phases,ref     ] GC(30)         FinalRef (ms):            skipped
[2024-12-07T18:48:47.426+0800][3.353s][debug][gc,phases,ref     ] GC(30)       Notify PhantomReferences: 0.1ms
[2024-12-07T18:48:47.426+0800][3.353s][debug][gc,phases,ref     ] GC(30)         PhantomRef (ms):          skipped
[2024-12-07T18:48:47.426+0800][3.353s][debug][gc,phases,ref     ] GC(30)       SoftReference:
[2024-12-07T18:48:47.426+0800][3.353s][debug][gc,phases,ref     ] GC(30)         Discovered: 0
[2024-12-07T18:48:47.426+0800][3.354s][debug][gc,phases,ref     ] GC(30)         Cleared: 0
[2024-12-07T18:48:47.426+0800][3.354s][debug][gc,phases,ref     ] GC(30)       WeakReference:
[2024-12-07T18:48:47.426+0800][3.354s][debug][gc,phases,ref     ] GC(30)         Discovered: 0
[2024-12-07T18:48:47.427+0800][3.354s][debug][gc,phases,ref     ] GC(30)         Cleared: 0
[2024-12-07T18:48:47.427+0800][3.354s][debug][gc,phases,ref     ] GC(30)       FinalReference:
[2024-12-07T18:48:47.427+0800][3.354s][debug][gc,phases,ref     ] GC(30)         Discovered: 0
[2024-12-07T18:48:47.427+0800][3.354s][debug][gc,phases,ref     ] GC(30)         Cleared: 0
[2024-12-07T18:48:47.427+0800][3.354s][debug][gc,phases,ref     ] GC(30)       PhantomReference:
[2024-12-07T18:48:47.427+0800][3.354s][debug][gc,phases,ref     ] GC(30)         Discovered: 0
[2024-12-07T18:48:47.427+0800][3.354s][debug][gc,phases,ref     ] GC(30)         Cleared: 0
[2024-12-07T18:48:47.427+0800][3.354s][debug][gc,phases         ] GC(30)     Weak Processing: 0.0ms
[2024-12-07T18:48:47.427+0800][3.354s][debug][gc,phases         ] GC(30)     Merge Per-Thread State: 0.0ms
[2024-12-07T18:48:47.427+0800][3.355s][debug][gc,phases         ] GC(30)     Code Roots Purge: 0.0ms
[2024-12-07T18:48:47.427+0800][3.355s][debug][gc,phases         ] GC(30)     Redirty Cards: 0.1ms
[2024-12-07T18:48:47.428+0800][3.355s][debug][gc,phases         ] GC(30)     DerivedPointerTable Update: 0.0ms
[2024-12-07T18:48:47.428+0800][3.355s][debug][gc,phases         ] GC(30)     Free Collection Set: 0.1ms
[2024-12-07T18:48:47.428+0800][3.355s][debug][gc,phases         ] GC(30)     Humongous Reclaim: 17.2ms
[2024-12-07T18:48:47.428+0800][3.355s][debug][gc,phases         ] GC(30)     Start New Collection Set: 0.0ms
[2024-12-07T18:48:47.428+0800][3.355s][debug][gc,phases         ] GC(30)     Resize TLABs: 0.0ms
[2024-12-07T18:48:47.428+0800][3.355s][debug][gc,phases         ] GC(30)     Expand Heap After Collection: 0.0ms
[2024-12-07T18:48:47.428+0800][3.355s][info ][gc,phases         ] GC(30)   Other: 1.6ms
[2024-12-07T18:48:47.428+0800][3.355s][info ][gc,heap           ] GC(30) Eden regions: 0->0(24)
[2024-12-07T18:48:47.428+0800][3.355s][info ][gc,heap           ] GC(30) Survivor regions: 1->1(4)
[2024-12-07T18:48:47.428+0800][3.356s][info ][gc,heap           ] GC(30) Old regions: 2->3
[2024-12-07T18:48:47.428+0800][3.356s][info ][gc,heap           ] GC(30) Humongous regions: 506->506
[2024-12-07T18:48:47.429+0800][3.356s][info ][gc,metaspace      ] GC(30) Metaspace: 554K(4864K)->554K(4864K) NonClass: 507K(4352K)->507K(4352K) Class: 46K(512K)->46K(512K)
[2024-12-07T18:48:47.429+0800][3.356s][debug][gc,heap           ] GC(30) Heap after GC invocations=30 (full 0): garbage-first heap   total 523264K, used 519312K [0x00000000e0000000, 0x0000000100000000)
[2024-12-07T18:48:47.429+0800][3.356s][debug][gc,heap           ] GC(30)   region size 1024K, 1 young (1024K), 1 survivors (1024K)
[2024-12-07T18:48:47.429+0800][3.356s][debug][gc,heap           ] GC(30)  Metaspace       used 554K, capacity 4570K, committed 4864K, reserved 1056768K
[2024-12-07T18:48:47.429+0800][3.356s][debug][gc,heap           ] GC(30)   class space    used 46K, capacity 419K, committed 512K, reserved 1048576K
[2024-12-07T18:48:47.429+0800][3.356s][info ][gc                ] GC(30) Pause Young (Normal) (G1 Humongous Allocation) 507M->507M(511M) 34.129ms
[2024-12-07T18:48:47.429+0800][3.356s][info ][gc,cpu            ] GC(30) User=0.07s Sys=0.00s Real=0.03s
[2024-12-07T18:48:47.429+0800][3.356s][debug][gc,ergo,heap      ] Attempt heap expansion (allocation request failed). Allocation request: 1048592B
[2024-12-07T18:48:47.429+0800][3.356s][debug][gc,ergo,heap      ] Expand the heap. requested expansion amount: 1048592B expansion amount: 2097152B
[2024-12-07T18:48:47.429+0800][3.357s][debug][gc,ihop           ] Target occupancy update: old: 535822336B, new: 536870912B
[2024-12-07T18:48:47.429+0800][3.357s][debug][gc,task           ] GC(31) Requesting 12 active workers for full compaction (waste limited workers: 18, adaptive workers: 12)
[2024-12-07T18:48:47.430+0800][3.357s][info ][gc,task           ] GC(31) Using 12 workers of 18 for full compaction
[2024-12-07T18:48:47.430+0800][3.357s][info ][gc,start          ] GC(31) Pause Full (G1 Humongous Allocation)
[2024-12-07T18:48:47.430+0800][3.357s][debug][gc,heap           ] GC(31) Heap before GC invocations=30 (full 0): garbage-first heap   total 524288K, used 519312K [0x00000000e0000000, 0x0000000100000000)
[2024-12-07T18:48:47.430+0800][3.357s][debug][gc,heap           ] GC(31)   region size 1024K, 1 young (1024K), 1 survivors (1024K)
[2024-12-07T18:48:47.430+0800][3.357s][debug][gc,heap           ] GC(31)  Metaspace       used 554K, capacity 4570K, committed 4864K, reserved 1056768K
[2024-12-07T18:48:47.430+0800][3.357s][debug][gc,heap           ] GC(31)   class space    used 46K, capacity 419K, committed 512K, reserved 1048576K
[2024-12-07T18:48:47.430+0800][3.358s][debug][gc,start          ] GC(31) Clear Next Bitmap
[2024-12-07T18:48:47.430+0800][3.358s][debug][gc,ergo           ] GC(31) Running G1 Clear Bitmap with 8 workers for 8 work units.
[2024-12-07T18:48:47.431+0800][3.358s][debug][gc                ] GC(31) Clear Next Bitmap 0.345ms
[2024-12-07T18:48:47.431+0800][3.358s][debug][gc,alloc,region   ] GC(31) Mutator Allocation stats, regions: 0, wasted size: 0B ( 0.0%)
[2024-12-07T18:48:47.431+0800][3.358s][info ][gc,phases,start   ] GC(31) Phase 1: Mark live objects
[2024-12-07T18:48:47.431+0800][3.358s][debug][gc,phases,start   ] GC(31) Phase 1: Reference Processing
[2024-12-07T18:48:47.431+0800][3.359s][debug][gc,ref            ] GC(31) Skipped phase1 of Reference Processing due to unavailable references
[2024-12-07T18:48:47.431+0800][3.359s][debug][gc,ref            ] GC(31) Skipped phase3 of Reference Processing due to unavailable references
[2024-12-07T18:48:47.432+0800][3.359s][debug][gc,phases,ref     ] GC(31) Reference Processing: 0.2ms
[2024-12-07T18:48:47.432+0800][3.359s][debug][gc,phases,ref     ] GC(31)   Reconsider SoftReferences: 0.1ms
[2024-12-07T18:48:47.432+0800][3.359s][debug][gc,phases,ref     ] GC(31)     SoftRef (ms):             skipped
[2024-12-07T18:48:47.432+0800][3.359s][debug][gc,phases,ref     ] GC(31)   Notify Soft/WeakReferences: 0.0ms
[2024-12-07T18:48:47.432+0800][3.359s][debug][gc,phases,ref     ] GC(31)     SoftRef (ms):             Min:  0.0, Avg:  0.0, Max:  0.0, Diff:  0.0, Sum:  0.0, Workers: 1
[2024-12-07T18:48:47.432+0800][3.359s][debug][gc,phases,ref     ] GC(31)     WeakRef (ms):             Min:  0.0, Avg:  0.0, Max:  0.0, Diff:  0.0, Sum:  0.0, Workers: 1
[2024-12-07T18:48:47.432+0800][3.359s][debug][gc,phases,ref     ] GC(31)     FinalRef (ms):            Min:  0.0, Avg:  0.0, Max:  0.0, Diff:  0.0, Sum:  0.0, Workers: 1
[2024-12-07T18:48:47.432+0800][3.359s][debug][gc,phases,ref     ] GC(31)     Total (ms):               Min:  0.0, Avg:  0.0, Max:  0.0, Diff:  0.0, Sum:  0.0, Workers: 1
[2024-12-07T18:48:47.432+0800][3.359s][debug][gc,phases,ref     ] GC(31)   Notify and keep alive finalizable: 0.1ms
[2024-12-07T18:48:47.432+0800][3.360s][debug][gc,phases,ref     ] GC(31)     FinalRef (ms):            skipped
[2024-12-07T18:48:47.432+0800][3.360s][debug][gc,phases,ref     ] GC(31)   Notify PhantomReferences: 0.0ms
[2024-12-07T18:48:47.433+0800][3.360s][debug][gc,phases,ref     ] GC(31)     PhantomRef (ms):          Min:  0.0, Avg:  0.0, Max:  0.0, Diff:  0.0, Sum:  0.0, Workers: 1
[2024-12-07T18:48:47.433+0800][3.360s][debug][gc,phases,ref     ] GC(31)   SoftReference:
[2024-12-07T18:48:47.433+0800][3.360s][debug][gc,phases,ref     ] GC(31)     Discovered: 0
[2024-12-07T18:48:47.433+0800][3.360s][debug][gc,phases,ref     ] GC(31)     Cleared: 0
[2024-12-07T18:48:47.433+0800][3.360s][debug][gc,phases,ref     ] GC(31)   WeakReference:
[2024-12-07T18:48:47.433+0800][3.360s][debug][gc,phases,ref     ] GC(31)     Discovered: 119
[2024-12-07T18:48:47.433+0800][3.360s][debug][gc,phases,ref     ] GC(31)     Cleared: 119
[2024-12-07T18:48:47.433+0800][3.360s][debug][gc,phases,ref     ] GC(31)   FinalReference:
[2024-12-07T18:48:47.433+0800][3.360s][debug][gc,phases,ref     ] GC(31)     Discovered: 0
[2024-12-07T18:48:47.433+0800][3.361s][debug][gc,phases,ref     ] GC(31)     Cleared: 0
[2024-12-07T18:48:47.433+0800][3.361s][debug][gc,phases,ref     ] GC(31)   PhantomReference:
[2024-12-07T18:48:47.433+0800][3.361s][debug][gc,phases,ref     ] GC(31)     Discovered: 6
[2024-12-07T18:48:47.434+0800][3.361s][debug][gc,phases,ref     ] GC(31)     Cleared: 6
[2024-12-07T18:48:47.434+0800][3.361s][debug][gc,phases         ] GC(31) Phase 1: Reference Processing 2.525ms
[2024-12-07T18:48:47.434+0800][3.361s][debug][gc,phases,start   ] GC(31) Phase 1: Weak Processing
[2024-12-07T18:48:47.434+0800][3.361s][debug][gc,phases         ] GC(31) Phase 1: Weak Processing 0.090ms
[2024-12-07T18:48:47.434+0800][3.361s][debug][gc,phases,start   ] GC(31) Phase 1: Class Unloading and Cleanup
[2024-12-07T18:48:47.434+0800][3.361s][debug][gc,phases,start   ] GC(31) ClassLoaderData
[2024-12-07T18:48:47.434+0800][3.361s][debug][gc,phases         ] GC(31) ClassLoaderData 0.091ms
[2024-12-07T18:48:47.434+0800][3.361s][debug][gc,phases,start   ] GC(31) ProtectionDomainCacheTable
[2024-12-07T18:48:47.434+0800][3.362s][debug][gc,phases         ] GC(31) ProtectionDomainCacheTable 0.088ms
[2024-12-07T18:48:47.434+0800][3.362s][debug][gc,phases,start   ] GC(31) ResolvedMethodTable
[2024-12-07T18:48:47.434+0800][3.362s][debug][gc,phases         ] GC(31) ResolvedMethodTable 0.091ms
[2024-12-07T18:48:47.435+0800][3.362s][info ][gc,stringtable    ] GC(31) Cleaned string and symbol table, strings: 39 processed, 1 removed, symbols: 191 processed, 0 removed
[2024-12-07T18:48:47.435+0800][3.362s][debug][gc,phases         ] GC(31) Phase 1: Class Unloading and Cleanup 1.015ms
[2024-12-07T18:48:47.435+0800][3.362s][info ][gc,phases         ] GC(31) Phase 1: Mark live objects 4.215ms
[2024-12-07T18:48:47.435+0800][3.362s][info ][gc,phases,start   ] GC(31) Phase 2: Prepare for compaction
[2024-12-07T18:48:47.435+0800][3.363s][debug][gc,phases,start   ] GC(31) Phase 2: Prepare Serial Compaction
[2024-12-07T18:48:47.436+0800][3.363s][debug][gc,phases         ] GC(31) Phase 2: Prepare Serial Compaction 0.106ms
[2024-12-07T18:48:47.436+0800][3.363s][info ][gc,phases         ] GC(31) Phase 2: Prepare for compaction 0.504ms
[2024-12-07T18:48:47.436+0800][3.363s][info ][gc,phases,start   ] GC(31) Phase 3: Adjust pointers
[2024-12-07T18:48:47.436+0800][3.363s][info ][gc,phases         ] GC(31) Phase 3: Adjust pointers 0.361ms
[2024-12-07T18:48:47.436+0800][3.363s][info ][gc,phases,start   ] GC(31) Phase 4: Compact heap
[2024-12-07T18:48:47.436+0800][3.364s][debug][gc,phases,start   ] GC(31) Phase 4: Serial Compaction
[2024-12-07T18:48:47.437+0800][3.364s][debug][gc,phases         ] GC(31) Phase 4: Serial Compaction 0.203ms
[2024-12-07T18:48:47.437+0800][3.364s][info ][gc,phases         ] GC(31) Phase 4: Compact heap 0.505ms
[2024-12-07T18:48:47.437+0800][3.364s][debug][gc,alloc,stats    ] Old generation allocation in the last mutator period, old gen allocated: 0B, humongous allocated: 0B,old gen growth: 0B.
[2024-12-07T18:48:47.437+0800][3.364s][info ][gc,heap           ] GC(31) Eden regions: 0->0(25)
[2024-12-07T18:48:47.437+0800][3.364s][info ][gc,heap           ] GC(31) Survivor regions: 1->0(4)
[2024-12-07T18:48:47.437+0800][3.365s][info ][gc,heap           ] GC(31) Old regions: 3->3
[2024-12-07T18:48:47.437+0800][3.365s][info ][gc,heap           ] GC(31) Humongous regions: 506->506
[2024-12-07T18:48:47.437+0800][3.365s][info ][gc,metaspace      ] GC(31) Metaspace: 554K(4864K)->554K(4864K) NonClass: 507K(4352K)->507K(4352K) Class: 46K(512K)->46K(512K)
[2024-12-07T18:48:47.438+0800][3.365s][debug][gc,heap           ] GC(31) Heap after GC invocations=31 (full 1): garbage-first heap   total 524288K, used 519292K [0x00000000e0000000, 0x0000000100000000)
[2024-12-07T18:48:47.438+0800][3.365s][debug][gc,heap           ] GC(31)   region size 1024K, 0 young (0K), 0 survivors (0K)
[2024-12-07T18:48:47.438+0800][3.365s][debug][gc,heap           ] GC(31)  Metaspace       used 554K, capacity 4570K, committed 4864K, reserved 1056768K
[2024-12-07T18:48:47.438+0800][3.365s][debug][gc,heap           ] GC(31)   class space    used 46K, capacity 419K, committed 512K, reserved 1048576K
[2024-12-07T18:48:47.438+0800][3.365s][info ][gc                ] GC(31) Pause Full (G1 Humongous Allocation) 507M->507M(512M) 8.201ms
[2024-12-07T18:48:47.438+0800][3.365s][info ][gc,cpu            ] GC(31) User=0.01s Sys=0.00s Real=0.01s
[2024-12-07T18:48:47.438+0800][3.365s][debug][gc,ergo,heap      ] Attempt heap expansion (allocation request failed). Allocation request: 1048592B
[2024-12-07T18:48:47.438+0800][3.366s][debug][gc,ergo,heap      ] Expand the heap. requested expansion amount: 1048592B expansion amount: 2097152B
[2024-12-07T18:48:47.438+0800][3.366s][debug][gc,ergo,heap      ] Did not expand the heap (heap already fully expanded)
[2024-12-07T18:48:47.439+0800][3.366s][debug][gc,task           ] GC(32) Requesting 12 active workers for full compaction (waste limited workers: 18, adaptive workers: 12)
[2024-12-07T18:48:47.439+0800][3.366s][info ][gc,task           ] GC(32) Using 12 workers of 18 for full compaction
[2024-12-07T18:48:47.439+0800][3.366s][info ][gc,start          ] GC(32) Pause Full (G1 Humongous Allocation)
[2024-12-07T18:48:47.439+0800][3.366s][debug][gc,heap           ] GC(32) Heap before GC invocations=31 (full 1): garbage-first heap   total 524288K, used 519292K [0x00000000e0000000, 0x0000000100000000)
[2024-12-07T18:48:47.439+0800][3.366s][debug][gc,heap           ] GC(32)   region size 1024K, 0 young (0K), 0 survivors (0K)
[2024-12-07T18:48:47.439+0800][3.366s][debug][gc,heap           ] GC(32)  Metaspace       used 554K, capacity 4570K, committed 4864K, reserved 1056768K
[2024-12-07T18:48:47.439+0800][3.366s][debug][gc,heap           ] GC(32)   class space    used 46K, capacity 419K, committed 512K, reserved 1048576K
[2024-12-07T18:48:47.439+0800][3.366s][debug][gc,alloc,region   ] GC(32) Mutator Allocation stats, regions: 0, wasted size: 0B ( 0.0%)
[2024-12-07T18:48:47.439+0800][3.367s][info ][gc,phases,start   ] GC(32) Phase 1: Mark live objects
[2024-12-07T18:48:47.440+0800][3.367s][debug][gc,phases,start   ] GC(32) Phase 1: Reference Processing
[2024-12-07T18:48:47.440+0800][3.367s][debug][gc,ref            ] GC(32) Skipped phase3 of Reference Processing due to unavailable references
[2024-12-07T18:48:47.440+0800][3.367s][debug][gc,phases,ref     ] GC(32) Reference Processing: 0.2ms
[2024-12-07T18:48:47.440+0800][3.367s][debug][gc,phases,ref     ] GC(32)   Reconsider SoftReferences: 0.1ms
[2024-12-07T18:48:47.440+0800][3.367s][debug][gc,phases,ref     ] GC(32)     Balance queues: 0.0ms
[2024-12-07T18:48:47.440+0800][3.367s][debug][gc,phases,ref     ] GC(32)     SoftRef (ms):             Min:  0.0, Avg:  0.0, Max:  0.0, Diff:  0.0, Sum:  0.0, Workers: 12
[2024-12-07T18:48:47.440+0800][3.367s][debug][gc,phases,ref     ] GC(32)   Notify Soft/WeakReferences: 0.0ms
[2024-12-07T18:48:47.440+0800][3.368s][debug][gc,phases,ref     ] GC(32)     SoftRef (ms):             Min:  0.0, Avg:  0.0, Max:  0.0, Diff:  0.0, Sum:  0.0, Workers: 1
[2024-12-07T18:48:47.440+0800][3.368s][debug][gc,phases,ref     ] GC(32)     WeakRef (ms):             Min:  0.0, Avg:  0.0, Max:  0.0, Diff:  0.0, Sum:  0.0, Workers: 1
[2024-12-07T18:48:47.441+0800][3.368s][debug][gc,phases,ref     ] GC(32)     FinalRef (ms):            Min:  0.0, Avg:  0.0, Max:  0.0, Diff:  0.0, Sum:  0.0, Workers: 1
[2024-12-07T18:48:47.441+0800][3.368s][debug][gc,phases,ref     ] GC(32)     Total (ms):               Min:  0.0, Avg:  0.0, Max:  0.0, Diff:  0.0, Sum:  0.0, Workers: 1
[2024-12-07T18:48:47.441+0800][3.368s][debug][gc,phases,ref     ] GC(32)   Notify and keep alive finalizable: 0.1ms
[2024-12-07T18:48:47.441+0800][3.368s][debug][gc,phases,ref     ] GC(32)     FinalRef (ms):            skipped
[2024-12-07T18:48:47.441+0800][3.368s][debug][gc,phases,ref     ] GC(32)   Notify PhantomReferences: 0.0ms
[2024-12-07T18:48:47.441+0800][3.368s][debug][gc,phases,ref     ] GC(32)     PhantomRef (ms):          Min:  0.0, Avg:  0.0, Max:  0.0, Diff:  0.0, Sum:  0.0, Workers: 1
[2024-12-07T18:48:47.441+0800][3.368s][debug][gc,phases,ref     ] GC(32)   SoftReference:
[2024-12-07T18:48:47.441+0800][3.368s][debug][gc,phases,ref     ] GC(32)     Discovered: 29
[2024-12-07T18:48:47.441+0800][3.368s][debug][gc,phases,ref     ] GC(32)     Cleared: 14
[2024-12-07T18:48:47.441+0800][3.369s][debug][gc,phases,ref     ] GC(32)   WeakReference:
[2024-12-07T18:48:47.441+0800][3.369s][debug][gc,phases,ref     ] GC(32)     Discovered: 123
[2024-12-07T18:48:47.441+0800][3.369s][debug][gc,phases,ref     ] GC(32)     Cleared: 110
[2024-12-07T18:48:47.442+0800][3.369s][debug][gc,phases,ref     ] GC(32)   FinalReference:
[2024-12-07T18:48:47.442+0800][3.369s][debug][gc,phases,ref     ] GC(32)     Discovered: 0
[2024-12-07T18:48:47.442+0800][3.369s][debug][gc,phases,ref     ] GC(32)     Cleared: 0
[2024-12-07T18:48:47.442+0800][3.369s][debug][gc,phases,ref     ] GC(32)   PhantomReference:
[2024-12-07T18:48:47.442+0800][3.369s][debug][gc,phases,ref     ] GC(32)     Discovered: 6
[2024-12-07T18:48:47.442+0800][3.369s][debug][gc,phases,ref     ] GC(32)     Cleared: 6
[2024-12-07T18:48:47.442+0800][3.369s][debug][gc,phases         ] GC(32) Phase 1: Reference Processing 2.525ms
[2024-12-07T18:48:47.442+0800][3.369s][debug][gc,phases,start   ] GC(32) Phase 1: Weak Processing
[2024-12-07T18:48:47.442+0800][3.370s][debug][gc,phases         ] GC(32) Phase 1: Weak Processing 0.106ms
[2024-12-07T18:48:47.442+0800][3.370s][debug][gc,phases,start   ] GC(32) Phase 1: Class Unloading and Cleanup
[2024-12-07T18:48:47.443+0800][3.370s][debug][gc,phases,start   ] GC(32) ClassLoaderData
[2024-12-07T18:48:47.443+0800][3.370s][debug][gc,phases         ] GC(32) ClassLoaderData 0.126ms
[2024-12-07T18:48:47.443+0800][3.370s][debug][gc,phases,start   ] GC(32) Dictionary
[2024-12-07T18:48:47.443+0800][3.370s][debug][gc,phases         ] GC(32) Dictionary 0.093ms
[2024-12-07T18:48:47.443+0800][3.370s][debug][gc,phases,start   ] GC(32) ProtectionDomainCacheTable
[2024-12-07T18:48:47.443+0800][3.370s][debug][gc,phases         ] GC(32) ProtectionDomainCacheTable 0.093ms
[2024-12-07T18:48:47.443+0800][3.370s][debug][gc,phases,start   ] GC(32) ResolvedMethodTable
[2024-12-07T18:48:47.443+0800][3.370s][debug][gc,phases         ] GC(32) ResolvedMethodTable 0.093ms
[2024-12-07T18:48:47.444+0800][3.371s][info ][gc,stringtable    ] GC(32) Cleaned string and symbol table, strings: 38 processed, 2 removed, symbols: 191 processed, 0 removed
[2024-12-07T18:48:47.444+0800][3.371s][debug][gc,phases         ] GC(32) Phase 1: Class Unloading and Cleanup 1.291ms
[2024-12-07T18:48:47.444+0800][3.371s][info ][gc,phases         ] GC(32) Phase 1: Mark live objects 4.529ms
[2024-12-07T18:48:47.444+0800][3.371s][info ][gc,phases,start   ] GC(32) Phase 2: Prepare for compaction
[2024-12-07T18:48:47.444+0800][3.371s][debug][gc,phases,start   ] GC(32) Phase 2: Prepare Serial Compaction
[2024-12-07T18:48:47.444+0800][3.372s][debug][gc,phases         ] GC(32) Phase 2: Prepare Serial Compaction 0.175ms
[2024-12-07T18:48:47.444+0800][3.372s][info ][gc,phases         ] GC(32) Phase 2: Prepare for compaction 0.548ms
[2024-12-07T18:48:47.445+0800][3.372s][info ][gc,phases,start   ] GC(32) Phase 3: Adjust pointers
[2024-12-07T18:48:47.445+0800][3.372s][info ][gc,phases         ] GC(32) Phase 3: Adjust pointers 0.344ms
[2024-12-07T18:48:47.445+0800][3.372s][info ][gc,phases,start   ] GC(32) Phase 4: Compact heap
[2024-12-07T18:48:47.445+0800][3.372s][debug][gc,phases,start   ] GC(32) Phase 4: Serial Compaction
[2024-12-07T18:48:47.445+0800][3.373s][debug][gc,phases         ] GC(32) Phase 4: Serial Compaction 0.236ms
[2024-12-07T18:48:47.445+0800][3.373s][info ][gc,phases         ] GC(32) Phase 4: Compact heap 0.500ms
[2024-12-07T18:48:47.446+0800][3.373s][debug][gc,alloc,stats    ] Old generation allocation in the last mutator period, old gen allocated: 0B, humongous allocated: 0B,old gen growth: 0B.
[2024-12-07T18:48:47.446+0800][3.373s][info ][gc,heap           ] GC(32) Eden regions: 0->0(25)
[2024-12-07T18:48:47.446+0800][3.373s][info ][gc,heap           ] GC(32) Survivor regions: 0->0(4)
[2024-12-07T18:48:47.446+0800][3.373s][info ][gc,heap           ] GC(32) Old regions: 3->3
[2024-12-07T18:48:47.446+0800][3.373s][info ][gc,heap           ] GC(32) Humongous regions: 506->506
[2024-12-07T18:48:47.446+0800][3.373s][info ][gc,metaspace      ] GC(32) Metaspace: 554K(4864K)->514K(4864K) NonClass: 507K(4352K)->480K(4352K) Class: 46K(512K)->34K(512K)
[2024-12-07T18:48:47.446+0800][3.374s][debug][gc,heap           ] GC(32) Heap after GC invocations=32 (full 2): garbage-first heap   total 524288K, used 519256K [0x00000000e0000000, 0x0000000100000000)
[2024-12-07T18:48:47.446+0800][3.374s][debug][gc,heap           ] GC(32)   region size 1024K, 0 young (0K), 0 survivors (0K)
[2024-12-07T18:48:47.446+0800][3.374s][debug][gc,heap           ] GC(32)  Metaspace       used 514K, capacity 4506K, committed 4864K, reserved 1056768K
[2024-12-07T18:48:47.447+0800][3.374s][debug][gc,heap           ] GC(32)   class space    used 34K, capacity 395K, committed 512K, reserved 1048576K
[2024-12-07T18:48:47.447+0800][3.374s][info ][gc                ] GC(32) Pause Full (G1 Humongous Allocation) 507M->507M(512M) 7.899ms
[2024-12-07T18:48:47.447+0800][3.374s][info ][gc,cpu            ] GC(32) User=0.00s Sys=0.00s Real=0.01s
[2024-12-07T18:48:47.447+0800][3.374s][debug][gc,ergo,heap      ] Attempt heap expansion (allocation request failed). Allocation request: 1048592B
[2024-12-07T18:48:47.447+0800][3.374s][debug][gc,ergo,heap      ] Expand the heap. requested expansion amount: 1048592B expansion amount: 2097152B
[2024-12-07T18:48:47.447+0800][3.374s][debug][gc,ergo,heap      ] Did not expand the heap (heap already fully expanded)
[2024-12-07T18:48:47.447+0800][3.374s][debug][gc,stats          ] ---------------------------------------------------------------------
[2024-12-07T18:48:47.447+0800][3.375s][debug][gc,stats          ] Marking Stats, task = 0, calls = 1
[2024-12-07T18:48:47.447+0800][3.375s][debug][gc,stats          ]   Elapsed time = 52.74ms, Termination time = 0.00ms
[2024-12-07T18:48:47.448+0800][3.375s][debug][gc,stats          ]   Step Times (cum): num = 1420, avg = 0.01ms, sd = 0.16ms max = 3.25ms, total = 16.10ms
[2024-12-07T18:48:47.448+0800][3.375s][debug][gc,stats          ]   Mark Stats Cache: hits 2605 misses 251 ratio 91.211
[2024-12-07T18:48:47.448+0800][3.375s][debug][gc,stats          ] ---------------------------------------------------------------------
[2024-12-07T18:48:47.448+0800][3.375s][debug][gc,stats          ] Marking Stats, task = 1, calls = 1
[2024-12-07T18:48:47.448+0800][3.375s][debug][gc,stats          ]   Elapsed time = 52.72ms, Termination time = 0.00ms
[2024-12-07T18:48:47.448+0800][3.375s][debug][gc,stats          ]   Step Times (cum): num = 413, avg = 0.04ms, sd = 0.31ms max = 3.25ms, total = 16.38ms
[2024-12-07T18:48:47.448+0800][3.375s][debug][gc,stats          ]   Mark Stats Cache: hits 15 misses 2 ratio 88.235
[2024-12-07T18:48:47.448+0800][3.376s][debug][gc,stats          ] ---------------------------------------------------------------------
[2024-12-07T18:48:47.448+0800][3.376s][debug][gc,stats          ] Marking Stats, task = 2, calls = 0
[2024-12-07T18:48:47.448+0800][3.376s][debug][gc,stats          ]   Elapsed time = 0.00ms, Termination time = 0.00ms
[2024-12-07T18:48:47.449+0800][3.376s][debug][gc,stats          ]   Step Times (cum): num = 448, avg = 0.04ms, sd = 0.29ms max = 3.25ms, total = 16.13ms
[2024-12-07T18:48:47.449+0800][3.376s][debug][gc,stats          ]   Mark Stats Cache: hits 2 misses 1 ratio 66.667
[2024-12-07T18:48:47.449+0800][3.376s][debug][gc,stats          ] ---------------------------------------------------------------------
[2024-12-07T18:48:47.449+0800][3.376s][debug][gc,stats          ] Marking Stats, task = 3, calls = 0
[2024-12-07T18:48:47.449+0800][3.376s][debug][gc,stats          ]   Elapsed time = 0.00ms, Termination time = 0.00ms
[2024-12-07T18:48:47.449+0800][3.376s][debug][gc,stats          ]   Step Times (cum): num = 429, avg = 0.04ms, sd = 0.29ms max = 3.25ms, total = 16.02ms
[2024-12-07T18:48:47.449+0800][3.376s][debug][gc,stats          ]   Mark Stats Cache: hits 0 misses 0 ratio 0.000
[2024-12-07T18:48:47.449+0800][3.376s][debug][gc,stats          ] ---------------------------------------------------------------------
[2024-12-07T18:48:47.449+0800][3.376s][debug][gc,stats          ] Marking Stats, task = 4, calls = 0
[2024-12-07T18:48:47.449+0800][3.377s][debug][gc,stats          ]   Elapsed time = 0.00ms, Termination time = 0.00ms
[2024-12-07T18:48:47.449+0800][3.377s][debug][gc,stats          ]   Step Times (cum): num = 366, avg = 0.04ms, sd = 0.32ms max = 3.25ms, total = 16.10ms
[2024-12-07T18:48:47.450+0800][3.377s][debug][gc,stats          ]   Mark Stats Cache: hits 0 misses 0 ratio 0.000
[2024-12-07T18:48:47.450+0800][3.377s][debug][gc,stats          ] ---------------------------------------------------------------------
[2024-12-07T18:48:47.450+0800][3.377s][info ][gc,marking        ] GC(29) Concurrent Mark From Roots 55.898ms
[2024-12-07T18:48:48.577+0800][4.504s][info ][gc,marking        ] GC(29) Concurrent Mark Abort
[2024-12-07T18:48:48.577+0800][4.504s][info ][gc                ] GC(29) Concurrent Cycle 1183.874ms
[2024-12-07T18:48:48.582+0800][4.510s][debug][gc,refine         ] Stopping 0
[2024-12-07T18:48:48.583+0800][4.510s][info ][gc,heap,exit      ] Heap
[2024-12-07T18:48:48.583+0800][4.510s][info ][gc,heap,exit      ]  garbage-first heap   total 524288K, used 519256K [0x00000000e0000000, 0x0000000100000000)
[2024-12-07T18:48:48.583+0800][4.510s][info ][gc,heap,exit      ]   region size 1024K, 1 young (1024K), 0 survivors (0K)
[2024-12-07T18:48:48.583+0800][4.510s][info ][gc,heap,exit      ]  Metaspace       used 575K, capacity 4543K, committed 4864K, reserved 1056768K
[2024-12-07T18:48:48.583+0800][4.511s][info ][gc,heap,exit      ]   class space    used 42K, capacity 409K, committed 512K, reserved 1048576K
