[2024-12-07T22:49:38.548+0800][0.006s][info][gc,heap] Heap region size: 1M
[2024-12-07T22:49:38.548+0800][0.006s][debug][gc,heap] Minimum heap 8388608  Initial heap 526385152  Maximum heap 536870912
[2024-12-07T22:49:38.549+0800][0.007s][debug][gc     ] ConcGCThreads: 5 offset 42
[2024-12-07T22:49:38.549+0800][0.007s][debug][gc     ] ParallelGCThreads: 18
[2024-12-07T22:49:38.549+0800][0.007s][debug][gc     ] Initialize mark stack with 4096 chunks, maximum 16384
[2024-12-07T22:49:38.549+0800][0.007s][debug][gc,ergo,heap] Expand the heap. requested expansion amount: 526385152B expansion amount: 526385152B
[2024-12-07T22:49:38.561+0800][0.019s][debug][gc,ihop     ] Target occupancy update: old: 0B, new: 526385152B
[2024-12-07T22:49:38.561+0800][0.019s][debug][gc,ergo,refine] Initial Refinement Zones: green: 18, yellow: 54, red: 90, min yellow size: 36
[2024-12-07T22:49:38.561+0800][0.019s][info ][gc            ] Using G1
[2024-12-07T22:49:38.561+0800][0.020s][info ][gc,heap,coops ] Heap address: 0x00000000e0000000, size: 512 MB, Compressed Oops mode: 32-bit
[2024-12-07T22:49:38.561+0800][0.020s][debug][gc,ergo,heap  ] Attempt heap expansion (allocate archive regions). Total size: 1048576B
[2024-12-07T22:49:38.562+0800][0.020s][info ][gc,cds        ] Mark closed archive regions in map: [0x00000000ffe00000, 0x00000000ffe6bff8]
[2024-12-07T22:49:38.562+0800][0.020s][debug][gc,ergo,heap  ] Attempt heap expansion (allocate archive regions). Total size: 1048576B
[2024-12-07T22:49:38.562+0800][0.020s][info ][gc,cds        ] Mark open archive regions in map: [0x00000000ffc00000, 0x00000000ffc47ff8]
[2024-12-07T22:49:39.815+0800][1.273s][debug][gc,ergo,ihop  ] Request concurrent cycle initiation (occupancy higher than threshold) occupancy: 236978176B allocation request: 1048592B threshold: 236873318B (44.82) source: concurrent humongous allocation
[2024-12-07T22:49:39.816+0800][1.274s][debug][gc,ergo       ] Request concurrent cycle initiation (requested by GC cause). GC cause: G1 Humongous Allocation
[2024-12-07T22:49:39.816+0800][1.274s][debug][gc,heap       ] GC(0) Heap before GC invocations=0 (full 0): garbage-first heap   total 516096K, used 231120K [0x00000000e0000000, 0x0000000100000000)
[2024-12-07T22:49:39.816+0800][1.275s][debug][gc,heap       ] GC(0)   region size 1024K, 2 young (2048K), 0 survivors (0K)
[2024-12-07T22:49:39.817+0800][1.275s][debug][gc,heap       ] GC(0)  Metaspace       used 639K, capacity 4574K, committed 4864K, reserved 1056768K
[2024-12-07T22:49:39.817+0800][1.275s][debug][gc,heap       ] GC(0)   class space    used 52K, capacity 418K, committed 512K, reserved 1048576K
[2024-12-07T22:49:39.817+0800][1.275s][debug][gc,ergo       ] GC(0) Initiate concurrent cycle (concurrent cycle initiation requested)
[2024-12-07T22:49:39.818+0800][1.276s][info ][gc,start      ] GC(0) Pause Young (Concurrent Start) (G1 Humongous Allocation)
[2024-12-07T22:49:39.820+0800][1.278s][info ][gc,task       ] GC(0) Using 12 workers of 18 for evacuation
[2024-12-07T22:49:39.820+0800][1.278s][debug][gc,tlab       ] GC(0) TLAB totals: thrds: 3  refills: 5 max: 3 slow allocs: 113 max 113 waste: 44.5% gc: 932256B max: 524256B slow: 1168B max: 1168B fast: 0B max: 0B
[2024-12-07T22:49:39.820+0800][1.279s][debug][gc,alloc,region] GC(0) Mutator Allocation stats, regions: 2, wasted size: 0B ( 0.0%)
[2024-12-07T22:49:39.820+0800][1.279s][debug][gc,age         ] GC(0) Desired survivor size 2097152 bytes, new threshold 15 (max threshold 15)
[2024-12-07T22:49:39.821+0800][1.279s][debug][gc,ergo,cset   ] GC(0) Finish choosing CSet. old: 0 regions, predicted old region time: 0.00ms, time remaining: 158.56
[2024-12-07T22:49:39.821+0800][1.279s][debug][gc,task,stats  ] GC(0) GC Termination Stats
[2024-12-07T22:49:39.821+0800][1.279s][debug][gc,task,stats  ] GC(0)      elapsed  --strong roots-- -------termination------- ------waste (KiB)------
[2024-12-07T22:49:39.821+0800][1.279s][debug][gc,task,stats  ] GC(0) thr     ms        ms      %        ms      %    attempts  total   alloc    undo
[2024-12-07T22:49:39.821+0800][1.279s][debug][gc,task,stats  ] GC(0) --- --------- --------- ------ --------- ------ -------- ------- ------- -------
[2024-12-07T22:49:39.825+0800][1.283s][debug][gc,task,stats  ] GC(0)   2      3.60      2.71  75.25      0.78  21.60       59       0       0       0
[2024-12-07T22:49:39.825+0800][1.283s][debug][gc,task,stats  ] GC(0)   3      3.75      2.54  67.76      1.07  28.63       38       0       0       0
[2024-12-07T22:49:39.825+0800][1.283s][debug][gc,task,stats  ] GC(0)   1      3.89      1.52  38.96      1.72  44.32      117       0       0       0
[2024-12-07T22:49:39.825+0800][1.284s][debug][gc,task,stats  ] GC(0)   6      3.87      2.56  66.14      0.86  22.33       41       0       0       0
[2024-12-07T22:49:39.825+0800][1.284s][debug][gc,task,stats  ] GC(0)   7      3.95      1.43  36.19      1.83  46.22       60       0       0       0
[2024-12-07T22:49:39.825+0800][1.284s][debug][gc,task,stats  ] GC(0)   4      4.10      1.52  36.99      1.76  42.98       95       2       2       0
[2024-12-07T22:49:39.826+0800][1.284s][debug][gc,task,stats  ] GC(0)  10      4.04      2.33  57.64      1.01  24.94       47       0       0       0
[2024-12-07T22:49:39.826+0800][1.284s][debug][gc,task,stats  ] GC(0)   0      4.33      1.53  35.41      1.71  39.42      127       1       1       0
[2024-12-07T22:49:39.826+0800][1.284s][debug][gc,task,stats  ] GC(0)   5      4.38      2.38  54.33      1.10  25.11       26       0       0       0
[2024-12-07T22:49:39.826+0800][1.284s][debug][gc,task,stats  ] GC(0)   8      4.35      2.60  59.72      0.72  16.54       70       0       0       0
[2024-12-07T22:49:39.826+0800][1.284s][debug][gc,task,stats  ] GC(0)  11      4.50      3.39  75.51      0.00   0.01        1       0       0       0
[2024-12-07T22:49:39.826+0800][1.285s][debug][gc,task,stats  ] GC(0)   9      4.88      2.31  47.36      0.98  20.06       57       0       0       0
[2024-12-07T22:49:39.827+0800][1.285s][debug][gc,ergo        ] GC(0) Running G1 Clear Card Table Task using 1 workers for 1 units of work for 3 regions.
[2024-12-07T22:49:39.827+0800][1.286s][debug][gc,ref         ] GC(0) Skipped phase1 of Reference Processing due to unavailable references
[2024-12-07T22:49:39.828+0800][1.286s][debug][gc,ref         ] GC(0) Skipped phase3 of Reference Processing due to unavailable references
[2024-12-07T22:49:39.828+0800][1.286s][debug][gc,ergo        ] GC(0) Running G1 Free Collection Set using 1 workers for collection set length 2
[2024-12-07T22:49:39.828+0800][1.286s][debug][gc,humongous   ] GC(0) Dead humongous region 0 object size 1048592 start 0x00000000e0000000 with remset 0 code roots 0 is marked 0 reclaim candidate 1 type array 1
[2024-12-07T22:49:39.828+0800][1.287s][debug][gc,humongous   ] GC(0) Dead humongous region 2 object size 1048592 start 0x00000000e0200000 with remset 0 code roots 0 is marked 0 reclaim candidate 1 type array 1
[2024-12-07T22:49:39.828+0800][1.287s][debug][gc,humongous   ] GC(0) Dead humongous region 4 object size 1048592 start 0x00000000e0400000 with remset 0 code roots 0 is marked 0 reclaim candidate 1 type array 1
[2024-12-07T22:49:39.829+0800][1.287s][debug][gc,humongous   ] GC(0) Dead humongous region 6 object size 1048592 start 0x00000000e0600000 with remset 0 code roots 0 is marked 0 reclaim candidate 1 type array 1
[2024-12-07T22:49:39.829+0800][1.287s][debug][gc,humongous   ] GC(0) Dead humongous region 8 object size 1048592 start 0x00000000e0800000 with remset 0 code roots 0 is marked 0 reclaim candidate 1 type array 1
[2024-12-07T22:49:39.829+0800][1.287s][debug][gc,humongous   ] GC(0) Dead humongous region 10 object size 1048592 start 0x00000000e0a00000 with remset 0 code roots 0 is marked 0 reclaim candidate 1 type array 1
[2024-12-07T22:49:39.829+0800][1.287s][debug][gc,humongous   ] GC(0) Dead humongous region 12 object size 1048592 start 0x00000000e0c00000 with remset 0 code roots 0 is marked 0 reclaim candidate 1 type array 1
[2024-12-07T22:49:39.829+0800][1.287s][debug][gc,humongous   ] GC(0) Dead humongous region 14 object size 1048592 start 0x00000000e0e00000 with remset 0 code roots 0 is marked 0 reclaim candidate 1 type array 1
[2024-12-07T22:49:39.829+0800][1.287s][debug][gc,humongous   ] GC(0) Dead humongous region 16 object size 1048592 start 0x00000000e1000000 with remset 0 code roots 0 is marked 0 reclaim candidate 1 type array 1
[2024-12-07T22:49:39.829+0800][1.288s][debug][gc,humongous   ] GC(0) Dead humongous region 18 object size 1048592 start 0x00000000e1200000 with remset 0 code roots 0 is marked 0 reclaim candidate 1 type array 1
[2024-12-07T22:49:39.829+0800][1.288s][debug][gc,humongous   ] GC(0) Dead humongous region 20 object size 1048592 start 0x00000000e1400000 with remset 0 code roots 0 is marked 0 reclaim candidate 1 type array 1
[2024-12-07T22:49:39.829+0800][1.288s][debug][gc,humongous   ] GC(0) Dead humongous region 22 object size 1048592 start 0x00000000e1600000 with remset 0 code roots 0 is marked 0 reclaim candidate 1 type array 1
[2024-12-07T22:49:39.829+0800][1.288s][debug][gc,humongous   ] GC(0) Live humongous region 24 object size 1048592 start 0x00000000e1800000  with remset 0 code roots 0 is marked 0 reclaim candidate 0 type array 1
[2024-12-07T22:49:39.830+0800][1.288s][debug][gc,humongous   ] GC(0) Live humongous region 26 object size 1048592 start 0x00000000e1a00000  with remset 0 code roots 0 is marked 0 reclaim candidate 0 type array 1
[2024-12-07T22:49:39.830+0800][1.288s][debug][gc,humongous   ] GC(0) Live humongous region 28 object size 1048592 start 0x00000000e1c00000  with remset 0 code roots 0 is marked 0 reclaim candidate 0 type array 1
[2024-12-07T22:49:39.830+0800][1.288s][debug][gc,humongous   ] GC(0) Live humongous region 30 object size 1048592 start 0x00000000e1e00000  with remset 0 code roots 0 is marked 0 reclaim candidate 0 type array 1
[2024-12-07T22:49:39.830+0800][1.288s][debug][gc,humongous   ] GC(0) Live humongous region 32 object size 1048592 start 0x00000000e2000000  with remset 0 code roots 0 is marked 0 reclaim candidate 0 type array 1
[2024-12-07T22:49:39.830+0800][1.288s][debug][gc,humongous   ] GC(0) Live humongous region 34 object size 1048592 start 0x00000000e2200000  with remset 0 code roots 0 is marked 0 reclaim candidate 0 type array 1
[2024-12-07T22:49:39.830+0800][1.288s][debug][gc,humongous   ] GC(0) Live humongous region 36 object size 1048592 start 0x00000000e2400000  with remset 0 code roots 0 is marked 0 reclaim candidate 0 type array 1
[2024-12-07T22:49:39.830+0800][1.288s][debug][gc,humongous   ] GC(0) Live humongous region 38 object size 1048592 start 0x00000000e2600000  with remset 0 code roots 0 is marked 0 reclaim candidate 0 type array 1
[2024-12-07T22:49:39.830+0800][1.288s][debug][gc,humongous   ] GC(0) Live humongous region 40 object size 1048592 start 0x00000000e2800000  with remset 0 code roots 0 is marked 0 reclaim candidate 0 type array 1
[2024-12-07T22:49:39.830+0800][1.289s][debug][gc,humongous   ] GC(0) Live humongous region 42 object size 1048592 start 0x00000000e2a00000  with remset 0 code roots 0 is marked 0 reclaim candidate 0 type array 1
[2024-12-07T22:49:39.830+0800][1.289s][debug][gc,humongous   ] GC(0) Live humongous region 44 object size 1048592 start 0x00000000e2c00000  with remset 0 code roots 0 is marked 0 reclaim candidate 0 type array 1
[2024-12-07T22:49:39.830+0800][1.289s][debug][gc,humongous   ] GC(0) Live humongous region 46 object size 1048592 start 0x00000000e2e00000  with remset 0 code roots 0 is marked 0 reclaim candidate 0 type array 1
[2024-12-07T22:49:39.830+0800][1.289s][debug][gc,humongous   ] GC(0) Live humongous region 48 object size 1048592 start 0x00000000e3000000  with remset 0 code roots 0 is marked 0 reclaim candidate 0 type array 1
[2024-12-07T22:49:39.831+0800][1.289s][debug][gc,humongous   ] GC(0) Live humongous region 50 object size 1048592 start 0x00000000e3200000  with remset 0 code roots 0 is marked 0 reclaim candidate 0 type array 1
[2024-12-07T22:49:39.831+0800][1.289s][debug][gc,humongous   ] GC(0) Live humongous region 52 object size 1048592 start 0x00000000e3400000  with remset 0 code roots 0 is marked 0 reclaim candidate 0 type array 1
[2024-12-07T22:49:39.831+0800][1.289s][debug][gc,humongous   ] GC(0) Live humongous region 54 object size 1048592 start 0x00000000e3600000  with remset 0 code roots 0 is marked 0 reclaim candidate 0 type array 1
[2024-12-07T22:49:39.831+0800][1.289s][debug][gc,humongous   ] GC(0) Live humongous region 56 object size 1048592 start 0x00000000e3800000  with remset 0 code roots 0 is marked 0 reclaim candidate 0 type array 1
[2024-12-07T22:49:39.831+0800][1.289s][debug][gc,humongous   ] GC(0) Live humongous region 58 object size 1048592 start 0x00000000e3a00000  with remset 0 code roots 0 is marked 0 reclaim candidate 0 type array 1
[2024-12-07T22:49:39.831+0800][1.289s][debug][gc,humongous   ] GC(0) Live humongous region 60 object size 1048592 start 0x00000000e3c00000  with remset 0 code roots 0 is marked 0 reclaim candidate 0 type array 1
[2024-12-07T22:49:39.831+0800][1.289s][debug][gc,humongous   ] GC(0) Live humongous region 62 object size 1048592 start 0x00000000e3e00000  with remset 0 code roots 0 is marked 0 reclaim candidate 0 type array 1
[2024-12-07T22:49:39.831+0800][1.290s][debug][gc,humongous   ] GC(0) Live humongous region 64 object size 1048592 start 0x00000000e4000000  with remset 0 code roots 0 is marked 0 reclaim candidate 0 type array 1
[2024-12-07T22:49:39.831+0800][1.290s][debug][gc,humongous   ] GC(0) Live humongous region 66 object size 1048592 start 0x00000000e4200000  with remset 0 code roots 0 is marked 0 reclaim candidate 0 type array 1
[2024-12-07T22:49:39.831+0800][1.290s][debug][gc,humongous   ] GC(0) Live humongous region 68 object size 1048592 start 0x00000000e4400000  with remset 0 code roots 0 is marked 0 reclaim candidate 0 type array 1
[2024-12-07T22:49:39.831+0800][1.290s][debug][gc,humongous   ] GC(0) Live humongous region 70 object size 1048592 start 0x00000000e4600000  with remset 0 code roots 0 is marked 0 reclaim candidate 0 type array 1
[2024-12-07T22:49:39.832+0800][1.290s][debug][gc,humongous   ] GC(0) Live humongous region 72 object size 1048592 start 0x00000000e4800000  with remset 0 code roots 0 is marked 0 reclaim candidate 0 type array 1
[2024-12-07T22:49:39.832+0800][1.290s][debug][gc,humongous   ] GC(0) Live humongous region 74 object size 1048592 start 0x00000000e4a00000  with remset 0 code roots 0 is marked 0 reclaim candidate 0 type array 1
[2024-12-07T22:49:39.832+0800][1.290s][debug][gc,humongous   ] GC(0) Live humongous region 76 object size 1048592 start 0x00000000e4c00000  with remset 0 code roots 0 is marked 0 reclaim candidate 0 type array 1
[2024-12-07T22:49:39.832+0800][1.290s][debug][gc,humongous   ] GC(0) Live humongous region 78 object size 1048592 start 0x00000000e4e00000  with remset 0 code roots 0 is marked 0 reclaim candidate 0 type array 1
[2024-12-07T22:49:39.832+0800][1.290s][debug][gc,humongous   ] GC(0) Live humongous region 80 object size 1048592 start 0x00000000e5000000  with remset 0 code roots 0 is marked 0 reclaim candidate 0 type array 1
[2024-12-07T22:49:39.832+0800][1.290s][debug][gc,humongous   ] GC(0) Live humongous region 82 object size 1048592 start 0x00000000e5200000  with remset 0 code roots 0 is marked 0 reclaim candidate 0 type array 1
[2024-12-07T22:49:39.832+0800][1.290s][debug][gc,humongous   ] GC(0) Live humongous region 84 object size 1048592 start 0x00000000e5400000  with remset 0 code roots 0 is marked 0 reclaim candidate 0 type array 1
[2024-12-07T22:49:39.832+0800][1.290s][debug][gc,humongous   ] GC(0) Live humongous region 86 object size 1048592 start 0x00000000e5600000  with remset 0 code roots 0 is marked 0 reclaim candidate 0 type array 1
[2024-12-07T22:49:39.832+0800][1.291s][debug][gc,humongous   ] GC(0) Live humongous region 88 object size 1048592 start 0x00000000e5800000  with remset 0 code roots 0 is marked 0 reclaim candidate 0 type array 1
[2024-12-07T22:49:39.832+0800][1.291s][debug][gc,humongous   ] GC(0) Live humongous region 90 object size 1048592 start 0x00000000e5a00000  with remset 0 code roots 0 is marked 0 reclaim candidate 0 type array 1
[2024-12-07T22:49:39.832+0800][1.291s][debug][gc,humongous   ] GC(0) Live humongous region 92 object size 1048592 start 0x00000000e5c00000  with remset 0 code roots 0 is marked 0 reclaim candidate 0 type array 1
[2024-12-07T22:49:39.833+0800][1.291s][debug][gc,humongous   ] GC(0) Live humongous region 94 object size 1048592 start 0x00000000e5e00000  with remset 0 code roots 0 is marked 0 reclaim candidate 0 type array 1
[2024-12-07T22:49:39.833+0800][1.291s][debug][gc,humongous   ] GC(0) Live humongous region 96 object size 1048592 start 0x00000000e6000000  with remset 0 code roots 0 is marked 0 reclaim candidate 0 type array 1
[2024-12-07T22:49:39.833+0800][1.291s][debug][gc,humongous   ] GC(0) Live humongous region 98 object size 1048592 start 0x00000000e6200000  with remset 0 code roots 0 is marked 0 reclaim candidate 0 type array 1
[2024-12-07T22:49:39.833+0800][1.291s][debug][gc,humongous   ] GC(0) Live humongous region 100 object size 1048592 start 0x00000000e6400000  with remset 0 code roots 0 is marked 0 reclaim candidate 0 type array 1
[2024-12-07T22:49:39.833+0800][1.291s][debug][gc,humongous   ] GC(0) Live humongous region 102 object size 1048592 start 0x00000000e6600000  with remset 0 code roots 0 is marked 0 reclaim candidate 0 type array 1
[2024-12-07T22:49:39.833+0800][1.291s][debug][gc,humongous   ] GC(0) Live humongous region 104 object size 1048592 start 0x00000000e6800000  with remset 0 code roots 0 is marked 0 reclaim candidate 0 type array 1
[2024-12-07T22:49:39.833+0800][1.291s][debug][gc,humongous   ] GC(0) Live humongous region 106 object size 1048592 start 0x00000000e6a00000  with remset 0 code roots 0 is marked 0 reclaim candidate 0 type array 1
[2024-12-07T22:49:39.833+0800][1.291s][debug][gc,humongous   ] GC(0) Live humongous region 108 object size 1048592 start 0x00000000e6c00000  with remset 0 code roots 0 is marked 0 reclaim candidate 0 type array 1
[2024-12-07T22:49:39.833+0800][1.292s][debug][gc,humongous   ] GC(0) Live humongous region 110 object size 1048592 start 0x00000000e6e00000  with remset 0 code roots 0 is marked 0 reclaim candidate 0 type array 1
[2024-12-07T22:49:39.833+0800][1.292s][debug][gc,humongous   ] GC(0) Live humongous region 112 object size 1048592 start 0x00000000e7000000  with remset 0 code roots 0 is marked 0 reclaim candidate 0 type array 1
[2024-12-07T22:49:39.833+0800][1.292s][debug][gc,humongous   ] GC(0) Live humongous region 114 object size 1048592 start 0x00000000e7200000  with remset 0 code roots 0 is marked 0 reclaim candidate 0 type array 1
[2024-12-07T22:49:39.833+0800][1.292s][debug][gc,humongous   ] GC(0) Live humongous region 116 object size 1048592 start 0x00000000e7400000  with remset 0 code roots 0 is marked 0 reclaim candidate 0 type array 1
[2024-12-07T22:49:39.834+0800][1.292s][debug][gc,humongous   ] GC(0) Live humongous region 118 object size 1048592 start 0x00000000e7600000  with remset 0 code roots 0 is marked 0 reclaim candidate 0 type array 1
[2024-12-07T22:49:39.834+0800][1.292s][debug][gc,humongous   ] GC(0) Live humongous region 120 object size 1048592 start 0x00000000e7800000  with remset 0 code roots 0 is marked 0 reclaim candidate 0 type array 1
[2024-12-07T22:49:39.834+0800][1.292s][debug][gc,humongous   ] GC(0) Live humongous region 122 object size 1048592 start 0x00000000e7a00000  with remset 0 code roots 0 is marked 0 reclaim candidate 0 type array 1
[2024-12-07T22:49:39.834+0800][1.292s][debug][gc,humongous   ] GC(0) Live humongous region 124 object size 1048592 start 0x00000000e7c00000  with remset 0 code roots 0 is marked 0 reclaim candidate 0 type array 1
[2024-12-07T22:49:39.834+0800][1.292s][debug][gc,humongous   ] GC(0) Live humongous region 126 object size 1048592 start 0x00000000e7e00000  with remset 0 code roots 0 is marked 0 reclaim candidate 0 type array 1
[2024-12-07T22:49:39.834+0800][1.292s][debug][gc,humongous   ] GC(0) Live humongous region 128 object size 1048592 start 0x00000000e8000000  with remset 0 code roots 0 is marked 0 reclaim candidate 0 type array 1
[2024-12-07T22:49:39.834+0800][1.292s][debug][gc,humongous   ] GC(0) Live humongous region 130 object size 1048592 start 0x00000000e8200000  with remset 0 code roots 0 is marked 0 reclaim candidate 0 type array 1
[2024-12-07T22:49:39.834+0800][1.293s][debug][gc,humongous   ] GC(0) Live humongous region 132 object size 1048592 start 0x00000000e8400000  with remset 0 code roots 0 is marked 0 reclaim candidate 0 type array 1
[2024-12-07T22:49:39.834+0800][1.293s][debug][gc,humongous   ] GC(0) Live humongous region 134 object size 1048592 start 0x00000000e8600000  with remset 0 code roots 0 is marked 0 reclaim candidate 0 type array 1
[2024-12-07T22:49:39.834+0800][1.293s][debug][gc,humongous   ] GC(0) Live humongous region 136 object size 1048592 start 0x00000000e8800000  with remset 0 code roots 0 is marked 0 reclaim candidate 0 type array 1
[2024-12-07T22:49:39.834+0800][1.293s][debug][gc,humongous   ] GC(0) Live humongous region 138 object size 1048592 start 0x00000000e8a00000  with remset 0 code roots 0 is marked 0 reclaim candidate 0 type array 1
[2024-12-07T22:49:39.835+0800][1.293s][debug][gc,humongous   ] GC(0) Live humongous region 140 object size 1048592 start 0x00000000e8c00000  with remset 0 code roots 0 is marked 0 reclaim candidate 0 type array 1
[2024-12-07T22:49:39.835+0800][1.293s][debug][gc,humongous   ] GC(0) Live humongous region 142 object size 1048592 start 0x00000000e8e00000  with remset 0 code roots 0 is marked 0 reclaim candidate 0 type array 1
[2024-12-07T22:49:39.835+0800][1.293s][debug][gc,humongous   ] GC(0) Live humongous region 144 object size 1048592 start 0x00000000e9000000  with remset 0 code roots 0 is marked 0 reclaim candidate 0 type array 1
[2024-12-07T22:49:39.835+0800][1.293s][debug][gc,humongous   ] GC(0) Live humongous region 146 object size 1048592 start 0x00000000e9200000  with remset 0 code roots 0 is marked 0 reclaim candidate 0 type array 1
[2024-12-07T22:49:39.835+0800][1.293s][debug][gc,humongous   ] GC(0) Live humongous region 148 object size 1048592 start 0x00000000e9400000  with remset 0 code roots 0 is marked 0 reclaim candidate 0 type array 1
[2024-12-07T22:49:39.835+0800][1.293s][debug][gc,humongous   ] GC(0) Live humongous region 150 object size 1048592 start 0x00000000e9600000  with remset 0 code roots 0 is marked 0 reclaim candidate 0 type array 1
[2024-12-07T22:49:39.835+0800][1.293s][debug][gc,humongous   ] GC(0) Live humongous region 152 object size 1048592 start 0x00000000e9800000  with remset 0 code roots 0 is marked 0 reclaim candidate 0 type array 1
[2024-12-07T22:49:39.835+0800][1.294s][debug][gc,humongous   ] GC(0) Live humongous region 154 object size 1048592 start 0x00000000e9a00000  with remset 0 code roots 0 is marked 0 reclaim candidate 0 type array 1
[2024-12-07T22:49:39.835+0800][1.294s][debug][gc,humongous   ] GC(0) Live humongous region 156 object size 1048592 start 0x00000000e9c00000  with remset 0 code roots 0 is marked 0 reclaim candidate 0 type array 1
[2024-12-07T22:49:39.836+0800][1.294s][debug][gc,humongous   ] GC(0) Live humongous region 158 object size 1048592 start 0x00000000e9e00000  with remset 0 code roots 0 is marked 0 reclaim candidate 0 type array 1
[2024-12-07T22:49:39.836+0800][1.294s][debug][gc,humongous   ] GC(0) Live humongous region 160 object size 1048592 start 0x00000000ea000000  with remset 0 code roots 0 is marked 0 reclaim candidate 0 type array 1
[2024-12-07T22:49:39.836+0800][1.294s][debug][gc,humongous   ] GC(0) Live humongous region 162 object size 1048592 start 0x00000000ea200000  with remset 0 code roots 0 is marked 0 reclaim candidate 0 type array 1
[2024-12-07T22:49:39.836+0800][1.294s][debug][gc,humongous   ] GC(0) Live humongous region 164 object size 1048592 start 0x00000000ea400000  with remset 0 code roots 0 is marked 0 reclaim candidate 0 type array 1
[2024-12-07T22:49:39.836+0800][1.294s][debug][gc,humongous   ] GC(0) Live humongous region 166 object size 1048592 start 0x00000000ea600000  with remset 0 code roots 0 is marked 0 reclaim candidate 0 type array 1
[2024-12-07T22:49:39.836+0800][1.294s][debug][gc,humongous   ] GC(0) Live humongous region 168 object size 1048592 start 0x00000000ea800000  with remset 0 code roots 0 is marked 0 reclaim candidate 0 type array 1
[2024-12-07T22:49:39.836+0800][1.294s][debug][gc,humongous   ] GC(0) Live humongous region 170 object size 1048592 start 0x00000000eaa00000  with remset 0 code roots 0 is marked 0 reclaim candidate 0 type array 1
[2024-12-07T22:49:39.836+0800][1.295s][debug][gc,humongous   ] GC(0) Live humongous region 172 object size 1048592 start 0x00000000eac00000  with remset 0 code roots 0 is marked 0 reclaim candidate 0 type array 1
[2024-12-07T22:49:39.836+0800][1.295s][debug][gc,humongous   ] GC(0) Live humongous region 174 object size 1048592 start 0x00000000eae00000  with remset 0 code roots 0 is marked 0 reclaim candidate 0 type array 1
[2024-12-07T22:49:39.836+0800][1.295s][debug][gc,humongous   ] GC(0) Live humongous region 176 object size 1048592 start 0x00000000eb000000  with remset 0 code roots 0 is marked 0 reclaim candidate 0 type array 1
[2024-12-07T22:49:39.836+0800][1.295s][debug][gc,humongous   ] GC(0) Live humongous region 178 object size 1048592 start 0x00000000eb200000  with remset 0 code roots 0 is marked 0 reclaim candidate 0 type array 1
[2024-12-07T22:49:39.837+0800][1.295s][debug][gc,humongous   ] GC(0) Live humongous region 180 object size 1048592 start 0x00000000eb400000  with remset 0 code roots 0 is marked 0 reclaim candidate 0 type array 1
[2024-12-07T22:49:39.837+0800][1.295s][debug][gc,humongous   ] GC(0) Live humongous region 182 object size 1048592 start 0x00000000eb600000  with remset 0 code roots 0 is marked 0 reclaim candidate 0 type array 1
[2024-12-07T22:49:39.837+0800][1.295s][debug][gc,humongous   ] GC(0) Live humongous region 184 object size 1048592 start 0x00000000eb800000  with remset 0 code roots 0 is marked 0 reclaim candidate 0 type array 1
[2024-12-07T22:49:39.837+0800][1.295s][debug][gc,humongous   ] GC(0) Live humongous region 186 object size 1048592 start 0x00000000eba00000  with remset 0 code roots 0 is marked 0 reclaim candidate 0 type array 1
[2024-12-07T22:49:39.837+0800][1.295s][debug][gc,humongous   ] GC(0) Live humongous region 188 object size 1048592 start 0x00000000ebc00000  with remset 0 code roots 0 is marked 0 reclaim candidate 0 type array 1
[2024-12-07T22:49:39.837+0800][1.295s][debug][gc,humongous   ] GC(0) Live humongous region 190 object size 1048592 start 0x00000000ebe00000  with remset 0 code roots 0 is marked 0 reclaim candidate 0 type array 1
[2024-12-07T22:49:39.837+0800][1.295s][debug][gc,humongous   ] GC(0) Live humongous region 192 object size 1048592 start 0x00000000ec000000  with remset 0 code roots 0 is marked 0 reclaim candidate 0 type array 1
[2024-12-07T22:49:39.837+0800][1.296s][debug][gc,humongous   ] GC(0) Live humongous region 194 object size 1048592 start 0x00000000ec200000  with remset 0 code roots 0 is marked 0 reclaim candidate 0 type array 1
[2024-12-07T22:49:39.837+0800][1.296s][debug][gc,humongous   ] GC(0) Live humongous region 196 object size 1048592 start 0x00000000ec400000  with remset 0 code roots 0 is marked 0 reclaim candidate 0 type array 1
[2024-12-07T22:49:39.837+0800][1.296s][debug][gc,humongous   ] GC(0) Live humongous region 198 object size 1048592 start 0x00000000ec600000  with remset 0 code roots 0 is marked 0 reclaim candidate 0 type array 1
[2024-12-07T22:49:39.837+0800][1.296s][debug][gc,humongous   ] GC(0) Live humongous region 200 object size 1048592 start 0x00000000ec800000  with remset 0 code roots 0 is marked 0 reclaim candidate 0 type array 1
[2024-12-07T22:49:39.838+0800][1.296s][debug][gc,humongous   ] GC(0) Live humongous region 202 object size 1048592 start 0x00000000eca00000  with remset 0 code roots 0 is marked 0 reclaim candidate 0 type array 1
[2024-12-07T22:49:39.838+0800][1.296s][debug][gc,humongous   ] GC(0) Live humongous region 204 object size 1048592 start 0x00000000ecc00000  with remset 0 code roots 0 is marked 0 reclaim candidate 0 type array 1
[2024-12-07T22:49:39.838+0800][1.296s][debug][gc,humongous   ] GC(0) Live humongous region 206 object size 1048592 start 0x00000000ece00000  with remset 0 code roots 0 is marked 0 reclaim candidate 0 type array 1
[2024-12-07T22:49:39.838+0800][1.296s][debug][gc,humongous   ] GC(0) Live humongous region 208 object size 1048592 start 0x00000000ed000000  with remset 0 code roots 0 is marked 0 reclaim candidate 0 type array 1
[2024-12-07T22:49:39.838+0800][1.296s][debug][gc,humongous   ] GC(0) Live humongous region 210 object size 1048592 start 0x00000000ed200000  with remset 0 code roots 0 is marked 0 reclaim candidate 0 type array 1
[2024-12-07T22:49:39.838+0800][1.296s][debug][gc,humongous   ] GC(0) Live humongous region 212 object size 1048592 start 0x00000000ed400000  with remset 0 code roots 0 is marked 0 reclaim candidate 0 type array 1
[2024-12-07T22:49:39.838+0800][1.296s][debug][gc,humongous   ] GC(0) Live humongous region 214 object size 1048592 start 0x00000000ed600000  with remset 0 code roots 0 is marked 0 reclaim candidate 0 type array 1
[2024-12-07T22:49:39.838+0800][1.296s][debug][gc,humongous   ] GC(0) Live humongous region 216 object size 1048592 start 0x00000000ed800000  with remset 0 code roots 0 is marked 0 reclaim candidate 0 type array 1
[2024-12-07T22:49:39.838+0800][1.297s][debug][gc,humongous   ] GC(0) Live humongous region 218 object size 1048592 start 0x00000000eda00000  with remset 0 code roots 0 is marked 0 reclaim candidate 0 type array 1
[2024-12-07T22:49:39.838+0800][1.297s][debug][gc,humongous   ] GC(0) Live humongous region 220 object size 1048592 start 0x00000000edc00000  with remset 0 code roots 0 is marked 0 reclaim candidate 0 type array 1
[2024-12-07T22:49:39.838+0800][1.297s][debug][gc,humongous   ] GC(0) Live humongous region 222 object size 1048592 start 0x00000000ede00000  with remset 0 code roots 0 is marked 0 reclaim candidate 0 type array 1
[2024-12-07T22:49:39.839+0800][1.297s][debug][gc,plab        ] GC(0) Young PLAB allocation: allocated: 482856B, wasted: 6040B, unused: 15784B, used: 461032B, undo waste: 0B, 
[2024-12-07T22:49:39.839+0800][1.297s][debug][gc,plab        ] GC(0) Young other allocation: region end waste: 0B, regions filled: 1, direct allocated: 88112B, failure used: 0B, failure wasted: 0B
[2024-12-07T22:49:39.839+0800][1.297s][debug][gc,plab        ] GC(0) Young sizing: calculated: 92200B, actual: 92200B
[2024-12-07T22:49:39.839+0800][1.297s][debug][gc,plab        ] GC(0) Old PLAB allocation: allocated: 0B, wasted: 0B, unused: 0B, used: 0B, undo waste: 0B, 
[2024-12-07T22:49:39.839+0800][1.297s][debug][gc,plab        ] GC(0) Old other allocation: region end waste: 0B, regions filled: 0, direct allocated: 0B, failure used: 0B, failure wasted: 0B
[2024-12-07T22:49:39.839+0800][1.297s][debug][gc,plab        ] GC(0) Old sizing: calculated: 0B, actual: 2064B
[2024-12-07T22:49:39.839+0800][1.297s][debug][gc,alloc,stats ] Old generation allocation in the last mutator period, old gen allocated: 0B, humongous allocated: 234881024B,old gen growth: 209715200B.
[2024-12-07T22:49:39.839+0800][1.298s][debug][gc,ihop        ] GC(0) Basic information (value update), threshold: 236873318B (45.00), target occupancy: 526385152B, current occupancy: 211023448B, recent allocation size: 234881024B, recent allocation duration: 1272.09ms, recent old gen allocation rate: 184642400.25B/s, recent marking phase length: 0.00ms
[2024-12-07T22:49:39.839+0800][1.298s][debug][gc,ihop        ] GC(0) Adaptive IHOP information (value update), threshold: 236873318B (51.91), internal target occupancy: 456340275B, occupancy: 211023448B, additional buffer size: 261095424B, predicted old gen allocation rate: 329718571.88B/s, predicted marking phase length: 0.00ms, prediction active: false
[2024-12-07T22:49:39.839+0800][1.298s][debug][gc,ergo,refine ] GC(0) Updated Refinement Zones: green: 18, yellow: 54, red: 90
[2024-12-07T22:49:39.839+0800][1.298s][info ][gc,phases      ] GC(0)   Pre Evacuate Collection Set: 0.1ms
[2024-12-07T22:49:39.840+0800][1.298s][debug][gc,phases      ] GC(0)     Prepare TLABs: 0.2ms
[2024-12-07T22:49:39.840+0800][1.298s][debug][gc,phases      ] GC(0)     Choose Collection Set: 0.1ms
[2024-12-07T22:49:39.840+0800][1.298s][debug][gc,phases      ] GC(0)     Humongous Register: 0.0ms
[2024-12-07T22:49:39.840+0800][1.298s][debug][gc,phases      ] GC(0)     Clear Claimed Marks: 0.0ms
[2024-12-07T22:49:39.840+0800][1.298s][info ][gc,phases      ] GC(0)   Evacuate Collection Set: 6.2ms
[2024-12-07T22:49:39.840+0800][1.298s][debug][gc,phases      ] GC(0)     Ext Root Scanning (ms):   Min:  1.2, Avg:  2.0, Max:  2.7, Diff:  1.5, Sum: 24.1, Workers: 12
[2024-12-07T22:49:39.840+0800][1.298s][debug][gc,phases      ] GC(0)     Update RS (ms):           Min:  0.0, Avg:  0.2, Max:  2.1, Diff:  2.1, Sum:  2.2, Workers: 12
[2024-12-07T22:49:39.840+0800][1.298s][debug][gc,phases      ] GC(0)       Processed Buffers:        Min: 0, Avg:  0.2, Max: 1, Diff: 1, Sum: 3, Workers: 12
[2024-12-07T22:49:39.840+0800][1.299s][debug][gc,phases      ] GC(0)       Scanned Cards:            Min: 0, Avg: 23.3, Max: 256, Diff: 256, Sum: 280, Workers: 12
[2024-12-07T22:49:39.840+0800][1.299s][debug][gc,phases      ] GC(0)       Skipped Cards:            Min: 0, Avg:  0.0, Max: 0, Diff: 0, Sum: 0, Workers: 12
[2024-12-07T22:49:39.841+0800][1.299s][debug][gc,phases      ] GC(0)     Scan RS (ms):             Min:  0.0, Avg:  0.0, Max:  0.0, Diff:  0.0, Sum:  0.0, Workers: 12
[2024-12-07T22:49:39.841+0800][1.299s][debug][gc,phases      ] GC(0)       Scanned Cards:            Min: 0, Avg:  0.0, Max: 0, Diff: 0, Sum: 0, Workers: 12
[2024-12-07T22:49:39.841+0800][1.299s][debug][gc,phases      ] GC(0)       Claimed Cards:            Min: 0, Avg:  0.0, Max: 0, Diff: 0, Sum: 0, Workers: 12
[2024-12-07T22:49:39.841+0800][1.299s][debug][gc,phases      ] GC(0)       Skipped Cards:            Min: 0, Avg:  0.0, Max: 0, Diff: 0, Sum: 0, Workers: 12
[2024-12-07T22:49:39.841+0800][1.299s][debug][gc,phases      ] GC(0)     Code Root Scanning (ms):  Min:  0.0, Avg:  0.0, Max:  0.0, Diff:  0.0, Sum:  0.1, Workers: 12
[2024-12-07T22:49:39.841+0800][1.299s][debug][gc,phases      ] GC(0)     AOT Root Scanning (ms):   skipped
[2024-12-07T22:49:39.841+0800][1.299s][debug][gc,phases      ] GC(0)     Object Copy (ms):         Min:  0.1, Avg:  0.2, Max:  0.5, Diff:  0.5, Sum:  2.4, Workers: 12
[2024-12-07T22:49:39.841+0800][1.300s][debug][gc,phases      ] GC(0)     Termination (ms):         Min:  0.0, Avg:  1.1, Max:  1.8, Diff:  1.8, Sum: 13.5, Workers: 12
[2024-12-07T22:49:39.841+0800][1.300s][debug][gc,phases      ] GC(0)       Termination Attempts:     Min: 1, Avg: 61.5, Max: 127, Diff: 126, Sum: 738, Workers: 12
[2024-12-07T22:49:39.841+0800][1.300s][debug][gc,phases      ] GC(0)     GC Worker Other (ms):     Min:  0.2, Avg:  0.8, Max:  2.1, Diff:  1.9, Sum:  9.2, Workers: 12
[2024-12-07T22:49:39.841+0800][1.300s][debug][gc,phases      ] GC(0)     GC Worker Total (ms):     Min:  3.8, Avg:  4.3, Max:  5.5, Diff:  1.7, Sum: 51.6, Workers: 12
[2024-12-07T22:49:39.842+0800][1.300s][info ][gc,phases      ] GC(0)   Post Evacuate Collection Set: 11.5ms
[2024-12-07T22:49:39.842+0800][1.300s][debug][gc,phases      ] GC(0)     Code Roots Fixup: 0.0ms
[2024-12-07T22:49:39.842+0800][1.300s][debug][gc,phases      ] GC(0)     Clear Card Table: 0.3ms
[2024-12-07T22:49:39.842+0800][1.300s][debug][gc,phases      ] GC(0)     Reference Processing: 0.4ms
[2024-12-07T22:49:39.842+0800][1.300s][debug][gc,phases,ref  ] GC(0)       Reconsider SoftReferences: 0.2ms
[2024-12-07T22:49:39.842+0800][1.300s][debug][gc,phases,ref  ] GC(0)         SoftRef (ms):             skipped
[2024-12-07T22:49:39.842+0800][1.300s][debug][gc,phases,ref  ] GC(0)       Notify Soft/WeakReferences: 0.0ms
[2024-12-07T22:49:39.842+0800][1.301s][debug][gc,phases,ref  ] GC(0)         SoftRef (ms):             Min:  0.0, Avg:  0.0, Max:  0.0, Diff:  0.0, Sum:  0.0, Workers: 1
[2024-12-07T22:49:39.842+0800][1.301s][debug][gc,phases,ref  ] GC(0)         WeakRef (ms):             Min:  0.0, Avg:  0.0, Max:  0.0, Diff:  0.0, Sum:  0.0, Workers: 1
[2024-12-07T22:49:39.842+0800][1.301s][debug][gc,phases,ref  ] GC(0)         FinalRef (ms):            Min:  0.0, Avg:  0.0, Max:  0.0, Diff:  0.0, Sum:  0.0, Workers: 1
[2024-12-07T22:49:39.842+0800][1.301s][debug][gc,phases,ref  ] GC(0)         Total (ms):               Min:  0.0, Avg:  0.0, Max:  0.0, Diff:  0.0, Sum:  0.0, Workers: 1
[2024-12-07T22:49:39.843+0800][1.301s][debug][gc,phases,ref  ] GC(0)       Notify and keep alive finalizable: 0.2ms
[2024-12-07T22:49:39.843+0800][1.301s][debug][gc,phases,ref  ] GC(0)         FinalRef (ms):            skipped
[2024-12-07T22:49:39.843+0800][1.301s][debug][gc,phases,ref  ] GC(0)       Notify PhantomReferences: 0.0ms
[2024-12-07T22:49:39.843+0800][1.301s][debug][gc,phases,ref  ] GC(0)         PhantomRef (ms):          Min:  0.0, Avg:  0.0, Max:  0.0, Diff:  0.0, Sum:  0.0, Workers: 1
[2024-12-07T22:49:39.843+0800][1.301s][debug][gc,phases,ref  ] GC(0)       SoftReference:
[2024-12-07T22:49:39.843+0800][1.301s][debug][gc,phases,ref  ] GC(0)         Discovered: 0
[2024-12-07T22:49:39.843+0800][1.301s][debug][gc,phases,ref  ] GC(0)         Cleared: 0
[2024-12-07T22:49:39.843+0800][1.301s][debug][gc,phases,ref  ] GC(0)       WeakReference:
[2024-12-07T22:49:39.843+0800][1.302s][debug][gc,phases,ref  ] GC(0)         Discovered: 109
[2024-12-07T22:49:39.843+0800][1.302s][debug][gc,phases,ref  ] GC(0)         Cleared: 41
[2024-12-07T22:49:39.843+0800][1.302s][debug][gc,phases,ref  ] GC(0)       FinalReference:
[2024-12-07T22:49:39.843+0800][1.302s][debug][gc,phases,ref  ] GC(0)         Discovered: 0
[2024-12-07T22:49:39.844+0800][1.302s][debug][gc,phases,ref  ] GC(0)         Cleared: 0
[2024-12-07T22:49:39.844+0800][1.302s][debug][gc,phases,ref  ] GC(0)       PhantomReference:
[2024-12-07T22:49:39.844+0800][1.302s][debug][gc,phases,ref  ] GC(0)         Discovered: 16
[2024-12-07T22:49:39.844+0800][1.302s][debug][gc,phases,ref  ] GC(0)         Cleared: 5
[2024-12-07T22:49:39.844+0800][1.302s][debug][gc,phases      ] GC(0)     Weak Processing: 0.0ms
[2024-12-07T22:49:39.844+0800][1.302s][debug][gc,phases      ] GC(0)     Merge Per-Thread State: 0.0ms
[2024-12-07T22:49:39.844+0800][1.302s][debug][gc,phases      ] GC(0)     Code Roots Purge: 0.0ms
[2024-12-07T22:49:39.844+0800][1.302s][debug][gc,phases      ] GC(0)     Redirty Cards: 0.1ms
[2024-12-07T22:49:39.844+0800][1.303s][debug][gc,phases      ] GC(0)     DerivedPointerTable Update: 0.0ms
[2024-12-07T22:49:39.844+0800][1.303s][debug][gc,phases      ] GC(0)     Free Collection Set: 0.3ms
[2024-12-07T22:49:39.844+0800][1.303s][debug][gc,phases      ] GC(0)     Humongous Reclaim: 10.4ms
[2024-12-07T22:49:39.845+0800][1.303s][debug][gc,phases      ] GC(0)     Start New Collection Set: 0.0ms
[2024-12-07T22:49:39.845+0800][1.303s][debug][gc,phases      ] GC(0)     Resize TLABs: 0.0ms
[2024-12-07T22:49:39.845+0800][1.303s][debug][gc,phases      ] GC(0)     Expand Heap After Collection: 0.0ms
[2024-12-07T22:49:39.845+0800][1.303s][info ][gc,phases      ] GC(0)   Other: 5.4ms
[2024-12-07T22:49:39.845+0800][1.303s][info ][gc,heap        ] GC(0) Eden regions: 2->0(248)
[2024-12-07T22:49:39.845+0800][1.303s][info ][gc,heap        ] GC(0) Survivor regions: 0->1(4)
[2024-12-07T22:49:39.845+0800][1.303s][info ][gc,heap        ] GC(0) Old regions: 2->2
[2024-12-07T22:49:39.845+0800][1.303s][info ][gc,heap        ] GC(0) Humongous regions: 224->200
[2024-12-07T22:49:39.845+0800][1.304s][info ][gc,metaspace   ] GC(0) Metaspace: 639K(4864K)->639K(4864K) NonClass: 586K(4352K)->586K(4352K) Class: 52K(512K)->52K(512K)
[2024-12-07T22:49:39.845+0800][1.304s][debug][gc,heap        ] GC(0) Heap after GC invocations=1 (full 0): garbage-first heap   total 516096K, used 206077K [0x00000000e0000000, 0x0000000100000000)
[2024-12-07T22:49:39.846+0800][1.304s][debug][gc,heap        ] GC(0)   region size 1024K, 1 young (1024K), 1 survivors (1024K)
[2024-12-07T22:49:39.846+0800][1.304s][debug][gc,heap        ] GC(0)  Metaspace       used 639K, capacity 4574K, committed 4864K, reserved 1056768K
[2024-12-07T22:49:39.846+0800][1.304s][debug][gc,heap        ] GC(0)   class space    used 52K, capacity 418K, committed 512K, reserved 1048576K
[2024-12-07T22:49:39.846+0800][1.304s][info ][gc             ] GC(0) Pause Young (Concurrent Start) (G1 Humongous Allocation) 226M->201M(504M) 28.149ms
[2024-12-07T22:49:39.846+0800][1.304s][info ][gc,cpu         ] GC(0) User=0.01s Sys=0.03s Real=0.03s
[2024-12-07T22:49:39.846+0800][1.304s][info ][gc             ] GC(1) Concurrent Cycle
[2024-12-07T22:49:39.846+0800][1.304s][info ][gc,marking     ] GC(1) Concurrent Clear Claimed Marks
[2024-12-07T22:49:39.846+0800][1.305s][info ][gc,marking     ] GC(1) Concurrent Clear Claimed Marks 0.101ms
[2024-12-07T22:49:39.846+0800][1.305s][info ][gc,marking     ] GC(1) Concurrent Scan Root Regions
[2024-12-07T22:49:39.847+0800][1.305s][debug][gc,ergo        ] GC(1) Running G1 Root Region Scan using 1 workers for 1 work units.
[2024-12-07T22:49:39.847+0800][1.306s][info ][gc,marking     ] GC(1) Concurrent Scan Root Regions 0.945ms
[2024-12-07T22:49:39.847+0800][1.306s][info ][gc,marking     ] GC(1) Concurrent Mark (1.306s)
[2024-12-07T22:49:39.848+0800][1.306s][info ][gc,marking     ] GC(1) Concurrent Mark From Roots
[2024-12-07T22:49:39.848+0800][1.306s][info ][gc,task        ] GC(1) Using 5 workers of 5 for marking
[2024-12-07T22:49:39.848+0800][1.307s][debug][gc,stats       ] ---------------------------------------------------------------------
[2024-12-07T22:49:39.849+0800][1.307s][debug][gc,stats       ] Marking Stats, task = 0, calls = 37
[2024-12-07T22:49:39.849+0800][1.307s][debug][gc,stats       ]   Elapsed time = 0.47ms, Termination time = 0.00ms
[2024-12-07T22:49:39.849+0800][1.307s][debug][gc,stats       ]   Step Times (cum): num = 37, avg = 0.00ms, sd = 0.00ms max = 0.00ms, total = 0.00ms
[2024-12-07T22:49:39.849+0800][1.307s][debug][gc,stats       ]   Mark Stats Cache: hits 4150 misses 102 ratio 97.601
[2024-12-07T22:49:39.849+0800][1.307s][debug][gc,stats       ] ---------------------------------------------------------------------
[2024-12-07T22:49:39.849+0800][1.307s][debug][gc,stats       ] Marking Stats, task = 1, calls = 33
[2024-12-07T22:49:39.849+0800][1.307s][debug][gc,stats       ]   Elapsed time = 0.46ms, Termination time = 0.00ms
[2024-12-07T22:49:39.849+0800][1.307s][debug][gc,stats       ]   Step Times (cum): num = 33, avg = 0.00ms, sd = 0.00ms max = 0.00ms, total = 0.00ms
[2024-12-07T22:49:39.849+0800][1.308s][debug][gc,stats       ]   Mark Stats Cache: hits 662 misses 2 ratio 99.699
[2024-12-07T22:49:39.849+0800][1.308s][debug][gc,stats       ] ---------------------------------------------------------------------
[2024-12-07T22:49:39.849+0800][1.308s][debug][gc,stats       ] Marking Stats, task = 2, calls = 34
[2024-12-07T22:49:39.850+0800][1.308s][debug][gc,stats       ]   Elapsed time = 0.45ms, Termination time = 0.00ms
[2024-12-07T22:49:39.850+0800][1.308s][debug][gc,stats       ]   Step Times (cum): num = 34, avg = 0.00ms, sd = 0.00ms max = 0.00ms, total = 0.00ms
[2024-12-07T22:49:39.850+0800][1.308s][debug][gc,stats       ]   Mark Stats Cache: hits 2646 misses 2 ratio 99.924
[2024-12-07T22:49:39.850+0800][1.308s][debug][gc,stats       ] ---------------------------------------------------------------------
[2024-12-07T22:49:39.850+0800][1.308s][debug][gc,stats       ] Marking Stats, task = 3, calls = 1
[2024-12-07T22:49:39.850+0800][1.308s][debug][gc,stats       ]   Elapsed time = 0.44ms, Termination time = 0.00ms
[2024-12-07T22:49:39.850+0800][1.308s][debug][gc,stats       ]   Step Times (cum): num = 1, avg = 0.00ms, sd = 0.00ms max = 0.00ms, total = 0.00ms
[2024-12-07T22:49:39.850+0800][1.308s][debug][gc,stats       ]   Mark Stats Cache: hits 4872 misses 2 ratio 99.959
[2024-12-07T22:49:39.850+0800][1.309s][debug][gc,stats       ] ---------------------------------------------------------------------
[2024-12-07T22:49:39.850+0800][1.309s][debug][gc,stats       ] Marking Stats, task = 4, calls = 32
[2024-12-07T22:49:39.850+0800][1.309s][debug][gc,stats       ]   Elapsed time = 0.44ms, Termination time = 0.00ms
[2024-12-07T22:49:39.851+0800][1.309s][debug][gc,stats       ]   Step Times (cum): num = 32, avg = 0.00ms, sd = 0.00ms max = 0.00ms, total = 0.00ms
[2024-12-07T22:49:39.851+0800][1.309s][debug][gc,stats       ]   Mark Stats Cache: hits 678 misses 2 ratio 99.706
[2024-12-07T22:49:39.851+0800][1.309s][debug][gc,stats       ] ---------------------------------------------------------------------
[2024-12-07T22:49:39.851+0800][1.309s][info ][gc,marking     ] GC(1) Concurrent Mark From Roots 3.205ms
[2024-12-07T22:49:39.851+0800][1.309s][info ][gc,marking     ] GC(1) Concurrent Preclean
[2024-12-07T22:49:39.851+0800][1.309s][debug][gc,ref,start   ] GC(1) Preclean SoftReferences
[2024-12-07T22:49:39.851+0800][1.309s][debug][gc,ref         ] GC(1) Preclean SoftReferences 0.097ms
[2024-12-07T22:49:39.851+0800][1.309s][debug][gc,ref,start   ] GC(1) Preclean WeakReferences
[2024-12-07T22:49:39.851+0800][1.310s][debug][gc,ref         ] GC(1) Preclean WeakReferences 0.095ms
[2024-12-07T22:49:39.851+0800][1.310s][debug][gc,ref,start   ] GC(1) Preclean FinalReferences
[2024-12-07T22:49:39.851+0800][1.310s][debug][gc,ref         ] GC(1) Preclean FinalReferences 0.095ms
[2024-12-07T22:49:39.851+0800][1.310s][debug][gc,ref,start   ] GC(1) Preclean PhantomReferences
[2024-12-07T22:49:39.852+0800][1.310s][debug][gc,ref         ] GC(1) Preclean PhantomReferences 0.094ms
[2024-12-07T22:49:39.852+0800][1.310s][info ][gc,marking     ] GC(1) Concurrent Preclean 0.810ms
[2024-12-07T22:49:39.852+0800][1.310s][info ][gc,marking     ] GC(1) Concurrent Mark (1.306s, 1.310s) 4.283ms
[2024-12-07T22:49:39.852+0800][1.310s][info ][gc,start       ] GC(1) Pause Remark
[2024-12-07T22:49:39.852+0800][1.310s][debug][gc,phases,start] GC(1) Finalize Marking
[2024-12-07T22:49:39.853+0800][1.311s][debug][gc,stats       ] ---------------------------------------------------------------------
[2024-12-07T22:49:39.853+0800][1.311s][debug][gc,stats       ] Marking Stats, task = 0, calls = 110
[2024-12-07T22:49:39.853+0800][1.311s][debug][gc,stats       ]   Elapsed time = 0.47ms, Termination time = 0.42ms
[2024-12-07T22:49:39.853+0800][1.311s][debug][gc,stats       ]   Step Times (cum): num = 110, avg = 0.00ms, sd = 0.04ms max = 0.42ms, total = 0.42ms
[2024-12-07T22:49:39.853+0800][1.311s][debug][gc,stats       ]   Mark Stats Cache: hits 4150 misses 102 ratio 97.601
[2024-12-07T22:49:39.853+0800][1.312s][debug][gc,stats       ] ---------------------------------------------------------------------
[2024-12-07T22:49:39.853+0800][1.312s][debug][gc,stats       ] Marking Stats, task = 1, calls = 34
[2024-12-07T22:49:39.853+0800][1.312s][debug][gc,stats       ]   Elapsed time = 0.52ms, Termination time = 0.00ms
[2024-12-07T22:49:39.854+0800][1.312s][debug][gc,stats       ]   Step Times (cum): num = 34, avg = 0.00ms, sd = 0.00ms max = 0.00ms, total = 0.00ms
[2024-12-07T22:49:39.854+0800][1.312s][debug][gc,stats       ]   Mark Stats Cache: hits 662 misses 2 ratio 99.699
[2024-12-07T22:49:39.854+0800][1.312s][debug][gc,stats       ] ---------------------------------------------------------------------
[2024-12-07T22:49:39.854+0800][1.312s][debug][gc,stats       ] Marking Stats, task = 2, calls = 35
[2024-12-07T22:49:39.854+0800][1.312s][debug][gc,stats       ]   Elapsed time = 0.47ms, Termination time = 0.41ms
[2024-12-07T22:49:39.854+0800][1.312s][debug][gc,stats       ]   Step Times (cum): num = 35, avg = 0.01ms, sd = 0.07ms max = 0.41ms, total = 0.41ms
[2024-12-07T22:49:39.854+0800][1.312s][debug][gc,stats       ]   Mark Stats Cache: hits 2646 misses 2 ratio 99.924
[2024-12-07T22:49:39.854+0800][1.313s][debug][gc,stats       ] ---------------------------------------------------------------------
[2024-12-07T22:49:39.854+0800][1.313s][debug][gc,stats       ] Marking Stats, task = 3, calls = 2
[2024-12-07T22:49:39.854+0800][1.313s][debug][gc,stats       ]   Elapsed time = 0.45ms, Termination time = 0.41ms
[2024-12-07T22:49:39.855+0800][1.313s][debug][gc,stats       ]   Step Times (cum): num = 2, avg = 0.20ms, sd = 0.20ms max = 0.41ms, total = 0.41ms
[2024-12-07T22:49:39.855+0800][1.313s][debug][gc,stats       ]   Mark Stats Cache: hits 4872 misses 2 ratio 99.959
[2024-12-07T22:49:39.855+0800][1.313s][debug][gc,stats       ] ---------------------------------------------------------------------
[2024-12-07T22:49:39.855+0800][1.313s][debug][gc,stats       ] Marking Stats, task = 4, calls = 33
[2024-12-07T22:49:39.855+0800][1.313s][debug][gc,stats       ]   Elapsed time = 0.44ms, Termination time = 0.41ms
[2024-12-07T22:49:39.855+0800][1.313s][debug][gc,stats       ]   Step Times (cum): num = 33, avg = 0.01ms, sd = 0.07ms max = 0.41ms, total = 0.41ms
[2024-12-07T22:49:39.855+0800][1.313s][debug][gc,stats       ]   Mark Stats Cache: hits 678 misses 2 ratio 99.706
[2024-12-07T22:49:39.855+0800][1.314s][debug][gc,stats       ] ---------------------------------------------------------------------
[2024-12-07T22:49:39.855+0800][1.314s][debug][gc,stats       ] Marking Stats, task = 5, calls = 1
[2024-12-07T22:49:39.855+0800][1.314s][debug][gc,stats       ]   Elapsed time = 0.44ms, Termination time = 0.00ms
[2024-12-07T22:49:39.855+0800][1.314s][debug][gc,stats       ]   Step Times (cum): num = 1, avg = 0.00ms, sd = 0.00ms max = 0.00ms, total = 0.00ms
[2024-12-07T22:49:39.856+0800][1.314s][debug][gc,stats       ]   Mark Stats Cache: hits 0 misses 0 ratio 0.000
[2024-12-07T22:49:39.856+0800][1.314s][debug][gc,stats       ] ---------------------------------------------------------------------
[2024-12-07T22:49:39.856+0800][1.314s][debug][gc,stats       ] Marking Stats, task = 6, calls = 1
[2024-12-07T22:49:39.856+0800][1.314s][debug][gc,stats       ]   Elapsed time = 0.43ms, Termination time = 0.00ms
[2024-12-07T22:49:39.856+0800][1.314s][debug][gc,stats       ]   Step Times (cum): num = 1, avg = 0.00ms, sd = 0.00ms max = 0.00ms, total = 0.00ms
[2024-12-07T22:49:39.856+0800][1.314s][debug][gc,stats       ]   Mark Stats Cache: hits 0 misses 0 ratio 0.000
[2024-12-07T22:49:39.856+0800][1.314s][debug][gc,stats       ] ---------------------------------------------------------------------
[2024-12-07T22:49:39.856+0800][1.315s][debug][gc,stats       ] Marking Stats, task = 7, calls = 1
[2024-12-07T22:49:39.856+0800][1.315s][debug][gc,stats       ]   Elapsed time = 0.42ms, Termination time = 0.38ms
[2024-12-07T22:49:39.856+0800][1.315s][debug][gc,stats       ]   Step Times (cum): num = 1, avg = 0.38ms, sd = 0.00ms max = 0.38ms, total = 0.38ms
[2024-12-07T22:49:39.857+0800][1.315s][debug][gc,stats       ]   Mark Stats Cache: hits 0 misses 0 ratio 0.000
[2024-12-07T22:49:39.857+0800][1.315s][debug][gc,stats       ] ---------------------------------------------------------------------
[2024-12-07T22:49:39.857+0800][1.315s][debug][gc,stats       ] Marking Stats, task = 8, calls = 1
[2024-12-07T22:49:39.857+0800][1.315s][debug][gc,stats       ]   Elapsed time = 0.40ms, Termination time = 0.20ms
[2024-12-07T22:49:39.857+0800][1.315s][debug][gc,stats       ]   Step Times (cum): num = 1, avg = 0.20ms, sd = 0.00ms max = 0.20ms, total = 0.20ms
[2024-12-07T22:49:39.857+0800][1.315s][debug][gc,stats       ]   Mark Stats Cache: hits 0 misses 0 ratio 0.000
[2024-12-07T22:49:39.857+0800][1.315s][debug][gc,stats       ] ---------------------------------------------------------------------
[2024-12-07T22:49:39.857+0800][1.316s][debug][gc,stats       ] Marking Stats, task = 9, calls = 1
[2024-12-07T22:49:39.857+0800][1.316s][debug][gc,stats       ]   Elapsed time = 0.44ms, Termination time = 0.00ms
[2024-12-07T22:49:39.857+0800][1.316s][debug][gc,stats       ]   Step Times (cum): num = 1, avg = 0.00ms, sd = 0.00ms max = 0.00ms, total = 0.00ms
[2024-12-07T22:49:39.857+0800][1.316s][debug][gc,stats       ]   Mark Stats Cache: hits 4 misses 1 ratio 80.000
[2024-12-07T22:49:39.858+0800][1.316s][debug][gc,stats       ] ---------------------------------------------------------------------
[2024-12-07T22:49:39.858+0800][1.316s][debug][gc,stats       ] Marking Stats, task = 10, calls = 1
[2024-12-07T22:49:39.858+0800][1.316s][debug][gc,stats       ]   Elapsed time = 0.01ms, Termination time = 0.00ms
[2024-12-07T22:49:39.858+0800][1.316s][debug][gc,stats       ]   Step Times (cum): num = 1, avg = 0.00ms, sd = 0.00ms max = 0.00ms, total = 0.00ms
[2024-12-07T22:49:39.858+0800][1.316s][debug][gc,stats       ]   Mark Stats Cache: hits 0 misses 0 ratio 0.000
[2024-12-07T22:49:39.858+0800][1.316s][debug][gc,stats       ] ---------------------------------------------------------------------
[2024-12-07T22:49:39.858+0800][1.316s][debug][gc,stats       ] Marking Stats, task = 11, calls = 1
[2024-12-07T22:49:39.858+0800][1.316s][debug][gc,stats       ]   Elapsed time = 0.01ms, Termination time = 0.00ms
[2024-12-07T22:49:39.858+0800][1.317s][debug][gc,stats       ]   Step Times (cum): num = 1, avg = 0.00ms, sd = 0.00ms max = 0.00ms, total = 0.00ms
[2024-12-07T22:49:39.858+0800][1.317s][debug][gc,stats       ]   Mark Stats Cache: hits 9 misses 2 ratio 81.818
[2024-12-07T22:49:39.858+0800][1.317s][debug][gc,stats       ] ---------------------------------------------------------------------
[2024-12-07T22:49:39.859+0800][1.317s][debug][gc,phases      ] GC(1) Finalize Marking 6.475ms
[2024-12-07T22:49:39.859+0800][1.317s][debug][gc,phases,start] GC(1) Reference Processing
[2024-12-07T22:49:39.859+0800][1.317s][debug][gc,ref         ] GC(1) Skipped phase1 of Reference Processing due to unavailable references
[2024-12-07T22:49:39.859+0800][1.317s][debug][gc,ref         ] GC(1) Skipped phase2 of Reference Processing due to unavailable references
[2024-12-07T22:49:39.859+0800][1.317s][debug][gc,ref         ] GC(1) Skipped phase3 of Reference Processing due to unavailable references
[2024-12-07T22:49:39.859+0800][1.317s][debug][gc,ref         ] GC(1) Skipped phase4 of Reference Processing due to unavailable references
[2024-12-07T22:49:39.859+0800][1.317s][debug][gc,phases,ref  ] GC(1) Reference Processing: 0.3ms
[2024-12-07T22:49:39.859+0800][1.317s][debug][gc,phases,ref  ] GC(1)   Reconsider SoftReferences: 0.1ms
[2024-12-07T22:49:39.859+0800][1.318s][debug][gc,phases,ref  ] GC(1)     SoftRef (ms):             skipped
[2024-12-07T22:49:39.859+0800][1.318s][debug][gc,phases,ref  ] GC(1)   Notify Soft/WeakReferences: 0.1ms
[2024-12-07T22:49:39.859+0800][1.318s][debug][gc,phases,ref  ] GC(1)     SoftRef (ms):             skipped
[2024-12-07T22:49:39.859+0800][1.318s][debug][gc,phases,ref  ] GC(1)     WeakRef (ms):             skipped
[2024-12-07T22:49:39.860+0800][1.318s][debug][gc,phases,ref  ] GC(1)     FinalRef (ms):            skipped
[2024-12-07T22:49:39.860+0800][1.318s][debug][gc,phases,ref  ] GC(1)     Total (ms):               skipped
[2024-12-07T22:49:39.860+0800][1.318s][debug][gc,phases,ref  ] GC(1)   Notify and keep alive finalizable: 0.1ms
[2024-12-07T22:49:39.860+0800][1.318s][debug][gc,phases,ref  ] GC(1)     FinalRef (ms):            skipped
[2024-12-07T22:49:39.860+0800][1.318s][debug][gc,phases,ref  ] GC(1)   Notify PhantomReferences: 0.1ms
[2024-12-07T22:49:39.860+0800][1.318s][debug][gc,phases,ref  ] GC(1)     PhantomRef (ms):          skipped
[2024-12-07T22:49:39.860+0800][1.318s][debug][gc,phases,ref  ] GC(1)   SoftReference:
[2024-12-07T22:49:39.860+0800][1.319s][debug][gc,phases,ref  ] GC(1)     Discovered: 0
[2024-12-07T22:49:39.860+0800][1.319s][debug][gc,phases,ref  ] GC(1)     Cleared: 0
[2024-12-07T22:49:39.860+0800][1.319s][debug][gc,phases,ref  ] GC(1)   WeakReference:
[2024-12-07T22:49:39.860+0800][1.319s][debug][gc,phases,ref  ] GC(1)     Discovered: 0
[2024-12-07T22:49:39.861+0800][1.319s][debug][gc,phases,ref  ] GC(1)     Cleared: 0
[2024-12-07T22:49:39.861+0800][1.319s][debug][gc,phases,ref  ] GC(1)   FinalReference:
[2024-12-07T22:49:39.861+0800][1.319s][debug][gc,phases,ref  ] GC(1)     Discovered: 0
[2024-12-07T22:49:39.861+0800][1.319s][debug][gc,phases,ref  ] GC(1)     Cleared: 0
[2024-12-07T22:49:39.861+0800][1.319s][debug][gc,phases,ref  ] GC(1)   PhantomReference:
[2024-12-07T22:49:39.861+0800][1.319s][debug][gc,phases,ref  ] GC(1)     Discovered: 0
[2024-12-07T22:49:39.861+0800][1.319s][debug][gc,phases,ref  ] GC(1)     Cleared: 0
[2024-12-07T22:49:39.861+0800][1.319s][debug][gc,phases      ] GC(1) Reference Processing 2.536ms
[2024-12-07T22:49:39.861+0800][1.320s][debug][gc,phases,start] GC(1) Weak Processing
[2024-12-07T22:49:39.861+0800][1.320s][debug][gc,phases      ] GC(1) Weak Processing 0.088ms
[2024-12-07T22:49:39.861+0800][1.320s][debug][gc,phases,start] GC(1) Class Unloading
[2024-12-07T22:49:39.861+0800][1.320s][debug][gc,phases,start] GC(1) ClassLoaderData
[2024-12-07T22:49:39.862+0800][1.320s][debug][gc,phases      ] GC(1) ClassLoaderData 0.091ms
[2024-12-07T22:49:39.862+0800][1.320s][debug][gc,phases,start] GC(1) ProtectionDomainCacheTable
[2024-12-07T22:49:39.862+0800][1.320s][debug][gc,phases      ] GC(1) ProtectionDomainCacheTable 0.097ms
[2024-12-07T22:49:39.862+0800][1.320s][info ][gc,stringtable ] GC(1) Cleaned string and symbol table, strings: 68 processed, 0 removed, symbols: 226 processed, 0 removed
[2024-12-07T22:49:39.862+0800][1.321s][debug][gc,phases      ] GC(1) Class Unloading 0.806ms
[2024-12-07T22:49:39.862+0800][1.321s][debug][gc,phases,start] GC(1) Flush Task Caches
[2024-12-07T22:49:39.862+0800][1.321s][debug][gc,stats       ] Mark stats cache hits 13021 misses 113 ratio 99.140
[2024-12-07T22:49:39.863+0800][1.321s][debug][gc,phases      ] GC(1) Flush Task Caches 0.196ms
[2024-12-07T22:49:39.863+0800][1.321s][debug][gc,phases,start] GC(1) Update Remembered Set Tracking Before Rebuild
[2024-12-07T22:49:39.863+0800][1.321s][debug][gc,ergo        ] GC(1) Running G1 Update RemSet Tracking Before Rebuild using 2 workers for 504 regions in heap
[2024-12-07T22:49:39.863+0800][1.321s][debug][gc,remset,tracking] GC(1) Remembered Set Tracking update regions total 504, selected 0
[2024-12-07T22:49:39.863+0800][1.321s][debug][gc,phases         ] GC(1) Update Remembered Set Tracking Before Rebuild 0.309ms
[2024-12-07T22:49:39.863+0800][1.321s][debug][gc,phases,start   ] GC(1) Reclaim Empty Regions
[2024-12-07T22:49:39.863+0800][1.321s][debug][gc,phases         ] GC(1) Reclaim Empty Regions 0.171ms
[2024-12-07T22:49:39.863+0800][1.322s][debug][gc,phases,start   ] GC(1) Purge Metaspace
[2024-12-07T22:49:39.863+0800][1.322s][debug][gc,phases         ] GC(1) Purge Metaspace 0.087ms
[2024-12-07T22:49:39.863+0800][1.322s][debug][gc,phases,start   ] GC(1) Report Object Count
[2024-12-07T22:49:39.864+0800][1.322s][debug][gc,phases         ] GC(1) Report Object Count 0.087ms
[2024-12-07T22:49:39.864+0800][1.322s][info ][gc                ] GC(1) Pause Remark 217M->217M(504M) 11.643ms
[2024-12-07T22:49:39.864+0800][1.322s][info ][gc,cpu            ] GC(1) User=0.00s Sys=0.01s Real=0.01s
[2024-12-07T22:49:39.864+0800][1.322s][info ][gc,marking        ] GC(1) Concurrent Rebuild Remembered Sets
[2024-12-07T22:49:39.864+0800][1.322s][info ][gc,marking        ] GC(1) Concurrent Rebuild Remembered Sets 0.308ms
[2024-12-07T22:49:39.864+0800][1.323s][info ][gc,start          ] GC(1) Pause Cleanup
[2024-12-07T22:49:39.864+0800][1.323s][debug][gc,phases,start   ] GC(1) Update Remembered Set Tracking After Rebuild
[2024-12-07T22:49:39.865+0800][1.323s][debug][gc,phases         ] GC(1) Update Remembered Set Tracking After Rebuild 0.094ms
[2024-12-07T22:49:39.865+0800][1.323s][debug][gc,phases,start   ] GC(1) Finalize Concurrent Mark Cleanup
[2024-12-07T22:49:39.865+0800][1.323s][debug][gc,ergo           ] GC(1) request young-only gcs (candidate old regions not available)
[2024-12-07T22:49:39.865+0800][1.323s][debug][gc,phases         ] GC(1) Finalize Concurrent Mark Cleanup 0.308ms
[2024-12-07T22:49:39.865+0800][1.323s][info ][gc                ] GC(1) Pause Cleanup 217M->217M(504M) 0.674ms
[2024-12-07T22:49:39.865+0800][1.323s][info ][gc,cpu            ] GC(1) User=0.00s Sys=0.00s Real=0.00s
[2024-12-07T22:49:39.865+0800][1.324s][info ][gc,marking        ] GC(1) Concurrent Cleanup for Next Mark
[2024-12-07T22:49:39.865+0800][1.324s][debug][gc,ergo           ] GC(1) Running G1 Clear Bitmap with 5 workers for 8 work units.
[2024-12-07T22:49:39.866+0800][1.324s][info ][gc,marking        ] GC(1) Concurrent Cleanup for Next Mark 0.714ms
[2024-12-07T22:49:39.866+0800][1.324s][info ][gc                ] GC(1) Concurrent Cycle 20.034ms
[2024-12-07T22:49:39.953+0800][1.412s][debug][gc,ergo,ihop      ] Request concurrent cycle initiation (occupancy higher than threshold) occupancy: 236978176B allocation request: 1048592B threshold: 236873318B (44.82) source: concurrent humongous allocation
[2024-12-07T22:49:39.954+0800][1.413s][debug][gc,ergo           ] Request concurrent cycle initiation (requested by GC cause). GC cause: G1 Humongous Allocation
[2024-12-07T22:49:39.955+0800][1.413s][debug][gc,heap           ] GC(2) Heap before GC invocations=2 (full 0): garbage-first heap   total 516096K, used 230653K [0x00000000e0000000, 0x0000000100000000)
[2024-12-07T22:49:39.955+0800][1.414s][debug][gc,heap           ] GC(2)   region size 1024K, 2 young (2048K), 1 survivors (1024K)
[2024-12-07T22:49:39.956+0800][1.414s][debug][gc,heap           ] GC(2)  Metaspace       used 641K, capacity 4574K, committed 4864K, reserved 1056768K
[2024-12-07T22:49:39.957+0800][1.415s][debug][gc,heap           ] GC(2)   class space    used 52K, capacity 418K, committed 512K, reserved 1048576K
[2024-12-07T22:49:39.957+0800][1.415s][debug][gc,ergo           ] GC(2) Initiate concurrent cycle (concurrent cycle initiation requested)
[2024-12-07T22:49:39.957+0800][1.416s][info ][gc,start          ] GC(2) Pause Young (Concurrent Start) (G1 Humongous Allocation)
[2024-12-07T22:49:39.958+0800][1.416s][info ][gc,task           ] GC(2) Using 12 workers of 18 for evacuation
[2024-12-07T22:49:39.958+0800][1.417s][debug][gc,tlab           ] GC(2) TLAB totals: thrds: 1  refills: 1 max: 1 slow allocs: 12 max 12 waste: 99.5% gc: 521584B max: 521584B slow: 0B max: 0B fast: 0B max: 0B
[2024-12-07T22:49:39.959+0800][1.417s][debug][gc,alloc,region   ] GC(2) Mutator Allocation stats, regions: 1, wasted size: 0B ( 0.0%)
[2024-12-07T22:49:39.960+0800][1.418s][debug][gc,age            ] GC(2) Desired survivor size 16777216 bytes, new threshold 15 (max threshold 15)
[2024-12-07T22:49:39.960+0800][1.418s][debug][gc,ergo,cset      ] GC(2) Finish choosing CSet. old: 0 regions, predicted old region time: 0.00ms, time remaining: 162.79
[2024-12-07T22:49:39.960+0800][1.419s][debug][gc,task,stats     ] GC(2) GC Termination Stats
[2024-12-07T22:49:39.961+0800][1.419s][debug][gc,task,stats     ] GC(2)      elapsed  --strong roots-- -------termination------- ------waste (KiB)------
[2024-12-07T22:49:39.961+0800][1.419s][debug][gc,task,stats     ] GC(2) thr     ms        ms      %        ms      %    attempts  total   alloc    undo
[2024-12-07T22:49:39.961+0800][1.419s][debug][gc,task,stats     ] GC(2) --- --------- --------- ------ --------- ------ -------- ------- ------- -------
[2024-12-07T22:49:39.966+0800][1.425s][debug][gc,task,stats     ] GC(2)   5      4.95      4.94  99.80      0.00   0.02        1       0       0       0
[2024-12-07T22:49:39.972+0800][1.430s][debug][gc,task,stats     ] GC(2)   6     10.37      3.40  32.75      2.20  21.26        1       0       0       0
[2024-12-07T22:49:39.972+0800][1.430s][debug][gc,task,stats     ] GC(2)   9     10.51      2.04  19.41      3.53  33.58        1       0       0       0
[2024-12-07T22:49:39.972+0800][1.431s][debug][gc,task,stats     ] GC(2)   3     10.81      2.09  19.36      3.47  32.09        1       0       0       0
[2024-12-07T22:49:39.972+0800][1.431s][debug][gc,task,stats     ] GC(2)   8     10.93      1.21  11.09      3.69  33.81        1       0       0       0
[2024-12-07T22:49:39.973+0800][1.431s][debug][gc,task,stats     ] GC(2)   4     11.10      1.33  12.01      3.52  31.74        1       0       0       0
[2024-12-07T22:49:39.973+0800][1.431s][debug][gc,task,stats     ] GC(2)   7     11.22      1.28  11.37      3.51  31.29        1       0       0       0
[2024-12-07T22:49:39.973+0800][1.431s][debug][gc,task,stats     ] GC(2)   2     11.46      1.37  11.93      3.50  30.54        1       0       0       0
[2024-12-07T22:49:39.973+0800][1.431s][debug][gc,task,stats     ] GC(2)   1     11.58      1.36  11.74      3.48  30.02        1       0       0       0
[2024-12-07T22:49:39.973+0800][1.431s][debug][gc,task,stats     ] GC(2)  10     11.55      2.17  18.74      2.75  23.77        1       0       0       0
[2024-12-07T22:49:39.973+0800][1.432s][debug][gc,task,stats     ] GC(2)   0     11.87      1.56  13.11      3.46  29.14        1       0       0       0
[2024-12-07T22:49:39.973+0800][1.432s][debug][gc,task,stats     ] GC(2)  11     11.67      4.09  35.00      0.69   5.91        1       0       0       0
[2024-12-07T22:49:39.973+0800][1.432s][debug][gc,ergo           ] GC(2) Running G1 Clear Card Table Task using 1 workers for 1 units of work for 3 regions.
[2024-12-07T22:49:39.974+0800][1.432s][debug][gc,ref            ] GC(2) Skipped phase1 of Reference Processing due to unavailable references
[2024-12-07T22:49:39.974+0800][1.432s][debug][gc,ref            ] GC(2) Skipped phase3 of Reference Processing due to unavailable references
[2024-12-07T22:49:39.974+0800][1.432s][debug][gc,ergo           ] GC(2) Running G1 Free Collection Set using 1 workers for collection set length 2
[2024-12-07T22:49:39.974+0800][1.432s][debug][gc,humongous      ] GC(2) Live humongous region 0 object size 1048592 start 0x00000000e0000000  with remset 0 code roots 0 is marked 0 reclaim candidate 0 type array 1
[2024-12-07T22:49:39.974+0800][1.433s][debug][gc,humongous      ] GC(2) Live humongous region 2 object size 1048592 start 0x00000000e0200000  with remset 0 code roots 0 is marked 0 reclaim candidate 0 type array 1
[2024-12-07T22:49:39.974+0800][1.433s][debug][gc,humongous      ] GC(2) Live humongous region 4 object size 1048592 start 0x00000000e0400000  with remset 0 code roots 0 is marked 0 reclaim candidate 0 type array 1
[2024-12-07T22:49:39.974+0800][1.433s][debug][gc,humongous      ] GC(2) Live humongous region 6 object size 1048592 start 0x00000000e0600000  with remset 0 code roots 0 is marked 0 reclaim candidate 0 type array 1
[2024-12-07T22:49:39.974+0800][1.433s][debug][gc,humongous      ] GC(2) Live humongous region 8 object size 1048592 start 0x00000000e0800000  with remset 0 code roots 0 is marked 0 reclaim candidate 0 type array 1
[2024-12-07T22:49:39.975+0800][1.433s][debug][gc,humongous      ] GC(2) Live humongous region 10 object size 1048592 start 0x00000000e0a00000  with remset 0 code roots 0 is marked 0 reclaim candidate 0 type array 1
[2024-12-07T22:49:39.975+0800][1.433s][debug][gc,humongous      ] GC(2) Live humongous region 12 object size 1048592 start 0x00000000e0c00000  with remset 0 code roots 0 is marked 0 reclaim candidate 0 type array 1
[2024-12-07T22:49:39.975+0800][1.433s][debug][gc,humongous      ] GC(2) Live humongous region 14 object size 1048592 start 0x00000000e0e00000  with remset 0 code roots 0 is marked 0 reclaim candidate 0 type array 1
[2024-12-07T22:49:39.975+0800][1.433s][debug][gc,humongous      ] GC(2) Live humongous region 16 object size 1048592 start 0x00000000e1000000  with remset 0 code roots 0 is marked 0 reclaim candidate 0 type array 1
[2024-12-07T22:49:39.975+0800][1.433s][debug][gc,humongous      ] GC(2) Live humongous region 18 object size 1048592 start 0x00000000e1200000  with remset 0 code roots 0 is marked 0 reclaim candidate 0 type array 1
[2024-12-07T22:49:39.975+0800][1.433s][debug][gc,humongous      ] GC(2) Live humongous region 20 object size 1048592 start 0x00000000e1400000  with remset 0 code roots 0 is marked 0 reclaim candidate 0 type array 1
[2024-12-07T22:49:39.975+0800][1.433s][debug][gc,humongous      ] GC(2) Live humongous region 22 object size 1048592 start 0x00000000e1600000  with remset 0 code roots 0 is marked 0 reclaim candidate 0 type array 1
[2024-12-07T22:49:39.975+0800][1.433s][debug][gc,humongous      ] GC(2) Dead humongous region 24 object size 1048592 start 0x00000000e1800000 with remset 0 code roots 0 is marked 0 reclaim candidate 1 type array 1
[2024-12-07T22:49:39.975+0800][1.434s][debug][gc,humongous      ] GC(2) Dead humongous region 26 object size 1048592 start 0x00000000e1a00000 with remset 0 code roots 0 is marked 0 reclaim candidate 1 type array 1
[2024-12-07T22:49:39.975+0800][1.434s][debug][gc,humongous      ] GC(2) Dead humongous region 28 object size 1048592 start 0x00000000e1c00000 with remset 0 code roots 0 is marked 0 reclaim candidate 1 type array 1
[2024-12-07T22:49:39.975+0800][1.434s][debug][gc,humongous      ] GC(2) Dead humongous region 30 object size 1048592 start 0x00000000e1e00000 with remset 0 code roots 0 is marked 0 reclaim candidate 1 type array 1
[2024-12-07T22:49:39.975+0800][1.434s][debug][gc,humongous      ] GC(2) Dead humongous region 32 object size 1048592 start 0x00000000e2000000 with remset 0 code roots 0 is marked 0 reclaim candidate 1 type array 1
[2024-12-07T22:49:39.976+0800][1.434s][debug][gc,humongous      ] GC(2) Dead humongous region 34 object size 1048592 start 0x00000000e2200000 with remset 0 code roots 0 is marked 0 reclaim candidate 1 type array 1
[2024-12-07T22:49:39.976+0800][1.434s][debug][gc,humongous      ] GC(2) Dead humongous region 36 object size 1048592 start 0x00000000e2400000 with remset 0 code roots 0 is marked 0 reclaim candidate 1 type array 1
[2024-12-07T22:49:39.976+0800][1.434s][debug][gc,humongous      ] GC(2) Dead humongous region 38 object size 1048592 start 0x00000000e2600000 with remset 0 code roots 0 is marked 0 reclaim candidate 1 type array 1
[2024-12-07T22:49:39.976+0800][1.434s][debug][gc,humongous      ] GC(2) Dead humongous region 40 object size 1048592 start 0x00000000e2800000 with remset 0 code roots 0 is marked 0 reclaim candidate 1 type array 1
[2024-12-07T22:49:39.976+0800][1.434s][debug][gc,humongous      ] GC(2) Dead humongous region 42 object size 1048592 start 0x00000000e2a00000 with remset 0 code roots 0 is marked 0 reclaim candidate 1 type array 1
[2024-12-07T22:49:39.976+0800][1.434s][debug][gc,humongous      ] GC(2) Dead humongous region 44 object size 1048592 start 0x00000000e2c00000 with remset 0 code roots 0 is marked 0 reclaim candidate 1 type array 1
[2024-12-07T22:49:39.976+0800][1.435s][debug][gc,humongous      ] GC(2) Dead humongous region 46 object size 1048592 start 0x00000000e2e00000 with remset 0 code roots 0 is marked 0 reclaim candidate 1 type array 1
[2024-12-07T22:49:39.977+0800][1.435s][debug][gc,humongous      ] GC(2) Live humongous region 48 object size 1048592 start 0x00000000e3000000  with remset 0 code roots 0 is marked 0 reclaim candidate 0 type array 1
[2024-12-07T22:49:39.977+0800][1.435s][debug][gc,humongous      ] GC(2) Live humongous region 50 object size 1048592 start 0x00000000e3200000  with remset 0 code roots 0 is marked 0 reclaim candidate 0 type array 1
[2024-12-07T22:49:39.977+0800][1.435s][debug][gc,humongous      ] GC(2) Live humongous region 52 object size 1048592 start 0x00000000e3400000  with remset 0 code roots 0 is marked 0 reclaim candidate 0 type array 1
[2024-12-07T22:49:39.977+0800][1.435s][debug][gc,humongous      ] GC(2) Live humongous region 54 object size 1048592 start 0x00000000e3600000  with remset 0 code roots 0 is marked 0 reclaim candidate 0 type array 1
[2024-12-07T22:49:39.977+0800][1.435s][debug][gc,humongous      ] GC(2) Live humongous region 56 object size 1048592 start 0x00000000e3800000  with remset 0 code roots 0 is marked 0 reclaim candidate 0 type array 1
[2024-12-07T22:49:39.977+0800][1.435s][debug][gc,humongous      ] GC(2) Live humongous region 58 object size 1048592 start 0x00000000e3a00000  with remset 0 code roots 0 is marked 0 reclaim candidate 0 type array 1
[2024-12-07T22:49:39.977+0800][1.435s][debug][gc,humongous      ] GC(2) Live humongous region 60 object size 1048592 start 0x00000000e3c00000  with remset 0 code roots 0 is marked 0 reclaim candidate 0 type array 1
[2024-12-07T22:49:39.977+0800][1.436s][debug][gc,humongous      ] GC(2) Live humongous region 62 object size 1048592 start 0x00000000e3e00000  with remset 0 code roots 0 is marked 0 reclaim candidate 0 type array 1
[2024-12-07T22:49:39.977+0800][1.436s][debug][gc,humongous      ] GC(2) Live humongous region 64 object size 1048592 start 0x00000000e4000000  with remset 0 code roots 0 is marked 0 reclaim candidate 0 type array 1
[2024-12-07T22:49:39.977+0800][1.436s][debug][gc,humongous      ] GC(2) Live humongous region 66 object size 1048592 start 0x00000000e4200000  with remset 0 code roots 0 is marked 0 reclaim candidate 0 type array 1
[2024-12-07T22:49:39.977+0800][1.436s][debug][gc,humongous      ] GC(2) Live humongous region 68 object size 1048592 start 0x00000000e4400000  with remset 0 code roots 0 is marked 0 reclaim candidate 0 type array 1
[2024-12-07T22:49:39.977+0800][1.436s][debug][gc,humongous      ] GC(2) Live humongous region 70 object size 1048592 start 0x00000000e4600000  with remset 0 code roots 0 is marked 0 reclaim candidate 0 type array 1
[2024-12-07T22:49:39.978+0800][1.436s][debug][gc,humongous      ] GC(2) Live humongous region 72 object size 1048592 start 0x00000000e4800000  with remset 0 code roots 0 is marked 0 reclaim candidate 0 type array 1
[2024-12-07T22:49:39.978+0800][1.436s][debug][gc,humongous      ] GC(2) Live humongous region 74 object size 1048592 start 0x00000000e4a00000  with remset 0 code roots 0 is marked 0 reclaim candidate 0 type array 1
[2024-12-07T22:49:39.978+0800][1.436s][debug][gc,humongous      ] GC(2) Live humongous region 76 object size 1048592 start 0x00000000e4c00000  with remset 0 code roots 0 is marked 0 reclaim candidate 0 type array 1
[2024-12-07T22:49:39.978+0800][1.436s][debug][gc,humongous      ] GC(2) Live humongous region 78 object size 1048592 start 0x00000000e4e00000  with remset 0 code roots 0 is marked 0 reclaim candidate 0 type array 1
[2024-12-07T22:49:39.978+0800][1.436s][debug][gc,humongous      ] GC(2) Live humongous region 80 object size 1048592 start 0x00000000e5000000  with remset 0 code roots 0 is marked 0 reclaim candidate 0 type array 1
[2024-12-07T22:49:39.978+0800][1.436s][debug][gc,humongous      ] GC(2) Live humongous region 82 object size 1048592 start 0x00000000e5200000  with remset 0 code roots 0 is marked 0 reclaim candidate 0 type array 1
[2024-12-07T22:49:39.978+0800][1.436s][debug][gc,humongous      ] GC(2) Live humongous region 84 object size 1048592 start 0x00000000e5400000  with remset 0 code roots 0 is marked 0 reclaim candidate 0 type array 1
[2024-12-07T22:49:39.978+0800][1.436s][debug][gc,humongous      ] GC(2) Live humongous region 86 object size 1048592 start 0x00000000e5600000  with remset 0 code roots 0 is marked 0 reclaim candidate 0 type array 1
[2024-12-07T22:49:39.978+0800][1.436s][debug][gc,humongous      ] GC(2) Live humongous region 88 object size 1048592 start 0x00000000e5800000  with remset 0 code roots 0 is marked 0 reclaim candidate 0 type array 1
[2024-12-07T22:49:39.978+0800][1.436s][debug][gc,humongous      ] GC(2) Live humongous region 90 object size 1048592 start 0x00000000e5a00000  with remset 0 code roots 0 is marked 0 reclaim candidate 0 type array 1
[2024-12-07T22:49:39.978+0800][1.437s][debug][gc,humongous      ] GC(2) Live humongous region 92 object size 1048592 start 0x00000000e5c00000  with remset 0 code roots 0 is marked 0 reclaim candidate 0 type array 1
[2024-12-07T22:49:39.978+0800][1.437s][debug][gc,humongous      ] GC(2) Live humongous region 94 object size 1048592 start 0x00000000e5e00000  with remset 0 code roots 0 is marked 0 reclaim candidate 0 type array 1
[2024-12-07T22:49:39.978+0800][1.437s][debug][gc,humongous      ] GC(2) Live humongous region 96 object size 1048592 start 0x00000000e6000000  with remset 0 code roots 0 is marked 0 reclaim candidate 0 type array 1
[2024-12-07T22:49:39.978+0800][1.437s][debug][gc,humongous      ] GC(2) Live humongous region 98 object size 1048592 start 0x00000000e6200000  with remset 0 code roots 0 is marked 0 reclaim candidate 0 type array 1
[2024-12-07T22:49:39.978+0800][1.437s][debug][gc,humongous      ] GC(2) Live humongous region 100 object size 1048592 start 0x00000000e6400000  with remset 0 code roots 0 is marked 0 reclaim candidate 0 type array 1
[2024-12-07T22:49:39.979+0800][1.437s][debug][gc,humongous      ] GC(2) Live humongous region 102 object size 1048592 start 0x00000000e6600000  with remset 0 code roots 0 is marked 0 reclaim candidate 0 type array 1
[2024-12-07T22:49:39.979+0800][1.437s][debug][gc,humongous      ] GC(2) Live humongous region 104 object size 1048592 start 0x00000000e6800000  with remset 0 code roots 0 is marked 0 reclaim candidate 0 type array 1
[2024-12-07T22:49:39.979+0800][1.437s][debug][gc,humongous      ] GC(2) Live humongous region 106 object size 1048592 start 0x00000000e6a00000  with remset 0 code roots 0 is marked 0 reclaim candidate 0 type array 1
[2024-12-07T22:49:39.979+0800][1.437s][debug][gc,humongous      ] GC(2) Live humongous region 108 object size 1048592 start 0x00000000e6c00000  with remset 0 code roots 0 is marked 0 reclaim candidate 0 type array 1
[2024-12-07T22:49:39.979+0800][1.437s][debug][gc,humongous      ] GC(2) Live humongous region 110 object size 1048592 start 0x00000000e6e00000  with remset 0 code roots 0 is marked 0 reclaim candidate 0 type array 1
[2024-12-07T22:49:39.979+0800][1.437s][debug][gc,humongous      ] GC(2) Live humongous region 112 object size 1048592 start 0x00000000e7000000  with remset 0 code roots 0 is marked 0 reclaim candidate 0 type array 1
[2024-12-07T22:49:39.979+0800][1.437s][debug][gc,humongous      ] GC(2) Live humongous region 114 object size 1048592 start 0x00000000e7200000  with remset 0 code roots 0 is marked 0 reclaim candidate 0 type array 1
[2024-12-07T22:49:39.979+0800][1.437s][debug][gc,humongous      ] GC(2) Live humongous region 116 object size 1048592 start 0x00000000e7400000  with remset 0 code roots 0 is marked 0 reclaim candidate 0 type array 1
[2024-12-07T22:49:39.979+0800][1.437s][debug][gc,humongous      ] GC(2) Live humongous region 118 object size 1048592 start 0x00000000e7600000  with remset 0 code roots 0 is marked 0 reclaim candidate 0 type array 1
[2024-12-07T22:49:39.979+0800][1.437s][debug][gc,humongous      ] GC(2) Live humongous region 120 object size 1048592 start 0x00000000e7800000  with remset 0 code roots 0 is marked 0 reclaim candidate 0 type array 1
[2024-12-07T22:49:39.979+0800][1.438s][debug][gc,humongous      ] GC(2) Live humongous region 122 object size 1048592 start 0x00000000e7a00000  with remset 0 code roots 0 is marked 0 reclaim candidate 0 type array 1
[2024-12-07T22:49:39.979+0800][1.438s][debug][gc,humongous      ] GC(2) Live humongous region 124 object size 1048592 start 0x00000000e7c00000  with remset 0 code roots 0 is marked 0 reclaim candidate 0 type array 1
[2024-12-07T22:49:39.979+0800][1.438s][debug][gc,humongous      ] GC(2) Live humongous region 126 object size 1048592 start 0x00000000e7e00000  with remset 0 code roots 0 is marked 0 reclaim candidate 0 type array 1
[2024-12-07T22:49:39.979+0800][1.438s][debug][gc,humongous      ] GC(2) Live humongous region 128 object size 1048592 start 0x00000000e8000000  with remset 0 code roots 0 is marked 0 reclaim candidate 0 type array 1
[2024-12-07T22:49:39.980+0800][1.438s][debug][gc,humongous      ] GC(2) Live humongous region 130 object size 1048592 start 0x00000000e8200000  with remset 0 code roots 0 is marked 0 reclaim candidate 0 type array 1
[2024-12-07T22:49:39.980+0800][1.438s][debug][gc,humongous      ] GC(2) Live humongous region 132 object size 1048592 start 0x00000000e8400000  with remset 0 code roots 0 is marked 0 reclaim candidate 0 type array 1
[2024-12-07T22:49:39.980+0800][1.438s][debug][gc,humongous      ] GC(2) Live humongous region 134 object size 1048592 start 0x00000000e8600000  with remset 0 code roots 0 is marked 0 reclaim candidate 0 type array 1
[2024-12-07T22:49:39.980+0800][1.438s][debug][gc,humongous      ] GC(2) Live humongous region 136 object size 1048592 start 0x00000000e8800000  with remset 0 code roots 0 is marked 0 reclaim candidate 0 type array 1
[2024-12-07T22:49:39.980+0800][1.438s][debug][gc,humongous      ] GC(2) Live humongous region 138 object size 1048592 start 0x00000000e8a00000  with remset 0 code roots 0 is marked 0 reclaim candidate 0 type array 1
[2024-12-07T22:49:39.980+0800][1.438s][debug][gc,humongous      ] GC(2) Live humongous region 140 object size 1048592 start 0x00000000e8c00000  with remset 0 code roots 0 is marked 0 reclaim candidate 0 type array 1
[2024-12-07T22:49:39.980+0800][1.438s][debug][gc,humongous      ] GC(2) Live humongous region 142 object size 1048592 start 0x00000000e8e00000  with remset 0 code roots 0 is marked 0 reclaim candidate 0 type array 1
[2024-12-07T22:49:39.980+0800][1.438s][debug][gc,humongous      ] GC(2) Live humongous region 144 object size 1048592 start 0x00000000e9000000  with remset 0 code roots 0 is marked 0 reclaim candidate 0 type array 1
[2024-12-07T22:49:39.980+0800][1.438s][debug][gc,humongous      ] GC(2) Live humongous region 146 object size 1048592 start 0x00000000e9200000  with remset 0 code roots 0 is marked 0 reclaim candidate 0 type array 1
[2024-12-07T22:49:39.980+0800][1.438s][debug][gc,humongous      ] GC(2) Live humongous region 148 object size 1048592 start 0x00000000e9400000  with remset 0 code roots 0 is marked 0 reclaim candidate 0 type array 1
[2024-12-07T22:49:39.980+0800][1.438s][debug][gc,humongous      ] GC(2) Live humongous region 150 object size 1048592 start 0x00000000e9600000  with remset 0 code roots 0 is marked 0 reclaim candidate 0 type array 1
[2024-12-07T22:49:39.980+0800][1.438s][debug][gc,humongous      ] GC(2) Live humongous region 152 object size 1048592 start 0x00000000e9800000  with remset 0 code roots 0 is marked 0 reclaim candidate 0 type array 1
[2024-12-07T22:49:39.980+0800][1.439s][debug][gc,humongous      ] GC(2) Live humongous region 154 object size 1048592 start 0x00000000e9a00000  with remset 0 code roots 0 is marked 0 reclaim candidate 0 type array 1
[2024-12-07T22:49:39.980+0800][1.439s][debug][gc,humongous      ] GC(2) Live humongous region 156 object size 1048592 start 0x00000000e9c00000  with remset 0 code roots 0 is marked 0 reclaim candidate 0 type array 1
[2024-12-07T22:49:39.980+0800][1.439s][debug][gc,humongous      ] GC(2) Live humongous region 158 object size 1048592 start 0x00000000e9e00000  with remset 0 code roots 0 is marked 0 reclaim candidate 0 type array 1
[2024-12-07T22:49:39.980+0800][1.439s][debug][gc,humongous      ] GC(2) Live humongous region 160 object size 1048592 start 0x00000000ea000000  with remset 0 code roots 0 is marked 0 reclaim candidate 0 type array 1
[2024-12-07T22:49:39.980+0800][1.439s][debug][gc,humongous      ] GC(2) Live humongous region 162 object size 1048592 start 0x00000000ea200000  with remset 0 code roots 0 is marked 0 reclaim candidate 0 type array 1
[2024-12-07T22:49:39.981+0800][1.439s][debug][gc,humongous      ] GC(2) Live humongous region 164 object size 1048592 start 0x00000000ea400000  with remset 0 code roots 0 is marked 0 reclaim candidate 0 type array 1
[2024-12-07T22:49:39.981+0800][1.439s][debug][gc,humongous      ] GC(2) Live humongous region 166 object size 1048592 start 0x00000000ea600000  with remset 0 code roots 0 is marked 0 reclaim candidate 0 type array 1
[2024-12-07T22:49:39.981+0800][1.439s][debug][gc,humongous      ] GC(2) Live humongous region 168 object size 1048592 start 0x00000000ea800000  with remset 0 code roots 0 is marked 0 reclaim candidate 0 type array 1
[2024-12-07T22:49:39.981+0800][1.439s][debug][gc,humongous      ] GC(2) Live humongous region 170 object size 1048592 start 0x00000000eaa00000  with remset 0 code roots 0 is marked 0 reclaim candidate 0 type array 1
[2024-12-07T22:49:39.981+0800][1.439s][debug][gc,humongous      ] GC(2) Live humongous region 172 object size 1048592 start 0x00000000eac00000  with remset 0 code roots 0 is marked 0 reclaim candidate 0 type array 1
[2024-12-07T22:49:39.981+0800][1.439s][debug][gc,humongous      ] GC(2) Live humongous region 174 object size 1048592 start 0x00000000eae00000  with remset 0 code roots 0 is marked 0 reclaim candidate 0 type array 1
[2024-12-07T22:49:39.981+0800][1.439s][debug][gc,humongous      ] GC(2) Live humongous region 176 object size 1048592 start 0x00000000eb000000  with remset 0 code roots 0 is marked 0 reclaim candidate 0 type array 1
[2024-12-07T22:49:39.981+0800][1.439s][debug][gc,humongous      ] GC(2) Live humongous region 178 object size 1048592 start 0x00000000eb200000  with remset 0 code roots 0 is marked 0 reclaim candidate 0 type array 1
[2024-12-07T22:49:39.981+0800][1.439s][debug][gc,humongous      ] GC(2) Live humongous region 180 object size 1048592 start 0x00000000eb400000  with remset 0 code roots 0 is marked 0 reclaim candidate 0 type array 1
[2024-12-07T22:49:39.981+0800][1.439s][debug][gc,humongous      ] GC(2) Live humongous region 182 object size 1048592 start 0x00000000eb600000  with remset 0 code roots 0 is marked 0 reclaim candidate 0 type array 1
[2024-12-07T22:49:39.981+0800][1.439s][debug][gc,humongous      ] GC(2) Live humongous region 184 object size 1048592 start 0x00000000eb800000  with remset 0 code roots 0 is marked 0 reclaim candidate 0 type array 1
[2024-12-07T22:49:39.981+0800][1.440s][debug][gc,humongous      ] GC(2) Live humongous region 186 object size 1048592 start 0x00000000eba00000  with remset 0 code roots 0 is marked 0 reclaim candidate 0 type array 1
[2024-12-07T22:49:39.981+0800][1.440s][debug][gc,humongous      ] GC(2) Live humongous region 188 object size 1048592 start 0x00000000ebc00000  with remset 0 code roots 0 is marked 0 reclaim candidate 0 type array 1
[2024-12-07T22:49:39.981+0800][1.440s][debug][gc,humongous      ] GC(2) Live humongous region 190 object size 1048592 start 0x00000000ebe00000  with remset 0 code roots 0 is marked 0 reclaim candidate 0 type array 1
[2024-12-07T22:49:39.981+0800][1.440s][debug][gc,humongous      ] GC(2) Live humongous region 192 object size 1048592 start 0x00000000ec000000  with remset 0 code roots 0 is marked 0 reclaim candidate 0 type array 1
[2024-12-07T22:49:39.981+0800][1.440s][debug][gc,humongous      ] GC(2) Live humongous region 194 object size 1048592 start 0x00000000ec200000  with remset 0 code roots 0 is marked 0 reclaim candidate 0 type array 1
[2024-12-07T22:49:39.982+0800][1.440s][debug][gc,humongous      ] GC(2) Live humongous region 196 object size 1048592 start 0x00000000ec400000  with remset 0 code roots 0 is marked 0 reclaim candidate 0 type array 1
[2024-12-07T22:49:39.982+0800][1.440s][debug][gc,humongous      ] GC(2) Live humongous region 198 object size 1048592 start 0x00000000ec600000  with remset 0 code roots 0 is marked 0 reclaim candidate 0 type array 1
[2024-12-07T22:49:39.982+0800][1.440s][debug][gc,humongous      ] GC(2) Live humongous region 200 object size 1048592 start 0x00000000ec800000  with remset 0 code roots 0 is marked 0 reclaim candidate 0 type array 1
[2024-12-07T22:49:39.982+0800][1.440s][debug][gc,humongous      ] GC(2) Live humongous region 202 object size 1048592 start 0x00000000eca00000  with remset 0 code roots 0 is marked 0 reclaim candidate 0 type array 1
[2024-12-07T22:49:39.982+0800][1.440s][debug][gc,humongous      ] GC(2) Live humongous region 204 object size 1048592 start 0x00000000ecc00000  with remset 0 code roots 0 is marked 0 reclaim candidate 0 type array 1
[2024-12-07T22:49:39.982+0800][1.440s][debug][gc,humongous      ] GC(2) Live humongous region 206 object size 1048592 start 0x00000000ece00000  with remset 0 code roots 0 is marked 0 reclaim candidate 0 type array 1
[2024-12-07T22:49:39.982+0800][1.440s][debug][gc,humongous      ] GC(2) Live humongous region 208 object size 1048592 start 0x00000000ed000000  with remset 0 code roots 0 is marked 0 reclaim candidate 0 type array 1
[2024-12-07T22:49:39.982+0800][1.440s][debug][gc,humongous      ] GC(2) Live humongous region 210 object size 1048592 start 0x00000000ed200000  with remset 0 code roots 0 is marked 0 reclaim candidate 0 type array 1
[2024-12-07T22:49:39.982+0800][1.440s][debug][gc,humongous      ] GC(2) Live humongous region 212 object size 1048592 start 0x00000000ed400000  with remset 0 code roots 0 is marked 0 reclaim candidate 0 type array 1
[2024-12-07T22:49:39.982+0800][1.440s][debug][gc,humongous      ] GC(2) Live humongous region 214 object size 1048592 start 0x00000000ed600000  with remset 0 code roots 0 is marked 0 reclaim candidate 0 type array 1
[2024-12-07T22:49:39.982+0800][1.440s][debug][gc,humongous      ] GC(2) Live humongous region 216 object size 1048592 start 0x00000000ed800000  with remset 0 code roots 0 is marked 0 reclaim candidate 0 type array 1
[2024-12-07T22:49:39.982+0800][1.441s][debug][gc,humongous      ] GC(2) Live humongous region 218 object size 1048592 start 0x00000000eda00000  with remset 0 code roots 0 is marked 0 reclaim candidate 0 type array 1
[2024-12-07T22:49:39.982+0800][1.441s][debug][gc,humongous      ] GC(2) Live humongous region 220 object size 1048592 start 0x00000000edc00000  with remset 0 code roots 0 is marked 0 reclaim candidate 0 type array 1
[2024-12-07T22:49:39.982+0800][1.441s][debug][gc,humongous      ] GC(2) Live humongous region 222 object size 1048592 start 0x00000000ede00000  with remset 0 code roots 0 is marked 0 reclaim candidate 0 type array 1
[2024-12-07T22:49:39.982+0800][1.441s][debug][gc,plab           ] GC(2) Young PLAB allocation: allocated: 514560B, wasted: 2136B, unused: 29856B, used: 482568B, undo waste: 0B, 
[2024-12-07T22:49:39.982+0800][1.441s][debug][gc,plab           ] GC(2) Young other allocation: region end waste: 0B, regions filled: 1, direct allocated: 65632B, failure used: 0B, failure wasted: 0B
[2024-12-07T22:49:39.983+0800][1.441s][debug][gc,plab           ] GC(2) Young sizing: calculated: 96512B, actual: 95432B
[2024-12-07T22:49:39.983+0800][1.441s][debug][gc,plab           ] GC(2) Old PLAB allocation: allocated: 0B, wasted: 0B, unused: 0B, used: 0B, undo waste: 0B, 
[2024-12-07T22:49:39.983+0800][1.441s][debug][gc,plab           ] GC(2) Old other allocation: region end waste: 0B, regions filled: 0, direct allocated: 0B, failure used: 0B, failure wasted: 0B
[2024-12-07T22:49:39.983+0800][1.441s][debug][gc,plab           ] GC(2) Old sizing: calculated: 0B, actual: 2064B
[2024-12-07T22:49:39.983+0800][1.441s][debug][gc,alloc,stats    ] Old generation allocation in the last mutator period, old gen allocated: 0B, humongous allocated: 25165824B,old gen growth: 0B.
[2024-12-07T22:49:39.983+0800][1.441s][debug][gc,ihop           ] GC(2) Basic information (value update), threshold: 236873318B (45.00), target occupancy: 526385152B, current occupancy: 211032672B, recent allocation size: 25165824B, recent allocation duration: 108.53ms, recent old gen allocation rate: 231882370.04B/s, recent marking phase length: 0.00ms
[2024-12-07T22:49:39.983+0800][1.441s][debug][gc,ihop           ] GC(2) Adaptive IHOP information (value update), threshold: 236873318B (51.91), internal target occupancy: 456340275B, occupancy: 211032672B, additional buffer size: 31457280B, predicted old gen allocation rate: 274078562.87B/s, predicted marking phase length: 0.00ms, prediction active: false
[2024-12-07T22:49:39.983+0800][1.441s][debug][gc,ergo,refine    ] GC(2) Updated Refinement Zones: green: 18, yellow: 54, red: 90
[2024-12-07T22:49:39.983+0800][1.441s][info ][gc,phases         ] GC(2)   Pre Evacuate Collection Set: 0.3ms
[2024-12-07T22:49:39.983+0800][1.441s][debug][gc,phases         ] GC(2)     Prepare TLABs: 0.8ms
[2024-12-07T22:49:39.983+0800][1.441s][debug][gc,phases         ] GC(2)     Choose Collection Set: 0.3ms
[2024-12-07T22:49:39.983+0800][1.442s][debug][gc,phases         ] GC(2)     Humongous Register: 0.0ms
[2024-12-07T22:49:39.983+0800][1.442s][debug][gc,phases         ] GC(2)     Clear Claimed Marks: 0.0ms
[2024-12-07T22:49:39.983+0800][1.442s][info ][gc,phases         ] GC(2)   Evacuate Collection Set: 13.1ms
[2024-12-07T22:49:39.983+0800][1.442s][debug][gc,phases         ] GC(2)     Ext Root Scanning (ms):   Min:  0.1, Avg:  1.0, Max:  4.1, Diff:  4.0, Sum: 12.4, Workers: 12
[2024-12-07T22:49:39.983+0800][1.442s][debug][gc,phases         ] GC(2)     Update RS (ms):           Min:  0.0, Avg:  0.5, Max:  0.9, Diff:  0.9, Sum:  5.6, Workers: 12
[2024-12-07T22:49:39.984+0800][1.442s][debug][gc,phases         ] GC(2)       Processed Buffers:        Min: 0, Avg:  1.0, Max: 3, Diff: 3, Sum: 12, Workers: 12
[2024-12-07T22:49:39.984+0800][1.442s][debug][gc,phases         ] GC(2)       Scanned Cards:            Min: 0, Avg: 23.3, Max: 73, Diff: 73, Sum: 280, Workers: 12
[2024-12-07T22:49:39.984+0800][1.442s][debug][gc,phases         ] GC(2)       Skipped Cards:            Min: 0, Avg:  4.2, Max: 12, Diff: 12, Sum: 51, Workers: 12
[2024-12-07T22:49:39.984+0800][1.442s][debug][gc,phases         ] GC(2)     Scan RS (ms):             Min:  0.0, Avg:  0.6, Max:  4.0, Diff:  4.0, Sum:  7.8, Workers: 12
[2024-12-07T22:49:39.984+0800][1.442s][debug][gc,phases         ] GC(2)       Scanned Cards:            Min: 0, Avg: 14.3, Max: 61, Diff: 61, Sum: 172, Workers: 12
[2024-12-07T22:49:39.984+0800][1.442s][debug][gc,phases         ] GC(2)       Claimed Cards:            Min: 0, Avg: 23.3, Max: 128, Diff: 128, Sum: 280, Workers: 12
[2024-12-07T22:49:39.984+0800][1.442s][debug][gc,phases         ] GC(2)       Skipped Cards:            Min: 0, Avg: 93.3, Max: 280, Diff: 280, Sum: 1120, Workers: 12
[2024-12-07T22:49:39.984+0800][1.442s][debug][gc,phases         ] GC(2)     Code Root Scanning (ms):  Min:  0.0, Avg:  0.0, Max:  0.1, Diff:  0.1, Sum:  0.1, Workers: 12
[2024-12-07T22:49:39.984+0800][1.442s][debug][gc,phases         ] GC(2)     AOT Root Scanning (ms):   skipped
[2024-12-07T22:49:39.984+0800][1.442s][debug][gc,phases         ] GC(2)     Object Copy (ms):         Min:  0.0, Avg:  0.2, Max:  0.6, Diff:  0.6, Sum:  2.1, Workers: 12
[2024-12-07T22:49:39.984+0800][1.442s][debug][gc,phases         ] GC(2)     Termination (ms):         Min:  0.0, Avg:  2.8, Max:  3.7, Diff:  3.7, Sum: 33.8, Workers: 12
[2024-12-07T22:49:39.984+0800][1.443s][debug][gc,phases         ] GC(2)       Termination Attempts:     Min: 1, Avg:  1.0, Max: 1, Diff: 0, Sum: 12, Workers: 12
[2024-12-07T22:49:39.984+0800][1.443s][debug][gc,phases         ] GC(2)     GC Worker Other (ms):     Min:  4.9, Avg:  6.1, Max:  7.0, Diff:  2.1, Sum: 73.1, Workers: 12
[2024-12-07T22:49:39.985+0800][1.443s][debug][gc,phases         ] GC(2)     GC Worker Total (ms):     Min: 10.4, Avg: 11.2, Max: 12.0, Diff:  1.6, Sum: 134.9, Workers: 12
[2024-12-07T22:49:39.985+0800][1.443s][info ][gc,phases         ] GC(2)   Post Evacuate Collection Set: 9.0ms
[2024-12-07T22:49:39.985+0800][1.443s][debug][gc,phases         ] GC(2)     Code Roots Fixup: 0.0ms
[2024-12-07T22:49:39.985+0800][1.444s][debug][gc,phases         ] GC(2)     Clear Card Table: 0.2ms
[2024-12-07T22:49:39.985+0800][1.444s][debug][gc,phases         ] GC(2)     Reference Processing: 0.2ms
[2024-12-07T22:49:39.986+0800][1.444s][debug][gc,phases,ref     ] GC(2)       Reconsider SoftReferences: 0.1ms
[2024-12-07T22:49:39.986+0800][1.444s][debug][gc,phases,ref     ] GC(2)         SoftRef (ms):             skipped
[2024-12-07T22:49:39.986+0800][1.444s][debug][gc,phases,ref     ] GC(2)       Notify Soft/WeakReferences: 0.0ms
[2024-12-07T22:49:39.986+0800][1.444s][debug][gc,phases,ref     ] GC(2)         SoftRef (ms):             Min:  0.0, Avg:  0.0, Max:  0.0, Diff:  0.0, Sum:  0.0, Workers: 1
[2024-12-07T22:49:39.986+0800][1.445s][debug][gc,phases,ref     ] GC(2)         WeakRef (ms):             Min:  0.0, Avg:  0.0, Max:  0.0, Diff:  0.0, Sum:  0.0, Workers: 1
[2024-12-07T22:49:39.986+0800][1.445s][debug][gc,phases,ref     ] GC(2)         FinalRef (ms):            Min:  0.0, Avg:  0.0, Max:  0.0, Diff:  0.0, Sum:  0.0, Workers: 1
[2024-12-07T22:49:39.986+0800][1.445s][debug][gc,phases,ref     ] GC(2)         Total (ms):               Min:  0.0, Avg:  0.0, Max:  0.0, Diff:  0.0, Sum:  0.0, Workers: 1
[2024-12-07T22:49:39.986+0800][1.445s][debug][gc,phases,ref     ] GC(2)       Notify and keep alive finalizable: 0.1ms
[2024-12-07T22:49:39.987+0800][1.445s][debug][gc,phases,ref     ] GC(2)         FinalRef (ms):            skipped
[2024-12-07T22:49:39.987+0800][1.445s][debug][gc,phases,ref     ] GC(2)       Notify PhantomReferences: 0.0ms
[2024-12-07T22:49:39.987+0800][1.445s][debug][gc,phases,ref     ] GC(2)         PhantomRef (ms):          Min:  0.0, Avg:  0.0, Max:  0.0, Diff:  0.0, Sum:  0.0, Workers: 1
[2024-12-07T22:49:39.987+0800][1.445s][debug][gc,phases,ref     ] GC(2)       SoftReference:
[2024-12-07T22:49:39.987+0800][1.445s][debug][gc,phases,ref     ] GC(2)         Discovered: 0
[2024-12-07T22:49:39.987+0800][1.446s][debug][gc,phases,ref     ] GC(2)         Cleared: 0
[2024-12-07T22:49:39.987+0800][1.446s][debug][gc,phases,ref     ] GC(2)       WeakReference:
[2024-12-07T22:49:39.988+0800][1.446s][debug][gc,phases,ref     ] GC(2)         Discovered: 15
[2024-12-07T22:49:39.988+0800][1.446s][debug][gc,phases,ref     ] GC(2)         Cleared: 15
[2024-12-07T22:49:39.988+0800][1.446s][debug][gc,phases,ref     ] GC(2)       FinalReference:
[2024-12-07T22:49:39.988+0800][1.446s][debug][gc,phases,ref     ] GC(2)         Discovered: 0
[2024-12-07T22:49:39.988+0800][1.446s][debug][gc,phases,ref     ] GC(2)         Cleared: 0
[2024-12-07T22:49:39.988+0800][1.446s][debug][gc,phases,ref     ] GC(2)       PhantomReference:
[2024-12-07T22:49:39.988+0800][1.446s][debug][gc,phases,ref     ] GC(2)         Discovered: 5
[2024-12-07T22:49:39.988+0800][1.446s][debug][gc,phases,ref     ] GC(2)         Cleared: 5
[2024-12-07T22:49:39.988+0800][1.447s][debug][gc,phases         ] GC(2)     Weak Processing: 0.0ms
[2024-12-07T22:49:39.988+0800][1.447s][debug][gc,phases         ] GC(2)     Merge Per-Thread State: 0.0ms
[2024-12-07T22:49:39.988+0800][1.447s][debug][gc,phases         ] GC(2)     Code Roots Purge: 0.0ms
[2024-12-07T22:49:39.988+0800][1.447s][debug][gc,phases         ] GC(2)     Redirty Cards: 0.1ms
[2024-12-07T22:49:39.989+0800][1.447s][debug][gc,phases         ] GC(2)     DerivedPointerTable Update: 0.0ms
[2024-12-07T22:49:39.989+0800][1.447s][debug][gc,phases         ] GC(2)     Free Collection Set: 0.1ms
[2024-12-07T22:49:39.989+0800][1.447s][debug][gc,phases         ] GC(2)     Humongous Reclaim: 8.3ms
[2024-12-07T22:49:39.989+0800][1.447s][debug][gc,phases         ] GC(2)     Start New Collection Set: 0.0ms
[2024-12-07T22:49:39.989+0800][1.447s][debug][gc,phases         ] GC(2)     Resize TLABs: 0.0ms
[2024-12-07T22:49:39.989+0800][1.447s][debug][gc,phases         ] GC(2)     Expand Heap After Collection: 0.0ms
[2024-12-07T22:49:39.989+0800][1.448s][info ][gc,phases         ] GC(2)   Other: 5.8ms
[2024-12-07T22:49:39.989+0800][1.448s][info ][gc,heap           ] GC(2) Eden regions: 1->0(29)
[2024-12-07T22:49:39.989+0800][1.448s][info ][gc,heap           ] GC(2) Survivor regions: 1->1(32)
[2024-12-07T22:49:39.990+0800][1.448s][info ][gc,heap           ] GC(2) Old regions: 2->2
[2024-12-07T22:49:39.990+0800][1.448s][info ][gc,heap           ] GC(2) Humongous regions: 224->200
[2024-12-07T22:49:39.990+0800][1.448s][info ][gc,metaspace      ] GC(2) Metaspace: 641K(4864K)->641K(4864K) NonClass: 588K(4352K)->588K(4352K) Class: 52K(512K)->52K(512K)
[2024-12-07T22:49:39.990+0800][1.448s][debug][gc,heap           ] GC(2) Heap after GC invocations=3 (full 0): garbage-first heap   total 516096K, used 206086K [0x00000000e0000000, 0x0000000100000000)
[2024-12-07T22:49:39.990+0800][1.448s][debug][gc,heap           ] GC(2)   region size 1024K, 1 young (1024K), 1 survivors (1024K)
[2024-12-07T22:49:39.990+0800][1.448s][debug][gc,heap           ] GC(2)  Metaspace       used 641K, capacity 4574K, committed 4864K, reserved 1056768K
[2024-12-07T22:49:39.990+0800][1.449s][debug][gc,heap           ] GC(2)   class space    used 52K, capacity 418K, committed 512K, reserved 1048576K
[2024-12-07T22:49:39.990+0800][1.449s][info ][gc                ] GC(2) Pause Young (Concurrent Start) (G1 Humongous Allocation) 225M->201M(504M) 32.865ms
[2024-12-07T22:49:39.990+0800][1.449s][info ][gc,cpu            ] GC(2) User=0.01s Sys=0.04s Real=0.04s
[2024-12-07T22:49:39.991+0800][1.449s][info ][gc                ] GC(3) Concurrent Cycle
[2024-12-07T22:49:39.991+0800][1.449s][info ][gc,marking        ] GC(3) Concurrent Clear Claimed Marks
[2024-12-07T22:49:39.991+0800][1.449s][info ][gc,marking        ] GC(3) Concurrent Clear Claimed Marks 0.095ms
[2024-12-07T22:49:39.991+0800][1.449s][info ][gc,marking        ] GC(3) Concurrent Scan Root Regions
[2024-12-07T22:49:39.991+0800][1.449s][debug][gc,ergo           ] GC(3) Running G1 Root Region Scan using 1 workers for 1 work units.
[2024-12-07T22:49:39.992+0800][1.450s][info ][gc,marking        ] GC(3) Concurrent Scan Root Regions 0.585ms
[2024-12-07T22:49:39.992+0800][1.450s][info ][gc,marking        ] GC(3) Concurrent Mark (1.450s)
[2024-12-07T22:49:39.992+0800][1.450s][info ][gc,marking        ] GC(3) Concurrent Mark From Roots
[2024-12-07T22:49:39.992+0800][1.450s][info ][gc,task           ] GC(3) Using 5 workers of 5 for marking
[2024-12-07T22:49:39.992+0800][1.451s][debug][gc,stats          ] ---------------------------------------------------------------------
[2024-12-07T22:49:39.992+0800][1.451s][debug][gc,stats          ] Marking Stats, task = 0, calls = 1
[2024-12-07T22:49:39.993+0800][1.451s][debug][gc,stats          ]   Elapsed time = 0.48ms, Termination time = 0.00ms
[2024-12-07T22:49:39.993+0800][1.451s][debug][gc,stats          ]   Step Times (cum): num = 111, avg = 0.00ms, sd = 0.04ms max = 0.42ms, total = 0.42ms
[2024-12-07T22:49:39.993+0800][1.451s][debug][gc,stats          ]   Mark Stats Cache: hits 8354 misses 101 ratio 98.805
[2024-12-07T22:49:39.993+0800][1.451s][debug][gc,stats          ] ---------------------------------------------------------------------
[2024-12-07T22:49:39.993+0800][1.451s][debug][gc,stats          ] Marking Stats, task = 1, calls = 32
[2024-12-07T22:49:39.993+0800][1.451s][debug][gc,stats          ]   Elapsed time = 0.47ms, Termination time = 0.00ms
[2024-12-07T22:49:39.993+0800][1.451s][debug][gc,stats          ]   Step Times (cum): num = 66, avg = 0.00ms, sd = 0.00ms max = 0.00ms, total = 0.00ms
[2024-12-07T22:49:39.993+0800][1.452s][debug][gc,stats          ]   Mark Stats Cache: hits 2636 misses 2 ratio 99.924
[2024-12-07T22:49:39.993+0800][1.452s][debug][gc,stats          ] ---------------------------------------------------------------------
[2024-12-07T22:49:39.993+0800][1.452s][debug][gc,stats          ] Marking Stats, task = 2, calls = 32
[2024-12-07T22:49:39.994+0800][1.452s][debug][gc,stats          ]   Elapsed time = 0.47ms, Termination time = 0.00ms
[2024-12-07T22:49:39.994+0800][1.452s][debug][gc,stats          ]   Step Times (cum): num = 67, avg = 0.01ms, sd = 0.05ms max = 0.41ms, total = 0.41ms
[2024-12-07T22:49:39.994+0800][1.452s][debug][gc,stats          ]   Mark Stats Cache: hits 764 misses 2 ratio 99.739
[2024-12-07T22:49:39.994+0800][1.452s][debug][gc,stats          ] ---------------------------------------------------------------------
[2024-12-07T22:49:39.994+0800][1.452s][debug][gc,stats          ] Marking Stats, task = 3, calls = 38
[2024-12-07T22:49:39.994+0800][1.453s][debug][gc,stats          ]   Elapsed time = 0.41ms, Termination time = 0.00ms
[2024-12-07T22:49:39.994+0800][1.453s][debug][gc,stats          ]   Step Times (cum): num = 40, avg = 0.01ms, sd = 0.06ms max = 0.41ms, total = 0.41ms
[2024-12-07T22:49:39.995+0800][1.453s][debug][gc,stats          ]   Mark Stats Cache: hits 662 misses 1 ratio 99.849
[2024-12-07T22:49:39.995+0800][1.453s][debug][gc,stats          ] ---------------------------------------------------------------------
[2024-12-07T22:49:39.995+0800][1.453s][debug][gc,stats          ] Marking Stats, task = 4, calls = 37
[2024-12-07T22:49:39.995+0800][1.453s][debug][gc,stats          ]   Elapsed time = 0.39ms, Termination time = 0.00ms
[2024-12-07T22:49:39.995+0800][1.453s][debug][gc,stats          ]   Step Times (cum): num = 70, avg = 0.01ms, sd = 0.05ms max = 0.41ms, total = 0.41ms
[2024-12-07T22:49:39.995+0800][1.453s][debug][gc,stats          ]   Mark Stats Cache: hits 611 misses 1 ratio 99.837
[2024-12-07T22:49:39.995+0800][1.453s][debug][gc,stats          ] ---------------------------------------------------------------------
[2024-12-07T22:49:39.995+0800][1.454s][info ][gc,marking        ] GC(3) Concurrent Mark From Roots 3.487ms
[2024-12-07T22:49:39.995+0800][1.454s][info ][gc,marking        ] GC(3) Concurrent Preclean
[2024-12-07T22:49:39.995+0800][1.454s][debug][gc,ref,start      ] GC(3) Preclean SoftReferences
[2024-12-07T22:49:39.995+0800][1.454s][debug][gc,ref            ] GC(3) Preclean SoftReferences 0.103ms
[2024-12-07T22:49:39.996+0800][1.454s][debug][gc,ref,start      ] GC(3) Preclean WeakReferences
[2024-12-07T22:49:39.996+0800][1.454s][debug][gc,ref            ] GC(3) Preclean WeakReferences 0.097ms
[2024-12-07T22:49:39.996+0800][1.454s][debug][gc,ref,start      ] GC(3) Preclean FinalReferences
[2024-12-07T22:49:39.996+0800][1.454s][debug][gc,ref            ] GC(3) Preclean FinalReferences 0.099ms
[2024-12-07T22:49:39.996+0800][1.454s][debug][gc,ref,start      ] GC(3) Preclean PhantomReferences
[2024-12-07T22:49:39.996+0800][1.454s][debug][gc,ref            ] GC(3) Preclean PhantomReferences 0.096ms
[2024-12-07T22:49:39.996+0800][1.454s][info ][gc,marking        ] GC(3) Concurrent Preclean 0.846ms
[2024-12-07T22:49:39.996+0800][1.455s][info ][gc,marking        ] GC(3) Concurrent Mark (1.450s, 1.455s) 4.609ms
[2024-12-07T22:49:39.996+0800][1.455s][info ][gc,start          ] GC(3) Pause Remark
[2024-12-07T22:49:39.997+0800][1.455s][debug][gc,phases,start   ] GC(3) Finalize Marking
[2024-12-07T22:49:39.997+0800][1.455s][debug][gc,stats          ] ---------------------------------------------------------------------
[2024-12-07T22:49:39.997+0800][1.455s][debug][gc,stats          ] Marking Stats, task = 0, calls = 74
[2024-12-07T22:49:39.997+0800][1.455s][debug][gc,stats          ]   Elapsed time = 0.16ms, Termination time = 0.00ms
[2024-12-07T22:49:39.997+0800][1.456s][debug][gc,stats          ]   Step Times (cum): num = 184, avg = 0.00ms, sd = 0.03ms max = 0.42ms, total = 0.42ms
[2024-12-07T22:49:39.997+0800][1.456s][debug][gc,stats          ]   Mark Stats Cache: hits 8354 misses 101 ratio 98.805
[2024-12-07T22:49:39.997+0800][1.456s][debug][gc,stats          ] ---------------------------------------------------------------------
[2024-12-07T22:49:39.997+0800][1.456s][debug][gc,stats          ] Marking Stats, task = 1, calls = 33
[2024-12-07T22:49:39.998+0800][1.456s][debug][gc,stats          ]   Elapsed time = 0.15ms, Termination time = 0.00ms
[2024-12-07T22:49:39.998+0800][1.456s][debug][gc,stats          ]   Step Times (cum): num = 67, avg = 0.00ms, sd = 0.00ms max = 0.00ms, total = 0.00ms
[2024-12-07T22:49:39.998+0800][1.456s][debug][gc,stats          ]   Mark Stats Cache: hits 2636 misses 2 ratio 99.924
[2024-12-07T22:49:39.998+0800][1.456s][debug][gc,stats          ] ---------------------------------------------------------------------
[2024-12-07T22:49:39.998+0800][1.456s][debug][gc,stats          ] Marking Stats, task = 2, calls = 33
[2024-12-07T22:49:39.998+0800][1.456s][debug][gc,stats          ]   Elapsed time = 0.15ms, Termination time = 0.00ms
[2024-12-07T22:49:39.998+0800][1.456s][debug][gc,stats          ]   Step Times (cum): num = 68, avg = 0.01ms, sd = 0.05ms max = 0.41ms, total = 0.41ms
[2024-12-07T22:49:39.998+0800][1.457s][debug][gc,stats          ]   Mark Stats Cache: hits 764 misses 2 ratio 99.739
[2024-12-07T22:49:39.998+0800][1.457s][debug][gc,stats          ] ---------------------------------------------------------------------
[2024-12-07T22:49:39.998+0800][1.457s][debug][gc,stats          ] Marking Stats, task = 3, calls = 39
[2024-12-07T22:49:39.998+0800][1.457s][debug][gc,stats          ]   Elapsed time = 0.15ms, Termination time = 0.00ms
[2024-12-07T22:49:39.999+0800][1.457s][debug][gc,stats          ]   Step Times (cum): num = 41, avg = 0.01ms, sd = 0.06ms max = 0.41ms, total = 0.41ms
[2024-12-07T22:49:39.999+0800][1.457s][debug][gc,stats          ]   Mark Stats Cache: hits 662 misses 1 ratio 99.849
[2024-12-07T22:49:39.999+0800][1.457s][debug][gc,stats          ] ---------------------------------------------------------------------
[2024-12-07T22:49:39.999+0800][1.457s][debug][gc,stats          ] Marking Stats, task = 4, calls = 38
[2024-12-07T22:49:39.999+0800][1.457s][debug][gc,stats          ]   Elapsed time = 0.15ms, Termination time = 0.00ms
[2024-12-07T22:49:39.999+0800][1.457s][debug][gc,stats          ]   Step Times (cum): num = 71, avg = 0.01ms, sd = 0.05ms max = 0.41ms, total = 0.41ms
[2024-12-07T22:49:39.999+0800][1.458s][debug][gc,stats          ]   Mark Stats Cache: hits 611 misses 1 ratio 99.837
[2024-12-07T22:49:39.999+0800][1.458s][debug][gc,stats          ] ---------------------------------------------------------------------
[2024-12-07T22:49:39.999+0800][1.458s][debug][gc,stats          ] Marking Stats, task = 5, calls = 1
[2024-12-07T22:49:39.999+0800][1.458s][debug][gc,stats          ]   Elapsed time = 0.15ms, Termination time = 0.00ms
[2024-12-07T22:49:40.000+0800][1.458s][debug][gc,stats          ]   Step Times (cum): num = 2, avg = 0.00ms, sd = 0.00ms max = 0.00ms, total = 0.00ms
[2024-12-07T22:49:40.000+0800][1.458s][debug][gc,stats          ]   Mark Stats Cache: hits 0 misses 0 ratio 0.000
[2024-12-07T22:49:40.000+0800][1.458s][debug][gc,stats          ] ---------------------------------------------------------------------
[2024-12-07T22:49:40.000+0800][1.458s][debug][gc,stats          ] Marking Stats, task = 6, calls = 1
[2024-12-07T22:49:40.000+0800][1.458s][debug][gc,stats          ]   Elapsed time = 0.19ms, Termination time = 0.00ms
[2024-12-07T22:49:40.000+0800][1.458s][debug][gc,stats          ]   Step Times (cum): num = 2, avg = 0.00ms, sd = 0.00ms max = 0.00ms, total = 0.00ms
[2024-12-07T22:49:40.000+0800][1.459s][debug][gc,stats          ]   Mark Stats Cache: hits 0 misses 0 ratio 0.000
[2024-12-07T22:49:40.000+0800][1.459s][debug][gc,stats          ] ---------------------------------------------------------------------
[2024-12-07T22:49:40.000+0800][1.459s][debug][gc,stats          ] Marking Stats, task = 7, calls = 1
[2024-12-07T22:49:40.000+0800][1.459s][debug][gc,stats          ]   Elapsed time = 0.14ms, Termination time = 0.00ms
[2024-12-07T22:49:40.001+0800][1.459s][debug][gc,stats          ]   Step Times (cum): num = 2, avg = 0.19ms, sd = 0.19ms max = 0.38ms, total = 0.38ms
[2024-12-07T22:49:40.001+0800][1.459s][debug][gc,stats          ]   Mark Stats Cache: hits 0 misses 0 ratio 0.000
[2024-12-07T22:49:40.001+0800][1.459s][debug][gc,stats          ] ---------------------------------------------------------------------
[2024-12-07T22:49:40.001+0800][1.459s][debug][gc,stats          ] Marking Stats, task = 8, calls = 1
[2024-12-07T22:49:40.001+0800][1.459s][debug][gc,stats          ]   Elapsed time = 0.14ms, Termination time = 0.00ms
[2024-12-07T22:49:40.001+0800][1.459s][debug][gc,stats          ]   Step Times (cum): num = 2, avg = 0.10ms, sd = 0.10ms max = 0.20ms, total = 0.20ms
[2024-12-07T22:49:40.001+0800][1.459s][debug][gc,stats          ]   Mark Stats Cache: hits 0 misses 0 ratio 0.000
[2024-12-07T22:49:40.001+0800][1.460s][debug][gc,stats          ] ---------------------------------------------------------------------
[2024-12-07T22:49:40.001+0800][1.460s][debug][gc,stats          ] Marking Stats, task = 9, calls = 1
[2024-12-07T22:49:40.001+0800][1.460s][debug][gc,stats          ]   Elapsed time = 0.07ms, Termination time = 0.00ms
[2024-12-07T22:49:40.001+0800][1.460s][debug][gc,stats          ]   Step Times (cum): num = 2, avg = 0.00ms, sd = 0.00ms max = 0.00ms, total = 0.00ms
[2024-12-07T22:49:40.002+0800][1.460s][debug][gc,stats          ]   Mark Stats Cache: hits 0 misses 0 ratio 0.000
[2024-12-07T22:49:40.002+0800][1.460s][debug][gc,stats          ] ---------------------------------------------------------------------
[2024-12-07T22:49:40.002+0800][1.460s][debug][gc,stats          ] Marking Stats, task = 10, calls = 1
[2024-12-07T22:49:40.002+0800][1.460s][debug][gc,stats          ]   Elapsed time = 0.07ms, Termination time = 0.00ms
[2024-12-07T22:49:40.002+0800][1.460s][debug][gc,stats          ]   Step Times (cum): num = 2, avg = 0.00ms, sd = 0.00ms max = 0.00ms, total = 0.00ms
[2024-12-07T22:49:40.002+0800][1.460s][debug][gc,stats          ]   Mark Stats Cache: hits 0 misses 0 ratio 0.000
[2024-12-07T22:49:40.002+0800][1.460s][debug][gc,stats          ] ---------------------------------------------------------------------
[2024-12-07T22:49:40.002+0800][1.461s][debug][gc,stats          ] Marking Stats, task = 11, calls = 1
[2024-12-07T22:49:40.002+0800][1.461s][debug][gc,stats          ]   Elapsed time = 0.00ms, Termination time = 0.00ms
[2024-12-07T22:49:40.002+0800][1.461s][debug][gc,stats          ]   Step Times (cum): num = 2, avg = 0.00ms, sd = 0.00ms max = 0.00ms, total = 0.00ms
[2024-12-07T22:49:40.002+0800][1.461s][debug][gc,stats          ]   Mark Stats Cache: hits 0 misses 0 ratio 0.000
[2024-12-07T22:49:40.003+0800][1.461s][debug][gc,stats          ] ---------------------------------------------------------------------
[2024-12-07T22:49:40.003+0800][1.461s][debug][gc,phases         ] GC(3) Finalize Marking 6.120ms
[2024-12-07T22:49:40.003+0800][1.461s][debug][gc,phases,start   ] GC(3) Reference Processing
[2024-12-07T22:49:40.003+0800][1.461s][debug][gc,ref            ] GC(3) Skipped phase1 of Reference Processing due to unavailable references
[2024-12-07T22:49:40.003+0800][1.461s][debug][gc,ref            ] GC(3) Skipped phase2 of Reference Processing due to unavailable references
[2024-12-07T22:49:40.003+0800][1.461s][debug][gc,ref            ] GC(3) Skipped phase3 of Reference Processing due to unavailable references
[2024-12-07T22:49:40.003+0800][1.461s][debug][gc,ref            ] GC(3) Skipped phase4 of Reference Processing due to unavailable references
[2024-12-07T22:49:40.003+0800][1.461s][debug][gc,phases,ref     ] GC(3) Reference Processing: 0.4ms
[2024-12-07T22:49:40.003+0800][1.462s][debug][gc,phases,ref     ] GC(3)   Reconsider SoftReferences: 0.1ms
[2024-12-07T22:49:40.003+0800][1.462s][debug][gc,phases,ref     ] GC(3)     SoftRef (ms):             skipped
[2024-12-07T22:49:40.003+0800][1.462s][debug][gc,phases,ref     ] GC(3)   Notify Soft/WeakReferences: 0.1ms
[2024-12-07T22:49:40.004+0800][1.462s][debug][gc,phases,ref     ] GC(3)     SoftRef (ms):             skipped
[2024-12-07T22:49:40.004+0800][1.462s][debug][gc,phases,ref     ] GC(3)     WeakRef (ms):             skipped
[2024-12-07T22:49:40.004+0800][1.462s][debug][gc,phases,ref     ] GC(3)     FinalRef (ms):            skipped
[2024-12-07T22:49:40.004+0800][1.462s][debug][gc,phases,ref     ] GC(3)     Total (ms):               skipped
[2024-12-07T22:49:40.004+0800][1.462s][debug][gc,phases,ref     ] GC(3)   Notify and keep alive finalizable: 0.1ms
[2024-12-07T22:49:40.004+0800][1.462s][debug][gc,phases,ref     ] GC(3)     FinalRef (ms):            skipped
[2024-12-07T22:49:40.004+0800][1.462s][debug][gc,phases,ref     ] GC(3)   Notify PhantomReferences: 0.1ms
[2024-12-07T22:49:40.004+0800][1.463s][debug][gc,phases,ref     ] GC(3)     PhantomRef (ms):          skipped
[2024-12-07T22:49:40.004+0800][1.463s][debug][gc,phases,ref     ] GC(3)   SoftReference:
[2024-12-07T22:49:40.004+0800][1.463s][debug][gc,phases,ref     ] GC(3)     Discovered: 0
[2024-12-07T22:49:40.004+0800][1.463s][debug][gc,phases,ref     ] GC(3)     Cleared: 0
[2024-12-07T22:49:40.005+0800][1.463s][debug][gc,phases,ref     ] GC(3)   WeakReference:
[2024-12-07T22:49:40.005+0800][1.463s][debug][gc,phases,ref     ] GC(3)     Discovered: 0
[2024-12-07T22:49:40.005+0800][1.463s][debug][gc,phases,ref     ] GC(3)     Cleared: 0
[2024-12-07T22:49:40.005+0800][1.463s][debug][gc,phases,ref     ] GC(3)   FinalReference:
[2024-12-07T22:49:40.005+0800][1.463s][debug][gc,phases,ref     ] GC(3)     Discovered: 0
[2024-12-07T22:49:40.005+0800][1.463s][debug][gc,phases,ref     ] GC(3)     Cleared: 0
[2024-12-07T22:49:40.005+0800][1.463s][debug][gc,phases,ref     ] GC(3)   PhantomReference:
[2024-12-07T22:49:40.005+0800][1.464s][debug][gc,phases,ref     ] GC(3)     Discovered: 0
[2024-12-07T22:49:40.005+0800][1.464s][debug][gc,phases,ref     ] GC(3)     Cleared: 0
[2024-12-07T22:49:40.005+0800][1.464s][debug][gc,phases         ] GC(3) Reference Processing 2.662ms
[2024-12-07T22:49:40.006+0800][1.464s][debug][gc,phases,start   ] GC(3) Weak Processing
[2024-12-07T22:49:40.006+0800][1.464s][debug][gc,phases         ] GC(3) Weak Processing 0.102ms
[2024-12-07T22:49:40.006+0800][1.464s][debug][gc,phases,start   ] GC(3) Class Unloading
[2024-12-07T22:49:40.006+0800][1.464s][debug][gc,phases,start   ] GC(3) ClassLoaderData
[2024-12-07T22:49:40.006+0800][1.464s][debug][gc,phases         ] GC(3) ClassLoaderData 0.114ms
[2024-12-07T22:49:40.006+0800][1.464s][debug][gc,phases,start   ] GC(3) ProtectionDomainCacheTable
[2024-12-07T22:49:40.006+0800][1.464s][debug][gc,phases         ] GC(3) ProtectionDomainCacheTable 0.094ms
[2024-12-07T22:49:40.006+0800][1.465s][info ][gc,stringtable    ] GC(3) Cleaned string and symbol table, strings: 68 processed, 0 removed, symbols: 226 processed, 0 removed
[2024-12-07T22:49:40.007+0800][1.465s][debug][gc,phases         ] GC(3) Class Unloading 0.849ms
[2024-12-07T22:49:40.007+0800][1.465s][debug][gc,phases,start   ] GC(3) Flush Task Caches
[2024-12-07T22:49:40.007+0800][1.465s][debug][gc,stats          ] Mark stats cache hits 13027 misses 107 ratio 99.185
[2024-12-07T22:49:40.007+0800][1.465s][debug][gc,phases         ] GC(3) Flush Task Caches 0.204ms
[2024-12-07T22:49:40.007+0800][1.465s][debug][gc,phases,start   ] GC(3) Update Remembered Set Tracking Before Rebuild
[2024-12-07T22:49:40.007+0800][1.465s][debug][gc,ergo           ] GC(3) Running G1 Update RemSet Tracking Before Rebuild using 2 workers for 504 regions in heap
[2024-12-07T22:49:40.007+0800][1.466s][debug][gc,remset,tracking] GC(3) Remembered Set Tracking update regions total 504, selected 0
[2024-12-07T22:49:40.007+0800][1.466s][debug][gc,phases         ] GC(3) Update Remembered Set Tracking Before Rebuild 0.317ms
[2024-12-07T22:49:40.007+0800][1.466s][debug][gc,phases,start   ] GC(3) Reclaim Empty Regions
[2024-12-07T22:49:40.008+0800][1.466s][debug][gc,phases         ] GC(3) Reclaim Empty Regions 0.193ms
[2024-12-07T22:49:40.008+0800][1.466s][debug][gc,phases,start   ] GC(3) Purge Metaspace
[2024-12-07T22:49:40.008+0800][1.466s][debug][gc,phases         ] GC(3) Purge Metaspace 0.104ms
[2024-12-07T22:49:40.008+0800][1.466s][debug][gc,phases,start   ] GC(3) Report Object Count
[2024-12-07T22:49:40.008+0800][1.466s][debug][gc,phases         ] GC(3) Report Object Count 0.090ms
[2024-12-07T22:49:40.008+0800][1.466s][info ][gc                ] GC(3) Pause Remark 213M->213M(504M) 11.658ms
[2024-12-07T22:49:40.008+0800][1.466s][info ][gc,cpu            ] GC(3) User=0.00s Sys=0.01s Real=0.01s
[2024-12-07T22:49:40.008+0800][1.467s][info ][gc,marking        ] GC(3) Concurrent Rebuild Remembered Sets
[2024-12-07T22:49:40.009+0800][1.467s][info ][gc,marking        ] GC(3) Concurrent Rebuild Remembered Sets 0.292ms
[2024-12-07T22:49:40.009+0800][1.467s][info ][gc,start          ] GC(3) Pause Cleanup
[2024-12-07T22:49:40.009+0800][1.467s][debug][gc,phases,start   ] GC(3) Update Remembered Set Tracking After Rebuild
[2024-12-07T22:49:40.009+0800][1.467s][debug][gc,phases         ] GC(3) Update Remembered Set Tracking After Rebuild 0.095ms
[2024-12-07T22:49:40.009+0800][1.467s][debug][gc,phases,start   ] GC(3) Finalize Concurrent Mark Cleanup
[2024-12-07T22:49:40.009+0800][1.468s][debug][gc,ergo           ] GC(3) request young-only gcs (candidate old regions not available)
[2024-12-07T22:49:40.009+0800][1.468s][debug][gc,phases         ] GC(3) Finalize Concurrent Mark Cleanup 0.272ms
[2024-12-07T22:49:40.009+0800][1.468s][info ][gc                ] GC(3) Pause Cleanup 213M->213M(504M) 0.635ms
[2024-12-07T22:49:40.010+0800][1.468s][info ][gc,cpu            ] GC(3) User=0.00s Sys=0.00s Real=0.01s
[2024-12-07T22:49:40.010+0800][1.468s][info ][gc,marking        ] GC(3) Concurrent Cleanup for Next Mark
[2024-12-07T22:49:40.010+0800][1.468s][debug][gc,ergo           ] GC(3) Running G1 Clear Bitmap with 5 workers for 8 work units.
[2024-12-07T22:49:40.011+0800][1.470s][info ][gc,marking        ] GC(3) Concurrent Cleanup for Next Mark 1.755ms
[2024-12-07T22:49:40.011+0800][1.470s][info ][gc                ] GC(3) Concurrent Cycle 20.904ms
[2024-12-07T22:49:40.096+0800][1.555s][debug][gc,ergo,ihop      ] Request concurrent cycle initiation (occupancy higher than threshold) occupancy: 236978176B allocation request: 1048592B threshold: 236873318B (44.82) source: concurrent humongous allocation
[2024-12-07T22:49:40.098+0800][1.556s][debug][gc,ergo           ] Request concurrent cycle initiation (requested by GC cause). GC cause: G1 Humongous Allocation
[2024-12-07T22:49:40.098+0800][1.556s][debug][gc,heap           ] GC(4) Heap before GC invocations=4 (full 0): garbage-first heap   total 516096K, used 230662K [0x00000000e0000000, 0x0000000100000000)
[2024-12-07T22:49:40.098+0800][1.557s][debug][gc,heap           ] GC(4)   region size 1024K, 2 young (2048K), 1 survivors (1024K)
[2024-12-07T22:49:40.099+0800][1.557s][debug][gc,heap           ] GC(4)  Metaspace       used 642K, capacity 4574K, committed 4864K, reserved 1056768K
[2024-12-07T22:49:40.099+0800][1.557s][debug][gc,heap           ] GC(4)   class space    used 52K, capacity 418K, committed 512K, reserved 1048576K
[2024-12-07T22:49:40.099+0800][1.557s][debug][gc,ergo           ] GC(4) Initiate concurrent cycle (concurrent cycle initiation requested)
[2024-12-07T22:49:40.099+0800][1.558s][info ][gc,start          ] GC(4) Pause Young (Concurrent Start) (G1 Humongous Allocation)
[2024-12-07T22:49:40.100+0800][1.559s][info ][gc,task           ] GC(4) Using 12 workers of 18 for evacuation
[2024-12-07T22:49:40.101+0800][1.559s][debug][gc,tlab           ] GC(4) TLAB totals: thrds: 1  refills: 1 max: 1 slow allocs: 12 max 12 waste: 99.5% gc: 521568B max: 521568B slow: 0B max: 0B fast: 0B max: 0B
[2024-12-07T22:49:40.101+0800][1.559s][debug][gc,alloc,region   ] GC(4) Mutator Allocation stats, regions: 1, wasted size: 0B ( 0.0%)
[2024-12-07T22:49:40.102+0800][1.560s][debug][gc,age            ] GC(4) Desired survivor size 2097152 bytes, new threshold 15 (max threshold 15)
[2024-12-07T22:49:40.102+0800][1.560s][debug][gc,ergo,cset      ] GC(4) Finish choosing CSet. old: 0 regions, predicted old region time: 0.00ms, time remaining: 167.88
[2024-12-07T22:49:40.102+0800][1.560s][debug][gc,task,stats     ] GC(4) GC Termination Stats
[2024-12-07T22:49:40.102+0800][1.561s][debug][gc,task,stats     ] GC(4)      elapsed  --strong roots-- -------termination------- ------waste (KiB)------
[2024-12-07T22:49:40.102+0800][1.561s][debug][gc,task,stats     ] GC(4) thr     ms        ms      %        ms      %    attempts  total   alloc    undo
[2024-12-07T22:49:40.103+0800][1.561s][debug][gc,task,stats     ] GC(4) --- --------- --------- ------ --------- ------ -------- ------- ------- -------
[2024-12-07T22:49:40.107+0800][1.566s][debug][gc,task,stats     ] GC(4)   8      4.44      4.43  99.81      0.00   0.01        1       0       0       0
[2024-12-07T22:49:40.108+0800][1.567s][debug][gc,task,stats     ] GC(4)   6      5.19      1.81  34.99      3.05  58.73        1       0       0       0
[2024-12-07T22:49:40.109+0800][1.567s][debug][gc,task,stats     ] GC(4)   7      5.66      1.97  34.77      2.81  49.60        1       0       0       0
[2024-12-07T22:49:40.109+0800][1.568s][debug][gc,task,stats     ] GC(4)   0      6.39      2.84  44.48      2.07  32.32        1       0       0       0
[2024-12-07T22:49:40.110+0800][1.568s][debug][gc,task,stats     ] GC(4)   3      6.65      1.73  26.07      3.02  45.41        1       0       0       0
[2024-12-07T22:49:40.110+0800][1.568s][debug][gc,task,stats     ] GC(4)  10      6.73      1.31  19.50      3.05  45.32        2       0       0       0
[2024-12-07T22:49:40.110+0800][1.568s][debug][gc,task,stats     ] GC(4)  11      6.79      1.42  20.98      2.94  43.32        8       0       0       0
[2024-12-07T22:49:40.110+0800][1.568s][debug][gc,task,stats     ] GC(4)   2      7.22      1.54  21.27      2.94  40.80        8       0       0       0
[2024-12-07T22:49:40.110+0800][1.569s][debug][gc,task,stats     ] GC(4)   4      7.30      1.39  19.10      2.92  40.02        7       0       0       0
[2024-12-07T22:49:40.110+0800][1.569s][debug][gc,task,stats     ] GC(4)   5      7.46      1.62  21.68      2.88  38.61        5       0       0       0
[2024-12-07T22:49:40.111+0800][1.569s][debug][gc,task,stats     ] GC(4)   1      7.79      1.65  21.21      2.92  37.47        8       0       0       0
[2024-12-07T22:49:40.111+0800][1.569s][debug][gc,task,stats     ] GC(4)   9      7.83      1.32  16.79      2.92  37.27        8       0       0       0
[2024-12-07T22:49:40.111+0800][1.569s][debug][gc,ergo           ] GC(4) Running G1 Clear Card Table Task using 1 workers for 1 units of work for 3 regions.
[2024-12-07T22:49:40.111+0800][1.570s][debug][gc,ref            ] GC(4) Skipped phase1 of Reference Processing due to unavailable references
[2024-12-07T22:49:40.112+0800][1.570s][debug][gc,ref            ] GC(4) Skipped phase3 of Reference Processing due to unavailable references
[2024-12-07T22:49:40.112+0800][1.571s][debug][gc,ergo           ] GC(4) Running G1 Free Collection Set using 1 workers for collection set length 2
[2024-12-07T22:49:40.113+0800][1.571s][debug][gc,humongous      ] GC(4) Live humongous region 0 object size 1048592 start 0x00000000e0000000  with remset 0 code roots 0 is marked 0 reclaim candidate 0 type array 1
[2024-12-07T22:49:40.113+0800][1.571s][debug][gc,humongous      ] GC(4) Live humongous region 2 object size 1048592 start 0x00000000e0200000  with remset 0 code roots 0 is marked 0 reclaim candidate 0 type array 1
[2024-12-07T22:49:40.113+0800][1.572s][debug][gc,humongous      ] GC(4) Live humongous region 4 object size 1048592 start 0x00000000e0400000  with remset 0 code roots 0 is marked 0 reclaim candidate 0 type array 1
[2024-12-07T22:49:40.113+0800][1.572s][debug][gc,humongous      ] GC(4) Live humongous region 6 object size 1048592 start 0x00000000e0600000  with remset 0 code roots 0 is marked 0 reclaim candidate 0 type array 1
[2024-12-07T22:49:40.114+0800][1.572s][debug][gc,humongous      ] GC(4) Live humongous region 8 object size 1048592 start 0x00000000e0800000  with remset 0 code roots 0 is marked 0 reclaim candidate 0 type array 1
[2024-12-07T22:49:40.114+0800][1.572s][debug][gc,humongous      ] GC(4) Live humongous region 10 object size 1048592 start 0x00000000e0a00000  with remset 0 code roots 0 is marked 0 reclaim candidate 0 type array 1
[2024-12-07T22:49:40.114+0800][1.572s][debug][gc,humongous      ] GC(4) Live humongous region 12 object size 1048592 start 0x00000000e0c00000  with remset 0 code roots 0 is marked 0 reclaim candidate 0 type array 1
[2024-12-07T22:49:40.114+0800][1.573s][debug][gc,humongous      ] GC(4) Live humongous region 14 object size 1048592 start 0x00000000e0e00000  with remset 0 code roots 0 is marked 0 reclaim candidate 0 type array 1
[2024-12-07T22:49:40.114+0800][1.573s][debug][gc,humongous      ] GC(4) Live humongous region 16 object size 1048592 start 0x00000000e1000000  with remset 0 code roots 0 is marked 0 reclaim candidate 0 type array 1
[2024-12-07T22:49:40.115+0800][1.573s][debug][gc,humongous      ] GC(4) Live humongous region 18 object size 1048592 start 0x00000000e1200000  with remset 0 code roots 0 is marked 0 reclaim candidate 0 type array 1
[2024-12-07T22:49:40.115+0800][1.573s][debug][gc,humongous      ] GC(4) Live humongous region 20 object size 1048592 start 0x00000000e1400000  with remset 0 code roots 0 is marked 0 reclaim candidate 0 type array 1
[2024-12-07T22:49:40.115+0800][1.573s][debug][gc,humongous      ] GC(4) Live humongous region 22 object size 1048592 start 0x00000000e1600000  with remset 0 code roots 0 is marked 0 reclaim candidate 0 type array 1
[2024-12-07T22:49:40.115+0800][1.573s][debug][gc,humongous      ] GC(4) Live humongous region 24 object size 1048592 start 0x00000000e1800000  with remset 0 code roots 0 is marked 0 reclaim candidate 0 type array 1
[2024-12-07T22:49:40.115+0800][1.573s][debug][gc,humongous      ] GC(4) Live humongous region 26 object size 1048592 start 0x00000000e1a00000  with remset 0 code roots 0 is marked 0 reclaim candidate 0 type array 1
[2024-12-07T22:49:40.115+0800][1.574s][debug][gc,humongous      ] GC(4) Live humongous region 28 object size 1048592 start 0x00000000e1c00000  with remset 0 code roots 0 is marked 0 reclaim candidate 0 type array 1
[2024-12-07T22:49:40.115+0800][1.574s][debug][gc,humongous      ] GC(4) Live humongous region 30 object size 1048592 start 0x00000000e1e00000  with remset 0 code roots 0 is marked 0 reclaim candidate 0 type array 1
[2024-12-07T22:49:40.116+0800][1.574s][debug][gc,humongous      ] GC(4) Live humongous region 32 object size 1048592 start 0x00000000e2000000  with remset 0 code roots 0 is marked 0 reclaim candidate 0 type array 1
[2024-12-07T22:49:40.116+0800][1.574s][debug][gc,humongous      ] GC(4) Live humongous region 34 object size 1048592 start 0x00000000e2200000  with remset 0 code roots 0 is marked 0 reclaim candidate 0 type array 1
[2024-12-07T22:49:40.116+0800][1.574s][debug][gc,humongous      ] GC(4) Live humongous region 36 object size 1048592 start 0x00000000e2400000  with remset 0 code roots 0 is marked 0 reclaim candidate 0 type array 1
[2024-12-07T22:49:40.116+0800][1.574s][debug][gc,humongous      ] GC(4) Live humongous region 38 object size 1048592 start 0x00000000e2600000  with remset 0 code roots 0 is marked 0 reclaim candidate 0 type array 1
[2024-12-07T22:49:40.116+0800][1.574s][debug][gc,humongous      ] GC(4) Live humongous region 40 object size 1048592 start 0x00000000e2800000  with remset 0 code roots 0 is marked 0 reclaim candidate 0 type array 1
[2024-12-07T22:49:40.116+0800][1.574s][debug][gc,humongous      ] GC(4) Live humongous region 42 object size 1048592 start 0x00000000e2a00000  with remset 0 code roots 0 is marked 0 reclaim candidate 0 type array 1
[2024-12-07T22:49:40.116+0800][1.575s][debug][gc,humongous      ] GC(4) Live humongous region 44 object size 1048592 start 0x00000000e2c00000  with remset 0 code roots 0 is marked 0 reclaim candidate 0 type array 1
[2024-12-07T22:49:40.116+0800][1.575s][debug][gc,humongous      ] GC(4) Live humongous region 46 object size 1048592 start 0x00000000e2e00000  with remset 0 code roots 0 is marked 0 reclaim candidate 0 type array 1
[2024-12-07T22:49:40.117+0800][1.575s][debug][gc,humongous      ] GC(4) Dead humongous region 48 object size 1048592 start 0x00000000e3000000 with remset 0 code roots 0 is marked 0 reclaim candidate 1 type array 1
[2024-12-07T22:49:40.117+0800][1.575s][debug][gc,humongous      ] GC(4) Dead humongous region 50 object size 1048592 start 0x00000000e3200000 with remset 0 code roots 0 is marked 0 reclaim candidate 1 type array 1
[2024-12-07T22:49:40.117+0800][1.575s][debug][gc,humongous      ] GC(4) Dead humongous region 52 object size 1048592 start 0x00000000e3400000 with remset 0 code roots 0 is marked 0 reclaim candidate 1 type array 1
[2024-12-07T22:49:40.117+0800][1.575s][debug][gc,humongous      ] GC(4) Dead humongous region 54 object size 1048592 start 0x00000000e3600000 with remset 0 code roots 0 is marked 0 reclaim candidate 1 type array 1
[2024-12-07T22:49:40.117+0800][1.575s][debug][gc,humongous      ] GC(4) Dead humongous region 56 object size 1048592 start 0x00000000e3800000 with remset 0 code roots 0 is marked 0 reclaim candidate 1 type array 1
[2024-12-07T22:49:40.117+0800][1.576s][debug][gc,humongous      ] GC(4) Dead humongous region 58 object size 1048592 start 0x00000000e3a00000 with remset 0 code roots 0 is marked 0 reclaim candidate 1 type array 1
[2024-12-07T22:49:40.118+0800][1.576s][debug][gc,humongous      ] GC(4) Dead humongous region 60 object size 1048592 start 0x00000000e3c00000 with remset 0 code roots 0 is marked 0 reclaim candidate 1 type array 1
[2024-12-07T22:49:40.118+0800][1.576s][debug][gc,humongous      ] GC(4) Dead humongous region 62 object size 1048592 start 0x00000000e3e00000 with remset 0 code roots 0 is marked 0 reclaim candidate 1 type array 1
[2024-12-07T22:49:40.118+0800][1.576s][debug][gc,humongous      ] GC(4) Dead humongous region 64 object size 1048592 start 0x00000000e4000000 with remset 0 code roots 0 is marked 0 reclaim candidate 1 type array 1
[2024-12-07T22:49:40.118+0800][1.577s][debug][gc,humongous      ] GC(4) Dead humongous region 66 object size 1048592 start 0x00000000e4200000 with remset 0 code roots 0 is marked 0 reclaim candidate 1 type array 1
[2024-12-07T22:49:40.118+0800][1.577s][debug][gc,humongous      ] GC(4) Dead humongous region 68 object size 1048592 start 0x00000000e4400000 with remset 0 code roots 0 is marked 0 reclaim candidate 1 type array 1
[2024-12-07T22:49:40.118+0800][1.577s][debug][gc,humongous      ] GC(4) Dead humongous region 70 object size 1048592 start 0x00000000e4600000 with remset 0 code roots 0 is marked 0 reclaim candidate 1 type array 1
[2024-12-07T22:49:40.119+0800][1.577s][debug][gc,humongous      ] GC(4) Live humongous region 72 object size 1048592 start 0x00000000e4800000  with remset 0 code roots 0 is marked 0 reclaim candidate 0 type array 1
[2024-12-07T22:49:40.119+0800][1.577s][debug][gc,humongous      ] GC(4) Live humongous region 74 object size 1048592 start 0x00000000e4a00000  with remset 0 code roots 0 is marked 0 reclaim candidate 0 type array 1
[2024-12-07T22:49:40.119+0800][1.577s][debug][gc,humongous      ] GC(4) Live humongous region 76 object size 1048592 start 0x00000000e4c00000  with remset 0 code roots 0 is marked 0 reclaim candidate 0 type array 1
[2024-12-07T22:49:40.119+0800][1.577s][debug][gc,humongous      ] GC(4) Live humongous region 78 object size 1048592 start 0x00000000e4e00000  with remset 0 code roots 0 is marked 0 reclaim candidate 0 type array 1
[2024-12-07T22:49:40.119+0800][1.577s][debug][gc,humongous      ] GC(4) Live humongous region 80 object size 1048592 start 0x00000000e5000000  with remset 0 code roots 0 is marked 0 reclaim candidate 0 type array 1
[2024-12-07T22:49:40.119+0800][1.578s][debug][gc,humongous      ] GC(4) Live humongous region 82 object size 1048592 start 0x00000000e5200000  with remset 0 code roots 0 is marked 0 reclaim candidate 0 type array 1
[2024-12-07T22:49:40.119+0800][1.578s][debug][gc,humongous      ] GC(4) Live humongous region 84 object size 1048592 start 0x00000000e5400000  with remset 0 code roots 0 is marked 0 reclaim candidate 0 type array 1
[2024-12-07T22:49:40.120+0800][1.578s][debug][gc,humongous      ] GC(4) Live humongous region 86 object size 1048592 start 0x00000000e5600000  with remset 0 code roots 0 is marked 0 reclaim candidate 0 type array 1
[2024-12-07T22:49:40.120+0800][1.578s][debug][gc,humongous      ] GC(4) Live humongous region 88 object size 1048592 start 0x00000000e5800000  with remset 0 code roots 0 is marked 0 reclaim candidate 0 type array 1
[2024-12-07T22:49:40.120+0800][1.578s][debug][gc,humongous      ] GC(4) Live humongous region 90 object size 1048592 start 0x00000000e5a00000  with remset 0 code roots 0 is marked 0 reclaim candidate 0 type array 1
[2024-12-07T22:49:40.120+0800][1.578s][debug][gc,humongous      ] GC(4) Live humongous region 92 object size 1048592 start 0x00000000e5c00000  with remset 0 code roots 0 is marked 0 reclaim candidate 0 type array 1
[2024-12-07T22:49:40.120+0800][1.578s][debug][gc,humongous      ] GC(4) Live humongous region 94 object size 1048592 start 0x00000000e5e00000  with remset 0 code roots 0 is marked 0 reclaim candidate 0 type array 1
[2024-12-07T22:49:40.120+0800][1.578s][debug][gc,humongous      ] GC(4) Live humongous region 96 object size 1048592 start 0x00000000e6000000  with remset 0 code roots 0 is marked 0 reclaim candidate 0 type array 1
[2024-12-07T22:49:40.120+0800][1.579s][debug][gc,humongous      ] GC(4) Live humongous region 98 object size 1048592 start 0x00000000e6200000  with remset 0 code roots 0 is marked 0 reclaim candidate 0 type array 1
[2024-12-07T22:49:40.120+0800][1.579s][debug][gc,humongous      ] GC(4) Live humongous region 100 object size 1048592 start 0x00000000e6400000  with remset 0 code roots 0 is marked 0 reclaim candidate 0 type array 1
[2024-12-07T22:49:40.121+0800][1.579s][debug][gc,humongous      ] GC(4) Live humongous region 102 object size 1048592 start 0x00000000e6600000  with remset 0 code roots 0 is marked 0 reclaim candidate 0 type array 1
[2024-12-07T22:49:40.121+0800][1.579s][debug][gc,humongous      ] GC(4) Live humongous region 104 object size 1048592 start 0x00000000e6800000  with remset 0 code roots 0 is marked 0 reclaim candidate 0 type array 1
[2024-12-07T22:49:40.121+0800][1.579s][debug][gc,humongous      ] GC(4) Live humongous region 106 object size 1048592 start 0x00000000e6a00000  with remset 0 code roots 0 is marked 0 reclaim candidate 0 type array 1
[2024-12-07T22:49:40.121+0800][1.579s][debug][gc,humongous      ] GC(4) Live humongous region 108 object size 1048592 start 0x00000000e6c00000  with remset 0 code roots 0 is marked 0 reclaim candidate 0 type array 1
[2024-12-07T22:49:40.121+0800][1.580s][debug][gc,humongous      ] GC(4) Live humongous region 110 object size 1048592 start 0x00000000e6e00000  with remset 0 code roots 0 is marked 0 reclaim candidate 0 type array 1
[2024-12-07T22:49:40.121+0800][1.580s][debug][gc,humongous      ] GC(4) Live humongous region 112 object size 1048592 start 0x00000000e7000000  with remset 0 code roots 0 is marked 0 reclaim candidate 0 type array 1
[2024-12-07T22:49:40.121+0800][1.580s][debug][gc,humongous      ] GC(4) Live humongous region 114 object size 1048592 start 0x00000000e7200000  with remset 0 code roots 0 is marked 0 reclaim candidate 0 type array 1
[2024-12-07T22:49:40.122+0800][1.580s][debug][gc,humongous      ] GC(4) Live humongous region 116 object size 1048592 start 0x00000000e7400000  with remset 0 code roots 0 is marked 0 reclaim candidate 0 type array 1
[2024-12-07T22:49:40.122+0800][1.580s][debug][gc,humongous      ] GC(4) Live humongous region 118 object size 1048592 start 0x00000000e7600000  with remset 0 code roots 0 is marked 0 reclaim candidate 0 type array 1
[2024-12-07T22:49:40.122+0800][1.580s][debug][gc,humongous      ] GC(4) Live humongous region 120 object size 1048592 start 0x00000000e7800000  with remset 0 code roots 0 is marked 0 reclaim candidate 0 type array 1
[2024-12-07T22:49:40.122+0800][1.580s][debug][gc,humongous      ] GC(4) Live humongous region 122 object size 1048592 start 0x00000000e7a00000  with remset 0 code roots 0 is marked 0 reclaim candidate 0 type array 1
[2024-12-07T22:49:40.122+0800][1.580s][debug][gc,humongous      ] GC(4) Live humongous region 124 object size 1048592 start 0x00000000e7c00000  with remset 0 code roots 0 is marked 0 reclaim candidate 0 type array 1
[2024-12-07T22:49:40.122+0800][1.580s][debug][gc,humongous      ] GC(4) Live humongous region 126 object size 1048592 start 0x00000000e7e00000  with remset 0 code roots 0 is marked 0 reclaim candidate 0 type array 1
[2024-12-07T22:49:40.122+0800][1.580s][debug][gc,humongous      ] GC(4) Live humongous region 128 object size 1048592 start 0x00000000e8000000  with remset 0 code roots 0 is marked 0 reclaim candidate 0 type array 1
[2024-12-07T22:49:40.122+0800][1.581s][debug][gc,humongous      ] GC(4) Live humongous region 130 object size 1048592 start 0x00000000e8200000  with remset 0 code roots 0 is marked 0 reclaim candidate 0 type array 1
[2024-12-07T22:49:40.122+0800][1.581s][debug][gc,humongous      ] GC(4) Live humongous region 132 object size 1048592 start 0x00000000e8400000  with remset 0 code roots 0 is marked 0 reclaim candidate 0 type array 1
[2024-12-07T22:49:40.122+0800][1.581s][debug][gc,humongous      ] GC(4) Live humongous region 134 object size 1048592 start 0x00000000e8600000  with remset 0 code roots 0 is marked 0 reclaim candidate 0 type array 1
[2024-12-07T22:49:40.123+0800][1.581s][debug][gc,humongous      ] GC(4) Live humongous region 136 object size 1048592 start 0x00000000e8800000  with remset 0 code roots 0 is marked 0 reclaim candidate 0 type array 1
[2024-12-07T22:49:40.123+0800][1.581s][debug][gc,humongous      ] GC(4) Live humongous region 138 object size 1048592 start 0x00000000e8a00000  with remset 0 code roots 0 is marked 0 reclaim candidate 0 type array 1
[2024-12-07T22:49:40.123+0800][1.581s][debug][gc,humongous      ] GC(4) Live humongous region 140 object size 1048592 start 0x00000000e8c00000  with remset 0 code roots 0 is marked 0 reclaim candidate 0 type array 1
[2024-12-07T22:49:40.123+0800][1.581s][debug][gc,humongous      ] GC(4) Live humongous region 142 object size 1048592 start 0x00000000e8e00000  with remset 0 code roots 0 is marked 0 reclaim candidate 0 type array 1
[2024-12-07T22:49:40.123+0800][1.581s][debug][gc,humongous      ] GC(4) Live humongous region 144 object size 1048592 start 0x00000000e9000000  with remset 0 code roots 0 is marked 0 reclaim candidate 0 type array 1
[2024-12-07T22:49:40.123+0800][1.581s][debug][gc,humongous      ] GC(4) Live humongous region 146 object size 1048592 start 0x00000000e9200000  with remset 0 code roots 0 is marked 0 reclaim candidate 0 type array 1
[2024-12-07T22:49:40.123+0800][1.581s][debug][gc,humongous      ] GC(4) Live humongous region 148 object size 1048592 start 0x00000000e9400000  with remset 0 code roots 0 is marked 0 reclaim candidate 0 type array 1
[2024-12-07T22:49:40.123+0800][1.582s][debug][gc,humongous      ] GC(4) Live humongous region 150 object size 1048592 start 0x00000000e9600000  with remset 0 code roots 0 is marked 0 reclaim candidate 0 type array 1
[2024-12-07T22:49:40.123+0800][1.582s][debug][gc,humongous      ] GC(4) Live humongous region 152 object size 1048592 start 0x00000000e9800000  with remset 0 code roots 0 is marked 0 reclaim candidate 0 type array 1
[2024-12-07T22:49:40.123+0800][1.582s][debug][gc,humongous      ] GC(4) Live humongous region 154 object size 1048592 start 0x00000000e9a00000  with remset 0 code roots 0 is marked 0 reclaim candidate 0 type array 1
[2024-12-07T22:49:40.124+0800][1.582s][debug][gc,humongous      ] GC(4) Live humongous region 156 object size 1048592 start 0x00000000e9c00000  with remset 0 code roots 0 is marked 0 reclaim candidate 0 type array 1
[2024-12-07T22:49:40.124+0800][1.582s][debug][gc,humongous      ] GC(4) Live humongous region 158 object size 1048592 start 0x00000000e9e00000  with remset 0 code roots 0 is marked 0 reclaim candidate 0 type array 1
[2024-12-07T22:49:40.124+0800][1.582s][debug][gc,humongous      ] GC(4) Live humongous region 160 object size 1048592 start 0x00000000ea000000  with remset 0 code roots 0 is marked 0 reclaim candidate 0 type array 1
[2024-12-07T22:49:40.124+0800][1.582s][debug][gc,humongous      ] GC(4) Live humongous region 162 object size 1048592 start 0x00000000ea200000  with remset 0 code roots 0 is marked 0 reclaim candidate 0 type array 1
[2024-12-07T22:49:40.124+0800][1.582s][debug][gc,humongous      ] GC(4) Live humongous region 164 object size 1048592 start 0x00000000ea400000  with remset 0 code roots 0 is marked 0 reclaim candidate 0 type array 1
[2024-12-07T22:49:40.124+0800][1.582s][debug][gc,humongous      ] GC(4) Live humongous region 166 object size 1048592 start 0x00000000ea600000  with remset 0 code roots 0 is marked 0 reclaim candidate 0 type array 1
[2024-12-07T22:49:40.124+0800][1.582s][debug][gc,humongous      ] GC(4) Live humongous region 168 object size 1048592 start 0x00000000ea800000  with remset 0 code roots 0 is marked 0 reclaim candidate 0 type array 1
[2024-12-07T22:49:40.124+0800][1.582s][debug][gc,humongous      ] GC(4) Live humongous region 170 object size 1048592 start 0x00000000eaa00000  with remset 0 code roots 0 is marked 0 reclaim candidate 0 type array 1
[2024-12-07T22:49:40.124+0800][1.583s][debug][gc,humongous      ] GC(4) Live humongous region 172 object size 1048592 start 0x00000000eac00000  with remset 0 code roots 0 is marked 0 reclaim candidate 0 type array 1
[2024-12-07T22:49:40.124+0800][1.583s][debug][gc,humongous      ] GC(4) Live humongous region 174 object size 1048592 start 0x00000000eae00000  with remset 0 code roots 0 is marked 0 reclaim candidate 0 type array 1
[2024-12-07T22:49:40.124+0800][1.583s][debug][gc,humongous      ] GC(4) Live humongous region 176 object size 1048592 start 0x00000000eb000000  with remset 0 code roots 0 is marked 0 reclaim candidate 0 type array 1
[2024-12-07T22:49:40.125+0800][1.583s][debug][gc,humongous      ] GC(4) Live humongous region 178 object size 1048592 start 0x00000000eb200000  with remset 0 code roots 0 is marked 0 reclaim candidate 0 type array 1
[2024-12-07T22:49:40.125+0800][1.583s][debug][gc,humongous      ] GC(4) Live humongous region 180 object size 1048592 start 0x00000000eb400000  with remset 0 code roots 0 is marked 0 reclaim candidate 0 type array 1
[2024-12-07T22:49:40.125+0800][1.583s][debug][gc,humongous      ] GC(4) Live humongous region 182 object size 1048592 start 0x00000000eb600000  with remset 0 code roots 0 is marked 0 reclaim candidate 0 type array 1
[2024-12-07T22:49:40.125+0800][1.583s][debug][gc,humongous      ] GC(4) Live humongous region 184 object size 1048592 start 0x00000000eb800000  with remset 0 code roots 0 is marked 0 reclaim candidate 0 type array 1
[2024-12-07T22:49:40.125+0800][1.583s][debug][gc,humongous      ] GC(4) Live humongous region 186 object size 1048592 start 0x00000000eba00000  with remset 0 code roots 0 is marked 0 reclaim candidate 0 type array 1
[2024-12-07T22:49:40.125+0800][1.583s][debug][gc,humongous      ] GC(4) Live humongous region 188 object size 1048592 start 0x00000000ebc00000  with remset 0 code roots 0 is marked 0 reclaim candidate 0 type array 1
[2024-12-07T22:49:40.125+0800][1.583s][debug][gc,humongous      ] GC(4) Live humongous region 190 object size 1048592 start 0x00000000ebe00000  with remset 0 code roots 0 is marked 0 reclaim candidate 0 type array 1
[2024-12-07T22:49:40.125+0800][1.583s][debug][gc,humongous      ] GC(4) Live humongous region 192 object size 1048592 start 0x00000000ec000000  with remset 0 code roots 0 is marked 0 reclaim candidate 0 type array 1
[2024-12-07T22:49:40.125+0800][1.584s][debug][gc,humongous      ] GC(4) Live humongous region 194 object size 1048592 start 0x00000000ec200000  with remset 0 code roots 0 is marked 0 reclaim candidate 0 type array 1
[2024-12-07T22:49:40.125+0800][1.584s][debug][gc,humongous      ] GC(4) Live humongous region 196 object size 1048592 start 0x00000000ec400000  with remset 0 code roots 0 is marked 0 reclaim candidate 0 type array 1
[2024-12-07T22:49:40.125+0800][1.584s][debug][gc,humongous      ] GC(4) Live humongous region 198 object size 1048592 start 0x00000000ec600000  with remset 0 code roots 0 is marked 0 reclaim candidate 0 type array 1
[2024-12-07T22:49:40.126+0800][1.584s][debug][gc,humongous      ] GC(4) Live humongous region 200 object size 1048592 start 0x00000000ec800000  with remset 0 code roots 0 is marked 0 reclaim candidate 0 type array 1
[2024-12-07T22:49:40.126+0800][1.584s][debug][gc,humongous      ] GC(4) Live humongous region 202 object size 1048592 start 0x00000000eca00000  with remset 0 code roots 0 is marked 0 reclaim candidate 0 type array 1
[2024-12-07T22:49:40.126+0800][1.584s][debug][gc,humongous      ] GC(4) Live humongous region 204 object size 1048592 start 0x00000000ecc00000  with remset 0 code roots 0 is marked 0 reclaim candidate 0 type array 1
[2024-12-07T22:49:40.126+0800][1.584s][debug][gc,humongous      ] GC(4) Live humongous region 206 object size 1048592 start 0x00000000ece00000  with remset 0 code roots 0 is marked 0 reclaim candidate 0 type array 1
[2024-12-07T22:49:40.126+0800][1.584s][debug][gc,humongous      ] GC(4) Live humongous region 208 object size 1048592 start 0x00000000ed000000  with remset 0 code roots 0 is marked 0 reclaim candidate 0 type array 1
[2024-12-07T22:49:40.126+0800][1.584s][debug][gc,humongous      ] GC(4) Live humongous region 210 object size 1048592 start 0x00000000ed200000  with remset 0 code roots 0 is marked 0 reclaim candidate 0 type array 1
[2024-12-07T22:49:40.126+0800][1.584s][debug][gc,humongous      ] GC(4) Live humongous region 212 object size 1048592 start 0x00000000ed400000  with remset 0 code roots 0 is marked 0 reclaim candidate 0 type array 1
[2024-12-07T22:49:40.126+0800][1.585s][debug][gc,humongous      ] GC(4) Live humongous region 214 object size 1048592 start 0x00000000ed600000  with remset 0 code roots 0 is marked 0 reclaim candidate 0 type array 1
[2024-12-07T22:49:40.126+0800][1.585s][debug][gc,humongous      ] GC(4) Live humongous region 216 object size 1048592 start 0x00000000ed800000  with remset 0 code roots 0 is marked 0 reclaim candidate 0 type array 1
[2024-12-07T22:49:40.126+0800][1.585s][debug][gc,humongous      ] GC(4) Live humongous region 218 object size 1048592 start 0x00000000eda00000  with remset 0 code roots 0 is marked 0 reclaim candidate 0 type array 1
[2024-12-07T22:49:40.126+0800][1.585s][debug][gc,humongous      ] GC(4) Live humongous region 220 object size 1048592 start 0x00000000edc00000  with remset 0 code roots 0 is marked 0 reclaim candidate 0 type array 1
[2024-12-07T22:49:40.127+0800][1.585s][debug][gc,humongous      ] GC(4) Live humongous region 222 object size 1048592 start 0x00000000ede00000  with remset 0 code roots 0 is marked 0 reclaim candidate 0 type array 1
[2024-12-07T22:49:40.127+0800][1.585s][debug][gc,plab           ] GC(4) Young PLAB allocation: allocated: 516880B, wasted: 2176B, unused: 38192B, used: 476512B, undo waste: 0B, 
[2024-12-07T22:49:40.127+0800][1.585s][debug][gc,plab           ] GC(4) Young other allocation: region end waste: 0B, regions filled: 1, direct allocated: 71688B, failure used: 0B, failure wasted: 0B
[2024-12-07T22:49:40.127+0800][1.585s][debug][gc,plab           ] GC(4) Young sizing: calculated: 95296B, actual: 95328B
[2024-12-07T22:49:40.127+0800][1.585s][debug][gc,plab           ] GC(4) Old PLAB allocation: allocated: 0B, wasted: 0B, unused: 0B, used: 0B, undo waste: 0B, 
[2024-12-07T22:49:40.127+0800][1.585s][debug][gc,plab           ] GC(4) Old other allocation: region end waste: 0B, regions filled: 0, direct allocated: 0B, failure used: 0B, failure wasted: 0B
[2024-12-07T22:49:40.127+0800][1.585s][debug][gc,plab           ] GC(4) Old sizing: calculated: 0B, actual: 2064B
[2024-12-07T22:49:40.127+0800][1.585s][debug][gc,alloc,stats    ] Old generation allocation in the last mutator period, old gen allocated: 0B, humongous allocated: 25165824B,old gen growth: 0B.
[2024-12-07T22:49:40.127+0800][1.586s][debug][gc,ihop           ] GC(4) Basic information (value update), threshold: 236873318B (45.00), target occupancy: 526385152B, current occupancy: 211041048B, recent allocation size: 25165824B, recent allocation duration: 106.70ms, recent old gen allocation rate: 235861637.94B/s, recent marking phase length: 0.00ms
[2024-12-07T22:49:40.127+0800][1.586s][debug][gc,ihop           ] GC(4) Adaptive IHOP information (value update), threshold: 236873318B (51.91), internal target occupancy: 456340275B, occupancy: 211041048B, additional buffer size: 26214400B, predicted old gen allocation rate: 223178258.34B/s, predicted marking phase length: 0.00ms, prediction active: false
[2024-12-07T22:49:40.127+0800][1.586s][debug][gc,ergo,refine    ] GC(4) Updated Refinement Zones: green: 18, yellow: 54, red: 90
[2024-12-07T22:49:40.128+0800][1.586s][info ][gc,phases         ] GC(4)   Pre Evacuate Collection Set: 0.3ms
[2024-12-07T22:49:40.128+0800][1.586s][debug][gc,phases         ] GC(4)     Prepare TLABs: 0.4ms
[2024-12-07T22:49:40.128+0800][1.586s][debug][gc,phases         ] GC(4)     Choose Collection Set: 0.3ms
[2024-12-07T22:49:40.128+0800][1.586s][debug][gc,phases         ] GC(4)     Humongous Register: 0.0ms
[2024-12-07T22:49:40.128+0800][1.586s][debug][gc,phases         ] GC(4)     Clear Claimed Marks: 0.0ms
[2024-12-07T22:49:40.128+0800][1.586s][info ][gc,phases         ] GC(4)   Evacuate Collection Set: 9.0ms
[2024-12-07T22:49:40.128+0800][1.586s][debug][gc,phases         ] GC(4)     Ext Root Scanning (ms):   Min:  0.1, Avg:  0.8, Max:  1.4, Diff:  1.3, Sum:  9.4, Workers: 12
[2024-12-07T22:49:40.128+0800][1.586s][debug][gc,phases         ] GC(4)     Update RS (ms):           Min:  0.0, Avg:  0.5, Max:  1.3, Diff:  1.3, Sum:  5.6, Workers: 12
[2024-12-07T22:49:40.128+0800][1.587s][debug][gc,phases         ] GC(4)       Processed Buffers:        Min: 0, Avg:  0.7, Max: 2, Diff: 2, Sum: 8, Workers: 12
[2024-12-07T22:49:40.128+0800][1.587s][debug][gc,phases         ] GC(4)       Scanned Cards:            Min: 0, Avg: 23.3, Max: 67, Diff: 67, Sum: 280, Workers: 12
[2024-12-07T22:49:40.128+0800][1.587s][debug][gc,phases         ] GC(4)       Skipped Cards:            Min: 0, Avg: 12.9, Max: 91, Diff: 91, Sum: 155, Workers: 12
[2024-12-07T22:49:40.128+0800][1.587s][debug][gc,phases         ] GC(4)     Scan RS (ms):             Min:  0.0, Avg:  0.6, Max:  3.4, Diff:  3.4, Sum:  7.0, Workers: 12
[2024-12-07T22:49:40.129+0800][1.587s][debug][gc,phases         ] GC(4)       Scanned Cards:            Min: 0, Avg: 22.3, Max: 64, Diff: 64, Sum: 268, Workers: 12
[2024-12-07T22:49:40.129+0800][1.587s][debug][gc,phases         ] GC(4)       Claimed Cards:            Min: 0, Avg: 23.3, Max: 64, Diff: 64, Sum: 280, Workers: 12
[2024-12-07T22:49:40.129+0800][1.587s][debug][gc,phases         ] GC(4)       Skipped Cards:            Min: 0, Avg: 116.7, Max: 280, Diff: 280, Sum: 1400, Workers: 12
[2024-12-07T22:49:40.129+0800][1.587s][debug][gc,phases         ] GC(4)     Code Root Scanning (ms):  Min:  0.0, Avg:  0.0, Max:  0.1, Diff:  0.1, Sum:  0.1, Workers: 12
[2024-12-07T22:49:40.129+0800][1.587s][debug][gc,phases         ] GC(4)     AOT Root Scanning (ms):   skipped
[2024-12-07T22:49:40.129+0800][1.587s][debug][gc,phases         ] GC(4)     Object Copy (ms):         Min:  0.0, Avg:  0.1, Max:  0.5, Diff:  0.5, Sum:  1.7, Workers: 12
[2024-12-07T22:49:40.129+0800][1.587s][debug][gc,phases         ] GC(4)     Termination (ms):         Min:  0.0, Avg:  2.6, Max:  3.0, Diff:  3.0, Sum: 31.5, Workers: 12
[2024-12-07T22:49:40.129+0800][1.588s][debug][gc,phases         ] GC(4)       Termination Attempts:     Min: 1, Avg:  4.2, Max: 8, Diff: 7, Sum: 51, Workers: 12
[2024-12-07T22:49:40.129+0800][1.588s][debug][gc,phases         ] GC(4)     GC Worker Other (ms):     Min:  0.7, Avg:  2.3, Max:  3.6, Diff:  2.9, Sum: 27.5, Workers: 12
[2024-12-07T22:49:40.130+0800][1.588s][debug][gc,phases         ] GC(4)     GC Worker Total (ms):     Min:  5.1, Avg:  6.9, Max:  8.0, Diff:  2.9, Sum: 82.8, Workers: 12
[2024-12-07T22:49:40.130+0800][1.588s][info ][gc,phases         ] GC(4)   Post Evacuate Collection Set: 15.5ms
[2024-12-07T22:49:40.130+0800][1.588s][debug][gc,phases         ] GC(4)     Code Roots Fixup: 0.0ms
[2024-12-07T22:49:40.130+0800][1.588s][debug][gc,phases         ] GC(4)     Clear Card Table: 0.2ms
[2024-12-07T22:49:40.130+0800][1.588s][debug][gc,phases         ] GC(4)     Reference Processing: 0.8ms
[2024-12-07T22:49:40.130+0800][1.588s][debug][gc,phases,ref     ] GC(4)       Reconsider SoftReferences: 0.4ms
[2024-12-07T22:49:40.130+0800][1.588s][debug][gc,phases,ref     ] GC(4)         SoftRef (ms):             skipped
[2024-12-07T22:49:40.130+0800][1.589s][debug][gc,phases,ref     ] GC(4)       Notify Soft/WeakReferences: 0.0ms
[2024-12-07T22:49:40.130+0800][1.589s][debug][gc,phases,ref     ] GC(4)         SoftRef (ms):             Min:  0.0, Avg:  0.0, Max:  0.0, Diff:  0.0, Sum:  0.0, Workers: 1
[2024-12-07T22:49:40.130+0800][1.589s][debug][gc,phases,ref     ] GC(4)         WeakRef (ms):             Min:  0.0, Avg:  0.0, Max:  0.0, Diff:  0.0, Sum:  0.0, Workers: 1
[2024-12-07T22:49:40.130+0800][1.589s][debug][gc,phases,ref     ] GC(4)         FinalRef (ms):            Min:  0.0, Avg:  0.0, Max:  0.0, Diff:  0.0, Sum:  0.0, Workers: 1
[2024-12-07T22:49:40.131+0800][1.589s][debug][gc,phases,ref     ] GC(4)         Total (ms):               Min:  0.0, Avg:  0.0, Max:  0.0, Diff:  0.0, Sum:  0.0, Workers: 1
[2024-12-07T22:49:40.131+0800][1.589s][debug][gc,phases,ref     ] GC(4)       Notify and keep alive finalizable: 0.3ms
[2024-12-07T22:49:40.131+0800][1.589s][debug][gc,phases,ref     ] GC(4)         FinalRef (ms):            skipped
[2024-12-07T22:49:40.131+0800][1.589s][debug][gc,phases,ref     ] GC(4)       Notify PhantomReferences: 0.0ms
[2024-12-07T22:49:40.131+0800][1.589s][debug][gc,phases,ref     ] GC(4)         PhantomRef (ms):          Min:  0.0, Avg:  0.0, Max:  0.0, Diff:  0.0, Sum:  0.0, Workers: 1
[2024-12-07T22:49:40.131+0800][1.589s][debug][gc,phases,ref     ] GC(4)       SoftReference:
[2024-12-07T22:49:40.131+0800][1.589s][debug][gc,phases,ref     ] GC(4)         Discovered: 0
[2024-12-07T22:49:40.131+0800][1.589s][debug][gc,phases,ref     ] GC(4)         Cleared: 0
[2024-12-07T22:49:40.131+0800][1.590s][debug][gc,phases,ref     ] GC(4)       WeakReference:
[2024-12-07T22:49:40.131+0800][1.590s][debug][gc,phases,ref     ] GC(4)         Discovered: 60
[2024-12-07T22:49:40.131+0800][1.590s][debug][gc,phases,ref     ] GC(4)         Cleared: 60
[2024-12-07T22:49:40.132+0800][1.590s][debug][gc,phases,ref     ] GC(4)       FinalReference:
[2024-12-07T22:49:40.132+0800][1.590s][debug][gc,phases,ref     ] GC(4)         Discovered: 0
[2024-12-07T22:49:40.132+0800][1.590s][debug][gc,phases,ref     ] GC(4)         Cleared: 0
[2024-12-07T22:49:40.132+0800][1.590s][debug][gc,phases,ref     ] GC(4)       PhantomReference:
[2024-12-07T22:49:40.132+0800][1.590s][debug][gc,phases,ref     ] GC(4)         Discovered: 5
[2024-12-07T22:49:40.132+0800][1.590s][debug][gc,phases,ref     ] GC(4)         Cleared: 5
[2024-12-07T22:49:40.132+0800][1.590s][debug][gc,phases         ] GC(4)     Weak Processing: 0.0ms
[2024-12-07T22:49:40.132+0800][1.590s][debug][gc,phases         ] GC(4)     Merge Per-Thread State: 0.0ms
[2024-12-07T22:49:40.132+0800][1.591s][debug][gc,phases         ] GC(4)     Code Roots Purge: 0.0ms
[2024-12-07T22:49:40.132+0800][1.591s][debug][gc,phases         ] GC(4)     Redirty Cards: 0.1ms
[2024-12-07T22:49:40.132+0800][1.591s][debug][gc,phases         ] GC(4)     DerivedPointerTable Update: 0.0ms
[2024-12-07T22:49:40.132+0800][1.591s][debug][gc,phases         ] GC(4)     Free Collection Set: 0.4ms
[2024-12-07T22:49:40.133+0800][1.591s][debug][gc,phases         ] GC(4)     Humongous Reclaim: 14.0ms
[2024-12-07T22:49:40.133+0800][1.591s][debug][gc,phases         ] GC(4)     Start New Collection Set: 0.0ms
[2024-12-07T22:49:40.133+0800][1.591s][debug][gc,phases         ] GC(4)     Resize TLABs: 0.0ms
[2024-12-07T22:49:40.133+0800][1.591s][debug][gc,phases         ] GC(4)     Expand Heap After Collection: 0.0ms
[2024-12-07T22:49:40.133+0800][1.591s][info ][gc,phases         ] GC(4)   Other: 4.8ms
[2024-12-07T22:49:40.133+0800][1.591s][info ][gc,heap           ] GC(4) Eden regions: 1->0(24)
[2024-12-07T22:49:40.133+0800][1.591s][info ][gc,heap           ] GC(4) Survivor regions: 1->1(4)
[2024-12-07T22:49:40.133+0800][1.591s][info ][gc,heap           ] GC(4) Old regions: 2->2
[2024-12-07T22:49:40.133+0800][1.592s][info ][gc,heap           ] GC(4) Humongous regions: 224->200
[2024-12-07T22:49:40.133+0800][1.592s][info ][gc,metaspace      ] GC(4) Metaspace: 642K(4864K)->642K(4864K) NonClass: 589K(4352K)->589K(4352K) Class: 52K(512K)->52K(512K)
[2024-12-07T22:49:40.133+0800][1.592s][debug][gc,heap           ] GC(4) Heap after GC invocations=5 (full 0): garbage-first heap   total 516096K, used 206094K [0x00000000e0000000, 0x0000000100000000)
[2024-12-07T22:49:40.133+0800][1.592s][debug][gc,heap           ] GC(4)   region size 1024K, 1 young (1024K), 1 survivors (1024K)
[2024-12-07T22:49:40.134+0800][1.592s][debug][gc,heap           ] GC(4)  Metaspace       used 642K, capacity 4574K, committed 4864K, reserved 1056768K
[2024-12-07T22:49:40.134+0800][1.592s][debug][gc,heap           ] GC(4)   class space    used 52K, capacity 418K, committed 512K, reserved 1048576K
[2024-12-07T22:49:40.134+0800][1.592s][info ][gc                ] GC(4) Pause Young (Concurrent Start) (G1 Humongous Allocation) 225M->201M(504M) 34.382ms
[2024-12-07T22:49:40.134+0800][1.592s][info ][gc,cpu            ] GC(4) User=0.01s Sys=0.04s Real=0.04s
[2024-12-07T22:49:40.134+0800][1.592s][info ][gc                ] GC(5) Concurrent Cycle
[2024-12-07T22:49:40.134+0800][1.592s][info ][gc,marking        ] GC(5) Concurrent Clear Claimed Marks
[2024-12-07T22:49:40.134+0800][1.592s][info ][gc,marking        ] GC(5) Concurrent Clear Claimed Marks 0.095ms
[2024-12-07T22:49:40.134+0800][1.593s][info ][gc,marking        ] GC(5) Concurrent Scan Root Regions
[2024-12-07T22:49:40.134+0800][1.593s][debug][gc,ergo           ] GC(5) Running G1 Root Region Scan using 1 workers for 1 work units.
[2024-12-07T22:49:40.135+0800][1.593s][info ][gc,marking        ] GC(5) Concurrent Scan Root Regions 0.520ms
[2024-12-07T22:49:40.135+0800][1.593s][info ][gc,marking        ] GC(5) Concurrent Mark (1.593s)
[2024-12-07T22:49:40.135+0800][1.593s][info ][gc,marking        ] GC(5) Concurrent Mark From Roots
[2024-12-07T22:49:40.135+0800][1.593s][info ][gc,task           ] GC(5) Using 5 workers of 5 for marking
[2024-12-07T22:49:40.136+0800][1.594s][debug][gc,stats          ] ---------------------------------------------------------------------
[2024-12-07T22:49:40.136+0800][1.594s][debug][gc,stats          ] Marking Stats, task = 0, calls = 31
[2024-12-07T22:49:40.136+0800][1.594s][debug][gc,stats          ]   Elapsed time = 0.49ms, Termination time = 0.00ms
[2024-12-07T22:49:40.136+0800][1.594s][debug][gc,stats          ]   Step Times (cum): num = 215, avg = 0.00ms, sd = 0.03ms max = 0.42ms, total = 0.42ms
[2024-12-07T22:49:40.136+0800][1.594s][debug][gc,stats          ]   Mark Stats Cache: hits 4353 misses 101 ratio 97.732
[2024-12-07T22:49:40.136+0800][1.595s][debug][gc,stats          ] ---------------------------------------------------------------------
[2024-12-07T22:49:40.136+0800][1.595s][debug][gc,stats          ] Marking Stats, task = 1, calls = 12
[2024-12-07T22:49:40.136+0800][1.595s][debug][gc,stats          ]   Elapsed time = 0.48ms, Termination time = 0.00ms
[2024-12-07T22:49:40.137+0800][1.595s][debug][gc,stats          ]   Step Times (cum): num = 79, avg = 0.00ms, sd = 0.00ms max = 0.00ms, total = 0.00ms
[2024-12-07T22:49:40.137+0800][1.595s][debug][gc,stats          ]   Mark Stats Cache: hits 2532 misses 2 ratio 99.921
[2024-12-07T22:49:40.137+0800][1.595s][debug][gc,stats          ] ---------------------------------------------------------------------
[2024-12-07T22:49:40.137+0800][1.595s][debug][gc,stats          ] Marking Stats, task = 2, calls = 1
[2024-12-07T22:49:40.137+0800][1.595s][debug][gc,stats          ]   Elapsed time = 0.46ms, Termination time = 0.00ms
[2024-12-07T22:49:40.137+0800][1.595s][debug][gc,stats          ]   Step Times (cum): num = 69, avg = 0.01ms, sd = 0.05ms max = 0.41ms, total = 0.41ms
[2024-12-07T22:49:40.137+0800][1.595s][debug][gc,stats          ]   Mark Stats Cache: hits 4978 misses 2 ratio 99.960
[2024-12-07T22:49:40.137+0800][1.596s][debug][gc,stats          ] ---------------------------------------------------------------------
[2024-12-07T22:49:40.137+0800][1.596s][debug][gc,stats          ] Marking Stats, task = 3, calls = 18
[2024-12-07T22:49:40.137+0800][1.596s][debug][gc,stats          ]   Elapsed time = 0.42ms, Termination time = 0.00ms
[2024-12-07T22:49:40.138+0800][1.596s][debug][gc,stats          ]   Step Times (cum): num = 59, avg = 0.01ms, sd = 0.05ms max = 0.41ms, total = 0.41ms
[2024-12-07T22:49:40.138+0800][1.596s][debug][gc,stats          ]   Mark Stats Cache: hits 473 misses 1 ratio 99.789
[2024-12-07T22:49:40.138+0800][1.596s][debug][gc,stats          ] ---------------------------------------------------------------------
[2024-12-07T22:49:40.138+0800][1.596s][debug][gc,stats          ] Marking Stats, task = 4, calls = 25
[2024-12-07T22:49:40.138+0800][1.597s][debug][gc,stats          ]   Elapsed time = 0.37ms, Termination time = 0.00ms
[2024-12-07T22:49:40.138+0800][1.597s][debug][gc,stats          ]   Step Times (cum): num = 96, avg = 0.00ms, sd = 0.04ms max = 0.41ms, total = 0.41ms
[2024-12-07T22:49:40.138+0800][1.597s][debug][gc,stats          ]   Mark Stats Cache: hits 691 misses 1 ratio 99.855
[2024-12-07T22:49:40.139+0800][1.597s][debug][gc,stats          ] ---------------------------------------------------------------------
[2024-12-07T22:49:40.139+0800][1.597s][info ][gc,marking        ] GC(5) Concurrent Mark From Roots 3.733ms
[2024-12-07T22:49:40.139+0800][1.597s][info ][gc,marking        ] GC(5) Concurrent Preclean
[2024-12-07T22:49:40.139+0800][1.597s][debug][gc,ref,start      ] GC(5) Preclean SoftReferences
[2024-12-07T22:49:40.139+0800][1.598s][debug][gc,ref            ] GC(5) Preclean SoftReferences 0.187ms
[2024-12-07T22:49:40.139+0800][1.598s][debug][gc,ref,start      ] GC(5) Preclean WeakReferences
[2024-12-07T22:49:40.139+0800][1.598s][debug][gc,ref            ] GC(5) Preclean WeakReferences 0.098ms
[2024-12-07T22:49:40.139+0800][1.598s][debug][gc,ref,start      ] GC(5) Preclean FinalReferences
[2024-12-07T22:49:40.140+0800][1.598s][debug][gc,ref            ] GC(5) Preclean FinalReferences 0.112ms
[2024-12-07T22:49:40.140+0800][1.598s][debug][gc,ref,start      ] GC(5) Preclean PhantomReferences
[2024-12-07T22:49:40.140+0800][1.598s][debug][gc,ref            ] GC(5) Preclean PhantomReferences 0.096ms
[2024-12-07T22:49:40.140+0800][1.598s][info ][gc,marking        ] GC(5) Concurrent Preclean 0.980ms
[2024-12-07T22:49:40.140+0800][1.598s][info ][gc,marking        ] GC(5) Concurrent Mark (1.593s, 1.598s) 5.113ms
[2024-12-07T22:49:40.140+0800][1.599s][info ][gc,start          ] GC(5) Pause Remark
[2024-12-07T22:49:40.140+0800][1.599s][debug][gc,phases,start   ] GC(5) Finalize Marking
[2024-12-07T22:49:40.141+0800][1.599s][debug][gc,stats          ] ---------------------------------------------------------------------
[2024-12-07T22:49:40.141+0800][1.599s][debug][gc,stats          ] Marking Stats, task = 0, calls = 104
[2024-12-07T22:49:40.141+0800][1.599s][debug][gc,stats          ]   Elapsed time = 0.15ms, Termination time = 0.00ms
[2024-12-07T22:49:40.141+0800][1.599s][debug][gc,stats          ]   Step Times (cum): num = 288, avg = 0.00ms, sd = 0.02ms max = 0.42ms, total = 0.42ms
[2024-12-07T22:49:40.141+0800][1.599s][debug][gc,stats          ]   Mark Stats Cache: hits 4353 misses 101 ratio 97.732
[2024-12-07T22:49:40.141+0800][1.599s][debug][gc,stats          ] ---------------------------------------------------------------------
[2024-12-07T22:49:40.141+0800][1.599s][debug][gc,stats          ] Marking Stats, task = 1, calls = 13
[2024-12-07T22:49:40.141+0800][1.600s][debug][gc,stats          ]   Elapsed time = 0.15ms, Termination time = 0.00ms
[2024-12-07T22:49:40.141+0800][1.600s][debug][gc,stats          ]   Step Times (cum): num = 80, avg = 0.00ms, sd = 0.00ms max = 0.00ms, total = 0.00ms
[2024-12-07T22:49:40.141+0800][1.600s][debug][gc,stats          ]   Mark Stats Cache: hits 2532 misses 2 ratio 99.921
[2024-12-07T22:49:40.142+0800][1.600s][debug][gc,stats          ] ---------------------------------------------------------------------
[2024-12-07T22:49:40.142+0800][1.600s][debug][gc,stats          ] Marking Stats, task = 2, calls = 2
[2024-12-07T22:49:40.142+0800][1.600s][debug][gc,stats          ]   Elapsed time = 0.07ms, Termination time = 0.00ms
[2024-12-07T22:49:40.142+0800][1.600s][debug][gc,stats          ]   Step Times (cum): num = 70, avg = 0.01ms, sd = 0.05ms max = 0.41ms, total = 0.41ms
[2024-12-07T22:49:40.142+0800][1.600s][debug][gc,stats          ]   Mark Stats Cache: hits 4978 misses 2 ratio 99.960
[2024-12-07T22:49:40.142+0800][1.600s][debug][gc,stats          ] ---------------------------------------------------------------------
[2024-12-07T22:49:40.142+0800][1.600s][debug][gc,stats          ] Marking Stats, task = 3, calls = 19
[2024-12-07T22:49:40.142+0800][1.601s][debug][gc,stats          ]   Elapsed time = 0.08ms, Termination time = 0.00ms
[2024-12-07T22:49:40.142+0800][1.601s][debug][gc,stats          ]   Step Times (cum): num = 60, avg = 0.01ms, sd = 0.05ms max = 0.41ms, total = 0.41ms
[2024-12-07T22:49:40.142+0800][1.601s][debug][gc,stats          ]   Mark Stats Cache: hits 473 misses 1 ratio 99.789
[2024-12-07T22:49:40.142+0800][1.601s][debug][gc,stats          ] ---------------------------------------------------------------------
[2024-12-07T22:49:40.143+0800][1.601s][debug][gc,stats          ] Marking Stats, task = 4, calls = 26
[2024-12-07T22:49:40.143+0800][1.601s][debug][gc,stats          ]   Elapsed time = 0.07ms, Termination time = 0.00ms
[2024-12-07T22:49:40.143+0800][1.601s][debug][gc,stats          ]   Step Times (cum): num = 97, avg = 0.00ms, sd = 0.04ms max = 0.41ms, total = 0.41ms
[2024-12-07T22:49:40.143+0800][1.601s][debug][gc,stats          ]   Mark Stats Cache: hits 691 misses 1 ratio 99.855
[2024-12-07T22:49:40.143+0800][1.601s][debug][gc,stats          ] ---------------------------------------------------------------------
[2024-12-07T22:49:40.143+0800][1.601s][debug][gc,stats          ] Marking Stats, task = 5, calls = 1
[2024-12-07T22:49:40.143+0800][1.601s][debug][gc,stats          ]   Elapsed time = 0.08ms, Termination time = 0.00ms
[2024-12-07T22:49:40.143+0800][1.602s][debug][gc,stats          ]   Step Times (cum): num = 3, avg = 0.00ms, sd = 0.00ms max = 0.00ms, total = 0.00ms
[2024-12-07T22:49:40.143+0800][1.602s][debug][gc,stats          ]   Mark Stats Cache: hits 0 misses 0 ratio 0.000
[2024-12-07T22:49:40.143+0800][1.602s][debug][gc,stats          ] ---------------------------------------------------------------------
[2024-12-07T22:49:40.144+0800][1.602s][debug][gc,stats          ] Marking Stats, task = 6, calls = 1
[2024-12-07T22:49:40.144+0800][1.602s][debug][gc,stats          ]   Elapsed time = 0.04ms, Termination time = 0.00ms
[2024-12-07T22:49:40.144+0800][1.602s][debug][gc,stats          ]   Step Times (cum): num = 3, avg = 0.00ms, sd = 0.00ms max = 0.00ms, total = 0.00ms
[2024-12-07T22:49:40.144+0800][1.602s][debug][gc,stats          ]   Mark Stats Cache: hits 0 misses 0 ratio 0.000
[2024-12-07T22:49:40.144+0800][1.602s][debug][gc,stats          ] ---------------------------------------------------------------------
[2024-12-07T22:49:40.144+0800][1.602s][debug][gc,stats          ] Marking Stats, task = 7, calls = 1
[2024-12-07T22:49:40.144+0800][1.602s][debug][gc,stats          ]   Elapsed time = 0.04ms, Termination time = 0.00ms
[2024-12-07T22:49:40.144+0800][1.603s][debug][gc,stats          ]   Step Times (cum): num = 3, avg = 0.13ms, sd = 0.18ms max = 0.38ms, total = 0.38ms
[2024-12-07T22:49:40.144+0800][1.603s][debug][gc,stats          ]   Mark Stats Cache: hits 0 misses 0 ratio 0.000
[2024-12-07T22:49:40.144+0800][1.603s][debug][gc,stats          ] ---------------------------------------------------------------------
[2024-12-07T22:49:40.144+0800][1.603s][debug][gc,stats          ] Marking Stats, task = 8, calls = 1
[2024-12-07T22:49:40.145+0800][1.603s][debug][gc,stats          ]   Elapsed time = 0.02ms, Termination time = 0.00ms
[2024-12-07T22:49:40.145+0800][1.603s][debug][gc,stats          ]   Step Times (cum): num = 3, avg = 0.07ms, sd = 0.09ms max = 0.20ms, total = 0.20ms
[2024-12-07T22:49:40.145+0800][1.603s][debug][gc,stats          ]   Mark Stats Cache: hits 0 misses 0 ratio 0.000
[2024-12-07T22:49:40.145+0800][1.603s][debug][gc,stats          ] ---------------------------------------------------------------------
[2024-12-07T22:49:40.145+0800][1.603s][debug][gc,stats          ] Marking Stats, task = 9, calls = 1
[2024-12-07T22:49:40.145+0800][1.603s][debug][gc,stats          ]   Elapsed time = 0.02ms, Termination time = 0.00ms
[2024-12-07T22:49:40.145+0800][1.603s][debug][gc,stats          ]   Step Times (cum): num = 3, avg = 0.00ms, sd = 0.00ms max = 0.00ms, total = 0.00ms
[2024-12-07T22:49:40.145+0800][1.603s][debug][gc,stats          ]   Mark Stats Cache: hits 0 misses 0 ratio 0.000
[2024-12-07T22:49:40.145+0800][1.604s][debug][gc,stats          ] ---------------------------------------------------------------------
[2024-12-07T22:49:40.145+0800][1.604s][debug][gc,stats          ] Marking Stats, task = 10, calls = 1
[2024-12-07T22:49:40.145+0800][1.604s][debug][gc,stats          ]   Elapsed time = 0.01ms, Termination time = 0.00ms
[2024-12-07T22:49:40.146+0800][1.604s][debug][gc,stats          ]   Step Times (cum): num = 3, avg = 0.00ms, sd = 0.00ms max = 0.00ms, total = 0.00ms
[2024-12-07T22:49:40.146+0800][1.604s][debug][gc,stats          ]   Mark Stats Cache: hits 0 misses 0 ratio 0.000
[2024-12-07T22:49:40.146+0800][1.604s][debug][gc,stats          ] ---------------------------------------------------------------------
[2024-12-07T22:49:40.146+0800][1.604s][debug][gc,stats          ] Marking Stats, task = 11, calls = 1
[2024-12-07T22:49:40.146+0800][1.604s][debug][gc,stats          ]   Elapsed time = 0.00ms, Termination time = 0.00ms
[2024-12-07T22:49:40.146+0800][1.604s][debug][gc,stats          ]   Step Times (cum): num = 3, avg = 0.00ms, sd = 0.00ms max = 0.00ms, total = 0.00ms
[2024-12-07T22:49:40.146+0800][1.604s][debug][gc,stats          ]   Mark Stats Cache: hits 0 misses 0 ratio 0.000
[2024-12-07T22:49:40.146+0800][1.604s][debug][gc,stats          ] ---------------------------------------------------------------------
[2024-12-07T22:49:40.146+0800][1.605s][debug][gc,phases         ] GC(5) Finalize Marking 5.885ms
[2024-12-07T22:49:40.146+0800][1.605s][debug][gc,phases,start   ] GC(5) Reference Processing
[2024-12-07T22:49:40.146+0800][1.605s][debug][gc,ref            ] GC(5) Skipped phase1 of Reference Processing due to unavailable references
[2024-12-07T22:49:40.146+0800][1.605s][debug][gc,ref            ] GC(5) Skipped phase2 of Reference Processing due to unavailable references
[2024-12-07T22:49:40.147+0800][1.605s][debug][gc,ref            ] GC(5) Skipped phase3 of Reference Processing due to unavailable references
[2024-12-07T22:49:40.147+0800][1.605s][debug][gc,ref            ] GC(5) Skipped phase4 of Reference Processing due to unavailable references
[2024-12-07T22:49:40.147+0800][1.605s][debug][gc,phases,ref     ] GC(5) Reference Processing: 0.4ms
[2024-12-07T22:49:40.147+0800][1.605s][debug][gc,phases,ref     ] GC(5)   Reconsider SoftReferences: 0.1ms
[2024-12-07T22:49:40.147+0800][1.605s][debug][gc,phases,ref     ] GC(5)     SoftRef (ms):             skipped
[2024-12-07T22:49:40.147+0800][1.605s][debug][gc,phases,ref     ] GC(5)   Notify Soft/WeakReferences: 0.1ms
[2024-12-07T22:49:40.147+0800][1.605s][debug][gc,phases,ref     ] GC(5)     SoftRef (ms):             skipped
[2024-12-07T22:49:40.147+0800][1.606s][debug][gc,phases,ref     ] GC(5)     WeakRef (ms):             skipped
[2024-12-07T22:49:40.147+0800][1.606s][debug][gc,phases,ref     ] GC(5)     FinalRef (ms):            skipped
[2024-12-07T22:49:40.147+0800][1.606s][debug][gc,phases,ref     ] GC(5)     Total (ms):               skipped
[2024-12-07T22:49:40.147+0800][1.606s][debug][gc,phases,ref     ] GC(5)   Notify and keep alive finalizable: 0.1ms
[2024-12-07T22:49:40.148+0800][1.606s][debug][gc,phases,ref     ] GC(5)     FinalRef (ms):            skipped
[2024-12-07T22:49:40.148+0800][1.606s][debug][gc,phases,ref     ] GC(5)   Notify PhantomReferences: 0.1ms
[2024-12-07T22:49:40.148+0800][1.606s][debug][gc,phases,ref     ] GC(5)     PhantomRef (ms):          skipped
[2024-12-07T22:49:40.148+0800][1.606s][debug][gc,phases,ref     ] GC(5)   SoftReference:
[2024-12-07T22:49:40.148+0800][1.606s][debug][gc,phases,ref     ] GC(5)     Discovered: 0
[2024-12-07T22:49:40.148+0800][1.606s][debug][gc,phases,ref     ] GC(5)     Cleared: 0
[2024-12-07T22:49:40.148+0800][1.606s][debug][gc,phases,ref     ] GC(5)   WeakReference:
[2024-12-07T22:49:40.148+0800][1.606s][debug][gc,phases,ref     ] GC(5)     Discovered: 0
[2024-12-07T22:49:40.148+0800][1.607s][debug][gc,phases,ref     ] GC(5)     Cleared: 0
[2024-12-07T22:49:40.148+0800][1.607s][debug][gc,phases,ref     ] GC(5)   FinalReference:
[2024-12-07T22:49:40.148+0800][1.607s][debug][gc,phases,ref     ] GC(5)     Discovered: 0
[2024-12-07T22:49:40.148+0800][1.607s][debug][gc,phases,ref     ] GC(5)     Cleared: 0
[2024-12-07T22:49:40.149+0800][1.607s][debug][gc,phases,ref     ] GC(5)   PhantomReference:
[2024-12-07T22:49:40.149+0800][1.607s][debug][gc,phases,ref     ] GC(5)     Discovered: 0
[2024-12-07T22:49:40.149+0800][1.607s][debug][gc,phases,ref     ] GC(5)     Cleared: 0
[2024-12-07T22:49:40.149+0800][1.607s][debug][gc,phases         ] GC(5) Reference Processing 2.527ms
[2024-12-07T22:49:40.149+0800][1.607s][debug][gc,phases,start   ] GC(5) Weak Processing
[2024-12-07T22:49:40.149+0800][1.607s][debug][gc,phases         ] GC(5) Weak Processing 0.089ms
[2024-12-07T22:49:40.149+0800][1.607s][debug][gc,phases,start   ] GC(5) Class Unloading
[2024-12-07T22:49:40.149+0800][1.608s][debug][gc,phases,start   ] GC(5) ClassLoaderData
[2024-12-07T22:49:40.149+0800][1.608s][debug][gc,phases         ] GC(5) ClassLoaderData 0.092ms
[2024-12-07T22:49:40.149+0800][1.608s][debug][gc,phases,start   ] GC(5) ProtectionDomainCacheTable
[2024-12-07T22:49:40.149+0800][1.608s][debug][gc,phases         ] GC(5) ProtectionDomainCacheTable 0.093ms
[2024-12-07T22:49:40.150+0800][1.608s][info ][gc,stringtable    ] GC(5) Cleaned string and symbol table, strings: 68 processed, 0 removed, symbols: 226 processed, 0 removed
[2024-12-07T22:49:40.150+0800][1.608s][debug][gc,phases         ] GC(5) Class Unloading 0.914ms
[2024-12-07T22:49:40.150+0800][1.608s][debug][gc,phases,start   ] GC(5) Flush Task Caches
[2024-12-07T22:49:40.150+0800][1.609s][debug][gc,stats          ] Mark stats cache hits 13027 misses 107 ratio 99.185
[2024-12-07T22:49:40.150+0800][1.609s][debug][gc,phases         ] GC(5) Flush Task Caches 0.199ms
[2024-12-07T22:49:40.150+0800][1.609s][debug][gc,phases,start   ] GC(5) Update Remembered Set Tracking Before Rebuild
[2024-12-07T22:49:40.150+0800][1.609s][debug][gc,ergo           ] GC(5) Running G1 Update RemSet Tracking Before Rebuild using 2 workers for 504 regions in heap
[2024-12-07T22:49:40.151+0800][1.609s][debug][gc,remset,tracking] GC(5) Remembered Set Tracking update regions total 504, selected 0
[2024-12-07T22:49:40.151+0800][1.609s][debug][gc,phases         ] GC(5) Update Remembered Set Tracking Before Rebuild 0.311ms
[2024-12-07T22:49:40.151+0800][1.609s][debug][gc,phases,start   ] GC(5) Reclaim Empty Regions
[2024-12-07T22:49:40.151+0800][1.609s][debug][gc,phases         ] GC(5) Reclaim Empty Regions 0.174ms
[2024-12-07T22:49:40.151+0800][1.609s][debug][gc,phases,start   ] GC(5) Purge Metaspace
[2024-12-07T22:49:40.151+0800][1.609s][debug][gc,phases         ] GC(5) Purge Metaspace 0.094ms
[2024-12-07T22:49:40.151+0800][1.610s][debug][gc,phases,start   ] GC(5) Report Object Count
[2024-12-07T22:49:40.151+0800][1.610s][debug][gc,phases         ] GC(5) Report Object Count 0.088ms
[2024-12-07T22:49:40.151+0800][1.610s][info ][gc                ] GC(5) Pause Remark 209M->209M(504M) 11.189ms
[2024-12-07T22:49:40.152+0800][1.610s][info ][gc,cpu            ] GC(5) User=0.00s Sys=0.00s Real=0.01s
[2024-12-07T22:49:40.152+0800][1.610s][info ][gc,marking        ] GC(5) Concurrent Rebuild Remembered Sets
[2024-12-07T22:49:40.152+0800][1.610s][info ][gc,marking        ] GC(5) Concurrent Rebuild Remembered Sets 0.284ms
[2024-12-07T22:49:40.152+0800][1.610s][info ][gc,start          ] GC(5) Pause Cleanup
[2024-12-07T22:49:40.152+0800][1.611s][debug][gc,phases,start   ] GC(5) Update Remembered Set Tracking After Rebuild
[2024-12-07T22:49:40.152+0800][1.611s][debug][gc,phases         ] GC(5) Update Remembered Set Tracking After Rebuild 0.093ms
[2024-12-07T22:49:40.152+0800][1.611s][debug][gc,phases,start   ] GC(5) Finalize Concurrent Mark Cleanup
[2024-12-07T22:49:40.153+0800][1.611s][debug][gc,ergo           ] GC(5) request young-only gcs (candidate old regions not available)
[2024-12-07T22:49:40.153+0800][1.611s][debug][gc,phases         ] GC(5) Finalize Concurrent Mark Cleanup 0.314ms
[2024-12-07T22:49:40.153+0800][1.611s][info ][gc                ] GC(5) Pause Cleanup 209M->209M(504M) 0.719ms
[2024-12-07T22:49:40.153+0800][1.611s][info ][gc,cpu            ] GC(5) User=0.00s Sys=0.00s Real=0.00s
[2024-12-07T22:49:40.153+0800][1.611s][info ][gc,marking        ] GC(5) Concurrent Cleanup for Next Mark
[2024-12-07T22:49:40.153+0800][1.612s][debug][gc,ergo           ] GC(5) Running G1 Clear Bitmap with 5 workers for 8 work units.
[2024-12-07T22:49:40.153+0800][1.612s][info ][gc,marking        ] GC(5) Concurrent Cleanup for Next Mark 0.390ms
[2024-12-07T22:49:40.154+0800][1.612s][info ][gc                ] GC(5) Concurrent Cycle 19.646ms
[2024-12-07T22:49:40.237+0800][1.696s][debug][gc,ergo,ihop      ] Request concurrent cycle initiation (occupancy higher than threshold) occupancy: 236978176B allocation request: 1048592B threshold: 236873318B (44.82) source: concurrent humongous allocation
[2024-12-07T22:49:40.238+0800][1.697s][debug][gc,ergo           ] Request concurrent cycle initiation (requested by GC cause). GC cause: G1 Humongous Allocation
[2024-12-07T22:49:40.239+0800][1.697s][debug][gc,heap           ] GC(6) Heap before GC invocations=6 (full 0): garbage-first heap   total 516096K, used 230670K [0x00000000e0000000, 0x0000000100000000)
[2024-12-07T22:49:40.239+0800][1.697s][debug][gc,heap           ] GC(6)   region size 1024K, 2 young (2048K), 1 survivors (1024K)
[2024-12-07T22:49:40.239+0800][1.697s][debug][gc,heap           ] GC(6)  Metaspace       used 642K, capacity 4574K, committed 4864K, reserved 1056768K
[2024-12-07T22:49:40.239+0800][1.697s][debug][gc,heap           ] GC(6)   class space    used 52K, capacity 418K, committed 512K, reserved 1048576K
[2024-12-07T22:49:40.239+0800][1.698s][debug][gc,ergo           ] GC(6) Initiate concurrent cycle (concurrent cycle initiation requested)
[2024-12-07T22:49:40.239+0800][1.698s][info ][gc,start          ] GC(6) Pause Young (Concurrent Start) (G1 Humongous Allocation)
[2024-12-07T22:49:40.240+0800][1.698s][info ][gc,task           ] GC(6) Using 12 workers of 18 for evacuation
[2024-12-07T22:49:40.240+0800][1.698s][debug][gc,tlab           ] GC(6) TLAB totals: thrds: 1  refills: 1 max: 1 slow allocs: 12 max 12 waste: 99.5% gc: 500632B max: 500632B slow: 0B max: 0B fast: 0B max: 0B
[2024-12-07T22:49:40.240+0800][1.698s][debug][gc,alloc,region   ] GC(6) Mutator Allocation stats, regions: 1, wasted size: 0B ( 0.0%)
[2024-12-07T22:49:40.240+0800][1.698s][debug][gc,age            ] GC(6) Desired survivor size 2097152 bytes, new threshold 15 (max threshold 15)
[2024-12-07T22:49:40.240+0800][1.699s][debug][gc,ergo,cset      ] GC(6) Finish choosing CSet. old: 0 regions, predicted old region time: 0.00ms, time remaining: 173.21
[2024-12-07T22:49:40.241+0800][1.699s][debug][gc,task,stats     ] GC(6) GC Termination Stats
[2024-12-07T22:49:40.241+0800][1.699s][debug][gc,task,stats     ] GC(6)      elapsed  --strong roots-- -------termination------- ------waste (KiB)------
[2024-12-07T22:49:40.241+0800][1.700s][debug][gc,task,stats     ] GC(6) thr     ms        ms      %        ms      %    attempts  total   alloc    undo
[2024-12-07T22:49:40.242+0800][1.700s][debug][gc,task,stats     ] GC(6) --- --------- --------- ------ --------- ------ -------- ------- ------- -------
[2024-12-07T22:49:40.250+0800][1.708s][debug][gc,task,stats     ] GC(6)  11      7.42      7.41  99.97      0.00   0.00        1       0       0       0
[2024-12-07T22:49:40.250+0800][1.708s][debug][gc,task,stats     ] GC(6)   1      7.72      2.26  29.33      5.41  70.12        1       0       0       0
[2024-12-07T22:49:40.250+0800][1.708s][debug][gc,task,stats     ] GC(6)   6      7.76      1.52  19.65      6.06  78.14        1       0       0       0
[2024-12-07T22:49:40.250+0800][1.708s][debug][gc,task,stats     ] GC(6)   0      7.95      1.56  19.58      6.09  76.63        1       1       1       0
[2024-12-07T22:49:40.250+0800][1.708s][debug][gc,task,stats     ] GC(6)   3      7.98      1.46  18.28      6.09  76.31        1       0       0       0
[2024-12-07T22:49:40.250+0800][1.708s][debug][gc,task,stats     ] GC(6)   5      8.03      2.08  25.85      5.47  68.14        1       0       0       0
[2024-12-07T22:49:40.250+0800][1.709s][debug][gc,task,stats     ] GC(6)   4      8.12      1.85  22.73      5.68  69.90        1       0       0       0
[2024-12-07T22:49:40.250+0800][1.709s][debug][gc,task,stats     ] GC(6)   7      8.18      1.79  21.91      5.69  69.50        1       0       0       0
[2024-12-07T22:49:40.250+0800][1.709s][debug][gc,task,stats     ] GC(6)  10      8.22      6.63  80.61      0.81   9.84        1       0       0       0
[2024-12-07T22:49:40.250+0800][1.709s][debug][gc,task,stats     ] GC(6)   8      8.33      5.60  67.26      1.86  22.31        1       0       0       0
[2024-12-07T22:49:40.251+0800][1.709s][debug][gc,task,stats     ] GC(6)   2      8.48      1.43  16.81      6.00  70.80        1       0       0       0
[2024-12-07T22:49:40.251+0800][1.709s][debug][gc,task,stats     ] GC(6)   9      8.49      6.55  77.20      0.88  10.38        1       0       0       0
[2024-12-07T22:49:40.251+0800][1.709s][debug][gc,ergo           ] GC(6) Running G1 Clear Card Table Task using 1 workers for 1 units of work for 3 regions.
[2024-12-07T22:49:40.251+0800][1.709s][debug][gc,ref            ] GC(6) Skipped phase1 of Reference Processing due to unavailable references
[2024-12-07T22:49:40.251+0800][1.709s][debug][gc,ref            ] GC(6) Skipped phase3 of Reference Processing due to unavailable references
[2024-12-07T22:49:40.251+0800][1.710s][debug][gc,ergo           ] GC(6) Running G1 Free Collection Set using 1 workers for collection set length 2
[2024-12-07T22:49:40.251+0800][1.710s][debug][gc,humongous      ] GC(6) Live humongous region 0 object size 1048592 start 0x00000000e0000000  with remset 0 code roots 0 is marked 0 reclaim candidate 0 type array 1
[2024-12-07T22:49:40.251+0800][1.710s][debug][gc,humongous      ] GC(6) Live humongous region 2 object size 1048592 start 0x00000000e0200000  with remset 0 code roots 0 is marked 0 reclaim candidate 0 type array 1
[2024-12-07T22:49:40.252+0800][1.710s][debug][gc,humongous      ] GC(6) Live humongous region 4 object size 1048592 start 0x00000000e0400000  with remset 0 code roots 0 is marked 0 reclaim candidate 0 type array 1
[2024-12-07T22:49:40.252+0800][1.710s][debug][gc,humongous      ] GC(6) Live humongous region 6 object size 1048592 start 0x00000000e0600000  with remset 0 code roots 0 is marked 0 reclaim candidate 0 type array 1
[2024-12-07T22:49:40.252+0800][1.710s][debug][gc,humongous      ] GC(6) Live humongous region 8 object size 1048592 start 0x00000000e0800000  with remset 0 code roots 0 is marked 0 reclaim candidate 0 type array 1
[2024-12-07T22:49:40.252+0800][1.710s][debug][gc,humongous      ] GC(6) Live humongous region 10 object size 1048592 start 0x00000000e0a00000  with remset 0 code roots 0 is marked 0 reclaim candidate 0 type array 1
[2024-12-07T22:49:40.252+0800][1.710s][debug][gc,humongous      ] GC(6) Live humongous region 12 object size 1048592 start 0x00000000e0c00000  with remset 0 code roots 0 is marked 0 reclaim candidate 0 type array 1
[2024-12-07T22:49:40.252+0800][1.710s][debug][gc,humongous      ] GC(6) Live humongous region 14 object size 1048592 start 0x00000000e0e00000  with remset 0 code roots 0 is marked 0 reclaim candidate 0 type array 1
[2024-12-07T22:49:40.253+0800][1.711s][debug][gc,humongous      ] GC(6) Live humongous region 16 object size 1048592 start 0x00000000e1000000  with remset 0 code roots 0 is marked 0 reclaim candidate 0 type array 1
[2024-12-07T22:49:40.253+0800][1.711s][debug][gc,humongous      ] GC(6) Live humongous region 18 object size 1048592 start 0x00000000e1200000  with remset 0 code roots 0 is marked 0 reclaim candidate 0 type array 1
[2024-12-07T22:49:40.253+0800][1.711s][debug][gc,humongous      ] GC(6) Live humongous region 20 object size 1048592 start 0x00000000e1400000  with remset 0 code roots 0 is marked 0 reclaim candidate 0 type array 1
[2024-12-07T22:49:40.253+0800][1.711s][debug][gc,humongous      ] GC(6) Live humongous region 22 object size 1048592 start 0x00000000e1600000  with remset 0 code roots 0 is marked 0 reclaim candidate 0 type array 1
[2024-12-07T22:49:40.253+0800][1.711s][debug][gc,humongous      ] GC(6) Live humongous region 24 object size 1048592 start 0x00000000e1800000  with remset 0 code roots 0 is marked 0 reclaim candidate 0 type array 1
[2024-12-07T22:49:40.253+0800][1.711s][debug][gc,humongous      ] GC(6) Live humongous region 26 object size 1048592 start 0x00000000e1a00000  with remset 0 code roots 0 is marked 0 reclaim candidate 0 type array 1
[2024-12-07T22:49:40.253+0800][1.711s][debug][gc,humongous      ] GC(6) Live humongous region 28 object size 1048592 start 0x00000000e1c00000  with remset 0 code roots 0 is marked 0 reclaim candidate 0 type array 1
[2024-12-07T22:49:40.253+0800][1.711s][debug][gc,humongous      ] GC(6) Live humongous region 30 object size 1048592 start 0x00000000e1e00000  with remset 0 code roots 0 is marked 0 reclaim candidate 0 type array 1
[2024-12-07T22:49:40.253+0800][1.712s][debug][gc,humongous      ] GC(6) Live humongous region 32 object size 1048592 start 0x00000000e2000000  with remset 0 code roots 0 is marked 0 reclaim candidate 0 type array 1
[2024-12-07T22:49:40.253+0800][1.712s][debug][gc,humongous      ] GC(6) Live humongous region 34 object size 1048592 start 0x00000000e2200000  with remset 0 code roots 0 is marked 0 reclaim candidate 0 type array 1
[2024-12-07T22:49:40.253+0800][1.712s][debug][gc,humongous      ] GC(6) Live humongous region 36 object size 1048592 start 0x00000000e2400000  with remset 0 code roots 0 is marked 0 reclaim candidate 0 type array 1
[2024-12-07T22:49:40.253+0800][1.712s][debug][gc,humongous      ] GC(6) Live humongous region 38 object size 1048592 start 0x00000000e2600000  with remset 0 code roots 0 is marked 0 reclaim candidate 0 type array 1
[2024-12-07T22:49:40.253+0800][1.712s][debug][gc,humongous      ] GC(6) Live humongous region 40 object size 1048592 start 0x00000000e2800000  with remset 0 code roots 0 is marked 0 reclaim candidate 0 type array 1
[2024-12-07T22:49:40.254+0800][1.712s][debug][gc,humongous      ] GC(6) Live humongous region 42 object size 1048592 start 0x00000000e2a00000  with remset 0 code roots 0 is marked 0 reclaim candidate 0 type array 1
[2024-12-07T22:49:40.254+0800][1.712s][debug][gc,humongous      ] GC(6) Live humongous region 44 object size 1048592 start 0x00000000e2c00000  with remset 0 code roots 0 is marked 0 reclaim candidate 0 type array 1
[2024-12-07T22:49:40.254+0800][1.712s][debug][gc,humongous      ] GC(6) Live humongous region 46 object size 1048592 start 0x00000000e2e00000  with remset 0 code roots 0 is marked 0 reclaim candidate 0 type array 1
[2024-12-07T22:49:40.254+0800][1.712s][debug][gc,humongous      ] GC(6) Live humongous region 48 object size 1048592 start 0x00000000e3000000  with remset 0 code roots 0 is marked 0 reclaim candidate 0 type array 1
[2024-12-07T22:49:40.254+0800][1.712s][debug][gc,humongous      ] GC(6) Live humongous region 50 object size 1048592 start 0x00000000e3200000  with remset 0 code roots 0 is marked 0 reclaim candidate 0 type array 1
[2024-12-07T22:49:40.254+0800][1.712s][debug][gc,humongous      ] GC(6) Live humongous region 52 object size 1048592 start 0x00000000e3400000  with remset 0 code roots 0 is marked 0 reclaim candidate 0 type array 1
[2024-12-07T22:49:40.254+0800][1.712s][debug][gc,humongous      ] GC(6) Live humongous region 54 object size 1048592 start 0x00000000e3600000  with remset 0 code roots 0 is marked 0 reclaim candidate 0 type array 1
[2024-12-07T22:49:40.254+0800][1.712s][debug][gc,humongous      ] GC(6) Live humongous region 56 object size 1048592 start 0x00000000e3800000  with remset 0 code roots 0 is marked 0 reclaim candidate 0 type array 1
[2024-12-07T22:49:40.254+0800][1.712s][debug][gc,humongous      ] GC(6) Live humongous region 58 object size 1048592 start 0x00000000e3a00000  with remset 0 code roots 0 is marked 0 reclaim candidate 0 type array 1
[2024-12-07T22:49:40.254+0800][1.712s][debug][gc,humongous      ] GC(6) Live humongous region 60 object size 1048592 start 0x00000000e3c00000  with remset 0 code roots 0 is marked 0 reclaim candidate 0 type array 1
[2024-12-07T22:49:40.254+0800][1.712s][debug][gc,humongous      ] GC(6) Live humongous region 62 object size 1048592 start 0x00000000e3e00000  with remset 0 code roots 0 is marked 0 reclaim candidate 0 type array 1
[2024-12-07T22:49:40.254+0800][1.713s][debug][gc,humongous      ] GC(6) Live humongous region 64 object size 1048592 start 0x00000000e4000000  with remset 0 code roots 0 is marked 0 reclaim candidate 0 type array 1
[2024-12-07T22:49:40.254+0800][1.713s][debug][gc,humongous      ] GC(6) Live humongous region 66 object size 1048592 start 0x00000000e4200000  with remset 0 code roots 0 is marked 0 reclaim candidate 0 type array 1
[2024-12-07T22:49:40.254+0800][1.713s][debug][gc,humongous      ] GC(6) Live humongous region 68 object size 1048592 start 0x00000000e4400000  with remset 0 code roots 0 is marked 0 reclaim candidate 0 type array 1
[2024-12-07T22:49:40.254+0800][1.713s][debug][gc,humongous      ] GC(6) Live humongous region 70 object size 1048592 start 0x00000000e4600000  with remset 0 code roots 0 is marked 0 reclaim candidate 0 type array 1
[2024-12-07T22:49:40.254+0800][1.713s][debug][gc,humongous      ] GC(6) Dead humongous region 72 object size 1048592 start 0x00000000e4800000 with remset 0 code roots 0 is marked 0 reclaim candidate 1 type array 1
[2024-12-07T22:49:40.255+0800][1.713s][debug][gc,humongous      ] GC(6) Dead humongous region 74 object size 1048592 start 0x00000000e4a00000 with remset 0 code roots 0 is marked 0 reclaim candidate 1 type array 1
[2024-12-07T22:49:40.255+0800][1.713s][debug][gc,humongous      ] GC(6) Dead humongous region 76 object size 1048592 start 0x00000000e4c00000 with remset 0 code roots 0 is marked 0 reclaim candidate 1 type array 1
[2024-12-07T22:49:40.255+0800][1.713s][debug][gc,humongous      ] GC(6) Dead humongous region 78 object size 1048592 start 0x00000000e4e00000 with remset 0 code roots 0 is marked 0 reclaim candidate 1 type array 1
[2024-12-07T22:49:40.255+0800][1.713s][debug][gc,humongous      ] GC(6) Dead humongous region 80 object size 1048592 start 0x00000000e5000000 with remset 0 code roots 0 is marked 0 reclaim candidate 1 type array 1
[2024-12-07T22:49:40.255+0800][1.713s][debug][gc,humongous      ] GC(6) Dead humongous region 82 object size 1048592 start 0x00000000e5200000 with remset 0 code roots 0 is marked 0 reclaim candidate 1 type array 1
[2024-12-07T22:49:40.255+0800][1.713s][debug][gc,humongous      ] GC(6) Dead humongous region 84 object size 1048592 start 0x00000000e5400000 with remset 0 code roots 0 is marked 0 reclaim candidate 1 type array 1
[2024-12-07T22:49:40.255+0800][1.713s][debug][gc,humongous      ] GC(6) Dead humongous region 86 object size 1048592 start 0x00000000e5600000 with remset 0 code roots 0 is marked 0 reclaim candidate 1 type array 1
[2024-12-07T22:49:40.255+0800][1.713s][debug][gc,humongous      ] GC(6) Dead humongous region 88 object size 1048592 start 0x00000000e5800000 with remset 0 code roots 0 is marked 0 reclaim candidate 1 type array 1
[2024-12-07T22:49:40.255+0800][1.713s][debug][gc,humongous      ] GC(6) Dead humongous region 90 object size 1048592 start 0x00000000e5a00000 with remset 0 code roots 0 is marked 0 reclaim candidate 1 type array 1
[2024-12-07T22:49:40.255+0800][1.713s][debug][gc,humongous      ] GC(6) Dead humongous region 92 object size 1048592 start 0x00000000e5c00000 with remset 0 code roots 0 is marked 0 reclaim candidate 1 type array 1
[2024-12-07T22:49:40.255+0800][1.714s][debug][gc,humongous      ] GC(6) Dead humongous region 94 object size 1048592 start 0x00000000e5e00000 with remset 0 code roots 0 is marked 0 reclaim candidate 1 type array 1
[2024-12-07T22:49:40.255+0800][1.714s][debug][gc,humongous      ] GC(6) Live humongous region 96 object size 1048592 start 0x00000000e6000000  with remset 0 code roots 0 is marked 0 reclaim candidate 0 type array 1
[2024-12-07T22:49:40.255+0800][1.714s][debug][gc,humongous      ] GC(6) Live humongous region 98 object size 1048592 start 0x00000000e6200000  with remset 0 code roots 0 is marked 0 reclaim candidate 0 type array 1
[2024-12-07T22:49:40.255+0800][1.714s][debug][gc,humongous      ] GC(6) Live humongous region 100 object size 1048592 start 0x00000000e6400000  with remset 0 code roots 0 is marked 0 reclaim candidate 0 type array 1
[2024-12-07T22:49:40.255+0800][1.714s][debug][gc,humongous      ] GC(6) Live humongous region 102 object size 1048592 start 0x00000000e6600000  with remset 0 code roots 0 is marked 0 reclaim candidate 0 type array 1
[2024-12-07T22:49:40.256+0800][1.714s][debug][gc,humongous      ] GC(6) Live humongous region 104 object size 1048592 start 0x00000000e6800000  with remset 0 code roots 0 is marked 0 reclaim candidate 0 type array 1
[2024-12-07T22:49:40.256+0800][1.714s][debug][gc,humongous      ] GC(6) Live humongous region 106 object size 1048592 start 0x00000000e6a00000  with remset 0 code roots 0 is marked 0 reclaim candidate 0 type array 1
[2024-12-07T22:49:40.256+0800][1.714s][debug][gc,humongous      ] GC(6) Live humongous region 108 object size 1048592 start 0x00000000e6c00000  with remset 0 code roots 0 is marked 0 reclaim candidate 0 type array 1
[2024-12-07T22:49:40.256+0800][1.714s][debug][gc,humongous      ] GC(6) Live humongous region 110 object size 1048592 start 0x00000000e6e00000  with remset 0 code roots 0 is marked 0 reclaim candidate 0 type array 1
[2024-12-07T22:49:40.256+0800][1.714s][debug][gc,humongous      ] GC(6) Live humongous region 112 object size 1048592 start 0x00000000e7000000  with remset 0 code roots 0 is marked 0 reclaim candidate 0 type array 1
[2024-12-07T22:49:40.256+0800][1.714s][debug][gc,humongous      ] GC(6) Live humongous region 114 object size 1048592 start 0x00000000e7200000  with remset 0 code roots 0 is marked 0 reclaim candidate 0 type array 1
[2024-12-07T22:49:40.256+0800][1.714s][debug][gc,humongous      ] GC(6) Live humongous region 116 object size 1048592 start 0x00000000e7400000  with remset 0 code roots 0 is marked 0 reclaim candidate 0 type array 1
[2024-12-07T22:49:40.256+0800][1.714s][debug][gc,humongous      ] GC(6) Live humongous region 118 object size 1048592 start 0x00000000e7600000  with remset 0 code roots 0 is marked 0 reclaim candidate 0 type array 1
[2024-12-07T22:49:40.256+0800][1.714s][debug][gc,humongous      ] GC(6) Live humongous region 120 object size 1048592 start 0x00000000e7800000  with remset 0 code roots 0 is marked 0 reclaim candidate 0 type array 1
[2024-12-07T22:49:40.256+0800][1.714s][debug][gc,humongous      ] GC(6) Live humongous region 122 object size 1048592 start 0x00000000e7a00000  with remset 0 code roots 0 is marked 0 reclaim candidate 0 type array 1
[2024-12-07T22:49:40.256+0800][1.714s][debug][gc,humongous      ] GC(6) Live humongous region 124 object size 1048592 start 0x00000000e7c00000  with remset 0 code roots 0 is marked 0 reclaim candidate 0 type array 1
[2024-12-07T22:49:40.256+0800][1.715s][debug][gc,humongous      ] GC(6) Live humongous region 126 object size 1048592 start 0x00000000e7e00000  with remset 0 code roots 0 is marked 0 reclaim candidate 0 type array 1
[2024-12-07T22:49:40.256+0800][1.715s][debug][gc,humongous      ] GC(6) Live humongous region 128 object size 1048592 start 0x00000000e8000000  with remset 0 code roots 0 is marked 0 reclaim candidate 0 type array 1
[2024-12-07T22:49:40.256+0800][1.715s][debug][gc,humongous      ] GC(6) Live humongous region 130 object size 1048592 start 0x00000000e8200000  with remset 0 code roots 0 is marked 0 reclaim candidate 0 type array 1
[2024-12-07T22:49:40.256+0800][1.715s][debug][gc,humongous      ] GC(6) Live humongous region 132 object size 1048592 start 0x00000000e8400000  with remset 0 code roots 0 is marked 0 reclaim candidate 0 type array 1
[2024-12-07T22:49:40.256+0800][1.715s][debug][gc,humongous      ] GC(6) Live humongous region 134 object size 1048592 start 0x00000000e8600000  with remset 0 code roots 0 is marked 0 reclaim candidate 0 type array 1
[2024-12-07T22:49:40.257+0800][1.715s][debug][gc,humongous      ] GC(6) Live humongous region 136 object size 1048592 start 0x00000000e8800000  with remset 0 code roots 0 is marked 0 reclaim candidate 0 type array 1
[2024-12-07T22:49:40.257+0800][1.715s][debug][gc,humongous      ] GC(6) Live humongous region 138 object size 1048592 start 0x00000000e8a00000  with remset 0 code roots 0 is marked 0 reclaim candidate 0 type array 1
[2024-12-07T22:49:40.257+0800][1.715s][debug][gc,humongous      ] GC(6) Live humongous region 140 object size 1048592 start 0x00000000e8c00000  with remset 0 code roots 0 is marked 0 reclaim candidate 0 type array 1
[2024-12-07T22:49:40.257+0800][1.715s][debug][gc,humongous      ] GC(6) Live humongous region 142 object size 1048592 start 0x00000000e8e00000  with remset 0 code roots 0 is marked 0 reclaim candidate 0 type array 1
[2024-12-07T22:49:40.257+0800][1.715s][debug][gc,humongous      ] GC(6) Live humongous region 144 object size 1048592 start 0x00000000e9000000  with remset 0 code roots 0 is marked 0 reclaim candidate 0 type array 1
[2024-12-07T22:49:40.257+0800][1.715s][debug][gc,humongous      ] GC(6) Live humongous region 146 object size 1048592 start 0x00000000e9200000  with remset 0 code roots 0 is marked 0 reclaim candidate 0 type array 1
[2024-12-07T22:49:40.257+0800][1.715s][debug][gc,humongous      ] GC(6) Live humongous region 148 object size 1048592 start 0x00000000e9400000  with remset 0 code roots 0 is marked 0 reclaim candidate 0 type array 1
[2024-12-07T22:49:40.257+0800][1.715s][debug][gc,humongous      ] GC(6) Live humongous region 150 object size 1048592 start 0x00000000e9600000  with remset 0 code roots 0 is marked 0 reclaim candidate 0 type array 1
[2024-12-07T22:49:40.257+0800][1.715s][debug][gc,humongous      ] GC(6) Live humongous region 152 object size 1048592 start 0x00000000e9800000  with remset 0 code roots 0 is marked 0 reclaim candidate 0 type array 1
[2024-12-07T22:49:40.257+0800][1.715s][debug][gc,humongous      ] GC(6) Live humongous region 154 object size 1048592 start 0x00000000e9a00000  with remset 0 code roots 0 is marked 0 reclaim candidate 0 type array 1
[2024-12-07T22:49:40.257+0800][1.715s][debug][gc,humongous      ] GC(6) Live humongous region 156 object size 1048592 start 0x00000000e9c00000  with remset 0 code roots 0 is marked 0 reclaim candidate 0 type array 1
[2024-12-07T22:49:40.257+0800][1.716s][debug][gc,humongous      ] GC(6) Live humongous region 158 object size 1048592 start 0x00000000e9e00000  with remset 0 code roots 0 is marked 0 reclaim candidate 0 type array 1
[2024-12-07T22:49:40.257+0800][1.716s][debug][gc,humongous      ] GC(6) Live humongous region 160 object size 1048592 start 0x00000000ea000000  with remset 0 code roots 0 is marked 0 reclaim candidate 0 type array 1
[2024-12-07T22:49:40.257+0800][1.716s][debug][gc,humongous      ] GC(6) Live humongous region 162 object size 1048592 start 0x00000000ea200000  with remset 0 code roots 0 is marked 0 reclaim candidate 0 type array 1
[2024-12-07T22:49:40.257+0800][1.716s][debug][gc,humongous      ] GC(6) Live humongous region 164 object size 1048592 start 0x00000000ea400000  with remset 0 code roots 0 is marked 0 reclaim candidate 0 type array 1
[2024-12-07T22:49:40.257+0800][1.716s][debug][gc,humongous      ] GC(6) Live humongous region 166 object size 1048592 start 0x00000000ea600000  with remset 0 code roots 0 is marked 0 reclaim candidate 0 type array 1
[2024-12-07T22:49:40.258+0800][1.716s][debug][gc,humongous      ] GC(6) Live humongous region 168 object size 1048592 start 0x00000000ea800000  with remset 0 code roots 0 is marked 0 reclaim candidate 0 type array 1
[2024-12-07T22:49:40.258+0800][1.716s][debug][gc,humongous      ] GC(6) Live humongous region 170 object size 1048592 start 0x00000000eaa00000  with remset 0 code roots 0 is marked 0 reclaim candidate 0 type array 1
[2024-12-07T22:49:40.258+0800][1.716s][debug][gc,humongous      ] GC(6) Live humongous region 172 object size 1048592 start 0x00000000eac00000  with remset 0 code roots 0 is marked 0 reclaim candidate 0 type array 1
[2024-12-07T22:49:40.258+0800][1.716s][debug][gc,humongous      ] GC(6) Live humongous region 174 object size 1048592 start 0x00000000eae00000  with remset 0 code roots 0 is marked 0 reclaim candidate 0 type array 1
[2024-12-07T22:49:40.258+0800][1.716s][debug][gc,humongous      ] GC(6) Live humongous region 176 object size 1048592 start 0x00000000eb000000  with remset 0 code roots 0 is marked 0 reclaim candidate 0 type array 1
[2024-12-07T22:49:40.258+0800][1.716s][debug][gc,humongous      ] GC(6) Live humongous region 178 object size 1048592 start 0x00000000eb200000  with remset 0 code roots 0 is marked 0 reclaim candidate 0 type array 1
[2024-12-07T22:49:40.258+0800][1.716s][debug][gc,humongous      ] GC(6) Live humongous region 180 object size 1048592 start 0x00000000eb400000  with remset 0 code roots 0 is marked 0 reclaim candidate 0 type array 1
[2024-12-07T22:49:40.258+0800][1.716s][debug][gc,humongous      ] GC(6) Live humongous region 182 object size 1048592 start 0x00000000eb600000  with remset 0 code roots 0 is marked 0 reclaim candidate 0 type array 1
[2024-12-07T22:49:40.258+0800][1.716s][debug][gc,humongous      ] GC(6) Live humongous region 184 object size 1048592 start 0x00000000eb800000  with remset 0 code roots 0 is marked 0 reclaim candidate 0 type array 1
[2024-12-07T22:49:40.258+0800][1.717s][debug][gc,humongous      ] GC(6) Live humongous region 186 object size 1048592 start 0x00000000eba00000  with remset 0 code roots 0 is marked 0 reclaim candidate 0 type array 1
[2024-12-07T22:49:40.258+0800][1.717s][debug][gc,humongous      ] GC(6) Live humongous region 188 object size 1048592 start 0x00000000ebc00000  with remset 0 code roots 0 is marked 0 reclaim candidate 0 type array 1
[2024-12-07T22:49:40.259+0800][1.717s][debug][gc,humongous      ] GC(6) Live humongous region 190 object size 1048592 start 0x00000000ebe00000  with remset 0 code roots 0 is marked 0 reclaim candidate 0 type array 1
[2024-12-07T22:49:40.259+0800][1.717s][debug][gc,humongous      ] GC(6) Live humongous region 192 object size 1048592 start 0x00000000ec000000  with remset 0 code roots 0 is marked 0 reclaim candidate 0 type array 1
[2024-12-07T22:49:40.259+0800][1.717s][debug][gc,humongous      ] GC(6) Live humongous region 194 object size 1048592 start 0x00000000ec200000  with remset 0 code roots 0 is marked 0 reclaim candidate 0 type array 1
[2024-12-07T22:49:40.259+0800][1.717s][debug][gc,humongous      ] GC(6) Live humongous region 196 object size 1048592 start 0x00000000ec400000  with remset 0 code roots 0 is marked 0 reclaim candidate 0 type array 1
[2024-12-07T22:49:40.259+0800][1.718s][debug][gc,humongous      ] GC(6) Live humongous region 198 object size 1048592 start 0x00000000ec600000  with remset 0 code roots 0 is marked 0 reclaim candidate 0 type array 1
[2024-12-07T22:49:40.259+0800][1.718s][debug][gc,humongous      ] GC(6) Live humongous region 200 object size 1048592 start 0x00000000ec800000  with remset 0 code roots 0 is marked 0 reclaim candidate 0 type array 1
[2024-12-07T22:49:40.259+0800][1.718s][debug][gc,humongous      ] GC(6) Live humongous region 202 object size 1048592 start 0x00000000eca00000  with remset 0 code roots 0 is marked 0 reclaim candidate 0 type array 1
[2024-12-07T22:49:40.259+0800][1.718s][debug][gc,humongous      ] GC(6) Live humongous region 204 object size 1048592 start 0x00000000ecc00000  with remset 0 code roots 0 is marked 0 reclaim candidate 0 type array 1
[2024-12-07T22:49:40.260+0800][1.718s][debug][gc,humongous      ] GC(6) Live humongous region 206 object size 1048592 start 0x00000000ece00000  with remset 0 code roots 0 is marked 0 reclaim candidate 0 type array 1
[2024-12-07T22:49:40.260+0800][1.718s][debug][gc,humongous      ] GC(6) Live humongous region 208 object size 1048592 start 0x00000000ed000000  with remset 0 code roots 0 is marked 0 reclaim candidate 0 type array 1
[2024-12-07T22:49:40.260+0800][1.718s][debug][gc,humongous      ] GC(6) Live humongous region 210 object size 1048592 start 0x00000000ed200000  with remset 0 code roots 0 is marked 0 reclaim candidate 0 type array 1
[2024-12-07T22:49:40.260+0800][1.718s][debug][gc,humongous      ] GC(6) Live humongous region 212 object size 1048592 start 0x00000000ed400000  with remset 0 code roots 0 is marked 0 reclaim candidate 0 type array 1
[2024-12-07T22:49:40.260+0800][1.718s][debug][gc,humongous      ] GC(6) Live humongous region 214 object size 1048592 start 0x00000000ed600000  with remset 0 code roots 0 is marked 0 reclaim candidate 0 type array 1
[2024-12-07T22:49:40.260+0800][1.718s][debug][gc,humongous      ] GC(6) Live humongous region 216 object size 1048592 start 0x00000000ed800000  with remset 0 code roots 0 is marked 0 reclaim candidate 0 type array 1
[2024-12-07T22:49:40.260+0800][1.718s][debug][gc,humongous      ] GC(6) Live humongous region 218 object size 1048592 start 0x00000000eda00000  with remset 0 code roots 0 is marked 0 reclaim candidate 0 type array 1
[2024-12-07T22:49:40.260+0800][1.718s][debug][gc,humongous      ] GC(6) Live humongous region 220 object size 1048592 start 0x00000000edc00000  with remset 0 code roots 0 is marked 0 reclaim candidate 0 type array 1
[2024-12-07T22:49:40.260+0800][1.718s][debug][gc,humongous      ] GC(6) Live humongous region 222 object size 1048592 start 0x00000000ede00000  with remset 0 code roots 0 is marked 0 reclaim candidate 0 type array 1
[2024-12-07T22:49:40.260+0800][1.718s][debug][gc,plab           ] GC(6) Young PLAB allocation: allocated: 492528B, wasted: 2208B, unused: 14768B, used: 475552B, undo waste: 0B, 
[2024-12-07T22:49:40.260+0800][1.719s][debug][gc,plab           ] GC(6) Young other allocation: region end waste: 0B, regions filled: 1, direct allocated: 72648B, failure used: 0B, failure wasted: 0B
[2024-12-07T22:49:40.260+0800][1.719s][debug][gc,plab           ] GC(6) Young sizing: calculated: 95104B, actual: 95160B
[2024-12-07T22:49:40.260+0800][1.719s][debug][gc,plab           ] GC(6) Old PLAB allocation: allocated: 0B, wasted: 0B, unused: 0B, used: 0B, undo waste: 0B, 
[2024-12-07T22:49:40.260+0800][1.719s][debug][gc,plab           ] GC(6) Old other allocation: region end waste: 0B, regions filled: 0, direct allocated: 0B, failure used: 0B, failure wasted: 0B
[2024-12-07T22:49:40.261+0800][1.719s][debug][gc,plab           ] GC(6) Old sizing: calculated: 0B, actual: 2064B
[2024-12-07T22:49:40.261+0800][1.719s][debug][gc,alloc,stats    ] Old generation allocation in the last mutator period, old gen allocated: 0B, humongous allocated: 25165824B,old gen growth: 0B.
[2024-12-07T22:49:40.261+0800][1.719s][debug][gc,ihop           ] GC(6) Basic information (value update), threshold: 236873318B (45.00), target occupancy: 526385152B, current occupancy: 211017656B, recent allocation size: 25165824B, recent allocation duration: 101.35ms, recent old gen allocation rate: 248304517.52B/s, recent marking phase length: 0.00ms
[2024-12-07T22:49:40.261+0800][1.719s][debug][gc,ihop           ] GC(6) Adaptive IHOP information (value update), threshold: 236873318B (51.91), internal target occupancy: 456340275B, occupancy: 211017656B, additional buffer size: 26214400B, predicted old gen allocation rate: 176682787.85B/s, predicted marking phase length: 0.00ms, prediction active: false
[2024-12-07T22:49:40.261+0800][1.719s][debug][gc,ergo,refine    ] GC(6) Updated Refinement Zones: green: 18, yellow: 54, red: 90
[2024-12-07T22:49:40.261+0800][1.719s][info ][gc,phases         ] GC(6)   Pre Evacuate Collection Set: 0.2ms
[2024-12-07T22:49:40.261+0800][1.719s][debug][gc,phases         ] GC(6)     Prepare TLABs: 0.2ms
[2024-12-07T22:49:40.261+0800][1.719s][debug][gc,phases         ] GC(6)     Choose Collection Set: 0.2ms
[2024-12-07T22:49:40.261+0800][1.719s][debug][gc,phases         ] GC(6)     Humongous Register: 0.0ms
[2024-12-07T22:49:40.261+0800][1.719s][debug][gc,phases         ] GC(6)     Clear Claimed Marks: 0.0ms
[2024-12-07T22:49:40.261+0800][1.720s][info ][gc,phases         ] GC(6)   Evacuate Collection Set: 10.2ms
[2024-12-07T22:49:40.261+0800][1.720s][debug][gc,phases         ] GC(6)     Ext Root Scanning (ms):   Min:  0.1, Avg:  2.7, Max:  7.4, Diff:  7.3, Sum: 32.8, Workers: 12
[2024-12-07T22:49:40.261+0800][1.720s][debug][gc,phases         ] GC(6)     Update RS (ms):           Min:  0.0, Avg:  0.3, Max:  1.0, Diff:  1.0, Sum:  3.6, Workers: 12
[2024-12-07T22:49:40.261+0800][1.720s][debug][gc,phases         ] GC(6)       Processed Buffers:        Min: 0, Avg:  0.8, Max: 2, Diff: 2, Sum: 9, Workers: 12
[2024-12-07T22:49:40.261+0800][1.720s][debug][gc,phases         ] GC(6)       Scanned Cards:            Min: 0, Avg: 23.3, Max: 95, Diff: 95, Sum: 280, Workers: 12
[2024-12-07T22:49:40.262+0800][1.720s][debug][gc,phases         ] GC(6)       Skipped Cards:            Min: 0, Avg: 11.0, Max: 84, Diff: 84, Sum: 132, Workers: 12
[2024-12-07T22:49:40.262+0800][1.720s][debug][gc,phases         ] GC(6)     Scan RS (ms):             Min:  0.0, Avg:  0.2, Max:  0.9, Diff:  0.9, Sum:  2.8, Workers: 12
[2024-12-07T22:49:40.262+0800][1.720s][debug][gc,phases         ] GC(6)       Scanned Cards:            Min: 0, Avg: 23.2, Max: 64, Diff: 64, Sum: 278, Workers: 12
[2024-12-07T22:49:40.262+0800][1.720s][debug][gc,phases         ] GC(6)       Claimed Cards:            Min: 0, Avg: 23.3, Max: 64, Diff: 64, Sum: 280, Workers: 12
[2024-12-07T22:49:40.262+0800][1.720s][debug][gc,phases         ] GC(6)       Skipped Cards:            Min: 0, Avg: 116.7, Max: 280, Diff: 280, Sum: 1400, Workers: 12
[2024-12-07T22:49:40.262+0800][1.720s][debug][gc,phases         ] GC(6)     Code Root Scanning (ms):  Min:  0.0, Avg:  0.0, Max:  0.0, Diff:  0.0, Sum:  0.0, Workers: 12
[2024-12-07T22:49:40.262+0800][1.720s][debug][gc,phases         ] GC(6)     AOT Root Scanning (ms):   skipped
[2024-12-07T22:49:40.262+0800][1.720s][debug][gc,phases         ] GC(6)     Object Copy (ms):         Min:  0.0, Avg:  0.1, Max:  0.5, Diff:  0.5, Sum:  1.0, Workers: 12
[2024-12-07T22:49:40.262+0800][1.720s][debug][gc,phases         ] GC(6)     Termination (ms):         Min:  0.0, Avg:  4.2, Max:  6.1, Diff:  6.1, Sum: 50.0, Workers: 12
[2024-12-07T22:49:40.262+0800][1.720s][debug][gc,phases         ] GC(6)       Termination Attempts:     Min: 1, Avg:  1.0, Max: 1, Diff: 0, Sum: 12, Workers: 12
[2024-12-07T22:49:40.262+0800][1.721s][debug][gc,phases         ] GC(6)     GC Worker Other (ms):     Min:  0.1, Avg:  0.6, Max:  1.1, Diff:  1.0, Sum:  7.4, Workers: 12
[2024-12-07T22:49:40.262+0800][1.721s][debug][gc,phases         ] GC(6)     GC Worker Total (ms):     Min:  7.6, Avg:  8.1, Max:  8.6, Diff:  1.0, Sum: 97.7, Workers: 12
[2024-12-07T22:49:40.262+0800][1.721s][info ][gc,phases         ] GC(6)   Post Evacuate Collection Set: 9.5ms
[2024-12-07T22:49:40.262+0800][1.721s][debug][gc,phases         ] GC(6)     Code Roots Fixup: 0.0ms
[2024-12-07T22:49:40.262+0800][1.721s][debug][gc,phases         ] GC(6)     Clear Card Table: 0.1ms
[2024-12-07T22:49:40.263+0800][1.721s][debug][gc,phases         ] GC(6)     Reference Processing: 0.3ms
[2024-12-07T22:49:40.263+0800][1.721s][debug][gc,phases,ref     ] GC(6)       Reconsider SoftReferences: 0.1ms
[2024-12-07T22:49:40.263+0800][1.721s][debug][gc,phases,ref     ] GC(6)         SoftRef (ms):             skipped
[2024-12-07T22:49:40.263+0800][1.721s][debug][gc,phases,ref     ] GC(6)       Notify Soft/WeakReferences: 0.0ms
[2024-12-07T22:49:40.263+0800][1.721s][debug][gc,phases,ref     ] GC(6)         SoftRef (ms):             Min:  0.0, Avg:  0.0, Max:  0.0, Diff:  0.0, Sum:  0.0, Workers: 1
[2024-12-07T22:49:40.263+0800][1.721s][debug][gc,phases,ref     ] GC(6)         WeakRef (ms):             Min:  0.0, Avg:  0.0, Max:  0.0, Diff:  0.0, Sum:  0.0, Workers: 1
[2024-12-07T22:49:40.263+0800][1.721s][debug][gc,phases,ref     ] GC(6)         FinalRef (ms):            Min:  0.0, Avg:  0.0, Max:  0.0, Diff:  0.0, Sum:  0.0, Workers: 1
[2024-12-07T22:49:40.263+0800][1.721s][debug][gc,phases,ref     ] GC(6)         Total (ms):               Min:  0.0, Avg:  0.0, Max:  0.0, Diff:  0.0, Sum:  0.0, Workers: 1
[2024-12-07T22:49:40.263+0800][1.721s][debug][gc,phases,ref     ] GC(6)       Notify and keep alive finalizable: 0.2ms
[2024-12-07T22:49:40.263+0800][1.721s][debug][gc,phases,ref     ] GC(6)         FinalRef (ms):            skipped
[2024-12-07T22:49:40.263+0800][1.721s][debug][gc,phases,ref     ] GC(6)       Notify PhantomReferences: 0.0ms
[2024-12-07T22:49:40.263+0800][1.722s][debug][gc,phases,ref     ] GC(6)         PhantomRef (ms):          Min:  0.0, Avg:  0.0, Max:  0.0, Diff:  0.0, Sum:  0.0, Workers: 1
[2024-12-07T22:49:40.263+0800][1.722s][debug][gc,phases,ref     ] GC(6)       SoftReference:
[2024-12-07T22:49:40.263+0800][1.722s][debug][gc,phases,ref     ] GC(6)         Discovered: 0
[2024-12-07T22:49:40.263+0800][1.722s][debug][gc,phases,ref     ] GC(6)         Cleared: 0
[2024-12-07T22:49:40.263+0800][1.722s][debug][gc,phases,ref     ] GC(6)       WeakReference:
[2024-12-07T22:49:40.264+0800][1.722s][debug][gc,phases,ref     ] GC(6)         Discovered: 32
[2024-12-07T22:49:40.264+0800][1.722s][debug][gc,phases,ref     ] GC(6)         Cleared: 32
[2024-12-07T22:49:40.264+0800][1.722s][debug][gc,phases,ref     ] GC(6)       FinalReference:
[2024-12-07T22:49:40.264+0800][1.722s][debug][gc,phases,ref     ] GC(6)         Discovered: 0
[2024-12-07T22:49:40.264+0800][1.722s][debug][gc,phases,ref     ] GC(6)         Cleared: 0
[2024-12-07T22:49:40.264+0800][1.722s][debug][gc,phases,ref     ] GC(6)       PhantomReference:
[2024-12-07T22:49:40.264+0800][1.722s][debug][gc,phases,ref     ] GC(6)         Discovered: 5
[2024-12-07T22:49:40.264+0800][1.722s][debug][gc,phases,ref     ] GC(6)         Cleared: 5
[2024-12-07T22:49:40.264+0800][1.722s][debug][gc,phases         ] GC(6)     Weak Processing: 0.0ms
[2024-12-07T22:49:40.264+0800][1.722s][debug][gc,phases         ] GC(6)     Merge Per-Thread State: 0.0ms
[2024-12-07T22:49:40.264+0800][1.723s][debug][gc,phases         ] GC(6)     Code Roots Purge: 0.0ms
[2024-12-07T22:49:40.264+0800][1.723s][debug][gc,phases         ] GC(6)     Redirty Cards: 0.1ms
[2024-12-07T22:49:40.264+0800][1.723s][debug][gc,phases         ] GC(6)     DerivedPointerTable Update: 0.0ms
[2024-12-07T22:49:40.264+0800][1.723s][debug][gc,phases         ] GC(6)     Free Collection Set: 0.1ms
[2024-12-07T22:49:40.264+0800][1.723s][debug][gc,phases         ] GC(6)     Humongous Reclaim: 8.8ms
[2024-12-07T22:49:40.265+0800][1.723s][debug][gc,phases         ] GC(6)     Start New Collection Set: 0.0ms
[2024-12-07T22:49:40.265+0800][1.723s][debug][gc,phases         ] GC(6)     Resize TLABs: 0.0ms
[2024-12-07T22:49:40.265+0800][1.723s][debug][gc,phases         ] GC(6)     Expand Heap After Collection: 0.0ms
[2024-12-07T22:49:40.265+0800][1.723s][info ][gc,phases         ] GC(6)   Other: 2.5ms
[2024-12-07T22:49:40.265+0800][1.723s][info ][gc,heap           ] GC(6) Eden regions: 1->0(24)
[2024-12-07T22:49:40.265+0800][1.723s][info ][gc,heap           ] GC(6) Survivor regions: 1->1(4)
[2024-12-07T22:49:40.265+0800][1.723s][info ][gc,heap           ] GC(6) Old regions: 2->2
[2024-12-07T22:49:40.265+0800][1.723s][info ][gc,heap           ] GC(6) Humongous regions: 224->200
[2024-12-07T22:49:40.265+0800][1.723s][info ][gc,metaspace      ] GC(6) Metaspace: 642K(4864K)->642K(4864K) NonClass: 589K(4352K)->589K(4352K) Class: 52K(512K)->52K(512K)
[2024-12-07T22:49:40.265+0800][1.723s][debug][gc,heap           ] GC(6) Heap after GC invocations=7 (full 0): garbage-first heap   total 516096K, used 206071K [0x00000000e0000000, 0x0000000100000000)
[2024-12-07T22:49:40.265+0800][1.723s][debug][gc,heap           ] GC(6)   region size 1024K, 1 young (1024K), 1 survivors (1024K)
[2024-12-07T22:49:40.265+0800][1.724s][debug][gc,heap           ] GC(6)  Metaspace       used 642K, capacity 4574K, committed 4864K, reserved 1056768K
[2024-12-07T22:49:40.265+0800][1.724s][debug][gc,heap           ] GC(6)   class space    used 52K, capacity 418K, committed 512K, reserved 1048576K
[2024-12-07T22:49:40.265+0800][1.724s][info ][gc                ] GC(6) Pause Young (Concurrent Start) (G1 Humongous Allocation) 225M->201M(504M) 25.908ms
[2024-12-07T22:49:40.265+0800][1.724s][info ][gc,cpu            ] GC(6) User=0.06s Sys=0.00s Real=0.02s
[2024-12-07T22:49:40.266+0800][1.724s][info ][gc                ] GC(7) Concurrent Cycle
[2024-12-07T22:49:40.266+0800][1.724s][info ][gc,marking        ] GC(7) Concurrent Clear Claimed Marks
[2024-12-07T22:49:40.266+0800][1.724s][info ][gc,marking        ] GC(7) Concurrent Clear Claimed Marks 0.068ms
[2024-12-07T22:49:40.266+0800][1.724s][info ][gc,marking        ] GC(7) Concurrent Scan Root Regions
[2024-12-07T22:49:40.266+0800][1.724s][debug][gc,ergo           ] GC(7) Running G1 Root Region Scan using 1 workers for 1 work units.
[2024-12-07T22:49:40.266+0800][1.725s][info ][gc,marking        ] GC(7) Concurrent Scan Root Regions 0.526ms
[2024-12-07T22:49:40.266+0800][1.725s][info ][gc,marking        ] GC(7) Concurrent Mark (1.725s)
[2024-12-07T22:49:40.267+0800][1.725s][info ][gc,marking        ] GC(7) Concurrent Mark From Roots
[2024-12-07T22:49:40.267+0800][1.725s][info ][gc,task           ] GC(7) Using 5 workers of 5 for marking
[2024-12-07T22:49:40.267+0800][1.725s][debug][gc,stats          ] ---------------------------------------------------------------------
[2024-12-07T22:49:40.267+0800][1.726s][debug][gc,stats          ] Marking Stats, task = 0, calls = 35
[2024-12-07T22:49:40.267+0800][1.726s][debug][gc,stats          ]   Elapsed time = 0.46ms, Termination time = 0.00ms
[2024-12-07T22:49:40.267+0800][1.726s][debug][gc,stats          ]   Step Times (cum): num = 323, avg = 0.00ms, sd = 0.02ms max = 0.42ms, total = 0.42ms
[2024-12-07T22:49:40.267+0800][1.726s][debug][gc,stats          ]   Mark Stats Cache: hits 4196 misses 101 ratio 97.650
[2024-12-07T22:49:40.267+0800][1.726s][debug][gc,stats          ] ---------------------------------------------------------------------
[2024-12-07T22:49:40.268+0800][1.726s][debug][gc,stats          ] Marking Stats, task = 1, calls = 22
[2024-12-07T22:49:40.268+0800][1.726s][debug][gc,stats          ]   Elapsed time = 0.46ms, Termination time = 0.00ms
[2024-12-07T22:49:40.268+0800][1.726s][debug][gc,stats          ]   Step Times (cum): num = 102, avg = 0.00ms, sd = 0.00ms max = 0.00ms, total = 0.00ms
[2024-12-07T22:49:40.268+0800][1.726s][debug][gc,stats          ]   Mark Stats Cache: hits 2654 misses 2 ratio 99.925
[2024-12-07T22:49:40.268+0800][1.726s][debug][gc,stats          ] ---------------------------------------------------------------------
[2024-12-07T22:49:40.268+0800][1.726s][debug][gc,stats          ] Marking Stats, task = 2, calls = 1
[2024-12-07T22:49:40.268+0800][1.726s][debug][gc,stats          ]   Elapsed time = 0.45ms, Termination time = 0.00ms
[2024-12-07T22:49:40.268+0800][1.726s][debug][gc,stats          ]   Step Times (cum): num = 71, avg = 0.01ms, sd = 0.05ms max = 0.41ms, total = 0.41ms
[2024-12-07T22:49:40.268+0800][1.727s][debug][gc,stats          ]   Mark Stats Cache: hits 4756 misses 2 ratio 99.958
[2024-12-07T22:49:40.269+0800][1.727s][debug][gc,stats          ] ---------------------------------------------------------------------
[2024-12-07T22:49:40.269+0800][1.727s][debug][gc,stats          ] Marking Stats, task = 3, calls = 38
[2024-12-07T22:49:40.269+0800][1.727s][debug][gc,stats          ]   Elapsed time = 0.43ms, Termination time = 0.00ms
[2024-12-07T22:49:40.269+0800][1.727s][debug][gc,stats          ]   Step Times (cum): num = 98, avg = 0.00ms, sd = 0.04ms max = 0.41ms, total = 0.41ms
[2024-12-07T22:49:40.269+0800][1.727s][debug][gc,stats          ]   Mark Stats Cache: hits 686 misses 1 ratio 99.854
[2024-12-07T22:49:40.269+0800][1.727s][debug][gc,stats          ] ---------------------------------------------------------------------
[2024-12-07T22:49:40.269+0800][1.727s][debug][gc,stats          ] Marking Stats, task = 4, calls = 28
[2024-12-07T22:49:40.269+0800][1.727s][debug][gc,stats          ]   Elapsed time = 0.43ms, Termination time = 0.00ms
[2024-12-07T22:49:40.269+0800][1.727s][debug][gc,stats          ]   Step Times (cum): num = 125, avg = 0.00ms, sd = 0.04ms max = 0.41ms, total = 0.41ms
[2024-12-07T22:49:40.269+0800][1.728s][debug][gc,stats          ]   Mark Stats Cache: hits 735 misses 1 ratio 99.864
[2024-12-07T22:49:40.269+0800][1.728s][debug][gc,stats          ] ---------------------------------------------------------------------
[2024-12-07T22:49:40.269+0800][1.728s][info ][gc,marking        ] GC(7) Concurrent Mark From Roots 2.973ms
[2024-12-07T22:49:40.270+0800][1.728s][info ][gc,marking        ] GC(7) Concurrent Preclean
[2024-12-07T22:49:40.270+0800][1.728s][debug][gc,ref,start      ] GC(7) Preclean SoftReferences
[2024-12-07T22:49:40.270+0800][1.728s][debug][gc,ref            ] GC(7) Preclean SoftReferences 0.147ms
[2024-12-07T22:49:40.270+0800][1.728s][debug][gc,ref,start      ] GC(7) Preclean WeakReferences
[2024-12-07T22:49:40.270+0800][1.729s][debug][gc,ref            ] GC(7) Preclean WeakReferences 0.152ms
[2024-12-07T22:49:40.270+0800][1.729s][debug][gc,ref,start      ] GC(7) Preclean FinalReferences
[2024-12-07T22:49:40.271+0800][1.729s][debug][gc,ref            ] GC(7) Preclean FinalReferences 0.105ms
[2024-12-07T22:49:40.271+0800][1.729s][debug][gc,ref,start      ] GC(7) Preclean PhantomReferences
[2024-12-07T22:49:40.271+0800][1.729s][debug][gc,ref            ] GC(7) Preclean PhantomReferences 0.092ms
[2024-12-07T22:49:40.271+0800][1.729s][info ][gc,marking        ] GC(7) Concurrent Preclean 1.116ms
[2024-12-07T22:49:40.271+0800][1.729s][info ][gc,marking        ] GC(7) Concurrent Mark (1.725s, 1.729s) 4.395ms
[2024-12-07T22:49:40.271+0800][1.729s][info ][gc,start          ] GC(7) Pause Remark
[2024-12-07T22:49:40.271+0800][1.729s][debug][gc,phases,start   ] GC(7) Finalize Marking
[2024-12-07T22:49:40.271+0800][1.730s][debug][gc,stats          ] ---------------------------------------------------------------------
[2024-12-07T22:49:40.272+0800][1.730s][debug][gc,stats          ] Marking Stats, task = 0, calls = 108
[2024-12-07T22:49:40.272+0800][1.730s][debug][gc,stats          ]   Elapsed time = 0.15ms, Termination time = 0.00ms
[2024-12-07T22:49:40.272+0800][1.730s][debug][gc,stats          ]   Step Times (cum): num = 396, avg = 0.00ms, sd = 0.02ms max = 0.42ms, total = 0.42ms
[2024-12-07T22:49:40.272+0800][1.730s][debug][gc,stats          ]   Mark Stats Cache: hits 4196 misses 101 ratio 97.650
[2024-12-07T22:49:40.272+0800][1.730s][debug][gc,stats          ] ---------------------------------------------------------------------
[2024-12-07T22:49:40.272+0800][1.730s][debug][gc,stats          ] Marking Stats, task = 1, calls = 23
[2024-12-07T22:49:40.272+0800][1.730s][debug][gc,stats          ]   Elapsed time = 0.15ms, Termination time = 0.00ms
[2024-12-07T22:49:40.272+0800][1.730s][debug][gc,stats          ]   Step Times (cum): num = 103, avg = 0.00ms, sd = 0.00ms max = 0.00ms, total = 0.00ms
[2024-12-07T22:49:40.272+0800][1.731s][debug][gc,stats          ]   Mark Stats Cache: hits 2654 misses 2 ratio 99.925
[2024-12-07T22:49:40.272+0800][1.731s][debug][gc,stats          ] ---------------------------------------------------------------------
[2024-12-07T22:49:40.272+0800][1.731s][debug][gc,stats          ] Marking Stats, task = 2, calls = 2
[2024-12-07T22:49:40.272+0800][1.731s][debug][gc,stats          ]   Elapsed time = 0.15ms, Termination time = 0.00ms
[2024-12-07T22:49:40.273+0800][1.731s][debug][gc,stats          ]   Step Times (cum): num = 72, avg = 0.01ms, sd = 0.05ms max = 0.41ms, total = 0.41ms
[2024-12-07T22:49:40.273+0800][1.731s][debug][gc,stats          ]   Mark Stats Cache: hits 4756 misses 2 ratio 99.958
[2024-12-07T22:49:40.273+0800][1.731s][debug][gc,stats          ] ---------------------------------------------------------------------
[2024-12-07T22:49:40.273+0800][1.731s][debug][gc,stats          ] Marking Stats, task = 3, calls = 39
[2024-12-07T22:49:40.273+0800][1.731s][debug][gc,stats          ]   Elapsed time = 0.15ms, Termination time = 0.00ms
[2024-12-07T22:49:40.273+0800][1.731s][debug][gc,stats          ]   Step Times (cum): num = 99, avg = 0.00ms, sd = 0.04ms max = 0.41ms, total = 0.41ms
[2024-12-07T22:49:40.273+0800][1.731s][debug][gc,stats          ]   Mark Stats Cache: hits 686 misses 1 ratio 99.854
[2024-12-07T22:49:40.273+0800][1.732s][debug][gc,stats          ] ---------------------------------------------------------------------
[2024-12-07T22:49:40.273+0800][1.732s][debug][gc,stats          ] Marking Stats, task = 4, calls = 29
[2024-12-07T22:49:40.273+0800][1.732s][debug][gc,stats          ]   Elapsed time = 0.15ms, Termination time = 0.00ms
[2024-12-07T22:49:40.274+0800][1.732s][debug][gc,stats          ]   Step Times (cum): num = 126, avg = 0.00ms, sd = 0.04ms max = 0.41ms, total = 0.41ms
[2024-12-07T22:49:40.274+0800][1.732s][debug][gc,stats          ]   Mark Stats Cache: hits 735 misses 1 ratio 99.864
[2024-12-07T22:49:40.274+0800][1.732s][debug][gc,stats          ] ---------------------------------------------------------------------
[2024-12-07T22:49:40.274+0800][1.732s][debug][gc,stats          ] Marking Stats, task = 5, calls = 1
[2024-12-07T22:49:40.274+0800][1.732s][debug][gc,stats          ]   Elapsed time = 0.15ms, Termination time = 0.00ms
[2024-12-07T22:49:40.274+0800][1.732s][debug][gc,stats          ]   Step Times (cum): num = 4, avg = 0.00ms, sd = 0.00ms max = 0.00ms, total = 0.00ms
[2024-12-07T22:49:40.274+0800][1.732s][debug][gc,stats          ]   Mark Stats Cache: hits 0 misses 0 ratio 0.000
[2024-12-07T22:49:40.274+0800][1.732s][debug][gc,stats          ] ---------------------------------------------------------------------
[2024-12-07T22:49:40.274+0800][1.733s][debug][gc,stats          ] Marking Stats, task = 6, calls = 1
[2024-12-07T22:49:40.274+0800][1.733s][debug][gc,stats          ]   Elapsed time = 0.14ms, Termination time = 0.00ms
[2024-12-07T22:49:40.274+0800][1.733s][debug][gc,stats          ]   Step Times (cum): num = 4, avg = 0.00ms, sd = 0.00ms max = 0.00ms, total = 0.00ms
[2024-12-07T22:49:40.275+0800][1.733s][debug][gc,stats          ]   Mark Stats Cache: hits 0 misses 0 ratio 0.000
[2024-12-07T22:49:40.275+0800][1.733s][debug][gc,stats          ] ---------------------------------------------------------------------
[2024-12-07T22:49:40.275+0800][1.733s][debug][gc,stats          ] Marking Stats, task = 7, calls = 1
[2024-12-07T22:49:40.275+0800][1.733s][debug][gc,stats          ]   Elapsed time = 0.14ms, Termination time = 0.00ms
[2024-12-07T22:49:40.275+0800][1.733s][debug][gc,stats          ]   Step Times (cum): num = 4, avg = 0.10ms, sd = 0.16ms max = 0.38ms, total = 0.38ms
[2024-12-07T22:49:40.275+0800][1.733s][debug][gc,stats          ]   Mark Stats Cache: hits 0 misses 0 ratio 0.000
[2024-12-07T22:49:40.275+0800][1.733s][debug][gc,stats          ] ---------------------------------------------------------------------
[2024-12-07T22:49:40.275+0800][1.733s][debug][gc,stats          ] Marking Stats, task = 8, calls = 1
[2024-12-07T22:49:40.275+0800][1.734s][debug][gc,stats          ]   Elapsed time = 0.07ms, Termination time = 0.00ms
[2024-12-07T22:49:40.275+0800][1.734s][debug][gc,stats          ]   Step Times (cum): num = 4, avg = 0.05ms, sd = 0.09ms max = 0.20ms, total = 0.20ms
[2024-12-07T22:49:40.275+0800][1.734s][debug][gc,stats          ]   Mark Stats Cache: hits 0 misses 0 ratio 0.000
[2024-12-07T22:49:40.276+0800][1.734s][debug][gc,stats          ] ---------------------------------------------------------------------
[2024-12-07T22:49:40.276+0800][1.734s][debug][gc,stats          ] Marking Stats, task = 9, calls = 1
[2024-12-07T22:49:40.276+0800][1.734s][debug][gc,stats          ]   Elapsed time = 0.04ms, Termination time = 0.00ms
[2024-12-07T22:49:40.276+0800][1.734s][debug][gc,stats          ]   Step Times (cum): num = 4, avg = 0.00ms, sd = 0.00ms max = 0.00ms, total = 0.00ms
[2024-12-07T22:49:40.276+0800][1.735s][debug][gc,stats          ]   Mark Stats Cache: hits 0 misses 0 ratio 0.000
[2024-12-07T22:49:40.276+0800][1.735s][debug][gc,stats          ] ---------------------------------------------------------------------
[2024-12-07T22:49:40.276+0800][1.735s][debug][gc,stats          ] Marking Stats, task = 10, calls = 1
[2024-12-07T22:49:40.277+0800][1.735s][debug][gc,stats          ]   Elapsed time = 0.01ms, Termination time = 0.00ms
[2024-12-07T22:49:40.277+0800][1.735s][debug][gc,stats          ]   Step Times (cum): num = 4, avg = 0.00ms, sd = 0.00ms max = 0.00ms, total = 0.00ms
[2024-12-07T22:49:40.277+0800][1.735s][debug][gc,stats          ]   Mark Stats Cache: hits 0 misses 0 ratio 0.000
[2024-12-07T22:49:40.277+0800][1.735s][debug][gc,stats          ] ---------------------------------------------------------------------
[2024-12-07T22:49:40.277+0800][1.735s][debug][gc,stats          ] Marking Stats, task = 11, calls = 1
[2024-12-07T22:49:40.277+0800][1.735s][debug][gc,stats          ]   Elapsed time = 0.00ms, Termination time = 0.00ms
[2024-12-07T22:49:40.277+0800][1.735s][debug][gc,stats          ]   Step Times (cum): num = 4, avg = 0.00ms, sd = 0.00ms max = 0.00ms, total = 0.00ms
[2024-12-07T22:49:40.277+0800][1.735s][debug][gc,stats          ]   Mark Stats Cache: hits 0 misses 0 ratio 0.000
[2024-12-07T22:49:40.277+0800][1.736s][debug][gc,stats          ] ---------------------------------------------------------------------
[2024-12-07T22:49:40.277+0800][1.736s][debug][gc,phases         ] GC(7) Finalize Marking 6.186ms
[2024-12-07T22:49:40.277+0800][1.736s][debug][gc,phases,start   ] GC(7) Reference Processing
[2024-12-07T22:49:40.277+0800][1.736s][debug][gc,ref            ] GC(7) Skipped phase1 of Reference Processing due to unavailable references
[2024-12-07T22:49:40.278+0800][1.736s][debug][gc,ref            ] GC(7) Skipped phase2 of Reference Processing due to unavailable references
[2024-12-07T22:49:40.278+0800][1.736s][debug][gc,ref            ] GC(7) Skipped phase3 of Reference Processing due to unavailable references
[2024-12-07T22:49:40.278+0800][1.736s][debug][gc,ref            ] GC(7) Skipped phase4 of Reference Processing due to unavailable references
[2024-12-07T22:49:40.278+0800][1.736s][debug][gc,phases,ref     ] GC(7) Reference Processing: 0.3ms
[2024-12-07T22:49:40.278+0800][1.736s][debug][gc,phases,ref     ] GC(7)   Reconsider SoftReferences: 0.1ms
[2024-12-07T22:49:40.278+0800][1.736s][debug][gc,phases,ref     ] GC(7)     SoftRef (ms):             skipped
[2024-12-07T22:49:40.278+0800][1.736s][debug][gc,phases,ref     ] GC(7)   Notify Soft/WeakReferences: 0.1ms
[2024-12-07T22:49:40.278+0800][1.736s][debug][gc,phases,ref     ] GC(7)     SoftRef (ms):             skipped
[2024-12-07T22:49:40.278+0800][1.737s][debug][gc,phases,ref     ] GC(7)     WeakRef (ms):             skipped
[2024-12-07T22:49:40.278+0800][1.737s][debug][gc,phases,ref     ] GC(7)     FinalRef (ms):            skipped
[2024-12-07T22:49:40.278+0800][1.737s][debug][gc,phases,ref     ] GC(7)     Total (ms):               skipped
[2024-12-07T22:49:40.278+0800][1.737s][debug][gc,phases,ref     ] GC(7)   Notify and keep alive finalizable: 0.1ms
[2024-12-07T22:49:40.279+0800][1.737s][debug][gc,phases,ref     ] GC(7)     FinalRef (ms):            skipped
[2024-12-07T22:49:40.279+0800][1.737s][debug][gc,phases,ref     ] GC(7)   Notify PhantomReferences: 0.1ms
[2024-12-07T22:49:40.279+0800][1.737s][debug][gc,phases,ref     ] GC(7)     PhantomRef (ms):          skipped
[2024-12-07T22:49:40.279+0800][1.737s][debug][gc,phases,ref     ] GC(7)   SoftReference:
[2024-12-07T22:49:40.279+0800][1.737s][debug][gc,phases,ref     ] GC(7)     Discovered: 0
[2024-12-07T22:49:40.279+0800][1.737s][debug][gc,phases,ref     ] GC(7)     Cleared: 0
[2024-12-07T22:49:40.279+0800][1.737s][debug][gc,phases,ref     ] GC(7)   WeakReference:
[2024-12-07T22:49:40.279+0800][1.737s][debug][gc,phases,ref     ] GC(7)     Discovered: 0
[2024-12-07T22:49:40.279+0800][1.738s][debug][gc,phases,ref     ] GC(7)     Cleared: 0
[2024-12-07T22:49:40.279+0800][1.738s][debug][gc,phases,ref     ] GC(7)   FinalReference:
[2024-12-07T22:49:40.279+0800][1.738s][debug][gc,phases,ref     ] GC(7)     Discovered: 0
[2024-12-07T22:49:40.279+0800][1.738s][debug][gc,phases,ref     ] GC(7)     Cleared: 0
[2024-12-07T22:49:40.280+0800][1.738s][debug][gc,phases,ref     ] GC(7)   PhantomReference:
[2024-12-07T22:49:40.280+0800][1.738s][debug][gc,phases,ref     ] GC(7)     Discovered: 0
[2024-12-07T22:49:40.280+0800][1.738s][debug][gc,phases,ref     ] GC(7)     Cleared: 0
[2024-12-07T22:49:40.280+0800][1.738s][debug][gc,phases         ] GC(7) Reference Processing 2.454ms
[2024-12-07T22:49:40.280+0800][1.738s][debug][gc,phases,start   ] GC(7) Weak Processing
[2024-12-07T22:49:40.280+0800][1.738s][debug][gc,phases         ] GC(7) Weak Processing 0.082ms
[2024-12-07T22:49:40.280+0800][1.738s][debug][gc,phases,start   ] GC(7) Class Unloading
[2024-12-07T22:49:40.280+0800][1.738s][debug][gc,phases,start   ] GC(7) ClassLoaderData
[2024-12-07T22:49:40.280+0800][1.739s][debug][gc,phases         ] GC(7) ClassLoaderData 0.086ms
[2024-12-07T22:49:40.280+0800][1.739s][debug][gc,phases,start   ] GC(7) ProtectionDomainCacheTable
[2024-12-07T22:49:40.280+0800][1.739s][debug][gc,phases         ] GC(7) ProtectionDomainCacheTable 0.080ms
[2024-12-07T22:49:40.281+0800][1.739s][info ][gc,stringtable    ] GC(7) Cleaned string and symbol table, strings: 68 processed, 0 removed, symbols: 226 processed, 0 removed
[2024-12-07T22:49:40.281+0800][1.739s][debug][gc,phases         ] GC(7) Class Unloading 0.772ms
[2024-12-07T22:49:40.281+0800][1.739s][debug][gc,phases,start   ] GC(7) Flush Task Caches
[2024-12-07T22:49:40.281+0800][1.739s][debug][gc,stats          ] Mark stats cache hits 13027 misses 107 ratio 99.185
[2024-12-07T22:49:40.281+0800][1.739s][debug][gc,phases         ] GC(7) Flush Task Caches 0.184ms
[2024-12-07T22:49:40.281+0800][1.740s][debug][gc,phases,start   ] GC(7) Update Remembered Set Tracking Before Rebuild
[2024-12-07T22:49:40.281+0800][1.740s][debug][gc,ergo           ] GC(7) Running G1 Update RemSet Tracking Before Rebuild using 2 workers for 504 regions in heap
[2024-12-07T22:49:40.281+0800][1.740s][debug][gc,remset,tracking] GC(7) Remembered Set Tracking update regions total 504, selected 0
[2024-12-07T22:49:40.282+0800][1.740s][debug][gc,phases         ] GC(7) Update Remembered Set Tracking Before Rebuild 0.290ms
[2024-12-07T22:49:40.282+0800][1.740s][debug][gc,phases,start   ] GC(7) Reclaim Empty Regions
[2024-12-07T22:49:40.282+0800][1.740s][debug][gc,phases         ] GC(7) Reclaim Empty Regions 0.160ms
[2024-12-07T22:49:40.282+0800][1.740s][debug][gc,phases,start   ] GC(7) Purge Metaspace
[2024-12-07T22:49:40.282+0800][1.740s][debug][gc,phases         ] GC(7) Purge Metaspace 0.082ms
[2024-12-07T22:49:40.282+0800][1.740s][debug][gc,phases,start   ] GC(7) Report Object Count
[2024-12-07T22:49:40.282+0800][1.740s][debug][gc,phases         ] GC(7) Report Object Count 0.080ms
[2024-12-07T22:49:40.282+0800][1.740s][info ][gc                ] GC(7) Pause Remark 205M->205M(504M) 11.113ms
[2024-12-07T22:49:40.282+0800][1.741s][info ][gc,cpu            ] GC(7) User=0.00s Sys=0.00s Real=0.01s
[2024-12-07T22:49:40.282+0800][1.741s][info ][gc,marking        ] GC(7) Concurrent Rebuild Remembered Sets
[2024-12-07T22:49:40.283+0800][1.741s][info ][gc,marking        ] GC(7) Concurrent Rebuild Remembered Sets 0.273ms
[2024-12-07T22:49:40.283+0800][1.741s][info ][gc,start          ] GC(7) Pause Cleanup
[2024-12-07T22:49:40.283+0800][1.741s][debug][gc,phases,start   ] GC(7) Update Remembered Set Tracking After Rebuild
[2024-12-07T22:49:40.283+0800][1.741s][debug][gc,phases         ] GC(7) Update Remembered Set Tracking After Rebuild 0.109ms
[2024-12-07T22:49:40.283+0800][1.741s][debug][gc,phases,start   ] GC(7) Finalize Concurrent Mark Cleanup
[2024-12-07T22:49:40.283+0800][1.742s][debug][gc,ergo           ] GC(7) request young-only gcs (candidate old regions not available)
[2024-12-07T22:49:40.283+0800][1.742s][debug][gc,phases         ] GC(7) Finalize Concurrent Mark Cleanup 0.268ms
[2024-12-07T22:49:40.283+0800][1.742s][info ][gc                ] GC(7) Pause Cleanup 205M->205M(504M) 0.624ms
[2024-12-07T22:49:40.284+0800][1.742s][info ][gc,cpu            ] GC(7) User=0.00s Sys=0.00s Real=0.00s
[2024-12-07T22:49:40.284+0800][1.742s][info ][gc,marking        ] GC(7) Concurrent Cleanup for Next Mark
[2024-12-07T22:49:40.284+0800][1.742s][debug][gc,ergo           ] GC(7) Running G1 Clear Bitmap with 5 workers for 8 work units.
[2024-12-07T22:49:40.284+0800][1.742s][info ][gc,marking        ] GC(7) Concurrent Cleanup for Next Mark 0.306ms
[2024-12-07T22:49:40.284+0800][1.742s][info ][gc                ] GC(7) Concurrent Cycle 18.527ms
[2024-12-07T22:49:40.475+0800][1.933s][debug][gc,ergo,ihop      ] Request concurrent cycle initiation (occupancy higher than threshold) occupancy: 236978176B allocation request: 1048592B threshold: 236873318B (44.82) source: concurrent humongous allocation
[2024-12-07T22:49:40.475+0800][1.934s][debug][gc,ergo           ] Request concurrent cycle initiation (requested by GC cause). GC cause: G1 Humongous Allocation
[2024-12-07T22:49:40.476+0800][1.934s][debug][gc,heap           ] GC(8) Heap before GC invocations=8 (full 0): garbage-first heap   total 516096K, used 230647K [0x00000000e0000000, 0x0000000100000000)
[2024-12-07T22:49:40.476+0800][1.934s][debug][gc,heap           ] GC(8)   region size 1024K, 2 young (2048K), 1 survivors (1024K)
[2024-12-07T22:49:40.476+0800][1.934s][debug][gc,heap           ] GC(8)  Metaspace       used 643K, capacity 4574K, committed 4864K, reserved 1056768K
[2024-12-07T22:49:40.476+0800][1.935s][debug][gc,heap           ] GC(8)   class space    used 52K, capacity 418K, committed 512K, reserved 1048576K
[2024-12-07T22:49:40.476+0800][1.935s][debug][gc,ergo           ] GC(8) Initiate concurrent cycle (concurrent cycle initiation requested)
[2024-12-07T22:49:40.477+0800][1.935s][info ][gc,start          ] GC(8) Pause Young (Concurrent Start) (G1 Humongous Allocation)
[2024-12-07T22:49:40.477+0800][1.935s][info ][gc,task           ] GC(8) Using 12 workers of 18 for evacuation
[2024-12-07T22:49:40.477+0800][1.935s][debug][gc,tlab           ] GC(8) TLAB totals: thrds: 1  refills: 1 max: 1 slow allocs: 12 max 12 waste: 99.1% gc: 498776B max: 498776B slow: 0B max: 0B fast: 0B max: 0B
[2024-12-07T22:49:40.477+0800][1.936s][debug][gc,alloc,region   ] GC(8) Mutator Allocation stats, regions: 1, wasted size: 0B ( 0.0%)
[2024-12-07T22:49:40.477+0800][1.936s][debug][gc,age            ] GC(8) Desired survivor size 2097152 bytes, new threshold 15 (max threshold 15)
[2024-12-07T22:49:40.478+0800][1.936s][debug][gc,ergo,cset      ] GC(8) Finish choosing CSet. old: 0 regions, predicted old region time: 0.00ms, time remaining: 177.66
[2024-12-07T22:49:40.478+0800][1.936s][debug][gc,task,stats     ] GC(8) GC Termination Stats
[2024-12-07T22:49:40.478+0800][1.936s][debug][gc,task,stats     ] GC(8)      elapsed  --strong roots-- -------termination------- ------waste (KiB)------
[2024-12-07T22:49:40.478+0800][1.936s][debug][gc,task,stats     ] GC(8) thr     ms        ms      %        ms      %    attempts  total   alloc    undo
[2024-12-07T22:49:40.478+0800][1.937s][debug][gc,task,stats     ] GC(8) --- --------- --------- ------ --------- ------ -------- ------- ------- -------
[2024-12-07T22:49:40.481+0800][1.939s][debug][gc,task,stats     ] GC(8)  11      2.39      2.39  99.70      0.00   0.02        1       0       0       0
[2024-12-07T22:49:40.482+0800][1.940s][debug][gc,task,stats     ] GC(8)   3      3.36      0.94  28.14      1.67  49.61       40       0       0       0
[2024-12-07T22:49:40.483+0800][1.941s][debug][gc,task,stats     ] GC(8)   4      4.23      1.79  42.31      1.18  27.98        1       0       0       0
[2024-12-07T22:49:40.484+0800][1.942s][debug][gc,task,stats     ] GC(8)   1      5.08      1.77  34.88      1.22  23.99        5       0       0       0
[2024-12-07T22:49:40.484+0800][1.942s][debug][gc,task,stats     ] GC(8)   5      5.51      1.02  18.48      1.57  28.55       32       0       0       0
[2024-12-07T22:49:40.485+0800][1.943s][debug][gc,task,stats     ] GC(8)  10      5.86      1.05  17.89      1.57  26.79       27       0       0       0
[2024-12-07T22:49:40.485+0800][1.943s][debug][gc,task,stats     ] GC(8)   6      6.28      1.25  19.89      1.37  21.87       26       0       0       0
[2024-12-07T22:49:40.485+0800][1.943s][debug][gc,task,stats     ] GC(8)   2      6.62      1.76  26.59      1.12  16.89        2       0       0       0
[2024-12-07T22:49:40.485+0800][1.944s][debug][gc,task,stats     ] GC(8)   0      6.82      0.97  14.30      1.48  21.73       35       1       1       0
[2024-12-07T22:49:40.485+0800][1.944s][debug][gc,task,stats     ] GC(8)   8      6.81      0.95  13.96      1.37  20.06       27       0       0       0
[2024-12-07T22:49:40.486+0800][1.944s][debug][gc,task,stats     ] GC(8)   9      6.91      1.02  14.70      1.36  19.61       25       0       0       0
[2024-12-07T22:49:40.486+0800][1.944s][debug][gc,task,stats     ] GC(8)   7      7.06      0.89  12.60      1.22  17.23       36       0       0       0
[2024-12-07T22:49:40.486+0800][1.944s][debug][gc,ergo           ] GC(8) Running G1 Clear Card Table Task using 1 workers for 1 units of work for 3 regions.
[2024-12-07T22:49:40.486+0800][1.944s][debug][gc,ref            ] GC(8) Skipped phase1 of Reference Processing due to unavailable references
[2024-12-07T22:49:40.486+0800][1.944s][debug][gc,ref            ] GC(8) Skipped phase3 of Reference Processing due to unavailable references
[2024-12-07T22:49:40.486+0800][1.945s][debug][gc,ergo           ] GC(8) Running G1 Free Collection Set using 1 workers for collection set length 2
[2024-12-07T22:49:40.486+0800][1.945s][debug][gc,humongous      ] GC(8) Live humongous region 0 object size 1048592 start 0x00000000e0000000  with remset 0 code roots 0 is marked 0 reclaim candidate 0 type array 1
[2024-12-07T22:49:40.487+0800][1.945s][debug][gc,humongous      ] GC(8) Live humongous region 2 object size 1048592 start 0x00000000e0200000  with remset 0 code roots 0 is marked 0 reclaim candidate 0 type array 1
[2024-12-07T22:49:40.487+0800][1.945s][debug][gc,humongous      ] GC(8) Live humongous region 4 object size 1048592 start 0x00000000e0400000  with remset 0 code roots 0 is marked 0 reclaim candidate 0 type array 1
[2024-12-07T22:49:40.487+0800][1.945s][debug][gc,humongous      ] GC(8) Live humongous region 6 object size 1048592 start 0x00000000e0600000  with remset 0 code roots 0 is marked 0 reclaim candidate 0 type array 1
[2024-12-07T22:49:40.487+0800][1.945s][debug][gc,humongous      ] GC(8) Live humongous region 8 object size 1048592 start 0x00000000e0800000  with remset 0 code roots 0 is marked 0 reclaim candidate 0 type array 1
[2024-12-07T22:49:40.487+0800][1.945s][debug][gc,humongous      ] GC(8) Live humongous region 10 object size 1048592 start 0x00000000e0a00000  with remset 0 code roots 0 is marked 0 reclaim candidate 0 type array 1
[2024-12-07T22:49:40.487+0800][1.945s][debug][gc,humongous      ] GC(8) Live humongous region 12 object size 1048592 start 0x00000000e0c00000  with remset 0 code roots 0 is marked 0 reclaim candidate 0 type array 1
[2024-12-07T22:49:40.487+0800][1.945s][debug][gc,humongous      ] GC(8) Live humongous region 14 object size 1048592 start 0x00000000e0e00000  with remset 0 code roots 0 is marked 0 reclaim candidate 0 type array 1
[2024-12-07T22:49:40.487+0800][1.945s][debug][gc,humongous      ] GC(8) Live humongous region 16 object size 1048592 start 0x00000000e1000000  with remset 0 code roots 0 is marked 0 reclaim candidate 0 type array 1
[2024-12-07T22:49:40.487+0800][1.946s][debug][gc,humongous      ] GC(8) Live humongous region 18 object size 1048592 start 0x00000000e1200000  with remset 0 code roots 0 is marked 0 reclaim candidate 0 type array 1
[2024-12-07T22:49:40.487+0800][1.946s][debug][gc,humongous      ] GC(8) Live humongous region 20 object size 1048592 start 0x00000000e1400000  with remset 0 code roots 0 is marked 0 reclaim candidate 0 type array 1
[2024-12-07T22:49:40.487+0800][1.946s][debug][gc,humongous      ] GC(8) Live humongous region 22 object size 1048592 start 0x00000000e1600000  with remset 0 code roots 0 is marked 0 reclaim candidate 0 type array 1
[2024-12-07T22:49:40.488+0800][1.946s][debug][gc,humongous      ] GC(8) Live humongous region 24 object size 1048592 start 0x00000000e1800000  with remset 0 code roots 0 is marked 0 reclaim candidate 0 type array 1
[2024-12-07T22:49:40.488+0800][1.946s][debug][gc,humongous      ] GC(8) Live humongous region 26 object size 1048592 start 0x00000000e1a00000  with remset 0 code roots 0 is marked 0 reclaim candidate 0 type array 1
[2024-12-07T22:49:40.488+0800][1.946s][debug][gc,humongous      ] GC(8) Live humongous region 28 object size 1048592 start 0x00000000e1c00000  with remset 0 code roots 0 is marked 0 reclaim candidate 0 type array 1
[2024-12-07T22:49:40.488+0800][1.946s][debug][gc,humongous      ] GC(8) Live humongous region 30 object size 1048592 start 0x00000000e1e00000  with remset 0 code roots 0 is marked 0 reclaim candidate 0 type array 1
[2024-12-07T22:49:40.488+0800][1.947s][debug][gc,humongous      ] GC(8) Live humongous region 32 object size 1048592 start 0x00000000e2000000  with remset 0 code roots 0 is marked 0 reclaim candidate 0 type array 1
[2024-12-07T22:49:40.488+0800][1.947s][debug][gc,humongous      ] GC(8) Live humongous region 34 object size 1048592 start 0x00000000e2200000  with remset 0 code roots 0 is marked 0 reclaim candidate 0 type array 1
[2024-12-07T22:49:40.488+0800][1.947s][debug][gc,humongous      ] GC(8) Live humongous region 36 object size 1048592 start 0x00000000e2400000  with remset 0 code roots 0 is marked 0 reclaim candidate 0 type array 1
[2024-12-07T22:49:40.489+0800][1.947s][debug][gc,humongous      ] GC(8) Live humongous region 38 object size 1048592 start 0x00000000e2600000  with remset 0 code roots 0 is marked 0 reclaim candidate 0 type array 1
[2024-12-07T22:49:40.489+0800][1.947s][debug][gc,humongous      ] GC(8) Live humongous region 40 object size 1048592 start 0x00000000e2800000  with remset 0 code roots 0 is marked 0 reclaim candidate 0 type array 1
[2024-12-07T22:49:40.489+0800][1.947s][debug][gc,humongous      ] GC(8) Live humongous region 42 object size 1048592 start 0x00000000e2a00000  with remset 0 code roots 0 is marked 0 reclaim candidate 0 type array 1
[2024-12-07T22:49:40.489+0800][1.947s][debug][gc,humongous      ] GC(8) Live humongous region 44 object size 1048592 start 0x00000000e2c00000  with remset 0 code roots 0 is marked 0 reclaim candidate 0 type array 1
[2024-12-07T22:49:40.489+0800][1.947s][debug][gc,humongous      ] GC(8) Live humongous region 46 object size 1048592 start 0x00000000e2e00000  with remset 0 code roots 0 is marked 0 reclaim candidate 0 type array 1
[2024-12-07T22:49:40.489+0800][1.947s][debug][gc,humongous      ] GC(8) Live humongous region 48 object size 1048592 start 0x00000000e3000000  with remset 0 code roots 0 is marked 0 reclaim candidate 0 type array 1
[2024-12-07T22:49:40.489+0800][1.947s][debug][gc,humongous      ] GC(8) Live humongous region 50 object size 1048592 start 0x00000000e3200000  with remset 0 code roots 0 is marked 0 reclaim candidate 0 type array 1
[2024-12-07T22:49:40.489+0800][1.947s][debug][gc,humongous      ] GC(8) Live humongous region 52 object size 1048592 start 0x00000000e3400000  with remset 0 code roots 0 is marked 0 reclaim candidate 0 type array 1
[2024-12-07T22:49:40.489+0800][1.948s][debug][gc,humongous      ] GC(8) Live humongous region 54 object size 1048592 start 0x00000000e3600000  with remset 0 code roots 0 is marked 0 reclaim candidate 0 type array 1
[2024-12-07T22:49:40.489+0800][1.948s][debug][gc,humongous      ] GC(8) Live humongous region 56 object size 1048592 start 0x00000000e3800000  with remset 0 code roots 0 is marked 0 reclaim candidate 0 type array 1
[2024-12-07T22:49:40.489+0800][1.948s][debug][gc,humongous      ] GC(8) Live humongous region 58 object size 1048592 start 0x00000000e3a00000  with remset 0 code roots 0 is marked 0 reclaim candidate 0 type array 1
[2024-12-07T22:49:40.490+0800][1.948s][debug][gc,humongous      ] GC(8) Live humongous region 60 object size 1048592 start 0x00000000e3c00000  with remset 0 code roots 0 is marked 0 reclaim candidate 0 type array 1
[2024-12-07T22:49:40.490+0800][1.948s][debug][gc,humongous      ] GC(8) Live humongous region 62 object size 1048592 start 0x00000000e3e00000  with remset 0 code roots 0 is marked 0 reclaim candidate 0 type array 1
[2024-12-07T22:49:40.490+0800][1.948s][debug][gc,humongous      ] GC(8) Live humongous region 64 object size 1048592 start 0x00000000e4000000  with remset 0 code roots 0 is marked 0 reclaim candidate 0 type array 1
[2024-12-07T22:49:40.490+0800][1.948s][debug][gc,humongous      ] GC(8) Live humongous region 66 object size 1048592 start 0x00000000e4200000  with remset 0 code roots 0 is marked 0 reclaim candidate 0 type array 1
[2024-12-07T22:49:40.490+0800][1.948s][debug][gc,humongous      ] GC(8) Live humongous region 68 object size 1048592 start 0x00000000e4400000  with remset 0 code roots 0 is marked 0 reclaim candidate 0 type array 1
[2024-12-07T22:49:40.490+0800][1.948s][debug][gc,humongous      ] GC(8) Live humongous region 70 object size 1048592 start 0x00000000e4600000  with remset 0 code roots 0 is marked 0 reclaim candidate 0 type array 1
[2024-12-07T22:49:40.490+0800][1.948s][debug][gc,humongous      ] GC(8) Live humongous region 72 object size 1048592 start 0x00000000e4800000  with remset 0 code roots 0 is marked 0 reclaim candidate 0 type array 1
[2024-12-07T22:49:40.490+0800][1.948s][debug][gc,humongous      ] GC(8) Live humongous region 74 object size 1048592 start 0x00000000e4a00000  with remset 0 code roots 0 is marked 0 reclaim candidate 0 type array 1
[2024-12-07T22:49:40.490+0800][1.949s][debug][gc,humongous      ] GC(8) Live humongous region 76 object size 1048592 start 0x00000000e4c00000  with remset 0 code roots 0 is marked 0 reclaim candidate 0 type array 1
[2024-12-07T22:49:40.490+0800][1.949s][debug][gc,humongous      ] GC(8) Live humongous region 78 object size 1048592 start 0x00000000e4e00000  with remset 0 code roots 0 is marked 0 reclaim candidate 0 type array 1
[2024-12-07T22:49:40.490+0800][1.949s][debug][gc,humongous      ] GC(8) Live humongous region 80 object size 1048592 start 0x00000000e5000000  with remset 0 code roots 0 is marked 0 reclaim candidate 0 type array 1
[2024-12-07T22:49:40.490+0800][1.949s][debug][gc,humongous      ] GC(8) Live humongous region 82 object size 1048592 start 0x00000000e5200000  with remset 0 code roots 0 is marked 0 reclaim candidate 0 type array 1
[2024-12-07T22:49:40.491+0800][1.949s][debug][gc,humongous      ] GC(8) Live humongous region 84 object size 1048592 start 0x00000000e5400000  with remset 0 code roots 0 is marked 0 reclaim candidate 0 type array 1
[2024-12-07T22:49:40.491+0800][1.949s][debug][gc,humongous      ] GC(8) Live humongous region 86 object size 1048592 start 0x00000000e5600000  with remset 0 code roots 0 is marked 0 reclaim candidate 0 type array 1
[2024-12-07T22:49:40.491+0800][1.949s][debug][gc,humongous      ] GC(8) Live humongous region 88 object size 1048592 start 0x00000000e5800000  with remset 0 code roots 0 is marked 0 reclaim candidate 0 type array 1
[2024-12-07T22:49:40.491+0800][1.949s][debug][gc,humongous      ] GC(8) Live humongous region 90 object size 1048592 start 0x00000000e5a00000  with remset 0 code roots 0 is marked 0 reclaim candidate 0 type array 1
[2024-12-07T22:49:40.491+0800][1.949s][debug][gc,humongous      ] GC(8) Live humongous region 92 object size 1048592 start 0x00000000e5c00000  with remset 0 code roots 0 is marked 0 reclaim candidate 0 type array 1
[2024-12-07T22:49:40.491+0800][1.949s][debug][gc,humongous      ] GC(8) Live humongous region 94 object size 1048592 start 0x00000000e5e00000  with remset 0 code roots 0 is marked 0 reclaim candidate 0 type array 1
[2024-12-07T22:49:40.491+0800][1.949s][debug][gc,humongous      ] GC(8) Dead humongous region 96 object size 1048592 start 0x00000000e6000000 with remset 0 code roots 0 is marked 0 reclaim candidate 1 type array 1
[2024-12-07T22:49:40.491+0800][1.949s][debug][gc,humongous      ] GC(8) Dead humongous region 98 object size 1048592 start 0x00000000e6200000 with remset 0 code roots 0 is marked 0 reclaim candidate 1 type array 1
[2024-12-07T22:49:40.491+0800][1.949s][debug][gc,humongous      ] GC(8) Dead humongous region 100 object size 1048592 start 0x00000000e6400000 with remset 0 code roots 0 is marked 0 reclaim candidate 1 type array 1
[2024-12-07T22:49:40.491+0800][1.949s][debug][gc,humongous      ] GC(8) Dead humongous region 102 object size 1048592 start 0x00000000e6600000 with remset 0 code roots 0 is marked 0 reclaim candidate 1 type array 1
[2024-12-07T22:49:40.491+0800][1.950s][debug][gc,humongous      ] GC(8) Dead humongous region 104 object size 1048592 start 0x00000000e6800000 with remset 0 code roots 0 is marked 0 reclaim candidate 1 type array 1
[2024-12-07T22:49:40.491+0800][1.950s][debug][gc,humongous      ] GC(8) Dead humongous region 106 object size 1048592 start 0x00000000e6a00000 with remset 0 code roots 0 is marked 0 reclaim candidate 1 type array 1
[2024-12-07T22:49:40.491+0800][1.950s][debug][gc,humongous      ] GC(8) Dead humongous region 108 object size 1048592 start 0x00000000e6c00000 with remset 0 code roots 0 is marked 0 reclaim candidate 1 type array 1
[2024-12-07T22:49:40.491+0800][1.950s][debug][gc,humongous      ] GC(8) Dead humongous region 110 object size 1048592 start 0x00000000e6e00000 with remset 0 code roots 0 is marked 0 reclaim candidate 1 type array 1
[2024-12-07T22:49:40.492+0800][1.950s][debug][gc,humongous      ] GC(8) Dead humongous region 112 object size 1048592 start 0x00000000e7000000 with remset 0 code roots 0 is marked 0 reclaim candidate 1 type array 1
[2024-12-07T22:49:40.492+0800][1.950s][debug][gc,humongous      ] GC(8) Dead humongous region 114 object size 1048592 start 0x00000000e7200000 with remset 0 code roots 0 is marked 0 reclaim candidate 1 type array 1
[2024-12-07T22:49:40.492+0800][1.950s][debug][gc,humongous      ] GC(8) Dead humongous region 116 object size 1048592 start 0x00000000e7400000 with remset 0 code roots 0 is marked 0 reclaim candidate 1 type array 1
[2024-12-07T22:49:40.492+0800][1.950s][debug][gc,humongous      ] GC(8) Dead humongous region 118 object size 1048592 start 0x00000000e7600000 with remset 0 code roots 0 is marked 0 reclaim candidate 1 type array 1
[2024-12-07T22:49:40.492+0800][1.950s][debug][gc,humongous      ] GC(8) Live humongous region 120 object size 1048592 start 0x00000000e7800000  with remset 0 code roots 0 is marked 0 reclaim candidate 0 type array 1
[2024-12-07T22:49:40.492+0800][1.950s][debug][gc,humongous      ] GC(8) Live humongous region 122 object size 1048592 start 0x00000000e7a00000  with remset 0 code roots 0 is marked 0 reclaim candidate 0 type array 1
[2024-12-07T22:49:40.492+0800][1.950s][debug][gc,humongous      ] GC(8) Live humongous region 124 object size 1048592 start 0x00000000e7c00000  with remset 0 code roots 0 is marked 0 reclaim candidate 0 type array 1
[2024-12-07T22:49:40.492+0800][1.950s][debug][gc,humongous      ] GC(8) Live humongous region 126 object size 1048592 start 0x00000000e7e00000  with remset 0 code roots 0 is marked 0 reclaim candidate 0 type array 1
[2024-12-07T22:49:40.492+0800][1.950s][debug][gc,humongous      ] GC(8) Live humongous region 128 object size 1048592 start 0x00000000e8000000  with remset 0 code roots 0 is marked 0 reclaim candidate 0 type array 1
[2024-12-07T22:49:40.492+0800][1.950s][debug][gc,humongous      ] GC(8) Live humongous region 130 object size 1048592 start 0x00000000e8200000  with remset 0 code roots 0 is marked 0 reclaim candidate 0 type array 1
[2024-12-07T22:49:40.492+0800][1.950s][debug][gc,humongous      ] GC(8) Live humongous region 132 object size 1048592 start 0x00000000e8400000  with remset 0 code roots 0 is marked 0 reclaim candidate 0 type array 1
[2024-12-07T22:49:40.492+0800][1.951s][debug][gc,humongous      ] GC(8) Live humongous region 134 object size 1048592 start 0x00000000e8600000  with remset 0 code roots 0 is marked 0 reclaim candidate 0 type array 1
[2024-12-07T22:49:40.492+0800][1.951s][debug][gc,humongous      ] GC(8) Live humongous region 136 object size 1048592 start 0x00000000e8800000  with remset 0 code roots 0 is marked 0 reclaim candidate 0 type array 1
[2024-12-07T22:49:40.492+0800][1.951s][debug][gc,humongous      ] GC(8) Live humongous region 138 object size 1048592 start 0x00000000e8a00000  with remset 0 code roots 0 is marked 0 reclaim candidate 0 type array 1
[2024-12-07T22:49:40.492+0800][1.951s][debug][gc,humongous      ] GC(8) Live humongous region 140 object size 1048592 start 0x00000000e8c00000  with remset 0 code roots 0 is marked 0 reclaim candidate 0 type array 1
[2024-12-07T22:49:40.493+0800][1.951s][debug][gc,humongous      ] GC(8) Live humongous region 142 object size 1048592 start 0x00000000e8e00000  with remset 0 code roots 0 is marked 0 reclaim candidate 0 type array 1
[2024-12-07T22:49:40.493+0800][1.951s][debug][gc,humongous      ] GC(8) Live humongous region 144 object size 1048592 start 0x00000000e9000000  with remset 0 code roots 0 is marked 0 reclaim candidate 0 type array 1
[2024-12-07T22:49:40.493+0800][1.951s][debug][gc,humongous      ] GC(8) Live humongous region 146 object size 1048592 start 0x00000000e9200000  with remset 0 code roots 0 is marked 0 reclaim candidate 0 type array 1
[2024-12-07T22:49:40.493+0800][1.951s][debug][gc,humongous      ] GC(8) Live humongous region 148 object size 1048592 start 0x00000000e9400000  with remset 0 code roots 0 is marked 0 reclaim candidate 0 type array 1
[2024-12-07T22:49:40.493+0800][1.951s][debug][gc,humongous      ] GC(8) Live humongous region 150 object size 1048592 start 0x00000000e9600000  with remset 0 code roots 0 is marked 0 reclaim candidate 0 type array 1
[2024-12-07T22:49:40.493+0800][1.951s][debug][gc,humongous      ] GC(8) Live humongous region 152 object size 1048592 start 0x00000000e9800000  with remset 0 code roots 0 is marked 0 reclaim candidate 0 type array 1
[2024-12-07T22:49:40.493+0800][1.952s][debug][gc,humongous      ] GC(8) Live humongous region 154 object size 1048592 start 0x00000000e9a00000  with remset 0 code roots 0 is marked 0 reclaim candidate 0 type array 1
[2024-12-07T22:49:40.494+0800][1.952s][debug][gc,humongous      ] GC(8) Live humongous region 156 object size 1048592 start 0x00000000e9c00000  with remset 0 code roots 0 is marked 0 reclaim candidate 0 type array 1
[2024-12-07T22:49:40.494+0800][1.952s][debug][gc,humongous      ] GC(8) Live humongous region 158 object size 1048592 start 0x00000000e9e00000  with remset 0 code roots 0 is marked 0 reclaim candidate 0 type array 1
[2024-12-07T22:49:40.494+0800][1.952s][debug][gc,humongous      ] GC(8) Live humongous region 160 object size 1048592 start 0x00000000ea000000  with remset 0 code roots 0 is marked 0 reclaim candidate 0 type array 1
[2024-12-07T22:49:40.494+0800][1.952s][debug][gc,humongous      ] GC(8) Live humongous region 162 object size 1048592 start 0x00000000ea200000  with remset 0 code roots 0 is marked 0 reclaim candidate 0 type array 1
[2024-12-07T22:49:40.494+0800][1.953s][debug][gc,humongous      ] GC(8) Live humongous region 164 object size 1048592 start 0x00000000ea400000  with remset 0 code roots 0 is marked 0 reclaim candidate 0 type array 1
[2024-12-07T22:49:40.494+0800][1.953s][debug][gc,humongous      ] GC(8) Live humongous region 166 object size 1048592 start 0x00000000ea600000  with remset 0 code roots 0 is marked 0 reclaim candidate 0 type array 1
[2024-12-07T22:49:40.495+0800][1.953s][debug][gc,humongous      ] GC(8) Live humongous region 168 object size 1048592 start 0x00000000ea800000  with remset 0 code roots 0 is marked 0 reclaim candidate 0 type array 1
[2024-12-07T22:49:40.495+0800][1.953s][debug][gc,humongous      ] GC(8) Live humongous region 170 object size 1048592 start 0x00000000eaa00000  with remset 0 code roots 0 is marked 0 reclaim candidate 0 type array 1
[2024-12-07T22:49:40.495+0800][1.953s][debug][gc,humongous      ] GC(8) Live humongous region 172 object size 1048592 start 0x00000000eac00000  with remset 0 code roots 0 is marked 0 reclaim candidate 0 type array 1
[2024-12-07T22:49:40.495+0800][1.953s][debug][gc,humongous      ] GC(8) Live humongous region 174 object size 1048592 start 0x00000000eae00000  with remset 0 code roots 0 is marked 0 reclaim candidate 0 type array 1
[2024-12-07T22:49:40.495+0800][1.954s][debug][gc,humongous      ] GC(8) Live humongous region 176 object size 1048592 start 0x00000000eb000000  with remset 0 code roots 0 is marked 0 reclaim candidate 0 type array 1
[2024-12-07T22:49:40.495+0800][1.954s][debug][gc,humongous      ] GC(8) Live humongous region 178 object size 1048592 start 0x00000000eb200000  with remset 0 code roots 0 is marked 0 reclaim candidate 0 type array 1
[2024-12-07T22:49:40.496+0800][1.954s][debug][gc,humongous      ] GC(8) Live humongous region 180 object size 1048592 start 0x00000000eb400000  with remset 0 code roots 0 is marked 0 reclaim candidate 0 type array 1
[2024-12-07T22:49:40.496+0800][1.954s][debug][gc,humongous      ] GC(8) Live humongous region 182 object size 1048592 start 0x00000000eb600000  with remset 0 code roots 0 is marked 0 reclaim candidate 0 type array 1
[2024-12-07T22:49:40.496+0800][1.954s][debug][gc,humongous      ] GC(8) Live humongous region 184 object size 1048592 start 0x00000000eb800000  with remset 0 code roots 0 is marked 0 reclaim candidate 0 type array 1
[2024-12-07T22:49:40.496+0800][1.954s][debug][gc,humongous      ] GC(8) Live humongous region 186 object size 1048592 start 0x00000000eba00000  with remset 0 code roots 0 is marked 0 reclaim candidate 0 type array 1
[2024-12-07T22:49:40.496+0800][1.954s][debug][gc,humongous      ] GC(8) Live humongous region 188 object size 1048592 start 0x00000000ebc00000  with remset 0 code roots 0 is marked 0 reclaim candidate 0 type array 1
[2024-12-07T22:49:40.496+0800][1.955s][debug][gc,humongous      ] GC(8) Live humongous region 190 object size 1048592 start 0x00000000ebe00000  with remset 0 code roots 0 is marked 0 reclaim candidate 0 type array 1
[2024-12-07T22:49:40.496+0800][1.955s][debug][gc,humongous      ] GC(8) Live humongous region 192 object size 1048592 start 0x00000000ec000000  with remset 0 code roots 0 is marked 0 reclaim candidate 0 type array 1
[2024-12-07T22:49:40.496+0800][1.955s][debug][gc,humongous      ] GC(8) Live humongous region 194 object size 1048592 start 0x00000000ec200000  with remset 0 code roots 0 is marked 0 reclaim candidate 0 type array 1
[2024-12-07T22:49:40.496+0800][1.955s][debug][gc,humongous      ] GC(8) Live humongous region 196 object size 1048592 start 0x00000000ec400000  with remset 0 code roots 0 is marked 0 reclaim candidate 0 type array 1
[2024-12-07T22:49:40.497+0800][1.955s][debug][gc,humongous      ] GC(8) Live humongous region 198 object size 1048592 start 0x00000000ec600000  with remset 0 code roots 0 is marked 0 reclaim candidate 0 type array 1
[2024-12-07T22:49:40.497+0800][1.955s][debug][gc,humongous      ] GC(8) Live humongous region 200 object size 1048592 start 0x00000000ec800000  with remset 0 code roots 0 is marked 0 reclaim candidate 0 type array 1
[2024-12-07T22:49:40.497+0800][1.955s][debug][gc,humongous      ] GC(8) Live humongous region 202 object size 1048592 start 0x00000000eca00000  with remset 0 code roots 0 is marked 0 reclaim candidate 0 type array 1
[2024-12-07T22:49:40.497+0800][1.955s][debug][gc,humongous      ] GC(8) Live humongous region 204 object size 1048592 start 0x00000000ecc00000  with remset 0 code roots 0 is marked 0 reclaim candidate 0 type array 1
[2024-12-07T22:49:40.497+0800][1.955s][debug][gc,humongous      ] GC(8) Live humongous region 206 object size 1048592 start 0x00000000ece00000  with remset 0 code roots 0 is marked 0 reclaim candidate 0 type array 1
[2024-12-07T22:49:40.497+0800][1.955s][debug][gc,humongous      ] GC(8) Live humongous region 208 object size 1048592 start 0x00000000ed000000  with remset 0 code roots 0 is marked 0 reclaim candidate 0 type array 1
[2024-12-07T22:49:40.497+0800][1.955s][debug][gc,humongous      ] GC(8) Live humongous region 210 object size 1048592 start 0x00000000ed200000  with remset 0 code roots 0 is marked 0 reclaim candidate 0 type array 1
[2024-12-07T22:49:40.497+0800][1.955s][debug][gc,humongous      ] GC(8) Live humongous region 212 object size 1048592 start 0x00000000ed400000  with remset 0 code roots 0 is marked 0 reclaim candidate 0 type array 1
[2024-12-07T22:49:40.497+0800][1.956s][debug][gc,humongous      ] GC(8) Live humongous region 214 object size 1048592 start 0x00000000ed600000  with remset 0 code roots 0 is marked 0 reclaim candidate 0 type array 1
[2024-12-07T22:49:40.497+0800][1.956s][debug][gc,humongous      ] GC(8) Live humongous region 216 object size 1048592 start 0x00000000ed800000  with remset 0 code roots 0 is marked 0 reclaim candidate 0 type array 1
[2024-12-07T22:49:40.497+0800][1.956s][debug][gc,humongous      ] GC(8) Live humongous region 218 object size 1048592 start 0x00000000eda00000  with remset 0 code roots 0 is marked 0 reclaim candidate 0 type array 1
[2024-12-07T22:49:40.498+0800][1.956s][debug][gc,humongous      ] GC(8) Live humongous region 220 object size 1048592 start 0x00000000edc00000  with remset 0 code roots 0 is marked 0 reclaim candidate 0 type array 1
[2024-12-07T22:49:40.498+0800][1.956s][debug][gc,humongous      ] GC(8) Live humongous region 222 object size 1048592 start 0x00000000ede00000  with remset 0 code roots 0 is marked 0 reclaim candidate 0 type array 1
[2024-12-07T22:49:40.498+0800][1.956s][debug][gc,plab           ] GC(8) Young PLAB allocation: allocated: 515320B, wasted: 2280B, unused: 36664B, used: 476376B, undo waste: 0B, 
[2024-12-07T22:49:40.498+0800][1.956s][debug][gc,plab           ] GC(8) Young other allocation: region end waste: 0B, regions filled: 1, direct allocated: 71824B, failure used: 0B, failure wasted: 0B
[2024-12-07T22:49:40.498+0800][1.956s][debug][gc,plab           ] GC(8) Young sizing: calculated: 95272B, actual: 95240B
[2024-12-07T22:49:40.498+0800][1.956s][debug][gc,plab           ] GC(8) Old PLAB allocation: allocated: 0B, wasted: 0B, unused: 0B, used: 0B, undo waste: 0B, 
[2024-12-07T22:49:40.498+0800][1.957s][debug][gc,plab           ] GC(8) Old other allocation: region end waste: 0B, regions filled: 0, direct allocated: 0B, failure used: 0B, failure wasted: 0B
[2024-12-07T22:49:40.498+0800][1.957s][debug][gc,plab           ] GC(8) Old sizing: calculated: 0B, actual: 2064B
[2024-12-07T22:49:40.498+0800][1.957s][debug][gc,alloc,stats    ] Old generation allocation in the last mutator period, old gen allocated: 0B, humongous allocated: 25165824B,old gen growth: 0B.
[2024-12-07T22:49:40.499+0800][1.957s][debug][gc,ihop           ] GC(8) Basic information (value update), threshold: 236873318B (45.00), target occupancy: 526385152B, current occupancy: 211039624B, recent allocation size: 25165824B, recent allocation duration: 205.33ms, recent old gen allocation rate: 122560942.99B/s, recent marking phase length: 0.00ms
[2024-12-07T22:49:40.499+0800][1.957s][debug][gc,ihop           ] GC(8) Adaptive IHOP information (value update), threshold: 236873318B (51.91), internal target occupancy: 456340275B, occupancy: 211039624B, additional buffer size: 26214400B, predicted old gen allocation rate: 165507846.49B/s, predicted marking phase length: 0.00ms, prediction active: false
[2024-12-07T22:49:40.499+0800][1.957s][debug][gc,ergo,refine    ] GC(8) Updated Refinement Zones: green: 18, yellow: 54, red: 90
[2024-12-07T22:49:40.499+0800][1.957s][info ][gc,phases         ] GC(8)   Pre Evacuate Collection Set: 0.2ms
[2024-12-07T22:49:40.499+0800][1.957s][debug][gc,phases         ] GC(8)     Prepare TLABs: 0.2ms
[2024-12-07T22:49:40.499+0800][1.957s][debug][gc,phases         ] GC(8)     Choose Collection Set: 0.2ms
[2024-12-07T22:49:40.499+0800][1.958s][debug][gc,phases         ] GC(8)     Humongous Register: 0.0ms
[2024-12-07T22:49:40.499+0800][1.958s][debug][gc,phases         ] GC(8)     Clear Claimed Marks: 0.0ms
[2024-12-07T22:49:40.500+0800][1.958s][info ][gc,phases         ] GC(8)   Evacuate Collection Set: 8.0ms
[2024-12-07T22:49:40.500+0800][1.958s][debug][gc,phases         ] GC(8)     Ext Root Scanning (ms):   Min:  0.1, Avg:  0.8, Max:  2.4, Diff:  2.3, Sum:  9.0, Workers: 12
[2024-12-07T22:49:40.500+0800][1.958s][debug][gc,phases         ] GC(8)     Update RS (ms):           Min:  0.0, Avg:  0.4, Max:  1.4, Diff:  1.4, Sum:  4.5, Workers: 12
[2024-12-07T22:49:40.500+0800][1.958s][debug][gc,phases         ] GC(8)       Processed Buffers:        Min: 0, Avg:  0.3, Max: 1, Diff: 1, Sum: 4, Workers: 12
[2024-12-07T22:49:40.500+0800][1.958s][debug][gc,phases         ] GC(8)       Scanned Cards:            Min: 0, Avg: 23.3, Max: 94, Diff: 94, Sum: 280, Workers: 12
[2024-12-07T22:49:40.500+0800][1.958s][debug][gc,phases         ] GC(8)       Skipped Cards:            Min: 0, Avg: 12.9, Max: 87, Diff: 87, Sum: 155, Workers: 12
[2024-12-07T22:49:40.500+0800][1.958s][debug][gc,phases         ] GC(8)     Scan RS (ms):             Min:  0.0, Avg:  0.1, Max:  0.6, Diff:  0.6, Sum:  1.4, Workers: 12
[2024-12-07T22:49:40.500+0800][1.958s][debug][gc,phases         ] GC(8)       Scanned Cards:            Min: 0, Avg:  5.0, Max: 25, Diff: 25, Sum: 60, Workers: 12
[2024-12-07T22:49:40.500+0800][1.959s][debug][gc,phases         ] GC(8)       Claimed Cards:            Min: 0, Avg: 23.3, Max: 128, Diff: 128, Sum: 280, Workers: 12
[2024-12-07T22:49:40.500+0800][1.959s][debug][gc,phases         ] GC(8)       Skipped Cards:            Min: 0, Avg: 46.7, Max: 256, Diff: 256, Sum: 560, Workers: 12
[2024-12-07T22:49:40.500+0800][1.959s][debug][gc,phases         ] GC(8)     Code Root Scanning (ms):  Min:  0.0, Avg:  0.0, Max:  0.1, Diff:  0.1, Sum:  0.1, Workers: 12
[2024-12-07T22:49:40.501+0800][1.959s][debug][gc,phases         ] GC(8)     AOT Root Scanning (ms):   skipped
[2024-12-07T22:49:40.501+0800][1.959s][debug][gc,phases         ] GC(8)     Object Copy (ms):         Min:  0.0, Avg:  0.3, Max:  0.9, Diff:  0.9, Sum:  3.6, Workers: 12
[2024-12-07T22:49:40.501+0800][1.959s][debug][gc,phases         ] GC(8)     Termination (ms):         Min:  0.0, Avg:  1.3, Max:  1.7, Diff:  1.7, Sum: 15.1, Workers: 12
[2024-12-07T22:49:40.501+0800][1.959s][debug][gc,phases         ] GC(8)       Termination Attempts:     Min: 1, Avg: 21.4, Max: 40, Diff: 39, Sum: 257, Workers: 12
[2024-12-07T22:49:40.501+0800][1.959s][debug][gc,phases         ] GC(8)     GC Worker Other (ms):     Min:  0.7, Avg:  3.1, Max:  4.6, Diff:  3.9, Sum: 37.5, Workers: 12
[2024-12-07T22:49:40.501+0800][1.959s][debug][gc,phases         ] GC(8)     GC Worker Total (ms):     Min:  3.1, Avg:  5.9, Max:  7.2, Diff:  4.0, Sum: 71.3, Workers: 12
[2024-12-07T22:49:40.501+0800][1.959s][info ][gc,phases         ] GC(8)   Post Evacuate Collection Set: 12.0ms
[2024-12-07T22:49:40.501+0800][1.959s][debug][gc,phases         ] GC(8)     Code Roots Fixup: 0.0ms
[2024-12-07T22:49:40.501+0800][1.960s][debug][gc,phases         ] GC(8)     Clear Card Table: 0.1ms
[2024-12-07T22:49:40.501+0800][1.960s][debug][gc,phases         ] GC(8)     Reference Processing: 0.2ms
[2024-12-07T22:49:40.501+0800][1.960s][debug][gc,phases,ref     ] GC(8)       Reconsider SoftReferences: 0.1ms
[2024-12-07T22:49:40.501+0800][1.960s][debug][gc,phases,ref     ] GC(8)         SoftRef (ms):             skipped
[2024-12-07T22:49:40.502+0800][1.960s][debug][gc,phases,ref     ] GC(8)       Notify Soft/WeakReferences: 0.0ms
[2024-12-07T22:49:40.502+0800][1.960s][debug][gc,phases,ref     ] GC(8)         SoftRef (ms):             Min:  0.0, Avg:  0.0, Max:  0.0, Diff:  0.0, Sum:  0.0, Workers: 1
[2024-12-07T22:49:40.502+0800][1.960s][debug][gc,phases,ref     ] GC(8)         WeakRef (ms):             Min:  0.0, Avg:  0.0, Max:  0.0, Diff:  0.0, Sum:  0.0, Workers: 1
[2024-12-07T22:49:40.502+0800][1.960s][debug][gc,phases,ref     ] GC(8)         FinalRef (ms):            Min:  0.0, Avg:  0.0, Max:  0.0, Diff:  0.0, Sum:  0.0, Workers: 1
[2024-12-07T22:49:40.502+0800][1.960s][debug][gc,phases,ref     ] GC(8)         Total (ms):               Min:  0.0, Avg:  0.0, Max:  0.0, Diff:  0.0, Sum:  0.0, Workers: 1
[2024-12-07T22:49:40.502+0800][1.960s][debug][gc,phases,ref     ] GC(8)       Notify and keep alive finalizable: 0.1ms
[2024-12-07T22:49:40.502+0800][1.960s][debug][gc,phases,ref     ] GC(8)         FinalRef (ms):            skipped
[2024-12-07T22:49:40.502+0800][1.960s][debug][gc,phases,ref     ] GC(8)       Notify PhantomReferences: 0.0ms
[2024-12-07T22:49:40.502+0800][1.961s][debug][gc,phases,ref     ] GC(8)         PhantomRef (ms):          Min:  0.0, Avg:  0.0, Max:  0.0, Diff:  0.0, Sum:  0.0, Workers: 1
[2024-12-07T22:49:40.502+0800][1.961s][debug][gc,phases,ref     ] GC(8)       SoftReference:
[2024-12-07T22:49:40.502+0800][1.961s][debug][gc,phases,ref     ] GC(8)         Discovered: 0
[2024-12-07T22:49:40.503+0800][1.961s][debug][gc,phases,ref     ] GC(8)         Cleared: 0
[2024-12-07T22:49:40.503+0800][1.961s][debug][gc,phases,ref     ] GC(8)       WeakReference:
[2024-12-07T22:49:40.503+0800][1.961s][debug][gc,phases,ref     ] GC(8)         Discovered: 80
[2024-12-07T22:49:40.503+0800][1.961s][debug][gc,phases,ref     ] GC(8)         Cleared: 80
[2024-12-07T22:49:40.503+0800][1.961s][debug][gc,phases,ref     ] GC(8)       FinalReference:
[2024-12-07T22:49:40.503+0800][1.961s][debug][gc,phases,ref     ] GC(8)         Discovered: 0
[2024-12-07T22:49:40.503+0800][1.961s][debug][gc,phases,ref     ] GC(8)         Cleared: 0
[2024-12-07T22:49:40.503+0800][1.961s][debug][gc,phases,ref     ] GC(8)       PhantomReference:
[2024-12-07T22:49:40.503+0800][1.962s][debug][gc,phases,ref     ] GC(8)         Discovered: 4
[2024-12-07T22:49:40.503+0800][1.962s][debug][gc,phases,ref     ] GC(8)         Cleared: 4
[2024-12-07T22:49:40.503+0800][1.962s][debug][gc,phases         ] GC(8)     Weak Processing: 0.0ms
[2024-12-07T22:49:40.503+0800][1.962s][debug][gc,phases         ] GC(8)     Merge Per-Thread State: 0.0ms
[2024-12-07T22:49:40.504+0800][1.962s][debug][gc,phases         ] GC(8)     Code Roots Purge: 0.0ms
[2024-12-07T22:49:40.504+0800][1.962s][debug][gc,phases         ] GC(8)     Redirty Cards: 0.1ms
[2024-12-07T22:49:40.504+0800][1.962s][debug][gc,phases         ] GC(8)     DerivedPointerTable Update: 0.0ms
[2024-12-07T22:49:40.504+0800][1.962s][debug][gc,phases         ] GC(8)     Free Collection Set: 0.1ms
[2024-12-07T22:49:40.504+0800][1.962s][debug][gc,phases         ] GC(8)     Humongous Reclaim: 11.4ms
[2024-12-07T22:49:40.504+0800][1.962s][debug][gc,phases         ] GC(8)     Start New Collection Set: 0.0ms
[2024-12-07T22:49:40.504+0800][1.962s][debug][gc,phases         ] GC(8)     Resize TLABs: 0.0ms
[2024-12-07T22:49:40.504+0800][1.962s][debug][gc,phases         ] GC(8)     Expand Heap After Collection: 0.0ms
[2024-12-07T22:49:40.504+0800][1.963s][info ][gc,phases         ] GC(8)   Other: 3.0ms
[2024-12-07T22:49:40.504+0800][1.963s][info ][gc,heap           ] GC(8) Eden regions: 1->0(24)
[2024-12-07T22:49:40.504+0800][1.963s][info ][gc,heap           ] GC(8) Survivor regions: 1->1(4)
[2024-12-07T22:49:40.505+0800][1.963s][info ][gc,heap           ] GC(8) Old regions: 2->2
[2024-12-07T22:49:40.505+0800][1.963s][info ][gc,heap           ] GC(8) Humongous regions: 224->200
[2024-12-07T22:49:40.505+0800][1.963s][info ][gc,metaspace      ] GC(8) Metaspace: 643K(4864K)->643K(4864K) NonClass: 590K(4352K)->590K(4352K) Class: 52K(512K)->52K(512K)
[2024-12-07T22:49:40.505+0800][1.963s][debug][gc,heap           ] GC(8) Heap after GC invocations=9 (full 0): garbage-first heap   total 516096K, used 206093K [0x00000000e0000000, 0x0000000100000000)
[2024-12-07T22:49:40.505+0800][1.963s][debug][gc,heap           ] GC(8)   region size 1024K, 1 young (1024K), 1 survivors (1024K)
[2024-12-07T22:49:40.505+0800][1.963s][debug][gc,heap           ] GC(8)  Metaspace       used 643K, capacity 4574K, committed 4864K, reserved 1056768K
[2024-12-07T22:49:40.505+0800][1.963s][debug][gc,heap           ] GC(8)   class space    used 52K, capacity 418K, committed 512K, reserved 1048576K
[2024-12-07T22:49:40.505+0800][1.964s][info ][gc                ] GC(8) Pause Young (Concurrent Start) (G1 Humongous Allocation) 225M->201M(504M) 28.603ms
[2024-12-07T22:49:40.505+0800][1.964s][info ][gc,cpu            ] GC(8) User=0.02s Sys=0.00s Real=0.03s
[2024-12-07T22:49:40.506+0800][1.964s][info ][gc                ] GC(9) Concurrent Cycle
[2024-12-07T22:49:40.506+0800][1.964s][info ][gc,marking        ] GC(9) Concurrent Clear Claimed Marks
[2024-12-07T22:49:40.506+0800][1.964s][info ][gc,marking        ] GC(9) Concurrent Clear Claimed Marks 0.105ms
[2024-12-07T22:49:40.506+0800][1.964s][info ][gc,marking        ] GC(9) Concurrent Scan Root Regions
[2024-12-07T22:49:40.506+0800][1.964s][debug][gc,ergo           ] GC(9) Running G1 Root Region Scan using 1 workers for 1 work units.
[2024-12-07T22:49:40.507+0800][1.965s][info ][gc,marking        ] GC(9) Concurrent Scan Root Regions 0.630ms
[2024-12-07T22:49:40.507+0800][1.965s][info ][gc,marking        ] GC(9) Concurrent Mark (1.965s)
[2024-12-07T22:49:40.507+0800][1.965s][info ][gc,marking        ] GC(9) Concurrent Mark From Roots
[2024-12-07T22:49:40.507+0800][1.965s][info ][gc,task           ] GC(9) Using 5 workers of 5 for marking
[2024-12-07T22:49:40.508+0800][1.966s][debug][gc,stats          ] ---------------------------------------------------------------------
[2024-12-07T22:49:40.508+0800][1.966s][debug][gc,stats          ] Marking Stats, task = 0, calls = 32
[2024-12-07T22:49:40.508+0800][1.966s][debug][gc,stats          ]   Elapsed time = 0.49ms, Termination time = 0.00ms
[2024-12-07T22:49:40.508+0800][1.966s][debug][gc,stats          ]   Step Times (cum): num = 428, avg = 0.00ms, sd = 0.02ms max = 0.42ms, total = 0.42ms
[2024-12-07T22:49:40.508+0800][1.966s][debug][gc,stats          ]   Mark Stats Cache: hits 4208 misses 101 ratio 97.656
[2024-12-07T22:49:40.508+0800][1.966s][debug][gc,stats          ] ---------------------------------------------------------------------
[2024-12-07T22:49:40.508+0800][1.966s][debug][gc,stats          ] Marking Stats, task = 1, calls = 31
[2024-12-07T22:49:40.508+0800][1.966s][debug][gc,stats          ]   Elapsed time = 0.49ms, Termination time = 0.00ms
[2024-12-07T22:49:40.508+0800][1.967s][debug][gc,stats          ]   Step Times (cum): num = 134, avg = 0.00ms, sd = 0.00ms max = 0.00ms, total = 0.00ms
[2024-12-07T22:49:40.508+0800][1.967s][debug][gc,stats          ]   Mark Stats Cache: hits 701 misses 2 ratio 99.716
[2024-12-07T22:49:40.508+0800][1.967s][debug][gc,stats          ] ---------------------------------------------------------------------
[2024-12-07T22:49:40.508+0800][1.967s][debug][gc,stats          ] Marking Stats, task = 2, calls = 1
[2024-12-07T22:49:40.509+0800][1.967s][debug][gc,stats          ]   Elapsed time = 0.47ms, Termination time = 0.00ms
[2024-12-07T22:49:40.509+0800][1.967s][debug][gc,stats          ]   Step Times (cum): num = 73, avg = 0.01ms, sd = 0.05ms max = 0.41ms, total = 0.41ms
[2024-12-07T22:49:40.509+0800][1.967s][debug][gc,stats          ]   Mark Stats Cache: hits 4748 misses 2 ratio 99.958
[2024-12-07T22:49:40.509+0800][1.967s][debug][gc,stats          ] ---------------------------------------------------------------------
[2024-12-07T22:49:40.509+0800][1.967s][debug][gc,stats          ] Marking Stats, task = 3, calls = 25
[2024-12-07T22:49:40.509+0800][1.967s][debug][gc,stats          ]   Elapsed time = 0.47ms, Termination time = 0.00ms
[2024-12-07T22:49:40.509+0800][1.967s][debug][gc,stats          ]   Step Times (cum): num = 124, avg = 0.00ms, sd = 0.04ms max = 0.41ms, total = 0.41ms
[2024-12-07T22:49:40.509+0800][1.967s][debug][gc,stats          ]   Mark Stats Cache: hits 2675 misses 1 ratio 99.963
[2024-12-07T22:49:40.509+0800][1.968s][debug][gc,stats          ] ---------------------------------------------------------------------
[2024-12-07T22:49:40.509+0800][1.968s][debug][gc,stats          ] Marking Stats, task = 4, calls = 39
[2024-12-07T22:49:40.509+0800][1.968s][debug][gc,stats          ]   Elapsed time = 0.42ms, Termination time = 0.00ms
[2024-12-07T22:49:40.510+0800][1.968s][debug][gc,stats          ]   Step Times (cum): num = 165, avg = 0.00ms, sd = 0.03ms max = 0.41ms, total = 0.41ms
[2024-12-07T22:49:40.510+0800][1.968s][debug][gc,stats          ]   Mark Stats Cache: hits 695 misses 1 ratio 99.856
[2024-12-07T22:49:40.510+0800][1.968s][debug][gc,stats          ] ---------------------------------------------------------------------
[2024-12-07T22:49:40.510+0800][1.968s][info ][gc,marking        ] GC(9) Concurrent Mark From Roots 3.060ms
[2024-12-07T22:49:40.510+0800][1.968s][info ][gc,marking        ] GC(9) Concurrent Preclean
[2024-12-07T22:49:40.510+0800][1.968s][debug][gc,ref,start      ] GC(9) Preclean SoftReferences
[2024-12-07T22:49:40.510+0800][1.968s][debug][gc,ref            ] GC(9) Preclean SoftReferences 0.097ms
[2024-12-07T22:49:40.510+0800][1.969s][debug][gc,ref,start      ] GC(9) Preclean WeakReferences
[2024-12-07T22:49:40.510+0800][1.969s][debug][gc,ref            ] GC(9) Preclean WeakReferences 0.095ms
[2024-12-07T22:49:40.510+0800][1.969s][debug][gc,ref,start      ] GC(9) Preclean FinalReferences
[2024-12-07T22:49:40.510+0800][1.969s][debug][gc,ref            ] GC(9) Preclean FinalReferences 0.094ms
[2024-12-07T22:49:40.511+0800][1.969s][debug][gc,ref,start      ] GC(9) Preclean PhantomReferences
[2024-12-07T22:49:40.511+0800][1.969s][debug][gc,ref            ] GC(9) Preclean PhantomReferences 0.095ms
[2024-12-07T22:49:40.511+0800][1.969s][info ][gc,marking        ] GC(9) Concurrent Preclean 0.817ms
[2024-12-07T22:49:40.511+0800][1.969s][info ][gc,marking        ] GC(9) Concurrent Mark (1.965s, 1.969s) 4.162ms
[2024-12-07T22:49:40.511+0800][1.969s][info ][gc,start          ] GC(9) Pause Remark
[2024-12-07T22:49:40.511+0800][1.969s][debug][gc,phases,start   ] GC(9) Finalize Marking
[2024-12-07T22:49:40.515+0800][1.973s][debug][gc,stats          ] ---------------------------------------------------------------------
[2024-12-07T22:49:40.515+0800][1.974s][debug][gc,stats          ] Marking Stats, task = 0, calls = 105
[2024-12-07T22:49:40.516+0800][1.974s][debug][gc,stats          ]   Elapsed time = 3.81ms, Termination time = 3.31ms
[2024-12-07T22:49:40.516+0800][1.974s][debug][gc,stats          ]   Step Times (cum): num = 501, avg = 0.01ms, sd = 0.15ms max = 3.31ms, total = 3.73ms
[2024-12-07T22:49:40.516+0800][1.974s][debug][gc,stats          ]   Mark Stats Cache: hits 4208 misses 101 ratio 97.656
[2024-12-07T22:49:40.516+0800][1.975s][debug][gc,stats          ] ---------------------------------------------------------------------
[2024-12-07T22:49:40.517+0800][1.975s][debug][gc,stats          ] Marking Stats, task = 1, calls = 32
[2024-12-07T22:49:40.517+0800][1.975s][debug][gc,stats          ]   Elapsed time = 3.79ms, Termination time = 3.28ms
[2024-12-07T22:49:40.517+0800][1.975s][debug][gc,stats          ]   Step Times (cum): num = 135, avg = 0.02ms, sd = 0.28ms max = 3.28ms, total = 3.28ms
[2024-12-07T22:49:40.517+0800][1.976s][debug][gc,stats          ]   Mark Stats Cache: hits 701 misses 2 ratio 99.716
[2024-12-07T22:49:40.517+0800][1.976s][debug][gc,stats          ] ---------------------------------------------------------------------
[2024-12-07T22:49:40.518+0800][1.976s][debug][gc,stats          ] Marking Stats, task = 2, calls = 2
[2024-12-07T22:49:40.518+0800][1.976s][debug][gc,stats          ]   Elapsed time = 3.80ms, Termination time = 3.30ms
[2024-12-07T22:49:40.518+0800][1.976s][debug][gc,stats          ]   Step Times (cum): num = 74, avg = 0.05ms, sd = 0.38ms max = 3.30ms, total = 3.71ms
[2024-12-07T22:49:40.518+0800][1.977s][debug][gc,stats          ]   Mark Stats Cache: hits 4748 misses 2 ratio 99.958
[2024-12-07T22:49:40.518+0800][1.977s][debug][gc,stats          ] ---------------------------------------------------------------------
[2024-12-07T22:49:40.518+0800][1.977s][debug][gc,stats          ] Marking Stats, task = 3, calls = 26
[2024-12-07T22:49:40.519+0800][1.977s][debug][gc,stats          ]   Elapsed time = 3.79ms, Termination time = 3.30ms
[2024-12-07T22:49:40.519+0800][1.977s][debug][gc,stats          ]   Step Times (cum): num = 125, avg = 0.03ms, sd = 0.30ms max = 3.30ms, total = 3.71ms
[2024-12-07T22:49:40.519+0800][1.977s][debug][gc,stats          ]   Mark Stats Cache: hits 2675 misses 1 ratio 99.963
[2024-12-07T22:49:40.519+0800][1.977s][debug][gc,stats          ] ---------------------------------------------------------------------
[2024-12-07T22:49:40.519+0800][1.977s][debug][gc,stats          ] Marking Stats, task = 4, calls = 40
[2024-12-07T22:49:40.519+0800][1.977s][debug][gc,stats          ]   Elapsed time = 3.82ms, Termination time = 3.32ms
[2024-12-07T22:49:40.519+0800][1.977s][debug][gc,stats          ]   Step Times (cum): num = 166, avg = 0.02ms, sd = 0.26ms max = 3.32ms, total = 3.74ms
[2024-12-07T22:49:40.519+0800][1.978s][debug][gc,stats          ]   Mark Stats Cache: hits 695 misses 1 ratio 99.856
[2024-12-07T22:49:40.519+0800][1.978s][debug][gc,stats          ] ---------------------------------------------------------------------
[2024-12-07T22:49:40.519+0800][1.978s][debug][gc,stats          ] Marking Stats, task = 5, calls = 1
[2024-12-07T22:49:40.520+0800][1.978s][debug][gc,stats          ]   Elapsed time = 3.67ms, Termination time = 3.33ms
[2024-12-07T22:49:40.520+0800][1.978s][debug][gc,stats          ]   Step Times (cum): num = 5, avg = 0.67ms, sd = 1.33ms max = 3.33ms, total = 3.33ms
[2024-12-07T22:49:40.520+0800][1.978s][debug][gc,stats          ]   Mark Stats Cache: hits 0 misses 0 ratio 0.000
[2024-12-07T22:49:40.520+0800][1.978s][debug][gc,stats          ] ---------------------------------------------------------------------
[2024-12-07T22:49:40.520+0800][1.978s][debug][gc,stats          ] Marking Stats, task = 6, calls = 1
[2024-12-07T22:49:40.520+0800][1.978s][debug][gc,stats          ]   Elapsed time = 3.67ms, Termination time = 3.20ms
[2024-12-07T22:49:40.520+0800][1.978s][debug][gc,stats          ]   Step Times (cum): num = 5, avg = 0.64ms, sd = 1.28ms max = 3.20ms, total = 3.20ms
[2024-12-07T22:49:40.520+0800][1.979s][debug][gc,stats          ]   Mark Stats Cache: hits 0 misses 0 ratio 0.000
[2024-12-07T22:49:40.520+0800][1.979s][debug][gc,stats          ] ---------------------------------------------------------------------
[2024-12-07T22:49:40.520+0800][1.979s][debug][gc,stats          ] Marking Stats, task = 7, calls = 1
[2024-12-07T22:49:40.520+0800][1.979s][debug][gc,stats          ]   Elapsed time = 3.69ms, Termination time = 3.08ms
[2024-12-07T22:49:40.521+0800][1.979s][debug][gc,stats          ]   Step Times (cum): num = 5, avg = 0.69ms, sd = 1.20ms max = 3.08ms, total = 3.46ms
[2024-12-07T22:49:40.521+0800][1.979s][debug][gc,stats          ]   Mark Stats Cache: hits 0 misses 0 ratio 0.000
[2024-12-07T22:49:40.521+0800][1.979s][debug][gc,stats          ] ---------------------------------------------------------------------
[2024-12-07T22:49:40.521+0800][1.979s][debug][gc,stats          ] Marking Stats, task = 8, calls = 1
[2024-12-07T22:49:40.521+0800][1.979s][debug][gc,stats          ]   Elapsed time = 3.73ms, Termination time = 3.12ms
[2024-12-07T22:49:40.521+0800][1.979s][debug][gc,stats          ]   Step Times (cum): num = 5, avg = 0.66ms, sd = 1.23ms max = 3.12ms, total = 3.32ms
[2024-12-07T22:49:40.521+0800][1.979s][debug][gc,stats          ]   Mark Stats Cache: hits 0 misses 0 ratio 0.000
[2024-12-07T22:49:40.521+0800][1.979s][debug][gc,stats          ] ---------------------------------------------------------------------
[2024-12-07T22:49:40.521+0800][1.980s][debug][gc,stats          ] Marking Stats, task = 9, calls = 1
[2024-12-07T22:49:40.521+0800][1.980s][debug][gc,stats          ]   Elapsed time = 3.64ms, Termination time = 3.40ms
[2024-12-07T22:49:40.521+0800][1.980s][debug][gc,stats          ]   Step Times (cum): num = 5, avg = 0.68ms, sd = 1.36ms max = 3.40ms, total = 3.40ms
[2024-12-07T22:49:40.521+0800][1.980s][debug][gc,stats          ]   Mark Stats Cache: hits 0 misses 0 ratio 0.000
[2024-12-07T22:49:40.522+0800][1.980s][debug][gc,stats          ] ---------------------------------------------------------------------
[2024-12-07T22:49:40.522+0800][1.980s][debug][gc,stats          ] Marking Stats, task = 10, calls = 1
[2024-12-07T22:49:40.522+0800][1.980s][debug][gc,stats          ]   Elapsed time = 3.64ms, Termination time = 3.41ms
[2024-12-07T22:49:40.522+0800][1.980s][debug][gc,stats          ]   Step Times (cum): num = 5, avg = 0.68ms, sd = 1.36ms max = 3.41ms, total = 3.41ms
[2024-12-07T22:49:40.522+0800][1.980s][debug][gc,stats          ]   Mark Stats Cache: hits 0 misses 0 ratio 0.000
[2024-12-07T22:49:40.522+0800][1.980s][debug][gc,stats          ] ---------------------------------------------------------------------
[2024-12-07T22:49:40.522+0800][1.980s][debug][gc,stats          ] Marking Stats, task = 11, calls = 1
[2024-12-07T22:49:40.522+0800][1.980s][debug][gc,stats          ]   Elapsed time = 0.01ms, Termination time = 0.00ms
[2024-12-07T22:49:40.522+0800][1.981s][debug][gc,stats          ]   Step Times (cum): num = 5, avg = 0.00ms, sd = 0.00ms max = 0.00ms, total = 0.00ms
[2024-12-07T22:49:40.522+0800][1.981s][debug][gc,stats          ]   Mark Stats Cache: hits 0 misses 0 ratio 0.000
[2024-12-07T22:49:40.522+0800][1.981s][debug][gc,stats          ] ---------------------------------------------------------------------
[2024-12-07T22:49:40.523+0800][1.981s][debug][gc,phases         ] GC(9) Finalize Marking 11.380ms
[2024-12-07T22:49:40.523+0800][1.981s][debug][gc,phases,start   ] GC(9) Reference Processing
[2024-12-07T22:49:40.523+0800][1.981s][debug][gc,ref            ] GC(9) Skipped phase1 of Reference Processing due to unavailable references
[2024-12-07T22:49:40.523+0800][1.981s][debug][gc,ref            ] GC(9) Skipped phase2 of Reference Processing due to unavailable references
[2024-12-07T22:49:40.523+0800][1.981s][debug][gc,ref            ] GC(9) Skipped phase3 of Reference Processing due to unavailable references
[2024-12-07T22:49:40.523+0800][1.981s][debug][gc,ref            ] GC(9) Skipped phase4 of Reference Processing due to unavailable references
[2024-12-07T22:49:40.523+0800][1.981s][debug][gc,phases,ref     ] GC(9) Reference Processing: 0.4ms
[2024-12-07T22:49:40.523+0800][1.982s][debug][gc,phases,ref     ] GC(9)   Reconsider SoftReferences: 0.1ms
[2024-12-07T22:49:40.523+0800][1.982s][debug][gc,phases,ref     ] GC(9)     SoftRef (ms):             skipped
[2024-12-07T22:49:40.523+0800][1.982s][debug][gc,phases,ref     ] GC(9)   Notify Soft/WeakReferences: 0.1ms
[2024-12-07T22:49:40.524+0800][1.982s][debug][gc,phases,ref     ] GC(9)     SoftRef (ms):             skipped
[2024-12-07T22:49:40.524+0800][1.982s][debug][gc,phases,ref     ] GC(9)     WeakRef (ms):             skipped
[2024-12-07T22:49:40.524+0800][1.982s][debug][gc,phases,ref     ] GC(9)     FinalRef (ms):            skipped
[2024-12-07T22:49:40.524+0800][1.982s][debug][gc,phases,ref     ] GC(9)     Total (ms):               skipped
[2024-12-07T22:49:40.524+0800][1.982s][debug][gc,phases,ref     ] GC(9)   Notify and keep alive finalizable: 0.1ms
[2024-12-07T22:49:40.524+0800][1.982s][debug][gc,phases,ref     ] GC(9)     FinalRef (ms):            skipped
[2024-12-07T22:49:40.524+0800][1.983s][debug][gc,phases,ref     ] GC(9)   Notify PhantomReferences: 0.1ms
[2024-12-07T22:49:40.524+0800][1.983s][debug][gc,phases,ref     ] GC(9)     PhantomRef (ms):          skipped
[2024-12-07T22:49:40.524+0800][1.983s][debug][gc,phases,ref     ] GC(9)   SoftReference:
[2024-12-07T22:49:40.524+0800][1.983s][debug][gc,phases,ref     ] GC(9)     Discovered: 0
[2024-12-07T22:49:40.525+0800][1.983s][debug][gc,phases,ref     ] GC(9)     Cleared: 0
[2024-12-07T22:49:40.525+0800][1.983s][debug][gc,phases,ref     ] GC(9)   WeakReference:
[2024-12-07T22:49:40.525+0800][1.983s][debug][gc,phases,ref     ] GC(9)     Discovered: 0
[2024-12-07T22:49:40.525+0800][1.983s][debug][gc,phases,ref     ] GC(9)     Cleared: 0
[2024-12-07T22:49:40.525+0800][1.983s][debug][gc,phases,ref     ] GC(9)   FinalReference:
[2024-12-07T22:49:40.525+0800][1.983s][debug][gc,phases,ref     ] GC(9)     Discovered: 0
[2024-12-07T22:49:40.525+0800][1.983s][debug][gc,phases,ref     ] GC(9)     Cleared: 0
[2024-12-07T22:49:40.525+0800][1.983s][debug][gc,phases,ref     ] GC(9)   PhantomReference:
[2024-12-07T22:49:40.525+0800][1.984s][debug][gc,phases,ref     ] GC(9)     Discovered: 0
[2024-12-07T22:49:40.525+0800][1.984s][debug][gc,phases,ref     ] GC(9)     Cleared: 0
[2024-12-07T22:49:40.525+0800][1.984s][debug][gc,phases         ] GC(9) Reference Processing 2.825ms
[2024-12-07T22:49:40.526+0800][1.984s][debug][gc,phases,start   ] GC(9) Weak Processing
[2024-12-07T22:49:40.526+0800][1.984s][debug][gc,phases         ] GC(9) Weak Processing 0.092ms
[2024-12-07T22:49:40.526+0800][1.984s][debug][gc,phases,start   ] GC(9) Class Unloading
[2024-12-07T22:49:40.526+0800][1.984s][debug][gc,phases,start   ] GC(9) ClassLoaderData
[2024-12-07T22:49:40.526+0800][1.984s][debug][gc,phases         ] GC(9) ClassLoaderData 0.092ms
[2024-12-07T22:49:40.526+0800][1.984s][debug][gc,phases,start   ] GC(9) ProtectionDomainCacheTable
[2024-12-07T22:49:40.526+0800][1.984s][debug][gc,phases         ] GC(9) ProtectionDomainCacheTable 0.086ms
[2024-12-07T22:49:40.526+0800][1.985s][info ][gc,stringtable    ] GC(9) Cleaned string and symbol table, strings: 68 processed, 0 removed, symbols: 226 processed, 0 removed
[2024-12-07T22:49:40.526+0800][1.985s][debug][gc,phases         ] GC(9) Class Unloading 0.786ms
[2024-12-07T22:49:40.527+0800][1.985s][debug][gc,phases,start   ] GC(9) Flush Task Caches
[2024-12-07T22:49:40.527+0800][1.985s][debug][gc,stats          ] Mark stats cache hits 13027 misses 107 ratio 99.185
[2024-12-07T22:49:40.527+0800][1.985s][debug][gc,phases         ] GC(9) Flush Task Caches 0.198ms
[2024-12-07T22:49:40.527+0800][1.985s][debug][gc,phases,start   ] GC(9) Update Remembered Set Tracking Before Rebuild
[2024-12-07T22:49:40.527+0800][1.985s][debug][gc,ergo           ] GC(9) Running G1 Update RemSet Tracking Before Rebuild using 2 workers for 504 regions in heap
[2024-12-07T22:49:40.527+0800][1.985s][debug][gc,remset,tracking] GC(9) Remembered Set Tracking update regions total 504, selected 0
[2024-12-07T22:49:40.527+0800][1.985s][debug][gc,phases         ] GC(9) Update Remembered Set Tracking Before Rebuild 0.313ms
[2024-12-07T22:49:40.527+0800][1.986s][debug][gc,phases,start   ] GC(9) Reclaim Empty Regions
[2024-12-07T22:49:40.527+0800][1.986s][debug][gc,phases         ] GC(9) Reclaim Empty Regions 0.168ms
[2024-12-07T22:49:40.528+0800][1.986s][debug][gc,phases,start   ] GC(9) Purge Metaspace
[2024-12-07T22:49:40.528+0800][1.986s][debug][gc,phases         ] GC(9) Purge Metaspace 0.086ms
[2024-12-07T22:49:40.528+0800][1.986s][debug][gc,phases,start   ] GC(9) Report Object Count
[2024-12-07T22:49:40.528+0800][1.986s][debug][gc,phases         ] GC(9) Report Object Count 0.086ms
[2024-12-07T22:49:40.528+0800][1.986s][info ][gc                ] GC(9) Pause Remark 221M->221M(504M) 16.829ms
[2024-12-07T22:49:40.528+0800][1.986s][info ][gc,cpu            ] GC(9) User=0.04s Sys=0.00s Real=0.01s
[2024-12-07T22:49:40.528+0800][1.986s][info ][gc,marking        ] GC(9) Concurrent Rebuild Remembered Sets
[2024-12-07T22:49:40.528+0800][1.987s][info ][gc,marking        ] GC(9) Concurrent Rebuild Remembered Sets 0.290ms
[2024-12-07T22:49:40.529+0800][1.987s][info ][gc,start          ] GC(9) Pause Cleanup
[2024-12-07T22:49:40.529+0800][1.987s][debug][gc,phases,start   ] GC(9) Update Remembered Set Tracking After Rebuild
[2024-12-07T22:49:40.529+0800][1.987s][debug][gc,phases         ] GC(9) Update Remembered Set Tracking After Rebuild 0.093ms
[2024-12-07T22:49:40.529+0800][1.987s][debug][gc,phases,start   ] GC(9) Finalize Concurrent Mark Cleanup
[2024-12-07T22:49:40.529+0800][1.987s][debug][gc,ergo           ] GC(9) request young-only gcs (candidate old regions not available)
[2024-12-07T22:49:40.529+0800][1.987s][debug][gc,phases         ] GC(9) Finalize Concurrent Mark Cleanup 0.282ms
[2024-12-07T22:49:40.529+0800][1.988s][info ][gc                ] GC(9) Pause Cleanup 221M->221M(504M) 0.640ms
[2024-12-07T22:49:40.529+0800][1.988s][info ][gc,cpu            ] GC(9) User=0.00s Sys=0.00s Real=0.01s
[2024-12-07T22:49:40.529+0800][1.988s][info ][gc,marking        ] GC(9) Concurrent Cleanup for Next Mark
[2024-12-07T22:49:40.529+0800][1.988s][debug][gc,ergo           ] GC(9) Running G1 Clear Bitmap with 5 workers for 8 work units.
[2024-12-07T22:49:40.530+0800][1.988s][info ][gc,marking        ] GC(9) Concurrent Cleanup for Next Mark 0.321ms
[2024-12-07T22:49:40.530+0800][1.988s][info ][gc                ] GC(9) Concurrent Cycle 24.236ms
[2024-12-07T22:49:40.609+0800][2.068s][debug][gc,ergo,ihop      ] Request concurrent cycle initiation (occupancy higher than threshold) occupancy: 236978176B allocation request: 1048592B threshold: 236873318B (44.82) source: concurrent humongous allocation
[2024-12-07T22:49:40.610+0800][2.068s][debug][gc,ergo           ] Request concurrent cycle initiation (requested by GC cause). GC cause: G1 Humongous Allocation
[2024-12-07T22:49:40.610+0800][2.068s][debug][gc,heap           ] GC(10) Heap before GC invocations=10 (full 0): garbage-first heap   total 516096K, used 230669K [0x00000000e0000000, 0x0000000100000000)
[2024-12-07T22:49:40.610+0800][2.069s][debug][gc,heap           ] GC(10)   region size 1024K, 2 young (2048K), 1 survivors (1024K)
[2024-12-07T22:49:40.611+0800][2.069s][debug][gc,heap           ] GC(10)  Metaspace       used 644K, capacity 4574K, committed 4864K, reserved 1056768K
[2024-12-07T22:49:40.611+0800][2.069s][debug][gc,heap           ] GC(10)   class space    used 52K, capacity 418K, committed 512K, reserved 1048576K
[2024-12-07T22:49:40.611+0800][2.069s][debug][gc,ergo           ] GC(10) Initiate concurrent cycle (concurrent cycle initiation requested)
[2024-12-07T22:49:40.612+0800][2.070s][info ][gc,start          ] GC(10) Pause Young (Concurrent Start) (G1 Humongous Allocation)
[2024-12-07T22:49:40.612+0800][2.070s][info ][gc,task           ] GC(10) Using 12 workers of 18 for evacuation
[2024-12-07T22:49:40.612+0800][2.071s][debug][gc,tlab           ] GC(10) TLAB totals: thrds: 1  refills: 1 max: 1 slow allocs: 12 max 12 waste: 99.5% gc: 500632B max: 500632B slow: 0B max: 0B fast: 0B max: 0B
[2024-12-07T22:49:40.612+0800][2.071s][debug][gc,alloc,region   ] GC(10) Mutator Allocation stats, regions: 1, wasted size: 0B ( 0.0%)
[2024-12-07T22:49:40.613+0800][2.071s][debug][gc,age            ] GC(10) Desired survivor size 2097152 bytes, new threshold 15 (max threshold 15)
[2024-12-07T22:49:40.613+0800][2.071s][debug][gc,ergo,cset      ] GC(10) Finish choosing CSet. old: 0 regions, predicted old region time: 0.00ms, time remaining: 177.41
[2024-12-07T22:49:40.613+0800][2.071s][debug][gc,task,stats     ] GC(10) GC Termination Stats
[2024-12-07T22:49:40.613+0800][2.072s][debug][gc,task,stats     ] GC(10)      elapsed  --strong roots-- -------termination------- ------waste (KiB)------
[2024-12-07T22:49:40.613+0800][2.072s][debug][gc,task,stats     ] GC(10) thr     ms        ms      %        ms      %    attempts  total   alloc    undo
[2024-12-07T22:49:40.614+0800][2.072s][debug][gc,task,stats     ] GC(10) --- --------- --------- ------ --------- ------ -------- ------- ------- -------
[2024-12-07T22:49:40.621+0800][2.079s][debug][gc,task,stats     ] GC(10)  11      6.85      6.84  99.86      0.00   0.01        1       0       0       0
[2024-12-07T22:49:40.622+0800][2.080s][debug][gc,task,stats     ] GC(10)   9      7.86      1.02  12.97      6.13  77.98       18       0       0       0
[2024-12-07T22:49:40.622+0800][2.080s][debug][gc,task,stats     ] GC(10)  10      8.18      1.78  21.73      5.42  66.27        6       0       0       0
[2024-12-07T22:49:40.622+0800][2.081s][debug][gc,task,stats     ] GC(10)   4      8.52      2.27  26.63      4.96  58.25        1       0       0       0
[2024-12-07T22:49:40.623+0800][2.081s][debug][gc,task,stats     ] GC(10)   5      8.75      1.29  14.73      5.68  64.92       31       0       0       0
[2024-12-07T22:49:40.623+0800][2.081s][debug][gc,task,stats     ] GC(10)   8      9.00      1.07  11.95      5.79  64.34       22       0       0       0
[2024-12-07T22:49:40.623+0800][2.082s][debug][gc,task,stats     ] GC(10)   1      9.45      1.16  12.26      5.81  61.53       14       0       0       0
[2024-12-07T22:49:40.623+0800][2.082s][debug][gc,task,stats     ] GC(10)   2      9.68      1.54  15.88      5.53  57.05       12       0       0       0
[2024-12-07T22:49:40.624+0800][2.082s][debug][gc,task,stats     ] GC(10)   0      9.97      2.03  20.35      5.13  51.43        3       0       0       0
[2024-12-07T22:49:40.624+0800][2.082s][debug][gc,task,stats     ] GC(10)   7     10.06      1.65  16.44      5.29  52.57        9       0       0       0
[2024-12-07T22:49:40.624+0800][2.083s][debug][gc,task,stats     ] GC(10)   6     10.33      1.17  11.28      5.58  54.04       37       0       0       0
[2024-12-07T22:49:40.624+0800][2.083s][debug][gc,task,stats     ] GC(10)   3     10.51      2.61  24.80      4.42  42.00        1       0       0       0
[2024-12-07T22:49:40.625+0800][2.083s][debug][gc,ergo           ] GC(10) Running G1 Clear Card Table Task using 1 workers for 1 units of work for 3 regions.
[2024-12-07T22:49:40.625+0800][2.083s][debug][gc,ref            ] GC(10) Skipped phase1 of Reference Processing due to unavailable references
[2024-12-07T22:49:40.625+0800][2.083s][debug][gc,ref            ] GC(10) Skipped phase3 of Reference Processing due to unavailable references
[2024-12-07T22:49:40.625+0800][2.083s][debug][gc,ergo           ] GC(10) Running G1 Free Collection Set using 1 workers for collection set length 2
[2024-12-07T22:49:40.625+0800][2.084s][debug][gc,humongous      ] GC(10) Live humongous region 0 object size 1048592 start 0x00000000e0000000  with remset 0 code roots 0 is marked 0 reclaim candidate 0 type array 1
[2024-12-07T22:49:40.625+0800][2.084s][debug][gc,humongous      ] GC(10) Live humongous region 2 object size 1048592 start 0x00000000e0200000  with remset 0 code roots 0 is marked 0 reclaim candidate 0 type array 1
[2024-12-07T22:49:40.626+0800][2.084s][debug][gc,humongous      ] GC(10) Live humongous region 4 object size 1048592 start 0x00000000e0400000  with remset 0 code roots 0 is marked 0 reclaim candidate 0 type array 1
[2024-12-07T22:49:40.626+0800][2.084s][debug][gc,humongous      ] GC(10) Live humongous region 6 object size 1048592 start 0x00000000e0600000  with remset 0 code roots 0 is marked 0 reclaim candidate 0 type array 1
[2024-12-07T22:49:40.626+0800][2.084s][debug][gc,humongous      ] GC(10) Live humongous region 8 object size 1048592 start 0x00000000e0800000  with remset 0 code roots 0 is marked 0 reclaim candidate 0 type array 1
[2024-12-07T22:49:40.626+0800][2.084s][debug][gc,humongous      ] GC(10) Live humongous region 10 object size 1048592 start 0x00000000e0a00000  with remset 0 code roots 0 is marked 0 reclaim candidate 0 type array 1
[2024-12-07T22:49:40.626+0800][2.085s][debug][gc,humongous      ] GC(10) Live humongous region 12 object size 1048592 start 0x00000000e0c00000  with remset 0 code roots 0 is marked 0 reclaim candidate 0 type array 1
[2024-12-07T22:49:40.626+0800][2.085s][debug][gc,humongous      ] GC(10) Live humongous region 14 object size 1048592 start 0x00000000e0e00000  with remset 0 code roots 0 is marked 0 reclaim candidate 0 type array 1
[2024-12-07T22:49:40.626+0800][2.085s][debug][gc,humongous      ] GC(10) Live humongous region 16 object size 1048592 start 0x00000000e1000000  with remset 0 code roots 0 is marked 0 reclaim candidate 0 type array 1
[2024-12-07T22:49:40.627+0800][2.085s][debug][gc,humongous      ] GC(10) Live humongous region 18 object size 1048592 start 0x00000000e1200000  with remset 0 code roots 0 is marked 0 reclaim candidate 0 type array 1
[2024-12-07T22:49:40.627+0800][2.085s][debug][gc,humongous      ] GC(10) Live humongous region 20 object size 1048592 start 0x00000000e1400000  with remset 0 code roots 0 is marked 0 reclaim candidate 0 type array 1
[2024-12-07T22:49:40.627+0800][2.085s][debug][gc,humongous      ] GC(10) Live humongous region 22 object size 1048592 start 0x00000000e1600000  with remset 0 code roots 0 is marked 0 reclaim candidate 0 type array 1
[2024-12-07T22:49:40.627+0800][2.085s][debug][gc,humongous      ] GC(10) Live humongous region 24 object size 1048592 start 0x00000000e1800000  with remset 0 code roots 0 is marked 0 reclaim candidate 0 type array 1
[2024-12-07T22:49:40.627+0800][2.085s][debug][gc,humongous      ] GC(10) Live humongous region 26 object size 1048592 start 0x00000000e1a00000  with remset 0 code roots 0 is marked 0 reclaim candidate 0 type array 1
[2024-12-07T22:49:40.627+0800][2.085s][debug][gc,humongous      ] GC(10) Live humongous region 28 object size 1048592 start 0x00000000e1c00000  with remset 0 code roots 0 is marked 0 reclaim candidate 0 type array 1
[2024-12-07T22:49:40.627+0800][2.085s][debug][gc,humongous      ] GC(10) Live humongous region 30 object size 1048592 start 0x00000000e1e00000  with remset 0 code roots 0 is marked 0 reclaim candidate 0 type array 1
[2024-12-07T22:49:40.627+0800][2.086s][debug][gc,humongous      ] GC(10) Live humongous region 32 object size 1048592 start 0x00000000e2000000  with remset 0 code roots 0 is marked 0 reclaim candidate 0 type array 1
[2024-12-07T22:49:40.627+0800][2.086s][debug][gc,humongous      ] GC(10) Live humongous region 34 object size 1048592 start 0x00000000e2200000  with remset 0 code roots 0 is marked 0 reclaim candidate 0 type array 1
[2024-12-07T22:49:40.627+0800][2.086s][debug][gc,humongous      ] GC(10) Live humongous region 36 object size 1048592 start 0x00000000e2400000  with remset 0 code roots 0 is marked 0 reclaim candidate 0 type array 1
[2024-12-07T22:49:40.628+0800][2.086s][debug][gc,humongous      ] GC(10) Live humongous region 38 object size 1048592 start 0x00000000e2600000  with remset 0 code roots 0 is marked 0 reclaim candidate 0 type array 1
[2024-12-07T22:49:40.628+0800][2.086s][debug][gc,humongous      ] GC(10) Live humongous region 40 object size 1048592 start 0x00000000e2800000  with remset 0 code roots 0 is marked 0 reclaim candidate 0 type array 1
[2024-12-07T22:49:40.628+0800][2.086s][debug][gc,humongous      ] GC(10) Live humongous region 42 object size 1048592 start 0x00000000e2a00000  with remset 0 code roots 0 is marked 0 reclaim candidate 0 type array 1
[2024-12-07T22:49:40.628+0800][2.086s][debug][gc,humongous      ] GC(10) Live humongous region 44 object size 1048592 start 0x00000000e2c00000  with remset 0 code roots 0 is marked 0 reclaim candidate 0 type array 1
[2024-12-07T22:49:40.628+0800][2.086s][debug][gc,humongous      ] GC(10) Live humongous region 46 object size 1048592 start 0x00000000e2e00000  with remset 0 code roots 0 is marked 0 reclaim candidate 0 type array 1
[2024-12-07T22:49:40.628+0800][2.086s][debug][gc,humongous      ] GC(10) Live humongous region 48 object size 1048592 start 0x00000000e3000000  with remset 0 code roots 0 is marked 0 reclaim candidate 0 type array 1
[2024-12-07T22:49:40.628+0800][2.087s][debug][gc,humongous      ] GC(10) Live humongous region 50 object size 1048592 start 0x00000000e3200000  with remset 0 code roots 0 is marked 0 reclaim candidate 0 type array 1
[2024-12-07T22:49:40.628+0800][2.087s][debug][gc,humongous      ] GC(10) Live humongous region 52 object size 1048592 start 0x00000000e3400000  with remset 0 code roots 0 is marked 0 reclaim candidate 0 type array 1
[2024-12-07T22:49:40.628+0800][2.087s][debug][gc,humongous      ] GC(10) Live humongous region 54 object size 1048592 start 0x00000000e3600000  with remset 0 code roots 0 is marked 0 reclaim candidate 0 type array 1
[2024-12-07T22:49:40.629+0800][2.087s][debug][gc,humongous      ] GC(10) Live humongous region 56 object size 1048592 start 0x00000000e3800000  with remset 0 code roots 0 is marked 0 reclaim candidate 0 type array 1
[2024-12-07T22:49:40.629+0800][2.087s][debug][gc,humongous      ] GC(10) Live humongous region 58 object size 1048592 start 0x00000000e3a00000  with remset 0 code roots 0 is marked 0 reclaim candidate 0 type array 1
[2024-12-07T22:49:40.629+0800][2.087s][debug][gc,humongous      ] GC(10) Live humongous region 60 object size 1048592 start 0x00000000e3c00000  with remset 0 code roots 0 is marked 0 reclaim candidate 0 type array 1
[2024-12-07T22:49:40.629+0800][2.087s][debug][gc,humongous      ] GC(10) Live humongous region 62 object size 1048592 start 0x00000000e3e00000  with remset 0 code roots 0 is marked 0 reclaim candidate 0 type array 1
[2024-12-07T22:49:40.629+0800][2.088s][debug][gc,humongous      ] GC(10) Live humongous region 64 object size 1048592 start 0x00000000e4000000  with remset 0 code roots 0 is marked 0 reclaim candidate 0 type array 1
[2024-12-07T22:49:40.629+0800][2.088s][debug][gc,humongous      ] GC(10) Live humongous region 66 object size 1048592 start 0x00000000e4200000  with remset 0 code roots 0 is marked 0 reclaim candidate 0 type array 1
[2024-12-07T22:49:40.630+0800][2.088s][debug][gc,humongous      ] GC(10) Live humongous region 68 object size 1048592 start 0x00000000e4400000  with remset 0 code roots 0 is marked 0 reclaim candidate 0 type array 1
[2024-12-07T22:49:40.630+0800][2.088s][debug][gc,humongous      ] GC(10) Live humongous region 70 object size 1048592 start 0x00000000e4600000  with remset 0 code roots 0 is marked 0 reclaim candidate 0 type array 1
[2024-12-07T22:49:40.630+0800][2.088s][debug][gc,humongous      ] GC(10) Live humongous region 72 object size 1048592 start 0x00000000e4800000  with remset 0 code roots 0 is marked 0 reclaim candidate 0 type array 1
[2024-12-07T22:49:40.630+0800][2.088s][debug][gc,humongous      ] GC(10) Live humongous region 74 object size 1048592 start 0x00000000e4a00000  with remset 0 code roots 0 is marked 0 reclaim candidate 0 type array 1
[2024-12-07T22:49:40.630+0800][2.088s][debug][gc,humongous      ] GC(10) Live humongous region 76 object size 1048592 start 0x00000000e4c00000  with remset 0 code roots 0 is marked 0 reclaim candidate 0 type array 1
[2024-12-07T22:49:40.630+0800][2.088s][debug][gc,humongous      ] GC(10) Live humongous region 78 object size 1048592 start 0x00000000e4e00000  with remset 0 code roots 0 is marked 0 reclaim candidate 0 type array 1
[2024-12-07T22:49:40.630+0800][2.089s][debug][gc,humongous      ] GC(10) Live humongous region 80 object size 1048592 start 0x00000000e5000000  with remset 0 code roots 0 is marked 0 reclaim candidate 0 type array 1
[2024-12-07T22:49:40.630+0800][2.089s][debug][gc,humongous      ] GC(10) Live humongous region 82 object size 1048592 start 0x00000000e5200000  with remset 0 code roots 0 is marked 0 reclaim candidate 0 type array 1
[2024-12-07T22:49:40.630+0800][2.089s][debug][gc,humongous      ] GC(10) Live humongous region 84 object size 1048592 start 0x00000000e5400000  with remset 0 code roots 0 is marked 0 reclaim candidate 0 type array 1
[2024-12-07T22:49:40.631+0800][2.089s][debug][gc,humongous      ] GC(10) Live humongous region 86 object size 1048592 start 0x00000000e5600000  with remset 0 code roots 0 is marked 0 reclaim candidate 0 type array 1
[2024-12-07T22:49:40.631+0800][2.089s][debug][gc,humongous      ] GC(10) Live humongous region 88 object size 1048592 start 0x00000000e5800000  with remset 0 code roots 0 is marked 0 reclaim candidate 0 type array 1
[2024-12-07T22:49:40.631+0800][2.089s][debug][gc,humongous      ] GC(10) Live humongous region 90 object size 1048592 start 0x00000000e5a00000  with remset 0 code roots 0 is marked 0 reclaim candidate 0 type array 1
[2024-12-07T22:49:40.631+0800][2.089s][debug][gc,humongous      ] GC(10) Live humongous region 92 object size 1048592 start 0x00000000e5c00000  with remset 0 code roots 0 is marked 0 reclaim candidate 0 type array 1
[2024-12-07T22:49:40.631+0800][2.089s][debug][gc,humongous      ] GC(10) Live humongous region 94 object size 1048592 start 0x00000000e5e00000  with remset 0 code roots 0 is marked 0 reclaim candidate 0 type array 1
[2024-12-07T22:49:40.631+0800][2.090s][debug][gc,humongous      ] GC(10) Live humongous region 96 object size 1048592 start 0x00000000e6000000  with remset 0 code roots 0 is marked 0 reclaim candidate 0 type array 1
[2024-12-07T22:49:40.631+0800][2.090s][debug][gc,humongous      ] GC(10) Live humongous region 98 object size 1048592 start 0x00000000e6200000  with remset 0 code roots 0 is marked 0 reclaim candidate 0 type array 1
[2024-12-07T22:49:40.631+0800][2.090s][debug][gc,humongous      ] GC(10) Live humongous region 100 object size 1048592 start 0x00000000e6400000  with remset 0 code roots 0 is marked 0 reclaim candidate 0 type array 1
[2024-12-07T22:49:40.632+0800][2.090s][debug][gc,humongous      ] GC(10) Live humongous region 102 object size 1048592 start 0x00000000e6600000  with remset 0 code roots 0 is marked 0 reclaim candidate 0 type array 1
[2024-12-07T22:49:40.632+0800][2.090s][debug][gc,humongous      ] GC(10) Live humongous region 104 object size 1048592 start 0x00000000e6800000  with remset 0 code roots 0 is marked 0 reclaim candidate 0 type array 1
[2024-12-07T22:49:40.632+0800][2.090s][debug][gc,humongous      ] GC(10) Live humongous region 106 object size 1048592 start 0x00000000e6a00000  with remset 0 code roots 0 is marked 0 reclaim candidate 0 type array 1
[2024-12-07T22:49:40.632+0800][2.090s][debug][gc,humongous      ] GC(10) Live humongous region 108 object size 1048592 start 0x00000000e6c00000  with remset 0 code roots 0 is marked 0 reclaim candidate 0 type array 1
[2024-12-07T22:49:40.632+0800][2.090s][debug][gc,humongous      ] GC(10) Live humongous region 110 object size 1048592 start 0x00000000e6e00000  with remset 0 code roots 0 is marked 0 reclaim candidate 0 type array 1
[2024-12-07T22:49:40.632+0800][2.090s][debug][gc,humongous      ] GC(10) Live humongous region 112 object size 1048592 start 0x00000000e7000000  with remset 0 code roots 0 is marked 0 reclaim candidate 0 type array 1
[2024-12-07T22:49:40.632+0800][2.091s][debug][gc,humongous      ] GC(10) Live humongous region 114 object size 1048592 start 0x00000000e7200000  with remset 0 code roots 0 is marked 0 reclaim candidate 0 type array 1
[2024-12-07T22:49:40.632+0800][2.091s][debug][gc,humongous      ] GC(10) Live humongous region 116 object size 1048592 start 0x00000000e7400000  with remset 0 code roots 0 is marked 0 reclaim candidate 0 type array 1
[2024-12-07T22:49:40.632+0800][2.091s][debug][gc,humongous      ] GC(10) Live humongous region 118 object size 1048592 start 0x00000000e7600000  with remset 0 code roots 0 is marked 0 reclaim candidate 0 type array 1
[2024-12-07T22:49:40.633+0800][2.091s][debug][gc,humongous      ] GC(10) Dead humongous region 120 object size 1048592 start 0x00000000e7800000 with remset 0 code roots 0 is marked 0 reclaim candidate 1 type array 1
[2024-12-07T22:49:40.633+0800][2.091s][debug][gc,humongous      ] GC(10) Dead humongous region 122 object size 1048592 start 0x00000000e7a00000 with remset 0 code roots 0 is marked 0 reclaim candidate 1 type array 1
[2024-12-07T22:49:40.633+0800][2.091s][debug][gc,humongous      ] GC(10) Dead humongous region 124 object size 1048592 start 0x00000000e7c00000 with remset 0 code roots 0 is marked 0 reclaim candidate 1 type array 1
[2024-12-07T22:49:40.633+0800][2.091s][debug][gc,humongous      ] GC(10) Dead humongous region 126 object size 1048592 start 0x00000000e7e00000 with remset 0 code roots 0 is marked 0 reclaim candidate 1 type array 1
[2024-12-07T22:49:40.633+0800][2.091s][debug][gc,humongous      ] GC(10) Dead humongous region 128 object size 1048592 start 0x00000000e8000000 with remset 0 code roots 0 is marked 0 reclaim candidate 1 type array 1
[2024-12-07T22:49:40.633+0800][2.091s][debug][gc,humongous      ] GC(10) Dead humongous region 130 object size 1048592 start 0x00000000e8200000 with remset 0 code roots 0 is marked 0 reclaim candidate 1 type array 1
[2024-12-07T22:49:40.633+0800][2.091s][debug][gc,humongous      ] GC(10) Dead humongous region 132 object size 1048592 start 0x00000000e8400000 with remset 0 code roots 0 is marked 0 reclaim candidate 1 type array 1
[2024-12-07T22:49:40.633+0800][2.092s][debug][gc,humongous      ] GC(10) Dead humongous region 134 object size 1048592 start 0x00000000e8600000 with remset 0 code roots 0 is marked 0 reclaim candidate 1 type array 1
[2024-12-07T22:49:40.633+0800][2.092s][debug][gc,humongous      ] GC(10) Dead humongous region 136 object size 1048592 start 0x00000000e8800000 with remset 0 code roots 0 is marked 0 reclaim candidate 1 type array 1
[2024-12-07T22:49:40.633+0800][2.092s][debug][gc,humongous      ] GC(10) Dead humongous region 138 object size 1048592 start 0x00000000e8a00000 with remset 0 code roots 0 is marked 0 reclaim candidate 1 type array 1
[2024-12-07T22:49:40.634+0800][2.092s][debug][gc,humongous      ] GC(10) Dead humongous region 140 object size 1048592 start 0x00000000e8c00000 with remset 0 code roots 0 is marked 0 reclaim candidate 1 type array 1
[2024-12-07T22:49:40.634+0800][2.092s][debug][gc,humongous      ] GC(10) Dead humongous region 142 object size 1048592 start 0x00000000e8e00000 with remset 0 code roots 0 is marked 0 reclaim candidate 1 type array 1
[2024-12-07T22:49:40.634+0800][2.092s][debug][gc,humongous      ] GC(10) Live humongous region 144 object size 1048592 start 0x00000000e9000000  with remset 0 code roots 0 is marked 0 reclaim candidate 0 type array 1
[2024-12-07T22:49:40.634+0800][2.092s][debug][gc,humongous      ] GC(10) Live humongous region 146 object size 1048592 start 0x00000000e9200000  with remset 0 code roots 0 is marked 0 reclaim candidate 0 type array 1
[2024-12-07T22:49:40.634+0800][2.092s][debug][gc,humongous      ] GC(10) Live humongous region 148 object size 1048592 start 0x00000000e9400000  with remset 0 code roots 0 is marked 0 reclaim candidate 0 type array 1
[2024-12-07T22:49:40.634+0800][2.092s][debug][gc,humongous      ] GC(10) Live humongous region 150 object size 1048592 start 0x00000000e9600000  with remset 0 code roots 0 is marked 0 reclaim candidate 0 type array 1
[2024-12-07T22:49:40.634+0800][2.092s][debug][gc,humongous      ] GC(10) Live humongous region 152 object size 1048592 start 0x00000000e9800000  with remset 0 code roots 0 is marked 0 reclaim candidate 0 type array 1
[2024-12-07T22:49:40.634+0800][2.093s][debug][gc,humongous      ] GC(10) Live humongous region 154 object size 1048592 start 0x00000000e9a00000  with remset 0 code roots 0 is marked 0 reclaim candidate 0 type array 1
[2024-12-07T22:49:40.634+0800][2.093s][debug][gc,humongous      ] GC(10) Live humongous region 156 object size 1048592 start 0x00000000e9c00000  with remset 0 code roots 0 is marked 0 reclaim candidate 0 type array 1
[2024-12-07T22:49:40.634+0800][2.093s][debug][gc,humongous      ] GC(10) Live humongous region 158 object size 1048592 start 0x00000000e9e00000  with remset 0 code roots 0 is marked 0 reclaim candidate 0 type array 1
[2024-12-07T22:49:40.635+0800][2.093s][debug][gc,humongous      ] GC(10) Live humongous region 160 object size 1048592 start 0x00000000ea000000  with remset 0 code roots 0 is marked 0 reclaim candidate 0 type array 1
[2024-12-07T22:49:40.635+0800][2.093s][debug][gc,humongous      ] GC(10) Live humongous region 162 object size 1048592 start 0x00000000ea200000  with remset 0 code roots 0 is marked 0 reclaim candidate 0 type array 1
[2024-12-07T22:49:40.635+0800][2.093s][debug][gc,humongous      ] GC(10) Live humongous region 164 object size 1048592 start 0x00000000ea400000  with remset 0 code roots 0 is marked 0 reclaim candidate 0 type array 1
[2024-12-07T22:49:40.635+0800][2.093s][debug][gc,humongous      ] GC(10) Live humongous region 166 object size 1048592 start 0x00000000ea600000  with remset 0 code roots 0 is marked 0 reclaim candidate 0 type array 1
[2024-12-07T22:49:40.635+0800][2.093s][debug][gc,humongous      ] GC(10) Live humongous region 168 object size 1048592 start 0x00000000ea800000  with remset 0 code roots 0 is marked 0 reclaim candidate 0 type array 1
[2024-12-07T22:49:40.635+0800][2.093s][debug][gc,humongous      ] GC(10) Live humongous region 170 object size 1048592 start 0x00000000eaa00000  with remset 0 code roots 0 is marked 0 reclaim candidate 0 type array 1
[2024-12-07T22:49:40.635+0800][2.093s][debug][gc,humongous      ] GC(10) Live humongous region 172 object size 1048592 start 0x00000000eac00000  with remset 0 code roots 0 is marked 0 reclaim candidate 0 type array 1
[2024-12-07T22:49:40.635+0800][2.094s][debug][gc,humongous      ] GC(10) Live humongous region 174 object size 1048592 start 0x00000000eae00000  with remset 0 code roots 0 is marked 0 reclaim candidate 0 type array 1
[2024-12-07T22:49:40.635+0800][2.094s][debug][gc,humongous      ] GC(10) Live humongous region 176 object size 1048592 start 0x00000000eb000000  with remset 0 code roots 0 is marked 0 reclaim candidate 0 type array 1
[2024-12-07T22:49:40.635+0800][2.094s][debug][gc,humongous      ] GC(10) Live humongous region 178 object size 1048592 start 0x00000000eb200000  with remset 0 code roots 0 is marked 0 reclaim candidate 0 type array 1
[2024-12-07T22:49:40.636+0800][2.094s][debug][gc,humongous      ] GC(10) Live humongous region 180 object size 1048592 start 0x00000000eb400000  with remset 0 code roots 0 is marked 0 reclaim candidate 0 type array 1
[2024-12-07T22:49:40.636+0800][2.094s][debug][gc,humongous      ] GC(10) Live humongous region 182 object size 1048592 start 0x00000000eb600000  with remset 0 code roots 0 is marked 0 reclaim candidate 0 type array 1
[2024-12-07T22:49:40.636+0800][2.094s][debug][gc,humongous      ] GC(10) Live humongous region 184 object size 1048592 start 0x00000000eb800000  with remset 0 code roots 0 is marked 0 reclaim candidate 0 type array 1
[2024-12-07T22:49:40.636+0800][2.094s][debug][gc,humongous      ] GC(10) Live humongous region 186 object size 1048592 start 0x00000000eba00000  with remset 0 code roots 0 is marked 0 reclaim candidate 0 type array 1
[2024-12-07T22:49:40.636+0800][2.094s][debug][gc,humongous      ] GC(10) Live humongous region 188 object size 1048592 start 0x00000000ebc00000  with remset 0 code roots 0 is marked 0 reclaim candidate 0 type array 1
[2024-12-07T22:49:40.636+0800][2.094s][debug][gc,humongous      ] GC(10) Live humongous region 190 object size 1048592 start 0x00000000ebe00000  with remset 0 code roots 0 is marked 0 reclaim candidate 0 type array 1
[2024-12-07T22:49:40.636+0800][2.094s][debug][gc,humongous      ] GC(10) Live humongous region 192 object size 1048592 start 0x00000000ec000000  with remset 0 code roots 0 is marked 0 reclaim candidate 0 type array 1
[2024-12-07T22:49:40.636+0800][2.095s][debug][gc,humongous      ] GC(10) Live humongous region 194 object size 1048592 start 0x00000000ec200000  with remset 0 code roots 0 is marked 0 reclaim candidate 0 type array 1
[2024-12-07T22:49:40.636+0800][2.095s][debug][gc,humongous      ] GC(10) Live humongous region 196 object size 1048592 start 0x00000000ec400000  with remset 0 code roots 0 is marked 0 reclaim candidate 0 type array 1
[2024-12-07T22:49:40.636+0800][2.095s][debug][gc,humongous      ] GC(10) Live humongous region 198 object size 1048592 start 0x00000000ec600000  with remset 0 code roots 0 is marked 0 reclaim candidate 0 type array 1
[2024-12-07T22:49:40.637+0800][2.095s][debug][gc,humongous      ] GC(10) Live humongous region 200 object size 1048592 start 0x00000000ec800000  with remset 0 code roots 0 is marked 0 reclaim candidate 0 type array 1
[2024-12-07T22:49:40.637+0800][2.095s][debug][gc,humongous      ] GC(10) Live humongous region 202 object size 1048592 start 0x00000000eca00000  with remset 0 code roots 0 is marked 0 reclaim candidate 0 type array 1
[2024-12-07T22:49:40.637+0800][2.095s][debug][gc,humongous      ] GC(10) Live humongous region 204 object size 1048592 start 0x00000000ecc00000  with remset 0 code roots 0 is marked 0 reclaim candidate 0 type array 1
[2024-12-07T22:49:40.637+0800][2.095s][debug][gc,humongous      ] GC(10) Live humongous region 206 object size 1048592 start 0x00000000ece00000  with remset 0 code roots 0 is marked 0 reclaim candidate 0 type array 1
[2024-12-07T22:49:40.637+0800][2.095s][debug][gc,humongous      ] GC(10) Live humongous region 208 object size 1048592 start 0x00000000ed000000  with remset 0 code roots 0 is marked 0 reclaim candidate 0 type array 1
[2024-12-07T22:49:40.637+0800][2.095s][debug][gc,humongous      ] GC(10) Live humongous region 210 object size 1048592 start 0x00000000ed200000  with remset 0 code roots 0 is marked 0 reclaim candidate 0 type array 1
[2024-12-07T22:49:40.637+0800][2.095s][debug][gc,humongous      ] GC(10) Live humongous region 212 object size 1048592 start 0x00000000ed400000  with remset 0 code roots 0 is marked 0 reclaim candidate 0 type array 1
[2024-12-07T22:49:40.637+0800][2.096s][debug][gc,humongous      ] GC(10) Live humongous region 214 object size 1048592 start 0x00000000ed600000  with remset 0 code roots 0 is marked 0 reclaim candidate 0 type array 1
[2024-12-07T22:49:40.637+0800][2.096s][debug][gc,humongous      ] GC(10) Live humongous region 216 object size 1048592 start 0x00000000ed800000  with remset 0 code roots 0 is marked 0 reclaim candidate 0 type array 1
[2024-12-07T22:49:40.637+0800][2.096s][debug][gc,humongous      ] GC(10) Live humongous region 218 object size 1048592 start 0x00000000eda00000  with remset 0 code roots 0 is marked 0 reclaim candidate 0 type array 1
[2024-12-07T22:49:40.638+0800][2.096s][debug][gc,humongous      ] GC(10) Live humongous region 220 object size 1048592 start 0x00000000edc00000  with remset 0 code roots 0 is marked 0 reclaim candidate 0 type array 1
[2024-12-07T22:49:40.638+0800][2.096s][debug][gc,humongous      ] GC(10) Live humongous region 222 object size 1048592 start 0x00000000ede00000  with remset 0 code roots 0 is marked 0 reclaim candidate 0 type array 1
[2024-12-07T22:49:40.638+0800][2.096s][debug][gc,plab           ] GC(10) Young PLAB allocation: allocated: 547584B, wasted: 2216B, unused: 63840B, used: 481528B, undo waste: 0B, 
[2024-12-07T22:49:40.638+0800][2.096s][debug][gc,plab           ] GC(10) Young other allocation: region end waste: 0B, regions filled: 1, direct allocated: 66672B, failure used: 0B, failure wasted: 0B
[2024-12-07T22:49:40.638+0800][2.096s][debug][gc,plab           ] GC(10) Young sizing: calculated: 96304B, actual: 96032B
[2024-12-07T22:49:40.638+0800][2.096s][debug][gc,plab           ] GC(10) Old PLAB allocation: allocated: 0B, wasted: 0B, unused: 0B, used: 0B, undo waste: 0B, 
[2024-12-07T22:49:40.638+0800][2.097s][debug][gc,plab           ] GC(10) Old other allocation: region end waste: 0B, regions filled: 0, direct allocated: 0B, failure used: 0B, failure wasted: 0B
[2024-12-07T22:49:40.638+0800][2.097s][debug][gc,plab           ] GC(10) Old sizing: calculated: 0B, actual: 2064B
[2024-12-07T22:49:40.638+0800][2.097s][debug][gc,alloc,stats    ] Old generation allocation in the last mutator period, old gen allocated: 0B, humongous allocated: 25165824B,old gen growth: 0B.
[2024-12-07T22:49:40.639+0800][2.097s][debug][gc,ihop           ] GC(10) Basic information (value update), threshold: 236873318B (45.00), target occupancy: 526385152B, current occupancy: 211066736B, recent allocation size: 25165824B, recent allocation duration: 96.99ms, recent old gen allocation rate: 259462051.58B/s, recent marking phase length: 0.00ms
[2024-12-07T22:49:40.639+0800][2.097s][debug][gc,ihop           ] GC(10) Adaptive IHOP information (value update), threshold: 236873318B (51.91), internal target occupancy: 456340275B, occupancy: 211066736B, additional buffer size: 26214400B, predicted old gen allocation rate: 161178867.41B/s, predicted marking phase length: 0.00ms, prediction active: false
[2024-12-07T22:49:40.639+0800][2.097s][debug][gc,ergo,refine    ] GC(10) Updated Refinement Zones: green: 18, yellow: 54, red: 90
[2024-12-07T22:49:40.639+0800][2.097s][info ][gc,phases         ] GC(10)   Pre Evacuate Collection Set: 0.2ms
[2024-12-07T22:49:40.639+0800][2.097s][debug][gc,phases         ] GC(10)     Prepare TLABs: 0.2ms
[2024-12-07T22:49:40.639+0800][2.097s][debug][gc,phases         ] GC(10)     Choose Collection Set: 0.2ms
[2024-12-07T22:49:40.639+0800][2.098s][debug][gc,phases         ] GC(10)     Humongous Register: 0.0ms
[2024-12-07T22:49:40.639+0800][2.098s][debug][gc,phases         ] GC(10)     Clear Claimed Marks: 0.0ms
[2024-12-07T22:49:40.639+0800][2.098s][info ][gc,phases         ] GC(10)   Evacuate Collection Set: 11.6ms
[2024-12-07T22:49:40.640+0800][2.098s][debug][gc,phases         ] GC(10)     Ext Root Scanning (ms):   Min:  0.1, Avg:  0.6, Max:  1.0, Diff:  0.9, Sum:  7.2, Workers: 12
[2024-12-07T22:49:40.640+0800][2.098s][debug][gc,phases         ] GC(10)     Update RS (ms):           Min:  0.0, Avg:  0.5, Max:  1.7, Diff:  1.7, Sum:  6.6, Workers: 12
[2024-12-07T22:49:40.640+0800][2.098s][debug][gc,phases         ] GC(10)       Processed Buffers:        Min: 0, Avg:  0.9, Max: 2, Diff: 2, Sum: 11, Workers: 12
[2024-12-07T22:49:40.640+0800][2.098s][debug][gc,phases         ] GC(10)       Scanned Cards:            Min: 0, Avg: 23.3, Max: 70, Diff: 70, Sum: 280, Workers: 12
[2024-12-07T22:49:40.640+0800][2.098s][debug][gc,phases         ] GC(10)       Skipped Cards:            Min: 0, Avg:  7.5, Max: 24, Diff: 24, Sum: 90, Workers: 12
[2024-12-07T22:49:40.640+0800][2.099s][debug][gc,phases         ] GC(10)     Scan RS (ms):             Min:  0.0, Avg:  0.8, Max:  5.9, Diff:  5.9, Sum:  9.4, Workers: 12
[2024-12-07T22:49:40.640+0800][2.099s][debug][gc,phases         ] GC(10)       Scanned Cards:            Min: 0, Avg: 19.6, Max: 63, Diff: 63, Sum: 235, Workers: 12
[2024-12-07T22:49:40.640+0800][2.099s][debug][gc,phases         ] GC(10)       Claimed Cards:            Min: 0, Avg: 23.3, Max: 64, Diff: 64, Sum: 280, Workers: 12
[2024-12-07T22:49:40.640+0800][2.099s][debug][gc,phases         ] GC(10)       Skipped Cards:            Min: 0, Avg: 140.0, Max: 280, Diff: 280, Sum: 1680, Workers: 12
[2024-12-07T22:49:40.641+0800][2.099s][debug][gc,phases         ] GC(10)     Code Root Scanning (ms):  Min:  0.0, Avg:  0.0, Max:  0.1, Diff:  0.1, Sum:  0.1, Workers: 12
[2024-12-07T22:49:40.641+0800][2.099s][debug][gc,phases         ] GC(10)     AOT Root Scanning (ms):   skipped
[2024-12-07T22:49:40.641+0800][2.099s][debug][gc,phases         ] GC(10)     Object Copy (ms):         Min:  0.0, Avg:  0.2, Max:  0.6, Diff:  0.6, Sum:  2.5, Workers: 12
[2024-12-07T22:49:40.641+0800][2.099s][debug][gc,phases         ] GC(10)     Termination (ms):         Min:  0.0, Avg:  5.0, Max:  6.1, Diff:  6.1, Sum: 59.7, Workers: 12
[2024-12-07T22:49:40.641+0800][2.099s][debug][gc,phases         ] GC(10)       Termination Attempts:     Min: 1, Avg: 12.9, Max: 37, Diff: 36, Sum: 155, Workers: 12
[2024-12-07T22:49:40.641+0800][2.099s][debug][gc,phases         ] GC(10)     GC Worker Other (ms):     Min:  0.8, Avg:  2.3, Max:  3.7, Diff:  2.9, Sum: 27.3, Workers: 12
[2024-12-07T22:49:40.641+0800][2.099s][debug][gc,phases         ] GC(10)     GC Worker Total (ms):     Min:  7.8, Avg:  9.4, Max: 10.7, Diff:  2.9, Sum: 112.8, Workers: 12
[2024-12-07T22:49:40.641+0800][2.100s][info ][gc,phases         ] GC(10)   Post Evacuate Collection Set: 13.2ms
[2024-12-07T22:49:40.641+0800][2.100s][debug][gc,phases         ] GC(10)     Code Roots Fixup: 0.0ms
[2024-12-07T22:49:40.641+0800][2.100s][debug][gc,phases         ] GC(10)     Clear Card Table: 0.1ms
[2024-12-07T22:49:40.641+0800][2.100s][debug][gc,phases         ] GC(10)     Reference Processing: 0.3ms
[2024-12-07T22:49:40.642+0800][2.100s][debug][gc,phases,ref     ] GC(10)       Reconsider SoftReferences: 0.2ms
[2024-12-07T22:49:40.642+0800][2.100s][debug][gc,phases,ref     ] GC(10)         SoftRef (ms):             skipped
[2024-12-07T22:49:40.642+0800][2.100s][debug][gc,phases,ref     ] GC(10)       Notify Soft/WeakReferences: 0.0ms
[2024-12-07T22:49:40.642+0800][2.100s][debug][gc,phases,ref     ] GC(10)         SoftRef (ms):             Min:  0.0, Avg:  0.0, Max:  0.0, Diff:  0.0, Sum:  0.0, Workers: 1
[2024-12-07T22:49:40.642+0800][2.100s][debug][gc,phases,ref     ] GC(10)         WeakRef (ms):             Min:  0.0, Avg:  0.0, Max:  0.0, Diff:  0.0, Sum:  0.0, Workers: 1
[2024-12-07T22:49:40.642+0800][2.100s][debug][gc,phases,ref     ] GC(10)         FinalRef (ms):            Min:  0.0, Avg:  0.0, Max:  0.0, Diff:  0.0, Sum:  0.0, Workers: 1
[2024-12-07T22:49:40.642+0800][2.100s][debug][gc,phases,ref     ] GC(10)         Total (ms):               Min:  0.0, Avg:  0.0, Max:  0.0, Diff:  0.0, Sum:  0.0, Workers: 1
[2024-12-07T22:49:40.642+0800][2.101s][debug][gc,phases,ref     ] GC(10)       Notify and keep alive finalizable: 0.1ms
[2024-12-07T22:49:40.642+0800][2.101s][debug][gc,phases,ref     ] GC(10)         FinalRef (ms):            skipped
[2024-12-07T22:49:40.642+0800][2.101s][debug][gc,phases,ref     ] GC(10)       Notify PhantomReferences: 0.0ms
[2024-12-07T22:49:40.642+0800][2.101s][debug][gc,phases,ref     ] GC(10)         PhantomRef (ms):          Min:  0.0, Avg:  0.0, Max:  0.0, Diff:  0.0, Sum:  0.0, Workers: 1
[2024-12-07T22:49:40.643+0800][2.101s][debug][gc,phases,ref     ] GC(10)       SoftReference:
[2024-12-07T22:49:40.643+0800][2.101s][debug][gc,phases,ref     ] GC(10)         Discovered: 0
[2024-12-07T22:49:40.643+0800][2.101s][debug][gc,phases,ref     ] GC(10)         Cleared: 0
[2024-12-07T22:49:40.643+0800][2.101s][debug][gc,phases,ref     ] GC(10)       WeakReference:
[2024-12-07T22:49:40.643+0800][2.101s][debug][gc,phases,ref     ] GC(10)         Discovered: 30
[2024-12-07T22:49:40.643+0800][2.101s][debug][gc,phases,ref     ] GC(10)         Cleared: 30
[2024-12-07T22:49:40.643+0800][2.101s][debug][gc,phases,ref     ] GC(10)       FinalReference:
[2024-12-07T22:49:40.643+0800][2.102s][debug][gc,phases,ref     ] GC(10)         Discovered: 0
[2024-12-07T22:49:40.643+0800][2.102s][debug][gc,phases,ref     ] GC(10)         Cleared: 0
[2024-12-07T22:49:40.643+0800][2.102s][debug][gc,phases,ref     ] GC(10)       PhantomReference:
[2024-12-07T22:49:40.643+0800][2.102s][debug][gc,phases,ref     ] GC(10)         Discovered: 4
[2024-12-07T22:49:40.644+0800][2.102s][debug][gc,phases,ref     ] GC(10)         Cleared: 4
[2024-12-07T22:49:40.644+0800][2.102s][debug][gc,phases         ] GC(10)     Weak Processing: 0.0ms
[2024-12-07T22:49:40.644+0800][2.102s][debug][gc,phases         ] GC(10)     Merge Per-Thread State: 0.0ms
[2024-12-07T22:49:40.644+0800][2.102s][debug][gc,phases         ] GC(10)     Code Roots Purge: 0.0ms
[2024-12-07T22:49:40.644+0800][2.102s][debug][gc,phases         ] GC(10)     Redirty Cards: 0.1ms
[2024-12-07T22:49:40.644+0800][2.102s][debug][gc,phases         ] GC(10)     DerivedPointerTable Update: 0.0ms
[2024-12-07T22:49:40.644+0800][2.102s][debug][gc,phases         ] GC(10)     Free Collection Set: 0.2ms
[2024-12-07T22:49:40.644+0800][2.103s][debug][gc,phases         ] GC(10)     Humongous Reclaim: 12.4ms
[2024-12-07T22:49:40.644+0800][2.103s][debug][gc,phases         ] GC(10)     Start New Collection Set: 0.0ms
[2024-12-07T22:49:40.644+0800][2.103s][debug][gc,phases         ] GC(10)     Resize TLABs: 0.0ms
[2024-12-07T22:49:40.644+0800][2.103s][debug][gc,phases         ] GC(10)     Expand Heap After Collection: 0.0ms
[2024-12-07T22:49:40.645+0800][2.103s][info ][gc,phases         ] GC(10)   Other: 3.8ms
[2024-12-07T22:49:40.645+0800][2.103s][info ][gc,heap           ] GC(10) Eden regions: 1->0(24)
[2024-12-07T22:49:40.645+0800][2.103s][info ][gc,heap           ] GC(10) Survivor regions: 1->1(4)
[2024-12-07T22:49:40.645+0800][2.103s][info ][gc,heap           ] GC(10) Old regions: 2->2
[2024-12-07T22:49:40.645+0800][2.103s][info ][gc,heap           ] GC(10) Humongous regions: 224->200
[2024-12-07T22:49:40.645+0800][2.103s][info ][gc,metaspace      ] GC(10) Metaspace: 644K(4864K)->644K(4864K) NonClass: 591K(4352K)->591K(4352K) Class: 52K(512K)->52K(512K)
[2024-12-07T22:49:40.645+0800][2.103s][debug][gc,heap           ] GC(10) Heap after GC invocations=11 (full 0): garbage-first heap   total 516096K, used 206119K [0x00000000e0000000, 0x0000000100000000)
[2024-12-07T22:49:40.645+0800][2.103s][debug][gc,heap           ] GC(10)   region size 1024K, 1 young (1024K), 1 survivors (1024K)
[2024-12-07T22:49:40.645+0800][2.104s][debug][gc,heap           ] GC(10)  Metaspace       used 644K, capacity 4574K, committed 4864K, reserved 1056768K
[2024-12-07T22:49:40.645+0800][2.104s][debug][gc,heap           ] GC(10)   class space    used 52K, capacity 418K, committed 512K, reserved 1048576K
[2024-12-07T22:49:40.645+0800][2.104s][info ][gc                ] GC(10) Pause Young (Concurrent Start) (G1 Humongous Allocation) 225M->201M(504M) 33.903ms
[2024-12-07T22:49:40.646+0800][2.104s][info ][gc,cpu            ] GC(10) User=0.08s Sys=0.00s Real=0.03s
[2024-12-07T22:49:40.646+0800][2.104s][info ][gc                ] GC(11) Concurrent Cycle
[2024-12-07T22:49:40.646+0800][2.104s][info ][gc,marking        ] GC(11) Concurrent Clear Claimed Marks
[2024-12-07T22:49:40.646+0800][2.104s][info ][gc,marking        ] GC(11) Concurrent Clear Claimed Marks 0.092ms
[2024-12-07T22:49:40.646+0800][2.104s][info ][gc,marking        ] GC(11) Concurrent Scan Root Regions
[2024-12-07T22:49:40.646+0800][2.104s][debug][gc,ergo           ] GC(11) Running G1 Root Region Scan using 1 workers for 1 work units.
[2024-12-07T22:49:40.647+0800][2.105s][info ][gc,marking        ] GC(11) Concurrent Scan Root Regions 0.673ms
[2024-12-07T22:49:40.647+0800][2.105s][info ][gc,marking        ] GC(11) Concurrent Mark (2.105s)
[2024-12-07T22:49:40.647+0800][2.105s][info ][gc,marking        ] GC(11) Concurrent Mark From Roots
[2024-12-07T22:49:40.647+0800][2.105s][info ][gc,task           ] GC(11) Using 5 workers of 5 for marking
[2024-12-07T22:49:40.648+0800][2.106s][debug][gc,stats          ] ---------------------------------------------------------------------
[2024-12-07T22:49:40.648+0800][2.106s][debug][gc,stats          ] Marking Stats, task = 0, calls = 1
[2024-12-07T22:49:40.648+0800][2.106s][debug][gc,stats          ]   Elapsed time = 0.49ms, Termination time = 0.00ms
[2024-12-07T22:49:40.648+0800][2.106s][debug][gc,stats          ]   Step Times (cum): num = 502, avg = 0.01ms, sd = 0.15ms max = 3.31ms, total = 3.73ms
[2024-12-07T22:49:40.648+0800][2.106s][debug][gc,stats          ]   Mark Stats Cache: hits 8352 misses 101 ratio 98.805
[2024-12-07T22:49:40.648+0800][2.107s][debug][gc,stats          ] ---------------------------------------------------------------------
[2024-12-07T22:49:40.648+0800][2.107s][debug][gc,stats          ] Marking Stats, task = 1, calls = 34
[2024-12-07T22:49:40.648+0800][2.107s][debug][gc,stats          ]   Elapsed time = 0.48ms, Termination time = 0.00ms
[2024-12-07T22:49:40.649+0800][2.107s][debug][gc,stats          ]   Step Times (cum): num = 169, avg = 0.02ms, sd = 0.25ms max = 3.28ms, total = 3.28ms
[2024-12-07T22:49:40.649+0800][2.107s][debug][gc,stats          ]   Mark Stats Cache: hits 2638 misses 2 ratio 99.924
[2024-12-07T22:49:40.649+0800][2.107s][debug][gc,stats          ] ---------------------------------------------------------------------
[2024-12-07T22:49:40.649+0800][2.107s][debug][gc,stats          ] Marking Stats, task = 2, calls = 38
[2024-12-07T22:49:40.649+0800][2.107s][debug][gc,stats          ]   Elapsed time = 0.47ms, Termination time = 0.00ms
[2024-12-07T22:49:40.649+0800][2.107s][debug][gc,stats          ]   Step Times (cum): num = 112, avg = 0.03ms, sd = 0.31ms max = 3.30ms, total = 3.71ms
[2024-12-07T22:49:40.649+0800][2.107s][debug][gc,stats          ]   Mark Stats Cache: hits 681 misses 2 ratio 99.707
[2024-12-07T22:49:40.649+0800][2.107s][debug][gc,stats          ] ---------------------------------------------------------------------
[2024-12-07T22:49:40.649+0800][2.108s][debug][gc,stats          ] Marking Stats, task = 3, calls = 42
[2024-12-07T22:49:40.649+0800][2.108s][debug][gc,stats          ]   Elapsed time = 0.44ms, Termination time = 0.00ms
[2024-12-07T22:49:40.649+0800][2.108s][debug][gc,stats          ]   Step Times (cum): num = 167, avg = 0.02ms, sd = 0.26ms max = 3.30ms, total = 3.71ms
[2024-12-07T22:49:40.650+0800][2.108s][debug][gc,stats          ]   Mark Stats Cache: hits 652 misses 1 ratio 99.847
[2024-12-07T22:49:40.650+0800][2.108s][debug][gc,stats          ] ---------------------------------------------------------------------
[2024-12-07T22:49:40.650+0800][2.108s][debug][gc,stats          ] Marking Stats, task = 4, calls = 30
[2024-12-07T22:49:40.650+0800][2.108s][debug][gc,stats          ]   Elapsed time = 0.41ms, Termination time = 0.00ms
[2024-12-07T22:49:40.650+0800][2.108s][debug][gc,stats          ]   Step Times (cum): num = 196, avg = 0.02ms, sd = 0.24ms max = 3.32ms, total = 3.74ms
[2024-12-07T22:49:40.650+0800][2.108s][debug][gc,stats          ]   Mark Stats Cache: hits 704 misses 1 ratio 99.858
[2024-12-07T22:49:40.650+0800][2.108s][debug][gc,stats          ] ---------------------------------------------------------------------
[2024-12-07T22:49:40.650+0800][2.109s][info ][gc,marking        ] GC(11) Concurrent Mark From Roots 3.238ms
[2024-12-07T22:49:40.650+0800][2.109s][info ][gc,marking        ] GC(11) Concurrent Preclean
[2024-12-07T22:49:40.650+0800][2.109s][debug][gc,ref,start      ] GC(11) Preclean SoftReferences
[2024-12-07T22:49:40.650+0800][2.109s][debug][gc,ref            ] GC(11) Preclean SoftReferences 0.100ms
[2024-12-07T22:49:40.651+0800][2.109s][debug][gc,ref,start      ] GC(11) Preclean WeakReferences
[2024-12-07T22:49:40.651+0800][2.109s][debug][gc,ref            ] GC(11) Preclean WeakReferences 0.099ms
[2024-12-07T22:49:40.651+0800][2.109s][debug][gc,ref,start      ] GC(11) Preclean FinalReferences
[2024-12-07T22:49:40.651+0800][2.109s][debug][gc,ref            ] GC(11) Preclean FinalReferences 0.096ms
[2024-12-07T22:49:40.651+0800][2.109s][debug][gc,ref,start      ] GC(11) Preclean PhantomReferences
[2024-12-07T22:49:40.651+0800][2.109s][debug][gc,ref            ] GC(11) Preclean PhantomReferences 0.096ms
[2024-12-07T22:49:40.651+0800][2.109s][info ][gc,marking        ] GC(11) Concurrent Preclean 0.830ms
[2024-12-07T22:49:40.651+0800][2.110s][info ][gc,marking        ] GC(11) Concurrent Mark (2.105s, 2.110s) 4.398ms
[2024-12-07T22:49:40.651+0800][2.110s][info ][gc,start          ] GC(11) Pause Remark
[2024-12-07T22:49:40.652+0800][2.110s][debug][gc,phases,start   ] GC(11) Finalize Marking
[2024-12-07T22:49:40.652+0800][2.110s][debug][gc,stats          ] ---------------------------------------------------------------------
[2024-12-07T22:49:40.652+0800][2.110s][debug][gc,stats          ] Marking Stats, task = 0, calls = 74
[2024-12-07T22:49:40.652+0800][2.110s][debug][gc,stats          ]   Elapsed time = 0.15ms, Termination time = 0.00ms
[2024-12-07T22:49:40.652+0800][2.111s][debug][gc,stats          ]   Step Times (cum): num = 575, avg = 0.01ms, sd = 0.14ms max = 3.31ms, total = 3.73ms
[2024-12-07T22:49:40.652+0800][2.111s][debug][gc,stats          ]   Mark Stats Cache: hits 8352 misses 101 ratio 98.805
[2024-12-07T22:49:40.652+0800][2.111s][debug][gc,stats          ] ---------------------------------------------------------------------
[2024-12-07T22:49:40.652+0800][2.111s][debug][gc,stats          ] Marking Stats, task = 1, calls = 35
[2024-12-07T22:49:40.653+0800][2.111s][debug][gc,stats          ]   Elapsed time = 0.15ms, Termination time = 0.00ms
[2024-12-07T22:49:40.653+0800][2.111s][debug][gc,stats          ]   Step Times (cum): num = 170, avg = 0.02ms, sd = 0.25ms max = 3.28ms, total = 3.28ms
[2024-12-07T22:49:40.653+0800][2.111s][debug][gc,stats          ]   Mark Stats Cache: hits 2638 misses 2 ratio 99.924
[2024-12-07T22:49:40.653+0800][2.111s][debug][gc,stats          ] ---------------------------------------------------------------------
[2024-12-07T22:49:40.653+0800][2.111s][debug][gc,stats          ] Marking Stats, task = 2, calls = 39
[2024-12-07T22:49:40.653+0800][2.111s][debug][gc,stats          ]   Elapsed time = 0.15ms, Termination time = 0.00ms
[2024-12-07T22:49:40.653+0800][2.111s][debug][gc,stats          ]   Step Times (cum): num = 113, avg = 0.03ms, sd = 0.31ms max = 3.30ms, total = 3.71ms
[2024-12-07T22:49:40.653+0800][2.111s][debug][gc,stats          ]   Mark Stats Cache: hits 681 misses 2 ratio 99.707
[2024-12-07T22:49:40.653+0800][2.112s][debug][gc,stats          ] ---------------------------------------------------------------------
[2024-12-07T22:49:40.653+0800][2.112s][debug][gc,stats          ] Marking Stats, task = 3, calls = 43
[2024-12-07T22:49:40.653+0800][2.112s][debug][gc,stats          ]   Elapsed time = 0.15ms, Termination time = 0.00ms
[2024-12-07T22:49:40.654+0800][2.112s][debug][gc,stats          ]   Step Times (cum): num = 168, avg = 0.02ms, sd = 0.26ms max = 3.30ms, total = 3.71ms
[2024-12-07T22:49:40.654+0800][2.112s][debug][gc,stats          ]   Mark Stats Cache: hits 652 misses 1 ratio 99.847
[2024-12-07T22:49:40.654+0800][2.112s][debug][gc,stats          ] ---------------------------------------------------------------------
[2024-12-07T22:49:40.654+0800][2.112s][debug][gc,stats          ] Marking Stats, task = 4, calls = 31
[2024-12-07T22:49:40.654+0800][2.112s][debug][gc,stats          ]   Elapsed time = 0.15ms, Termination time = 0.00ms
[2024-12-07T22:49:40.654+0800][2.113s][debug][gc,stats          ]   Step Times (cum): num = 197, avg = 0.02ms, sd = 0.24ms max = 3.32ms, total = 3.74ms
[2024-12-07T22:49:40.654+0800][2.113s][debug][gc,stats          ]   Mark Stats Cache: hits 704 misses 1 ratio 99.858
[2024-12-07T22:49:40.654+0800][2.113s][debug][gc,stats          ] ---------------------------------------------------------------------
[2024-12-07T22:49:40.655+0800][2.113s][debug][gc,stats          ] Marking Stats, task = 5, calls = 1
[2024-12-07T22:49:40.655+0800][2.113s][debug][gc,stats          ]   Elapsed time = 0.08ms, Termination time = 0.00ms
[2024-12-07T22:49:40.655+0800][2.113s][debug][gc,stats          ]   Step Times (cum): num = 6, avg = 0.55ms, sd = 1.24ms max = 3.33ms, total = 3.33ms
[2024-12-07T22:49:40.655+0800][2.113s][debug][gc,stats          ]   Mark Stats Cache: hits 0 misses 0 ratio 0.000
[2024-12-07T22:49:40.655+0800][2.113s][debug][gc,stats          ] ---------------------------------------------------------------------
[2024-12-07T22:49:40.655+0800][2.114s][debug][gc,stats          ] Marking Stats, task = 6, calls = 1
[2024-12-07T22:49:40.655+0800][2.114s][debug][gc,stats          ]   Elapsed time = 0.07ms, Termination time = 0.00ms
[2024-12-07T22:49:40.655+0800][2.114s][debug][gc,stats          ]   Step Times (cum): num = 6, avg = 0.53ms, sd = 1.19ms max = 3.20ms, total = 3.20ms
[2024-12-07T22:49:40.656+0800][2.114s][debug][gc,stats          ]   Mark Stats Cache: hits 0 misses 0 ratio 0.000
[2024-12-07T22:49:40.656+0800][2.114s][debug][gc,stats          ] ---------------------------------------------------------------------
[2024-12-07T22:49:40.656+0800][2.114s][debug][gc,stats          ] Marking Stats, task = 7, calls = 1
[2024-12-07T22:49:40.656+0800][2.114s][debug][gc,stats          ]   Elapsed time = 0.07ms, Termination time = 0.00ms
[2024-12-07T22:49:40.656+0800][2.114s][debug][gc,stats          ]   Step Times (cum): num = 6, avg = 0.58ms, sd = 1.13ms max = 3.08ms, total = 3.46ms
[2024-12-07T22:49:40.656+0800][2.114s][debug][gc,stats          ]   Mark Stats Cache: hits 0 misses 0 ratio 0.000
[2024-12-07T22:49:40.656+0800][2.114s][debug][gc,stats          ] ---------------------------------------------------------------------
[2024-12-07T22:49:40.656+0800][2.114s][debug][gc,stats          ] Marking Stats, task = 8, calls = 1
[2024-12-07T22:49:40.656+0800][2.115s][debug][gc,stats          ]   Elapsed time = 0.07ms, Termination time = 0.00ms
[2024-12-07T22:49:40.656+0800][2.115s][debug][gc,stats          ]   Step Times (cum): num = 6, avg = 0.55ms, sd = 1.15ms max = 3.12ms, total = 3.32ms
[2024-12-07T22:49:40.656+0800][2.115s][debug][gc,stats          ]   Mark Stats Cache: hits 0 misses 0 ratio 0.000
[2024-12-07T22:49:40.656+0800][2.115s][debug][gc,stats          ] ---------------------------------------------------------------------
[2024-12-07T22:49:40.657+0800][2.115s][debug][gc,stats          ] Marking Stats, task = 9, calls = 1
[2024-12-07T22:49:40.657+0800][2.115s][debug][gc,stats          ]   Elapsed time = 0.04ms, Termination time = 0.00ms
[2024-12-07T22:49:40.657+0800][2.115s][debug][gc,stats          ]   Step Times (cum): num = 6, avg = 0.57ms, sd = 1.27ms max = 3.40ms, total = 3.40ms
[2024-12-07T22:49:40.657+0800][2.115s][debug][gc,stats          ]   Mark Stats Cache: hits 0 misses 0 ratio 0.000
[2024-12-07T22:49:40.657+0800][2.115s][debug][gc,stats          ] ---------------------------------------------------------------------
[2024-12-07T22:49:40.657+0800][2.115s][debug][gc,stats          ] Marking Stats, task = 10, calls = 1
[2024-12-07T22:49:40.657+0800][2.115s][debug][gc,stats          ]   Elapsed time = 0.07ms, Termination time = 0.00ms
[2024-12-07T22:49:40.657+0800][2.116s][debug][gc,stats          ]   Step Times (cum): num = 6, avg = 0.57ms, sd = 1.27ms max = 3.41ms, total = 3.41ms
[2024-12-07T22:49:40.657+0800][2.116s][debug][gc,stats          ]   Mark Stats Cache: hits 0 misses 0 ratio 0.000
[2024-12-07T22:49:40.657+0800][2.116s][debug][gc,stats          ] ---------------------------------------------------------------------
[2024-12-07T22:49:40.658+0800][2.116s][debug][gc,stats          ] Marking Stats, task = 11, calls = 1
[2024-12-07T22:49:40.658+0800][2.116s][debug][gc,stats          ]   Elapsed time = 0.00ms, Termination time = 0.00ms
[2024-12-07T22:49:40.658+0800][2.116s][debug][gc,stats          ]   Step Times (cum): num = 6, avg = 0.00ms, sd = 0.00ms max = 0.00ms, total = 0.00ms
[2024-12-07T22:49:40.658+0800][2.116s][debug][gc,stats          ]   Mark Stats Cache: hits 0 misses 0 ratio 0.000
[2024-12-07T22:49:40.658+0800][2.116s][debug][gc,stats          ] ---------------------------------------------------------------------
[2024-12-07T22:49:40.658+0800][2.116s][debug][gc,phases         ] GC(11) Finalize Marking 6.492ms
[2024-12-07T22:49:40.658+0800][2.116s][debug][gc,phases,start   ] GC(11) Reference Processing
[2024-12-07T22:49:40.658+0800][2.116s][debug][gc,ref            ] GC(11) Skipped phase1 of Reference Processing due to unavailable references
[2024-12-07T22:49:40.658+0800][2.117s][debug][gc,ref            ] GC(11) Skipped phase2 of Reference Processing due to unavailable references
[2024-12-07T22:49:40.658+0800][2.117s][debug][gc,ref            ] GC(11) Skipped phase3 of Reference Processing due to unavailable references
[2024-12-07T22:49:40.658+0800][2.117s][debug][gc,ref            ] GC(11) Skipped phase4 of Reference Processing due to unavailable references
[2024-12-07T22:49:40.659+0800][2.117s][debug][gc,phases,ref     ] GC(11) Reference Processing: 0.3ms
[2024-12-07T22:49:40.659+0800][2.117s][debug][gc,phases,ref     ] GC(11)   Reconsider SoftReferences: 0.1ms
[2024-12-07T22:49:40.659+0800][2.117s][debug][gc,phases,ref     ] GC(11)     SoftRef (ms):             skipped
[2024-12-07T22:49:40.659+0800][2.117s][debug][gc,phases,ref     ] GC(11)   Notify Soft/WeakReferences: 0.1ms
[2024-12-07T22:49:40.659+0800][2.117s][debug][gc,phases,ref     ] GC(11)     SoftRef (ms):             skipped
[2024-12-07T22:49:40.659+0800][2.117s][debug][gc,phases,ref     ] GC(11)     WeakRef (ms):             skipped
[2024-12-07T22:49:40.659+0800][2.117s][debug][gc,phases,ref     ] GC(11)     FinalRef (ms):            skipped
[2024-12-07T22:49:40.659+0800][2.117s][debug][gc,phases,ref     ] GC(11)     Total (ms):               skipped
[2024-12-07T22:49:40.659+0800][2.118s][debug][gc,phases,ref     ] GC(11)   Notify and keep alive finalizable: 0.1ms
[2024-12-07T22:49:40.659+0800][2.118s][debug][gc,phases,ref     ] GC(11)     FinalRef (ms):            skipped
[2024-12-07T22:49:40.659+0800][2.118s][debug][gc,phases,ref     ] GC(11)   Notify PhantomReferences: 0.1ms
[2024-12-07T22:49:40.659+0800][2.118s][debug][gc,phases,ref     ] GC(11)     PhantomRef (ms):          skipped
[2024-12-07T22:49:40.660+0800][2.118s][debug][gc,phases,ref     ] GC(11)   SoftReference:
[2024-12-07T22:49:40.660+0800][2.118s][debug][gc,phases,ref     ] GC(11)     Discovered: 0
[2024-12-07T22:49:40.660+0800][2.118s][debug][gc,phases,ref     ] GC(11)     Cleared: 0
[2024-12-07T22:49:40.660+0800][2.118s][debug][gc,phases,ref     ] GC(11)   WeakReference:
[2024-12-07T22:49:40.660+0800][2.118s][debug][gc,phases,ref     ] GC(11)     Discovered: 0
[2024-12-07T22:49:40.660+0800][2.118s][debug][gc,phases,ref     ] GC(11)     Cleared: 0
[2024-12-07T22:49:40.660+0800][2.118s][debug][gc,phases,ref     ] GC(11)   FinalReference:
[2024-12-07T22:49:40.660+0800][2.119s][debug][gc,phases,ref     ] GC(11)     Discovered: 0
[2024-12-07T22:49:40.660+0800][2.119s][debug][gc,phases,ref     ] GC(11)     Cleared: 0
[2024-12-07T22:49:40.660+0800][2.119s][debug][gc,phases,ref     ] GC(11)   PhantomReference:
[2024-12-07T22:49:40.660+0800][2.119s][debug][gc,phases,ref     ] GC(11)     Discovered: 0
[2024-12-07T22:49:40.661+0800][2.119s][debug][gc,phases,ref     ] GC(11)     Cleared: 0
[2024-12-07T22:49:40.661+0800][2.119s][debug][gc,phases         ] GC(11) Reference Processing 2.533ms
[2024-12-07T22:49:40.661+0800][2.119s][debug][gc,phases,start   ] GC(11) Weak Processing
[2024-12-07T22:49:40.661+0800][2.119s][debug][gc,phases         ] GC(11) Weak Processing 0.089ms
[2024-12-07T22:49:40.661+0800][2.119s][debug][gc,phases,start   ] GC(11) Class Unloading
[2024-12-07T22:49:40.661+0800][2.119s][debug][gc,phases,start   ] GC(11) ClassLoaderData
[2024-12-07T22:49:40.661+0800][2.119s][debug][gc,phases         ] GC(11) ClassLoaderData 0.091ms
[2024-12-07T22:49:40.661+0800][2.119s][debug][gc,phases,start   ] GC(11) ProtectionDomainCacheTable
[2024-12-07T22:49:40.661+0800][2.120s][debug][gc,phases         ] GC(11) ProtectionDomainCacheTable 0.086ms
[2024-12-07T22:49:40.662+0800][2.120s][info ][gc,stringtable    ] GC(11) Cleaned string and symbol table, strings: 68 processed, 0 removed, symbols: 226 processed, 0 removed
[2024-12-07T22:49:40.662+0800][2.120s][debug][gc,phases         ] GC(11) Class Unloading 0.824ms
[2024-12-07T22:49:40.662+0800][2.120s][debug][gc,phases,start   ] GC(11) Flush Task Caches
[2024-12-07T22:49:40.662+0800][2.120s][debug][gc,stats          ] Mark stats cache hits 13027 misses 107 ratio 99.185
[2024-12-07T22:49:40.662+0800][2.120s][debug][gc,phases         ] GC(11) Flush Task Caches 0.198ms
[2024-12-07T22:49:40.662+0800][2.120s][debug][gc,phases,start   ] GC(11) Update Remembered Set Tracking Before Rebuild
[2024-12-07T22:49:40.662+0800][2.120s][debug][gc,ergo           ] GC(11) Running G1 Update RemSet Tracking Before Rebuild using 2 workers for 504 regions in heap
[2024-12-07T22:49:40.662+0800][2.121s][debug][gc,remset,tracking] GC(11) Remembered Set Tracking update regions total 504, selected 0
[2024-12-07T22:49:40.662+0800][2.121s][debug][gc,phases         ] GC(11) Update Remembered Set Tracking Before Rebuild 0.299ms
[2024-12-07T22:49:40.662+0800][2.121s][debug][gc,phases,start   ] GC(11) Reclaim Empty Regions
[2024-12-07T22:49:40.663+0800][2.121s][debug][gc,phases         ] GC(11) Reclaim Empty Regions 0.172ms
[2024-12-07T22:49:40.663+0800][2.121s][debug][gc,phases,start   ] GC(11) Purge Metaspace
[2024-12-07T22:49:40.663+0800][2.121s][debug][gc,phases         ] GC(11) Purge Metaspace 0.085ms
[2024-12-07T22:49:40.663+0800][2.121s][debug][gc,phases,start   ] GC(11) Report Object Count
[2024-12-07T22:49:40.663+0800][2.121s][debug][gc,phases         ] GC(11) Report Object Count 0.087ms
[2024-12-07T22:49:40.663+0800][2.121s][info ][gc                ] GC(11) Pause Remark 217M->217M(504M) 11.678ms
[2024-12-07T22:49:40.663+0800][2.121s][info ][gc,cpu            ] GC(11) User=0.01s Sys=0.00s Real=0.01s
[2024-12-07T22:49:40.663+0800][2.122s][info ][gc,marking        ] GC(11) Concurrent Rebuild Remembered Sets
[2024-12-07T22:49:40.664+0800][2.122s][info ][gc,marking        ] GC(11) Concurrent Rebuild Remembered Sets 0.317ms
[2024-12-07T22:49:40.664+0800][2.122s][info ][gc,start          ] GC(11) Pause Cleanup
[2024-12-07T22:49:40.664+0800][2.122s][debug][gc,phases,start   ] GC(11) Update Remembered Set Tracking After Rebuild
[2024-12-07T22:49:40.664+0800][2.122s][debug][gc,phases         ] GC(11) Update Remembered Set Tracking After Rebuild 0.103ms
[2024-12-07T22:49:40.664+0800][2.122s][debug][gc,phases,start   ] GC(11) Finalize Concurrent Mark Cleanup
[2024-12-07T22:49:40.664+0800][2.123s][debug][gc,ergo           ] GC(11) request young-only gcs (candidate old regions not available)
[2024-12-07T22:49:40.664+0800][2.123s][debug][gc,phases         ] GC(11) Finalize Concurrent Mark Cleanup 0.305ms
[2024-12-07T22:49:40.665+0800][2.123s][info ][gc                ] GC(11) Pause Cleanup 217M->217M(504M) 0.726ms
[2024-12-07T22:49:40.665+0800][2.123s][info ][gc,cpu            ] GC(11) User=0.00s Sys=0.00s Real=0.00s
[2024-12-07T22:49:40.665+0800][2.123s][info ][gc,marking        ] GC(11) Concurrent Cleanup for Next Mark
[2024-12-07T22:49:40.665+0800][2.123s][debug][gc,ergo           ] GC(11) Running G1 Clear Bitmap with 5 workers for 8 work units.
[2024-12-07T22:49:40.665+0800][2.123s][info ][gc,marking        ] GC(11) Concurrent Cleanup for Next Mark 0.349ms
[2024-12-07T22:49:40.665+0800][2.124s][info ][gc                ] GC(11) Concurrent Cycle 19.597ms
[2024-12-07T22:49:40.747+0800][2.206s][debug][gc,ergo,ihop      ] Request concurrent cycle initiation (occupancy higher than threshold) occupancy: 236978176B allocation request: 1048592B threshold: 236873318B (44.82) source: concurrent humongous allocation
[2024-12-07T22:49:40.748+0800][2.206s][debug][gc,ergo           ] Request concurrent cycle initiation (requested by GC cause). GC cause: G1 Humongous Allocation
[2024-12-07T22:49:40.748+0800][2.206s][debug][gc,heap           ] GC(12) Heap before GC invocations=12 (full 0): garbage-first heap   total 516096K, used 230695K [0x00000000e0000000, 0x0000000100000000)
[2024-12-07T22:49:40.748+0800][2.206s][debug][gc,heap           ] GC(12)   region size 1024K, 2 young (2048K), 1 survivors (1024K)
[2024-12-07T22:49:40.748+0800][2.207s][debug][gc,heap           ] GC(12)  Metaspace       used 646K, capacity 4574K, committed 4864K, reserved 1056768K
[2024-12-07T22:49:40.748+0800][2.207s][debug][gc,heap           ] GC(12)   class space    used 52K, capacity 418K, committed 512K, reserved 1048576K
[2024-12-07T22:49:40.749+0800][2.207s][debug][gc,ergo           ] GC(12) Initiate concurrent cycle (concurrent cycle initiation requested)
[2024-12-07T22:49:40.749+0800][2.207s][info ][gc,start          ] GC(12) Pause Young (Concurrent Start) (G1 Humongous Allocation)
[2024-12-07T22:49:40.749+0800][2.207s][info ][gc,task           ] GC(12) Using 12 workers of 18 for evacuation
[2024-12-07T22:49:40.749+0800][2.207s][debug][gc,tlab           ] GC(12) TLAB totals: thrds: 1  refills: 1 max: 1 slow allocs: 12 max 12 waste: 99.5% gc: 500632B max: 500632B slow: 0B max: 0B fast: 0B max: 0B
[2024-12-07T22:49:40.749+0800][2.208s][debug][gc,alloc,region   ] GC(12) Mutator Allocation stats, regions: 1, wasted size: 0B ( 0.0%)
[2024-12-07T22:49:40.749+0800][2.208s][debug][gc,age            ] GC(12) Desired survivor size 2097152 bytes, new threshold 15 (max threshold 15)
[2024-12-07T22:49:40.750+0800][2.208s][debug][gc,ergo,cset      ] GC(12) Finish choosing CSet. old: 0 regions, predicted old region time: 0.00ms, time remaining: 176.82
[2024-12-07T22:49:40.750+0800][2.208s][debug][gc,task,stats     ] GC(12) GC Termination Stats
[2024-12-07T22:49:40.750+0800][2.208s][debug][gc,task,stats     ] GC(12)      elapsed  --strong roots-- -------termination------- ------waste (KiB)------
[2024-12-07T22:49:40.750+0800][2.208s][debug][gc,task,stats     ] GC(12) thr     ms        ms      %        ms      %    attempts  total   alloc    undo
[2024-12-07T22:49:40.750+0800][2.208s][debug][gc,task,stats     ] GC(12) --- --------- --------- ------ --------- ------ -------- ------- ------- -------
[2024-12-07T22:49:40.752+0800][2.211s][debug][gc,task,stats     ] GC(12)  11      2.01      2.00  99.79      0.00   0.01        1       0       0       0
[2024-12-07T22:49:40.753+0800][2.211s][debug][gc,task,stats     ] GC(12)   4      2.38      1.31  54.89      0.89  37.26        1       0       0       0
[2024-12-07T22:49:40.753+0800][2.211s][debug][gc,task,stats     ] GC(12)   5      2.48      1.03  41.68      1.07  43.28        1       0       0       0
[2024-12-07T22:49:40.753+0800][2.211s][debug][gc,task,stats     ] GC(12)   0      2.67      1.15  43.25      1.07  40.21        1       0       0       0
[2024-12-07T22:49:40.753+0800][2.211s][debug][gc,task,stats     ] GC(12)   2      2.73      1.31  48.15      0.89  32.53        1       0       0       0
[2024-12-07T22:49:40.753+0800][2.211s][debug][gc,task,stats     ] GC(12)   8      2.74      1.76  64.03      0.35  12.86        1       0       0       0
[2024-12-07T22:49:40.753+0800][2.212s][debug][gc,task,stats     ] GC(12)   9      2.81      1.84  65.25      0.26   9.14        1       0       0       0
[2024-12-07T22:49:40.753+0800][2.212s][debug][gc,task,stats     ] GC(12)   6      2.92      1.58  53.99      0.53  18.10        1       0       0       0
[2024-12-07T22:49:40.753+0800][2.212s][debug][gc,task,stats     ] GC(12)   3      3.06      1.11  36.12      0.99  32.46        1       0       0       0
[2024-12-07T22:49:40.753+0800][2.212s][debug][gc,task,stats     ] GC(12)  10      3.05      1.99  65.24      0.02   0.71        1       0       0       0
[2024-12-07T22:49:40.754+0800][2.212s][debug][gc,task,stats     ] GC(12)   7      3.20      1.80  56.28      0.26   8.03        1       0       0       0
[2024-12-07T22:49:40.754+0800][2.212s][debug][gc,task,stats     ] GC(12)   1      3.39      1.98  58.41      0.17   5.06        1       0       0       0
[2024-12-07T22:49:40.754+0800][2.212s][debug][gc,ergo           ] GC(12) Running G1 Clear Card Table Task using 1 workers for 1 units of work for 3 regions.
[2024-12-07T22:49:40.754+0800][2.212s][debug][gc,ref            ] GC(12) Skipped phase1 of Reference Processing due to unavailable references
[2024-12-07T22:49:40.754+0800][2.212s][debug][gc,ref            ] GC(12) Skipped phase3 of Reference Processing due to unavailable references
[2024-12-07T22:49:40.754+0800][2.212s][debug][gc,ergo           ] GC(12) Running G1 Free Collection Set using 1 workers for collection set length 2
[2024-12-07T22:49:40.754+0800][2.213s][debug][gc,humongous      ] GC(12) Live humongous region 0 object size 1048592 start 0x00000000e0000000  with remset 0 code roots 0 is marked 0 reclaim candidate 0 type array 1
[2024-12-07T22:49:40.754+0800][2.213s][debug][gc,humongous      ] GC(12) Live humongous region 2 object size 1048592 start 0x00000000e0200000  with remset 0 code roots 0 is marked 0 reclaim candidate 0 type array 1
[2024-12-07T22:49:40.754+0800][2.213s][debug][gc,humongous      ] GC(12) Live humongous region 4 object size 1048592 start 0x00000000e0400000  with remset 0 code roots 0 is marked 0 reclaim candidate 0 type array 1
[2024-12-07T22:49:40.754+0800][2.213s][debug][gc,humongous      ] GC(12) Live humongous region 6 object size 1048592 start 0x00000000e0600000  with remset 0 code roots 0 is marked 0 reclaim candidate 0 type array 1
[2024-12-07T22:49:40.754+0800][2.213s][debug][gc,humongous      ] GC(12) Live humongous region 8 object size 1048592 start 0x00000000e0800000  with remset 0 code roots 0 is marked 0 reclaim candidate 0 type array 1
[2024-12-07T22:49:40.755+0800][2.213s][debug][gc,humongous      ] GC(12) Live humongous region 10 object size 1048592 start 0x00000000e0a00000  with remset 0 code roots 0 is marked 0 reclaim candidate 0 type array 1
[2024-12-07T22:49:40.755+0800][2.213s][debug][gc,humongous      ] GC(12) Live humongous region 12 object size 1048592 start 0x00000000e0c00000  with remset 0 code roots 0 is marked 0 reclaim candidate 0 type array 1
[2024-12-07T22:49:40.755+0800][2.213s][debug][gc,humongous      ] GC(12) Live humongous region 14 object size 1048592 start 0x00000000e0e00000  with remset 0 code roots 0 is marked 0 reclaim candidate 0 type array 1
[2024-12-07T22:49:40.755+0800][2.213s][debug][gc,humongous      ] GC(12) Live humongous region 16 object size 1048592 start 0x00000000e1000000  with remset 0 code roots 0 is marked 0 reclaim candidate 0 type array 1
[2024-12-07T22:49:40.755+0800][2.213s][debug][gc,humongous      ] GC(12) Live humongous region 18 object size 1048592 start 0x00000000e1200000  with remset 0 code roots 0 is marked 0 reclaim candidate 0 type array 1
[2024-12-07T22:49:40.755+0800][2.213s][debug][gc,humongous      ] GC(12) Live humongous region 20 object size 1048592 start 0x00000000e1400000  with remset 0 code roots 0 is marked 0 reclaim candidate 0 type array 1
[2024-12-07T22:49:40.755+0800][2.213s][debug][gc,humongous      ] GC(12) Live humongous region 22 object size 1048592 start 0x00000000e1600000  with remset 0 code roots 0 is marked 0 reclaim candidate 0 type array 1
[2024-12-07T22:49:40.755+0800][2.213s][debug][gc,humongous      ] GC(12) Live humongous region 24 object size 1048592 start 0x00000000e1800000  with remset 0 code roots 0 is marked 0 reclaim candidate 0 type array 1
[2024-12-07T22:49:40.755+0800][2.213s][debug][gc,humongous      ] GC(12) Live humongous region 26 object size 1048592 start 0x00000000e1a00000  with remset 0 code roots 0 is marked 0 reclaim candidate 0 type array 1
[2024-12-07T22:49:40.755+0800][2.213s][debug][gc,humongous      ] GC(12) Live humongous region 28 object size 1048592 start 0x00000000e1c00000  with remset 0 code roots 0 is marked 0 reclaim candidate 0 type array 1
[2024-12-07T22:49:40.755+0800][2.213s][debug][gc,humongous      ] GC(12) Live humongous region 30 object size 1048592 start 0x00000000e1e00000  with remset 0 code roots 0 is marked 0 reclaim candidate 0 type array 1
[2024-12-07T22:49:40.755+0800][2.214s][debug][gc,humongous      ] GC(12) Live humongous region 32 object size 1048592 start 0x00000000e2000000  with remset 0 code roots 0 is marked 0 reclaim candidate 0 type array 1
[2024-12-07T22:49:40.755+0800][2.214s][debug][gc,humongous      ] GC(12) Live humongous region 34 object size 1048592 start 0x00000000e2200000  with remset 0 code roots 0 is marked 0 reclaim candidate 0 type array 1
[2024-12-07T22:49:40.755+0800][2.214s][debug][gc,humongous      ] GC(12) Live humongous region 36 object size 1048592 start 0x00000000e2400000  with remset 0 code roots 0 is marked 0 reclaim candidate 0 type array 1
[2024-12-07T22:49:40.755+0800][2.214s][debug][gc,humongous      ] GC(12) Live humongous region 38 object size 1048592 start 0x00000000e2600000  with remset 0 code roots 0 is marked 0 reclaim candidate 0 type array 1
[2024-12-07T22:49:40.755+0800][2.214s][debug][gc,humongous      ] GC(12) Live humongous region 40 object size 1048592 start 0x00000000e2800000  with remset 0 code roots 0 is marked 0 reclaim candidate 0 type array 1
[2024-12-07T22:49:40.756+0800][2.214s][debug][gc,humongous      ] GC(12) Live humongous region 42 object size 1048592 start 0x00000000e2a00000  with remset 0 code roots 0 is marked 0 reclaim candidate 0 type array 1
[2024-12-07T22:49:40.756+0800][2.214s][debug][gc,humongous      ] GC(12) Live humongous region 44 object size 1048592 start 0x00000000e2c00000  with remset 0 code roots 0 is marked 0 reclaim candidate 0 type array 1
[2024-12-07T22:49:40.756+0800][2.214s][debug][gc,humongous      ] GC(12) Live humongous region 46 object size 1048592 start 0x00000000e2e00000  with remset 0 code roots 0 is marked 0 reclaim candidate 0 type array 1
[2024-12-07T22:49:40.756+0800][2.214s][debug][gc,humongous      ] GC(12) Live humongous region 48 object size 1048592 start 0x00000000e3000000  with remset 0 code roots 0 is marked 0 reclaim candidate 0 type array 1
[2024-12-07T22:49:40.756+0800][2.214s][debug][gc,humongous      ] GC(12) Live humongous region 50 object size 1048592 start 0x00000000e3200000  with remset 0 code roots 0 is marked 0 reclaim candidate 0 type array 1
[2024-12-07T22:49:40.756+0800][2.214s][debug][gc,humongous      ] GC(12) Live humongous region 52 object size 1048592 start 0x00000000e3400000  with remset 0 code roots 0 is marked 0 reclaim candidate 0 type array 1
[2024-12-07T22:49:40.756+0800][2.214s][debug][gc,humongous      ] GC(12) Live humongous region 54 object size 1048592 start 0x00000000e3600000  with remset 0 code roots 0 is marked 0 reclaim candidate 0 type array 1
[2024-12-07T22:49:40.756+0800][2.214s][debug][gc,humongous      ] GC(12) Live humongous region 56 object size 1048592 start 0x00000000e3800000  with remset 0 code roots 0 is marked 0 reclaim candidate 0 type array 1
[2024-12-07T22:49:40.756+0800][2.214s][debug][gc,humongous      ] GC(12) Live humongous region 58 object size 1048592 start 0x00000000e3a00000  with remset 0 code roots 0 is marked 0 reclaim candidate 0 type array 1
[2024-12-07T22:49:40.756+0800][2.214s][debug][gc,humongous      ] GC(12) Live humongous region 60 object size 1048592 start 0x00000000e3c00000  with remset 0 code roots 0 is marked 0 reclaim candidate 0 type array 1
[2024-12-07T22:49:40.756+0800][2.215s][debug][gc,humongous      ] GC(12) Live humongous region 62 object size 1048592 start 0x00000000e3e00000  with remset 0 code roots 0 is marked 0 reclaim candidate 0 type array 1
[2024-12-07T22:49:40.756+0800][2.215s][debug][gc,humongous      ] GC(12) Live humongous region 64 object size 1048592 start 0x00000000e4000000  with remset 0 code roots 0 is marked 0 reclaim candidate 0 type array 1
[2024-12-07T22:49:40.756+0800][2.215s][debug][gc,humongous      ] GC(12) Live humongous region 66 object size 1048592 start 0x00000000e4200000  with remset 0 code roots 0 is marked 0 reclaim candidate 0 type array 1
[2024-12-07T22:49:40.756+0800][2.215s][debug][gc,humongous      ] GC(12) Live humongous region 68 object size 1048592 start 0x00000000e4400000  with remset 0 code roots 0 is marked 0 reclaim candidate 0 type array 1
[2024-12-07T22:49:40.756+0800][2.215s][debug][gc,humongous      ] GC(12) Live humongous region 70 object size 1048592 start 0x00000000e4600000  with remset 0 code roots 0 is marked 0 reclaim candidate 0 type array 1
[2024-12-07T22:49:40.757+0800][2.215s][debug][gc,humongous      ] GC(12) Live humongous region 72 object size 1048592 start 0x00000000e4800000  with remset 0 code roots 0 is marked 0 reclaim candidate 0 type array 1
[2024-12-07T22:49:40.757+0800][2.215s][debug][gc,humongous      ] GC(12) Live humongous region 74 object size 1048592 start 0x00000000e4a00000  with remset 0 code roots 0 is marked 0 reclaim candidate 0 type array 1
[2024-12-07T22:49:40.757+0800][2.215s][debug][gc,humongous      ] GC(12) Live humongous region 76 object size 1048592 start 0x00000000e4c00000  with remset 0 code roots 0 is marked 0 reclaim candidate 0 type array 1
[2024-12-07T22:49:40.757+0800][2.215s][debug][gc,humongous      ] GC(12) Live humongous region 78 object size 1048592 start 0x00000000e4e00000  with remset 0 code roots 0 is marked 0 reclaim candidate 0 type array 1
[2024-12-07T22:49:40.757+0800][2.215s][debug][gc,humongous      ] GC(12) Live humongous region 80 object size 1048592 start 0x00000000e5000000  with remset 0 code roots 0 is marked 0 reclaim candidate 0 type array 1
[2024-12-07T22:49:40.757+0800][2.215s][debug][gc,humongous      ] GC(12) Live humongous region 82 object size 1048592 start 0x00000000e5200000  with remset 0 code roots 0 is marked 0 reclaim candidate 0 type array 1
[2024-12-07T22:49:40.757+0800][2.215s][debug][gc,humongous      ] GC(12) Live humongous region 84 object size 1048592 start 0x00000000e5400000  with remset 0 code roots 0 is marked 0 reclaim candidate 0 type array 1
[2024-12-07T22:49:40.757+0800][2.215s][debug][gc,humongous      ] GC(12) Live humongous region 86 object size 1048592 start 0x00000000e5600000  with remset 0 code roots 0 is marked 0 reclaim candidate 0 type array 1
[2024-12-07T22:49:40.757+0800][2.215s][debug][gc,humongous      ] GC(12) Live humongous region 88 object size 1048592 start 0x00000000e5800000  with remset 0 code roots 0 is marked 0 reclaim candidate 0 type array 1
[2024-12-07T22:49:40.757+0800][2.215s][debug][gc,humongous      ] GC(12) Live humongous region 90 object size 1048592 start 0x00000000e5a00000  with remset 0 code roots 0 is marked 0 reclaim candidate 0 type array 1
[2024-12-07T22:49:40.757+0800][2.215s][debug][gc,humongous      ] GC(12) Live humongous region 92 object size 1048592 start 0x00000000e5c00000  with remset 0 code roots 0 is marked 0 reclaim candidate 0 type array 1
[2024-12-07T22:49:40.757+0800][2.216s][debug][gc,humongous      ] GC(12) Live humongous region 94 object size 1048592 start 0x00000000e5e00000  with remset 0 code roots 0 is marked 0 reclaim candidate 0 type array 1
[2024-12-07T22:49:40.757+0800][2.216s][debug][gc,humongous      ] GC(12) Live humongous region 96 object size 1048592 start 0x00000000e6000000  with remset 0 code roots 0 is marked 0 reclaim candidate 0 type array 1
[2024-12-07T22:49:40.757+0800][2.216s][debug][gc,humongous      ] GC(12) Live humongous region 98 object size 1048592 start 0x00000000e6200000  with remset 0 code roots 0 is marked 0 reclaim candidate 0 type array 1
[2024-12-07T22:49:40.757+0800][2.216s][debug][gc,humongous      ] GC(12) Live humongous region 100 object size 1048592 start 0x00000000e6400000  with remset 0 code roots 0 is marked 0 reclaim candidate 0 type array 1
[2024-12-07T22:49:40.757+0800][2.216s][debug][gc,humongous      ] GC(12) Live humongous region 102 object size 1048592 start 0x00000000e6600000  with remset 0 code roots 0 is marked 0 reclaim candidate 0 type array 1
[2024-12-07T22:49:40.758+0800][2.216s][debug][gc,humongous      ] GC(12) Live humongous region 104 object size 1048592 start 0x00000000e6800000  with remset 0 code roots 0 is marked 0 reclaim candidate 0 type array 1
[2024-12-07T22:49:40.758+0800][2.216s][debug][gc,humongous      ] GC(12) Live humongous region 106 object size 1048592 start 0x00000000e6a00000  with remset 0 code roots 0 is marked 0 reclaim candidate 0 type array 1
[2024-12-07T22:49:40.758+0800][2.216s][debug][gc,humongous      ] GC(12) Live humongous region 108 object size 1048592 start 0x00000000e6c00000  with remset 0 code roots 0 is marked 0 reclaim candidate 0 type array 1
[2024-12-07T22:49:40.758+0800][2.216s][debug][gc,humongous      ] GC(12) Live humongous region 110 object size 1048592 start 0x00000000e6e00000  with remset 0 code roots 0 is marked 0 reclaim candidate 0 type array 1
[2024-12-07T22:49:40.758+0800][2.216s][debug][gc,humongous      ] GC(12) Live humongous region 112 object size 1048592 start 0x00000000e7000000  with remset 0 code roots 0 is marked 0 reclaim candidate 0 type array 1
[2024-12-07T22:49:40.758+0800][2.216s][debug][gc,humongous      ] GC(12) Live humongous region 114 object size 1048592 start 0x00000000e7200000  with remset 0 code roots 0 is marked 0 reclaim candidate 0 type array 1
[2024-12-07T22:49:40.758+0800][2.216s][debug][gc,humongous      ] GC(12) Live humongous region 116 object size 1048592 start 0x00000000e7400000  with remset 0 code roots 0 is marked 0 reclaim candidate 0 type array 1
[2024-12-07T22:49:40.758+0800][2.216s][debug][gc,humongous      ] GC(12) Live humongous region 118 object size 1048592 start 0x00000000e7600000  with remset 0 code roots 0 is marked 0 reclaim candidate 0 type array 1
[2024-12-07T22:49:40.758+0800][2.216s][debug][gc,humongous      ] GC(12) Live humongous region 120 object size 1048592 start 0x00000000e7800000  with remset 0 code roots 0 is marked 0 reclaim candidate 0 type array 1
[2024-12-07T22:49:40.758+0800][2.216s][debug][gc,humongous      ] GC(12) Live humongous region 122 object size 1048592 start 0x00000000e7a00000  with remset 0 code roots 0 is marked 0 reclaim candidate 0 type array 1
[2024-12-07T22:49:40.758+0800][2.216s][debug][gc,humongous      ] GC(12) Live humongous region 124 object size 1048592 start 0x00000000e7c00000  with remset 0 code roots 0 is marked 0 reclaim candidate 0 type array 1
[2024-12-07T22:49:40.758+0800][2.217s][debug][gc,humongous      ] GC(12) Live humongous region 126 object size 1048592 start 0x00000000e7e00000  with remset 0 code roots 0 is marked 0 reclaim candidate 0 type array 1
[2024-12-07T22:49:40.758+0800][2.217s][debug][gc,humongous      ] GC(12) Live humongous region 128 object size 1048592 start 0x00000000e8000000  with remset 0 code roots 0 is marked 0 reclaim candidate 0 type array 1
[2024-12-07T22:49:40.758+0800][2.217s][debug][gc,humongous      ] GC(12) Live humongous region 130 object size 1048592 start 0x00000000e8200000  with remset 0 code roots 0 is marked 0 reclaim candidate 0 type array 1
[2024-12-07T22:49:40.758+0800][2.217s][debug][gc,humongous      ] GC(12) Live humongous region 132 object size 1048592 start 0x00000000e8400000  with remset 0 code roots 0 is marked 0 reclaim candidate 0 type array 1
[2024-12-07T22:49:40.758+0800][2.217s][debug][gc,humongous      ] GC(12) Live humongous region 134 object size 1048592 start 0x00000000e8600000  with remset 0 code roots 0 is marked 0 reclaim candidate 0 type array 1
[2024-12-07T22:49:40.759+0800][2.217s][debug][gc,humongous      ] GC(12) Live humongous region 136 object size 1048592 start 0x00000000e8800000  with remset 0 code roots 0 is marked 0 reclaim candidate 0 type array 1
[2024-12-07T22:49:40.759+0800][2.217s][debug][gc,humongous      ] GC(12) Live humongous region 138 object size 1048592 start 0x00000000e8a00000  with remset 0 code roots 0 is marked 0 reclaim candidate 0 type array 1
[2024-12-07T22:49:40.759+0800][2.217s][debug][gc,humongous      ] GC(12) Live humongous region 140 object size 1048592 start 0x00000000e8c00000  with remset 0 code roots 0 is marked 0 reclaim candidate 0 type array 1
[2024-12-07T22:49:40.759+0800][2.217s][debug][gc,humongous      ] GC(12) Live humongous region 142 object size 1048592 start 0x00000000e8e00000  with remset 0 code roots 0 is marked 0 reclaim candidate 0 type array 1
[2024-12-07T22:49:40.759+0800][2.217s][debug][gc,humongous      ] GC(12) Dead humongous region 144 object size 1048592 start 0x00000000e9000000 with remset 0 code roots 0 is marked 0 reclaim candidate 1 type array 1
[2024-12-07T22:49:40.759+0800][2.217s][debug][gc,humongous      ] GC(12) Dead humongous region 146 object size 1048592 start 0x00000000e9200000 with remset 0 code roots 0 is marked 0 reclaim candidate 1 type array 1
[2024-12-07T22:49:40.759+0800][2.217s][debug][gc,humongous      ] GC(12) Dead humongous region 148 object size 1048592 start 0x00000000e9400000 with remset 0 code roots 0 is marked 0 reclaim candidate 1 type array 1
[2024-12-07T22:49:40.759+0800][2.217s][debug][gc,humongous      ] GC(12) Dead humongous region 150 object size 1048592 start 0x00000000e9600000 with remset 0 code roots 0 is marked 0 reclaim candidate 1 type array 1
[2024-12-07T22:49:40.759+0800][2.217s][debug][gc,humongous      ] GC(12) Dead humongous region 152 object size 1048592 start 0x00000000e9800000 with remset 0 code roots 0 is marked 0 reclaim candidate 1 type array 1
[2024-12-07T22:49:40.759+0800][2.217s][debug][gc,humongous      ] GC(12) Dead humongous region 154 object size 1048592 start 0x00000000e9a00000 with remset 0 code roots 0 is marked 0 reclaim candidate 1 type array 1
[2024-12-07T22:49:40.759+0800][2.217s][debug][gc,humongous      ] GC(12) Dead humongous region 156 object size 1048592 start 0x00000000e9c00000 with remset 0 code roots 0 is marked 0 reclaim candidate 1 type array 1
[2024-12-07T22:49:40.759+0800][2.218s][debug][gc,humongous      ] GC(12) Dead humongous region 158 object size 1048592 start 0x00000000e9e00000 with remset 0 code roots 0 is marked 0 reclaim candidate 1 type array 1
[2024-12-07T22:49:40.759+0800][2.218s][debug][gc,humongous      ] GC(12) Dead humongous region 160 object size 1048592 start 0x00000000ea000000 with remset 0 code roots 0 is marked 0 reclaim candidate 1 type array 1
[2024-12-07T22:49:40.759+0800][2.218s][debug][gc,humongous      ] GC(12) Dead humongous region 162 object size 1048592 start 0x00000000ea200000 with remset 0 code roots 0 is marked 0 reclaim candidate 1 type array 1
[2024-12-07T22:49:40.759+0800][2.218s][debug][gc,humongous      ] GC(12) Dead humongous region 164 object size 1048592 start 0x00000000ea400000 with remset 0 code roots 0 is marked 0 reclaim candidate 1 type array 1
[2024-12-07T22:49:40.760+0800][2.218s][debug][gc,humongous      ] GC(12) Dead humongous region 166 object size 1048592 start 0x00000000ea600000 with remset 0 code roots 0 is marked 0 reclaim candidate 1 type array 1
[2024-12-07T22:49:40.760+0800][2.218s][debug][gc,humongous      ] GC(12) Live humongous region 168 object size 1048592 start 0x00000000ea800000  with remset 0 code roots 0 is marked 0 reclaim candidate 0 type array 1
[2024-12-07T22:49:40.760+0800][2.218s][debug][gc,humongous      ] GC(12) Live humongous region 170 object size 1048592 start 0x00000000eaa00000  with remset 0 code roots 0 is marked 0 reclaim candidate 0 type array 1
[2024-12-07T22:49:40.760+0800][2.218s][debug][gc,humongous      ] GC(12) Live humongous region 172 object size 1048592 start 0x00000000eac00000  with remset 0 code roots 0 is marked 0 reclaim candidate 0 type array 1
[2024-12-07T22:49:40.760+0800][2.218s][debug][gc,humongous      ] GC(12) Live humongous region 174 object size 1048592 start 0x00000000eae00000  with remset 0 code roots 0 is marked 0 reclaim candidate 0 type array 1
[2024-12-07T22:49:40.760+0800][2.218s][debug][gc,humongous      ] GC(12) Live humongous region 176 object size 1048592 start 0x00000000eb000000  with remset 0 code roots 0 is marked 0 reclaim candidate 0 type array 1
[2024-12-07T22:49:40.760+0800][2.218s][debug][gc,humongous      ] GC(12) Live humongous region 178 object size 1048592 start 0x00000000eb200000  with remset 0 code roots 0 is marked 0 reclaim candidate 0 type array 1
[2024-12-07T22:49:40.760+0800][2.218s][debug][gc,humongous      ] GC(12) Live humongous region 180 object size 1048592 start 0x00000000eb400000  with remset 0 code roots 0 is marked 0 reclaim candidate 0 type array 1
[2024-12-07T22:49:40.760+0800][2.218s][debug][gc,humongous      ] GC(12) Live humongous region 182 object size 1048592 start 0x00000000eb600000  with remset 0 code roots 0 is marked 0 reclaim candidate 0 type array 1
[2024-12-07T22:49:40.760+0800][2.218s][debug][gc,humongous      ] GC(12) Live humongous region 184 object size 1048592 start 0x00000000eb800000  with remset 0 code roots 0 is marked 0 reclaim candidate 0 type array 1
[2024-12-07T22:49:40.760+0800][2.218s][debug][gc,humongous      ] GC(12) Live humongous region 186 object size 1048592 start 0x00000000eba00000  with remset 0 code roots 0 is marked 0 reclaim candidate 0 type array 1
[2024-12-07T22:49:40.760+0800][2.219s][debug][gc,humongous      ] GC(12) Live humongous region 188 object size 1048592 start 0x00000000ebc00000  with remset 0 code roots 0 is marked 0 reclaim candidate 0 type array 1
[2024-12-07T22:49:40.760+0800][2.219s][debug][gc,humongous      ] GC(12) Live humongous region 190 object size 1048592 start 0x00000000ebe00000  with remset 0 code roots 0 is marked 0 reclaim candidate 0 type array 1
[2024-12-07T22:49:40.760+0800][2.219s][debug][gc,humongous      ] GC(12) Live humongous region 192 object size 1048592 start 0x00000000ec000000  with remset 0 code roots 0 is marked 0 reclaim candidate 0 type array 1
[2024-12-07T22:49:40.760+0800][2.219s][debug][gc,humongous      ] GC(12) Live humongous region 194 object size 1048592 start 0x00000000ec200000  with remset 0 code roots 0 is marked 0 reclaim candidate 0 type array 1
[2024-12-07T22:49:40.760+0800][2.219s][debug][gc,humongous      ] GC(12) Live humongous region 196 object size 1048592 start 0x00000000ec400000  with remset 0 code roots 0 is marked 0 reclaim candidate 0 type array 1
[2024-12-07T22:49:40.761+0800][2.219s][debug][gc,humongous      ] GC(12) Live humongous region 198 object size 1048592 start 0x00000000ec600000  with remset 0 code roots 0 is marked 0 reclaim candidate 0 type array 1
[2024-12-07T22:49:40.761+0800][2.219s][debug][gc,humongous      ] GC(12) Live humongous region 200 object size 1048592 start 0x00000000ec800000  with remset 0 code roots 0 is marked 0 reclaim candidate 0 type array 1
[2024-12-07T22:49:40.761+0800][2.219s][debug][gc,humongous      ] GC(12) Live humongous region 202 object size 1048592 start 0x00000000eca00000  with remset 0 code roots 0 is marked 0 reclaim candidate 0 type array 1
[2024-12-07T22:49:40.761+0800][2.219s][debug][gc,humongous      ] GC(12) Live humongous region 204 object size 1048592 start 0x00000000ecc00000  with remset 0 code roots 0 is marked 0 reclaim candidate 0 type array 1
[2024-12-07T22:49:40.761+0800][2.219s][debug][gc,humongous      ] GC(12) Live humongous region 206 object size 1048592 start 0x00000000ece00000  with remset 0 code roots 0 is marked 0 reclaim candidate 0 type array 1
[2024-12-07T22:49:40.761+0800][2.219s][debug][gc,humongous      ] GC(12) Live humongous region 208 object size 1048592 start 0x00000000ed000000  with remset 0 code roots 0 is marked 0 reclaim candidate 0 type array 1
[2024-12-07T22:49:40.761+0800][2.219s][debug][gc,humongous      ] GC(12) Live humongous region 210 object size 1048592 start 0x00000000ed200000  with remset 0 code roots 0 is marked 0 reclaim candidate 0 type array 1
[2024-12-07T22:49:40.761+0800][2.219s][debug][gc,humongous      ] GC(12) Live humongous region 212 object size 1048592 start 0x00000000ed400000  with remset 0 code roots 0 is marked 0 reclaim candidate 0 type array 1
[2024-12-07T22:49:40.761+0800][2.219s][debug][gc,humongous      ] GC(12) Live humongous region 214 object size 1048592 start 0x00000000ed600000  with remset 0 code roots 0 is marked 0 reclaim candidate 0 type array 1
[2024-12-07T22:49:40.761+0800][2.219s][debug][gc,humongous      ] GC(12) Live humongous region 216 object size 1048592 start 0x00000000ed800000  with remset 0 code roots 0 is marked 0 reclaim candidate 0 type array 1
[2024-12-07T22:49:40.761+0800][2.220s][debug][gc,humongous      ] GC(12) Live humongous region 218 object size 1048592 start 0x00000000eda00000  with remset 0 code roots 0 is marked 0 reclaim candidate 0 type array 1
[2024-12-07T22:49:40.761+0800][2.220s][debug][gc,humongous      ] GC(12) Live humongous region 220 object size 1048592 start 0x00000000edc00000  with remset 0 code roots 0 is marked 0 reclaim candidate 0 type array 1
[2024-12-07T22:49:40.761+0800][2.220s][debug][gc,humongous      ] GC(12) Live humongous region 222 object size 1048592 start 0x00000000ede00000  with remset 0 code roots 0 is marked 0 reclaim candidate 0 type array 1
[2024-12-07T22:49:40.761+0800][2.220s][debug][gc,plab           ] GC(12) Young PLAB allocation: allocated: 504000B, wasted: 1824B, unused: 29912B, used: 472264B, undo waste: 0B, 
[2024-12-07T22:49:40.762+0800][2.220s][debug][gc,plab           ] GC(12) Young other allocation: region end waste: 0B, regions filled: 1, direct allocated: 75936B, failure used: 0B, failure wasted: 0B
[2024-12-07T22:49:40.762+0800][2.220s][debug][gc,plab           ] GC(12) Young sizing: calculated: 94448B, actual: 94840B
[2024-12-07T22:49:40.762+0800][2.220s][debug][gc,plab           ] GC(12) Old PLAB allocation: allocated: 0B, wasted: 0B, unused: 0B, used: 0B, undo waste: 0B, 
[2024-12-07T22:49:40.762+0800][2.220s][debug][gc,plab           ] GC(12) Old other allocation: region end waste: 0B, regions filled: 0, direct allocated: 0B, failure used: 0B, failure wasted: 0B
[2024-12-07T22:49:40.762+0800][2.221s][debug][gc,plab           ] GC(12) Old sizing: calculated: 0B, actual: 2064B
[2024-12-07T22:49:40.762+0800][2.221s][debug][gc,alloc,stats    ] Old generation allocation in the last mutator period, old gen allocated: 0B, humongous allocated: 25165824B,old gen growth: 0B.
[2024-12-07T22:49:40.762+0800][2.221s][debug][gc,ihop           ] GC(12) Basic information (value update), threshold: 236873318B (45.00), target occupancy: 526385152B, current occupancy: 211032416B, recent allocation size: 25165824B, recent allocation duration: 98.90ms, recent old gen allocation rate: 254453181.74B/s, recent marking phase length: 0.00ms
[2024-12-07T22:49:40.762+0800][2.221s][debug][gc,ihop           ] GC(12) Adaptive IHOP information (value update), threshold: 236873318B (51.91), internal target occupancy: 456340275B, occupancy: 211032416B, additional buffer size: 26214400B, predicted old gen allocation rate: 156640595.49B/s, predicted marking phase length: 0.00ms, prediction active: false
[2024-12-07T22:49:40.763+0800][2.221s][debug][gc,ergo,refine    ] GC(12) Updated Refinement Zones: green: 18, yellow: 54, red: 90
[2024-12-07T22:49:40.763+0800][2.221s][info ][gc,phases         ] GC(12)   Pre Evacuate Collection Set: 0.1ms
[2024-12-07T22:49:40.763+0800][2.221s][debug][gc,phases         ] GC(12)     Prepare TLABs: 0.2ms
[2024-12-07T22:49:40.763+0800][2.221s][debug][gc,phases         ] GC(12)     Choose Collection Set: 0.1ms
[2024-12-07T22:49:40.763+0800][2.221s][debug][gc,phases         ] GC(12)     Humongous Register: 0.0ms
[2024-12-07T22:49:40.763+0800][2.221s][debug][gc,phases         ] GC(12)     Clear Claimed Marks: 0.0ms
[2024-12-07T22:49:40.763+0800][2.221s][info ][gc,phases         ] GC(12)   Evacuate Collection Set: 4.0ms
[2024-12-07T22:49:40.763+0800][2.221s][debug][gc,phases         ] GC(12)     Ext Root Scanning (ms):   Min:  0.1, Avg:  1.1, Max:  2.0, Diff:  1.9, Sum: 13.1, Workers: 12
[2024-12-07T22:49:40.763+0800][2.221s][debug][gc,phases         ] GC(12)     Update RS (ms):           Min:  0.0, Avg:  0.2, Max:  0.8, Diff:  0.8, Sum:  2.7, Workers: 12
[2024-12-07T22:49:40.763+0800][2.221s][debug][gc,phases         ] GC(12)       Processed Buffers:        Min: 0, Avg:  0.9, Max: 3, Diff: 3, Sum: 11, Workers: 12
[2024-12-07T22:49:40.763+0800][2.221s][debug][gc,phases         ] GC(12)       Scanned Cards:            Min: 0, Avg: 23.4, Max: 79, Diff: 79, Sum: 281, Workers: 12
[2024-12-07T22:49:40.763+0800][2.222s][debug][gc,phases         ] GC(12)       Skipped Cards:            Min: 0, Avg: 13.2, Max: 80, Diff: 80, Sum: 159, Workers: 12
[2024-12-07T22:49:40.763+0800][2.222s][debug][gc,phases         ] GC(12)     Scan RS (ms):             Min:  0.0, Avg:  0.2, Max:  1.0, Diff:  1.0, Sum:  2.3, Workers: 12
[2024-12-07T22:49:40.763+0800][2.222s][debug][gc,phases         ] GC(12)       Scanned Cards:            Min: 0, Avg: 20.8, Max: 115, Diff: 115, Sum: 249, Workers: 12
[2024-12-07T22:49:40.763+0800][2.222s][debug][gc,phases         ] GC(12)       Claimed Cards:            Min: 0, Avg: 23.3, Max: 128, Diff: 128, Sum: 280, Workers: 12
[2024-12-07T22:49:40.763+0800][2.222s][debug][gc,phases         ] GC(12)       Skipped Cards:            Min: 0, Avg: 93.3, Max: 280, Diff: 280, Sum: 1120, Workers: 12
[2024-12-07T22:49:40.764+0800][2.222s][debug][gc,phases         ] GC(12)     Code Root Scanning (ms):  Min:  0.0, Avg:  0.0, Max:  0.0, Diff:  0.0, Sum:  0.0, Workers: 12
[2024-12-07T22:49:40.764+0800][2.222s][debug][gc,phases         ] GC(12)     AOT Root Scanning (ms):   skipped
[2024-12-07T22:49:40.764+0800][2.222s][debug][gc,phases         ] GC(12)     Object Copy (ms):         Min:  0.0, Avg:  0.1, Max:  0.3, Diff:  0.3, Sum:  0.8, Workers: 12
[2024-12-07T22:49:40.764+0800][2.222s][debug][gc,phases         ] GC(12)     Termination (ms):         Min:  0.0, Avg:  0.5, Max:  1.1, Diff:  1.1, Sum:  6.5, Workers: 12
[2024-12-07T22:49:40.764+0800][2.222s][debug][gc,phases         ] GC(12)       Termination Attempts:     Min: 1, Avg:  1.0, Max: 1, Diff: 0, Sum: 12, Workers: 12
[2024-12-07T22:49:40.764+0800][2.222s][debug][gc,phases         ] GC(12)     GC Worker Other (ms):     Min:  0.3, Avg:  0.8, Max:  1.3, Diff:  1.0, Sum:  9.2, Workers: 12
[2024-12-07T22:49:40.764+0800][2.222s][debug][gc,phases         ] GC(12)     GC Worker Total (ms):     Min:  2.3, Avg:  2.9, Max:  3.5, Diff:  1.2, Sum: 34.7, Workers: 12
[2024-12-07T22:49:40.764+0800][2.222s][info ][gc,phases         ] GC(12)   Post Evacuate Collection Set: 7.7ms
[2024-12-07T22:49:40.764+0800][2.223s][debug][gc,phases         ] GC(12)     Code Roots Fixup: 0.0ms
[2024-12-07T22:49:40.764+0800][2.223s][debug][gc,phases         ] GC(12)     Clear Card Table: 0.1ms
[2024-12-07T22:49:40.764+0800][2.223s][debug][gc,phases         ] GC(12)     Reference Processing: 0.2ms
[2024-12-07T22:49:40.764+0800][2.223s][debug][gc,phases,ref     ] GC(12)       Reconsider SoftReferences: 0.1ms
[2024-12-07T22:49:40.764+0800][2.223s][debug][gc,phases,ref     ] GC(12)         SoftRef (ms):             skipped
[2024-12-07T22:49:40.765+0800][2.223s][debug][gc,phases,ref     ] GC(12)       Notify Soft/WeakReferences: 0.0ms
[2024-12-07T22:49:40.765+0800][2.223s][debug][gc,phases,ref     ] GC(12)         SoftRef (ms):             Min:  0.0, Avg:  0.0, Max:  0.0, Diff:  0.0, Sum:  0.0, Workers: 1
[2024-12-07T22:49:40.765+0800][2.223s][debug][gc,phases,ref     ] GC(12)         WeakRef (ms):             Min:  0.0, Avg:  0.0, Max:  0.0, Diff:  0.0, Sum:  0.0, Workers: 1
[2024-12-07T22:49:40.765+0800][2.223s][debug][gc,phases,ref     ] GC(12)         FinalRef (ms):            Min:  0.0, Avg:  0.0, Max:  0.0, Diff:  0.0, Sum:  0.0, Workers: 1
[2024-12-07T22:49:40.765+0800][2.223s][debug][gc,phases,ref     ] GC(12)         Total (ms):               Min:  0.0, Avg:  0.0, Max:  0.0, Diff:  0.0, Sum:  0.0, Workers: 1
[2024-12-07T22:49:40.765+0800][2.223s][debug][gc,phases,ref     ] GC(12)       Notify and keep alive finalizable: 0.1ms
[2024-12-07T22:49:40.765+0800][2.223s][debug][gc,phases,ref     ] GC(12)         FinalRef (ms):            skipped
[2024-12-07T22:49:40.765+0800][2.223s][debug][gc,phases,ref     ] GC(12)       Notify PhantomReferences: 0.0ms
[2024-12-07T22:49:40.765+0800][2.223s][debug][gc,phases,ref     ] GC(12)         PhantomRef (ms):          Min:  0.0, Avg:  0.0, Max:  0.0, Diff:  0.0, Sum:  0.0, Workers: 1
[2024-12-07T22:49:40.765+0800][2.223s][debug][gc,phases,ref     ] GC(12)       SoftReference:
[2024-12-07T22:49:40.765+0800][2.223s][debug][gc,phases,ref     ] GC(12)         Discovered: 0
[2024-12-07T22:49:40.765+0800][2.224s][debug][gc,phases,ref     ] GC(12)         Cleared: 0
[2024-12-07T22:49:40.765+0800][2.224s][debug][gc,phases,ref     ] GC(12)       WeakReference:
[2024-12-07T22:49:40.765+0800][2.224s][debug][gc,phases,ref     ] GC(12)         Discovered: 20
[2024-12-07T22:49:40.765+0800][2.224s][debug][gc,phases,ref     ] GC(12)         Cleared: 20
[2024-12-07T22:49:40.765+0800][2.224s][debug][gc,phases,ref     ] GC(12)       FinalReference:
[2024-12-07T22:49:40.766+0800][2.224s][debug][gc,phases,ref     ] GC(12)         Discovered: 0
[2024-12-07T22:49:40.766+0800][2.224s][debug][gc,phases,ref     ] GC(12)         Cleared: 0
[2024-12-07T22:49:40.766+0800][2.224s][debug][gc,phases,ref     ] GC(12)       PhantomReference:
[2024-12-07T22:49:40.766+0800][2.224s][debug][gc,phases,ref     ] GC(12)         Discovered: 4
[2024-12-07T22:49:40.766+0800][2.224s][debug][gc,phases,ref     ] GC(12)         Cleared: 4
[2024-12-07T22:49:40.766+0800][2.224s][debug][gc,phases         ] GC(12)     Weak Processing: 0.0ms
[2024-12-07T22:49:40.766+0800][2.224s][debug][gc,phases         ] GC(12)     Merge Per-Thread State: 0.0ms
[2024-12-07T22:49:40.766+0800][2.224s][debug][gc,phases         ] GC(12)     Code Roots Purge: 0.0ms
[2024-12-07T22:49:40.766+0800][2.224s][debug][gc,phases         ] GC(12)     Redirty Cards: 0.1ms
[2024-12-07T22:49:40.766+0800][2.224s][debug][gc,phases         ] GC(12)     DerivedPointerTable Update: 0.0ms
[2024-12-07T22:49:40.766+0800][2.224s][debug][gc,phases         ] GC(12)     Free Collection Set: 0.1ms
[2024-12-07T22:49:40.766+0800][2.225s][debug][gc,phases         ] GC(12)     Humongous Reclaim: 7.2ms
[2024-12-07T22:49:40.766+0800][2.225s][debug][gc,phases         ] GC(12)     Start New Collection Set: 0.0ms
[2024-12-07T22:49:40.766+0800][2.225s][debug][gc,phases         ] GC(12)     Resize TLABs: 0.0ms
[2024-12-07T22:49:40.766+0800][2.225s][debug][gc,phases         ] GC(12)     Expand Heap After Collection: 0.0ms
[2024-12-07T22:49:40.766+0800][2.225s][info ][gc,phases         ] GC(12)   Other: 2.8ms
[2024-12-07T22:49:40.767+0800][2.225s][info ][gc,heap           ] GC(12) Eden regions: 1->0(24)
[2024-12-07T22:49:40.767+0800][2.225s][info ][gc,heap           ] GC(12) Survivor regions: 1->1(4)
[2024-12-07T22:49:40.767+0800][2.225s][info ][gc,heap           ] GC(12) Old regions: 2->2
[2024-12-07T22:49:40.767+0800][2.225s][info ][gc,heap           ] GC(12) Humongous regions: 224->200
[2024-12-07T22:49:40.767+0800][2.225s][info ][gc,metaspace      ] GC(12) Metaspace: 646K(4864K)->646K(4864K) NonClass: 593K(4352K)->593K(4352K) Class: 52K(512K)->52K(512K)
[2024-12-07T22:49:40.767+0800][2.225s][debug][gc,heap           ] GC(12) Heap after GC invocations=13 (full 0): garbage-first heap   total 516096K, used 206086K [0x00000000e0000000, 0x0000000100000000)
[2024-12-07T22:49:40.767+0800][2.225s][debug][gc,heap           ] GC(12)   region size 1024K, 1 young (1024K), 1 survivors (1024K)
[2024-12-07T22:49:40.767+0800][2.225s][debug][gc,heap           ] GC(12)  Metaspace       used 646K, capacity 4574K, committed 4864K, reserved 1056768K
[2024-12-07T22:49:40.767+0800][2.225s][debug][gc,heap           ] GC(12)   class space    used 52K, capacity 418K, committed 512K, reserved 1048576K
[2024-12-07T22:49:40.767+0800][2.225s][info ][gc                ] GC(12) Pause Young (Concurrent Start) (G1 Humongous Allocation) 225M->201M(504M) 18.360ms
[2024-12-07T22:49:40.767+0800][2.226s][info ][gc,cpu            ] GC(12) User=0.01s Sys=0.00s Real=0.02s
[2024-12-07T22:49:40.767+0800][2.226s][info ][gc                ] GC(13) Concurrent Cycle
[2024-12-07T22:49:40.767+0800][2.226s][info ][gc,marking        ] GC(13) Concurrent Clear Claimed Marks
[2024-12-07T22:49:40.767+0800][2.226s][info ][gc,marking        ] GC(13) Concurrent Clear Claimed Marks 0.072ms
[2024-12-07T22:49:40.767+0800][2.226s][info ][gc,marking        ] GC(13) Concurrent Scan Root Regions
[2024-12-07T22:49:40.768+0800][2.226s][debug][gc,ergo           ] GC(13) Running G1 Root Region Scan using 1 workers for 1 work units.
[2024-12-07T22:49:40.768+0800][2.226s][info ][gc,marking        ] GC(13) Concurrent Scan Root Regions 0.474ms
[2024-12-07T22:49:40.768+0800][2.226s][info ][gc,marking        ] GC(13) Concurrent Mark (2.226s)
[2024-12-07T22:49:40.768+0800][2.226s][info ][gc,marking        ] GC(13) Concurrent Mark From Roots
[2024-12-07T22:49:40.768+0800][2.227s][info ][gc,task           ] GC(13) Using 5 workers of 5 for marking
[2024-12-07T22:49:40.769+0800][2.227s][debug][gc,stats          ] ---------------------------------------------------------------------
[2024-12-07T22:49:40.769+0800][2.227s][debug][gc,stats          ] Marking Stats, task = 0, calls = 24
[2024-12-07T22:49:40.769+0800][2.227s][debug][gc,stats          ]   Elapsed time = 0.65ms, Termination time = 0.00ms
[2024-12-07T22:49:40.769+0800][2.228s][debug][gc,stats          ]   Step Times (cum): num = 599, avg = 0.01ms, sd = 0.14ms max = 3.31ms, total = 3.73ms
[2024-12-07T22:49:40.769+0800][2.228s][debug][gc,stats          ]   Mark Stats Cache: hits 4381 misses 101 ratio 97.747
[2024-12-07T22:49:40.769+0800][2.228s][debug][gc,stats          ] ---------------------------------------------------------------------
[2024-12-07T22:49:40.769+0800][2.228s][debug][gc,stats          ] Marking Stats, task = 1, calls = 1
[2024-12-07T22:49:40.770+0800][2.228s][debug][gc,stats          ]   Elapsed time = 0.73ms, Termination time = 0.00ms
[2024-12-07T22:49:40.770+0800][2.228s][debug][gc,stats          ]   Step Times (cum): num = 171, avg = 0.02ms, sd = 0.25ms max = 3.28ms, total = 3.28ms
[2024-12-07T22:49:40.770+0800][2.228s][debug][gc,stats          ]   Mark Stats Cache: hits 5080 misses 2 ratio 99.961
[2024-12-07T22:49:40.770+0800][2.228s][debug][gc,stats          ] ---------------------------------------------------------------------
[2024-12-07T22:49:40.770+0800][2.229s][debug][gc,stats          ] Marking Stats, task = 2, calls = 21
[2024-12-07T22:49:40.770+0800][2.229s][debug][gc,stats          ]   Elapsed time = 0.64ms, Termination time = 0.00ms
[2024-12-07T22:49:40.770+0800][2.229s][debug][gc,stats          ]   Step Times (cum): num = 134, avg = 0.03ms, sd = 0.29ms max = 3.30ms, total = 3.71ms
[2024-12-07T22:49:40.770+0800][2.229s][debug][gc,stats          ]   Mark Stats Cache: hits 833 misses 2 ratio 99.760
[2024-12-07T22:49:40.770+0800][2.229s][debug][gc,stats          ] ---------------------------------------------------------------------
[2024-12-07T22:49:40.770+0800][2.229s][debug][gc,stats          ] Marking Stats, task = 3, calls = 19
[2024-12-07T22:49:40.771+0800][2.229s][debug][gc,stats          ]   Elapsed time = 0.62ms, Termination time = 0.00ms
[2024-12-07T22:49:40.771+0800][2.229s][debug][gc,stats          ]   Step Times (cum): num = 187, avg = 0.02ms, sd = 0.24ms max = 3.30ms, total = 3.71ms
[2024-12-07T22:49:40.771+0800][2.229s][debug][gc,stats          ]   Mark Stats Cache: hits 2734 misses 1 ratio 99.963
[2024-12-07T22:49:40.771+0800][2.229s][debug][gc,stats          ] ---------------------------------------------------------------------
[2024-12-07T22:49:40.771+0800][2.229s][debug][gc,stats          ] Marking Stats, task = 4, calls = 1
[2024-12-07T22:49:40.771+0800][2.229s][debug][gc,stats          ]   Elapsed time = 0.00ms, Termination time = 0.00ms
[2024-12-07T22:49:40.771+0800][2.229s][debug][gc,stats          ]   Step Times (cum): num = 198, avg = 0.02ms, sd = 0.24ms max = 3.32ms, total = 3.74ms
[2024-12-07T22:49:40.771+0800][2.229s][debug][gc,stats          ]   Mark Stats Cache: hits 0 misses 0 ratio 0.000
[2024-12-07T22:49:40.771+0800][2.229s][debug][gc,stats          ] ---------------------------------------------------------------------
[2024-12-07T22:49:40.771+0800][2.229s][info ][gc,marking        ] GC(13) Concurrent Mark From Roots 3.049ms
[2024-12-07T22:49:40.771+0800][2.230s][info ][gc,marking        ] GC(13) Concurrent Preclean
[2024-12-07T22:49:40.771+0800][2.230s][debug][gc,ref,start      ] GC(13) Preclean SoftReferences
[2024-12-07T22:49:40.771+0800][2.230s][debug][gc,ref            ] GC(13) Preclean SoftReferences 0.074ms
[2024-12-07T22:49:40.771+0800][2.230s][debug][gc,ref,start      ] GC(13) Preclean WeakReferences
[2024-12-07T22:49:40.772+0800][2.230s][debug][gc,ref            ] GC(13) Preclean WeakReferences 0.071ms
[2024-12-07T22:49:40.772+0800][2.230s][debug][gc,ref,start      ] GC(13) Preclean FinalReferences
[2024-12-07T22:49:40.772+0800][2.230s][debug][gc,ref            ] GC(13) Preclean FinalReferences 0.070ms
[2024-12-07T22:49:40.772+0800][2.230s][debug][gc,ref,start      ] GC(13) Preclean PhantomReferences
[2024-12-07T22:49:40.772+0800][2.230s][debug][gc,ref            ] GC(13) Preclean PhantomReferences 0.078ms
[2024-12-07T22:49:40.772+0800][2.230s][info ][gc,marking        ] GC(13) Concurrent Preclean 0.618ms
[2024-12-07T22:49:40.772+0800][2.230s][info ][gc,marking        ] GC(13) Concurrent Mark (2.226s, 2.230s) 3.883ms
[2024-12-07T22:49:40.772+0800][2.230s][info ][gc,start          ] GC(13) Pause Remark
[2024-12-07T22:49:40.772+0800][2.230s][debug][gc,phases,start   ] GC(13) Finalize Marking
[2024-12-07T22:49:40.774+0800][2.232s][debug][gc,stats          ] ---------------------------------------------------------------------
[2024-12-07T22:49:40.774+0800][2.232s][debug][gc,stats          ] Marking Stats, task = 0, calls = 97
[2024-12-07T22:49:40.774+0800][2.232s][debug][gc,stats          ]   Elapsed time = 1.38ms, Termination time = 1.28ms
[2024-12-07T22:49:40.774+0800][2.232s][debug][gc,stats          ]   Step Times (cum): num = 672, avg = 0.01ms, sd = 0.14ms max = 3.31ms, total = 5.00ms
[2024-12-07T22:49:40.774+0800][2.232s][debug][gc,stats          ]   Mark Stats Cache: hits 4381 misses 101 ratio 97.747
[2024-12-07T22:49:40.774+0800][2.233s][debug][gc,stats          ] ---------------------------------------------------------------------
[2024-12-07T22:49:40.774+0800][2.233s][debug][gc,stats          ] Marking Stats, task = 1, calls = 2
[2024-12-07T22:49:40.774+0800][2.233s][debug][gc,stats          ]   Elapsed time = 1.44ms, Termination time = 1.23ms
[2024-12-07T22:49:40.774+0800][2.233s][debug][gc,stats          ]   Step Times (cum): num = 172, avg = 0.03ms, sd = 0.27ms max = 3.28ms, total = 4.51ms
[2024-12-07T22:49:40.775+0800][2.233s][debug][gc,stats          ]   Mark Stats Cache: hits 5080 misses 2 ratio 99.961
[2024-12-07T22:49:40.775+0800][2.233s][debug][gc,stats          ] ---------------------------------------------------------------------
[2024-12-07T22:49:40.775+0800][2.233s][debug][gc,stats          ] Marking Stats, task = 2, calls = 22
[2024-12-07T22:49:40.775+0800][2.233s][debug][gc,stats          ]   Elapsed time = 1.36ms, Termination time = 1.22ms
[2024-12-07T22:49:40.775+0800][2.233s][debug][gc,stats          ]   Step Times (cum): num = 135, avg = 0.04ms, sd = 0.30ms max = 3.30ms, total = 4.93ms
[2024-12-07T22:49:40.775+0800][2.233s][debug][gc,stats          ]   Mark Stats Cache: hits 833 misses 2 ratio 99.760
[2024-12-07T22:49:40.775+0800][2.233s][debug][gc,stats          ] ---------------------------------------------------------------------
[2024-12-07T22:49:40.775+0800][2.233s][debug][gc,stats          ] Marking Stats, task = 3, calls = 20
[2024-12-07T22:49:40.775+0800][2.233s][debug][gc,stats          ]   Elapsed time = 1.31ms, Termination time = 1.22ms
[2024-12-07T22:49:40.775+0800][2.233s][debug][gc,stats          ]   Step Times (cum): num = 188, avg = 0.03ms, sd = 0.26ms max = 3.30ms, total = 4.93ms
[2024-12-07T22:49:40.775+0800][2.234s][debug][gc,stats          ]   Mark Stats Cache: hits 2734 misses 1 ratio 99.963
[2024-12-07T22:49:40.775+0800][2.234s][debug][gc,stats          ] ---------------------------------------------------------------------
[2024-12-07T22:49:40.775+0800][2.234s][debug][gc,stats          ] Marking Stats, task = 4, calls = 2
[2024-12-07T22:49:40.775+0800][2.234s][debug][gc,stats          ]   Elapsed time = 1.30ms, Termination time = 1.23ms
[2024-12-07T22:49:40.776+0800][2.234s][debug][gc,stats          ]   Step Times (cum): num = 199, avg = 0.02ms, sd = 0.25ms max = 3.32ms, total = 4.96ms
[2024-12-07T22:49:40.776+0800][2.234s][debug][gc,stats          ]   Mark Stats Cache: hits 0 misses 0 ratio 0.000
[2024-12-07T22:49:40.776+0800][2.234s][debug][gc,stats          ] ---------------------------------------------------------------------
[2024-12-07T22:49:40.776+0800][2.234s][debug][gc,stats          ] Marking Stats, task = 5, calls = 1
[2024-12-07T22:49:40.776+0800][2.234s][debug][gc,stats          ]   Elapsed time = 1.29ms, Termination time = 0.82ms
[2024-12-07T22:49:40.776+0800][2.234s][debug][gc,stats          ]   Step Times (cum): num = 7, avg = 0.59ms, sd = 1.15ms max = 3.33ms, total = 4.14ms
[2024-12-07T22:49:40.776+0800][2.234s][debug][gc,stats          ]   Mark Stats Cache: hits 0 misses 0 ratio 0.000
[2024-12-07T22:49:40.776+0800][2.234s][debug][gc,stats          ] ---------------------------------------------------------------------
[2024-12-07T22:49:40.776+0800][2.235s][debug][gc,stats          ] Marking Stats, task = 6, calls = 1
[2024-12-07T22:49:40.776+0800][2.235s][debug][gc,stats          ]   Elapsed time = 1.29ms, Termination time = 0.82ms
[2024-12-07T22:49:40.776+0800][2.235s][debug][gc,stats          ]   Step Times (cum): num = 7, avg = 0.57ms, sd = 1.11ms max = 3.20ms, total = 4.02ms
[2024-12-07T22:49:40.776+0800][2.235s][debug][gc,stats          ]   Mark Stats Cache: hits 0 misses 0 ratio 0.000
[2024-12-07T22:49:40.777+0800][2.235s][debug][gc,stats          ] ---------------------------------------------------------------------
[2024-12-07T22:49:40.777+0800][2.235s][debug][gc,stats          ] Marking Stats, task = 7, calls = 1
[2024-12-07T22:49:40.777+0800][2.235s][debug][gc,stats          ]   Elapsed time = 1.31ms, Termination time = 0.83ms
[2024-12-07T22:49:40.777+0800][2.235s][debug][gc,stats          ]   Step Times (cum): num = 7, avg = 0.61ms, sd = 1.05ms max = 3.08ms, total = 4.29ms
[2024-12-07T22:49:40.777+0800][2.235s][debug][gc,stats          ]   Mark Stats Cache: hits 0 misses 0 ratio 0.000
[2024-12-07T22:49:40.777+0800][2.235s][debug][gc,stats          ] ---------------------------------------------------------------------
[2024-12-07T22:49:40.777+0800][2.235s][debug][gc,stats          ] Marking Stats, task = 8, calls = 1
[2024-12-07T22:49:40.777+0800][2.235s][debug][gc,stats          ]   Elapsed time = 1.22ms, Termination time = 0.96ms
[2024-12-07T22:49:40.777+0800][2.235s][debug][gc,stats          ]   Step Times (cum): num = 7, avg = 0.61ms, sd = 1.07ms max = 3.12ms, total = 4.28ms
[2024-12-07T22:49:40.777+0800][2.235s][debug][gc,stats          ]   Mark Stats Cache: hits 0 misses 0 ratio 0.000
[2024-12-07T22:49:40.777+0800][2.235s][debug][gc,stats          ] ---------------------------------------------------------------------
[2024-12-07T22:49:40.777+0800][2.236s][debug][gc,stats          ] Marking Stats, task = 9, calls = 1
[2024-12-07T22:49:40.777+0800][2.236s][debug][gc,stats          ]   Elapsed time = 1.22ms, Termination time = 0.96ms
[2024-12-07T22:49:40.777+0800][2.236s][debug][gc,stats          ]   Step Times (cum): num = 7, avg = 0.62ms, sd = 1.18ms max = 3.40ms, total = 4.36ms
[2024-12-07T22:49:40.777+0800][2.236s][debug][gc,stats          ]   Mark Stats Cache: hits 0 misses 0 ratio 0.000
[2024-12-07T22:49:40.777+0800][2.236s][debug][gc,stats          ] ---------------------------------------------------------------------
[2024-12-07T22:49:40.777+0800][2.236s][debug][gc,stats          ] Marking Stats, task = 10, calls = 1
[2024-12-07T22:49:40.778+0800][2.236s][debug][gc,stats          ]   Elapsed time = 1.21ms, Termination time = 1.15ms
[2024-12-07T22:49:40.778+0800][2.236s][debug][gc,stats          ]   Step Times (cum): num = 7, avg = 0.65ms, sd = 1.19ms max = 3.41ms, total = 4.55ms
[2024-12-07T22:49:40.778+0800][2.236s][debug][gc,stats          ]   Mark Stats Cache: hits 0 misses 0 ratio 0.000
[2024-12-07T22:49:40.778+0800][2.236s][debug][gc,stats          ] ---------------------------------------------------------------------
[2024-12-07T22:49:40.778+0800][2.236s][debug][gc,stats          ] Marking Stats, task = 11, calls = 1
[2024-12-07T22:49:40.778+0800][2.236s][debug][gc,stats          ]   Elapsed time = 0.00ms, Termination time = 0.00ms
[2024-12-07T22:49:40.778+0800][2.236s][debug][gc,stats          ]   Step Times (cum): num = 7, avg = 0.00ms, sd = 0.00ms max = 0.00ms, total = 0.00ms
[2024-12-07T22:49:40.778+0800][2.236s][debug][gc,stats          ]   Mark Stats Cache: hits 0 misses 0 ratio 0.000
[2024-12-07T22:49:40.778+0800][2.236s][debug][gc,stats          ] ---------------------------------------------------------------------
[2024-12-07T22:49:40.778+0800][2.236s][debug][gc,phases         ] GC(13) Finalize Marking 5.941ms
[2024-12-07T22:49:40.778+0800][2.236s][debug][gc,phases,start   ] GC(13) Reference Processing
[2024-12-07T22:49:40.778+0800][2.237s][debug][gc,ref            ] GC(13) Skipped phase1 of Reference Processing due to unavailable references
[2024-12-07T22:49:40.778+0800][2.237s][debug][gc,ref            ] GC(13) Skipped phase2 of Reference Processing due to unavailable references
[2024-12-07T22:49:40.779+0800][2.237s][debug][gc,ref            ] GC(13) Skipped phase3 of Reference Processing due to unavailable references
[2024-12-07T22:49:40.779+0800][2.237s][debug][gc,ref            ] GC(13) Skipped phase4 of Reference Processing due to unavailable references
[2024-12-07T22:49:40.779+0800][2.238s][debug][gc,phases,ref     ] GC(13) Reference Processing: 1.1ms
[2024-12-07T22:49:40.780+0800][2.238s][debug][gc,phases,ref     ] GC(13)   Reconsider SoftReferences: 0.2ms
[2024-12-07T22:49:40.780+0800][2.238s][debug][gc,phases,ref     ] GC(13)     SoftRef (ms):             skipped
[2024-12-07T22:49:40.780+0800][2.238s][debug][gc,phases,ref     ] GC(13)   Notify Soft/WeakReferences: 0.3ms
[2024-12-07T22:49:40.780+0800][2.239s][debug][gc,phases,ref     ] GC(13)     SoftRef (ms):             skipped
[2024-12-07T22:49:40.780+0800][2.239s][debug][gc,phases,ref     ] GC(13)     WeakRef (ms):             skipped
[2024-12-07T22:49:40.781+0800][2.239s][debug][gc,phases,ref     ] GC(13)     FinalRef (ms):            skipped
[2024-12-07T22:49:40.781+0800][2.239s][debug][gc,phases,ref     ] GC(13)     Total (ms):               skipped
[2024-12-07T22:49:40.781+0800][2.239s][debug][gc,phases,ref     ] GC(13)   Notify and keep alive finalizable: 0.3ms
[2024-12-07T22:49:40.781+0800][2.239s][debug][gc,phases,ref     ] GC(13)     FinalRef (ms):            skipped
[2024-12-07T22:49:40.781+0800][2.239s][debug][gc,phases,ref     ] GC(13)   Notify PhantomReferences: 0.3ms
[2024-12-07T22:49:40.781+0800][2.239s][debug][gc,phases,ref     ] GC(13)     PhantomRef (ms):          skipped
[2024-12-07T22:49:40.781+0800][2.239s][debug][gc,phases,ref     ] GC(13)   SoftReference:
[2024-12-07T22:49:40.781+0800][2.239s][debug][gc,phases,ref     ] GC(13)     Discovered: 0
[2024-12-07T22:49:40.781+0800][2.240s][debug][gc,phases,ref     ] GC(13)     Cleared: 0
[2024-12-07T22:49:40.781+0800][2.240s][debug][gc,phases,ref     ] GC(13)   WeakReference:
[2024-12-07T22:49:40.781+0800][2.240s][debug][gc,phases,ref     ] GC(13)     Discovered: 0
[2024-12-07T22:49:40.782+0800][2.240s][debug][gc,phases,ref     ] GC(13)     Cleared: 0
[2024-12-07T22:49:40.782+0800][2.240s][debug][gc,phases,ref     ] GC(13)   FinalReference:
[2024-12-07T22:49:40.782+0800][2.240s][debug][gc,phases,ref     ] GC(13)     Discovered: 0
[2024-12-07T22:49:40.782+0800][2.240s][debug][gc,phases,ref     ] GC(13)     Cleared: 0
[2024-12-07T22:49:40.782+0800][2.240s][debug][gc,phases,ref     ] GC(13)   PhantomReference:
[2024-12-07T22:49:40.782+0800][2.240s][debug][gc,phases,ref     ] GC(13)     Discovered: 0
[2024-12-07T22:49:40.782+0800][2.240s][debug][gc,phases,ref     ] GC(13)     Cleared: 0
[2024-12-07T22:49:40.782+0800][2.240s][debug][gc,phases         ] GC(13) Reference Processing 3.939ms
[2024-12-07T22:49:40.782+0800][2.241s][debug][gc,phases,start   ] GC(13) Weak Processing
[2024-12-07T22:49:40.782+0800][2.241s][debug][gc,phases         ] GC(13) Weak Processing 0.104ms
[2024-12-07T22:49:40.782+0800][2.241s][debug][gc,phases,start   ] GC(13) Class Unloading
[2024-12-07T22:49:40.782+0800][2.241s][debug][gc,phases,start   ] GC(13) ClassLoaderData
[2024-12-07T22:49:40.783+0800][2.241s][debug][gc,phases         ] GC(13) ClassLoaderData 0.092ms
[2024-12-07T22:49:40.783+0800][2.241s][debug][gc,phases,start   ] GC(13) ProtectionDomainCacheTable
[2024-12-07T22:49:40.783+0800][2.241s][debug][gc,phases         ] GC(13) ProtectionDomainCacheTable 0.086ms
[2024-12-07T22:49:40.783+0800][2.241s][info ][gc,stringtable    ] GC(13) Cleaned string and symbol table, strings: 68 processed, 0 removed, symbols: 226 processed, 0 removed
[2024-12-07T22:49:40.783+0800][2.242s][debug][gc,phases         ] GC(13) Class Unloading 0.837ms
[2024-12-07T22:49:40.783+0800][2.242s][debug][gc,phases,start   ] GC(13) Flush Task Caches
[2024-12-07T22:49:40.783+0800][2.242s][debug][gc,stats          ] Mark stats cache hits 13028 misses 106 ratio 99.193
[2024-12-07T22:49:40.784+0800][2.242s][debug][gc,phases         ] GC(13) Flush Task Caches 0.194ms
[2024-12-07T22:49:40.784+0800][2.242s][debug][gc,phases,start   ] GC(13) Update Remembered Set Tracking Before Rebuild
[2024-12-07T22:49:40.784+0800][2.242s][debug][gc,ergo           ] GC(13) Running G1 Update RemSet Tracking Before Rebuild using 2 workers for 504 regions in heap
[2024-12-07T22:49:40.784+0800][2.242s][debug][gc,remset,tracking] GC(13) Remembered Set Tracking update regions total 504, selected 0
[2024-12-07T22:49:40.784+0800][2.242s][debug][gc,phases         ] GC(13) Update Remembered Set Tracking Before Rebuild 0.307ms
[2024-12-07T22:49:40.784+0800][2.242s][debug][gc,phases,start   ] GC(13) Reclaim Empty Regions
[2024-12-07T22:49:40.784+0800][2.242s][debug][gc,phases         ] GC(13) Reclaim Empty Regions 0.169ms
[2024-12-07T22:49:40.784+0800][2.243s][debug][gc,phases,start   ] GC(13) Purge Metaspace
[2024-12-07T22:49:40.784+0800][2.243s][debug][gc,phases         ] GC(13) Purge Metaspace 0.087ms
[2024-12-07T22:49:40.784+0800][2.243s][debug][gc,phases,start   ] GC(13) Report Object Count
[2024-12-07T22:49:40.785+0800][2.243s][debug][gc,phases         ] GC(13) Report Object Count 0.086ms
[2024-12-07T22:49:40.785+0800][2.243s][info ][gc                ] GC(13) Pause Remark 213M->213M(504M) 12.506ms
[2024-12-07T22:49:40.785+0800][2.243s][info ][gc,cpu            ] GC(13) User=0.01s Sys=0.00s Real=0.01s
[2024-12-07T22:49:40.785+0800][2.243s][info ][gc,marking        ] GC(13) Concurrent Rebuild Remembered Sets
[2024-12-07T22:49:40.785+0800][2.243s][info ][gc,marking        ] GC(13) Concurrent Rebuild Remembered Sets 0.322ms
[2024-12-07T22:49:40.785+0800][2.244s][info ][gc,start          ] GC(13) Pause Cleanup
[2024-12-07T22:49:40.785+0800][2.244s][debug][gc,phases,start   ] GC(13) Update Remembered Set Tracking After Rebuild
[2024-12-07T22:49:40.786+0800][2.244s][debug][gc,phases         ] GC(13) Update Remembered Set Tracking After Rebuild 0.094ms
[2024-12-07T22:49:40.786+0800][2.244s][debug][gc,phases,start   ] GC(13) Finalize Concurrent Mark Cleanup
[2024-12-07T22:49:40.786+0800][2.244s][debug][gc,ergo           ] GC(13) request young-only gcs (candidate old regions not available)
[2024-12-07T22:49:40.786+0800][2.244s][debug][gc,phases         ] GC(13) Finalize Concurrent Mark Cleanup 0.283ms
[2024-12-07T22:49:40.786+0800][2.244s][info ][gc                ] GC(13) Pause Cleanup 213M->213M(504M) 0.640ms
[2024-12-07T22:49:40.786+0800][2.244s][info ][gc,cpu            ] GC(13) User=0.00s Sys=0.00s Real=0.00s
[2024-12-07T22:49:40.786+0800][2.244s][info ][gc,marking        ] GC(13) Concurrent Cleanup for Next Mark
[2024-12-07T22:49:40.786+0800][2.245s][debug][gc,ergo           ] GC(13) Running G1 Clear Bitmap with 5 workers for 8 work units.
[2024-12-07T22:49:40.786+0800][2.245s][info ][gc,marking        ] GC(13) Concurrent Cleanup for Next Mark 0.335ms
[2024-12-07T22:49:40.787+0800][2.245s][info ][gc                ] GC(13) Concurrent Cycle 19.304ms
[2024-12-07T22:49:40.871+0800][2.330s][debug][gc,ergo,ihop      ] Request concurrent cycle initiation (occupancy higher than threshold) occupancy: 236978176B allocation request: 1048592B threshold: 236873318B (44.82) source: concurrent humongous allocation
[2024-12-07T22:49:40.872+0800][2.331s][debug][gc,ergo           ] Request concurrent cycle initiation (requested by GC cause). GC cause: G1 Humongous Allocation
[2024-12-07T22:49:40.873+0800][2.331s][debug][gc,heap           ] GC(14) Heap before GC invocations=14 (full 0): garbage-first heap   total 516096K, used 230662K [0x00000000e0000000, 0x0000000100000000)
[2024-12-07T22:49:40.873+0800][2.331s][debug][gc,heap           ] GC(14)   region size 1024K, 2 young (2048K), 1 survivors (1024K)
[2024-12-07T22:49:40.873+0800][2.331s][debug][gc,heap           ] GC(14)  Metaspace       used 646K, capacity 4574K, committed 4864K, reserved 1056768K
[2024-12-07T22:49:40.873+0800][2.332s][debug][gc,heap           ] GC(14)   class space    used 52K, capacity 418K, committed 512K, reserved 1048576K
[2024-12-07T22:49:40.873+0800][2.332s][debug][gc,ergo           ] GC(14) Initiate concurrent cycle (concurrent cycle initiation requested)
[2024-12-07T22:49:40.874+0800][2.332s][info ][gc,start          ] GC(14) Pause Young (Concurrent Start) (G1 Humongous Allocation)
[2024-12-07T22:49:40.874+0800][2.332s][info ][gc,task           ] GC(14) Using 12 workers of 18 for evacuation
[2024-12-07T22:49:40.874+0800][2.332s][debug][gc,tlab           ] GC(14) TLAB totals: thrds: 1  refills: 1 max: 1 slow allocs: 12 max 12 waste: 99.5% gc: 500632B max: 500632B slow: 0B max: 0B fast: 0B max: 0B
[2024-12-07T22:49:40.874+0800][2.332s][debug][gc,alloc,region   ] GC(14) Mutator Allocation stats, regions: 1, wasted size: 0B ( 0.0%)
[2024-12-07T22:49:40.874+0800][2.333s][debug][gc,age            ] GC(14) Desired survivor size 2097152 bytes, new threshold 15 (max threshold 15)
[2024-12-07T22:49:40.874+0800][2.333s][debug][gc,ergo,cset      ] GC(14) Finish choosing CSet. old: 0 regions, predicted old region time: 0.00ms, time remaining: 179.99
[2024-12-07T22:49:40.875+0800][2.333s][debug][gc,task,stats     ] GC(14) GC Termination Stats
[2024-12-07T22:49:40.875+0800][2.333s][debug][gc,task,stats     ] GC(14)      elapsed  --strong roots-- -------termination------- ------waste (KiB)------
[2024-12-07T22:49:40.875+0800][2.333s][debug][gc,task,stats     ] GC(14) thr     ms        ms      %        ms      %    attempts  total   alloc    undo
[2024-12-07T22:49:40.875+0800][2.333s][debug][gc,task,stats     ] GC(14) --- --------- --------- ------ --------- ------ -------- ------- ------- -------
[2024-12-07T22:49:40.877+0800][2.335s][debug][gc,task,stats     ] GC(14)  11      1.96      1.95  99.82      0.00   0.01        1       0       0       0
[2024-12-07T22:49:40.877+0800][2.336s][debug][gc,task,stats     ] GC(14)   4      2.21      1.26  57.13      0.94  42.78        1       0       0       0
[2024-12-07T22:49:40.878+0800][2.336s][debug][gc,task,stats     ] GC(14)   5      2.39      1.04  43.53      1.08  45.26        1       0       0       0
[2024-12-07T22:49:40.878+0800][2.336s][debug][gc,task,stats     ] GC(14)   9      2.50      1.89  75.58      0.19   7.40        1       0       0       0
[2024-12-07T22:49:40.878+0800][2.336s][debug][gc,task,stats     ] GC(14)   0      2.79      1.05  37.75      1.11  40.00        1       1       1       0
[2024-12-07T22:49:40.878+0800][2.336s][debug][gc,task,stats     ] GC(14)   3      2.84      0.86  30.25      1.14  40.24        6       0       0       0
[2024-12-07T22:49:40.878+0800][2.336s][debug][gc,task,stats     ] GC(14)   7      2.92      1.84  63.10      0.19   6.33        1       0       0       0
[2024-12-07T22:49:40.878+0800][2.337s][debug][gc,task,stats     ] GC(14)   8      3.06      1.76  57.66      0.27   8.68        1       0       0       0
[2024-12-07T22:49:40.878+0800][2.337s][debug][gc,task,stats     ] GC(14)   6      3.18      0.87  27.33      1.12  35.30        8       0       0       0
[2024-12-07T22:49:40.878+0800][2.337s][debug][gc,task,stats     ] GC(14)   1      3.37      2.03  60.22      0.09   2.64        1       0       0       0
[2024-12-07T22:49:40.879+0800][2.337s][debug][gc,task,stats     ] GC(14)   2      3.43      1.15  33.59      0.90  26.28        1       0       0       0
[2024-12-07T22:49:40.879+0800][2.337s][debug][gc,task,stats     ] GC(14)  10      3.46      1.94  55.92      0.02   0.66        1       0       0       0
[2024-12-07T22:49:40.879+0800][2.337s][debug][gc,ergo           ] GC(14) Running G1 Clear Card Table Task using 1 workers for 1 units of work for 3 regions.
[2024-12-07T22:49:40.879+0800][2.337s][debug][gc,ref            ] GC(14) Skipped phase1 of Reference Processing due to unavailable references
[2024-12-07T22:49:40.879+0800][2.338s][debug][gc,ref            ] GC(14) Skipped phase3 of Reference Processing due to unavailable references
[2024-12-07T22:49:40.880+0800][2.338s][debug][gc,ergo           ] GC(14) Running G1 Free Collection Set using 1 workers for collection set length 2
[2024-12-07T22:49:40.880+0800][2.338s][debug][gc,humongous      ] GC(14) Live humongous region 0 object size 1048592 start 0x00000000e0000000  with remset 0 code roots 0 is marked 0 reclaim candidate 0 type array 1
[2024-12-07T22:49:40.880+0800][2.338s][debug][gc,humongous      ] GC(14) Live humongous region 2 object size 1048592 start 0x00000000e0200000  with remset 0 code roots 0 is marked 0 reclaim candidate 0 type array 1
[2024-12-07T22:49:40.880+0800][2.338s][debug][gc,humongous      ] GC(14) Live humongous region 4 object size 1048592 start 0x00000000e0400000  with remset 0 code roots 0 is marked 0 reclaim candidate 0 type array 1
[2024-12-07T22:49:40.880+0800][2.338s][debug][gc,humongous      ] GC(14) Live humongous region 6 object size 1048592 start 0x00000000e0600000  with remset 0 code roots 0 is marked 0 reclaim candidate 0 type array 1
[2024-12-07T22:49:40.880+0800][2.338s][debug][gc,humongous      ] GC(14) Live humongous region 8 object size 1048592 start 0x00000000e0800000  with remset 0 code roots 0 is marked 0 reclaim candidate 0 type array 1
[2024-12-07T22:49:40.880+0800][2.339s][debug][gc,humongous      ] GC(14) Live humongous region 10 object size 1048592 start 0x00000000e0a00000  with remset 0 code roots 0 is marked 0 reclaim candidate 0 type array 1
[2024-12-07T22:49:40.880+0800][2.339s][debug][gc,humongous      ] GC(14) Live humongous region 12 object size 1048592 start 0x00000000e0c00000  with remset 0 code roots 0 is marked 0 reclaim candidate 0 type array 1
[2024-12-07T22:49:40.880+0800][2.339s][debug][gc,humongous      ] GC(14) Live humongous region 14 object size 1048592 start 0x00000000e0e00000  with remset 0 code roots 0 is marked 0 reclaim candidate 0 type array 1
[2024-12-07T22:49:40.881+0800][2.339s][debug][gc,humongous      ] GC(14) Live humongous region 16 object size 1048592 start 0x00000000e1000000  with remset 0 code roots 0 is marked 0 reclaim candidate 0 type array 1
[2024-12-07T22:49:40.881+0800][2.339s][debug][gc,humongous      ] GC(14) Live humongous region 18 object size 1048592 start 0x00000000e1200000  with remset 0 code roots 0 is marked 0 reclaim candidate 0 type array 1
[2024-12-07T22:49:40.881+0800][2.339s][debug][gc,humongous      ] GC(14) Live humongous region 20 object size 1048592 start 0x00000000e1400000  with remset 0 code roots 0 is marked 0 reclaim candidate 0 type array 1
[2024-12-07T22:49:40.881+0800][2.339s][debug][gc,humongous      ] GC(14) Live humongous region 22 object size 1048592 start 0x00000000e1600000  with remset 0 code roots 0 is marked 0 reclaim candidate 0 type array 1
[2024-12-07T22:49:40.881+0800][2.339s][debug][gc,humongous      ] GC(14) Live humongous region 24 object size 1048592 start 0x00000000e1800000  with remset 0 code roots 0 is marked 0 reclaim candidate 0 type array 1
[2024-12-07T22:49:40.881+0800][2.339s][debug][gc,humongous      ] GC(14) Live humongous region 26 object size 1048592 start 0x00000000e1a00000  with remset 0 code roots 0 is marked 0 reclaim candidate 0 type array 1
[2024-12-07T22:49:40.881+0800][2.339s][debug][gc,humongous      ] GC(14) Live humongous region 28 object size 1048592 start 0x00000000e1c00000  with remset 0 code roots 0 is marked 0 reclaim candidate 0 type array 1
[2024-12-07T22:49:40.881+0800][2.339s][debug][gc,humongous      ] GC(14) Live humongous region 30 object size 1048592 start 0x00000000e1e00000  with remset 0 code roots 0 is marked 0 reclaim candidate 0 type array 1
[2024-12-07T22:49:40.881+0800][2.340s][debug][gc,humongous      ] GC(14) Live humongous region 32 object size 1048592 start 0x00000000e2000000  with remset 0 code roots 0 is marked 0 reclaim candidate 0 type array 1
[2024-12-07T22:49:40.881+0800][2.340s][debug][gc,humongous      ] GC(14) Live humongous region 34 object size 1048592 start 0x00000000e2200000  with remset 0 code roots 0 is marked 0 reclaim candidate 0 type array 1
[2024-12-07T22:49:40.881+0800][2.340s][debug][gc,humongous      ] GC(14) Live humongous region 36 object size 1048592 start 0x00000000e2400000  with remset 0 code roots 0 is marked 0 reclaim candidate 0 type array 1
[2024-12-07T22:49:40.881+0800][2.340s][debug][gc,humongous      ] GC(14) Live humongous region 38 object size 1048592 start 0x00000000e2600000  with remset 0 code roots 0 is marked 0 reclaim candidate 0 type array 1
[2024-12-07T22:49:40.881+0800][2.340s][debug][gc,humongous      ] GC(14) Live humongous region 40 object size 1048592 start 0x00000000e2800000  with remset 0 code roots 0 is marked 0 reclaim candidate 0 type array 1
[2024-12-07T22:49:40.882+0800][2.340s][debug][gc,humongous      ] GC(14) Live humongous region 42 object size 1048592 start 0x00000000e2a00000  with remset 0 code roots 0 is marked 0 reclaim candidate 0 type array 1
[2024-12-07T22:49:40.882+0800][2.340s][debug][gc,humongous      ] GC(14) Live humongous region 44 object size 1048592 start 0x00000000e2c00000  with remset 0 code roots 0 is marked 0 reclaim candidate 0 type array 1
[2024-12-07T22:49:40.882+0800][2.340s][debug][gc,humongous      ] GC(14) Live humongous region 46 object size 1048592 start 0x00000000e2e00000  with remset 0 code roots 0 is marked 0 reclaim candidate 0 type array 1
[2024-12-07T22:49:40.882+0800][2.340s][debug][gc,humongous      ] GC(14) Live humongous region 48 object size 1048592 start 0x00000000e3000000  with remset 0 code roots 0 is marked 0 reclaim candidate 0 type array 1
[2024-12-07T22:49:40.882+0800][2.340s][debug][gc,humongous      ] GC(14) Live humongous region 50 object size 1048592 start 0x00000000e3200000  with remset 0 code roots 0 is marked 0 reclaim candidate 0 type array 1
[2024-12-07T22:49:40.882+0800][2.340s][debug][gc,humongous      ] GC(14) Live humongous region 52 object size 1048592 start 0x00000000e3400000  with remset 0 code roots 0 is marked 0 reclaim candidate 0 type array 1
[2024-12-07T22:49:40.882+0800][2.340s][debug][gc,humongous      ] GC(14) Live humongous region 54 object size 1048592 start 0x00000000e3600000  with remset 0 code roots 0 is marked 0 reclaim candidate 0 type array 1
[2024-12-07T22:49:40.882+0800][2.340s][debug][gc,humongous      ] GC(14) Live humongous region 56 object size 1048592 start 0x00000000e3800000  with remset 0 code roots 0 is marked 0 reclaim candidate 0 type array 1
[2024-12-07T22:49:40.882+0800][2.340s][debug][gc,humongous      ] GC(14) Live humongous region 58 object size 1048592 start 0x00000000e3a00000  with remset 0 code roots 0 is marked 0 reclaim candidate 0 type array 1
[2024-12-07T22:49:40.882+0800][2.341s][debug][gc,humongous      ] GC(14) Live humongous region 60 object size 1048592 start 0x00000000e3c00000  with remset 0 code roots 0 is marked 0 reclaim candidate 0 type array 1
[2024-12-07T22:49:40.882+0800][2.341s][debug][gc,humongous      ] GC(14) Live humongous region 62 object size 1048592 start 0x00000000e3e00000  with remset 0 code roots 0 is marked 0 reclaim candidate 0 type array 1
[2024-12-07T22:49:40.882+0800][2.341s][debug][gc,humongous      ] GC(14) Live humongous region 64 object size 1048592 start 0x00000000e4000000  with remset 0 code roots 0 is marked 0 reclaim candidate 0 type array 1
[2024-12-07T22:49:40.882+0800][2.341s][debug][gc,humongous      ] GC(14) Live humongous region 66 object size 1048592 start 0x00000000e4200000  with remset 0 code roots 0 is marked 0 reclaim candidate 0 type array 1
[2024-12-07T22:49:40.883+0800][2.341s][debug][gc,humongous      ] GC(14) Live humongous region 68 object size 1048592 start 0x00000000e4400000  with remset 0 code roots 0 is marked 0 reclaim candidate 0 type array 1
[2024-12-07T22:49:40.883+0800][2.341s][debug][gc,humongous      ] GC(14) Live humongous region 70 object size 1048592 start 0x00000000e4600000  with remset 0 code roots 0 is marked 0 reclaim candidate 0 type array 1
[2024-12-07T22:49:40.883+0800][2.341s][debug][gc,humongous      ] GC(14) Live humongous region 72 object size 1048592 start 0x00000000e4800000  with remset 0 code roots 0 is marked 0 reclaim candidate 0 type array 1
[2024-12-07T22:49:40.883+0800][2.341s][debug][gc,humongous      ] GC(14) Live humongous region 74 object size 1048592 start 0x00000000e4a00000  with remset 0 code roots 0 is marked 0 reclaim candidate 0 type array 1
[2024-12-07T22:49:40.883+0800][2.341s][debug][gc,humongous      ] GC(14) Live humongous region 76 object size 1048592 start 0x00000000e4c00000  with remset 0 code roots 0 is marked 0 reclaim candidate 0 type array 1
[2024-12-07T22:49:40.883+0800][2.341s][debug][gc,humongous      ] GC(14) Live humongous region 78 object size 1048592 start 0x00000000e4e00000  with remset 0 code roots 0 is marked 0 reclaim candidate 0 type array 1
[2024-12-07T22:49:40.883+0800][2.341s][debug][gc,humongous      ] GC(14) Live humongous region 80 object size 1048592 start 0x00000000e5000000  with remset 0 code roots 0 is marked 0 reclaim candidate 0 type array 1
[2024-12-07T22:49:40.883+0800][2.341s][debug][gc,humongous      ] GC(14) Live humongous region 82 object size 1048592 start 0x00000000e5200000  with remset 0 code roots 0 is marked 0 reclaim candidate 0 type array 1
[2024-12-07T22:49:40.883+0800][2.341s][debug][gc,humongous      ] GC(14) Live humongous region 84 object size 1048592 start 0x00000000e5400000  with remset 0 code roots 0 is marked 0 reclaim candidate 0 type array 1
[2024-12-07T22:49:40.883+0800][2.341s][debug][gc,humongous      ] GC(14) Live humongous region 86 object size 1048592 start 0x00000000e5600000  with remset 0 code roots 0 is marked 0 reclaim candidate 0 type array 1
[2024-12-07T22:49:40.883+0800][2.342s][debug][gc,humongous      ] GC(14) Live humongous region 88 object size 1048592 start 0x00000000e5800000  with remset 0 code roots 0 is marked 0 reclaim candidate 0 type array 1
[2024-12-07T22:49:40.883+0800][2.342s][debug][gc,humongous      ] GC(14) Live humongous region 90 object size 1048592 start 0x00000000e5a00000  with remset 0 code roots 0 is marked 0 reclaim candidate 0 type array 1
[2024-12-07T22:49:40.883+0800][2.342s][debug][gc,humongous      ] GC(14) Live humongous region 92 object size 1048592 start 0x00000000e5c00000  with remset 0 code roots 0 is marked 0 reclaim candidate 0 type array 1
[2024-12-07T22:49:40.883+0800][2.342s][debug][gc,humongous      ] GC(14) Live humongous region 94 object size 1048592 start 0x00000000e5e00000  with remset 0 code roots 0 is marked 0 reclaim candidate 0 type array 1
[2024-12-07T22:49:40.884+0800][2.342s][debug][gc,humongous      ] GC(14) Live humongous region 96 object size 1048592 start 0x00000000e6000000  with remset 0 code roots 0 is marked 0 reclaim candidate 0 type array 1
[2024-12-07T22:49:40.884+0800][2.342s][debug][gc,humongous      ] GC(14) Live humongous region 98 object size 1048592 start 0x00000000e6200000  with remset 0 code roots 0 is marked 0 reclaim candidate 0 type array 1
[2024-12-07T22:49:40.884+0800][2.342s][debug][gc,humongous      ] GC(14) Live humongous region 100 object size 1048592 start 0x00000000e6400000  with remset 0 code roots 0 is marked 0 reclaim candidate 0 type array 1
[2024-12-07T22:49:40.884+0800][2.342s][debug][gc,humongous      ] GC(14) Live humongous region 102 object size 1048592 start 0x00000000e6600000  with remset 0 code roots 0 is marked 0 reclaim candidate 0 type array 1
[2024-12-07T22:49:40.884+0800][2.342s][debug][gc,humongous      ] GC(14) Live humongous region 104 object size 1048592 start 0x00000000e6800000  with remset 0 code roots 0 is marked 0 reclaim candidate 0 type array 1
[2024-12-07T22:49:40.884+0800][2.342s][debug][gc,humongous      ] GC(14) Live humongous region 106 object size 1048592 start 0x00000000e6a00000  with remset 0 code roots 0 is marked 0 reclaim candidate 0 type array 1
[2024-12-07T22:49:40.884+0800][2.342s][debug][gc,humongous      ] GC(14) Live humongous region 108 object size 1048592 start 0x00000000e6c00000  with remset 0 code roots 0 is marked 0 reclaim candidate 0 type array 1
[2024-12-07T22:49:40.884+0800][2.342s][debug][gc,humongous      ] GC(14) Live humongous region 110 object size 1048592 start 0x00000000e6e00000  with remset 0 code roots 0 is marked 0 reclaim candidate 0 type array 1
[2024-12-07T22:49:40.884+0800][2.342s][debug][gc,humongous      ] GC(14) Live humongous region 112 object size 1048592 start 0x00000000e7000000  with remset 0 code roots 0 is marked 0 reclaim candidate 0 type array 1
[2024-12-07T22:49:40.884+0800][2.343s][debug][gc,humongous      ] GC(14) Live humongous region 114 object size 1048592 start 0x00000000e7200000  with remset 0 code roots 0 is marked 0 reclaim candidate 0 type array 1
[2024-12-07T22:49:40.884+0800][2.343s][debug][gc,humongous      ] GC(14) Live humongous region 116 object size 1048592 start 0x00000000e7400000  with remset 0 code roots 0 is marked 0 reclaim candidate 0 type array 1
[2024-12-07T22:49:40.884+0800][2.343s][debug][gc,humongous      ] GC(14) Live humongous region 118 object size 1048592 start 0x00000000e7600000  with remset 0 code roots 0 is marked 0 reclaim candidate 0 type array 1
[2024-12-07T22:49:40.884+0800][2.343s][debug][gc,humongous      ] GC(14) Live humongous region 120 object size 1048592 start 0x00000000e7800000  with remset 0 code roots 0 is marked 0 reclaim candidate 0 type array 1
[2024-12-07T22:49:40.884+0800][2.343s][debug][gc,humongous      ] GC(14) Live humongous region 122 object size 1048592 start 0x00000000e7a00000  with remset 0 code roots 0 is marked 0 reclaim candidate 0 type array 1
[2024-12-07T22:49:40.885+0800][2.343s][debug][gc,humongous      ] GC(14) Live humongous region 124 object size 1048592 start 0x00000000e7c00000  with remset 0 code roots 0 is marked 0 reclaim candidate 0 type array 1
[2024-12-07T22:49:40.885+0800][2.343s][debug][gc,humongous      ] GC(14) Live humongous region 126 object size 1048592 start 0x00000000e7e00000  with remset 0 code roots 0 is marked 0 reclaim candidate 0 type array 1
[2024-12-07T22:49:40.885+0800][2.343s][debug][gc,humongous      ] GC(14) Live humongous region 128 object size 1048592 start 0x00000000e8000000  with remset 0 code roots 0 is marked 0 reclaim candidate 0 type array 1
[2024-12-07T22:49:40.885+0800][2.343s][debug][gc,humongous      ] GC(14) Live humongous region 130 object size 1048592 start 0x00000000e8200000  with remset 0 code roots 0 is marked 0 reclaim candidate 0 type array 1
[2024-12-07T22:49:40.885+0800][2.343s][debug][gc,humongous      ] GC(14) Live humongous region 132 object size 1048592 start 0x00000000e8400000  with remset 0 code roots 0 is marked 0 reclaim candidate 0 type array 1
[2024-12-07T22:49:40.885+0800][2.343s][debug][gc,humongous      ] GC(14) Live humongous region 134 object size 1048592 start 0x00000000e8600000  with remset 0 code roots 0 is marked 0 reclaim candidate 0 type array 1
[2024-12-07T22:49:40.885+0800][2.343s][debug][gc,humongous      ] GC(14) Live humongous region 136 object size 1048592 start 0x00000000e8800000  with remset 0 code roots 0 is marked 0 reclaim candidate 0 type array 1
[2024-12-07T22:49:40.885+0800][2.343s][debug][gc,humongous      ] GC(14) Live humongous region 138 object size 1048592 start 0x00000000e8a00000  with remset 0 code roots 0 is marked 0 reclaim candidate 0 type array 1
[2024-12-07T22:49:40.885+0800][2.343s][debug][gc,humongous      ] GC(14) Live humongous region 140 object size 1048592 start 0x00000000e8c00000  with remset 0 code roots 0 is marked 0 reclaim candidate 0 type array 1
[2024-12-07T22:49:40.885+0800][2.343s][debug][gc,humongous      ] GC(14) Live humongous region 142 object size 1048592 start 0x00000000e8e00000  with remset 0 code roots 0 is marked 0 reclaim candidate 0 type array 1
[2024-12-07T22:49:40.885+0800][2.343s][debug][gc,humongous      ] GC(14) Live humongous region 144 object size 1048592 start 0x00000000e9000000  with remset 0 code roots 0 is marked 0 reclaim candidate 0 type array 1
[2024-12-07T22:49:40.885+0800][2.344s][debug][gc,humongous      ] GC(14) Live humongous region 146 object size 1048592 start 0x00000000e9200000  with remset 0 code roots 0 is marked 0 reclaim candidate 0 type array 1
[2024-12-07T22:49:40.885+0800][2.344s][debug][gc,humongous      ] GC(14) Live humongous region 148 object size 1048592 start 0x00000000e9400000  with remset 0 code roots 0 is marked 0 reclaim candidate 0 type array 1
[2024-12-07T22:49:40.885+0800][2.344s][debug][gc,humongous      ] GC(14) Live humongous region 150 object size 1048592 start 0x00000000e9600000  with remset 0 code roots 0 is marked 0 reclaim candidate 0 type array 1
[2024-12-07T22:49:40.885+0800][2.344s][debug][gc,humongous      ] GC(14) Live humongous region 152 object size 1048592 start 0x00000000e9800000  with remset 0 code roots 0 is marked 0 reclaim candidate 0 type array 1
[2024-12-07T22:49:40.885+0800][2.344s][debug][gc,humongous      ] GC(14) Live humongous region 154 object size 1048592 start 0x00000000e9a00000  with remset 0 code roots 0 is marked 0 reclaim candidate 0 type array 1
[2024-12-07T22:49:40.886+0800][2.344s][debug][gc,humongous      ] GC(14) Live humongous region 156 object size 1048592 start 0x00000000e9c00000  with remset 0 code roots 0 is marked 0 reclaim candidate 0 type array 1
[2024-12-07T22:49:40.886+0800][2.344s][debug][gc,humongous      ] GC(14) Live humongous region 158 object size 1048592 start 0x00000000e9e00000  with remset 0 code roots 0 is marked 0 reclaim candidate 0 type array 1
[2024-12-07T22:49:40.886+0800][2.344s][debug][gc,humongous      ] GC(14) Live humongous region 160 object size 1048592 start 0x00000000ea000000  with remset 0 code roots 0 is marked 0 reclaim candidate 0 type array 1
[2024-12-07T22:49:40.886+0800][2.344s][debug][gc,humongous      ] GC(14) Live humongous region 162 object size 1048592 start 0x00000000ea200000  with remset 0 code roots 0 is marked 0 reclaim candidate 0 type array 1
[2024-12-07T22:49:40.886+0800][2.344s][debug][gc,humongous      ] GC(14) Live humongous region 164 object size 1048592 start 0x00000000ea400000  with remset 0 code roots 0 is marked 0 reclaim candidate 0 type array 1
[2024-12-07T22:49:40.886+0800][2.344s][debug][gc,humongous      ] GC(14) Live humongous region 166 object size 1048592 start 0x00000000ea600000  with remset 0 code roots 0 is marked 0 reclaim candidate 0 type array 1
[2024-12-07T22:49:40.886+0800][2.344s][debug][gc,humongous      ] GC(14) Dead humongous region 168 object size 1048592 start 0x00000000ea800000 with remset 0 code roots 0 is marked 0 reclaim candidate 1 type array 1
[2024-12-07T22:49:40.886+0800][2.344s][debug][gc,humongous      ] GC(14) Dead humongous region 170 object size 1048592 start 0x00000000eaa00000 with remset 0 code roots 0 is marked 0 reclaim candidate 1 type array 1
[2024-12-07T22:49:40.886+0800][2.344s][debug][gc,humongous      ] GC(14) Dead humongous region 172 object size 1048592 start 0x00000000eac00000 with remset 0 code roots 0 is marked 0 reclaim candidate 1 type array 1
[2024-12-07T22:49:40.886+0800][2.344s][debug][gc,humongous      ] GC(14) Dead humongous region 174 object size 1048592 start 0x00000000eae00000 with remset 0 code roots 0 is marked 0 reclaim candidate 1 type array 1
[2024-12-07T22:49:40.886+0800][2.344s][debug][gc,humongous      ] GC(14) Dead humongous region 176 object size 1048592 start 0x00000000eb000000 with remset 0 code roots 0 is marked 0 reclaim candidate 1 type array 1
[2024-12-07T22:49:40.886+0800][2.345s][debug][gc,humongous      ] GC(14) Dead humongous region 178 object size 1048592 start 0x00000000eb200000 with remset 0 code roots 0 is marked 0 reclaim candidate 1 type array 1
[2024-12-07T22:49:40.886+0800][2.345s][debug][gc,humongous      ] GC(14) Dead humongous region 180 object size 1048592 start 0x00000000eb400000 with remset 0 code roots 0 is marked 0 reclaim candidate 1 type array 1
[2024-12-07T22:49:40.886+0800][2.345s][debug][gc,humongous      ] GC(14) Dead humongous region 182 object size 1048592 start 0x00000000eb600000 with remset 0 code roots 0 is marked 0 reclaim candidate 1 type array 1
[2024-12-07T22:49:40.886+0800][2.345s][debug][gc,humongous      ] GC(14) Dead humongous region 184 object size 1048592 start 0x00000000eb800000 with remset 0 code roots 0 is marked 0 reclaim candidate 1 type array 1
[2024-12-07T22:49:40.887+0800][2.345s][debug][gc,humongous      ] GC(14) Dead humongous region 186 object size 1048592 start 0x00000000eba00000 with remset 0 code roots 0 is marked 0 reclaim candidate 1 type array 1
[2024-12-07T22:49:40.887+0800][2.345s][debug][gc,humongous      ] GC(14) Dead humongous region 188 object size 1048592 start 0x00000000ebc00000 with remset 0 code roots 0 is marked 0 reclaim candidate 1 type array 1
[2024-12-07T22:49:40.887+0800][2.345s][debug][gc,humongous      ] GC(14) Dead humongous region 190 object size 1048592 start 0x00000000ebe00000 with remset 0 code roots 0 is marked 0 reclaim candidate 1 type array 1
[2024-12-07T22:49:40.887+0800][2.345s][debug][gc,humongous      ] GC(14) Live humongous region 192 object size 1048592 start 0x00000000ec000000  with remset 0 code roots 0 is marked 0 reclaim candidate 0 type array 1
[2024-12-07T22:49:40.887+0800][2.345s][debug][gc,humongous      ] GC(14) Live humongous region 194 object size 1048592 start 0x00000000ec200000  with remset 0 code roots 0 is marked 0 reclaim candidate 0 type array 1
[2024-12-07T22:49:40.887+0800][2.345s][debug][gc,humongous      ] GC(14) Live humongous region 196 object size 1048592 start 0x00000000ec400000  with remset 0 code roots 0 is marked 0 reclaim candidate 0 type array 1
[2024-12-07T22:49:40.887+0800][2.345s][debug][gc,humongous      ] GC(14) Live humongous region 198 object size 1048592 start 0x00000000ec600000  with remset 0 code roots 0 is marked 0 reclaim candidate 0 type array 1
[2024-12-07T22:49:40.887+0800][2.345s][debug][gc,humongous      ] GC(14) Live humongous region 200 object size 1048592 start 0x00000000ec800000  with remset 0 code roots 0 is marked 0 reclaim candidate 0 type array 1
[2024-12-07T22:49:40.887+0800][2.345s][debug][gc,humongous      ] GC(14) Live humongous region 202 object size 1048592 start 0x00000000eca00000  with remset 0 code roots 0 is marked 0 reclaim candidate 0 type array 1
[2024-12-07T22:49:40.887+0800][2.346s][debug][gc,humongous      ] GC(14) Live humongous region 204 object size 1048592 start 0x00000000ecc00000  with remset 0 code roots 0 is marked 0 reclaim candidate 0 type array 1
[2024-12-07T22:49:40.887+0800][2.346s][debug][gc,humongous      ] GC(14) Live humongous region 206 object size 1048592 start 0x00000000ece00000  with remset 0 code roots 0 is marked 0 reclaim candidate 0 type array 1
[2024-12-07T22:49:40.887+0800][2.346s][debug][gc,humongous      ] GC(14) Live humongous region 208 object size 1048592 start 0x00000000ed000000  with remset 0 code roots 0 is marked 0 reclaim candidate 0 type array 1
[2024-12-07T22:49:40.887+0800][2.346s][debug][gc,humongous      ] GC(14) Live humongous region 210 object size 1048592 start 0x00000000ed200000  with remset 0 code roots 0 is marked 0 reclaim candidate 0 type array 1
[2024-12-07T22:49:40.887+0800][2.346s][debug][gc,humongous      ] GC(14) Live humongous region 212 object size 1048592 start 0x00000000ed400000  with remset 0 code roots 0 is marked 0 reclaim candidate 0 type array 1
[2024-12-07T22:49:40.888+0800][2.346s][debug][gc,humongous      ] GC(14) Live humongous region 214 object size 1048592 start 0x00000000ed600000  with remset 0 code roots 0 is marked 0 reclaim candidate 0 type array 1
[2024-12-07T22:49:40.888+0800][2.346s][debug][gc,humongous      ] GC(14) Live humongous region 216 object size 1048592 start 0x00000000ed800000  with remset 0 code roots 0 is marked 0 reclaim candidate 0 type array 1
[2024-12-07T22:49:40.888+0800][2.346s][debug][gc,humongous      ] GC(14) Live humongous region 218 object size 1048592 start 0x00000000eda00000  with remset 0 code roots 0 is marked 0 reclaim candidate 0 type array 1
[2024-12-07T22:49:40.888+0800][2.346s][debug][gc,humongous      ] GC(14) Live humongous region 220 object size 1048592 start 0x00000000edc00000  with remset 0 code roots 0 is marked 0 reclaim candidate 0 type array 1
[2024-12-07T22:49:40.888+0800][2.346s][debug][gc,humongous      ] GC(14) Live humongous region 222 object size 1048592 start 0x00000000ede00000  with remset 0 code roots 0 is marked 0 reclaim candidate 0 type array 1
[2024-12-07T22:49:40.888+0800][2.346s][debug][gc,plab           ] GC(14) Young PLAB allocation: allocated: 505344B, wasted: 2392B, unused: 26360B, used: 476592B, undo waste: 0B, 
[2024-12-07T22:49:40.888+0800][2.346s][debug][gc,plab           ] GC(14) Young other allocation: region end waste: 0B, regions filled: 1, direct allocated: 71608B, failure used: 0B, failure wasted: 0B
[2024-12-07T22:49:40.888+0800][2.346s][debug][gc,plab           ] GC(14) Young sizing: calculated: 95312B, actual: 95192B
[2024-12-07T22:49:40.888+0800][2.346s][debug][gc,plab           ] GC(14) Old PLAB allocation: allocated: 0B, wasted: 0B, unused: 0B, used: 0B, undo waste: 0B, 
[2024-12-07T22:49:40.888+0800][2.346s][debug][gc,plab           ] GC(14) Old other allocation: region end waste: 0B, regions filled: 0, direct allocated: 0B, failure used: 0B, failure wasted: 0B
[2024-12-07T22:49:40.888+0800][2.347s][debug][gc,plab           ] GC(14) Old sizing: calculated: 0B, actual: 2064B
[2024-12-07T22:49:40.888+0800][2.347s][debug][gc,alloc,stats    ] Old generation allocation in the last mutator period, old gen allocated: 0B, humongous allocated: 25165824B,old gen growth: 0B.
[2024-12-07T22:49:40.888+0800][2.347s][debug][gc,ihop           ] GC(14) Basic information (value update), threshold: 236873318B (45.00), target occupancy: 526385152B, current occupancy: 211029432B, recent allocation size: 25165824B, recent allocation duration: 99.16ms, recent old gen allocation rate: 253786887.67B/s, recent marking phase length: 0.00ms
[2024-12-07T22:49:40.888+0800][2.347s][debug][gc,ihop           ] GC(14) Adaptive IHOP information (value update), threshold: 236873318B (51.91), internal target occupancy: 456340275B, occupancy: 211029432B, additional buffer size: 26214400B, predicted old gen allocation rate: 152002950.13B/s, predicted marking phase length: 0.00ms, prediction active: false
[2024-12-07T22:49:40.888+0800][2.347s][debug][gc,ergo,refine    ] GC(14) Updated Refinement Zones: green: 18, yellow: 54, red: 90
[2024-12-07T22:49:40.889+0800][2.347s][info ][gc,phases         ] GC(14)   Pre Evacuate Collection Set: 0.2ms
[2024-12-07T22:49:40.889+0800][2.347s][debug][gc,phases         ] GC(14)     Prepare TLABs: 0.2ms
[2024-12-07T22:49:40.889+0800][2.347s][debug][gc,phases         ] GC(14)     Choose Collection Set: 0.1ms
[2024-12-07T22:49:40.889+0800][2.347s][debug][gc,phases         ] GC(14)     Humongous Register: 0.0ms
[2024-12-07T22:49:40.889+0800][2.347s][debug][gc,phases         ] GC(14)     Clear Claimed Marks: 0.0ms
[2024-12-07T22:49:40.889+0800][2.347s][info ][gc,phases         ] GC(14)   Evacuate Collection Set: 4.1ms
[2024-12-07T22:49:40.889+0800][2.347s][debug][gc,phases         ] GC(14)     Ext Root Scanning (ms):   Min:  0.1, Avg:  1.1, Max:  2.0, Diff:  1.9, Sum: 12.7, Workers: 12
[2024-12-07T22:49:40.889+0800][2.347s][debug][gc,phases         ] GC(14)     Update RS (ms):           Min:  0.0, Avg:  0.2, Max:  0.7, Diff:  0.7, Sum:  2.3, Workers: 12
[2024-12-07T22:49:40.889+0800][2.347s][debug][gc,phases         ] GC(14)       Processed Buffers:        Min: 0, Avg:  0.4, Max: 1, Diff: 1, Sum: 5, Workers: 12
[2024-12-07T22:49:40.889+0800][2.347s][debug][gc,phases         ] GC(14)       Scanned Cards:            Min: 0, Avg: 23.3, Max: 86, Diff: 86, Sum: 280, Workers: 12
[2024-12-07T22:49:40.889+0800][2.347s][debug][gc,phases         ] GC(14)       Skipped Cards:            Min: 0, Avg: 13.2, Max: 73, Diff: 73, Sum: 158, Workers: 12
[2024-12-07T22:49:40.889+0800][2.348s][debug][gc,phases         ] GC(14)     Scan RS (ms):             Min:  0.0, Avg:  0.2, Max:  0.6, Diff:  0.6, Sum:  1.9, Workers: 12
[2024-12-07T22:49:40.889+0800][2.348s][debug][gc,phases         ] GC(14)       Scanned Cards:            Min: 0, Avg: 17.7, Max: 70, Diff: 70, Sum: 212, Workers: 12
[2024-12-07T22:49:40.889+0800][2.348s][debug][gc,phases         ] GC(14)       Claimed Cards:            Min: 0, Avg: 23.3, Max: 128, Diff: 128, Sum: 280, Workers: 12
[2024-12-07T22:49:40.889+0800][2.348s][debug][gc,phases         ] GC(14)       Skipped Cards:            Min: 0, Avg: 70.0, Max: 256, Diff: 256, Sum: 840, Workers: 12
[2024-12-07T22:49:40.890+0800][2.348s][debug][gc,phases         ] GC(14)     Code Root Scanning (ms):  Min:  0.0, Avg:  0.0, Max:  0.0, Diff:  0.0, Sum:  0.0, Workers: 12
[2024-12-07T22:49:40.890+0800][2.348s][debug][gc,phases         ] GC(14)     AOT Root Scanning (ms):   skipped
[2024-12-07T22:49:40.890+0800][2.348s][debug][gc,phases         ] GC(14)     Object Copy (ms):         Min:  0.0, Avg:  0.1, Max:  0.4, Diff:  0.4, Sum:  0.8, Workers: 12
[2024-12-07T22:49:40.890+0800][2.348s][debug][gc,phases         ] GC(14)     Termination (ms):         Min:  0.0, Avg:  0.6, Max:  1.1, Diff:  1.1, Sum:  7.1, Workers: 12
[2024-12-07T22:49:40.890+0800][2.348s][debug][gc,phases         ] GC(14)       Termination Attempts:     Min: 1, Avg:  2.0, Max: 8, Diff: 7, Sum: 24, Workers: 12
[2024-12-07T22:49:40.890+0800][2.348s][debug][gc,phases         ] GC(14)     GC Worker Other (ms):     Min:  0.2, Avg:  0.9, Max:  1.6, Diff:  1.4, Sum: 10.8, Workers: 12
[2024-12-07T22:49:40.890+0800][2.348s][debug][gc,phases         ] GC(14)     GC Worker Total (ms):     Min:  2.1, Avg:  3.0, Max:  3.6, Diff:  1.4, Sum: 35.6, Workers: 12
[2024-12-07T22:49:40.890+0800][2.348s][info ][gc,phases         ] GC(14)   Post Evacuate Collection Set: 9.1ms
[2024-12-07T22:49:40.890+0800][2.348s][debug][gc,phases         ] GC(14)     Code Roots Fixup: 0.0ms
[2024-12-07T22:49:40.890+0800][2.348s][debug][gc,phases         ] GC(14)     Clear Card Table: 0.3ms
[2024-12-07T22:49:40.890+0800][2.348s][debug][gc,phases         ] GC(14)     Reference Processing: 0.4ms
[2024-12-07T22:49:40.890+0800][2.349s][debug][gc,phases,ref     ] GC(14)       Reconsider SoftReferences: 0.2ms
[2024-12-07T22:49:40.890+0800][2.349s][debug][gc,phases,ref     ] GC(14)         SoftRef (ms):             skipped
[2024-12-07T22:49:40.890+0800][2.349s][debug][gc,phases,ref     ] GC(14)       Notify Soft/WeakReferences: 0.0ms
[2024-12-07T22:49:40.890+0800][2.349s][debug][gc,phases,ref     ] GC(14)         SoftRef (ms):             Min:  0.0, Avg:  0.0, Max:  0.0, Diff:  0.0, Sum:  0.0, Workers: 1
[2024-12-07T22:49:40.890+0800][2.349s][debug][gc,phases,ref     ] GC(14)         WeakRef (ms):             Min:  0.0, Avg:  0.0, Max:  0.0, Diff:  0.0, Sum:  0.0, Workers: 1
[2024-12-07T22:49:40.891+0800][2.349s][debug][gc,phases,ref     ] GC(14)         FinalRef (ms):            Min:  0.0, Avg:  0.0, Max:  0.0, Diff:  0.0, Sum:  0.0, Workers: 1
[2024-12-07T22:49:40.891+0800][2.349s][debug][gc,phases,ref     ] GC(14)         Total (ms):               Min:  0.0, Avg:  0.0, Max:  0.0, Diff:  0.0, Sum:  0.0, Workers: 1
[2024-12-07T22:49:40.891+0800][2.349s][debug][gc,phases,ref     ] GC(14)       Notify and keep alive finalizable: 0.2ms
[2024-12-07T22:49:40.891+0800][2.349s][debug][gc,phases,ref     ] GC(14)         FinalRef (ms):            skipped
[2024-12-07T22:49:40.891+0800][2.349s][debug][gc,phases,ref     ] GC(14)       Notify PhantomReferences: 0.0ms
[2024-12-07T22:49:40.891+0800][2.349s][debug][gc,phases,ref     ] GC(14)         PhantomRef (ms):          Min:  0.0, Avg:  0.0, Max:  0.0, Diff:  0.0, Sum:  0.0, Workers: 1
[2024-12-07T22:49:40.891+0800][2.349s][debug][gc,phases,ref     ] GC(14)       SoftReference:
[2024-12-07T22:49:40.891+0800][2.349s][debug][gc,phases,ref     ] GC(14)         Discovered: 0
[2024-12-07T22:49:40.891+0800][2.349s][debug][gc,phases,ref     ] GC(14)         Cleared: 0
[2024-12-07T22:49:40.891+0800][2.349s][debug][gc,phases,ref     ] GC(14)       WeakReference:
[2024-12-07T22:49:40.891+0800][2.349s][debug][gc,phases,ref     ] GC(14)         Discovered: 43
[2024-12-07T22:49:40.891+0800][2.350s][debug][gc,phases,ref     ] GC(14)         Cleared: 43
[2024-12-07T22:49:40.891+0800][2.350s][debug][gc,phases,ref     ] GC(14)       FinalReference:
[2024-12-07T22:49:40.891+0800][2.350s][debug][gc,phases,ref     ] GC(14)         Discovered: 0
[2024-12-07T22:49:40.891+0800][2.350s][debug][gc,phases,ref     ] GC(14)         Cleared: 0
[2024-12-07T22:49:40.891+0800][2.350s][debug][gc,phases,ref     ] GC(14)       PhantomReference:
[2024-12-07T22:49:40.892+0800][2.350s][debug][gc,phases,ref     ] GC(14)         Discovered: 4
[2024-12-07T22:49:40.892+0800][2.350s][debug][gc,phases,ref     ] GC(14)         Cleared: 4
[2024-12-07T22:49:40.892+0800][2.350s][debug][gc,phases         ] GC(14)     Weak Processing: 0.0ms
[2024-12-07T22:49:40.892+0800][2.350s][debug][gc,phases         ] GC(14)     Merge Per-Thread State: 0.0ms
[2024-12-07T22:49:40.892+0800][2.350s][debug][gc,phases         ] GC(14)     Code Roots Purge: 0.0ms
[2024-12-07T22:49:40.892+0800][2.350s][debug][gc,phases         ] GC(14)     Redirty Cards: 0.1ms
[2024-12-07T22:49:40.892+0800][2.350s][debug][gc,phases         ] GC(14)     DerivedPointerTable Update: 0.0ms
[2024-12-07T22:49:40.892+0800][2.350s][debug][gc,phases         ] GC(14)     Free Collection Set: 0.2ms
[2024-12-07T22:49:40.892+0800][2.350s][debug][gc,phases         ] GC(14)     Humongous Reclaim: 8.1ms
[2024-12-07T22:49:40.892+0800][2.350s][debug][gc,phases         ] GC(14)     Start New Collection Set: 0.0ms
[2024-12-07T22:49:40.892+0800][2.350s][debug][gc,phases         ] GC(14)     Resize TLABs: 0.0ms
[2024-12-07T22:49:40.892+0800][2.351s][debug][gc,phases         ] GC(14)     Expand Heap After Collection: 0.0ms
[2024-12-07T22:49:40.892+0800][2.351s][info ][gc,phases         ] GC(14)   Other: 2.5ms
[2024-12-07T22:49:40.892+0800][2.351s][info ][gc,heap           ] GC(14) Eden regions: 1->0(24)
[2024-12-07T22:49:40.892+0800][2.351s][info ][gc,heap           ] GC(14) Survivor regions: 1->1(4)
[2024-12-07T22:49:40.892+0800][2.351s][info ][gc,heap           ] GC(14) Old regions: 2->2
[2024-12-07T22:49:40.893+0800][2.351s][info ][gc,heap           ] GC(14) Humongous regions: 224->200
[2024-12-07T22:49:40.893+0800][2.351s][info ][gc,metaspace      ] GC(14) Metaspace: 646K(4864K)->646K(4864K) NonClass: 593K(4352K)->593K(4352K) Class: 52K(512K)->52K(512K)
[2024-12-07T22:49:40.893+0800][2.351s][debug][gc,heap           ] GC(14) Heap after GC invocations=15 (full 0): garbage-first heap   total 516096K, used 206083K [0x00000000e0000000, 0x0000000100000000)
[2024-12-07T22:49:40.893+0800][2.351s][debug][gc,heap           ] GC(14)   region size 1024K, 1 young (1024K), 1 survivors (1024K)
[2024-12-07T22:49:40.893+0800][2.351s][debug][gc,heap           ] GC(14)  Metaspace       used 646K, capacity 4574K, committed 4864K, reserved 1056768K
[2024-12-07T22:49:40.893+0800][2.351s][debug][gc,heap           ] GC(14)   class space    used 52K, capacity 418K, committed 512K, reserved 1048576K
[2024-12-07T22:49:40.893+0800][2.351s][info ][gc                ] GC(14) Pause Young (Concurrent Start) (G1 Humongous Allocation) 225M->201M(504M) 19.310ms
[2024-12-07T22:49:40.893+0800][2.351s][info ][gc,cpu            ] GC(14) User=0.02s Sys=0.00s Real=0.02s
[2024-12-07T22:49:40.893+0800][2.351s][info ][gc                ] GC(15) Concurrent Cycle
[2024-12-07T22:49:40.893+0800][2.352s][info ][gc,marking        ] GC(15) Concurrent Clear Claimed Marks
[2024-12-07T22:49:40.893+0800][2.352s][info ][gc,marking        ] GC(15) Concurrent Clear Claimed Marks 0.097ms
[2024-12-07T22:49:40.893+0800][2.352s][info ][gc,marking        ] GC(15) Concurrent Scan Root Regions
[2024-12-07T22:49:40.893+0800][2.352s][debug][gc,ergo           ] GC(15) Running G1 Root Region Scan using 1 workers for 1 work units.
[2024-12-07T22:49:40.894+0800][2.352s][info ][gc,marking        ] GC(15) Concurrent Scan Root Regions 0.521ms
[2024-12-07T22:49:40.894+0800][2.352s][info ][gc,marking        ] GC(15) Concurrent Mark (2.352s)
[2024-12-07T22:49:40.894+0800][2.353s][info ][gc,marking        ] GC(15) Concurrent Mark From Roots
[2024-12-07T22:49:40.894+0800][2.353s][info ][gc,task           ] GC(15) Using 5 workers of 5 for marking
[2024-12-07T22:49:40.895+0800][2.353s][debug][gc,stats          ] ---------------------------------------------------------------------
[2024-12-07T22:49:40.895+0800][2.353s][debug][gc,stats          ] Marking Stats, task = 0, calls = 25
[2024-12-07T22:49:40.895+0800][2.353s][debug][gc,stats          ]   Elapsed time = 0.47ms, Termination time = 0.00ms
[2024-12-07T22:49:40.895+0800][2.353s][debug][gc,stats          ]   Step Times (cum): num = 697, avg = 0.01ms, sd = 0.14ms max = 3.31ms, total = 5.00ms
[2024-12-07T22:49:40.895+0800][2.353s][debug][gc,stats          ]   Mark Stats Cache: hits 6099 misses 101 ratio 98.371
[2024-12-07T22:49:40.895+0800][2.354s][debug][gc,stats          ] ---------------------------------------------------------------------
[2024-12-07T22:49:40.895+0800][2.354s][debug][gc,stats          ] Marking Stats, task = 1, calls = 27
[2024-12-07T22:49:40.896+0800][2.354s][debug][gc,stats          ]   Elapsed time = 0.47ms, Termination time = 0.00ms
[2024-12-07T22:49:40.896+0800][2.354s][debug][gc,stats          ]   Step Times (cum): num = 199, avg = 0.02ms, sd = 0.25ms max = 3.28ms, total = 4.51ms
[2024-12-07T22:49:40.896+0800][2.354s][debug][gc,stats          ]   Mark Stats Cache: hits 686 misses 2 ratio 99.709
[2024-12-07T22:49:40.896+0800][2.354s][debug][gc,stats          ] ---------------------------------------------------------------------
[2024-12-07T22:49:40.896+0800][2.354s][debug][gc,stats          ] Marking Stats, task = 2, calls = 27
[2024-12-07T22:49:40.896+0800][2.355s][debug][gc,stats          ]   Elapsed time = 0.46ms, Termination time = 0.00ms
[2024-12-07T22:49:40.896+0800][2.355s][debug][gc,stats          ]   Step Times (cum): num = 162, avg = 0.03ms, sd = 0.28ms max = 3.30ms, total = 4.93ms
[2024-12-07T22:49:40.896+0800][2.355s][debug][gc,stats          ]   Mark Stats Cache: hits 703 misses 1 ratio 99.858
[2024-12-07T22:49:40.896+0800][2.355s][debug][gc,stats          ] ---------------------------------------------------------------------
[2024-12-07T22:49:40.896+0800][2.355s][debug][gc,stats          ] Marking Stats, task = 3, calls = 1
[2024-12-07T22:49:40.897+0800][2.355s][debug][gc,stats          ]   Elapsed time = 0.44ms, Termination time = 0.00ms
[2024-12-07T22:49:40.897+0800][2.355s][debug][gc,stats          ]   Step Times (cum): num = 189, avg = 0.03ms, sd = 0.26ms max = 3.30ms, total = 4.93ms
[2024-12-07T22:49:40.897+0800][2.355s][debug][gc,stats          ]   Mark Stats Cache: hits 4830 misses 2 ratio 99.959
[2024-12-07T22:49:40.897+0800][2.355s][debug][gc,stats          ] ---------------------------------------------------------------------
[2024-12-07T22:49:40.897+0800][2.355s][debug][gc,stats          ] Marking Stats, task = 4, calls = 32
[2024-12-07T22:49:40.897+0800][2.355s][debug][gc,stats          ]   Elapsed time = 0.44ms, Termination time = 0.00ms
[2024-12-07T22:49:40.897+0800][2.355s][debug][gc,stats          ]   Step Times (cum): num = 231, avg = 0.02ms, sd = 0.23ms max = 3.32ms, total = 4.96ms
[2024-12-07T22:49:40.897+0800][2.355s][debug][gc,stats          ]   Mark Stats Cache: hits 709 misses 1 ratio 99.859
[2024-12-07T22:49:40.897+0800][2.355s][debug][gc,stats          ] ---------------------------------------------------------------------
[2024-12-07T22:49:40.897+0800][2.355s][info ][gc,marking        ] GC(15) Concurrent Mark From Roots 2.887ms
[2024-12-07T22:49:40.897+0800][2.355s][info ][gc,marking        ] GC(15) Concurrent Preclean
[2024-12-07T22:49:40.897+0800][2.356s][debug][gc,ref,start      ] GC(15) Preclean SoftReferences
[2024-12-07T22:49:40.897+0800][2.356s][debug][gc,ref            ] GC(15) Preclean SoftReferences 0.074ms
[2024-12-07T22:49:40.897+0800][2.356s][debug][gc,ref,start      ] GC(15) Preclean WeakReferences
[2024-12-07T22:49:40.897+0800][2.356s][debug][gc,ref            ] GC(15) Preclean WeakReferences 0.073ms
[2024-12-07T22:49:40.897+0800][2.356s][debug][gc,ref,start      ] GC(15) Preclean FinalReferences
[2024-12-07T22:49:40.898+0800][2.356s][debug][gc,ref            ] GC(15) Preclean FinalReferences 0.086ms
[2024-12-07T22:49:40.898+0800][2.356s][debug][gc,ref,start      ] GC(15) Preclean PhantomReferences
[2024-12-07T22:49:40.898+0800][2.356s][debug][gc,ref            ] GC(15) Preclean PhantomReferences 0.071ms
[2024-12-07T22:49:40.898+0800][2.356s][info ][gc,marking        ] GC(15) Concurrent Preclean 0.620ms
[2024-12-07T22:49:40.898+0800][2.356s][info ][gc,marking        ] GC(15) Concurrent Mark (2.352s, 2.356s) 3.751ms
[2024-12-07T22:49:40.898+0800][2.356s][info ][gc,start          ] GC(15) Pause Remark
[2024-12-07T22:49:40.898+0800][2.356s][debug][gc,phases,start   ] GC(15) Finalize Marking
[2024-12-07T22:49:40.900+0800][2.358s][debug][gc,stats          ] ---------------------------------------------------------------------
[2024-12-07T22:49:40.900+0800][2.358s][debug][gc,stats          ] Marking Stats, task = 0, calls = 98
[2024-12-07T22:49:40.900+0800][2.358s][debug][gc,stats          ]   Elapsed time = 1.38ms, Termination time = 1.24ms
[2024-12-07T22:49:40.900+0800][2.358s][debug][gc,stats          ]   Step Times (cum): num = 770, avg = 0.01ms, sd = 0.14ms max = 3.31ms, total = 6.24ms
[2024-12-07T22:49:40.900+0800][2.358s][debug][gc,stats          ]   Mark Stats Cache: hits 6099 misses 101 ratio 98.371
[2024-12-07T22:49:40.900+0800][2.358s][debug][gc,stats          ] ---------------------------------------------------------------------
[2024-12-07T22:49:40.900+0800][2.358s][debug][gc,stats          ] Marking Stats, task = 1, calls = 28
[2024-12-07T22:49:40.900+0800][2.358s][debug][gc,stats          ]   Elapsed time = 1.35ms, Termination time = 1.24ms
[2024-12-07T22:49:40.900+0800][2.359s][debug][gc,stats          ]   Step Times (cum): num = 200, avg = 0.03ms, sd = 0.26ms max = 3.28ms, total = 5.75ms
[2024-12-07T22:49:40.900+0800][2.359s][debug][gc,stats          ]   Mark Stats Cache: hits 686 misses 2 ratio 99.709
[2024-12-07T22:49:40.900+0800][2.359s][debug][gc,stats          ] ---------------------------------------------------------------------
[2024-12-07T22:49:40.900+0800][2.359s][debug][gc,stats          ] Marking Stats, task = 2, calls = 28
[2024-12-07T22:49:40.900+0800][2.359s][debug][gc,stats          ]   Elapsed time = 1.35ms, Termination time = 1.25ms
[2024-12-07T22:49:40.901+0800][2.359s][debug][gc,stats          ]   Step Times (cum): num = 163, avg = 0.04ms, sd = 0.29ms max = 3.30ms, total = 6.18ms
[2024-12-07T22:49:40.901+0800][2.359s][debug][gc,stats          ]   Mark Stats Cache: hits 703 misses 1 ratio 99.858
[2024-12-07T22:49:40.901+0800][2.359s][debug][gc,stats          ] ---------------------------------------------------------------------
[2024-12-07T22:49:40.901+0800][2.359s][debug][gc,stats          ] Marking Stats, task = 3, calls = 2
[2024-12-07T22:49:40.901+0800][2.359s][debug][gc,stats          ]   Elapsed time = 1.35ms, Termination time = 1.24ms
[2024-12-07T22:49:40.901+0800][2.359s][debug][gc,stats          ]   Step Times (cum): num = 190, avg = 0.03ms, sd = 0.27ms max = 3.30ms, total = 6.17ms
[2024-12-07T22:49:40.901+0800][2.359s][debug][gc,stats          ]   Mark Stats Cache: hits 4830 misses 2 ratio 99.959
[2024-12-07T22:49:40.901+0800][2.359s][debug][gc,stats          ] ---------------------------------------------------------------------
[2024-12-07T22:49:40.901+0800][2.359s][debug][gc,stats          ] Marking Stats, task = 4, calls = 33
[2024-12-07T22:49:40.901+0800][2.359s][debug][gc,stats          ]   Elapsed time = 1.35ms, Termination time = 1.19ms
[2024-12-07T22:49:40.901+0800][2.360s][debug][gc,stats          ]   Step Times (cum): num = 232, avg = 0.03ms, sd = 0.25ms max = 3.32ms, total = 6.15ms
[2024-12-07T22:49:40.901+0800][2.360s][debug][gc,stats          ]   Mark Stats Cache: hits 709 misses 1 ratio 99.859
[2024-12-07T22:49:40.901+0800][2.360s][debug][gc,stats          ] ---------------------------------------------------------------------
[2024-12-07T22:49:40.901+0800][2.360s][debug][gc,stats          ] Marking Stats, task = 5, calls = 1
[2024-12-07T22:49:40.902+0800][2.360s][debug][gc,stats          ]   Elapsed time = 1.31ms, Termination time = 1.15ms
[2024-12-07T22:49:40.902+0800][2.360s][debug][gc,stats          ]   Step Times (cum): num = 8, avg = 0.66ms, sd = 1.09ms max = 3.33ms, total = 5.29ms
[2024-12-07T22:49:40.902+0800][2.360s][debug][gc,stats          ]   Mark Stats Cache: hits 0 misses 0 ratio 0.000
[2024-12-07T22:49:40.902+0800][2.360s][debug][gc,stats          ] ---------------------------------------------------------------------
[2024-12-07T22:49:40.902+0800][2.360s][debug][gc,stats          ] Marking Stats, task = 6, calls = 1
[2024-12-07T22:49:40.902+0800][2.360s][debug][gc,stats          ]   Elapsed time = 1.33ms, Termination time = 1.17ms
[2024-12-07T22:49:40.902+0800][2.360s][debug][gc,stats          ]   Step Times (cum): num = 8, avg = 0.65ms, sd = 1.06ms max = 3.20ms, total = 5.19ms
[2024-12-07T22:49:40.902+0800][2.360s][debug][gc,stats          ]   Mark Stats Cache: hits 0 misses 0 ratio 0.000
[2024-12-07T22:49:40.902+0800][2.360s][debug][gc,stats          ] ---------------------------------------------------------------------
[2024-12-07T22:49:40.902+0800][2.361s][debug][gc,stats          ] Marking Stats, task = 7, calls = 1
[2024-12-07T22:49:40.902+0800][2.361s][debug][gc,stats          ]   Elapsed time = 1.31ms, Termination time = 1.13ms
[2024-12-07T22:49:40.902+0800][2.361s][debug][gc,stats          ]   Step Times (cum): num = 8, avg = 0.68ms, sd = 1.00ms max = 3.08ms, total = 5.42ms
[2024-12-07T22:49:40.902+0800][2.361s][debug][gc,stats          ]   Mark Stats Cache: hits 0 misses 0 ratio 0.000
[2024-12-07T22:49:40.903+0800][2.361s][debug][gc,stats          ] ---------------------------------------------------------------------
[2024-12-07T22:49:40.903+0800][2.361s][debug][gc,stats          ] Marking Stats, task = 8, calls = 1
[2024-12-07T22:49:40.903+0800][2.361s][debug][gc,stats          ]   Elapsed time = 1.31ms, Termination time = 1.11ms
[2024-12-07T22:49:40.903+0800][2.361s][debug][gc,stats          ]   Step Times (cum): num = 8, avg = 0.67ms, sd = 1.02ms max = 3.12ms, total = 5.39ms
[2024-12-07T22:49:40.903+0800][2.361s][debug][gc,stats          ]   Mark Stats Cache: hits 0 misses 0 ratio 0.000
[2024-12-07T22:49:40.903+0800][2.361s][debug][gc,stats          ] ---------------------------------------------------------------------
[2024-12-07T22:49:40.903+0800][2.362s][debug][gc,stats          ] Marking Stats, task = 9, calls = 1
[2024-12-07T22:49:40.903+0800][2.362s][debug][gc,stats          ]   Elapsed time = 1.31ms, Termination time = 1.11ms
[2024-12-07T22:49:40.903+0800][2.362s][debug][gc,stats          ]   Step Times (cum): num = 8, avg = 0.68ms, sd = 1.12ms max = 3.40ms, total = 5.48ms
[2024-12-07T22:49:40.903+0800][2.362s][debug][gc,stats          ]   Mark Stats Cache: hits 0 misses 0 ratio 0.000
[2024-12-07T22:49:40.903+0800][2.362s][debug][gc,stats          ] ---------------------------------------------------------------------
[2024-12-07T22:49:40.904+0800][2.362s][debug][gc,stats          ] Marking Stats, task = 10, calls = 1
[2024-12-07T22:49:40.904+0800][2.362s][debug][gc,stats          ]   Elapsed time = 1.24ms, Termination time = 1.08ms
[2024-12-07T22:49:40.904+0800][2.362s][debug][gc,stats          ]   Step Times (cum): num = 8, avg = 0.70ms, sd = 1.12ms max = 3.41ms, total = 5.63ms
[2024-12-07T22:49:40.904+0800][2.362s][debug][gc,stats          ]   Mark Stats Cache: hits 0 misses 0 ratio 0.000
[2024-12-07T22:49:40.904+0800][2.362s][debug][gc,stats          ] ---------------------------------------------------------------------
[2024-12-07T22:49:40.904+0800][2.362s][debug][gc,stats          ] Marking Stats, task = 11, calls = 1
[2024-12-07T22:49:40.904+0800][2.362s][debug][gc,stats          ]   Elapsed time = 0.00ms, Termination time = 0.00ms
[2024-12-07T22:49:40.904+0800][2.363s][debug][gc,stats          ]   Step Times (cum): num = 8, avg = 0.00ms, sd = 0.00ms max = 0.00ms, total = 0.00ms
[2024-12-07T22:49:40.904+0800][2.363s][debug][gc,stats          ]   Mark Stats Cache: hits 0 misses 0 ratio 0.000
[2024-12-07T22:49:40.904+0800][2.363s][debug][gc,stats          ] ---------------------------------------------------------------------
[2024-12-07T22:49:40.904+0800][2.363s][debug][gc,phases         ] GC(15) Finalize Marking 6.299ms
[2024-12-07T22:49:40.904+0800][2.363s][debug][gc,phases,start   ] GC(15) Reference Processing
[2024-12-07T22:49:40.905+0800][2.363s][debug][gc,ref            ] GC(15) Skipped phase1 of Reference Processing due to unavailable references
[2024-12-07T22:49:40.905+0800][2.363s][debug][gc,ref            ] GC(15) Skipped phase2 of Reference Processing due to unavailable references
[2024-12-07T22:49:40.905+0800][2.363s][debug][gc,ref            ] GC(15) Skipped phase3 of Reference Processing due to unavailable references
[2024-12-07T22:49:40.905+0800][2.363s][debug][gc,ref            ] GC(15) Skipped phase4 of Reference Processing due to unavailable references
[2024-12-07T22:49:40.905+0800][2.363s][debug][gc,phases,ref     ] GC(15) Reference Processing: 0.3ms
[2024-12-07T22:49:40.905+0800][2.363s][debug][gc,phases,ref     ] GC(15)   Reconsider SoftReferences: 0.1ms
[2024-12-07T22:49:40.905+0800][2.363s][debug][gc,phases,ref     ] GC(15)     SoftRef (ms):             skipped
[2024-12-07T22:49:40.905+0800][2.364s][debug][gc,phases,ref     ] GC(15)   Notify Soft/WeakReferences: 0.1ms
[2024-12-07T22:49:40.905+0800][2.364s][debug][gc,phases,ref     ] GC(15)     SoftRef (ms):             skipped
[2024-12-07T22:49:40.906+0800][2.364s][debug][gc,phases,ref     ] GC(15)     WeakRef (ms):             skipped
[2024-12-07T22:49:40.906+0800][2.364s][debug][gc,phases,ref     ] GC(15)     FinalRef (ms):            skipped
[2024-12-07T22:49:40.906+0800][2.364s][debug][gc,phases,ref     ] GC(15)     Total (ms):               skipped
[2024-12-07T22:49:40.906+0800][2.364s][debug][gc,phases,ref     ] GC(15)   Notify and keep alive finalizable: 0.1ms
[2024-12-07T22:49:40.906+0800][2.364s][debug][gc,phases,ref     ] GC(15)     FinalRef (ms):            skipped
[2024-12-07T22:49:40.906+0800][2.364s][debug][gc,phases,ref     ] GC(15)   Notify PhantomReferences: 0.1ms
[2024-12-07T22:49:40.906+0800][2.365s][debug][gc,phases,ref     ] GC(15)     PhantomRef (ms):          skipped
[2024-12-07T22:49:40.906+0800][2.365s][debug][gc,phases,ref     ] GC(15)   SoftReference:
[2024-12-07T22:49:40.906+0800][2.365s][debug][gc,phases,ref     ] GC(15)     Discovered: 0
[2024-12-07T22:49:40.907+0800][2.365s][debug][gc,phases,ref     ] GC(15)     Cleared: 0
[2024-12-07T22:49:40.907+0800][2.365s][debug][gc,phases,ref     ] GC(15)   WeakReference:
[2024-12-07T22:49:40.907+0800][2.365s][debug][gc,phases,ref     ] GC(15)     Discovered: 0
[2024-12-07T22:49:40.907+0800][2.365s][debug][gc,phases,ref     ] GC(15)     Cleared: 0
[2024-12-07T22:49:40.907+0800][2.365s][debug][gc,phases,ref     ] GC(15)   FinalReference:
[2024-12-07T22:49:40.907+0800][2.365s][debug][gc,phases,ref     ] GC(15)     Discovered: 0
[2024-12-07T22:49:40.907+0800][2.366s][debug][gc,phases,ref     ] GC(15)     Cleared: 0
[2024-12-07T22:49:40.907+0800][2.366s][debug][gc,phases,ref     ] GC(15)   PhantomReference:
[2024-12-07T22:49:40.907+0800][2.366s][debug][gc,phases,ref     ] GC(15)     Discovered: 0
[2024-12-07T22:49:40.908+0800][2.366s][debug][gc,phases,ref     ] GC(15)     Cleared: 0
[2024-12-07T22:49:40.908+0800][2.366s][debug][gc,phases         ] GC(15) Reference Processing 3.129ms
[2024-12-07T22:49:40.908+0800][2.366s][debug][gc,phases,start   ] GC(15) Weak Processing
[2024-12-07T22:49:40.908+0800][2.366s][debug][gc,phases         ] GC(15) Weak Processing 0.088ms
[2024-12-07T22:49:40.908+0800][2.366s][debug][gc,phases,start   ] GC(15) Class Unloading
[2024-12-07T22:49:40.908+0800][2.366s][debug][gc,phases,start   ] GC(15) ClassLoaderData
[2024-12-07T22:49:40.908+0800][2.366s][debug][gc,phases         ] GC(15) ClassLoaderData 0.092ms
[2024-12-07T22:49:40.908+0800][2.366s][debug][gc,phases,start   ] GC(15) ProtectionDomainCacheTable
[2024-12-07T22:49:40.908+0800][2.367s][debug][gc,phases         ] GC(15) ProtectionDomainCacheTable 0.087ms
[2024-12-07T22:49:40.909+0800][2.367s][info ][gc,stringtable    ] GC(15) Cleaned string and symbol table, strings: 68 processed, 0 removed, symbols: 226 processed, 0 removed
[2024-12-07T22:49:40.909+0800][2.367s][debug][gc,phases         ] GC(15) Class Unloading 0.799ms
[2024-12-07T22:49:40.909+0800][2.367s][debug][gc,phases,start   ] GC(15) Flush Task Caches
[2024-12-07T22:49:40.909+0800][2.367s][debug][gc,stats          ] Mark stats cache hits 13027 misses 107 ratio 99.185
[2024-12-07T22:49:40.909+0800][2.367s][debug][gc,phases         ] GC(15) Flush Task Caches 0.194ms
[2024-12-07T22:49:40.909+0800][2.367s][debug][gc,phases,start   ] GC(15) Update Remembered Set Tracking Before Rebuild
[2024-12-07T22:49:40.909+0800][2.367s][debug][gc,ergo           ] GC(15) Running G1 Update RemSet Tracking Before Rebuild using 2 workers for 504 regions in heap
[2024-12-07T22:49:40.909+0800][2.368s][debug][gc,remset,tracking] GC(15) Remembered Set Tracking update regions total 504, selected 0
[2024-12-07T22:49:40.909+0800][2.368s][debug][gc,phases         ] GC(15) Update Remembered Set Tracking Before Rebuild 0.320ms
[2024-12-07T22:49:40.909+0800][2.368s][debug][gc,phases,start   ] GC(15) Reclaim Empty Regions
[2024-12-07T22:49:40.910+0800][2.368s][debug][gc,phases         ] GC(15) Reclaim Empty Regions 0.225ms
[2024-12-07T22:49:40.910+0800][2.368s][debug][gc,phases,start   ] GC(15) Purge Metaspace
[2024-12-07T22:49:40.910+0800][2.368s][debug][gc,phases         ] GC(15) Purge Metaspace 0.086ms
[2024-12-07T22:49:40.910+0800][2.368s][debug][gc,phases,start   ] GC(15) Report Object Count
[2024-12-07T22:49:40.910+0800][2.368s][debug][gc,phases         ] GC(15) Report Object Count 0.085ms
[2024-12-07T22:49:40.910+0800][2.368s][info ][gc                ] GC(15) Pause Remark 209M->209M(504M) 12.081ms
[2024-12-07T22:49:40.910+0800][2.369s][info ][gc,cpu            ] GC(15) User=0.02s Sys=0.00s Real=0.02s
[2024-12-07T22:49:40.910+0800][2.369s][info ][gc,marking        ] GC(15) Concurrent Rebuild Remembered Sets
[2024-12-07T22:49:40.911+0800][2.369s][info ][gc,marking        ] GC(15) Concurrent Rebuild Remembered Sets 0.289ms
[2024-12-07T22:49:40.911+0800][2.369s][info ][gc,start          ] GC(15) Pause Cleanup
[2024-12-07T22:49:40.911+0800][2.369s][debug][gc,phases,start   ] GC(15) Update Remembered Set Tracking After Rebuild
[2024-12-07T22:49:40.911+0800][2.369s][debug][gc,phases         ] GC(15) Update Remembered Set Tracking After Rebuild 0.090ms
[2024-12-07T22:49:40.911+0800][2.369s][debug][gc,phases,start   ] GC(15) Finalize Concurrent Mark Cleanup
[2024-12-07T22:49:40.911+0800][2.370s][debug][gc,ergo           ] GC(15) request young-only gcs (candidate old regions not available)
[2024-12-07T22:49:40.911+0800][2.370s][debug][gc,phases         ] GC(15) Finalize Concurrent Mark Cleanup 0.373ms
[2024-12-07T22:49:40.912+0800][2.370s][info ][gc                ] GC(15) Pause Cleanup 209M->209M(504M) 0.762ms
[2024-12-07T22:49:40.912+0800][2.370s][info ][gc,cpu            ] GC(15) User=0.00s Sys=0.00s Real=0.00s
[2024-12-07T22:49:40.912+0800][2.370s][info ][gc,marking        ] GC(15) Concurrent Cleanup for Next Mark
[2024-12-07T22:49:40.912+0800][2.370s][debug][gc,ergo           ] GC(15) Running G1 Clear Bitmap with 5 workers for 8 work units.
[2024-12-07T22:49:40.912+0800][2.371s][info ][gc,marking        ] GC(15) Concurrent Cleanup for Next Mark 0.485ms
[2024-12-07T22:49:40.913+0800][2.371s][info ][gc                ] GC(15) Concurrent Cycle 19.350ms
[2024-12-07T22:49:40.997+0800][2.455s][debug][gc,ergo,ihop      ] Request concurrent cycle initiation (occupancy higher than threshold) occupancy: 236978176B allocation request: 1048592B threshold: 236873318B (44.82) source: concurrent humongous allocation
[2024-12-07T22:49:40.998+0800][2.457s][debug][gc,ergo           ] Request concurrent cycle initiation (requested by GC cause). GC cause: G1 Humongous Allocation
[2024-12-07T22:49:40.999+0800][2.457s][debug][gc,heap           ] GC(16) Heap before GC invocations=16 (full 0): garbage-first heap   total 516096K, used 230659K [0x00000000e0000000, 0x0000000100000000)
[2024-12-07T22:49:41.000+0800][2.458s][debug][gc,heap           ] GC(16)   region size 1024K, 2 young (2048K), 1 survivors (1024K)
[2024-12-07T22:49:41.000+0800][2.459s][debug][gc,heap           ] GC(16)  Metaspace       used 647K, capacity 4574K, committed 4864K, reserved 1056768K
[2024-12-07T22:49:41.001+0800][2.459s][debug][gc,heap           ] GC(16)   class space    used 52K, capacity 418K, committed 512K, reserved 1048576K
[2024-12-07T22:49:41.001+0800][2.460s][debug][gc,ergo           ] GC(16) Initiate concurrent cycle (concurrent cycle initiation requested)
[2024-12-07T22:49:41.002+0800][2.460s][info ][gc,start          ] GC(16) Pause Young (Concurrent Start) (G1 Humongous Allocation)
[2024-12-07T22:49:41.002+0800][2.460s][info ][gc,task           ] GC(16) Using 12 workers of 18 for evacuation
[2024-12-07T22:49:41.002+0800][2.461s][debug][gc,tlab           ] GC(16) TLAB totals: thrds: 1  refills: 1 max: 1 slow allocs: 12 max 12 waste: 99.5% gc: 500632B max: 500632B slow: 0B max: 0B fast: 0B max: 0B
[2024-12-07T22:49:41.003+0800][2.461s][debug][gc,alloc,region   ] GC(16) Mutator Allocation stats, regions: 1, wasted size: 0B ( 0.0%)
[2024-12-07T22:49:41.003+0800][2.461s][debug][gc,age            ] GC(16) Desired survivor size 2097152 bytes, new threshold 15 (max threshold 15)
[2024-12-07T22:49:41.003+0800][2.461s][debug][gc,ergo,cset      ] GC(16) Finish choosing CSet. old: 0 regions, predicted old region time: 0.00ms, time remaining: 180.59
[2024-12-07T22:49:41.003+0800][2.462s][debug][gc,task,stats     ] GC(16) GC Termination Stats
[2024-12-07T22:49:41.003+0800][2.462s][debug][gc,task,stats     ] GC(16)      elapsed  --strong roots-- -------termination------- ------waste (KiB)------
[2024-12-07T22:49:41.004+0800][2.462s][debug][gc,task,stats     ] GC(16) thr     ms        ms      %        ms      %    attempts  total   alloc    undo
[2024-12-07T22:49:41.004+0800][2.462s][debug][gc,task,stats     ] GC(16) --- --------- --------- ------ --------- ------ -------- ------- ------- -------
[2024-12-07T22:49:41.010+0800][2.468s][debug][gc,task,stats     ] GC(16)  11      5.53      5.52  99.95      0.00   0.00        1       0       0       0
[2024-12-07T22:49:41.010+0800][2.468s][debug][gc,task,stats     ] GC(16)   2      5.80      2.26  38.92      3.51  60.51        1       0       0       0
[2024-12-07T22:49:41.010+0800][2.468s][debug][gc,task,stats     ] GC(16)   6      5.85      4.50  76.80      1.18  20.22        1       0       0       0
[2024-12-07T22:49:41.010+0800][2.468s][debug][gc,task,stats     ] GC(16)   1      6.22      2.04  32.87      3.72  59.74        1       0       0       0
[2024-12-07T22:49:41.010+0800][2.469s][debug][gc,task,stats     ] GC(16)   7      6.35      4.57  71.97      1.05  16.51        1       0       0       0
[2024-12-07T22:49:41.011+0800][2.469s][debug][gc,task,stats     ] GC(16)   0      6.61      1.78  26.94      3.86  58.49        1       1       1       0
[2024-12-07T22:49:41.011+0800][2.469s][debug][gc,task,stats     ] GC(16)  10      6.56      4.96  75.53      0.61   9.34        1       0       0       0
[2024-12-07T22:49:41.011+0800][2.469s][debug][gc,task,stats     ] GC(16)   5      6.73      1.73  25.68      3.85  57.24        1       0       0       0
[2024-12-07T22:49:41.011+0800][2.469s][debug][gc,task,stats     ] GC(16)   4      6.83      4.42  64.81      1.19  17.38        1       0       0       0
[2024-12-07T22:49:41.011+0800][2.469s][debug][gc,task,stats     ] GC(16)   3      6.93      1.71  24.73      3.85  55.53        1       0       0       0
[2024-12-07T22:49:41.011+0800][2.469s][debug][gc,task,stats     ] GC(16)   9      6.96      5.51  79.17      0.04   0.52        1       0       0       0
[2024-12-07T22:49:41.011+0800][2.469s][debug][gc,task,stats     ] GC(16)   8      7.06      4.60  65.24      0.95  13.44        1       0       0       0
[2024-12-07T22:49:41.011+0800][2.470s][debug][gc,ergo           ] GC(16) Running G1 Clear Card Table Task using 1 workers for 1 units of work for 3 regions.
[2024-12-07T22:49:41.011+0800][2.470s][debug][gc,ref            ] GC(16) Skipped phase1 of Reference Processing due to unavailable references
[2024-12-07T22:49:41.011+0800][2.470s][debug][gc,ref            ] GC(16) Skipped phase3 of Reference Processing due to unavailable references
[2024-12-07T22:49:41.012+0800][2.470s][debug][gc,ergo           ] GC(16) Running G1 Free Collection Set using 1 workers for collection set length 2
[2024-12-07T22:49:41.012+0800][2.470s][debug][gc,humongous      ] GC(16) Live humongous region 0 object size 1048592 start 0x00000000e0000000  with remset 0 code roots 0 is marked 0 reclaim candidate 0 type array 1
[2024-12-07T22:49:41.012+0800][2.470s][debug][gc,humongous      ] GC(16) Live humongous region 2 object size 1048592 start 0x00000000e0200000  with remset 0 code roots 0 is marked 0 reclaim candidate 0 type array 1
[2024-12-07T22:49:41.012+0800][2.470s][debug][gc,humongous      ] GC(16) Live humongous region 4 object size 1048592 start 0x00000000e0400000  with remset 0 code roots 0 is marked 0 reclaim candidate 0 type array 1
[2024-12-07T22:49:41.012+0800][2.470s][debug][gc,humongous      ] GC(16) Live humongous region 6 object size 1048592 start 0x00000000e0600000  with remset 0 code roots 0 is marked 0 reclaim candidate 0 type array 1
[2024-12-07T22:49:41.012+0800][2.470s][debug][gc,humongous      ] GC(16) Live humongous region 8 object size 1048592 start 0x00000000e0800000  with remset 0 code roots 0 is marked 0 reclaim candidate 0 type array 1
[2024-12-07T22:49:41.012+0800][2.470s][debug][gc,humongous      ] GC(16) Live humongous region 10 object size 1048592 start 0x00000000e0a00000  with remset 0 code roots 0 is marked 0 reclaim candidate 0 type array 1
[2024-12-07T22:49:41.012+0800][2.470s][debug][gc,humongous      ] GC(16) Live humongous region 12 object size 1048592 start 0x00000000e0c00000  with remset 0 code roots 0 is marked 0 reclaim candidate 0 type array 1
[2024-12-07T22:49:41.012+0800][2.470s][debug][gc,humongous      ] GC(16) Live humongous region 14 object size 1048592 start 0x00000000e0e00000  with remset 0 code roots 0 is marked 0 reclaim candidate 0 type array 1
[2024-12-07T22:49:41.012+0800][2.470s][debug][gc,humongous      ] GC(16) Live humongous region 16 object size 1048592 start 0x00000000e1000000  with remset 0 code roots 0 is marked 0 reclaim candidate 0 type array 1
[2024-12-07T22:49:41.012+0800][2.471s][debug][gc,humongous      ] GC(16) Live humongous region 18 object size 1048592 start 0x00000000e1200000  with remset 0 code roots 0 is marked 0 reclaim candidate 0 type array 1
[2024-12-07T22:49:41.012+0800][2.471s][debug][gc,humongous      ] GC(16) Live humongous region 20 object size 1048592 start 0x00000000e1400000  with remset 0 code roots 0 is marked 0 reclaim candidate 0 type array 1
[2024-12-07T22:49:41.012+0800][2.471s][debug][gc,humongous      ] GC(16) Live humongous region 22 object size 1048592 start 0x00000000e1600000  with remset 0 code roots 0 is marked 0 reclaim candidate 0 type array 1
[2024-12-07T22:49:41.012+0800][2.471s][debug][gc,humongous      ] GC(16) Live humongous region 24 object size 1048592 start 0x00000000e1800000  with remset 0 code roots 0 is marked 0 reclaim candidate 0 type array 1
[2024-12-07T22:49:41.012+0800][2.471s][debug][gc,humongous      ] GC(16) Live humongous region 26 object size 1048592 start 0x00000000e1a00000  with remset 0 code roots 0 is marked 0 reclaim candidate 0 type array 1
[2024-12-07T22:49:41.013+0800][2.471s][debug][gc,humongous      ] GC(16) Live humongous region 28 object size 1048592 start 0x00000000e1c00000  with remset 0 code roots 0 is marked 0 reclaim candidate 0 type array 1
[2024-12-07T22:49:41.013+0800][2.471s][debug][gc,humongous      ] GC(16) Live humongous region 30 object size 1048592 start 0x00000000e1e00000  with remset 0 code roots 0 is marked 0 reclaim candidate 0 type array 1
[2024-12-07T22:49:41.013+0800][2.471s][debug][gc,humongous      ] GC(16) Live humongous region 32 object size 1048592 start 0x00000000e2000000  with remset 0 code roots 0 is marked 0 reclaim candidate 0 type array 1
[2024-12-07T22:49:41.013+0800][2.471s][debug][gc,humongous      ] GC(16) Live humongous region 34 object size 1048592 start 0x00000000e2200000  with remset 0 code roots 0 is marked 0 reclaim candidate 0 type array 1
[2024-12-07T22:49:41.013+0800][2.471s][debug][gc,humongous      ] GC(16) Live humongous region 36 object size 1048592 start 0x00000000e2400000  with remset 0 code roots 0 is marked 0 reclaim candidate 0 type array 1
[2024-12-07T22:49:41.013+0800][2.471s][debug][gc,humongous      ] GC(16) Live humongous region 38 object size 1048592 start 0x00000000e2600000  with remset 0 code roots 0 is marked 0 reclaim candidate 0 type array 1
[2024-12-07T22:49:41.013+0800][2.471s][debug][gc,humongous      ] GC(16) Live humongous region 40 object size 1048592 start 0x00000000e2800000  with remset 0 code roots 0 is marked 0 reclaim candidate 0 type array 1
[2024-12-07T22:49:41.013+0800][2.471s][debug][gc,humongous      ] GC(16) Live humongous region 42 object size 1048592 start 0x00000000e2a00000  with remset 0 code roots 0 is marked 0 reclaim candidate 0 type array 1
[2024-12-07T22:49:41.013+0800][2.471s][debug][gc,humongous      ] GC(16) Live humongous region 44 object size 1048592 start 0x00000000e2c00000  with remset 0 code roots 0 is marked 0 reclaim candidate 0 type array 1
[2024-12-07T22:49:41.013+0800][2.471s][debug][gc,humongous      ] GC(16) Live humongous region 46 object size 1048592 start 0x00000000e2e00000  with remset 0 code roots 0 is marked 0 reclaim candidate 0 type array 1
[2024-12-07T22:49:41.013+0800][2.471s][debug][gc,humongous      ] GC(16) Live humongous region 48 object size 1048592 start 0x00000000e3000000  with remset 0 code roots 0 is marked 0 reclaim candidate 0 type array 1
[2024-12-07T22:49:41.013+0800][2.472s][debug][gc,humongous      ] GC(16) Live humongous region 50 object size 1048592 start 0x00000000e3200000  with remset 0 code roots 0 is marked 0 reclaim candidate 0 type array 1
[2024-12-07T22:49:41.013+0800][2.472s][debug][gc,humongous      ] GC(16) Live humongous region 52 object size 1048592 start 0x00000000e3400000  with remset 0 code roots 0 is marked 0 reclaim candidate 0 type array 1
[2024-12-07T22:49:41.013+0800][2.472s][debug][gc,humongous      ] GC(16) Live humongous region 54 object size 1048592 start 0x00000000e3600000  with remset 0 code roots 0 is marked 0 reclaim candidate 0 type array 1
[2024-12-07T22:49:41.013+0800][2.472s][debug][gc,humongous      ] GC(16) Live humongous region 56 object size 1048592 start 0x00000000e3800000  with remset 0 code roots 0 is marked 0 reclaim candidate 0 type array 1
[2024-12-07T22:49:41.013+0800][2.472s][debug][gc,humongous      ] GC(16) Live humongous region 58 object size 1048592 start 0x00000000e3a00000  with remset 0 code roots 0 is marked 0 reclaim candidate 0 type array 1
[2024-12-07T22:49:41.014+0800][2.472s][debug][gc,humongous      ] GC(16) Live humongous region 60 object size 1048592 start 0x00000000e3c00000  with remset 0 code roots 0 is marked 0 reclaim candidate 0 type array 1
[2024-12-07T22:49:41.014+0800][2.472s][debug][gc,humongous      ] GC(16) Live humongous region 62 object size 1048592 start 0x00000000e3e00000  with remset 0 code roots 0 is marked 0 reclaim candidate 0 type array 1
[2024-12-07T22:49:41.014+0800][2.472s][debug][gc,humongous      ] GC(16) Live humongous region 64 object size 1048592 start 0x00000000e4000000  with remset 0 code roots 0 is marked 0 reclaim candidate 0 type array 1
[2024-12-07T22:49:41.014+0800][2.472s][debug][gc,humongous      ] GC(16) Live humongous region 66 object size 1048592 start 0x00000000e4200000  with remset 0 code roots 0 is marked 0 reclaim candidate 0 type array 1
[2024-12-07T22:49:41.014+0800][2.472s][debug][gc,humongous      ] GC(16) Live humongous region 68 object size 1048592 start 0x00000000e4400000  with remset 0 code roots 0 is marked 0 reclaim candidate 0 type array 1
[2024-12-07T22:49:41.014+0800][2.472s][debug][gc,humongous      ] GC(16) Live humongous region 70 object size 1048592 start 0x00000000e4600000  with remset 0 code roots 0 is marked 0 reclaim candidate 0 type array 1
[2024-12-07T22:49:41.014+0800][2.472s][debug][gc,humongous      ] GC(16) Live humongous region 72 object size 1048592 start 0x00000000e4800000  with remset 0 code roots 0 is marked 0 reclaim candidate 0 type array 1
[2024-12-07T22:49:41.014+0800][2.472s][debug][gc,humongous      ] GC(16) Live humongous region 74 object size 1048592 start 0x00000000e4a00000  with remset 0 code roots 0 is marked 0 reclaim candidate 0 type array 1
[2024-12-07T22:49:41.014+0800][2.472s][debug][gc,humongous      ] GC(16) Live humongous region 76 object size 1048592 start 0x00000000e4c00000  with remset 0 code roots 0 is marked 0 reclaim candidate 0 type array 1
[2024-12-07T22:49:41.014+0800][2.472s][debug][gc,humongous      ] GC(16) Live humongous region 78 object size 1048592 start 0x00000000e4e00000  with remset 0 code roots 0 is marked 0 reclaim candidate 0 type array 1
[2024-12-07T22:49:41.014+0800][2.472s][debug][gc,humongous      ] GC(16) Live humongous region 80 object size 1048592 start 0x00000000e5000000  with remset 0 code roots 0 is marked 0 reclaim candidate 0 type array 1
[2024-12-07T22:49:41.014+0800][2.473s][debug][gc,humongous      ] GC(16) Live humongous region 82 object size 1048592 start 0x00000000e5200000  with remset 0 code roots 0 is marked 0 reclaim candidate 0 type array 1
[2024-12-07T22:49:41.014+0800][2.473s][debug][gc,humongous      ] GC(16) Live humongous region 84 object size 1048592 start 0x00000000e5400000  with remset 0 code roots 0 is marked 0 reclaim candidate 0 type array 1
[2024-12-07T22:49:41.014+0800][2.473s][debug][gc,humongous      ] GC(16) Live humongous region 86 object size 1048592 start 0x00000000e5600000  with remset 0 code roots 0 is marked 0 reclaim candidate 0 type array 1
[2024-12-07T22:49:41.014+0800][2.473s][debug][gc,humongous      ] GC(16) Live humongous region 88 object size 1048592 start 0x00000000e5800000  with remset 0 code roots 0 is marked 0 reclaim candidate 0 type array 1
[2024-12-07T22:49:41.014+0800][2.473s][debug][gc,humongous      ] GC(16) Live humongous region 90 object size 1048592 start 0x00000000e5a00000  with remset 0 code roots 0 is marked 0 reclaim candidate 0 type array 1
[2024-12-07T22:49:41.015+0800][2.473s][debug][gc,humongous      ] GC(16) Live humongous region 92 object size 1048592 start 0x00000000e5c00000  with remset 0 code roots 0 is marked 0 reclaim candidate 0 type array 1
[2024-12-07T22:49:41.015+0800][2.473s][debug][gc,humongous      ] GC(16) Live humongous region 94 object size 1048592 start 0x00000000e5e00000  with remset 0 code roots 0 is marked 0 reclaim candidate 0 type array 1
[2024-12-07T22:49:41.015+0800][2.473s][debug][gc,humongous      ] GC(16) Live humongous region 96 object size 1048592 start 0x00000000e6000000  with remset 0 code roots 0 is marked 0 reclaim candidate 0 type array 1
[2024-12-07T22:49:41.015+0800][2.473s][debug][gc,humongous      ] GC(16) Live humongous region 98 object size 1048592 start 0x00000000e6200000  with remset 0 code roots 0 is marked 0 reclaim candidate 0 type array 1
[2024-12-07T22:49:41.015+0800][2.473s][debug][gc,humongous      ] GC(16) Live humongous region 100 object size 1048592 start 0x00000000e6400000  with remset 0 code roots 0 is marked 0 reclaim candidate 0 type array 1
[2024-12-07T22:49:41.015+0800][2.473s][debug][gc,humongous      ] GC(16) Live humongous region 102 object size 1048592 start 0x00000000e6600000  with remset 0 code roots 0 is marked 0 reclaim candidate 0 type array 1
[2024-12-07T22:49:41.015+0800][2.473s][debug][gc,humongous      ] GC(16) Live humongous region 104 object size 1048592 start 0x00000000e6800000  with remset 0 code roots 0 is marked 0 reclaim candidate 0 type array 1
[2024-12-07T22:49:41.015+0800][2.473s][debug][gc,humongous      ] GC(16) Live humongous region 106 object size 1048592 start 0x00000000e6a00000  with remset 0 code roots 0 is marked 0 reclaim candidate 0 type array 1
[2024-12-07T22:49:41.015+0800][2.473s][debug][gc,humongous      ] GC(16) Live humongous region 108 object size 1048592 start 0x00000000e6c00000  with remset 0 code roots 0 is marked 0 reclaim candidate 0 type array 1
[2024-12-07T22:49:41.015+0800][2.473s][debug][gc,humongous      ] GC(16) Live humongous region 110 object size 1048592 start 0x00000000e6e00000  with remset 0 code roots 0 is marked 0 reclaim candidate 0 type array 1
[2024-12-07T22:49:41.015+0800][2.473s][debug][gc,humongous      ] GC(16) Live humongous region 112 object size 1048592 start 0x00000000e7000000  with remset 0 code roots 0 is marked 0 reclaim candidate 0 type array 1
[2024-12-07T22:49:41.015+0800][2.474s][debug][gc,humongous      ] GC(16) Live humongous region 114 object size 1048592 start 0x00000000e7200000  with remset 0 code roots 0 is marked 0 reclaim candidate 0 type array 1
[2024-12-07T22:49:41.015+0800][2.474s][debug][gc,humongous      ] GC(16) Live humongous region 116 object size 1048592 start 0x00000000e7400000  with remset 0 code roots 0 is marked 0 reclaim candidate 0 type array 1
[2024-12-07T22:49:41.015+0800][2.474s][debug][gc,humongous      ] GC(16) Live humongous region 118 object size 1048592 start 0x00000000e7600000  with remset 0 code roots 0 is marked 0 reclaim candidate 0 type array 1
[2024-12-07T22:49:41.015+0800][2.474s][debug][gc,humongous      ] GC(16) Live humongous region 120 object size 1048592 start 0x00000000e7800000  with remset 0 code roots 0 is marked 0 reclaim candidate 0 type array 1
[2024-12-07T22:49:41.015+0800][2.474s][debug][gc,humongous      ] GC(16) Live humongous region 122 object size 1048592 start 0x00000000e7a00000  with remset 0 code roots 0 is marked 0 reclaim candidate 0 type array 1
[2024-12-07T22:49:41.016+0800][2.474s][debug][gc,humongous      ] GC(16) Live humongous region 124 object size 1048592 start 0x00000000e7c00000  with remset 0 code roots 0 is marked 0 reclaim candidate 0 type array 1
[2024-12-07T22:49:41.016+0800][2.474s][debug][gc,humongous      ] GC(16) Live humongous region 126 object size 1048592 start 0x00000000e7e00000  with remset 0 code roots 0 is marked 0 reclaim candidate 0 type array 1
[2024-12-07T22:49:41.016+0800][2.474s][debug][gc,humongous      ] GC(16) Live humongous region 128 object size 1048592 start 0x00000000e8000000  with remset 0 code roots 0 is marked 0 reclaim candidate 0 type array 1
[2024-12-07T22:49:41.016+0800][2.474s][debug][gc,humongous      ] GC(16) Live humongous region 130 object size 1048592 start 0x00000000e8200000  with remset 0 code roots 0 is marked 0 reclaim candidate 0 type array 1
[2024-12-07T22:49:41.016+0800][2.474s][debug][gc,humongous      ] GC(16) Live humongous region 132 object size 1048592 start 0x00000000e8400000  with remset 0 code roots 0 is marked 0 reclaim candidate 0 type array 1
[2024-12-07T22:49:41.016+0800][2.474s][debug][gc,humongous      ] GC(16) Live humongous region 134 object size 1048592 start 0x00000000e8600000  with remset 0 code roots 0 is marked 0 reclaim candidate 0 type array 1
[2024-12-07T22:49:41.016+0800][2.474s][debug][gc,humongous      ] GC(16) Live humongous region 136 object size 1048592 start 0x00000000e8800000  with remset 0 code roots 0 is marked 0 reclaim candidate 0 type array 1
[2024-12-07T22:49:41.016+0800][2.474s][debug][gc,humongous      ] GC(16) Live humongous region 138 object size 1048592 start 0x00000000e8a00000  with remset 0 code roots 0 is marked 0 reclaim candidate 0 type array 1
[2024-12-07T22:49:41.016+0800][2.474s][debug][gc,humongous      ] GC(16) Live humongous region 140 object size 1048592 start 0x00000000e8c00000  with remset 0 code roots 0 is marked 0 reclaim candidate 0 type array 1
[2024-12-07T22:49:41.016+0800][2.474s][debug][gc,humongous      ] GC(16) Live humongous region 142 object size 1048592 start 0x00000000e8e00000  with remset 0 code roots 0 is marked 0 reclaim candidate 0 type array 1
[2024-12-07T22:49:41.016+0800][2.474s][debug][gc,humongous      ] GC(16) Live humongous region 144 object size 1048592 start 0x00000000e9000000  with remset 0 code roots 0 is marked 0 reclaim candidate 0 type array 1
[2024-12-07T22:49:41.016+0800][2.475s][debug][gc,humongous      ] GC(16) Live humongous region 146 object size 1048592 start 0x00000000e9200000  with remset 0 code roots 0 is marked 0 reclaim candidate 0 type array 1
[2024-12-07T22:49:41.016+0800][2.475s][debug][gc,humongous      ] GC(16) Live humongous region 148 object size 1048592 start 0x00000000e9400000  with remset 0 code roots 0 is marked 0 reclaim candidate 0 type array 1
[2024-12-07T22:49:41.016+0800][2.475s][debug][gc,humongous      ] GC(16) Live humongous region 150 object size 1048592 start 0x00000000e9600000  with remset 0 code roots 0 is marked 0 reclaim candidate 0 type array 1
[2024-12-07T22:49:41.016+0800][2.475s][debug][gc,humongous      ] GC(16) Live humongous region 152 object size 1048592 start 0x00000000e9800000  with remset 0 code roots 0 is marked 0 reclaim candidate 0 type array 1
[2024-12-07T22:49:41.016+0800][2.475s][debug][gc,humongous      ] GC(16) Live humongous region 154 object size 1048592 start 0x00000000e9a00000  with remset 0 code roots 0 is marked 0 reclaim candidate 0 type array 1
[2024-12-07T22:49:41.017+0800][2.475s][debug][gc,humongous      ] GC(16) Live humongous region 156 object size 1048592 start 0x00000000e9c00000  with remset 0 code roots 0 is marked 0 reclaim candidate 0 type array 1
[2024-12-07T22:49:41.017+0800][2.475s][debug][gc,humongous      ] GC(16) Live humongous region 158 object size 1048592 start 0x00000000e9e00000  with remset 0 code roots 0 is marked 0 reclaim candidate 0 type array 1
[2024-12-07T22:49:41.017+0800][2.475s][debug][gc,humongous      ] GC(16) Live humongous region 160 object size 1048592 start 0x00000000ea000000  with remset 0 code roots 0 is marked 0 reclaim candidate 0 type array 1
[2024-12-07T22:49:41.017+0800][2.475s][debug][gc,humongous      ] GC(16) Live humongous region 162 object size 1048592 start 0x00000000ea200000  with remset 0 code roots 0 is marked 0 reclaim candidate 0 type array 1
[2024-12-07T22:49:41.017+0800][2.475s][debug][gc,humongous      ] GC(16) Live humongous region 164 object size 1048592 start 0x00000000ea400000  with remset 0 code roots 0 is marked 0 reclaim candidate 0 type array 1
[2024-12-07T22:49:41.017+0800][2.475s][debug][gc,humongous      ] GC(16) Live humongous region 166 object size 1048592 start 0x00000000ea600000  with remset 0 code roots 0 is marked 0 reclaim candidate 0 type array 1
[2024-12-07T22:49:41.017+0800][2.475s][debug][gc,humongous      ] GC(16) Live humongous region 168 object size 1048592 start 0x00000000ea800000  with remset 0 code roots 0 is marked 0 reclaim candidate 0 type array 1
[2024-12-07T22:49:41.017+0800][2.475s][debug][gc,humongous      ] GC(16) Live humongous region 170 object size 1048592 start 0x00000000eaa00000  with remset 0 code roots 0 is marked 0 reclaim candidate 0 type array 1
[2024-12-07T22:49:41.017+0800][2.476s][debug][gc,humongous      ] GC(16) Live humongous region 172 object size 1048592 start 0x00000000eac00000  with remset 0 code roots 0 is marked 0 reclaim candidate 0 type array 1
[2024-12-07T22:49:41.017+0800][2.476s][debug][gc,humongous      ] GC(16) Live humongous region 174 object size 1048592 start 0x00000000eae00000  with remset 0 code roots 0 is marked 0 reclaim candidate 0 type array 1
[2024-12-07T22:49:41.017+0800][2.476s][debug][gc,humongous      ] GC(16) Live humongous region 176 object size 1048592 start 0x00000000eb000000  with remset 0 code roots 0 is marked 0 reclaim candidate 0 type array 1
[2024-12-07T22:49:41.017+0800][2.476s][debug][gc,humongous      ] GC(16) Live humongous region 178 object size 1048592 start 0x00000000eb200000  with remset 0 code roots 0 is marked 0 reclaim candidate 0 type array 1
[2024-12-07T22:49:41.017+0800][2.476s][debug][gc,humongous      ] GC(16) Live humongous region 180 object size 1048592 start 0x00000000eb400000  with remset 0 code roots 0 is marked 0 reclaim candidate 0 type array 1
[2024-12-07T22:49:41.018+0800][2.476s][debug][gc,humongous      ] GC(16) Live humongous region 182 object size 1048592 start 0x00000000eb600000  with remset 0 code roots 0 is marked 0 reclaim candidate 0 type array 1
[2024-12-07T22:49:41.018+0800][2.476s][debug][gc,humongous      ] GC(16) Live humongous region 184 object size 1048592 start 0x00000000eb800000  with remset 0 code roots 0 is marked 0 reclaim candidate 0 type array 1
[2024-12-07T22:49:41.018+0800][2.476s][debug][gc,humongous      ] GC(16) Live humongous region 186 object size 1048592 start 0x00000000eba00000  with remset 0 code roots 0 is marked 0 reclaim candidate 0 type array 1
[2024-12-07T22:49:41.018+0800][2.476s][debug][gc,humongous      ] GC(16) Live humongous region 188 object size 1048592 start 0x00000000ebc00000  with remset 0 code roots 0 is marked 0 reclaim candidate 0 type array 1
[2024-12-07T22:49:41.018+0800][2.476s][debug][gc,humongous      ] GC(16) Live humongous region 190 object size 1048592 start 0x00000000ebe00000  with remset 0 code roots 0 is marked 0 reclaim candidate 0 type array 1
[2024-12-07T22:49:41.018+0800][2.476s][debug][gc,humongous      ] GC(16) Dead humongous region 192 object size 1048592 start 0x00000000ec000000 with remset 0 code roots 0 is marked 0 reclaim candidate 1 type array 1
[2024-12-07T22:49:41.018+0800][2.476s][debug][gc,humongous      ] GC(16) Dead humongous region 194 object size 1048592 start 0x00000000ec200000 with remset 0 code roots 0 is marked 0 reclaim candidate 1 type array 1
[2024-12-07T22:49:41.018+0800][2.476s][debug][gc,humongous      ] GC(16) Dead humongous region 196 object size 1048592 start 0x00000000ec400000 with remset 0 code roots 0 is marked 0 reclaim candidate 1 type array 1
[2024-12-07T22:49:41.018+0800][2.476s][debug][gc,humongous      ] GC(16) Dead humongous region 198 object size 1048592 start 0x00000000ec600000 with remset 0 code roots 0 is marked 0 reclaim candidate 1 type array 1
[2024-12-07T22:49:41.018+0800][2.477s][debug][gc,humongous      ] GC(16) Dead humongous region 200 object size 1048592 start 0x00000000ec800000 with remset 0 code roots 0 is marked 0 reclaim candidate 1 type array 1
[2024-12-07T22:49:41.018+0800][2.477s][debug][gc,humongous      ] GC(16) Dead humongous region 202 object size 1048592 start 0x00000000eca00000 with remset 0 code roots 0 is marked 0 reclaim candidate 1 type array 1
[2024-12-07T22:49:41.018+0800][2.477s][debug][gc,humongous      ] GC(16) Dead humongous region 204 object size 1048592 start 0x00000000ecc00000 with remset 0 code roots 0 is marked 0 reclaim candidate 1 type array 1
[2024-12-07T22:49:41.018+0800][2.477s][debug][gc,humongous      ] GC(16) Dead humongous region 206 object size 1048592 start 0x00000000ece00000 with remset 0 code roots 0 is marked 0 reclaim candidate 1 type array 1
[2024-12-07T22:49:41.019+0800][2.477s][debug][gc,humongous      ] GC(16) Dead humongous region 208 object size 1048592 start 0x00000000ed000000 with remset 0 code roots 0 is marked 0 reclaim candidate 1 type array 1
[2024-12-07T22:49:41.019+0800][2.477s][debug][gc,humongous      ] GC(16) Dead humongous region 210 object size 1048592 start 0x00000000ed200000 with remset 0 code roots 0 is marked 0 reclaim candidate 1 type array 1
[2024-12-07T22:49:41.019+0800][2.477s][debug][gc,humongous      ] GC(16) Dead humongous region 212 object size 1048592 start 0x00000000ed400000 with remset 0 code roots 0 is marked 0 reclaim candidate 1 type array 1
[2024-12-07T22:49:41.019+0800][2.477s][debug][gc,humongous      ] GC(16) Dead humongous region 214 object size 1048592 start 0x00000000ed600000 with remset 0 code roots 0 is marked 0 reclaim candidate 1 type array 1
[2024-12-07T22:49:41.019+0800][2.477s][debug][gc,humongous      ] GC(16) Live humongous region 216 object size 1048592 start 0x00000000ed800000  with remset 0 code roots 0 is marked 0 reclaim candidate 0 type array 1
[2024-12-07T22:49:41.019+0800][2.477s][debug][gc,humongous      ] GC(16) Live humongous region 218 object size 1048592 start 0x00000000eda00000  with remset 0 code roots 0 is marked 0 reclaim candidate 0 type array 1
[2024-12-07T22:49:41.019+0800][2.477s][debug][gc,humongous      ] GC(16) Live humongous region 220 object size 1048592 start 0x00000000edc00000  with remset 0 code roots 0 is marked 0 reclaim candidate 0 type array 1
[2024-12-07T22:49:41.019+0800][2.477s][debug][gc,humongous      ] GC(16) Live humongous region 222 object size 1048592 start 0x00000000ede00000  with remset 0 code roots 0 is marked 0 reclaim candidate 0 type array 1
[2024-12-07T22:49:41.019+0800][2.477s][debug][gc,plab           ] GC(16) Young PLAB allocation: allocated: 499464B, wasted: 2592B, unused: 25648B, used: 471224B, undo waste: 0B, 
[2024-12-07T22:49:41.019+0800][2.477s][debug][gc,plab           ] GC(16) Young other allocation: region end waste: 0B, regions filled: 1, direct allocated: 76976B, failure used: 0B, failure wasted: 0B
[2024-12-07T22:49:41.019+0800][2.477s][debug][gc,plab           ] GC(16) Young sizing: calculated: 94240B, actual: 94472B
[2024-12-07T22:49:41.019+0800][2.478s][debug][gc,plab           ] GC(16) Old PLAB allocation: allocated: 0B, wasted: 0B, unused: 0B, used: 0B, undo waste: 0B, 
[2024-12-07T22:49:41.019+0800][2.478s][debug][gc,plab           ] GC(16) Old other allocation: region end waste: 0B, regions filled: 0, direct allocated: 0B, failure used: 0B, failure wasted: 0B
[2024-12-07T22:49:41.019+0800][2.478s][debug][gc,plab           ] GC(16) Old sizing: calculated: 0B, actual: 2064B
[2024-12-07T22:49:41.019+0800][2.478s][debug][gc,alloc,stats    ] Old generation allocation in the last mutator period, old gen allocated: 0B, humongous allocated: 25165824B,old gen growth: 0B.
[2024-12-07T22:49:41.020+0800][2.478s][debug][gc,ihop           ] GC(16) Basic information (value update), threshold: 236873318B (45.00), target occupancy: 526385152B, current occupancy: 211028920B, recent allocation size: 25165824B, recent allocation duration: 101.99ms, recent old gen allocation rate: 246739602.00B/s, recent marking phase length: 0.00ms
[2024-12-07T22:49:41.020+0800][2.478s][debug][gc,ihop           ] GC(16) Adaptive IHOP information (value update), threshold: 236873318B (51.91), internal target occupancy: 456340275B, occupancy: 211028920B, additional buffer size: 26214400B, predicted old gen allocation rate: 147336028.47B/s, predicted marking phase length: 0.00ms, prediction active: false
[2024-12-07T22:49:41.020+0800][2.478s][debug][gc,ergo,refine    ] GC(16) Updated Refinement Zones: green: 18, yellow: 54, red: 90
[2024-12-07T22:49:41.020+0800][2.478s][info ][gc,phases         ] GC(16)   Pre Evacuate Collection Set: 0.2ms
[2024-12-07T22:49:41.020+0800][2.478s][debug][gc,phases         ] GC(16)     Prepare TLABs: 0.3ms
[2024-12-07T22:49:41.020+0800][2.478s][debug][gc,phases         ] GC(16)     Choose Collection Set: 0.1ms
[2024-12-07T22:49:41.020+0800][2.478s][debug][gc,phases         ] GC(16)     Humongous Register: 0.0ms
[2024-12-07T22:49:41.020+0800][2.478s][debug][gc,phases         ] GC(16)     Clear Claimed Marks: 0.0ms
[2024-12-07T22:49:41.020+0800][2.478s][info ][gc,phases         ] GC(16)   Evacuate Collection Set: 7.9ms
[2024-12-07T22:49:41.020+0800][2.478s][debug][gc,phases         ] GC(16)     Ext Root Scanning (ms):   Min:  0.1, Avg:  3.0, Max:  5.5, Diff:  5.4, Sum: 35.7, Workers: 12
[2024-12-07T22:49:41.020+0800][2.478s][debug][gc,phases         ] GC(16)     Update RS (ms):           Min:  0.0, Avg:  0.3, Max:  1.2, Diff:  1.2, Sum:  3.9, Workers: 12
[2024-12-07T22:49:41.020+0800][2.479s][debug][gc,phases         ] GC(16)       Processed Buffers:        Min: 0, Avg:  0.5, Max: 2, Diff: 2, Sum: 6, Workers: 12
[2024-12-07T22:49:41.020+0800][2.479s][debug][gc,phases         ] GC(16)       Scanned Cards:            Min: 0, Avg: 23.3, Max: 101, Diff: 101, Sum: 280, Workers: 12
[2024-12-07T22:49:41.020+0800][2.479s][debug][gc,phases         ] GC(16)       Skipped Cards:            Min: 0, Avg:  6.5, Max: 29, Diff: 29, Sum: 78, Workers: 12
[2024-12-07T22:49:41.020+0800][2.479s][debug][gc,phases         ] GC(16)     Scan RS (ms):             Min:  0.0, Avg:  0.2, Max:  1.0, Diff:  1.0, Sum:  2.9, Workers: 12
[2024-12-07T22:49:41.020+0800][2.479s][debug][gc,phases         ] GC(16)       Scanned Cards:            Min: 0, Avg: 21.1, Max: 74, Diff: 74, Sum: 253, Workers: 12
[2024-12-07T22:49:41.021+0800][2.479s][debug][gc,phases         ] GC(16)       Claimed Cards:            Min: 0, Avg: 23.3, Max: 88, Diff: 88, Sum: 280, Workers: 12
[2024-12-07T22:49:41.021+0800][2.479s][debug][gc,phases         ] GC(16)       Skipped Cards:            Min: 0, Avg: 93.3, Max: 280, Diff: 280, Sum: 1120, Workers: 12
[2024-12-07T22:49:41.021+0800][2.479s][debug][gc,phases         ] GC(16)     Code Root Scanning (ms):  Min:  0.0, Avg:  0.0, Max:  0.1, Diff:  0.1, Sum:  0.1, Workers: 12
[2024-12-07T22:49:41.021+0800][2.479s][debug][gc,phases         ] GC(16)     AOT Root Scanning (ms):   skipped
[2024-12-07T22:49:41.021+0800][2.479s][debug][gc,phases         ] GC(16)     Object Copy (ms):         Min:  0.0, Avg:  0.1, Max:  0.7, Diff:  0.7, Sum:  1.1, Workers: 12
[2024-12-07T22:49:41.021+0800][2.479s][debug][gc,phases         ] GC(16)     Termination (ms):         Min:  0.0, Avg:  2.0, Max:  3.9, Diff:  3.9, Sum: 23.8, Workers: 12
[2024-12-07T22:49:41.021+0800][2.479s][debug][gc,phases         ] GC(16)       Termination Attempts:     Min: 1, Avg:  1.0, Max: 1, Diff: 0, Sum: 12, Workers: 12
[2024-12-07T22:49:41.021+0800][2.479s][debug][gc,phases         ] GC(16)     GC Worker Other (ms):     Min:  0.1, Avg:  0.9, Max:  1.6, Diff:  1.4, Sum: 11.3, Workers: 12
[2024-12-07T22:49:41.021+0800][2.479s][debug][gc,phases         ] GC(16)     GC Worker Total (ms):     Min:  5.7, Avg:  6.6, Max:  7.1, Diff:  1.4, Sum: 78.9, Workers: 12
[2024-12-07T22:49:41.021+0800][2.479s][info ][gc,phases         ] GC(16)   Post Evacuate Collection Set: 7.8ms
[2024-12-07T22:49:41.021+0800][2.479s][debug][gc,phases         ] GC(16)     Code Roots Fixup: 0.0ms
[2024-12-07T22:49:41.021+0800][2.480s][debug][gc,phases         ] GC(16)     Clear Card Table: 0.1ms
[2024-12-07T22:49:41.021+0800][2.480s][debug][gc,phases         ] GC(16)     Reference Processing: 0.2ms
[2024-12-07T22:49:41.021+0800][2.480s][debug][gc,phases,ref     ] GC(16)       Reconsider SoftReferences: 0.1ms
[2024-12-07T22:49:41.021+0800][2.480s][debug][gc,phases,ref     ] GC(16)         SoftRef (ms):             skipped
[2024-12-07T22:49:41.021+0800][2.480s][debug][gc,phases,ref     ] GC(16)       Notify Soft/WeakReferences: 0.0ms
[2024-12-07T22:49:41.022+0800][2.480s][debug][gc,phases,ref     ] GC(16)         SoftRef (ms):             Min:  0.0, Avg:  0.0, Max:  0.0, Diff:  0.0, Sum:  0.0, Workers: 1
[2024-12-07T22:49:41.022+0800][2.480s][debug][gc,phases,ref     ] GC(16)         WeakRef (ms):             Min:  0.0, Avg:  0.0, Max:  0.0, Diff:  0.0, Sum:  0.0, Workers: 1
[2024-12-07T22:49:41.022+0800][2.480s][debug][gc,phases,ref     ] GC(16)         FinalRef (ms):            Min:  0.0, Avg:  0.0, Max:  0.0, Diff:  0.0, Sum:  0.0, Workers: 1
[2024-12-07T22:49:41.022+0800][2.480s][debug][gc,phases,ref     ] GC(16)         Total (ms):               Min:  0.0, Avg:  0.0, Max:  0.0, Diff:  0.0, Sum:  0.0, Workers: 1
[2024-12-07T22:49:41.022+0800][2.480s][debug][gc,phases,ref     ] GC(16)       Notify and keep alive finalizable: 0.1ms
[2024-12-07T22:49:41.022+0800][2.480s][debug][gc,phases,ref     ] GC(16)         FinalRef (ms):            skipped
[2024-12-07T22:49:41.022+0800][2.480s][debug][gc,phases,ref     ] GC(16)       Notify PhantomReferences: 0.0ms
[2024-12-07T22:49:41.022+0800][2.480s][debug][gc,phases,ref     ] GC(16)         PhantomRef (ms):          Min:  0.0, Avg:  0.0, Max:  0.0, Diff:  0.0, Sum:  0.0, Workers: 1
[2024-12-07T22:49:41.022+0800][2.480s][debug][gc,phases,ref     ] GC(16)       SoftReference:
[2024-12-07T22:49:41.022+0800][2.480s][debug][gc,phases,ref     ] GC(16)         Discovered: 0
[2024-12-07T22:49:41.022+0800][2.480s][debug][gc,phases,ref     ] GC(16)         Cleared: 0
[2024-12-07T22:49:41.022+0800][2.481s][debug][gc,phases,ref     ] GC(16)       WeakReference:
[2024-12-07T22:49:41.022+0800][2.481s][debug][gc,phases,ref     ] GC(16)         Discovered: 7
[2024-12-07T22:49:41.022+0800][2.481s][debug][gc,phases,ref     ] GC(16)         Cleared: 7
[2024-12-07T22:49:41.022+0800][2.481s][debug][gc,phases,ref     ] GC(16)       FinalReference:
[2024-12-07T22:49:41.022+0800][2.481s][debug][gc,phases,ref     ] GC(16)         Discovered: 0
[2024-12-07T22:49:41.023+0800][2.481s][debug][gc,phases,ref     ] GC(16)         Cleared: 0
[2024-12-07T22:49:41.023+0800][2.481s][debug][gc,phases,ref     ] GC(16)       PhantomReference:
[2024-12-07T22:49:41.023+0800][2.481s][debug][gc,phases,ref     ] GC(16)         Discovered: 5
[2024-12-07T22:49:41.023+0800][2.481s][debug][gc,phases,ref     ] GC(16)         Cleared: 5
[2024-12-07T22:49:41.023+0800][2.481s][debug][gc,phases         ] GC(16)     Weak Processing: 0.0ms
[2024-12-07T22:49:41.023+0800][2.481s][debug][gc,phases         ] GC(16)     Merge Per-Thread State: 0.0ms
[2024-12-07T22:49:41.023+0800][2.481s][debug][gc,phases         ] GC(16)     Code Roots Purge: 0.0ms
[2024-12-07T22:49:41.023+0800][2.481s][debug][gc,phases         ] GC(16)     Redirty Cards: 0.1ms
[2024-12-07T22:49:41.023+0800][2.481s][debug][gc,phases         ] GC(16)     DerivedPointerTable Update: 0.0ms
[2024-12-07T22:49:41.023+0800][2.481s][debug][gc,phases         ] GC(16)     Free Collection Set: 0.1ms
[2024-12-07T22:49:41.023+0800][2.482s][debug][gc,phases         ] GC(16)     Humongous Reclaim: 7.4ms
[2024-12-07T22:49:41.023+0800][2.482s][debug][gc,phases         ] GC(16)     Start New Collection Set: 0.0ms
[2024-12-07T22:49:41.023+0800][2.482s][debug][gc,phases         ] GC(16)     Resize TLABs: 0.0ms
[2024-12-07T22:49:41.023+0800][2.482s][debug][gc,phases         ] GC(16)     Expand Heap After Collection: 0.0ms
[2024-12-07T22:49:41.023+0800][2.482s][info ][gc,phases         ] GC(16)   Other: 5.0ms
[2024-12-07T22:49:41.024+0800][2.482s][info ][gc,heap           ] GC(16) Eden regions: 1->0(24)
[2024-12-07T22:49:41.024+0800][2.482s][info ][gc,heap           ] GC(16) Survivor regions: 1->1(4)
[2024-12-07T22:49:41.024+0800][2.482s][info ][gc,heap           ] GC(16) Old regions: 2->2
[2024-12-07T22:49:41.024+0800][2.482s][info ][gc,heap           ] GC(16) Humongous regions: 224->200
[2024-12-07T22:49:41.024+0800][2.482s][info ][gc,metaspace      ] GC(16) Metaspace: 647K(4864K)->647K(4864K) NonClass: 594K(4352K)->594K(4352K) Class: 52K(512K)->52K(512K)
[2024-12-07T22:49:41.024+0800][2.482s][debug][gc,heap           ] GC(16) Heap after GC invocations=17 (full 0): garbage-first heap   total 516096K, used 206082K [0x00000000e0000000, 0x0000000100000000)
[2024-12-07T22:49:41.024+0800][2.482s][debug][gc,heap           ] GC(16)   region size 1024K, 1 young (1024K), 1 survivors (1024K)
[2024-12-07T22:49:41.024+0800][2.482s][debug][gc,heap           ] GC(16)  Metaspace       used 647K, capacity 4574K, committed 4864K, reserved 1056768K
[2024-12-07T22:49:41.024+0800][2.482s][debug][gc,heap           ] GC(16)   class space    used 52K, capacity 418K, committed 512K, reserved 1048576K
[2024-12-07T22:49:41.024+0800][2.482s][info ][gc                ] GC(16) Pause Young (Concurrent Start) (G1 Humongous Allocation) 225M->201M(504M) 22.408ms
[2024-12-07T22:49:41.024+0800][2.482s][info ][gc,cpu            ] GC(16) User=0.03s Sys=0.00s Real=0.02s
[2024-12-07T22:49:41.024+0800][2.483s][info ][gc                ] GC(17) Concurrent Cycle
[2024-12-07T22:49:41.024+0800][2.483s][info ][gc,marking        ] GC(17) Concurrent Clear Claimed Marks
[2024-12-07T22:49:41.024+0800][2.483s][info ][gc,marking        ] GC(17) Concurrent Clear Claimed Marks 0.069ms
[2024-12-07T22:49:41.024+0800][2.483s][info ][gc,marking        ] GC(17) Concurrent Scan Root Regions
[2024-12-07T22:49:41.025+0800][2.483s][debug][gc,ergo           ] GC(17) Running G1 Root Region Scan using 1 workers for 1 work units.
[2024-12-07T22:49:41.025+0800][2.483s][info ][gc,marking        ] GC(17) Concurrent Scan Root Regions 0.631ms
[2024-12-07T22:49:41.025+0800][2.483s][info ][gc,marking        ] GC(17) Concurrent Mark (2.483s)
[2024-12-07T22:49:41.025+0800][2.484s][info ][gc,marking        ] GC(17) Concurrent Mark From Roots
[2024-12-07T22:49:41.025+0800][2.484s][info ][gc,task           ] GC(17) Using 5 workers of 5 for marking
[2024-12-07T22:49:41.026+0800][2.484s][debug][gc,stats          ] ---------------------------------------------------------------------
[2024-12-07T22:49:41.026+0800][2.484s][debug][gc,stats          ] Marking Stats, task = 0, calls = 30
[2024-12-07T22:49:41.026+0800][2.484s][debug][gc,stats          ]   Elapsed time = 0.48ms, Termination time = 0.00ms
[2024-12-07T22:49:41.026+0800][2.484s][debug][gc,stats          ]   Step Times (cum): num = 800, avg = 0.01ms, sd = 0.13ms max = 3.31ms, total = 6.24ms
[2024-12-07T22:49:41.026+0800][2.484s][debug][gc,stats          ]   Mark Stats Cache: hits 6226 misses 101 ratio 98.404
[2024-12-07T22:49:41.026+0800][2.485s][debug][gc,stats          ] ---------------------------------------------------------------------
[2024-12-07T22:49:41.026+0800][2.485s][debug][gc,stats          ] Marking Stats, task = 1, calls = 21
[2024-12-07T22:49:41.026+0800][2.485s][debug][gc,stats          ]   Elapsed time = 0.47ms, Termination time = 0.00ms
[2024-12-07T22:49:41.026+0800][2.485s][debug][gc,stats          ]   Step Times (cum): num = 221, avg = 0.03ms, sd = 0.25ms max = 3.28ms, total = 5.75ms
[2024-12-07T22:49:41.026+0800][2.485s][debug][gc,stats          ]   Mark Stats Cache: hits 687 misses 2 ratio 99.710
[2024-12-07T22:49:41.027+0800][2.485s][debug][gc,stats          ] ---------------------------------------------------------------------
[2024-12-07T22:49:41.027+0800][2.485s][debug][gc,stats          ] Marking Stats, task = 2, calls = 1
[2024-12-07T22:49:41.027+0800][2.485s][debug][gc,stats          ]   Elapsed time = 0.45ms, Termination time = 0.00ms
[2024-12-07T22:49:41.027+0800][2.485s][debug][gc,stats          ]   Step Times (cum): num = 164, avg = 0.04ms, sd = 0.29ms max = 3.30ms, total = 6.18ms
[2024-12-07T22:49:41.027+0800][2.485s][debug][gc,stats          ]   Mark Stats Cache: hits 4763 misses 2 ratio 99.958
[2024-12-07T22:49:41.027+0800][2.485s][debug][gc,stats          ] ---------------------------------------------------------------------
[2024-12-07T22:49:41.027+0800][2.485s][debug][gc,stats          ] Marking Stats, task = 3, calls = 35
[2024-12-07T22:49:41.028+0800][2.486s][debug][gc,stats          ]   Elapsed time = 0.45ms, Termination time = 0.00ms
[2024-12-07T22:49:41.028+0800][2.486s][debug][gc,stats          ]   Step Times (cum): num = 225, avg = 0.03ms, sd = 0.25ms max = 3.30ms, total = 6.17ms
[2024-12-07T22:49:41.028+0800][2.486s][debug][gc,stats          ]   Mark Stats Cache: hits 674 misses 1 ratio 99.852
[2024-12-07T22:49:41.028+0800][2.486s][debug][gc,stats          ] ---------------------------------------------------------------------
[2024-12-07T22:49:41.029+0800][2.487s][debug][gc,stats          ] Marking Stats, task = 4, calls = 28
[2024-12-07T22:49:41.029+0800][2.487s][debug][gc,stats          ]   Elapsed time = 0.40ms, Termination time = 0.00ms
[2024-12-07T22:49:41.029+0800][2.487s][debug][gc,stats          ]   Step Times (cum): num = 260, avg = 0.02ms, sd = 0.23ms max = 3.32ms, total = 6.15ms
[2024-12-07T22:49:41.029+0800][2.487s][debug][gc,stats          ]   Mark Stats Cache: hits 677 misses 1 ratio 99.853
[2024-12-07T22:49:41.029+0800][2.487s][debug][gc,stats          ] ---------------------------------------------------------------------
[2024-12-07T22:49:41.029+0800][2.488s][info ][gc,marking        ] GC(17) Concurrent Mark From Roots 4.001ms
[2024-12-07T22:49:41.029+0800][2.488s][info ][gc,marking        ] GC(17) Concurrent Preclean
[2024-12-07T22:49:41.030+0800][2.488s][debug][gc,ref,start      ] GC(17) Preclean SoftReferences
[2024-12-07T22:49:41.030+0800][2.488s][debug][gc,ref            ] GC(17) Preclean SoftReferences 0.145ms
[2024-12-07T22:49:41.030+0800][2.488s][debug][gc,ref,start      ] GC(17) Preclean WeakReferences
[2024-12-07T22:49:41.030+0800][2.488s][debug][gc,ref            ] GC(17) Preclean WeakReferences 0.096ms
[2024-12-07T22:49:41.030+0800][2.488s][debug][gc,ref,start      ] GC(17) Preclean FinalReferences
[2024-12-07T22:49:41.030+0800][2.488s][debug][gc,ref            ] GC(17) Preclean FinalReferences 0.117ms
[2024-12-07T22:49:41.030+0800][2.488s][debug][gc,ref,start      ] GC(17) Preclean PhantomReferences
[2024-12-07T22:49:41.030+0800][2.489s][debug][gc,ref            ] GC(17) Preclean PhantomReferences 0.110ms
[2024-12-07T22:49:41.030+0800][2.489s][info ][gc,marking        ] GC(17) Concurrent Preclean 0.962ms
[2024-12-07T22:49:41.030+0800][2.489s][info ][gc,marking        ] GC(17) Concurrent Mark (2.483s, 2.489s) 5.274ms
[2024-12-07T22:49:41.031+0800][2.489s][info ][gc,start          ] GC(17) Pause Remark
[2024-12-07T22:49:41.031+0800][2.489s][debug][gc,phases,start   ] GC(17) Finalize Marking
[2024-12-07T22:49:41.032+0800][2.490s][debug][gc,stats          ] ---------------------------------------------------------------------
[2024-12-07T22:49:41.032+0800][2.491s][debug][gc,stats          ] Marking Stats, task = 0, calls = 103
[2024-12-07T22:49:41.032+0800][2.491s][debug][gc,stats          ]   Elapsed time = 1.17ms, Termination time = 0.83ms
[2024-12-07T22:49:41.032+0800][2.491s][debug][gc,stats          ]   Step Times (cum): num = 873, avg = 0.01ms, sd = 0.13ms max = 3.31ms, total = 7.07ms
[2024-12-07T22:49:41.033+0800][2.491s][debug][gc,stats          ]   Mark Stats Cache: hits 6226 misses 101 ratio 98.404
[2024-12-07T22:49:41.033+0800][2.491s][debug][gc,stats          ] ---------------------------------------------------------------------
[2024-12-07T22:49:41.033+0800][2.491s][debug][gc,stats          ] Marking Stats, task = 1, calls = 22
[2024-12-07T22:49:41.033+0800][2.491s][debug][gc,stats          ]   Elapsed time = 1.16ms, Termination time = 0.82ms
[2024-12-07T22:49:41.033+0800][2.491s][debug][gc,stats          ]   Step Times (cum): num = 222, avg = 0.03ms, sd = 0.25ms max = 3.28ms, total = 6.57ms
[2024-12-07T22:49:41.033+0800][2.492s][debug][gc,stats          ]   Mark Stats Cache: hits 687 misses 2 ratio 99.710
[2024-12-07T22:49:41.033+0800][2.492s][debug][gc,stats          ] ---------------------------------------------------------------------
[2024-12-07T22:49:41.034+0800][2.492s][debug][gc,stats          ] Marking Stats, task = 2, calls = 2
[2024-12-07T22:49:41.034+0800][2.492s][debug][gc,stats          ]   Elapsed time = 1.16ms, Termination time = 0.82ms
[2024-12-07T22:49:41.034+0800][2.492s][debug][gc,stats          ]   Step Times (cum): num = 165, avg = 0.04ms, sd = 0.30ms max = 3.30ms, total = 7.00ms
[2024-12-07T22:49:41.034+0800][2.492s][debug][gc,stats          ]   Mark Stats Cache: hits 4763 misses 2 ratio 99.958
[2024-12-07T22:49:41.034+0800][2.492s][debug][gc,stats          ] ---------------------------------------------------------------------
[2024-12-07T22:49:41.034+0800][2.492s][debug][gc,stats          ] Marking Stats, task = 3, calls = 36
[2024-12-07T22:49:41.034+0800][2.493s][debug][gc,stats          ]   Elapsed time = 1.18ms, Termination time = 0.82ms
[2024-12-07T22:49:41.035+0800][2.493s][debug][gc,stats          ]   Step Times (cum): num = 226, avg = 0.03ms, sd = 0.25ms max = 3.30ms, total = 6.99ms
[2024-12-07T22:49:41.035+0800][2.493s][debug][gc,stats          ]   Mark Stats Cache: hits 674 misses 1 ratio 99.852
[2024-12-07T22:49:41.035+0800][2.493s][debug][gc,stats          ] ---------------------------------------------------------------------
[2024-12-07T22:49:41.035+0800][2.493s][debug][gc,stats          ] Marking Stats, task = 4, calls = 29
[2024-12-07T22:49:41.035+0800][2.493s][debug][gc,stats          ]   Elapsed time = 1.11ms, Termination time = 0.77ms
[2024-12-07T22:49:41.035+0800][2.493s][debug][gc,stats          ]   Step Times (cum): num = 261, avg = 0.03ms, sd = 0.24ms max = 3.32ms, total = 6.93ms
[2024-12-07T22:49:41.035+0800][2.493s][debug][gc,stats          ]   Mark Stats Cache: hits 677 misses 1 ratio 99.853
[2024-12-07T22:49:41.035+0800][2.494s][debug][gc,stats          ] ---------------------------------------------------------------------
[2024-12-07T22:49:41.035+0800][2.494s][debug][gc,stats          ] Marking Stats, task = 5, calls = 1
[2024-12-07T22:49:41.035+0800][2.494s][debug][gc,stats          ]   Elapsed time = 1.17ms, Termination time = 0.82ms
[2024-12-07T22:49:41.035+0800][2.494s][debug][gc,stats          ]   Step Times (cum): num = 9, avg = 0.68ms, sd = 1.03ms max = 3.33ms, total = 6.11ms
[2024-12-07T22:49:41.036+0800][2.494s][debug][gc,stats          ]   Mark Stats Cache: hits 0 misses 0 ratio 0.000
[2024-12-07T22:49:41.036+0800][2.494s][debug][gc,stats          ] ---------------------------------------------------------------------
[2024-12-07T22:49:41.036+0800][2.494s][debug][gc,stats          ] Marking Stats, task = 6, calls = 1
[2024-12-07T22:49:41.036+0800][2.494s][debug][gc,stats          ]   Elapsed time = 1.17ms, Termination time = 0.82ms
[2024-12-07T22:49:41.036+0800][2.494s][debug][gc,stats          ]   Step Times (cum): num = 9, avg = 0.67ms, sd = 1.00ms max = 3.20ms, total = 6.01ms
[2024-12-07T22:49:41.036+0800][2.494s][debug][gc,stats          ]   Mark Stats Cache: hits 0 misses 0 ratio 0.000
[2024-12-07T22:49:41.036+0800][2.494s][debug][gc,stats          ] ---------------------------------------------------------------------
[2024-12-07T22:49:41.036+0800][2.494s][debug][gc,stats          ] Marking Stats, task = 7, calls = 1
[2024-12-07T22:49:41.036+0800][2.495s][debug][gc,stats          ]   Elapsed time = 1.02ms, Termination time = 0.83ms
[2024-12-07T22:49:41.036+0800][2.495s][debug][gc,stats          ]   Step Times (cum): num = 9, avg = 0.69ms, sd = 0.94ms max = 3.08ms, total = 6.24ms
[2024-12-07T22:49:41.036+0800][2.495s][debug][gc,stats          ]   Mark Stats Cache: hits 0 misses 0 ratio 0.000
[2024-12-07T22:49:41.037+0800][2.495s][debug][gc,stats          ] ---------------------------------------------------------------------
[2024-12-07T22:49:41.037+0800][2.495s][debug][gc,stats          ] Marking Stats, task = 8, calls = 1
[2024-12-07T22:49:41.037+0800][2.495s][debug][gc,stats          ]   Elapsed time = 1.02ms, Termination time = 0.83ms
[2024-12-07T22:49:41.037+0800][2.495s][debug][gc,stats          ]   Step Times (cum): num = 9, avg = 0.69ms, sd = 0.96ms max = 3.12ms, total = 6.22ms
[2024-12-07T22:49:41.037+0800][2.495s][debug][gc,stats          ]   Mark Stats Cache: hits 0 misses 0 ratio 0.000
[2024-12-07T22:49:41.037+0800][2.495s][debug][gc,stats          ] ---------------------------------------------------------------------
[2024-12-07T22:49:41.037+0800][2.495s][debug][gc,stats          ] Marking Stats, task = 9, calls = 1
[2024-12-07T22:49:41.037+0800][2.495s][debug][gc,stats          ]   Elapsed time = 0.66ms, Termination time = 0.60ms
[2024-12-07T22:49:41.037+0800][2.495s][debug][gc,stats          ]   Step Times (cum): num = 9, avg = 0.67ms, sd = 1.05ms max = 3.40ms, total = 6.07ms
[2024-12-07T22:49:41.037+0800][2.496s][debug][gc,stats          ]   Mark Stats Cache: hits 0 misses 0 ratio 0.000
[2024-12-07T22:49:41.037+0800][2.496s][debug][gc,stats          ] ---------------------------------------------------------------------
[2024-12-07T22:49:41.037+0800][2.496s][debug][gc,stats          ] Marking Stats, task = 10, calls = 1
[2024-12-07T22:49:41.037+0800][2.496s][debug][gc,stats          ]   Elapsed time = 0.61ms, Termination time = 0.45ms
[2024-12-07T22:49:41.037+0800][2.496s][debug][gc,stats          ]   Step Times (cum): num = 9, avg = 0.68ms, sd = 1.06ms max = 3.41ms, total = 6.08ms
[2024-12-07T22:49:41.038+0800][2.496s][debug][gc,stats          ]   Mark Stats Cache: hits 0 misses 0 ratio 0.000
[2024-12-07T22:49:41.038+0800][2.496s][debug][gc,stats          ] ---------------------------------------------------------------------
[2024-12-07T22:49:41.038+0800][2.496s][debug][gc,stats          ] Marking Stats, task = 11, calls = 1
[2024-12-07T22:49:41.038+0800][2.496s][debug][gc,stats          ]   Elapsed time = 0.00ms, Termination time = 0.00ms
[2024-12-07T22:49:41.038+0800][2.496s][debug][gc,stats          ]   Step Times (cum): num = 9, avg = 0.00ms, sd = 0.00ms max = 0.00ms, total = 0.00ms
[2024-12-07T22:49:41.038+0800][2.496s][debug][gc,stats          ]   Mark Stats Cache: hits 0 misses 0 ratio 0.000
[2024-12-07T22:49:41.038+0800][2.496s][debug][gc,stats          ] ---------------------------------------------------------------------
[2024-12-07T22:49:41.038+0800][2.496s][debug][gc,phases         ] GC(17) Finalize Marking 7.425ms
[2024-12-07T22:49:41.038+0800][2.497s][debug][gc,phases,start   ] GC(17) Reference Processing
[2024-12-07T22:49:41.038+0800][2.497s][debug][gc,ref            ] GC(17) Skipped phase1 of Reference Processing due to unavailable references
[2024-12-07T22:49:41.038+0800][2.497s][debug][gc,ref            ] GC(17) Skipped phase2 of Reference Processing due to unavailable references
[2024-12-07T22:49:41.038+0800][2.497s][debug][gc,ref            ] GC(17) Skipped phase3 of Reference Processing due to unavailable references
[2024-12-07T22:49:41.039+0800][2.497s][debug][gc,ref            ] GC(17) Skipped phase4 of Reference Processing due to unavailable references
[2024-12-07T22:49:41.039+0800][2.497s][debug][gc,phases,ref     ] GC(17) Reference Processing: 0.3ms
[2024-12-07T22:49:41.039+0800][2.497s][debug][gc,phases,ref     ] GC(17)   Reconsider SoftReferences: 0.1ms
[2024-12-07T22:49:41.039+0800][2.497s][debug][gc,phases,ref     ] GC(17)     SoftRef (ms):             skipped
[2024-12-07T22:49:41.039+0800][2.497s][debug][gc,phases,ref     ] GC(17)   Notify Soft/WeakReferences: 0.1ms
[2024-12-07T22:49:41.039+0800][2.497s][debug][gc,phases,ref     ] GC(17)     SoftRef (ms):             skipped
[2024-12-07T22:49:41.039+0800][2.497s][debug][gc,phases,ref     ] GC(17)     WeakRef (ms):             skipped
[2024-12-07T22:49:41.039+0800][2.497s][debug][gc,phases,ref     ] GC(17)     FinalRef (ms):            skipped
[2024-12-07T22:49:41.039+0800][2.497s][debug][gc,phases,ref     ] GC(17)     Total (ms):               skipped
[2024-12-07T22:49:41.039+0800][2.498s][debug][gc,phases,ref     ] GC(17)   Notify and keep alive finalizable: 0.1ms
[2024-12-07T22:49:41.039+0800][2.498s][debug][gc,phases,ref     ] GC(17)     FinalRef (ms):            skipped
[2024-12-07T22:49:41.039+0800][2.498s][debug][gc,phases,ref     ] GC(17)   Notify PhantomReferences: 0.1ms
[2024-12-07T22:49:41.040+0800][2.498s][debug][gc,phases,ref     ] GC(17)     PhantomRef (ms):          skipped
[2024-12-07T22:49:41.040+0800][2.498s][debug][gc,phases,ref     ] GC(17)   SoftReference:
[2024-12-07T22:49:41.040+0800][2.498s][debug][gc,phases,ref     ] GC(17)     Discovered: 0
[2024-12-07T22:49:41.040+0800][2.498s][debug][gc,phases,ref     ] GC(17)     Cleared: 0
[2024-12-07T22:49:41.040+0800][2.498s][debug][gc,phases,ref     ] GC(17)   WeakReference:
[2024-12-07T22:49:41.040+0800][2.498s][debug][gc,phases,ref     ] GC(17)     Discovered: 0
[2024-12-07T22:49:41.040+0800][2.498s][debug][gc,phases,ref     ] GC(17)     Cleared: 0
[2024-12-07T22:49:41.040+0800][2.498s][debug][gc,phases,ref     ] GC(17)   FinalReference:
[2024-12-07T22:49:41.040+0800][2.498s][debug][gc,phases,ref     ] GC(17)     Discovered: 0
[2024-12-07T22:49:41.040+0800][2.499s][debug][gc,phases,ref     ] GC(17)     Cleared: 0
[2024-12-07T22:49:41.040+0800][2.499s][debug][gc,phases,ref     ] GC(17)   PhantomReference:
[2024-12-07T22:49:41.040+0800][2.499s][debug][gc,phases,ref     ] GC(17)     Discovered: 0
[2024-12-07T22:49:41.040+0800][2.499s][debug][gc,phases,ref     ] GC(17)     Cleared: 0
[2024-12-07T22:49:41.041+0800][2.499s][debug][gc,phases         ] GC(17) Reference Processing 2.336ms
[2024-12-07T22:49:41.041+0800][2.499s][debug][gc,phases,start   ] GC(17) Weak Processing
[2024-12-07T22:49:41.041+0800][2.499s][debug][gc,phases         ] GC(17) Weak Processing 0.081ms
[2024-12-07T22:49:41.041+0800][2.499s][debug][gc,phases,start   ] GC(17) Class Unloading
[2024-12-07T22:49:41.041+0800][2.499s][debug][gc,phases,start   ] GC(17) ClassLoaderData
[2024-12-07T22:49:41.041+0800][2.499s][debug][gc,phases         ] GC(17) ClassLoaderData 0.085ms
[2024-12-07T22:49:41.041+0800][2.499s][debug][gc,phases,start   ] GC(17) ProtectionDomainCacheTable
[2024-12-07T22:49:41.041+0800][2.499s][debug][gc,phases         ] GC(17) ProtectionDomainCacheTable 0.077ms
[2024-12-07T22:49:41.041+0800][2.500s][info ][gc,stringtable    ] GC(17) Cleaned string and symbol table, strings: 68 processed, 0 removed, symbols: 226 processed, 0 removed
[2024-12-07T22:49:41.042+0800][2.500s][debug][gc,phases         ] GC(17) Class Unloading 0.786ms
[2024-12-07T22:49:41.042+0800][2.500s][debug][gc,phases,start   ] GC(17) Flush Task Caches
[2024-12-07T22:49:41.042+0800][2.500s][debug][gc,stats          ] Mark stats cache hits 13027 misses 107 ratio 99.185
[2024-12-07T22:49:41.042+0800][2.500s][debug][gc,phases         ] GC(17) Flush Task Caches 0.175ms
[2024-12-07T22:49:41.042+0800][2.500s][debug][gc,phases,start   ] GC(17) Update Remembered Set Tracking Before Rebuild
[2024-12-07T22:49:41.042+0800][2.500s][debug][gc,ergo           ] GC(17) Running G1 Update RemSet Tracking Before Rebuild using 2 workers for 504 regions in heap
[2024-12-07T22:49:41.042+0800][2.500s][debug][gc,remset,tracking] GC(17) Remembered Set Tracking update regions total 504, selected 0
[2024-12-07T22:49:41.042+0800][2.500s][debug][gc,phases         ] GC(17) Update Remembered Set Tracking Before Rebuild 0.279ms
[2024-12-07T22:49:41.042+0800][2.501s][debug][gc,phases,start   ] GC(17) Reclaim Empty Regions
[2024-12-07T22:49:41.042+0800][2.501s][debug][gc,phases         ] GC(17) Reclaim Empty Regions 0.160ms
[2024-12-07T22:49:41.042+0800][2.501s][debug][gc,phases,start   ] GC(17) Purge Metaspace
[2024-12-07T22:49:41.043+0800][2.501s][debug][gc,phases         ] GC(17) Purge Metaspace 0.078ms
[2024-12-07T22:49:41.043+0800][2.501s][debug][gc,phases,start   ] GC(17) Report Object Count
[2024-12-07T22:49:41.043+0800][2.501s][debug][gc,phases         ] GC(17) Report Object Count 0.077ms
[2024-12-07T22:49:41.043+0800][2.501s][info ][gc                ] GC(17) Pause Remark 205M->205M(504M) 12.189ms
[2024-12-07T22:49:41.043+0800][2.501s][info ][gc,cpu            ] GC(17) User=0.01s Sys=0.00s Real=0.01s
[2024-12-07T22:49:41.043+0800][2.501s][info ][gc,marking        ] GC(17) Concurrent Rebuild Remembered Sets
[2024-12-07T22:49:41.043+0800][2.502s][info ][gc,marking        ] GC(17) Concurrent Rebuild Remembered Sets 0.280ms
[2024-12-07T22:49:41.043+0800][2.502s][info ][gc,start          ] GC(17) Pause Cleanup
[2024-12-07T22:49:41.044+0800][2.502s][debug][gc,phases,start   ] GC(17) Update Remembered Set Tracking After Rebuild
[2024-12-07T22:49:41.044+0800][2.502s][debug][gc,phases         ] GC(17) Update Remembered Set Tracking After Rebuild 0.084ms
[2024-12-07T22:49:41.044+0800][2.502s][debug][gc,phases,start   ] GC(17) Finalize Concurrent Mark Cleanup
[2024-12-07T22:49:41.044+0800][2.502s][debug][gc,ergo           ] GC(17) request young-only gcs (candidate old regions not available)
[2024-12-07T22:49:41.044+0800][2.502s][debug][gc,phases         ] GC(17) Finalize Concurrent Mark Cleanup 0.364ms
[2024-12-07T22:49:41.044+0800][2.502s][info ][gc                ] GC(17) Pause Cleanup 205M->205M(504M) 0.701ms
[2024-12-07T22:49:41.044+0800][2.503s][info ][gc,cpu            ] GC(17) User=0.00s Sys=0.00s Real=0.00s
[2024-12-07T22:49:41.044+0800][2.503s][info ][gc,marking        ] GC(17) Concurrent Cleanup for Next Mark
[2024-12-07T22:49:41.044+0800][2.503s][debug][gc,ergo           ] GC(17) Running G1 Clear Bitmap with 5 workers for 8 work units.
[2024-12-07T22:49:41.045+0800][2.503s][info ][gc,marking        ] GC(17) Concurrent Cleanup for Next Mark 0.383ms
[2024-12-07T22:49:41.045+0800][2.503s][info ][gc                ] GC(17) Concurrent Cycle 20.693ms
[2024-12-07T22:49:41.230+0800][2.688s][debug][gc,ergo,ihop      ] Request concurrent cycle initiation (occupancy higher than threshold) occupancy: 236978176B allocation request: 1048592B threshold: 236873318B (44.82) source: concurrent humongous allocation
[2024-12-07T22:49:41.232+0800][2.690s][debug][gc,ergo           ] Request concurrent cycle initiation (requested by GC cause). GC cause: G1 Humongous Allocation
[2024-12-07T22:49:41.232+0800][2.691s][debug][gc,heap           ] GC(18) Heap before GC invocations=18 (full 0): garbage-first heap   total 516096K, used 230658K [0x00000000e0000000, 0x0000000100000000)
[2024-12-07T22:49:41.233+0800][2.691s][debug][gc,heap           ] GC(18)   region size 1024K, 2 young (2048K), 1 survivors (1024K)
[2024-12-07T22:49:41.233+0800][2.691s][debug][gc,heap           ] GC(18)  Metaspace       used 648K, capacity 4574K, committed 4864K, reserved 1056768K
[2024-12-07T22:49:41.233+0800][2.692s][debug][gc,heap           ] GC(18)   class space    used 52K, capacity 418K, committed 512K, reserved 1048576K
[2024-12-07T22:49:41.234+0800][2.692s][debug][gc,ergo           ] GC(18) Initiate concurrent cycle (concurrent cycle initiation requested)
[2024-12-07T22:49:41.234+0800][2.692s][info ][gc,start          ] GC(18) Pause Young (Concurrent Start) (G1 Humongous Allocation)
[2024-12-07T22:49:41.234+0800][2.693s][info ][gc,task           ] GC(18) Using 12 workers of 18 for evacuation
[2024-12-07T22:49:41.235+0800][2.693s][debug][gc,tlab           ] GC(18) TLAB totals: thrds: 1  refills: 1 max: 1 slow allocs: 12 max 12 waste: 99.1% gc: 498776B max: 498776B slow: 0B max: 0B fast: 0B max: 0B
[2024-12-07T22:49:41.235+0800][2.693s][debug][gc,alloc,region   ] GC(18) Mutator Allocation stats, regions: 1, wasted size: 0B ( 0.0%)
[2024-12-07T22:49:41.235+0800][2.693s][debug][gc,age            ] GC(18) Desired survivor size 2097152 bytes, new threshold 15 (max threshold 15)
[2024-12-07T22:49:41.235+0800][2.694s][debug][gc,ergo,cset      ] GC(18) Finish choosing CSet. old: 0 regions, predicted old region time: 0.00ms, time remaining: 182.16
[2024-12-07T22:49:41.236+0800][2.694s][debug][gc,task,stats     ] GC(18) GC Termination Stats
[2024-12-07T22:49:41.236+0800][2.694s][debug][gc,task,stats     ] GC(18)      elapsed  --strong roots-- -------termination------- ------waste (KiB)------
[2024-12-07T22:49:41.236+0800][2.694s][debug][gc,task,stats     ] GC(18) thr     ms        ms      %        ms      %    attempts  total   alloc    undo
[2024-12-07T22:49:41.236+0800][2.694s][debug][gc,task,stats     ] GC(18) --- --------- --------- ------ --------- ------ -------- ------- ------- -------
[2024-12-07T22:49:41.240+0800][2.698s][debug][gc,task,stats     ] GC(18)  11      3.71      3.70  99.72      0.00   0.02        1       0       0       0
[2024-12-07T22:49:41.241+0800][2.699s][debug][gc,task,stats     ] GC(18)   7      4.53      3.36  74.24      0.78  17.18        1       0       0       0
[2024-12-07T22:49:41.241+0800][2.700s][debug][gc,task,stats     ] GC(18)   8      5.12      1.58  30.91      2.43  47.44        2       0       0       0
[2024-12-07T22:49:41.242+0800][2.700s][debug][gc,task,stats     ] GC(18)   6      5.54      2.31  41.76      1.65  29.77        1       0       0       0
[2024-12-07T22:49:41.242+0800][2.700s][debug][gc,task,stats     ] GC(18)   3      5.86      1.88  31.99      2.09  35.61        1       0       0       0
[2024-12-07T22:49:41.242+0800][2.701s][debug][gc,task,stats     ] GC(18)   2      6.11      1.42  23.25      2.46  40.25       14       1       1       0
[2024-12-07T22:49:41.242+0800][2.701s][debug][gc,task,stats     ] GC(18)   1      6.32      1.43  22.55      2.42  38.23        5       0       0       0
[2024-12-07T22:49:41.243+0800][2.701s][debug][gc,task,stats     ] GC(18)   4      6.45      1.78  27.55      2.10  32.52        1       0       0       0
[2024-12-07T22:49:41.243+0800][2.701s][debug][gc,task,stats     ] GC(18)   9      6.58      3.50  53.18      0.28   4.29        1       0       0       0
[2024-12-07T22:49:41.243+0800][2.701s][debug][gc,task,stats     ] GC(18)   5      6.76      1.41  20.87      2.34  34.62       17       0       0       0
[2024-12-07T22:49:41.243+0800][2.701s][debug][gc,task,stats     ] GC(18)   0      6.97      1.81  25.93      2.14  30.65        1       0       0       0
[2024-12-07T22:49:41.243+0800][2.702s][debug][gc,task,stats     ] GC(18)  10      6.88      3.62  52.62      0.09   1.27        1       0       0       0
[2024-12-07T22:49:41.243+0800][2.702s][debug][gc,ergo           ] GC(18) Running G1 Clear Card Table Task using 1 workers for 1 units of work for 3 regions.
[2024-12-07T22:49:41.243+0800][2.702s][debug][gc,ref            ] GC(18) Skipped phase1 of Reference Processing due to unavailable references
[2024-12-07T22:49:41.244+0800][2.702s][debug][gc,ref            ] GC(18) Skipped phase3 of Reference Processing due to unavailable references
[2024-12-07T22:49:41.244+0800][2.702s][debug][gc,ergo           ] GC(18) Running G1 Free Collection Set using 1 workers for collection set length 2
[2024-12-07T22:49:41.244+0800][2.702s][debug][gc,humongous      ] GC(18) Dead humongous region 0 object size 1048592 start 0x00000000e0000000 with remset 0 code roots 0 is marked 0 reclaim candidate 1 type array 1
[2024-12-07T22:49:41.244+0800][2.703s][debug][gc,humongous      ] GC(18) Dead humongous region 2 object size 1048592 start 0x00000000e0200000 with remset 0 code roots 0 is marked 0 reclaim candidate 1 type array 1
[2024-12-07T22:49:41.244+0800][2.703s][debug][gc,humongous      ] GC(18) Dead humongous region 4 object size 1048592 start 0x00000000e0400000 with remset 0 code roots 0 is marked 0 reclaim candidate 1 type array 1
[2024-12-07T22:49:41.244+0800][2.703s][debug][gc,humongous      ] GC(18) Dead humongous region 6 object size 1048592 start 0x00000000e0600000 with remset 0 code roots 0 is marked 0 reclaim candidate 1 type array 1
[2024-12-07T22:49:41.244+0800][2.703s][debug][gc,humongous      ] GC(18) Dead humongous region 8 object size 1048592 start 0x00000000e0800000 with remset 0 code roots 0 is marked 0 reclaim candidate 1 type array 1
[2024-12-07T22:49:41.245+0800][2.703s][debug][gc,humongous      ] GC(18) Dead humongous region 10 object size 1048592 start 0x00000000e0a00000 with remset 0 code roots 0 is marked 0 reclaim candidate 1 type array 1
[2024-12-07T22:49:41.245+0800][2.703s][debug][gc,humongous      ] GC(18) Dead humongous region 12 object size 1048592 start 0x00000000e0c00000 with remset 0 code roots 0 is marked 0 reclaim candidate 1 type array 1
[2024-12-07T22:49:41.245+0800][2.703s][debug][gc,humongous      ] GC(18) Dead humongous region 14 object size 1048592 start 0x00000000e0e00000 with remset 0 code roots 0 is marked 0 reclaim candidate 1 type array 1
[2024-12-07T22:49:41.245+0800][2.703s][debug][gc,humongous      ] GC(18) Live humongous region 16 object size 1048592 start 0x00000000e1000000  with remset 0 code roots 0 is marked 0 reclaim candidate 0 type array 1
[2024-12-07T22:49:41.245+0800][2.703s][debug][gc,humongous      ] GC(18) Live humongous region 18 object size 1048592 start 0x00000000e1200000  with remset 0 code roots 0 is marked 0 reclaim candidate 0 type array 1
[2024-12-07T22:49:41.245+0800][2.703s][debug][gc,humongous      ] GC(18) Live humongous region 20 object size 1048592 start 0x00000000e1400000  with remset 0 code roots 0 is marked 0 reclaim candidate 0 type array 1
[2024-12-07T22:49:41.245+0800][2.703s][debug][gc,humongous      ] GC(18) Live humongous region 22 object size 1048592 start 0x00000000e1600000  with remset 0 code roots 0 is marked 0 reclaim candidate 0 type array 1
[2024-12-07T22:49:41.245+0800][2.703s][debug][gc,humongous      ] GC(18) Live humongous region 24 object size 1048592 start 0x00000000e1800000  with remset 0 code roots 0 is marked 0 reclaim candidate 0 type array 1
[2024-12-07T22:49:41.245+0800][2.703s][debug][gc,humongous      ] GC(18) Live humongous region 26 object size 1048592 start 0x00000000e1a00000  with remset 0 code roots 0 is marked 0 reclaim candidate 0 type array 1
[2024-12-07T22:49:41.245+0800][2.704s][debug][gc,humongous      ] GC(18) Live humongous region 28 object size 1048592 start 0x00000000e1c00000  with remset 0 code roots 0 is marked 0 reclaim candidate 0 type array 1
[2024-12-07T22:49:41.245+0800][2.704s][debug][gc,humongous      ] GC(18) Live humongous region 30 object size 1048592 start 0x00000000e1e00000  with remset 0 code roots 0 is marked 0 reclaim candidate 0 type array 1
[2024-12-07T22:49:41.245+0800][2.704s][debug][gc,humongous      ] GC(18) Live humongous region 32 object size 1048592 start 0x00000000e2000000  with remset 0 code roots 0 is marked 0 reclaim candidate 0 type array 1
[2024-12-07T22:49:41.245+0800][2.704s][debug][gc,humongous      ] GC(18) Live humongous region 34 object size 1048592 start 0x00000000e2200000  with remset 0 code roots 0 is marked 0 reclaim candidate 0 type array 1
[2024-12-07T22:49:41.245+0800][2.704s][debug][gc,humongous      ] GC(18) Live humongous region 36 object size 1048592 start 0x00000000e2400000  with remset 0 code roots 0 is marked 0 reclaim candidate 0 type array 1
[2024-12-07T22:49:41.246+0800][2.704s][debug][gc,humongous      ] GC(18) Live humongous region 38 object size 1048592 start 0x00000000e2600000  with remset 0 code roots 0 is marked 0 reclaim candidate 0 type array 1
[2024-12-07T22:49:41.246+0800][2.704s][debug][gc,humongous      ] GC(18) Live humongous region 40 object size 1048592 start 0x00000000e2800000  with remset 0 code roots 0 is marked 0 reclaim candidate 0 type array 1
[2024-12-07T22:49:41.246+0800][2.704s][debug][gc,humongous      ] GC(18) Live humongous region 42 object size 1048592 start 0x00000000e2a00000  with remset 0 code roots 0 is marked 0 reclaim candidate 0 type array 1
[2024-12-07T22:49:41.246+0800][2.704s][debug][gc,humongous      ] GC(18) Live humongous region 44 object size 1048592 start 0x00000000e2c00000  with remset 0 code roots 0 is marked 0 reclaim candidate 0 type array 1
[2024-12-07T22:49:41.246+0800][2.704s][debug][gc,humongous      ] GC(18) Live humongous region 46 object size 1048592 start 0x00000000e2e00000  with remset 0 code roots 0 is marked 0 reclaim candidate 0 type array 1
[2024-12-07T22:49:41.246+0800][2.704s][debug][gc,humongous      ] GC(18) Live humongous region 48 object size 1048592 start 0x00000000e3000000  with remset 0 code roots 0 is marked 0 reclaim candidate 0 type array 1
[2024-12-07T22:49:41.246+0800][2.704s][debug][gc,humongous      ] GC(18) Live humongous region 50 object size 1048592 start 0x00000000e3200000  with remset 0 code roots 0 is marked 0 reclaim candidate 0 type array 1
[2024-12-07T22:49:41.246+0800][2.704s][debug][gc,humongous      ] GC(18) Live humongous region 52 object size 1048592 start 0x00000000e3400000  with remset 0 code roots 0 is marked 0 reclaim candidate 0 type array 1
[2024-12-07T22:49:41.246+0800][2.705s][debug][gc,humongous      ] GC(18) Live humongous region 54 object size 1048592 start 0x00000000e3600000  with remset 0 code roots 0 is marked 0 reclaim candidate 0 type array 1
[2024-12-07T22:49:41.246+0800][2.705s][debug][gc,humongous      ] GC(18) Live humongous region 56 object size 1048592 start 0x00000000e3800000  with remset 0 code roots 0 is marked 0 reclaim candidate 0 type array 1
[2024-12-07T22:49:41.246+0800][2.705s][debug][gc,humongous      ] GC(18) Live humongous region 58 object size 1048592 start 0x00000000e3a00000  with remset 0 code roots 0 is marked 0 reclaim candidate 0 type array 1
[2024-12-07T22:49:41.246+0800][2.705s][debug][gc,humongous      ] GC(18) Live humongous region 60 object size 1048592 start 0x00000000e3c00000  with remset 0 code roots 0 is marked 0 reclaim candidate 0 type array 1
[2024-12-07T22:49:41.247+0800][2.705s][debug][gc,humongous      ] GC(18) Live humongous region 62 object size 1048592 start 0x00000000e3e00000  with remset 0 code roots 0 is marked 0 reclaim candidate 0 type array 1
[2024-12-07T22:49:41.247+0800][2.705s][debug][gc,humongous      ] GC(18) Live humongous region 64 object size 1048592 start 0x00000000e4000000  with remset 0 code roots 0 is marked 0 reclaim candidate 0 type array 1
[2024-12-07T22:49:41.247+0800][2.705s][debug][gc,humongous      ] GC(18) Live humongous region 66 object size 1048592 start 0x00000000e4200000  with remset 0 code roots 0 is marked 0 reclaim candidate 0 type array 1
[2024-12-07T22:49:41.247+0800][2.705s][debug][gc,humongous      ] GC(18) Live humongous region 68 object size 1048592 start 0x00000000e4400000  with remset 0 code roots 0 is marked 0 reclaim candidate 0 type array 1
[2024-12-07T22:49:41.247+0800][2.705s][debug][gc,humongous      ] GC(18) Live humongous region 70 object size 1048592 start 0x00000000e4600000  with remset 0 code roots 0 is marked 0 reclaim candidate 0 type array 1
[2024-12-07T22:49:41.247+0800][2.705s][debug][gc,humongous      ] GC(18) Live humongous region 72 object size 1048592 start 0x00000000e4800000  with remset 0 code roots 0 is marked 0 reclaim candidate 0 type array 1
[2024-12-07T22:49:41.247+0800][2.705s][debug][gc,humongous      ] GC(18) Live humongous region 74 object size 1048592 start 0x00000000e4a00000  with remset 0 code roots 0 is marked 0 reclaim candidate 0 type array 1
[2024-12-07T22:49:41.247+0800][2.705s][debug][gc,humongous      ] GC(18) Live humongous region 76 object size 1048592 start 0x00000000e4c00000  with remset 0 code roots 0 is marked 0 reclaim candidate 0 type array 1
[2024-12-07T22:49:41.247+0800][2.705s][debug][gc,humongous      ] GC(18) Live humongous region 78 object size 1048592 start 0x00000000e4e00000  with remset 0 code roots 0 is marked 0 reclaim candidate 0 type array 1
[2024-12-07T22:49:41.247+0800][2.706s][debug][gc,humongous      ] GC(18) Live humongous region 80 object size 1048592 start 0x00000000e5000000  with remset 0 code roots 0 is marked 0 reclaim candidate 0 type array 1
[2024-12-07T22:49:41.247+0800][2.706s][debug][gc,humongous      ] GC(18) Live humongous region 82 object size 1048592 start 0x00000000e5200000  with remset 0 code roots 0 is marked 0 reclaim candidate 0 type array 1
[2024-12-07T22:49:41.247+0800][2.706s][debug][gc,humongous      ] GC(18) Live humongous region 84 object size 1048592 start 0x00000000e5400000  with remset 0 code roots 0 is marked 0 reclaim candidate 0 type array 1
[2024-12-07T22:49:41.247+0800][2.706s][debug][gc,humongous      ] GC(18) Live humongous region 86 object size 1048592 start 0x00000000e5600000  with remset 0 code roots 0 is marked 0 reclaim candidate 0 type array 1
[2024-12-07T22:49:41.248+0800][2.706s][debug][gc,humongous      ] GC(18) Live humongous region 88 object size 1048592 start 0x00000000e5800000  with remset 0 code roots 0 is marked 0 reclaim candidate 0 type array 1
[2024-12-07T22:49:41.248+0800][2.706s][debug][gc,humongous      ] GC(18) Live humongous region 90 object size 1048592 start 0x00000000e5a00000  with remset 0 code roots 0 is marked 0 reclaim candidate 0 type array 1
[2024-12-07T22:49:41.248+0800][2.706s][debug][gc,humongous      ] GC(18) Live humongous region 92 object size 1048592 start 0x00000000e5c00000  with remset 0 code roots 0 is marked 0 reclaim candidate 0 type array 1
[2024-12-07T22:49:41.248+0800][2.706s][debug][gc,humongous      ] GC(18) Live humongous region 94 object size 1048592 start 0x00000000e5e00000  with remset 0 code roots 0 is marked 0 reclaim candidate 0 type array 1
[2024-12-07T22:49:41.248+0800][2.706s][debug][gc,humongous      ] GC(18) Live humongous region 96 object size 1048592 start 0x00000000e6000000  with remset 0 code roots 0 is marked 0 reclaim candidate 0 type array 1
[2024-12-07T22:49:41.248+0800][2.706s][debug][gc,humongous      ] GC(18) Live humongous region 98 object size 1048592 start 0x00000000e6200000  with remset 0 code roots 0 is marked 0 reclaim candidate 0 type array 1
[2024-12-07T22:49:41.248+0800][2.706s][debug][gc,humongous      ] GC(18) Live humongous region 100 object size 1048592 start 0x00000000e6400000  with remset 0 code roots 0 is marked 0 reclaim candidate 0 type array 1
[2024-12-07T22:49:41.248+0800][2.706s][debug][gc,humongous      ] GC(18) Live humongous region 102 object size 1048592 start 0x00000000e6600000  with remset 0 code roots 0 is marked 0 reclaim candidate 0 type array 1
[2024-12-07T22:49:41.248+0800][2.706s][debug][gc,humongous      ] GC(18) Live humongous region 104 object size 1048592 start 0x00000000e6800000  with remset 0 code roots 0 is marked 0 reclaim candidate 0 type array 1
[2024-12-07T22:49:41.248+0800][2.706s][debug][gc,humongous      ] GC(18) Live humongous region 106 object size 1048592 start 0x00000000e6a00000  with remset 0 code roots 0 is marked 0 reclaim candidate 0 type array 1
[2024-12-07T22:49:41.248+0800][2.706s][debug][gc,humongous      ] GC(18) Live humongous region 108 object size 1048592 start 0x00000000e6c00000  with remset 0 code roots 0 is marked 0 reclaim candidate 0 type array 1
[2024-12-07T22:49:41.248+0800][2.707s][debug][gc,humongous      ] GC(18) Live humongous region 110 object size 1048592 start 0x00000000e6e00000  with remset 0 code roots 0 is marked 0 reclaim candidate 0 type array 1
[2024-12-07T22:49:41.248+0800][2.707s][debug][gc,humongous      ] GC(18) Live humongous region 112 object size 1048592 start 0x00000000e7000000  with remset 0 code roots 0 is marked 0 reclaim candidate 0 type array 1
[2024-12-07T22:49:41.248+0800][2.707s][debug][gc,humongous      ] GC(18) Live humongous region 114 object size 1048592 start 0x00000000e7200000  with remset 0 code roots 0 is marked 0 reclaim candidate 0 type array 1
[2024-12-07T22:49:41.248+0800][2.707s][debug][gc,humongous      ] GC(18) Live humongous region 116 object size 1048592 start 0x00000000e7400000  with remset 0 code roots 0 is marked 0 reclaim candidate 0 type array 1
[2024-12-07T22:49:41.248+0800][2.707s][debug][gc,humongous      ] GC(18) Live humongous region 118 object size 1048592 start 0x00000000e7600000  with remset 0 code roots 0 is marked 0 reclaim candidate 0 type array 1
[2024-12-07T22:49:41.249+0800][2.707s][debug][gc,humongous      ] GC(18) Live humongous region 120 object size 1048592 start 0x00000000e7800000  with remset 0 code roots 0 is marked 0 reclaim candidate 0 type array 1
[2024-12-07T22:49:41.249+0800][2.707s][debug][gc,humongous      ] GC(18) Live humongous region 122 object size 1048592 start 0x00000000e7a00000  with remset 0 code roots 0 is marked 0 reclaim candidate 0 type array 1
[2024-12-07T22:49:41.249+0800][2.707s][debug][gc,humongous      ] GC(18) Live humongous region 124 object size 1048592 start 0x00000000e7c00000  with remset 0 code roots 0 is marked 0 reclaim candidate 0 type array 1
[2024-12-07T22:49:41.249+0800][2.707s][debug][gc,humongous      ] GC(18) Live humongous region 126 object size 1048592 start 0x00000000e7e00000  with remset 0 code roots 0 is marked 0 reclaim candidate 0 type array 1
[2024-12-07T22:49:41.249+0800][2.707s][debug][gc,humongous      ] GC(18) Live humongous region 128 object size 1048592 start 0x00000000e8000000  with remset 0 code roots 0 is marked 0 reclaim candidate 0 type array 1
[2024-12-07T22:49:41.249+0800][2.707s][debug][gc,humongous      ] GC(18) Live humongous region 130 object size 1048592 start 0x00000000e8200000  with remset 0 code roots 0 is marked 0 reclaim candidate 0 type array 1
[2024-12-07T22:49:41.249+0800][2.707s][debug][gc,humongous      ] GC(18) Live humongous region 132 object size 1048592 start 0x00000000e8400000  with remset 0 code roots 0 is marked 0 reclaim candidate 0 type array 1
[2024-12-07T22:49:41.249+0800][2.707s][debug][gc,humongous      ] GC(18) Live humongous region 134 object size 1048592 start 0x00000000e8600000  with remset 0 code roots 0 is marked 0 reclaim candidate 0 type array 1
[2024-12-07T22:49:41.249+0800][2.707s][debug][gc,humongous      ] GC(18) Live humongous region 136 object size 1048592 start 0x00000000e8800000  with remset 0 code roots 0 is marked 0 reclaim candidate 0 type array 1
[2024-12-07T22:49:41.249+0800][2.707s][debug][gc,humongous      ] GC(18) Live humongous region 138 object size 1048592 start 0x00000000e8a00000  with remset 0 code roots 0 is marked 0 reclaim candidate 0 type array 1
[2024-12-07T22:49:41.249+0800][2.707s][debug][gc,humongous      ] GC(18) Live humongous region 140 object size 1048592 start 0x00000000e8c00000  with remset 0 code roots 0 is marked 0 reclaim candidate 0 type array 1
[2024-12-07T22:49:41.249+0800][2.708s][debug][gc,humongous      ] GC(18) Live humongous region 142 object size 1048592 start 0x00000000e8e00000  with remset 0 code roots 0 is marked 0 reclaim candidate 0 type array 1
[2024-12-07T22:49:41.249+0800][2.708s][debug][gc,humongous      ] GC(18) Live humongous region 144 object size 1048592 start 0x00000000e9000000  with remset 0 code roots 0 is marked 0 reclaim candidate 0 type array 1
[2024-12-07T22:49:41.249+0800][2.708s][debug][gc,humongous      ] GC(18) Live humongous region 146 object size 1048592 start 0x00000000e9200000  with remset 0 code roots 0 is marked 0 reclaim candidate 0 type array 1
[2024-12-07T22:49:41.249+0800][2.708s][debug][gc,humongous      ] GC(18) Live humongous region 148 object size 1048592 start 0x00000000e9400000  with remset 0 code roots 0 is marked 0 reclaim candidate 0 type array 1
[2024-12-07T22:49:41.249+0800][2.708s][debug][gc,humongous      ] GC(18) Live humongous region 150 object size 1048592 start 0x00000000e9600000  with remset 0 code roots 0 is marked 0 reclaim candidate 0 type array 1
[2024-12-07T22:49:41.250+0800][2.708s][debug][gc,humongous      ] GC(18) Live humongous region 152 object size 1048592 start 0x00000000e9800000  with remset 0 code roots 0 is marked 0 reclaim candidate 0 type array 1
[2024-12-07T22:49:41.250+0800][2.708s][debug][gc,humongous      ] GC(18) Live humongous region 154 object size 1048592 start 0x00000000e9a00000  with remset 0 code roots 0 is marked 0 reclaim candidate 0 type array 1
[2024-12-07T22:49:41.250+0800][2.708s][debug][gc,humongous      ] GC(18) Live humongous region 156 object size 1048592 start 0x00000000e9c00000  with remset 0 code roots 0 is marked 0 reclaim candidate 0 type array 1
[2024-12-07T22:49:41.250+0800][2.708s][debug][gc,humongous      ] GC(18) Live humongous region 158 object size 1048592 start 0x00000000e9e00000  with remset 0 code roots 0 is marked 0 reclaim candidate 0 type array 1
[2024-12-07T22:49:41.250+0800][2.708s][debug][gc,humongous      ] GC(18) Live humongous region 160 object size 1048592 start 0x00000000ea000000  with remset 0 code roots 0 is marked 0 reclaim candidate 0 type array 1
[2024-12-07T22:49:41.250+0800][2.708s][debug][gc,humongous      ] GC(18) Live humongous region 162 object size 1048592 start 0x00000000ea200000  with remset 0 code roots 0 is marked 0 reclaim candidate 0 type array 1
[2024-12-07T22:49:41.250+0800][2.708s][debug][gc,humongous      ] GC(18) Live humongous region 164 object size 1048592 start 0x00000000ea400000  with remset 0 code roots 0 is marked 0 reclaim candidate 0 type array 1
[2024-12-07T22:49:41.250+0800][2.708s][debug][gc,humongous      ] GC(18) Live humongous region 166 object size 1048592 start 0x00000000ea600000  with remset 0 code roots 0 is marked 0 reclaim candidate 0 type array 1
[2024-12-07T22:49:41.250+0800][2.708s][debug][gc,humongous      ] GC(18) Live humongous region 168 object size 1048592 start 0x00000000ea800000  with remset 0 code roots 0 is marked 0 reclaim candidate 0 type array 1
[2024-12-07T22:49:41.250+0800][2.708s][debug][gc,humongous      ] GC(18) Live humongous region 170 object size 1048592 start 0x00000000eaa00000  with remset 0 code roots 0 is marked 0 reclaim candidate 0 type array 1
[2024-12-07T22:49:41.250+0800][2.708s][debug][gc,humongous      ] GC(18) Live humongous region 172 object size 1048592 start 0x00000000eac00000  with remset 0 code roots 0 is marked 0 reclaim candidate 0 type array 1
[2024-12-07T22:49:41.250+0800][2.709s][debug][gc,humongous      ] GC(18) Live humongous region 174 object size 1048592 start 0x00000000eae00000  with remset 0 code roots 0 is marked 0 reclaim candidate 0 type array 1
[2024-12-07T22:49:41.250+0800][2.709s][debug][gc,humongous      ] GC(18) Live humongous region 176 object size 1048592 start 0x00000000eb000000  with remset 0 code roots 0 is marked 0 reclaim candidate 0 type array 1
[2024-12-07T22:49:41.250+0800][2.709s][debug][gc,humongous      ] GC(18) Live humongous region 178 object size 1048592 start 0x00000000eb200000  with remset 0 code roots 0 is marked 0 reclaim candidate 0 type array 1
[2024-12-07T22:49:41.250+0800][2.709s][debug][gc,humongous      ] GC(18) Live humongous region 180 object size 1048592 start 0x00000000eb400000  with remset 0 code roots 0 is marked 0 reclaim candidate 0 type array 1
[2024-12-07T22:49:41.250+0800][2.709s][debug][gc,humongous      ] GC(18) Live humongous region 182 object size 1048592 start 0x00000000eb600000  with remset 0 code roots 0 is marked 0 reclaim candidate 0 type array 1
[2024-12-07T22:49:41.251+0800][2.709s][debug][gc,humongous      ] GC(18) Live humongous region 184 object size 1048592 start 0x00000000eb800000  with remset 0 code roots 0 is marked 0 reclaim candidate 0 type array 1
[2024-12-07T22:49:41.251+0800][2.709s][debug][gc,humongous      ] GC(18) Live humongous region 186 object size 1048592 start 0x00000000eba00000  with remset 0 code roots 0 is marked 0 reclaim candidate 0 type array 1
[2024-12-07T22:49:41.251+0800][2.709s][debug][gc,humongous      ] GC(18) Live humongous region 188 object size 1048592 start 0x00000000ebc00000  with remset 0 code roots 0 is marked 0 reclaim candidate 0 type array 1
[2024-12-07T22:49:41.251+0800][2.709s][debug][gc,humongous      ] GC(18) Live humongous region 190 object size 1048592 start 0x00000000ebe00000  with remset 0 code roots 0 is marked 0 reclaim candidate 0 type array 1
[2024-12-07T22:49:41.251+0800][2.709s][debug][gc,humongous      ] GC(18) Live humongous region 192 object size 1048592 start 0x00000000ec000000  with remset 0 code roots 0 is marked 0 reclaim candidate 0 type array 1
[2024-12-07T22:49:41.251+0800][2.709s][debug][gc,humongous      ] GC(18) Live humongous region 194 object size 1048592 start 0x00000000ec200000  with remset 0 code roots 0 is marked 0 reclaim candidate 0 type array 1
[2024-12-07T22:49:41.251+0800][2.709s][debug][gc,humongous      ] GC(18) Live humongous region 196 object size 1048592 start 0x00000000ec400000  with remset 0 code roots 0 is marked 0 reclaim candidate 0 type array 1
[2024-12-07T22:49:41.251+0800][2.709s][debug][gc,humongous      ] GC(18) Live humongous region 198 object size 1048592 start 0x00000000ec600000  with remset 0 code roots 0 is marked 0 reclaim candidate 0 type array 1
[2024-12-07T22:49:41.251+0800][2.709s][debug][gc,humongous      ] GC(18) Live humongous region 200 object size 1048592 start 0x00000000ec800000  with remset 0 code roots 0 is marked 0 reclaim candidate 0 type array 1
[2024-12-07T22:49:41.251+0800][2.709s][debug][gc,humongous      ] GC(18) Live humongous region 202 object size 1048592 start 0x00000000eca00000  with remset 0 code roots 0 is marked 0 reclaim candidate 0 type array 1
[2024-12-07T22:49:41.251+0800][2.709s][debug][gc,humongous      ] GC(18) Live humongous region 204 object size 1048592 start 0x00000000ecc00000  with remset 0 code roots 0 is marked 0 reclaim candidate 0 type array 1
[2024-12-07T22:49:41.251+0800][2.710s][debug][gc,humongous      ] GC(18) Live humongous region 206 object size 1048592 start 0x00000000ece00000  with remset 0 code roots 0 is marked 0 reclaim candidate 0 type array 1
[2024-12-07T22:49:41.251+0800][2.710s][debug][gc,humongous      ] GC(18) Live humongous region 208 object size 1048592 start 0x00000000ed000000  with remset 0 code roots 0 is marked 0 reclaim candidate 0 type array 1
[2024-12-07T22:49:41.251+0800][2.710s][debug][gc,humongous      ] GC(18) Live humongous region 210 object size 1048592 start 0x00000000ed200000  with remset 0 code roots 0 is marked 0 reclaim candidate 0 type array 1
[2024-12-07T22:49:41.251+0800][2.710s][debug][gc,humongous      ] GC(18) Live humongous region 212 object size 1048592 start 0x00000000ed400000  with remset 0 code roots 0 is marked 0 reclaim candidate 0 type array 1
[2024-12-07T22:49:41.251+0800][2.710s][debug][gc,humongous      ] GC(18) Live humongous region 214 object size 1048592 start 0x00000000ed600000  with remset 0 code roots 0 is marked 0 reclaim candidate 0 type array 1
[2024-12-07T22:49:41.252+0800][2.710s][debug][gc,humongous      ] GC(18) Dead humongous region 216 object size 1048592 start 0x00000000ed800000 with remset 0 code roots 0 is marked 0 reclaim candidate 1 type array 1
[2024-12-07T22:49:41.252+0800][2.710s][debug][gc,humongous      ] GC(18) Dead humongous region 218 object size 1048592 start 0x00000000eda00000 with remset 0 code roots 0 is marked 0 reclaim candidate 1 type array 1
[2024-12-07T22:49:41.252+0800][2.710s][debug][gc,humongous      ] GC(18) Dead humongous region 220 object size 1048592 start 0x00000000edc00000 with remset 0 code roots 0 is marked 0 reclaim candidate 1 type array 1
[2024-12-07T22:49:41.252+0800][2.710s][debug][gc,humongous      ] GC(18) Dead humongous region 222 object size 1048592 start 0x00000000ede00000 with remset 0 code roots 0 is marked 0 reclaim candidate 1 type array 1
[2024-12-07T22:49:41.252+0800][2.710s][debug][gc,plab           ] GC(18) Young PLAB allocation: allocated: 511680B, wasted: 2728B, unused: 27424B, used: 481528B, undo waste: 0B, 
[2024-12-07T22:49:41.252+0800][2.710s][debug][gc,plab           ] GC(18) Young other allocation: region end waste: 0B, regions filled: 1, direct allocated: 66672B, failure used: 0B, failure wasted: 0B
[2024-12-07T22:49:41.252+0800][2.710s][debug][gc,plab           ] GC(18) Young sizing: calculated: 96304B, actual: 95840B
[2024-12-07T22:49:41.252+0800][2.710s][debug][gc,plab           ] GC(18) Old PLAB allocation: allocated: 0B, wasted: 0B, unused: 0B, used: 0B, undo waste: 0B, 
[2024-12-07T22:49:41.252+0800][2.710s][debug][gc,plab           ] GC(18) Old other allocation: region end waste: 0B, regions filled: 0, direct allocated: 0B, failure used: 0B, failure wasted: 0B
[2024-12-07T22:49:41.252+0800][2.710s][debug][gc,plab           ] GC(18) Old sizing: calculated: 0B, actual: 2064B
[2024-12-07T22:49:41.252+0800][2.710s][debug][gc,alloc,stats    ] Old generation allocation in the last mutator period, old gen allocated: 0B, humongous allocated: 25165824B,old gen growth: 0B.
[2024-12-07T22:49:41.252+0800][2.711s][debug][gc,ihop           ] GC(18) Basic information (value update), threshold: 236873318B (45.00), target occupancy: 526385152B, current occupancy: 211030832B, recent allocation size: 25165824B, recent allocation duration: 202.95ms, recent old gen allocation rate: 124001106.23B/s, recent marking phase length: 0.00ms
[2024-12-07T22:49:41.252+0800][2.711s][debug][gc,ihop           ] GC(18) Adaptive IHOP information (value update), threshold: 236873318B (51.91), internal target occupancy: 456340275B, occupancy: 211030832B, additional buffer size: 26214400B, predicted old gen allocation rate: 142686761.02B/s, predicted marking phase length: 0.00ms, prediction active: false
[2024-12-07T22:49:41.252+0800][2.711s][debug][gc,ergo,refine    ] GC(18) Updated Refinement Zones: green: 18, yellow: 54, red: 90
[2024-12-07T22:49:41.252+0800][2.711s][info ][gc,phases         ] GC(18)   Pre Evacuate Collection Set: 0.2ms
[2024-12-07T22:49:41.252+0800][2.711s][debug][gc,phases         ] GC(18)     Prepare TLABs: 0.3ms
[2024-12-07T22:49:41.253+0800][2.711s][debug][gc,phases         ] GC(18)     Choose Collection Set: 0.2ms
[2024-12-07T22:49:41.253+0800][2.711s][debug][gc,phases         ] GC(18)     Humongous Register: 0.0ms
[2024-12-07T22:49:41.253+0800][2.711s][debug][gc,phases         ] GC(18)     Clear Claimed Marks: 0.0ms
[2024-12-07T22:49:41.253+0800][2.711s][info ][gc,phases         ] GC(18)   Evacuate Collection Set: 7.8ms
[2024-12-07T22:49:41.253+0800][2.711s][debug][gc,phases         ] GC(18)     Ext Root Scanning (ms):   Min:  0.1, Avg:  1.6, Max:  3.7, Diff:  3.6, Sum: 19.4, Workers: 12
[2024-12-07T22:49:41.253+0800][2.711s][debug][gc,phases         ] GC(18)     Update RS (ms):           Min:  0.0, Avg:  0.4, Max:  1.3, Diff:  1.3, Sum:  4.2, Workers: 12
[2024-12-07T22:49:41.253+0800][2.711s][debug][gc,phases         ] GC(18)       Processed Buffers:        Min: 0, Avg:  0.4, Max: 1, Diff: 1, Sum: 5, Workers: 12
[2024-12-07T22:49:41.253+0800][2.711s][debug][gc,phases         ] GC(18)       Scanned Cards:            Min: 0, Avg: 23.3, Max: 97, Diff: 97, Sum: 280, Workers: 12
[2024-12-07T22:49:41.253+0800][2.711s][debug][gc,phases         ] GC(18)       Skipped Cards:            Min: 0, Avg:  6.2, Max: 28, Diff: 28, Sum: 75, Workers: 12
[2024-12-07T22:49:41.253+0800][2.711s][debug][gc,phases         ] GC(18)     Scan RS (ms):             Min:  0.0, Avg:  0.3, Max:  1.1, Diff:  1.1, Sum:  3.1, Workers: 12
[2024-12-07T22:49:41.253+0800][2.711s][debug][gc,phases         ] GC(18)       Scanned Cards:            Min: 0, Avg: 17.8, Max: 66, Diff: 66, Sum: 214, Workers: 12
[2024-12-07T22:49:41.253+0800][2.712s][debug][gc,phases         ] GC(18)       Claimed Cards:            Min: 0, Avg: 23.3, Max: 128, Diff: 128, Sum: 280, Workers: 12
[2024-12-07T22:49:41.253+0800][2.712s][debug][gc,phases         ] GC(18)       Skipped Cards:            Min: 0, Avg: 93.3, Max: 280, Diff: 280, Sum: 1120, Workers: 12
[2024-12-07T22:49:41.253+0800][2.712s][debug][gc,phases         ] GC(18)     Code Root Scanning (ms):  Min:  0.0, Avg:  0.0, Max:  0.1, Diff:  0.1, Sum:  0.1, Workers: 12
[2024-12-07T22:49:41.253+0800][2.712s][debug][gc,phases         ] GC(18)     AOT Root Scanning (ms):   skipped
[2024-12-07T22:49:41.253+0800][2.712s][debug][gc,phases         ] GC(18)     Object Copy (ms):         Min:  0.0, Avg:  0.1, Max:  0.5, Diff:  0.5, Sum:  1.4, Workers: 12
[2024-12-07T22:49:41.254+0800][2.712s][debug][gc,phases         ] GC(18)     Termination (ms):         Min:  0.0, Avg:  1.6, Max:  2.5, Diff:  2.5, Sum: 18.8, Workers: 12
[2024-12-07T22:49:41.254+0800][2.712s][debug][gc,phases         ] GC(18)       Termination Attempts:     Min: 1, Avg:  3.8, Max: 17, Diff: 16, Sum: 46, Workers: 12
[2024-12-07T22:49:41.254+0800][2.712s][debug][gc,phases         ] GC(18)     GC Worker Other (ms):     Min:  0.7, Avg:  2.2, Max:  3.3, Diff:  2.5, Sum: 27.0, Workers: 12
[2024-12-07T22:49:41.254+0800][2.712s][debug][gc,phases         ] GC(18)     GC Worker Total (ms):     Min:  4.4, Avg:  6.2, Max:  7.1, Diff:  2.7, Sum: 73.9, Workers: 12
[2024-12-07T22:49:41.254+0800][2.712s][info ][gc,phases         ] GC(18)   Post Evacuate Collection Set: 8.5ms
[2024-12-07T22:49:41.254+0800][2.712s][debug][gc,phases         ] GC(18)     Code Roots Fixup: 0.0ms
[2024-12-07T22:49:41.254+0800][2.712s][debug][gc,phases         ] GC(18)     Clear Card Table: 0.1ms
[2024-12-07T22:49:41.254+0800][2.712s][debug][gc,phases         ] GC(18)     Reference Processing: 0.4ms
[2024-12-07T22:49:41.254+0800][2.712s][debug][gc,phases,ref     ] GC(18)       Reconsider SoftReferences: 0.1ms
[2024-12-07T22:49:41.254+0800][2.712s][debug][gc,phases,ref     ] GC(18)         SoftRef (ms):             skipped
[2024-12-07T22:49:41.254+0800][2.712s][debug][gc,phases,ref     ] GC(18)       Notify Soft/WeakReferences: 0.1ms
[2024-12-07T22:49:41.254+0800][2.713s][debug][gc,phases,ref     ] GC(18)         SoftRef (ms):             Min:  0.0, Avg:  0.0, Max:  0.0, Diff:  0.0, Sum:  0.0, Workers: 1
[2024-12-07T22:49:41.254+0800][2.713s][debug][gc,phases,ref     ] GC(18)         WeakRef (ms):             Min:  0.0, Avg:  0.0, Max:  0.0, Diff:  0.0, Sum:  0.0, Workers: 1
[2024-12-07T22:49:41.254+0800][2.713s][debug][gc,phases,ref     ] GC(18)         FinalRef (ms):            Min:  0.0, Avg:  0.0, Max:  0.0, Diff:  0.0, Sum:  0.0, Workers: 1
[2024-12-07T22:49:41.254+0800][2.713s][debug][gc,phases,ref     ] GC(18)         Total (ms):               Min:  0.0, Avg:  0.0, Max:  0.0, Diff:  0.0, Sum:  0.0, Workers: 1
[2024-12-07T22:49:41.254+0800][2.713s][debug][gc,phases,ref     ] GC(18)       Notify and keep alive finalizable: 0.2ms
[2024-12-07T22:49:41.255+0800][2.713s][debug][gc,phases,ref     ] GC(18)         FinalRef (ms):            skipped
[2024-12-07T22:49:41.255+0800][2.713s][debug][gc,phases,ref     ] GC(18)       Notify PhantomReferences: 0.0ms
[2024-12-07T22:49:41.255+0800][2.713s][debug][gc,phases,ref     ] GC(18)         PhantomRef (ms):          Min:  0.0, Avg:  0.0, Max:  0.0, Diff:  0.0, Sum:  0.0, Workers: 1
[2024-12-07T22:49:41.255+0800][2.713s][debug][gc,phases,ref     ] GC(18)       SoftReference:
[2024-12-07T22:49:41.255+0800][2.713s][debug][gc,phases,ref     ] GC(18)         Discovered: 0
[2024-12-07T22:49:41.255+0800][2.713s][debug][gc,phases,ref     ] GC(18)         Cleared: 0
[2024-12-07T22:49:41.255+0800][2.714s][debug][gc,phases,ref     ] GC(18)       WeakReference:
[2024-12-07T22:49:41.255+0800][2.714s][debug][gc,phases,ref     ] GC(18)         Discovered: 22
[2024-12-07T22:49:41.255+0800][2.714s][debug][gc,phases,ref     ] GC(18)         Cleared: 22
[2024-12-07T22:49:41.255+0800][2.714s][debug][gc,phases,ref     ] GC(18)       FinalReference:
[2024-12-07T22:49:41.256+0800][2.714s][debug][gc,phases,ref     ] GC(18)         Discovered: 0
[2024-12-07T22:49:41.256+0800][2.714s][debug][gc,phases,ref     ] GC(18)         Cleared: 0
[2024-12-07T22:49:41.256+0800][2.714s][debug][gc,phases,ref     ] GC(18)       PhantomReference:
[2024-12-07T22:49:41.256+0800][2.714s][debug][gc,phases,ref     ] GC(18)         Discovered: 5
[2024-12-07T22:49:41.256+0800][2.714s][debug][gc,phases,ref     ] GC(18)         Cleared: 5
[2024-12-07T22:49:41.256+0800][2.714s][debug][gc,phases         ] GC(18)     Weak Processing: 0.0ms
[2024-12-07T22:49:41.256+0800][2.714s][debug][gc,phases         ] GC(18)     Merge Per-Thread State: 0.0ms
[2024-12-07T22:49:41.256+0800][2.715s][debug][gc,phases         ] GC(18)     Code Roots Purge: 0.0ms
[2024-12-07T22:49:41.256+0800][2.715s][debug][gc,phases         ] GC(18)     Redirty Cards: 0.1ms
[2024-12-07T22:49:41.256+0800][2.715s][debug][gc,phases         ] GC(18)     DerivedPointerTable Update: 0.0ms
[2024-12-07T22:49:41.257+0800][2.715s][debug][gc,phases         ] GC(18)     Free Collection Set: 0.1ms
[2024-12-07T22:49:41.257+0800][2.715s][debug][gc,phases         ] GC(18)     Humongous Reclaim: 7.7ms
[2024-12-07T22:49:41.257+0800][2.715s][debug][gc,phases         ] GC(18)     Start New Collection Set: 0.0ms
[2024-12-07T22:49:41.257+0800][2.715s][debug][gc,phases         ] GC(18)     Resize TLABs: 0.0ms
[2024-12-07T22:49:41.257+0800][2.715s][debug][gc,phases         ] GC(18)     Expand Heap After Collection: 0.0ms
[2024-12-07T22:49:41.257+0800][2.715s][info ][gc,phases         ] GC(18)   Other: 3.6ms
[2024-12-07T22:49:41.257+0800][2.715s][info ][gc,heap           ] GC(18) Eden regions: 1->0(24)
[2024-12-07T22:49:41.257+0800][2.715s][info ][gc,heap           ] GC(18) Survivor regions: 1->1(4)
[2024-12-07T22:49:41.257+0800][2.715s][info ][gc,heap           ] GC(18) Old regions: 2->2
[2024-12-07T22:49:41.257+0800][2.716s][info ][gc,heap           ] GC(18) Humongous regions: 224->200
[2024-12-07T22:49:41.257+0800][2.716s][info ][gc,metaspace      ] GC(18) Metaspace: 648K(4864K)->648K(4864K) NonClass: 595K(4352K)->595K(4352K) Class: 52K(512K)->52K(512K)
[2024-12-07T22:49:41.258+0800][2.716s][debug][gc,heap           ] GC(18) Heap after GC invocations=19 (full 0): garbage-first heap   total 516096K, used 206084K [0x00000000e0000000, 0x0000000100000000)
[2024-12-07T22:49:41.258+0800][2.716s][debug][gc,heap           ] GC(18)   region size 1024K, 1 young (1024K), 1 survivors (1024K)
[2024-12-07T22:49:41.258+0800][2.716s][debug][gc,heap           ] GC(18)  Metaspace       used 648K, capacity 4574K, committed 4864K, reserved 1056768K
[2024-12-07T22:49:41.258+0800][2.716s][debug][gc,heap           ] GC(18)   class space    used 52K, capacity 418K, committed 512K, reserved 1048576K
[2024-12-07T22:49:41.258+0800][2.716s][info ][gc                ] GC(18) Pause Young (Concurrent Start) (G1 Humongous Allocation) 225M->201M(504M) 23.780ms
[2024-12-07T22:49:41.258+0800][2.716s][info ][gc,cpu            ] GC(18) User=0.03s Sys=0.00s Real=0.02s
[2024-12-07T22:49:41.258+0800][2.716s][info ][gc                ] GC(19) Concurrent Cycle
[2024-12-07T22:49:41.258+0800][2.716s][info ][gc,marking        ] GC(19) Concurrent Clear Claimed Marks
[2024-12-07T22:49:41.258+0800][2.717s][info ][gc,marking        ] GC(19) Concurrent Clear Claimed Marks 0.080ms
[2024-12-07T22:49:41.258+0800][2.717s][info ][gc,marking        ] GC(19) Concurrent Scan Root Regions
[2024-12-07T22:49:41.258+0800][2.717s][debug][gc,ergo           ] GC(19) Running G1 Root Region Scan using 1 workers for 1 work units.
[2024-12-07T22:49:41.259+0800][2.717s][info ][gc,marking        ] GC(19) Concurrent Scan Root Regions 0.556ms
[2024-12-07T22:49:41.259+0800][2.717s][info ][gc,marking        ] GC(19) Concurrent Mark (2.717s)
[2024-12-07T22:49:41.259+0800][2.717s][info ][gc,marking        ] GC(19) Concurrent Mark From Roots
[2024-12-07T22:49:41.259+0800][2.717s][info ][gc,task           ] GC(19) Using 5 workers of 5 for marking
[2024-12-07T22:49:41.260+0800][2.718s][debug][gc,stats          ] ---------------------------------------------------------------------
[2024-12-07T22:49:41.260+0800][2.718s][debug][gc,stats          ] Marking Stats, task = 0, calls = 1
[2024-12-07T22:49:41.260+0800][2.719s][debug][gc,stats          ]   Elapsed time = 0.50ms, Termination time = 0.00ms
[2024-12-07T22:49:41.260+0800][2.719s][debug][gc,stats          ]   Step Times (cum): num = 874, avg = 0.01ms, sd = 0.13ms max = 3.31ms, total = 7.32ms
[2024-12-07T22:49:41.260+0800][2.719s][debug][gc,stats          ]   Mark Stats Cache: hits 8313 misses 102 ratio 98.788
[2024-12-07T22:49:41.260+0800][2.719s][debug][gc,stats          ] ---------------------------------------------------------------------
[2024-12-07T22:49:41.261+0800][2.719s][debug][gc,stats          ] Marking Stats, task = 1, calls = 27
[2024-12-07T22:49:41.261+0800][2.719s][debug][gc,stats          ]   Elapsed time = 0.49ms, Termination time = 0.00ms
[2024-12-07T22:49:41.261+0800][2.719s][debug][gc,stats          ]   Step Times (cum): num = 249, avg = 0.03ms, sd = 0.24ms max = 3.28ms, total = 6.81ms
[2024-12-07T22:49:41.261+0800][2.719s][debug][gc,stats          ]   Mark Stats Cache: hits 2668 misses 2 ratio 99.925
[2024-12-07T22:49:41.261+0800][2.719s][debug][gc,stats          ] ---------------------------------------------------------------------
[2024-12-07T22:49:41.261+0800][2.719s][debug][gc,stats          ] Marking Stats, task = 2, calls = 37
[2024-12-07T22:49:41.261+0800][2.719s][debug][gc,stats          ]   Elapsed time = 0.48ms, Termination time = 0.00ms
[2024-12-07T22:49:41.261+0800][2.719s][debug][gc,stats          ]   Step Times (cum): num = 202, avg = 0.04ms, sd = 0.27ms max = 3.30ms, total = 7.23ms
[2024-12-07T22:49:41.261+0800][2.719s][debug][gc,stats          ]   Mark Stats Cache: hits 660 misses 2 ratio 99.698
[2024-12-07T22:49:41.261+0800][2.719s][debug][gc,stats          ] ---------------------------------------------------------------------
[2024-12-07T22:49:41.261+0800][2.719s][debug][gc,stats          ] Marking Stats, task = 3, calls = 37
[2024-12-07T22:49:41.261+0800][2.720s][debug][gc,stats          ]   Elapsed time = 0.48ms, Termination time = 0.23ms
[2024-12-07T22:49:41.261+0800][2.720s][debug][gc,stats          ]   Step Times (cum): num = 263, avg = 0.03ms, sd = 0.24ms max = 3.30ms, total = 7.22ms
[2024-12-07T22:49:41.261+0800][2.720s][debug][gc,stats          ]   Mark Stats Cache: hits 697 misses 1 ratio 99.857
[2024-12-07T22:49:41.261+0800][2.720s][debug][gc,stats          ] ---------------------------------------------------------------------
[2024-12-07T22:49:41.261+0800][2.720s][debug][gc,stats          ] Marking Stats, task = 4, calls = 38
[2024-12-07T22:49:41.262+0800][2.720s][debug][gc,stats          ]   Elapsed time = 0.49ms, Termination time = 0.22ms
[2024-12-07T22:49:41.262+0800][2.720s][debug][gc,stats          ]   Step Times (cum): num = 299, avg = 0.02ms, sd = 0.22ms max = 3.32ms, total = 7.15ms
[2024-12-07T22:49:41.262+0800][2.720s][debug][gc,stats          ]   Mark Stats Cache: hits 688 misses 1 ratio 99.855
[2024-12-07T22:49:41.262+0800][2.720s][debug][gc,stats          ] ---------------------------------------------------------------------
[2024-12-07T22:49:41.262+0800][2.720s][info ][gc,marking        ] GC(19) Concurrent Mark From Roots 2.739ms
[2024-12-07T22:49:41.262+0800][2.720s][info ][gc,marking        ] GC(19) Concurrent Preclean
[2024-12-07T22:49:41.262+0800][2.720s][debug][gc,ref,start      ] GC(19) Preclean SoftReferences
[2024-12-07T22:49:41.262+0800][2.720s][debug][gc,ref            ] GC(19) Preclean SoftReferences 0.074ms
[2024-12-07T22:49:41.262+0800][2.720s][debug][gc,ref,start      ] GC(19) Preclean WeakReferences
[2024-12-07T22:49:41.262+0800][2.720s][debug][gc,ref            ] GC(19) Preclean WeakReferences 0.072ms
[2024-12-07T22:49:41.262+0800][2.721s][debug][gc,ref,start      ] GC(19) Preclean FinalReferences
[2024-12-07T22:49:41.262+0800][2.721s][debug][gc,ref            ] GC(19) Preclean FinalReferences 0.072ms
[2024-12-07T22:49:41.262+0800][2.721s][debug][gc,ref,start      ] GC(19) Preclean PhantomReferences
[2024-12-07T22:49:41.262+0800][2.721s][debug][gc,ref            ] GC(19) Preclean PhantomReferences 0.073ms
[2024-12-07T22:49:41.262+0800][2.721s][info ][gc,marking        ] GC(19) Concurrent Preclean 0.604ms
[2024-12-07T22:49:41.263+0800][2.721s][info ][gc,marking        ] GC(19) Concurrent Mark (2.717s, 2.721s) 3.552ms
[2024-12-07T22:49:41.263+0800][2.721s][info ][gc,start          ] GC(19) Pause Remark
[2024-12-07T22:49:41.263+0800][2.721s][debug][gc,phases,start   ] GC(19) Finalize Marking
[2024-12-07T22:49:41.264+0800][2.722s][debug][gc,stats          ] ---------------------------------------------------------------------
[2024-12-07T22:49:41.264+0800][2.722s][debug][gc,stats          ] Marking Stats, task = 0, calls = 74
[2024-12-07T22:49:41.264+0800][2.722s][debug][gc,stats          ]   Elapsed time = 0.86ms, Termination time = 0.41ms
[2024-12-07T22:49:41.264+0800][2.722s][debug][gc,stats          ]   Step Times (cum): num = 947, avg = 0.01ms, sd = 0.13ms max = 3.31ms, total = 7.74ms
[2024-12-07T22:49:41.264+0800][2.723s][debug][gc,stats          ]   Mark Stats Cache: hits 8313 misses 102 ratio 98.788
[2024-12-07T22:49:41.264+0800][2.723s][debug][gc,stats          ] ---------------------------------------------------------------------
[2024-12-07T22:49:41.264+0800][2.723s][debug][gc,stats          ] Marking Stats, task = 1, calls = 28
[2024-12-07T22:49:41.264+0800][2.723s][debug][gc,stats          ]   Elapsed time = 0.86ms, Termination time = 0.41ms
[2024-12-07T22:49:41.265+0800][2.723s][debug][gc,stats          ]   Step Times (cum): num = 250, avg = 0.03ms, sd = 0.24ms max = 3.28ms, total = 7.22ms
[2024-12-07T22:49:41.265+0800][2.723s][debug][gc,stats          ]   Mark Stats Cache: hits 2668 misses 2 ratio 99.925
[2024-12-07T22:49:41.265+0800][2.723s][debug][gc,stats          ] ---------------------------------------------------------------------
[2024-12-07T22:49:41.265+0800][2.723s][debug][gc,stats          ] Marking Stats, task = 2, calls = 38
[2024-12-07T22:49:41.265+0800][2.723s][debug][gc,stats          ]   Elapsed time = 0.86ms, Termination time = 0.41ms
[2024-12-07T22:49:41.265+0800][2.723s][debug][gc,stats          ]   Step Times (cum): num = 203, avg = 0.04ms, sd = 0.27ms max = 3.30ms, total = 7.64ms
[2024-12-07T22:49:41.265+0800][2.723s][debug][gc,stats          ]   Mark Stats Cache: hits 660 misses 2 ratio 99.698
[2024-12-07T22:49:41.265+0800][2.723s][debug][gc,stats          ] ---------------------------------------------------------------------
[2024-12-07T22:49:41.265+0800][2.723s][debug][gc,stats          ] Marking Stats, task = 3, calls = 38
[2024-12-07T22:49:41.265+0800][2.723s][debug][gc,stats          ]   Elapsed time = 0.79ms, Termination time = 0.63ms
[2024-12-07T22:49:41.265+0800][2.724s][debug][gc,stats          ]   Step Times (cum): num = 264, avg = 0.03ms, sd = 0.24ms max = 3.30ms, total = 7.62ms
[2024-12-07T22:49:41.265+0800][2.724s][debug][gc,stats          ]   Mark Stats Cache: hits 697 misses 1 ratio 99.857
[2024-12-07T22:49:41.265+0800][2.724s][debug][gc,stats          ] ---------------------------------------------------------------------
[2024-12-07T22:49:41.265+0800][2.724s][debug][gc,stats          ] Marking Stats, task = 4, calls = 39
[2024-12-07T22:49:41.266+0800][2.724s][debug][gc,stats          ]   Elapsed time = 0.72ms, Termination time = 0.63ms
[2024-12-07T22:49:41.266+0800][2.724s][debug][gc,stats          ]   Step Times (cum): num = 300, avg = 0.03ms, sd = 0.22ms max = 3.32ms, total = 7.56ms
[2024-12-07T22:49:41.266+0800][2.724s][debug][gc,stats          ]   Mark Stats Cache: hits 688 misses 1 ratio 99.855
[2024-12-07T22:49:41.266+0800][2.724s][debug][gc,stats          ] ---------------------------------------------------------------------
[2024-12-07T22:49:41.266+0800][2.724s][debug][gc,stats          ] Marking Stats, task = 5, calls = 1
[2024-12-07T22:49:41.266+0800][2.724s][debug][gc,stats          ]   Elapsed time = 0.72ms, Termination time = 0.41ms
[2024-12-07T22:49:41.266+0800][2.724s][debug][gc,stats          ]   Step Times (cum): num = 10, avg = 0.65ms, sd = 0.98ms max = 3.33ms, total = 6.52ms
[2024-12-07T22:49:41.266+0800][2.724s][debug][gc,stats          ]   Mark Stats Cache: hits 0 misses 0 ratio 0.000
[2024-12-07T22:49:41.266+0800][2.724s][debug][gc,stats          ] ---------------------------------------------------------------------
[2024-12-07T22:49:41.266+0800][2.724s][debug][gc,stats          ] Marking Stats, task = 6, calls = 1
[2024-12-07T22:49:41.266+0800][2.725s][debug][gc,stats          ]   Elapsed time = 0.72ms, Termination time = 0.41ms
[2024-12-07T22:49:41.266+0800][2.725s][debug][gc,stats          ]   Step Times (cum): num = 10, avg = 0.64ms, sd = 0.95ms max = 3.20ms, total = 6.42ms
[2024-12-07T22:49:41.266+0800][2.725s][debug][gc,stats          ]   Mark Stats Cache: hits 0 misses 0 ratio 0.000
[2024-12-07T22:49:41.266+0800][2.725s][debug][gc,stats          ] ---------------------------------------------------------------------
[2024-12-07T22:49:41.267+0800][2.725s][debug][gc,stats          ] Marking Stats, task = 7, calls = 1
[2024-12-07T22:49:41.267+0800][2.725s][debug][gc,stats          ]   Elapsed time = 0.69ms, Termination time = 0.60ms
[2024-12-07T22:49:41.267+0800][2.725s][debug][gc,stats          ]   Step Times (cum): num = 10, avg = 0.68ms, sd = 0.89ms max = 3.08ms, total = 6.84ms
[2024-12-07T22:49:41.267+0800][2.725s][debug][gc,stats          ]   Mark Stats Cache: hits 0 misses 0 ratio 0.000
[2024-12-07T22:49:41.267+0800][2.725s][debug][gc,stats          ] ---------------------------------------------------------------------
[2024-12-07T22:49:41.267+0800][2.725s][debug][gc,stats          ] Marking Stats, task = 8, calls = 1
[2024-12-07T22:49:41.267+0800][2.725s][debug][gc,stats          ]   Elapsed time = 0.72ms, Termination time = 0.41ms
[2024-12-07T22:49:41.267+0800][2.725s][debug][gc,stats          ]   Step Times (cum): num = 10, avg = 0.66ms, sd = 0.92ms max = 3.12ms, total = 6.63ms
[2024-12-07T22:49:41.267+0800][2.725s][debug][gc,stats          ]   Mark Stats Cache: hits 0 misses 0 ratio 0.000
[2024-12-07T22:49:41.267+0800][2.726s][debug][gc,stats          ] ---------------------------------------------------------------------
[2024-12-07T22:49:41.267+0800][2.726s][debug][gc,stats          ] Marking Stats, task = 9, calls = 1
[2024-12-07T22:49:41.267+0800][2.726s][debug][gc,stats          ]   Elapsed time = 0.04ms, Termination time = 0.00ms
[2024-12-07T22:49:41.267+0800][2.726s][debug][gc,stats          ]   Step Times (cum): num = 10, avg = 0.61ms, sd = 1.02ms max = 3.40ms, total = 6.07ms
[2024-12-07T22:49:41.268+0800][2.726s][debug][gc,stats          ]   Mark Stats Cache: hits 0 misses 0 ratio 0.000
[2024-12-07T22:49:41.268+0800][2.726s][debug][gc,stats          ] ---------------------------------------------------------------------
[2024-12-07T22:49:41.268+0800][2.726s][debug][gc,stats          ] Marking Stats, task = 10, calls = 1
[2024-12-07T22:49:41.268+0800][2.726s][debug][gc,stats          ]   Elapsed time = 0.04ms, Termination time = 0.00ms
[2024-12-07T22:49:41.268+0800][2.726s][debug][gc,stats          ]   Step Times (cum): num = 10, avg = 0.61ms, sd = 1.03ms max = 3.41ms, total = 6.08ms
[2024-12-07T22:49:41.268+0800][2.726s][debug][gc,stats          ]   Mark Stats Cache: hits 0 misses 0 ratio 0.000
[2024-12-07T22:49:41.268+0800][2.726s][debug][gc,stats          ] ---------------------------------------------------------------------
[2024-12-07T22:49:41.268+0800][2.726s][debug][gc,stats          ] Marking Stats, task = 11, calls = 1
[2024-12-07T22:49:41.268+0800][2.726s][debug][gc,stats          ]   Elapsed time = 0.00ms, Termination time = 0.00ms
[2024-12-07T22:49:41.268+0800][2.726s][debug][gc,stats          ]   Step Times (cum): num = 10, avg = 0.00ms, sd = 0.00ms max = 0.00ms, total = 0.00ms
[2024-12-07T22:49:41.268+0800][2.727s][debug][gc,stats          ]   Mark Stats Cache: hits 0 misses 0 ratio 0.000
[2024-12-07T22:49:41.268+0800][2.727s][debug][gc,stats          ] ---------------------------------------------------------------------
[2024-12-07T22:49:41.268+0800][2.727s][debug][gc,phases         ] GC(19) Finalize Marking 5.584ms
[2024-12-07T22:49:41.268+0800][2.727s][debug][gc,phases,start   ] GC(19) Reference Processing
[2024-12-07T22:49:41.268+0800][2.727s][debug][gc,ref            ] GC(19) Skipped phase1 of Reference Processing due to unavailable references
[2024-12-07T22:49:41.269+0800][2.727s][debug][gc,ref            ] GC(19) Skipped phase2 of Reference Processing due to unavailable references
[2024-12-07T22:49:41.269+0800][2.727s][debug][gc,ref            ] GC(19) Skipped phase3 of Reference Processing due to unavailable references
[2024-12-07T22:49:41.269+0800][2.727s][debug][gc,ref            ] GC(19) Skipped phase4 of Reference Processing due to unavailable references
[2024-12-07T22:49:41.269+0800][2.727s][debug][gc,phases,ref     ] GC(19) Reference Processing: 0.3ms
[2024-12-07T22:49:41.269+0800][2.727s][debug][gc,phases,ref     ] GC(19)   Reconsider SoftReferences: 0.1ms
[2024-12-07T22:49:41.269+0800][2.727s][debug][gc,phases,ref     ] GC(19)     SoftRef (ms):             skipped
[2024-12-07T22:49:41.269+0800][2.727s][debug][gc,phases,ref     ] GC(19)   Notify Soft/WeakReferences: 0.1ms
[2024-12-07T22:49:41.269+0800][2.727s][debug][gc,phases,ref     ] GC(19)     SoftRef (ms):             skipped
[2024-12-07T22:49:41.269+0800][2.727s][debug][gc,phases,ref     ] GC(19)     WeakRef (ms):             skipped
[2024-12-07T22:49:41.269+0800][2.727s][debug][gc,phases,ref     ] GC(19)     FinalRef (ms):            skipped
[2024-12-07T22:49:41.269+0800][2.728s][debug][gc,phases,ref     ] GC(19)     Total (ms):               skipped
[2024-12-07T22:49:41.269+0800][2.728s][debug][gc,phases,ref     ] GC(19)   Notify and keep alive finalizable: 0.1ms
[2024-12-07T22:49:41.269+0800][2.728s][debug][gc,phases,ref     ] GC(19)     FinalRef (ms):            skipped
[2024-12-07T22:49:41.269+0800][2.728s][debug][gc,phases,ref     ] GC(19)   Notify PhantomReferences: 0.1ms
[2024-12-07T22:49:41.269+0800][2.728s][debug][gc,phases,ref     ] GC(19)     PhantomRef (ms):          skipped
[2024-12-07T22:49:41.270+0800][2.728s][debug][gc,phases,ref     ] GC(19)   SoftReference:
[2024-12-07T22:49:41.270+0800][2.728s][debug][gc,phases,ref     ] GC(19)     Discovered: 0
[2024-12-07T22:49:41.270+0800][2.728s][debug][gc,phases,ref     ] GC(19)     Cleared: 0
[2024-12-07T22:49:41.270+0800][2.728s][debug][gc,phases,ref     ] GC(19)   WeakReference:
[2024-12-07T22:49:41.270+0800][2.728s][debug][gc,phases,ref     ] GC(19)     Discovered: 0
[2024-12-07T22:49:41.270+0800][2.728s][debug][gc,phases,ref     ] GC(19)     Cleared: 0
[2024-12-07T22:49:41.270+0800][2.728s][debug][gc,phases,ref     ] GC(19)   FinalReference:
[2024-12-07T22:49:41.270+0800][2.728s][debug][gc,phases,ref     ] GC(19)     Discovered: 0
[2024-12-07T22:49:41.270+0800][2.728s][debug][gc,phases,ref     ] GC(19)     Cleared: 0
[2024-12-07T22:49:41.270+0800][2.729s][debug][gc,phases,ref     ] GC(19)   PhantomReference:
[2024-12-07T22:49:41.270+0800][2.729s][debug][gc,phases,ref     ] GC(19)     Discovered: 0
[2024-12-07T22:49:41.270+0800][2.729s][debug][gc,phases,ref     ] GC(19)     Cleared: 0
[2024-12-07T22:49:41.270+0800][2.729s][debug][gc,phases         ] GC(19) Reference Processing 1.966ms
[2024-12-07T22:49:41.270+0800][2.729s][debug][gc,phases,start   ] GC(19) Weak Processing
[2024-12-07T22:49:41.271+0800][2.729s][debug][gc,phases         ] GC(19) Weak Processing 0.065ms
[2024-12-07T22:49:41.271+0800][2.729s][debug][gc,phases,start   ] GC(19) Class Unloading
[2024-12-07T22:49:41.271+0800][2.729s][debug][gc,phases,start   ] GC(19) ClassLoaderData
[2024-12-07T22:49:41.271+0800][2.729s][debug][gc,phases         ] GC(19) ClassLoaderData 0.067ms
[2024-12-07T22:49:41.271+0800][2.729s][debug][gc,phases,start   ] GC(19) ProtectionDomainCacheTable
[2024-12-07T22:49:41.271+0800][2.729s][debug][gc,phases         ] GC(19) ProtectionDomainCacheTable 0.075ms
[2024-12-07T22:49:41.271+0800][2.730s][info ][gc,stringtable    ] GC(19) Cleaned string and symbol table, strings: 68 processed, 0 removed, symbols: 226 processed, 0 removed
[2024-12-07T22:49:41.271+0800][2.730s][debug][gc,phases         ] GC(19) Class Unloading 0.732ms
[2024-12-07T22:49:41.271+0800][2.730s][debug][gc,phases,start   ] GC(19) Flush Task Caches
[2024-12-07T22:49:41.271+0800][2.730s][debug][gc,stats          ] Mark stats cache hits 13026 misses 108 ratio 99.178
[2024-12-07T22:49:41.272+0800][2.730s][debug][gc,phases         ] GC(19) Flush Task Caches 0.150ms
[2024-12-07T22:49:41.272+0800][2.730s][debug][gc,phases,start   ] GC(19) Update Remembered Set Tracking Before Rebuild
[2024-12-07T22:49:41.272+0800][2.730s][debug][gc,ergo           ] GC(19) Running G1 Update RemSet Tracking Before Rebuild using 2 workers for 504 regions in heap
[2024-12-07T22:49:41.272+0800][2.730s][debug][gc,remset,tracking] GC(19) Remembered Set Tracking update regions total 504, selected 0
[2024-12-07T22:49:41.272+0800][2.730s][debug][gc,phases         ] GC(19) Update Remembered Set Tracking Before Rebuild 0.239ms
[2024-12-07T22:49:41.272+0800][2.730s][debug][gc,phases,start   ] GC(19) Reclaim Empty Regions
[2024-12-07T22:49:41.272+0800][2.730s][debug][gc,phases         ] GC(19) Reclaim Empty Regions 0.146ms
[2024-12-07T22:49:41.272+0800][2.730s][debug][gc,phases,start   ] GC(19) Purge Metaspace
[2024-12-07T22:49:41.272+0800][2.730s][debug][gc,phases         ] GC(19) Purge Metaspace 0.065ms
[2024-12-07T22:49:41.272+0800][2.731s][debug][gc,phases,start   ] GC(19) Report Object Count
[2024-12-07T22:49:41.272+0800][2.731s][debug][gc,phases         ] GC(19) Report Object Count 0.064ms
[2024-12-07T22:49:41.272+0800][2.731s][info ][gc                ] GC(19) Pause Remark 221M->221M(504M) 9.660ms
[2024-12-07T22:49:41.272+0800][2.731s][info ][gc,cpu            ] GC(19) User=0.01s Sys=0.00s Real=0.01s
[2024-12-07T22:49:41.273+0800][2.731s][info ][gc,marking        ] GC(19) Concurrent Rebuild Remembered Sets
[2024-12-07T22:49:41.273+0800][2.731s][info ][gc,marking        ] GC(19) Concurrent Rebuild Remembered Sets 0.256ms
[2024-12-07T22:49:41.273+0800][2.731s][info ][gc,start          ] GC(19) Pause Cleanup
[2024-12-07T22:49:41.273+0800][2.731s][debug][gc,phases,start   ] GC(19) Update Remembered Set Tracking After Rebuild
[2024-12-07T22:49:41.273+0800][2.731s][debug][gc,phases         ] GC(19) Update Remembered Set Tracking After Rebuild 0.070ms
[2024-12-07T22:49:41.273+0800][2.731s][debug][gc,phases,start   ] GC(19) Finalize Concurrent Mark Cleanup
[2024-12-07T22:49:41.273+0800][2.732s][debug][gc,ergo           ] GC(19) request young-only gcs (candidate old regions not available)
[2024-12-07T22:49:41.273+0800][2.732s][debug][gc,phases         ] GC(19) Finalize Concurrent Mark Cleanup 0.229ms
[2024-12-07T22:49:41.273+0800][2.732s][info ][gc                ] GC(19) Pause Cleanup 221M->221M(504M) 0.496ms
[2024-12-07T22:49:41.274+0800][2.732s][info ][gc,cpu            ] GC(19) User=0.00s Sys=0.00s Real=0.00s
[2024-12-07T22:49:41.274+0800][2.732s][info ][gc,marking        ] GC(19) Concurrent Cleanup for Next Mark
[2024-12-07T22:49:41.274+0800][2.732s][debug][gc,ergo           ] GC(19) Running G1 Clear Bitmap with 5 workers for 8 work units.
[2024-12-07T22:49:41.274+0800][2.732s][info ][gc,marking        ] GC(19) Concurrent Cleanup for Next Mark 0.269ms
[2024-12-07T22:49:41.274+0800][2.732s][info ][gc                ] GC(19) Concurrent Cycle 15.947ms
[2024-12-07T22:49:41.361+0800][2.819s][debug][gc,ergo,ihop      ] Request concurrent cycle initiation (occupancy higher than threshold) occupancy: 236978176B allocation request: 1048592B threshold: 236873318B (44.82) source: concurrent humongous allocation
[2024-12-07T22:49:41.362+0800][2.820s][debug][gc,ergo           ] Request concurrent cycle initiation (requested by GC cause). GC cause: G1 Humongous Allocation
[2024-12-07T22:49:41.362+0800][2.820s][debug][gc,heap           ] GC(20) Heap before GC invocations=20 (full 0): garbage-first heap   total 516096K, used 230660K [0x00000000e0000000, 0x0000000100000000)
[2024-12-07T22:49:41.362+0800][2.821s][debug][gc,heap           ] GC(20)   region size 1024K, 2 young (2048K), 1 survivors (1024K)
[2024-12-07T22:49:41.363+0800][2.821s][debug][gc,heap           ] GC(20)  Metaspace       used 648K, capacity 4574K, committed 4864K, reserved 1056768K
[2024-12-07T22:49:41.363+0800][2.821s][debug][gc,heap           ] GC(20)   class space    used 52K, capacity 418K, committed 512K, reserved 1048576K
[2024-12-07T22:49:41.364+0800][2.822s][debug][gc,ergo           ] GC(20) Initiate concurrent cycle (concurrent cycle initiation requested)
[2024-12-07T22:49:41.364+0800][2.822s][info ][gc,start          ] GC(20) Pause Young (Concurrent Start) (G1 Humongous Allocation)
[2024-12-07T22:49:41.364+0800][2.823s][info ][gc,task           ] GC(20) Using 12 workers of 18 for evacuation
[2024-12-07T22:49:41.365+0800][2.823s][debug][gc,tlab           ] GC(20) TLAB totals: thrds: 1  refills: 1 max: 1 slow allocs: 12 max 12 waste: 99.5% gc: 500632B max: 500632B slow: 0B max: 0B fast: 0B max: 0B
[2024-12-07T22:49:41.365+0800][2.823s][debug][gc,alloc,region   ] GC(20) Mutator Allocation stats, regions: 1, wasted size: 0B ( 0.0%)
[2024-12-07T22:49:41.365+0800][2.824s][debug][gc,age            ] GC(20) Desired survivor size 2097152 bytes, new threshold 15 (max threshold 15)
[2024-12-07T22:49:41.366+0800][2.824s][debug][gc,ergo,cset      ] GC(20) Finish choosing CSet. old: 0 regions, predicted old region time: 0.00ms, time remaining: 182.28
[2024-12-07T22:49:41.366+0800][2.824s][debug][gc,task,stats     ] GC(20) GC Termination Stats
[2024-12-07T22:49:41.366+0800][2.825s][debug][gc,task,stats     ] GC(20)      elapsed  --strong roots-- -------termination------- ------waste (KiB)------
[2024-12-07T22:49:41.367+0800][2.825s][debug][gc,task,stats     ] GC(20) thr     ms        ms      %        ms      %    attempts  total   alloc    undo
[2024-12-07T22:49:41.367+0800][2.825s][debug][gc,task,stats     ] GC(20) --- --------- --------- ------ --------- ------ -------- ------- ------- -------
[2024-12-07T22:49:41.372+0800][2.831s][debug][gc,task,stats     ] GC(20)   1      5.26      5.25  99.75      0.00   0.01        1       0       0       0
[2024-12-07T22:49:41.375+0800][2.833s][debug][gc,task,stats     ] GC(20)   3      7.52      2.72  36.16      3.17  42.16        1       0       0       0
[2024-12-07T22:49:41.375+0800][2.833s][debug][gc,task,stats     ] GC(20)   2      8.01      3.06  38.22      2.61  32.54        1       0       0       0
[2024-12-07T22:49:41.376+0800][2.834s][debug][gc,task,stats     ] GC(20)   5      8.26      2.61  31.63      2.83  34.32        1       0       0       0
[2024-12-07T22:49:41.376+0800][2.834s][debug][gc,task,stats     ] GC(20)   0      8.69      2.27  26.15      3.13  36.02        1       1       1       0
[2024-12-07T22:49:41.376+0800][2.834s][debug][gc,task,stats     ] GC(20)   7      8.67      2.18  25.12      3.03  34.99        1       0       0       0
[2024-12-07T22:49:41.376+0800][2.834s][debug][gc,task,stats     ] GC(20)   4      8.87      2.19  24.70      3.03  34.17        1       0       0       0
[2024-12-07T22:49:41.376+0800][2.835s][debug][gc,task,stats     ] GC(20)  10      8.93      2.53  28.35      2.62  29.40        1       0       0       0
[2024-12-07T22:49:41.376+0800][2.835s][debug][gc,task,stats     ] GC(20)   8      9.10      2.34  25.71      2.82  30.95        1       0       0       0
[2024-12-07T22:49:41.377+0800][2.835s][debug][gc,task,stats     ] GC(20)   6      9.29      3.24  34.91      1.93  20.81        1       0       0       0
[2024-12-07T22:49:41.377+0800][2.835s][debug][gc,task,stats     ] GC(20)   9      9.36      2.46  26.25      2.61  27.90        1       0       0       0
[2024-12-07T22:49:41.377+0800][2.835s][debug][gc,task,stats     ] GC(20)  11      9.47      4.99  52.69      0.04   0.47        1       0       0       0
[2024-12-07T22:49:41.377+0800][2.835s][debug][gc,ergo           ] GC(20) Running G1 Clear Card Table Task using 1 workers for 1 units of work for 3 regions.
[2024-12-07T22:49:41.377+0800][2.835s][debug][gc,ref            ] GC(20) Skipped phase1 of Reference Processing due to unavailable references
[2024-12-07T22:49:41.377+0800][2.836s][debug][gc,ref            ] GC(20) Skipped phase3 of Reference Processing due to unavailable references
[2024-12-07T22:49:41.378+0800][2.836s][debug][gc,ergo           ] GC(20) Running G1 Free Collection Set using 1 workers for collection set length 2
[2024-12-07T22:49:41.378+0800][2.836s][debug][gc,humongous      ] GC(20) Live humongous region 0 object size 1048592 start 0x00000000e0000000  with remset 0 code roots 0 is marked 0 reclaim candidate 0 type array 1
[2024-12-07T22:49:41.378+0800][2.836s][debug][gc,humongous      ] GC(20) Live humongous region 2 object size 1048592 start 0x00000000e0200000  with remset 0 code roots 0 is marked 0 reclaim candidate 0 type array 1
[2024-12-07T22:49:41.378+0800][2.836s][debug][gc,humongous      ] GC(20) Live humongous region 4 object size 1048592 start 0x00000000e0400000  with remset 0 code roots 0 is marked 0 reclaim candidate 0 type array 1
[2024-12-07T22:49:41.378+0800][2.836s][debug][gc,humongous      ] GC(20) Live humongous region 6 object size 1048592 start 0x00000000e0600000  with remset 0 code roots 0 is marked 0 reclaim candidate 0 type array 1
[2024-12-07T22:49:41.378+0800][2.836s][debug][gc,humongous      ] GC(20) Live humongous region 8 object size 1048592 start 0x00000000e0800000  with remset 0 code roots 0 is marked 0 reclaim candidate 0 type array 1
[2024-12-07T22:49:41.378+0800][2.836s][debug][gc,humongous      ] GC(20) Live humongous region 10 object size 1048592 start 0x00000000e0a00000  with remset 0 code roots 0 is marked 0 reclaim candidate 0 type array 1
[2024-12-07T22:49:41.378+0800][2.837s][debug][gc,humongous      ] GC(20) Live humongous region 12 object size 1048592 start 0x00000000e0c00000  with remset 0 code roots 0 is marked 0 reclaim candidate 0 type array 1
[2024-12-07T22:49:41.378+0800][2.837s][debug][gc,humongous      ] GC(20) Live humongous region 14 object size 1048592 start 0x00000000e0e00000  with remset 0 code roots 0 is marked 0 reclaim candidate 0 type array 1
[2024-12-07T22:49:41.378+0800][2.837s][debug][gc,humongous      ] GC(20) Dead humongous region 16 object size 1048592 start 0x00000000e1000000 with remset 0 code roots 0 is marked 0 reclaim candidate 1 type array 1
[2024-12-07T22:49:41.379+0800][2.837s][debug][gc,humongous      ] GC(20) Dead humongous region 18 object size 1048592 start 0x00000000e1200000 with remset 0 code roots 0 is marked 0 reclaim candidate 1 type array 1
[2024-12-07T22:49:41.379+0800][2.837s][debug][gc,humongous      ] GC(20) Dead humongous region 20 object size 1048592 start 0x00000000e1400000 with remset 0 code roots 0 is marked 0 reclaim candidate 1 type array 1
[2024-12-07T22:49:41.379+0800][2.837s][debug][gc,humongous      ] GC(20) Dead humongous region 22 object size 1048592 start 0x00000000e1600000 with remset 0 code roots 0 is marked 0 reclaim candidate 1 type array 1
[2024-12-07T22:49:41.379+0800][2.837s][debug][gc,humongous      ] GC(20) Dead humongous region 24 object size 1048592 start 0x00000000e1800000 with remset 0 code roots 0 is marked 0 reclaim candidate 1 type array 1
[2024-12-07T22:49:41.379+0800][2.837s][debug][gc,humongous      ] GC(20) Dead humongous region 26 object size 1048592 start 0x00000000e1a00000 with remset 0 code roots 0 is marked 0 reclaim candidate 1 type array 1
[2024-12-07T22:49:41.379+0800][2.837s][debug][gc,humongous      ] GC(20) Dead humongous region 28 object size 1048592 start 0x00000000e1c00000 with remset 0 code roots 0 is marked 0 reclaim candidate 1 type array 1
[2024-12-07T22:49:41.379+0800][2.838s][debug][gc,humongous      ] GC(20) Dead humongous region 30 object size 1048592 start 0x00000000e1e00000 with remset 0 code roots 0 is marked 0 reclaim candidate 1 type array 1
[2024-12-07T22:49:41.379+0800][2.838s][debug][gc,humongous      ] GC(20) Dead humongous region 32 object size 1048592 start 0x00000000e2000000 with remset 0 code roots 0 is marked 0 reclaim candidate 1 type array 1
[2024-12-07T22:49:41.379+0800][2.838s][debug][gc,humongous      ] GC(20) Dead humongous region 34 object size 1048592 start 0x00000000e2200000 with remset 0 code roots 0 is marked 0 reclaim candidate 1 type array 1
[2024-12-07T22:49:41.380+0800][2.838s][debug][gc,humongous      ] GC(20) Dead humongous region 36 object size 1048592 start 0x00000000e2400000 with remset 0 code roots 0 is marked 0 reclaim candidate 1 type array 1
[2024-12-07T22:49:41.380+0800][2.838s][debug][gc,humongous      ] GC(20) Dead humongous region 38 object size 1048592 start 0x00000000e2600000 with remset 0 code roots 0 is marked 0 reclaim candidate 1 type array 1
[2024-12-07T22:49:41.380+0800][2.838s][debug][gc,humongous      ] GC(20) Live humongous region 40 object size 1048592 start 0x00000000e2800000  with remset 0 code roots 0 is marked 0 reclaim candidate 0 type array 1
[2024-12-07T22:49:41.380+0800][2.838s][debug][gc,humongous      ] GC(20) Live humongous region 42 object size 1048592 start 0x00000000e2a00000  with remset 0 code roots 0 is marked 0 reclaim candidate 0 type array 1
[2024-12-07T22:49:41.380+0800][2.838s][debug][gc,humongous      ] GC(20) Live humongous region 44 object size 1048592 start 0x00000000e2c00000  with remset 0 code roots 0 is marked 0 reclaim candidate 0 type array 1
[2024-12-07T22:49:41.380+0800][2.838s][debug][gc,humongous      ] GC(20) Live humongous region 46 object size 1048592 start 0x00000000e2e00000  with remset 0 code roots 0 is marked 0 reclaim candidate 0 type array 1
[2024-12-07T22:49:41.380+0800][2.838s][debug][gc,humongous      ] GC(20) Live humongous region 48 object size 1048592 start 0x00000000e3000000  with remset 0 code roots 0 is marked 0 reclaim candidate 0 type array 1
[2024-12-07T22:49:41.380+0800][2.839s][debug][gc,humongous      ] GC(20) Live humongous region 50 object size 1048592 start 0x00000000e3200000  with remset 0 code roots 0 is marked 0 reclaim candidate 0 type array 1
[2024-12-07T22:49:41.380+0800][2.839s][debug][gc,humongous      ] GC(20) Live humongous region 52 object size 1048592 start 0x00000000e3400000  with remset 0 code roots 0 is marked 0 reclaim candidate 0 type array 1
[2024-12-07T22:49:41.380+0800][2.839s][debug][gc,humongous      ] GC(20) Live humongous region 54 object size 1048592 start 0x00000000e3600000  with remset 0 code roots 0 is marked 0 reclaim candidate 0 type array 1
[2024-12-07T22:49:41.380+0800][2.839s][debug][gc,humongous      ] GC(20) Live humongous region 56 object size 1048592 start 0x00000000e3800000  with remset 0 code roots 0 is marked 0 reclaim candidate 0 type array 1
[2024-12-07T22:49:41.381+0800][2.839s][debug][gc,humongous      ] GC(20) Live humongous region 58 object size 1048592 start 0x00000000e3a00000  with remset 0 code roots 0 is marked 0 reclaim candidate 0 type array 1
[2024-12-07T22:49:41.381+0800][2.839s][debug][gc,humongous      ] GC(20) Live humongous region 60 object size 1048592 start 0x00000000e3c00000  with remset 0 code roots 0 is marked 0 reclaim candidate 0 type array 1
[2024-12-07T22:49:41.381+0800][2.839s][debug][gc,humongous      ] GC(20) Live humongous region 62 object size 1048592 start 0x00000000e3e00000  with remset 0 code roots 0 is marked 0 reclaim candidate 0 type array 1
[2024-12-07T22:49:41.381+0800][2.839s][debug][gc,humongous      ] GC(20) Live humongous region 64 object size 1048592 start 0x00000000e4000000  with remset 0 code roots 0 is marked 0 reclaim candidate 0 type array 1
[2024-12-07T22:49:41.381+0800][2.839s][debug][gc,humongous      ] GC(20) Live humongous region 66 object size 1048592 start 0x00000000e4200000  with remset 0 code roots 0 is marked 0 reclaim candidate 0 type array 1
[2024-12-07T22:49:41.381+0800][2.839s][debug][gc,humongous      ] GC(20) Live humongous region 68 object size 1048592 start 0x00000000e4400000  with remset 0 code roots 0 is marked 0 reclaim candidate 0 type array 1
[2024-12-07T22:49:41.381+0800][2.840s][debug][gc,humongous      ] GC(20) Live humongous region 70 object size 1048592 start 0x00000000e4600000  with remset 0 code roots 0 is marked 0 reclaim candidate 0 type array 1
[2024-12-07T22:49:41.381+0800][2.840s][debug][gc,humongous      ] GC(20) Live humongous region 72 object size 1048592 start 0x00000000e4800000  with remset 0 code roots 0 is marked 0 reclaim candidate 0 type array 1
[2024-12-07T22:49:41.381+0800][2.840s][debug][gc,humongous      ] GC(20) Live humongous region 74 object size 1048592 start 0x00000000e4a00000  with remset 0 code roots 0 is marked 0 reclaim candidate 0 type array 1
[2024-12-07T22:49:41.381+0800][2.840s][debug][gc,humongous      ] GC(20) Live humongous region 76 object size 1048592 start 0x00000000e4c00000  with remset 0 code roots 0 is marked 0 reclaim candidate 0 type array 1
[2024-12-07T22:49:41.381+0800][2.840s][debug][gc,humongous      ] GC(20) Live humongous region 78 object size 1048592 start 0x00000000e4e00000  with remset 0 code roots 0 is marked 0 reclaim candidate 0 type array 1
[2024-12-07T22:49:41.382+0800][2.840s][debug][gc,humongous      ] GC(20) Live humongous region 80 object size 1048592 start 0x00000000e5000000  with remset 0 code roots 0 is marked 0 reclaim candidate 0 type array 1
[2024-12-07T22:49:41.382+0800][2.840s][debug][gc,humongous      ] GC(20) Live humongous region 82 object size 1048592 start 0x00000000e5200000  with remset 0 code roots 0 is marked 0 reclaim candidate 0 type array 1
[2024-12-07T22:49:41.382+0800][2.840s][debug][gc,humongous      ] GC(20) Live humongous region 84 object size 1048592 start 0x00000000e5400000  with remset 0 code roots 0 is marked 0 reclaim candidate 0 type array 1
[2024-12-07T22:49:41.382+0800][2.841s][debug][gc,humongous      ] GC(20) Live humongous region 86 object size 1048592 start 0x00000000e5600000  with remset 0 code roots 0 is marked 0 reclaim candidate 0 type array 1
[2024-12-07T22:49:41.383+0800][2.841s][debug][gc,humongous      ] GC(20) Live humongous region 88 object size 1048592 start 0x00000000e5800000  with remset 0 code roots 0 is marked 0 reclaim candidate 0 type array 1
[2024-12-07T22:49:41.383+0800][2.841s][debug][gc,humongous      ] GC(20) Live humongous region 90 object size 1048592 start 0x00000000e5a00000  with remset 0 code roots 0 is marked 0 reclaim candidate 0 type array 1
[2024-12-07T22:49:41.383+0800][2.841s][debug][gc,humongous      ] GC(20) Live humongous region 92 object size 1048592 start 0x00000000e5c00000  with remset 0 code roots 0 is marked 0 reclaim candidate 0 type array 1
[2024-12-07T22:49:41.383+0800][2.841s][debug][gc,humongous      ] GC(20) Live humongous region 94 object size 1048592 start 0x00000000e5e00000  with remset 0 code roots 0 is marked 0 reclaim candidate 0 type array 1
[2024-12-07T22:49:41.383+0800][2.842s][debug][gc,humongous      ] GC(20) Live humongous region 96 object size 1048592 start 0x00000000e6000000  with remset 0 code roots 0 is marked 0 reclaim candidate 0 type array 1
[2024-12-07T22:49:41.384+0800][2.842s][debug][gc,humongous      ] GC(20) Live humongous region 98 object size 1048592 start 0x00000000e6200000  with remset 0 code roots 0 is marked 0 reclaim candidate 0 type array 1
[2024-12-07T22:49:41.384+0800][2.842s][debug][gc,humongous      ] GC(20) Live humongous region 100 object size 1048592 start 0x00000000e6400000  with remset 0 code roots 0 is marked 0 reclaim candidate 0 type array 1
[2024-12-07T22:49:41.384+0800][2.842s][debug][gc,humongous      ] GC(20) Live humongous region 102 object size 1048592 start 0x00000000e6600000  with remset 0 code roots 0 is marked 0 reclaim candidate 0 type array 1
[2024-12-07T22:49:41.384+0800][2.842s][debug][gc,humongous      ] GC(20) Live humongous region 104 object size 1048592 start 0x00000000e6800000  with remset 0 code roots 0 is marked 0 reclaim candidate 0 type array 1
[2024-12-07T22:49:41.384+0800][2.842s][debug][gc,humongous      ] GC(20) Live humongous region 106 object size 1048592 start 0x00000000e6a00000  with remset 0 code roots 0 is marked 0 reclaim candidate 0 type array 1
[2024-12-07T22:49:41.384+0800][2.842s][debug][gc,humongous      ] GC(20) Live humongous region 108 object size 1048592 start 0x00000000e6c00000  with remset 0 code roots 0 is marked 0 reclaim candidate 0 type array 1
[2024-12-07T22:49:41.384+0800][2.842s][debug][gc,humongous      ] GC(20) Live humongous region 110 object size 1048592 start 0x00000000e6e00000  with remset 0 code roots 0 is marked 0 reclaim candidate 0 type array 1
[2024-12-07T22:49:41.384+0800][2.843s][debug][gc,humongous      ] GC(20) Live humongous region 112 object size 1048592 start 0x00000000e7000000  with remset 0 code roots 0 is marked 0 reclaim candidate 0 type array 1
[2024-12-07T22:49:41.384+0800][2.843s][debug][gc,humongous      ] GC(20) Live humongous region 114 object size 1048592 start 0x00000000e7200000  with remset 0 code roots 0 is marked 0 reclaim candidate 0 type array 1
[2024-12-07T22:49:41.384+0800][2.843s][debug][gc,humongous      ] GC(20) Live humongous region 116 object size 1048592 start 0x00000000e7400000  with remset 0 code roots 0 is marked 0 reclaim candidate 0 type array 1
[2024-12-07T22:49:41.384+0800][2.843s][debug][gc,humongous      ] GC(20) Live humongous region 118 object size 1048592 start 0x00000000e7600000  with remset 0 code roots 0 is marked 0 reclaim candidate 0 type array 1
[2024-12-07T22:49:41.385+0800][2.843s][debug][gc,humongous      ] GC(20) Live humongous region 120 object size 1048592 start 0x00000000e7800000  with remset 0 code roots 0 is marked 0 reclaim candidate 0 type array 1
[2024-12-07T22:49:41.385+0800][2.843s][debug][gc,humongous      ] GC(20) Live humongous region 122 object size 1048592 start 0x00000000e7a00000  with remset 0 code roots 0 is marked 0 reclaim candidate 0 type array 1
[2024-12-07T22:49:41.385+0800][2.843s][debug][gc,humongous      ] GC(20) Live humongous region 124 object size 1048592 start 0x00000000e7c00000  with remset 0 code roots 0 is marked 0 reclaim candidate 0 type array 1
[2024-12-07T22:49:41.385+0800][2.843s][debug][gc,humongous      ] GC(20) Live humongous region 126 object size 1048592 start 0x00000000e7e00000  with remset 0 code roots 0 is marked 0 reclaim candidate 0 type array 1
[2024-12-07T22:49:41.385+0800][2.843s][debug][gc,humongous      ] GC(20) Live humongous region 128 object size 1048592 start 0x00000000e8000000  with remset 0 code roots 0 is marked 0 reclaim candidate 0 type array 1
[2024-12-07T22:49:41.385+0800][2.843s][debug][gc,humongous      ] GC(20) Live humongous region 130 object size 1048592 start 0x00000000e8200000  with remset 0 code roots 0 is marked 0 reclaim candidate 0 type array 1
[2024-12-07T22:49:41.385+0800][2.843s][debug][gc,humongous      ] GC(20) Live humongous region 132 object size 1048592 start 0x00000000e8400000  with remset 0 code roots 0 is marked 0 reclaim candidate 0 type array 1
[2024-12-07T22:49:41.385+0800][2.844s][debug][gc,humongous      ] GC(20) Live humongous region 134 object size 1048592 start 0x00000000e8600000  with remset 0 code roots 0 is marked 0 reclaim candidate 0 type array 1
[2024-12-07T22:49:41.385+0800][2.844s][debug][gc,humongous      ] GC(20) Live humongous region 136 object size 1048592 start 0x00000000e8800000  with remset 0 code roots 0 is marked 0 reclaim candidate 0 type array 1
[2024-12-07T22:49:41.385+0800][2.844s][debug][gc,humongous      ] GC(20) Live humongous region 138 object size 1048592 start 0x00000000e8a00000  with remset 0 code roots 0 is marked 0 reclaim candidate 0 type array 1
[2024-12-07T22:49:41.385+0800][2.844s][debug][gc,humongous      ] GC(20) Live humongous region 140 object size 1048592 start 0x00000000e8c00000  with remset 0 code roots 0 is marked 0 reclaim candidate 0 type array 1
[2024-12-07T22:49:41.386+0800][2.844s][debug][gc,humongous      ] GC(20) Live humongous region 142 object size 1048592 start 0x00000000e8e00000  with remset 0 code roots 0 is marked 0 reclaim candidate 0 type array 1
[2024-12-07T22:49:41.386+0800][2.844s][debug][gc,humongous      ] GC(20) Live humongous region 144 object size 1048592 start 0x00000000e9000000  with remset 0 code roots 0 is marked 0 reclaim candidate 0 type array 1
[2024-12-07T22:49:41.386+0800][2.844s][debug][gc,humongous      ] GC(20) Live humongous region 146 object size 1048592 start 0x00000000e9200000  with remset 0 code roots 0 is marked 0 reclaim candidate 0 type array 1
[2024-12-07T22:49:41.386+0800][2.844s][debug][gc,humongous      ] GC(20) Live humongous region 148 object size 1048592 start 0x00000000e9400000  with remset 0 code roots 0 is marked 0 reclaim candidate 0 type array 1
[2024-12-07T22:49:41.386+0800][2.844s][debug][gc,humongous      ] GC(20) Live humongous region 150 object size 1048592 start 0x00000000e9600000  with remset 0 code roots 0 is marked 0 reclaim candidate 0 type array 1
[2024-12-07T22:49:41.386+0800][2.844s][debug][gc,humongous      ] GC(20) Live humongous region 152 object size 1048592 start 0x00000000e9800000  with remset 0 code roots 0 is marked 0 reclaim candidate 0 type array 1
[2024-12-07T22:49:41.386+0800][2.844s][debug][gc,humongous      ] GC(20) Live humongous region 154 object size 1048592 start 0x00000000e9a00000  with remset 0 code roots 0 is marked 0 reclaim candidate 0 type array 1
[2024-12-07T22:49:41.386+0800][2.844s][debug][gc,humongous      ] GC(20) Live humongous region 156 object size 1048592 start 0x00000000e9c00000  with remset 0 code roots 0 is marked 0 reclaim candidate 0 type array 1
[2024-12-07T22:49:41.386+0800][2.845s][debug][gc,humongous      ] GC(20) Live humongous region 158 object size 1048592 start 0x00000000e9e00000  with remset 0 code roots 0 is marked 0 reclaim candidate 0 type array 1
[2024-12-07T22:49:41.386+0800][2.845s][debug][gc,humongous      ] GC(20) Live humongous region 160 object size 1048592 start 0x00000000ea000000  with remset 0 code roots 0 is marked 0 reclaim candidate 0 type array 1
[2024-12-07T22:49:41.386+0800][2.845s][debug][gc,humongous      ] GC(20) Live humongous region 162 object size 1048592 start 0x00000000ea200000  with remset 0 code roots 0 is marked 0 reclaim candidate 0 type array 1
[2024-12-07T22:49:41.387+0800][2.845s][debug][gc,humongous      ] GC(20) Live humongous region 164 object size 1048592 start 0x00000000ea400000  with remset 0 code roots 0 is marked 0 reclaim candidate 0 type array 1
[2024-12-07T22:49:41.387+0800][2.845s][debug][gc,humongous      ] GC(20) Live humongous region 166 object size 1048592 start 0x00000000ea600000  with remset 0 code roots 0 is marked 0 reclaim candidate 0 type array 1
[2024-12-07T22:49:41.387+0800][2.845s][debug][gc,humongous      ] GC(20) Live humongous region 168 object size 1048592 start 0x00000000ea800000  with remset 0 code roots 0 is marked 0 reclaim candidate 0 type array 1
[2024-12-07T22:49:41.387+0800][2.845s][debug][gc,humongous      ] GC(20) Live humongous region 170 object size 1048592 start 0x00000000eaa00000  with remset 0 code roots 0 is marked 0 reclaim candidate 0 type array 1
[2024-12-07T22:49:41.387+0800][2.845s][debug][gc,humongous      ] GC(20) Live humongous region 172 object size 1048592 start 0x00000000eac00000  with remset 0 code roots 0 is marked 0 reclaim candidate 0 type array 1
[2024-12-07T22:49:41.387+0800][2.845s][debug][gc,humongous      ] GC(20) Live humongous region 174 object size 1048592 start 0x00000000eae00000  with remset 0 code roots 0 is marked 0 reclaim candidate 0 type array 1
[2024-12-07T22:49:41.387+0800][2.845s][debug][gc,humongous      ] GC(20) Live humongous region 176 object size 1048592 start 0x00000000eb000000  with remset 0 code roots 0 is marked 0 reclaim candidate 0 type array 1
[2024-12-07T22:49:41.387+0800][2.846s][debug][gc,humongous      ] GC(20) Live humongous region 178 object size 1048592 start 0x00000000eb200000  with remset 0 code roots 0 is marked 0 reclaim candidate 0 type array 1
[2024-12-07T22:49:41.387+0800][2.846s][debug][gc,humongous      ] GC(20) Live humongous region 180 object size 1048592 start 0x00000000eb400000  with remset 0 code roots 0 is marked 0 reclaim candidate 0 type array 1
[2024-12-07T22:49:41.387+0800][2.846s][debug][gc,humongous      ] GC(20) Live humongous region 182 object size 1048592 start 0x00000000eb600000  with remset 0 code roots 0 is marked 0 reclaim candidate 0 type array 1
[2024-12-07T22:49:41.388+0800][2.846s][debug][gc,humongous      ] GC(20) Live humongous region 184 object size 1048592 start 0x00000000eb800000  with remset 0 code roots 0 is marked 0 reclaim candidate 0 type array 1
[2024-12-07T22:49:41.388+0800][2.846s][debug][gc,humongous      ] GC(20) Live humongous region 186 object size 1048592 start 0x00000000eba00000  with remset 0 code roots 0 is marked 0 reclaim candidate 0 type array 1
[2024-12-07T22:49:41.388+0800][2.846s][debug][gc,humongous      ] GC(20) Live humongous region 188 object size 1048592 start 0x00000000ebc00000  with remset 0 code roots 0 is marked 0 reclaim candidate 0 type array 1
[2024-12-07T22:49:41.388+0800][2.846s][debug][gc,humongous      ] GC(20) Live humongous region 190 object size 1048592 start 0x00000000ebe00000  with remset 0 code roots 0 is marked 0 reclaim candidate 0 type array 1
[2024-12-07T22:49:41.388+0800][2.846s][debug][gc,humongous      ] GC(20) Live humongous region 192 object size 1048592 start 0x00000000ec000000  with remset 0 code roots 0 is marked 0 reclaim candidate 0 type array 1
[2024-12-07T22:49:41.388+0800][2.846s][debug][gc,humongous      ] GC(20) Live humongous region 194 object size 1048592 start 0x00000000ec200000  with remset 0 code roots 0 is marked 0 reclaim candidate 0 type array 1
[2024-12-07T22:49:41.388+0800][2.846s][debug][gc,humongous      ] GC(20) Live humongous region 196 object size 1048592 start 0x00000000ec400000  with remset 0 code roots 0 is marked 0 reclaim candidate 0 type array 1
[2024-12-07T22:49:41.388+0800][2.847s][debug][gc,humongous      ] GC(20) Live humongous region 198 object size 1048592 start 0x00000000ec600000  with remset 0 code roots 0 is marked 0 reclaim candidate 0 type array 1
[2024-12-07T22:49:41.388+0800][2.847s][debug][gc,humongous      ] GC(20) Live humongous region 200 object size 1048592 start 0x00000000ec800000  with remset 0 code roots 0 is marked 0 reclaim candidate 0 type array 1
[2024-12-07T22:49:41.388+0800][2.847s][debug][gc,humongous      ] GC(20) Live humongous region 202 object size 1048592 start 0x00000000eca00000  with remset 0 code roots 0 is marked 0 reclaim candidate 0 type array 1
[2024-12-07T22:49:41.388+0800][2.847s][debug][gc,humongous      ] GC(20) Live humongous region 204 object size 1048592 start 0x00000000ecc00000  with remset 0 code roots 0 is marked 0 reclaim candidate 0 type array 1
[2024-12-07T22:49:41.389+0800][2.847s][debug][gc,humongous      ] GC(20) Live humongous region 206 object size 1048592 start 0x00000000ece00000  with remset 0 code roots 0 is marked 0 reclaim candidate 0 type array 1
[2024-12-07T22:49:41.389+0800][2.847s][debug][gc,humongous      ] GC(20) Live humongous region 208 object size 1048592 start 0x00000000ed000000  with remset 0 code roots 0 is marked 0 reclaim candidate 0 type array 1
[2024-12-07T22:49:41.389+0800][2.847s][debug][gc,humongous      ] GC(20) Live humongous region 210 object size 1048592 start 0x00000000ed200000  with remset 0 code roots 0 is marked 0 reclaim candidate 0 type array 1
[2024-12-07T22:49:41.389+0800][2.847s][debug][gc,humongous      ] GC(20) Live humongous region 212 object size 1048592 start 0x00000000ed400000  with remset 0 code roots 0 is marked 0 reclaim candidate 0 type array 1
[2024-12-07T22:49:41.389+0800][2.847s][debug][gc,humongous      ] GC(20) Live humongous region 214 object size 1048592 start 0x00000000ed600000  with remset 0 code roots 0 is marked 0 reclaim candidate 0 type array 1
[2024-12-07T22:49:41.389+0800][2.847s][debug][gc,humongous      ] GC(20) Live humongous region 216 object size 1048592 start 0x00000000ed800000  with remset 0 code roots 0 is marked 0 reclaim candidate 0 type array 1
[2024-12-07T22:49:41.389+0800][2.847s][debug][gc,humongous      ] GC(20) Live humongous region 218 object size 1048592 start 0x00000000eda00000  with remset 0 code roots 0 is marked 0 reclaim candidate 0 type array 1
[2024-12-07T22:49:41.389+0800][2.847s][debug][gc,humongous      ] GC(20) Live humongous region 220 object size 1048592 start 0x00000000edc00000  with remset 0 code roots 0 is marked 0 reclaim candidate 0 type array 1
[2024-12-07T22:49:41.389+0800][2.848s][debug][gc,humongous      ] GC(20) Live humongous region 222 object size 1048592 start 0x00000000ede00000  with remset 0 code roots 0 is marked 0 reclaim candidate 0 type array 1
[2024-12-07T22:49:41.389+0800][2.848s][debug][gc,plab           ] GC(20) Young PLAB allocation: allocated: 487024B, wasted: 2968B, unused: 14712B, used: 469344B, undo waste: 0B, 
[2024-12-07T22:49:41.389+0800][2.848s][debug][gc,plab           ] GC(20) Young other allocation: region end waste: 0B, regions filled: 1, direct allocated: 78856B, failure used: 0B, failure wasted: 0B
[2024-12-07T22:49:41.390+0800][2.848s][debug][gc,plab           ] GC(20) Young sizing: calculated: 93864B, actual: 94352B
[2024-12-07T22:49:41.390+0800][2.848s][debug][gc,plab           ] GC(20) Old PLAB allocation: allocated: 0B, wasted: 0B, unused: 0B, used: 0B, undo waste: 0B, 
[2024-12-07T22:49:41.390+0800][2.848s][debug][gc,plab           ] GC(20) Old other allocation: region end waste: 0B, regions filled: 0, direct allocated: 0B, failure used: 0B, failure wasted: 0B
[2024-12-07T22:49:41.390+0800][2.848s][debug][gc,plab           ] GC(20) Old sizing: calculated: 0B, actual: 2064B
[2024-12-07T22:49:41.390+0800][2.848s][debug][gc,alloc,stats    ] Old generation allocation in the last mutator period, old gen allocated: 0B, humongous allocated: 25165824B,old gen growth: 0B.
[2024-12-07T22:49:41.390+0800][2.848s][debug][gc,ihop           ] GC(20) Basic information (value update), threshold: 236873318B (45.00), target occupancy: 526385152B, current occupancy: 211018360B, recent allocation size: 25165824B, recent allocation duration: 103.26ms, recent old gen allocation rate: 243711311.31B/s, recent marking phase length: 0.00ms
[2024-12-07T22:49:41.390+0800][2.848s][debug][gc,ihop           ] GC(20) Adaptive IHOP information (value update), threshold: 236873318B (51.91), internal target occupancy: 456340275B, occupancy: 211018360B, additional buffer size: 26214400B, predicted old gen allocation rate: 138087537.12B/s, predicted marking phase length: 0.00ms, prediction active: false
[2024-12-07T22:49:41.390+0800][2.849s][debug][gc,ergo,refine    ] GC(20) Updated Refinement Zones: green: 18, yellow: 54, red: 90
[2024-12-07T22:49:41.390+0800][2.849s][info ][gc,phases         ] GC(20)   Pre Evacuate Collection Set: 0.3ms
[2024-12-07T22:49:41.390+0800][2.849s][debug][gc,phases         ] GC(20)     Prepare TLABs: 0.3ms
[2024-12-07T22:49:41.391+0800][2.849s][debug][gc,phases         ] GC(20)     Choose Collection Set: 0.3ms
[2024-12-07T22:49:41.391+0800][2.849s][debug][gc,phases         ] GC(20)     Humongous Register: 0.0ms
[2024-12-07T22:49:41.391+0800][2.849s][debug][gc,phases         ] GC(20)     Clear Claimed Marks: 0.0ms
[2024-12-07T22:49:41.391+0800][2.849s][info ][gc,phases         ] GC(20)   Evacuate Collection Set: 10.9ms
[2024-12-07T22:49:41.391+0800][2.849s][debug][gc,phases         ] GC(20)     Ext Root Scanning (ms):   Min:  0.2, Avg:  2.1, Max:  5.1, Diff:  4.9, Sum: 24.6, Workers: 12
[2024-12-07T22:49:41.391+0800][2.849s][debug][gc,phases         ] GC(20)     Update RS (ms):           Min:  0.0, Avg:  0.4, Max:  1.5, Diff:  1.5, Sum:  5.4, Workers: 12
[2024-12-07T22:49:41.391+0800][2.849s][debug][gc,phases         ] GC(20)       Processed Buffers:        Min: 0, Avg:  0.6, Max: 2, Diff: 2, Sum: 7, Workers: 12
[2024-12-07T22:49:41.391+0800][2.850s][debug][gc,phases         ] GC(20)       Scanned Cards:            Min: 0, Avg: 23.3, Max: 77, Diff: 77, Sum: 280, Workers: 12
[2024-12-07T22:49:41.391+0800][2.850s][debug][gc,phases         ] GC(20)       Skipped Cards:            Min: 0, Avg: 12.7, Max: 81, Diff: 81, Sum: 152, Workers: 12
[2024-12-07T22:49:41.391+0800][2.850s][debug][gc,phases         ] GC(20)     Scan RS (ms):             Min:  0.0, Avg:  0.4, Max:  1.3, Diff:  1.3, Sum:  4.3, Workers: 12
[2024-12-07T22:49:41.392+0800][2.850s][debug][gc,phases         ] GC(20)       Scanned Cards:            Min: 0, Avg: 23.0, Max: 64, Diff: 64, Sum: 276, Workers: 12
[2024-12-07T22:49:41.392+0800][2.850s][debug][gc,phases         ] GC(20)       Claimed Cards:            Min: 0, Avg: 23.3, Max: 64, Diff: 64, Sum: 280, Workers: 12
[2024-12-07T22:49:41.392+0800][2.850s][debug][gc,phases         ] GC(20)       Skipped Cards:            Min: 0, Avg: 116.7, Max: 280, Diff: 280, Sum: 1400, Workers: 12
[2024-12-07T22:49:41.392+0800][2.850s][debug][gc,phases         ] GC(20)     Code Root Scanning (ms):  Min:  0.0, Avg:  0.0, Max:  0.1, Diff:  0.1, Sum:  0.1, Workers: 12
[2024-12-07T22:49:41.392+0800][2.850s][debug][gc,phases         ] GC(20)     AOT Root Scanning (ms):   skipped
[2024-12-07T22:49:41.392+0800][2.850s][debug][gc,phases         ] GC(20)     Object Copy (ms):         Min:  0.0, Avg:  0.1, Max:  0.7, Diff:  0.7, Sum:  1.6, Workers: 12
[2024-12-07T22:49:41.392+0800][2.850s][debug][gc,phases         ] GC(20)     Termination (ms):         Min:  0.0, Avg:  2.3, Max:  3.2, Diff:  3.2, Sum: 27.8, Workers: 12
[2024-12-07T22:49:41.392+0800][2.850s][debug][gc,phases         ] GC(20)       Termination Attempts:     Min: 1, Avg:  1.0, Max: 1, Diff: 0, Sum: 12, Workers: 12
[2024-12-07T22:49:41.392+0800][2.851s][debug][gc,phases         ] GC(20)     GC Worker Other (ms):     Min:  2.0, Avg:  3.5, Max:  4.6, Diff:  2.6, Sum: 41.9, Workers: 12
[2024-12-07T22:49:41.392+0800][2.851s][debug][gc,phases         ] GC(20)     GC Worker Total (ms):     Min:  7.4, Avg:  8.8, Max:  9.6, Diff:  2.2, Sum: 105.7, Workers: 12
[2024-12-07T22:49:41.392+0800][2.851s][info ][gc,phases         ] GC(20)   Post Evacuate Collection Set: 12.4ms
[2024-12-07T22:49:41.392+0800][2.851s][debug][gc,phases         ] GC(20)     Code Roots Fixup: 0.0ms
[2024-12-07T22:49:41.393+0800][2.851s][debug][gc,phases         ] GC(20)     Clear Card Table: 0.1ms
[2024-12-07T22:49:41.393+0800][2.851s][debug][gc,phases         ] GC(20)     Reference Processing: 0.3ms
[2024-12-07T22:49:41.393+0800][2.851s][debug][gc,phases,ref     ] GC(20)       Reconsider SoftReferences: 0.1ms
[2024-12-07T22:49:41.393+0800][2.851s][debug][gc,phases,ref     ] GC(20)         SoftRef (ms):             skipped
[2024-12-07T22:49:41.393+0800][2.851s][debug][gc,phases,ref     ] GC(20)       Notify Soft/WeakReferences: 0.0ms
[2024-12-07T22:49:41.393+0800][2.851s][debug][gc,phases,ref     ] GC(20)         SoftRef (ms):             Min:  0.0, Avg:  0.0, Max:  0.0, Diff:  0.0, Sum:  0.0, Workers: 1
[2024-12-07T22:49:41.393+0800][2.851s][debug][gc,phases,ref     ] GC(20)         WeakRef (ms):             Min:  0.0, Avg:  0.0, Max:  0.0, Diff:  0.0, Sum:  0.0, Workers: 1
[2024-12-07T22:49:41.393+0800][2.852s][debug][gc,phases,ref     ] GC(20)         FinalRef (ms):            Min:  0.0, Avg:  0.0, Max:  0.0, Diff:  0.0, Sum:  0.0, Workers: 1
[2024-12-07T22:49:41.393+0800][2.852s][debug][gc,phases,ref     ] GC(20)         Total (ms):               Min:  0.0, Avg:  0.0, Max:  0.0, Diff:  0.0, Sum:  0.0, Workers: 1
[2024-12-07T22:49:41.393+0800][2.852s][debug][gc,phases,ref     ] GC(20)       Notify and keep alive finalizable: 0.1ms
[2024-12-07T22:49:41.393+0800][2.852s][debug][gc,phases,ref     ] GC(20)         FinalRef (ms):            skipped
[2024-12-07T22:49:41.394+0800][2.852s][debug][gc,phases,ref     ] GC(20)       Notify PhantomReferences: 0.0ms
[2024-12-07T22:49:41.394+0800][2.852s][debug][gc,phases,ref     ] GC(20)         PhantomRef (ms):          Min:  0.0, Avg:  0.0, Max:  0.0, Diff:  0.0, Sum:  0.0, Workers: 1
[2024-12-07T22:49:41.394+0800][2.852s][debug][gc,phases,ref     ] GC(20)       SoftReference:
[2024-12-07T22:49:41.394+0800][2.852s][debug][gc,phases,ref     ] GC(20)         Discovered: 0
[2024-12-07T22:49:41.394+0800][2.852s][debug][gc,phases,ref     ] GC(20)         Cleared: 0
[2024-12-07T22:49:41.394+0800][2.852s][debug][gc,phases,ref     ] GC(20)       WeakReference:
[2024-12-07T22:49:41.394+0800][2.852s][debug][gc,phases,ref     ] GC(20)         Discovered: 20
[2024-12-07T22:49:41.394+0800][2.852s][debug][gc,phases,ref     ] GC(20)         Cleared: 20
[2024-12-07T22:49:41.394+0800][2.853s][debug][gc,phases,ref     ] GC(20)       FinalReference:
[2024-12-07T22:49:41.394+0800][2.853s][debug][gc,phases,ref     ] GC(20)         Discovered: 0
[2024-12-07T22:49:41.394+0800][2.853s][debug][gc,phases,ref     ] GC(20)         Cleared: 0
[2024-12-07T22:49:41.395+0800][2.853s][debug][gc,phases,ref     ] GC(20)       PhantomReference:
[2024-12-07T22:49:41.395+0800][2.853s][debug][gc,phases,ref     ] GC(20)         Discovered: 4
[2024-12-07T22:49:41.395+0800][2.853s][debug][gc,phases,ref     ] GC(20)         Cleared: 4
[2024-12-07T22:49:41.395+0800][2.853s][debug][gc,phases         ] GC(20)     Weak Processing: 0.0ms
[2024-12-07T22:49:41.395+0800][2.853s][debug][gc,phases         ] GC(20)     Merge Per-Thread State: 0.0ms
[2024-12-07T22:49:41.395+0800][2.853s][debug][gc,phases         ] GC(20)     Code Roots Purge: 0.0ms
[2024-12-07T22:49:41.395+0800][2.853s][debug][gc,phases         ] GC(20)     Redirty Cards: 0.1ms
[2024-12-07T22:49:41.395+0800][2.853s][debug][gc,phases         ] GC(20)     DerivedPointerTable Update: 0.0ms
[2024-12-07T22:49:41.395+0800][2.854s][debug][gc,phases         ] GC(20)     Free Collection Set: 0.2ms
[2024-12-07T22:49:41.395+0800][2.854s][debug][gc,phases         ] GC(20)     Humongous Reclaim: 11.7ms
[2024-12-07T22:49:41.395+0800][2.854s][debug][gc,phases         ] GC(20)     Start New Collection Set: 0.0ms
[2024-12-07T22:49:41.395+0800][2.854s][debug][gc,phases         ] GC(20)     Resize TLABs: 0.0ms
[2024-12-07T22:49:41.396+0800][2.854s][debug][gc,phases         ] GC(20)     Expand Heap After Collection: 0.0ms
[2024-12-07T22:49:41.396+0800][2.854s][info ][gc,phases         ] GC(20)   Other: 4.7ms
[2024-12-07T22:49:41.396+0800][2.854s][info ][gc,heap           ] GC(20) Eden regions: 1->0(24)
[2024-12-07T22:49:41.396+0800][2.854s][info ][gc,heap           ] GC(20) Survivor regions: 1->1(4)
[2024-12-07T22:49:41.396+0800][2.854s][info ][gc,heap           ] GC(20) Old regions: 2->2
[2024-12-07T22:49:41.396+0800][2.854s][info ][gc,heap           ] GC(20) Humongous regions: 224->200
[2024-12-07T22:49:41.396+0800][2.854s][info ][gc,metaspace      ] GC(20) Metaspace: 648K(4864K)->648K(4864K) NonClass: 595K(4352K)->595K(4352K) Class: 52K(512K)->52K(512K)
[2024-12-07T22:49:41.396+0800][2.854s][debug][gc,heap           ] GC(20) Heap after GC invocations=21 (full 0): garbage-first heap   total 516096K, used 206072K [0x00000000e0000000, 0x0000000100000000)
[2024-12-07T22:49:41.396+0800][2.855s][debug][gc,heap           ] GC(20)   region size 1024K, 1 young (1024K), 1 survivors (1024K)
[2024-12-07T22:49:41.396+0800][2.855s][debug][gc,heap           ] GC(20)  Metaspace       used 648K, capacity 4574K, committed 4864K, reserved 1056768K
[2024-12-07T22:49:41.396+0800][2.855s][debug][gc,heap           ] GC(20)   class space    used 52K, capacity 418K, committed 512K, reserved 1048576K
[2024-12-07T22:49:41.397+0800][2.855s][info ][gc                ] GC(20) Pause Young (Concurrent Start) (G1 Humongous Allocation) 225M->201M(504M) 32.551ms
[2024-12-07T22:49:41.397+0800][2.855s][info ][gc,cpu            ] GC(20) User=0.04s Sys=0.00s Real=0.03s
[2024-12-07T22:49:41.397+0800][2.855s][info ][gc                ] GC(21) Concurrent Cycle
[2024-12-07T22:49:41.397+0800][2.855s][info ][gc,marking        ] GC(21) Concurrent Clear Claimed Marks
[2024-12-07T22:49:41.397+0800][2.855s][info ][gc,marking        ] GC(21) Concurrent Clear Claimed Marks 0.093ms
[2024-12-07T22:49:41.397+0800][2.855s][info ][gc,marking        ] GC(21) Concurrent Scan Root Regions
[2024-12-07T22:49:41.397+0800][2.855s][debug][gc,ergo           ] GC(21) Running G1 Root Region Scan using 1 workers for 1 work units.
[2024-12-07T22:49:41.398+0800][2.856s][info ][gc,marking        ] GC(21) Concurrent Scan Root Regions 0.543ms
[2024-12-07T22:49:41.398+0800][2.856s][info ][gc,marking        ] GC(21) Concurrent Mark (2.856s)
[2024-12-07T22:49:41.398+0800][2.856s][info ][gc,marking        ] GC(21) Concurrent Mark From Roots
[2024-12-07T22:49:41.398+0800][2.856s][info ][gc,task           ] GC(21) Using 5 workers of 5 for marking
[2024-12-07T22:49:41.398+0800][2.857s][debug][gc,stats          ] ---------------------------------------------------------------------
[2024-12-07T22:49:41.399+0800][2.857s][debug][gc,stats          ] Marking Stats, task = 0, calls = 1
[2024-12-07T22:49:41.399+0800][2.857s][debug][gc,stats          ]   Elapsed time = 0.47ms, Termination time = 0.00ms
[2024-12-07T22:49:41.399+0800][2.857s][debug][gc,stats          ]   Step Times (cum): num = 948, avg = 0.01ms, sd = 0.13ms max = 3.31ms, total = 7.74ms
[2024-12-07T22:49:41.399+0800][2.857s][debug][gc,stats          ]   Mark Stats Cache: hits 8358 misses 101 ratio 98.806
[2024-12-07T22:49:41.399+0800][2.857s][debug][gc,stats          ] ---------------------------------------------------------------------
[2024-12-07T22:49:41.399+0800][2.857s][debug][gc,stats          ] Marking Stats, task = 1, calls = 21
[2024-12-07T22:49:41.399+0800][2.857s][debug][gc,stats          ]   Elapsed time = 0.46ms, Termination time = 0.00ms
[2024-12-07T22:49:41.399+0800][2.858s][debug][gc,stats          ]   Step Times (cum): num = 271, avg = 0.03ms, sd = 0.23ms max = 3.28ms, total = 7.22ms
[2024-12-07T22:49:41.399+0800][2.858s][debug][gc,stats          ]   Mark Stats Cache: hits 2648 misses 2 ratio 99.925
[2024-12-07T22:49:41.399+0800][2.858s][debug][gc,stats          ] ---------------------------------------------------------------------
[2024-12-07T22:49:41.400+0800][2.858s][debug][gc,stats          ] Marking Stats, task = 2, calls = 31
[2024-12-07T22:49:41.400+0800][2.858s][debug][gc,stats          ]   Elapsed time = 0.46ms, Termination time = 0.00ms
[2024-12-07T22:49:41.400+0800][2.858s][debug][gc,stats          ]   Step Times (cum): num = 234, avg = 0.03ms, sd = 0.25ms max = 3.30ms, total = 7.64ms
[2024-12-07T22:49:41.400+0800][2.858s][debug][gc,stats          ]   Mark Stats Cache: hits 717 misses 2 ratio 99.722
[2024-12-07T22:49:41.400+0800][2.858s][debug][gc,stats          ] ---------------------------------------------------------------------
[2024-12-07T22:49:41.400+0800][2.858s][debug][gc,stats          ] Marking Stats, task = 3, calls = 27
[2024-12-07T22:49:41.400+0800][2.858s][debug][gc,stats          ]   Elapsed time = 0.48ms, Termination time = 0.00ms
[2024-12-07T22:49:41.400+0800][2.858s][debug][gc,stats          ]   Step Times (cum): num = 291, avg = 0.03ms, sd = 0.23ms max = 3.30ms, total = 7.62ms
[2024-12-07T22:49:41.400+0800][2.859s][debug][gc,stats          ]   Mark Stats Cache: hits 619 misses 1 ratio 99.839
[2024-12-07T22:49:41.400+0800][2.859s][debug][gc,stats          ] ---------------------------------------------------------------------
[2024-12-07T22:49:41.400+0800][2.859s][debug][gc,stats          ] Marking Stats, task = 4, calls = 31
[2024-12-07T22:49:41.401+0800][2.859s][debug][gc,stats          ]   Elapsed time = 0.39ms, Termination time = 0.00ms
[2024-12-07T22:49:41.401+0800][2.859s][debug][gc,stats          ]   Step Times (cum): num = 331, avg = 0.02ms, sd = 0.21ms max = 3.32ms, total = 7.56ms
[2024-12-07T22:49:41.401+0800][2.859s][debug][gc,stats          ]   Mark Stats Cache: hits 685 misses 1 ratio 99.854
[2024-12-07T22:49:41.401+0800][2.859s][debug][gc,stats          ] ---------------------------------------------------------------------
[2024-12-07T22:49:41.401+0800][2.859s][info ][gc,marking        ] GC(21) Concurrent Mark From Roots 3.122ms
[2024-12-07T22:49:41.401+0800][2.859s][info ][gc,marking        ] GC(21) Concurrent Preclean
[2024-12-07T22:49:41.401+0800][2.859s][debug][gc,ref,start      ] GC(21) Preclean SoftReferences
[2024-12-07T22:49:41.401+0800][2.859s][debug][gc,ref            ] GC(21) Preclean SoftReferences 0.097ms
[2024-12-07T22:49:41.401+0800][2.860s][debug][gc,ref,start      ] GC(21) Preclean WeakReferences
[2024-12-07T22:49:41.401+0800][2.860s][debug][gc,ref            ] GC(21) Preclean WeakReferences 0.106ms
[2024-12-07T22:49:41.401+0800][2.860s][debug][gc,ref,start      ] GC(21) Preclean FinalReferences
[2024-12-07T22:49:41.402+0800][2.860s][debug][gc,ref            ] GC(21) Preclean FinalReferences 0.096ms
[2024-12-07T22:49:41.402+0800][2.860s][debug][gc,ref,start      ] GC(21) Preclean PhantomReferences
[2024-12-07T22:49:41.402+0800][2.860s][debug][gc,ref            ] GC(21) Preclean PhantomReferences 0.096ms
[2024-12-07T22:49:41.402+0800][2.860s][info ][gc,marking        ] GC(21) Concurrent Preclean 0.839ms
[2024-12-07T22:49:41.402+0800][2.860s][info ][gc,marking        ] GC(21) Concurrent Mark (2.856s, 2.860s) 4.224ms
[2024-12-07T22:49:41.402+0800][2.860s][info ][gc,start          ] GC(21) Pause Remark
[2024-12-07T22:49:41.402+0800][2.860s][debug][gc,phases,start   ] GC(21) Finalize Marking
[2024-12-07T22:49:41.404+0800][2.862s][debug][gc,stats          ] ---------------------------------------------------------------------
[2024-12-07T22:49:41.404+0800][2.863s][debug][gc,stats          ] Marking Stats, task = 0, calls = 74
[2024-12-07T22:49:41.405+0800][2.863s][debug][gc,stats          ]   Elapsed time = 1.72ms, Termination time = 1.22ms
[2024-12-07T22:49:41.405+0800][2.863s][debug][gc,stats          ]   Step Times (cum): num = 1021, avg = 0.01ms, sd = 0.13ms max = 3.31ms, total = 8.96ms
[2024-12-07T22:49:41.405+0800][2.863s][debug][gc,stats          ]   Mark Stats Cache: hits 8358 misses 101 ratio 98.806
[2024-12-07T22:49:41.406+0800][2.864s][debug][gc,stats          ] ---------------------------------------------------------------------
[2024-12-07T22:49:41.406+0800][2.864s][debug][gc,stats          ] Marking Stats, task = 1, calls = 22
[2024-12-07T22:49:41.406+0800][2.864s][debug][gc,stats          ]   Elapsed time = 1.75ms, Termination time = 1.22ms
[2024-12-07T22:49:41.406+0800][2.865s][debug][gc,stats          ]   Step Times (cum): num = 272, avg = 0.03ms, sd = 0.24ms max = 3.28ms, total = 8.44ms
[2024-12-07T22:49:41.406+0800][2.865s][debug][gc,stats          ]   Mark Stats Cache: hits 2648 misses 2 ratio 99.925
[2024-12-07T22:49:41.406+0800][2.865s][debug][gc,stats          ] ---------------------------------------------------------------------
[2024-12-07T22:49:41.407+0800][2.865s][debug][gc,stats          ] Marking Stats, task = 2, calls = 32
[2024-12-07T22:49:41.407+0800][2.865s][debug][gc,stats          ]   Elapsed time = 1.73ms, Termination time = 1.23ms
[2024-12-07T22:49:41.407+0800][2.865s][debug][gc,stats          ]   Step Times (cum): num = 235, avg = 0.04ms, sd = 0.26ms max = 3.30ms, total = 8.86ms
[2024-12-07T22:49:41.407+0800][2.865s][debug][gc,stats          ]   Mark Stats Cache: hits 717 misses 2 ratio 99.722
[2024-12-07T22:49:41.407+0800][2.866s][debug][gc,stats          ] ---------------------------------------------------------------------
[2024-12-07T22:49:41.407+0800][2.866s][debug][gc,stats          ] Marking Stats, task = 3, calls = 28
[2024-12-07T22:49:41.408+0800][2.866s][debug][gc,stats          ]   Elapsed time = 1.72ms, Termination time = 1.22ms
[2024-12-07T22:49:41.408+0800][2.866s][debug][gc,stats          ]   Step Times (cum): num = 292, avg = 0.03ms, sd = 0.24ms max = 3.30ms, total = 8.85ms
[2024-12-07T22:49:41.408+0800][2.866s][debug][gc,stats          ]   Mark Stats Cache: hits 619 misses 1 ratio 99.839
[2024-12-07T22:49:41.408+0800][2.866s][debug][gc,stats          ] ---------------------------------------------------------------------
[2024-12-07T22:49:41.408+0800][2.866s][debug][gc,stats          ] Marking Stats, task = 4, calls = 32
[2024-12-07T22:49:41.408+0800][2.866s][debug][gc,stats          ]   Elapsed time = 1.74ms, Termination time = 1.23ms
[2024-12-07T22:49:41.408+0800][2.866s][debug][gc,stats          ]   Step Times (cum): num = 332, avg = 0.03ms, sd = 0.22ms max = 3.32ms, total = 8.79ms
[2024-12-07T22:49:41.408+0800][2.867s][debug][gc,stats          ]   Mark Stats Cache: hits 685 misses 1 ratio 99.854
[2024-12-07T22:49:41.408+0800][2.867s][debug][gc,stats          ] ---------------------------------------------------------------------
[2024-12-07T22:49:41.408+0800][2.867s][debug][gc,stats          ] Marking Stats, task = 5, calls = 1
[2024-12-07T22:49:41.408+0800][2.867s][debug][gc,stats          ]   Elapsed time = 1.72ms, Termination time = 1.22ms
[2024-12-07T22:49:41.409+0800][2.867s][debug][gc,stats          ]   Step Times (cum): num = 11, avg = 0.70ms, sd = 0.95ms max = 3.33ms, total = 7.74ms
[2024-12-07T22:49:41.409+0800][2.867s][debug][gc,stats          ]   Mark Stats Cache: hits 0 misses 0 ratio 0.000
[2024-12-07T22:49:41.409+0800][2.867s][debug][gc,stats          ] ---------------------------------------------------------------------
[2024-12-07T22:49:41.409+0800][2.867s][debug][gc,stats          ] Marking Stats, task = 6, calls = 1
[2024-12-07T22:49:41.409+0800][2.867s][debug][gc,stats          ]   Elapsed time = 1.73ms, Termination time = 1.51ms
[2024-12-07T22:49:41.409+0800][2.867s][debug][gc,stats          ]   Step Times (cum): num = 11, avg = 0.72ms, sd = 0.94ms max = 3.20ms, total = 7.93ms
[2024-12-07T22:49:41.409+0800][2.867s][debug][gc,stats          ]   Mark Stats Cache: hits 0 misses 0 ratio 0.000
[2024-12-07T22:49:41.409+0800][2.867s][debug][gc,stats          ] ---------------------------------------------------------------------
[2024-12-07T22:49:41.409+0800][2.868s][debug][gc,stats          ] Marking Stats, task = 7, calls = 1
[2024-12-07T22:49:41.409+0800][2.868s][debug][gc,stats          ]   Elapsed time = 1.67ms, Termination time = 1.52ms
[2024-12-07T22:49:41.409+0800][2.868s][debug][gc,stats          ]   Step Times (cum): num = 11, avg = 0.76ms, sd = 0.88ms max = 3.08ms, total = 8.36ms
[2024-12-07T22:49:41.410+0800][2.868s][debug][gc,stats          ]   Mark Stats Cache: hits 0 misses 0 ratio 0.000
[2024-12-07T22:49:41.410+0800][2.868s][debug][gc,stats          ] ---------------------------------------------------------------------
[2024-12-07T22:49:41.410+0800][2.868s][debug][gc,stats          ] Marking Stats, task = 8, calls = 1
[2024-12-07T22:49:41.410+0800][2.868s][debug][gc,stats          ]   Elapsed time = 1.65ms, Termination time = 1.50ms
[2024-12-07T22:49:41.410+0800][2.868s][debug][gc,stats          ]   Step Times (cum): num = 11, avg = 0.74ms, sd = 0.91ms max = 3.12ms, total = 8.14ms
[2024-12-07T22:49:41.410+0800][2.868s][debug][gc,stats          ]   Mark Stats Cache: hits 0 misses 0 ratio 0.000
[2024-12-07T22:49:41.410+0800][2.868s][debug][gc,stats          ] ---------------------------------------------------------------------
[2024-12-07T22:49:41.410+0800][2.869s][debug][gc,stats          ] Marking Stats, task = 9, calls = 1
[2024-12-07T22:49:41.410+0800][2.869s][debug][gc,stats          ]   Elapsed time = 1.72ms, Termination time = 1.22ms
[2024-12-07T22:49:41.410+0800][2.869s][debug][gc,stats          ]   Step Times (cum): num = 11, avg = 0.66ms, sd = 0.99ms max = 3.40ms, total = 7.29ms
[2024-12-07T22:49:41.410+0800][2.869s][debug][gc,stats          ]   Mark Stats Cache: hits 0 misses 0 ratio 0.000
[2024-12-07T22:49:41.411+0800][2.869s][debug][gc,stats          ] ---------------------------------------------------------------------
[2024-12-07T22:49:41.411+0800][2.869s][debug][gc,stats          ] Marking Stats, task = 10, calls = 1
[2024-12-07T22:49:41.411+0800][2.869s][debug][gc,stats          ]   Elapsed time = 1.72ms, Termination time = 1.22ms
[2024-12-07T22:49:41.411+0800][2.869s][debug][gc,stats          ]   Step Times (cum): num = 11, avg = 0.66ms, sd = 1.00ms max = 3.41ms, total = 7.30ms
[2024-12-07T22:49:41.411+0800][2.869s][debug][gc,stats          ]   Mark Stats Cache: hits 0 misses 0 ratio 0.000
[2024-12-07T22:49:41.411+0800][2.869s][debug][gc,stats          ] ---------------------------------------------------------------------
[2024-12-07T22:49:41.411+0800][2.869s][debug][gc,stats          ] Marking Stats, task = 11, calls = 1
[2024-12-07T22:49:41.411+0800][2.869s][debug][gc,stats          ]   Elapsed time = 0.00ms, Termination time = 0.00ms
[2024-12-07T22:49:41.411+0800][2.870s][debug][gc,stats          ]   Step Times (cum): num = 11, avg = 0.00ms, sd = 0.00ms max = 0.00ms, total = 0.00ms
[2024-12-07T22:49:41.411+0800][2.870s][debug][gc,stats          ]   Mark Stats Cache: hits 0 misses 0 ratio 0.000
[2024-12-07T22:49:41.411+0800][2.870s][debug][gc,stats          ] ---------------------------------------------------------------------
[2024-12-07T22:49:41.411+0800][2.870s][debug][gc,phases         ] GC(21) Finalize Marking 9.307ms
[2024-12-07T22:49:41.412+0800][2.870s][debug][gc,phases,start   ] GC(21) Reference Processing
[2024-12-07T22:49:41.412+0800][2.870s][debug][gc,ref            ] GC(21) Skipped phase1 of Reference Processing due to unavailable references
[2024-12-07T22:49:41.412+0800][2.870s][debug][gc,ref            ] GC(21) Skipped phase2 of Reference Processing due to unavailable references
[2024-12-07T22:49:41.412+0800][2.870s][debug][gc,ref            ] GC(21) Skipped phase3 of Reference Processing due to unavailable references
[2024-12-07T22:49:41.412+0800][2.870s][debug][gc,ref            ] GC(21) Skipped phase4 of Reference Processing due to unavailable references
[2024-12-07T22:49:41.412+0800][2.870s][debug][gc,phases,ref     ] GC(21) Reference Processing: 0.3ms
[2024-12-07T22:49:41.412+0800][2.870s][debug][gc,phases,ref     ] GC(21)   Reconsider SoftReferences: 0.1ms
[2024-12-07T22:49:41.412+0800][2.870s][debug][gc,phases,ref     ] GC(21)     SoftRef (ms):             skipped
[2024-12-07T22:49:41.412+0800][2.871s][debug][gc,phases,ref     ] GC(21)   Notify Soft/WeakReferences: 0.1ms
[2024-12-07T22:49:41.412+0800][2.871s][debug][gc,phases,ref     ] GC(21)     SoftRef (ms):             skipped
[2024-12-07T22:49:41.412+0800][2.871s][debug][gc,phases,ref     ] GC(21)     WeakRef (ms):             skipped
[2024-12-07T22:49:41.413+0800][2.871s][debug][gc,phases,ref     ] GC(21)     FinalRef (ms):            skipped
[2024-12-07T22:49:41.413+0800][2.871s][debug][gc,phases,ref     ] GC(21)     Total (ms):               skipped
[2024-12-07T22:49:41.413+0800][2.871s][debug][gc,phases,ref     ] GC(21)   Notify and keep alive finalizable: 0.1ms
[2024-12-07T22:49:41.413+0800][2.871s][debug][gc,phases,ref     ] GC(21)     FinalRef (ms):            skipped
[2024-12-07T22:49:41.413+0800][2.871s][debug][gc,phases,ref     ] GC(21)   Notify PhantomReferences: 0.1ms
[2024-12-07T22:49:41.413+0800][2.871s][debug][gc,phases,ref     ] GC(21)     PhantomRef (ms):          skipped
[2024-12-07T22:49:41.413+0800][2.871s][debug][gc,phases,ref     ] GC(21)   SoftReference:
[2024-12-07T22:49:41.413+0800][2.871s][debug][gc,phases,ref     ] GC(21)     Discovered: 0
[2024-12-07T22:49:41.413+0800][2.872s][debug][gc,phases,ref     ] GC(21)     Cleared: 0
[2024-12-07T22:49:41.413+0800][2.872s][debug][gc,phases,ref     ] GC(21)   WeakReference:
[2024-12-07T22:49:41.413+0800][2.872s][debug][gc,phases,ref     ] GC(21)     Discovered: 0
[2024-12-07T22:49:41.414+0800][2.872s][debug][gc,phases,ref     ] GC(21)     Cleared: 0
[2024-12-07T22:49:41.414+0800][2.872s][debug][gc,phases,ref     ] GC(21)   FinalReference:
[2024-12-07T22:49:41.414+0800][2.872s][debug][gc,phases,ref     ] GC(21)     Discovered: 0
[2024-12-07T22:49:41.414+0800][2.872s][debug][gc,phases,ref     ] GC(21)     Cleared: 0
[2024-12-07T22:49:41.414+0800][2.872s][debug][gc,phases,ref     ] GC(21)   PhantomReference:
[2024-12-07T22:49:41.414+0800][2.872s][debug][gc,phases,ref     ] GC(21)     Discovered: 0
[2024-12-07T22:49:41.414+0800][2.872s][debug][gc,phases,ref     ] GC(21)     Cleared: 0
[2024-12-07T22:49:41.414+0800][2.872s][debug][gc,phases         ] GC(21) Reference Processing 2.545ms
[2024-12-07T22:49:41.414+0800][2.873s][debug][gc,phases,start   ] GC(21) Weak Processing
[2024-12-07T22:49:41.414+0800][2.873s][debug][gc,phases         ] GC(21) Weak Processing 0.088ms
[2024-12-07T22:49:41.414+0800][2.873s][debug][gc,phases,start   ] GC(21) Class Unloading
[2024-12-07T22:49:41.414+0800][2.873s][debug][gc,phases,start   ] GC(21) ClassLoaderData
[2024-12-07T22:49:41.415+0800][2.873s][debug][gc,phases         ] GC(21) ClassLoaderData 0.092ms
[2024-12-07T22:49:41.415+0800][2.873s][debug][gc,phases,start   ] GC(21) ProtectionDomainCacheTable
[2024-12-07T22:49:41.415+0800][2.873s][debug][gc,phases         ] GC(21) ProtectionDomainCacheTable 0.093ms
[2024-12-07T22:49:41.415+0800][2.873s][info ][gc,stringtable    ] GC(21) Cleaned string and symbol table, strings: 68 processed, 0 removed, symbols: 226 processed, 0 removed
[2024-12-07T22:49:41.415+0800][2.873s][debug][gc,phases         ] GC(21) Class Unloading 0.806ms
[2024-12-07T22:49:41.415+0800][2.874s][debug][gc,phases,start   ] GC(21) Flush Task Caches
[2024-12-07T22:49:41.415+0800][2.874s][debug][gc,stats          ] Mark stats cache hits 13027 misses 107 ratio 99.185
[2024-12-07T22:49:41.415+0800][2.874s][debug][gc,phases         ] GC(21) Flush Task Caches 0.199ms
[2024-12-07T22:49:41.416+0800][2.874s][debug][gc,phases,start   ] GC(21) Update Remembered Set Tracking Before Rebuild
[2024-12-07T22:49:41.416+0800][2.874s][debug][gc,ergo           ] GC(21) Running G1 Update RemSet Tracking Before Rebuild using 2 workers for 504 regions in heap
[2024-12-07T22:49:41.416+0800][2.874s][debug][gc,remset,tracking] GC(21) Remembered Set Tracking update regions total 504, selected 0
[2024-12-07T22:49:41.416+0800][2.874s][debug][gc,phases         ] GC(21) Update Remembered Set Tracking Before Rebuild 0.359ms
[2024-12-07T22:49:41.416+0800][2.874s][debug][gc,phases,start   ] GC(21) Reclaim Empty Regions
[2024-12-07T22:49:41.416+0800][2.875s][debug][gc,phases         ] GC(21) Reclaim Empty Regions 0.179ms
[2024-12-07T22:49:41.416+0800][2.875s][debug][gc,phases,start   ] GC(21) Purge Metaspace
[2024-12-07T22:49:41.416+0800][2.875s][debug][gc,phases         ] GC(21) Purge Metaspace 0.094ms
[2024-12-07T22:49:41.416+0800][2.875s][debug][gc,phases,start   ] GC(21) Report Object Count
[2024-12-07T22:49:41.417+0800][2.875s][debug][gc,phases         ] GC(21) Report Object Count 0.086ms
[2024-12-07T22:49:41.417+0800][2.875s][info ][gc                ] GC(21) Pause Remark 217M->217M(504M) 14.572ms
[2024-12-07T22:49:41.417+0800][2.875s][info ][gc,cpu            ] GC(21) User=0.02s Sys=0.00s Real=0.01s
[2024-12-07T22:49:41.417+0800][2.875s][info ][gc,marking        ] GC(21) Concurrent Rebuild Remembered Sets
[2024-12-07T22:49:41.417+0800][2.875s][info ][gc,marking        ] GC(21) Concurrent Rebuild Remembered Sets 0.290ms
[2024-12-07T22:49:41.417+0800][2.876s][info ][gc,start          ] GC(21) Pause Cleanup
[2024-12-07T22:49:41.417+0800][2.876s][debug][gc,phases,start   ] GC(21) Update Remembered Set Tracking After Rebuild
[2024-12-07T22:49:41.418+0800][2.876s][debug][gc,phases         ] GC(21) Update Remembered Set Tracking After Rebuild 0.106ms
[2024-12-07T22:49:41.418+0800][2.876s][debug][gc,phases,start   ] GC(21) Finalize Concurrent Mark Cleanup
[2024-12-07T22:49:41.418+0800][2.876s][debug][gc,ergo           ] GC(21) request young-only gcs (candidate old regions not available)
[2024-12-07T22:49:41.418+0800][2.876s][debug][gc,phases         ] GC(21) Finalize Concurrent Mark Cleanup 0.276ms
[2024-12-07T22:49:41.418+0800][2.876s][info ][gc                ] GC(21) Pause Cleanup 217M->217M(504M) 0.649ms
[2024-12-07T22:49:41.418+0800][2.876s][info ][gc,cpu            ] GC(21) User=0.00s Sys=0.00s Real=0.00s
[2024-12-07T22:49:41.418+0800][2.876s][info ][gc,marking        ] GC(21) Concurrent Cleanup for Next Mark
[2024-12-07T22:49:41.418+0800][2.877s][debug][gc,ergo           ] GC(21) Running G1 Clear Bitmap with 5 workers for 8 work units.
[2024-12-07T22:49:41.418+0800][2.877s][info ][gc,marking        ] GC(21) Concurrent Cleanup for Next Mark 0.317ms
[2024-12-07T22:49:41.419+0800][2.877s][info ][gc                ] GC(21) Concurrent Cycle 21.864ms
[2024-12-07T22:49:41.499+0800][2.957s][debug][gc,ergo,ihop      ] Request concurrent cycle initiation (occupancy higher than threshold) occupancy: 236978176B allocation request: 1048592B threshold: 236873318B (44.82) source: concurrent humongous allocation
[2024-12-07T22:49:41.500+0800][2.958s][debug][gc,ergo           ] Request concurrent cycle initiation (requested by GC cause). GC cause: G1 Humongous Allocation
[2024-12-07T22:49:41.500+0800][2.959s][debug][gc,heap           ] GC(22) Heap before GC invocations=22 (full 0): garbage-first heap   total 516096K, used 230648K [0x00000000e0000000, 0x0000000100000000)
[2024-12-07T22:49:41.501+0800][2.959s][debug][gc,heap           ] GC(22)   region size 1024K, 2 young (2048K), 1 survivors (1024K)
[2024-12-07T22:49:41.501+0800][2.959s][debug][gc,heap           ] GC(22)  Metaspace       used 649K, capacity 4574K, committed 4864K, reserved 1056768K
[2024-12-07T22:49:41.501+0800][2.959s][debug][gc,heap           ] GC(22)   class space    used 52K, capacity 418K, committed 512K, reserved 1048576K
[2024-12-07T22:49:41.501+0800][2.960s][debug][gc,ergo           ] GC(22) Initiate concurrent cycle (concurrent cycle initiation requested)
[2024-12-07T22:49:41.502+0800][2.960s][info ][gc,start          ] GC(22) Pause Young (Concurrent Start) (G1 Humongous Allocation)
[2024-12-07T22:49:41.502+0800][2.960s][info ][gc,task           ] GC(22) Using 12 workers of 18 for evacuation
[2024-12-07T22:49:41.502+0800][2.960s][debug][gc,tlab           ] GC(22) TLAB totals: thrds: 1  refills: 1 max: 1 slow allocs: 12 max 12 waste: 99.5% gc: 500632B max: 500632B slow: 0B max: 0B fast: 0B max: 0B
[2024-12-07T22:49:41.502+0800][2.961s][debug][gc,alloc,region   ] GC(22) Mutator Allocation stats, regions: 1, wasted size: 0B ( 0.0%)
[2024-12-07T22:49:41.503+0800][2.961s][debug][gc,age            ] GC(22) Desired survivor size 2097152 bytes, new threshold 15 (max threshold 15)
[2024-12-07T22:49:41.503+0800][2.961s][debug][gc,ergo,cset      ] GC(22) Finish choosing CSet. old: 0 regions, predicted old region time: 0.00ms, time remaining: 181.74
[2024-12-07T22:49:41.503+0800][2.961s][debug][gc,task,stats     ] GC(22) GC Termination Stats
[2024-12-07T22:49:41.503+0800][2.961s][debug][gc,task,stats     ] GC(22)      elapsed  --strong roots-- -------termination------- ------waste (KiB)------
[2024-12-07T22:49:41.503+0800][2.962s][debug][gc,task,stats     ] GC(22) thr     ms        ms      %        ms      %    attempts  total   alloc    undo
[2024-12-07T22:49:41.503+0800][2.962s][debug][gc,task,stats     ] GC(22) --- --------- --------- ------ --------- ------ -------- ------- ------- -------
[2024-12-07T22:49:41.506+0800][2.964s][debug][gc,task,stats     ] GC(22)   0      2.32      2.30  99.46      0.00   0.03        1       0       0       0
[2024-12-07T22:49:41.507+0800][2.965s][debug][gc,task,stats     ] GC(22)   3      3.14      1.56  49.61      1.06  33.66       11       0       0       0
[2024-12-07T22:49:41.508+0800][2.967s][debug][gc,task,stats     ] GC(22)   9      4.33      0.87  20.20      1.21  27.90       41       0       0       0
[2024-12-07T22:49:41.509+0800][2.967s][debug][gc,task,stats     ] GC(22)   5      4.87      1.45  29.75      1.09  22.41       18       0       0       0
[2024-12-07T22:49:41.509+0800][2.967s][debug][gc,task,stats     ] GC(22)   8      5.23      0.76  14.56      1.26  24.06       26       0       0       0
[2024-12-07T22:49:41.509+0800][2.968s][debug][gc,task,stats     ] GC(22)   4      5.70      0.81  14.12      1.14  19.94       37       0       0       0
[2024-12-07T22:49:41.510+0800][2.968s][debug][gc,task,stats     ] GC(22)   2      6.02      1.71  28.37      0.72  11.97       13       0       0       0
[2024-12-07T22:49:41.510+0800][2.968s][debug][gc,task,stats     ] GC(22)  11      5.99      1.61  26.89      0.54   8.97        1       0       0       0
[2024-12-07T22:49:41.510+0800][2.969s][debug][gc,task,stats     ] GC(22)   1      6.55      1.01  15.44      0.85  13.04       44       0       0       0
[2024-12-07T22:49:41.510+0800][2.969s][debug][gc,task,stats     ] GC(22)   7      6.62      0.81  12.30      0.85  12.88       37       0       0       0
[2024-12-07T22:49:41.511+0800][2.969s][debug][gc,task,stats     ] GC(22)  10      6.78      1.01  14.90      0.79  11.59       30       0       0       0
[2024-12-07T22:49:41.511+0800][2.969s][debug][gc,task,stats     ] GC(22)   6      7.22      1.11  15.40      0.73  10.18       49       0       0       0
[2024-12-07T22:49:41.511+0800][2.969s][debug][gc,ergo           ] GC(22) Running G1 Clear Card Table Task using 1 workers for 1 units of work for 3 regions.
[2024-12-07T22:49:41.511+0800][2.970s][debug][gc,ref            ] GC(22) Skipped phase1 of Reference Processing due to unavailable references
[2024-12-07T22:49:41.512+0800][2.970s][debug][gc,ref            ] GC(22) Skipped phase3 of Reference Processing due to unavailable references
[2024-12-07T22:49:41.512+0800][2.970s][debug][gc,ergo           ] GC(22) Running G1 Free Collection Set using 1 workers for collection set length 2
[2024-12-07T22:49:41.512+0800][2.970s][debug][gc,humongous      ] GC(22) Live humongous region 0 object size 1048592 start 0x00000000e0000000  with remset 0 code roots 0 is marked 0 reclaim candidate 0 type array 1
[2024-12-07T22:49:41.512+0800][2.971s][debug][gc,humongous      ] GC(22) Live humongous region 2 object size 1048592 start 0x00000000e0200000  with remset 0 code roots 0 is marked 0 reclaim candidate 0 type array 1
[2024-12-07T22:49:41.512+0800][2.971s][debug][gc,humongous      ] GC(22) Live humongous region 4 object size 1048592 start 0x00000000e0400000  with remset 0 code roots 0 is marked 0 reclaim candidate 0 type array 1
[2024-12-07T22:49:41.513+0800][2.971s][debug][gc,humongous      ] GC(22) Live humongous region 6 object size 1048592 start 0x00000000e0600000  with remset 0 code roots 0 is marked 0 reclaim candidate 0 type array 1
[2024-12-07T22:49:41.513+0800][2.971s][debug][gc,humongous      ] GC(22) Live humongous region 8 object size 1048592 start 0x00000000e0800000  with remset 0 code roots 0 is marked 0 reclaim candidate 0 type array 1
[2024-12-07T22:49:41.513+0800][2.971s][debug][gc,humongous      ] GC(22) Live humongous region 10 object size 1048592 start 0x00000000e0a00000  with remset 0 code roots 0 is marked 0 reclaim candidate 0 type array 1
[2024-12-07T22:49:41.513+0800][2.971s][debug][gc,humongous      ] GC(22) Live humongous region 12 object size 1048592 start 0x00000000e0c00000  with remset 0 code roots 0 is marked 0 reclaim candidate 0 type array 1
[2024-12-07T22:49:41.513+0800][2.972s][debug][gc,humongous      ] GC(22) Live humongous region 14 object size 1048592 start 0x00000000e0e00000  with remset 0 code roots 0 is marked 0 reclaim candidate 0 type array 1
[2024-12-07T22:49:41.513+0800][2.972s][debug][gc,humongous      ] GC(22) Live humongous region 16 object size 1048592 start 0x00000000e1000000  with remset 0 code roots 0 is marked 0 reclaim candidate 0 type array 1
[2024-12-07T22:49:41.514+0800][2.972s][debug][gc,humongous      ] GC(22) Live humongous region 18 object size 1048592 start 0x00000000e1200000  with remset 0 code roots 0 is marked 0 reclaim candidate 0 type array 1
[2024-12-07T22:49:41.514+0800][2.972s][debug][gc,humongous      ] GC(22) Live humongous region 20 object size 1048592 start 0x00000000e1400000  with remset 0 code roots 0 is marked 0 reclaim candidate 0 type array 1
[2024-12-07T22:49:41.514+0800][2.972s][debug][gc,humongous      ] GC(22) Live humongous region 22 object size 1048592 start 0x00000000e1600000  with remset 0 code roots 0 is marked 0 reclaim candidate 0 type array 1
[2024-12-07T22:49:41.514+0800][2.972s][debug][gc,humongous      ] GC(22) Live humongous region 24 object size 1048592 start 0x00000000e1800000  with remset 0 code roots 0 is marked 0 reclaim candidate 0 type array 1
[2024-12-07T22:49:41.514+0800][2.973s][debug][gc,humongous      ] GC(22) Live humongous region 26 object size 1048592 start 0x00000000e1a00000  with remset 0 code roots 0 is marked 0 reclaim candidate 0 type array 1
[2024-12-07T22:49:41.514+0800][2.973s][debug][gc,humongous      ] GC(22) Live humongous region 28 object size 1048592 start 0x00000000e1c00000  with remset 0 code roots 0 is marked 0 reclaim candidate 0 type array 1
[2024-12-07T22:49:41.515+0800][2.973s][debug][gc,humongous      ] GC(22) Live humongous region 30 object size 1048592 start 0x00000000e1e00000  with remset 0 code roots 0 is marked 0 reclaim candidate 0 type array 1
[2024-12-07T22:49:41.515+0800][2.973s][debug][gc,humongous      ] GC(22) Live humongous region 32 object size 1048592 start 0x00000000e2000000  with remset 0 code roots 0 is marked 0 reclaim candidate 0 type array 1
[2024-12-07T22:49:41.515+0800][2.973s][debug][gc,humongous      ] GC(22) Live humongous region 34 object size 1048592 start 0x00000000e2200000  with remset 0 code roots 0 is marked 0 reclaim candidate 0 type array 1
[2024-12-07T22:49:41.515+0800][2.973s][debug][gc,humongous      ] GC(22) Live humongous region 36 object size 1048592 start 0x00000000e2400000  with remset 0 code roots 0 is marked 0 reclaim candidate 0 type array 1
[2024-12-07T22:49:41.515+0800][2.974s][debug][gc,humongous      ] GC(22) Live humongous region 38 object size 1048592 start 0x00000000e2600000  with remset 0 code roots 0 is marked 0 reclaim candidate 0 type array 1
[2024-12-07T22:49:41.515+0800][2.974s][debug][gc,humongous      ] GC(22) Dead humongous region 40 object size 1048592 start 0x00000000e2800000 with remset 0 code roots 0 is marked 0 reclaim candidate 1 type array 1
[2024-12-07T22:49:41.515+0800][2.974s][debug][gc,humongous      ] GC(22) Dead humongous region 42 object size 1048592 start 0x00000000e2a00000 with remset 0 code roots 0 is marked 0 reclaim candidate 1 type array 1
[2024-12-07T22:49:41.516+0800][2.974s][debug][gc,humongous      ] GC(22) Dead humongous region 44 object size 1048592 start 0x00000000e2c00000 with remset 0 code roots 0 is marked 0 reclaim candidate 1 type array 1
[2024-12-07T22:49:41.516+0800][2.974s][debug][gc,humongous      ] GC(22) Dead humongous region 46 object size 1048592 start 0x00000000e2e00000 with remset 0 code roots 0 is marked 0 reclaim candidate 1 type array 1
[2024-12-07T22:49:41.516+0800][2.974s][debug][gc,humongous      ] GC(22) Dead humongous region 48 object size 1048592 start 0x00000000e3000000 with remset 0 code roots 0 is marked 0 reclaim candidate 1 type array 1
[2024-12-07T22:49:41.516+0800][2.974s][debug][gc,humongous      ] GC(22) Dead humongous region 50 object size 1048592 start 0x00000000e3200000 with remset 0 code roots 0 is marked 0 reclaim candidate 1 type array 1
[2024-12-07T22:49:41.516+0800][2.975s][debug][gc,humongous      ] GC(22) Dead humongous region 52 object size 1048592 start 0x00000000e3400000 with remset 0 code roots 0 is marked 0 reclaim candidate 1 type array 1
[2024-12-07T22:49:41.516+0800][2.975s][debug][gc,humongous      ] GC(22) Dead humongous region 54 object size 1048592 start 0x00000000e3600000 with remset 0 code roots 0 is marked 0 reclaim candidate 1 type array 1
[2024-12-07T22:49:41.517+0800][2.975s][debug][gc,humongous      ] GC(22) Dead humongous region 56 object size 1048592 start 0x00000000e3800000 with remset 0 code roots 0 is marked 0 reclaim candidate 1 type array 1
[2024-12-07T22:49:41.517+0800][2.975s][debug][gc,humongous      ] GC(22) Dead humongous region 58 object size 1048592 start 0x00000000e3a00000 with remset 0 code roots 0 is marked 0 reclaim candidate 1 type array 1
[2024-12-07T22:49:41.517+0800][2.975s][debug][gc,humongous      ] GC(22) Dead humongous region 60 object size 1048592 start 0x00000000e3c00000 with remset 0 code roots 0 is marked 0 reclaim candidate 1 type array 1
[2024-12-07T22:49:41.517+0800][2.975s][debug][gc,humongous      ] GC(22) Dead humongous region 62 object size 1048592 start 0x00000000e3e00000 with remset 0 code roots 0 is marked 0 reclaim candidate 1 type array 1
[2024-12-07T22:49:41.517+0800][2.976s][debug][gc,humongous      ] GC(22) Live humongous region 64 object size 1048592 start 0x00000000e4000000  with remset 0 code roots 0 is marked 0 reclaim candidate 0 type array 1
[2024-12-07T22:49:41.517+0800][2.976s][debug][gc,humongous      ] GC(22) Live humongous region 66 object size 1048592 start 0x00000000e4200000  with remset 0 code roots 0 is marked 0 reclaim candidate 0 type array 1
[2024-12-07T22:49:41.518+0800][2.976s][debug][gc,humongous      ] GC(22) Live humongous region 68 object size 1048592 start 0x00000000e4400000  with remset 0 code roots 0 is marked 0 reclaim candidate 0 type array 1
[2024-12-07T22:49:41.518+0800][2.976s][debug][gc,humongous      ] GC(22) Live humongous region 70 object size 1048592 start 0x00000000e4600000  with remset 0 code roots 0 is marked 0 reclaim candidate 0 type array 1
[2024-12-07T22:49:41.518+0800][2.976s][debug][gc,humongous      ] GC(22) Live humongous region 72 object size 1048592 start 0x00000000e4800000  with remset 0 code roots 0 is marked 0 reclaim candidate 0 type array 1
[2024-12-07T22:49:41.518+0800][2.976s][debug][gc,humongous      ] GC(22) Live humongous region 74 object size 1048592 start 0x00000000e4a00000  with remset 0 code roots 0 is marked 0 reclaim candidate 0 type array 1
[2024-12-07T22:49:41.518+0800][2.976s][debug][gc,humongous      ] GC(22) Live humongous region 76 object size 1048592 start 0x00000000e4c00000  with remset 0 code roots 0 is marked 0 reclaim candidate 0 type array 1
[2024-12-07T22:49:41.518+0800][2.977s][debug][gc,humongous      ] GC(22) Live humongous region 78 object size 1048592 start 0x00000000e4e00000  with remset 0 code roots 0 is marked 0 reclaim candidate 0 type array 1
[2024-12-07T22:49:41.518+0800][2.977s][debug][gc,humongous      ] GC(22) Live humongous region 80 object size 1048592 start 0x00000000e5000000  with remset 0 code roots 0 is marked 0 reclaim candidate 0 type array 1
[2024-12-07T22:49:41.519+0800][2.977s][debug][gc,humongous      ] GC(22) Live humongous region 82 object size 1048592 start 0x00000000e5200000  with remset 0 code roots 0 is marked 0 reclaim candidate 0 type array 1
[2024-12-07T22:49:41.519+0800][2.977s][debug][gc,humongous      ] GC(22) Live humongous region 84 object size 1048592 start 0x00000000e5400000  with remset 0 code roots 0 is marked 0 reclaim candidate 0 type array 1
[2024-12-07T22:49:41.519+0800][2.977s][debug][gc,humongous      ] GC(22) Live humongous region 86 object size 1048592 start 0x00000000e5600000  with remset 0 code roots 0 is marked 0 reclaim candidate 0 type array 1
[2024-12-07T22:49:41.519+0800][2.977s][debug][gc,humongous      ] GC(22) Live humongous region 88 object size 1048592 start 0x00000000e5800000  with remset 0 code roots 0 is marked 0 reclaim candidate 0 type array 1
[2024-12-07T22:49:41.519+0800][2.978s][debug][gc,humongous      ] GC(22) Live humongous region 90 object size 1048592 start 0x00000000e5a00000  with remset 0 code roots 0 is marked 0 reclaim candidate 0 type array 1
[2024-12-07T22:49:41.519+0800][2.978s][debug][gc,humongous      ] GC(22) Live humongous region 92 object size 1048592 start 0x00000000e5c00000  with remset 0 code roots 0 is marked 0 reclaim candidate 0 type array 1
[2024-12-07T22:49:41.520+0800][2.978s][debug][gc,humongous      ] GC(22) Live humongous region 94 object size 1048592 start 0x00000000e5e00000  with remset 0 code roots 0 is marked 0 reclaim candidate 0 type array 1
[2024-12-07T22:49:41.520+0800][2.978s][debug][gc,humongous      ] GC(22) Live humongous region 96 object size 1048592 start 0x00000000e6000000  with remset 0 code roots 0 is marked 0 reclaim candidate 0 type array 1
[2024-12-07T22:49:41.520+0800][2.978s][debug][gc,humongous      ] GC(22) Live humongous region 98 object size 1048592 start 0x00000000e6200000  with remset 0 code roots 0 is marked 0 reclaim candidate 0 type array 1
[2024-12-07T22:49:41.520+0800][2.978s][debug][gc,humongous      ] GC(22) Live humongous region 100 object size 1048592 start 0x00000000e6400000  with remset 0 code roots 0 is marked 0 reclaim candidate 0 type array 1
[2024-12-07T22:49:41.520+0800][2.979s][debug][gc,humongous      ] GC(22) Live humongous region 102 object size 1048592 start 0x00000000e6600000  with remset 0 code roots 0 is marked 0 reclaim candidate 0 type array 1
[2024-12-07T22:49:41.520+0800][2.979s][debug][gc,humongous      ] GC(22) Live humongous region 104 object size 1048592 start 0x00000000e6800000  with remset 0 code roots 0 is marked 0 reclaim candidate 0 type array 1
[2024-12-07T22:49:41.520+0800][2.979s][debug][gc,humongous      ] GC(22) Live humongous region 106 object size 1048592 start 0x00000000e6a00000  with remset 0 code roots 0 is marked 0 reclaim candidate 0 type array 1
[2024-12-07T22:49:41.521+0800][2.979s][debug][gc,humongous      ] GC(22) Live humongous region 108 object size 1048592 start 0x00000000e6c00000  with remset 0 code roots 0 is marked 0 reclaim candidate 0 type array 1
[2024-12-07T22:49:41.521+0800][2.979s][debug][gc,humongous      ] GC(22) Live humongous region 110 object size 1048592 start 0x00000000e6e00000  with remset 0 code roots 0 is marked 0 reclaim candidate 0 type array 1
[2024-12-07T22:49:41.521+0800][2.979s][debug][gc,humongous      ] GC(22) Live humongous region 112 object size 1048592 start 0x00000000e7000000  with remset 0 code roots 0 is marked 0 reclaim candidate 0 type array 1
[2024-12-07T22:49:41.521+0800][2.979s][debug][gc,humongous      ] GC(22) Live humongous region 114 object size 1048592 start 0x00000000e7200000  with remset 0 code roots 0 is marked 0 reclaim candidate 0 type array 1
[2024-12-07T22:49:41.521+0800][2.980s][debug][gc,humongous      ] GC(22) Live humongous region 116 object size 1048592 start 0x00000000e7400000  with remset 0 code roots 0 is marked 0 reclaim candidate 0 type array 1
[2024-12-07T22:49:41.521+0800][2.980s][debug][gc,humongous      ] GC(22) Live humongous region 118 object size 1048592 start 0x00000000e7600000  with remset 0 code roots 0 is marked 0 reclaim candidate 0 type array 1
[2024-12-07T22:49:41.522+0800][2.980s][debug][gc,humongous      ] GC(22) Live humongous region 120 object size 1048592 start 0x00000000e7800000  with remset 0 code roots 0 is marked 0 reclaim candidate 0 type array 1
[2024-12-07T22:49:41.522+0800][2.980s][debug][gc,humongous      ] GC(22) Live humongous region 122 object size 1048592 start 0x00000000e7a00000  with remset 0 code roots 0 is marked 0 reclaim candidate 0 type array 1
[2024-12-07T22:49:41.522+0800][2.980s][debug][gc,humongous      ] GC(22) Live humongous region 124 object size 1048592 start 0x00000000e7c00000  with remset 0 code roots 0 is marked 0 reclaim candidate 0 type array 1
[2024-12-07T22:49:41.522+0800][2.980s][debug][gc,humongous      ] GC(22) Live humongous region 126 object size 1048592 start 0x00000000e7e00000  with remset 0 code roots 0 is marked 0 reclaim candidate 0 type array 1
[2024-12-07T22:49:41.522+0800][2.980s][debug][gc,humongous      ] GC(22) Live humongous region 128 object size 1048592 start 0x00000000e8000000  with remset 0 code roots 0 is marked 0 reclaim candidate 0 type array 1
[2024-12-07T22:49:41.522+0800][2.981s][debug][gc,humongous      ] GC(22) Live humongous region 130 object size 1048592 start 0x00000000e8200000  with remset 0 code roots 0 is marked 0 reclaim candidate 0 type array 1
[2024-12-07T22:49:41.523+0800][2.981s][debug][gc,humongous      ] GC(22) Live humongous region 132 object size 1048592 start 0x00000000e8400000  with remset 0 code roots 0 is marked 0 reclaim candidate 0 type array 1
[2024-12-07T22:49:41.523+0800][2.981s][debug][gc,humongous      ] GC(22) Live humongous region 134 object size 1048592 start 0x00000000e8600000  with remset 0 code roots 0 is marked 0 reclaim candidate 0 type array 1
[2024-12-07T22:49:41.523+0800][2.981s][debug][gc,humongous      ] GC(22) Live humongous region 136 object size 1048592 start 0x00000000e8800000  with remset 0 code roots 0 is marked 0 reclaim candidate 0 type array 1
[2024-12-07T22:49:41.523+0800][2.981s][debug][gc,humongous      ] GC(22) Live humongous region 138 object size 1048592 start 0x00000000e8a00000  with remset 0 code roots 0 is marked 0 reclaim candidate 0 type array 1
[2024-12-07T22:49:41.523+0800][2.981s][debug][gc,humongous      ] GC(22) Live humongous region 140 object size 1048592 start 0x00000000e8c00000  with remset 0 code roots 0 is marked 0 reclaim candidate 0 type array 1
[2024-12-07T22:49:41.523+0800][2.982s][debug][gc,humongous      ] GC(22) Live humongous region 142 object size 1048592 start 0x00000000e8e00000  with remset 0 code roots 0 is marked 0 reclaim candidate 0 type array 1
[2024-12-07T22:49:41.523+0800][2.982s][debug][gc,humongous      ] GC(22) Live humongous region 144 object size 1048592 start 0x00000000e9000000  with remset 0 code roots 0 is marked 0 reclaim candidate 0 type array 1
[2024-12-07T22:49:41.524+0800][2.982s][debug][gc,humongous      ] GC(22) Live humongous region 146 object size 1048592 start 0x00000000e9200000  with remset 0 code roots 0 is marked 0 reclaim candidate 0 type array 1
[2024-12-07T22:49:41.524+0800][2.982s][debug][gc,humongous      ] GC(22) Live humongous region 148 object size 1048592 start 0x00000000e9400000  with remset 0 code roots 0 is marked 0 reclaim candidate 0 type array 1
[2024-12-07T22:49:41.524+0800][2.982s][debug][gc,humongous      ] GC(22) Live humongous region 150 object size 1048592 start 0x00000000e9600000  with remset 0 code roots 0 is marked 0 reclaim candidate 0 type array 1
[2024-12-07T22:49:41.524+0800][2.982s][debug][gc,humongous      ] GC(22) Live humongous region 152 object size 1048592 start 0x00000000e9800000  with remset 0 code roots 0 is marked 0 reclaim candidate 0 type array 1
[2024-12-07T22:49:41.524+0800][2.982s][debug][gc,humongous      ] GC(22) Live humongous region 154 object size 1048592 start 0x00000000e9a00000  with remset 0 code roots 0 is marked 0 reclaim candidate 0 type array 1
[2024-12-07T22:49:41.524+0800][2.983s][debug][gc,humongous      ] GC(22) Live humongous region 156 object size 1048592 start 0x00000000e9c00000  with remset 0 code roots 0 is marked 0 reclaim candidate 0 type array 1
[2024-12-07T22:49:41.524+0800][2.983s][debug][gc,humongous      ] GC(22) Live humongous region 158 object size 1048592 start 0x00000000e9e00000  with remset 0 code roots 0 is marked 0 reclaim candidate 0 type array 1
[2024-12-07T22:49:41.525+0800][2.983s][debug][gc,humongous      ] GC(22) Live humongous region 160 object size 1048592 start 0x00000000ea000000  with remset 0 code roots 0 is marked 0 reclaim candidate 0 type array 1
[2024-12-07T22:49:41.525+0800][2.983s][debug][gc,humongous      ] GC(22) Live humongous region 162 object size 1048592 start 0x00000000ea200000  with remset 0 code roots 0 is marked 0 reclaim candidate 0 type array 1
[2024-12-07T22:49:41.525+0800][2.983s][debug][gc,humongous      ] GC(22) Live humongous region 164 object size 1048592 start 0x00000000ea400000  with remset 0 code roots 0 is marked 0 reclaim candidate 0 type array 1
[2024-12-07T22:49:41.525+0800][2.983s][debug][gc,humongous      ] GC(22) Live humongous region 166 object size 1048592 start 0x00000000ea600000  with remset 0 code roots 0 is marked 0 reclaim candidate 0 type array 1
[2024-12-07T22:49:41.525+0800][2.983s][debug][gc,humongous      ] GC(22) Live humongous region 168 object size 1048592 start 0x00000000ea800000  with remset 0 code roots 0 is marked 0 reclaim candidate 0 type array 1
[2024-12-07T22:49:41.525+0800][2.984s][debug][gc,humongous      ] GC(22) Live humongous region 170 object size 1048592 start 0x00000000eaa00000  with remset 0 code roots 0 is marked 0 reclaim candidate 0 type array 1
[2024-12-07T22:49:41.525+0800][2.984s][debug][gc,humongous      ] GC(22) Live humongous region 172 object size 1048592 start 0x00000000eac00000  with remset 0 code roots 0 is marked 0 reclaim candidate 0 type array 1
[2024-12-07T22:49:41.525+0800][2.984s][debug][gc,humongous      ] GC(22) Live humongous region 174 object size 1048592 start 0x00000000eae00000  with remset 0 code roots 0 is marked 0 reclaim candidate 0 type array 1
[2024-12-07T22:49:41.526+0800][2.984s][debug][gc,humongous      ] GC(22) Live humongous region 176 object size 1048592 start 0x00000000eb000000  with remset 0 code roots 0 is marked 0 reclaim candidate 0 type array 1
[2024-12-07T22:49:41.526+0800][2.984s][debug][gc,humongous      ] GC(22) Live humongous region 178 object size 1048592 start 0x00000000eb200000  with remset 0 code roots 0 is marked 0 reclaim candidate 0 type array 1
[2024-12-07T22:49:41.526+0800][2.984s][debug][gc,humongous      ] GC(22) Live humongous region 180 object size 1048592 start 0x00000000eb400000  with remset 0 code roots 0 is marked 0 reclaim candidate 0 type array 1
[2024-12-07T22:49:41.526+0800][2.984s][debug][gc,humongous      ] GC(22) Live humongous region 182 object size 1048592 start 0x00000000eb600000  with remset 0 code roots 0 is marked 0 reclaim candidate 0 type array 1
[2024-12-07T22:49:41.526+0800][2.984s][debug][gc,humongous      ] GC(22) Live humongous region 184 object size 1048592 start 0x00000000eb800000  with remset 0 code roots 0 is marked 0 reclaim candidate 0 type array 1
[2024-12-07T22:49:41.526+0800][2.984s][debug][gc,humongous      ] GC(22) Live humongous region 186 object size 1048592 start 0x00000000eba00000  with remset 0 code roots 0 is marked 0 reclaim candidate 0 type array 1
[2024-12-07T22:49:41.526+0800][2.985s][debug][gc,humongous      ] GC(22) Live humongous region 188 object size 1048592 start 0x00000000ebc00000  with remset 0 code roots 0 is marked 0 reclaim candidate 0 type array 1
[2024-12-07T22:49:41.526+0800][2.985s][debug][gc,humongous      ] GC(22) Live humongous region 190 object size 1048592 start 0x00000000ebe00000  with remset 0 code roots 0 is marked 0 reclaim candidate 0 type array 1
[2024-12-07T22:49:41.527+0800][2.985s][debug][gc,humongous      ] GC(22) Live humongous region 192 object size 1048592 start 0x00000000ec000000  with remset 0 code roots 0 is marked 0 reclaim candidate 0 type array 1
[2024-12-07T22:49:41.527+0800][2.985s][debug][gc,humongous      ] GC(22) Live humongous region 194 object size 1048592 start 0x00000000ec200000  with remset 0 code roots 0 is marked 0 reclaim candidate 0 type array 1
[2024-12-07T22:49:41.527+0800][2.985s][debug][gc,humongous      ] GC(22) Live humongous region 196 object size 1048592 start 0x00000000ec400000  with remset 0 code roots 0 is marked 0 reclaim candidate 0 type array 1
[2024-12-07T22:49:41.527+0800][2.985s][debug][gc,humongous      ] GC(22) Live humongous region 198 object size 1048592 start 0x00000000ec600000  with remset 0 code roots 0 is marked 0 reclaim candidate 0 type array 1
[2024-12-07T22:49:41.527+0800][2.985s][debug][gc,humongous      ] GC(22) Live humongous region 200 object size 1048592 start 0x00000000ec800000  with remset 0 code roots 0 is marked 0 reclaim candidate 0 type array 1
[2024-12-07T22:49:41.527+0800][2.985s][debug][gc,humongous      ] GC(22) Live humongous region 202 object size 1048592 start 0x00000000eca00000  with remset 0 code roots 0 is marked 0 reclaim candidate 0 type array 1
[2024-12-07T22:49:41.527+0800][2.986s][debug][gc,humongous      ] GC(22) Live humongous region 204 object size 1048592 start 0x00000000ecc00000  with remset 0 code roots 0 is marked 0 reclaim candidate 0 type array 1
[2024-12-07T22:49:41.527+0800][2.986s][debug][gc,humongous      ] GC(22) Live humongous region 206 object size 1048592 start 0x00000000ece00000  with remset 0 code roots 0 is marked 0 reclaim candidate 0 type array 1
[2024-12-07T22:49:41.527+0800][2.986s][debug][gc,humongous      ] GC(22) Live humongous region 208 object size 1048592 start 0x00000000ed000000  with remset 0 code roots 0 is marked 0 reclaim candidate 0 type array 1
[2024-12-07T22:49:41.528+0800][2.986s][debug][gc,humongous      ] GC(22) Live humongous region 210 object size 1048592 start 0x00000000ed200000  with remset 0 code roots 0 is marked 0 reclaim candidate 0 type array 1
[2024-12-07T22:49:41.528+0800][2.986s][debug][gc,humongous      ] GC(22) Live humongous region 212 object size 1048592 start 0x00000000ed400000  with remset 0 code roots 0 is marked 0 reclaim candidate 0 type array 1
[2024-12-07T22:49:41.528+0800][2.986s][debug][gc,humongous      ] GC(22) Live humongous region 214 object size 1048592 start 0x00000000ed600000  with remset 0 code roots 0 is marked 0 reclaim candidate 0 type array 1
[2024-12-07T22:49:41.528+0800][2.986s][debug][gc,humongous      ] GC(22) Live humongous region 216 object size 1048592 start 0x00000000ed800000  with remset 0 code roots 0 is marked 0 reclaim candidate 0 type array 1
[2024-12-07T22:49:41.528+0800][2.986s][debug][gc,humongous      ] GC(22) Live humongous region 218 object size 1048592 start 0x00000000eda00000  with remset 0 code roots 0 is marked 0 reclaim candidate 0 type array 1
[2024-12-07T22:49:41.528+0800][2.986s][debug][gc,humongous      ] GC(22) Live humongous region 220 object size 1048592 start 0x00000000edc00000  with remset 0 code roots 0 is marked 0 reclaim candidate 0 type array 1
[2024-12-07T22:49:41.528+0800][2.987s][debug][gc,humongous      ] GC(22) Live humongous region 222 object size 1048592 start 0x00000000ede00000  with remset 0 code roots 0 is marked 0 reclaim candidate 0 type array 1
[2024-12-07T22:49:41.528+0800][2.987s][debug][gc,plab           ] GC(22) Young PLAB allocation: allocated: 526352B, wasted: 3080B, unused: 41744B, used: 481528B, undo waste: 0B, 
[2024-12-07T22:49:41.529+0800][2.987s][debug][gc,plab           ] GC(22) Young other allocation: region end waste: 0B, regions filled: 1, direct allocated: 66672B, failure used: 0B, failure wasted: 0B
[2024-12-07T22:49:41.529+0800][2.987s][debug][gc,plab           ] GC(22) Young sizing: calculated: 96304B, actual: 95816B
[2024-12-07T22:49:41.529+0800][2.987s][debug][gc,plab           ] GC(22) Old PLAB allocation: allocated: 0B, wasted: 0B, unused: 0B, used: 0B, undo waste: 0B, 
[2024-12-07T22:49:41.529+0800][2.987s][debug][gc,plab           ] GC(22) Old other allocation: region end waste: 0B, regions filled: 0, direct allocated: 0B, failure used: 0B, failure wasted: 0B
[2024-12-07T22:49:41.529+0800][2.987s][debug][gc,plab           ] GC(22) Old sizing: calculated: 0B, actual: 2064B
[2024-12-07T22:49:41.529+0800][2.987s][debug][gc,alloc,stats    ] Old generation allocation in the last mutator period, old gen allocated: 0B, humongous allocated: 25165824B,old gen growth: 0B.
[2024-12-07T22:49:41.529+0800][2.988s][debug][gc,ihop           ] GC(22) Basic information (value update), threshold: 236873318B (45.00), target occupancy: 526385152B, current occupancy: 211045504B, recent allocation size: 25165824B, recent allocation duration: 97.59ms, recent old gen allocation rate: 257875127.09B/s, recent marking phase length: 0.00ms
[2024-12-07T22:49:41.529+0800][2.988s][debug][gc,ihop           ] GC(22) Adaptive IHOP information (value update), threshold: 236873318B (51.91), internal target occupancy: 456340275B, occupancy: 211045504B, additional buffer size: 26214400B, predicted old gen allocation rate: 133561101.27B/s, predicted marking phase length: 0.00ms, prediction active: false
[2024-12-07T22:49:41.529+0800][2.988s][debug][gc,ergo,refine    ] GC(22) Updated Refinement Zones: green: 18, yellow: 54, red: 90
[2024-12-07T22:49:41.530+0800][2.988s][info ][gc,phases         ] GC(22)   Pre Evacuate Collection Set: 0.2ms
[2024-12-07T22:49:41.530+0800][2.988s][debug][gc,phases         ] GC(22)     Prepare TLABs: 0.3ms
[2024-12-07T22:49:41.530+0800][2.988s][debug][gc,phases         ] GC(22)     Choose Collection Set: 0.2ms
[2024-12-07T22:49:41.530+0800][2.988s][debug][gc,phases         ] GC(22)     Humongous Register: 0.0ms
[2024-12-07T22:49:41.530+0800][2.988s][debug][gc,phases         ] GC(22)     Clear Claimed Marks: 0.0ms
[2024-12-07T22:49:41.530+0800][2.989s][info ][gc,phases         ] GC(22)   Evacuate Collection Set: 8.2ms
[2024-12-07T22:49:41.530+0800][2.989s][debug][gc,phases         ] GC(22)     Ext Root Scanning (ms):   Min:  0.1, Avg:  0.7, Max:  2.0, Diff:  1.9, Sum:  8.6, Workers: 12
[2024-12-07T22:49:41.530+0800][2.989s][debug][gc,phases         ] GC(22)     Update RS (ms):           Min:  0.0, Avg:  0.4, Max:  1.3, Diff:  1.3, Sum:  4.7, Workers: 12
[2024-12-07T22:49:41.531+0800][2.989s][debug][gc,phases         ] GC(22)       Processed Buffers:        Min: 0, Avg:  0.3, Max: 1, Diff: 1, Sum: 4, Workers: 12
[2024-12-07T22:49:41.531+0800][2.989s][debug][gc,phases         ] GC(22)       Scanned Cards:            Min: 0, Avg: 23.3, Max: 77, Diff: 77, Sum: 280, Workers: 12
[2024-12-07T22:49:41.531+0800][2.989s][debug][gc,phases         ] GC(22)       Skipped Cards:            Min: 0, Avg: 13.4, Max: 78, Diff: 78, Sum: 161, Workers: 12
[2024-12-07T22:49:41.531+0800][2.989s][debug][gc,phases         ] GC(22)     Scan RS (ms):             Min:  0.0, Avg:  0.1, Max:  0.6, Diff:  0.6, Sum:  0.9, Workers: 12
[2024-12-07T22:49:41.531+0800][2.989s][debug][gc,phases         ] GC(22)       Scanned Cards:            Min: 0, Avg:  2.9, Max: 27, Diff: 27, Sum: 35, Workers: 12
[2024-12-07T22:49:41.531+0800][2.989s][debug][gc,phases         ] GC(22)       Claimed Cards:            Min: 0, Avg: 23.3, Max: 152, Diff: 152, Sum: 280, Workers: 12
[2024-12-07T22:49:41.531+0800][2.990s][debug][gc,phases         ] GC(22)       Skipped Cards:            Min: 0, Avg: 46.7, Max: 280, Diff: 280, Sum: 560, Workers: 12
[2024-12-07T22:49:41.531+0800][2.990s][debug][gc,phases         ] GC(22)     Code Root Scanning (ms):  Min:  0.0, Avg:  0.0, Max:  0.1, Diff:  0.1, Sum:  0.1, Workers: 12
[2024-12-07T22:49:41.531+0800][2.990s][debug][gc,phases         ] GC(22)     AOT Root Scanning (ms):   skipped
[2024-12-07T22:49:41.532+0800][2.990s][debug][gc,phases         ] GC(22)     Object Copy (ms):         Min:  0.1, Avg:  0.3, Max:  0.6, Diff:  0.6, Sum:  4.1, Workers: 12
[2024-12-07T22:49:41.532+0800][2.990s][debug][gc,phases         ] GC(22)     Termination (ms):         Min:  0.0, Avg:  0.9, Max:  1.3, Diff:  1.3, Sum: 10.2, Workers: 12
[2024-12-07T22:49:41.532+0800][2.990s][debug][gc,phases         ] GC(22)       Termination Attempts:     Min: 1, Avg: 25.7, Max: 49, Diff: 48, Sum: 308, Workers: 12
[2024-12-07T22:49:41.532+0800][2.990s][debug][gc,phases         ] GC(22)     GC Worker Other (ms):     Min:  0.9, Avg:  3.4, Max:  5.2, Diff:  4.3, Sum: 41.1, Workers: 12
[2024-12-07T22:49:41.532+0800][2.990s][debug][gc,phases         ] GC(22)     GC Worker Total (ms):     Min:  3.2, Avg:  5.8, Max:  7.4, Diff:  4.2, Sum: 69.8, Workers: 12
[2024-12-07T22:49:41.532+0800][2.990s][info ][gc,phases         ] GC(22)   Post Evacuate Collection Set: 17.3ms
[2024-12-07T22:49:41.532+0800][2.990s][debug][gc,phases         ] GC(22)     Code Roots Fixup: 0.0ms
[2024-12-07T22:49:41.532+0800][2.991s][debug][gc,phases         ] GC(22)     Clear Card Table: 0.2ms
[2024-12-07T22:49:41.532+0800][2.991s][debug][gc,phases         ] GC(22)     Reference Processing: 0.3ms
[2024-12-07T22:49:41.532+0800][2.991s][debug][gc,phases,ref     ] GC(22)       Reconsider SoftReferences: 0.2ms
[2024-12-07T22:49:41.533+0800][2.991s][debug][gc,phases,ref     ] GC(22)         SoftRef (ms):             skipped
[2024-12-07T22:49:41.533+0800][2.991s][debug][gc,phases,ref     ] GC(22)       Notify Soft/WeakReferences: 0.0ms
[2024-12-07T22:49:41.533+0800][2.991s][debug][gc,phases,ref     ] GC(22)         SoftRef (ms):             Min:  0.0, Avg:  0.0, Max:  0.0, Diff:  0.0, Sum:  0.0, Workers: 1
[2024-12-07T22:49:41.533+0800][2.991s][debug][gc,phases,ref     ] GC(22)         WeakRef (ms):             Min:  0.0, Avg:  0.0, Max:  0.0, Diff:  0.0, Sum:  0.0, Workers: 1
[2024-12-07T22:49:41.533+0800][2.991s][debug][gc,phases,ref     ] GC(22)         FinalRef (ms):            Min:  0.0, Avg:  0.0, Max:  0.0, Diff:  0.0, Sum:  0.0, Workers: 1
[2024-12-07T22:49:41.533+0800][2.991s][debug][gc,phases,ref     ] GC(22)         Total (ms):               Min:  0.0, Avg:  0.0, Max:  0.0, Diff:  0.0, Sum:  0.0, Workers: 1
[2024-12-07T22:49:41.533+0800][2.991s][debug][gc,phases,ref     ] GC(22)       Notify and keep alive finalizable: 0.2ms
[2024-12-07T22:49:41.533+0800][2.992s][debug][gc,phases,ref     ] GC(22)         FinalRef (ms):            skipped
[2024-12-07T22:49:41.533+0800][2.992s][debug][gc,phases,ref     ] GC(22)       Notify PhantomReferences: 0.0ms
[2024-12-07T22:49:41.533+0800][2.992s][debug][gc,phases,ref     ] GC(22)         PhantomRef (ms):          Min:  0.0, Avg:  0.0, Max:  0.0, Diff:  0.0, Sum:  0.0, Workers: 1
[2024-12-07T22:49:41.534+0800][2.992s][debug][gc,phases,ref     ] GC(22)       SoftReference:
[2024-12-07T22:49:41.534+0800][2.992s][debug][gc,phases,ref     ] GC(22)         Discovered: 0
[2024-12-07T22:49:41.534+0800][2.992s][debug][gc,phases,ref     ] GC(22)         Cleared: 0
[2024-12-07T22:49:41.534+0800][2.992s][debug][gc,phases,ref     ] GC(22)       WeakReference:
[2024-12-07T22:49:41.534+0800][2.992s][debug][gc,phases,ref     ] GC(22)         Discovered: 35
[2024-12-07T22:49:41.534+0800][2.992s][debug][gc,phases,ref     ] GC(22)         Cleared: 35
[2024-12-07T22:49:41.534+0800][2.992s][debug][gc,phases,ref     ] GC(22)       FinalReference:
[2024-12-07T22:49:41.534+0800][2.993s][debug][gc,phases,ref     ] GC(22)         Discovered: 0
[2024-12-07T22:49:41.534+0800][2.993s][debug][gc,phases,ref     ] GC(22)         Cleared: 0
[2024-12-07T22:49:41.534+0800][2.993s][debug][gc,phases,ref     ] GC(22)       PhantomReference:
[2024-12-07T22:49:41.534+0800][2.993s][debug][gc,phases,ref     ] GC(22)         Discovered: 4
[2024-12-07T22:49:41.535+0800][2.993s][debug][gc,phases,ref     ] GC(22)         Cleared: 4
[2024-12-07T22:49:41.535+0800][2.993s][debug][gc,phases         ] GC(22)     Weak Processing: 0.0ms
[2024-12-07T22:49:41.535+0800][2.993s][debug][gc,phases         ] GC(22)     Merge Per-Thread State: 0.0ms
[2024-12-07T22:49:41.535+0800][2.993s][debug][gc,phases         ] GC(22)     Code Roots Purge: 0.0ms
[2024-12-07T22:49:41.535+0800][2.993s][debug][gc,phases         ] GC(22)     Redirty Cards: 0.1ms
[2024-12-07T22:49:41.535+0800][2.993s][debug][gc,phases         ] GC(22)     DerivedPointerTable Update: 0.0ms
[2024-12-07T22:49:41.535+0800][2.993s][debug][gc,phases         ] GC(22)     Free Collection Set: 0.2ms
[2024-12-07T22:49:41.535+0800][2.994s][debug][gc,phases         ] GC(22)     Humongous Reclaim: 16.4ms
[2024-12-07T22:49:41.535+0800][2.994s][debug][gc,phases         ] GC(22)     Start New Collection Set: 0.0ms
[2024-12-07T22:49:41.535+0800][2.994s][debug][gc,phases         ] GC(22)     Resize TLABs: 0.0ms
[2024-12-07T22:49:41.535+0800][2.994s][debug][gc,phases         ] GC(22)     Expand Heap After Collection: 0.0ms
[2024-12-07T22:49:41.536+0800][2.994s][info ][gc,phases         ] GC(22)   Other: 3.7ms
[2024-12-07T22:49:41.536+0800][2.994s][info ][gc,heap           ] GC(22) Eden regions: 1->0(24)
[2024-12-07T22:49:41.536+0800][2.994s][info ][gc,heap           ] GC(22) Survivor regions: 1->1(4)
[2024-12-07T22:49:41.536+0800][2.994s][info ][gc,heap           ] GC(22) Old regions: 2->2
[2024-12-07T22:49:41.536+0800][2.994s][info ][gc,heap           ] GC(22) Humongous regions: 224->200
[2024-12-07T22:49:41.536+0800][2.994s][info ][gc,metaspace      ] GC(22) Metaspace: 649K(4864K)->649K(4864K) NonClass: 596K(4352K)->596K(4352K) Class: 52K(512K)->52K(512K)
[2024-12-07T22:49:41.536+0800][2.994s][debug][gc,heap           ] GC(22) Heap after GC invocations=23 (full 0): garbage-first heap   total 516096K, used 206099K [0x00000000e0000000, 0x0000000100000000)
[2024-12-07T22:49:41.536+0800][2.994s][debug][gc,heap           ] GC(22)   region size 1024K, 1 young (1024K), 1 survivors (1024K)
[2024-12-07T22:49:41.536+0800][2.995s][debug][gc,heap           ] GC(22)  Metaspace       used 649K, capacity 4574K, committed 4864K, reserved 1056768K
[2024-12-07T22:49:41.536+0800][2.995s][debug][gc,heap           ] GC(22)   class space    used 52K, capacity 418K, committed 512K, reserved 1048576K
[2024-12-07T22:49:41.536+0800][2.995s][info ][gc                ] GC(22) Pause Young (Concurrent Start) (G1 Humongous Allocation) 225M->201M(504M) 34.878ms
[2024-12-07T22:49:41.537+0800][2.995s][info ][gc,cpu            ] GC(22) User=0.03s Sys=0.00s Real=0.03s
[2024-12-07T22:49:41.537+0800][2.995s][info ][gc                ] GC(23) Concurrent Cycle
[2024-12-07T22:49:41.537+0800][2.995s][info ][gc,marking        ] GC(23) Concurrent Clear Claimed Marks
[2024-12-07T22:49:41.537+0800][2.995s][info ][gc,marking        ] GC(23) Concurrent Clear Claimed Marks 0.095ms
[2024-12-07T22:49:41.537+0800][2.995s][info ][gc,marking        ] GC(23) Concurrent Scan Root Regions
[2024-12-07T22:49:41.537+0800][2.995s][debug][gc,ergo           ] GC(23) Running G1 Root Region Scan using 1 workers for 1 work units.
[2024-12-07T22:49:41.538+0800][2.996s][info ][gc,marking        ] GC(23) Concurrent Scan Root Regions 0.648ms
[2024-12-07T22:49:41.538+0800][2.996s][info ][gc,marking        ] GC(23) Concurrent Mark (2.996s)
[2024-12-07T22:49:41.538+0800][2.996s][info ][gc,marking        ] GC(23) Concurrent Mark From Roots
[2024-12-07T22:49:41.538+0800][2.996s][info ][gc,task           ] GC(23) Using 5 workers of 5 for marking
[2024-12-07T22:49:41.539+0800][2.997s][debug][gc,stats          ] ---------------------------------------------------------------------
[2024-12-07T22:49:41.539+0800][2.997s][debug][gc,stats          ] Marking Stats, task = 0, calls = 27
[2024-12-07T22:49:41.539+0800][2.997s][debug][gc,stats          ]   Elapsed time = 0.48ms, Termination time = 0.00ms
[2024-12-07T22:49:41.539+0800][2.997s][debug][gc,stats          ]   Step Times (cum): num = 1048, avg = 0.01ms, sd = 0.13ms max = 3.31ms, total = 8.96ms
[2024-12-07T22:49:41.539+0800][2.997s][debug][gc,stats          ]   Mark Stats Cache: hits 4259 misses 101 ratio 97.683
[2024-12-07T22:49:41.539+0800][2.998s][debug][gc,stats          ] ---------------------------------------------------------------------
[2024-12-07T22:49:41.539+0800][2.998s][debug][gc,stats          ] Marking Stats, task = 1, calls = 29
[2024-12-07T22:49:41.539+0800][2.998s][debug][gc,stats          ]   Elapsed time = 0.47ms, Termination time = 0.00ms
[2024-12-07T22:49:41.540+0800][2.998s][debug][gc,stats          ]   Step Times (cum): num = 301, avg = 0.03ms, sd = 0.23ms max = 3.28ms, total = 8.44ms
[2024-12-07T22:49:41.540+0800][2.998s][debug][gc,stats          ]   Mark Stats Cache: hits 2650 misses 2 ratio 99.925
[2024-12-07T22:49:41.540+0800][2.998s][debug][gc,stats          ] ---------------------------------------------------------------------
[2024-12-07T22:49:41.540+0800][2.998s][debug][gc,stats          ] Marking Stats, task = 2, calls = 1
[2024-12-07T22:49:41.540+0800][2.998s][debug][gc,stats          ]   Elapsed time = 0.46ms, Termination time = 0.00ms
[2024-12-07T22:49:41.540+0800][2.998s][debug][gc,stats          ]   Step Times (cum): num = 236, avg = 0.04ms, sd = 0.26ms max = 3.30ms, total = 8.86ms
[2024-12-07T22:49:41.540+0800][2.998s][debug][gc,stats          ]   Mark Stats Cache: hits 4798 misses 2 ratio 99.958
[2024-12-07T22:49:41.540+0800][2.999s][debug][gc,stats          ] ---------------------------------------------------------------------
[2024-12-07T22:49:41.540+0800][2.999s][debug][gc,stats          ] Marking Stats, task = 3, calls = 30
[2024-12-07T22:49:41.540+0800][2.999s][debug][gc,stats          ]   Elapsed time = 0.46ms, Termination time = 0.00ms
[2024-12-07T22:49:41.540+0800][2.999s][debug][gc,stats          ]   Step Times (cum): num = 322, avg = 0.03ms, sd = 0.22ms max = 3.30ms, total = 8.85ms
[2024-12-07T22:49:41.541+0800][2.999s][debug][gc,stats          ]   Mark Stats Cache: hits 664 misses 1 ratio 99.850
[2024-12-07T22:49:41.541+0800][2.999s][debug][gc,stats          ] ---------------------------------------------------------------------
[2024-12-07T22:49:41.541+0800][2.999s][debug][gc,stats          ] Marking Stats, task = 4, calls = 33
[2024-12-07T22:49:41.541+0800][2.999s][debug][gc,stats          ]   Elapsed time = 0.40ms, Termination time = 0.00ms
[2024-12-07T22:49:41.541+0800][2.999s][debug][gc,stats          ]   Step Times (cum): num = 365, avg = 0.02ms, sd = 0.21ms max = 3.32ms, total = 8.79ms
[2024-12-07T22:49:41.541+0800][2.999s][debug][gc,stats          ]   Mark Stats Cache: hits 656 misses 1 ratio 99.848
[2024-12-07T22:49:41.541+0800][2.999s][debug][gc,stats          ] ---------------------------------------------------------------------
[2024-12-07T22:49:41.541+0800][3.000s][info ][gc,marking        ] GC(23) Concurrent Mark From Roots 3.380ms
[2024-12-07T22:49:41.541+0800][3.000s][info ][gc,marking        ] GC(23) Concurrent Preclean
[2024-12-07T22:49:41.541+0800][3.000s][debug][gc,ref,start      ] GC(23) Preclean SoftReferences
[2024-12-07T22:49:41.541+0800][3.000s][debug][gc,ref            ] GC(23) Preclean SoftReferences 0.097ms
[2024-12-07T22:49:41.542+0800][3.000s][debug][gc,ref,start      ] GC(23) Preclean WeakReferences
[2024-12-07T22:49:41.542+0800][3.000s][debug][gc,ref            ] GC(23) Preclean WeakReferences 0.096ms
[2024-12-07T22:49:41.542+0800][3.000s][debug][gc,ref,start      ] GC(23) Preclean FinalReferences
[2024-12-07T22:49:41.542+0800][3.000s][debug][gc,ref            ] GC(23) Preclean FinalReferences 0.097ms
[2024-12-07T22:49:41.542+0800][3.000s][debug][gc,ref,start      ] GC(23) Preclean PhantomReferences
[2024-12-07T22:49:41.542+0800][3.000s][debug][gc,ref            ] GC(23) Preclean PhantomReferences 0.096ms
[2024-12-07T22:49:41.542+0800][3.000s][info ][gc,marking        ] GC(23) Concurrent Preclean 0.819ms
[2024-12-07T22:49:41.542+0800][3.001s][info ][gc,marking        ] GC(23) Concurrent Mark (2.996s, 3.001s) 4.460ms
[2024-12-07T22:49:41.542+0800][3.001s][info ][gc,start          ] GC(23) Pause Remark
[2024-12-07T22:49:41.542+0800][3.001s][debug][gc,phases,start   ] GC(23) Finalize Marking
[2024-12-07T22:49:41.545+0800][3.003s][debug][gc,stats          ] ---------------------------------------------------------------------
[2024-12-07T22:49:41.545+0800][3.003s][debug][gc,stats          ] Marking Stats, task = 0, calls = 100
[2024-12-07T22:49:41.545+0800][3.004s][debug][gc,stats          ]   Elapsed time = 1.74ms, Termination time = 1.45ms
[2024-12-07T22:49:41.546+0800][3.004s][debug][gc,stats          ]   Step Times (cum): num = 1121, avg = 0.01ms, sd = 0.13ms max = 3.31ms, total = 10.41ms
[2024-12-07T22:49:41.546+0800][3.004s][debug][gc,stats          ]   Mark Stats Cache: hits 4259 misses 101 ratio 97.683
[2024-12-07T22:49:41.546+0800][3.005s][debug][gc,stats          ] ---------------------------------------------------------------------
[2024-12-07T22:49:41.547+0800][3.005s][debug][gc,stats          ] Marking Stats, task = 1, calls = 30
[2024-12-07T22:49:41.547+0800][3.005s][debug][gc,stats          ]   Elapsed time = 1.74ms, Termination time = 1.45ms
[2024-12-07T22:49:41.547+0800][3.005s][debug][gc,stats          ]   Step Times (cum): num = 302, avg = 0.03ms, sd = 0.24ms max = 3.28ms, total = 9.88ms
[2024-12-07T22:49:41.547+0800][3.006s][debug][gc,stats          ]   Mark Stats Cache: hits 2650 misses 2 ratio 99.925
[2024-12-07T22:49:41.547+0800][3.006s][debug][gc,stats          ] ---------------------------------------------------------------------
[2024-12-07T22:49:41.547+0800][3.006s][debug][gc,stats          ] Marking Stats, task = 2, calls = 2
[2024-12-07T22:49:41.548+0800][3.006s][debug][gc,stats          ]   Elapsed time = 1.75ms, Termination time = 1.46ms
[2024-12-07T22:49:41.548+0800][3.006s][debug][gc,stats          ]   Step Times (cum): num = 237, avg = 0.04ms, sd = 0.28ms max = 3.30ms, total = 10.32ms
[2024-12-07T22:49:41.548+0800][3.006s][debug][gc,stats          ]   Mark Stats Cache: hits 4798 misses 2 ratio 99.958
[2024-12-07T22:49:41.548+0800][3.006s][debug][gc,stats          ] ---------------------------------------------------------------------
[2024-12-07T22:49:41.548+0800][3.006s][debug][gc,stats          ] Marking Stats, task = 3, calls = 31
[2024-12-07T22:49:41.548+0800][3.006s][debug][gc,stats          ]   Elapsed time = 1.69ms, Termination time = 1.55ms
[2024-12-07T22:49:41.548+0800][3.006s][debug][gc,stats          ]   Step Times (cum): num = 323, avg = 0.03ms, sd = 0.24ms max = 3.30ms, total = 10.39ms
[2024-12-07T22:49:41.548+0800][3.007s][debug][gc,stats          ]   Mark Stats Cache: hits 664 misses 1 ratio 99.850
[2024-12-07T22:49:41.548+0800][3.007s][debug][gc,stats          ] ---------------------------------------------------------------------
[2024-12-07T22:49:41.548+0800][3.007s][debug][gc,stats          ] Marking Stats, task = 4, calls = 34
[2024-12-07T22:49:41.549+0800][3.007s][debug][gc,stats          ]   Elapsed time = 1.69ms, Termination time = 1.49ms
[2024-12-07T22:49:41.549+0800][3.007s][debug][gc,stats          ]   Step Times (cum): num = 366, avg = 0.03ms, sd = 0.22ms max = 3.32ms, total = 10.28ms
[2024-12-07T22:49:41.549+0800][3.007s][debug][gc,stats          ]   Mark Stats Cache: hits 656 misses 1 ratio 99.848
[2024-12-07T22:49:41.549+0800][3.007s][debug][gc,stats          ] ---------------------------------------------------------------------
[2024-12-07T22:49:41.549+0800][3.007s][debug][gc,stats          ] Marking Stats, task = 5, calls = 1
[2024-12-07T22:49:41.549+0800][3.007s][debug][gc,stats          ]   Elapsed time = 1.66ms, Termination time = 1.52ms
[2024-12-07T22:49:41.549+0800][3.007s][debug][gc,stats          ]   Step Times (cum): num = 12, avg = 0.77ms, sd = 0.94ms max = 3.33ms, total = 9.27ms
[2024-12-07T22:49:41.549+0800][3.007s][debug][gc,stats          ]   Mark Stats Cache: hits 0 misses 0 ratio 0.000
[2024-12-07T22:49:41.549+0800][3.008s][debug][gc,stats          ] ---------------------------------------------------------------------
[2024-12-07T22:49:41.549+0800][3.008s][debug][gc,stats          ] Marking Stats, task = 6, calls = 1
[2024-12-07T22:49:41.549+0800][3.008s][debug][gc,stats          ]   Elapsed time = 1.74ms, Termination time = 1.28ms
[2024-12-07T22:49:41.549+0800][3.008s][debug][gc,stats          ]   Step Times (cum): num = 12, avg = 0.77ms, sd = 0.91ms max = 3.20ms, total = 9.21ms
[2024-12-07T22:49:41.550+0800][3.008s][debug][gc,stats          ]   Mark Stats Cache: hits 0 misses 0 ratio 0.000
[2024-12-07T22:49:41.550+0800][3.008s][debug][gc,stats          ] ---------------------------------------------------------------------
[2024-12-07T22:49:41.550+0800][3.008s][debug][gc,stats          ] Marking Stats, task = 7, calls = 1
[2024-12-07T22:49:41.550+0800][3.008s][debug][gc,stats          ]   Elapsed time = 1.93ms, Termination time = 1.32ms
[2024-12-07T22:49:41.550+0800][3.008s][debug][gc,stats          ]   Step Times (cum): num = 12, avg = 0.81ms, sd = 0.86ms max = 3.08ms, total = 9.68ms
[2024-12-07T22:49:41.550+0800][3.008s][debug][gc,stats          ]   Mark Stats Cache: hits 0 misses 0 ratio 0.000
[2024-12-07T22:49:41.550+0800][3.008s][debug][gc,stats          ] ---------------------------------------------------------------------
[2024-12-07T22:49:41.550+0800][3.009s][debug][gc,stats          ] Marking Stats, task = 8, calls = 1
[2024-12-07T22:49:41.550+0800][3.009s][debug][gc,stats          ]   Elapsed time = 1.80ms, Termination time = 0.86ms
[2024-12-07T22:49:41.550+0800][3.009s][debug][gc,stats          ]   Step Times (cum): num = 12, avg = 0.75ms, sd = 0.87ms max = 3.12ms, total = 9.00ms
[2024-12-07T22:49:41.550+0800][3.009s][debug][gc,stats          ]   Mark Stats Cache: hits 0 misses 0 ratio 0.000
[2024-12-07T22:49:41.551+0800][3.009s][debug][gc,stats          ] ---------------------------------------------------------------------
[2024-12-07T22:49:41.551+0800][3.009s][debug][gc,stats          ] Marking Stats, task = 9, calls = 1
[2024-12-07T22:49:41.551+0800][3.009s][debug][gc,stats          ]   Elapsed time = 1.59ms, Termination time = 1.41ms
[2024-12-07T22:49:41.551+0800][3.009s][debug][gc,stats          ]   Step Times (cum): num = 12, avg = 0.73ms, sd = 0.97ms max = 3.40ms, total = 8.71ms
[2024-12-07T22:49:41.551+0800][3.009s][debug][gc,stats          ]   Mark Stats Cache: hits 0 misses 0 ratio 0.000
[2024-12-07T22:49:41.551+0800][3.009s][debug][gc,stats          ] ---------------------------------------------------------------------
[2024-12-07T22:49:41.551+0800][3.009s][debug][gc,stats          ] Marking Stats, task = 10, calls = 1
[2024-12-07T22:49:41.551+0800][3.009s][debug][gc,stats          ]   Elapsed time = 1.57ms, Termination time = 0.83ms
[2024-12-07T22:49:41.551+0800][3.010s][debug][gc,stats          ]   Step Times (cum): num = 12, avg = 0.68ms, sd = 0.96ms max = 3.41ms, total = 8.13ms
[2024-12-07T22:49:41.551+0800][3.010s][debug][gc,stats          ]   Mark Stats Cache: hits 0 misses 0 ratio 0.000
[2024-12-07T22:49:41.551+0800][3.010s][debug][gc,stats          ] ---------------------------------------------------------------------
[2024-12-07T22:49:41.551+0800][3.010s][debug][gc,stats          ] Marking Stats, task = 11, calls = 1
[2024-12-07T22:49:41.552+0800][3.010s][debug][gc,stats          ]   Elapsed time = 0.01ms, Termination time = 0.00ms
[2024-12-07T22:49:41.552+0800][3.010s][debug][gc,stats          ]   Step Times (cum): num = 12, avg = 0.00ms, sd = 0.00ms max = 0.00ms, total = 0.00ms
[2024-12-07T22:49:41.552+0800][3.010s][debug][gc,stats          ]   Mark Stats Cache: hits 0 misses 0 ratio 0.000
[2024-12-07T22:49:41.552+0800][3.010s][debug][gc,stats          ] ---------------------------------------------------------------------
[2024-12-07T22:49:41.552+0800][3.010s][debug][gc,phases         ] GC(23) Finalize Marking 9.436ms
[2024-12-07T22:49:41.552+0800][3.010s][debug][gc,phases,start   ] GC(23) Reference Processing
[2024-12-07T22:49:41.552+0800][3.010s][debug][gc,ref            ] GC(23) Skipped phase1 of Reference Processing due to unavailable references
[2024-12-07T22:49:41.552+0800][3.011s][debug][gc,ref            ] GC(23) Skipped phase2 of Reference Processing due to unavailable references
[2024-12-07T22:49:41.552+0800][3.011s][debug][gc,ref            ] GC(23) Skipped phase3 of Reference Processing due to unavailable references
[2024-12-07T22:49:41.552+0800][3.011s][debug][gc,ref            ] GC(23) Skipped phase4 of Reference Processing due to unavailable references
[2024-12-07T22:49:41.552+0800][3.011s][debug][gc,phases,ref     ] GC(23) Reference Processing: 0.3ms
[2024-12-07T22:49:41.553+0800][3.011s][debug][gc,phases,ref     ] GC(23)   Reconsider SoftReferences: 0.1ms
[2024-12-07T22:49:41.553+0800][3.011s][debug][gc,phases,ref     ] GC(23)     SoftRef (ms):             skipped
[2024-12-07T22:49:41.553+0800][3.011s][debug][gc,phases,ref     ] GC(23)   Notify Soft/WeakReferences: 0.1ms
[2024-12-07T22:49:41.553+0800][3.011s][debug][gc,phases,ref     ] GC(23)     SoftRef (ms):             skipped
[2024-12-07T22:49:41.553+0800][3.011s][debug][gc,phases,ref     ] GC(23)     WeakRef (ms):             skipped
[2024-12-07T22:49:41.553+0800][3.011s][debug][gc,phases,ref     ] GC(23)     FinalRef (ms):            skipped
[2024-12-07T22:49:41.553+0800][3.011s][debug][gc,phases,ref     ] GC(23)     Total (ms):               skipped
[2024-12-07T22:49:41.553+0800][3.011s][debug][gc,phases,ref     ] GC(23)   Notify and keep alive finalizable: 0.1ms
[2024-12-07T22:49:41.553+0800][3.012s][debug][gc,phases,ref     ] GC(23)     FinalRef (ms):            skipped
[2024-12-07T22:49:41.553+0800][3.012s][debug][gc,phases,ref     ] GC(23)   Notify PhantomReferences: 0.1ms
[2024-12-07T22:49:41.553+0800][3.012s][debug][gc,phases,ref     ] GC(23)     PhantomRef (ms):          skipped
[2024-12-07T22:49:41.553+0800][3.012s][debug][gc,phases,ref     ] GC(23)   SoftReference:
[2024-12-07T22:49:41.554+0800][3.012s][debug][gc,phases,ref     ] GC(23)     Discovered: 0
[2024-12-07T22:49:41.554+0800][3.012s][debug][gc,phases,ref     ] GC(23)     Cleared: 0
[2024-12-07T22:49:41.554+0800][3.012s][debug][gc,phases,ref     ] GC(23)   WeakReference:
[2024-12-07T22:49:41.554+0800][3.012s][debug][gc,phases,ref     ] GC(23)     Discovered: 0
[2024-12-07T22:49:41.554+0800][3.012s][debug][gc,phases,ref     ] GC(23)     Cleared: 0
[2024-12-07T22:49:41.554+0800][3.012s][debug][gc,phases,ref     ] GC(23)   FinalReference:
[2024-12-07T22:49:41.554+0800][3.012s][debug][gc,phases,ref     ] GC(23)     Discovered: 0
[2024-12-07T22:49:41.554+0800][3.012s][debug][gc,phases,ref     ] GC(23)     Cleared: 0
[2024-12-07T22:49:41.554+0800][3.013s][debug][gc,phases,ref     ] GC(23)   PhantomReference:
[2024-12-07T22:49:41.554+0800][3.013s][debug][gc,phases,ref     ] GC(23)     Discovered: 0
[2024-12-07T22:49:41.554+0800][3.013s][debug][gc,phases,ref     ] GC(23)     Cleared: 0
[2024-12-07T22:49:41.555+0800][3.013s][debug][gc,phases         ] GC(23) Reference Processing 2.519ms
[2024-12-07T22:49:41.555+0800][3.013s][debug][gc,phases,start   ] GC(23) Weak Processing
[2024-12-07T22:49:41.555+0800][3.013s][debug][gc,phases         ] GC(23) Weak Processing 0.089ms
[2024-12-07T22:49:41.555+0800][3.013s][debug][gc,phases,start   ] GC(23) Class Unloading
[2024-12-07T22:49:41.555+0800][3.013s][debug][gc,phases,start   ] GC(23) ClassLoaderData
[2024-12-07T22:49:41.555+0800][3.013s][debug][gc,phases         ] GC(23) ClassLoaderData 0.155ms
[2024-12-07T22:49:41.555+0800][3.014s][debug][gc,phases,start   ] GC(23) ProtectionDomainCacheTable
[2024-12-07T22:49:41.555+0800][3.014s][debug][gc,phases         ] GC(23) ProtectionDomainCacheTable 0.118ms
[2024-12-07T22:49:41.556+0800][3.014s][info ][gc,stringtable    ] GC(23) Cleaned string and symbol table, strings: 68 processed, 0 removed, symbols: 226 processed, 0 removed
[2024-12-07T22:49:41.556+0800][3.014s][debug][gc,phases         ] GC(23) Class Unloading 1.160ms
[2024-12-07T22:49:41.556+0800][3.014s][debug][gc,phases,start   ] GC(23) Flush Task Caches
[2024-12-07T22:49:41.556+0800][3.014s][debug][gc,stats          ] Mark stats cache hits 13027 misses 107 ratio 99.185
[2024-12-07T22:49:41.556+0800][3.015s][debug][gc,phases         ] GC(23) Flush Task Caches 0.197ms
[2024-12-07T22:49:41.556+0800][3.015s][debug][gc,phases,start   ] GC(23) Update Remembered Set Tracking Before Rebuild
[2024-12-07T22:49:41.556+0800][3.015s][debug][gc,ergo           ] GC(23) Running G1 Update RemSet Tracking Before Rebuild using 2 workers for 504 regions in heap
[2024-12-07T22:49:41.557+0800][3.015s][debug][gc,remset,tracking] GC(23) Remembered Set Tracking update regions total 504, selected 0
[2024-12-07T22:49:41.557+0800][3.015s][debug][gc,phases         ] GC(23) Update Remembered Set Tracking Before Rebuild 0.346ms
[2024-12-07T22:49:41.557+0800][3.015s][debug][gc,phases,start   ] GC(23) Reclaim Empty Regions
[2024-12-07T22:49:41.557+0800][3.015s][debug][gc,phases         ] GC(23) Reclaim Empty Regions 0.241ms
[2024-12-07T22:49:41.557+0800][3.015s][debug][gc,phases,start   ] GC(23) Purge Metaspace
[2024-12-07T22:49:41.557+0800][3.016s][debug][gc,phases         ] GC(23) Purge Metaspace 0.079ms
[2024-12-07T22:49:41.557+0800][3.016s][debug][gc,phases,start   ] GC(23) Report Object Count
[2024-12-07T22:49:41.557+0800][3.016s][debug][gc,phases         ] GC(23) Report Object Count 0.079ms
[2024-12-07T22:49:41.557+0800][3.016s][info ][gc                ] GC(23) Pause Remark 213M->213M(504M) 15.064ms
[2024-12-07T22:49:41.558+0800][3.016s][info ][gc,cpu            ] GC(23) User=0.02s Sys=0.00s Real=0.01s
[2024-12-07T22:49:41.558+0800][3.016s][info ][gc,marking        ] GC(23) Concurrent Rebuild Remembered Sets
[2024-12-07T22:49:41.558+0800][3.016s][info ][gc,marking        ] GC(23) Concurrent Rebuild Remembered Sets 0.403ms
[2024-12-07T22:49:41.558+0800][3.017s][info ][gc,start          ] GC(23) Pause Cleanup
[2024-12-07T22:49:41.558+0800][3.017s][debug][gc,phases,start   ] GC(23) Update Remembered Set Tracking After Rebuild
[2024-12-07T22:49:41.558+0800][3.017s][debug][gc,phases         ] GC(23) Update Remembered Set Tracking After Rebuild 0.088ms
[2024-12-07T22:49:41.559+0800][3.017s][debug][gc,phases,start   ] GC(23) Finalize Concurrent Mark Cleanup
[2024-12-07T22:49:41.559+0800][3.017s][debug][gc,ergo           ] GC(23) request young-only gcs (candidate old regions not available)
[2024-12-07T22:49:41.559+0800][3.017s][debug][gc,phases         ] GC(23) Finalize Concurrent Mark Cleanup 0.263ms
[2024-12-07T22:49:41.559+0800][3.017s][info ][gc                ] GC(23) Pause Cleanup 213M->213M(504M) 0.608ms
[2024-12-07T22:49:41.559+0800][3.017s][info ][gc,cpu            ] GC(23) User=0.00s Sys=0.00s Real=0.00s
[2024-12-07T22:49:41.559+0800][3.017s][info ][gc,marking        ] GC(23) Concurrent Cleanup for Next Mark
[2024-12-07T22:49:41.559+0800][3.017s][debug][gc,ergo           ] GC(23) Running G1 Clear Bitmap with 5 workers for 8 work units.
[2024-12-07T22:49:41.559+0800][3.018s][info ][gc,marking        ] GC(23) Concurrent Cleanup for Next Mark 0.333ms
[2024-12-07T22:49:41.560+0800][3.018s][info ][gc                ] GC(23) Concurrent Cycle 22.862ms
[2024-12-07T22:49:41.638+0800][3.097s][debug][gc,ergo,ihop      ] Request concurrent cycle initiation (occupancy higher than threshold) occupancy: 236978176B allocation request: 1048592B threshold: 236873318B (44.82) source: concurrent humongous allocation
[2024-12-07T22:49:41.639+0800][3.097s][debug][gc,ergo           ] Request concurrent cycle initiation (requested by GC cause). GC cause: G1 Humongous Allocation
[2024-12-07T22:49:41.639+0800][3.097s][debug][gc,heap           ] GC(24) Heap before GC invocations=24 (full 0): garbage-first heap   total 516096K, used 230675K [0x00000000e0000000, 0x0000000100000000)
[2024-12-07T22:49:41.639+0800][3.097s][debug][gc,heap           ] GC(24)   region size 1024K, 2 young (2048K), 1 survivors (1024K)
[2024-12-07T22:49:41.639+0800][3.097s][debug][gc,heap           ] GC(24)  Metaspace       used 652K, capacity 4575K, committed 4864K, reserved 1056768K
[2024-12-07T22:49:41.639+0800][3.097s][debug][gc,heap           ] GC(24)   class space    used 52K, capacity 418K, committed 512K, reserved 1048576K
[2024-12-07T22:49:41.639+0800][3.098s][debug][gc,ergo           ] GC(24) Initiate concurrent cycle (concurrent cycle initiation requested)
[2024-12-07T22:49:41.639+0800][3.098s][info ][gc,start          ] GC(24) Pause Young (Concurrent Start) (G1 Humongous Allocation)
[2024-12-07T22:49:41.639+0800][3.098s][info ][gc,task           ] GC(24) Using 12 workers of 18 for evacuation
[2024-12-07T22:49:41.639+0800][3.098s][debug][gc,tlab           ] GC(24) TLAB totals: thrds: 1  refills: 1 max: 1 slow allocs: 12 max 12 waste: 99.5% gc: 500632B max: 500632B slow: 0B max: 0B fast: 0B max: 0B
[2024-12-07T22:49:41.640+0800][3.098s][debug][gc,alloc,region   ] GC(24) Mutator Allocation stats, regions: 1, wasted size: 0B ( 0.0%)
[2024-12-07T22:49:41.640+0800][3.098s][debug][gc,age            ] GC(24) Desired survivor size 2097152 bytes, new threshold 15 (max threshold 15)
[2024-12-07T22:49:41.640+0800][3.098s][debug][gc,ergo,cset      ] GC(24) Finish choosing CSet. old: 0 regions, predicted old region time: 0.00ms, time remaining: 178.01
[2024-12-07T22:49:41.640+0800][3.098s][debug][gc,task,stats     ] GC(24) GC Termination Stats
[2024-12-07T22:49:41.640+0800][3.098s][debug][gc,task,stats     ] GC(24)      elapsed  --strong roots-- -------termination------- ------waste (KiB)------
[2024-12-07T22:49:41.640+0800][3.098s][debug][gc,task,stats     ] GC(24) thr     ms        ms      %        ms      %    attempts  total   alloc    undo
[2024-12-07T22:49:41.640+0800][3.098s][debug][gc,task,stats     ] GC(24) --- --------- --------- ------ --------- ------ -------- ------- ------- -------
[2024-12-07T22:49:41.643+0800][3.102s][debug][gc,task,stats     ] GC(24)  11      2.98      2.97  99.88      0.00   0.01        1       0       0       0
[2024-12-07T22:49:41.644+0800][3.102s][debug][gc,task,stats     ] GC(24)   9      3.27      0.64  19.51      2.47  75.34        5       0       0       0
[2024-12-07T22:49:41.644+0800][3.102s][debug][gc,task,stats     ] GC(24)   1      3.63      0.79  21.79      2.34  64.58        1       0       0       0
[2024-12-07T22:49:41.644+0800][3.103s][debug][gc,task,stats     ] GC(24)   3      3.91      0.92  23.45      2.18  55.69        1       0       0       0
[2024-12-07T22:49:41.644+0800][3.103s][debug][gc,task,stats     ] GC(24)   8      4.12      0.51  12.38      2.41  58.53        3       0       0       0
[2024-12-07T22:49:41.645+0800][3.103s][debug][gc,task,stats     ] GC(24)   0      4.44      0.72  16.12      2.36  53.26        6       0       0       0
[2024-12-07T22:49:41.645+0800][3.103s][debug][gc,task,stats     ] GC(24)   6      4.67      0.57  12.26      2.39  51.23        6       0       0       0
[2024-12-07T22:49:41.645+0800][3.104s][debug][gc,task,stats     ] GC(24)   4      4.96      0.69  13.85      2.34  47.22        3       0       0       0
[2024-12-07T22:49:41.646+0800][3.104s][debug][gc,task,stats     ] GC(24)   2      5.22      0.58  11.09      2.38  45.51        7       0       0       0
[2024-12-07T22:49:41.646+0800][3.104s][debug][gc,task,stats     ] GC(24)   7      5.42      0.71  13.03      2.30  42.34        1       0       0       0
[2024-12-07T22:49:41.646+0800][3.104s][debug][gc,task,stats     ] GC(24)  10      5.51      2.96  53.76      0.02   0.34        1       0       0       0
[2024-12-07T22:49:41.646+0800][3.104s][debug][gc,task,stats     ] GC(24)   5      5.70      0.86  15.09      2.47  43.38        1       0       0       0
[2024-12-07T22:49:41.646+0800][3.104s][debug][gc,ergo           ] GC(24) Running G1 Clear Card Table Task using 1 workers for 1 units of work for 3 regions.
[2024-12-07T22:49:41.646+0800][3.105s][debug][gc,ref            ] GC(24) Skipped phase1 of Reference Processing due to unavailable references
[2024-12-07T22:49:41.646+0800][3.105s][debug][gc,ref            ] GC(24) Skipped phase3 of Reference Processing due to unavailable references
[2024-12-07T22:49:41.647+0800][3.105s][debug][gc,ergo           ] GC(24) Running G1 Free Collection Set using 1 workers for collection set length 2
[2024-12-07T22:49:41.647+0800][3.105s][debug][gc,humongous      ] GC(24) Live humongous region 0 object size 1048592 start 0x00000000e0000000  with remset 0 code roots 0 is marked 0 reclaim candidate 0 type array 1
[2024-12-07T22:49:41.647+0800][3.105s][debug][gc,humongous      ] GC(24) Live humongous region 2 object size 1048592 start 0x00000000e0200000  with remset 0 code roots 0 is marked 0 reclaim candidate 0 type array 1
[2024-12-07T22:49:41.647+0800][3.105s][debug][gc,humongous      ] GC(24) Live humongous region 4 object size 1048592 start 0x00000000e0400000  with remset 0 code roots 0 is marked 0 reclaim candidate 0 type array 1
[2024-12-07T22:49:41.647+0800][3.105s][debug][gc,humongous      ] GC(24) Live humongous region 6 object size 1048592 start 0x00000000e0600000  with remset 0 code roots 0 is marked 0 reclaim candidate 0 type array 1
[2024-12-07T22:49:41.647+0800][3.105s][debug][gc,humongous      ] GC(24) Live humongous region 8 object size 1048592 start 0x00000000e0800000  with remset 0 code roots 0 is marked 0 reclaim candidate 0 type array 1
[2024-12-07T22:49:41.647+0800][3.106s][debug][gc,humongous      ] GC(24) Live humongous region 10 object size 1048592 start 0x00000000e0a00000  with remset 0 code roots 0 is marked 0 reclaim candidate 0 type array 1
[2024-12-07T22:49:41.647+0800][3.106s][debug][gc,humongous      ] GC(24) Live humongous region 12 object size 1048592 start 0x00000000e0c00000  with remset 0 code roots 0 is marked 0 reclaim candidate 0 type array 1
[2024-12-07T22:49:41.647+0800][3.106s][debug][gc,humongous      ] GC(24) Live humongous region 14 object size 1048592 start 0x00000000e0e00000  with remset 0 code roots 0 is marked 0 reclaim candidate 0 type array 1
[2024-12-07T22:49:41.648+0800][3.106s][debug][gc,humongous      ] GC(24) Live humongous region 16 object size 1048592 start 0x00000000e1000000  with remset 0 code roots 0 is marked 0 reclaim candidate 0 type array 1
[2024-12-07T22:49:41.648+0800][3.106s][debug][gc,humongous      ] GC(24) Live humongous region 18 object size 1048592 start 0x00000000e1200000  with remset 0 code roots 0 is marked 0 reclaim candidate 0 type array 1
[2024-12-07T22:49:41.648+0800][3.106s][debug][gc,humongous      ] GC(24) Live humongous region 20 object size 1048592 start 0x00000000e1400000  with remset 0 code roots 0 is marked 0 reclaim candidate 0 type array 1
[2024-12-07T22:49:41.648+0800][3.106s][debug][gc,humongous      ] GC(24) Live humongous region 22 object size 1048592 start 0x00000000e1600000  with remset 0 code roots 0 is marked 0 reclaim candidate 0 type array 1
[2024-12-07T22:49:41.648+0800][3.106s][debug][gc,humongous      ] GC(24) Live humongous region 24 object size 1048592 start 0x00000000e1800000  with remset 0 code roots 0 is marked 0 reclaim candidate 0 type array 1
[2024-12-07T22:49:41.648+0800][3.106s][debug][gc,humongous      ] GC(24) Live humongous region 26 object size 1048592 start 0x00000000e1a00000  with remset 0 code roots 0 is marked 0 reclaim candidate 0 type array 1
[2024-12-07T22:49:41.648+0800][3.106s][debug][gc,humongous      ] GC(24) Live humongous region 28 object size 1048592 start 0x00000000e1c00000  with remset 0 code roots 0 is marked 0 reclaim candidate 0 type array 1
[2024-12-07T22:49:41.648+0800][3.106s][debug][gc,humongous      ] GC(24) Live humongous region 30 object size 1048592 start 0x00000000e1e00000  with remset 0 code roots 0 is marked 0 reclaim candidate 0 type array 1
[2024-12-07T22:49:41.648+0800][3.107s][debug][gc,humongous      ] GC(24) Live humongous region 32 object size 1048592 start 0x00000000e2000000  with remset 0 code roots 0 is marked 0 reclaim candidate 0 type array 1
[2024-12-07T22:49:41.648+0800][3.107s][debug][gc,humongous      ] GC(24) Live humongous region 34 object size 1048592 start 0x00000000e2200000  with remset 0 code roots 0 is marked 0 reclaim candidate 0 type array 1
[2024-12-07T22:49:41.648+0800][3.107s][debug][gc,humongous      ] GC(24) Live humongous region 36 object size 1048592 start 0x00000000e2400000  with remset 0 code roots 0 is marked 0 reclaim candidate 0 type array 1
[2024-12-07T22:49:41.648+0800][3.107s][debug][gc,humongous      ] GC(24) Live humongous region 38 object size 1048592 start 0x00000000e2600000  with remset 0 code roots 0 is marked 0 reclaim candidate 0 type array 1
[2024-12-07T22:49:41.649+0800][3.107s][debug][gc,humongous      ] GC(24) Live humongous region 40 object size 1048592 start 0x00000000e2800000  with remset 0 code roots 0 is marked 0 reclaim candidate 0 type array 1
[2024-12-07T22:49:41.649+0800][3.107s][debug][gc,humongous      ] GC(24) Live humongous region 42 object size 1048592 start 0x00000000e2a00000  with remset 0 code roots 0 is marked 0 reclaim candidate 0 type array 1
[2024-12-07T22:49:41.649+0800][3.107s][debug][gc,humongous      ] GC(24) Live humongous region 44 object size 1048592 start 0x00000000e2c00000  with remset 0 code roots 0 is marked 0 reclaim candidate 0 type array 1
[2024-12-07T22:49:41.649+0800][3.107s][debug][gc,humongous      ] GC(24) Live humongous region 46 object size 1048592 start 0x00000000e2e00000  with remset 0 code roots 0 is marked 0 reclaim candidate 0 type array 1
[2024-12-07T22:49:41.649+0800][3.107s][debug][gc,humongous      ] GC(24) Live humongous region 48 object size 1048592 start 0x00000000e3000000  with remset 0 code roots 0 is marked 0 reclaim candidate 0 type array 1
[2024-12-07T22:49:41.649+0800][3.107s][debug][gc,humongous      ] GC(24) Live humongous region 50 object size 1048592 start 0x00000000e3200000  with remset 0 code roots 0 is marked 0 reclaim candidate 0 type array 1
[2024-12-07T22:49:41.649+0800][3.107s][debug][gc,humongous      ] GC(24) Live humongous region 52 object size 1048592 start 0x00000000e3400000  with remset 0 code roots 0 is marked 0 reclaim candidate 0 type array 1
[2024-12-07T22:49:41.649+0800][3.108s][debug][gc,humongous      ] GC(24) Live humongous region 54 object size 1048592 start 0x00000000e3600000  with remset 0 code roots 0 is marked 0 reclaim candidate 0 type array 1
[2024-12-07T22:49:41.649+0800][3.108s][debug][gc,humongous      ] GC(24) Live humongous region 56 object size 1048592 start 0x00000000e3800000  with remset 0 code roots 0 is marked 0 reclaim candidate 0 type array 1
[2024-12-07T22:49:41.649+0800][3.108s][debug][gc,humongous      ] GC(24) Live humongous region 58 object size 1048592 start 0x00000000e3a00000  with remset 0 code roots 0 is marked 0 reclaim candidate 0 type array 1
[2024-12-07T22:49:41.649+0800][3.108s][debug][gc,humongous      ] GC(24) Live humongous region 60 object size 1048592 start 0x00000000e3c00000  with remset 0 code roots 0 is marked 0 reclaim candidate 0 type array 1
[2024-12-07T22:49:41.650+0800][3.108s][debug][gc,humongous      ] GC(24) Live humongous region 62 object size 1048592 start 0x00000000e3e00000  with remset 0 code roots 0 is marked 0 reclaim candidate 0 type array 1
[2024-12-07T22:49:41.650+0800][3.108s][debug][gc,humongous      ] GC(24) Dead humongous region 64 object size 1048592 start 0x00000000e4000000 with remset 0 code roots 0 is marked 0 reclaim candidate 1 type array 1
[2024-12-07T22:49:41.650+0800][3.108s][debug][gc,humongous      ] GC(24) Dead humongous region 66 object size 1048592 start 0x00000000e4200000 with remset 0 code roots 0 is marked 0 reclaim candidate 1 type array 1
[2024-12-07T22:49:41.650+0800][3.108s][debug][gc,humongous      ] GC(24) Dead humongous region 68 object size 1048592 start 0x00000000e4400000 with remset 0 code roots 0 is marked 0 reclaim candidate 1 type array 1
[2024-12-07T22:49:41.650+0800][3.108s][debug][gc,humongous      ] GC(24) Dead humongous region 70 object size 1048592 start 0x00000000e4600000 with remset 0 code roots 0 is marked 0 reclaim candidate 1 type array 1
[2024-12-07T22:49:41.650+0800][3.108s][debug][gc,humongous      ] GC(24) Dead humongous region 72 object size 1048592 start 0x00000000e4800000 with remset 0 code roots 0 is marked 0 reclaim candidate 1 type array 1
[2024-12-07T22:49:41.650+0800][3.108s][debug][gc,humongous      ] GC(24) Dead humongous region 74 object size 1048592 start 0x00000000e4a00000 with remset 0 code roots 0 is marked 0 reclaim candidate 1 type array 1
[2024-12-07T22:49:41.650+0800][3.108s][debug][gc,humongous      ] GC(24) Dead humongous region 76 object size 1048592 start 0x00000000e4c00000 with remset 0 code roots 0 is marked 0 reclaim candidate 1 type array 1
[2024-12-07T22:49:41.650+0800][3.109s][debug][gc,humongous      ] GC(24) Dead humongous region 78 object size 1048592 start 0x00000000e4e00000 with remset 0 code roots 0 is marked 0 reclaim candidate 1 type array 1
[2024-12-07T22:49:41.650+0800][3.109s][debug][gc,humongous      ] GC(24) Dead humongous region 80 object size 1048592 start 0x00000000e5000000 with remset 0 code roots 0 is marked 0 reclaim candidate 1 type array 1
[2024-12-07T22:49:41.650+0800][3.109s][debug][gc,humongous      ] GC(24) Dead humongous region 82 object size 1048592 start 0x00000000e5200000 with remset 0 code roots 0 is marked 0 reclaim candidate 1 type array 1
[2024-12-07T22:49:41.651+0800][3.109s][debug][gc,humongous      ] GC(24) Dead humongous region 84 object size 1048592 start 0x00000000e5400000 with remset 0 code roots 0 is marked 0 reclaim candidate 1 type array 1
[2024-12-07T22:49:41.651+0800][3.109s][debug][gc,humongous      ] GC(24) Dead humongous region 86 object size 1048592 start 0x00000000e5600000 with remset 0 code roots 0 is marked 0 reclaim candidate 1 type array 1
[2024-12-07T22:49:41.651+0800][3.109s][debug][gc,humongous      ] GC(24) Live humongous region 88 object size 1048592 start 0x00000000e5800000  with remset 0 code roots 0 is marked 0 reclaim candidate 0 type array 1
[2024-12-07T22:49:41.651+0800][3.109s][debug][gc,humongous      ] GC(24) Live humongous region 90 object size 1048592 start 0x00000000e5a00000  with remset 0 code roots 0 is marked 0 reclaim candidate 0 type array 1
[2024-12-07T22:49:41.651+0800][3.109s][debug][gc,humongous      ] GC(24) Live humongous region 92 object size 1048592 start 0x00000000e5c00000  with remset 0 code roots 0 is marked 0 reclaim candidate 0 type array 1
[2024-12-07T22:49:41.651+0800][3.109s][debug][gc,humongous      ] GC(24) Live humongous region 94 object size 1048592 start 0x00000000e5e00000  with remset 0 code roots 0 is marked 0 reclaim candidate 0 type array 1
[2024-12-07T22:49:41.651+0800][3.109s][debug][gc,humongous      ] GC(24) Live humongous region 96 object size 1048592 start 0x00000000e6000000  with remset 0 code roots 0 is marked 0 reclaim candidate 0 type array 1
[2024-12-07T22:49:41.651+0800][3.109s][debug][gc,humongous      ] GC(24) Live humongous region 98 object size 1048592 start 0x00000000e6200000  with remset 0 code roots 0 is marked 0 reclaim candidate 0 type array 1
[2024-12-07T22:49:41.651+0800][3.110s][debug][gc,humongous      ] GC(24) Live humongous region 100 object size 1048592 start 0x00000000e6400000  with remset 0 code roots 0 is marked 0 reclaim candidate 0 type array 1
[2024-12-07T22:49:41.651+0800][3.110s][debug][gc,humongous      ] GC(24) Live humongous region 102 object size 1048592 start 0x00000000e6600000  with remset 0 code roots 0 is marked 0 reclaim candidate 0 type array 1
[2024-12-07T22:49:41.651+0800][3.110s][debug][gc,humongous      ] GC(24) Live humongous region 104 object size 1048592 start 0x00000000e6800000  with remset 0 code roots 0 is marked 0 reclaim candidate 0 type array 1
[2024-12-07T22:49:41.652+0800][3.110s][debug][gc,humongous      ] GC(24) Live humongous region 106 object size 1048592 start 0x00000000e6a00000  with remset 0 code roots 0 is marked 0 reclaim candidate 0 type array 1
[2024-12-07T22:49:41.652+0800][3.110s][debug][gc,humongous      ] GC(24) Live humongous region 108 object size 1048592 start 0x00000000e6c00000  with remset 0 code roots 0 is marked 0 reclaim candidate 0 type array 1
[2024-12-07T22:49:41.652+0800][3.110s][debug][gc,humongous      ] GC(24) Live humongous region 110 object size 1048592 start 0x00000000e6e00000  with remset 0 code roots 0 is marked 0 reclaim candidate 0 type array 1
[2024-12-07T22:49:41.652+0800][3.110s][debug][gc,humongous      ] GC(24) Live humongous region 112 object size 1048592 start 0x00000000e7000000  with remset 0 code roots 0 is marked 0 reclaim candidate 0 type array 1
[2024-12-07T22:49:41.652+0800][3.110s][debug][gc,humongous      ] GC(24) Live humongous region 114 object size 1048592 start 0x00000000e7200000  with remset 0 code roots 0 is marked 0 reclaim candidate 0 type array 1
[2024-12-07T22:49:41.652+0800][3.110s][debug][gc,humongous      ] GC(24) Live humongous region 116 object size 1048592 start 0x00000000e7400000  with remset 0 code roots 0 is marked 0 reclaim candidate 0 type array 1
[2024-12-07T22:49:41.652+0800][3.110s][debug][gc,humongous      ] GC(24) Live humongous region 118 object size 1048592 start 0x00000000e7600000  with remset 0 code roots 0 is marked 0 reclaim candidate 0 type array 1
[2024-12-07T22:49:41.652+0800][3.110s][debug][gc,humongous      ] GC(24) Live humongous region 120 object size 1048592 start 0x00000000e7800000  with remset 0 code roots 0 is marked 0 reclaim candidate 0 type array 1
[2024-12-07T22:49:41.652+0800][3.111s][debug][gc,humongous      ] GC(24) Live humongous region 122 object size 1048592 start 0x00000000e7a00000  with remset 0 code roots 0 is marked 0 reclaim candidate 0 type array 1
[2024-12-07T22:49:41.652+0800][3.111s][debug][gc,humongous      ] GC(24) Live humongous region 124 object size 1048592 start 0x00000000e7c00000  with remset 0 code roots 0 is marked 0 reclaim candidate 0 type array 1
[2024-12-07T22:49:41.652+0800][3.111s][debug][gc,humongous      ] GC(24) Live humongous region 126 object size 1048592 start 0x00000000e7e00000  with remset 0 code roots 0 is marked 0 reclaim candidate 0 type array 1
[2024-12-07T22:49:41.652+0800][3.111s][debug][gc,humongous      ] GC(24) Live humongous region 128 object size 1048592 start 0x00000000e8000000  with remset 0 code roots 0 is marked 0 reclaim candidate 0 type array 1
[2024-12-07T22:49:41.653+0800][3.111s][debug][gc,humongous      ] GC(24) Live humongous region 130 object size 1048592 start 0x00000000e8200000  with remset 0 code roots 0 is marked 0 reclaim candidate 0 type array 1
[2024-12-07T22:49:41.653+0800][3.111s][debug][gc,humongous      ] GC(24) Live humongous region 132 object size 1048592 start 0x00000000e8400000  with remset 0 code roots 0 is marked 0 reclaim candidate 0 type array 1
[2024-12-07T22:49:41.653+0800][3.111s][debug][gc,humongous      ] GC(24) Live humongous region 134 object size 1048592 start 0x00000000e8600000  with remset 0 code roots 0 is marked 0 reclaim candidate 0 type array 1
[2024-12-07T22:49:41.653+0800][3.111s][debug][gc,humongous      ] GC(24) Live humongous region 136 object size 1048592 start 0x00000000e8800000  with remset 0 code roots 0 is marked 0 reclaim candidate 0 type array 1
[2024-12-07T22:49:41.653+0800][3.111s][debug][gc,humongous      ] GC(24) Live humongous region 138 object size 1048592 start 0x00000000e8a00000  with remset 0 code roots 0 is marked 0 reclaim candidate 0 type array 1
[2024-12-07T22:49:41.653+0800][3.111s][debug][gc,humongous      ] GC(24) Live humongous region 140 object size 1048592 start 0x00000000e8c00000  with remset 0 code roots 0 is marked 0 reclaim candidate 0 type array 1
[2024-12-07T22:49:41.653+0800][3.111s][debug][gc,humongous      ] GC(24) Live humongous region 142 object size 1048592 start 0x00000000e8e00000  with remset 0 code roots 0 is marked 0 reclaim candidate 0 type array 1
[2024-12-07T22:49:41.653+0800][3.112s][debug][gc,humongous      ] GC(24) Live humongous region 144 object size 1048592 start 0x00000000e9000000  with remset 0 code roots 0 is marked 0 reclaim candidate 0 type array 1
[2024-12-07T22:49:41.653+0800][3.112s][debug][gc,humongous      ] GC(24) Live humongous region 146 object size 1048592 start 0x00000000e9200000  with remset 0 code roots 0 is marked 0 reclaim candidate 0 type array 1
[2024-12-07T22:49:41.653+0800][3.112s][debug][gc,humongous      ] GC(24) Live humongous region 148 object size 1048592 start 0x00000000e9400000  with remset 0 code roots 0 is marked 0 reclaim candidate 0 type array 1
[2024-12-07T22:49:41.653+0800][3.112s][debug][gc,humongous      ] GC(24) Live humongous region 150 object size 1048592 start 0x00000000e9600000  with remset 0 code roots 0 is marked 0 reclaim candidate 0 type array 1
[2024-12-07T22:49:41.654+0800][3.112s][debug][gc,humongous      ] GC(24) Live humongous region 152 object size 1048592 start 0x00000000e9800000  with remset 0 code roots 0 is marked 0 reclaim candidate 0 type array 1
[2024-12-07T22:49:41.654+0800][3.112s][debug][gc,humongous      ] GC(24) Live humongous region 154 object size 1048592 start 0x00000000e9a00000  with remset 0 code roots 0 is marked 0 reclaim candidate 0 type array 1
[2024-12-07T22:49:41.654+0800][3.112s][debug][gc,humongous      ] GC(24) Live humongous region 156 object size 1048592 start 0x00000000e9c00000  with remset 0 code roots 0 is marked 0 reclaim candidate 0 type array 1
[2024-12-07T22:49:41.654+0800][3.112s][debug][gc,humongous      ] GC(24) Live humongous region 158 object size 1048592 start 0x00000000e9e00000  with remset 0 code roots 0 is marked 0 reclaim candidate 0 type array 1
[2024-12-07T22:49:41.654+0800][3.112s][debug][gc,humongous      ] GC(24) Live humongous region 160 object size 1048592 start 0x00000000ea000000  with remset 0 code roots 0 is marked 0 reclaim candidate 0 type array 1
[2024-12-07T22:49:41.654+0800][3.112s][debug][gc,humongous      ] GC(24) Live humongous region 162 object size 1048592 start 0x00000000ea200000  with remset 0 code roots 0 is marked 0 reclaim candidate 0 type array 1
[2024-12-07T22:49:41.654+0800][3.113s][debug][gc,humongous      ] GC(24) Live humongous region 164 object size 1048592 start 0x00000000ea400000  with remset 0 code roots 0 is marked 0 reclaim candidate 0 type array 1
[2024-12-07T22:49:41.654+0800][3.113s][debug][gc,humongous      ] GC(24) Live humongous region 166 object size 1048592 start 0x00000000ea600000  with remset 0 code roots 0 is marked 0 reclaim candidate 0 type array 1
[2024-12-07T22:49:41.654+0800][3.113s][debug][gc,humongous      ] GC(24) Live humongous region 168 object size 1048592 start 0x00000000ea800000  with remset 0 code roots 0 is marked 0 reclaim candidate 0 type array 1
[2024-12-07T22:49:41.655+0800][3.113s][debug][gc,humongous      ] GC(24) Live humongous region 170 object size 1048592 start 0x00000000eaa00000  with remset 0 code roots 0 is marked 0 reclaim candidate 0 type array 1
[2024-12-07T22:49:41.655+0800][3.113s][debug][gc,humongous      ] GC(24) Live humongous region 172 object size 1048592 start 0x00000000eac00000  with remset 0 code roots 0 is marked 0 reclaim candidate 0 type array 1
[2024-12-07T22:49:41.655+0800][3.113s][debug][gc,humongous      ] GC(24) Live humongous region 174 object size 1048592 start 0x00000000eae00000  with remset 0 code roots 0 is marked 0 reclaim candidate 0 type array 1
[2024-12-07T22:49:41.655+0800][3.113s][debug][gc,humongous      ] GC(24) Live humongous region 176 object size 1048592 start 0x00000000eb000000  with remset 0 code roots 0 is marked 0 reclaim candidate 0 type array 1
[2024-12-07T22:49:41.655+0800][3.113s][debug][gc,humongous      ] GC(24) Live humongous region 178 object size 1048592 start 0x00000000eb200000  with remset 0 code roots 0 is marked 0 reclaim candidate 0 type array 1
[2024-12-07T22:49:41.655+0800][3.113s][debug][gc,humongous      ] GC(24) Live humongous region 180 object size 1048592 start 0x00000000eb400000  with remset 0 code roots 0 is marked 0 reclaim candidate 0 type array 1
[2024-12-07T22:49:41.655+0800][3.113s][debug][gc,humongous      ] GC(24) Live humongous region 182 object size 1048592 start 0x00000000eb600000  with remset 0 code roots 0 is marked 0 reclaim candidate 0 type array 1
[2024-12-07T22:49:41.655+0800][3.113s][debug][gc,humongous      ] GC(24) Live humongous region 184 object size 1048592 start 0x00000000eb800000  with remset 0 code roots 0 is marked 0 reclaim candidate 0 type array 1
[2024-12-07T22:49:41.655+0800][3.114s][debug][gc,humongous      ] GC(24) Live humongous region 186 object size 1048592 start 0x00000000eba00000  with remset 0 code roots 0 is marked 0 reclaim candidate 0 type array 1
[2024-12-07T22:49:41.655+0800][3.114s][debug][gc,humongous      ] GC(24) Live humongous region 188 object size 1048592 start 0x00000000ebc00000  with remset 0 code roots 0 is marked 0 reclaim candidate 0 type array 1
[2024-12-07T22:49:41.655+0800][3.114s][debug][gc,humongous      ] GC(24) Live humongous region 190 object size 1048592 start 0x00000000ebe00000  with remset 0 code roots 0 is marked 0 reclaim candidate 0 type array 1
[2024-12-07T22:49:41.655+0800][3.114s][debug][gc,humongous      ] GC(24) Live humongous region 192 object size 1048592 start 0x00000000ec000000  with remset 0 code roots 0 is marked 0 reclaim candidate 0 type array 1
[2024-12-07T22:49:41.656+0800][3.114s][debug][gc,humongous      ] GC(24) Live humongous region 194 object size 1048592 start 0x00000000ec200000  with remset 0 code roots 0 is marked 0 reclaim candidate 0 type array 1
[2024-12-07T22:49:41.656+0800][3.114s][debug][gc,humongous      ] GC(24) Live humongous region 196 object size 1048592 start 0x00000000ec400000  with remset 0 code roots 0 is marked 0 reclaim candidate 0 type array 1
[2024-12-07T22:49:41.656+0800][3.114s][debug][gc,humongous      ] GC(24) Live humongous region 198 object size 1048592 start 0x00000000ec600000  with remset 0 code roots 0 is marked 0 reclaim candidate 0 type array 1
[2024-12-07T22:49:41.656+0800][3.114s][debug][gc,humongous      ] GC(24) Live humongous region 200 object size 1048592 start 0x00000000ec800000  with remset 0 code roots 0 is marked 0 reclaim candidate 0 type array 1
[2024-12-07T22:49:41.656+0800][3.114s][debug][gc,humongous      ] GC(24) Live humongous region 202 object size 1048592 start 0x00000000eca00000  with remset 0 code roots 0 is marked 0 reclaim candidate 0 type array 1
[2024-12-07T22:49:41.656+0800][3.114s][debug][gc,humongous      ] GC(24) Live humongous region 204 object size 1048592 start 0x00000000ecc00000  with remset 0 code roots 0 is marked 0 reclaim candidate 0 type array 1
[2024-12-07T22:49:41.656+0800][3.114s][debug][gc,humongous      ] GC(24) Live humongous region 206 object size 1048592 start 0x00000000ece00000  with remset 0 code roots 0 is marked 0 reclaim candidate 0 type array 1
[2024-12-07T22:49:41.656+0800][3.114s][debug][gc,humongous      ] GC(24) Live humongous region 208 object size 1048592 start 0x00000000ed000000  with remset 0 code roots 0 is marked 0 reclaim candidate 0 type array 1
[2024-12-07T22:49:41.656+0800][3.115s][debug][gc,humongous      ] GC(24) Live humongous region 210 object size 1048592 start 0x00000000ed200000  with remset 0 code roots 0 is marked 0 reclaim candidate 0 type array 1
[2024-12-07T22:49:41.656+0800][3.115s][debug][gc,humongous      ] GC(24) Live humongous region 212 object size 1048592 start 0x00000000ed400000  with remset 0 code roots 0 is marked 0 reclaim candidate 0 type array 1
[2024-12-07T22:49:41.656+0800][3.115s][debug][gc,humongous      ] GC(24) Live humongous region 214 object size 1048592 start 0x00000000ed600000  with remset 0 code roots 0 is marked 0 reclaim candidate 0 type array 1
[2024-12-07T22:49:41.657+0800][3.115s][debug][gc,humongous      ] GC(24) Live humongous region 216 object size 1048592 start 0x00000000ed800000  with remset 0 code roots 0 is marked 0 reclaim candidate 0 type array 1
[2024-12-07T22:49:41.657+0800][3.115s][debug][gc,humongous      ] GC(24) Live humongous region 218 object size 1048592 start 0x00000000eda00000  with remset 0 code roots 0 is marked 0 reclaim candidate 0 type array 1
[2024-12-07T22:49:41.657+0800][3.115s][debug][gc,humongous      ] GC(24) Live humongous region 220 object size 1048592 start 0x00000000edc00000  with remset 0 code roots 0 is marked 0 reclaim candidate 0 type array 1
[2024-12-07T22:49:41.657+0800][3.115s][debug][gc,humongous      ] GC(24) Live humongous region 222 object size 1048592 start 0x00000000ede00000  with remset 0 code roots 0 is marked 0 reclaim candidate 0 type array 1
[2024-12-07T22:49:41.657+0800][3.115s][debug][gc,plab           ] GC(24) Young PLAB allocation: allocated: 526944B, wasted: 1664B, unused: 42712B, used: 482568B, undo waste: 0B, 
[2024-12-07T22:49:41.657+0800][3.115s][debug][gc,plab           ] GC(24) Young other allocation: region end waste: 0B, regions filled: 1, direct allocated: 65632B, failure used: 0B, failure wasted: 0B
[2024-12-07T22:49:41.657+0800][3.115s][debug][gc,plab           ] GC(24) Young sizing: calculated: 96512B, actual: 96336B
[2024-12-07T22:49:41.657+0800][3.115s][debug][gc,plab           ] GC(24) Old PLAB allocation: allocated: 0B, wasted: 0B, unused: 0B, used: 0B, undo waste: 0B, 
[2024-12-07T22:49:41.657+0800][3.116s][debug][gc,plab           ] GC(24) Old other allocation: region end waste: 0B, regions filled: 0, direct allocated: 0B, failure used: 0B, failure wasted: 0B
[2024-12-07T22:49:41.657+0800][3.116s][debug][gc,plab           ] GC(24) Old sizing: calculated: 0B, actual: 2064B
[2024-12-07T22:49:41.657+0800][3.116s][debug][gc,alloc,stats    ] Old generation allocation in the last mutator period, old gen allocated: 0B, humongous allocated: 25165824B,old gen growth: 0B.
[2024-12-07T22:49:41.657+0800][3.116s][debug][gc,ihop           ] GC(24) Basic information (value update), threshold: 236873318B (45.00), target occupancy: 526385152B, current occupancy: 211045056B, recent allocation size: 25165824B, recent allocation duration: 95.11ms, recent old gen allocation rate: 264607554.21B/s, recent marking phase length: 0.00ms
[2024-12-07T22:49:41.658+0800][3.116s][debug][gc,ihop           ] GC(24) Adaptive IHOP information (value update), threshold: 236873318B (51.91), internal target occupancy: 456340275B, occupancy: 211045056B, additional buffer size: 26214400B, predicted old gen allocation rate: 129123530.41B/s, predicted marking phase length: 0.00ms, prediction active: false
[2024-12-07T22:49:41.658+0800][3.116s][debug][gc,ergo,refine    ] GC(24) Updated Refinement Zones: green: 18, yellow: 54, red: 90
[2024-12-07T22:49:41.658+0800][3.116s][info ][gc,phases         ] GC(24)   Pre Evacuate Collection Set: 0.1ms
[2024-12-07T22:49:41.658+0800][3.116s][debug][gc,phases         ] GC(24)     Prepare TLABs: 0.1ms
[2024-12-07T22:49:41.658+0800][3.116s][debug][gc,phases         ] GC(24)     Choose Collection Set: 0.1ms
[2024-12-07T22:49:41.658+0800][3.116s][debug][gc,phases         ] GC(24)     Humongous Register: 0.0ms
[2024-12-07T22:49:41.658+0800][3.116s][debug][gc,phases         ] GC(24)     Clear Claimed Marks: 0.0ms
[2024-12-07T22:49:41.658+0800][3.116s][info ][gc,phases         ] GC(24)   Evacuate Collection Set: 6.2ms
[2024-12-07T22:49:41.658+0800][3.117s][debug][gc,phases         ] GC(24)     Ext Root Scanning (ms):   Min:  0.1, Avg:  0.6, Max:  3.0, Diff:  2.9, Sum:  7.6, Workers: 12
[2024-12-07T22:49:41.658+0800][3.117s][debug][gc,phases         ] GC(24)     Update RS (ms):           Min:  0.0, Avg:  0.2, Max:  0.5, Diff:  0.5, Sum:  2.8, Workers: 12
[2024-12-07T22:49:41.658+0800][3.117s][debug][gc,phases         ] GC(24)       Processed Buffers:        Min: 0, Avg:  0.9, Max: 2, Diff: 2, Sum: 11, Workers: 12
[2024-12-07T22:49:41.659+0800][3.117s][debug][gc,phases         ] GC(24)       Scanned Cards:            Min: 0, Avg: 23.3, Max: 52, Diff: 52, Sum: 280, Workers: 12
[2024-12-07T22:49:41.659+0800][3.117s][debug][gc,phases         ] GC(24)       Skipped Cards:            Min: 0, Avg: 12.5, Max: 68, Diff: 68, Sum: 150, Workers: 12
[2024-12-07T22:49:41.659+0800][3.117s][debug][gc,phases         ] GC(24)     Scan RS (ms):             Min:  0.0, Avg:  0.2, Max:  0.5, Diff:  0.5, Sum:  1.9, Workers: 12
[2024-12-07T22:49:41.659+0800][3.117s][debug][gc,phases         ] GC(24)       Scanned Cards:            Min: 0, Avg: 19.4, Max: 57, Diff: 57, Sum: 233, Workers: 12
[2024-12-07T22:49:41.659+0800][3.117s][debug][gc,phases         ] GC(24)       Claimed Cards:            Min: 0, Avg: 23.3, Max: 64, Diff: 64, Sum: 280, Workers: 12
[2024-12-07T22:49:41.659+0800][3.117s][debug][gc,phases         ] GC(24)       Skipped Cards:            Min: 0, Avg: 116.7, Max: 280, Diff: 280, Sum: 1400, Workers: 12
[2024-12-07T22:49:41.659+0800][3.117s][debug][gc,phases         ] GC(24)     Code Root Scanning (ms):  Min:  0.0, Avg:  0.0, Max:  0.0, Diff:  0.0, Sum:  0.0, Workers: 12
[2024-12-07T22:49:41.659+0800][3.117s][debug][gc,phases         ] GC(24)     AOT Root Scanning (ms):   skipped
[2024-12-07T22:49:41.659+0800][3.118s][debug][gc,phases         ] GC(24)     Object Copy (ms):         Min:  0.0, Avg:  0.1, Max:  0.2, Diff:  0.2, Sum:  0.8, Workers: 12
[2024-12-07T22:49:41.659+0800][3.118s][debug][gc,phases         ] GC(24)     Termination (ms):         Min:  0.0, Avg:  2.0, Max:  2.5, Diff:  2.5, Sum: 23.7, Workers: 12
[2024-12-07T22:49:41.659+0800][3.118s][debug][gc,phases         ] GC(24)       Termination Attempts:     Min: 1, Avg:  3.0, Max: 7, Diff: 6, Sum: 36, Workers: 12
[2024-12-07T22:49:41.660+0800][3.118s][debug][gc,phases         ] GC(24)     GC Worker Other (ms):     Min:  0.3, Avg:  1.6, Max:  2.7, Diff:  2.4, Sum: 19.6, Workers: 12
[2024-12-07T22:49:41.660+0800][3.118s][debug][gc,phases         ] GC(24)     GC Worker Total (ms):     Min:  3.2, Avg:  4.7, Max:  5.8, Diff:  2.5, Sum: 56.5, Workers: 12
[2024-12-07T22:49:41.660+0800][3.118s][info ][gc,phases         ] GC(24)   Post Evacuate Collection Set: 10.8ms
[2024-12-07T22:49:41.660+0800][3.118s][debug][gc,phases         ] GC(24)     Code Roots Fixup: 0.0ms
[2024-12-07T22:49:41.660+0800][3.118s][debug][gc,phases         ] GC(24)     Clear Card Table: 0.2ms
[2024-12-07T22:49:41.660+0800][3.118s][debug][gc,phases         ] GC(24)     Reference Processing: 0.2ms
[2024-12-07T22:49:41.660+0800][3.118s][debug][gc,phases,ref     ] GC(24)       Reconsider SoftReferences: 0.1ms
[2024-12-07T22:49:41.660+0800][3.118s][debug][gc,phases,ref     ] GC(24)         SoftRef (ms):             skipped
[2024-12-07T22:49:41.660+0800][3.119s][debug][gc,phases,ref     ] GC(24)       Notify Soft/WeakReferences: 0.0ms
[2024-12-07T22:49:41.660+0800][3.119s][debug][gc,phases,ref     ] GC(24)         SoftRef (ms):             Min:  0.0, Avg:  0.0, Max:  0.0, Diff:  0.0, Sum:  0.0, Workers: 1
[2024-12-07T22:49:41.660+0800][3.119s][debug][gc,phases,ref     ] GC(24)         WeakRef (ms):             Min:  0.0, Avg:  0.0, Max:  0.0, Diff:  0.0, Sum:  0.0, Workers: 1
[2024-12-07T22:49:41.660+0800][3.119s][debug][gc,phases,ref     ] GC(24)         FinalRef (ms):            Min:  0.0, Avg:  0.0, Max:  0.0, Diff:  0.0, Sum:  0.0, Workers: 1
[2024-12-07T22:49:41.661+0800][3.119s][debug][gc,phases,ref     ] GC(24)         Total (ms):               Min:  0.0, Avg:  0.0, Max:  0.0, Diff:  0.0, Sum:  0.0, Workers: 1
[2024-12-07T22:49:41.661+0800][3.119s][debug][gc,phases,ref     ] GC(24)       Notify and keep alive finalizable: 0.1ms
[2024-12-07T22:49:41.661+0800][3.119s][debug][gc,phases,ref     ] GC(24)         FinalRef (ms):            skipped
[2024-12-07T22:49:41.661+0800][3.119s][debug][gc,phases,ref     ] GC(24)       Notify PhantomReferences: 0.0ms
[2024-12-07T22:49:41.661+0800][3.119s][debug][gc,phases,ref     ] GC(24)         PhantomRef (ms):          Min:  0.0, Avg:  0.0, Max:  0.0, Diff:  0.0, Sum:  0.0, Workers: 1
[2024-12-07T22:49:41.661+0800][3.119s][debug][gc,phases,ref     ] GC(24)       SoftReference:
[2024-12-07T22:49:41.661+0800][3.119s][debug][gc,phases,ref     ] GC(24)         Discovered: 0
[2024-12-07T22:49:41.661+0800][3.119s][debug][gc,phases,ref     ] GC(24)         Cleared: 0
[2024-12-07T22:49:41.661+0800][3.120s][debug][gc,phases,ref     ] GC(24)       WeakReference:
[2024-12-07T22:49:41.661+0800][3.120s][debug][gc,phases,ref     ] GC(24)         Discovered: 19
[2024-12-07T22:49:41.661+0800][3.120s][debug][gc,phases,ref     ] GC(24)         Cleared: 19
[2024-12-07T22:49:41.661+0800][3.120s][debug][gc,phases,ref     ] GC(24)       FinalReference:
[2024-12-07T22:49:41.662+0800][3.120s][debug][gc,phases,ref     ] GC(24)         Discovered: 0
[2024-12-07T22:49:41.662+0800][3.120s][debug][gc,phases,ref     ] GC(24)         Cleared: 0
[2024-12-07T22:49:41.662+0800][3.120s][debug][gc,phases,ref     ] GC(24)       PhantomReference:
[2024-12-07T22:49:41.662+0800][3.120s][debug][gc,phases,ref     ] GC(24)         Discovered: 5
[2024-12-07T22:49:41.662+0800][3.120s][debug][gc,phases,ref     ] GC(24)         Cleared: 5
[2024-12-07T22:49:41.662+0800][3.120s][debug][gc,phases         ] GC(24)     Weak Processing: 0.0ms
[2024-12-07T22:49:41.662+0800][3.120s][debug][gc,phases         ] GC(24)     Merge Per-Thread State: 0.0ms
[2024-12-07T22:49:41.662+0800][3.120s][debug][gc,phases         ] GC(24)     Code Roots Purge: 0.0ms
[2024-12-07T22:49:41.662+0800][3.121s][debug][gc,phases         ] GC(24)     Redirty Cards: 0.1ms
[2024-12-07T22:49:41.662+0800][3.121s][debug][gc,phases         ] GC(24)     DerivedPointerTable Update: 0.0ms
[2024-12-07T22:49:41.662+0800][3.121s][debug][gc,phases         ] GC(24)     Free Collection Set: 0.1ms
[2024-12-07T22:49:41.663+0800][3.121s][debug][gc,phases         ] GC(24)     Humongous Reclaim: 10.1ms
[2024-12-07T22:49:41.663+0800][3.121s][debug][gc,phases         ] GC(24)     Start New Collection Set: 0.0ms
[2024-12-07T22:49:41.663+0800][3.121s][debug][gc,phases         ] GC(24)     Resize TLABs: 0.0ms
[2024-12-07T22:49:41.663+0800][3.121s][debug][gc,phases         ] GC(24)     Expand Heap After Collection: 0.0ms
[2024-12-07T22:49:41.663+0800][3.121s][info ][gc,phases         ] GC(24)   Other: 1.8ms
[2024-12-07T22:49:41.663+0800][3.121s][info ][gc,heap           ] GC(24) Eden regions: 1->0(24)
[2024-12-07T22:49:41.663+0800][3.121s][info ][gc,heap           ] GC(24) Survivor regions: 1->1(4)
[2024-12-07T22:49:41.663+0800][3.121s][info ][gc,heap           ] GC(24) Old regions: 2->2
[2024-12-07T22:49:41.663+0800][3.122s][info ][gc,heap           ] GC(24) Humongous regions: 224->200
[2024-12-07T22:49:41.663+0800][3.122s][info ][gc,metaspace      ] GC(24) Metaspace: 652K(4864K)->652K(4864K) NonClass: 599K(4352K)->599K(4352K) Class: 52K(512K)->52K(512K)
[2024-12-07T22:49:41.663+0800][3.122s][debug][gc,heap           ] GC(24) Heap after GC invocations=25 (full 0): garbage-first heap   total 516096K, used 206098K [0x00000000e0000000, 0x0000000100000000)
[2024-12-07T22:49:41.663+0800][3.122s][debug][gc,heap           ] GC(24)   region size 1024K, 1 young (1024K), 1 survivors (1024K)
[2024-12-07T22:49:41.664+0800][3.122s][debug][gc,heap           ] GC(24)  Metaspace       used 652K, capacity 4575K, committed 4864K, reserved 1056768K
[2024-12-07T22:49:41.664+0800][3.122s][debug][gc,heap           ] GC(24)   class space    used 52K, capacity 418K, committed 512K, reserved 1048576K
[2024-12-07T22:49:41.664+0800][3.122s][info ][gc                ] GC(24) Pause Young (Concurrent Start) (G1 Humongous Allocation) 225M->201M(504M) 24.386ms
[2024-12-07T22:49:41.664+0800][3.122s][info ][gc,cpu            ] GC(24) User=0.03s Sys=0.00s Real=0.02s
[2024-12-07T22:49:41.664+0800][3.122s][info ][gc                ] GC(25) Concurrent Cycle
[2024-12-07T22:49:41.664+0800][3.122s][info ][gc,marking        ] GC(25) Concurrent Clear Claimed Marks
[2024-12-07T22:49:41.664+0800][3.122s][info ][gc,marking        ] GC(25) Concurrent Clear Claimed Marks 0.091ms
[2024-12-07T22:49:41.664+0800][3.122s][info ][gc,marking        ] GC(25) Concurrent Scan Root Regions
[2024-12-07T22:49:41.664+0800][3.123s][debug][gc,ergo           ] GC(25) Running G1 Root Region Scan using 1 workers for 1 work units.
[2024-12-07T22:49:41.665+0800][3.123s][info ][gc,marking        ] GC(25) Concurrent Scan Root Regions 0.511ms
[2024-12-07T22:49:41.665+0800][3.123s][info ][gc,marking        ] GC(25) Concurrent Mark (3.123s)
[2024-12-07T22:49:41.665+0800][3.123s][info ][gc,marking        ] GC(25) Concurrent Mark From Roots
[2024-12-07T22:49:41.665+0800][3.123s][info ][gc,task           ] GC(25) Using 5 workers of 5 for marking
[2024-12-07T22:49:41.666+0800][3.124s][debug][gc,stats          ] ---------------------------------------------------------------------
[2024-12-07T22:49:41.666+0800][3.124s][debug][gc,stats          ] Marking Stats, task = 0, calls = 32
[2024-12-07T22:49:41.666+0800][3.124s][debug][gc,stats          ]   Elapsed time = 0.46ms, Termination time = 0.00ms
[2024-12-07T22:49:41.666+0800][3.124s][debug][gc,stats          ]   Step Times (cum): num = 1153, avg = 0.01ms, sd = 0.13ms max = 3.31ms, total = 10.41ms
[2024-12-07T22:49:41.666+0800][3.124s][debug][gc,stats          ]   Mark Stats Cache: hits 4251 misses 101 ratio 97.679
[2024-12-07T22:49:41.666+0800][3.124s][debug][gc,stats          ] ---------------------------------------------------------------------
[2024-12-07T22:49:41.666+0800][3.124s][debug][gc,stats          ] Marking Stats, task = 1, calls = 32
[2024-12-07T22:49:41.666+0800][3.124s][debug][gc,stats          ]   Elapsed time = 0.45ms, Termination time = 0.00ms
[2024-12-07T22:49:41.666+0800][3.124s][debug][gc,stats          ]   Step Times (cum): num = 334, avg = 0.03ms, sd = 0.23ms max = 3.28ms, total = 9.88ms
[2024-12-07T22:49:41.666+0800][3.125s][debug][gc,stats          ]   Mark Stats Cache: hits 706 misses 2 ratio 99.718
[2024-12-07T22:49:41.666+0800][3.125s][debug][gc,stats          ] ---------------------------------------------------------------------
[2024-12-07T22:49:41.666+0800][3.125s][debug][gc,stats          ] Marking Stats, task = 2, calls = 34
[2024-12-07T22:49:41.667+0800][3.125s][debug][gc,stats          ]   Elapsed time = 0.44ms, Termination time = 0.00ms
[2024-12-07T22:49:41.667+0800][3.125s][debug][gc,stats          ]   Step Times (cum): num = 271, avg = 0.04ms, sd = 0.26ms max = 3.30ms, total = 10.32ms
[2024-12-07T22:49:41.667+0800][3.125s][debug][gc,stats          ]   Mark Stats Cache: hits 726 misses 2 ratio 99.725
[2024-12-07T22:49:41.667+0800][3.125s][debug][gc,stats          ] ---------------------------------------------------------------------
[2024-12-07T22:49:41.667+0800][3.125s][debug][gc,stats          ] Marking Stats, task = 3, calls = 32
[2024-12-07T22:49:41.667+0800][3.125s][debug][gc,stats          ]   Elapsed time = 0.44ms, Termination time = 0.00ms
[2024-12-07T22:49:41.667+0800][3.125s][debug][gc,stats          ]   Step Times (cum): num = 355, avg = 0.03ms, sd = 0.23ms max = 3.30ms, total = 10.39ms
[2024-12-07T22:49:41.667+0800][3.125s][debug][gc,stats          ]   Mark Stats Cache: hits 2631 misses 2 ratio 99.924
[2024-12-07T22:49:41.667+0800][3.125s][debug][gc,stats          ] ---------------------------------------------------------------------
[2024-12-07T22:49:41.667+0800][3.126s][debug][gc,stats          ] Marking Stats, task = 4, calls = 1
[2024-12-07T22:49:41.667+0800][3.126s][debug][gc,stats          ]   Elapsed time = 0.42ms, Termination time = 0.00ms
[2024-12-07T22:49:41.668+0800][3.126s][debug][gc,stats          ]   Step Times (cum): num = 367, avg = 0.03ms, sd = 0.22ms max = 3.32ms, total = 10.28ms
[2024-12-07T22:49:41.668+0800][3.126s][debug][gc,stats          ]   Mark Stats Cache: hits 4711 misses 2 ratio 99.958
[2024-12-07T22:49:41.668+0800][3.126s][debug][gc,stats          ] ---------------------------------------------------------------------
[2024-12-07T22:49:41.668+0800][3.126s][info ][gc,marking        ] GC(25) Concurrent Mark From Roots 2.889ms
[2024-12-07T22:49:41.668+0800][3.126s][info ][gc,marking        ] GC(25) Concurrent Preclean
[2024-12-07T22:49:41.668+0800][3.126s][debug][gc,ref,start      ] GC(25) Preclean SoftReferences
[2024-12-07T22:49:41.668+0800][3.126s][debug][gc,ref            ] GC(25) Preclean SoftReferences 0.092ms
[2024-12-07T22:49:41.668+0800][3.126s][debug][gc,ref,start      ] GC(25) Preclean WeakReferences
[2024-12-07T22:49:41.668+0800][3.127s][debug][gc,ref            ] GC(25) Preclean WeakReferences 0.091ms
[2024-12-07T22:49:41.668+0800][3.127s][debug][gc,ref,start      ] GC(25) Preclean FinalReferences
[2024-12-07T22:49:41.668+0800][3.127s][debug][gc,ref            ] GC(25) Preclean FinalReferences 0.098ms
[2024-12-07T22:49:41.668+0800][3.127s][debug][gc,ref,start      ] GC(25) Preclean PhantomReferences
[2024-12-07T22:49:41.669+0800][3.127s][debug][gc,ref            ] GC(25) Preclean PhantomReferences 0.091ms
[2024-12-07T22:49:41.669+0800][3.127s][info ][gc,marking        ] GC(25) Concurrent Preclean 0.784ms
[2024-12-07T22:49:41.669+0800][3.127s][info ][gc,marking        ] GC(25) Concurrent Mark (3.123s, 3.127s) 3.920ms
[2024-12-07T22:49:41.669+0800][3.127s][info ][gc,start          ] GC(25) Pause Remark
[2024-12-07T22:49:41.669+0800][3.127s][debug][gc,phases,start   ] GC(25) Finalize Marking
[2024-12-07T22:49:41.670+0800][3.129s][debug][gc,stats          ] ---------------------------------------------------------------------
[2024-12-07T22:49:41.670+0800][3.129s][debug][gc,stats          ] Marking Stats, task = 0, calls = 105
[2024-12-07T22:49:41.671+0800][3.129s][debug][gc,stats          ]   Elapsed time = 1.02ms, Termination time = 0.83ms
[2024-12-07T22:49:41.671+0800][3.129s][debug][gc,stats          ]   Step Times (cum): num = 1226, avg = 0.01ms, sd = 0.13ms max = 3.31ms, total = 11.23ms
[2024-12-07T22:49:41.671+0800][3.129s][debug][gc,stats          ]   Mark Stats Cache: hits 4251 misses 101 ratio 97.679
[2024-12-07T22:49:41.671+0800][3.129s][debug][gc,stats          ] ---------------------------------------------------------------------
[2024-12-07T22:49:41.671+0800][3.129s][debug][gc,stats          ] Marking Stats, task = 1, calls = 33
[2024-12-07T22:49:41.671+0800][3.129s][debug][gc,stats          ]   Elapsed time = 1.01ms, Termination time = 0.82ms
[2024-12-07T22:49:41.671+0800][3.129s][debug][gc,stats          ]   Step Times (cum): num = 335, avg = 0.03ms, sd = 0.24ms max = 3.28ms, total = 10.70ms
[2024-12-07T22:49:41.671+0800][3.130s][debug][gc,stats          ]   Mark Stats Cache: hits 706 misses 2 ratio 99.718
[2024-12-07T22:49:41.671+0800][3.130s][debug][gc,stats          ] ---------------------------------------------------------------------
[2024-12-07T22:49:41.671+0800][3.130s][debug][gc,stats          ] Marking Stats, task = 2, calls = 35
[2024-12-07T22:49:41.672+0800][3.130s][debug][gc,stats          ]   Elapsed time = 1.01ms, Termination time = 0.82ms
[2024-12-07T22:49:41.672+0800][3.130s][debug][gc,stats          ]   Step Times (cum): num = 272, avg = 0.04ms, sd = 0.26ms max = 3.30ms, total = 11.14ms
[2024-12-07T22:49:41.672+0800][3.130s][debug][gc,stats          ]   Mark Stats Cache: hits 726 misses 2 ratio 99.725
[2024-12-07T22:49:41.672+0800][3.130s][debug][gc,stats          ] ---------------------------------------------------------------------
[2024-12-07T22:49:41.672+0800][3.130s][debug][gc,stats          ] Marking Stats, task = 3, calls = 33
[2024-12-07T22:49:41.672+0800][3.130s][debug][gc,stats          ]   Elapsed time = 1.01ms, Termination time = 0.82ms
[2024-12-07T22:49:41.672+0800][3.130s][debug][gc,stats          ]   Step Times (cum): num = 356, avg = 0.03ms, sd = 0.23ms max = 3.30ms, total = 11.21ms
[2024-12-07T22:49:41.672+0800][3.131s][debug][gc,stats          ]   Mark Stats Cache: hits 2631 misses 2 ratio 99.924
[2024-12-07T22:49:41.672+0800][3.131s][debug][gc,stats          ] ---------------------------------------------------------------------
[2024-12-07T22:49:41.672+0800][3.131s][debug][gc,stats          ] Marking Stats, task = 4, calls = 2
[2024-12-07T22:49:41.673+0800][3.131s][debug][gc,stats          ]   Elapsed time = 1.02ms, Termination time = 0.83ms
[2024-12-07T22:49:41.673+0800][3.131s][debug][gc,stats          ]   Step Times (cum): num = 368, avg = 0.03ms, sd = 0.23ms max = 3.32ms, total = 11.11ms
[2024-12-07T22:49:41.673+0800][3.131s][debug][gc,stats          ]   Mark Stats Cache: hits 4711 misses 2 ratio 99.958
[2024-12-07T22:49:41.673+0800][3.131s][debug][gc,stats          ] ---------------------------------------------------------------------
[2024-12-07T22:49:41.673+0800][3.131s][debug][gc,stats          ] Marking Stats, task = 5, calls = 1
[2024-12-07T22:49:41.673+0800][3.131s][debug][gc,stats          ]   Elapsed time = 1.01ms, Termination time = 0.82ms
[2024-12-07T22:49:41.673+0800][3.131s][debug][gc,stats          ]   Step Times (cum): num = 13, avg = 0.78ms, sd = 0.90ms max = 3.33ms, total = 10.09ms
[2024-12-07T22:49:41.673+0800][3.132s][debug][gc,stats          ]   Mark Stats Cache: hits 0 misses 0 ratio 0.000
[2024-12-07T22:49:41.673+0800][3.132s][debug][gc,stats          ] ---------------------------------------------------------------------
[2024-12-07T22:49:41.673+0800][3.132s][debug][gc,stats          ] Marking Stats, task = 6, calls = 1
[2024-12-07T22:49:41.673+0800][3.132s][debug][gc,stats          ]   Elapsed time = 1.00ms, Termination time = 0.76ms
[2024-12-07T22:49:41.674+0800][3.132s][debug][gc,stats          ]   Step Times (cum): num = 13, avg = 0.77ms, sd = 0.88ms max = 3.20ms, total = 9.97ms
[2024-12-07T22:49:41.674+0800][3.132s][debug][gc,stats          ]   Mark Stats Cache: hits 0 misses 0 ratio 0.000
[2024-12-07T22:49:41.674+0800][3.132s][debug][gc,stats          ] ---------------------------------------------------------------------
[2024-12-07T22:49:41.674+0800][3.132s][debug][gc,stats          ] Marking Stats, task = 7, calls = 1
[2024-12-07T22:49:41.674+0800][3.132s][debug][gc,stats          ]   Elapsed time = 1.07ms, Termination time = 0.76ms
[2024-12-07T22:49:41.674+0800][3.132s][debug][gc,stats          ]   Step Times (cum): num = 13, avg = 0.80ms, sd = 0.83ms max = 3.08ms, total = 10.44ms
[2024-12-07T22:49:41.674+0800][3.132s][debug][gc,stats          ]   Mark Stats Cache: hits 0 misses 0 ratio 0.000
[2024-12-07T22:49:41.674+0800][3.133s][debug][gc,stats          ] ---------------------------------------------------------------------
[2024-12-07T22:49:41.674+0800][3.133s][debug][gc,stats          ] Marking Stats, task = 8, calls = 1
[2024-12-07T22:49:41.674+0800][3.133s][debug][gc,stats          ]   Elapsed time = 0.94ms, Termination time = 0.87ms
[2024-12-07T22:49:41.675+0800][3.133s][debug][gc,stats          ]   Step Times (cum): num = 13, avg = 0.76ms, sd = 0.83ms max = 3.12ms, total = 9.86ms
[2024-12-07T22:49:41.675+0800][3.133s][debug][gc,stats          ]   Mark Stats Cache: hits 0 misses 0 ratio 0.000
[2024-12-07T22:49:41.675+0800][3.133s][debug][gc,stats          ] ---------------------------------------------------------------------
[2024-12-07T22:49:41.675+0800][3.133s][debug][gc,stats          ] Marking Stats, task = 9, calls = 1
[2024-12-07T22:49:41.675+0800][3.133s][debug][gc,stats          ]   Elapsed time = 0.93ms, Termination time = 0.76ms
[2024-12-07T22:49:41.675+0800][3.133s][debug][gc,stats          ]   Step Times (cum): num = 13, avg = 0.73ms, sd = 0.93ms max = 3.40ms, total = 9.46ms
[2024-12-07T22:49:41.675+0800][3.133s][debug][gc,stats          ]   Mark Stats Cache: hits 0 misses 0 ratio 0.000
[2024-12-07T22:49:41.675+0800][3.133s][debug][gc,stats          ] ---------------------------------------------------------------------
[2024-12-07T22:49:41.675+0800][3.134s][debug][gc,stats          ] Marking Stats, task = 10, calls = 1
[2024-12-07T22:49:41.675+0800][3.134s][debug][gc,stats          ]   Elapsed time = 0.93ms, Termination time = 0.76ms
[2024-12-07T22:49:41.675+0800][3.134s][debug][gc,stats          ]   Step Times (cum): num = 13, avg = 0.68ms, sd = 0.92ms max = 3.41ms, total = 8.89ms
[2024-12-07T22:49:41.675+0800][3.134s][debug][gc,stats          ]   Mark Stats Cache: hits 0 misses 0 ratio 0.000
[2024-12-07T22:49:41.676+0800][3.134s][debug][gc,stats          ] ---------------------------------------------------------------------
[2024-12-07T22:49:41.676+0800][3.134s][debug][gc,stats          ] Marking Stats, task = 11, calls = 1
[2024-12-07T22:49:41.676+0800][3.134s][debug][gc,stats          ]   Elapsed time = 0.01ms, Termination time = 0.00ms
[2024-12-07T22:49:41.676+0800][3.134s][debug][gc,stats          ]   Step Times (cum): num = 13, avg = 0.00ms, sd = 0.00ms max = 0.00ms, total = 0.00ms
[2024-12-07T22:49:41.676+0800][3.134s][debug][gc,stats          ]   Mark Stats Cache: hits 0 misses 0 ratio 0.000
[2024-12-07T22:49:41.676+0800][3.134s][debug][gc,stats          ] ---------------------------------------------------------------------
[2024-12-07T22:49:41.676+0800][3.134s][debug][gc,phases         ] GC(25) Finalize Marking 7.091ms
[2024-12-07T22:49:41.676+0800][3.134s][debug][gc,phases,start   ] GC(25) Reference Processing
[2024-12-07T22:49:41.676+0800][3.135s][debug][gc,ref            ] GC(25) Skipped phase1 of Reference Processing due to unavailable references
[2024-12-07T22:49:41.676+0800][3.135s][debug][gc,ref            ] GC(25) Skipped phase2 of Reference Processing due to unavailable references
[2024-12-07T22:49:41.676+0800][3.135s][debug][gc,ref            ] GC(25) Skipped phase3 of Reference Processing due to unavailable references
[2024-12-07T22:49:41.677+0800][3.135s][debug][gc,ref            ] GC(25) Skipped phase4 of Reference Processing due to unavailable references
[2024-12-07T22:49:41.677+0800][3.135s][debug][gc,phases,ref     ] GC(25) Reference Processing: 0.3ms
[2024-12-07T22:49:41.677+0800][3.135s][debug][gc,phases,ref     ] GC(25)   Reconsider SoftReferences: 0.1ms
[2024-12-07T22:49:41.677+0800][3.135s][debug][gc,phases,ref     ] GC(25)     SoftRef (ms):             skipped
[2024-12-07T22:49:41.677+0800][3.135s][debug][gc,phases,ref     ] GC(25)   Notify Soft/WeakReferences: 0.1ms
[2024-12-07T22:49:41.677+0800][3.135s][debug][gc,phases,ref     ] GC(25)     SoftRef (ms):             skipped
[2024-12-07T22:49:41.677+0800][3.135s][debug][gc,phases,ref     ] GC(25)     WeakRef (ms):             skipped
[2024-12-07T22:49:41.677+0800][3.135s][debug][gc,phases,ref     ] GC(25)     FinalRef (ms):            skipped
[2024-12-07T22:49:41.677+0800][3.136s][debug][gc,phases,ref     ] GC(25)     Total (ms):               skipped
[2024-12-07T22:49:41.677+0800][3.136s][debug][gc,phases,ref     ] GC(25)   Notify and keep alive finalizable: 0.1ms
[2024-12-07T22:49:41.677+0800][3.136s][debug][gc,phases,ref     ] GC(25)     FinalRef (ms):            skipped
[2024-12-07T22:49:41.677+0800][3.136s][debug][gc,phases,ref     ] GC(25)   Notify PhantomReferences: 0.1ms
[2024-12-07T22:49:41.678+0800][3.136s][debug][gc,phases,ref     ] GC(25)     PhantomRef (ms):          skipped
[2024-12-07T22:49:41.678+0800][3.136s][debug][gc,phases,ref     ] GC(25)   SoftReference:
[2024-12-07T22:49:41.678+0800][3.136s][debug][gc,phases,ref     ] GC(25)     Discovered: 0
[2024-12-07T22:49:41.678+0800][3.136s][debug][gc,phases,ref     ] GC(25)     Cleared: 0
[2024-12-07T22:49:41.678+0800][3.136s][debug][gc,phases,ref     ] GC(25)   WeakReference:
[2024-12-07T22:49:41.678+0800][3.136s][debug][gc,phases,ref     ] GC(25)     Discovered: 0
[2024-12-07T22:49:41.678+0800][3.136s][debug][gc,phases,ref     ] GC(25)     Cleared: 0
[2024-12-07T22:49:41.678+0800][3.136s][debug][gc,phases,ref     ] GC(25)   FinalReference:
[2024-12-07T22:49:41.678+0800][3.137s][debug][gc,phases,ref     ] GC(25)     Discovered: 0
[2024-12-07T22:49:41.678+0800][3.137s][debug][gc,phases,ref     ] GC(25)     Cleared: 0
[2024-12-07T22:49:41.678+0800][3.137s][debug][gc,phases,ref     ] GC(25)   PhantomReference:
[2024-12-07T22:49:41.678+0800][3.137s][debug][gc,phases,ref     ] GC(25)     Discovered: 0
[2024-12-07T22:49:41.679+0800][3.137s][debug][gc,phases,ref     ] GC(25)     Cleared: 0
[2024-12-07T22:49:41.679+0800][3.137s][debug][gc,phases         ] GC(25) Reference Processing 2.619ms
[2024-12-07T22:49:41.679+0800][3.137s][debug][gc,phases,start   ] GC(25) Weak Processing
[2024-12-07T22:49:41.679+0800][3.137s][debug][gc,phases         ] GC(25) Weak Processing 0.097ms
[2024-12-07T22:49:41.679+0800][3.137s][debug][gc,phases,start   ] GC(25) Class Unloading
[2024-12-07T22:49:41.679+0800][3.137s][debug][gc,phases,start   ] GC(25) ClassLoaderData
[2024-12-07T22:49:41.679+0800][3.138s][debug][gc,phases         ] GC(25) ClassLoaderData 0.093ms
[2024-12-07T22:49:41.679+0800][3.138s][debug][gc,phases,start   ] GC(25) ProtectionDomainCacheTable
[2024-12-07T22:49:41.679+0800][3.138s][debug][gc,phases         ] GC(25) ProtectionDomainCacheTable 0.114ms
[2024-12-07T22:49:41.680+0800][3.138s][info ][gc,stringtable    ] GC(25) Cleaned string and symbol table, strings: 68 processed, 0 removed, symbols: 226 processed, 0 removed
[2024-12-07T22:49:41.680+0800][3.138s][debug][gc,phases         ] GC(25) Class Unloading 0.989ms
[2024-12-07T22:49:41.680+0800][3.138s][debug][gc,phases,start   ] GC(25) Flush Task Caches
[2024-12-07T22:49:41.680+0800][3.139s][debug][gc,stats          ] Mark stats cache hits 13025 misses 109 ratio 99.170
[2024-12-07T22:49:41.680+0800][3.139s][debug][gc,phases         ] GC(25) Flush Task Caches 0.247ms
[2024-12-07T22:49:41.681+0800][3.139s][debug][gc,phases,start   ] GC(25) Update Remembered Set Tracking Before Rebuild
[2024-12-07T22:49:41.681+0800][3.139s][debug][gc,ergo           ] GC(25) Running G1 Update RemSet Tracking Before Rebuild using 2 workers for 504 regions in heap
[2024-12-07T22:49:41.681+0800][3.139s][debug][gc,remset,tracking] GC(25) Remembered Set Tracking update regions total 504, selected 0
[2024-12-07T22:49:41.681+0800][3.139s][debug][gc,phases         ] GC(25) Update Remembered Set Tracking Before Rebuild 0.341ms
[2024-12-07T22:49:41.681+0800][3.139s][debug][gc,phases,start   ] GC(25) Reclaim Empty Regions
[2024-12-07T22:49:41.681+0800][3.139s][debug][gc,phases         ] GC(25) Reclaim Empty Regions 0.184ms
[2024-12-07T22:49:41.681+0800][3.140s][debug][gc,phases,start   ] GC(25) Purge Metaspace
[2024-12-07T22:49:41.681+0800][3.140s][debug][gc,phases         ] GC(25) Purge Metaspace 0.084ms
[2024-12-07T22:49:41.681+0800][3.140s][debug][gc,phases,start   ] GC(25) Report Object Count
[2024-12-07T22:49:41.681+0800][3.140s][debug][gc,phases         ] GC(25) Report Object Count 0.092ms
[2024-12-07T22:49:41.682+0800][3.140s][info ][gc                ] GC(25) Pause Remark 209M->209M(504M) 12.684ms
[2024-12-07T22:49:41.682+0800][3.140s][info ][gc,cpu            ] GC(25) User=0.01s Sys=0.00s Real=0.02s
[2024-12-07T22:49:41.682+0800][3.140s][info ][gc,marking        ] GC(25) Concurrent Rebuild Remembered Sets
[2024-12-07T22:49:41.682+0800][3.140s][info ][gc,marking        ] GC(25) Concurrent Rebuild Remembered Sets 0.301ms
[2024-12-07T22:49:41.682+0800][3.141s][info ][gc,start          ] GC(25) Pause Cleanup
[2024-12-07T22:49:41.682+0800][3.141s][debug][gc,phases,start   ] GC(25) Update Remembered Set Tracking After Rebuild
[2024-12-07T22:49:41.683+0800][3.141s][debug][gc,phases         ] GC(25) Update Remembered Set Tracking After Rebuild 0.099ms
[2024-12-07T22:49:41.683+0800][3.141s][debug][gc,phases,start   ] GC(25) Finalize Concurrent Mark Cleanup
[2024-12-07T22:49:41.683+0800][3.141s][debug][gc,ergo           ] GC(25) request young-only gcs (candidate old regions not available)
[2024-12-07T22:49:41.683+0800][3.141s][debug][gc,phases         ] GC(25) Finalize Concurrent Mark Cleanup 0.294ms
[2024-12-07T22:49:41.683+0800][3.141s][info ][gc                ] GC(25) Pause Cleanup 209M->209M(504M) 0.675ms
[2024-12-07T22:49:41.683+0800][3.141s][info ][gc,cpu            ] GC(25) User=0.00s Sys=0.00s Real=0.00s
[2024-12-07T22:49:41.683+0800][3.142s][info ][gc,marking        ] GC(25) Concurrent Cleanup for Next Mark
[2024-12-07T22:49:41.683+0800][3.142s][debug][gc,ergo           ] GC(25) Running G1 Clear Bitmap with 5 workers for 8 work units.
[2024-12-07T22:49:41.684+0800][3.142s][info ][gc,marking        ] GC(25) Concurrent Cleanup for Next Mark 0.343ms
[2024-12-07T22:49:41.684+0800][3.142s][info ][gc                ] GC(25) Concurrent Cycle 19.814ms
[2024-12-07T22:49:41.766+0800][3.224s][debug][gc,ergo,ihop      ] Request concurrent cycle initiation (occupancy higher than threshold) occupancy: 236978176B allocation request: 1048592B threshold: 236873318B (44.82) source: concurrent humongous allocation
[2024-12-07T22:49:41.766+0800][3.225s][debug][gc,ergo           ] Request concurrent cycle initiation (requested by GC cause). GC cause: G1 Humongous Allocation
[2024-12-07T22:49:41.766+0800][3.225s][debug][gc,heap           ] GC(26) Heap before GC invocations=26 (full 0): garbage-first heap   total 516096K, used 230674K [0x00000000e0000000, 0x0000000100000000)
[2024-12-07T22:49:41.766+0800][3.225s][debug][gc,heap           ] GC(26)   region size 1024K, 2 young (2048K), 1 survivors (1024K)
[2024-12-07T22:49:41.767+0800][3.225s][debug][gc,heap           ] GC(26)  Metaspace       used 652K, capacity 4575K, committed 4864K, reserved 1056768K
[2024-12-07T22:49:41.767+0800][3.225s][debug][gc,heap           ] GC(26)   class space    used 52K, capacity 418K, committed 512K, reserved 1048576K
[2024-12-07T22:49:41.767+0800][3.225s][debug][gc,ergo           ] GC(26) Initiate concurrent cycle (concurrent cycle initiation requested)
[2024-12-07T22:49:41.767+0800][3.225s][info ][gc,start          ] GC(26) Pause Young (Concurrent Start) (G1 Humongous Allocation)
[2024-12-07T22:49:41.767+0800][3.225s][info ][gc,task           ] GC(26) Using 12 workers of 18 for evacuation
[2024-12-07T22:49:41.767+0800][3.225s][debug][gc,tlab           ] GC(26) TLAB totals: thrds: 1  refills: 1 max: 1 slow allocs: 12 max 12 waste: 99.5% gc: 500632B max: 500632B slow: 0B max: 0B fast: 0B max: 0B
[2024-12-07T22:49:41.767+0800][3.225s][debug][gc,alloc,region   ] GC(26) Mutator Allocation stats, regions: 1, wasted size: 0B ( 0.0%)
[2024-12-07T22:49:41.767+0800][3.225s][debug][gc,age            ] GC(26) Desired survivor size 2097152 bytes, new threshold 15 (max threshold 15)
[2024-12-07T22:49:41.767+0800][3.225s][debug][gc,ergo,cset      ] GC(26) Finish choosing CSet. old: 0 regions, predicted old region time: 0.00ms, time remaining: 179.47
[2024-12-07T22:49:41.767+0800][3.226s][debug][gc,task,stats     ] GC(26) GC Termination Stats
[2024-12-07T22:49:41.767+0800][3.226s][debug][gc,task,stats     ] GC(26)      elapsed  --strong roots-- -------termination------- ------waste (KiB)------
[2024-12-07T22:49:41.767+0800][3.226s][debug][gc,task,stats     ] GC(26) thr     ms        ms      %        ms      %    attempts  total   alloc    undo
[2024-12-07T22:49:41.768+0800][3.226s][debug][gc,task,stats     ] GC(26) --- --------- --------- ------ --------- ------ -------- ------- ------- -------
[2024-12-07T22:49:41.769+0800][3.227s][debug][gc,task,stats     ] GC(26)   8      1.37      1.37  99.83      0.00   0.01        1       0       0       0
[2024-12-07T22:49:41.769+0800][3.228s][debug][gc,task,stats     ] GC(26)   5      1.53      0.52  33.81      0.89  58.50       12       0       0       0
[2024-12-07T22:49:41.769+0800][3.228s][debug][gc,task,stats     ] GC(26)   1      1.69      0.78  46.27      0.73  43.32        1       0       0       0
[2024-12-07T22:49:41.769+0800][3.228s][debug][gc,task,stats     ] GC(26)   6      1.74      0.67  38.44      0.76  43.88        5       0       0       0
[2024-12-07T22:49:41.770+0800][3.228s][debug][gc,task,stats     ] GC(26)   0      1.91      1.07  55.81      0.43  22.77        1       0       0       0
[2024-12-07T22:49:41.770+0800][3.228s][debug][gc,task,stats     ] GC(26)   3      1.97      0.56  28.47      0.80  40.56       16       0       0       0
[2024-12-07T22:49:41.770+0800][3.228s][debug][gc,task,stats     ] GC(26)   4      2.05      0.60  29.34      0.79  38.45       13       0       0       0
[2024-12-07T22:49:41.770+0800][3.228s][debug][gc,task,stats     ] GC(26)   9      2.17      1.00  45.78      0.41  18.98        1       0       0       0
[2024-12-07T22:49:41.770+0800][3.228s][debug][gc,task,stats     ] GC(26)  11      2.34      0.45  19.19      0.76  32.47       20       0       0       0
[2024-12-07T22:49:41.770+0800][3.229s][debug][gc,task,stats     ] GC(26)   2      2.73      0.87  31.91      0.58  21.16        1       0       0       0
[2024-12-07T22:49:41.771+0800][3.229s][debug][gc,task,stats     ] GC(26)   7      2.89      0.66  22.76      0.70  24.17        5       0       0       0
[2024-12-07T22:49:41.771+0800][3.229s][debug][gc,task,stats     ] GC(26)  10      2.99      0.45  15.17      0.76  25.57       13       0       0       0
[2024-12-07T22:49:41.771+0800][3.229s][debug][gc,ergo           ] GC(26) Running G1 Clear Card Table Task using 1 workers for 1 units of work for 3 regions.
[2024-12-07T22:49:41.771+0800][3.229s][debug][gc,ref            ] GC(26) Skipped phase1 of Reference Processing due to unavailable references
[2024-12-07T22:49:41.771+0800][3.229s][debug][gc,ref            ] GC(26) Skipped phase3 of Reference Processing due to unavailable references
[2024-12-07T22:49:41.771+0800][3.230s][debug][gc,ergo           ] GC(26) Running G1 Free Collection Set using 1 workers for collection set length 2
[2024-12-07T22:49:41.771+0800][3.230s][debug][gc,humongous      ] GC(26) Live humongous region 0 object size 1048592 start 0x00000000e0000000  with remset 0 code roots 0 is marked 0 reclaim candidate 0 type array 1
[2024-12-07T22:49:41.772+0800][3.230s][debug][gc,humongous      ] GC(26) Live humongous region 2 object size 1048592 start 0x00000000e0200000  with remset 0 code roots 0 is marked 0 reclaim candidate 0 type array 1
[2024-12-07T22:49:41.772+0800][3.230s][debug][gc,humongous      ] GC(26) Live humongous region 4 object size 1048592 start 0x00000000e0400000  with remset 0 code roots 0 is marked 0 reclaim candidate 0 type array 1
[2024-12-07T22:49:41.772+0800][3.230s][debug][gc,humongous      ] GC(26) Live humongous region 6 object size 1048592 start 0x00000000e0600000  with remset 0 code roots 0 is marked 0 reclaim candidate 0 type array 1
[2024-12-07T22:49:41.772+0800][3.230s][debug][gc,humongous      ] GC(26) Live humongous region 8 object size 1048592 start 0x00000000e0800000  with remset 0 code roots 0 is marked 0 reclaim candidate 0 type array 1
[2024-12-07T22:49:41.772+0800][3.230s][debug][gc,humongous      ] GC(26) Live humongous region 10 object size 1048592 start 0x00000000e0a00000  with remset 0 code roots 0 is marked 0 reclaim candidate 0 type array 1
[2024-12-07T22:49:41.772+0800][3.230s][debug][gc,humongous      ] GC(26) Live humongous region 12 object size 1048592 start 0x00000000e0c00000  with remset 0 code roots 0 is marked 0 reclaim candidate 0 type array 1
[2024-12-07T22:49:41.772+0800][3.230s][debug][gc,humongous      ] GC(26) Live humongous region 14 object size 1048592 start 0x00000000e0e00000  with remset 0 code roots 0 is marked 0 reclaim candidate 0 type array 1
[2024-12-07T22:49:41.772+0800][3.230s][debug][gc,humongous      ] GC(26) Live humongous region 16 object size 1048592 start 0x00000000e1000000  with remset 0 code roots 0 is marked 0 reclaim candidate 0 type array 1
[2024-12-07T22:49:41.772+0800][3.231s][debug][gc,humongous      ] GC(26) Live humongous region 18 object size 1048592 start 0x00000000e1200000  with remset 0 code roots 0 is marked 0 reclaim candidate 0 type array 1
[2024-12-07T22:49:41.772+0800][3.231s][debug][gc,humongous      ] GC(26) Live humongous region 20 object size 1048592 start 0x00000000e1400000  with remset 0 code roots 0 is marked 0 reclaim candidate 0 type array 1
[2024-12-07T22:49:41.772+0800][3.231s][debug][gc,humongous      ] GC(26) Live humongous region 22 object size 1048592 start 0x00000000e1600000  with remset 0 code roots 0 is marked 0 reclaim candidate 0 type array 1
[2024-12-07T22:49:41.772+0800][3.231s][debug][gc,humongous      ] GC(26) Live humongous region 24 object size 1048592 start 0x00000000e1800000  with remset 0 code roots 0 is marked 0 reclaim candidate 0 type array 1
[2024-12-07T22:49:41.772+0800][3.231s][debug][gc,humongous      ] GC(26) Live humongous region 26 object size 1048592 start 0x00000000e1a00000  with remset 0 code roots 0 is marked 0 reclaim candidate 0 type array 1
[2024-12-07T22:49:41.773+0800][3.231s][debug][gc,humongous      ] GC(26) Live humongous region 28 object size 1048592 start 0x00000000e1c00000  with remset 0 code roots 0 is marked 0 reclaim candidate 0 type array 1
[2024-12-07T22:49:41.773+0800][3.231s][debug][gc,humongous      ] GC(26) Live humongous region 30 object size 1048592 start 0x00000000e1e00000  with remset 0 code roots 0 is marked 0 reclaim candidate 0 type array 1
[2024-12-07T22:49:41.773+0800][3.231s][debug][gc,humongous      ] GC(26) Live humongous region 32 object size 1048592 start 0x00000000e2000000  with remset 0 code roots 0 is marked 0 reclaim candidate 0 type array 1
[2024-12-07T22:49:41.773+0800][3.231s][debug][gc,humongous      ] GC(26) Live humongous region 34 object size 1048592 start 0x00000000e2200000  with remset 0 code roots 0 is marked 0 reclaim candidate 0 type array 1
[2024-12-07T22:49:41.773+0800][3.231s][debug][gc,humongous      ] GC(26) Live humongous region 36 object size 1048592 start 0x00000000e2400000  with remset 0 code roots 0 is marked 0 reclaim candidate 0 type array 1
[2024-12-07T22:49:41.773+0800][3.231s][debug][gc,humongous      ] GC(26) Live humongous region 38 object size 1048592 start 0x00000000e2600000  with remset 0 code roots 0 is marked 0 reclaim candidate 0 type array 1
[2024-12-07T22:49:41.773+0800][3.231s][debug][gc,humongous      ] GC(26) Live humongous region 40 object size 1048592 start 0x00000000e2800000  with remset 0 code roots 0 is marked 0 reclaim candidate 0 type array 1
[2024-12-07T22:49:41.773+0800][3.231s][debug][gc,humongous      ] GC(26) Live humongous region 42 object size 1048592 start 0x00000000e2a00000  with remset 0 code roots 0 is marked 0 reclaim candidate 0 type array 1
[2024-12-07T22:49:41.773+0800][3.231s][debug][gc,humongous      ] GC(26) Live humongous region 44 object size 1048592 start 0x00000000e2c00000  with remset 0 code roots 0 is marked 0 reclaim candidate 0 type array 1
[2024-12-07T22:49:41.773+0800][3.232s][debug][gc,humongous      ] GC(26) Live humongous region 46 object size 1048592 start 0x00000000e2e00000  with remset 0 code roots 0 is marked 0 reclaim candidate 0 type array 1
[2024-12-07T22:49:41.773+0800][3.232s][debug][gc,humongous      ] GC(26) Live humongous region 48 object size 1048592 start 0x00000000e3000000  with remset 0 code roots 0 is marked 0 reclaim candidate 0 type array 1
[2024-12-07T22:49:41.773+0800][3.232s][debug][gc,humongous      ] GC(26) Live humongous region 50 object size 1048592 start 0x00000000e3200000  with remset 0 code roots 0 is marked 0 reclaim candidate 0 type array 1
[2024-12-07T22:49:41.773+0800][3.232s][debug][gc,humongous      ] GC(26) Live humongous region 52 object size 1048592 start 0x00000000e3400000  with remset 0 code roots 0 is marked 0 reclaim candidate 0 type array 1
[2024-12-07T22:49:41.774+0800][3.232s][debug][gc,humongous      ] GC(26) Live humongous region 54 object size 1048592 start 0x00000000e3600000  with remset 0 code roots 0 is marked 0 reclaim candidate 0 type array 1
[2024-12-07T22:49:41.774+0800][3.232s][debug][gc,humongous      ] GC(26) Live humongous region 56 object size 1048592 start 0x00000000e3800000  with remset 0 code roots 0 is marked 0 reclaim candidate 0 type array 1
[2024-12-07T22:49:41.774+0800][3.232s][debug][gc,humongous      ] GC(26) Live humongous region 58 object size 1048592 start 0x00000000e3a00000  with remset 0 code roots 0 is marked 0 reclaim candidate 0 type array 1
[2024-12-07T22:49:41.774+0800][3.232s][debug][gc,humongous      ] GC(26) Live humongous region 60 object size 1048592 start 0x00000000e3c00000  with remset 0 code roots 0 is marked 0 reclaim candidate 0 type array 1
[2024-12-07T22:49:41.774+0800][3.232s][debug][gc,humongous      ] GC(26) Live humongous region 62 object size 1048592 start 0x00000000e3e00000  with remset 0 code roots 0 is marked 0 reclaim candidate 0 type array 1
[2024-12-07T22:49:41.774+0800][3.232s][debug][gc,humongous      ] GC(26) Live humongous region 64 object size 1048592 start 0x00000000e4000000  with remset 0 code roots 0 is marked 0 reclaim candidate 0 type array 1
[2024-12-07T22:49:41.774+0800][3.232s][debug][gc,humongous      ] GC(26) Live humongous region 66 object size 1048592 start 0x00000000e4200000  with remset 0 code roots 0 is marked 0 reclaim candidate 0 type array 1
[2024-12-07T22:49:41.774+0800][3.232s][debug][gc,humongous      ] GC(26) Live humongous region 68 object size 1048592 start 0x00000000e4400000  with remset 0 code roots 0 is marked 0 reclaim candidate 0 type array 1
[2024-12-07T22:49:41.774+0800][3.232s][debug][gc,humongous      ] GC(26) Live humongous region 70 object size 1048592 start 0x00000000e4600000  with remset 0 code roots 0 is marked 0 reclaim candidate 0 type array 1
[2024-12-07T22:49:41.774+0800][3.232s][debug][gc,humongous      ] GC(26) Live humongous region 72 object size 1048592 start 0x00000000e4800000  with remset 0 code roots 0 is marked 0 reclaim candidate 0 type array 1
[2024-12-07T22:49:41.774+0800][3.233s][debug][gc,humongous      ] GC(26) Live humongous region 74 object size 1048592 start 0x00000000e4a00000  with remset 0 code roots 0 is marked 0 reclaim candidate 0 type array 1
[2024-12-07T22:49:41.774+0800][3.233s][debug][gc,humongous      ] GC(26) Live humongous region 76 object size 1048592 start 0x00000000e4c00000  with remset 0 code roots 0 is marked 0 reclaim candidate 0 type array 1
[2024-12-07T22:49:41.774+0800][3.233s][debug][gc,humongous      ] GC(26) Live humongous region 78 object size 1048592 start 0x00000000e4e00000  with remset 0 code roots 0 is marked 0 reclaim candidate 0 type array 1
[2024-12-07T22:49:41.774+0800][3.233s][debug][gc,humongous      ] GC(26) Live humongous region 80 object size 1048592 start 0x00000000e5000000  with remset 0 code roots 0 is marked 0 reclaim candidate 0 type array 1
[2024-12-07T22:49:41.774+0800][3.233s][debug][gc,humongous      ] GC(26) Live humongous region 82 object size 1048592 start 0x00000000e5200000  with remset 0 code roots 0 is marked 0 reclaim candidate 0 type array 1
[2024-12-07T22:49:41.775+0800][3.233s][debug][gc,humongous      ] GC(26) Live humongous region 84 object size 1048592 start 0x00000000e5400000  with remset 0 code roots 0 is marked 0 reclaim candidate 0 type array 1
[2024-12-07T22:49:41.775+0800][3.233s][debug][gc,humongous      ] GC(26) Live humongous region 86 object size 1048592 start 0x00000000e5600000  with remset 0 code roots 0 is marked 0 reclaim candidate 0 type array 1
[2024-12-07T22:49:41.775+0800][3.233s][debug][gc,humongous      ] GC(26) Dead humongous region 88 object size 1048592 start 0x00000000e5800000 with remset 0 code roots 0 is marked 0 reclaim candidate 1 type array 1
[2024-12-07T22:49:41.775+0800][3.233s][debug][gc,humongous      ] GC(26) Dead humongous region 90 object size 1048592 start 0x00000000e5a00000 with remset 0 code roots 0 is marked 0 reclaim candidate 1 type array 1
[2024-12-07T22:49:41.775+0800][3.233s][debug][gc,humongous      ] GC(26) Dead humongous region 92 object size 1048592 start 0x00000000e5c00000 with remset 0 code roots 0 is marked 0 reclaim candidate 1 type array 1
[2024-12-07T22:49:41.775+0800][3.233s][debug][gc,humongous      ] GC(26) Dead humongous region 94 object size 1048592 start 0x00000000e5e00000 with remset 0 code roots 0 is marked 0 reclaim candidate 1 type array 1
[2024-12-07T22:49:41.775+0800][3.233s][debug][gc,humongous      ] GC(26) Dead humongous region 96 object size 1048592 start 0x00000000e6000000 with remset 0 code roots 0 is marked 0 reclaim candidate 1 type array 1
[2024-12-07T22:49:41.775+0800][3.233s][debug][gc,humongous      ] GC(26) Dead humongous region 98 object size 1048592 start 0x00000000e6200000 with remset 0 code roots 0 is marked 0 reclaim candidate 1 type array 1
[2024-12-07T22:49:41.775+0800][3.234s][debug][gc,humongous      ] GC(26) Dead humongous region 100 object size 1048592 start 0x00000000e6400000 with remset 0 code roots 0 is marked 0 reclaim candidate 1 type array 1
[2024-12-07T22:49:41.775+0800][3.234s][debug][gc,humongous      ] GC(26) Dead humongous region 102 object size 1048592 start 0x00000000e6600000 with remset 0 code roots 0 is marked 0 reclaim candidate 1 type array 1
[2024-12-07T22:49:41.775+0800][3.234s][debug][gc,humongous      ] GC(26) Dead humongous region 104 object size 1048592 start 0x00000000e6800000 with remset 0 code roots 0 is marked 0 reclaim candidate 1 type array 1
[2024-12-07T22:49:41.775+0800][3.234s][debug][gc,humongous      ] GC(26) Dead humongous region 106 object size 1048592 start 0x00000000e6a00000 with remset 0 code roots 0 is marked 0 reclaim candidate 1 type array 1
[2024-12-07T22:49:41.776+0800][3.234s][debug][gc,humongous      ] GC(26) Dead humongous region 108 object size 1048592 start 0x00000000e6c00000 with remset 0 code roots 0 is marked 0 reclaim candidate 1 type array 1
[2024-12-07T22:49:41.776+0800][3.234s][debug][gc,humongous      ] GC(26) Dead humongous region 110 object size 1048592 start 0x00000000e6e00000 with remset 0 code roots 0 is marked 0 reclaim candidate 1 type array 1
[2024-12-07T22:49:41.776+0800][3.234s][debug][gc,humongous      ] GC(26) Live humongous region 112 object size 1048592 start 0x00000000e7000000  with remset 0 code roots 0 is marked 0 reclaim candidate 0 type array 1
[2024-12-07T22:49:41.776+0800][3.234s][debug][gc,humongous      ] GC(26) Live humongous region 114 object size 1048592 start 0x00000000e7200000  with remset 0 code roots 0 is marked 0 reclaim candidate 0 type array 1
[2024-12-07T22:49:41.776+0800][3.234s][debug][gc,humongous      ] GC(26) Live humongous region 116 object size 1048592 start 0x00000000e7400000  with remset 0 code roots 0 is marked 0 reclaim candidate 0 type array 1
[2024-12-07T22:49:41.776+0800][3.234s][debug][gc,humongous      ] GC(26) Live humongous region 118 object size 1048592 start 0x00000000e7600000  with remset 0 code roots 0 is marked 0 reclaim candidate 0 type array 1
[2024-12-07T22:49:41.776+0800][3.234s][debug][gc,humongous      ] GC(26) Live humongous region 120 object size 1048592 start 0x00000000e7800000  with remset 0 code roots 0 is marked 0 reclaim candidate 0 type array 1
[2024-12-07T22:49:41.776+0800][3.234s][debug][gc,humongous      ] GC(26) Live humongous region 122 object size 1048592 start 0x00000000e7a00000  with remset 0 code roots 0 is marked 0 reclaim candidate 0 type array 1
[2024-12-07T22:49:41.776+0800][3.234s][debug][gc,humongous      ] GC(26) Live humongous region 124 object size 1048592 start 0x00000000e7c00000  with remset 0 code roots 0 is marked 0 reclaim candidate 0 type array 1
[2024-12-07T22:49:41.776+0800][3.235s][debug][gc,humongous      ] GC(26) Live humongous region 126 object size 1048592 start 0x00000000e7e00000  with remset 0 code roots 0 is marked 0 reclaim candidate 0 type array 1
[2024-12-07T22:49:41.776+0800][3.235s][debug][gc,humongous      ] GC(26) Live humongous region 128 object size 1048592 start 0x00000000e8000000  with remset 0 code roots 0 is marked 0 reclaim candidate 0 type array 1
[2024-12-07T22:49:41.776+0800][3.235s][debug][gc,humongous      ] GC(26) Live humongous region 130 object size 1048592 start 0x00000000e8200000  with remset 0 code roots 0 is marked 0 reclaim candidate 0 type array 1
[2024-12-07T22:49:41.776+0800][3.235s][debug][gc,humongous      ] GC(26) Live humongous region 132 object size 1048592 start 0x00000000e8400000  with remset 0 code roots 0 is marked 0 reclaim candidate 0 type array 1
[2024-12-07T22:49:41.777+0800][3.235s][debug][gc,humongous      ] GC(26) Live humongous region 134 object size 1048592 start 0x00000000e8600000  with remset 0 code roots 0 is marked 0 reclaim candidate 0 type array 1
[2024-12-07T22:49:41.777+0800][3.235s][debug][gc,humongous      ] GC(26) Live humongous region 136 object size 1048592 start 0x00000000e8800000  with remset 0 code roots 0 is marked 0 reclaim candidate 0 type array 1
[2024-12-07T22:49:41.777+0800][3.235s][debug][gc,humongous      ] GC(26) Live humongous region 138 object size 1048592 start 0x00000000e8a00000  with remset 0 code roots 0 is marked 0 reclaim candidate 0 type array 1
[2024-12-07T22:49:41.777+0800][3.235s][debug][gc,humongous      ] GC(26) Live humongous region 140 object size 1048592 start 0x00000000e8c00000  with remset 0 code roots 0 is marked 0 reclaim candidate 0 type array 1
[2024-12-07T22:49:41.777+0800][3.235s][debug][gc,humongous      ] GC(26) Live humongous region 142 object size 1048592 start 0x00000000e8e00000  with remset 0 code roots 0 is marked 0 reclaim candidate 0 type array 1
[2024-12-07T22:49:41.777+0800][3.235s][debug][gc,humongous      ] GC(26) Live humongous region 144 object size 1048592 start 0x00000000e9000000  with remset 0 code roots 0 is marked 0 reclaim candidate 0 type array 1
[2024-12-07T22:49:41.777+0800][3.235s][debug][gc,humongous      ] GC(26) Live humongous region 146 object size 1048592 start 0x00000000e9200000  with remset 0 code roots 0 is marked 0 reclaim candidate 0 type array 1
[2024-12-07T22:49:41.777+0800][3.235s][debug][gc,humongous      ] GC(26) Live humongous region 148 object size 1048592 start 0x00000000e9400000  with remset 0 code roots 0 is marked 0 reclaim candidate 0 type array 1
[2024-12-07T22:49:41.777+0800][3.235s][debug][gc,humongous      ] GC(26) Live humongous region 150 object size 1048592 start 0x00000000e9600000  with remset 0 code roots 0 is marked 0 reclaim candidate 0 type array 1
[2024-12-07T22:49:41.777+0800][3.236s][debug][gc,humongous      ] GC(26) Live humongous region 152 object size 1048592 start 0x00000000e9800000  with remset 0 code roots 0 is marked 0 reclaim candidate 0 type array 1
[2024-12-07T22:49:41.777+0800][3.236s][debug][gc,humongous      ] GC(26) Live humongous region 154 object size 1048592 start 0x00000000e9a00000  with remset 0 code roots 0 is marked 0 reclaim candidate 0 type array 1
[2024-12-07T22:49:41.777+0800][3.236s][debug][gc,humongous      ] GC(26) Live humongous region 156 object size 1048592 start 0x00000000e9c00000  with remset 0 code roots 0 is marked 0 reclaim candidate 0 type array 1
[2024-12-07T22:49:41.777+0800][3.236s][debug][gc,humongous      ] GC(26) Live humongous region 158 object size 1048592 start 0x00000000e9e00000  with remset 0 code roots 0 is marked 0 reclaim candidate 0 type array 1
[2024-12-07T22:49:41.777+0800][3.236s][debug][gc,humongous      ] GC(26) Live humongous region 160 object size 1048592 start 0x00000000ea000000  with remset 0 code roots 0 is marked 0 reclaim candidate 0 type array 1
[2024-12-07T22:49:41.778+0800][3.236s][debug][gc,humongous      ] GC(26) Live humongous region 162 object size 1048592 start 0x00000000ea200000  with remset 0 code roots 0 is marked 0 reclaim candidate 0 type array 1
[2024-12-07T22:49:41.778+0800][3.236s][debug][gc,humongous      ] GC(26) Live humongous region 164 object size 1048592 start 0x00000000ea400000  with remset 0 code roots 0 is marked 0 reclaim candidate 0 type array 1
[2024-12-07T22:49:41.778+0800][3.236s][debug][gc,humongous      ] GC(26) Live humongous region 166 object size 1048592 start 0x00000000ea600000  with remset 0 code roots 0 is marked 0 reclaim candidate 0 type array 1
[2024-12-07T22:49:41.778+0800][3.236s][debug][gc,humongous      ] GC(26) Live humongous region 168 object size 1048592 start 0x00000000ea800000  with remset 0 code roots 0 is marked 0 reclaim candidate 0 type array 1
[2024-12-07T22:49:41.778+0800][3.236s][debug][gc,humongous      ] GC(26) Live humongous region 170 object size 1048592 start 0x00000000eaa00000  with remset 0 code roots 0 is marked 0 reclaim candidate 0 type array 1
[2024-12-07T22:49:41.778+0800][3.236s][debug][gc,humongous      ] GC(26) Live humongous region 172 object size 1048592 start 0x00000000eac00000  with remset 0 code roots 0 is marked 0 reclaim candidate 0 type array 1
[2024-12-07T22:49:41.778+0800][3.236s][debug][gc,humongous      ] GC(26) Live humongous region 174 object size 1048592 start 0x00000000eae00000  with remset 0 code roots 0 is marked 0 reclaim candidate 0 type array 1
[2024-12-07T22:49:41.778+0800][3.236s][debug][gc,humongous      ] GC(26) Live humongous region 176 object size 1048592 start 0x00000000eb000000  with remset 0 code roots 0 is marked 0 reclaim candidate 0 type array 1
[2024-12-07T22:49:41.778+0800][3.236s][debug][gc,humongous      ] GC(26) Live humongous region 178 object size 1048592 start 0x00000000eb200000  with remset 0 code roots 0 is marked 0 reclaim candidate 0 type array 1
[2024-12-07T22:49:41.778+0800][3.236s][debug][gc,humongous      ] GC(26) Live humongous region 180 object size 1048592 start 0x00000000eb400000  with remset 0 code roots 0 is marked 0 reclaim candidate 0 type array 1
[2024-12-07T22:49:41.778+0800][3.237s][debug][gc,humongous      ] GC(26) Live humongous region 182 object size 1048592 start 0x00000000eb600000  with remset 0 code roots 0 is marked 0 reclaim candidate 0 type array 1
[2024-12-07T22:49:41.778+0800][3.237s][debug][gc,humongous      ] GC(26) Live humongous region 184 object size 1048592 start 0x00000000eb800000  with remset 0 code roots 0 is marked 0 reclaim candidate 0 type array 1
[2024-12-07T22:49:41.778+0800][3.237s][debug][gc,humongous      ] GC(26) Live humongous region 186 object size 1048592 start 0x00000000eba00000  with remset 0 code roots 0 is marked 0 reclaim candidate 0 type array 1
[2024-12-07T22:49:41.778+0800][3.237s][debug][gc,humongous      ] GC(26) Live humongous region 188 object size 1048592 start 0x00000000ebc00000  with remset 0 code roots 0 is marked 0 reclaim candidate 0 type array 1
[2024-12-07T22:49:41.778+0800][3.237s][debug][gc,humongous      ] GC(26) Live humongous region 190 object size 1048592 start 0x00000000ebe00000  with remset 0 code roots 0 is marked 0 reclaim candidate 0 type array 1
[2024-12-07T22:49:41.779+0800][3.237s][debug][gc,humongous      ] GC(26) Live humongous region 192 object size 1048592 start 0x00000000ec000000  with remset 0 code roots 0 is marked 0 reclaim candidate 0 type array 1
[2024-12-07T22:49:41.779+0800][3.237s][debug][gc,humongous      ] GC(26) Live humongous region 194 object size 1048592 start 0x00000000ec200000  with remset 0 code roots 0 is marked 0 reclaim candidate 0 type array 1
[2024-12-07T22:49:41.779+0800][3.237s][debug][gc,humongous      ] GC(26) Live humongous region 196 object size 1048592 start 0x00000000ec400000  with remset 0 code roots 0 is marked 0 reclaim candidate 0 type array 1
[2024-12-07T22:49:41.779+0800][3.237s][debug][gc,humongous      ] GC(26) Live humongous region 198 object size 1048592 start 0x00000000ec600000  with remset 0 code roots 0 is marked 0 reclaim candidate 0 type array 1
[2024-12-07T22:49:41.779+0800][3.237s][debug][gc,humongous      ] GC(26) Live humongous region 200 object size 1048592 start 0x00000000ec800000  with remset 0 code roots 0 is marked 0 reclaim candidate 0 type array 1
[2024-12-07T22:49:41.779+0800][3.237s][debug][gc,humongous      ] GC(26) Live humongous region 202 object size 1048592 start 0x00000000eca00000  with remset 0 code roots 0 is marked 0 reclaim candidate 0 type array 1
[2024-12-07T22:49:41.779+0800][3.237s][debug][gc,humongous      ] GC(26) Live humongous region 204 object size 1048592 start 0x00000000ecc00000  with remset 0 code roots 0 is marked 0 reclaim candidate 0 type array 1
[2024-12-07T22:49:41.779+0800][3.237s][debug][gc,humongous      ] GC(26) Live humongous region 206 object size 1048592 start 0x00000000ece00000  with remset 0 code roots 0 is marked 0 reclaim candidate 0 type array 1
[2024-12-07T22:49:41.779+0800][3.237s][debug][gc,humongous      ] GC(26) Live humongous region 208 object size 1048592 start 0x00000000ed000000  with remset 0 code roots 0 is marked 0 reclaim candidate 0 type array 1
[2024-12-07T22:49:41.779+0800][3.237s][debug][gc,humongous      ] GC(26) Live humongous region 210 object size 1048592 start 0x00000000ed200000  with remset 0 code roots 0 is marked 0 reclaim candidate 0 type array 1
[2024-12-07T22:49:41.779+0800][3.238s][debug][gc,humongous      ] GC(26) Live humongous region 212 object size 1048592 start 0x00000000ed400000  with remset 0 code roots 0 is marked 0 reclaim candidate 0 type array 1
[2024-12-07T22:49:41.779+0800][3.238s][debug][gc,humongous      ] GC(26) Live humongous region 214 object size 1048592 start 0x00000000ed600000  with remset 0 code roots 0 is marked 0 reclaim candidate 0 type array 1
[2024-12-07T22:49:41.779+0800][3.238s][debug][gc,humongous      ] GC(26) Live humongous region 216 object size 1048592 start 0x00000000ed800000  with remset 0 code roots 0 is marked 0 reclaim candidate 0 type array 1
[2024-12-07T22:49:41.779+0800][3.238s][debug][gc,humongous      ] GC(26) Live humongous region 218 object size 1048592 start 0x00000000eda00000  with remset 0 code roots 0 is marked 0 reclaim candidate 0 type array 1
[2024-12-07T22:49:41.780+0800][3.238s][debug][gc,humongous      ] GC(26) Live humongous region 220 object size 1048592 start 0x00000000edc00000  with remset 0 code roots 0 is marked 0 reclaim candidate 0 type array 1
[2024-12-07T22:49:41.780+0800][3.238s][debug][gc,humongous      ] GC(26) Live humongous region 222 object size 1048592 start 0x00000000ede00000  with remset 0 code roots 0 is marked 0 reclaim candidate 0 type array 1
[2024-12-07T22:49:41.780+0800][3.238s][debug][gc,plab           ] GC(26) Young PLAB allocation: allocated: 505512B, wasted: 2152B, unused: 29080B, used: 474280B, undo waste: 0B, 
[2024-12-07T22:49:41.780+0800][3.238s][debug][gc,plab           ] GC(26) Young other allocation: region end waste: 0B, regions filled: 1, direct allocated: 73920B, failure used: 0B, failure wasted: 0B
[2024-12-07T22:49:41.780+0800][3.238s][debug][gc,plab           ] GC(26) Young sizing: calculated: 94856B, actual: 95224B
[2024-12-07T22:49:41.780+0800][3.238s][debug][gc,plab           ] GC(26) Old PLAB allocation: allocated: 0B, wasted: 0B, unused: 0B, used: 0B, undo waste: 0B, 
[2024-12-07T22:49:41.780+0800][3.238s][debug][gc,plab           ] GC(26) Old other allocation: region end waste: 0B, regions filled: 0, direct allocated: 0B, failure used: 0B, failure wasted: 0B
[2024-12-07T22:49:41.780+0800][3.238s][debug][gc,plab           ] GC(26) Old sizing: calculated: 0B, actual: 2064B
[2024-12-07T22:49:41.780+0800][3.239s][debug][gc,ergo,heap      ] GC(26) Attempt heap expansion (recent GC overhead higher than threshold after GC) recent GC overhead: 12.86 % threshold: 7.69 % uncommitted: 8388608B base expansion amount and scale: 1677721B (73.32%)
[2024-12-07T22:49:41.780+0800][3.239s][debug][gc,ergo,heap      ] GC(26) Expand the heap. requested expansion amount: 1230093B expansion amount: 2097152B
[2024-12-07T22:49:41.780+0800][3.239s][debug][gc,ihop           ] GC(26) Target occupancy update: old: 526385152B, new: 530579456B
[2024-12-07T22:49:41.780+0800][3.239s][debug][gc,alloc,stats    ] Old generation allocation in the last mutator period, old gen allocated: 0B, humongous allocated: 25165824B,old gen growth: 0B.
[2024-12-07T22:49:41.781+0800][3.239s][debug][gc,ihop           ] GC(26) Basic information (value update), threshold: 238760755B (45.00), target occupancy: 530579456B, current occupancy: 211031912B, recent allocation size: 25165824B, recent allocation duration: 96.56ms, recent old gen allocation rate: 260611242.13B/s, recent marking phase length: 0.00ms
[2024-12-07T22:49:41.781+0800][3.239s][debug][gc,ihop           ] GC(26) Adaptive IHOP information (value update), threshold: 238760755B (52.32), internal target occupancy: 456340275B, occupancy: 211031912B, additional buffer size: 26214400B, predicted old gen allocation rate: 124786143.78B/s, predicted marking phase length: 0.00ms, prediction active: false
[2024-12-07T22:49:41.781+0800][3.239s][debug][gc,ergo,refine    ] GC(26) Updated Refinement Zones: green: 18, yellow: 54, red: 90
[2024-12-07T22:49:41.781+0800][3.239s][info ][gc,phases         ] GC(26)   Pre Evacuate Collection Set: 0.2ms
[2024-12-07T22:49:41.781+0800][3.239s][debug][gc,phases         ] GC(26)     Prepare TLABs: 0.1ms
[2024-12-07T22:49:41.781+0800][3.239s][debug][gc,phases         ] GC(26)     Choose Collection Set: 0.1ms
[2024-12-07T22:49:41.781+0800][3.239s][debug][gc,phases         ] GC(26)     Humongous Register: 0.0ms
[2024-12-07T22:49:41.781+0800][3.239s][debug][gc,phases         ] GC(26)     Clear Claimed Marks: 0.0ms
[2024-12-07T22:49:41.781+0800][3.239s][info ][gc,phases         ] GC(26)   Evacuate Collection Set: 3.5ms
[2024-12-07T22:49:41.781+0800][3.240s][debug][gc,phases         ] GC(26)     Ext Root Scanning (ms):   Min:  0.1, Avg:  0.3, Max:  0.4, Diff:  0.4, Sum:  3.3, Workers: 12
[2024-12-07T22:49:41.781+0800][3.240s][debug][gc,phases         ] GC(26)     Update RS (ms):           Min:  0.0, Avg:  0.2, Max:  0.5, Diff:  0.5, Sum:  2.6, Workers: 12
[2024-12-07T22:49:41.781+0800][3.240s][debug][gc,phases         ] GC(26)       Processed Buffers:        Min: 0, Avg:  0.8, Max: 2, Diff: 2, Sum: 10, Workers: 12
[2024-12-07T22:49:41.781+0800][3.240s][debug][gc,phases         ] GC(26)       Scanned Cards:            Min: 0, Avg: 23.3, Max: 56, Diff: 56, Sum: 280, Workers: 12
[2024-12-07T22:49:41.782+0800][3.240s][debug][gc,phases         ] GC(26)       Skipped Cards:            Min: 0, Avg: 13.2, Max: 77, Diff: 77, Sum: 158, Workers: 12
[2024-12-07T22:49:41.782+0800][3.240s][debug][gc,phases         ] GC(26)     Scan RS (ms):             Min:  0.0, Avg:  0.2, Max:  1.0, Diff:  1.0, Sum:  2.6, Workers: 12
[2024-12-07T22:49:41.782+0800][3.240s][debug][gc,phases         ] GC(26)       Scanned Cards:            Min: 0, Avg: 20.1, Max: 62, Diff: 62, Sum: 241, Workers: 12
[2024-12-07T22:49:41.782+0800][3.240s][debug][gc,phases         ] GC(26)       Claimed Cards:            Min: 0, Avg: 23.3, Max: 64, Diff: 64, Sum: 280, Workers: 12
[2024-12-07T22:49:41.782+0800][3.240s][debug][gc,phases         ] GC(26)       Skipped Cards:            Min: 0, Avg: 116.7, Max: 280, Diff: 280, Sum: 1400, Workers: 12
[2024-12-07T22:49:41.782+0800][3.240s][debug][gc,phases         ] GC(26)     Code Root Scanning (ms):  Min:  0.0, Avg:  0.0, Max:  0.0, Diff:  0.0, Sum:  0.0, Workers: 12
[2024-12-07T22:49:41.782+0800][3.240s][debug][gc,phases         ] GC(26)     AOT Root Scanning (ms):   skipped
[2024-12-07T22:49:41.782+0800][3.240s][debug][gc,phases         ] GC(26)     Object Copy (ms):         Min:  0.0, Avg:  0.1, Max:  0.2, Diff:  0.2, Sum:  1.0, Workers: 12
[2024-12-07T22:49:41.782+0800][3.240s][debug][gc,phases         ] GC(26)     Termination (ms):         Min:  0.0, Avg:  0.6, Max:  0.9, Diff:  0.9, Sum:  7.6, Workers: 12
[2024-12-07T22:49:41.782+0800][3.241s][debug][gc,phases         ] GC(26)       Termination Attempts:     Min: 1, Avg:  7.4, Max: 20, Diff: 19, Sum: 89, Workers: 12
[2024-12-07T22:49:41.782+0800][3.241s][debug][gc,phases         ] GC(26)     GC Worker Other (ms):     Min:  0.1, Avg:  0.8, Max:  1.7, Diff:  1.6, Sum:  9.9, Workers: 12
[2024-12-07T22:49:41.782+0800][3.241s][debug][gc,phases         ] GC(26)     GC Worker Total (ms):     Min:  1.5, Avg:  2.3, Max:  3.1, Diff:  1.5, Sum: 27.1, Workers: 12
[2024-12-07T22:49:41.782+0800][3.241s][info ][gc,phases         ] GC(26)   Post Evacuate Collection Set: 8.9ms
[2024-12-07T22:49:41.783+0800][3.241s][debug][gc,phases         ] GC(26)     Code Roots Fixup: 0.0ms
[2024-12-07T22:49:41.783+0800][3.241s][debug][gc,phases         ] GC(26)     Clear Card Table: 0.1ms
[2024-12-07T22:49:41.783+0800][3.241s][debug][gc,phases         ] GC(26)     Reference Processing: 0.3ms
[2024-12-07T22:49:41.783+0800][3.241s][debug][gc,phases,ref     ] GC(26)       Reconsider SoftReferences: 0.1ms
[2024-12-07T22:49:41.783+0800][3.241s][debug][gc,phases,ref     ] GC(26)         SoftRef (ms):             skipped
[2024-12-07T22:49:41.783+0800][3.241s][debug][gc,phases,ref     ] GC(26)       Notify Soft/WeakReferences: 0.1ms
[2024-12-07T22:49:41.783+0800][3.241s][debug][gc,phases,ref     ] GC(26)         SoftRef (ms):             Min:  0.0, Avg:  0.0, Max:  0.0, Diff:  0.0, Sum:  0.0, Workers: 1
[2024-12-07T22:49:41.783+0800][3.241s][debug][gc,phases,ref     ] GC(26)         WeakRef (ms):             Min:  0.0, Avg:  0.0, Max:  0.0, Diff:  0.0, Sum:  0.0, Workers: 1
[2024-12-07T22:49:41.783+0800][3.241s][debug][gc,phases,ref     ] GC(26)         FinalRef (ms):            Min:  0.0, Avg:  0.0, Max:  0.0, Diff:  0.0, Sum:  0.0, Workers: 1
[2024-12-07T22:49:41.783+0800][3.241s][debug][gc,phases,ref     ] GC(26)         Total (ms):               Min:  0.0, Avg:  0.0, Max:  0.0, Diff:  0.0, Sum:  0.0, Workers: 1
[2024-12-07T22:49:41.783+0800][3.242s][debug][gc,phases,ref     ] GC(26)       Notify and keep alive finalizable: 0.1ms
[2024-12-07T22:49:41.783+0800][3.242s][debug][gc,phases,ref     ] GC(26)         FinalRef (ms):            skipped
[2024-12-07T22:49:41.783+0800][3.242s][debug][gc,phases,ref     ] GC(26)       Notify PhantomReferences: 0.0ms
[2024-12-07T22:49:41.783+0800][3.242s][debug][gc,phases,ref     ] GC(26)         PhantomRef (ms):          Min:  0.0, Avg:  0.0, Max:  0.0, Diff:  0.0, Sum:  0.0, Workers: 1
[2024-12-07T22:49:41.784+0800][3.242s][debug][gc,phases,ref     ] GC(26)       SoftReference:
[2024-12-07T22:49:41.784+0800][3.242s][debug][gc,phases,ref     ] GC(26)         Discovered: 0
[2024-12-07T22:49:41.784+0800][3.242s][debug][gc,phases,ref     ] GC(26)         Cleared: 0
[2024-12-07T22:49:41.784+0800][3.242s][debug][gc,phases,ref     ] GC(26)       WeakReference:
[2024-12-07T22:49:41.784+0800][3.242s][debug][gc,phases,ref     ] GC(26)         Discovered: 12
[2024-12-07T22:49:41.784+0800][3.242s][debug][gc,phases,ref     ] GC(26)         Cleared: 12
[2024-12-07T22:49:41.784+0800][3.242s][debug][gc,phases,ref     ] GC(26)       FinalReference:
[2024-12-07T22:49:41.784+0800][3.242s][debug][gc,phases,ref     ] GC(26)         Discovered: 0
[2024-12-07T22:49:41.784+0800][3.242s][debug][gc,phases,ref     ] GC(26)         Cleared: 0
[2024-12-07T22:49:41.784+0800][3.242s][debug][gc,phases,ref     ] GC(26)       PhantomReference:
[2024-12-07T22:49:41.784+0800][3.242s][debug][gc,phases,ref     ] GC(26)         Discovered: 4
[2024-12-07T22:49:41.784+0800][3.243s][debug][gc,phases,ref     ] GC(26)         Cleared: 4
[2024-12-07T22:49:41.784+0800][3.243s][debug][gc,phases         ] GC(26)     Weak Processing: 0.0ms
[2024-12-07T22:49:41.784+0800][3.243s][debug][gc,phases         ] GC(26)     Merge Per-Thread State: 0.0ms
[2024-12-07T22:49:41.784+0800][3.243s][debug][gc,phases         ] GC(26)     Code Roots Purge: 0.0ms
[2024-12-07T22:49:41.784+0800][3.243s][debug][gc,phases         ] GC(26)     Redirty Cards: 0.1ms
[2024-12-07T22:49:41.785+0800][3.243s][debug][gc,phases         ] GC(26)     DerivedPointerTable Update: 0.0ms
[2024-12-07T22:49:41.785+0800][3.243s][debug][gc,phases         ] GC(26)     Free Collection Set: 0.1ms
[2024-12-07T22:49:41.785+0800][3.243s][debug][gc,phases         ] GC(26)     Humongous Reclaim: 8.3ms
[2024-12-07T22:49:41.785+0800][3.243s][debug][gc,phases         ] GC(26)     Start New Collection Set: 0.0ms
[2024-12-07T22:49:41.785+0800][3.243s][debug][gc,phases         ] GC(26)     Resize TLABs: 0.0ms
[2024-12-07T22:49:41.785+0800][3.243s][debug][gc,phases         ] GC(26)     Expand Heap After Collection: 0.0ms
[2024-12-07T22:49:41.785+0800][3.243s][info ][gc,phases         ] GC(26)   Other: 1.8ms
[2024-12-07T22:49:41.785+0800][3.243s][info ][gc,heap           ] GC(26) Eden regions: 1->0(24)
[2024-12-07T22:49:41.785+0800][3.243s][info ][gc,heap           ] GC(26) Survivor regions: 1->1(4)
[2024-12-07T22:49:41.785+0800][3.243s][info ][gc,heap           ] GC(26) Old regions: 2->2
[2024-12-07T22:49:41.785+0800][3.244s][info ][gc,heap           ] GC(26) Humongous regions: 224->200
[2024-12-07T22:49:41.785+0800][3.244s][info ][gc,metaspace      ] GC(26) Metaspace: 652K(4864K)->652K(4864K) NonClass: 599K(4352K)->599K(4352K) Class: 52K(512K)->52K(512K)
[2024-12-07T22:49:41.785+0800][3.244s][debug][gc,heap           ] GC(26) Heap after GC invocations=27 (full 0): garbage-first heap   total 518144K, used 206085K [0x00000000e0000000, 0x0000000100000000)
[2024-12-07T22:49:41.785+0800][3.244s][debug][gc,heap           ] GC(26)   region size 1024K, 1 young (1024K), 1 survivors (1024K)
[2024-12-07T22:49:41.786+0800][3.244s][debug][gc,heap           ] GC(26)  Metaspace       used 652K, capacity 4575K, committed 4864K, reserved 1056768K
[2024-12-07T22:49:41.786+0800][3.244s][debug][gc,heap           ] GC(26)   class space    used 52K, capacity 418K, committed 512K, reserved 1048576K
[2024-12-07T22:49:41.786+0800][3.244s][info ][gc                ] GC(26) Pause Young (Concurrent Start) (G1 Humongous Allocation) 225M->201M(506M) 18.973ms
[2024-12-07T22:49:41.786+0800][3.244s][info ][gc,cpu            ] GC(26) User=0.02s Sys=0.00s Real=0.02s
[2024-12-07T22:49:41.786+0800][3.244s][info ][gc                ] GC(27) Concurrent Cycle
[2024-12-07T22:49:41.786+0800][3.244s][info ][gc,marking        ] GC(27) Concurrent Clear Claimed Marks
[2024-12-07T22:49:41.786+0800][3.244s][info ][gc,marking        ] GC(27) Concurrent Clear Claimed Marks 0.073ms
[2024-12-07T22:49:41.786+0800][3.244s][info ][gc,marking        ] GC(27) Concurrent Scan Root Regions
[2024-12-07T22:49:41.786+0800][3.244s][debug][gc,ergo           ] GC(27) Running G1 Root Region Scan using 1 workers for 1 work units.
[2024-12-07T22:49:41.787+0800][3.245s][info ][gc,marking        ] GC(27) Concurrent Scan Root Regions 0.679ms
[2024-12-07T22:49:41.787+0800][3.245s][info ][gc,marking        ] GC(27) Concurrent Mark (3.245s)
[2024-12-07T22:49:41.787+0800][3.245s][info ][gc,marking        ] GC(27) Concurrent Mark From Roots
[2024-12-07T22:49:41.787+0800][3.245s][info ][gc,task           ] GC(27) Using 5 workers of 5 for marking
[2024-12-07T22:49:41.788+0800][3.246s][debug][gc,stats          ] ---------------------------------------------------------------------
[2024-12-07T22:49:41.788+0800][3.246s][debug][gc,stats          ] Marking Stats, task = 0, calls = 34
[2024-12-07T22:49:41.788+0800][3.246s][debug][gc,stats          ]   Elapsed time = 0.47ms, Termination time = 0.00ms
[2024-12-07T22:49:41.788+0800][3.246s][debug][gc,stats          ]   Step Times (cum): num = 1260, avg = 0.01ms, sd = 0.12ms max = 3.31ms, total = 11.23ms
[2024-12-07T22:49:41.788+0800][3.246s][debug][gc,stats          ]   Mark Stats Cache: hits 4242 misses 101 ratio 97.674
[2024-12-07T22:49:41.788+0800][3.246s][debug][gc,stats          ] ---------------------------------------------------------------------
[2024-12-07T22:49:41.788+0800][3.246s][debug][gc,stats          ] Marking Stats, task = 1, calls = 27
[2024-12-07T22:49:41.788+0800][3.246s][debug][gc,stats          ]   Elapsed time = 0.46ms, Termination time = 0.00ms
[2024-12-07T22:49:41.788+0800][3.246s][debug][gc,stats          ]   Step Times (cum): num = 362, avg = 0.03ms, sd = 0.23ms max = 3.28ms, total = 10.70ms
[2024-12-07T22:49:41.788+0800][3.246s][debug][gc,stats          ]   Mark Stats Cache: hits 2657 misses 2 ratio 99.925
[2024-12-07T22:49:41.788+0800][3.247s][debug][gc,stats          ] ---------------------------------------------------------------------
[2024-12-07T22:49:41.788+0800][3.247s][debug][gc,stats          ] Marking Stats, task = 2, calls = 38
[2024-12-07T22:49:41.788+0800][3.247s][debug][gc,stats          ]   Elapsed time = 0.45ms, Termination time = 0.00ms
[2024-12-07T22:49:41.788+0800][3.247s][debug][gc,stats          ]   Step Times (cum): num = 310, avg = 0.04ms, sd = 0.25ms max = 3.30ms, total = 11.14ms
[2024-12-07T22:49:41.789+0800][3.247s][debug][gc,stats          ]   Mark Stats Cache: hits 678 misses 2 ratio 99.706
[2024-12-07T22:49:41.789+0800][3.247s][debug][gc,stats          ] ---------------------------------------------------------------------
[2024-12-07T22:49:41.789+0800][3.247s][debug][gc,stats          ] Marking Stats, task = 3, calls = 29
[2024-12-07T22:49:41.789+0800][3.247s][debug][gc,stats          ]   Elapsed time = 0.44ms, Termination time = 0.00ms
[2024-12-07T22:49:41.789+0800][3.247s][debug][gc,stats          ]   Step Times (cum): num = 385, avg = 0.03ms, sd = 0.22ms max = 3.30ms, total = 11.21ms
[2024-12-07T22:49:41.789+0800][3.247s][debug][gc,stats          ]   Mark Stats Cache: hits 645 misses 2 ratio 99.691
[2024-12-07T22:49:41.789+0800][3.247s][debug][gc,stats          ] ---------------------------------------------------------------------
[2024-12-07T22:49:41.789+0800][3.247s][debug][gc,stats          ] Marking Stats, task = 4, calls = 1
[2024-12-07T22:49:41.789+0800][3.247s][debug][gc,stats          ]   Elapsed time = 0.43ms, Termination time = 0.00ms
[2024-12-07T22:49:41.789+0800][3.247s][debug][gc,stats          ]   Step Times (cum): num = 369, avg = 0.03ms, sd = 0.23ms max = 3.32ms, total = 11.11ms
[2024-12-07T22:49:41.789+0800][3.247s][debug][gc,stats          ]   Mark Stats Cache: hits 4803 misses 2 ratio 99.958
[2024-12-07T22:49:41.789+0800][3.248s][debug][gc,stats          ] ---------------------------------------------------------------------
[2024-12-07T22:49:41.789+0800][3.248s][info ][gc,marking        ] GC(27) Concurrent Mark From Roots 2.335ms
[2024-12-07T22:49:41.789+0800][3.248s][info ][gc,marking        ] GC(27) Concurrent Preclean
[2024-12-07T22:49:41.789+0800][3.248s][debug][gc,ref,start      ] GC(27) Preclean SoftReferences
[2024-12-07T22:49:41.789+0800][3.248s][debug][gc,ref            ] GC(27) Preclean SoftReferences 0.082ms
[2024-12-07T22:49:41.790+0800][3.248s][debug][gc,ref,start      ] GC(27) Preclean WeakReferences
[2024-12-07T22:49:41.790+0800][3.248s][debug][gc,ref            ] GC(27) Preclean WeakReferences 0.075ms
[2024-12-07T22:49:41.790+0800][3.248s][debug][gc,ref,start      ] GC(27) Preclean FinalReferences
[2024-12-07T22:49:41.790+0800][3.248s][debug][gc,ref            ] GC(27) Preclean FinalReferences 0.072ms
[2024-12-07T22:49:41.790+0800][3.248s][debug][gc,ref,start      ] GC(27) Preclean PhantomReferences
[2024-12-07T22:49:41.790+0800][3.248s][debug][gc,ref            ] GC(27) Preclean PhantomReferences 0.077ms
[2024-12-07T22:49:41.790+0800][3.248s][info ][gc,marking        ] GC(27) Concurrent Preclean 0.769ms
[2024-12-07T22:49:41.790+0800][3.248s][info ][gc,marking        ] GC(27) Concurrent Mark (3.245s, 3.248s) 3.318ms
[2024-12-07T22:49:41.790+0800][3.249s][info ][gc,start          ] GC(27) Pause Remark
[2024-12-07T22:49:41.790+0800][3.249s][debug][gc,phases,start   ] GC(27) Finalize Marking
[2024-12-07T22:49:41.792+0800][3.250s][debug][gc,stats          ] ---------------------------------------------------------------------
[2024-12-07T22:49:41.792+0800][3.251s][debug][gc,stats          ] Marking Stats, task = 0, calls = 107
[2024-12-07T22:49:41.792+0800][3.251s][debug][gc,stats          ]   Elapsed time = 1.58ms, Termination time = 1.23ms
[2024-12-07T22:49:41.792+0800][3.251s][debug][gc,stats          ]   Step Times (cum): num = 1333, avg = 0.01ms, sd = 0.13ms max = 3.31ms, total = 12.47ms
[2024-12-07T22:49:41.793+0800][3.251s][debug][gc,stats          ]   Mark Stats Cache: hits 4242 misses 101 ratio 97.674
[2024-12-07T22:49:41.793+0800][3.251s][debug][gc,stats          ] ---------------------------------------------------------------------
[2024-12-07T22:49:41.793+0800][3.251s][debug][gc,stats          ] Marking Stats, task = 1, calls = 28
[2024-12-07T22:49:41.793+0800][3.251s][debug][gc,stats          ]   Elapsed time = 1.58ms, Termination time = 1.22ms
[2024-12-07T22:49:41.793+0800][3.251s][debug][gc,stats          ]   Step Times (cum): num = 363, avg = 0.03ms, sd = 0.24ms max = 3.28ms, total = 11.92ms
[2024-12-07T22:49:41.793+0800][3.251s][debug][gc,stats          ]   Mark Stats Cache: hits 2657 misses 2 ratio 99.925
[2024-12-07T22:49:41.793+0800][3.251s][debug][gc,stats          ] ---------------------------------------------------------------------
[2024-12-07T22:49:41.793+0800][3.251s][debug][gc,stats          ] Marking Stats, task = 2, calls = 39
[2024-12-07T22:49:41.793+0800][3.251s][debug][gc,stats          ]   Elapsed time = 1.59ms, Termination time = 1.23ms
[2024-12-07T22:49:41.793+0800][3.252s][debug][gc,stats          ]   Step Times (cum): num = 311, avg = 0.04ms, sd = 0.26ms max = 3.30ms, total = 12.38ms
[2024-12-07T22:49:41.793+0800][3.252s][debug][gc,stats          ]   Mark Stats Cache: hits 678 misses 2 ratio 99.706
[2024-12-07T22:49:41.793+0800][3.252s][debug][gc,stats          ] ---------------------------------------------------------------------
[2024-12-07T22:49:41.793+0800][3.252s][debug][gc,stats          ] Marking Stats, task = 3, calls = 30
[2024-12-07T22:49:41.794+0800][3.252s][debug][gc,stats          ]   Elapsed time = 1.58ms, Termination time = 1.23ms
[2024-12-07T22:49:41.794+0800][3.252s][debug][gc,stats          ]   Step Times (cum): num = 386, avg = 0.03ms, sd = 0.23ms max = 3.30ms, total = 12.44ms
[2024-12-07T22:49:41.794+0800][3.252s][debug][gc,stats          ]   Mark Stats Cache: hits 645 misses 2 ratio 99.691
[2024-12-07T22:49:41.794+0800][3.252s][debug][gc,stats          ] ---------------------------------------------------------------------
[2024-12-07T22:49:41.794+0800][3.252s][debug][gc,stats          ] Marking Stats, task = 4, calls = 2
[2024-12-07T22:49:41.794+0800][3.253s][debug][gc,stats          ]   Elapsed time = 1.58ms, Termination time = 1.22ms
[2024-12-07T22:49:41.795+0800][3.253s][debug][gc,stats          ]   Step Times (cum): num = 370, avg = 0.03ms, sd = 0.24ms max = 3.32ms, total = 12.33ms
[2024-12-07T22:49:41.795+0800][3.253s][debug][gc,stats          ]   Mark Stats Cache: hits 4803 misses 2 ratio 99.958
[2024-12-07T22:49:41.795+0800][3.253s][debug][gc,stats          ] ---------------------------------------------------------------------
[2024-12-07T22:49:41.795+0800][3.253s][debug][gc,stats          ] Marking Stats, task = 5, calls = 1
[2024-12-07T22:49:41.795+0800][3.254s][debug][gc,stats          ]   Elapsed time = 1.58ms, Termination time = 1.22ms
[2024-12-07T22:49:41.796+0800][3.254s][debug][gc,stats          ]   Step Times (cum): num = 14, avg = 0.81ms, sd = 0.88ms max = 3.33ms, total = 11.31ms
[2024-12-07T22:49:41.796+0800][3.254s][debug][gc,stats          ]   Mark Stats Cache: hits 0 misses 0 ratio 0.000
[2024-12-07T22:49:41.796+0800][3.254s][debug][gc,stats          ] ---------------------------------------------------------------------
[2024-12-07T22:49:41.796+0800][3.254s][debug][gc,stats          ] Marking Stats, task = 6, calls = 1
[2024-12-07T22:49:41.796+0800][3.254s][debug][gc,stats          ]   Elapsed time = 1.59ms, Termination time = 1.23ms
[2024-12-07T22:49:41.796+0800][3.254s][debug][gc,stats          ]   Step Times (cum): num = 14, avg = 0.80ms, sd = 0.85ms max = 3.20ms, total = 11.20ms
[2024-12-07T22:49:41.796+0800][3.254s][debug][gc,stats          ]   Mark Stats Cache: hits 0 misses 0 ratio 0.000
[2024-12-07T22:49:41.796+0800][3.255s][debug][gc,stats          ] ---------------------------------------------------------------------
[2024-12-07T22:49:41.796+0800][3.255s][debug][gc,stats          ] Marking Stats, task = 7, calls = 1
[2024-12-07T22:49:41.796+0800][3.255s][debug][gc,stats          ]   Elapsed time = 1.45ms, Termination time = 1.24ms
[2024-12-07T22:49:41.797+0800][3.255s][debug][gc,stats          ]   Step Times (cum): num = 14, avg = 0.83ms, sd = 0.80ms max = 3.08ms, total = 11.68ms
[2024-12-07T22:49:41.797+0800][3.255s][debug][gc,stats          ]   Mark Stats Cache: hits 0 misses 0 ratio 0.000
[2024-12-07T22:49:41.797+0800][3.255s][debug][gc,stats          ] ---------------------------------------------------------------------
[2024-12-07T22:49:41.797+0800][3.255s][debug][gc,stats          ] Marking Stats, task = 8, calls = 1
[2024-12-07T22:49:41.797+0800][3.255s][debug][gc,stats          ]   Elapsed time = 1.42ms, Termination time = 1.16ms
[2024-12-07T22:49:41.797+0800][3.255s][debug][gc,stats          ]   Step Times (cum): num = 14, avg = 0.79ms, sd = 0.81ms max = 3.12ms, total = 11.02ms
[2024-12-07T22:49:41.797+0800][3.255s][debug][gc,stats          ]   Mark Stats Cache: hits 0 misses 0 ratio 0.000
[2024-12-07T22:49:41.797+0800][3.255s][debug][gc,stats          ] ---------------------------------------------------------------------
[2024-12-07T22:49:41.797+0800][3.256s][debug][gc,stats          ] Marking Stats, task = 9, calls = 1
[2024-12-07T22:49:41.797+0800][3.256s][debug][gc,stats          ]   Elapsed time = 1.42ms, Termination time = 1.15ms
[2024-12-07T22:49:41.797+0800][3.256s][debug][gc,stats          ]   Step Times (cum): num = 14, avg = 0.76ms, sd = 0.90ms max = 3.40ms, total = 10.62ms
[2024-12-07T22:49:41.798+0800][3.256s][debug][gc,stats          ]   Mark Stats Cache: hits 0 misses 0 ratio 0.000
[2024-12-07T22:49:41.798+0800][3.256s][debug][gc,stats          ] ---------------------------------------------------------------------
[2024-12-07T22:49:41.798+0800][3.256s][debug][gc,stats          ] Marking Stats, task = 10, calls = 1
[2024-12-07T22:49:41.798+0800][3.256s][debug][gc,stats          ]   Elapsed time = 0.21ms, Termination time = 0.00ms
[2024-12-07T22:49:41.798+0800][3.256s][debug][gc,stats          ]   Step Times (cum): num = 14, avg = 0.63ms, sd = 0.90ms max = 3.41ms, total = 8.89ms
[2024-12-07T22:49:41.798+0800][3.256s][debug][gc,stats          ]   Mark Stats Cache: hits 0 misses 0 ratio 0.000
[2024-12-07T22:49:41.798+0800][3.256s][debug][gc,stats          ] ---------------------------------------------------------------------
[2024-12-07T22:49:41.798+0800][3.257s][debug][gc,stats          ] Marking Stats, task = 11, calls = 1
[2024-12-07T22:49:41.798+0800][3.257s][debug][gc,stats          ]   Elapsed time = 0.00ms, Termination time = 0.00ms
[2024-12-07T22:49:41.798+0800][3.257s][debug][gc,stats          ]   Step Times (cum): num = 14, avg = 0.00ms, sd = 0.00ms max = 0.00ms, total = 0.00ms
[2024-12-07T22:49:41.798+0800][3.257s][debug][gc,stats          ]   Mark Stats Cache: hits 0 misses 0 ratio 0.000
[2024-12-07T22:49:41.799+0800][3.257s][debug][gc,stats          ] ---------------------------------------------------------------------
[2024-12-07T22:49:41.799+0800][3.257s][debug][gc,phases         ] GC(27) Finalize Marking 8.206ms
[2024-12-07T22:49:41.799+0800][3.257s][debug][gc,phases,start   ] GC(27) Reference Processing
[2024-12-07T22:49:41.799+0800][3.257s][debug][gc,ref            ] GC(27) Skipped phase1 of Reference Processing due to unavailable references
[2024-12-07T22:49:41.799+0800][3.257s][debug][gc,ref            ] GC(27) Skipped phase2 of Reference Processing due to unavailable references
[2024-12-07T22:49:41.799+0800][3.257s][debug][gc,ref            ] GC(27) Skipped phase3 of Reference Processing due to unavailable references
[2024-12-07T22:49:41.799+0800][3.257s][debug][gc,ref            ] GC(27) Skipped phase4 of Reference Processing due to unavailable references
[2024-12-07T22:49:41.799+0800][3.258s][debug][gc,phases,ref     ] GC(27) Reference Processing: 0.4ms
[2024-12-07T22:49:41.799+0800][3.258s][debug][gc,phases,ref     ] GC(27)   Reconsider SoftReferences: 0.1ms
[2024-12-07T22:49:41.799+0800][3.258s][debug][gc,phases,ref     ] GC(27)     SoftRef (ms):             skipped
[2024-12-07T22:49:41.800+0800][3.258s][debug][gc,phases,ref     ] GC(27)   Notify Soft/WeakReferences: 0.1ms
[2024-12-07T22:49:41.800+0800][3.258s][debug][gc,phases,ref     ] GC(27)     SoftRef (ms):             skipped
[2024-12-07T22:49:41.800+0800][3.258s][debug][gc,phases,ref     ] GC(27)     WeakRef (ms):             skipped
[2024-12-07T22:49:41.800+0800][3.258s][debug][gc,phases,ref     ] GC(27)     FinalRef (ms):            skipped
[2024-12-07T22:49:41.800+0800][3.258s][debug][gc,phases,ref     ] GC(27)     Total (ms):               skipped
[2024-12-07T22:49:41.800+0800][3.258s][debug][gc,phases,ref     ] GC(27)   Notify and keep alive finalizable: 0.1ms
[2024-12-07T22:49:41.800+0800][3.258s][debug][gc,phases,ref     ] GC(27)     FinalRef (ms):            skipped
[2024-12-07T22:49:41.800+0800][3.259s][debug][gc,phases,ref     ] GC(27)   Notify PhantomReferences: 0.1ms
[2024-12-07T22:49:41.800+0800][3.259s][debug][gc,phases,ref     ] GC(27)     PhantomRef (ms):          skipped
[2024-12-07T22:49:41.800+0800][3.259s][debug][gc,phases,ref     ] GC(27)   SoftReference:
[2024-12-07T22:49:41.800+0800][3.259s][debug][gc,phases,ref     ] GC(27)     Discovered: 0
[2024-12-07T22:49:41.801+0800][3.259s][debug][gc,phases,ref     ] GC(27)     Cleared: 0
[2024-12-07T22:49:41.801+0800][3.259s][debug][gc,phases,ref     ] GC(27)   WeakReference:
[2024-12-07T22:49:41.801+0800][3.259s][debug][gc,phases,ref     ] GC(27)     Discovered: 0
[2024-12-07T22:49:41.801+0800][3.259s][debug][gc,phases,ref     ] GC(27)     Cleared: 0
[2024-12-07T22:49:41.801+0800][3.259s][debug][gc,phases,ref     ] GC(27)   FinalReference:
[2024-12-07T22:49:41.801+0800][3.259s][debug][gc,phases,ref     ] GC(27)     Discovered: 0
[2024-12-07T22:49:41.801+0800][3.259s][debug][gc,phases,ref     ] GC(27)     Cleared: 0
[2024-12-07T22:49:41.801+0800][3.259s][debug][gc,phases,ref     ] GC(27)   PhantomReference:
[2024-12-07T22:49:41.801+0800][3.260s][debug][gc,phases,ref     ] GC(27)     Discovered: 0
[2024-12-07T22:49:41.801+0800][3.260s][debug][gc,phases,ref     ] GC(27)     Cleared: 0
[2024-12-07T22:49:41.801+0800][3.260s][debug][gc,phases         ] GC(27) Reference Processing 2.707ms
[2024-12-07T22:49:41.802+0800][3.260s][debug][gc,phases,start   ] GC(27) Weak Processing
[2024-12-07T22:49:41.802+0800][3.260s][debug][gc,phases         ] GC(27) Weak Processing 0.100ms
[2024-12-07T22:49:41.802+0800][3.260s][debug][gc,phases,start   ] GC(27) Class Unloading
[2024-12-07T22:49:41.802+0800][3.260s][debug][gc,phases,start   ] GC(27) ClassLoaderData
[2024-12-07T22:49:41.802+0800][3.260s][debug][gc,phases         ] GC(27) ClassLoaderData 0.096ms
[2024-12-07T22:49:41.802+0800][3.260s][debug][gc,phases,start   ] GC(27) ProtectionDomainCacheTable
[2024-12-07T22:49:41.802+0800][3.260s][debug][gc,phases         ] GC(27) ProtectionDomainCacheTable 0.087ms
[2024-12-07T22:49:41.803+0800][3.261s][info ][gc,stringtable    ] GC(27) Cleaned string and symbol table, strings: 68 processed, 0 removed, symbols: 226 processed, 0 removed
[2024-12-07T22:49:41.803+0800][3.261s][debug][gc,phases         ] GC(27) Class Unloading 0.871ms
[2024-12-07T22:49:41.803+0800][3.261s][debug][gc,phases,start   ] GC(27) Flush Task Caches
[2024-12-07T22:49:41.803+0800][3.261s][debug][gc,stats          ] Mark stats cache hits 13025 misses 109 ratio 99.170
[2024-12-07T22:49:41.803+0800][3.261s][debug][gc,phases         ] GC(27) Flush Task Caches 0.255ms
[2024-12-07T22:49:41.803+0800][3.261s][debug][gc,phases,start   ] GC(27) Update Remembered Set Tracking Before Rebuild
[2024-12-07T22:49:41.803+0800][3.262s][debug][gc,ergo           ] GC(27) Running G1 Update RemSet Tracking Before Rebuild using 2 workers for 506 regions in heap
[2024-12-07T22:49:41.803+0800][3.262s][debug][gc,remset,tracking] GC(27) Remembered Set Tracking update regions total 506, selected 0
[2024-12-07T22:49:41.804+0800][3.262s][debug][gc,phases         ] GC(27) Update Remembered Set Tracking Before Rebuild 0.398ms
[2024-12-07T22:49:41.804+0800][3.262s][debug][gc,phases,start   ] GC(27) Reclaim Empty Regions
[2024-12-07T22:49:41.804+0800][3.262s][debug][gc,phases         ] GC(27) Reclaim Empty Regions 0.196ms
[2024-12-07T22:49:41.804+0800][3.262s][debug][gc,phases,start   ] GC(27) Purge Metaspace
[2024-12-07T22:49:41.804+0800][3.262s][debug][gc,phases         ] GC(27) Purge Metaspace 0.097ms
[2024-12-07T22:49:41.804+0800][3.262s][debug][gc,phases,start   ] GC(27) Report Object Count
[2024-12-07T22:49:41.804+0800][3.263s][debug][gc,phases         ] GC(27) Report Object Count 0.087ms
[2024-12-07T22:49:41.804+0800][3.263s][info ][gc                ] GC(27) Pause Remark 205M->205M(506M) 13.992ms
[2024-12-07T22:49:41.804+0800][3.263s][info ][gc,cpu            ] GC(27) User=0.02s Sys=0.00s Real=0.01s
[2024-12-07T22:49:41.805+0800][3.263s][info ][gc,marking        ] GC(27) Concurrent Rebuild Remembered Sets
[2024-12-07T22:49:41.805+0800][3.263s][info ][gc,marking        ] GC(27) Concurrent Rebuild Remembered Sets 0.304ms
[2024-12-07T22:49:41.805+0800][3.263s][info ][gc,start          ] GC(27) Pause Cleanup
[2024-12-07T22:49:41.805+0800][3.264s][debug][gc,phases,start   ] GC(27) Update Remembered Set Tracking After Rebuild
[2024-12-07T22:49:41.805+0800][3.264s][debug][gc,phases         ] GC(27) Update Remembered Set Tracking After Rebuild 0.108ms
[2024-12-07T22:49:41.805+0800][3.264s][debug][gc,phases,start   ] GC(27) Finalize Concurrent Mark Cleanup
[2024-12-07T22:49:41.806+0800][3.264s][debug][gc,ergo           ] GC(27) request young-only gcs (candidate old regions not available)
[2024-12-07T22:49:41.806+0800][3.264s][debug][gc,phases         ] GC(27) Finalize Concurrent Mark Cleanup 0.313ms
[2024-12-07T22:49:41.806+0800][3.264s][info ][gc                ] GC(27) Pause Cleanup 205M->205M(506M) 0.743ms
[2024-12-07T22:49:41.806+0800][3.264s][info ][gc,cpu            ] GC(27) User=0.00s Sys=0.00s Real=0.00s
[2024-12-07T22:49:41.806+0800][3.264s][info ][gc,marking        ] GC(27) Concurrent Cleanup for Next Mark
[2024-12-07T22:49:41.806+0800][3.264s][debug][gc,ergo           ] GC(27) Running G1 Clear Bitmap with 5 workers for 8 work units.
[2024-12-07T22:49:41.806+0800][3.265s][info ][gc,marking        ] GC(27) Concurrent Cleanup for Next Mark 0.373ms
[2024-12-07T22:49:41.807+0800][3.265s][info ][gc                ] GC(27) Concurrent Cycle 20.632ms
[2024-12-07T22:49:41.994+0800][3.452s][debug][gc,ergo,ihop      ] Request concurrent cycle initiation (occupancy higher than threshold) occupancy: 239075328B allocation request: 1048592B threshold: 238760755B (45.00) source: concurrent humongous allocation
[2024-12-07T22:49:41.995+0800][3.453s][debug][gc,ergo           ] Request concurrent cycle initiation (requested by GC cause). GC cause: G1 Humongous Allocation
[2024-12-07T22:49:41.995+0800][3.454s][debug][gc,heap           ] GC(28) Heap before GC invocations=28 (full 0): garbage-first heap   total 518144K, used 232709K [0x00000000e0000000, 0x0000000100000000)
[2024-12-07T22:49:41.996+0800][3.454s][debug][gc,heap           ] GC(28)   region size 1024K, 2 young (2048K), 1 survivors (1024K)
[2024-12-07T22:49:41.996+0800][3.455s][debug][gc,heap           ] GC(28)  Metaspace       used 652K, capacity 4575K, committed 4864K, reserved 1056768K
[2024-12-07T22:49:41.997+0800][3.455s][debug][gc,heap           ] GC(28)   class space    used 52K, capacity 418K, committed 512K, reserved 1048576K
[2024-12-07T22:49:41.997+0800][3.456s][debug][gc,ergo           ] GC(28) Initiate concurrent cycle (concurrent cycle initiation requested)
[2024-12-07T22:49:41.998+0800][3.456s][info ][gc,start          ] GC(28) Pause Young (Concurrent Start) (G1 Humongous Allocation)
[2024-12-07T22:49:41.998+0800][3.457s][info ][gc,task           ] GC(28) Using 12 workers of 18 for evacuation
[2024-12-07T22:49:41.999+0800][3.457s][debug][gc,tlab           ] GC(28) TLAB totals: thrds: 1  refills: 1 max: 1 slow allocs: 13 max 13 waste: 99.1% gc: 498704B max: 498704B slow: 0B max: 0B fast: 0B max: 0B
[2024-12-07T22:49:41.999+0800][3.458s][debug][gc,alloc,region   ] GC(28) Mutator Allocation stats, regions: 1, wasted size: 0B ( 0.0%)
[2024-12-07T22:49:42.000+0800][3.458s][debug][gc,age            ] GC(28) Desired survivor size 2097152 bytes, new threshold 15 (max threshold 15)
[2024-12-07T22:49:42.000+0800][3.458s][debug][gc,ergo,cset      ] GC(28) Finish choosing CSet. old: 0 regions, predicted old region time: 0.00ms, time remaining: 180.41
[2024-12-07T22:49:42.001+0800][3.459s][debug][gc,task,stats     ] GC(28) GC Termination Stats
[2024-12-07T22:49:42.001+0800][3.460s][debug][gc,task,stats     ] GC(28)      elapsed  --strong roots-- -------termination------- ------waste (KiB)------
[2024-12-07T22:49:42.002+0800][3.460s][debug][gc,task,stats     ] GC(28) thr     ms        ms      %        ms      %    attempts  total   alloc    undo
[2024-12-07T22:49:42.002+0800][3.460s][debug][gc,task,stats     ] GC(28) --- --------- --------- ------ --------- ------ -------- ------- ------- -------
[2024-12-07T22:49:42.005+0800][3.464s][debug][gc,task,stats     ] GC(28)   1      2.72      2.71  99.70      0.00   0.01        1       0       0       0
[2024-12-07T22:49:42.006+0800][3.464s][debug][gc,task,stats     ] GC(28)   5      2.90      1.82  62.94      0.90  30.91        1       0       0       0
[2024-12-07T22:49:42.007+0800][3.465s][debug][gc,task,stats     ] GC(28)   6      3.97      1.81  45.52      0.89  22.33        1       0       0       0
[2024-12-07T22:49:42.007+0800][3.465s][debug][gc,task,stats     ] GC(28)   2      4.33      1.93  44.54      0.89  20.48        1       0       0       0
[2024-12-07T22:49:42.007+0800][3.466s][debug][gc,task,stats     ] GC(28)   7      4.55      1.94  42.73      0.70  15.33        1       0       0       0
[2024-12-07T22:49:42.007+0800][3.466s][debug][gc,task,stats     ] GC(28)   4      4.88      2.08  42.64      0.59  12.11        1       0       0       0
[2024-12-07T22:49:42.008+0800][3.466s][debug][gc,task,stats     ] GC(28)   0      5.41      2.50  46.19      0.30   5.52        1       1       1       0
[2024-12-07T22:49:42.008+0800][3.466s][debug][gc,task,stats     ] GC(28)  11      5.38      2.14  39.80      0.42   7.81        1       0       0       0
[2024-12-07T22:49:42.008+0800][3.467s][debug][gc,task,stats     ] GC(28)   9      5.57      2.02  36.24      0.56  10.06        1       0       0       0
[2024-12-07T22:49:42.008+0800][3.467s][debug][gc,task,stats     ] GC(28)   3      5.83      2.11  36.21      0.59  10.09        1       0       0       0
[2024-12-07T22:49:42.008+0800][3.467s][debug][gc,task,stats     ] GC(28)  10      5.82      2.14  36.73      0.42   7.20        1       0       0       0
[2024-12-07T22:49:42.009+0800][3.467s][debug][gc,task,stats     ] GC(28)   8      5.96      2.07  34.79      0.49   8.20        1       0       0       0
[2024-12-07T22:49:42.009+0800][3.467s][debug][gc,ergo           ] GC(28) Running G1 Clear Card Table Task using 1 workers for 1 units of work for 3 regions.
[2024-12-07T22:49:42.009+0800][3.467s][debug][gc,ref            ] GC(28) Skipped phase1 of Reference Processing due to unavailable references
[2024-12-07T22:49:42.009+0800][3.467s][debug][gc,ref            ] GC(28) Skipped phase3 of Reference Processing due to unavailable references
[2024-12-07T22:49:42.009+0800][3.468s][debug][gc,ergo           ] GC(28) Running G1 Free Collection Set using 1 workers for collection set length 2
[2024-12-07T22:49:42.010+0800][3.468s][debug][gc,humongous      ] GC(28) Live humongous region 0 object size 1048592 start 0x00000000e0000000  with remset 0 code roots 0 is marked 0 reclaim candidate 0 type array 1
[2024-12-07T22:49:42.010+0800][3.468s][debug][gc,humongous      ] GC(28) Live humongous region 2 object size 1048592 start 0x00000000e0200000  with remset 0 code roots 0 is marked 0 reclaim candidate 0 type array 1
[2024-12-07T22:49:42.010+0800][3.468s][debug][gc,humongous      ] GC(28) Live humongous region 4 object size 1048592 start 0x00000000e0400000  with remset 0 code roots 0 is marked 0 reclaim candidate 0 type array 1
[2024-12-07T22:49:42.010+0800][3.468s][debug][gc,humongous      ] GC(28) Live humongous region 6 object size 1048592 start 0x00000000e0600000  with remset 0 code roots 0 is marked 0 reclaim candidate 0 type array 1
[2024-12-07T22:49:42.010+0800][3.468s][debug][gc,humongous      ] GC(28) Live humongous region 8 object size 1048592 start 0x00000000e0800000  with remset 0 code roots 0 is marked 0 reclaim candidate 0 type array 1
[2024-12-07T22:49:42.010+0800][3.468s][debug][gc,humongous      ] GC(28) Live humongous region 10 object size 1048592 start 0x00000000e0a00000  with remset 0 code roots 0 is marked 0 reclaim candidate 0 type array 1
[2024-12-07T22:49:42.010+0800][3.468s][debug][gc,humongous      ] GC(28) Live humongous region 12 object size 1048592 start 0x00000000e0c00000  with remset 0 code roots 0 is marked 0 reclaim candidate 0 type array 1
[2024-12-07T22:49:42.010+0800][3.469s][debug][gc,humongous      ] GC(28) Live humongous region 14 object size 1048592 start 0x00000000e0e00000  with remset 0 code roots 0 is marked 0 reclaim candidate 0 type array 1
[2024-12-07T22:49:42.010+0800][3.469s][debug][gc,humongous      ] GC(28) Live humongous region 16 object size 1048592 start 0x00000000e1000000  with remset 0 code roots 0 is marked 0 reclaim candidate 0 type array 1
[2024-12-07T22:49:42.010+0800][3.469s][debug][gc,humongous      ] GC(28) Live humongous region 18 object size 1048592 start 0x00000000e1200000  with remset 0 code roots 0 is marked 0 reclaim candidate 0 type array 1
[2024-12-07T22:49:42.011+0800][3.469s][debug][gc,humongous      ] GC(28) Live humongous region 20 object size 1048592 start 0x00000000e1400000  with remset 0 code roots 0 is marked 0 reclaim candidate 0 type array 1
[2024-12-07T22:49:42.011+0800][3.469s][debug][gc,humongous      ] GC(28) Live humongous region 22 object size 1048592 start 0x00000000e1600000  with remset 0 code roots 0 is marked 0 reclaim candidate 0 type array 1
[2024-12-07T22:49:42.011+0800][3.469s][debug][gc,humongous      ] GC(28) Live humongous region 24 object size 1048592 start 0x00000000e1800000  with remset 0 code roots 0 is marked 0 reclaim candidate 0 type array 1
[2024-12-07T22:49:42.011+0800][3.469s][debug][gc,humongous      ] GC(28) Live humongous region 26 object size 1048592 start 0x00000000e1a00000  with remset 0 code roots 0 is marked 0 reclaim candidate 0 type array 1
[2024-12-07T22:49:42.011+0800][3.469s][debug][gc,humongous      ] GC(28) Live humongous region 28 object size 1048592 start 0x00000000e1c00000  with remset 0 code roots 0 is marked 0 reclaim candidate 0 type array 1
[2024-12-07T22:49:42.011+0800][3.469s][debug][gc,humongous      ] GC(28) Live humongous region 30 object size 1048592 start 0x00000000e1e00000  with remset 0 code roots 0 is marked 0 reclaim candidate 0 type array 1
[2024-12-07T22:49:42.011+0800][3.470s][debug][gc,humongous      ] GC(28) Live humongous region 32 object size 1048592 start 0x00000000e2000000  with remset 0 code roots 0 is marked 0 reclaim candidate 0 type array 1
[2024-12-07T22:49:42.011+0800][3.470s][debug][gc,humongous      ] GC(28) Live humongous region 34 object size 1048592 start 0x00000000e2200000  with remset 0 code roots 0 is marked 0 reclaim candidate 0 type array 1
[2024-12-07T22:49:42.011+0800][3.470s][debug][gc,humongous      ] GC(28) Live humongous region 36 object size 1048592 start 0x00000000e2400000  with remset 0 code roots 0 is marked 0 reclaim candidate 0 type array 1
[2024-12-07T22:49:42.012+0800][3.470s][debug][gc,humongous      ] GC(28) Live humongous region 38 object size 1048592 start 0x00000000e2600000  with remset 0 code roots 0 is marked 0 reclaim candidate 0 type array 1
[2024-12-07T22:49:42.012+0800][3.470s][debug][gc,humongous      ] GC(28) Live humongous region 40 object size 1048592 start 0x00000000e2800000  with remset 0 code roots 0 is marked 0 reclaim candidate 0 type array 1
[2024-12-07T22:49:42.012+0800][3.470s][debug][gc,humongous      ] GC(28) Live humongous region 42 object size 1048592 start 0x00000000e2a00000  with remset 0 code roots 0 is marked 0 reclaim candidate 0 type array 1
[2024-12-07T22:49:42.012+0800][3.470s][debug][gc,humongous      ] GC(28) Live humongous region 44 object size 1048592 start 0x00000000e2c00000  with remset 0 code roots 0 is marked 0 reclaim candidate 0 type array 1
[2024-12-07T22:49:42.012+0800][3.470s][debug][gc,humongous      ] GC(28) Live humongous region 46 object size 1048592 start 0x00000000e2e00000  with remset 0 code roots 0 is marked 0 reclaim candidate 0 type array 1
[2024-12-07T22:49:42.012+0800][3.470s][debug][gc,humongous      ] GC(28) Live humongous region 48 object size 1048592 start 0x00000000e3000000  with remset 0 code roots 0 is marked 0 reclaim candidate 0 type array 1
[2024-12-07T22:49:42.012+0800][3.471s][debug][gc,humongous      ] GC(28) Live humongous region 50 object size 1048592 start 0x00000000e3200000  with remset 0 code roots 0 is marked 0 reclaim candidate 0 type array 1
[2024-12-07T22:49:42.012+0800][3.471s][debug][gc,humongous      ] GC(28) Live humongous region 52 object size 1048592 start 0x00000000e3400000  with remset 0 code roots 0 is marked 0 reclaim candidate 0 type array 1
[2024-12-07T22:49:42.012+0800][3.471s][debug][gc,humongous      ] GC(28) Live humongous region 54 object size 1048592 start 0x00000000e3600000  with remset 0 code roots 0 is marked 0 reclaim candidate 0 type array 1
[2024-12-07T22:49:42.013+0800][3.471s][debug][gc,humongous      ] GC(28) Live humongous region 56 object size 1048592 start 0x00000000e3800000  with remset 0 code roots 0 is marked 0 reclaim candidate 0 type array 1
[2024-12-07T22:49:42.013+0800][3.471s][debug][gc,humongous      ] GC(28) Live humongous region 58 object size 1048592 start 0x00000000e3a00000  with remset 0 code roots 0 is marked 0 reclaim candidate 0 type array 1
[2024-12-07T22:49:42.013+0800][3.471s][debug][gc,humongous      ] GC(28) Live humongous region 60 object size 1048592 start 0x00000000e3c00000  with remset 0 code roots 0 is marked 0 reclaim candidate 0 type array 1
[2024-12-07T22:49:42.013+0800][3.471s][debug][gc,humongous      ] GC(28) Live humongous region 62 object size 1048592 start 0x00000000e3e00000  with remset 0 code roots 0 is marked 0 reclaim candidate 0 type array 1
[2024-12-07T22:49:42.013+0800][3.471s][debug][gc,humongous      ] GC(28) Live humongous region 64 object size 1048592 start 0x00000000e4000000  with remset 0 code roots 0 is marked 0 reclaim candidate 0 type array 1
[2024-12-07T22:49:42.013+0800][3.471s][debug][gc,humongous      ] GC(28) Live humongous region 66 object size 1048592 start 0x00000000e4200000  with remset 0 code roots 0 is marked 0 reclaim candidate 0 type array 1
[2024-12-07T22:49:42.013+0800][3.471s][debug][gc,humongous      ] GC(28) Live humongous region 68 object size 1048592 start 0x00000000e4400000  with remset 0 code roots 0 is marked 0 reclaim candidate 0 type array 1
[2024-12-07T22:49:42.013+0800][3.471s][debug][gc,humongous      ] GC(28) Live humongous region 70 object size 1048592 start 0x00000000e4600000  with remset 0 code roots 0 is marked 0 reclaim candidate 0 type array 1
[2024-12-07T22:49:42.013+0800][3.472s][debug][gc,humongous      ] GC(28) Live humongous region 72 object size 1048592 start 0x00000000e4800000  with remset 0 code roots 0 is marked 0 reclaim candidate 0 type array 1
[2024-12-07T22:49:42.013+0800][3.472s][debug][gc,humongous      ] GC(28) Live humongous region 74 object size 1048592 start 0x00000000e4a00000  with remset 0 code roots 0 is marked 0 reclaim candidate 0 type array 1
[2024-12-07T22:49:42.013+0800][3.472s][debug][gc,humongous      ] GC(28) Live humongous region 76 object size 1048592 start 0x00000000e4c00000  with remset 0 code roots 0 is marked 0 reclaim candidate 0 type array 1
[2024-12-07T22:49:42.014+0800][3.472s][debug][gc,humongous      ] GC(28) Live humongous region 78 object size 1048592 start 0x00000000e4e00000  with remset 0 code roots 0 is marked 0 reclaim candidate 0 type array 1
[2024-12-07T22:49:42.014+0800][3.472s][debug][gc,humongous      ] GC(28) Live humongous region 80 object size 1048592 start 0x00000000e5000000  with remset 0 code roots 0 is marked 0 reclaim candidate 0 type array 1
[2024-12-07T22:49:42.014+0800][3.472s][debug][gc,humongous      ] GC(28) Live humongous region 82 object size 1048592 start 0x00000000e5200000  with remset 0 code roots 0 is marked 0 reclaim candidate 0 type array 1
[2024-12-07T22:49:42.014+0800][3.472s][debug][gc,humongous      ] GC(28) Live humongous region 84 object size 1048592 start 0x00000000e5400000  with remset 0 code roots 0 is marked 0 reclaim candidate 0 type array 1
[2024-12-07T22:49:42.014+0800][3.472s][debug][gc,humongous      ] GC(28) Live humongous region 86 object size 1048592 start 0x00000000e5600000  with remset 0 code roots 0 is marked 0 reclaim candidate 0 type array 1
[2024-12-07T22:49:42.014+0800][3.472s][debug][gc,humongous      ] GC(28) Live humongous region 88 object size 1048592 start 0x00000000e5800000  with remset 0 code roots 0 is marked 0 reclaim candidate 0 type array 1
[2024-12-07T22:49:42.014+0800][3.472s][debug][gc,humongous      ] GC(28) Live humongous region 90 object size 1048592 start 0x00000000e5a00000  with remset 0 code roots 0 is marked 0 reclaim candidate 0 type array 1
[2024-12-07T22:49:42.014+0800][3.473s][debug][gc,humongous      ] GC(28) Live humongous region 92 object size 1048592 start 0x00000000e5c00000  with remset 0 code roots 0 is marked 0 reclaim candidate 0 type array 1
[2024-12-07T22:49:42.014+0800][3.473s][debug][gc,humongous      ] GC(28) Live humongous region 94 object size 1048592 start 0x00000000e5e00000  with remset 0 code roots 0 is marked 0 reclaim candidate 0 type array 1
[2024-12-07T22:49:42.014+0800][3.473s][debug][gc,humongous      ] GC(28) Live humongous region 96 object size 1048592 start 0x00000000e6000000  with remset 0 code roots 0 is marked 0 reclaim candidate 0 type array 1
[2024-12-07T22:49:42.015+0800][3.473s][debug][gc,humongous      ] GC(28) Live humongous region 98 object size 1048592 start 0x00000000e6200000  with remset 0 code roots 0 is marked 0 reclaim candidate 0 type array 1
[2024-12-07T22:49:42.015+0800][3.473s][debug][gc,humongous      ] GC(28) Live humongous region 100 object size 1048592 start 0x00000000e6400000  with remset 0 code roots 0 is marked 0 reclaim candidate 0 type array 1
[2024-12-07T22:49:42.015+0800][3.473s][debug][gc,humongous      ] GC(28) Live humongous region 102 object size 1048592 start 0x00000000e6600000  with remset 0 code roots 0 is marked 0 reclaim candidate 0 type array 1
[2024-12-07T22:49:42.015+0800][3.473s][debug][gc,humongous      ] GC(28) Live humongous region 104 object size 1048592 start 0x00000000e6800000  with remset 0 code roots 0 is marked 0 reclaim candidate 0 type array 1
[2024-12-07T22:49:42.015+0800][3.473s][debug][gc,humongous      ] GC(28) Live humongous region 106 object size 1048592 start 0x00000000e6a00000  with remset 0 code roots 0 is marked 0 reclaim candidate 0 type array 1
[2024-12-07T22:49:42.015+0800][3.474s][debug][gc,humongous      ] GC(28) Live humongous region 108 object size 1048592 start 0x00000000e6c00000  with remset 0 code roots 0 is marked 0 reclaim candidate 0 type array 1
[2024-12-07T22:49:42.015+0800][3.474s][debug][gc,humongous      ] GC(28) Live humongous region 110 object size 1048592 start 0x00000000e6e00000  with remset 0 code roots 0 is marked 0 reclaim candidate 0 type array 1
[2024-12-07T22:49:42.015+0800][3.474s][debug][gc,humongous      ] GC(28) Dead humongous region 112 object size 1048592 start 0x00000000e7000000 with remset 0 code roots 0 is marked 0 reclaim candidate 1 type array 1
[2024-12-07T22:49:42.015+0800][3.474s][debug][gc,humongous      ] GC(28) Dead humongous region 114 object size 1048592 start 0x00000000e7200000 with remset 0 code roots 0 is marked 0 reclaim candidate 1 type array 1
[2024-12-07T22:49:42.016+0800][3.474s][debug][gc,humongous      ] GC(28) Dead humongous region 116 object size 1048592 start 0x00000000e7400000 with remset 0 code roots 0 is marked 0 reclaim candidate 1 type array 1
[2024-12-07T22:49:42.016+0800][3.474s][debug][gc,humongous      ] GC(28) Dead humongous region 118 object size 1048592 start 0x00000000e7600000 with remset 0 code roots 0 is marked 0 reclaim candidate 1 type array 1
[2024-12-07T22:49:42.016+0800][3.474s][debug][gc,humongous      ] GC(28) Dead humongous region 120 object size 1048592 start 0x00000000e7800000 with remset 0 code roots 0 is marked 0 reclaim candidate 1 type array 1
[2024-12-07T22:49:42.016+0800][3.474s][debug][gc,humongous      ] GC(28) Dead humongous region 122 object size 1048592 start 0x00000000e7a00000 with remset 0 code roots 0 is marked 0 reclaim candidate 1 type array 1
[2024-12-07T22:49:42.016+0800][3.474s][debug][gc,humongous      ] GC(28) Dead humongous region 124 object size 1048592 start 0x00000000e7c00000 with remset 0 code roots 0 is marked 0 reclaim candidate 1 type array 1
[2024-12-07T22:49:42.016+0800][3.474s][debug][gc,humongous      ] GC(28) Dead humongous region 126 object size 1048592 start 0x00000000e7e00000 with remset 0 code roots 0 is marked 0 reclaim candidate 1 type array 1
[2024-12-07T22:49:42.016+0800][3.474s][debug][gc,humongous      ] GC(28) Dead humongous region 128 object size 1048592 start 0x00000000e8000000 with remset 0 code roots 0 is marked 0 reclaim candidate 1 type array 1
[2024-12-07T22:49:42.016+0800][3.474s][debug][gc,humongous      ] GC(28) Dead humongous region 130 object size 1048592 start 0x00000000e8200000 with remset 0 code roots 0 is marked 0 reclaim candidate 1 type array 1
[2024-12-07T22:49:42.016+0800][3.474s][debug][gc,humongous      ] GC(28) Dead humongous region 132 object size 1048592 start 0x00000000e8400000 with remset 0 code roots 0 is marked 0 reclaim candidate 1 type array 1
[2024-12-07T22:49:42.016+0800][3.475s][debug][gc,humongous      ] GC(28) Dead humongous region 134 object size 1048592 start 0x00000000e8600000 with remset 0 code roots 0 is marked 0 reclaim candidate 1 type array 1
[2024-12-07T22:49:42.016+0800][3.475s][debug][gc,humongous      ] GC(28) Dead humongous region 136 object size 1048592 start 0x00000000e8800000 with remset 0 code roots 0 is marked 0 reclaim candidate 1 type array 1
[2024-12-07T22:49:42.016+0800][3.475s][debug][gc,humongous      ] GC(28) Live humongous region 138 object size 1048592 start 0x00000000e8a00000  with remset 0 code roots 0 is marked 0 reclaim candidate 0 type array 1
[2024-12-07T22:49:42.017+0800][3.475s][debug][gc,humongous      ] GC(28) Live humongous region 140 object size 1048592 start 0x00000000e8c00000  with remset 0 code roots 0 is marked 0 reclaim candidate 0 type array 1
[2024-12-07T22:49:42.017+0800][3.475s][debug][gc,humongous      ] GC(28) Live humongous region 142 object size 1048592 start 0x00000000e8e00000  with remset 0 code roots 0 is marked 0 reclaim candidate 0 type array 1
[2024-12-07T22:49:42.017+0800][3.475s][debug][gc,humongous      ] GC(28) Live humongous region 144 object size 1048592 start 0x00000000e9000000  with remset 0 code roots 0 is marked 0 reclaim candidate 0 type array 1
[2024-12-07T22:49:42.017+0800][3.475s][debug][gc,humongous      ] GC(28) Live humongous region 146 object size 1048592 start 0x00000000e9200000  with remset 0 code roots 0 is marked 0 reclaim candidate 0 type array 1
[2024-12-07T22:49:42.017+0800][3.475s][debug][gc,humongous      ] GC(28) Live humongous region 148 object size 1048592 start 0x00000000e9400000  with remset 0 code roots 0 is marked 0 reclaim candidate 0 type array 1
[2024-12-07T22:49:42.017+0800][3.475s][debug][gc,humongous      ] GC(28) Live humongous region 150 object size 1048592 start 0x00000000e9600000  with remset 0 code roots 0 is marked 0 reclaim candidate 0 type array 1
[2024-12-07T22:49:42.017+0800][3.476s][debug][gc,humongous      ] GC(28) Live humongous region 152 object size 1048592 start 0x00000000e9800000  with remset 0 code roots 0 is marked 0 reclaim candidate 0 type array 1
[2024-12-07T22:49:42.017+0800][3.476s][debug][gc,humongous      ] GC(28) Live humongous region 154 object size 1048592 start 0x00000000e9a00000  with remset 0 code roots 0 is marked 0 reclaim candidate 0 type array 1
[2024-12-07T22:49:42.017+0800][3.476s][debug][gc,humongous      ] GC(28) Live humongous region 156 object size 1048592 start 0x00000000e9c00000  with remset 0 code roots 0 is marked 0 reclaim candidate 0 type array 1
[2024-12-07T22:49:42.017+0800][3.476s][debug][gc,humongous      ] GC(28) Live humongous region 158 object size 1048592 start 0x00000000e9e00000  with remset 0 code roots 0 is marked 0 reclaim candidate 0 type array 1
[2024-12-07T22:49:42.018+0800][3.476s][debug][gc,humongous      ] GC(28) Live humongous region 160 object size 1048592 start 0x00000000ea000000  with remset 0 code roots 0 is marked 0 reclaim candidate 0 type array 1
[2024-12-07T22:49:42.018+0800][3.476s][debug][gc,humongous      ] GC(28) Live humongous region 162 object size 1048592 start 0x00000000ea200000  with remset 0 code roots 0 is marked 0 reclaim candidate 0 type array 1
[2024-12-07T22:49:42.018+0800][3.476s][debug][gc,humongous      ] GC(28) Live humongous region 164 object size 1048592 start 0x00000000ea400000  with remset 0 code roots 0 is marked 0 reclaim candidate 0 type array 1
[2024-12-07T22:49:42.018+0800][3.476s][debug][gc,humongous      ] GC(28) Live humongous region 166 object size 1048592 start 0x00000000ea600000  with remset 0 code roots 0 is marked 0 reclaim candidate 0 type array 1
[2024-12-07T22:49:42.018+0800][3.476s][debug][gc,humongous      ] GC(28) Live humongous region 168 object size 1048592 start 0x00000000ea800000  with remset 0 code roots 0 is marked 0 reclaim candidate 0 type array 1
[2024-12-07T22:49:42.018+0800][3.476s][debug][gc,humongous      ] GC(28) Live humongous region 170 object size 1048592 start 0x00000000eaa00000  with remset 0 code roots 0 is marked 0 reclaim candidate 0 type array 1
[2024-12-07T22:49:42.018+0800][3.476s][debug][gc,humongous      ] GC(28) Live humongous region 172 object size 1048592 start 0x00000000eac00000  with remset 0 code roots 0 is marked 0 reclaim candidate 0 type array 1
[2024-12-07T22:49:42.018+0800][3.476s][debug][gc,humongous      ] GC(28) Live humongous region 174 object size 1048592 start 0x00000000eae00000  with remset 0 code roots 0 is marked 0 reclaim candidate 0 type array 1
[2024-12-07T22:49:42.018+0800][3.476s][debug][gc,humongous      ] GC(28) Live humongous region 176 object size 1048592 start 0x00000000eb000000  with remset 0 code roots 0 is marked 0 reclaim candidate 0 type array 1
[2024-12-07T22:49:42.018+0800][3.477s][debug][gc,humongous      ] GC(28) Live humongous region 178 object size 1048592 start 0x00000000eb200000  with remset 0 code roots 0 is marked 0 reclaim candidate 0 type array 1
[2024-12-07T22:49:42.018+0800][3.477s][debug][gc,humongous      ] GC(28) Live humongous region 180 object size 1048592 start 0x00000000eb400000  with remset 0 code roots 0 is marked 0 reclaim candidate 0 type array 1
[2024-12-07T22:49:42.018+0800][3.477s][debug][gc,humongous      ] GC(28) Live humongous region 182 object size 1048592 start 0x00000000eb600000  with remset 0 code roots 0 is marked 0 reclaim candidate 0 type array 1
[2024-12-07T22:49:42.018+0800][3.477s][debug][gc,humongous      ] GC(28) Live humongous region 184 object size 1048592 start 0x00000000eb800000  with remset 0 code roots 0 is marked 0 reclaim candidate 0 type array 1
[2024-12-07T22:49:42.018+0800][3.477s][debug][gc,humongous      ] GC(28) Live humongous region 186 object size 1048592 start 0x00000000eba00000  with remset 0 code roots 0 is marked 0 reclaim candidate 0 type array 1
[2024-12-07T22:49:42.019+0800][3.477s][debug][gc,humongous      ] GC(28) Live humongous region 188 object size 1048592 start 0x00000000ebc00000  with remset 0 code roots 0 is marked 0 reclaim candidate 0 type array 1
[2024-12-07T22:49:42.019+0800][3.477s][debug][gc,humongous      ] GC(28) Live humongous region 190 object size 1048592 start 0x00000000ebe00000  with remset 0 code roots 0 is marked 0 reclaim candidate 0 type array 1
[2024-12-07T22:49:42.019+0800][3.477s][debug][gc,humongous      ] GC(28) Live humongous region 192 object size 1048592 start 0x00000000ec000000  with remset 0 code roots 0 is marked 0 reclaim candidate 0 type array 1
[2024-12-07T22:49:42.019+0800][3.477s][debug][gc,humongous      ] GC(28) Live humongous region 194 object size 1048592 start 0x00000000ec200000  with remset 0 code roots 0 is marked 0 reclaim candidate 0 type array 1
[2024-12-07T22:49:42.019+0800][3.477s][debug][gc,humongous      ] GC(28) Live humongous region 196 object size 1048592 start 0x00000000ec400000  with remset 0 code roots 0 is marked 0 reclaim candidate 0 type array 1
[2024-12-07T22:49:42.019+0800][3.477s][debug][gc,humongous      ] GC(28) Live humongous region 198 object size 1048592 start 0x00000000ec600000  with remset 0 code roots 0 is marked 0 reclaim candidate 0 type array 1
[2024-12-07T22:49:42.019+0800][3.477s][debug][gc,humongous      ] GC(28) Live humongous region 200 object size 1048592 start 0x00000000ec800000  with remset 0 code roots 0 is marked 0 reclaim candidate 0 type array 1
[2024-12-07T22:49:42.019+0800][3.477s][debug][gc,humongous      ] GC(28) Live humongous region 202 object size 1048592 start 0x00000000eca00000  with remset 0 code roots 0 is marked 0 reclaim candidate 0 type array 1
[2024-12-07T22:49:42.019+0800][3.477s][debug][gc,humongous      ] GC(28) Live humongous region 204 object size 1048592 start 0x00000000ecc00000  with remset 0 code roots 0 is marked 0 reclaim candidate 0 type array 1
[2024-12-07T22:49:42.019+0800][3.477s][debug][gc,humongous      ] GC(28) Live humongous region 206 object size 1048592 start 0x00000000ece00000  with remset 0 code roots 0 is marked 0 reclaim candidate 0 type array 1
[2024-12-07T22:49:42.019+0800][3.477s][debug][gc,humongous      ] GC(28) Live humongous region 208 object size 1048592 start 0x00000000ed000000  with remset 0 code roots 0 is marked 0 reclaim candidate 0 type array 1
[2024-12-07T22:49:42.019+0800][3.478s][debug][gc,humongous      ] GC(28) Live humongous region 210 object size 1048592 start 0x00000000ed200000  with remset 0 code roots 0 is marked 0 reclaim candidate 0 type array 1
[2024-12-07T22:49:42.019+0800][3.478s][debug][gc,humongous      ] GC(28) Live humongous region 212 object size 1048592 start 0x00000000ed400000  with remset 0 code roots 0 is marked 0 reclaim candidate 0 type array 1
[2024-12-07T22:49:42.019+0800][3.478s][debug][gc,humongous      ] GC(28) Live humongous region 214 object size 1048592 start 0x00000000ed600000  with remset 0 code roots 0 is marked 0 reclaim candidate 0 type array 1
[2024-12-07T22:49:42.019+0800][3.478s][debug][gc,humongous      ] GC(28) Live humongous region 216 object size 1048592 start 0x00000000ed800000  with remset 0 code roots 0 is marked 0 reclaim candidate 0 type array 1
[2024-12-07T22:49:42.020+0800][3.478s][debug][gc,humongous      ] GC(28) Live humongous region 218 object size 1048592 start 0x00000000eda00000  with remset 0 code roots 0 is marked 0 reclaim candidate 0 type array 1
[2024-12-07T22:49:42.020+0800][3.478s][debug][gc,humongous      ] GC(28) Live humongous region 220 object size 1048592 start 0x00000000edc00000  with remset 0 code roots 0 is marked 0 reclaim candidate 0 type array 1
[2024-12-07T22:49:42.020+0800][3.478s][debug][gc,humongous      ] GC(28) Live humongous region 222 object size 1048592 start 0x00000000ede00000  with remset 0 code roots 0 is marked 0 reclaim candidate 0 type array 1
[2024-12-07T22:49:42.020+0800][3.478s][debug][gc,humongous      ] GC(28) Live humongous region 224 object size 1048592 start 0x00000000ee000000  with remset 0 code roots 0 is marked 0 reclaim candidate 0 type array 1
[2024-12-07T22:49:42.020+0800][3.478s][debug][gc,plab           ] GC(28) Young PLAB allocation: allocated: 507392B, wasted: 2488B, unused: 30608B, used: 474296B, undo waste: 0B, 
[2024-12-07T22:49:42.020+0800][3.478s][debug][gc,plab           ] GC(28) Young other allocation: region end waste: 0B, regions filled: 1, direct allocated: 73904B, failure used: 0B, failure wasted: 0B
[2024-12-07T22:49:42.020+0800][3.478s][debug][gc,plab           ] GC(28) Young sizing: calculated: 94856B, actual: 94944B
[2024-12-07T22:49:42.020+0800][3.478s][debug][gc,plab           ] GC(28) Old PLAB allocation: allocated: 0B, wasted: 0B, unused: 0B, used: 0B, undo waste: 0B, 
[2024-12-07T22:49:42.020+0800][3.478s][debug][gc,plab           ] GC(28) Old other allocation: region end waste: 0B, regions filled: 0, direct allocated: 0B, failure used: 0B, failure wasted: 0B
[2024-12-07T22:49:42.020+0800][3.479s][debug][gc,plab           ] GC(28) Old sizing: calculated: 0B, actual: 2064B
[2024-12-07T22:49:42.020+0800][3.479s][debug][gc,alloc,stats    ] Old generation allocation in the last mutator period, old gen allocated: 0B, humongous allocated: 27262976B,old gen growth: 0B.
[2024-12-07T22:49:42.020+0800][3.479s][debug][gc,ihop           ] GC(28) Basic information (value update), threshold: 238760755B (45.00), target occupancy: 530579456B, current occupancy: 211033776B, recent allocation size: 27262976B, recent allocation duration: 204.81ms, recent old gen allocation rate: 133111880.05B/s, recent marking phase length: 0.00ms
[2024-12-07T22:49:42.020+0800][3.479s][debug][gc,ihop           ] GC(28) Adaptive IHOP information (value update), threshold: 238760755B (52.32), internal target occupancy: 456340275B, occupancy: 211033776B, additional buffer size: 26214400B, predicted old gen allocation rate: 120556781.35B/s, predicted marking phase length: 0.00ms, prediction active: false
[2024-12-07T22:49:42.020+0800][3.479s][debug][gc,ergo,refine    ] GC(28) Updated Refinement Zones: green: 18, yellow: 54, red: 90
[2024-12-07T22:49:42.021+0800][3.479s][info ][gc,phases         ] GC(28)   Pre Evacuate Collection Set: 0.8ms
[2024-12-07T22:49:42.021+0800][3.479s][debug][gc,phases         ] GC(28)     Prepare TLABs: 0.4ms
[2024-12-07T22:49:42.021+0800][3.479s][debug][gc,phases         ] GC(28)     Choose Collection Set: 0.8ms
[2024-12-07T22:49:42.021+0800][3.479s][debug][gc,phases         ] GC(28)     Humongous Register: 0.0ms
[2024-12-07T22:49:42.021+0800][3.479s][debug][gc,phases         ] GC(28)     Clear Claimed Marks: 0.0ms
[2024-12-07T22:49:42.021+0800][3.479s][info ][gc,phases         ] GC(28)   Evacuate Collection Set: 7.9ms
[2024-12-07T22:49:42.021+0800][3.479s][debug][gc,phases         ] GC(28)     Ext Root Scanning (ms):   Min:  0.1, Avg:  1.2, Max:  2.1, Diff:  2.0, Sum: 15.0, Workers: 12
[2024-12-07T22:49:42.021+0800][3.479s][debug][gc,phases         ] GC(28)     Update RS (ms):           Min:  0.0, Avg:  0.4, Max:  1.3, Diff:  1.3, Sum:  5.1, Workers: 12
[2024-12-07T22:49:42.021+0800][3.479s][debug][gc,phases         ] GC(28)       Processed Buffers:        Min: 0, Avg:  0.8, Max: 3, Diff: 3, Sum: 10, Workers: 12
[2024-12-07T22:49:42.021+0800][3.479s][debug][gc,phases         ] GC(28)       Scanned Cards:            Min: 0, Avg: 23.3, Max: 74, Diff: 74, Sum: 280, Workers: 12
[2024-12-07T22:49:42.021+0800][3.480s][debug][gc,phases         ] GC(28)       Skipped Cards:            Min: 0, Avg:  4.9, Max: 19, Diff: 19, Sum: 59, Workers: 12
[2024-12-07T22:49:42.021+0800][3.480s][debug][gc,phases         ] GC(28)     Scan RS (ms):             Min:  0.0, Avg:  0.3, Max:  1.2, Diff:  1.2, Sum:  3.7, Workers: 12
[2024-12-07T22:49:42.021+0800][3.480s][debug][gc,phases         ] GC(28)       Scanned Cards:            Min: 0, Avg: 20.8, Max: 69, Diff: 69, Sum: 250, Workers: 12
[2024-12-07T22:49:42.021+0800][3.480s][debug][gc,phases         ] GC(28)       Claimed Cards:            Min: 0, Avg: 23.3, Max: 88, Diff: 88, Sum: 280, Workers: 12
[2024-12-07T22:49:42.021+0800][3.480s][debug][gc,phases         ] GC(28)       Skipped Cards:            Min: 0, Avg: 93.3, Max: 280, Diff: 280, Sum: 1120, Workers: 12
[2024-12-07T22:49:42.022+0800][3.480s][debug][gc,phases         ] GC(28)     Code Root Scanning (ms):  Min:  0.0, Avg:  0.0, Max:  0.1, Diff:  0.1, Sum:  0.1, Workers: 12
[2024-12-07T22:49:42.022+0800][3.480s][debug][gc,phases         ] GC(28)     AOT Root Scanning (ms):   skipped
[2024-12-07T22:49:42.022+0800][3.480s][debug][gc,phases         ] GC(28)     Object Copy (ms):         Min:  0.0, Avg:  0.1, Max:  0.6, Diff:  0.6, Sum:  1.7, Workers: 12
[2024-12-07T22:49:42.022+0800][3.480s][debug][gc,phases         ] GC(28)     Termination (ms):         Min:  0.0, Avg:  0.6, Max:  0.9, Diff:  0.9, Sum:  6.7, Workers: 12
[2024-12-07T22:49:42.022+0800][3.480s][debug][gc,phases         ] GC(28)       Termination Attempts:     Min: 1, Avg:  1.0, Max: 1, Diff: 0, Sum: 12, Workers: 12
[2024-12-07T22:49:42.022+0800][3.480s][debug][gc,phases         ] GC(28)     GC Worker Other (ms):     Min:  0.3, Avg:  2.4, Max:  3.5, Diff:  3.2, Sum: 28.4, Workers: 12
[2024-12-07T22:49:42.022+0800][3.480s][debug][gc,phases         ] GC(28)     GC Worker Total (ms):     Min:  3.0, Avg:  5.1, Max:  6.1, Diff:  3.1, Sum: 60.7, Workers: 12
[2024-12-07T22:49:42.022+0800][3.480s][info ][gc,phases         ] GC(28)   Post Evacuate Collection Set: 11.2ms
[2024-12-07T22:49:42.022+0800][3.480s][debug][gc,phases         ] GC(28)     Code Roots Fixup: 0.0ms
[2024-12-07T22:49:42.022+0800][3.480s][debug][gc,phases         ] GC(28)     Clear Card Table: 0.1ms
[2024-12-07T22:49:42.022+0800][3.481s][debug][gc,phases         ] GC(28)     Reference Processing: 0.3ms
[2024-12-07T22:49:42.022+0800][3.481s][debug][gc,phases,ref     ] GC(28)       Reconsider SoftReferences: 0.1ms
[2024-12-07T22:49:42.022+0800][3.481s][debug][gc,phases,ref     ] GC(28)         SoftRef (ms):             skipped
[2024-12-07T22:49:42.022+0800][3.481s][debug][gc,phases,ref     ] GC(28)       Notify Soft/WeakReferences: 0.0ms
[2024-12-07T22:49:42.022+0800][3.481s][debug][gc,phases,ref     ] GC(28)         SoftRef (ms):             Min:  0.0, Avg:  0.0, Max:  0.0, Diff:  0.0, Sum:  0.0, Workers: 1
[2024-12-07T22:49:42.023+0800][3.481s][debug][gc,phases,ref     ] GC(28)         WeakRef (ms):             Min:  0.0, Avg:  0.0, Max:  0.0, Diff:  0.0, Sum:  0.0, Workers: 1
[2024-12-07T22:49:42.023+0800][3.481s][debug][gc,phases,ref     ] GC(28)         FinalRef (ms):            Min:  0.0, Avg:  0.0, Max:  0.0, Diff:  0.0, Sum:  0.0, Workers: 1
[2024-12-07T22:49:42.023+0800][3.481s][debug][gc,phases,ref     ] GC(28)         Total (ms):               Min:  0.0, Avg:  0.0, Max:  0.0, Diff:  0.0, Sum:  0.0, Workers: 1
[2024-12-07T22:49:42.023+0800][3.481s][debug][gc,phases,ref     ] GC(28)       Notify and keep alive finalizable: 0.1ms
[2024-12-07T22:49:42.023+0800][3.481s][debug][gc,phases,ref     ] GC(28)         FinalRef (ms):            skipped
[2024-12-07T22:49:42.023+0800][3.481s][debug][gc,phases,ref     ] GC(28)       Notify PhantomReferences: 0.0ms
[2024-12-07T22:49:42.023+0800][3.481s][debug][gc,phases,ref     ] GC(28)         PhantomRef (ms):          Min:  0.0, Avg:  0.0, Max:  0.0, Diff:  0.0, Sum:  0.0, Workers: 1
[2024-12-07T22:49:42.023+0800][3.481s][debug][gc,phases,ref     ] GC(28)       SoftReference:
[2024-12-07T22:49:42.023+0800][3.481s][debug][gc,phases,ref     ] GC(28)         Discovered: 0
[2024-12-07T22:49:42.023+0800][3.482s][debug][gc,phases,ref     ] GC(28)         Cleared: 0
[2024-12-07T22:49:42.023+0800][3.482s][debug][gc,phases,ref     ] GC(28)       WeakReference:
[2024-12-07T22:49:42.023+0800][3.482s][debug][gc,phases,ref     ] GC(28)         Discovered: 23
[2024-12-07T22:49:42.023+0800][3.482s][debug][gc,phases,ref     ] GC(28)         Cleared: 23
[2024-12-07T22:49:42.023+0800][3.482s][debug][gc,phases,ref     ] GC(28)       FinalReference:
[2024-12-07T22:49:42.024+0800][3.482s][debug][gc,phases,ref     ] GC(28)         Discovered: 0
[2024-12-07T22:49:42.024+0800][3.482s][debug][gc,phases,ref     ] GC(28)         Cleared: 0
[2024-12-07T22:49:42.024+0800][3.482s][debug][gc,phases,ref     ] GC(28)       PhantomReference:
[2024-12-07T22:49:42.024+0800][3.482s][debug][gc,phases,ref     ] GC(28)         Discovered: 4
[2024-12-07T22:49:42.024+0800][3.482s][debug][gc,phases,ref     ] GC(28)         Cleared: 4
[2024-12-07T22:49:42.024+0800][3.482s][debug][gc,phases         ] GC(28)     Weak Processing: 0.0ms
[2024-12-07T22:49:42.024+0800][3.482s][debug][gc,phases         ] GC(28)     Merge Per-Thread State: 0.0ms
[2024-12-07T22:49:42.024+0800][3.482s][debug][gc,phases         ] GC(28)     Code Roots Purge: 0.0ms
[2024-12-07T22:49:42.024+0800][3.482s][debug][gc,phases         ] GC(28)     Redirty Cards: 0.1ms
[2024-12-07T22:49:42.024+0800][3.482s][debug][gc,phases         ] GC(28)     DerivedPointerTable Update: 0.0ms
[2024-12-07T22:49:42.024+0800][3.482s][debug][gc,phases         ] GC(28)     Free Collection Set: 0.2ms
[2024-12-07T22:49:42.024+0800][3.483s][debug][gc,phases         ] GC(28)     Humongous Reclaim: 10.4ms
[2024-12-07T22:49:42.024+0800][3.483s][debug][gc,phases         ] GC(28)     Start New Collection Set: 0.0ms
[2024-12-07T22:49:42.024+0800][3.483s][debug][gc,phases         ] GC(28)     Resize TLABs: 0.0ms
[2024-12-07T22:49:42.024+0800][3.483s][debug][gc,phases         ] GC(28)     Expand Heap After Collection: 0.0ms
[2024-12-07T22:49:42.024+0800][3.483s][info ][gc,phases         ] GC(28)   Other: 5.2ms
[2024-12-07T22:49:42.025+0800][3.483s][info ][gc,heap           ] GC(28) Eden regions: 1->0(24)
[2024-12-07T22:49:42.025+0800][3.483s][info ][gc,heap           ] GC(28) Survivor regions: 1->1(4)
[2024-12-07T22:49:42.025+0800][3.483s][info ][gc,heap           ] GC(28) Old regions: 2->2
[2024-12-07T22:49:42.025+0800][3.483s][info ][gc,heap           ] GC(28) Humongous regions: 226->200
[2024-12-07T22:49:42.025+0800][3.483s][info ][gc,metaspace      ] GC(28) Metaspace: 652K(4864K)->652K(4864K) NonClass: 599K(4352K)->599K(4352K) Class: 52K(512K)->52K(512K)
[2024-12-07T22:49:42.025+0800][3.483s][debug][gc,heap           ] GC(28) Heap after GC invocations=29 (full 0): garbage-first heap   total 518144K, used 206087K [0x00000000e0000000, 0x0000000100000000)
[2024-12-07T22:49:42.025+0800][3.483s][debug][gc,heap           ] GC(28)   region size 1024K, 1 young (1024K), 1 survivors (1024K)
[2024-12-07T22:49:42.025+0800][3.483s][debug][gc,heap           ] GC(28)  Metaspace       used 652K, capacity 4575K, committed 4864K, reserved 1056768K
[2024-12-07T22:49:42.025+0800][3.483s][debug][gc,heap           ] GC(28)   class space    used 52K, capacity 418K, committed 512K, reserved 1048576K
[2024-12-07T22:49:42.025+0800][3.483s][info ][gc                ] GC(28) Pause Young (Concurrent Start) (G1 Humongous Allocation) 227M->201M(506M) 27.344ms
[2024-12-07T22:49:42.025+0800][3.483s][info ][gc,cpu            ] GC(28) User=0.02s Sys=0.00s Real=0.03s
[2024-12-07T22:49:42.025+0800][3.484s][info ][gc                ] GC(29) Concurrent Cycle
[2024-12-07T22:49:42.025+0800][3.484s][info ][gc,marking        ] GC(29) Concurrent Clear Claimed Marks
[2024-12-07T22:49:42.025+0800][3.484s][info ][gc,marking        ] GC(29) Concurrent Clear Claimed Marks 0.071ms
[2024-12-07T22:49:42.025+0800][3.484s][info ][gc,marking        ] GC(29) Concurrent Scan Root Regions
[2024-12-07T22:49:42.026+0800][3.484s][debug][gc,ergo           ] GC(29) Running G1 Root Region Scan using 1 workers for 1 work units.
[2024-12-07T22:49:42.026+0800][3.484s][info ][gc,marking        ] GC(29) Concurrent Scan Root Regions 0.512ms
[2024-12-07T22:49:42.026+0800][3.484s][info ][gc,marking        ] GC(29) Concurrent Mark (3.484s)
[2024-12-07T22:49:42.026+0800][3.484s][info ][gc,marking        ] GC(29) Concurrent Mark From Roots
[2024-12-07T22:49:42.026+0800][3.485s][info ][gc,task           ] GC(29) Using 5 workers of 5 for marking
[2024-12-07T22:49:42.027+0800][3.485s][debug][gc,stats          ] ---------------------------------------------------------------------
[2024-12-07T22:49:42.027+0800][3.485s][debug][gc,stats          ] Marking Stats, task = 0, calls = 35
[2024-12-07T22:49:42.027+0800][3.485s][debug][gc,stats          ]   Elapsed time = 0.48ms, Termination time = 0.00ms
[2024-12-07T22:49:42.027+0800][3.485s][debug][gc,stats          ]   Step Times (cum): num = 1368, avg = 0.01ms, sd = 0.12ms max = 3.31ms, total = 12.47ms
[2024-12-07T22:49:42.027+0800][3.485s][debug][gc,stats          ]   Mark Stats Cache: hits 6118 misses 101 ratio 98.376
[2024-12-07T22:49:42.027+0800][3.485s][debug][gc,stats          ] ---------------------------------------------------------------------
[2024-12-07T22:49:42.027+0800][3.486s][debug][gc,stats          ] Marking Stats, task = 1, calls = 33
[2024-12-07T22:49:42.027+0800][3.486s][debug][gc,stats          ]   Elapsed time = 0.47ms, Termination time = 0.00ms
[2024-12-07T22:49:42.027+0800][3.486s][debug][gc,stats          ]   Step Times (cum): num = 396, avg = 0.03ms, sd = 0.23ms max = 3.28ms, total = 11.92ms
[2024-12-07T22:49:42.027+0800][3.486s][debug][gc,stats          ]   Mark Stats Cache: hits 741 misses 2 ratio 99.731
[2024-12-07T22:49:42.027+0800][3.486s][debug][gc,stats          ] ---------------------------------------------------------------------
[2024-12-07T22:49:42.028+0800][3.486s][debug][gc,stats          ] Marking Stats, task = 2, calls = 38
[2024-12-07T22:49:42.028+0800][3.486s][debug][gc,stats          ]   Elapsed time = 0.47ms, Termination time = 0.00ms
[2024-12-07T22:49:42.028+0800][3.486s][debug][gc,stats          ]   Step Times (cum): num = 349, avg = 0.04ms, sd = 0.24ms max = 3.30ms, total = 12.38ms
[2024-12-07T22:49:42.028+0800][3.486s][debug][gc,stats          ]   Mark Stats Cache: hits 754 misses 2 ratio 99.735
[2024-12-07T22:49:42.028+0800][3.486s][debug][gc,stats          ] ---------------------------------------------------------------------
[2024-12-07T22:49:42.028+0800][3.486s][debug][gc,stats          ] Marking Stats, task = 3, calls = 1
[2024-12-07T22:49:42.028+0800][3.486s][debug][gc,stats          ]   Elapsed time = 0.46ms, Termination time = 0.00ms
[2024-12-07T22:49:42.028+0800][3.486s][debug][gc,stats          ]   Step Times (cum): num = 387, avg = 0.03ms, sd = 0.23ms max = 3.30ms, total = 12.44ms
[2024-12-07T22:49:42.028+0800][3.486s][debug][gc,stats          ]   Mark Stats Cache: hits 4692 misses 2 ratio 99.957
[2024-12-07T22:49:42.028+0800][3.486s][debug][gc,stats          ] ---------------------------------------------------------------------
[2024-12-07T22:49:42.028+0800][3.486s][debug][gc,stats          ] Marking Stats, task = 4, calls = 39
[2024-12-07T22:49:42.028+0800][3.487s][debug][gc,stats          ]   Elapsed time = 0.45ms, Termination time = 0.00ms
[2024-12-07T22:49:42.028+0800][3.487s][debug][gc,stats          ]   Step Times (cum): num = 409, avg = 0.03ms, sd = 0.22ms max = 3.32ms, total = 12.33ms
[2024-12-07T22:49:42.028+0800][3.487s][debug][gc,stats          ]   Mark Stats Cache: hits 721 misses 1 ratio 99.861
[2024-12-07T22:49:42.028+0800][3.487s][debug][gc,stats          ] ---------------------------------------------------------------------
[2024-12-07T22:49:42.028+0800][3.487s][info ][gc,marking        ] GC(29) Concurrent Mark From Roots 2.305ms
[2024-12-07T22:49:42.029+0800][3.487s][info ][gc,marking        ] GC(29) Concurrent Preclean
[2024-12-07T22:49:42.029+0800][3.487s][debug][gc,ref,start      ] GC(29) Preclean SoftReferences
[2024-12-07T22:49:42.029+0800][3.487s][debug][gc,ref            ] GC(29) Preclean SoftReferences 0.072ms
[2024-12-07T22:49:42.029+0800][3.487s][debug][gc,ref,start      ] GC(29) Preclean WeakReferences
[2024-12-07T22:49:42.029+0800][3.487s][debug][gc,ref            ] GC(29) Preclean WeakReferences 0.071ms
[2024-12-07T22:49:42.029+0800][3.487s][debug][gc,ref,start      ] GC(29) Preclean FinalReferences
[2024-12-07T22:49:42.029+0800][3.487s][debug][gc,ref            ] GC(29) Preclean FinalReferences 0.070ms
[2024-12-07T22:49:42.029+0800][3.487s][debug][gc,ref,start      ] GC(29) Preclean PhantomReferences
[2024-12-07T22:49:42.029+0800][3.487s][debug][gc,ref            ] GC(29) Preclean PhantomReferences 0.071ms
[2024-12-07T22:49:42.029+0800][3.487s][info ][gc,marking        ] GC(29) Concurrent Preclean 0.591ms
[2024-12-07T22:49:42.029+0800][3.487s][info ][gc,marking        ] GC(29) Concurrent Mark (3.484s, 3.487s) 3.101ms
[2024-12-07T22:49:42.029+0800][3.488s][info ][gc,start          ] GC(29) Pause Remark
[2024-12-07T22:49:42.029+0800][3.488s][debug][gc,phases,start   ] GC(29) Finalize Marking
[2024-12-07T22:49:42.033+0800][3.491s][debug][gc,stats          ] ---------------------------------------------------------------------
[2024-12-07T22:49:42.033+0800][3.491s][debug][gc,stats          ] Marking Stats, task = 0, calls = 108
[2024-12-07T22:49:42.033+0800][3.492s][debug][gc,stats          ]   Elapsed time = 3.25ms, Termination time = 2.19ms
[2024-12-07T22:49:42.034+0800][3.492s][debug][gc,stats          ]   Step Times (cum): num = 1441, avg = 0.01ms, sd = 0.13ms max = 3.31ms, total = 14.66ms
[2024-12-07T22:49:42.034+0800][3.493s][debug][gc,stats          ]   Mark Stats Cache: hits 6118 misses 101 ratio 98.376
[2024-12-07T22:49:42.034+0800][3.493s][debug][gc,stats          ] ---------------------------------------------------------------------
[2024-12-07T22:49:42.035+0800][3.493s][debug][gc,stats          ] Marking Stats, task = 1, calls = 34
[2024-12-07T22:49:42.035+0800][3.493s][debug][gc,stats          ]   Elapsed time = 3.25ms, Termination time = 2.20ms
[2024-12-07T22:49:42.035+0800][3.493s][debug][gc,stats          ]   Step Times (cum): num = 397, avg = 0.04ms, sd = 0.25ms max = 3.28ms, total = 14.12ms
[2024-12-07T22:49:42.035+0800][3.493s][debug][gc,stats          ]   Mark Stats Cache: hits 741 misses 2 ratio 99.731
[2024-12-07T22:49:42.035+0800][3.494s][debug][gc,stats          ] ---------------------------------------------------------------------
[2024-12-07T22:49:42.035+0800][3.494s][debug][gc,stats          ] Marking Stats, task = 2, calls = 39
[2024-12-07T22:49:42.036+0800][3.494s][debug][gc,stats          ]   Elapsed time = 2.95ms, Termination time = 2.21ms
[2024-12-07T22:49:42.036+0800][3.494s][debug][gc,stats          ]   Step Times (cum): num = 350, avg = 0.04ms, sd = 0.27ms max = 3.30ms, total = 14.58ms
[2024-12-07T22:49:42.036+0800][3.494s][debug][gc,stats          ]   Mark Stats Cache: hits 754 misses 2 ratio 99.735
[2024-12-07T22:49:42.036+0800][3.494s][debug][gc,stats          ] ---------------------------------------------------------------------
[2024-12-07T22:49:42.036+0800][3.494s][debug][gc,stats          ] Marking Stats, task = 3, calls = 2
[2024-12-07T22:49:42.036+0800][3.494s][debug][gc,stats          ]   Elapsed time = 2.96ms, Termination time = 2.21ms
[2024-12-07T22:49:42.036+0800][3.494s][debug][gc,stats          ]   Step Times (cum): num = 388, avg = 0.04ms, sd = 0.26ms max = 3.30ms, total = 14.65ms
[2024-12-07T22:49:42.036+0800][3.494s][debug][gc,stats          ]   Mark Stats Cache: hits 4692 misses 2 ratio 99.957
[2024-12-07T22:49:42.036+0800][3.494s][debug][gc,stats          ] ---------------------------------------------------------------------
[2024-12-07T22:49:42.036+0800][3.495s][debug][gc,stats          ] Marking Stats, task = 4, calls = 40
[2024-12-07T22:49:42.036+0800][3.495s][debug][gc,stats          ]   Elapsed time = 2.97ms, Termination time = 2.23ms
[2024-12-07T22:49:42.036+0800][3.495s][debug][gc,stats          ]   Step Times (cum): num = 410, avg = 0.04ms, sd = 0.25ms max = 3.32ms, total = 14.56ms
[2024-12-07T22:49:42.036+0800][3.495s][debug][gc,stats          ]   Mark Stats Cache: hits 721 misses 1 ratio 99.861
[2024-12-07T22:49:42.037+0800][3.495s][debug][gc,stats          ] ---------------------------------------------------------------------
[2024-12-07T22:49:42.037+0800][3.495s][debug][gc,stats          ] Marking Stats, task = 5, calls = 1
[2024-12-07T22:49:42.037+0800][3.495s][debug][gc,stats          ]   Elapsed time = 3.01ms, Termination time = 2.44ms
[2024-12-07T22:49:42.037+0800][3.495s][debug][gc,stats          ]   Step Times (cum): num = 15, avg = 0.92ms, sd = 0.94ms max = 3.33ms, total = 13.75ms
[2024-12-07T22:49:42.037+0800][3.495s][debug][gc,stats          ]   Mark Stats Cache: hits 0 misses 0 ratio 0.000
[2024-12-07T22:49:42.037+0800][3.495s][debug][gc,stats          ] ---------------------------------------------------------------------
[2024-12-07T22:49:42.037+0800][3.495s][debug][gc,stats          ] Marking Stats, task = 6, calls = 1
[2024-12-07T22:49:42.037+0800][3.495s][debug][gc,stats          ]   Elapsed time = 2.97ms, Termination time = 2.54ms
[2024-12-07T22:49:42.037+0800][3.495s][debug][gc,stats          ]   Step Times (cum): num = 15, avg = 0.92ms, sd = 0.93ms max = 3.20ms, total = 13.74ms
[2024-12-07T22:49:42.037+0800][3.496s][debug][gc,stats          ]   Mark Stats Cache: hits 0 misses 0 ratio 0.000
[2024-12-07T22:49:42.037+0800][3.496s][debug][gc,stats          ] ---------------------------------------------------------------------
[2024-12-07T22:49:42.037+0800][3.496s][debug][gc,stats          ] Marking Stats, task = 7, calls = 1
[2024-12-07T22:49:42.037+0800][3.496s][debug][gc,stats          ]   Elapsed time = 3.01ms, Termination time = 2.27ms
[2024-12-07T22:49:42.037+0800][3.496s][debug][gc,stats          ]   Step Times (cum): num = 15, avg = 0.93ms, sd = 0.86ms max = 3.08ms, total = 13.95ms
[2024-12-07T22:49:42.038+0800][3.496s][debug][gc,stats          ]   Mark Stats Cache: hits 0 misses 0 ratio 0.000
[2024-12-07T22:49:42.038+0800][3.496s][debug][gc,stats          ] ---------------------------------------------------------------------
[2024-12-07T22:49:42.038+0800][3.496s][debug][gc,stats          ] Marking Stats, task = 8, calls = 1
[2024-12-07T22:49:42.038+0800][3.496s][debug][gc,stats          ]   Elapsed time = 3.07ms, Termination time = 2.33ms
[2024-12-07T22:49:42.038+0800][3.496s][debug][gc,stats          ]   Step Times (cum): num = 15, avg = 0.89ms, sd = 0.87ms max = 3.12ms, total = 13.35ms
[2024-12-07T22:49:42.038+0800][3.496s][debug][gc,stats          ]   Mark Stats Cache: hits 0 misses 0 ratio 0.000
[2024-12-07T22:49:42.038+0800][3.496s][debug][gc,stats          ] ---------------------------------------------------------------------
[2024-12-07T22:49:42.038+0800][3.496s][debug][gc,stats          ] Marking Stats, task = 9, calls = 1
[2024-12-07T22:49:42.038+0800][3.496s][debug][gc,stats          ]   Elapsed time = 2.92ms, Termination time = 2.49ms
[2024-12-07T22:49:42.038+0800][3.496s][debug][gc,stats          ]   Step Times (cum): num = 15, avg = 0.87ms, sd = 0.97ms max = 3.40ms, total = 13.11ms
[2024-12-07T22:49:42.038+0800][3.496s][debug][gc,stats          ]   Mark Stats Cache: hits 0 misses 0 ratio 0.000
[2024-12-07T22:49:42.038+0800][3.497s][debug][gc,stats          ] ---------------------------------------------------------------------
[2024-12-07T22:49:42.038+0800][3.497s][debug][gc,stats          ] Marking Stats, task = 10, calls = 1
[2024-12-07T22:49:42.038+0800][3.497s][debug][gc,stats          ]   Elapsed time = 3.10ms, Termination time = 2.36ms
[2024-12-07T22:49:42.038+0800][3.497s][debug][gc,stats          ]   Step Times (cum): num = 15, avg = 0.75ms, sd = 0.97ms max = 3.41ms, total = 11.25ms
[2024-12-07T22:49:42.038+0800][3.497s][debug][gc,stats          ]   Mark Stats Cache: hits 0 misses 0 ratio 0.000
[2024-12-07T22:49:42.039+0800][3.497s][debug][gc,stats          ] ---------------------------------------------------------------------
[2024-12-07T22:49:42.039+0800][3.497s][debug][gc,stats          ] Marking Stats, task = 11, calls = 1
[2024-12-07T22:49:42.039+0800][3.497s][debug][gc,stats          ]   Elapsed time = 0.01ms, Termination time = 0.00ms
[2024-12-07T22:49:42.039+0800][3.497s][debug][gc,stats          ]   Step Times (cum): num = 15, avg = 0.00ms, sd = 0.00ms max = 0.00ms, total = 0.00ms
[2024-12-07T22:49:42.039+0800][3.497s][debug][gc,stats          ]   Mark Stats Cache: hits 0 misses 0 ratio 0.000
[2024-12-07T22:49:42.039+0800][3.497s][debug][gc,stats          ] ---------------------------------------------------------------------
[2024-12-07T22:49:42.039+0800][3.497s][debug][gc,phases         ] GC(29) Finalize Marking 9.474ms
[2024-12-07T22:49:42.039+0800][3.497s][debug][gc,phases,start   ] GC(29) Reference Processing
[2024-12-07T22:49:42.039+0800][3.497s][debug][gc,ref            ] GC(29) Skipped phase1 of Reference Processing due to unavailable references
[2024-12-07T22:49:42.039+0800][3.497s][debug][gc,ref            ] GC(29) Skipped phase2 of Reference Processing due to unavailable references
[2024-12-07T22:49:42.039+0800][3.497s][debug][gc,ref            ] GC(29) Skipped phase3 of Reference Processing due to unavailable references
[2024-12-07T22:49:42.039+0800][3.498s][debug][gc,ref            ] GC(29) Skipped phase4 of Reference Processing due to unavailable references
[2024-12-07T22:49:42.039+0800][3.498s][debug][gc,phases,ref     ] GC(29) Reference Processing: 0.3ms
[2024-12-07T22:49:42.039+0800][3.498s][debug][gc,phases,ref     ] GC(29)   Reconsider SoftReferences: 0.1ms
[2024-12-07T22:49:42.039+0800][3.498s][debug][gc,phases,ref     ] GC(29)     SoftRef (ms):             skipped
[2024-12-07T22:49:42.039+0800][3.498s][debug][gc,phases,ref     ] GC(29)   Notify Soft/WeakReferences: 0.1ms
[2024-12-07T22:49:42.040+0800][3.498s][debug][gc,phases,ref     ] GC(29)     SoftRef (ms):             skipped
[2024-12-07T22:49:42.040+0800][3.498s][debug][gc,phases,ref     ] GC(29)     WeakRef (ms):             skipped
[2024-12-07T22:49:42.040+0800][3.498s][debug][gc,phases,ref     ] GC(29)     FinalRef (ms):            skipped
[2024-12-07T22:49:42.041+0800][3.499s][debug][gc,phases,ref     ] GC(29)     Total (ms):               skipped
[2024-12-07T22:49:42.041+0800][3.499s][debug][gc,phases,ref     ] GC(29)   Notify and keep alive finalizable: 0.1ms
[2024-12-07T22:49:42.041+0800][3.499s][debug][gc,phases,ref     ] GC(29)     FinalRef (ms):            skipped
[2024-12-07T22:49:42.041+0800][3.499s][debug][gc,phases,ref     ] GC(29)   Notify PhantomReferences: 0.1ms
[2024-12-07T22:49:42.041+0800][3.500s][debug][gc,phases,ref     ] GC(29)     PhantomRef (ms):          skipped
[2024-12-07T22:49:42.041+0800][3.500s][debug][gc,phases,ref     ] GC(29)   SoftReference:
[2024-12-07T22:49:42.041+0800][3.500s][debug][gc,phases,ref     ] GC(29)     Discovered: 0
[2024-12-07T22:49:42.041+0800][3.500s][debug][gc,phases,ref     ] GC(29)     Cleared: 0
[2024-12-07T22:49:42.041+0800][3.500s][debug][gc,phases,ref     ] GC(29)   WeakReference:
[2024-12-07T22:49:42.042+0800][3.500s][debug][gc,phases,ref     ] GC(29)     Discovered: 0
[2024-12-07T22:49:42.042+0800][3.500s][debug][gc,phases,ref     ] GC(29)     Cleared: 0
[2024-12-07T22:49:42.042+0800][3.500s][debug][gc,phases,ref     ] GC(29)   FinalReference:
[2024-12-07T22:49:42.042+0800][3.500s][debug][gc,phases,ref     ] GC(29)     Discovered: 0
[2024-12-07T22:49:42.042+0800][3.500s][debug][gc,phases,ref     ] GC(29)     Cleared: 0
[2024-12-07T22:49:42.042+0800][3.500s][debug][gc,phases,ref     ] GC(29)   PhantomReference:
[2024-12-07T22:49:42.042+0800][3.500s][debug][gc,phases,ref     ] GC(29)     Discovered: 0
[2024-12-07T22:49:42.042+0800][3.500s][debug][gc,phases,ref     ] GC(29)     Cleared: 0
[2024-12-07T22:49:42.042+0800][3.500s][debug][gc,phases         ] GC(29) Reference Processing 3.242ms
[2024-12-07T22:49:42.042+0800][3.501s][debug][gc,phases,start   ] GC(29) Weak Processing
[2024-12-07T22:49:42.042+0800][3.501s][debug][gc,phases         ] GC(29) Weak Processing 0.065ms
[2024-12-07T22:49:42.042+0800][3.501s][debug][gc,phases,start   ] GC(29) Class Unloading
[2024-12-07T22:49:42.042+0800][3.501s][debug][gc,phases,start   ] GC(29) ClassLoaderData
[2024-12-07T22:49:42.043+0800][3.501s][debug][gc,phases         ] GC(29) ClassLoaderData 0.070ms
[2024-12-07T22:49:42.043+0800][3.501s][debug][gc,phases,start   ] GC(29) ProtectionDomainCacheTable
[2024-12-07T22:49:42.043+0800][3.501s][debug][gc,phases         ] GC(29) ProtectionDomainCacheTable 0.063ms
[2024-12-07T22:49:42.043+0800][3.501s][info ][gc,stringtable    ] GC(29) Cleaned string and symbol table, strings: 68 processed, 0 removed, symbols: 226 processed, 0 removed
[2024-12-07T22:49:42.043+0800][3.501s][debug][gc,phases         ] GC(29) Class Unloading 0.734ms
[2024-12-07T22:49:42.043+0800][3.502s][debug][gc,phases,start   ] GC(29) Flush Task Caches
[2024-12-07T22:49:42.043+0800][3.502s][debug][gc,stats          ] Mark stats cache hits 13026 misses 108 ratio 99.178
[2024-12-07T22:49:42.043+0800][3.502s][debug][gc,phases         ] GC(29) Flush Task Caches 0.165ms
[2024-12-07T22:49:42.043+0800][3.502s][debug][gc,phases,start   ] GC(29) Update Remembered Set Tracking Before Rebuild
[2024-12-07T22:49:42.043+0800][3.502s][debug][gc,ergo           ] GC(29) Running G1 Update RemSet Tracking Before Rebuild using 2 workers for 506 regions in heap
[2024-12-07T22:49:42.044+0800][3.502s][debug][gc,remset,tracking] GC(29) Remembered Set Tracking update regions total 506, selected 0
[2024-12-07T22:49:42.044+0800][3.502s][debug][gc,phases         ] GC(29) Update Remembered Set Tracking Before Rebuild 0.231ms
[2024-12-07T22:49:42.044+0800][3.502s][debug][gc,phases,start   ] GC(29) Reclaim Empty Regions
[2024-12-07T22:49:42.044+0800][3.502s][debug][gc,phases         ] GC(29) Reclaim Empty Regions 0.155ms
[2024-12-07T22:49:42.044+0800][3.502s][debug][gc,phases,start   ] GC(29) Purge Metaspace
[2024-12-07T22:49:42.044+0800][3.502s][debug][gc,phases         ] GC(29) Purge Metaspace 0.062ms
[2024-12-07T22:49:42.044+0800][3.502s][debug][gc,phases,start   ] GC(29) Report Object Count
[2024-12-07T22:49:42.044+0800][3.502s][debug][gc,phases         ] GC(29) Report Object Count 0.061ms
[2024-12-07T22:49:42.044+0800][3.503s][info ][gc                ] GC(29) Pause Remark 219M->219M(506M) 14.860ms
[2024-12-07T22:49:42.044+0800][3.503s][info ][gc,cpu            ] GC(29) User=0.04s Sys=0.00s Real=0.02s
[2024-12-07T22:49:42.044+0800][3.503s][info ][gc,marking        ] GC(29) Concurrent Rebuild Remembered Sets
[2024-12-07T22:49:42.045+0800][3.503s][info ][gc,marking        ] GC(29) Concurrent Rebuild Remembered Sets 0.261ms
[2024-12-07T22:49:42.045+0800][3.503s][info ][gc,start          ] GC(29) Pause Cleanup
[2024-12-07T22:49:42.045+0800][3.503s][debug][gc,phases,start   ] GC(29) Update Remembered Set Tracking After Rebuild
[2024-12-07T22:49:42.045+0800][3.503s][debug][gc,phases         ] GC(29) Update Remembered Set Tracking After Rebuild 0.071ms
[2024-12-07T22:49:42.045+0800][3.503s][debug][gc,phases,start   ] GC(29) Finalize Concurrent Mark Cleanup
[2024-12-07T22:49:42.045+0800][3.503s][debug][gc,ergo           ] GC(29) request young-only gcs (candidate old regions not available)
[2024-12-07T22:49:42.045+0800][3.504s][debug][gc,phases         ] GC(29) Finalize Concurrent Mark Cleanup 0.223ms
[2024-12-07T22:49:42.045+0800][3.504s][info ][gc                ] GC(29) Pause Cleanup 219M->219M(506M) 0.491ms
[2024-12-07T22:49:42.045+0800][3.504s][info ][gc,cpu            ] GC(29) User=0.00s Sys=0.00s Real=0.00s
[2024-12-07T22:49:42.045+0800][3.504s][info ][gc,marking        ] GC(29) Concurrent Cleanup for Next Mark
[2024-12-07T22:49:42.045+0800][3.504s][debug][gc,ergo           ] GC(29) Running G1 Clear Bitmap with 5 workers for 8 work units.
[2024-12-07T22:49:42.046+0800][3.504s][info ][gc,marking        ] GC(29) Concurrent Cleanup for Next Mark 0.276ms
[2024-12-07T22:49:42.046+0800][3.504s][info ][gc                ] GC(29) Concurrent Cycle 20.498ms
[2024-12-07T22:49:42.127+0800][3.585s][debug][gc,ergo,ihop      ] Request concurrent cycle initiation (occupancy higher than threshold) occupancy: 239075328B allocation request: 1048592B threshold: 238760755B (45.00) source: concurrent humongous allocation
[2024-12-07T22:49:42.127+0800][3.586s][debug][gc,ergo           ] Request concurrent cycle initiation (requested by GC cause). GC cause: G1 Humongous Allocation
[2024-12-07T22:49:42.128+0800][3.586s][debug][gc,heap           ] GC(30) Heap before GC invocations=30 (full 0): garbage-first heap   total 518144K, used 232711K [0x00000000e0000000, 0x0000000100000000)
[2024-12-07T22:49:42.128+0800][3.586s][debug][gc,heap           ] GC(30)   region size 1024K, 2 young (2048K), 1 survivors (1024K)
[2024-12-07T22:49:42.128+0800][3.586s][debug][gc,heap           ] GC(30)  Metaspace       used 654K, capacity 4575K, committed 4864K, reserved 1056768K
[2024-12-07T22:49:42.128+0800][3.587s][debug][gc,heap           ] GC(30)   class space    used 52K, capacity 418K, committed 512K, reserved 1048576K
[2024-12-07T22:49:42.129+0800][3.587s][debug][gc,ergo           ] GC(30) Initiate concurrent cycle (concurrent cycle initiation requested)
[2024-12-07T22:49:42.129+0800][3.587s][info ][gc,start          ] GC(30) Pause Young (Concurrent Start) (G1 Humongous Allocation)
[2024-12-07T22:49:42.129+0800][3.587s][info ][gc,task           ] GC(30) Using 12 workers of 18 for evacuation
[2024-12-07T22:49:42.129+0800][3.588s][debug][gc,tlab           ] GC(30) TLAB totals: thrds: 1  refills: 1 max: 1 slow allocs: 13 max 13 waste: 99.4% gc: 500560B max: 500560B slow: 0B max: 0B fast: 0B max: 0B
[2024-12-07T22:49:42.130+0800][3.588s][debug][gc,alloc,region   ] GC(30) Mutator Allocation stats, regions: 1, wasted size: 0B ( 0.0%)
[2024-12-07T22:49:42.130+0800][3.588s][debug][gc,age            ] GC(30) Desired survivor size 2097152 bytes, new threshold 15 (max threshold 15)
[2024-12-07T22:49:42.130+0800][3.588s][debug][gc,ergo,cset      ] GC(30) Finish choosing CSet. old: 0 regions, predicted old region time: 0.00ms, time remaining: 180.90
[2024-12-07T22:49:42.130+0800][3.588s][debug][gc,task,stats     ] GC(30) GC Termination Stats
[2024-12-07T22:49:42.130+0800][3.589s][debug][gc,task,stats     ] GC(30)      elapsed  --strong roots-- -------termination------- ------waste (KiB)------
[2024-12-07T22:49:42.130+0800][3.589s][debug][gc,task,stats     ] GC(30) thr     ms        ms      %        ms      %    attempts  total   alloc    undo
[2024-12-07T22:49:42.131+0800][3.589s][debug][gc,task,stats     ] GC(30) --- --------- --------- ------ --------- ------ -------- ------- ------- -------
[2024-12-07T22:49:42.136+0800][3.594s][debug][gc,task,stats     ] GC(30)   5      5.13      5.12  99.78      0.00   0.02        1       0       0       0
[2024-12-07T22:49:42.137+0800][3.595s][debug][gc,task,stats     ] GC(30)   4      5.89      2.68  45.42      3.12  52.91       24       0       0       0
[2024-12-07T22:49:42.137+0800][3.596s][debug][gc,task,stats     ] GC(30)   0      6.57      2.60  39.61      3.16  48.06       20       2       2       0
[2024-12-07T22:49:42.138+0800][3.596s][debug][gc,task,stats     ] GC(30)   9      6.98      1.78  25.54      3.16  45.35       38       0       0       0
[2024-12-07T22:49:42.138+0800][3.596s][debug][gc,task,stats     ] GC(30)  10      7.26      2.33  32.12      3.14  43.22       32       0       0       0
[2024-12-07T22:49:42.138+0800][3.597s][debug][gc,task,stats     ] GC(30)   2      7.54      2.64  35.05      3.08  40.86       16       0       0       0
[2024-12-07T22:49:42.138+0800][3.597s][debug][gc,task,stats     ] GC(30)   1      7.69      1.82  23.64      3.21  41.75       24       0       0       0
[2024-12-07T22:49:42.139+0800][3.597s][debug][gc,task,stats     ] GC(30)   6      7.76      2.26  29.10      2.92  37.68       15       0       0       0
[2024-12-07T22:49:42.139+0800][3.597s][debug][gc,task,stats     ] GC(30)   3      8.01      3.11  38.82      2.24  27.98        4       0       0       0
[2024-12-07T22:49:42.139+0800][3.597s][debug][gc,task,stats     ] GC(30)  11      7.88      3.60  45.68      1.38  17.49        1       1       1       0
[2024-12-07T22:49:42.139+0800][3.597s][debug][gc,task,stats     ] GC(30)   8      8.32      2.15  25.81      2.55  30.67       28       0       0       0
[2024-12-07T22:49:42.139+0800][3.598s][debug][gc,task,stats     ] GC(30)   7      8.54      5.07  59.36      0.04   0.52        1       0       0       0
[2024-12-07T22:49:42.140+0800][3.598s][debug][gc,ergo           ] GC(30) Running G1 Clear Card Table Task using 1 workers for 1 units of work for 3 regions.
[2024-12-07T22:49:42.140+0800][3.598s][debug][gc,ref            ] GC(30) Skipped phase1 of Reference Processing due to unavailable references
[2024-12-07T22:49:42.140+0800][3.598s][debug][gc,ref            ] GC(30) Skipped phase2 of Reference Processing due to unavailable references
[2024-12-07T22:49:42.140+0800][3.598s][debug][gc,ref            ] GC(30) Skipped phase3 of Reference Processing due to unavailable references
[2024-12-07T22:49:42.140+0800][3.598s][debug][gc,ref            ] GC(30) Skipped phase4 of Reference Processing due to unavailable references
[2024-12-07T22:49:42.140+0800][3.599s][debug][gc,ergo           ] GC(30) Running G1 Free Collection Set using 1 workers for collection set length 2
[2024-12-07T22:49:42.140+0800][3.599s][debug][gc,humongous      ] GC(30) Live humongous region 0 object size 1048592 start 0x00000000e0000000  with remset 0 code roots 0 is marked 0 reclaim candidate 0 type array 1
[2024-12-07T22:49:42.140+0800][3.599s][debug][gc,humongous      ] GC(30) Live humongous region 2 object size 1048592 start 0x00000000e0200000  with remset 0 code roots 0 is marked 0 reclaim candidate 0 type array 1
[2024-12-07T22:49:42.141+0800][3.599s][debug][gc,humongous      ] GC(30) Live humongous region 4 object size 1048592 start 0x00000000e0400000  with remset 0 code roots 0 is marked 0 reclaim candidate 0 type array 1
[2024-12-07T22:49:42.141+0800][3.599s][debug][gc,humongous      ] GC(30) Live humongous region 6 object size 1048592 start 0x00000000e0600000  with remset 0 code roots 0 is marked 0 reclaim candidate 0 type array 1
[2024-12-07T22:49:42.141+0800][3.599s][debug][gc,humongous      ] GC(30) Live humongous region 8 object size 1048592 start 0x00000000e0800000  with remset 0 code roots 0 is marked 0 reclaim candidate 0 type array 1
[2024-12-07T22:49:42.141+0800][3.599s][debug][gc,humongous      ] GC(30) Live humongous region 10 object size 1048592 start 0x00000000e0a00000  with remset 0 code roots 0 is marked 0 reclaim candidate 0 type array 1
[2024-12-07T22:49:42.141+0800][3.599s][debug][gc,humongous      ] GC(30) Live humongous region 12 object size 1048592 start 0x00000000e0c00000  with remset 0 code roots 0 is marked 0 reclaim candidate 0 type array 1
[2024-12-07T22:49:42.141+0800][3.599s][debug][gc,humongous      ] GC(30) Live humongous region 14 object size 1048592 start 0x00000000e0e00000  with remset 0 code roots 0 is marked 0 reclaim candidate 0 type array 1
[2024-12-07T22:49:42.141+0800][3.600s][debug][gc,humongous      ] GC(30) Live humongous region 16 object size 1048592 start 0x00000000e1000000  with remset 0 code roots 0 is marked 0 reclaim candidate 0 type array 1
[2024-12-07T22:49:42.141+0800][3.600s][debug][gc,humongous      ] GC(30) Live humongous region 18 object size 1048592 start 0x00000000e1200000  with remset 0 code roots 0 is marked 0 reclaim candidate 0 type array 1
[2024-12-07T22:49:42.141+0800][3.600s][debug][gc,humongous      ] GC(30) Live humongous region 20 object size 1048592 start 0x00000000e1400000  with remset 0 code roots 0 is marked 0 reclaim candidate 0 type array 1
[2024-12-07T22:49:42.141+0800][3.600s][debug][gc,humongous      ] GC(30) Live humongous region 22 object size 1048592 start 0x00000000e1600000  with remset 0 code roots 0 is marked 0 reclaim candidate 0 type array 1
[2024-12-07T22:49:42.142+0800][3.600s][debug][gc,humongous      ] GC(30) Live humongous region 24 object size 1048592 start 0x00000000e1800000  with remset 0 code roots 0 is marked 0 reclaim candidate 0 type array 1
[2024-12-07T22:49:42.142+0800][3.600s][debug][gc,humongous      ] GC(30) Live humongous region 26 object size 1048592 start 0x00000000e1a00000  with remset 0 code roots 0 is marked 0 reclaim candidate 0 type array 1
[2024-12-07T22:49:42.142+0800][3.600s][debug][gc,humongous      ] GC(30) Live humongous region 28 object size 1048592 start 0x00000000e1c00000  with remset 0 code roots 0 is marked 0 reclaim candidate 0 type array 1
[2024-12-07T22:49:42.142+0800][3.600s][debug][gc,humongous      ] GC(30) Live humongous region 30 object size 1048592 start 0x00000000e1e00000  with remset 0 code roots 0 is marked 0 reclaim candidate 0 type array 1
[2024-12-07T22:49:42.142+0800][3.600s][debug][gc,humongous      ] GC(30) Live humongous region 32 object size 1048592 start 0x00000000e2000000  with remset 0 code roots 0 is marked 0 reclaim candidate 0 type array 1
[2024-12-07T22:49:42.142+0800][3.600s][debug][gc,humongous      ] GC(30) Live humongous region 34 object size 1048592 start 0x00000000e2200000  with remset 0 code roots 0 is marked 0 reclaim candidate 0 type array 1
[2024-12-07T22:49:42.142+0800][3.600s][debug][gc,humongous      ] GC(30) Live humongous region 36 object size 1048592 start 0x00000000e2400000  with remset 0 code roots 0 is marked 0 reclaim candidate 0 type array 1
[2024-12-07T22:49:42.142+0800][3.601s][debug][gc,humongous      ] GC(30) Live humongous region 38 object size 1048592 start 0x00000000e2600000  with remset 0 code roots 0 is marked 0 reclaim candidate 0 type array 1
[2024-12-07T22:49:42.142+0800][3.601s][debug][gc,humongous      ] GC(30) Live humongous region 40 object size 1048592 start 0x00000000e2800000  with remset 0 code roots 0 is marked 0 reclaim candidate 0 type array 1
[2024-12-07T22:49:42.142+0800][3.601s][debug][gc,humongous      ] GC(30) Live humongous region 42 object size 1048592 start 0x00000000e2a00000  with remset 0 code roots 0 is marked 0 reclaim candidate 0 type array 1
[2024-12-07T22:49:42.142+0800][3.601s][debug][gc,humongous      ] GC(30) Live humongous region 44 object size 1048592 start 0x00000000e2c00000  with remset 0 code roots 0 is marked 0 reclaim candidate 0 type array 1
[2024-12-07T22:49:42.143+0800][3.601s][debug][gc,humongous      ] GC(30) Live humongous region 46 object size 1048592 start 0x00000000e2e00000  with remset 0 code roots 0 is marked 0 reclaim candidate 0 type array 1
[2024-12-07T22:49:42.143+0800][3.601s][debug][gc,humongous      ] GC(30) Live humongous region 48 object size 1048592 start 0x00000000e3000000  with remset 0 code roots 0 is marked 0 reclaim candidate 0 type array 1
[2024-12-07T22:49:42.143+0800][3.601s][debug][gc,humongous      ] GC(30) Live humongous region 50 object size 1048592 start 0x00000000e3200000  with remset 0 code roots 0 is marked 0 reclaim candidate 0 type array 1
[2024-12-07T22:49:42.143+0800][3.601s][debug][gc,humongous      ] GC(30) Live humongous region 52 object size 1048592 start 0x00000000e3400000  with remset 0 code roots 0 is marked 0 reclaim candidate 0 type array 1
[2024-12-07T22:49:42.143+0800][3.601s][debug][gc,humongous      ] GC(30) Live humongous region 54 object size 1048592 start 0x00000000e3600000  with remset 0 code roots 0 is marked 0 reclaim candidate 0 type array 1
[2024-12-07T22:49:42.143+0800][3.601s][debug][gc,humongous      ] GC(30) Live humongous region 56 object size 1048592 start 0x00000000e3800000  with remset 0 code roots 0 is marked 0 reclaim candidate 0 type array 1
[2024-12-07T22:49:42.143+0800][3.601s][debug][gc,humongous      ] GC(30) Live humongous region 58 object size 1048592 start 0x00000000e3a00000  with remset 0 code roots 0 is marked 0 reclaim candidate 0 type array 1
[2024-12-07T22:49:42.143+0800][3.601s][debug][gc,humongous      ] GC(30) Live humongous region 60 object size 1048592 start 0x00000000e3c00000  with remset 0 code roots 0 is marked 0 reclaim candidate 0 type array 1
[2024-12-07T22:49:42.143+0800][3.602s][debug][gc,humongous      ] GC(30) Live humongous region 62 object size 1048592 start 0x00000000e3e00000  with remset 0 code roots 0 is marked 0 reclaim candidate 0 type array 1
[2024-12-07T22:49:42.143+0800][3.602s][debug][gc,humongous      ] GC(30) Live humongous region 64 object size 1048592 start 0x00000000e4000000  with remset 0 code roots 0 is marked 0 reclaim candidate 0 type array 1
[2024-12-07T22:49:42.143+0800][3.602s][debug][gc,humongous      ] GC(30) Live humongous region 66 object size 1048592 start 0x00000000e4200000  with remset 0 code roots 0 is marked 0 reclaim candidate 0 type array 1
[2024-12-07T22:49:42.144+0800][3.602s][debug][gc,humongous      ] GC(30) Live humongous region 68 object size 1048592 start 0x00000000e4400000  with remset 0 code roots 0 is marked 0 reclaim candidate 0 type array 1
[2024-12-07T22:49:42.144+0800][3.602s][debug][gc,humongous      ] GC(30) Live humongous region 70 object size 1048592 start 0x00000000e4600000  with remset 0 code roots 0 is marked 0 reclaim candidate 0 type array 1
[2024-12-07T22:49:42.144+0800][3.602s][debug][gc,humongous      ] GC(30) Live humongous region 72 object size 1048592 start 0x00000000e4800000  with remset 0 code roots 0 is marked 0 reclaim candidate 0 type array 1
[2024-12-07T22:49:42.144+0800][3.602s][debug][gc,humongous      ] GC(30) Live humongous region 74 object size 1048592 start 0x00000000e4a00000  with remset 0 code roots 0 is marked 0 reclaim candidate 0 type array 1
[2024-12-07T22:49:42.144+0800][3.602s][debug][gc,humongous      ] GC(30) Live humongous region 76 object size 1048592 start 0x00000000e4c00000  with remset 0 code roots 0 is marked 0 reclaim candidate 0 type array 1
[2024-12-07T22:49:42.144+0800][3.602s][debug][gc,humongous      ] GC(30) Live humongous region 78 object size 1048592 start 0x00000000e4e00000  with remset 0 code roots 0 is marked 0 reclaim candidate 0 type array 1
[2024-12-07T22:49:42.144+0800][3.602s][debug][gc,humongous      ] GC(30) Live humongous region 80 object size 1048592 start 0x00000000e5000000  with remset 0 code roots 0 is marked 0 reclaim candidate 0 type array 1
[2024-12-07T22:49:42.144+0800][3.603s][debug][gc,humongous      ] GC(30) Live humongous region 82 object size 1048592 start 0x00000000e5200000  with remset 0 code roots 0 is marked 0 reclaim candidate 0 type array 1
[2024-12-07T22:49:42.144+0800][3.603s][debug][gc,humongous      ] GC(30) Live humongous region 84 object size 1048592 start 0x00000000e5400000  with remset 0 code roots 0 is marked 0 reclaim candidate 0 type array 1
[2024-12-07T22:49:42.144+0800][3.603s][debug][gc,humongous      ] GC(30) Live humongous region 86 object size 1048592 start 0x00000000e5600000  with remset 0 code roots 0 is marked 0 reclaim candidate 0 type array 1
[2024-12-07T22:49:42.145+0800][3.603s][debug][gc,humongous      ] GC(30) Live humongous region 88 object size 1048592 start 0x00000000e5800000  with remset 0 code roots 0 is marked 0 reclaim candidate 0 type array 1
[2024-12-07T22:49:42.145+0800][3.603s][debug][gc,humongous      ] GC(30) Live humongous region 90 object size 1048592 start 0x00000000e5a00000  with remset 0 code roots 0 is marked 0 reclaim candidate 0 type array 1
[2024-12-07T22:49:42.145+0800][3.603s][debug][gc,humongous      ] GC(30) Live humongous region 92 object size 1048592 start 0x00000000e5c00000  with remset 0 code roots 0 is marked 0 reclaim candidate 0 type array 1
[2024-12-07T22:49:42.145+0800][3.603s][debug][gc,humongous      ] GC(30) Live humongous region 94 object size 1048592 start 0x00000000e5e00000  with remset 0 code roots 0 is marked 0 reclaim candidate 0 type array 1
[2024-12-07T22:49:42.145+0800][3.603s][debug][gc,humongous      ] GC(30) Live humongous region 96 object size 1048592 start 0x00000000e6000000  with remset 0 code roots 0 is marked 0 reclaim candidate 0 type array 1
[2024-12-07T22:49:42.145+0800][3.603s][debug][gc,humongous      ] GC(30) Live humongous region 98 object size 1048592 start 0x00000000e6200000  with remset 0 code roots 0 is marked 0 reclaim candidate 0 type array 1
[2024-12-07T22:49:42.145+0800][3.603s][debug][gc,humongous      ] GC(30) Live humongous region 100 object size 1048592 start 0x00000000e6400000  with remset 0 code roots 0 is marked 0 reclaim candidate 0 type array 1
[2024-12-07T22:49:42.145+0800][3.604s][debug][gc,humongous      ] GC(30) Live humongous region 102 object size 1048592 start 0x00000000e6600000  with remset 0 code roots 0 is marked 0 reclaim candidate 0 type array 1
[2024-12-07T22:49:42.145+0800][3.604s][debug][gc,humongous      ] GC(30) Live humongous region 104 object size 1048592 start 0x00000000e6800000  with remset 0 code roots 0 is marked 0 reclaim candidate 0 type array 1
[2024-12-07T22:49:42.145+0800][3.604s][debug][gc,humongous      ] GC(30) Live humongous region 106 object size 1048592 start 0x00000000e6a00000  with remset 0 code roots 0 is marked 0 reclaim candidate 0 type array 1
[2024-12-07T22:49:42.146+0800][3.604s][debug][gc,humongous      ] GC(30) Live humongous region 108 object size 1048592 start 0x00000000e6c00000  with remset 0 code roots 0 is marked 0 reclaim candidate 0 type array 1
[2024-12-07T22:49:42.146+0800][3.604s][debug][gc,humongous      ] GC(30) Live humongous region 110 object size 1048592 start 0x00000000e6e00000  with remset 0 code roots 0 is marked 0 reclaim candidate 0 type array 1
[2024-12-07T22:49:42.146+0800][3.604s][debug][gc,humongous      ] GC(30) Live humongous region 112 object size 1048592 start 0x00000000e7000000  with remset 0 code roots 0 is marked 0 reclaim candidate 0 type array 1
[2024-12-07T22:49:42.146+0800][3.604s][debug][gc,humongous      ] GC(30) Live humongous region 114 object size 1048592 start 0x00000000e7200000  with remset 0 code roots 0 is marked 0 reclaim candidate 0 type array 1
[2024-12-07T22:49:42.146+0800][3.604s][debug][gc,humongous      ] GC(30) Live humongous region 116 object size 1048592 start 0x00000000e7400000  with remset 0 code roots 0 is marked 0 reclaim candidate 0 type array 1
[2024-12-07T22:49:42.146+0800][3.604s][debug][gc,humongous      ] GC(30) Live humongous region 118 object size 1048592 start 0x00000000e7600000  with remset 0 code roots 0 is marked 0 reclaim candidate 0 type array 1
[2024-12-07T22:49:42.146+0800][3.604s][debug][gc,humongous      ] GC(30) Live humongous region 120 object size 1048592 start 0x00000000e7800000  with remset 0 code roots 0 is marked 0 reclaim candidate 0 type array 1
[2024-12-07T22:49:42.146+0800][3.605s][debug][gc,humongous      ] GC(30) Live humongous region 122 object size 1048592 start 0x00000000e7a00000  with remset 0 code roots 0 is marked 0 reclaim candidate 0 type array 1
[2024-12-07T22:49:42.146+0800][3.605s][debug][gc,humongous      ] GC(30) Live humongous region 124 object size 1048592 start 0x00000000e7c00000  with remset 0 code roots 0 is marked 0 reclaim candidate 0 type array 1
[2024-12-07T22:49:42.146+0800][3.605s][debug][gc,humongous      ] GC(30) Live humongous region 126 object size 1048592 start 0x00000000e7e00000  with remset 0 code roots 0 is marked 0 reclaim candidate 0 type array 1
[2024-12-07T22:49:42.146+0800][3.605s][debug][gc,humongous      ] GC(30) Live humongous region 128 object size 1048592 start 0x00000000e8000000  with remset 0 code roots 0 is marked 0 reclaim candidate 0 type array 1
[2024-12-07T22:49:42.147+0800][3.605s][debug][gc,humongous      ] GC(30) Live humongous region 130 object size 1048592 start 0x00000000e8200000  with remset 0 code roots 0 is marked 0 reclaim candidate 0 type array 1
[2024-12-07T22:49:42.147+0800][3.605s][debug][gc,humongous      ] GC(30) Live humongous region 132 object size 1048592 start 0x00000000e8400000  with remset 0 code roots 0 is marked 0 reclaim candidate 0 type array 1
[2024-12-07T22:49:42.147+0800][3.605s][debug][gc,humongous      ] GC(30) Live humongous region 134 object size 1048592 start 0x00000000e8600000  with remset 0 code roots 0 is marked 0 reclaim candidate 0 type array 1
[2024-12-07T22:49:42.147+0800][3.605s][debug][gc,humongous      ] GC(30) Live humongous region 136 object size 1048592 start 0x00000000e8800000  with remset 0 code roots 0 is marked 0 reclaim candidate 0 type array 1
[2024-12-07T22:49:42.147+0800][3.605s][debug][gc,humongous      ] GC(30) Dead humongous region 138 object size 1048592 start 0x00000000e8a00000 with remset 0 code roots 0 is marked 0 reclaim candidate 1 type array 1
[2024-12-07T22:49:42.147+0800][3.605s][debug][gc,humongous      ] GC(30) Dead humongous region 140 object size 1048592 start 0x00000000e8c00000 with remset 0 code roots 0 is marked 0 reclaim candidate 1 type array 1
[2024-12-07T22:49:42.147+0800][3.606s][debug][gc,humongous      ] GC(30) Dead humongous region 142 object size 1048592 start 0x00000000e8e00000 with remset 0 code roots 0 is marked 0 reclaim candidate 1 type array 1
[2024-12-07T22:49:42.147+0800][3.606s][debug][gc,humongous      ] GC(30) Dead humongous region 144 object size 1048592 start 0x00000000e9000000 with remset 0 code roots 0 is marked 0 reclaim candidate 1 type array 1
[2024-12-07T22:49:42.147+0800][3.606s][debug][gc,humongous      ] GC(30) Dead humongous region 146 object size 1048592 start 0x00000000e9200000 with remset 0 code roots 0 is marked 0 reclaim candidate 1 type array 1
[2024-12-07T22:49:42.147+0800][3.606s][debug][gc,humongous      ] GC(30) Dead humongous region 148 object size 1048592 start 0x00000000e9400000 with remset 0 code roots 0 is marked 0 reclaim candidate 1 type array 1
[2024-12-07T22:49:42.148+0800][3.606s][debug][gc,humongous      ] GC(30) Dead humongous region 150 object size 1048592 start 0x00000000e9600000 with remset 0 code roots 0 is marked 0 reclaim candidate 1 type array 1
[2024-12-07T22:49:42.148+0800][3.606s][debug][gc,humongous      ] GC(30) Dead humongous region 152 object size 1048592 start 0x00000000e9800000 with remset 0 code roots 0 is marked 0 reclaim candidate 1 type array 1
[2024-12-07T22:49:42.148+0800][3.606s][debug][gc,humongous      ] GC(30) Dead humongous region 154 object size 1048592 start 0x00000000e9a00000 with remset 0 code roots 0 is marked 0 reclaim candidate 1 type array 1
[2024-12-07T22:49:42.148+0800][3.606s][debug][gc,humongous      ] GC(30) Dead humongous region 156 object size 1048592 start 0x00000000e9c00000 with remset 0 code roots 0 is marked 0 reclaim candidate 1 type array 1
[2024-12-07T22:49:42.148+0800][3.606s][debug][gc,humongous      ] GC(30) Dead humongous region 158 object size 1048592 start 0x00000000e9e00000 with remset 0 code roots 0 is marked 0 reclaim candidate 1 type array 1
[2024-12-07T22:49:42.148+0800][3.606s][debug][gc,humongous      ] GC(30) Dead humongous region 160 object size 1048592 start 0x00000000ea000000 with remset 0 code roots 0 is marked 0 reclaim candidate 1 type array 1
[2024-12-07T22:49:42.148+0800][3.606s][debug][gc,humongous      ] GC(30) Dead humongous region 162 object size 1048592 start 0x00000000ea200000 with remset 0 code roots 0 is marked 0 reclaim candidate 1 type array 1
[2024-12-07T22:49:42.148+0800][3.606s][debug][gc,humongous      ] GC(30) Live humongous region 164 object size 1048592 start 0x00000000ea400000  with remset 0 code roots 0 is marked 0 reclaim candidate 0 type array 1
[2024-12-07T22:49:42.148+0800][3.607s][debug][gc,humongous      ] GC(30) Live humongous region 166 object size 1048592 start 0x00000000ea600000  with remset 0 code roots 0 is marked 0 reclaim candidate 0 type array 1
[2024-12-07T22:49:42.148+0800][3.607s][debug][gc,humongous      ] GC(30) Live humongous region 168 object size 1048592 start 0x00000000ea800000  with remset 0 code roots 0 is marked 0 reclaim candidate 0 type array 1
[2024-12-07T22:49:42.148+0800][3.607s][debug][gc,humongous      ] GC(30) Live humongous region 170 object size 1048592 start 0x00000000eaa00000  with remset 0 code roots 0 is marked 0 reclaim candidate 0 type array 1
[2024-12-07T22:49:42.149+0800][3.607s][debug][gc,humongous      ] GC(30) Live humongous region 172 object size 1048592 start 0x00000000eac00000  with remset 0 code roots 0 is marked 0 reclaim candidate 0 type array 1
[2024-12-07T22:49:42.149+0800][3.607s][debug][gc,humongous      ] GC(30) Live humongous region 174 object size 1048592 start 0x00000000eae00000  with remset 0 code roots 0 is marked 0 reclaim candidate 0 type array 1
[2024-12-07T22:49:42.149+0800][3.607s][debug][gc,humongous      ] GC(30) Live humongous region 176 object size 1048592 start 0x00000000eb000000  with remset 0 code roots 0 is marked 0 reclaim candidate 0 type array 1
[2024-12-07T22:49:42.149+0800][3.607s][debug][gc,humongous      ] GC(30) Live humongous region 178 object size 1048592 start 0x00000000eb200000  with remset 0 code roots 0 is marked 0 reclaim candidate 0 type array 1
[2024-12-07T22:49:42.149+0800][3.607s][debug][gc,humongous      ] GC(30) Live humongous region 180 object size 1048592 start 0x00000000eb400000  with remset 0 code roots 0 is marked 0 reclaim candidate 0 type array 1
[2024-12-07T22:49:42.149+0800][3.607s][debug][gc,humongous      ] GC(30) Live humongous region 182 object size 1048592 start 0x00000000eb600000  with remset 0 code roots 0 is marked 0 reclaim candidate 0 type array 1
[2024-12-07T22:49:42.149+0800][3.607s][debug][gc,humongous      ] GC(30) Live humongous region 184 object size 1048592 start 0x00000000eb800000  with remset 0 code roots 0 is marked 0 reclaim candidate 0 type array 1
[2024-12-07T22:49:42.149+0800][3.607s][debug][gc,humongous      ] GC(30) Live humongous region 186 object size 1048592 start 0x00000000eba00000  with remset 0 code roots 0 is marked 0 reclaim candidate 0 type array 1
[2024-12-07T22:49:42.149+0800][3.608s][debug][gc,humongous      ] GC(30) Live humongous region 188 object size 1048592 start 0x00000000ebc00000  with remset 0 code roots 0 is marked 0 reclaim candidate 0 type array 1
[2024-12-07T22:49:42.149+0800][3.608s][debug][gc,humongous      ] GC(30) Live humongous region 190 object size 1048592 start 0x00000000ebe00000  with remset 0 code roots 0 is marked 0 reclaim candidate 0 type array 1
[2024-12-07T22:49:42.150+0800][3.608s][debug][gc,humongous      ] GC(30) Live humongous region 192 object size 1048592 start 0x00000000ec000000  with remset 0 code roots 0 is marked 0 reclaim candidate 0 type array 1
[2024-12-07T22:49:42.150+0800][3.608s][debug][gc,humongous      ] GC(30) Live humongous region 194 object size 1048592 start 0x00000000ec200000  with remset 0 code roots 0 is marked 0 reclaim candidate 0 type array 1
[2024-12-07T22:49:42.150+0800][3.608s][debug][gc,humongous      ] GC(30) Live humongous region 196 object size 1048592 start 0x00000000ec400000  with remset 0 code roots 0 is marked 0 reclaim candidate 0 type array 1
[2024-12-07T22:49:42.150+0800][3.608s][debug][gc,humongous      ] GC(30) Live humongous region 198 object size 1048592 start 0x00000000ec600000  with remset 0 code roots 0 is marked 0 reclaim candidate 0 type array 1
[2024-12-07T22:49:42.150+0800][3.608s][debug][gc,humongous      ] GC(30) Live humongous region 200 object size 1048592 start 0x00000000ec800000  with remset 0 code roots 0 is marked 0 reclaim candidate 0 type array 1
[2024-12-07T22:49:42.150+0800][3.608s][debug][gc,humongous      ] GC(30) Live humongous region 202 object size 1048592 start 0x00000000eca00000  with remset 0 code roots 0 is marked 0 reclaim candidate 0 type array 1
[2024-12-07T22:49:42.150+0800][3.609s][debug][gc,humongous      ] GC(30) Live humongous region 204 object size 1048592 start 0x00000000ecc00000  with remset 0 code roots 0 is marked 0 reclaim candidate 0 type array 1
[2024-12-07T22:49:42.150+0800][3.609s][debug][gc,humongous      ] GC(30) Live humongous region 206 object size 1048592 start 0x00000000ece00000  with remset 0 code roots 0 is marked 0 reclaim candidate 0 type array 1
[2024-12-07T22:49:42.150+0800][3.609s][debug][gc,humongous      ] GC(30) Live humongous region 208 object size 1048592 start 0x00000000ed000000  with remset 0 code roots 0 is marked 0 reclaim candidate 0 type array 1
[2024-12-07T22:49:42.150+0800][3.609s][debug][gc,humongous      ] GC(30) Live humongous region 210 object size 1048592 start 0x00000000ed200000  with remset 0 code roots 0 is marked 0 reclaim candidate 0 type array 1
[2024-12-07T22:49:42.151+0800][3.609s][debug][gc,humongous      ] GC(30) Live humongous region 212 object size 1048592 start 0x00000000ed400000  with remset 0 code roots 0 is marked 0 reclaim candidate 0 type array 1
[2024-12-07T22:49:42.151+0800][3.609s][debug][gc,humongous      ] GC(30) Live humongous region 214 object size 1048592 start 0x00000000ed600000  with remset 0 code roots 0 is marked 0 reclaim candidate 0 type array 1
[2024-12-07T22:49:42.151+0800][3.609s][debug][gc,humongous      ] GC(30) Live humongous region 216 object size 1048592 start 0x00000000ed800000  with remset 0 code roots 0 is marked 0 reclaim candidate 0 type array 1
[2024-12-07T22:49:42.151+0800][3.609s][debug][gc,humongous      ] GC(30) Live humongous region 218 object size 1048592 start 0x00000000eda00000  with remset 0 code roots 0 is marked 0 reclaim candidate 0 type array 1
[2024-12-07T22:49:42.151+0800][3.609s][debug][gc,humongous      ] GC(30) Live humongous region 220 object size 1048592 start 0x00000000edc00000  with remset 0 code roots 0 is marked 0 reclaim candidate 0 type array 1
[2024-12-07T22:49:42.151+0800][3.609s][debug][gc,humongous      ] GC(30) Live humongous region 222 object size 1048592 start 0x00000000ede00000  with remset 0 code roots 0 is marked 0 reclaim candidate 0 type array 1
[2024-12-07T22:49:42.151+0800][3.609s][debug][gc,humongous      ] GC(30) Live humongous region 224 object size 1048592 start 0x00000000ee000000  with remset 0 code roots 0 is marked 0 reclaim candidate 0 type array 1
[2024-12-07T22:49:42.151+0800][3.609s][debug][gc,plab           ] GC(30) Young PLAB allocation: allocated: 7912B, wasted: 0B, unused: 3912B, used: 4000B, undo waste: 0B, 
[2024-12-07T22:49:42.151+0800][3.610s][debug][gc,plab           ] GC(30) Young other allocation: region end waste: 0B, regions filled: 1, direct allocated: 0B, failure used: 0B, failure wasted: 0B
[2024-12-07T22:49:42.151+0800][3.610s][debug][gc,plab           ] GC(30) Young sizing: calculated: 800B, actual: 24336B
[2024-12-07T22:49:42.151+0800][3.610s][debug][gc,plab           ] GC(30) Old PLAB allocation: allocated: 468528B, wasted: 7088B, unused: 9616B, used: 451824B, undo waste: 0B, 
[2024-12-07T22:49:42.152+0800][3.610s][debug][gc,plab           ] GC(30) Old other allocation: region end waste: 0B, regions filled: 1, direct allocated: 92376B, failure used: 0B, failure wasted: 0B
[2024-12-07T22:49:42.152+0800][3.610s][debug][gc,plab           ] GC(30) Old sizing: calculated: 90360B, actual: 67768B
[2024-12-07T22:49:42.152+0800][3.610s][debug][gc,alloc,stats    ] Old generation allocation in the last mutator period, old gen allocated: 468528B, humongous allocated: 27262976B,old gen growth: 468528B.
[2024-12-07T22:49:42.152+0800][3.610s][debug][gc,ihop           ] GC(30) Basic information (value update), threshold: 238760755B (45.00), target occupancy: 530579456B, current occupancy: 211021544B, recent allocation size: 27731504B, recent allocation duration: 94.28ms, recent old gen allocation rate: 294140749.78B/s, recent marking phase length: 0.00ms
[2024-12-07T22:49:42.152+0800][3.610s][debug][gc,ihop           ] GC(30) Adaptive IHOP information (value update), threshold: 238760755B (52.32), internal target occupancy: 456340275B, occupancy: 211021544B, additional buffer size: 26214400B, predicted old gen allocation rate: 116579989.51B/s, predicted marking phase length: 0.00ms, prediction active: false
[2024-12-07T22:49:42.152+0800][3.610s][debug][gc,ergo,refine    ] GC(30) Updated Refinement Zones: green: 18, yellow: 54, red: 90
[2024-12-07T22:49:42.152+0800][3.610s][info ][gc,phases         ] GC(30)   Pre Evacuate Collection Set: 0.2ms
[2024-12-07T22:49:42.152+0800][3.610s][debug][gc,phases         ] GC(30)     Prepare TLABs: 0.2ms
[2024-12-07T22:49:42.152+0800][3.611s][debug][gc,phases         ] GC(30)     Choose Collection Set: 0.2ms
[2024-12-07T22:49:42.152+0800][3.611s][debug][gc,phases         ] GC(30)     Humongous Register: 0.0ms
[2024-12-07T22:49:42.152+0800][3.611s][debug][gc,phases         ] GC(30)     Clear Claimed Marks: 0.0ms
[2024-12-07T22:49:42.153+0800][3.611s][info ][gc,phases         ] GC(30)   Evacuate Collection Set: 9.4ms
[2024-12-07T22:49:42.153+0800][3.611s][debug][gc,phases         ] GC(30)     Ext Root Scanning (ms):   Min:  0.9, Avg:  1.4, Max:  2.3, Diff:  1.4, Sum: 16.9, Workers: 12
[2024-12-07T22:49:42.153+0800][3.611s][debug][gc,phases         ] GC(30)     Update RS (ms):           Min:  0.0, Avg:  0.7, Max:  2.5, Diff:  2.5, Sum:  7.9, Workers: 12
[2024-12-07T22:49:42.153+0800][3.611s][debug][gc,phases         ] GC(30)       Processed Buffers:        Min: 0, Avg:  0.6, Max: 1, Diff: 1, Sum: 7, Workers: 12
[2024-12-07T22:49:42.153+0800][3.611s][debug][gc,phases         ] GC(30)       Scanned Cards:            Min: 0, Avg: 23.3, Max: 70, Diff: 70, Sum: 280, Workers: 12
[2024-12-07T22:49:42.153+0800][3.611s][debug][gc,phases         ] GC(30)       Skipped Cards:            Min: 0, Avg: 12.3, Max: 53, Diff: 53, Sum: 148, Workers: 12
[2024-12-07T22:49:42.153+0800][3.611s][debug][gc,phases         ] GC(30)     Scan RS (ms):             Min:  0.0, Avg:  0.8, Max:  3.7, Diff:  3.7, Sum:  9.5, Workers: 12
[2024-12-07T22:49:42.153+0800][3.611s][debug][gc,phases         ] GC(30)       Scanned Cards:            Min: 0, Avg: 15.6, Max: 61, Diff: 61, Sum: 187, Workers: 12
[2024-12-07T22:49:42.153+0800][3.612s][debug][gc,phases         ] GC(30)       Claimed Cards:            Min: 0, Avg: 23.3, Max: 64, Diff: 64, Sum: 280, Workers: 12
[2024-12-07T22:49:42.153+0800][3.612s][debug][gc,phases         ] GC(30)       Skipped Cards:            Min: 0, Avg: 116.7, Max: 280, Diff: 280, Sum: 1400, Workers: 12
[2024-12-07T22:49:42.153+0800][3.612s][debug][gc,phases         ] GC(30)     Code Root Scanning (ms):  Min:  0.0, Avg:  0.0, Max:  0.1, Diff:  0.1, Sum:  0.1, Workers: 12
[2024-12-07T22:49:42.153+0800][3.612s][debug][gc,phases         ] GC(30)     AOT Root Scanning (ms):   skipped
[2024-12-07T22:49:42.154+0800][3.612s][debug][gc,phases         ] GC(30)     Object Copy (ms):         Min:  0.0, Avg:  0.3, Max:  0.8, Diff:  0.8, Sum:  3.6, Workers: 12
[2024-12-07T22:49:42.154+0800][3.612s][debug][gc,phases         ] GC(30)     Termination (ms):         Min:  0.0, Avg:  2.3, Max:  3.2, Diff:  3.2, Sum: 28.0, Workers: 12
[2024-12-07T22:49:42.154+0800][3.612s][debug][gc,phases         ] GC(30)       Termination Attempts:     Min: 1, Avg: 17.0, Max: 38, Diff: 37, Sum: 204, Workers: 12
[2024-12-07T22:49:42.154+0800][3.612s][debug][gc,phases         ] GC(30)     GC Worker Other (ms):     Min:  0.6, Avg:  2.1, Max:  3.6, Diff:  3.0, Sum: 25.0, Workers: 12
[2024-12-07T22:49:42.154+0800][3.612s][debug][gc,phases         ] GC(30)     GC Worker Total (ms):     Min:  5.9, Avg:  7.6, Max:  8.7, Diff:  2.8, Sum: 91.1, Workers: 12
[2024-12-07T22:49:42.154+0800][3.612s][info ][gc,phases         ] GC(30)   Post Evacuate Collection Set: 11.6ms
[2024-12-07T22:49:42.154+0800][3.612s][debug][gc,phases         ] GC(30)     Code Roots Fixup: 0.0ms
[2024-12-07T22:49:42.154+0800][3.612s][debug][gc,phases         ] GC(30)     Clear Card Table: 0.2ms
[2024-12-07T22:49:42.154+0800][3.613s][debug][gc,phases         ] GC(30)     Reference Processing: 0.4ms
[2024-12-07T22:49:42.154+0800][3.613s][debug][gc,phases,ref     ] GC(30)       Reconsider SoftReferences: 0.1ms
[2024-12-07T22:49:42.154+0800][3.613s][debug][gc,phases,ref     ] GC(30)         SoftRef (ms):             skipped
[2024-12-07T22:49:42.155+0800][3.613s][debug][gc,phases,ref     ] GC(30)       Notify Soft/WeakReferences: 0.1ms
[2024-12-07T22:49:42.155+0800][3.613s][debug][gc,phases,ref     ] GC(30)         SoftRef (ms):             skipped
[2024-12-07T22:49:42.155+0800][3.613s][debug][gc,phases,ref     ] GC(30)         WeakRef (ms):             skipped
[2024-12-07T22:49:42.155+0800][3.613s][debug][gc,phases,ref     ] GC(30)         FinalRef (ms):            skipped
[2024-12-07T22:49:42.155+0800][3.613s][debug][gc,phases,ref     ] GC(30)         Total (ms):               skipped
[2024-12-07T22:49:42.155+0800][3.613s][debug][gc,phases,ref     ] GC(30)       Notify and keep alive finalizable: 0.1ms
[2024-12-07T22:49:42.155+0800][3.613s][debug][gc,phases,ref     ] GC(30)         FinalRef (ms):            skipped
[2024-12-07T22:49:42.155+0800][3.613s][debug][gc,phases,ref     ] GC(30)       Notify PhantomReferences: 0.1ms
[2024-12-07T22:49:42.155+0800][3.614s][debug][gc,phases,ref     ] GC(30)         PhantomRef (ms):          skipped
[2024-12-07T22:49:42.155+0800][3.614s][debug][gc,phases,ref     ] GC(30)       SoftReference:
[2024-12-07T22:49:42.155+0800][3.614s][debug][gc,phases,ref     ] GC(30)         Discovered: 0
[2024-12-07T22:49:42.155+0800][3.614s][debug][gc,phases,ref     ] GC(30)         Cleared: 0
[2024-12-07T22:49:42.156+0800][3.614s][debug][gc,phases,ref     ] GC(30)       WeakReference:
[2024-12-07T22:49:42.156+0800][3.614s][debug][gc,phases,ref     ] GC(30)         Discovered: 0
[2024-12-07T22:49:42.156+0800][3.614s][debug][gc,phases,ref     ] GC(30)         Cleared: 0
[2024-12-07T22:49:42.156+0800][3.614s][debug][gc,phases,ref     ] GC(30)       FinalReference:
[2024-12-07T22:49:42.156+0800][3.614s][debug][gc,phases,ref     ] GC(30)         Discovered: 0
[2024-12-07T22:49:42.156+0800][3.614s][debug][gc,phases,ref     ] GC(30)         Cleared: 0
[2024-12-07T22:49:42.156+0800][3.614s][debug][gc,phases,ref     ] GC(30)       PhantomReference:
[2024-12-07T22:49:42.156+0800][3.615s][debug][gc,phases,ref     ] GC(30)         Discovered: 0
[2024-12-07T22:49:42.156+0800][3.615s][debug][gc,phases,ref     ] GC(30)         Cleared: 0
[2024-12-07T22:49:42.156+0800][3.615s][debug][gc,phases         ] GC(30)     Weak Processing: 0.0ms
[2024-12-07T22:49:42.157+0800][3.615s][debug][gc,phases         ] GC(30)     Merge Per-Thread State: 0.0ms
[2024-12-07T22:49:42.157+0800][3.615s][debug][gc,phases         ] GC(30)     Code Roots Purge: 0.0ms
[2024-12-07T22:49:42.157+0800][3.615s][debug][gc,phases         ] GC(30)     Redirty Cards: 0.1ms
[2024-12-07T22:49:42.157+0800][3.615s][debug][gc,phases         ] GC(30)     DerivedPointerTable Update: 0.0ms
[2024-12-07T22:49:42.157+0800][3.615s][debug][gc,phases         ] GC(30)     Free Collection Set: 0.1ms
[2024-12-07T22:49:42.157+0800][3.615s][debug][gc,phases         ] GC(30)     Humongous Reclaim: 10.8ms
[2024-12-07T22:49:42.157+0800][3.615s][debug][gc,phases         ] GC(30)     Start New Collection Set: 0.0ms
[2024-12-07T22:49:42.157+0800][3.616s][debug][gc,phases         ] GC(30)     Resize TLABs: 0.0ms
[2024-12-07T22:49:42.157+0800][3.616s][debug][gc,phases         ] GC(30)     Expand Heap After Collection: 0.0ms
[2024-12-07T22:49:42.157+0800][3.616s][info ][gc,phases         ] GC(30)   Other: 3.2ms
[2024-12-07T22:49:42.157+0800][3.616s][info ][gc,heap           ] GC(30) Eden regions: 1->0(24)
[2024-12-07T22:49:42.158+0800][3.616s][info ][gc,heap           ] GC(30) Survivor regions: 1->1(4)
[2024-12-07T22:49:42.158+0800][3.616s][info ][gc,heap           ] GC(30) Old regions: 2->3
[2024-12-07T22:49:42.158+0800][3.616s][info ][gc,heap           ] GC(30) Humongous regions: 226->200
[2024-12-07T22:49:42.158+0800][3.616s][info ][gc,metaspace      ] GC(30) Metaspace: 654K(4864K)->654K(4864K) NonClass: 601K(4352K)->601K(4352K) Class: 52K(512K)->52K(512K)
[2024-12-07T22:49:42.158+0800][3.616s][debug][gc,heap           ] GC(30) Heap after GC invocations=31 (full 0): garbage-first heap   total 518144K, used 206075K [0x00000000e0000000, 0x0000000100000000)
[2024-12-07T22:49:42.158+0800][3.616s][debug][gc,heap           ] GC(30)   region size 1024K, 1 young (1024K), 1 survivors (1024K)
[2024-12-07T22:49:42.158+0800][3.616s][debug][gc,heap           ] GC(30)  Metaspace       used 654K, capacity 4575K, committed 4864K, reserved 1056768K
[2024-12-07T22:49:42.158+0800][3.616s][debug][gc,heap           ] GC(30)   class space    used 52K, capacity 418K, committed 512K, reserved 1048576K
[2024-12-07T22:49:42.158+0800][3.617s][info ][gc                ] GC(30) Pause Young (Concurrent Start) (G1 Humongous Allocation) 227M->201M(506M) 29.336ms
[2024-12-07T22:49:42.158+0800][3.617s][info ][gc,cpu            ] GC(30) User=0.06s Sys=0.00s Real=0.03s
[2024-12-07T22:49:42.158+0800][3.617s][info ][gc                ] GC(31) Concurrent Cycle
[2024-12-07T22:49:42.159+0800][3.617s][info ][gc,marking        ] GC(31) Concurrent Clear Claimed Marks
[2024-12-07T22:49:42.159+0800][3.617s][info ][gc,marking        ] GC(31) Concurrent Clear Claimed Marks 0.093ms
[2024-12-07T22:49:42.159+0800][3.617s][info ][gc,marking        ] GC(31) Concurrent Scan Root Regions
[2024-12-07T22:49:42.159+0800][3.617s][debug][gc,ergo           ] GC(31) Running G1 Root Region Scan using 1 workers for 1 work units.
[2024-12-07T22:49:42.159+0800][3.617s][info ][gc,marking        ] GC(31) Concurrent Scan Root Regions 0.222ms
[2024-12-07T22:49:42.159+0800][3.617s][info ][gc,marking        ] GC(31) Concurrent Mark (3.617s)
[2024-12-07T22:49:42.159+0800][3.617s][info ][gc,marking        ] GC(31) Concurrent Mark From Roots
[2024-12-07T22:49:42.159+0800][3.618s][info ][gc,task           ] GC(31) Using 5 workers of 5 for marking
[2024-12-07T22:49:42.160+0800][3.618s][debug][gc,stats          ] ---------------------------------------------------------------------
[2024-12-07T22:49:42.160+0800][3.618s][debug][gc,stats          ] Marking Stats, task = 0, calls = 10
[2024-12-07T22:49:42.160+0800][3.619s][debug][gc,stats          ]   Elapsed time = 0.68ms, Termination time = 0.00ms
[2024-12-07T22:49:42.160+0800][3.619s][debug][gc,stats          ]   Step Times (cum): num = 1451, avg = 0.01ms, sd = 0.13ms max = 3.31ms, total = 14.79ms
[2024-12-07T22:49:42.160+0800][3.619s][debug][gc,stats          ]   Mark Stats Cache: hits 4423 misses 102 ratio 97.746
[2024-12-07T22:49:42.161+0800][3.619s][debug][gc,stats          ] ---------------------------------------------------------------------
[2024-12-07T22:49:42.161+0800][3.619s][debug][gc,stats          ] Marking Stats, task = 1, calls = 18
[2024-12-07T22:49:42.161+0800][3.619s][debug][gc,stats          ]   Elapsed time = 0.67ms, Termination time = 0.00ms
[2024-12-07T22:49:42.161+0800][3.619s][debug][gc,stats          ]   Step Times (cum): num = 415, avg = 0.03ms, sd = 0.24ms max = 3.28ms, total = 14.24ms
[2024-12-07T22:49:42.161+0800][3.619s][debug][gc,stats          ]   Mark Stats Cache: hits 2730 misses 3 ratio 99.890
[2024-12-07T22:49:42.161+0800][3.619s][debug][gc,stats          ] ---------------------------------------------------------------------
[2024-12-07T22:49:42.161+0800][3.619s][debug][gc,stats          ] Marking Stats, task = 2, calls = 1
[2024-12-07T22:49:42.161+0800][3.619s][debug][gc,stats          ]   Elapsed time = 0.64ms, Termination time = 0.00ms
[2024-12-07T22:49:42.161+0800][3.620s][debug][gc,stats          ]   Step Times (cum): num = 351, avg = 0.04ms, sd = 0.27ms max = 3.30ms, total = 14.73ms
[2024-12-07T22:49:42.161+0800][3.620s][debug][gc,stats          ]   Mark Stats Cache: hits 8194 misses 3 ratio 99.963
[2024-12-07T22:49:42.161+0800][3.620s][debug][gc,stats          ] ---------------------------------------------------------------------
[2024-12-07T22:49:42.161+0800][3.620s][debug][gc,stats          ] Marking Stats, task = 3, calls = 19
[2024-12-07T22:49:42.162+0800][3.620s][debug][gc,stats          ]   Elapsed time = 0.66ms, Termination time = 0.00ms
[2024-12-07T22:49:42.162+0800][3.620s][debug][gc,stats          ]   Step Times (cum): num = 407, avg = 0.04ms, sd = 0.25ms max = 3.30ms, total = 14.75ms
[2024-12-07T22:49:42.162+0800][3.620s][debug][gc,stats          ]   Mark Stats Cache: hits 4650 misses 3 ratio 99.936
[2024-12-07T22:49:42.162+0800][3.620s][debug][gc,stats          ] ---------------------------------------------------------------------
[2024-12-07T22:49:42.162+0800][3.620s][debug][gc,stats          ] Marking Stats, task = 4, calls = 11
[2024-12-07T22:49:42.162+0800][3.620s][debug][gc,stats          ]   Elapsed time = 0.65ms, Termination time = 0.00ms
[2024-12-07T22:49:42.162+0800][3.620s][debug][gc,stats          ]   Step Times (cum): num = 421, avg = 0.03ms, sd = 0.25ms max = 3.32ms, total = 14.66ms
[2024-12-07T22:49:42.162+0800][3.620s][debug][gc,stats          ]   Mark Stats Cache: hits 5268 misses 3 ratio 99.943
[2024-12-07T22:49:42.162+0800][3.621s][debug][gc,stats          ] ---------------------------------------------------------------------
[2024-12-07T22:49:42.162+0800][3.621s][info ][gc,marking        ] GC(31) Concurrent Mark From Roots 3.202ms
[2024-12-07T22:49:42.162+0800][3.621s][info ][gc,marking        ] GC(31) Concurrent Preclean
[2024-12-07T22:49:42.163+0800][3.621s][debug][gc,ref,start      ] GC(31) Preclean SoftReferences
[2024-12-07T22:49:42.163+0800][3.621s][debug][gc,ref            ] GC(31) Preclean SoftReferences 0.102ms
[2024-12-07T22:49:42.163+0800][3.621s][debug][gc,ref,start      ] GC(31) Preclean WeakReferences
[2024-12-07T22:49:42.163+0800][3.621s][debug][gc,ref            ] GC(31) Preclean WeakReferences 0.096ms
[2024-12-07T22:49:42.163+0800][3.621s][debug][gc,ref,start      ] GC(31) Preclean FinalReferences
[2024-12-07T22:49:42.163+0800][3.621s][debug][gc,ref            ] GC(31) Preclean FinalReferences 0.106ms
[2024-12-07T22:49:42.163+0800][3.621s][debug][gc,ref,start      ] GC(31) Preclean PhantomReferences
[2024-12-07T22:49:42.163+0800][3.622s][debug][gc,ref            ] GC(31) Preclean PhantomReferences 0.103ms
[2024-12-07T22:49:42.163+0800][3.622s][info ][gc,marking        ] GC(31) Concurrent Preclean 0.859ms
[2024-12-07T22:49:42.163+0800][3.622s][info ][gc,marking        ] GC(31) Concurrent Mark (3.617s, 3.622s) 4.334ms
[2024-12-07T22:49:42.164+0800][3.622s][info ][gc,start          ] GC(31) Pause Remark
[2024-12-07T22:49:42.164+0800][3.622s][debug][gc,phases,start   ] GC(31) Finalize Marking
[2024-12-07T22:49:42.164+0800][3.622s][debug][gc,stats          ] ---------------------------------------------------------------------
[2024-12-07T22:49:42.164+0800][3.622s][debug][gc,stats          ] Marking Stats, task = 0, calls = 83
[2024-12-07T22:49:42.164+0800][3.623s][debug][gc,stats          ]   Elapsed time = 0.15ms, Termination time = 0.00ms
[2024-12-07T22:49:42.164+0800][3.623s][debug][gc,stats          ]   Step Times (cum): num = 1524, avg = 0.01ms, sd = 0.13ms max = 3.31ms, total = 14.79ms
[2024-12-07T22:49:42.164+0800][3.623s][debug][gc,stats          ]   Mark Stats Cache: hits 4423 misses 102 ratio 97.746
[2024-12-07T22:49:42.165+0800][3.623s][debug][gc,stats          ] ---------------------------------------------------------------------
[2024-12-07T22:49:42.165+0800][3.623s][debug][gc,stats          ] Marking Stats, task = 1, calls = 19
[2024-12-07T22:49:42.165+0800][3.623s][debug][gc,stats          ]   Elapsed time = 0.15ms, Termination time = 0.00ms
[2024-12-07T22:49:42.165+0800][3.623s][debug][gc,stats          ]   Step Times (cum): num = 416, avg = 0.03ms, sd = 0.24ms max = 3.28ms, total = 14.24ms
[2024-12-07T22:49:42.165+0800][3.623s][debug][gc,stats          ]   Mark Stats Cache: hits 2730 misses 3 ratio 99.890
[2024-12-07T22:49:42.165+0800][3.623s][debug][gc,stats          ] ---------------------------------------------------------------------
[2024-12-07T22:49:42.165+0800][3.623s][debug][gc,stats          ] Marking Stats, task = 2, calls = 2
[2024-12-07T22:49:42.165+0800][3.623s][debug][gc,stats          ]   Elapsed time = 0.15ms, Termination time = 0.00ms
[2024-12-07T22:49:42.165+0800][3.624s][debug][gc,stats          ]   Step Times (cum): num = 352, avg = 0.04ms, sd = 0.27ms max = 3.30ms, total = 14.73ms
[2024-12-07T22:49:42.165+0800][3.624s][debug][gc,stats          ]   Mark Stats Cache: hits 8194 misses 3 ratio 99.963
[2024-12-07T22:49:42.166+0800][3.624s][debug][gc,stats          ] ---------------------------------------------------------------------
[2024-12-07T22:49:42.166+0800][3.624s][debug][gc,stats          ] Marking Stats, task = 3, calls = 20
[2024-12-07T22:49:42.166+0800][3.624s][debug][gc,stats          ]   Elapsed time = 0.15ms, Termination time = 0.00ms
[2024-12-07T22:49:42.166+0800][3.624s][debug][gc,stats          ]   Step Times (cum): num = 408, avg = 0.04ms, sd = 0.25ms max = 3.30ms, total = 14.75ms
[2024-12-07T22:49:42.166+0800][3.624s][debug][gc,stats          ]   Mark Stats Cache: hits 4650 misses 3 ratio 99.936
[2024-12-07T22:49:42.166+0800][3.624s][debug][gc,stats          ] ---------------------------------------------------------------------
[2024-12-07T22:49:42.166+0800][3.624s][debug][gc,stats          ] Marking Stats, task = 4, calls = 12
[2024-12-07T22:49:42.166+0800][3.625s][debug][gc,stats          ]   Elapsed time = 0.15ms, Termination time = 0.00ms
[2024-12-07T22:49:42.166+0800][3.625s][debug][gc,stats          ]   Step Times (cum): num = 422, avg = 0.03ms, sd = 0.25ms max = 3.32ms, total = 14.66ms
[2024-12-07T22:49:42.166+0800][3.625s][debug][gc,stats          ]   Mark Stats Cache: hits 5268 misses 3 ratio 99.943
[2024-12-07T22:49:42.166+0800][3.625s][debug][gc,stats          ] ---------------------------------------------------------------------
[2024-12-07T22:49:42.167+0800][3.625s][debug][gc,stats          ] Marking Stats, task = 5, calls = 1
[2024-12-07T22:49:42.167+0800][3.625s][debug][gc,stats          ]   Elapsed time = 0.14ms, Termination time = 0.00ms
[2024-12-07T22:49:42.167+0800][3.625s][debug][gc,stats          ]   Step Times (cum): num = 16, avg = 0.86ms, sd = 0.94ms max = 3.33ms, total = 13.75ms
[2024-12-07T22:49:42.167+0800][3.625s][debug][gc,stats          ]   Mark Stats Cache: hits 0 misses 1 ratio 0.000
[2024-12-07T22:49:42.167+0800][3.625s][debug][gc,stats          ] ---------------------------------------------------------------------
[2024-12-07T22:49:42.167+0800][3.625s][debug][gc,stats          ] Marking Stats, task = 6, calls = 1
[2024-12-07T22:49:42.167+0800][3.625s][debug][gc,stats          ]   Elapsed time = 0.07ms, Termination time = 0.00ms
[2024-12-07T22:49:42.167+0800][3.626s][debug][gc,stats          ]   Step Times (cum): num = 16, avg = 0.86ms, sd = 0.93ms max = 3.20ms, total = 13.74ms
[2024-12-07T22:49:42.167+0800][3.626s][debug][gc,stats          ]   Mark Stats Cache: hits 0 misses 0 ratio 0.000
[2024-12-07T22:49:42.167+0800][3.626s][debug][gc,stats          ] ---------------------------------------------------------------------
[2024-12-07T22:49:42.168+0800][3.626s][debug][gc,stats          ] Marking Stats, task = 7, calls = 1
[2024-12-07T22:49:42.168+0800][3.626s][debug][gc,stats          ]   Elapsed time = 0.07ms, Termination time = 0.00ms
[2024-12-07T22:49:42.168+0800][3.626s][debug][gc,stats          ]   Step Times (cum): num = 16, avg = 0.87ms, sd = 0.86ms max = 3.08ms, total = 13.95ms
[2024-12-07T22:49:42.168+0800][3.626s][debug][gc,stats          ]   Mark Stats Cache: hits 0 misses 1 ratio 0.000
[2024-12-07T22:49:42.168+0800][3.626s][debug][gc,stats          ] ---------------------------------------------------------------------
[2024-12-07T22:49:42.168+0800][3.626s][debug][gc,stats          ] Marking Stats, task = 8, calls = 1
[2024-12-07T22:49:42.168+0800][3.626s][debug][gc,stats          ]   Elapsed time = 0.07ms, Termination time = 0.00ms
[2024-12-07T22:49:42.168+0800][3.627s][debug][gc,stats          ]   Step Times (cum): num = 16, avg = 0.83ms, sd = 0.87ms max = 3.12ms, total = 13.35ms
[2024-12-07T22:49:42.168+0800][3.627s][debug][gc,stats          ]   Mark Stats Cache: hits 95 misses 1 ratio 98.958
[2024-12-07T22:49:42.168+0800][3.627s][debug][gc,stats          ] ---------------------------------------------------------------------
[2024-12-07T22:49:42.168+0800][3.627s][debug][gc,stats          ] Marking Stats, task = 9, calls = 1
[2024-12-07T22:49:42.169+0800][3.627s][debug][gc,stats          ]   Elapsed time = 0.07ms, Termination time = 0.00ms
[2024-12-07T22:49:42.169+0800][3.627s][debug][gc,stats          ]   Step Times (cum): num = 16, avg = 0.82ms, sd = 0.97ms max = 3.40ms, total = 13.11ms
[2024-12-07T22:49:42.169+0800][3.627s][debug][gc,stats          ]   Mark Stats Cache: hits 13 misses 1 ratio 92.857
[2024-12-07T22:49:42.169+0800][3.627s][debug][gc,stats          ] ---------------------------------------------------------------------
[2024-12-07T22:49:42.169+0800][3.627s][debug][gc,stats          ] Marking Stats, task = 10, calls = 1
[2024-12-07T22:49:42.169+0800][3.627s][debug][gc,stats          ]   Elapsed time = 0.08ms, Termination time = 0.00ms
[2024-12-07T22:49:42.169+0800][3.627s][debug][gc,stats          ]   Step Times (cum): num = 16, avg = 0.70ms, sd = 0.96ms max = 3.41ms, total = 11.25ms
[2024-12-07T22:49:42.169+0800][3.627s][debug][gc,stats          ]   Mark Stats Cache: hits 3 misses 1 ratio 75.000
[2024-12-07T22:49:42.169+0800][3.628s][debug][gc,stats          ] ---------------------------------------------------------------------
[2024-12-07T22:49:42.169+0800][3.628s][debug][gc,stats          ] Marking Stats, task = 11, calls = 1
[2024-12-07T22:49:42.169+0800][3.628s][debug][gc,stats          ]   Elapsed time = 0.00ms, Termination time = 0.00ms
[2024-12-07T22:49:42.170+0800][3.628s][debug][gc,stats          ]   Step Times (cum): num = 16, avg = 0.00ms, sd = 0.00ms max = 0.00ms, total = 0.00ms
[2024-12-07T22:49:42.170+0800][3.628s][debug][gc,stats          ]   Mark Stats Cache: hits 119 misses 3 ratio 97.541
[2024-12-07T22:49:42.170+0800][3.628s][debug][gc,stats          ] ---------------------------------------------------------------------
[2024-12-07T22:49:42.170+0800][3.628s][debug][gc,phases         ] GC(31) Finalize Marking 6.087ms
[2024-12-07T22:49:42.170+0800][3.628s][debug][gc,phases,start   ] GC(31) Reference Processing
[2024-12-07T22:49:42.170+0800][3.628s][debug][gc,ref            ] GC(31) Skipped phase1 of Reference Processing due to unavailable references
[2024-12-07T22:49:42.170+0800][3.628s][debug][gc,ref            ] GC(31) Skipped phase2 of Reference Processing due to unavailable references
[2024-12-07T22:49:42.170+0800][3.628s][debug][gc,ref            ] GC(31) Skipped phase3 of Reference Processing due to unavailable references
[2024-12-07T22:49:42.170+0800][3.629s][debug][gc,ref            ] GC(31) Skipped phase4 of Reference Processing due to unavailable references
[2024-12-07T22:49:42.170+0800][3.629s][debug][gc,phases,ref     ] GC(31) Reference Processing: 0.4ms
[2024-12-07T22:49:42.170+0800][3.629s][debug][gc,phases,ref     ] GC(31)   Reconsider SoftReferences: 0.1ms
[2024-12-07T22:49:42.170+0800][3.629s][debug][gc,phases,ref     ] GC(31)     SoftRef (ms):             skipped
[2024-12-07T22:49:42.171+0800][3.629s][debug][gc,phases,ref     ] GC(31)   Notify Soft/WeakReferences: 0.1ms
[2024-12-07T22:49:42.171+0800][3.629s][debug][gc,phases,ref     ] GC(31)     SoftRef (ms):             skipped
[2024-12-07T22:49:42.171+0800][3.629s][debug][gc,phases,ref     ] GC(31)     WeakRef (ms):             skipped
[2024-12-07T22:49:42.171+0800][3.629s][debug][gc,phases,ref     ] GC(31)     FinalRef (ms):            skipped
[2024-12-07T22:49:42.171+0800][3.629s][debug][gc,phases,ref     ] GC(31)     Total (ms):               skipped
[2024-12-07T22:49:42.171+0800][3.629s][debug][gc,phases,ref     ] GC(31)   Notify and keep alive finalizable: 0.1ms
[2024-12-07T22:49:42.171+0800][3.629s][debug][gc,phases,ref     ] GC(31)     FinalRef (ms):            skipped
[2024-12-07T22:49:42.171+0800][3.630s][debug][gc,phases,ref     ] GC(31)   Notify PhantomReferences: 0.1ms
[2024-12-07T22:49:42.171+0800][3.630s][debug][gc,phases,ref     ] GC(31)     PhantomRef (ms):          skipped
[2024-12-07T22:49:42.171+0800][3.630s][debug][gc,phases,ref     ] GC(31)   SoftReference:
[2024-12-07T22:49:42.171+0800][3.630s][debug][gc,phases,ref     ] GC(31)     Discovered: 0
[2024-12-07T22:49:42.172+0800][3.630s][debug][gc,phases,ref     ] GC(31)     Cleared: 0
[2024-12-07T22:49:42.172+0800][3.630s][debug][gc,phases,ref     ] GC(31)   WeakReference:
[2024-12-07T22:49:42.172+0800][3.630s][debug][gc,phases,ref     ] GC(31)     Discovered: 0
[2024-12-07T22:49:42.172+0800][3.630s][debug][gc,phases,ref     ] GC(31)     Cleared: 0
[2024-12-07T22:49:42.172+0800][3.630s][debug][gc,phases,ref     ] GC(31)   FinalReference:
[2024-12-07T22:49:42.172+0800][3.630s][debug][gc,phases,ref     ] GC(31)     Discovered: 0
[2024-12-07T22:49:42.172+0800][3.630s][debug][gc,phases,ref     ] GC(31)     Cleared: 0
[2024-12-07T22:49:42.172+0800][3.630s][debug][gc,phases,ref     ] GC(31)   PhantomReference:
[2024-12-07T22:49:42.172+0800][3.631s][debug][gc,phases,ref     ] GC(31)     Discovered: 0
[2024-12-07T22:49:42.172+0800][3.631s][debug][gc,phases,ref     ] GC(31)     Cleared: 0
[2024-12-07T22:49:42.172+0800][3.631s][debug][gc,phases         ] GC(31) Reference Processing 2.540ms
[2024-12-07T22:49:42.173+0800][3.631s][debug][gc,phases,start   ] GC(31) Weak Processing
[2024-12-07T22:49:42.173+0800][3.631s][debug][gc,phases         ] GC(31) Weak Processing 0.089ms
[2024-12-07T22:49:42.173+0800][3.631s][debug][gc,phases,start   ] GC(31) Class Unloading
[2024-12-07T22:49:42.173+0800][3.631s][debug][gc,phases,start   ] GC(31) ClassLoaderData
[2024-12-07T22:49:42.173+0800][3.631s][debug][gc,phases         ] GC(31) ClassLoaderData 0.123ms
[2024-12-07T22:49:42.173+0800][3.631s][debug][gc,phases,start   ] GC(31) ProtectionDomainCacheTable
[2024-12-07T22:49:42.173+0800][3.631s][debug][gc,phases         ] GC(31) ProtectionDomainCacheTable 0.094ms
[2024-12-07T22:49:42.174+0800][3.632s][info ][gc,stringtable    ] GC(31) Cleaned string and symbol table, strings: 68 processed, 0 removed, symbols: 226 processed, 0 removed
[2024-12-07T22:49:42.174+0800][3.632s][debug][gc,phases         ] GC(31) Class Unloading 0.954ms
[2024-12-07T22:49:42.174+0800][3.632s][debug][gc,phases,start   ] GC(31) Flush Task Caches
[2024-12-07T22:49:42.174+0800][3.632s][debug][gc,stats          ] Mark stats cache hits 25495 misses 122 ratio 99.524
[2024-12-07T22:49:42.174+0800][3.632s][debug][gc,phases         ] GC(31) Flush Task Caches 0.199ms
[2024-12-07T22:49:42.174+0800][3.632s][debug][gc,phases,start   ] GC(31) Update Remembered Set Tracking Before Rebuild
[2024-12-07T22:49:42.174+0800][3.632s][debug][gc,ergo           ] GC(31) Running G1 Update RemSet Tracking Before Rebuild using 2 workers for 506 regions in heap
[2024-12-07T22:49:42.174+0800][3.633s][debug][gc,remset,tracking] GC(31) Remembered Set Tracking update regions total 506, selected 1
[2024-12-07T22:49:42.174+0800][3.633s][debug][gc,phases         ] GC(31) Update Remembered Set Tracking Before Rebuild 0.310ms
[2024-12-07T22:49:42.174+0800][3.633s][debug][gc,phases,start   ] GC(31) Reclaim Empty Regions
[2024-12-07T22:49:42.175+0800][3.633s][debug][gc,phases         ] GC(31) Reclaim Empty Regions 0.177ms
[2024-12-07T22:49:42.175+0800][3.633s][debug][gc,phases,start   ] GC(31) Purge Metaspace
[2024-12-07T22:49:42.175+0800][3.633s][debug][gc,phases         ] GC(31) Purge Metaspace 0.088ms
[2024-12-07T22:49:42.175+0800][3.633s][debug][gc,phases,start   ] GC(31) Report Object Count
[2024-12-07T22:49:42.175+0800][3.633s][debug][gc,phases         ] GC(31) Report Object Count 0.088ms
[2024-12-07T22:49:42.175+0800][3.633s][info ][gc                ] GC(31) Pause Remark 213M->213M(506M) 11.435ms
[2024-12-07T22:49:42.175+0800][3.633s][info ][gc,cpu            ] GC(31) User=0.00s Sys=0.00s Real=0.01s
[2024-12-07T22:49:42.175+0800][3.634s][info ][gc,marking        ] GC(31) Concurrent Rebuild Remembered Sets
[2024-12-07T22:49:42.176+0800][3.634s][info ][gc,marking        ] GC(31) Concurrent Rebuild Remembered Sets 0.421ms
[2024-12-07T22:49:42.176+0800][3.634s][info ][gc,start          ] GC(31) Pause Cleanup
[2024-12-07T22:49:42.176+0800][3.634s][debug][gc,phases,start   ] GC(31) Update Remembered Set Tracking After Rebuild
[2024-12-07T22:49:42.176+0800][3.634s][debug][gc,phases         ] GC(31) Update Remembered Set Tracking After Rebuild 0.094ms
[2024-12-07T22:49:42.176+0800][3.634s][debug][gc,phases,start   ] GC(31) Finalize Concurrent Mark Cleanup
[2024-12-07T22:49:42.176+0800][3.635s][debug][gc,ergo           ] GC(31) request young-only gcs (candidate old regions not available)
[2024-12-07T22:49:42.176+0800][3.635s][debug][gc,phases         ] GC(31) Finalize Concurrent Mark Cleanup 0.271ms
[2024-12-07T22:49:42.176+0800][3.635s][info ][gc                ] GC(31) Pause Cleanup 213M->213M(506M) 0.633ms
[2024-12-07T22:49:42.177+0800][3.635s][info ][gc,cpu            ] GC(31) User=0.00s Sys=0.00s Real=0.00s
[2024-12-07T22:49:42.177+0800][3.635s][info ][gc,marking        ] GC(31) Concurrent Cleanup for Next Mark
[2024-12-07T22:49:42.177+0800][3.635s][debug][gc,ergo           ] GC(31) Running G1 Clear Bitmap with 5 workers for 8 work units.
[2024-12-07T22:49:42.177+0800][3.635s][info ][gc,marking        ] GC(31) Concurrent Cleanup for Next Mark 0.319ms
[2024-12-07T22:49:42.177+0800][3.635s][info ][gc                ] GC(31) Concurrent Cycle 18.657ms
[2024-12-07T22:49:42.261+0800][3.719s][debug][gc,ergo,ihop      ] Request concurrent cycle initiation (occupancy higher than threshold) occupancy: 238026752B allocation request: 1048592B threshold: 238760755B (45.00) source: concurrent humongous allocation
[2024-12-07T22:49:42.262+0800][3.720s][debug][gc,ergo           ] Request concurrent cycle initiation (requested by GC cause). GC cause: G1 Humongous Allocation
[2024-12-07T22:49:42.262+0800][3.721s][debug][gc,heap           ] GC(32) Heap before GC invocations=32 (full 0): garbage-first heap   total 518144K, used 230651K [0x00000000e0000000, 0x0000000100000000)
[2024-12-07T22:49:42.262+0800][3.721s][debug][gc,heap           ] GC(32)   region size 1024K, 2 young (2048K), 1 survivors (1024K)
[2024-12-07T22:49:42.263+0800][3.721s][debug][gc,heap           ] GC(32)  Metaspace       used 654K, capacity 4575K, committed 4864K, reserved 1056768K
[2024-12-07T22:49:42.263+0800][3.721s][debug][gc,heap           ] GC(32)   class space    used 52K, capacity 418K, committed 512K, reserved 1048576K
[2024-12-07T22:49:42.263+0800][3.722s][debug][gc,ergo           ] GC(32) Initiate concurrent cycle (concurrent cycle initiation requested)
[2024-12-07T22:49:42.263+0800][3.722s][info ][gc,start          ] GC(32) Pause Young (Concurrent Start) (G1 Humongous Allocation)
[2024-12-07T22:49:42.264+0800][3.722s][info ][gc,task           ] GC(32) Using 12 workers of 18 for evacuation
[2024-12-07T22:49:42.264+0800][3.722s][debug][gc,tlab           ] GC(32) TLAB totals: thrds: 1  refills: 1 max: 1 slow allocs: 12 max 12 waste: 99.5% gc: 500632B max: 500632B slow: 0B max: 0B fast: 0B max: 0B
[2024-12-07T22:49:42.264+0800][3.722s][debug][gc,alloc,region   ] GC(32) Mutator Allocation stats, regions: 1, wasted size: 0B ( 0.0%)
[2024-12-07T22:49:42.264+0800][3.722s][debug][gc,age            ] GC(32) Desired survivor size 2097152 bytes, new threshold 15 (max threshold 15)
[2024-12-07T22:49:42.264+0800][3.723s][debug][gc,ergo,cset      ] GC(32) Finish choosing CSet. old: 0 regions, predicted old region time: 0.00ms, time remaining: 181.12
[2024-12-07T22:49:42.264+0800][3.723s][debug][gc,task,stats     ] GC(32) GC Termination Stats
[2024-12-07T22:49:42.265+0800][3.723s][debug][gc,task,stats     ] GC(32)      elapsed  --strong roots-- -------termination------- ------waste (KiB)------
[2024-12-07T22:49:42.265+0800][3.723s][debug][gc,task,stats     ] GC(32) thr     ms        ms      %        ms      %    attempts  total   alloc    undo
[2024-12-07T22:49:42.265+0800][3.723s][debug][gc,task,stats     ] GC(32) --- --------- --------- ------ --------- ------ -------- ------- ------- -------
[2024-12-07T22:49:42.269+0800][3.728s][debug][gc,task,stats     ] GC(32)  10      3.69      3.69  99.89      0.00   0.01        1       0       0       0
[2024-12-07T22:49:42.270+0800][3.728s][debug][gc,task,stats     ] GC(32)   6      4.01      1.48  36.85      2.44  60.71        1       0       0       0
[2024-12-07T22:49:42.270+0800][3.728s][debug][gc,task,stats     ] GC(32)   2      4.40      0.13   3.00      3.79  86.26        1       0       0       0
[2024-12-07T22:49:42.270+0800][3.728s][debug][gc,task,stats     ] GC(32)   4      4.56      0.21   4.67      3.69  81.06        1       0       0       0
[2024-12-07T22:49:42.270+0800][3.729s][debug][gc,task,stats     ] GC(32)   0      4.84      0.25   5.11      3.66  75.53        1       0       0       0
[2024-12-07T22:49:42.270+0800][3.729s][debug][gc,task,stats     ] GC(32)   7      4.96      3.56  71.69      0.27   5.44        1       0       0       0
[2024-12-07T22:49:42.271+0800][3.729s][debug][gc,task,stats     ] GC(32)   1      5.17      0.21   4.01      3.63  70.27        1       0       0       0
[2024-12-07T22:49:42.271+0800][3.729s][debug][gc,task,stats     ] GC(32)   9      5.29      3.61  68.28      0.14   2.58        1       0       0       0
[2024-12-07T22:49:42.271+0800][3.729s][debug][gc,task,stats     ] GC(32)   3      5.58      0.12   2.15      3.64  65.23        1       0       0       0
[2024-12-07T22:49:42.271+0800][3.730s][debug][gc,task,stats     ] GC(32)  11      5.74      0.05   0.93      3.62  62.98        1       0       0       0
[2024-12-07T22:49:42.272+0800][3.730s][debug][gc,task,stats     ] GC(32)   8      6.01      3.66  60.83      0.04   0.66        1       0       0       0
[2024-12-07T22:49:42.272+0800][3.730s][debug][gc,task,stats     ] GC(32)   5      6.31      0.48   7.61      3.56  56.31        1       0       0       0
[2024-12-07T22:49:42.272+0800][3.730s][debug][gc,ergo           ] GC(32) Running G1 Clear Card Table Task using 1 workers for 1 units of work for 3 regions.
[2024-12-07T22:49:42.272+0800][3.731s][debug][gc,ref            ] GC(32) Skipped phase1 of Reference Processing due to unavailable references
[2024-12-07T22:49:42.272+0800][3.731s][debug][gc,ref            ] GC(32) Skipped phase2 of Reference Processing due to unavailable references
[2024-12-07T22:49:42.272+0800][3.731s][debug][gc,ref            ] GC(32) Skipped phase3 of Reference Processing due to unavailable references
[2024-12-07T22:49:42.273+0800][3.731s][debug][gc,ref            ] GC(32) Skipped phase4 of Reference Processing due to unavailable references
[2024-12-07T22:49:42.273+0800][3.731s][debug][gc,ergo           ] GC(32) Running G1 Free Collection Set using 1 workers for collection set length 2
[2024-12-07T22:49:42.273+0800][3.731s][debug][gc,humongous      ] GC(32) Live humongous region 0 object size 1048592 start 0x00000000e0000000  with remset 0 code roots 0 is marked 0 reclaim candidate 0 type array 1
[2024-12-07T22:49:42.273+0800][3.731s][debug][gc,humongous      ] GC(32) Live humongous region 2 object size 1048592 start 0x00000000e0200000  with remset 0 code roots 0 is marked 0 reclaim candidate 0 type array 1
[2024-12-07T22:49:42.273+0800][3.731s][debug][gc,humongous      ] GC(32) Live humongous region 4 object size 1048592 start 0x00000000e0400000  with remset 0 code roots 0 is marked 0 reclaim candidate 0 type array 1
[2024-12-07T22:49:42.273+0800][3.731s][debug][gc,humongous      ] GC(32) Live humongous region 6 object size 1048592 start 0x00000000e0600000  with remset 0 code roots 0 is marked 0 reclaim candidate 0 type array 1
[2024-12-07T22:49:42.273+0800][3.731s][debug][gc,humongous      ] GC(32) Live humongous region 8 object size 1048592 start 0x00000000e0800000  with remset 0 code roots 0 is marked 0 reclaim candidate 0 type array 1
[2024-12-07T22:49:42.273+0800][3.731s][debug][gc,humongous      ] GC(32) Live humongous region 10 object size 1048592 start 0x00000000e0a00000  with remset 0 code roots 0 is marked 0 reclaim candidate 0 type array 1
[2024-12-07T22:49:42.273+0800][3.731s][debug][gc,humongous      ] GC(32) Live humongous region 12 object size 1048592 start 0x00000000e0c00000  with remset 0 code roots 0 is marked 0 reclaim candidate 0 type array 1
[2024-12-07T22:49:42.273+0800][3.732s][debug][gc,humongous      ] GC(32) Live humongous region 14 object size 1048592 start 0x00000000e0e00000  with remset 0 code roots 0 is marked 0 reclaim candidate 0 type array 1
[2024-12-07T22:49:42.273+0800][3.732s][debug][gc,humongous      ] GC(32) Live humongous region 16 object size 1048592 start 0x00000000e1000000  with remset 0 code roots 0 is marked 0 reclaim candidate 0 type array 1
[2024-12-07T22:49:42.273+0800][3.732s][debug][gc,humongous      ] GC(32) Live humongous region 18 object size 1048592 start 0x00000000e1200000  with remset 0 code roots 0 is marked 0 reclaim candidate 0 type array 1
[2024-12-07T22:49:42.273+0800][3.732s][debug][gc,humongous      ] GC(32) Live humongous region 20 object size 1048592 start 0x00000000e1400000  with remset 0 code roots 0 is marked 0 reclaim candidate 0 type array 1
[2024-12-07T22:49:42.273+0800][3.732s][debug][gc,humongous      ] GC(32) Live humongous region 22 object size 1048592 start 0x00000000e1600000  with remset 0 code roots 0 is marked 0 reclaim candidate 0 type array 1
[2024-12-07T22:49:42.274+0800][3.732s][debug][gc,humongous      ] GC(32) Live humongous region 24 object size 1048592 start 0x00000000e1800000  with remset 0 code roots 0 is marked 0 reclaim candidate 0 type array 1
[2024-12-07T22:49:42.274+0800][3.732s][debug][gc,humongous      ] GC(32) Live humongous region 26 object size 1048592 start 0x00000000e1a00000  with remset 0 code roots 0 is marked 0 reclaim candidate 0 type array 1
[2024-12-07T22:49:42.274+0800][3.732s][debug][gc,humongous      ] GC(32) Live humongous region 28 object size 1048592 start 0x00000000e1c00000  with remset 0 code roots 0 is marked 0 reclaim candidate 0 type array 1
[2024-12-07T22:49:42.274+0800][3.732s][debug][gc,humongous      ] GC(32) Live humongous region 30 object size 1048592 start 0x00000000e1e00000  with remset 0 code roots 0 is marked 0 reclaim candidate 0 type array 1
[2024-12-07T22:49:42.274+0800][3.732s][debug][gc,humongous      ] GC(32) Live humongous region 32 object size 1048592 start 0x00000000e2000000  with remset 0 code roots 0 is marked 0 reclaim candidate 0 type array 1
[2024-12-07T22:49:42.274+0800][3.732s][debug][gc,humongous      ] GC(32) Live humongous region 34 object size 1048592 start 0x00000000e2200000  with remset 0 code roots 0 is marked 0 reclaim candidate 0 type array 1
[2024-12-07T22:49:42.274+0800][3.732s][debug][gc,humongous      ] GC(32) Live humongous region 36 object size 1048592 start 0x00000000e2400000  with remset 0 code roots 0 is marked 0 reclaim candidate 0 type array 1
[2024-12-07T22:49:42.274+0800][3.732s][debug][gc,humongous      ] GC(32) Live humongous region 38 object size 1048592 start 0x00000000e2600000  with remset 0 code roots 0 is marked 0 reclaim candidate 0 type array 1
[2024-12-07T22:49:42.274+0800][3.732s][debug][gc,humongous      ] GC(32) Live humongous region 40 object size 1048592 start 0x00000000e2800000  with remset 0 code roots 0 is marked 0 reclaim candidate 0 type array 1
[2024-12-07T22:49:42.274+0800][3.732s][debug][gc,humongous      ] GC(32) Live humongous region 42 object size 1048592 start 0x00000000e2a00000  with remset 0 code roots 0 is marked 0 reclaim candidate 0 type array 1
[2024-12-07T22:49:42.274+0800][3.732s][debug][gc,humongous      ] GC(32) Live humongous region 44 object size 1048592 start 0x00000000e2c00000  with remset 0 code roots 0 is marked 0 reclaim candidate 0 type array 1
[2024-12-07T22:49:42.274+0800][3.733s][debug][gc,humongous      ] GC(32) Live humongous region 46 object size 1048592 start 0x00000000e2e00000  with remset 0 code roots 0 is marked 0 reclaim candidate 0 type array 1
[2024-12-07T22:49:42.274+0800][3.733s][debug][gc,humongous      ] GC(32) Live humongous region 48 object size 1048592 start 0x00000000e3000000  with remset 0 code roots 0 is marked 0 reclaim candidate 0 type array 1
[2024-12-07T22:49:42.274+0800][3.733s][debug][gc,humongous      ] GC(32) Live humongous region 50 object size 1048592 start 0x00000000e3200000  with remset 0 code roots 0 is marked 0 reclaim candidate 0 type array 1
[2024-12-07T22:49:42.274+0800][3.733s][debug][gc,humongous      ] GC(32) Live humongous region 52 object size 1048592 start 0x00000000e3400000  with remset 0 code roots 0 is marked 0 reclaim candidate 0 type array 1
[2024-12-07T22:49:42.274+0800][3.733s][debug][gc,humongous      ] GC(32) Live humongous region 54 object size 1048592 start 0x00000000e3600000  with remset 0 code roots 0 is marked 0 reclaim candidate 0 type array 1
[2024-12-07T22:49:42.275+0800][3.733s][debug][gc,humongous      ] GC(32) Live humongous region 56 object size 1048592 start 0x00000000e3800000  with remset 0 code roots 0 is marked 0 reclaim candidate 0 type array 1
[2024-12-07T22:49:42.275+0800][3.733s][debug][gc,humongous      ] GC(32) Live humongous region 58 object size 1048592 start 0x00000000e3a00000  with remset 0 code roots 0 is marked 0 reclaim candidate 0 type array 1
[2024-12-07T22:49:42.275+0800][3.733s][debug][gc,humongous      ] GC(32) Live humongous region 60 object size 1048592 start 0x00000000e3c00000  with remset 0 code roots 0 is marked 0 reclaim candidate 0 type array 1
[2024-12-07T22:49:42.275+0800][3.733s][debug][gc,humongous      ] GC(32) Live humongous region 62 object size 1048592 start 0x00000000e3e00000  with remset 0 code roots 0 is marked 0 reclaim candidate 0 type array 1
[2024-12-07T22:49:42.275+0800][3.733s][debug][gc,humongous      ] GC(32) Live humongous region 64 object size 1048592 start 0x00000000e4000000  with remset 0 code roots 0 is marked 0 reclaim candidate 0 type array 1
[2024-12-07T22:49:42.275+0800][3.733s][debug][gc,humongous      ] GC(32) Live humongous region 66 object size 1048592 start 0x00000000e4200000  with remset 0 code roots 0 is marked 0 reclaim candidate 0 type array 1
[2024-12-07T22:49:42.275+0800][3.733s][debug][gc,humongous      ] GC(32) Live humongous region 68 object size 1048592 start 0x00000000e4400000  with remset 0 code roots 0 is marked 0 reclaim candidate 0 type array 1
[2024-12-07T22:49:42.275+0800][3.733s][debug][gc,humongous      ] GC(32) Live humongous region 70 object size 1048592 start 0x00000000e4600000  with remset 0 code roots 0 is marked 0 reclaim candidate 0 type array 1
[2024-12-07T22:49:42.275+0800][3.733s][debug][gc,humongous      ] GC(32) Live humongous region 72 object size 1048592 start 0x00000000e4800000  with remset 0 code roots 0 is marked 0 reclaim candidate 0 type array 1
[2024-12-07T22:49:42.275+0800][3.733s][debug][gc,humongous      ] GC(32) Live humongous region 74 object size 1048592 start 0x00000000e4a00000  with remset 0 code roots 0 is marked 0 reclaim candidate 0 type array 1
[2024-12-07T22:49:42.275+0800][3.733s][debug][gc,humongous      ] GC(32) Live humongous region 76 object size 1048592 start 0x00000000e4c00000  with remset 0 code roots 0 is marked 0 reclaim candidate 0 type array 1
[2024-12-07T22:49:42.275+0800][3.734s][debug][gc,humongous      ] GC(32) Live humongous region 78 object size 1048592 start 0x00000000e4e00000  with remset 0 code roots 0 is marked 0 reclaim candidate 0 type array 1
[2024-12-07T22:49:42.275+0800][3.734s][debug][gc,humongous      ] GC(32) Live humongous region 80 object size 1048592 start 0x00000000e5000000  with remset 0 code roots 0 is marked 0 reclaim candidate 0 type array 1
[2024-12-07T22:49:42.275+0800][3.734s][debug][gc,humongous      ] GC(32) Live humongous region 82 object size 1048592 start 0x00000000e5200000  with remset 0 code roots 0 is marked 0 reclaim candidate 0 type array 1
[2024-12-07T22:49:42.275+0800][3.734s][debug][gc,humongous      ] GC(32) Live humongous region 84 object size 1048592 start 0x00000000e5400000  with remset 0 code roots 0 is marked 0 reclaim candidate 0 type array 1
[2024-12-07T22:49:42.275+0800][3.734s][debug][gc,humongous      ] GC(32) Live humongous region 86 object size 1048592 start 0x00000000e5600000  with remset 0 code roots 0 is marked 0 reclaim candidate 0 type array 1
[2024-12-07T22:49:42.276+0800][3.734s][debug][gc,humongous      ] GC(32) Live humongous region 88 object size 1048592 start 0x00000000e5800000  with remset 0 code roots 0 is marked 0 reclaim candidate 0 type array 1
[2024-12-07T22:49:42.276+0800][3.734s][debug][gc,humongous      ] GC(32) Live humongous region 90 object size 1048592 start 0x00000000e5a00000  with remset 0 code roots 0 is marked 0 reclaim candidate 0 type array 1
[2024-12-07T22:49:42.276+0800][3.734s][debug][gc,humongous      ] GC(32) Live humongous region 92 object size 1048592 start 0x00000000e5c00000  with remset 0 code roots 0 is marked 0 reclaim candidate 0 type array 1
[2024-12-07T22:49:42.276+0800][3.734s][debug][gc,humongous      ] GC(32) Live humongous region 94 object size 1048592 start 0x00000000e5e00000  with remset 0 code roots 0 is marked 0 reclaim candidate 0 type array 1
[2024-12-07T22:49:42.276+0800][3.734s][debug][gc,humongous      ] GC(32) Live humongous region 96 object size 1048592 start 0x00000000e6000000  with remset 0 code roots 0 is marked 0 reclaim candidate 0 type array 1
[2024-12-07T22:49:42.276+0800][3.734s][debug][gc,humongous      ] GC(32) Live humongous region 98 object size 1048592 start 0x00000000e6200000  with remset 0 code roots 0 is marked 0 reclaim candidate 0 type array 1
[2024-12-07T22:49:42.276+0800][3.734s][debug][gc,humongous      ] GC(32) Live humongous region 100 object size 1048592 start 0x00000000e6400000  with remset 0 code roots 0 is marked 0 reclaim candidate 0 type array 1
[2024-12-07T22:49:42.276+0800][3.734s][debug][gc,humongous      ] GC(32) Live humongous region 102 object size 1048592 start 0x00000000e6600000  with remset 0 code roots 0 is marked 0 reclaim candidate 0 type array 1
[2024-12-07T22:49:42.276+0800][3.734s][debug][gc,humongous      ] GC(32) Live humongous region 104 object size 1048592 start 0x00000000e6800000  with remset 0 code roots 0 is marked 0 reclaim candidate 0 type array 1
[2024-12-07T22:49:42.276+0800][3.734s][debug][gc,humongous      ] GC(32) Live humongous region 106 object size 1048592 start 0x00000000e6a00000  with remset 0 code roots 0 is marked 0 reclaim candidate 0 type array 1
[2024-12-07T22:49:42.276+0800][3.735s][debug][gc,humongous      ] GC(32) Live humongous region 108 object size 1048592 start 0x00000000e6c00000  with remset 0 code roots 0 is marked 0 reclaim candidate 0 type array 1
[2024-12-07T22:49:42.276+0800][3.735s][debug][gc,humongous      ] GC(32) Live humongous region 110 object size 1048592 start 0x00000000e6e00000  with remset 0 code roots 0 is marked 0 reclaim candidate 0 type array 1
[2024-12-07T22:49:42.276+0800][3.735s][debug][gc,humongous      ] GC(32) Live humongous region 112 object size 1048592 start 0x00000000e7000000  with remset 0 code roots 0 is marked 0 reclaim candidate 0 type array 1
[2024-12-07T22:49:42.276+0800][3.735s][debug][gc,humongous      ] GC(32) Live humongous region 114 object size 1048592 start 0x00000000e7200000  with remset 0 code roots 0 is marked 0 reclaim candidate 0 type array 1
[2024-12-07T22:49:42.276+0800][3.735s][debug][gc,humongous      ] GC(32) Live humongous region 116 object size 1048592 start 0x00000000e7400000  with remset 0 code roots 0 is marked 0 reclaim candidate 0 type array 1
[2024-12-07T22:49:42.277+0800][3.735s][debug][gc,humongous      ] GC(32) Live humongous region 118 object size 1048592 start 0x00000000e7600000  with remset 0 code roots 0 is marked 0 reclaim candidate 0 type array 1
[2024-12-07T22:49:42.277+0800][3.735s][debug][gc,humongous      ] GC(32) Live humongous region 120 object size 1048592 start 0x00000000e7800000  with remset 0 code roots 0 is marked 0 reclaim candidate 0 type array 1
[2024-12-07T22:49:42.277+0800][3.735s][debug][gc,humongous      ] GC(32) Live humongous region 122 object size 1048592 start 0x00000000e7a00000  with remset 0 code roots 0 is marked 0 reclaim candidate 0 type array 1
[2024-12-07T22:49:42.277+0800][3.735s][debug][gc,humongous      ] GC(32) Live humongous region 124 object size 1048592 start 0x00000000e7c00000  with remset 0 code roots 0 is marked 0 reclaim candidate 0 type array 1
[2024-12-07T22:49:42.277+0800][3.735s][debug][gc,humongous      ] GC(32) Live humongous region 126 object size 1048592 start 0x00000000e7e00000  with remset 0 code roots 0 is marked 0 reclaim candidate 0 type array 1
[2024-12-07T22:49:42.277+0800][3.735s][debug][gc,humongous      ] GC(32) Live humongous region 128 object size 1048592 start 0x00000000e8000000  with remset 0 code roots 0 is marked 0 reclaim candidate 0 type array 1
[2024-12-07T22:49:42.277+0800][3.735s][debug][gc,humongous      ] GC(32) Live humongous region 130 object size 1048592 start 0x00000000e8200000  with remset 0 code roots 0 is marked 0 reclaim candidate 0 type array 1
[2024-12-07T22:49:42.277+0800][3.735s][debug][gc,humongous      ] GC(32) Live humongous region 132 object size 1048592 start 0x00000000e8400000  with remset 0 code roots 0 is marked 0 reclaim candidate 0 type array 1
[2024-12-07T22:49:42.277+0800][3.735s][debug][gc,humongous      ] GC(32) Live humongous region 134 object size 1048592 start 0x00000000e8600000  with remset 0 code roots 0 is marked 0 reclaim candidate 0 type array 1
[2024-12-07T22:49:42.277+0800][3.735s][debug][gc,humongous      ] GC(32) Live humongous region 136 object size 1048592 start 0x00000000e8800000  with remset 0 code roots 0 is marked 0 reclaim candidate 0 type array 1
[2024-12-07T22:49:42.277+0800][3.735s][debug][gc,humongous      ] GC(32) Live humongous region 138 object size 1048592 start 0x00000000e8a00000  with remset 0 code roots 0 is marked 0 reclaim candidate 0 type array 1
[2024-12-07T22:49:42.277+0800][3.736s][debug][gc,humongous      ] GC(32) Live humongous region 140 object size 1048592 start 0x00000000e8c00000  with remset 0 code roots 0 is marked 0 reclaim candidate 0 type array 1
[2024-12-07T22:49:42.277+0800][3.736s][debug][gc,humongous      ] GC(32) Live humongous region 142 object size 1048592 start 0x00000000e8e00000  with remset 0 code roots 0 is marked 0 reclaim candidate 0 type array 1
[2024-12-07T22:49:42.277+0800][3.736s][debug][gc,humongous      ] GC(32) Live humongous region 144 object size 1048592 start 0x00000000e9000000  with remset 0 code roots 0 is marked 0 reclaim candidate 0 type array 1
[2024-12-07T22:49:42.277+0800][3.736s][debug][gc,humongous      ] GC(32) Live humongous region 146 object size 1048592 start 0x00000000e9200000  with remset 0 code roots 0 is marked 0 reclaim candidate 0 type array 1
[2024-12-07T22:49:42.277+0800][3.736s][debug][gc,humongous      ] GC(32) Live humongous region 148 object size 1048592 start 0x00000000e9400000  with remset 0 code roots 0 is marked 0 reclaim candidate 0 type array 1
[2024-12-07T22:49:42.277+0800][3.736s][debug][gc,humongous      ] GC(32) Live humongous region 150 object size 1048592 start 0x00000000e9600000  with remset 0 code roots 0 is marked 0 reclaim candidate 0 type array 1
[2024-12-07T22:49:42.278+0800][3.736s][debug][gc,humongous      ] GC(32) Live humongous region 152 object size 1048592 start 0x00000000e9800000  with remset 0 code roots 0 is marked 0 reclaim candidate 0 type array 1
[2024-12-07T22:49:42.278+0800][3.736s][debug][gc,humongous      ] GC(32) Live humongous region 154 object size 1048592 start 0x00000000e9a00000  with remset 0 code roots 0 is marked 0 reclaim candidate 0 type array 1
[2024-12-07T22:49:42.278+0800][3.736s][debug][gc,humongous      ] GC(32) Live humongous region 156 object size 1048592 start 0x00000000e9c00000  with remset 0 code roots 0 is marked 0 reclaim candidate 0 type array 1
[2024-12-07T22:49:42.278+0800][3.736s][debug][gc,humongous      ] GC(32) Live humongous region 158 object size 1048592 start 0x00000000e9e00000  with remset 0 code roots 0 is marked 0 reclaim candidate 0 type array 1
[2024-12-07T22:49:42.278+0800][3.736s][debug][gc,humongous      ] GC(32) Live humongous region 160 object size 1048592 start 0x00000000ea000000  with remset 0 code roots 0 is marked 0 reclaim candidate 0 type array 1
[2024-12-07T22:49:42.278+0800][3.736s][debug][gc,humongous      ] GC(32) Dead humongous region 164 object size 1048592 start 0x00000000ea400000 with remset 0 code roots 0 is marked 0 reclaim candidate 1 type array 1
[2024-12-07T22:49:42.278+0800][3.736s][debug][gc,humongous      ] GC(32) Dead humongous region 166 object size 1048592 start 0x00000000ea600000 with remset 0 code roots 0 is marked 0 reclaim candidate 1 type array 1
[2024-12-07T22:49:42.278+0800][3.736s][debug][gc,humongous      ] GC(32) Dead humongous region 168 object size 1048592 start 0x00000000ea800000 with remset 0 code roots 0 is marked 0 reclaim candidate 1 type array 1
[2024-12-07T22:49:42.278+0800][3.736s][debug][gc,humongous      ] GC(32) Dead humongous region 170 object size 1048592 start 0x00000000eaa00000 with remset 0 code roots 0 is marked 0 reclaim candidate 1 type array 1
[2024-12-07T22:49:42.278+0800][3.736s][debug][gc,humongous      ] GC(32) Dead humongous region 172 object size 1048592 start 0x00000000eac00000 with remset 0 code roots 0 is marked 0 reclaim candidate 1 type array 1
[2024-12-07T22:49:42.278+0800][3.737s][debug][gc,humongous      ] GC(32) Dead humongous region 174 object size 1048592 start 0x00000000eae00000 with remset 0 code roots 0 is marked 0 reclaim candidate 1 type array 1
[2024-12-07T22:49:42.278+0800][3.737s][debug][gc,humongous      ] GC(32) Dead humongous region 176 object size 1048592 start 0x00000000eb000000 with remset 0 code roots 0 is marked 0 reclaim candidate 1 type array 1
[2024-12-07T22:49:42.278+0800][3.737s][debug][gc,humongous      ] GC(32) Dead humongous region 178 object size 1048592 start 0x00000000eb200000 with remset 0 code roots 0 is marked 0 reclaim candidate 1 type array 1
[2024-12-07T22:49:42.278+0800][3.737s][debug][gc,humongous      ] GC(32) Dead humongous region 180 object size 1048592 start 0x00000000eb400000 with remset 0 code roots 0 is marked 0 reclaim candidate 1 type array 1
[2024-12-07T22:49:42.278+0800][3.737s][debug][gc,humongous      ] GC(32) Dead humongous region 182 object size 1048592 start 0x00000000eb600000 with remset 0 code roots 0 is marked 0 reclaim candidate 1 type array 1
[2024-12-07T22:49:42.279+0800][3.737s][debug][gc,humongous      ] GC(32) Dead humongous region 184 object size 1048592 start 0x00000000eb800000 with remset 0 code roots 0 is marked 0 reclaim candidate 1 type array 1
[2024-12-07T22:49:42.279+0800][3.737s][debug][gc,humongous      ] GC(32) Dead humongous region 186 object size 1048592 start 0x00000000eba00000 with remset 0 code roots 0 is marked 0 reclaim candidate 1 type array 1
[2024-12-07T22:49:42.279+0800][3.737s][debug][gc,humongous      ] GC(32) Live humongous region 188 object size 1048592 start 0x00000000ebc00000  with remset 0 code roots 0 is marked 0 reclaim candidate 0 type array 1
[2024-12-07T22:49:42.279+0800][3.737s][debug][gc,humongous      ] GC(32) Live humongous region 190 object size 1048592 start 0x00000000ebe00000  with remset 0 code roots 0 is marked 0 reclaim candidate 0 type array 1
[2024-12-07T22:49:42.279+0800][3.737s][debug][gc,humongous      ] GC(32) Live humongous region 192 object size 1048592 start 0x00000000ec000000  with remset 0 code roots 0 is marked 0 reclaim candidate 0 type array 1
[2024-12-07T22:49:42.279+0800][3.737s][debug][gc,humongous      ] GC(32) Live humongous region 194 object size 1048592 start 0x00000000ec200000  with remset 0 code roots 0 is marked 0 reclaim candidate 0 type array 1
[2024-12-07T22:49:42.279+0800][3.737s][debug][gc,humongous      ] GC(32) Live humongous region 196 object size 1048592 start 0x00000000ec400000  with remset 0 code roots 0 is marked 0 reclaim candidate 0 type array 1
[2024-12-07T22:49:42.279+0800][3.737s][debug][gc,humongous      ] GC(32) Live humongous region 198 object size 1048592 start 0x00000000ec600000  with remset 0 code roots 0 is marked 0 reclaim candidate 0 type array 1
[2024-12-07T22:49:42.279+0800][3.737s][debug][gc,humongous      ] GC(32) Live humongous region 200 object size 1048592 start 0x00000000ec800000  with remset 0 code roots 0 is marked 0 reclaim candidate 0 type array 1
[2024-12-07T22:49:42.279+0800][3.737s][debug][gc,humongous      ] GC(32) Live humongous region 202 object size 1048592 start 0x00000000eca00000  with remset 0 code roots 0 is marked 0 reclaim candidate 0 type array 1
[2024-12-07T22:49:42.279+0800][3.737s][debug][gc,humongous      ] GC(32) Live humongous region 204 object size 1048592 start 0x00000000ecc00000  with remset 0 code roots 0 is marked 0 reclaim candidate 0 type array 1
[2024-12-07T22:49:42.279+0800][3.738s][debug][gc,humongous      ] GC(32) Live humongous region 206 object size 1048592 start 0x00000000ece00000  with remset 0 code roots 0 is marked 0 reclaim candidate 0 type array 1
[2024-12-07T22:49:42.279+0800][3.738s][debug][gc,humongous      ] GC(32) Live humongous region 208 object size 1048592 start 0x00000000ed000000  with remset 0 code roots 0 is marked 0 reclaim candidate 0 type array 1
[2024-12-07T22:49:42.279+0800][3.738s][debug][gc,humongous      ] GC(32) Live humongous region 210 object size 1048592 start 0x00000000ed200000  with remset 0 code roots 0 is marked 0 reclaim candidate 0 type array 1
[2024-12-07T22:49:42.280+0800][3.738s][debug][gc,humongous      ] GC(32) Live humongous region 212 object size 1048592 start 0x00000000ed400000  with remset 0 code roots 0 is marked 0 reclaim candidate 0 type array 1
[2024-12-07T22:49:42.280+0800][3.738s][debug][gc,humongous      ] GC(32) Live humongous region 214 object size 1048592 start 0x00000000ed600000  with remset 0 code roots 0 is marked 0 reclaim candidate 0 type array 1
[2024-12-07T22:49:42.280+0800][3.738s][debug][gc,humongous      ] GC(32) Live humongous region 216 object size 1048592 start 0x00000000ed800000  with remset 0 code roots 0 is marked 0 reclaim candidate 0 type array 1
[2024-12-07T22:49:42.280+0800][3.738s][debug][gc,humongous      ] GC(32) Live humongous region 218 object size 1048592 start 0x00000000eda00000  with remset 0 code roots 0 is marked 0 reclaim candidate 0 type array 1
[2024-12-07T22:49:42.280+0800][3.738s][debug][gc,humongous      ] GC(32) Live humongous region 220 object size 1048592 start 0x00000000edc00000  with remset 0 code roots 0 is marked 0 reclaim candidate 0 type array 1
[2024-12-07T22:49:42.280+0800][3.738s][debug][gc,humongous      ] GC(32) Live humongous region 222 object size 1048592 start 0x00000000ede00000  with remset 0 code roots 0 is marked 0 reclaim candidate 0 type array 1
[2024-12-07T22:49:42.280+0800][3.738s][debug][gc,humongous      ] GC(32) Live humongous region 224 object size 1048592 start 0x00000000ee000000  with remset 0 code roots 0 is marked 0 reclaim candidate 0 type array 1
[2024-12-07T22:49:42.280+0800][3.738s][debug][gc,plab           ] GC(32) Young PLAB allocation: allocated: 6192B, wasted: 0B, unused: 2192B, used: 4000B, undo waste: 0B, 
[2024-12-07T22:49:42.280+0800][3.738s][debug][gc,plab           ] GC(32) Young other allocation: region end waste: 0B, regions filled: 1, direct allocated: 0B, failure used: 0B, failure wasted: 0B
[2024-12-07T22:49:42.281+0800][3.739s][debug][gc,plab           ] GC(32) Young sizing: calculated: 800B, actual: 6680B
[2024-12-07T22:49:42.281+0800][3.739s][debug][gc,plab           ] GC(32) Old PLAB allocation: allocated: 0B, wasted: 0B, unused: 0B, used: 0B, undo waste: 0B, 
[2024-12-07T22:49:42.281+0800][3.739s][debug][gc,plab           ] GC(32) Old other allocation: region end waste: 0B, regions filled: 1, direct allocated: 0B, failure used: 0B, failure wasted: 0B
[2024-12-07T22:49:42.281+0800][3.739s][debug][gc,plab           ] GC(32) Old sizing: calculated: 0B, actual: 16936B
[2024-12-07T22:49:42.281+0800][3.739s][debug][gc,alloc,stats    ] Old generation allocation in the last mutator period, old gen allocated: 0B, humongous allocated: 25165824B,old gen growth: 0B.
[2024-12-07T22:49:42.281+0800][3.739s][debug][gc,ihop           ] GC(32) Basic information (value update), threshold: 238760755B (45.00), target occupancy: 530579456B, current occupancy: 211019824B, recent allocation size: 25165824B, recent allocation duration: 100.49ms, recent old gen allocation rate: 250430559.28B/s, recent marking phase length: 0.00ms
[2024-12-07T22:49:42.281+0800][3.739s][debug][gc,ihop           ] GC(32) Adaptive IHOP information (value update), threshold: 238760755B (52.32), internal target occupancy: 456340275B, occupancy: 211019824B, additional buffer size: 26214400B, predicted old gen allocation rate: 112578415.82B/s, predicted marking phase length: 0.00ms, prediction active: false
[2024-12-07T22:49:42.281+0800][3.739s][debug][gc,ergo,refine    ] GC(32) Updated Refinement Zones: green: 18, yellow: 54, red: 90
[2024-12-07T22:49:42.281+0800][3.739s][info ][gc,phases         ] GC(32)   Pre Evacuate Collection Set: 0.2ms
[2024-12-07T22:49:42.281+0800][3.740s][debug][gc,phases         ] GC(32)     Prepare TLABs: 0.1ms
[2024-12-07T22:49:42.281+0800][3.740s][debug][gc,phases         ] GC(32)     Choose Collection Set: 0.2ms
[2024-12-07T22:49:42.281+0800][3.740s][debug][gc,phases         ] GC(32)     Humongous Register: 0.0ms
[2024-12-07T22:49:42.281+0800][3.740s][debug][gc,phases         ] GC(32)     Clear Claimed Marks: 0.0ms
[2024-12-07T22:49:42.282+0800][3.740s][info ][gc,phases         ] GC(32)   Evacuate Collection Set: 7.6ms
[2024-12-07T22:49:42.282+0800][3.740s][debug][gc,phases         ] GC(32)     Ext Root Scanning (ms):   Min:  0.0, Avg:  1.4, Max:  3.7, Diff:  3.7, Sum: 17.4, Workers: 12
[2024-12-07T22:49:42.282+0800][3.740s][debug][gc,phases         ] GC(32)     Update RS (ms):           Min:  0.0, Avg:  0.0, Max:  0.0, Diff:  0.0, Sum:  0.0, Workers: 12
[2024-12-07T22:49:42.282+0800][3.740s][debug][gc,phases         ] GC(32)       Processed Buffers:        Min: 0, Avg:  0.2, Max: 2, Diff: 2, Sum: 2, Workers: 12
[2024-12-07T22:49:42.282+0800][3.740s][debug][gc,phases         ] GC(32)       Scanned Cards:            Min: 0, Avg:  1.2, Max: 15, Diff: 15, Sum: 15, Workers: 12
[2024-12-07T22:49:42.282+0800][3.740s][debug][gc,phases         ] GC(32)       Skipped Cards:            Min: 0, Avg:  0.0, Max: 0, Diff: 0, Sum: 0, Workers: 12
[2024-12-07T22:49:42.282+0800][3.740s][debug][gc,phases         ] GC(32)     Scan RS (ms):             Min:  0.0, Avg:  0.0, Max:  0.0, Diff:  0.0, Sum:  0.0, Workers: 12
[2024-12-07T22:49:42.282+0800][3.740s][debug][gc,phases         ] GC(32)       Scanned Cards:            Min: 0, Avg:  0.2, Max: 2, Diff: 2, Sum: 2, Workers: 12
[2024-12-07T22:49:42.282+0800][3.740s][debug][gc,phases         ] GC(32)       Claimed Cards:            Min: 0, Avg:  0.2, Max: 3, Diff: 3, Sum: 3, Workers: 12
[2024-12-07T22:49:42.282+0800][3.740s][debug][gc,phases         ] GC(32)       Skipped Cards:            Min: 0, Avg:  0.0, Max: 0, Diff: 0, Sum: 0, Workers: 12
[2024-12-07T22:49:42.282+0800][3.741s][debug][gc,phases         ] GC(32)     Code Root Scanning (ms):  Min:  0.0, Avg:  0.0, Max:  0.0, Diff:  0.0, Sum:  0.0, Workers: 12
[2024-12-07T22:49:42.282+0800][3.741s][debug][gc,phases         ] GC(32)     AOT Root Scanning (ms):   skipped
[2024-12-07T22:49:42.282+0800][3.741s][debug][gc,phases         ] GC(32)     Object Copy (ms):         Min:  0.0, Avg:  0.0, Max:  0.0, Diff:  0.0, Sum:  0.1, Workers: 12
[2024-12-07T22:49:42.282+0800][3.741s][debug][gc,phases         ] GC(32)     Termination (ms):         Min:  0.0, Avg:  2.4, Max:  3.8, Diff:  3.8, Sum: 28.5, Workers: 12
[2024-12-07T22:49:42.283+0800][3.741s][debug][gc,phases         ] GC(32)       Termination Attempts:     Min: 1, Avg:  1.0, Max: 1, Diff: 0, Sum: 12, Workers: 12
[2024-12-07T22:49:42.283+0800][3.741s][debug][gc,phases         ] GC(32)     GC Worker Other (ms):     Min:  0.3, Avg:  1.4, Max:  2.6, Diff:  2.3, Sum: 17.2, Workers: 12
[2024-12-07T22:49:42.283+0800][3.741s][debug][gc,phases         ] GC(32)     GC Worker Total (ms):     Min:  4.0, Avg:  5.3, Max:  6.5, Diff:  2.5, Sum: 63.2, Workers: 12
[2024-12-07T22:49:42.283+0800][3.741s][info ][gc,phases         ] GC(32)   Post Evacuate Collection Set: 7.9ms
[2024-12-07T22:49:42.283+0800][3.741s][debug][gc,phases         ] GC(32)     Code Roots Fixup: 0.0ms
[2024-12-07T22:49:42.283+0800][3.741s][debug][gc,phases         ] GC(32)     Clear Card Table: 0.2ms
[2024-12-07T22:49:42.283+0800][3.741s][debug][gc,phases         ] GC(32)     Reference Processing: 0.3ms
[2024-12-07T22:49:42.283+0800][3.741s][debug][gc,phases,ref     ] GC(32)       Reconsider SoftReferences: 0.1ms
[2024-12-07T22:49:42.283+0800][3.741s][debug][gc,phases,ref     ] GC(32)         SoftRef (ms):             skipped
[2024-12-07T22:49:42.283+0800][3.741s][debug][gc,phases,ref     ] GC(32)       Notify Soft/WeakReferences: 0.1ms
[2024-12-07T22:49:42.283+0800][3.741s][debug][gc,phases,ref     ] GC(32)         SoftRef (ms):             skipped
[2024-12-07T22:49:42.283+0800][3.742s][debug][gc,phases,ref     ] GC(32)         WeakRef (ms):             skipped
[2024-12-07T22:49:42.283+0800][3.742s][debug][gc,phases,ref     ] GC(32)         FinalRef (ms):            skipped
[2024-12-07T22:49:42.283+0800][3.742s][debug][gc,phases,ref     ] GC(32)         Total (ms):               skipped
[2024-12-07T22:49:42.283+0800][3.742s][debug][gc,phases,ref     ] GC(32)       Notify and keep alive finalizable: 0.1ms
[2024-12-07T22:49:42.283+0800][3.742s][debug][gc,phases,ref     ] GC(32)         FinalRef (ms):            skipped
[2024-12-07T22:49:42.284+0800][3.742s][debug][gc,phases,ref     ] GC(32)       Notify PhantomReferences: 0.1ms
[2024-12-07T22:49:42.284+0800][3.742s][debug][gc,phases,ref     ] GC(32)         PhantomRef (ms):          skipped
[2024-12-07T22:49:42.284+0800][3.742s][debug][gc,phases,ref     ] GC(32)       SoftReference:
[2024-12-07T22:49:42.284+0800][3.742s][debug][gc,phases,ref     ] GC(32)         Discovered: 0
[2024-12-07T22:49:42.284+0800][3.742s][debug][gc,phases,ref     ] GC(32)         Cleared: 0
[2024-12-07T22:49:42.284+0800][3.742s][debug][gc,phases,ref     ] GC(32)       WeakReference:
[2024-12-07T22:49:42.284+0800][3.742s][debug][gc,phases,ref     ] GC(32)         Discovered: 0
[2024-12-07T22:49:42.284+0800][3.742s][debug][gc,phases,ref     ] GC(32)         Cleared: 0
[2024-12-07T22:49:42.284+0800][3.742s][debug][gc,phases,ref     ] GC(32)       FinalReference:
[2024-12-07T22:49:42.284+0800][3.742s][debug][gc,phases,ref     ] GC(32)         Discovered: 0
[2024-12-07T22:49:42.284+0800][3.742s][debug][gc,phases,ref     ] GC(32)         Cleared: 0
[2024-12-07T22:49:42.284+0800][3.743s][debug][gc,phases,ref     ] GC(32)       PhantomReference:
[2024-12-07T22:49:42.284+0800][3.743s][debug][gc,phases,ref     ] GC(32)         Discovered: 0
[2024-12-07T22:49:42.284+0800][3.743s][debug][gc,phases,ref     ] GC(32)         Cleared: 0
[2024-12-07T22:49:42.284+0800][3.743s][debug][gc,phases         ] GC(32)     Weak Processing: 0.0ms
[2024-12-07T22:49:42.284+0800][3.743s][debug][gc,phases         ] GC(32)     Merge Per-Thread State: 0.0ms
[2024-12-07T22:49:42.285+0800][3.743s][debug][gc,phases         ] GC(32)     Code Roots Purge: 0.0ms
[2024-12-07T22:49:42.285+0800][3.743s][debug][gc,phases         ] GC(32)     Redirty Cards: 0.1ms
[2024-12-07T22:49:42.285+0800][3.743s][debug][gc,phases         ] GC(32)     DerivedPointerTable Update: 0.0ms
[2024-12-07T22:49:42.285+0800][3.743s][debug][gc,phases         ] GC(32)     Free Collection Set: 0.1ms
[2024-12-07T22:49:42.285+0800][3.743s][debug][gc,phases         ] GC(32)     Humongous Reclaim: 7.2ms
[2024-12-07T22:49:42.285+0800][3.743s][debug][gc,phases         ] GC(32)     Start New Collection Set: 0.0ms
[2024-12-07T22:49:42.285+0800][3.743s][debug][gc,phases         ] GC(32)     Resize TLABs: 0.0ms
[2024-12-07T22:49:42.285+0800][3.743s][debug][gc,phases         ] GC(32)     Expand Heap After Collection: 0.0ms
[2024-12-07T22:49:42.285+0800][3.743s][info ][gc,phases         ] GC(32)   Other: 3.2ms
[2024-12-07T22:49:42.285+0800][3.743s][info ][gc,heap           ] GC(32) Eden regions: 1->0(24)
[2024-12-07T22:49:42.285+0800][3.743s][info ][gc,heap           ] GC(32) Survivor regions: 1->1(4)
[2024-12-07T22:49:42.285+0800][3.744s][info ][gc,heap           ] GC(32) Old regions: 3->3
[2024-12-07T22:49:42.285+0800][3.744s][info ][gc,heap           ] GC(32) Humongous regions: 224->200
[2024-12-07T22:49:42.285+0800][3.744s][info ][gc,metaspace      ] GC(32) Metaspace: 654K(4864K)->654K(4864K) NonClass: 601K(4352K)->601K(4352K) Class: 52K(512K)->52K(512K)
[2024-12-07T22:49:42.285+0800][3.744s][debug][gc,heap           ] GC(32) Heap after GC invocations=33 (full 0): garbage-first heap   total 518144K, used 206074K [0x00000000e0000000, 0x0000000100000000)
[2024-12-07T22:49:42.285+0800][3.744s][debug][gc,heap           ] GC(32)   region size 1024K, 1 young (1024K), 1 survivors (1024K)
[2024-12-07T22:49:42.286+0800][3.744s][debug][gc,heap           ] GC(32)  Metaspace       used 654K, capacity 4575K, committed 4864K, reserved 1056768K
[2024-12-07T22:49:42.286+0800][3.744s][debug][gc,heap           ] GC(32)   class space    used 52K, capacity 418K, committed 512K, reserved 1048576K
[2024-12-07T22:49:42.286+0800][3.744s][info ][gc                ] GC(32) Pause Young (Concurrent Start) (G1 Humongous Allocation) 225M->201M(506M) 22.202ms
[2024-12-07T22:49:42.286+0800][3.744s][info ][gc,cpu            ] GC(32) User=0.03s Sys=0.00s Real=0.02s
[2024-12-07T22:49:42.286+0800][3.744s][info ][gc                ] GC(33) Concurrent Cycle
[2024-12-07T22:49:42.286+0800][3.744s][info ][gc,marking        ] GC(33) Concurrent Clear Claimed Marks
[2024-12-07T22:49:42.286+0800][3.744s][info ][gc,marking        ] GC(33) Concurrent Clear Claimed Marks 0.069ms
[2024-12-07T22:49:42.286+0800][3.744s][info ][gc,marking        ] GC(33) Concurrent Scan Root Regions
[2024-12-07T22:49:42.286+0800][3.744s][debug][gc,ergo           ] GC(33) Running G1 Root Region Scan using 1 workers for 1 work units.
[2024-12-07T22:49:42.286+0800][3.745s][info ][gc,marking        ] GC(33) Concurrent Scan Root Regions 0.175ms
[2024-12-07T22:49:42.286+0800][3.745s][info ][gc,marking        ] GC(33) Concurrent Mark (3.745s)
[2024-12-07T22:49:42.286+0800][3.745s][info ][gc,marking        ] GC(33) Concurrent Mark From Roots
[2024-12-07T22:49:42.286+0800][3.745s][info ][gc,task           ] GC(33) Using 5 workers of 5 for marking
[2024-12-07T22:49:42.287+0800][3.746s][debug][gc,stats          ] ---------------------------------------------------------------------
[2024-12-07T22:49:42.287+0800][3.746s][debug][gc,stats          ] Marking Stats, task = 0, calls = 10
[2024-12-07T22:49:42.287+0800][3.746s][debug][gc,stats          ]   Elapsed time = 0.71ms, Termination time = 0.00ms
[2024-12-07T22:49:42.287+0800][3.746s][debug][gc,stats          ]   Step Times (cum): num = 1534, avg = 0.01ms, sd = 0.13ms max = 3.31ms, total = 14.79ms
[2024-12-07T22:49:42.288+0800][3.746s][debug][gc,stats          ]   Mark Stats Cache: hits 7462 misses 102 ratio 98.652
[2024-12-07T22:49:42.288+0800][3.746s][debug][gc,stats          ] ---------------------------------------------------------------------
[2024-12-07T22:49:42.288+0800][3.746s][debug][gc,stats          ] Marking Stats, task = 1, calls = 17
[2024-12-07T22:49:42.288+0800][3.746s][debug][gc,stats          ]   Elapsed time = 0.68ms, Termination time = 0.00ms
[2024-12-07T22:49:42.288+0800][3.746s][debug][gc,stats          ]   Step Times (cum): num = 433, avg = 0.03ms, sd = 0.24ms max = 3.28ms, total = 14.24ms
[2024-12-07T22:49:42.288+0800][3.746s][debug][gc,stats          ]   Mark Stats Cache: hits 3483 misses 3 ratio 99.914
[2024-12-07T22:49:42.288+0800][3.746s][debug][gc,stats          ] ---------------------------------------------------------------------
[2024-12-07T22:49:42.288+0800][3.746s][debug][gc,stats          ] Marking Stats, task = 2, calls = 1
[2024-12-07T22:49:42.288+0800][3.746s][debug][gc,stats          ]   Elapsed time = 0.65ms, Termination time = 0.00ms
[2024-12-07T22:49:42.288+0800][3.746s][debug][gc,stats          ]   Step Times (cum): num = 353, avg = 0.04ms, sd = 0.27ms max = 3.30ms, total = 14.73ms
[2024-12-07T22:49:42.288+0800][3.747s][debug][gc,stats          ]   Mark Stats Cache: hits 9523 misses 3 ratio 99.969
[2024-12-07T22:49:42.288+0800][3.747s][debug][gc,stats          ] ---------------------------------------------------------------------
[2024-12-07T22:49:42.288+0800][3.747s][debug][gc,stats          ] Marking Stats, task = 3, calls = 8
[2024-12-07T22:49:42.288+0800][3.747s][debug][gc,stats          ]   Elapsed time = 0.61ms, Termination time = 0.00ms
[2024-12-07T22:49:42.288+0800][3.747s][debug][gc,stats          ]   Step Times (cum): num = 416, avg = 0.04ms, sd = 0.25ms max = 3.30ms, total = 14.75ms
[2024-12-07T22:49:42.289+0800][3.747s][debug][gc,stats          ]   Mark Stats Cache: hits 3329 misses 3 ratio 99.910
[2024-12-07T22:49:42.289+0800][3.747s][debug][gc,stats          ] ---------------------------------------------------------------------
[2024-12-07T22:49:42.289+0800][3.747s][debug][gc,stats          ] Marking Stats, task = 4, calls = 9
[2024-12-07T22:49:42.289+0800][3.747s][debug][gc,stats          ]   Elapsed time = 0.61ms, Termination time = 0.00ms
[2024-12-07T22:49:42.289+0800][3.747s][debug][gc,stats          ]   Step Times (cum): num = 431, avg = 0.03ms, sd = 0.24ms max = 3.32ms, total = 14.66ms
[2024-12-07T22:49:42.289+0800][3.747s][debug][gc,stats          ]   Mark Stats Cache: hits 1698 misses 3 ratio 99.824
[2024-12-07T22:49:42.289+0800][3.747s][debug][gc,stats          ] ---------------------------------------------------------------------
[2024-12-07T22:49:42.289+0800][3.747s][info ][gc,marking        ] GC(33) Concurrent Mark From Roots 2.622ms
[2024-12-07T22:49:42.289+0800][3.747s][info ][gc,marking        ] GC(33) Concurrent Preclean
[2024-12-07T22:49:42.289+0800][3.747s][debug][gc,ref,start      ] GC(33) Preclean SoftReferences
[2024-12-07T22:49:42.289+0800][3.747s][debug][gc,ref            ] GC(33) Preclean SoftReferences 0.073ms
[2024-12-07T22:49:42.289+0800][3.748s][debug][gc,ref,start      ] GC(33) Preclean WeakReferences
[2024-12-07T22:49:42.289+0800][3.748s][debug][gc,ref            ] GC(33) Preclean WeakReferences 0.071ms
[2024-12-07T22:49:42.289+0800][3.748s][debug][gc,ref,start      ] GC(33) Preclean FinalReferences
[2024-12-07T22:49:42.289+0800][3.748s][debug][gc,ref            ] GC(33) Preclean FinalReferences 0.071ms
[2024-12-07T22:49:42.290+0800][3.748s][debug][gc,ref,start      ] GC(33) Preclean PhantomReferences
[2024-12-07T22:49:42.290+0800][3.748s][debug][gc,ref            ] GC(33) Preclean PhantomReferences 0.154ms
[2024-12-07T22:49:42.290+0800][3.748s][info ][gc,marking        ] GC(33) Concurrent Preclean 0.713ms
[2024-12-07T22:49:42.290+0800][3.748s][info ][gc,marking        ] GC(33) Concurrent Mark (3.745s, 3.748s) 3.533ms
[2024-12-07T22:49:42.290+0800][3.748s][info ][gc,start          ] GC(33) Pause Remark
[2024-12-07T22:49:42.290+0800][3.748s][debug][gc,phases,start   ] GC(33) Finalize Marking
[2024-12-07T22:49:42.297+0800][3.755s][debug][gc,stats          ] ---------------------------------------------------------------------
[2024-12-07T22:49:42.297+0800][3.755s][debug][gc,stats          ] Marking Stats, task = 0, calls = 83
[2024-12-07T22:49:42.297+0800][3.755s][debug][gc,stats          ]   Elapsed time = 6.45ms, Termination time = 5.58ms
[2024-12-07T22:49:42.297+0800][3.755s][debug][gc,stats          ]   Step Times (cum): num = 1607, avg = 0.01ms, sd = 0.19ms max = 5.58ms, total = 20.37ms
[2024-12-07T22:49:42.297+0800][3.756s][debug][gc,stats          ]   Mark Stats Cache: hits 7462 misses 102 ratio 98.652
[2024-12-07T22:49:42.297+0800][3.756s][debug][gc,stats          ] ---------------------------------------------------------------------
[2024-12-07T22:49:42.297+0800][3.756s][debug][gc,stats          ] Marking Stats, task = 1, calls = 18
[2024-12-07T22:49:42.297+0800][3.756s][debug][gc,stats          ]   Elapsed time = 6.45ms, Termination time = 5.59ms
[2024-12-07T22:49:42.298+0800][3.756s][debug][gc,stats          ]   Step Times (cum): num = 434, avg = 0.05ms, sd = 0.36ms max = 5.59ms, total = 19.83ms
[2024-12-07T22:49:42.298+0800][3.756s][debug][gc,stats          ]   Mark Stats Cache: hits 3483 misses 3 ratio 99.914
[2024-12-07T22:49:42.298+0800][3.756s][debug][gc,stats          ] ---------------------------------------------------------------------
[2024-12-07T22:49:42.298+0800][3.756s][debug][gc,stats          ] Marking Stats, task = 2, calls = 2
[2024-12-07T22:49:42.298+0800][3.756s][debug][gc,stats          ]   Elapsed time = 6.45ms, Termination time = 5.58ms
[2024-12-07T22:49:42.298+0800][3.756s][debug][gc,stats          ]   Step Times (cum): num = 354, avg = 0.06ms, sd = 0.40ms max = 5.58ms, total = 20.31ms
[2024-12-07T22:49:42.298+0800][3.756s][debug][gc,stats          ]   Mark Stats Cache: hits 9523 misses 3 ratio 99.969
[2024-12-07T22:49:42.298+0800][3.756s][debug][gc,stats          ] ---------------------------------------------------------------------
[2024-12-07T22:49:42.298+0800][3.757s][debug][gc,stats          ] Marking Stats, task = 3, calls = 9
[2024-12-07T22:49:42.298+0800][3.757s][debug][gc,stats          ]   Elapsed time = 6.46ms, Termination time = 5.59ms
[2024-12-07T22:49:42.298+0800][3.757s][debug][gc,stats          ]   Step Times (cum): num = 417, avg = 0.05ms, sd = 0.37ms max = 5.59ms, total = 20.34ms
[2024-12-07T22:49:42.298+0800][3.757s][debug][gc,stats          ]   Mark Stats Cache: hits 3329 misses 3 ratio 99.910
[2024-12-07T22:49:42.298+0800][3.757s][debug][gc,stats          ] ---------------------------------------------------------------------
[2024-12-07T22:49:42.299+0800][3.757s][debug][gc,stats          ] Marking Stats, task = 4, calls = 10
[2024-12-07T22:49:42.299+0800][3.757s][debug][gc,stats          ]   Elapsed time = 6.45ms, Termination time = 5.59ms
[2024-12-07T22:49:42.299+0800][3.757s][debug][gc,stats          ]   Step Times (cum): num = 432, avg = 0.05ms, sd = 0.36ms max = 5.59ms, total = 20.24ms
[2024-12-07T22:49:42.299+0800][3.757s][debug][gc,stats          ]   Mark Stats Cache: hits 1698 misses 3 ratio 99.824
[2024-12-07T22:49:42.299+0800][3.757s][debug][gc,stats          ] ---------------------------------------------------------------------
[2024-12-07T22:49:42.299+0800][3.757s][debug][gc,stats          ] Marking Stats, task = 5, calls = 1
[2024-12-07T22:49:42.299+0800][3.757s][debug][gc,stats          ]   Elapsed time = 6.45ms, Termination time = 5.59ms
[2024-12-07T22:49:42.299+0800][3.757s][debug][gc,stats          ]   Step Times (cum): num = 17, avg = 1.14ms, sd = 1.44ms max = 5.59ms, total = 19.35ms
[2024-12-07T22:49:42.299+0800][3.757s][debug][gc,stats          ]   Mark Stats Cache: hits 0 misses 0 ratio 0.000
[2024-12-07T22:49:42.299+0800][3.758s][debug][gc,stats          ] ---------------------------------------------------------------------
[2024-12-07T22:49:42.299+0800][3.758s][debug][gc,stats          ] Marking Stats, task = 6, calls = 1
[2024-12-07T22:49:42.299+0800][3.758s][debug][gc,stats          ]   Elapsed time = 6.45ms, Termination time = 5.59ms
[2024-12-07T22:49:42.299+0800][3.758s][debug][gc,stats          ]   Step Times (cum): num = 17, avg = 1.14ms, sd = 1.43ms max = 5.59ms, total = 19.33ms
[2024-12-07T22:49:42.299+0800][3.758s][debug][gc,stats          ]   Mark Stats Cache: hits 0 misses 0 ratio 0.000
[2024-12-07T22:49:42.300+0800][3.758s][debug][gc,stats          ] ---------------------------------------------------------------------
[2024-12-07T22:49:42.300+0800][3.758s][debug][gc,stats          ] Marking Stats, task = 7, calls = 1
[2024-12-07T22:49:42.300+0800][3.758s][debug][gc,stats          ]   Elapsed time = 6.47ms, Termination time = 5.60ms
[2024-12-07T22:49:42.300+0800][3.758s][debug][gc,stats          ]   Step Times (cum): num = 17, avg = 1.15ms, sd = 1.39ms max = 5.60ms, total = 19.55ms
[2024-12-07T22:49:42.300+0800][3.758s][debug][gc,stats          ]   Mark Stats Cache: hits 0 misses 0 ratio 0.000
[2024-12-07T22:49:42.300+0800][3.758s][debug][gc,stats          ] ---------------------------------------------------------------------
[2024-12-07T22:49:42.300+0800][3.758s][debug][gc,stats          ] Marking Stats, task = 8, calls = 1
[2024-12-07T22:49:42.300+0800][3.758s][debug][gc,stats          ]   Elapsed time = 6.30ms, Termination time = 5.72ms
[2024-12-07T22:49:42.300+0800][3.759s][debug][gc,stats          ]   Step Times (cum): num = 17, avg = 1.12ms, sd = 1.43ms max = 5.72ms, total = 19.06ms
[2024-12-07T22:49:42.300+0800][3.759s][debug][gc,stats          ]   Mark Stats Cache: hits 0 misses 0 ratio 0.000
[2024-12-07T22:49:42.300+0800][3.759s][debug][gc,stats          ] ---------------------------------------------------------------------
[2024-12-07T22:49:42.300+0800][3.759s][debug][gc,stats          ] Marking Stats, task = 9, calls = 1
[2024-12-07T22:49:42.301+0800][3.759s][debug][gc,stats          ]   Elapsed time = 6.30ms, Termination time = 5.87ms
[2024-12-07T22:49:42.301+0800][3.759s][debug][gc,stats          ]   Step Times (cum): num = 17, avg = 1.12ms, sd = 1.51ms max = 5.87ms, total = 18.98ms
[2024-12-07T22:49:42.301+0800][3.759s][debug][gc,stats          ]   Mark Stats Cache: hits 0 misses 0 ratio 0.000
[2024-12-07T22:49:42.301+0800][3.759s][debug][gc,stats          ] ---------------------------------------------------------------------
[2024-12-07T22:49:42.301+0800][3.759s][debug][gc,stats          ] Marking Stats, task = 10, calls = 1
[2024-12-07T22:49:42.301+0800][3.759s][debug][gc,stats          ]   Elapsed time = 0.18ms, Termination time = 0.00ms
[2024-12-07T22:49:42.301+0800][3.759s][debug][gc,stats          ]   Step Times (cum): num = 17, avg = 0.66ms, sd = 0.94ms max = 3.41ms, total = 11.25ms
[2024-12-07T22:49:42.301+0800][3.759s][debug][gc,stats          ]   Mark Stats Cache: hits 0 misses 0 ratio 0.000
[2024-12-07T22:49:42.301+0800][3.759s][debug][gc,stats          ] ---------------------------------------------------------------------
[2024-12-07T22:49:42.301+0800][3.759s][debug][gc,stats          ] Marking Stats, task = 11, calls = 1
[2024-12-07T22:49:42.301+0800][3.759s][debug][gc,stats          ]   Elapsed time = 0.01ms, Termination time = 0.00ms
[2024-12-07T22:49:42.301+0800][3.760s][debug][gc,stats          ]   Step Times (cum): num = 17, avg = 0.00ms, sd = 0.00ms max = 0.00ms, total = 0.00ms
[2024-12-07T22:49:42.301+0800][3.760s][debug][gc,stats          ]   Mark Stats Cache: hits 0 misses 0 ratio 0.000
[2024-12-07T22:49:42.301+0800][3.760s][debug][gc,stats          ] ---------------------------------------------------------------------
[2024-12-07T22:49:42.301+0800][3.760s][debug][gc,phases         ] GC(33) Finalize Marking 11.359ms
[2024-12-07T22:49:42.301+0800][3.760s][debug][gc,phases,start   ] GC(33) Reference Processing
[2024-12-07T22:49:42.302+0800][3.760s][debug][gc,ref            ] GC(33) Skipped phase1 of Reference Processing due to unavailable references
[2024-12-07T22:49:42.302+0800][3.760s][debug][gc,ref            ] GC(33) Skipped phase2 of Reference Processing due to unavailable references
[2024-12-07T22:49:42.302+0800][3.760s][debug][gc,ref            ] GC(33) Skipped phase3 of Reference Processing due to unavailable references
[2024-12-07T22:49:42.302+0800][3.760s][debug][gc,ref            ] GC(33) Skipped phase4 of Reference Processing due to unavailable references
[2024-12-07T22:49:42.302+0800][3.760s][debug][gc,phases,ref     ] GC(33) Reference Processing: 0.3ms
[2024-12-07T22:49:42.302+0800][3.760s][debug][gc,phases,ref     ] GC(33)   Reconsider SoftReferences: 0.1ms
[2024-12-07T22:49:42.302+0800][3.760s][debug][gc,phases,ref     ] GC(33)     SoftRef (ms):             skipped
[2024-12-07T22:49:42.302+0800][3.760s][debug][gc,phases,ref     ] GC(33)   Notify Soft/WeakReferences: 0.1ms
[2024-12-07T22:49:42.302+0800][3.760s][debug][gc,phases,ref     ] GC(33)     SoftRef (ms):             skipped
[2024-12-07T22:49:42.302+0800][3.760s][debug][gc,phases,ref     ] GC(33)     WeakRef (ms):             skipped
[2024-12-07T22:49:42.302+0800][3.761s][debug][gc,phases,ref     ] GC(33)     FinalRef (ms):            skipped
[2024-12-07T22:49:42.302+0800][3.761s][debug][gc,phases,ref     ] GC(33)     Total (ms):               skipped
[2024-12-07T22:49:42.302+0800][3.761s][debug][gc,phases,ref     ] GC(33)   Notify and keep alive finalizable: 0.1ms
[2024-12-07T22:49:42.302+0800][3.761s][debug][gc,phases,ref     ] GC(33)     FinalRef (ms):            skipped
[2024-12-07T22:49:42.303+0800][3.761s][debug][gc,phases,ref     ] GC(33)   Notify PhantomReferences: 0.1ms
[2024-12-07T22:49:42.303+0800][3.761s][debug][gc,phases,ref     ] GC(33)     PhantomRef (ms):          skipped
[2024-12-07T22:49:42.303+0800][3.761s][debug][gc,phases,ref     ] GC(33)   SoftReference:
[2024-12-07T22:49:42.303+0800][3.761s][debug][gc,phases,ref     ] GC(33)     Discovered: 0
[2024-12-07T22:49:42.303+0800][3.761s][debug][gc,phases,ref     ] GC(33)     Cleared: 0
[2024-12-07T22:49:42.303+0800][3.761s][debug][gc,phases,ref     ] GC(33)   WeakReference:
[2024-12-07T22:49:42.303+0800][3.762s][debug][gc,phases,ref     ] GC(33)     Discovered: 0
[2024-12-07T22:49:42.303+0800][3.762s][debug][gc,phases,ref     ] GC(33)     Cleared: 0
[2024-12-07T22:49:42.303+0800][3.762s][debug][gc,phases,ref     ] GC(33)   FinalReference:
[2024-12-07T22:49:42.304+0800][3.762s][debug][gc,phases,ref     ] GC(33)     Discovered: 0
[2024-12-07T22:49:42.304+0800][3.762s][debug][gc,phases,ref     ] GC(33)     Cleared: 0
[2024-12-07T22:49:42.304+0800][3.762s][debug][gc,phases,ref     ] GC(33)   PhantomReference:
[2024-12-07T22:49:42.304+0800][3.762s][debug][gc,phases,ref     ] GC(33)     Discovered: 0
[2024-12-07T22:49:42.304+0800][3.762s][debug][gc,phases,ref     ] GC(33)     Cleared: 0
[2024-12-07T22:49:42.304+0800][3.762s][debug][gc,phases         ] GC(33) Reference Processing 2.508ms
[2024-12-07T22:49:42.304+0800][3.762s][debug][gc,phases,start   ] GC(33) Weak Processing
[2024-12-07T22:49:42.304+0800][3.763s][debug][gc,phases         ] GC(33) Weak Processing 0.152ms
[2024-12-07T22:49:42.304+0800][3.763s][debug][gc,phases,start   ] GC(33) Class Unloading
[2024-12-07T22:49:42.304+0800][3.763s][debug][gc,phases,start   ] GC(33) ClassLoaderData
[2024-12-07T22:49:42.305+0800][3.763s][debug][gc,phases         ] GC(33) ClassLoaderData 0.108ms
[2024-12-07T22:49:42.305+0800][3.763s][debug][gc,phases,start   ] GC(33) ProtectionDomainCacheTable
[2024-12-07T22:49:42.305+0800][3.763s][debug][gc,phases         ] GC(33) ProtectionDomainCacheTable 0.102ms
[2024-12-07T22:49:42.305+0800][3.763s][info ][gc,stringtable    ] GC(33) Cleaned string and symbol table, strings: 68 processed, 4 removed, symbols: 226 processed, 0 removed
[2024-12-07T22:49:42.305+0800][3.764s][debug][gc,phases         ] GC(33) Class Unloading 0.961ms
[2024-12-07T22:49:42.305+0800][3.764s][debug][gc,phases,start   ] GC(33) Flush Task Caches
[2024-12-07T22:49:42.306+0800][3.764s][debug][gc,stats          ] Mark stats cache hits 25495 misses 114 ratio 99.555
[2024-12-07T22:49:42.306+0800][3.764s][debug][gc,phases         ] GC(33) Flush Task Caches 0.217ms
[2024-12-07T22:49:42.306+0800][3.764s][debug][gc,phases,start   ] GC(33) Update Remembered Set Tracking Before Rebuild
[2024-12-07T22:49:42.306+0800][3.764s][debug][gc,ergo           ] GC(33) Running G1 Update RemSet Tracking Before Rebuild using 2 workers for 506 regions in heap
[2024-12-07T22:49:42.306+0800][3.764s][debug][gc,remset,tracking] GC(33) Remembered Set Tracking update regions total 506, selected 1
[2024-12-07T22:49:42.306+0800][3.764s][debug][gc,phases         ] GC(33) Update Remembered Set Tracking Before Rebuild 0.326ms
[2024-12-07T22:49:42.306+0800][3.764s][debug][gc,phases,start   ] GC(33) Reclaim Empty Regions
[2024-12-07T22:49:42.306+0800][3.765s][debug][gc,phases         ] GC(33) Reclaim Empty Regions 0.176ms
[2024-12-07T22:49:42.306+0800][3.765s][debug][gc,phases,start   ] GC(33) Purge Metaspace
[2024-12-07T22:49:42.306+0800][3.765s][debug][gc,phases         ] GC(33) Purge Metaspace 0.086ms
[2024-12-07T22:49:42.307+0800][3.765s][debug][gc,phases,start   ] GC(33) Report Object Count
[2024-12-07T22:49:42.307+0800][3.765s][debug][gc,phases         ] GC(33) Report Object Count 0.085ms
[2024-12-07T22:49:42.307+0800][3.765s][info ][gc                ] GC(33) Pause Remark 209M->209M(506M) 16.746ms
[2024-12-07T22:49:42.307+0800][3.765s][info ][gc,cpu            ] GC(33) User=0.06s Sys=0.00s Real=0.01s
[2024-12-07T22:49:42.307+0800][3.765s][info ][gc,marking        ] GC(33) Concurrent Rebuild Remembered Sets
[2024-12-07T22:49:42.307+0800][3.766s][info ][gc,marking        ] GC(33) Concurrent Rebuild Remembered Sets 0.425ms
[2024-12-07T22:49:42.308+0800][3.766s][info ][gc,start          ] GC(33) Pause Cleanup
[2024-12-07T22:49:42.308+0800][3.766s][debug][gc,phases,start   ] GC(33) Update Remembered Set Tracking After Rebuild
[2024-12-07T22:49:42.308+0800][3.766s][debug][gc,phases         ] GC(33) Update Remembered Set Tracking After Rebuild 0.093ms
[2024-12-07T22:49:42.308+0800][3.766s][debug][gc,phases,start   ] GC(33) Finalize Concurrent Mark Cleanup
[2024-12-07T22:49:42.308+0800][3.766s][debug][gc,ergo           ] GC(33) request young-only gcs (candidate old regions not available)
[2024-12-07T22:49:42.308+0800][3.766s][debug][gc,phases         ] GC(33) Finalize Concurrent Mark Cleanup 0.266ms
[2024-12-07T22:49:42.308+0800][3.767s][info ][gc                ] GC(33) Pause Cleanup 209M->209M(506M) 0.624ms
[2024-12-07T22:49:42.308+0800][3.767s][info ][gc,cpu            ] GC(33) User=0.00s Sys=0.00s Real=0.00s
[2024-12-07T22:49:42.308+0800][3.767s][info ][gc,marking        ] GC(33) Concurrent Cleanup for Next Mark
[2024-12-07T22:49:42.309+0800][3.767s][debug][gc,ergo           ] GC(33) Running G1 Clear Bitmap with 5 workers for 8 work units.
[2024-12-07T22:49:42.309+0800][3.767s][info ][gc,marking        ] GC(33) Concurrent Cleanup for Next Mark 0.316ms
[2024-12-07T22:49:42.309+0800][3.767s][info ][gc                ] GC(33) Concurrent Cycle 23.046ms
[2024-12-07T22:49:42.390+0800][3.848s][debug][gc,ergo,ihop      ] Request concurrent cycle initiation (occupancy higher than threshold) occupancy: 238026752B allocation request: 1048592B threshold: 238760755B (45.00) source: concurrent humongous allocation
[2024-12-07T22:49:42.390+0800][3.849s][debug][gc,ergo           ] Request concurrent cycle initiation (requested by GC cause). GC cause: G1 Humongous Allocation
[2024-12-07T22:49:42.391+0800][3.849s][debug][gc,heap           ] GC(34) Heap before GC invocations=34 (full 0): garbage-first heap   total 518144K, used 230650K [0x00000000e0000000, 0x0000000100000000)
[2024-12-07T22:49:42.391+0800][3.849s][debug][gc,heap           ] GC(34)   region size 1024K, 2 young (2048K), 1 survivors (1024K)
[2024-12-07T22:49:42.391+0800][3.850s][debug][gc,heap           ] GC(34)  Metaspace       used 656K, capacity 4575K, committed 4864K, reserved 1056768K
[2024-12-07T22:49:42.392+0800][3.850s][debug][gc,heap           ] GC(34)   class space    used 52K, capacity 418K, committed 512K, reserved 1048576K
[2024-12-07T22:49:42.392+0800][3.850s][debug][gc,ergo           ] GC(34) Initiate concurrent cycle (concurrent cycle initiation requested)
[2024-12-07T22:49:42.392+0800][3.850s][info ][gc,start          ] GC(34) Pause Young (Concurrent Start) (G1 Humongous Allocation)
[2024-12-07T22:49:42.392+0800][3.851s][info ][gc,task           ] GC(34) Using 12 workers of 18 for evacuation
[2024-12-07T22:49:42.393+0800][3.851s][debug][gc,tlab           ] GC(34) TLAB totals: thrds: 1  refills: 1 max: 1 slow allocs: 12 max 12 waste: 99.5% gc: 500632B max: 500632B slow: 0B max: 0B fast: 0B max: 0B
[2024-12-07T22:49:42.393+0800][3.851s][debug][gc,alloc,region   ] GC(34) Mutator Allocation stats, regions: 1, wasted size: 0B ( 0.0%)
[2024-12-07T22:49:42.393+0800][3.851s][debug][gc,age            ] GC(34) Desired survivor size 2097152 bytes, new threshold 15 (max threshold 15)
[2024-12-07T22:49:42.393+0800][3.852s][debug][gc,ergo,cset      ] GC(34) Finish choosing CSet. old: 0 regions, predicted old region time: 0.00ms, time remaining: 182.67
[2024-12-07T22:49:42.394+0800][3.852s][debug][gc,task,stats     ] GC(34) GC Termination Stats
[2024-12-07T22:49:42.394+0800][3.852s][debug][gc,task,stats     ] GC(34)      elapsed  --strong roots-- -------termination------- ------waste (KiB)------
[2024-12-07T22:49:42.394+0800][3.852s][debug][gc,task,stats     ] GC(34) thr     ms        ms      %        ms      %    attempts  total   alloc    undo
[2024-12-07T22:49:42.394+0800][3.853s][debug][gc,task,stats     ] GC(34) --- --------- --------- ------ --------- ------ -------- ------- ------- -------
[2024-12-07T22:49:42.395+0800][3.854s][debug][gc,task,stats     ] GC(34)  10      0.48      0.47  98.78      0.00   0.05        1       0       0       0
[2024-12-07T22:49:42.396+0800][3.854s][debug][gc,task,stats     ] GC(34)   1      0.93      0.28  29.84      0.56  59.68        1       0       0       0
[2024-12-07T22:49:42.396+0800][3.854s][debug][gc,task,stats     ] GC(34)   4      1.09      0.31  28.35      0.46  42.07        1       0       0       0
[2024-12-07T22:49:42.396+0800][3.854s][debug][gc,task,stats     ] GC(34)   0      1.32      0.32  24.60      0.46  35.21        1       0       0       0
[2024-12-07T22:49:42.396+0800][3.854s][debug][gc,task,stats     ] GC(34)   3      1.46      0.18  12.67      0.49  33.62        1       0       0       0
[2024-12-07T22:49:42.396+0800][3.855s][debug][gc,task,stats     ] GC(34)   2      1.65      0.22  13.62      0.47  28.70        1       0       0       0
[2024-12-07T22:49:42.396+0800][3.855s][debug][gc,task,stats     ] GC(34)  11      1.67      0.07   4.44      0.48  28.50        1       0       0       0
[2024-12-07T22:49:42.397+0800][3.855s][debug][gc,task,stats     ] GC(34)   7      1.88      0.39  20.54      0.22  11.72        1       0       0       0
[2024-12-07T22:49:42.397+0800][3.855s][debug][gc,task,stats     ] GC(34)   8      2.01      0.43  21.49      0.11   5.49        1       0       0       0
[2024-12-07T22:49:42.397+0800][3.855s][debug][gc,task,stats     ] GC(34)   6      2.18      0.32  14.66      0.23  10.56        1       0       0       0
[2024-12-07T22:49:42.397+0800][3.855s][debug][gc,task,stats     ] GC(34)   9      2.27      0.48  21.16      0.03   1.23        1       0       0       0
[2024-12-07T22:49:42.397+0800][3.855s][debug][gc,task,stats     ] GC(34)   5      2.42      0.31  12.76      0.23   9.62        1       0       0       0
[2024-12-07T22:49:42.397+0800][3.856s][debug][gc,ergo           ] GC(34) Running G1 Clear Card Table Task using 1 workers for 1 units of work for 3 regions.
[2024-12-07T22:49:42.397+0800][3.856s][debug][gc,ref            ] GC(34) Skipped phase1 of Reference Processing due to unavailable references
[2024-12-07T22:49:42.397+0800][3.856s][debug][gc,ref            ] GC(34) Skipped phase2 of Reference Processing due to unavailable references
[2024-12-07T22:49:42.397+0800][3.856s][debug][gc,ref            ] GC(34) Skipped phase3 of Reference Processing due to unavailable references
[2024-12-07T22:49:42.398+0800][3.856s][debug][gc,ref            ] GC(34) Skipped phase4 of Reference Processing due to unavailable references
[2024-12-07T22:49:42.398+0800][3.856s][debug][gc,ergo           ] GC(34) Running G1 Free Collection Set using 1 workers for collection set length 2
[2024-12-07T22:49:42.398+0800][3.856s][debug][gc,humongous      ] GC(34) Live humongous region 0 object size 1048592 start 0x00000000e0000000  with remset 0 code roots 0 is marked 0 reclaim candidate 0 type array 1
[2024-12-07T22:49:42.398+0800][3.856s][debug][gc,humongous      ] GC(34) Live humongous region 2 object size 1048592 start 0x00000000e0200000  with remset 0 code roots 0 is marked 0 reclaim candidate 0 type array 1
[2024-12-07T22:49:42.398+0800][3.856s][debug][gc,humongous      ] GC(34) Live humongous region 4 object size 1048592 start 0x00000000e0400000  with remset 0 code roots 0 is marked 0 reclaim candidate 0 type array 1
[2024-12-07T22:49:42.398+0800][3.857s][debug][gc,humongous      ] GC(34) Live humongous region 6 object size 1048592 start 0x00000000e0600000  with remset 0 code roots 0 is marked 0 reclaim candidate 0 type array 1
[2024-12-07T22:49:42.398+0800][3.857s][debug][gc,humongous      ] GC(34) Live humongous region 8 object size 1048592 start 0x00000000e0800000  with remset 0 code roots 0 is marked 0 reclaim candidate 0 type array 1
[2024-12-07T22:49:42.398+0800][3.857s][debug][gc,humongous      ] GC(34) Live humongous region 10 object size 1048592 start 0x00000000e0a00000  with remset 0 code roots 0 is marked 0 reclaim candidate 0 type array 1
[2024-12-07T22:49:42.398+0800][3.857s][debug][gc,humongous      ] GC(34) Live humongous region 12 object size 1048592 start 0x00000000e0c00000  with remset 0 code roots 0 is marked 0 reclaim candidate 0 type array 1
[2024-12-07T22:49:42.399+0800][3.857s][debug][gc,humongous      ] GC(34) Live humongous region 14 object size 1048592 start 0x00000000e0e00000  with remset 0 code roots 0 is marked 0 reclaim candidate 0 type array 1
[2024-12-07T22:49:42.399+0800][3.857s][debug][gc,humongous      ] GC(34) Live humongous region 16 object size 1048592 start 0x00000000e1000000  with remset 0 code roots 0 is marked 0 reclaim candidate 0 type array 1
[2024-12-07T22:49:42.399+0800][3.857s][debug][gc,humongous      ] GC(34) Live humongous region 18 object size 1048592 start 0x00000000e1200000  with remset 0 code roots 0 is marked 0 reclaim candidate 0 type array 1
[2024-12-07T22:49:42.399+0800][3.857s][debug][gc,humongous      ] GC(34) Live humongous region 20 object size 1048592 start 0x00000000e1400000  with remset 0 code roots 0 is marked 0 reclaim candidate 0 type array 1
[2024-12-07T22:49:42.399+0800][3.857s][debug][gc,humongous      ] GC(34) Live humongous region 22 object size 1048592 start 0x00000000e1600000  with remset 0 code roots 0 is marked 0 reclaim candidate 0 type array 1
[2024-12-07T22:49:42.399+0800][3.857s][debug][gc,humongous      ] GC(34) Live humongous region 24 object size 1048592 start 0x00000000e1800000  with remset 0 code roots 0 is marked 0 reclaim candidate 0 type array 1
[2024-12-07T22:49:42.399+0800][3.857s][debug][gc,humongous      ] GC(34) Live humongous region 26 object size 1048592 start 0x00000000e1a00000  with remset 0 code roots 0 is marked 0 reclaim candidate 0 type array 1
[2024-12-07T22:49:42.399+0800][3.857s][debug][gc,humongous      ] GC(34) Live humongous region 28 object size 1048592 start 0x00000000e1c00000  with remset 0 code roots 0 is marked 0 reclaim candidate 0 type array 1
[2024-12-07T22:49:42.399+0800][3.858s][debug][gc,humongous      ] GC(34) Live humongous region 30 object size 1048592 start 0x00000000e1e00000  with remset 0 code roots 0 is marked 0 reclaim candidate 0 type array 1
[2024-12-07T22:49:42.399+0800][3.858s][debug][gc,humongous      ] GC(34) Live humongous region 32 object size 1048592 start 0x00000000e2000000  with remset 0 code roots 0 is marked 0 reclaim candidate 0 type array 1
[2024-12-07T22:49:42.399+0800][3.858s][debug][gc,humongous      ] GC(34) Live humongous region 34 object size 1048592 start 0x00000000e2200000  with remset 0 code roots 0 is marked 0 reclaim candidate 0 type array 1
[2024-12-07T22:49:42.399+0800][3.858s][debug][gc,humongous      ] GC(34) Live humongous region 36 object size 1048592 start 0x00000000e2400000  with remset 0 code roots 0 is marked 0 reclaim candidate 0 type array 1
[2024-12-07T22:49:42.400+0800][3.858s][debug][gc,humongous      ] GC(34) Live humongous region 38 object size 1048592 start 0x00000000e2600000  with remset 0 code roots 0 is marked 0 reclaim candidate 0 type array 1
[2024-12-07T22:49:42.400+0800][3.858s][debug][gc,humongous      ] GC(34) Live humongous region 40 object size 1048592 start 0x00000000e2800000  with remset 0 code roots 0 is marked 0 reclaim candidate 0 type array 1
[2024-12-07T22:49:42.400+0800][3.858s][debug][gc,humongous      ] GC(34) Live humongous region 42 object size 1048592 start 0x00000000e2a00000  with remset 0 code roots 0 is marked 0 reclaim candidate 0 type array 1
[2024-12-07T22:49:42.400+0800][3.858s][debug][gc,humongous      ] GC(34) Live humongous region 44 object size 1048592 start 0x00000000e2c00000  with remset 0 code roots 0 is marked 0 reclaim candidate 0 type array 1
[2024-12-07T22:49:42.400+0800][3.858s][debug][gc,humongous      ] GC(34) Live humongous region 46 object size 1048592 start 0x00000000e2e00000  with remset 0 code roots 0 is marked 0 reclaim candidate 0 type array 1
[2024-12-07T22:49:42.400+0800][3.858s][debug][gc,humongous      ] GC(34) Live humongous region 48 object size 1048592 start 0x00000000e3000000  with remset 0 code roots 0 is marked 0 reclaim candidate 0 type array 1
[2024-12-07T22:49:42.400+0800][3.858s][debug][gc,humongous      ] GC(34) Live humongous region 50 object size 1048592 start 0x00000000e3200000  with remset 0 code roots 0 is marked 0 reclaim candidate 0 type array 1
[2024-12-07T22:49:42.400+0800][3.858s][debug][gc,humongous      ] GC(34) Live humongous region 52 object size 1048592 start 0x00000000e3400000  with remset 0 code roots 0 is marked 0 reclaim candidate 0 type array 1
[2024-12-07T22:49:42.400+0800][3.858s][debug][gc,humongous      ] GC(34) Live humongous region 54 object size 1048592 start 0x00000000e3600000  with remset 0 code roots 0 is marked 0 reclaim candidate 0 type array 1
[2024-12-07T22:49:42.400+0800][3.859s][debug][gc,humongous      ] GC(34) Live humongous region 56 object size 1048592 start 0x00000000e3800000  with remset 0 code roots 0 is marked 0 reclaim candidate 0 type array 1
[2024-12-07T22:49:42.400+0800][3.859s][debug][gc,humongous      ] GC(34) Live humongous region 58 object size 1048592 start 0x00000000e3a00000  with remset 0 code roots 0 is marked 0 reclaim candidate 0 type array 1
[2024-12-07T22:49:42.400+0800][3.859s][debug][gc,humongous      ] GC(34) Live humongous region 60 object size 1048592 start 0x00000000e3c00000  with remset 0 code roots 0 is marked 0 reclaim candidate 0 type array 1
[2024-12-07T22:49:42.400+0800][3.859s][debug][gc,humongous      ] GC(34) Live humongous region 62 object size 1048592 start 0x00000000e3e00000  with remset 0 code roots 0 is marked 0 reclaim candidate 0 type array 1
[2024-12-07T22:49:42.401+0800][3.859s][debug][gc,humongous      ] GC(34) Live humongous region 64 object size 1048592 start 0x00000000e4000000  with remset 0 code roots 0 is marked 0 reclaim candidate 0 type array 1
[2024-12-07T22:49:42.401+0800][3.859s][debug][gc,humongous      ] GC(34) Live humongous region 66 object size 1048592 start 0x00000000e4200000  with remset 0 code roots 0 is marked 0 reclaim candidate 0 type array 1
[2024-12-07T22:49:42.401+0800][3.859s][debug][gc,humongous      ] GC(34) Live humongous region 68 object size 1048592 start 0x00000000e4400000  with remset 0 code roots 0 is marked 0 reclaim candidate 0 type array 1
[2024-12-07T22:49:42.401+0800][3.859s][debug][gc,humongous      ] GC(34) Live humongous region 70 object size 1048592 start 0x00000000e4600000  with remset 0 code roots 0 is marked 0 reclaim candidate 0 type array 1
[2024-12-07T22:49:42.401+0800][3.859s][debug][gc,humongous      ] GC(34) Live humongous region 72 object size 1048592 start 0x00000000e4800000  with remset 0 code roots 0 is marked 0 reclaim candidate 0 type array 1
[2024-12-07T22:49:42.401+0800][3.859s][debug][gc,humongous      ] GC(34) Live humongous region 74 object size 1048592 start 0x00000000e4a00000  with remset 0 code roots 0 is marked 0 reclaim candidate 0 type array 1
[2024-12-07T22:49:42.401+0800][3.859s][debug][gc,humongous      ] GC(34) Live humongous region 76 object size 1048592 start 0x00000000e4c00000  with remset 0 code roots 0 is marked 0 reclaim candidate 0 type array 1
[2024-12-07T22:49:42.401+0800][3.859s][debug][gc,humongous      ] GC(34) Live humongous region 78 object size 1048592 start 0x00000000e4e00000  with remset 0 code roots 0 is marked 0 reclaim candidate 0 type array 1
[2024-12-07T22:49:42.401+0800][3.860s][debug][gc,humongous      ] GC(34) Live humongous region 80 object size 1048592 start 0x00000000e5000000  with remset 0 code roots 0 is marked 0 reclaim candidate 0 type array 1
[2024-12-07T22:49:42.401+0800][3.860s][debug][gc,humongous      ] GC(34) Live humongous region 82 object size 1048592 start 0x00000000e5200000  with remset 0 code roots 0 is marked 0 reclaim candidate 0 type array 1
[2024-12-07T22:49:42.401+0800][3.860s][debug][gc,humongous      ] GC(34) Live humongous region 84 object size 1048592 start 0x00000000e5400000  with remset 0 code roots 0 is marked 0 reclaim candidate 0 type array 1
[2024-12-07T22:49:42.401+0800][3.860s][debug][gc,humongous      ] GC(34) Live humongous region 86 object size 1048592 start 0x00000000e5600000  with remset 0 code roots 0 is marked 0 reclaim candidate 0 type array 1
[2024-12-07T22:49:42.402+0800][3.860s][debug][gc,humongous      ] GC(34) Live humongous region 88 object size 1048592 start 0x00000000e5800000  with remset 0 code roots 0 is marked 0 reclaim candidate 0 type array 1
[2024-12-07T22:49:42.402+0800][3.860s][debug][gc,humongous      ] GC(34) Live humongous region 90 object size 1048592 start 0x00000000e5a00000  with remset 0 code roots 0 is marked 0 reclaim candidate 0 type array 1
[2024-12-07T22:49:42.402+0800][3.860s][debug][gc,humongous      ] GC(34) Live humongous region 92 object size 1048592 start 0x00000000e5c00000  with remset 0 code roots 0 is marked 0 reclaim candidate 0 type array 1
[2024-12-07T22:49:42.402+0800][3.860s][debug][gc,humongous      ] GC(34) Live humongous region 94 object size 1048592 start 0x00000000e5e00000  with remset 0 code roots 0 is marked 0 reclaim candidate 0 type array 1
[2024-12-07T22:49:42.402+0800][3.860s][debug][gc,humongous      ] GC(34) Live humongous region 96 object size 1048592 start 0x00000000e6000000  with remset 0 code roots 0 is marked 0 reclaim candidate 0 type array 1
[2024-12-07T22:49:42.402+0800][3.860s][debug][gc,humongous      ] GC(34) Live humongous region 98 object size 1048592 start 0x00000000e6200000  with remset 0 code roots 0 is marked 0 reclaim candidate 0 type array 1
[2024-12-07T22:49:42.402+0800][3.860s][debug][gc,humongous      ] GC(34) Live humongous region 100 object size 1048592 start 0x00000000e6400000  with remset 0 code roots 0 is marked 0 reclaim candidate 0 type array 1
[2024-12-07T22:49:42.402+0800][3.860s][debug][gc,humongous      ] GC(34) Live humongous region 102 object size 1048592 start 0x00000000e6600000  with remset 0 code roots 0 is marked 0 reclaim candidate 0 type array 1
[2024-12-07T22:49:42.402+0800][3.860s][debug][gc,humongous      ] GC(34) Live humongous region 104 object size 1048592 start 0x00000000e6800000  with remset 0 code roots 0 is marked 0 reclaim candidate 0 type array 1
[2024-12-07T22:49:42.402+0800][3.860s][debug][gc,humongous      ] GC(34) Live humongous region 106 object size 1048592 start 0x00000000e6a00000  with remset 0 code roots 0 is marked 0 reclaim candidate 0 type array 1
[2024-12-07T22:49:42.402+0800][3.861s][debug][gc,humongous      ] GC(34) Live humongous region 108 object size 1048592 start 0x00000000e6c00000  with remset 0 code roots 0 is marked 0 reclaim candidate 0 type array 1
[2024-12-07T22:49:42.402+0800][3.861s][debug][gc,humongous      ] GC(34) Live humongous region 110 object size 1048592 start 0x00000000e6e00000  with remset 0 code roots 0 is marked 0 reclaim candidate 0 type array 1
[2024-12-07T22:49:42.402+0800][3.861s][debug][gc,humongous      ] GC(34) Live humongous region 112 object size 1048592 start 0x00000000e7000000  with remset 0 code roots 0 is marked 0 reclaim candidate 0 type array 1
[2024-12-07T22:49:42.402+0800][3.861s][debug][gc,humongous      ] GC(34) Live humongous region 114 object size 1048592 start 0x00000000e7200000  with remset 0 code roots 0 is marked 0 reclaim candidate 0 type array 1
[2024-12-07T22:49:42.402+0800][3.861s][debug][gc,humongous      ] GC(34) Live humongous region 116 object size 1048592 start 0x00000000e7400000  with remset 0 code roots 0 is marked 0 reclaim candidate 0 type array 1
[2024-12-07T22:49:42.403+0800][3.861s][debug][gc,humongous      ] GC(34) Live humongous region 118 object size 1048592 start 0x00000000e7600000  with remset 0 code roots 0 is marked 0 reclaim candidate 0 type array 1
[2024-12-07T22:49:42.403+0800][3.861s][debug][gc,humongous      ] GC(34) Live humongous region 120 object size 1048592 start 0x00000000e7800000  with remset 0 code roots 0 is marked 0 reclaim candidate 0 type array 1
[2024-12-07T22:49:42.403+0800][3.861s][debug][gc,humongous      ] GC(34) Live humongous region 122 object size 1048592 start 0x00000000e7a00000  with remset 0 code roots 0 is marked 0 reclaim candidate 0 type array 1
[2024-12-07T22:49:42.403+0800][3.861s][debug][gc,humongous      ] GC(34) Live humongous region 124 object size 1048592 start 0x00000000e7c00000  with remset 0 code roots 0 is marked 0 reclaim candidate 0 type array 1
[2024-12-07T22:49:42.403+0800][3.861s][debug][gc,humongous      ] GC(34) Live humongous region 126 object size 1048592 start 0x00000000e7e00000  with remset 0 code roots 0 is marked 0 reclaim candidate 0 type array 1
[2024-12-07T22:49:42.403+0800][3.861s][debug][gc,humongous      ] GC(34) Live humongous region 128 object size 1048592 start 0x00000000e8000000  with remset 0 code roots 0 is marked 0 reclaim candidate 0 type array 1
[2024-12-07T22:49:42.403+0800][3.861s][debug][gc,humongous      ] GC(34) Live humongous region 130 object size 1048592 start 0x00000000e8200000  with remset 0 code roots 0 is marked 0 reclaim candidate 0 type array 1
[2024-12-07T22:49:42.403+0800][3.861s][debug][gc,humongous      ] GC(34) Live humongous region 132 object size 1048592 start 0x00000000e8400000  with remset 0 code roots 0 is marked 0 reclaim candidate 0 type array 1
[2024-12-07T22:49:42.403+0800][3.861s][debug][gc,humongous      ] GC(34) Live humongous region 134 object size 1048592 start 0x00000000e8600000  with remset 0 code roots 0 is marked 0 reclaim candidate 0 type array 1
[2024-12-07T22:49:42.403+0800][3.862s][debug][gc,humongous      ] GC(34) Live humongous region 136 object size 1048592 start 0x00000000e8800000  with remset 0 code roots 0 is marked 0 reclaim candidate 0 type array 1
[2024-12-07T22:49:42.403+0800][3.862s][debug][gc,humongous      ] GC(34) Live humongous region 138 object size 1048592 start 0x00000000e8a00000  with remset 0 code roots 0 is marked 0 reclaim candidate 0 type array 1
[2024-12-07T22:49:42.403+0800][3.862s][debug][gc,humongous      ] GC(34) Live humongous region 140 object size 1048592 start 0x00000000e8c00000  with remset 0 code roots 0 is marked 0 reclaim candidate 0 type array 1
[2024-12-07T22:49:42.403+0800][3.862s][debug][gc,humongous      ] GC(34) Live humongous region 142 object size 1048592 start 0x00000000e8e00000  with remset 0 code roots 0 is marked 0 reclaim candidate 0 type array 1
[2024-12-07T22:49:42.403+0800][3.862s][debug][gc,humongous      ] GC(34) Live humongous region 144 object size 1048592 start 0x00000000e9000000  with remset 0 code roots 0 is marked 0 reclaim candidate 0 type array 1
[2024-12-07T22:49:42.404+0800][3.862s][debug][gc,humongous      ] GC(34) Live humongous region 146 object size 1048592 start 0x00000000e9200000  with remset 0 code roots 0 is marked 0 reclaim candidate 0 type array 1
[2024-12-07T22:49:42.404+0800][3.862s][debug][gc,humongous      ] GC(34) Live humongous region 148 object size 1048592 start 0x00000000e9400000  with remset 0 code roots 0 is marked 0 reclaim candidate 0 type array 1
[2024-12-07T22:49:42.404+0800][3.862s][debug][gc,humongous      ] GC(34) Live humongous region 150 object size 1048592 start 0x00000000e9600000  with remset 0 code roots 0 is marked 0 reclaim candidate 0 type array 1
[2024-12-07T22:49:42.404+0800][3.862s][debug][gc,humongous      ] GC(34) Live humongous region 152 object size 1048592 start 0x00000000e9800000  with remset 0 code roots 0 is marked 0 reclaim candidate 0 type array 1
[2024-12-07T22:49:42.404+0800][3.862s][debug][gc,humongous      ] GC(34) Live humongous region 154 object size 1048592 start 0x00000000e9a00000  with remset 0 code roots 0 is marked 0 reclaim candidate 0 type array 1
[2024-12-07T22:49:42.404+0800][3.862s][debug][gc,humongous      ] GC(34) Live humongous region 156 object size 1048592 start 0x00000000e9c00000  with remset 0 code roots 0 is marked 0 reclaim candidate 0 type array 1
[2024-12-07T22:49:42.404+0800][3.862s][debug][gc,humongous      ] GC(34) Live humongous region 158 object size 1048592 start 0x00000000e9e00000  with remset 0 code roots 0 is marked 0 reclaim candidate 0 type array 1
[2024-12-07T22:49:42.404+0800][3.862s][debug][gc,humongous      ] GC(34) Live humongous region 160 object size 1048592 start 0x00000000ea000000  with remset 0 code roots 0 is marked 0 reclaim candidate 0 type array 1
[2024-12-07T22:49:42.404+0800][3.862s][debug][gc,humongous      ] GC(34) Live humongous region 162 object size 1048592 start 0x00000000ea200000  with remset 0 code roots 0 is marked 0 reclaim candidate 0 type array 1
[2024-12-07T22:49:42.404+0800][3.863s][debug][gc,humongous      ] GC(34) Live humongous region 164 object size 1048592 start 0x00000000ea400000  with remset 0 code roots 0 is marked 0 reclaim candidate 0 type array 1
[2024-12-07T22:49:42.404+0800][3.863s][debug][gc,humongous      ] GC(34) Live humongous region 166 object size 1048592 start 0x00000000ea600000  with remset 0 code roots 0 is marked 0 reclaim candidate 0 type array 1
[2024-12-07T22:49:42.404+0800][3.863s][debug][gc,humongous      ] GC(34) Live humongous region 168 object size 1048592 start 0x00000000ea800000  with remset 0 code roots 0 is marked 0 reclaim candidate 0 type array 1
[2024-12-07T22:49:42.404+0800][3.863s][debug][gc,humongous      ] GC(34) Live humongous region 170 object size 1048592 start 0x00000000eaa00000  with remset 0 code roots 0 is marked 0 reclaim candidate 0 type array 1
[2024-12-07T22:49:42.404+0800][3.863s][debug][gc,humongous      ] GC(34) Live humongous region 172 object size 1048592 start 0x00000000eac00000  with remset 0 code roots 0 is marked 0 reclaim candidate 0 type array 1
[2024-12-07T22:49:42.405+0800][3.863s][debug][gc,humongous      ] GC(34) Live humongous region 174 object size 1048592 start 0x00000000eae00000  with remset 0 code roots 0 is marked 0 reclaim candidate 0 type array 1
[2024-12-07T22:49:42.405+0800][3.863s][debug][gc,humongous      ] GC(34) Live humongous region 176 object size 1048592 start 0x00000000eb000000  with remset 0 code roots 0 is marked 0 reclaim candidate 0 type array 1
[2024-12-07T22:49:42.405+0800][3.863s][debug][gc,humongous      ] GC(34) Live humongous region 178 object size 1048592 start 0x00000000eb200000  with remset 0 code roots 0 is marked 0 reclaim candidate 0 type array 1
[2024-12-07T22:49:42.405+0800][3.863s][debug][gc,humongous      ] GC(34) Live humongous region 180 object size 1048592 start 0x00000000eb400000  with remset 0 code roots 0 is marked 0 reclaim candidate 0 type array 1
[2024-12-07T22:49:42.405+0800][3.863s][debug][gc,humongous      ] GC(34) Live humongous region 182 object size 1048592 start 0x00000000eb600000  with remset 0 code roots 0 is marked 0 reclaim candidate 0 type array 1
[2024-12-07T22:49:42.405+0800][3.863s][debug][gc,humongous      ] GC(34) Live humongous region 184 object size 1048592 start 0x00000000eb800000  with remset 0 code roots 0 is marked 0 reclaim candidate 0 type array 1
[2024-12-07T22:49:42.405+0800][3.863s][debug][gc,humongous      ] GC(34) Dead humongous region 188 object size 1048592 start 0x00000000ebc00000 with remset 0 code roots 0 is marked 0 reclaim candidate 1 type array 1
[2024-12-07T22:49:42.405+0800][3.863s][debug][gc,humongous      ] GC(34) Dead humongous region 190 object size 1048592 start 0x00000000ebe00000 with remset 0 code roots 0 is marked 0 reclaim candidate 1 type array 1
[2024-12-07T22:49:42.405+0800][3.863s][debug][gc,humongous      ] GC(34) Dead humongous region 192 object size 1048592 start 0x00000000ec000000 with remset 0 code roots 0 is marked 0 reclaim candidate 1 type array 1
[2024-12-07T22:49:42.405+0800][3.863s][debug][gc,humongous      ] GC(34) Dead humongous region 194 object size 1048592 start 0x00000000ec200000 with remset 0 code roots 0 is marked 0 reclaim candidate 1 type array 1
[2024-12-07T22:49:42.405+0800][3.863s][debug][gc,humongous      ] GC(34) Dead humongous region 196 object size 1048592 start 0x00000000ec400000 with remset 0 code roots 0 is marked 0 reclaim candidate 1 type array 1
[2024-12-07T22:49:42.405+0800][3.864s][debug][gc,humongous      ] GC(34) Dead humongous region 198 object size 1048592 start 0x00000000ec600000 with remset 0 code roots 0 is marked 0 reclaim candidate 1 type array 1
[2024-12-07T22:49:42.405+0800][3.864s][debug][gc,humongous      ] GC(34) Dead humongous region 200 object size 1048592 start 0x00000000ec800000 with remset 0 code roots 0 is marked 0 reclaim candidate 1 type array 1
[2024-12-07T22:49:42.405+0800][3.864s][debug][gc,humongous      ] GC(34) Dead humongous region 202 object size 1048592 start 0x00000000eca00000 with remset 0 code roots 0 is marked 0 reclaim candidate 1 type array 1
[2024-12-07T22:49:42.405+0800][3.864s][debug][gc,humongous      ] GC(34) Dead humongous region 204 object size 1048592 start 0x00000000ecc00000 with remset 0 code roots 0 is marked 0 reclaim candidate 1 type array 1
[2024-12-07T22:49:42.405+0800][3.864s][debug][gc,humongous      ] GC(34) Dead humongous region 206 object size 1048592 start 0x00000000ece00000 with remset 0 code roots 0 is marked 0 reclaim candidate 1 type array 1
[2024-12-07T22:49:42.406+0800][3.864s][debug][gc,humongous      ] GC(34) Dead humongous region 208 object size 1048592 start 0x00000000ed000000 with remset 0 code roots 0 is marked 0 reclaim candidate 1 type array 1
[2024-12-07T22:49:42.406+0800][3.864s][debug][gc,humongous      ] GC(34) Dead humongous region 210 object size 1048592 start 0x00000000ed200000 with remset 0 code roots 0 is marked 0 reclaim candidate 1 type array 1
[2024-12-07T22:49:42.406+0800][3.864s][debug][gc,humongous      ] GC(34) Live humongous region 212 object size 1048592 start 0x00000000ed400000  with remset 0 code roots 0 is marked 0 reclaim candidate 0 type array 1
[2024-12-07T22:49:42.406+0800][3.864s][debug][gc,humongous      ] GC(34) Live humongous region 214 object size 1048592 start 0x00000000ed600000  with remset 0 code roots 0 is marked 0 reclaim candidate 0 type array 1
[2024-12-07T22:49:42.406+0800][3.864s][debug][gc,humongous      ] GC(34) Live humongous region 216 object size 1048592 start 0x00000000ed800000  with remset 0 code roots 0 is marked 0 reclaim candidate 0 type array 1
[2024-12-07T22:49:42.406+0800][3.864s][debug][gc,humongous      ] GC(34) Live humongous region 218 object size 1048592 start 0x00000000eda00000  with remset 0 code roots 0 is marked 0 reclaim candidate 0 type array 1
[2024-12-07T22:49:42.406+0800][3.864s][debug][gc,humongous      ] GC(34) Live humongous region 220 object size 1048592 start 0x00000000edc00000  with remset 0 code roots 0 is marked 0 reclaim candidate 0 type array 1
[2024-12-07T22:49:42.406+0800][3.864s][debug][gc,humongous      ] GC(34) Live humongous region 222 object size 1048592 start 0x00000000ede00000  with remset 0 code roots 0 is marked 0 reclaim candidate 0 type array 1
[2024-12-07T22:49:42.406+0800][3.864s][debug][gc,humongous      ] GC(34) Live humongous region 224 object size 1048592 start 0x00000000ee000000  with remset 0 code roots 0 is marked 0 reclaim candidate 0 type array 1
[2024-12-07T22:49:42.406+0800][3.864s][debug][gc,plab           ] GC(34) Young PLAB allocation: allocated: 6192B, wasted: 24B, unused: 2168B, used: 4000B, undo waste: 0B, 
[2024-12-07T22:49:42.406+0800][3.865s][debug][gc,plab           ] GC(34) Young other allocation: region end waste: 0B, regions filled: 1, direct allocated: 0B, failure used: 0B, failure wasted: 0B
[2024-12-07T22:49:42.406+0800][3.865s][debug][gc,plab           ] GC(34) Young sizing: calculated: 800B, actual: 2264B
[2024-12-07T22:49:42.406+0800][3.865s][debug][gc,plab           ] GC(34) Old PLAB allocation: allocated: 0B, wasted: 0B, unused: 0B, used: 0B, undo waste: 0B, 
[2024-12-07T22:49:42.406+0800][3.865s][debug][gc,plab           ] GC(34) Old other allocation: region end waste: 0B, regions filled: 1, direct allocated: 0B, failure used: 0B, failure wasted: 0B
[2024-12-07T22:49:42.406+0800][3.865s][debug][gc,plab           ] GC(34) Old sizing: calculated: 0B, actual: 4232B
[2024-12-07T22:49:42.407+0800][3.865s][debug][gc,ergo,heap      ] GC(34) Attempt heap expansion (recent GC overhead higher than threshold after GC) recent GC overhead: 12.48 % threshold: 7.69 % uncommitted: 6291456B base expansion amount and scale: 1258291B (56.04%)
[2024-12-07T22:49:42.407+0800][3.865s][debug][gc,ergo,heap      ] GC(34) Expand the heap. requested expansion amount: 1048576B expansion amount: 1048576B
[2024-12-07T22:49:42.407+0800][3.865s][debug][gc,ihop           ] GC(34) Target occupancy update: old: 530579456B, new: 531628032B
[2024-12-07T22:49:42.407+0800][3.865s][debug][gc,alloc,stats    ] Old generation allocation in the last mutator period, old gen allocated: 0B, humongous allocated: 25165824B,old gen growth: 0B.
[2024-12-07T22:49:42.407+0800][3.865s][debug][gc,ihop           ] GC(34) Basic information (value update), threshold: 239232614B (45.00), target occupancy: 531628032B, current occupancy: 211019824B, recent allocation size: 25165824B, recent allocation duration: 95.17ms, recent old gen allocation rate: 264431089.28B/s, recent marking phase length: 0.00ms
[2024-12-07T22:49:42.407+0800][3.865s][debug][gc,ihop           ] GC(34) Adaptive IHOP information (value update), threshold: 239232614B (52.42), internal target occupancy: 456340275B, occupancy: 211019824B, additional buffer size: 26214400B, predicted old gen allocation rate: 108694658.18B/s, predicted marking phase length: 0.00ms, prediction active: false
[2024-12-07T22:49:42.407+0800][3.865s][debug][gc,ergo,refine    ] GC(34) Updated Refinement Zones: green: 18, yellow: 54, red: 90
[2024-12-07T22:49:42.407+0800][3.865s][info ][gc,phases         ] GC(34)   Pre Evacuate Collection Set: 0.2ms
[2024-12-07T22:49:42.407+0800][3.865s][debug][gc,phases         ] GC(34)     Prepare TLABs: 0.3ms
[2024-12-07T22:49:42.407+0800][3.865s][debug][gc,phases         ] GC(34)     Choose Collection Set: 0.2ms
[2024-12-07T22:49:42.407+0800][3.866s][debug][gc,phases         ] GC(34)     Humongous Register: 0.0ms
[2024-12-07T22:49:42.407+0800][3.866s][debug][gc,phases         ] GC(34)     Clear Claimed Marks: 0.0ms
[2024-12-07T22:49:42.407+0800][3.866s][info ][gc,phases         ] GC(34)   Evacuate Collection Set: 3.6ms
[2024-12-07T22:49:42.407+0800][3.866s][debug][gc,phases         ] GC(34)     Ext Root Scanning (ms):   Min:  0.0, Avg:  0.3, Max:  0.5, Diff:  0.4, Sum:  3.7, Workers: 12
[2024-12-07T22:49:42.407+0800][3.866s][debug][gc,phases         ] GC(34)     Update RS (ms):           Min:  0.0, Avg:  0.0, Max:  0.0, Diff:  0.0, Sum:  0.0, Workers: 12
[2024-12-07T22:49:42.407+0800][3.866s][debug][gc,phases         ] GC(34)       Processed Buffers:        Min: 0, Avg:  0.2, Max: 3, Diff: 3, Sum: 3, Workers: 12
[2024-12-07T22:49:42.408+0800][3.866s][debug][gc,phases         ] GC(34)       Scanned Cards:            Min: 0, Avg:  0.6, Max: 7, Diff: 7, Sum: 7, Workers: 12
[2024-12-07T22:49:42.408+0800][3.866s][debug][gc,phases         ] GC(34)       Skipped Cards:            Min: 0, Avg:  0.0, Max: 0, Diff: 0, Sum: 0, Workers: 12
[2024-12-07T22:49:42.408+0800][3.866s][debug][gc,phases         ] GC(34)     Scan RS (ms):             Min:  0.0, Avg:  0.0, Max:  0.0, Diff:  0.0, Sum:  0.0, Workers: 12
[2024-12-07T22:49:42.408+0800][3.866s][debug][gc,phases         ] GC(34)       Scanned Cards:            Min: 0, Avg:  0.2, Max: 1, Diff: 1, Sum: 2, Workers: 12
[2024-12-07T22:49:42.408+0800][3.866s][debug][gc,phases         ] GC(34)       Claimed Cards:            Min: 0, Avg:  0.2, Max: 2, Diff: 2, Sum: 3, Workers: 12
[2024-12-07T22:49:42.408+0800][3.866s][debug][gc,phases         ] GC(34)       Skipped Cards:            Min: 0, Avg:  0.1, Max: 1, Diff: 1, Sum: 1, Workers: 12
[2024-12-07T22:49:42.408+0800][3.866s][debug][gc,phases         ] GC(34)     Code Root Scanning (ms):  Min:  0.0, Avg:  0.0, Max:  0.0, Diff:  0.0, Sum:  0.0, Workers: 12
[2024-12-07T22:49:42.408+0800][3.866s][debug][gc,phases         ] GC(34)     AOT Root Scanning (ms):   skipped
[2024-12-07T22:49:42.408+0800][3.866s][debug][gc,phases         ] GC(34)     Object Copy (ms):         Min:  0.0, Avg:  0.0, Max:  0.0, Diff:  0.0, Sum:  0.1, Workers: 12
[2024-12-07T22:49:42.408+0800][3.866s][debug][gc,phases         ] GC(34)     Termination (ms):         Min:  0.0, Avg:  0.3, Max:  0.6, Diff:  0.6, Sum:  3.7, Workers: 12
[2024-12-07T22:49:42.408+0800][3.867s][debug][gc,phases         ] GC(34)       Termination Attempts:     Min: 1, Avg:  1.0, Max: 1, Diff: 0, Sum: 12, Workers: 12
[2024-12-07T22:49:42.408+0800][3.867s][debug][gc,phases         ] GC(34)     GC Worker Other (ms):     Min:  0.3, Avg:  1.1, Max:  2.0, Diff:  1.7, Sum: 13.7, Workers: 12
[2024-12-07T22:49:42.408+0800][3.867s][debug][gc,phases         ] GC(34)     GC Worker Total (ms):     Min:  0.8, Avg:  1.8, Max:  2.5, Diff:  1.7, Sum: 21.2, Workers: 12
[2024-12-07T22:49:42.408+0800][3.867s][info ][gc,phases         ] GC(34)   Post Evacuate Collection Set: 9.0ms
[2024-12-07T22:49:42.408+0800][3.867s][debug][gc,phases         ] GC(34)     Code Roots Fixup: 0.0ms
[2024-12-07T22:49:42.408+0800][3.867s][debug][gc,phases         ] GC(34)     Clear Card Table: 0.1ms
[2024-12-07T22:49:42.409+0800][3.867s][debug][gc,phases         ] GC(34)     Reference Processing: 0.3ms
[2024-12-07T22:49:42.409+0800][3.867s][debug][gc,phases,ref     ] GC(34)       Reconsider SoftReferences: 0.1ms
[2024-12-07T22:49:42.409+0800][3.867s][debug][gc,phases,ref     ] GC(34)         SoftRef (ms):             skipped
[2024-12-07T22:49:42.409+0800][3.867s][debug][gc,phases,ref     ] GC(34)       Notify Soft/WeakReferences: 0.1ms
[2024-12-07T22:49:42.409+0800][3.867s][debug][gc,phases,ref     ] GC(34)         SoftRef (ms):             skipped
[2024-12-07T22:49:42.409+0800][3.867s][debug][gc,phases,ref     ] GC(34)         WeakRef (ms):             skipped
[2024-12-07T22:49:42.409+0800][3.867s][debug][gc,phases,ref     ] GC(34)         FinalRef (ms):            skipped
[2024-12-07T22:49:42.409+0800][3.867s][debug][gc,phases,ref     ] GC(34)         Total (ms):               skipped
[2024-12-07T22:49:42.409+0800][3.867s][debug][gc,phases,ref     ] GC(34)       Notify and keep alive finalizable: 0.1ms
[2024-12-07T22:49:42.409+0800][3.867s][debug][gc,phases,ref     ] GC(34)         FinalRef (ms):            skipped
[2024-12-07T22:49:42.409+0800][3.867s][debug][gc,phases,ref     ] GC(34)       Notify PhantomReferences: 0.1ms
[2024-12-07T22:49:42.409+0800][3.868s][debug][gc,phases,ref     ] GC(34)         PhantomRef (ms):          skipped
[2024-12-07T22:49:42.409+0800][3.868s][debug][gc,phases,ref     ] GC(34)       SoftReference:
[2024-12-07T22:49:42.409+0800][3.868s][debug][gc,phases,ref     ] GC(34)         Discovered: 0
[2024-12-07T22:49:42.409+0800][3.868s][debug][gc,phases,ref     ] GC(34)         Cleared: 0
[2024-12-07T22:49:42.409+0800][3.868s][debug][gc,phases,ref     ] GC(34)       WeakReference:
[2024-12-07T22:49:42.410+0800][3.868s][debug][gc,phases,ref     ] GC(34)         Discovered: 0
[2024-12-07T22:49:42.410+0800][3.868s][debug][gc,phases,ref     ] GC(34)         Cleared: 0
[2024-12-07T22:49:42.410+0800][3.868s][debug][gc,phases,ref     ] GC(34)       FinalReference:
[2024-12-07T22:49:42.410+0800][3.868s][debug][gc,phases,ref     ] GC(34)         Discovered: 0
[2024-12-07T22:49:42.410+0800][3.868s][debug][gc,phases,ref     ] GC(34)         Cleared: 0
[2024-12-07T22:49:42.410+0800][3.868s][debug][gc,phases,ref     ] GC(34)       PhantomReference:
[2024-12-07T22:49:42.410+0800][3.868s][debug][gc,phases,ref     ] GC(34)         Discovered: 0
[2024-12-07T22:49:42.410+0800][3.869s][debug][gc,phases,ref     ] GC(34)         Cleared: 0
[2024-12-07T22:49:42.411+0800][3.869s][debug][gc,phases         ] GC(34)     Weak Processing: 0.0ms
[2024-12-07T22:49:42.411+0800][3.869s][debug][gc,phases         ] GC(34)     Merge Per-Thread State: 0.0ms
[2024-12-07T22:49:42.411+0800][3.869s][debug][gc,phases         ] GC(34)     Code Roots Purge: 0.0ms
[2024-12-07T22:49:42.411+0800][3.869s][debug][gc,phases         ] GC(34)     Redirty Cards: 0.1ms
[2024-12-07T22:49:42.411+0800][3.870s][debug][gc,phases         ] GC(34)     DerivedPointerTable Update: 0.0ms
[2024-12-07T22:49:42.411+0800][3.870s][debug][gc,phases         ] GC(34)     Free Collection Set: 0.1ms
[2024-12-07T22:49:42.411+0800][3.870s][debug][gc,phases         ] GC(34)     Humongous Reclaim: 8.2ms
[2024-12-07T22:49:42.411+0800][3.870s][debug][gc,phases         ] GC(34)     Start New Collection Set: 0.0ms
[2024-12-07T22:49:42.412+0800][3.870s][debug][gc,phases         ] GC(34)     Resize TLABs: 0.0ms
[2024-12-07T22:49:42.412+0800][3.870s][debug][gc,phases         ] GC(34)     Expand Heap After Collection: 0.0ms
[2024-12-07T22:49:42.412+0800][3.870s][info ][gc,phases         ] GC(34)   Other: 3.5ms
[2024-12-07T22:49:42.412+0800][3.870s][info ][gc,heap           ] GC(34) Eden regions: 1->0(24)
[2024-12-07T22:49:42.412+0800][3.870s][info ][gc,heap           ] GC(34) Survivor regions: 1->1(4)
[2024-12-07T22:49:42.412+0800][3.870s][info ][gc,heap           ] GC(34) Old regions: 3->3
[2024-12-07T22:49:42.412+0800][3.871s][info ][gc,heap           ] GC(34) Humongous regions: 224->200
[2024-12-07T22:49:42.412+0800][3.871s][info ][gc,metaspace      ] GC(34) Metaspace: 656K(4864K)->656K(4864K) NonClass: 603K(4352K)->603K(4352K) Class: 52K(512K)->52K(512K)
[2024-12-07T22:49:42.412+0800][3.871s][debug][gc,heap           ] GC(34) Heap after GC invocations=35 (full 0): garbage-first heap   total 519168K, used 206074K [0x00000000e0000000, 0x0000000100000000)
[2024-12-07T22:49:42.412+0800][3.871s][debug][gc,heap           ] GC(34)   region size 1024K, 1 young (1024K), 1 survivors (1024K)
[2024-12-07T22:49:42.413+0800][3.871s][debug][gc,heap           ] GC(34)  Metaspace       used 656K, capacity 4575K, committed 4864K, reserved 1056768K
[2024-12-07T22:49:42.413+0800][3.871s][debug][gc,heap           ] GC(34)   class space    used 52K, capacity 418K, committed 512K, reserved 1048576K
[2024-12-07T22:49:42.413+0800][3.871s][info ][gc                ] GC(34) Pause Young (Concurrent Start) (G1 Humongous Allocation) 225M->201M(507M) 20.623ms
[2024-12-07T22:49:42.413+0800][3.871s][info ][gc,cpu            ] GC(34) User=0.00s Sys=0.00s Real=0.02s
[2024-12-07T22:49:42.413+0800][3.871s][info ][gc                ] GC(35) Concurrent Cycle
[2024-12-07T22:49:42.413+0800][3.871s][info ][gc,marking        ] GC(35) Concurrent Clear Claimed Marks
[2024-12-07T22:49:42.413+0800][3.871s][info ][gc,marking        ] GC(35) Concurrent Clear Claimed Marks 0.069ms
[2024-12-07T22:49:42.413+0800][3.871s][info ][gc,marking        ] GC(35) Concurrent Scan Root Regions
[2024-12-07T22:49:42.413+0800][3.872s][debug][gc,ergo           ] GC(35) Running G1 Root Region Scan using 1 workers for 1 work units.
[2024-12-07T22:49:42.413+0800][3.872s][info ][gc,marking        ] GC(35) Concurrent Scan Root Regions 0.398ms
[2024-12-07T22:49:42.414+0800][3.872s][info ][gc,marking        ] GC(35) Concurrent Mark (3.872s)
[2024-12-07T22:49:42.414+0800][3.872s][info ][gc,marking        ] GC(35) Concurrent Mark From Roots
[2024-12-07T22:49:42.414+0800][3.872s][info ][gc,task           ] GC(35) Using 5 workers of 5 for marking
[2024-12-07T22:49:42.414+0800][3.873s][debug][gc,stats          ] ---------------------------------------------------------------------
[2024-12-07T22:49:42.415+0800][3.873s][debug][gc,stats          ] Marking Stats, task = 0, calls = 9
[2024-12-07T22:49:42.415+0800][3.873s][debug][gc,stats          ]   Elapsed time = 0.66ms, Termination time = 0.00ms
[2024-12-07T22:49:42.415+0800][3.873s][debug][gc,stats          ]   Step Times (cum): num = 1616, avg = 0.01ms, sd = 0.19ms max = 5.58ms, total = 20.37ms
[2024-12-07T22:49:42.415+0800][3.873s][debug][gc,stats          ]   Mark Stats Cache: hits 5925 misses 102 ratio 98.308
[2024-12-07T22:49:42.415+0800][3.873s][debug][gc,stats          ] ---------------------------------------------------------------------
[2024-12-07T22:49:42.415+0800][3.873s][debug][gc,stats          ] Marking Stats, task = 1, calls = 22
[2024-12-07T22:49:42.415+0800][3.873s][debug][gc,stats          ]   Elapsed time = 0.65ms, Termination time = 0.00ms
[2024-12-07T22:49:42.415+0800][3.873s][debug][gc,stats          ]   Step Times (cum): num = 456, avg = 0.04ms, sd = 0.35ms max = 5.59ms, total = 19.83ms
[2024-12-07T22:49:42.415+0800][3.873s][debug][gc,stats          ]   Mark Stats Cache: hits 3710 misses 3 ratio 99.919
[2024-12-07T22:49:42.415+0800][3.873s][debug][gc,stats          ] ---------------------------------------------------------------------
[2024-12-07T22:49:42.415+0800][3.873s][debug][gc,stats          ] Marking Stats, task = 2, calls = 13
[2024-12-07T22:49:42.415+0800][3.874s][debug][gc,stats          ]   Elapsed time = 0.64ms, Termination time = 0.00ms
[2024-12-07T22:49:42.415+0800][3.874s][debug][gc,stats          ]   Step Times (cum): num = 367, avg = 0.06ms, sd = 0.39ms max = 5.58ms, total = 20.31ms
[2024-12-07T22:49:42.415+0800][3.874s][debug][gc,stats          ]   Mark Stats Cache: hits 4027 misses 3 ratio 99.926
[2024-12-07T22:49:42.415+0800][3.874s][debug][gc,stats          ] ---------------------------------------------------------------------
[2024-12-07T22:49:42.415+0800][3.874s][debug][gc,stats          ] Marking Stats, task = 3, calls = 15
[2024-12-07T22:49:42.416+0800][3.874s][debug][gc,stats          ]   Elapsed time = 0.62ms, Termination time = 0.00ms
[2024-12-07T22:49:42.416+0800][3.874s][debug][gc,stats          ]   Step Times (cum): num = 432, avg = 0.05ms, sd = 0.36ms max = 5.59ms, total = 20.34ms
[2024-12-07T22:49:42.416+0800][3.874s][debug][gc,stats          ]   Mark Stats Cache: hits 3597 misses 3 ratio 99.917
[2024-12-07T22:49:42.416+0800][3.874s][debug][gc,stats          ] ---------------------------------------------------------------------
[2024-12-07T22:49:42.416+0800][3.874s][debug][gc,stats          ] Marking Stats, task = 4, calls = 1
[2024-12-07T22:49:42.416+0800][3.874s][debug][gc,stats          ]   Elapsed time = 0.59ms, Termination time = 0.00ms
[2024-12-07T22:49:42.416+0800][3.874s][debug][gc,stats          ]   Step Times (cum): num = 433, avg = 0.05ms, sd = 0.36ms max = 5.59ms, total = 20.24ms
[2024-12-07T22:49:42.416+0800][3.874s][debug][gc,stats          ]   Mark Stats Cache: hits 8236 misses 3 ratio 99.964
[2024-12-07T22:49:42.416+0800][3.874s][debug][gc,stats          ] ---------------------------------------------------------------------
[2024-12-07T22:49:42.416+0800][3.874s][info ][gc,marking        ] GC(35) Concurrent Mark From Roots 2.479ms
[2024-12-07T22:49:42.416+0800][3.874s][info ][gc,marking        ] GC(35) Concurrent Preclean
[2024-12-07T22:49:42.416+0800][3.875s][debug][gc,ref,start      ] GC(35) Preclean SoftReferences
[2024-12-07T22:49:42.416+0800][3.875s][debug][gc,ref            ] GC(35) Preclean SoftReferences 0.073ms
[2024-12-07T22:49:42.416+0800][3.875s][debug][gc,ref,start      ] GC(35) Preclean WeakReferences
[2024-12-07T22:49:42.416+0800][3.875s][debug][gc,ref            ] GC(35) Preclean WeakReferences 0.072ms
[2024-12-07T22:49:42.416+0800][3.875s][debug][gc,ref,start      ] GC(35) Preclean FinalReferences
[2024-12-07T22:49:42.417+0800][3.875s][debug][gc,ref            ] GC(35) Preclean FinalReferences 0.071ms
[2024-12-07T22:49:42.417+0800][3.875s][debug][gc,ref,start      ] GC(35) Preclean PhantomReferences
[2024-12-07T22:49:42.417+0800][3.875s][debug][gc,ref            ] GC(35) Preclean PhantomReferences 0.087ms
[2024-12-07T22:49:42.417+0800][3.875s][info ][gc,marking        ] GC(35) Concurrent Preclean 0.623ms
[2024-12-07T22:49:42.417+0800][3.875s][info ][gc,marking        ] GC(35) Concurrent Mark (3.872s, 3.875s) 3.297ms
[2024-12-07T22:49:42.417+0800][3.875s][info ][gc,start          ] GC(35) Pause Remark
[2024-12-07T22:49:42.417+0800][3.875s][debug][gc,phases,start   ] GC(35) Finalize Marking
[2024-12-07T22:49:42.420+0800][3.878s][debug][gc,stats          ] ---------------------------------------------------------------------
[2024-12-07T22:49:42.420+0800][3.878s][debug][gc,stats          ] Marking Stats, task = 0, calls = 82
[2024-12-07T22:49:42.420+0800][3.878s][debug][gc,stats          ]   Elapsed time = 2.51ms, Termination time = 2.27ms
[2024-12-07T22:49:42.420+0800][3.879s][debug][gc,stats          ]   Step Times (cum): num = 1689, avg = 0.01ms, sd = 0.19ms max = 5.58ms, total = 22.65ms
[2024-12-07T22:49:42.420+0800][3.879s][debug][gc,stats          ]   Mark Stats Cache: hits 5925 misses 102 ratio 98.308
[2024-12-07T22:49:42.421+0800][3.879s][debug][gc,stats          ] ---------------------------------------------------------------------
[2024-12-07T22:49:42.421+0800][3.879s][debug][gc,stats          ] Marking Stats, task = 1, calls = 23
[2024-12-07T22:49:42.421+0800][3.879s][debug][gc,stats          ]   Elapsed time = 2.56ms, Termination time = 2.21ms
[2024-12-07T22:49:42.421+0800][3.879s][debug][gc,stats          ]   Step Times (cum): num = 457, avg = 0.05ms, sd = 0.36ms max = 5.59ms, total = 22.04ms
[2024-12-07T22:49:42.421+0800][3.879s][debug][gc,stats          ]   Mark Stats Cache: hits 3710 misses 3 ratio 99.919
[2024-12-07T22:49:42.421+0800][3.879s][debug][gc,stats          ] ---------------------------------------------------------------------
[2024-12-07T22:49:42.421+0800][3.880s][debug][gc,stats          ] Marking Stats, task = 2, calls = 14
[2024-12-07T22:49:42.421+0800][3.880s][debug][gc,stats          ]   Elapsed time = 2.56ms, Termination time = 2.21ms
[2024-12-07T22:49:42.421+0800][3.880s][debug][gc,stats          ]   Step Times (cum): num = 368, avg = 0.06ms, sd = 0.41ms max = 5.58ms, total = 22.52ms
[2024-12-07T22:49:42.422+0800][3.880s][debug][gc,stats          ]   Mark Stats Cache: hits 4027 misses 3 ratio 99.926
[2024-12-07T22:49:42.422+0800][3.880s][debug][gc,stats          ] ---------------------------------------------------------------------
[2024-12-07T22:49:42.422+0800][3.880s][debug][gc,stats          ] Marking Stats, task = 3, calls = 16
[2024-12-07T22:49:42.422+0800][3.880s][debug][gc,stats          ]   Elapsed time = 2.48ms, Termination time = 2.24ms
[2024-12-07T22:49:42.422+0800][3.880s][debug][gc,stats          ]   Step Times (cum): num = 433, avg = 0.05ms, sd = 0.38ms max = 5.59ms, total = 22.58ms
[2024-12-07T22:49:42.422+0800][3.880s][debug][gc,stats          ]   Mark Stats Cache: hits 3597 misses 3 ratio 99.917
[2024-12-07T22:49:42.422+0800][3.881s][debug][gc,stats          ] ---------------------------------------------------------------------
[2024-12-07T22:49:42.422+0800][3.881s][debug][gc,stats          ] Marking Stats, task = 4, calls = 2
[2024-12-07T22:49:42.422+0800][3.881s][debug][gc,stats          ]   Elapsed time = 2.49ms, Termination time = 2.25ms
[2024-12-07T22:49:42.423+0800][3.881s][debug][gc,stats          ]   Step Times (cum): num = 434, avg = 0.05ms, sd = 0.37ms max = 5.59ms, total = 22.50ms
[2024-12-07T22:49:42.423+0800][3.881s][debug][gc,stats          ]   Mark Stats Cache: hits 8236 misses 3 ratio 99.964
[2024-12-07T22:49:42.423+0800][3.881s][debug][gc,stats          ] ---------------------------------------------------------------------
[2024-12-07T22:49:42.423+0800][3.881s][debug][gc,stats          ] Marking Stats, task = 5, calls = 1
[2024-12-07T22:49:42.423+0800][3.881s][debug][gc,stats          ]   Elapsed time = 2.49ms, Termination time = 2.11ms
[2024-12-07T22:49:42.423+0800][3.881s][debug][gc,stats          ]   Step Times (cum): num = 18, avg = 1.19ms, sd = 1.41ms max = 5.59ms, total = 21.45ms
[2024-12-07T22:49:42.423+0800][3.882s][debug][gc,stats          ]   Mark Stats Cache: hits 0 misses 0 ratio 0.000
[2024-12-07T22:49:42.423+0800][3.882s][debug][gc,stats          ] ---------------------------------------------------------------------
[2024-12-07T22:49:42.423+0800][3.882s][debug][gc,stats          ] Marking Stats, task = 6, calls = 1
[2024-12-07T22:49:42.423+0800][3.882s][debug][gc,stats          ]   Elapsed time = 2.41ms, Termination time = 2.11ms
[2024-12-07T22:49:42.424+0800][3.882s][debug][gc,stats          ]   Step Times (cum): num = 18, avg = 1.19ms, sd = 1.41ms max = 5.59ms, total = 21.44ms
[2024-12-07T22:49:42.424+0800][3.882s][debug][gc,stats          ]   Mark Stats Cache: hits 0 misses 0 ratio 0.000
[2024-12-07T22:49:42.424+0800][3.882s][debug][gc,stats          ] ---------------------------------------------------------------------
[2024-12-07T22:49:42.424+0800][3.882s][debug][gc,stats          ] Marking Stats, task = 7, calls = 1
[2024-12-07T22:49:42.424+0800][3.882s][debug][gc,stats          ]   Elapsed time = 2.40ms, Termination time = 2.09ms
[2024-12-07T22:49:42.424+0800][3.882s][debug][gc,stats          ]   Step Times (cum): num = 18, avg = 1.20ms, sd = 1.37ms max = 5.60ms, total = 21.63ms
[2024-12-07T22:49:42.424+0800][3.882s][debug][gc,stats          ]   Mark Stats Cache: hits 0 misses 0 ratio 0.000
[2024-12-07T22:49:42.424+0800][3.882s][debug][gc,stats          ] ---------------------------------------------------------------------
[2024-12-07T22:49:42.424+0800][3.882s][debug][gc,stats          ] Marking Stats, task = 8, calls = 1
[2024-12-07T22:49:42.424+0800][3.883s][debug][gc,stats          ]   Elapsed time = 2.41ms, Termination time = 2.06ms
[2024-12-07T22:49:42.424+0800][3.883s][debug][gc,stats          ]   Step Times (cum): num = 18, avg = 1.17ms, sd = 1.40ms max = 5.72ms, total = 21.12ms
[2024-12-07T22:49:42.424+0800][3.883s][debug][gc,stats          ]   Mark Stats Cache: hits 0 misses 0 ratio 0.000
[2024-12-07T22:49:42.424+0800][3.883s][debug][gc,stats          ] ---------------------------------------------------------------------
[2024-12-07T22:49:42.424+0800][3.883s][debug][gc,stats          ] Marking Stats, task = 9, calls = 1
[2024-12-07T22:49:42.425+0800][3.883s][debug][gc,stats          ]   Elapsed time = 2.26ms, Termination time = 2.14ms
[2024-12-07T22:49:42.425+0800][3.883s][debug][gc,stats          ]   Step Times (cum): num = 18, avg = 1.17ms, sd = 1.49ms max = 5.87ms, total = 21.12ms
[2024-12-07T22:49:42.425+0800][3.883s][debug][gc,stats          ]   Mark Stats Cache: hits 0 misses 0 ratio 0.000
[2024-12-07T22:49:42.425+0800][3.883s][debug][gc,stats          ] ---------------------------------------------------------------------
[2024-12-07T22:49:42.425+0800][3.883s][debug][gc,stats          ] Marking Stats, task = 10, calls = 1
[2024-12-07T22:49:42.425+0800][3.883s][debug][gc,stats          ]   Elapsed time = 1.93ms, Termination time = 1.73ms
[2024-12-07T22:49:42.425+0800][3.883s][debug][gc,stats          ]   Step Times (cum): num = 18, avg = 0.72ms, sd = 0.95ms max = 3.41ms, total = 12.98ms
[2024-12-07T22:49:42.425+0800][3.883s][debug][gc,stats          ]   Mark Stats Cache: hits 0 misses 0 ratio 0.000
[2024-12-07T22:49:42.425+0800][3.883s][debug][gc,stats          ] ---------------------------------------------------------------------
[2024-12-07T22:49:42.425+0800][3.883s][debug][gc,stats          ] Marking Stats, task = 11, calls = 1
[2024-12-07T22:49:42.425+0800][3.883s][debug][gc,stats          ]   Elapsed time = 0.01ms, Termination time = 0.00ms
[2024-12-07T22:49:42.425+0800][3.884s][debug][gc,stats          ]   Step Times (cum): num = 18, avg = 0.00ms, sd = 0.00ms max = 0.00ms, total = 0.00ms
[2024-12-07T22:49:42.425+0800][3.884s][debug][gc,stats          ]   Mark Stats Cache: hits 0 misses 0 ratio 0.000
[2024-12-07T22:49:42.425+0800][3.884s][debug][gc,stats          ] ---------------------------------------------------------------------
[2024-12-07T22:49:42.425+0800][3.884s][debug][gc,phases         ] GC(35) Finalize Marking 8.320ms
[2024-12-07T22:49:42.425+0800][3.884s][debug][gc,phases,start   ] GC(35) Reference Processing
[2024-12-07T22:49:42.426+0800][3.884s][debug][gc,ref            ] GC(35) Skipped phase1 of Reference Processing due to unavailable references
[2024-12-07T22:49:42.426+0800][3.884s][debug][gc,ref            ] GC(35) Skipped phase2 of Reference Processing due to unavailable references
[2024-12-07T22:49:42.426+0800][3.884s][debug][gc,ref            ] GC(35) Skipped phase3 of Reference Processing due to unavailable references
[2024-12-07T22:49:42.426+0800][3.884s][debug][gc,ref            ] GC(35) Skipped phase4 of Reference Processing due to unavailable references
[2024-12-07T22:49:42.426+0800][3.884s][debug][gc,phases,ref     ] GC(35) Reference Processing: 0.2ms
[2024-12-07T22:49:42.426+0800][3.884s][debug][gc,phases,ref     ] GC(35)   Reconsider SoftReferences: 0.1ms
[2024-12-07T22:49:42.426+0800][3.884s][debug][gc,phases,ref     ] GC(35)     SoftRef (ms):             skipped
[2024-12-07T22:49:42.426+0800][3.884s][debug][gc,phases,ref     ] GC(35)   Notify Soft/WeakReferences: 0.1ms
[2024-12-07T22:49:42.426+0800][3.884s][debug][gc,phases,ref     ] GC(35)     SoftRef (ms):             skipped
[2024-12-07T22:49:42.426+0800][3.884s][debug][gc,phases,ref     ] GC(35)     WeakRef (ms):             skipped
[2024-12-07T22:49:42.426+0800][3.884s][debug][gc,phases,ref     ] GC(35)     FinalRef (ms):            skipped
[2024-12-07T22:49:42.426+0800][3.885s][debug][gc,phases,ref     ] GC(35)     Total (ms):               skipped
[2024-12-07T22:49:42.426+0800][3.885s][debug][gc,phases,ref     ] GC(35)   Notify and keep alive finalizable: 0.1ms
[2024-12-07T22:49:42.426+0800][3.885s][debug][gc,phases,ref     ] GC(35)     FinalRef (ms):            skipped
[2024-12-07T22:49:42.426+0800][3.885s][debug][gc,phases,ref     ] GC(35)   Notify PhantomReferences: 0.1ms
[2024-12-07T22:49:42.426+0800][3.885s][debug][gc,phases,ref     ] GC(35)     PhantomRef (ms):          skipped
[2024-12-07T22:49:42.427+0800][3.885s][debug][gc,phases,ref     ] GC(35)   SoftReference:
[2024-12-07T22:49:42.427+0800][3.885s][debug][gc,phases,ref     ] GC(35)     Discovered: 0
[2024-12-07T22:49:42.427+0800][3.885s][debug][gc,phases,ref     ] GC(35)     Cleared: 0
[2024-12-07T22:49:42.427+0800][3.885s][debug][gc,phases,ref     ] GC(35)   WeakReference:
[2024-12-07T22:49:42.427+0800][3.886s][debug][gc,phases,ref     ] GC(35)     Discovered: 0
[2024-12-07T22:49:42.427+0800][3.886s][debug][gc,phases,ref     ] GC(35)     Cleared: 0
[2024-12-07T22:49:42.428+0800][3.886s][debug][gc,phases,ref     ] GC(35)   FinalReference:
[2024-12-07T22:49:42.428+0800][3.886s][debug][gc,phases,ref     ] GC(35)     Discovered: 0
[2024-12-07T22:49:42.428+0800][3.886s][debug][gc,phases,ref     ] GC(35)     Cleared: 0
[2024-12-07T22:49:42.428+0800][3.886s][debug][gc,phases,ref     ] GC(35)   PhantomReference:
[2024-12-07T22:49:42.428+0800][3.887s][debug][gc,phases,ref     ] GC(35)     Discovered: 0
[2024-12-07T22:49:42.429+0800][3.887s][debug][gc,phases,ref     ] GC(35)     Cleared: 0
[2024-12-07T22:49:42.429+0800][3.887s][debug][gc,phases         ] GC(35) Reference Processing 3.238ms
[2024-12-07T22:49:42.429+0800][3.887s][debug][gc,phases,start   ] GC(35) Weak Processing
[2024-12-07T22:49:42.429+0800][3.887s][debug][gc,phases         ] GC(35) Weak Processing 0.133ms
[2024-12-07T22:49:42.429+0800][3.887s][debug][gc,phases,start   ] GC(35) Class Unloading
[2024-12-07T22:49:42.429+0800][3.888s][debug][gc,phases,start   ] GC(35) ClassLoaderData
[2024-12-07T22:49:42.429+0800][3.888s][debug][gc,phases         ] GC(35) ClassLoaderData 0.107ms
[2024-12-07T22:49:42.429+0800][3.888s][debug][gc,phases,start   ] GC(35) ProtectionDomainCacheTable
[2024-12-07T22:49:42.430+0800][3.888s][debug][gc,phases         ] GC(35) ProtectionDomainCacheTable 0.130ms
[2024-12-07T22:49:42.430+0800][3.888s][info ][gc,stringtable    ] GC(35) Cleaned string and symbol table, strings: 64 processed, 0 removed, symbols: 226 processed, 0 removed
[2024-12-07T22:49:42.430+0800][3.888s][debug][gc,phases         ] GC(35) Class Unloading 0.976ms
[2024-12-07T22:49:42.430+0800][3.888s][debug][gc,phases,start   ] GC(35) Flush Task Caches
[2024-12-07T22:49:42.430+0800][3.889s][debug][gc,stats          ] Mark stats cache hits 25495 misses 114 ratio 99.555
[2024-12-07T22:49:42.430+0800][3.889s][debug][gc,phases         ] GC(35) Flush Task Caches 0.334ms
[2024-12-07T22:49:42.431+0800][3.889s][debug][gc,phases,start   ] GC(35) Update Remembered Set Tracking Before Rebuild
[2024-12-07T22:49:42.431+0800][3.889s][debug][gc,ergo           ] GC(35) Running G1 Update RemSet Tracking Before Rebuild using 2 workers for 507 regions in heap
[2024-12-07T22:49:42.431+0800][3.889s][debug][gc,remset,tracking] GC(35) Remembered Set Tracking update regions total 507, selected 1
[2024-12-07T22:49:42.431+0800][3.890s][debug][gc,phases         ] GC(35) Update Remembered Set Tracking Before Rebuild 0.577ms
[2024-12-07T22:49:42.431+0800][3.890s][debug][gc,phases,start   ] GC(35) Reclaim Empty Regions
[2024-12-07T22:49:42.432+0800][3.890s][debug][gc,phases         ] GC(35) Reclaim Empty Regions 0.205ms
[2024-12-07T22:49:42.432+0800][3.890s][debug][gc,phases,start   ] GC(35) Purge Metaspace
[2024-12-07T22:49:42.432+0800][3.890s][debug][gc,phases         ] GC(35) Purge Metaspace 0.097ms
[2024-12-07T22:49:42.432+0800][3.890s][debug][gc,phases,start   ] GC(35) Report Object Count
[2024-12-07T22:49:42.432+0800][3.890s][debug][gc,phases         ] GC(35) Report Object Count 0.086ms
[2024-12-07T22:49:42.432+0800][3.890s][info ][gc                ] GC(35) Pause Remark 205M->205M(507M) 15.028ms
[2024-12-07T22:49:42.432+0800][3.890s][info ][gc,cpu            ] GC(35) User=0.03s Sys=0.00s Real=0.02s
[2024-12-07T22:49:42.432+0800][3.891s][info ][gc,marking        ] GC(35) Concurrent Rebuild Remembered Sets
[2024-12-07T22:49:42.433+0800][3.891s][info ][gc,marking        ] GC(35) Concurrent Rebuild Remembered Sets 0.443ms
[2024-12-07T22:49:42.433+0800][3.891s][info ][gc,start          ] GC(35) Pause Cleanup
[2024-12-07T22:49:42.433+0800][3.891s][debug][gc,phases,start   ] GC(35) Update Remembered Set Tracking After Rebuild
[2024-12-07T22:49:42.433+0800][3.891s][debug][gc,phases         ] GC(35) Update Remembered Set Tracking After Rebuild 0.094ms
[2024-12-07T22:49:42.433+0800][3.891s][debug][gc,phases,start   ] GC(35) Finalize Concurrent Mark Cleanup
[2024-12-07T22:49:42.433+0800][3.892s][debug][gc,ergo           ] GC(35) request young-only gcs (candidate old regions not available)
[2024-12-07T22:49:42.433+0800][3.892s][debug][gc,phases         ] GC(35) Finalize Concurrent Mark Cleanup 0.279ms
[2024-12-07T22:49:42.434+0800][3.892s][info ][gc                ] GC(35) Pause Cleanup 205M->205M(507M) 0.638ms
[2024-12-07T22:49:42.434+0800][3.892s][info ][gc,cpu            ] GC(35) User=0.00s Sys=0.00s Real=0.00s
[2024-12-07T22:49:42.434+0800][3.892s][info ][gc,marking        ] GC(35) Concurrent Cleanup for Next Mark
[2024-12-07T22:49:42.434+0800][3.892s][debug][gc,ergo           ] GC(35) Running G1 Clear Bitmap with 5 workers for 8 work units.
[2024-12-07T22:49:42.434+0800][3.892s][info ][gc,marking        ] GC(35) Concurrent Cleanup for Next Mark 0.320ms
[2024-12-07T22:49:42.434+0800][3.892s][info ][gc                ] GC(35) Concurrent Cycle 21.282ms
[2024-12-07T22:49:42.617+0800][4.075s][debug][gc,ergo,ihop      ] Request concurrent cycle initiation (occupancy higher than threshold) occupancy: 240123904B allocation request: 1048592B threshold: 239232614B (45.00) source: concurrent humongous allocation
[2024-12-07T22:49:42.618+0800][4.076s][debug][gc,ergo           ] Request concurrent cycle initiation (requested by GC cause). GC cause: G1 Humongous Allocation
[2024-12-07T22:49:42.618+0800][4.076s][debug][gc,heap           ] GC(36) Heap before GC invocations=36 (full 0): garbage-first heap   total 519168K, used 232698K [0x00000000e0000000, 0x0000000100000000)
[2024-12-07T22:49:42.618+0800][4.076s][debug][gc,heap           ] GC(36)   region size 1024K, 2 young (2048K), 1 survivors (1024K)
[2024-12-07T22:49:42.618+0800][4.077s][debug][gc,heap           ] GC(36)  Metaspace       used 660K, capacity 4575K, committed 4864K, reserved 1056768K
[2024-12-07T22:49:42.619+0800][4.077s][debug][gc,heap           ] GC(36)   class space    used 52K, capacity 418K, committed 512K, reserved 1048576K
[2024-12-07T22:49:42.619+0800][4.077s][debug][gc,ergo           ] GC(36) Initiate concurrent cycle (concurrent cycle initiation requested)
[2024-12-07T22:49:42.619+0800][4.077s][info ][gc,start          ] GC(36) Pause Young (Concurrent Start) (G1 Humongous Allocation)
[2024-12-07T22:49:42.619+0800][4.078s][info ][gc,task           ] GC(36) Using 12 workers of 18 for evacuation
[2024-12-07T22:49:42.620+0800][4.078s][debug][gc,tlab           ] GC(36) TLAB totals: thrds: 1  refills: 1 max: 1 slow allocs: 13 max 13 waste: 99.1% gc: 498704B max: 498704B slow: 0B max: 0B fast: 0B max: 0B
[2024-12-07T22:49:42.620+0800][4.078s][debug][gc,alloc,region   ] GC(36) Mutator Allocation stats, regions: 1, wasted size: 0B ( 0.0%)
[2024-12-07T22:49:42.620+0800][4.078s][debug][gc,age            ] GC(36) Desired survivor size 2097152 bytes, new threshold 15 (max threshold 15)
[2024-12-07T22:49:42.620+0800][4.079s][debug][gc,ergo,cset      ] GC(36) Finish choosing CSet. old: 0 regions, predicted old region time: 0.00ms, time remaining: 184.33
[2024-12-07T22:49:42.620+0800][4.079s][debug][gc,task,stats     ] GC(36) GC Termination Stats
[2024-12-07T22:49:42.621+0800][4.079s][debug][gc,task,stats     ] GC(36)      elapsed  --strong roots-- -------termination------- ------waste (KiB)------
[2024-12-07T22:49:42.621+0800][4.079s][debug][gc,task,stats     ] GC(36) thr     ms        ms      %        ms      %    attempts  total   alloc    undo
[2024-12-07T22:49:42.621+0800][4.079s][debug][gc,task,stats     ] GC(36) --- --------- --------- ------ --------- ------ -------- ------- ------- -------
[2024-12-07T22:49:42.623+0800][4.082s][debug][gc,task,stats     ] GC(36)  10      2.01      2.01  99.81      0.00   0.01        1       0       0       0
[2024-12-07T22:49:42.624+0800][4.082s][debug][gc,task,stats     ] GC(36)   4      2.40      0.62  25.74      1.67  69.79        1       0       0       0
[2024-12-07T22:49:42.624+0800][4.082s][debug][gc,task,stats     ] GC(36)   7      2.91      1.69  58.01      0.54  18.52        1       0       0       0
[2024-12-07T22:49:42.624+0800][4.083s][debug][gc,task,stats     ] GC(36)   6      3.33      1.90  56.89      0.32   9.51        1       0       0       0
[2024-12-07T22:49:42.625+0800][4.083s][debug][gc,task,stats     ] GC(36)   0      3.62      0.27   7.56      1.99  55.01        1       0       0       0
[2024-12-07T22:49:42.625+0800][4.083s][debug][gc,task,stats     ] GC(36)   1      3.74      0.28   7.61      1.97  52.76        1       0       0       0
[2024-12-07T22:49:42.625+0800][4.083s][debug][gc,task,stats     ] GC(36)  11      3.83      0.09   2.35      1.96  51.25        1       0       0       0
[2024-12-07T22:49:42.625+0800][4.084s][debug][gc,task,stats     ] GC(36)   3      4.15      0.57  13.68      1.59  38.33        1       0       0       0
[2024-12-07T22:49:42.626+0800][4.084s][debug][gc,task,stats     ] GC(36)   2      4.41      0.25   5.71      1.91  43.38        1       0       0       0
[2024-12-07T22:49:42.626+0800][4.084s][debug][gc,task,stats     ] GC(36)   9      4.43      1.94  43.64      0.12   2.82        1       0       0       0
[2024-12-07T22:49:42.626+0800][4.084s][debug][gc,task,stats     ] GC(36)   8      4.61      1.99  43.14      0.06   1.36        1       0       0       0
[2024-12-07T22:49:42.626+0800][4.084s][debug][gc,task,stats     ] GC(36)   5      4.85      1.82  37.48      0.25   5.15        1       0       0       0
[2024-12-07T22:49:42.626+0800][4.084s][debug][gc,ergo           ] GC(36) Running G1 Clear Card Table Task using 1 workers for 1 units of work for 3 regions.
[2024-12-07T22:49:42.626+0800][4.085s][debug][gc,ref            ] GC(36) Skipped phase1 of Reference Processing due to unavailable references
[2024-12-07T22:49:42.627+0800][4.085s][debug][gc,ref            ] GC(36) Skipped phase2 of Reference Processing due to unavailable references
[2024-12-07T22:49:42.627+0800][4.085s][debug][gc,ref            ] GC(36) Skipped phase3 of Reference Processing due to unavailable references
[2024-12-07T22:49:42.627+0800][4.085s][debug][gc,ref            ] GC(36) Skipped phase4 of Reference Processing due to unavailable references
[2024-12-07T22:49:42.627+0800][4.085s][debug][gc,ergo           ] GC(36) Running G1 Free Collection Set using 1 workers for collection set length 2
[2024-12-07T22:49:42.627+0800][4.085s][debug][gc,humongous      ] GC(36) Dead humongous region 0 object size 1048592 start 0x00000000e0000000 with remset 0 code roots 0 is marked 0 reclaim candidate 1 type array 1
[2024-12-07T22:49:42.627+0800][4.085s][debug][gc,humongous      ] GC(36) Dead humongous region 2 object size 1048592 start 0x00000000e0200000 with remset 0 code roots 0 is marked 0 reclaim candidate 1 type array 1
[2024-12-07T22:49:42.627+0800][4.086s][debug][gc,humongous      ] GC(36) Dead humongous region 4 object size 1048592 start 0x00000000e0400000 with remset 0 code roots 0 is marked 0 reclaim candidate 1 type array 1
[2024-12-07T22:49:42.627+0800][4.086s][debug][gc,humongous      ] GC(36) Dead humongous region 6 object size 1048592 start 0x00000000e0600000 with remset 0 code roots 0 is marked 0 reclaim candidate 1 type array 1
[2024-12-07T22:49:42.627+0800][4.086s][debug][gc,humongous      ] GC(36) Dead humongous region 8 object size 1048592 start 0x00000000e0800000 with remset 0 code roots 0 is marked 0 reclaim candidate 1 type array 1
[2024-12-07T22:49:42.627+0800][4.086s][debug][gc,humongous      ] GC(36) Dead humongous region 10 object size 1048592 start 0x00000000e0a00000 with remset 0 code roots 0 is marked 0 reclaim candidate 1 type array 1
[2024-12-07T22:49:42.628+0800][4.086s][debug][gc,humongous      ] GC(36) Dead humongous region 12 object size 1048592 start 0x00000000e0c00000 with remset 0 code roots 0 is marked 0 reclaim candidate 1 type array 1
[2024-12-07T22:49:42.628+0800][4.086s][debug][gc,humongous      ] GC(36) Dead humongous region 14 object size 1048592 start 0x00000000e0e00000 with remset 0 code roots 0 is marked 0 reclaim candidate 1 type array 1
[2024-12-07T22:49:42.628+0800][4.086s][debug][gc,humongous      ] GC(36) Live humongous region 16 object size 1048592 start 0x00000000e1000000  with remset 0 code roots 0 is marked 0 reclaim candidate 0 type array 1
[2024-12-07T22:49:42.628+0800][4.086s][debug][gc,humongous      ] GC(36) Live humongous region 18 object size 1048592 start 0x00000000e1200000  with remset 0 code roots 0 is marked 0 reclaim candidate 0 type array 1
[2024-12-07T22:49:42.628+0800][4.086s][debug][gc,humongous      ] GC(36) Live humongous region 20 object size 1048592 start 0x00000000e1400000  with remset 0 code roots 0 is marked 0 reclaim candidate 0 type array 1
[2024-12-07T22:49:42.628+0800][4.086s][debug][gc,humongous      ] GC(36) Live humongous region 22 object size 1048592 start 0x00000000e1600000  with remset 0 code roots 0 is marked 0 reclaim candidate 0 type array 1
[2024-12-07T22:49:42.628+0800][4.086s][debug][gc,humongous      ] GC(36) Live humongous region 24 object size 1048592 start 0x00000000e1800000  with remset 0 code roots 0 is marked 0 reclaim candidate 0 type array 1
[2024-12-07T22:49:42.628+0800][4.086s][debug][gc,humongous      ] GC(36) Live humongous region 26 object size 1048592 start 0x00000000e1a00000  with remset 0 code roots 0 is marked 0 reclaim candidate 0 type array 1
[2024-12-07T22:49:42.628+0800][4.086s][debug][gc,humongous      ] GC(36) Live humongous region 28 object size 1048592 start 0x00000000e1c00000  with remset 0 code roots 0 is marked 0 reclaim candidate 0 type array 1
[2024-12-07T22:49:42.628+0800][4.087s][debug][gc,humongous      ] GC(36) Live humongous region 30 object size 1048592 start 0x00000000e1e00000  with remset 0 code roots 0 is marked 0 reclaim candidate 0 type array 1
[2024-12-07T22:49:42.628+0800][4.087s][debug][gc,humongous      ] GC(36) Live humongous region 32 object size 1048592 start 0x00000000e2000000  with remset 0 code roots 0 is marked 0 reclaim candidate 0 type array 1
[2024-12-07T22:49:42.628+0800][4.087s][debug][gc,humongous      ] GC(36) Live humongous region 34 object size 1048592 start 0x00000000e2200000  with remset 0 code roots 0 is marked 0 reclaim candidate 0 type array 1
[2024-12-07T22:49:42.628+0800][4.087s][debug][gc,humongous      ] GC(36) Live humongous region 36 object size 1048592 start 0x00000000e2400000  with remset 0 code roots 0 is marked 0 reclaim candidate 0 type array 1
[2024-12-07T22:49:42.628+0800][4.087s][debug][gc,humongous      ] GC(36) Live humongous region 38 object size 1048592 start 0x00000000e2600000  with remset 0 code roots 0 is marked 0 reclaim candidate 0 type array 1
[2024-12-07T22:49:42.629+0800][4.087s][debug][gc,humongous      ] GC(36) Live humongous region 40 object size 1048592 start 0x00000000e2800000  with remset 0 code roots 0 is marked 0 reclaim candidate 0 type array 1
[2024-12-07T22:49:42.629+0800][4.087s][debug][gc,humongous      ] GC(36) Live humongous region 42 object size 1048592 start 0x00000000e2a00000  with remset 0 code roots 0 is marked 0 reclaim candidate 0 type array 1
[2024-12-07T22:49:42.629+0800][4.087s][debug][gc,humongous      ] GC(36) Live humongous region 44 object size 1048592 start 0x00000000e2c00000  with remset 0 code roots 0 is marked 0 reclaim candidate 0 type array 1
[2024-12-07T22:49:42.629+0800][4.087s][debug][gc,humongous      ] GC(36) Live humongous region 46 object size 1048592 start 0x00000000e2e00000  with remset 0 code roots 0 is marked 0 reclaim candidate 0 type array 1
[2024-12-07T22:49:42.629+0800][4.087s][debug][gc,humongous      ] GC(36) Live humongous region 48 object size 1048592 start 0x00000000e3000000  with remset 0 code roots 0 is marked 0 reclaim candidate 0 type array 1
[2024-12-07T22:49:42.629+0800][4.087s][debug][gc,humongous      ] GC(36) Live humongous region 50 object size 1048592 start 0x00000000e3200000  with remset 0 code roots 0 is marked 0 reclaim candidate 0 type array 1
[2024-12-07T22:49:42.629+0800][4.087s][debug][gc,humongous      ] GC(36) Live humongous region 52 object size 1048592 start 0x00000000e3400000  with remset 0 code roots 0 is marked 0 reclaim candidate 0 type array 1
[2024-12-07T22:49:42.629+0800][4.087s][debug][gc,humongous      ] GC(36) Live humongous region 54 object size 1048592 start 0x00000000e3600000  with remset 0 code roots 0 is marked 0 reclaim candidate 0 type array 1
[2024-12-07T22:49:42.629+0800][4.088s][debug][gc,humongous      ] GC(36) Live humongous region 56 object size 1048592 start 0x00000000e3800000  with remset 0 code roots 0 is marked 0 reclaim candidate 0 type array 1
[2024-12-07T22:49:42.629+0800][4.088s][debug][gc,humongous      ] GC(36) Live humongous region 58 object size 1048592 start 0x00000000e3a00000  with remset 0 code roots 0 is marked 0 reclaim candidate 0 type array 1
[2024-12-07T22:49:42.629+0800][4.088s][debug][gc,humongous      ] GC(36) Live humongous region 60 object size 1048592 start 0x00000000e3c00000  with remset 0 code roots 0 is marked 0 reclaim candidate 0 type array 1
[2024-12-07T22:49:42.629+0800][4.088s][debug][gc,humongous      ] GC(36) Live humongous region 62 object size 1048592 start 0x00000000e3e00000  with remset 0 code roots 0 is marked 0 reclaim candidate 0 type array 1
[2024-12-07T22:49:42.630+0800][4.088s][debug][gc,humongous      ] GC(36) Live humongous region 64 object size 1048592 start 0x00000000e4000000  with remset 0 code roots 0 is marked 0 reclaim candidate 0 type array 1
[2024-12-07T22:49:42.630+0800][4.088s][debug][gc,humongous      ] GC(36) Live humongous region 66 object size 1048592 start 0x00000000e4200000  with remset 0 code roots 0 is marked 0 reclaim candidate 0 type array 1
[2024-12-07T22:49:42.630+0800][4.088s][debug][gc,humongous      ] GC(36) Live humongous region 68 object size 1048592 start 0x00000000e4400000  with remset 0 code roots 0 is marked 0 reclaim candidate 0 type array 1
[2024-12-07T22:49:42.630+0800][4.088s][debug][gc,humongous      ] GC(36) Live humongous region 70 object size 1048592 start 0x00000000e4600000  with remset 0 code roots 0 is marked 0 reclaim candidate 0 type array 1
[2024-12-07T22:49:42.630+0800][4.088s][debug][gc,humongous      ] GC(36) Live humongous region 72 object size 1048592 start 0x00000000e4800000  with remset 0 code roots 0 is marked 0 reclaim candidate 0 type array 1
[2024-12-07T22:49:42.630+0800][4.088s][debug][gc,humongous      ] GC(36) Live humongous region 74 object size 1048592 start 0x00000000e4a00000  with remset 0 code roots 0 is marked 0 reclaim candidate 0 type array 1
[2024-12-07T22:49:42.630+0800][4.088s][debug][gc,humongous      ] GC(36) Live humongous region 76 object size 1048592 start 0x00000000e4c00000  with remset 0 code roots 0 is marked 0 reclaim candidate 0 type array 1
[2024-12-07T22:49:42.630+0800][4.088s][debug][gc,humongous      ] GC(36) Live humongous region 78 object size 1048592 start 0x00000000e4e00000  with remset 0 code roots 0 is marked 0 reclaim candidate 0 type array 1
[2024-12-07T22:49:42.630+0800][4.088s][debug][gc,humongous      ] GC(36) Live humongous region 80 object size 1048592 start 0x00000000e5000000  with remset 0 code roots 0 is marked 0 reclaim candidate 0 type array 1
[2024-12-07T22:49:42.630+0800][4.088s][debug][gc,humongous      ] GC(36) Live humongous region 82 object size 1048592 start 0x00000000e5200000  with remset 0 code roots 0 is marked 0 reclaim candidate 0 type array 1
[2024-12-07T22:49:42.630+0800][4.088s][debug][gc,humongous      ] GC(36) Live humongous region 84 object size 1048592 start 0x00000000e5400000  with remset 0 code roots 0 is marked 0 reclaim candidate 0 type array 1
[2024-12-07T22:49:42.630+0800][4.089s][debug][gc,humongous      ] GC(36) Live humongous region 86 object size 1048592 start 0x00000000e5600000  with remset 0 code roots 0 is marked 0 reclaim candidate 0 type array 1
[2024-12-07T22:49:42.630+0800][4.089s][debug][gc,humongous      ] GC(36) Live humongous region 88 object size 1048592 start 0x00000000e5800000  with remset 0 code roots 0 is marked 0 reclaim candidate 0 type array 1
[2024-12-07T22:49:42.630+0800][4.089s][debug][gc,humongous      ] GC(36) Live humongous region 90 object size 1048592 start 0x00000000e5a00000  with remset 0 code roots 0 is marked 0 reclaim candidate 0 type array 1
[2024-12-07T22:49:42.630+0800][4.089s][debug][gc,humongous      ] GC(36) Live humongous region 92 object size 1048592 start 0x00000000e5c00000  with remset 0 code roots 0 is marked 0 reclaim candidate 0 type array 1
[2024-12-07T22:49:42.630+0800][4.089s][debug][gc,humongous      ] GC(36) Live humongous region 94 object size 1048592 start 0x00000000e5e00000  with remset 0 code roots 0 is marked 0 reclaim candidate 0 type array 1
[2024-12-07T22:49:42.631+0800][4.089s][debug][gc,humongous      ] GC(36) Live humongous region 96 object size 1048592 start 0x00000000e6000000  with remset 0 code roots 0 is marked 0 reclaim candidate 0 type array 1
[2024-12-07T22:49:42.631+0800][4.089s][debug][gc,humongous      ] GC(36) Live humongous region 98 object size 1048592 start 0x00000000e6200000  with remset 0 code roots 0 is marked 0 reclaim candidate 0 type array 1
[2024-12-07T22:49:42.631+0800][4.089s][debug][gc,humongous      ] GC(36) Live humongous region 100 object size 1048592 start 0x00000000e6400000  with remset 0 code roots 0 is marked 0 reclaim candidate 0 type array 1
[2024-12-07T22:49:42.631+0800][4.089s][debug][gc,humongous      ] GC(36) Live humongous region 102 object size 1048592 start 0x00000000e6600000  with remset 0 code roots 0 is marked 0 reclaim candidate 0 type array 1
[2024-12-07T22:49:42.631+0800][4.089s][debug][gc,humongous      ] GC(36) Live humongous region 104 object size 1048592 start 0x00000000e6800000  with remset 0 code roots 0 is marked 0 reclaim candidate 0 type array 1
[2024-12-07T22:49:42.631+0800][4.089s][debug][gc,humongous      ] GC(36) Live humongous region 106 object size 1048592 start 0x00000000e6a00000  with remset 0 code roots 0 is marked 0 reclaim candidate 0 type array 1
[2024-12-07T22:49:42.631+0800][4.089s][debug][gc,humongous      ] GC(36) Live humongous region 108 object size 1048592 start 0x00000000e6c00000  with remset 0 code roots 0 is marked 0 reclaim candidate 0 type array 1
[2024-12-07T22:49:42.631+0800][4.089s][debug][gc,humongous      ] GC(36) Live humongous region 110 object size 1048592 start 0x00000000e6e00000  with remset 0 code roots 0 is marked 0 reclaim candidate 0 type array 1
[2024-12-07T22:49:42.631+0800][4.089s][debug][gc,humongous      ] GC(36) Live humongous region 112 object size 1048592 start 0x00000000e7000000  with remset 0 code roots 0 is marked 0 reclaim candidate 0 type array 1
[2024-12-07T22:49:42.631+0800][4.089s][debug][gc,humongous      ] GC(36) Live humongous region 114 object size 1048592 start 0x00000000e7200000  with remset 0 code roots 0 is marked 0 reclaim candidate 0 type array 1
[2024-12-07T22:49:42.631+0800][4.089s][debug][gc,humongous      ] GC(36) Live humongous region 116 object size 1048592 start 0x00000000e7400000  with remset 0 code roots 0 is marked 0 reclaim candidate 0 type array 1
[2024-12-07T22:49:42.631+0800][4.090s][debug][gc,humongous      ] GC(36) Live humongous region 118 object size 1048592 start 0x00000000e7600000  with remset 0 code roots 0 is marked 0 reclaim candidate 0 type array 1
[2024-12-07T22:49:42.631+0800][4.090s][debug][gc,humongous      ] GC(36) Live humongous region 120 object size 1048592 start 0x00000000e7800000  with remset 0 code roots 0 is marked 0 reclaim candidate 0 type array 1
[2024-12-07T22:49:42.631+0800][4.090s][debug][gc,humongous      ] GC(36) Live humongous region 122 object size 1048592 start 0x00000000e7a00000  with remset 0 code roots 0 is marked 0 reclaim candidate 0 type array 1
[2024-12-07T22:49:42.632+0800][4.090s][debug][gc,humongous      ] GC(36) Live humongous region 124 object size 1048592 start 0x00000000e7c00000  with remset 0 code roots 0 is marked 0 reclaim candidate 0 type array 1
[2024-12-07T22:49:42.632+0800][4.090s][debug][gc,humongous      ] GC(36) Live humongous region 126 object size 1048592 start 0x00000000e7e00000  with remset 0 code roots 0 is marked 0 reclaim candidate 0 type array 1
[2024-12-07T22:49:42.632+0800][4.090s][debug][gc,humongous      ] GC(36) Live humongous region 128 object size 1048592 start 0x00000000e8000000  with remset 0 code roots 0 is marked 0 reclaim candidate 0 type array 1
[2024-12-07T22:49:42.632+0800][4.090s][debug][gc,humongous      ] GC(36) Live humongous region 130 object size 1048592 start 0x00000000e8200000  with remset 0 code roots 0 is marked 0 reclaim candidate 0 type array 1
[2024-12-07T22:49:42.632+0800][4.090s][debug][gc,humongous      ] GC(36) Live humongous region 132 object size 1048592 start 0x00000000e8400000  with remset 0 code roots 0 is marked 0 reclaim candidate 0 type array 1
[2024-12-07T22:49:42.632+0800][4.090s][debug][gc,humongous      ] GC(36) Live humongous region 134 object size 1048592 start 0x00000000e8600000  with remset 0 code roots 0 is marked 0 reclaim candidate 0 type array 1
[2024-12-07T22:49:42.632+0800][4.091s][debug][gc,humongous      ] GC(36) Live humongous region 136 object size 1048592 start 0x00000000e8800000  with remset 0 code roots 0 is marked 0 reclaim candidate 0 type array 1
[2024-12-07T22:49:42.632+0800][4.091s][debug][gc,humongous      ] GC(36) Live humongous region 138 object size 1048592 start 0x00000000e8a00000  with remset 0 code roots 0 is marked 0 reclaim candidate 0 type array 1
[2024-12-07T22:49:42.632+0800][4.091s][debug][gc,humongous      ] GC(36) Live humongous region 140 object size 1048592 start 0x00000000e8c00000  with remset 0 code roots 0 is marked 0 reclaim candidate 0 type array 1
[2024-12-07T22:49:42.632+0800][4.091s][debug][gc,humongous      ] GC(36) Live humongous region 142 object size 1048592 start 0x00000000e8e00000  with remset 0 code roots 0 is marked 0 reclaim candidate 0 type array 1
[2024-12-07T22:49:42.633+0800][4.091s][debug][gc,humongous      ] GC(36) Live humongous region 144 object size 1048592 start 0x00000000e9000000  with remset 0 code roots 0 is marked 0 reclaim candidate 0 type array 1
[2024-12-07T22:49:42.633+0800][4.091s][debug][gc,humongous      ] GC(36) Live humongous region 146 object size 1048592 start 0x00000000e9200000  with remset 0 code roots 0 is marked 0 reclaim candidate 0 type array 1
[2024-12-07T22:49:42.633+0800][4.091s][debug][gc,humongous      ] GC(36) Live humongous region 148 object size 1048592 start 0x00000000e9400000  with remset 0 code roots 0 is marked 0 reclaim candidate 0 type array 1
[2024-12-07T22:49:42.633+0800][4.091s][debug][gc,humongous      ] GC(36) Live humongous region 150 object size 1048592 start 0x00000000e9600000  with remset 0 code roots 0 is marked 0 reclaim candidate 0 type array 1
[2024-12-07T22:49:42.633+0800][4.091s][debug][gc,humongous      ] GC(36) Live humongous region 152 object size 1048592 start 0x00000000e9800000  with remset 0 code roots 0 is marked 0 reclaim candidate 0 type array 1
[2024-12-07T22:49:42.633+0800][4.091s][debug][gc,humongous      ] GC(36) Live humongous region 154 object size 1048592 start 0x00000000e9a00000  with remset 0 code roots 0 is marked 0 reclaim candidate 0 type array 1
[2024-12-07T22:49:42.633+0800][4.091s][debug][gc,humongous      ] GC(36) Live humongous region 156 object size 1048592 start 0x00000000e9c00000  with remset 0 code roots 0 is marked 0 reclaim candidate 0 type array 1
[2024-12-07T22:49:42.633+0800][4.091s][debug][gc,humongous      ] GC(36) Live humongous region 158 object size 1048592 start 0x00000000e9e00000  with remset 0 code roots 0 is marked 0 reclaim candidate 0 type array 1
[2024-12-07T22:49:42.633+0800][4.091s][debug][gc,humongous      ] GC(36) Live humongous region 160 object size 1048592 start 0x00000000ea000000  with remset 0 code roots 0 is marked 0 reclaim candidate 0 type array 1
[2024-12-07T22:49:42.633+0800][4.091s][debug][gc,humongous      ] GC(36) Live humongous region 162 object size 1048592 start 0x00000000ea200000  with remset 0 code roots 0 is marked 0 reclaim candidate 0 type array 1
[2024-12-07T22:49:42.633+0800][4.091s][debug][gc,humongous      ] GC(36) Live humongous region 164 object size 1048592 start 0x00000000ea400000  with remset 0 code roots 0 is marked 0 reclaim candidate 0 type array 1
[2024-12-07T22:49:42.633+0800][4.092s][debug][gc,humongous      ] GC(36) Live humongous region 166 object size 1048592 start 0x00000000ea600000  with remset 0 code roots 0 is marked 0 reclaim candidate 0 type array 1
[2024-12-07T22:49:42.633+0800][4.092s][debug][gc,humongous      ] GC(36) Live humongous region 168 object size 1048592 start 0x00000000ea800000  with remset 0 code roots 0 is marked 0 reclaim candidate 0 type array 1
[2024-12-07T22:49:42.633+0800][4.092s][debug][gc,humongous      ] GC(36) Live humongous region 170 object size 1048592 start 0x00000000eaa00000  with remset 0 code roots 0 is marked 0 reclaim candidate 0 type array 1
[2024-12-07T22:49:42.633+0800][4.092s][debug][gc,humongous      ] GC(36) Live humongous region 172 object size 1048592 start 0x00000000eac00000  with remset 0 code roots 0 is marked 0 reclaim candidate 0 type array 1
[2024-12-07T22:49:42.633+0800][4.092s][debug][gc,humongous      ] GC(36) Live humongous region 174 object size 1048592 start 0x00000000eae00000  with remset 0 code roots 0 is marked 0 reclaim candidate 0 type array 1
[2024-12-07T22:49:42.634+0800][4.092s][debug][gc,humongous      ] GC(36) Live humongous region 176 object size 1048592 start 0x00000000eb000000  with remset 0 code roots 0 is marked 0 reclaim candidate 0 type array 1
[2024-12-07T22:49:42.634+0800][4.092s][debug][gc,humongous      ] GC(36) Live humongous region 178 object size 1048592 start 0x00000000eb200000  with remset 0 code roots 0 is marked 0 reclaim candidate 0 type array 1
[2024-12-07T22:49:42.634+0800][4.092s][debug][gc,humongous      ] GC(36) Live humongous region 180 object size 1048592 start 0x00000000eb400000  with remset 0 code roots 0 is marked 0 reclaim candidate 0 type array 1
[2024-12-07T22:49:42.634+0800][4.092s][debug][gc,humongous      ] GC(36) Live humongous region 182 object size 1048592 start 0x00000000eb600000  with remset 0 code roots 0 is marked 0 reclaim candidate 0 type array 1
[2024-12-07T22:49:42.634+0800][4.092s][debug][gc,humongous      ] GC(36) Live humongous region 184 object size 1048592 start 0x00000000eb800000  with remset 0 code roots 0 is marked 0 reclaim candidate 0 type array 1
[2024-12-07T22:49:42.634+0800][4.092s][debug][gc,humongous      ] GC(36) Live humongous region 186 object size 1048592 start 0x00000000eba00000  with remset 0 code roots 0 is marked 0 reclaim candidate 0 type array 1
[2024-12-07T22:49:42.634+0800][4.092s][debug][gc,humongous      ] GC(36) Live humongous region 188 object size 1048592 start 0x00000000ebc00000  with remset 0 code roots 0 is marked 0 reclaim candidate 0 type array 1
[2024-12-07T22:49:42.634+0800][4.092s][debug][gc,humongous      ] GC(36) Live humongous region 190 object size 1048592 start 0x00000000ebe00000  with remset 0 code roots 0 is marked 0 reclaim candidate 0 type array 1
[2024-12-07T22:49:42.634+0800][4.092s][debug][gc,humongous      ] GC(36) Live humongous region 192 object size 1048592 start 0x00000000ec000000  with remset 0 code roots 0 is marked 0 reclaim candidate 0 type array 1
[2024-12-07T22:49:42.634+0800][4.092s][debug][gc,humongous      ] GC(36) Live humongous region 194 object size 1048592 start 0x00000000ec200000  with remset 0 code roots 0 is marked 0 reclaim candidate 0 type array 1
[2024-12-07T22:49:42.634+0800][4.093s][debug][gc,humongous      ] GC(36) Live humongous region 196 object size 1048592 start 0x00000000ec400000  with remset 0 code roots 0 is marked 0 reclaim candidate 0 type array 1
[2024-12-07T22:49:42.634+0800][4.093s][debug][gc,humongous      ] GC(36) Live humongous region 198 object size 1048592 start 0x00000000ec600000  with remset 0 code roots 0 is marked 0 reclaim candidate 0 type array 1
[2024-12-07T22:49:42.634+0800][4.093s][debug][gc,humongous      ] GC(36) Live humongous region 200 object size 1048592 start 0x00000000ec800000  with remset 0 code roots 0 is marked 0 reclaim candidate 0 type array 1
[2024-12-07T22:49:42.634+0800][4.093s][debug][gc,humongous      ] GC(36) Live humongous region 202 object size 1048592 start 0x00000000eca00000  with remset 0 code roots 0 is marked 0 reclaim candidate 0 type array 1
[2024-12-07T22:49:42.634+0800][4.093s][debug][gc,humongous      ] GC(36) Live humongous region 204 object size 1048592 start 0x00000000ecc00000  with remset 0 code roots 0 is marked 0 reclaim candidate 0 type array 1
[2024-12-07T22:49:42.635+0800][4.093s][debug][gc,humongous      ] GC(36) Live humongous region 206 object size 1048592 start 0x00000000ece00000  with remset 0 code roots 0 is marked 0 reclaim candidate 0 type array 1
[2024-12-07T22:49:42.635+0800][4.093s][debug][gc,humongous      ] GC(36) Live humongous region 208 object size 1048592 start 0x00000000ed000000  with remset 0 code roots 0 is marked 0 reclaim candidate 0 type array 1
[2024-12-07T22:49:42.635+0800][4.093s][debug][gc,humongous      ] GC(36) Live humongous region 210 object size 1048592 start 0x00000000ed200000  with remset 0 code roots 0 is marked 0 reclaim candidate 0 type array 1
[2024-12-07T22:49:42.635+0800][4.093s][debug][gc,humongous      ] GC(36) Dead humongous region 212 object size 1048592 start 0x00000000ed400000 with remset 0 code roots 0 is marked 0 reclaim candidate 1 type array 1
[2024-12-07T22:49:42.635+0800][4.093s][debug][gc,humongous      ] GC(36) Dead humongous region 214 object size 1048592 start 0x00000000ed600000 with remset 0 code roots 0 is marked 0 reclaim candidate 1 type array 1
[2024-12-07T22:49:42.635+0800][4.093s][debug][gc,humongous      ] GC(36) Dead humongous region 216 object size 1048592 start 0x00000000ed800000 with remset 0 code roots 0 is marked 0 reclaim candidate 1 type array 1
[2024-12-07T22:49:42.635+0800][4.093s][debug][gc,humongous      ] GC(36) Dead humongous region 218 object size 1048592 start 0x00000000eda00000 with remset 0 code roots 0 is marked 0 reclaim candidate 1 type array 1
[2024-12-07T22:49:42.635+0800][4.093s][debug][gc,humongous      ] GC(36) Dead humongous region 220 object size 1048592 start 0x00000000edc00000 with remset 0 code roots 0 is marked 0 reclaim candidate 1 type array 1
[2024-12-07T22:49:42.635+0800][4.093s][debug][gc,humongous      ] GC(36) Live humongous region 222 object size 1048592 start 0x00000000ede00000  with remset 0 code roots 0 is marked 0 reclaim candidate 0 type array 1
[2024-12-07T22:49:42.635+0800][4.093s][debug][gc,humongous      ] GC(36) Live humongous region 224 object size 1048592 start 0x00000000ee000000  with remset 0 code roots 0 is marked 0 reclaim candidate 0 type array 1
[2024-12-07T22:49:42.635+0800][4.094s][debug][gc,plab           ] GC(36) Young PLAB allocation: allocated: 6192B, wasted: 24B, unused: 2168B, used: 4000B, undo waste: 0B, 
[2024-12-07T22:49:42.635+0800][4.094s][debug][gc,plab           ] GC(36) Young other allocation: region end waste: 0B, regions filled: 1, direct allocated: 0B, failure used: 0B, failure wasted: 0B
[2024-12-07T22:49:42.635+0800][4.094s][debug][gc,plab           ] GC(36) Young sizing: calculated: 800B, actual: 2064B
[2024-12-07T22:49:42.635+0800][4.094s][debug][gc,plab           ] GC(36) Old PLAB allocation: allocated: 0B, wasted: 0B, unused: 0B, used: 0B, undo waste: 0B, 
[2024-12-07T22:49:42.635+0800][4.094s][debug][gc,plab           ] GC(36) Old other allocation: region end waste: 0B, regions filled: 1, direct allocated: 0B, failure used: 0B, failure wasted: 0B
[2024-12-07T22:49:42.636+0800][4.094s][debug][gc,plab           ] GC(36) Old sizing: calculated: 0B, actual: 2064B
[2024-12-07T22:49:42.636+0800][4.094s][debug][gc,alloc,stats    ] Old generation allocation in the last mutator period, old gen allocated: 0B, humongous allocated: 27262976B,old gen growth: 0B.
[2024-12-07T22:49:42.636+0800][4.094s][debug][gc,ihop           ] GC(36) Basic information (value update), threshold: 239232614B (45.00), target occupancy: 531628032B, current occupancy: 211019824B, recent allocation size: 27262976B, recent allocation duration: 197.86ms, recent old gen allocation rate: 137791840.42B/s, recent marking phase length: 0.00ms
[2024-12-07T22:49:42.636+0800][4.094s][debug][gc,ihop           ] GC(36) Adaptive IHOP information (value update), threshold: 239232614B (52.42), internal target occupancy: 456340275B, occupancy: 211019824B, additional buffer size: 33554432B, predicted old gen allocation rate: 104929471.62B/s, predicted marking phase length: 0.00ms, prediction active: false
[2024-12-07T22:49:42.636+0800][4.094s][debug][gc,ergo,refine    ] GC(36) Updated Refinement Zones: green: 18, yellow: 54, red: 90
[2024-12-07T22:49:42.636+0800][4.094s][info ][gc,phases         ] GC(36)   Pre Evacuate Collection Set: 0.2ms
[2024-12-07T22:49:42.636+0800][4.094s][debug][gc,phases         ] GC(36)     Prepare TLABs: 0.3ms
[2024-12-07T22:49:42.636+0800][4.094s][debug][gc,phases         ] GC(36)     Choose Collection Set: 0.1ms
[2024-12-07T22:49:42.636+0800][4.094s][debug][gc,phases         ] GC(36)     Humongous Register: 0.0ms
[2024-12-07T22:49:42.636+0800][4.094s][debug][gc,phases         ] GC(36)     Clear Claimed Marks: 0.0ms
[2024-12-07T22:49:42.636+0800][4.095s][info ][gc,phases         ] GC(36)   Evacuate Collection Set: 5.7ms
[2024-12-07T22:49:42.636+0800][4.095s][debug][gc,phases         ] GC(36)     Ext Root Scanning (ms):   Min:  0.0, Avg:  1.1, Max:  2.0, Diff:  2.0, Sum: 13.3, Workers: 12
[2024-12-07T22:49:42.636+0800][4.095s][debug][gc,phases         ] GC(36)     Update RS (ms):           Min:  0.0, Avg:  0.0, Max:  0.0, Diff:  0.0, Sum:  0.0, Workers: 12
[2024-12-07T22:49:42.636+0800][4.095s][debug][gc,phases         ] GC(36)       Processed Buffers:        Min: 0, Avg:  0.2, Max: 3, Diff: 3, Sum: 3, Workers: 12
[2024-12-07T22:49:42.636+0800][4.095s][debug][gc,phases         ] GC(36)       Scanned Cards:            Min: 0, Avg:  0.6, Max: 7, Diff: 7, Sum: 7, Workers: 12
[2024-12-07T22:49:42.637+0800][4.095s][debug][gc,phases         ] GC(36)       Skipped Cards:            Min: 0, Avg:  0.0, Max: 0, Diff: 0, Sum: 0, Workers: 12
[2024-12-07T22:49:42.637+0800][4.095s][debug][gc,phases         ] GC(36)     Scan RS (ms):             Min:  0.0, Avg:  0.0, Max:  0.0, Diff:  0.0, Sum:  0.0, Workers: 12
[2024-12-07T22:49:42.637+0800][4.095s][debug][gc,phases         ] GC(36)       Scanned Cards:            Min: 0, Avg:  0.2, Max: 1, Diff: 1, Sum: 2, Workers: 12
[2024-12-07T22:49:42.637+0800][4.095s][debug][gc,phases         ] GC(36)       Claimed Cards:            Min: 0, Avg:  0.2, Max: 2, Diff: 2, Sum: 3, Workers: 12
[2024-12-07T22:49:42.637+0800][4.095s][debug][gc,phases         ] GC(36)       Skipped Cards:            Min: 0, Avg:  0.1, Max: 1, Diff: 1, Sum: 1, Workers: 12
[2024-12-07T22:49:42.637+0800][4.095s][debug][gc,phases         ] GC(36)     Code Root Scanning (ms):  Min:  0.0, Avg:  0.0, Max:  0.0, Diff:  0.0, Sum:  0.0, Workers: 12
[2024-12-07T22:49:42.637+0800][4.095s][debug][gc,phases         ] GC(36)     AOT Root Scanning (ms):   skipped
[2024-12-07T22:49:42.637+0800][4.095s][debug][gc,phases         ] GC(36)     Object Copy (ms):         Min:  0.0, Avg:  0.0, Max:  0.0, Diff:  0.0, Sum:  0.0, Workers: 12
[2024-12-07T22:49:42.637+0800][4.095s][debug][gc,phases         ] GC(36)     Termination (ms):         Min:  0.0, Avg:  1.0, Max:  2.0, Diff:  2.0, Sum: 12.4, Workers: 12
[2024-12-07T22:49:42.637+0800][4.095s][debug][gc,phases         ] GC(36)       Termination Attempts:     Min: 1, Avg:  1.0, Max: 1, Diff: 0, Sum: 12, Workers: 12
[2024-12-07T22:49:42.637+0800][4.095s][debug][gc,phases         ] GC(36)     GC Worker Other (ms):     Min:  0.3, Avg:  1.8, Max:  2.9, Diff:  2.6, Sum: 21.2, Workers: 12
[2024-12-07T22:49:42.637+0800][4.096s][debug][gc,phases         ] GC(36)     GC Worker Total (ms):     Min:  2.3, Avg:  3.9, Max:  5.0, Diff:  2.6, Sum: 47.1, Workers: 12
[2024-12-07T22:49:42.637+0800][4.096s][info ][gc,phases         ] GC(36)   Post Evacuate Collection Set: 9.1ms
[2024-12-07T22:49:42.637+0800][4.096s][debug][gc,phases         ] GC(36)     Code Roots Fixup: 0.0ms
[2024-12-07T22:49:42.637+0800][4.096s][debug][gc,phases         ] GC(36)     Clear Card Table: 0.2ms
[2024-12-07T22:49:42.637+0800][4.096s][debug][gc,phases         ] GC(36)     Reference Processing: 0.5ms
[2024-12-07T22:49:42.638+0800][4.096s][debug][gc,phases,ref     ] GC(36)       Reconsider SoftReferences: 0.2ms
[2024-12-07T22:49:42.638+0800][4.096s][debug][gc,phases,ref     ] GC(36)         SoftRef (ms):             skipped
[2024-12-07T22:49:42.638+0800][4.096s][debug][gc,phases,ref     ] GC(36)       Notify Soft/WeakReferences: 0.1ms
[2024-12-07T22:49:42.638+0800][4.096s][debug][gc,phases,ref     ] GC(36)         SoftRef (ms):             skipped
[2024-12-07T22:49:42.638+0800][4.096s][debug][gc,phases,ref     ] GC(36)         WeakRef (ms):             skipped
[2024-12-07T22:49:42.638+0800][4.096s][debug][gc,phases,ref     ] GC(36)         FinalRef (ms):            skipped
[2024-12-07T22:49:42.638+0800][4.096s][debug][gc,phases,ref     ] GC(36)         Total (ms):               skipped
[2024-12-07T22:49:42.638+0800][4.096s][debug][gc,phases,ref     ] GC(36)       Notify and keep alive finalizable: 0.1ms
[2024-12-07T22:49:42.638+0800][4.096s][debug][gc,phases,ref     ] GC(36)         FinalRef (ms):            skipped
[2024-12-07T22:49:42.638+0800][4.096s][debug][gc,phases,ref     ] GC(36)       Notify PhantomReferences: 0.1ms
[2024-12-07T22:49:42.638+0800][4.096s][debug][gc,phases,ref     ] GC(36)         PhantomRef (ms):          skipped
[2024-12-07T22:49:42.638+0800][4.097s][debug][gc,phases,ref     ] GC(36)       SoftReference:
[2024-12-07T22:49:42.638+0800][4.097s][debug][gc,phases,ref     ] GC(36)         Discovered: 0
[2024-12-07T22:49:42.638+0800][4.097s][debug][gc,phases,ref     ] GC(36)         Cleared: 0
[2024-12-07T22:49:42.638+0800][4.097s][debug][gc,phases,ref     ] GC(36)       WeakReference:
[2024-12-07T22:49:42.638+0800][4.097s][debug][gc,phases,ref     ] GC(36)         Discovered: 0
[2024-12-07T22:49:42.639+0800][4.097s][debug][gc,phases,ref     ] GC(36)         Cleared: 0
[2024-12-07T22:49:42.639+0800][4.097s][debug][gc,phases,ref     ] GC(36)       FinalReference:
[2024-12-07T22:49:42.639+0800][4.097s][debug][gc,phases,ref     ] GC(36)         Discovered: 0
[2024-12-07T22:49:42.639+0800][4.097s][debug][gc,phases,ref     ] GC(36)         Cleared: 0
[2024-12-07T22:49:42.639+0800][4.097s][debug][gc,phases,ref     ] GC(36)       PhantomReference:
[2024-12-07T22:49:42.639+0800][4.097s][debug][gc,phases,ref     ] GC(36)         Discovered: 0
[2024-12-07T22:49:42.639+0800][4.097s][debug][gc,phases,ref     ] GC(36)         Cleared: 0
[2024-12-07T22:49:42.639+0800][4.097s][debug][gc,phases         ] GC(36)     Weak Processing: 0.0ms
[2024-12-07T22:49:42.639+0800][4.097s][debug][gc,phases         ] GC(36)     Merge Per-Thread State: 0.0ms
[2024-12-07T22:49:42.639+0800][4.097s][debug][gc,phases         ] GC(36)     Code Roots Purge: 0.0ms
[2024-12-07T22:49:42.640+0800][4.098s][debug][gc,phases         ] GC(36)     Redirty Cards: 0.1ms
[2024-12-07T22:49:42.640+0800][4.098s][debug][gc,phases         ] GC(36)     DerivedPointerTable Update: 0.0ms
[2024-12-07T22:49:42.640+0800][4.098s][debug][gc,phases         ] GC(36)     Free Collection Set: 0.1ms
[2024-12-07T22:49:42.640+0800][4.098s][debug][gc,phases         ] GC(36)     Humongous Reclaim: 8.1ms
[2024-12-07T22:49:42.640+0800][4.098s][debug][gc,phases         ] GC(36)     Start New Collection Set: 0.0ms
[2024-12-07T22:49:42.640+0800][4.099s][debug][gc,phases         ] GC(36)     Resize TLABs: 0.0ms
[2024-12-07T22:49:42.640+0800][4.099s][debug][gc,phases         ] GC(36)     Expand Heap After Collection: 0.0ms
[2024-12-07T22:49:42.641+0800][4.099s][info ][gc,phases         ] GC(36)   Other: 3.0ms
[2024-12-07T22:49:42.641+0800][4.099s][info ][gc,heap           ] GC(36) Eden regions: 1->0(31)
[2024-12-07T22:49:42.641+0800][4.099s][info ][gc,heap           ] GC(36) Survivor regions: 1->1(4)
[2024-12-07T22:49:42.641+0800][4.099s][info ][gc,heap           ] GC(36) Old regions: 3->3
[2024-12-07T22:49:42.641+0800][4.099s][info ][gc,heap           ] GC(36) Humongous regions: 226->200
[2024-12-07T22:49:42.641+0800][4.099s][info ][gc,metaspace      ] GC(36) Metaspace: 660K(4864K)->660K(4864K) NonClass: 607K(4352K)->607K(4352K) Class: 52K(512K)->52K(512K)
[2024-12-07T22:49:42.641+0800][4.099s][debug][gc,heap           ] GC(36) Heap after GC invocations=37 (full 0): garbage-first heap   total 519168K, used 206074K [0x00000000e0000000, 0x0000000100000000)
[2024-12-07T22:49:42.641+0800][4.099s][debug][gc,heap           ] GC(36)   region size 1024K, 1 young (1024K), 1 survivors (1024K)
[2024-12-07T22:49:42.641+0800][4.099s][debug][gc,heap           ] GC(36)  Metaspace       used 660K, capacity 4575K, committed 4864K, reserved 1056768K
[2024-12-07T22:49:42.641+0800][4.100s][debug][gc,heap           ] GC(36)   class space    used 52K, capacity 418K, committed 512K, reserved 1048576K
[2024-12-07T22:49:42.641+0800][4.100s][info ][gc                ] GC(36) Pause Young (Concurrent Start) (G1 Humongous Allocation) 227M->201M(507M) 22.149ms
[2024-12-07T22:49:42.641+0800][4.100s][info ][gc,cpu            ] GC(36) User=0.01s Sys=0.00s Real=0.02s
[2024-12-07T22:49:42.641+0800][4.100s][info ][gc                ] GC(37) Concurrent Cycle
[2024-12-07T22:49:42.642+0800][4.101s][info ][gc,marking        ] GC(37) Concurrent Clear Claimed Marks
[2024-12-07T22:49:42.642+0800][4.101s][info ][gc,marking        ] GC(37) Concurrent Clear Claimed Marks 0.078ms
[2024-12-07T22:49:42.642+0800][4.101s][info ][gc,marking        ] GC(37) Concurrent Scan Root Regions
[2024-12-07T22:49:42.643+0800][4.101s][debug][gc,ergo           ] GC(37) Running G1 Root Region Scan using 1 workers for 1 work units.
[2024-12-07T22:49:42.643+0800][4.101s][info ][gc,marking        ] GC(37) Concurrent Scan Root Regions 0.170ms
[2024-12-07T22:49:42.643+0800][4.101s][info ][gc,marking        ] GC(37) Concurrent Mark (4.101s)
[2024-12-07T22:49:42.643+0800][4.101s][info ][gc,marking        ] GC(37) Concurrent Mark From Roots
[2024-12-07T22:49:42.643+0800][4.101s][info ][gc,task           ] GC(37) Using 5 workers of 5 for marking
[2024-12-07T22:49:42.644+0800][4.103s][debug][gc,stats          ] ---------------------------------------------------------------------
[2024-12-07T22:49:42.644+0800][4.103s][debug][gc,stats          ] Marking Stats, task = 0, calls = 8
[2024-12-07T22:49:42.644+0800][4.103s][debug][gc,stats          ]   Elapsed time = 1.37ms, Termination time = 0.42ms
[2024-12-07T22:49:42.645+0800][4.103s][debug][gc,stats          ]   Step Times (cum): num = 1697, avg = 0.01ms, sd = 0.19ms max = 5.58ms, total = 23.64ms
[2024-12-07T22:49:42.645+0800][4.103s][debug][gc,stats          ]   Mark Stats Cache: hits 6397 misses 103 ratio 98.415
[2024-12-07T22:49:42.645+0800][4.103s][debug][gc,stats          ] ---------------------------------------------------------------------
[2024-12-07T22:49:42.645+0800][4.103s][debug][gc,stats          ] Marking Stats, task = 1, calls = 22
[2024-12-07T22:49:42.645+0800][4.103s][debug][gc,stats          ]   Elapsed time = 1.35ms, Termination time = 0.43ms
[2024-12-07T22:49:42.645+0800][4.103s][debug][gc,stats          ]   Step Times (cum): num = 479, avg = 0.05ms, sd = 0.36ms max = 5.59ms, total = 23.03ms
[2024-12-07T22:49:42.645+0800][4.103s][debug][gc,stats          ]   Mark Stats Cache: hits 3682 misses 3 ratio 99.919
[2024-12-07T22:49:42.645+0800][4.103s][debug][gc,stats          ] ---------------------------------------------------------------------
[2024-12-07T22:49:42.645+0800][4.103s][debug][gc,stats          ] Marking Stats, task = 2, calls = 1
[2024-12-07T22:49:42.645+0800][4.103s][debug][gc,stats          ]   Elapsed time = 1.37ms, Termination time = 1.01ms
[2024-12-07T22:49:42.645+0800][4.104s][debug][gc,stats          ]   Step Times (cum): num = 369, avg = 0.06ms, sd = 0.41ms max = 5.58ms, total = 23.53ms
[2024-12-07T22:49:42.645+0800][4.104s][debug][gc,stats          ]   Mark Stats Cache: hits 8095 misses 3 ratio 99.963
[2024-12-07T22:49:42.645+0800][4.104s][debug][gc,stats          ] ---------------------------------------------------------------------
[2024-12-07T22:49:42.645+0800][4.104s][debug][gc,stats          ] Marking Stats, task = 3, calls = 15
[2024-12-07T22:49:42.645+0800][4.104s][debug][gc,stats          ]   Elapsed time = 1.21ms, Termination time = 0.00ms
[2024-12-07T22:49:42.646+0800][4.104s][debug][gc,stats          ]   Step Times (cum): num = 448, avg = 0.05ms, sd = 0.37ms max = 5.59ms, total = 23.08ms
[2024-12-07T22:49:42.646+0800][4.104s][debug][gc,stats          ]   Mark Stats Cache: hits 3273 misses 3 ratio 99.908
[2024-12-07T22:49:42.646+0800][4.104s][debug][gc,stats          ] ---------------------------------------------------------------------
[2024-12-07T22:49:42.646+0800][4.104s][debug][gc,stats          ] Marking Stats, task = 4, calls = 18
[2024-12-07T22:49:42.646+0800][4.104s][debug][gc,stats          ]   Elapsed time = 1.28ms, Termination time = 0.94ms
[2024-12-07T22:49:42.646+0800][4.104s][debug][gc,stats          ]   Step Times (cum): num = 452, avg = 0.05ms, sd = 0.37ms max = 5.59ms, total = 23.43ms
[2024-12-07T22:49:42.646+0800][4.104s][debug][gc,stats          ]   Mark Stats Cache: hits 4047 misses 3 ratio 99.926
[2024-12-07T22:49:42.646+0800][4.104s][debug][gc,stats          ] ---------------------------------------------------------------------
[2024-12-07T22:49:42.646+0800][4.104s][info ][gc,marking        ] GC(37) Concurrent Mark From Roots 3.266ms
[2024-12-07T22:49:42.646+0800][4.104s][info ][gc,marking        ] GC(37) Concurrent Preclean
[2024-12-07T22:49:42.646+0800][4.104s][debug][gc,ref,start      ] GC(37) Preclean SoftReferences
[2024-12-07T22:49:42.646+0800][4.105s][debug][gc,ref            ] GC(37) Preclean SoftReferences 0.073ms
[2024-12-07T22:49:42.646+0800][4.105s][debug][gc,ref,start      ] GC(37) Preclean WeakReferences
[2024-12-07T22:49:42.646+0800][4.105s][debug][gc,ref            ] GC(37) Preclean WeakReferences 0.072ms
[2024-12-07T22:49:42.646+0800][4.105s][debug][gc,ref,start      ] GC(37) Preclean FinalReferences
[2024-12-07T22:49:42.646+0800][4.105s][debug][gc,ref            ] GC(37) Preclean FinalReferences 0.073ms
[2024-12-07T22:49:42.647+0800][4.105s][debug][gc,ref,start      ] GC(37) Preclean PhantomReferences
[2024-12-07T22:49:42.647+0800][4.105s][debug][gc,ref            ] GC(37) Preclean PhantomReferences 0.071ms
[2024-12-07T22:49:42.647+0800][4.105s][info ][gc,marking        ] GC(37) Concurrent Preclean 0.616ms
[2024-12-07T22:49:42.647+0800][4.105s][info ][gc,marking        ] GC(37) Concurrent Mark (4.101s, 4.105s) 4.072ms
[2024-12-07T22:49:42.647+0800][4.105s][info ][gc,start          ] GC(37) Pause Remark
[2024-12-07T22:49:42.647+0800][4.105s][debug][gc,phases,start   ] GC(37) Finalize Marking
[2024-12-07T22:49:42.650+0800][4.108s][debug][gc,stats          ] ---------------------------------------------------------------------
[2024-12-07T22:49:42.650+0800][4.108s][debug][gc,stats          ] Marking Stats, task = 0, calls = 81
[2024-12-07T22:49:42.650+0800][4.108s][debug][gc,stats          ]   Elapsed time = 2.53ms, Termination time = 2.72ms
[2024-12-07T22:49:42.650+0800][4.109s][debug][gc,stats          ]   Step Times (cum): num = 1770, avg = 0.01ms, sd = 0.20ms max = 5.58ms, total = 25.94ms
[2024-12-07T22:49:42.651+0800][4.109s][debug][gc,stats          ]   Mark Stats Cache: hits 6397 misses 103 ratio 98.415
[2024-12-07T22:49:42.651+0800][4.109s][debug][gc,stats          ] ---------------------------------------------------------------------
[2024-12-07T22:49:42.651+0800][4.109s][debug][gc,stats          ] Marking Stats, task = 1, calls = 23
[2024-12-07T22:49:42.651+0800][4.109s][debug][gc,stats          ]   Elapsed time = 2.59ms, Termination time = 2.70ms
[2024-12-07T22:49:42.651+0800][4.110s][debug][gc,stats          ]   Step Times (cum): num = 480, avg = 0.05ms, sd = 0.37ms max = 5.59ms, total = 25.30ms
[2024-12-07T22:49:42.652+0800][4.110s][debug][gc,stats          ]   Mark Stats Cache: hits 3682 misses 3 ratio 99.919
[2024-12-07T22:49:42.652+0800][4.110s][debug][gc,stats          ] ---------------------------------------------------------------------
[2024-12-07T22:49:42.652+0800][4.111s][debug][gc,stats          ] Marking Stats, task = 2, calls = 2
[2024-12-07T22:49:42.653+0800][4.111s][debug][gc,stats          ]   Elapsed time = 2.47ms, Termination time = 3.29ms
[2024-12-07T22:49:42.653+0800][4.111s][debug][gc,stats          ]   Step Times (cum): num = 370, avg = 0.07ms, sd = 0.42ms max = 5.58ms, total = 25.82ms
[2024-12-07T22:49:42.653+0800][4.111s][debug][gc,stats          ]   Mark Stats Cache: hits 8095 misses 3 ratio 99.963
[2024-12-07T22:49:42.653+0800][4.111s][debug][gc,stats          ] ---------------------------------------------------------------------
[2024-12-07T22:49:42.653+0800][4.112s][debug][gc,stats          ] Marking Stats, task = 3, calls = 16
[2024-12-07T22:49:42.653+0800][4.112s][debug][gc,stats          ]   Elapsed time = 2.44ms, Termination time = 2.29ms
[2024-12-07T22:49:42.653+0800][4.112s][debug][gc,stats          ]   Step Times (cum): num = 449, avg = 0.06ms, sd = 0.38ms max = 5.59ms, total = 25.37ms
[2024-12-07T22:49:42.654+0800][4.112s][debug][gc,stats          ]   Mark Stats Cache: hits 3273 misses 3 ratio 99.908
[2024-12-07T22:49:42.654+0800][4.112s][debug][gc,stats          ] ---------------------------------------------------------------------
[2024-12-07T22:49:42.654+0800][4.112s][debug][gc,stats          ] Marking Stats, task = 4, calls = 19
[2024-12-07T22:49:42.654+0800][4.112s][debug][gc,stats          ]   Elapsed time = 2.44ms, Termination time = 3.23ms
[2024-12-07T22:49:42.654+0800][4.112s][debug][gc,stats          ]   Step Times (cum): num = 453, avg = 0.06ms, sd = 0.38ms max = 5.59ms, total = 25.72ms
[2024-12-07T22:49:42.654+0800][4.112s][debug][gc,stats          ]   Mark Stats Cache: hits 4047 misses 3 ratio 99.926
[2024-12-07T22:49:42.654+0800][4.113s][debug][gc,stats          ] ---------------------------------------------------------------------
[2024-12-07T22:49:42.654+0800][4.113s][debug][gc,stats          ] Marking Stats, task = 5, calls = 1
[2024-12-07T22:49:42.654+0800][4.113s][debug][gc,stats          ]   Elapsed time = 2.44ms, Termination time = 2.28ms
[2024-12-07T22:49:42.655+0800][4.113s][debug][gc,stats          ]   Step Times (cum): num = 19, avg = 1.25ms, sd = 1.40ms max = 5.59ms, total = 23.73ms
[2024-12-07T22:49:42.655+0800][4.113s][debug][gc,stats          ]   Mark Stats Cache: hits 0 misses 0 ratio 0.000
[2024-12-07T22:49:42.655+0800][4.113s][debug][gc,stats          ] ---------------------------------------------------------------------
[2024-12-07T22:49:42.655+0800][4.113s][debug][gc,stats          ] Marking Stats, task = 6, calls = 1
[2024-12-07T22:49:42.655+0800][4.113s][debug][gc,stats          ]   Elapsed time = 2.42ms, Termination time = 2.16ms
[2024-12-07T22:49:42.655+0800][4.113s][debug][gc,stats          ]   Step Times (cum): num = 19, avg = 1.24ms, sd = 1.39ms max = 5.59ms, total = 23.61ms
[2024-12-07T22:49:42.655+0800][4.113s][debug][gc,stats          ]   Mark Stats Cache: hits 0 misses 0 ratio 0.000
[2024-12-07T22:49:42.655+0800][4.114s][debug][gc,stats          ] ---------------------------------------------------------------------
[2024-12-07T22:49:42.655+0800][4.114s][debug][gc,stats          ] Marking Stats, task = 7, calls = 1
[2024-12-07T22:49:42.655+0800][4.114s][debug][gc,stats          ]   Elapsed time = 2.43ms, Termination time = 2.14ms
[2024-12-07T22:49:42.656+0800][4.114s][debug][gc,stats          ]   Step Times (cum): num = 19, avg = 1.25ms, sd = 1.35ms max = 5.60ms, total = 23.78ms
[2024-12-07T22:49:42.656+0800][4.114s][debug][gc,stats          ]   Mark Stats Cache: hits 0 misses 0 ratio 0.000
[2024-12-07T22:49:42.656+0800][4.114s][debug][gc,stats          ] ---------------------------------------------------------------------
[2024-12-07T22:49:42.656+0800][4.114s][debug][gc,stats          ] Marking Stats, task = 8, calls = 1
[2024-12-07T22:49:42.656+0800][4.114s][debug][gc,stats          ]   Elapsed time = 1.99ms, Termination time = 1.80ms
[2024-12-07T22:49:42.656+0800][4.114s][debug][gc,stats          ]   Step Times (cum): num = 19, avg = 1.21ms, sd = 1.37ms max = 5.72ms, total = 22.92ms
[2024-12-07T22:49:42.656+0800][4.114s][debug][gc,stats          ]   Mark Stats Cache: hits 0 misses 0 ratio 0.000
[2024-12-07T22:49:42.656+0800][4.115s][debug][gc,stats          ] ---------------------------------------------------------------------
[2024-12-07T22:49:42.656+0800][4.115s][debug][gc,stats          ] Marking Stats, task = 9, calls = 1
[2024-12-07T22:49:42.657+0800][4.115s][debug][gc,stats          ]   Elapsed time = 1.33ms, Termination time = 1.08ms
[2024-12-07T22:49:42.657+0800][4.115s][debug][gc,stats          ]   Step Times (cum): num = 19, avg = 1.17ms, sd = 1.45ms max = 5.87ms, total = 22.20ms
[2024-12-07T22:49:42.657+0800][4.115s][debug][gc,stats          ]   Mark Stats Cache: hits 0 misses 0 ratio 0.000
[2024-12-07T22:49:42.657+0800][4.115s][debug][gc,stats          ] ---------------------------------------------------------------------
[2024-12-07T22:49:42.657+0800][4.115s][debug][gc,stats          ] Marking Stats, task = 10, calls = 1
[2024-12-07T22:49:42.657+0800][4.115s][debug][gc,stats          ]   Elapsed time = 0.93ms, Termination time = 0.82ms
[2024-12-07T22:49:42.657+0800][4.116s][debug][gc,stats          ]   Step Times (cum): num = 19, avg = 0.73ms, sd = 0.93ms max = 3.41ms, total = 13.79ms
[2024-12-07T22:49:42.657+0800][4.116s][debug][gc,stats          ]   Mark Stats Cache: hits 0 misses 0 ratio 0.000
[2024-12-07T22:49:42.657+0800][4.116s][debug][gc,stats          ] ---------------------------------------------------------------------
[2024-12-07T22:49:42.658+0800][4.116s][debug][gc,stats          ] Marking Stats, task = 11, calls = 1
[2024-12-07T22:49:42.658+0800][4.116s][debug][gc,stats          ]   Elapsed time = 0.01ms, Termination time = 0.00ms
[2024-12-07T22:49:42.658+0800][4.116s][debug][gc,stats          ]   Step Times (cum): num = 19, avg = 0.00ms, sd = 0.00ms max = 0.00ms, total = 0.00ms
[2024-12-07T22:49:42.658+0800][4.116s][debug][gc,stats          ]   Mark Stats Cache: hits 0 misses 0 ratio 0.000
[2024-12-07T22:49:42.658+0800][4.116s][debug][gc,stats          ] ---------------------------------------------------------------------
[2024-12-07T22:49:42.658+0800][4.116s][debug][gc,phases         ] GC(37) Finalize Marking 11.174ms
[2024-12-07T22:49:42.658+0800][4.117s][debug][gc,phases,start   ] GC(37) Reference Processing
[2024-12-07T22:49:42.658+0800][4.117s][debug][gc,ref            ] GC(37) Skipped phase1 of Reference Processing due to unavailable references
[2024-12-07T22:49:42.658+0800][4.117s][debug][gc,ref            ] GC(37) Skipped phase2 of Reference Processing due to unavailable references
[2024-12-07T22:49:42.659+0800][4.117s][debug][gc,ref            ] GC(37) Skipped phase3 of Reference Processing due to unavailable references
[2024-12-07T22:49:42.659+0800][4.117s][debug][gc,ref            ] GC(37) Skipped phase4 of Reference Processing due to unavailable references
[2024-12-07T22:49:42.659+0800][4.117s][debug][gc,phases,ref     ] GC(37) Reference Processing: 0.4ms
[2024-12-07T22:49:42.659+0800][4.117s][debug][gc,phases,ref     ] GC(37)   Reconsider SoftReferences: 0.1ms
[2024-12-07T22:49:42.659+0800][4.117s][debug][gc,phases,ref     ] GC(37)     SoftRef (ms):             skipped
[2024-12-07T22:49:42.659+0800][4.117s][debug][gc,phases,ref     ] GC(37)   Notify Soft/WeakReferences: 0.1ms
[2024-12-07T22:49:42.659+0800][4.117s][debug][gc,phases,ref     ] GC(37)     SoftRef (ms):             skipped
[2024-12-07T22:49:42.659+0800][4.118s][debug][gc,phases,ref     ] GC(37)     WeakRef (ms):             skipped
[2024-12-07T22:49:42.659+0800][4.118s][debug][gc,phases,ref     ] GC(37)     FinalRef (ms):            skipped
[2024-12-07T22:49:42.659+0800][4.118s][debug][gc,phases,ref     ] GC(37)     Total (ms):               skipped
[2024-12-07T22:49:42.659+0800][4.118s][debug][gc,phases,ref     ] GC(37)   Notify and keep alive finalizable: 0.1ms
[2024-12-07T22:49:42.660+0800][4.118s][debug][gc,phases,ref     ] GC(37)     FinalRef (ms):            skipped
[2024-12-07T22:49:42.660+0800][4.118s][debug][gc,phases,ref     ] GC(37)   Notify PhantomReferences: 0.1ms
[2024-12-07T22:49:42.660+0800][4.118s][debug][gc,phases,ref     ] GC(37)     PhantomRef (ms):          skipped
[2024-12-07T22:49:42.660+0800][4.118s][debug][gc,phases,ref     ] GC(37)   SoftReference:
[2024-12-07T22:49:42.660+0800][4.118s][debug][gc,phases,ref     ] GC(37)     Discovered: 0
[2024-12-07T22:49:42.660+0800][4.118s][debug][gc,phases,ref     ] GC(37)     Cleared: 0
[2024-12-07T22:49:42.660+0800][4.118s][debug][gc,phases,ref     ] GC(37)   WeakReference:
[2024-12-07T22:49:42.660+0800][4.119s][debug][gc,phases,ref     ] GC(37)     Discovered: 0
[2024-12-07T22:49:42.660+0800][4.119s][debug][gc,phases,ref     ] GC(37)     Cleared: 0
[2024-12-07T22:49:42.660+0800][4.119s][debug][gc,phases,ref     ] GC(37)   FinalReference:
[2024-12-07T22:49:42.660+0800][4.119s][debug][gc,phases,ref     ] GC(37)     Discovered: 0
[2024-12-07T22:49:42.661+0800][4.119s][debug][gc,phases,ref     ] GC(37)     Cleared: 0
[2024-12-07T22:49:42.661+0800][4.119s][debug][gc,phases,ref     ] GC(37)   PhantomReference:
[2024-12-07T22:49:42.661+0800][4.119s][debug][gc,phases,ref     ] GC(37)     Discovered: 0
[2024-12-07T22:49:42.661+0800][4.119s][debug][gc,phases,ref     ] GC(37)     Cleared: 0
[2024-12-07T22:49:42.661+0800][4.119s][debug][gc,phases         ] GC(37) Reference Processing 2.672ms
[2024-12-07T22:49:42.661+0800][4.119s][debug][gc,phases,start   ] GC(37) Weak Processing
[2024-12-07T22:49:42.661+0800][4.119s][debug][gc,phases         ] GC(37) Weak Processing 0.090ms
[2024-12-07T22:49:42.661+0800][4.120s][debug][gc,phases,start   ] GC(37) Class Unloading
[2024-12-07T22:49:42.661+0800][4.120s][debug][gc,phases,start   ] GC(37) ClassLoaderData
[2024-12-07T22:49:42.661+0800][4.120s][debug][gc,phases         ] GC(37) ClassLoaderData 0.094ms
[2024-12-07T22:49:42.661+0800][4.120s][debug][gc,phases,start   ] GC(37) ProtectionDomainCacheTable
[2024-12-07T22:49:42.662+0800][4.120s][debug][gc,phases         ] GC(37) ProtectionDomainCacheTable 0.089ms
[2024-12-07T22:49:42.662+0800][4.120s][info ][gc,stringtable    ] GC(37) Cleaned string and symbol table, strings: 64 processed, 0 removed, symbols: 226 processed, 0 removed
[2024-12-07T22:49:42.662+0800][4.120s][debug][gc,phases         ] GC(37) Class Unloading 0.809ms
[2024-12-07T22:49:42.662+0800][4.120s][debug][gc,phases,start   ] GC(37) Flush Task Caches
[2024-12-07T22:49:42.662+0800][4.121s][debug][gc,stats          ] Mark stats cache hits 25494 misses 115 ratio 99.551
[2024-12-07T22:49:42.662+0800][4.121s][debug][gc,phases         ] GC(37) Flush Task Caches 0.203ms
[2024-12-07T22:49:42.662+0800][4.121s][debug][gc,phases,start   ] GC(37) Update Remembered Set Tracking Before Rebuild
[2024-12-07T22:49:42.662+0800][4.121s][debug][gc,ergo           ] GC(37) Running G1 Update RemSet Tracking Before Rebuild using 2 workers for 507 regions in heap
[2024-12-07T22:49:42.663+0800][4.121s][debug][gc,remset,tracking] GC(37) Remembered Set Tracking update regions total 507, selected 1
[2024-12-07T22:49:42.663+0800][4.121s][debug][gc,phases         ] GC(37) Update Remembered Set Tracking Before Rebuild 0.311ms
[2024-12-07T22:49:42.663+0800][4.121s][debug][gc,phases,start   ] GC(37) Reclaim Empty Regions
[2024-12-07T22:49:42.663+0800][4.121s][debug][gc,phases         ] GC(37) Reclaim Empty Regions 0.171ms
[2024-12-07T22:49:42.663+0800][4.121s][debug][gc,phases,start   ] GC(37) Purge Metaspace
[2024-12-07T22:49:42.663+0800][4.121s][debug][gc,phases         ] GC(37) Purge Metaspace 0.088ms
[2024-12-07T22:49:42.663+0800][4.122s][debug][gc,phases,start   ] GC(37) Report Object Count
[2024-12-07T22:49:42.663+0800][4.122s][debug][gc,phases         ] GC(37) Report Object Count 0.088ms
[2024-12-07T22:49:42.663+0800][4.122s][info ][gc                ] GC(37) Pause Remark 219M->219M(507M) 16.490ms
[2024-12-07T22:49:42.664+0800][4.122s][info ][gc,cpu            ] GC(37) User=0.03s Sys=0.00s Real=0.02s
[2024-12-07T22:49:42.664+0800][4.122s][info ][gc,marking        ] GC(37) Concurrent Rebuild Remembered Sets
[2024-12-07T22:49:42.664+0800][4.122s][info ][gc,marking        ] GC(37) Concurrent Rebuild Remembered Sets 0.429ms
[2024-12-07T22:49:42.664+0800][4.123s][info ][gc,start          ] GC(37) Pause Cleanup
[2024-12-07T22:49:42.664+0800][4.123s][debug][gc,phases,start   ] GC(37) Update Remembered Set Tracking After Rebuild
[2024-12-07T22:49:42.664+0800][4.123s][debug][gc,phases         ] GC(37) Update Remembered Set Tracking After Rebuild 0.094ms
[2024-12-07T22:49:42.665+0800][4.123s][debug][gc,phases,start   ] GC(37) Finalize Concurrent Mark Cleanup
[2024-12-07T22:49:42.665+0800][4.123s][debug][gc,ergo           ] GC(37) request young-only gcs (candidate old regions not available)
[2024-12-07T22:49:42.665+0800][4.123s][debug][gc,phases         ] GC(37) Finalize Concurrent Mark Cleanup 0.272ms
[2024-12-07T22:49:42.665+0800][4.123s][info ][gc                ] GC(37) Pause Cleanup 219M->219M(507M) 0.634ms
[2024-12-07T22:49:42.665+0800][4.123s][info ][gc,cpu            ] GC(37) User=0.00s Sys=0.00s Real=0.00s
[2024-12-07T22:49:42.665+0800][4.123s][info ][gc,marking        ] GC(37) Concurrent Cleanup for Next Mark
[2024-12-07T22:49:42.665+0800][4.123s][debug][gc,ergo           ] GC(37) Running G1 Clear Bitmap with 5 workers for 8 work units.
[2024-12-07T22:49:42.665+0800][4.124s][info ][gc,marking        ] GC(37) Concurrent Cleanup for Next Mark 0.347ms
[2024-12-07T22:49:42.666+0800][4.124s][info ][gc                ] GC(37) Concurrent Cycle 24.084ms
[2024-12-07T22:49:42.745+0800][4.203s][debug][gc,ergo,ihop      ] Request concurrent cycle initiation (occupancy higher than threshold) occupancy: 240123904B allocation request: 1048592B threshold: 239232614B (45.00) source: concurrent humongous allocation
[2024-12-07T22:49:42.745+0800][4.204s][debug][gc,ergo           ] Request concurrent cycle initiation (requested by GC cause). GC cause: G1 Humongous Allocation
[2024-12-07T22:49:42.746+0800][4.204s][debug][gc,heap           ] GC(38) Heap before GC invocations=38 (full 0): garbage-first heap   total 519168K, used 232698K [0x00000000e0000000, 0x0000000100000000)
[2024-12-07T22:49:42.746+0800][4.204s][debug][gc,heap           ] GC(38)   region size 1024K, 2 young (2048K), 1 survivors (1024K)
[2024-12-07T22:49:42.746+0800][4.204s][debug][gc,heap           ] GC(38)  Metaspace       used 662K, capacity 4575K, committed 4864K, reserved 1056768K
[2024-12-07T22:49:42.746+0800][4.204s][debug][gc,heap           ] GC(38)   class space    used 52K, capacity 418K, committed 512K, reserved 1048576K
[2024-12-07T22:49:42.746+0800][4.204s][debug][gc,ergo           ] GC(38) Initiate concurrent cycle (concurrent cycle initiation requested)
[2024-12-07T22:49:42.746+0800][4.205s][info ][gc,start          ] GC(38) Pause Young (Concurrent Start) (G1 Humongous Allocation)
[2024-12-07T22:49:42.746+0800][4.205s][info ][gc,task           ] GC(38) Using 12 workers of 18 for evacuation
[2024-12-07T22:49:42.747+0800][4.205s][debug][gc,tlab           ] GC(38) TLAB totals: thrds: 1  refills: 1 max: 1 slow allocs: 13 max 13 waste: 99.5% gc: 521496B max: 521496B slow: 0B max: 0B fast: 0B max: 0B
[2024-12-07T22:49:42.747+0800][4.205s][debug][gc,alloc,region   ] GC(38) Mutator Allocation stats, regions: 1, wasted size: 0B ( 0.0%)
[2024-12-07T22:49:42.747+0800][4.205s][debug][gc,age            ] GC(38) Desired survivor size 2097152 bytes, new threshold 15 (max threshold 15)
[2024-12-07T22:49:42.747+0800][4.206s][debug][gc,ergo,cset      ] GC(38) Finish choosing CSet. old: 0 regions, predicted old region time: 0.00ms, time remaining: 185.56
[2024-12-07T22:49:42.747+0800][4.206s][debug][gc,task,stats     ] GC(38) GC Termination Stats
[2024-12-07T22:49:42.747+0800][4.206s][debug][gc,task,stats     ] GC(38)      elapsed  --strong roots-- -------termination------- ------waste (KiB)------
[2024-12-07T22:49:42.748+0800][4.206s][debug][gc,task,stats     ] GC(38) thr     ms        ms      %        ms      %    attempts  total   alloc    undo
[2024-12-07T22:49:42.748+0800][4.206s][debug][gc,task,stats     ] GC(38) --- --------- --------- ------ --------- ------ -------- ------- ------- -------
[2024-12-07T22:49:42.754+0800][4.212s][debug][gc,task,stats     ] GC(38)  10      5.65      5.64  99.92      0.00   0.01        1       0       0       0
[2024-12-07T22:49:42.754+0800][4.212s][debug][gc,task,stats     ] GC(38)  11      6.13      0.05   0.80      6.08  99.13        1       0       0       0
[2024-12-07T22:49:42.755+0800][4.213s][debug][gc,task,stats     ] GC(38)   0      6.83      0.19   2.82      6.00  87.83        1       0       0       0
[2024-12-07T22:49:42.755+0800][4.214s][debug][gc,task,stats     ] GC(38)   1      7.48      0.16   2.14      5.99  80.05        1       0       0       0
[2024-12-07T22:49:42.756+0800][4.214s][debug][gc,task,stats     ] GC(38)   6      8.09      1.31  16.19      4.63  57.21        1       0       0       0
[2024-12-07T22:49:42.757+0800][4.215s][debug][gc,task,stats     ] GC(38)   9      8.70      2.87  33.01      3.00  34.48        1       0       0       0
[2024-12-07T22:49:42.757+0800][4.215s][debug][gc,task,stats     ] GC(38)   4      9.01      0.47   5.18      5.43  60.27        1       0       0       0
[2024-12-07T22:49:42.758+0800][4.216s][debug][gc,task,stats     ] GC(38)   2     10.17      0.13   1.32      5.74  56.42        1       0       0       0
[2024-12-07T22:49:42.758+0800][4.216s][debug][gc,task,stats     ] GC(38)   3     10.26      0.45   4.35      5.39  52.51        1       0       0       0
[2024-12-07T22:49:42.758+0800][4.217s][debug][gc,task,stats     ] GC(38)   7     10.34      1.63  15.73      4.13  39.95        1       0       0       0
[2024-12-07T22:49:42.758+0800][4.217s][debug][gc,task,stats     ] GC(38)   8     10.41      1.70  16.30      3.97  38.17        1       0       0       0
[2024-12-07T22:49:42.758+0800][4.217s][debug][gc,task,stats     ] GC(38)   5     10.51      0.74   7.04      5.47  52.07        1       0       0       0
[2024-12-07T22:49:42.758+0800][4.217s][debug][gc,ergo           ] GC(38) Running G1 Clear Card Table Task using 1 workers for 1 units of work for 3 regions.
[2024-12-07T22:49:42.759+0800][4.217s][debug][gc,ref            ] GC(38) Skipped phase1 of Reference Processing due to unavailable references
[2024-12-07T22:49:42.759+0800][4.217s][debug][gc,ref            ] GC(38) Skipped phase2 of Reference Processing due to unavailable references
[2024-12-07T22:49:42.759+0800][4.217s][debug][gc,ref            ] GC(38) Skipped phase3 of Reference Processing due to unavailable references
[2024-12-07T22:49:42.759+0800][4.217s][debug][gc,ref            ] GC(38) Skipped phase4 of Reference Processing due to unavailable references
[2024-12-07T22:49:42.759+0800][4.217s][debug][gc,ergo           ] GC(38) Running G1 Free Collection Set using 1 workers for collection set length 2
[2024-12-07T22:49:42.759+0800][4.217s][debug][gc,humongous      ] GC(38) Live humongous region 0 object size 1048592 start 0x00000000e0000000  with remset 0 code roots 0 is marked 0 reclaim candidate 0 type array 1
[2024-12-07T22:49:42.759+0800][4.217s][debug][gc,humongous      ] GC(38) Live humongous region 2 object size 1048592 start 0x00000000e0200000  with remset 0 code roots 0 is marked 0 reclaim candidate 0 type array 1
[2024-12-07T22:49:42.759+0800][4.217s][debug][gc,humongous      ] GC(38) Live humongous region 4 object size 1048592 start 0x00000000e0400000  with remset 0 code roots 0 is marked 0 reclaim candidate 0 type array 1
[2024-12-07T22:49:42.759+0800][4.218s][debug][gc,humongous      ] GC(38) Live humongous region 6 object size 1048592 start 0x00000000e0600000  with remset 0 code roots 0 is marked 0 reclaim candidate 0 type array 1
[2024-12-07T22:49:42.759+0800][4.218s][debug][gc,humongous      ] GC(38) Live humongous region 8 object size 1048592 start 0x00000000e0800000  with remset 0 code roots 0 is marked 0 reclaim candidate 0 type array 1
[2024-12-07T22:49:42.759+0800][4.218s][debug][gc,humongous      ] GC(38) Live humongous region 10 object size 1048592 start 0x00000000e0a00000  with remset 0 code roots 0 is marked 0 reclaim candidate 0 type array 1
[2024-12-07T22:49:42.759+0800][4.218s][debug][gc,humongous      ] GC(38) Live humongous region 12 object size 1048592 start 0x00000000e0c00000  with remset 0 code roots 0 is marked 0 reclaim candidate 0 type array 1
[2024-12-07T22:49:42.760+0800][4.218s][debug][gc,humongous      ] GC(38) Live humongous region 14 object size 1048592 start 0x00000000e0e00000  with remset 0 code roots 0 is marked 0 reclaim candidate 0 type array 1
[2024-12-07T22:49:42.760+0800][4.218s][debug][gc,humongous      ] GC(38) Dead humongous region 16 object size 1048592 start 0x00000000e1000000 with remset 0 code roots 0 is marked 0 reclaim candidate 1 type array 1
[2024-12-07T22:49:42.760+0800][4.218s][debug][gc,humongous      ] GC(38) Dead humongous region 18 object size 1048592 start 0x00000000e1200000 with remset 0 code roots 0 is marked 0 reclaim candidate 1 type array 1
[2024-12-07T22:49:42.760+0800][4.218s][debug][gc,humongous      ] GC(38) Dead humongous region 20 object size 1048592 start 0x00000000e1400000 with remset 0 code roots 0 is marked 0 reclaim candidate 1 type array 1
[2024-12-07T22:49:42.760+0800][4.218s][debug][gc,humongous      ] GC(38) Dead humongous region 22 object size 1048592 start 0x00000000e1600000 with remset 0 code roots 0 is marked 0 reclaim candidate 1 type array 1
[2024-12-07T22:49:42.760+0800][4.218s][debug][gc,humongous      ] GC(38) Dead humongous region 24 object size 1048592 start 0x00000000e1800000 with remset 0 code roots 0 is marked 0 reclaim candidate 1 type array 1
[2024-12-07T22:49:42.760+0800][4.218s][debug][gc,humongous      ] GC(38) Dead humongous region 26 object size 1048592 start 0x00000000e1a00000 with remset 0 code roots 0 is marked 0 reclaim candidate 1 type array 1
[2024-12-07T22:49:42.760+0800][4.218s][debug][gc,humongous      ] GC(38) Dead humongous region 28 object size 1048592 start 0x00000000e1c00000 with remset 0 code roots 0 is marked 0 reclaim candidate 1 type array 1
[2024-12-07T22:49:42.760+0800][4.218s][debug][gc,humongous      ] GC(38) Dead humongous region 30 object size 1048592 start 0x00000000e1e00000 with remset 0 code roots 0 is marked 0 reclaim candidate 1 type array 1
[2024-12-07T22:49:42.760+0800][4.218s][debug][gc,humongous      ] GC(38) Dead humongous region 32 object size 1048592 start 0x00000000e2000000 with remset 0 code roots 0 is marked 0 reclaim candidate 1 type array 1
[2024-12-07T22:49:42.760+0800][4.218s][debug][gc,humongous      ] GC(38) Dead humongous region 34 object size 1048592 start 0x00000000e2200000 with remset 0 code roots 0 is marked 0 reclaim candidate 1 type array 1
[2024-12-07T22:49:42.760+0800][4.219s][debug][gc,humongous      ] GC(38) Dead humongous region 36 object size 1048592 start 0x00000000e2400000 with remset 0 code roots 0 is marked 0 reclaim candidate 1 type array 1
[2024-12-07T22:49:42.760+0800][4.219s][debug][gc,humongous      ] GC(38) Dead humongous region 38 object size 1048592 start 0x00000000e2600000 with remset 0 code roots 0 is marked 0 reclaim candidate 1 type array 1
[2024-12-07T22:49:42.760+0800][4.219s][debug][gc,humongous      ] GC(38) Live humongous region 40 object size 1048592 start 0x00000000e2800000  with remset 0 code roots 0 is marked 0 reclaim candidate 0 type array 1
[2024-12-07T22:49:42.760+0800][4.219s][debug][gc,humongous      ] GC(38) Live humongous region 42 object size 1048592 start 0x00000000e2a00000  with remset 0 code roots 0 is marked 0 reclaim candidate 0 type array 1
[2024-12-07T22:49:42.760+0800][4.219s][debug][gc,humongous      ] GC(38) Live humongous region 44 object size 1048592 start 0x00000000e2c00000  with remset 0 code roots 0 is marked 0 reclaim candidate 0 type array 1
[2024-12-07T22:49:42.761+0800][4.219s][debug][gc,humongous      ] GC(38) Live humongous region 46 object size 1048592 start 0x00000000e2e00000  with remset 0 code roots 0 is marked 0 reclaim candidate 0 type array 1
[2024-12-07T22:49:42.761+0800][4.219s][debug][gc,humongous      ] GC(38) Live humongous region 48 object size 1048592 start 0x00000000e3000000  with remset 0 code roots 0 is marked 0 reclaim candidate 0 type array 1
[2024-12-07T22:49:42.761+0800][4.219s][debug][gc,humongous      ] GC(38) Live humongous region 50 object size 1048592 start 0x00000000e3200000  with remset 0 code roots 0 is marked 0 reclaim candidate 0 type array 1
[2024-12-07T22:49:42.761+0800][4.219s][debug][gc,humongous      ] GC(38) Live humongous region 52 object size 1048592 start 0x00000000e3400000  with remset 0 code roots 0 is marked 0 reclaim candidate 0 type array 1
[2024-12-07T22:49:42.761+0800][4.219s][debug][gc,humongous      ] GC(38) Live humongous region 54 object size 1048592 start 0x00000000e3600000  with remset 0 code roots 0 is marked 0 reclaim candidate 0 type array 1
[2024-12-07T22:49:42.761+0800][4.219s][debug][gc,humongous      ] GC(38) Live humongous region 56 object size 1048592 start 0x00000000e3800000  with remset 0 code roots 0 is marked 0 reclaim candidate 0 type array 1
[2024-12-07T22:49:42.761+0800][4.219s][debug][gc,humongous      ] GC(38) Live humongous region 58 object size 1048592 start 0x00000000e3a00000  with remset 0 code roots 0 is marked 0 reclaim candidate 0 type array 1
[2024-12-07T22:49:42.761+0800][4.219s][debug][gc,humongous      ] GC(38) Live humongous region 60 object size 1048592 start 0x00000000e3c00000  with remset 0 code roots 0 is marked 0 reclaim candidate 0 type array 1
[2024-12-07T22:49:42.761+0800][4.219s][debug][gc,humongous      ] GC(38) Live humongous region 62 object size 1048592 start 0x00000000e3e00000  with remset 0 code roots 0 is marked 0 reclaim candidate 0 type array 1
[2024-12-07T22:49:42.761+0800][4.219s][debug][gc,humongous      ] GC(38) Live humongous region 64 object size 1048592 start 0x00000000e4000000  with remset 0 code roots 0 is marked 0 reclaim candidate 0 type array 1
[2024-12-07T22:49:42.761+0800][4.219s][debug][gc,humongous      ] GC(38) Live humongous region 66 object size 1048592 start 0x00000000e4200000  with remset 0 code roots 0 is marked 0 reclaim candidate 0 type array 1
[2024-12-07T22:49:42.761+0800][4.220s][debug][gc,humongous      ] GC(38) Live humongous region 68 object size 1048592 start 0x00000000e4400000  with remset 0 code roots 0 is marked 0 reclaim candidate 0 type array 1
[2024-12-07T22:49:42.761+0800][4.220s][debug][gc,humongous      ] GC(38) Live humongous region 70 object size 1048592 start 0x00000000e4600000  with remset 0 code roots 0 is marked 0 reclaim candidate 0 type array 1
[2024-12-07T22:49:42.761+0800][4.220s][debug][gc,humongous      ] GC(38) Live humongous region 72 object size 1048592 start 0x00000000e4800000  with remset 0 code roots 0 is marked 0 reclaim candidate 0 type array 1
[2024-12-07T22:49:42.761+0800][4.220s][debug][gc,humongous      ] GC(38) Live humongous region 74 object size 1048592 start 0x00000000e4a00000  with remset 0 code roots 0 is marked 0 reclaim candidate 0 type array 1
[2024-12-07T22:49:42.761+0800][4.220s][debug][gc,humongous      ] GC(38) Live humongous region 76 object size 1048592 start 0x00000000e4c00000  with remset 0 code roots 0 is marked 0 reclaim candidate 0 type array 1
[2024-12-07T22:49:42.761+0800][4.220s][debug][gc,humongous      ] GC(38) Live humongous region 78 object size 1048592 start 0x00000000e4e00000  with remset 0 code roots 0 is marked 0 reclaim candidate 0 type array 1
[2024-12-07T22:49:42.762+0800][4.220s][debug][gc,humongous      ] GC(38) Live humongous region 80 object size 1048592 start 0x00000000e5000000  with remset 0 code roots 0 is marked 0 reclaim candidate 0 type array 1
[2024-12-07T22:49:42.762+0800][4.220s][debug][gc,humongous      ] GC(38) Live humongous region 82 object size 1048592 start 0x00000000e5200000  with remset 0 code roots 0 is marked 0 reclaim candidate 0 type array 1
[2024-12-07T22:49:42.762+0800][4.220s][debug][gc,humongous      ] GC(38) Live humongous region 84 object size 1048592 start 0x00000000e5400000  with remset 0 code roots 0 is marked 0 reclaim candidate 0 type array 1
[2024-12-07T22:49:42.762+0800][4.220s][debug][gc,humongous      ] GC(38) Live humongous region 86 object size 1048592 start 0x00000000e5600000  with remset 0 code roots 0 is marked 0 reclaim candidate 0 type array 1
[2024-12-07T22:49:42.762+0800][4.220s][debug][gc,humongous      ] GC(38) Live humongous region 88 object size 1048592 start 0x00000000e5800000  with remset 0 code roots 0 is marked 0 reclaim candidate 0 type array 1
[2024-12-07T22:49:42.762+0800][4.220s][debug][gc,humongous      ] GC(38) Live humongous region 90 object size 1048592 start 0x00000000e5a00000  with remset 0 code roots 0 is marked 0 reclaim candidate 0 type array 1
[2024-12-07T22:49:42.762+0800][4.220s][debug][gc,humongous      ] GC(38) Live humongous region 92 object size 1048592 start 0x00000000e5c00000  with remset 0 code roots 0 is marked 0 reclaim candidate 0 type array 1
[2024-12-07T22:49:42.762+0800][4.220s][debug][gc,humongous      ] GC(38) Live humongous region 94 object size 1048592 start 0x00000000e5e00000  with remset 0 code roots 0 is marked 0 reclaim candidate 0 type array 1
[2024-12-07T22:49:42.762+0800][4.220s][debug][gc,humongous      ] GC(38) Live humongous region 96 object size 1048592 start 0x00000000e6000000  with remset 0 code roots 0 is marked 0 reclaim candidate 0 type array 1
[2024-12-07T22:49:42.762+0800][4.220s][debug][gc,humongous      ] GC(38) Live humongous region 98 object size 1048592 start 0x00000000e6200000  with remset 0 code roots 0 is marked 0 reclaim candidate 0 type array 1
[2024-12-07T22:49:42.762+0800][4.220s][debug][gc,humongous      ] GC(38) Live humongous region 100 object size 1048592 start 0x00000000e6400000  with remset 0 code roots 0 is marked 0 reclaim candidate 0 type array 1
[2024-12-07T22:49:42.762+0800][4.221s][debug][gc,humongous      ] GC(38) Live humongous region 102 object size 1048592 start 0x00000000e6600000  with remset 0 code roots 0 is marked 0 reclaim candidate 0 type array 1
[2024-12-07T22:49:42.762+0800][4.221s][debug][gc,humongous      ] GC(38) Live humongous region 104 object size 1048592 start 0x00000000e6800000  with remset 0 code roots 0 is marked 0 reclaim candidate 0 type array 1
[2024-12-07T22:49:42.762+0800][4.221s][debug][gc,humongous      ] GC(38) Live humongous region 106 object size 1048592 start 0x00000000e6a00000  with remset 0 code roots 0 is marked 0 reclaim candidate 0 type array 1
[2024-12-07T22:49:42.762+0800][4.221s][debug][gc,humongous      ] GC(38) Live humongous region 108 object size 1048592 start 0x00000000e6c00000  with remset 0 code roots 0 is marked 0 reclaim candidate 0 type array 1
[2024-12-07T22:49:42.762+0800][4.221s][debug][gc,humongous      ] GC(38) Live humongous region 110 object size 1048592 start 0x00000000e6e00000  with remset 0 code roots 0 is marked 0 reclaim candidate 0 type array 1
[2024-12-07T22:49:42.763+0800][4.221s][debug][gc,humongous      ] GC(38) Live humongous region 112 object size 1048592 start 0x00000000e7000000  with remset 0 code roots 0 is marked 0 reclaim candidate 0 type array 1
[2024-12-07T22:49:42.763+0800][4.221s][debug][gc,humongous      ] GC(38) Live humongous region 114 object size 1048592 start 0x00000000e7200000  with remset 0 code roots 0 is marked 0 reclaim candidate 0 type array 1
[2024-12-07T22:49:42.763+0800][4.221s][debug][gc,humongous      ] GC(38) Live humongous region 116 object size 1048592 start 0x00000000e7400000  with remset 0 code roots 0 is marked 0 reclaim candidate 0 type array 1
[2024-12-07T22:49:42.763+0800][4.221s][debug][gc,humongous      ] GC(38) Live humongous region 118 object size 1048592 start 0x00000000e7600000  with remset 0 code roots 0 is marked 0 reclaim candidate 0 type array 1
[2024-12-07T22:49:42.763+0800][4.221s][debug][gc,humongous      ] GC(38) Live humongous region 120 object size 1048592 start 0x00000000e7800000  with remset 0 code roots 0 is marked 0 reclaim candidate 0 type array 1
[2024-12-07T22:49:42.763+0800][4.221s][debug][gc,humongous      ] GC(38) Live humongous region 122 object size 1048592 start 0x00000000e7a00000  with remset 0 code roots 0 is marked 0 reclaim candidate 0 type array 1
[2024-12-07T22:49:42.763+0800][4.221s][debug][gc,humongous      ] GC(38) Live humongous region 124 object size 1048592 start 0x00000000e7c00000  with remset 0 code roots 0 is marked 0 reclaim candidate 0 type array 1
[2024-12-07T22:49:42.763+0800][4.221s][debug][gc,humongous      ] GC(38) Live humongous region 126 object size 1048592 start 0x00000000e7e00000  with remset 0 code roots 0 is marked 0 reclaim candidate 0 type array 1
[2024-12-07T22:49:42.763+0800][4.222s][debug][gc,humongous      ] GC(38) Live humongous region 128 object size 1048592 start 0x00000000e8000000  with remset 0 code roots 0 is marked 0 reclaim candidate 0 type array 1
[2024-12-07T22:49:42.763+0800][4.222s][debug][gc,humongous      ] GC(38) Live humongous region 130 object size 1048592 start 0x00000000e8200000  with remset 0 code roots 0 is marked 0 reclaim candidate 0 type array 1
[2024-12-07T22:49:42.763+0800][4.222s][debug][gc,humongous      ] GC(38) Live humongous region 132 object size 1048592 start 0x00000000e8400000  with remset 0 code roots 0 is marked 0 reclaim candidate 0 type array 1
[2024-12-07T22:49:42.763+0800][4.222s][debug][gc,humongous      ] GC(38) Live humongous region 134 object size 1048592 start 0x00000000e8600000  with remset 0 code roots 0 is marked 0 reclaim candidate 0 type array 1
[2024-12-07T22:49:42.764+0800][4.222s][debug][gc,humongous      ] GC(38) Live humongous region 136 object size 1048592 start 0x00000000e8800000  with remset 0 code roots 0 is marked 0 reclaim candidate 0 type array 1
[2024-12-07T22:49:42.764+0800][4.222s][debug][gc,humongous      ] GC(38) Live humongous region 138 object size 1048592 start 0x00000000e8a00000  with remset 0 code roots 0 is marked 0 reclaim candidate 0 type array 1
[2024-12-07T22:49:42.764+0800][4.222s][debug][gc,humongous      ] GC(38) Live humongous region 140 object size 1048592 start 0x00000000e8c00000  with remset 0 code roots 0 is marked 0 reclaim candidate 0 type array 1
[2024-12-07T22:49:42.764+0800][4.222s][debug][gc,humongous      ] GC(38) Live humongous region 142 object size 1048592 start 0x00000000e8e00000  with remset 0 code roots 0 is marked 0 reclaim candidate 0 type array 1
[2024-12-07T22:49:42.764+0800][4.222s][debug][gc,humongous      ] GC(38) Live humongous region 144 object size 1048592 start 0x00000000e9000000  with remset 0 code roots 0 is marked 0 reclaim candidate 0 type array 1
[2024-12-07T22:49:42.764+0800][4.222s][debug][gc,humongous      ] GC(38) Live humongous region 146 object size 1048592 start 0x00000000e9200000  with remset 0 code roots 0 is marked 0 reclaim candidate 0 type array 1
[2024-12-07T22:49:42.764+0800][4.222s][debug][gc,humongous      ] GC(38) Live humongous region 148 object size 1048592 start 0x00000000e9400000  with remset 0 code roots 0 is marked 0 reclaim candidate 0 type array 1
[2024-12-07T22:49:42.764+0800][4.222s][debug][gc,humongous      ] GC(38) Live humongous region 150 object size 1048592 start 0x00000000e9600000  with remset 0 code roots 0 is marked 0 reclaim candidate 0 type array 1
[2024-12-07T22:49:42.764+0800][4.222s][debug][gc,humongous      ] GC(38) Live humongous region 152 object size 1048592 start 0x00000000e9800000  with remset 0 code roots 0 is marked 0 reclaim candidate 0 type array 1
[2024-12-07T22:49:42.764+0800][4.222s][debug][gc,humongous      ] GC(38) Live humongous region 154 object size 1048592 start 0x00000000e9a00000  with remset 0 code roots 0 is marked 0 reclaim candidate 0 type array 1
[2024-12-07T22:49:42.764+0800][4.223s][debug][gc,humongous      ] GC(38) Live humongous region 156 object size 1048592 start 0x00000000e9c00000  with remset 0 code roots 0 is marked 0 reclaim candidate 0 type array 1
[2024-12-07T22:49:42.764+0800][4.223s][debug][gc,humongous      ] GC(38) Live humongous region 158 object size 1048592 start 0x00000000e9e00000  with remset 0 code roots 0 is marked 0 reclaim candidate 0 type array 1
[2024-12-07T22:49:42.764+0800][4.223s][debug][gc,humongous      ] GC(38) Live humongous region 160 object size 1048592 start 0x00000000ea000000  with remset 0 code roots 0 is marked 0 reclaim candidate 0 type array 1
[2024-12-07T22:49:42.765+0800][4.223s][debug][gc,humongous      ] GC(38) Live humongous region 162 object size 1048592 start 0x00000000ea200000  with remset 0 code roots 0 is marked 0 reclaim candidate 0 type array 1
[2024-12-07T22:49:42.765+0800][4.223s][debug][gc,humongous      ] GC(38) Live humongous region 164 object size 1048592 start 0x00000000ea400000  with remset 0 code roots 0 is marked 0 reclaim candidate 0 type array 1
[2024-12-07T22:49:42.765+0800][4.223s][debug][gc,humongous      ] GC(38) Live humongous region 166 object size 1048592 start 0x00000000ea600000  with remset 0 code roots 0 is marked 0 reclaim candidate 0 type array 1
[2024-12-07T22:49:42.765+0800][4.223s][debug][gc,humongous      ] GC(38) Live humongous region 168 object size 1048592 start 0x00000000ea800000  with remset 0 code roots 0 is marked 0 reclaim candidate 0 type array 1
[2024-12-07T22:49:42.765+0800][4.223s][debug][gc,humongous      ] GC(38) Live humongous region 170 object size 1048592 start 0x00000000eaa00000  with remset 0 code roots 0 is marked 0 reclaim candidate 0 type array 1
[2024-12-07T22:49:42.765+0800][4.223s][debug][gc,humongous      ] GC(38) Live humongous region 172 object size 1048592 start 0x00000000eac00000  with remset 0 code roots 0 is marked 0 reclaim candidate 0 type array 1
[2024-12-07T22:49:42.765+0800][4.223s][debug][gc,humongous      ] GC(38) Live humongous region 174 object size 1048592 start 0x00000000eae00000  with remset 0 code roots 0 is marked 0 reclaim candidate 0 type array 1
[2024-12-07T22:49:42.765+0800][4.223s][debug][gc,humongous      ] GC(38) Live humongous region 176 object size 1048592 start 0x00000000eb000000  with remset 0 code roots 0 is marked 0 reclaim candidate 0 type array 1
[2024-12-07T22:49:42.765+0800][4.223s][debug][gc,humongous      ] GC(38) Live humongous region 178 object size 1048592 start 0x00000000eb200000  with remset 0 code roots 0 is marked 0 reclaim candidate 0 type array 1
[2024-12-07T22:49:42.765+0800][4.223s][debug][gc,humongous      ] GC(38) Live humongous region 180 object size 1048592 start 0x00000000eb400000  with remset 0 code roots 0 is marked 0 reclaim candidate 0 type array 1
[2024-12-07T22:49:42.765+0800][4.223s][debug][gc,humongous      ] GC(38) Live humongous region 182 object size 1048592 start 0x00000000eb600000  with remset 0 code roots 0 is marked 0 reclaim candidate 0 type array 1
[2024-12-07T22:49:42.765+0800][4.224s][debug][gc,humongous      ] GC(38) Live humongous region 184 object size 1048592 start 0x00000000eb800000  with remset 0 code roots 0 is marked 0 reclaim candidate 0 type array 1
[2024-12-07T22:49:42.765+0800][4.224s][debug][gc,humongous      ] GC(38) Live humongous region 186 object size 1048592 start 0x00000000eba00000  with remset 0 code roots 0 is marked 0 reclaim candidate 0 type array 1
[2024-12-07T22:49:42.765+0800][4.224s][debug][gc,humongous      ] GC(38) Live humongous region 188 object size 1048592 start 0x00000000ebc00000  with remset 0 code roots 0 is marked 0 reclaim candidate 0 type array 1
[2024-12-07T22:49:42.765+0800][4.224s][debug][gc,humongous      ] GC(38) Live humongous region 190 object size 1048592 start 0x00000000ebe00000  with remset 0 code roots 0 is marked 0 reclaim candidate 0 type array 1
[2024-12-07T22:49:42.765+0800][4.224s][debug][gc,humongous      ] GC(38) Live humongous region 192 object size 1048592 start 0x00000000ec000000  with remset 0 code roots 0 is marked 0 reclaim candidate 0 type array 1
[2024-12-07T22:49:42.766+0800][4.224s][debug][gc,humongous      ] GC(38) Live humongous region 194 object size 1048592 start 0x00000000ec200000  with remset 0 code roots 0 is marked 0 reclaim candidate 0 type array 1
[2024-12-07T22:49:42.766+0800][4.224s][debug][gc,humongous      ] GC(38) Live humongous region 196 object size 1048592 start 0x00000000ec400000  with remset 0 code roots 0 is marked 0 reclaim candidate 0 type array 1
[2024-12-07T22:49:42.766+0800][4.224s][debug][gc,humongous      ] GC(38) Live humongous region 198 object size 1048592 start 0x00000000ec600000  with remset 0 code roots 0 is marked 0 reclaim candidate 0 type array 1
[2024-12-07T22:49:42.766+0800][4.224s][debug][gc,humongous      ] GC(38) Live humongous region 200 object size 1048592 start 0x00000000ec800000  with remset 0 code roots 0 is marked 0 reclaim candidate 0 type array 1
[2024-12-07T22:49:42.766+0800][4.224s][debug][gc,humongous      ] GC(38) Live humongous region 202 object size 1048592 start 0x00000000eca00000  with remset 0 code roots 0 is marked 0 reclaim candidate 0 type array 1
[2024-12-07T22:49:42.766+0800][4.224s][debug][gc,humongous      ] GC(38) Live humongous region 204 object size 1048592 start 0x00000000ecc00000  with remset 0 code roots 0 is marked 0 reclaim candidate 0 type array 1
[2024-12-07T22:49:42.766+0800][4.224s][debug][gc,humongous      ] GC(38) Live humongous region 206 object size 1048592 start 0x00000000ece00000  with remset 0 code roots 0 is marked 0 reclaim candidate 0 type array 1
[2024-12-07T22:49:42.766+0800][4.224s][debug][gc,humongous      ] GC(38) Live humongous region 208 object size 1048592 start 0x00000000ed000000  with remset 0 code roots 0 is marked 0 reclaim candidate 0 type array 1
[2024-12-07T22:49:42.766+0800][4.224s][debug][gc,humongous      ] GC(38) Live humongous region 210 object size 1048592 start 0x00000000ed200000  with remset 0 code roots 0 is marked 0 reclaim candidate 0 type array 1
[2024-12-07T22:49:42.766+0800][4.224s][debug][gc,humongous      ] GC(38) Live humongous region 212 object size 1048592 start 0x00000000ed400000  with remset 0 code roots 0 is marked 0 reclaim candidate 0 type array 1
[2024-12-07T22:49:42.766+0800][4.224s][debug][gc,humongous      ] GC(38) Live humongous region 214 object size 1048592 start 0x00000000ed600000  with remset 0 code roots 0 is marked 0 reclaim candidate 0 type array 1
[2024-12-07T22:49:42.766+0800][4.225s][debug][gc,humongous      ] GC(38) Live humongous region 216 object size 1048592 start 0x00000000ed800000  with remset 0 code roots 0 is marked 0 reclaim candidate 0 type array 1
[2024-12-07T22:49:42.766+0800][4.225s][debug][gc,humongous      ] GC(38) Live humongous region 218 object size 1048592 start 0x00000000eda00000  with remset 0 code roots 0 is marked 0 reclaim candidate 0 type array 1
[2024-12-07T22:49:42.766+0800][4.225s][debug][gc,humongous      ] GC(38) Live humongous region 220 object size 1048592 start 0x00000000edc00000  with remset 0 code roots 0 is marked 0 reclaim candidate 0 type array 1
[2024-12-07T22:49:42.766+0800][4.225s][debug][gc,humongous      ] GC(38) Dead humongous region 222 object size 1048592 start 0x00000000ede00000 with remset 0 code roots 0 is marked 0 reclaim candidate 1 type array 1
[2024-12-07T22:49:42.766+0800][4.225s][debug][gc,humongous      ] GC(38) Live humongous region 224 object size 1048592 start 0x00000000ee000000  with remset 0 code roots 0 is marked 0 reclaim candidate 0 type array 1
[2024-12-07T22:49:42.767+0800][4.225s][debug][gc,plab           ] GC(38) Young PLAB allocation: allocated: 6192B, wasted: 24B, unused: 2168B, used: 4000B, undo waste: 0B, 
[2024-12-07T22:49:42.767+0800][4.225s][debug][gc,plab           ] GC(38) Young other allocation: region end waste: 0B, regions filled: 1, direct allocated: 0B, failure used: 0B, failure wasted: 0B
[2024-12-07T22:49:42.767+0800][4.225s][debug][gc,plab           ] GC(38) Young sizing: calculated: 800B, actual: 2064B
[2024-12-07T22:49:42.767+0800][4.225s][debug][gc,plab           ] GC(38) Old PLAB allocation: allocated: 0B, wasted: 0B, unused: 0B, used: 0B, undo waste: 0B, 
[2024-12-07T22:49:42.767+0800][4.225s][debug][gc,plab           ] GC(38) Old other allocation: region end waste: 0B, regions filled: 1, direct allocated: 0B, failure used: 0B, failure wasted: 0B
[2024-12-07T22:49:42.767+0800][4.225s][debug][gc,plab           ] GC(38) Old sizing: calculated: 0B, actual: 2064B
[2024-12-07T22:49:42.767+0800][4.225s][debug][gc,alloc,stats    ] Old generation allocation in the last mutator period, old gen allocated: 0B, humongous allocated: 27262976B,old gen growth: 0B.
[2024-12-07T22:49:42.767+0800][4.225s][debug][gc,ihop           ] GC(38) Basic information (value update), threshold: 239232614B (45.00), target occupancy: 531628032B, current occupancy: 211019824B, recent allocation size: 27262976B, recent allocation duration: 94.60ms, recent old gen allocation rate: 288178448.35B/s, recent marking phase length: 0.00ms
[2024-12-07T22:49:42.767+0800][4.225s][debug][gc,ihop           ] GC(38) Adaptive IHOP information (value update), threshold: 239232614B (52.42), internal target occupancy: 456340275B, occupancy: 211019824B, additional buffer size: 44040192B, predicted old gen allocation rate: 101282689.58B/s, predicted marking phase length: 0.00ms, prediction active: false
[2024-12-07T22:49:42.767+0800][4.225s][debug][gc,ergo,refine    ] GC(38) Updated Refinement Zones: green: 18, yellow: 54, red: 90
[2024-12-07T22:49:42.767+0800][4.225s][info ][gc,phases         ] GC(38)   Pre Evacuate Collection Set: 0.1ms
[2024-12-07T22:49:42.767+0800][4.226s][debug][gc,phases         ] GC(38)     Prepare TLABs: 0.2ms
[2024-12-07T22:49:42.767+0800][4.226s][debug][gc,phases         ] GC(38)     Choose Collection Set: 0.1ms
[2024-12-07T22:49:42.767+0800][4.226s][debug][gc,phases         ] GC(38)     Humongous Register: 0.0ms
[2024-12-07T22:49:42.767+0800][4.226s][debug][gc,phases         ] GC(38)     Clear Claimed Marks: 0.0ms
[2024-12-07T22:49:42.767+0800][4.226s][info ][gc,phases         ] GC(38)   Evacuate Collection Set: 11.1ms
[2024-12-07T22:49:42.768+0800][4.226s][debug][gc,phases         ] GC(38)     Ext Root Scanning (ms):   Min:  0.0, Avg:  1.3, Max:  5.6, Diff:  5.6, Sum: 15.3, Workers: 12
[2024-12-07T22:49:42.768+0800][4.226s][debug][gc,phases         ] GC(38)     Update RS (ms):           Min:  0.0, Avg:  0.0, Max:  0.0, Diff:  0.0, Sum:  0.0, Workers: 12
[2024-12-07T22:49:42.768+0800][4.226s][debug][gc,phases         ] GC(38)       Processed Buffers:        Min: 0, Avg:  0.2, Max: 3, Diff: 3, Sum: 3, Workers: 12
[2024-12-07T22:49:42.768+0800][4.226s][debug][gc,phases         ] GC(38)       Scanned Cards:            Min: 0, Avg:  0.6, Max: 7, Diff: 7, Sum: 7, Workers: 12
[2024-12-07T22:49:42.768+0800][4.226s][debug][gc,phases         ] GC(38)       Skipped Cards:            Min: 0, Avg:  0.0, Max: 0, Diff: 0, Sum: 0, Workers: 12
[2024-12-07T22:49:42.768+0800][4.226s][debug][gc,phases         ] GC(38)     Scan RS (ms):             Min:  0.0, Avg:  0.0, Max:  0.0, Diff:  0.0, Sum:  0.0, Workers: 12
[2024-12-07T22:49:42.768+0800][4.226s][debug][gc,phases         ] GC(38)       Scanned Cards:            Min: 0, Avg:  0.2, Max: 1, Diff: 1, Sum: 2, Workers: 12
[2024-12-07T22:49:42.768+0800][4.226s][debug][gc,phases         ] GC(38)       Claimed Cards:            Min: 0, Avg:  0.2, Max: 2, Diff: 2, Sum: 3, Workers: 12
[2024-12-07T22:49:42.768+0800][4.226s][debug][gc,phases         ] GC(38)       Skipped Cards:            Min: 0, Avg:  0.1, Max: 1, Diff: 1, Sum: 1, Workers: 12
[2024-12-07T22:49:42.768+0800][4.226s][debug][gc,phases         ] GC(38)     Code Root Scanning (ms):  Min:  0.0, Avg:  0.0, Max:  0.0, Diff:  0.0, Sum:  0.0, Workers: 12
[2024-12-07T22:49:42.768+0800][4.226s][debug][gc,phases         ] GC(38)     AOT Root Scanning (ms):   skipped
[2024-12-07T22:49:42.768+0800][4.227s][debug][gc,phases         ] GC(38)     Object Copy (ms):         Min:  0.0, Avg:  0.0, Max:  0.0, Diff:  0.0, Sum:  0.0, Workers: 12
[2024-12-07T22:49:42.768+0800][4.227s][debug][gc,phases         ] GC(38)     Termination (ms):         Min:  0.0, Avg:  4.7, Max:  6.1, Diff:  6.1, Sum: 55.8, Workers: 12
[2024-12-07T22:49:42.768+0800][4.227s][debug][gc,phases         ] GC(38)       Termination Attempts:     Min: 1, Avg:  1.0, Max: 1, Diff: 0, Sum: 12, Workers: 12
[2024-12-07T22:49:42.768+0800][4.227s][debug][gc,phases         ] GC(38)     GC Worker Other (ms):     Min:  0.5, Avg:  3.1, Max:  4.8, Diff:  4.3, Sum: 37.2, Workers: 12
[2024-12-07T22:49:42.768+0800][4.227s][debug][gc,phases         ] GC(38)     GC Worker Total (ms):     Min:  6.2, Avg:  9.0, Max: 10.6, Diff:  4.4, Sum: 108.4, Workers: 12
[2024-12-07T22:49:42.769+0800][4.227s][info ][gc,phases         ] GC(38)   Post Evacuate Collection Set: 8.0ms
[2024-12-07T22:49:42.769+0800][4.227s][debug][gc,phases         ] GC(38)     Code Roots Fixup: 0.0ms
[2024-12-07T22:49:42.769+0800][4.227s][debug][gc,phases         ] GC(38)     Clear Card Table: 0.1ms
[2024-12-07T22:49:42.769+0800][4.227s][debug][gc,phases         ] GC(38)     Reference Processing: 0.3ms
[2024-12-07T22:49:42.769+0800][4.227s][debug][gc,phases,ref     ] GC(38)       Reconsider SoftReferences: 0.1ms
[2024-12-07T22:49:42.769+0800][4.227s][debug][gc,phases,ref     ] GC(38)         SoftRef (ms):             skipped
[2024-12-07T22:49:42.769+0800][4.227s][debug][gc,phases,ref     ] GC(38)       Notify Soft/WeakReferences: 0.1ms
[2024-12-07T22:49:42.769+0800][4.227s][debug][gc,phases,ref     ] GC(38)         SoftRef (ms):             skipped
[2024-12-07T22:49:42.769+0800][4.227s][debug][gc,phases,ref     ] GC(38)         WeakRef (ms):             skipped
[2024-12-07T22:49:42.769+0800][4.227s][debug][gc,phases,ref     ] GC(38)         FinalRef (ms):            skipped
[2024-12-07T22:49:42.769+0800][4.227s][debug][gc,phases,ref     ] GC(38)         Total (ms):               skipped
[2024-12-07T22:49:42.769+0800][4.228s][debug][gc,phases,ref     ] GC(38)       Notify and keep alive finalizable: 0.1ms
[2024-12-07T22:49:42.769+0800][4.228s][debug][gc,phases,ref     ] GC(38)         FinalRef (ms):            skipped
[2024-12-07T22:49:42.769+0800][4.228s][debug][gc,phases,ref     ] GC(38)       Notify PhantomReferences: 0.1ms
[2024-12-07T22:49:42.769+0800][4.228s][debug][gc,phases,ref     ] GC(38)         PhantomRef (ms):          skipped
[2024-12-07T22:49:42.769+0800][4.228s][debug][gc,phases,ref     ] GC(38)       SoftReference:
[2024-12-07T22:49:42.770+0800][4.228s][debug][gc,phases,ref     ] GC(38)         Discovered: 0
[2024-12-07T22:49:42.770+0800][4.228s][debug][gc,phases,ref     ] GC(38)         Cleared: 0
[2024-12-07T22:49:42.770+0800][4.228s][debug][gc,phases,ref     ] GC(38)       WeakReference:
[2024-12-07T22:49:42.770+0800][4.228s][debug][gc,phases,ref     ] GC(38)         Discovered: 0
[2024-12-07T22:49:42.770+0800][4.228s][debug][gc,phases,ref     ] GC(38)         Cleared: 0
[2024-12-07T22:49:42.770+0800][4.228s][debug][gc,phases,ref     ] GC(38)       FinalReference:
[2024-12-07T22:49:42.770+0800][4.228s][debug][gc,phases,ref     ] GC(38)         Discovered: 0
[2024-12-07T22:49:42.770+0800][4.229s][debug][gc,phases,ref     ] GC(38)         Cleared: 0
[2024-12-07T22:49:42.770+0800][4.229s][debug][gc,phases,ref     ] GC(38)       PhantomReference:
[2024-12-07T22:49:42.771+0800][4.229s][debug][gc,phases,ref     ] GC(38)         Discovered: 0
[2024-12-07T22:49:42.771+0800][4.229s][debug][gc,phases,ref     ] GC(38)         Cleared: 0
[2024-12-07T22:49:42.771+0800][4.229s][debug][gc,phases         ] GC(38)     Weak Processing: 0.0ms
[2024-12-07T22:49:42.771+0800][4.229s][debug][gc,phases         ] GC(38)     Merge Per-Thread State: 0.0ms
[2024-12-07T22:49:42.771+0800][4.229s][debug][gc,phases         ] GC(38)     Code Roots Purge: 0.0ms
[2024-12-07T22:49:42.771+0800][4.229s][debug][gc,phases         ] GC(38)     Redirty Cards: 0.1ms
[2024-12-07T22:49:42.771+0800][4.229s][debug][gc,phases         ] GC(38)     DerivedPointerTable Update: 0.0ms
[2024-12-07T22:49:42.771+0800][4.229s][debug][gc,phases         ] GC(38)     Free Collection Set: 0.1ms
[2024-12-07T22:49:42.771+0800][4.230s][debug][gc,phases         ] GC(38)     Humongous Reclaim: 7.5ms
[2024-12-07T22:49:42.771+0800][4.230s][debug][gc,phases         ] GC(38)     Start New Collection Set: 0.0ms
[2024-12-07T22:49:42.771+0800][4.230s][debug][gc,phases         ] GC(38)     Resize TLABs: 0.0ms
[2024-12-07T22:49:42.772+0800][4.230s][debug][gc,phases         ] GC(38)     Expand Heap After Collection: 0.0ms
[2024-12-07T22:49:42.772+0800][4.230s][info ][gc,phases         ] GC(38)   Other: 2.4ms
[2024-12-07T22:49:42.772+0800][4.230s][info ][gc,heap           ] GC(38) Eden regions: 1->0(41)
[2024-12-07T22:49:42.772+0800][4.230s][info ][gc,heap           ] GC(38) Survivor regions: 1->1(4)
[2024-12-07T22:49:42.772+0800][4.230s][info ][gc,heap           ] GC(38) Old regions: 3->3
[2024-12-07T22:49:42.772+0800][4.230s][info ][gc,heap           ] GC(38) Humongous regions: 226->200
[2024-12-07T22:49:42.772+0800][4.230s][info ][gc,metaspace      ] GC(38) Metaspace: 662K(4864K)->662K(4864K) NonClass: 609K(4352K)->609K(4352K) Class: 52K(512K)->52K(512K)
[2024-12-07T22:49:42.772+0800][4.230s][debug][gc,heap           ] GC(38) Heap after GC invocations=39 (full 0): garbage-first heap   total 519168K, used 206074K [0x00000000e0000000, 0x0000000100000000)
[2024-12-07T22:49:42.772+0800][4.230s][debug][gc,heap           ] GC(38)   region size 1024K, 1 young (1024K), 1 survivors (1024K)
[2024-12-07T22:49:42.772+0800][4.231s][debug][gc,heap           ] GC(38)  Metaspace       used 662K, capacity 4575K, committed 4864K, reserved 1056768K
[2024-12-07T22:49:42.772+0800][4.231s][debug][gc,heap           ] GC(38)   class space    used 52K, capacity 418K, committed 512K, reserved 1048576K
[2024-12-07T22:49:42.772+0800][4.231s][info ][gc                ] GC(38) Pause Young (Concurrent Start) (G1 Humongous Allocation) 227M->201M(507M) 26.090ms
[2024-12-07T22:49:42.772+0800][4.231s][info ][gc,cpu            ] GC(38) User=0.05s Sys=0.00s Real=0.03s
[2024-12-07T22:49:42.773+0800][4.231s][info ][gc                ] GC(39) Concurrent Cycle
[2024-12-07T22:49:42.773+0800][4.232s][info ][gc,marking        ] GC(39) Concurrent Clear Claimed Marks
[2024-12-07T22:49:42.773+0800][4.232s][info ][gc,marking        ] GC(39) Concurrent Clear Claimed Marks 0.094ms
[2024-12-07T22:49:42.773+0800][4.232s][info ][gc,marking        ] GC(39) Concurrent Scan Root Regions
[2024-12-07T22:49:42.773+0800][4.232s][debug][gc,ergo           ] GC(39) Running G1 Root Region Scan using 1 workers for 1 work units.
[2024-12-07T22:49:42.774+0800][4.232s][info ][gc,marking        ] GC(39) Concurrent Scan Root Regions 0.206ms
[2024-12-07T22:49:42.774+0800][4.232s][info ][gc,marking        ] GC(39) Concurrent Mark (4.232s)
[2024-12-07T22:49:42.774+0800][4.232s][info ][gc,marking        ] GC(39) Concurrent Mark From Roots
[2024-12-07T22:49:42.774+0800][4.232s][info ][gc,task           ] GC(39) Using 5 workers of 5 for marking
[2024-12-07T22:49:42.775+0800][4.233s][debug][gc,stats          ] ---------------------------------------------------------------------
[2024-12-07T22:49:42.775+0800][4.233s][debug][gc,stats          ] Marking Stats, task = 0, calls = 14
[2024-12-07T22:49:42.775+0800][4.233s][debug][gc,stats          ]   Elapsed time = 0.67ms, Termination time = 0.00ms
[2024-12-07T22:49:42.775+0800][4.233s][debug][gc,stats          ]   Step Times (cum): num = 1784, avg = 0.01ms, sd = 0.20ms max = 5.58ms, total = 25.94ms
[2024-12-07T22:49:42.775+0800][4.233s][debug][gc,stats          ]   Mark Stats Cache: hits 6483 misses 102 ratio 98.451
[2024-12-07T22:49:42.775+0800][4.233s][debug][gc,stats          ] ---------------------------------------------------------------------
[2024-12-07T22:49:42.775+0800][4.233s][debug][gc,stats          ] Marking Stats, task = 1, calls = 23
[2024-12-07T22:49:42.775+0800][4.233s][debug][gc,stats          ]   Elapsed time = 0.66ms, Termination time = 0.00ms
[2024-12-07T22:49:42.775+0800][4.234s][debug][gc,stats          ]   Step Times (cum): num = 503, avg = 0.05ms, sd = 0.36ms max = 5.59ms, total = 25.30ms
[2024-12-07T22:49:42.775+0800][4.234s][debug][gc,stats          ]   Mark Stats Cache: hits 3529 misses 3 ratio 99.915
[2024-12-07T22:49:42.775+0800][4.234s][debug][gc,stats          ] ---------------------------------------------------------------------
[2024-12-07T22:49:42.775+0800][4.234s][debug][gc,stats          ] Marking Stats, task = 2, calls = 1
[2024-12-07T22:49:42.775+0800][4.234s][debug][gc,stats          ]   Elapsed time = 0.63ms, Termination time = 0.00ms
[2024-12-07T22:49:42.776+0800][4.234s][debug][gc,stats          ]   Step Times (cum): num = 371, avg = 0.07ms, sd = 0.42ms max = 5.58ms, total = 25.82ms
[2024-12-07T22:49:42.776+0800][4.234s][debug][gc,stats          ]   Mark Stats Cache: hits 8325 misses 3 ratio 99.964
[2024-12-07T22:49:42.776+0800][4.234s][debug][gc,stats          ] ---------------------------------------------------------------------
[2024-12-07T22:49:42.776+0800][4.234s][debug][gc,stats          ] Marking Stats, task = 3, calls = 24
[2024-12-07T22:49:42.776+0800][4.234s][debug][gc,stats          ]   Elapsed time = 0.63ms, Termination time = 0.00ms
[2024-12-07T22:49:42.776+0800][4.234s][debug][gc,stats          ]   Step Times (cum): num = 473, avg = 0.05ms, sd = 0.37ms max = 5.59ms, total = 25.37ms
[2024-12-07T22:49:42.776+0800][4.234s][debug][gc,stats          ]   Mark Stats Cache: hits 4185 misses 3 ratio 99.928
[2024-12-07T22:49:42.776+0800][4.234s][debug][gc,stats          ] ---------------------------------------------------------------------
[2024-12-07T22:49:42.776+0800][4.234s][debug][gc,stats          ] Marking Stats, task = 4, calls = 15
[2024-12-07T22:49:42.776+0800][4.234s][debug][gc,stats          ]   Elapsed time = 0.63ms, Termination time = 0.00ms
[2024-12-07T22:49:42.776+0800][4.235s][debug][gc,stats          ]   Step Times (cum): num = 468, avg = 0.05ms, sd = 0.38ms max = 5.59ms, total = 25.72ms
[2024-12-07T22:49:42.776+0800][4.235s][debug][gc,stats          ]   Mark Stats Cache: hits 2973 misses 3 ratio 99.899
[2024-12-07T22:49:42.776+0800][4.235s][debug][gc,stats          ] ---------------------------------------------------------------------
[2024-12-07T22:49:42.776+0800][4.235s][info ][gc,marking        ] GC(39) Concurrent Mark From Roots 2.533ms
[2024-12-07T22:49:42.776+0800][4.235s][info ][gc,marking        ] GC(39) Concurrent Preclean
[2024-12-07T22:49:42.777+0800][4.235s][debug][gc,ref,start      ] GC(39) Preclean SoftReferences
[2024-12-07T22:49:42.777+0800][4.235s][debug][gc,ref            ] GC(39) Preclean SoftReferences 0.073ms
[2024-12-07T22:49:42.777+0800][4.235s][debug][gc,ref,start      ] GC(39) Preclean WeakReferences
[2024-12-07T22:49:42.777+0800][4.235s][debug][gc,ref            ] GC(39) Preclean WeakReferences 0.074ms
[2024-12-07T22:49:42.777+0800][4.235s][debug][gc,ref,start      ] GC(39) Preclean FinalReferences
[2024-12-07T22:49:42.777+0800][4.235s][debug][gc,ref            ] GC(39) Preclean FinalReferences 0.071ms
[2024-12-07T22:49:42.777+0800][4.235s][debug][gc,ref,start      ] GC(39) Preclean PhantomReferences
[2024-12-07T22:49:42.777+0800][4.235s][debug][gc,ref            ] GC(39) Preclean PhantomReferences 0.072ms
[2024-12-07T22:49:42.777+0800][4.235s][info ][gc,marking        ] GC(39) Concurrent Preclean 0.604ms
[2024-12-07T22:49:42.777+0800][4.235s][info ][gc,marking        ] GC(39) Concurrent Mark (4.232s, 4.235s) 3.360ms
[2024-12-07T22:49:42.777+0800][4.236s][info ][gc,start          ] GC(39) Pause Remark
[2024-12-07T22:49:42.777+0800][4.236s][debug][gc,phases,start   ] GC(39) Finalize Marking
[2024-12-07T22:49:42.779+0800][4.238s][debug][gc,stats          ] ---------------------------------------------------------------------
[2024-12-07T22:49:42.780+0800][4.238s][debug][gc,stats          ] Marking Stats, task = 0, calls = 87
[2024-12-07T22:49:42.780+0800][4.238s][debug][gc,stats          ]   Elapsed time = 1.82ms, Termination time = 1.65ms
[2024-12-07T22:49:42.780+0800][4.238s][debug][gc,stats          ]   Step Times (cum): num = 1857, avg = 0.01ms, sd = 0.20ms max = 5.58ms, total = 27.59ms
[2024-12-07T22:49:42.780+0800][4.238s][debug][gc,stats          ]   Mark Stats Cache: hits 6483 misses 102 ratio 98.451
[2024-12-07T22:49:42.780+0800][4.239s][debug][gc,stats          ] ---------------------------------------------------------------------
[2024-12-07T22:49:42.780+0800][4.239s][debug][gc,stats          ] Marking Stats, task = 1, calls = 24
[2024-12-07T22:49:42.781+0800][4.239s][debug][gc,stats          ]   Elapsed time = 1.83ms, Termination time = 1.66ms
[2024-12-07T22:49:42.781+0800][4.239s][debug][gc,stats          ]   Step Times (cum): num = 504, avg = 0.05ms, sd = 0.37ms max = 5.59ms, total = 26.96ms
[2024-12-07T22:49:42.781+0800][4.239s][debug][gc,stats          ]   Mark Stats Cache: hits 3529 misses 3 ratio 99.915
[2024-12-07T22:49:42.781+0800][4.240s][debug][gc,stats          ] ---------------------------------------------------------------------
[2024-12-07T22:49:42.781+0800][4.240s][debug][gc,stats          ] Marking Stats, task = 2, calls = 2
[2024-12-07T22:49:42.782+0800][4.240s][debug][gc,stats          ]   Elapsed time = 1.80ms, Termination time = 1.67ms
[2024-12-07T22:49:42.782+0800][4.240s][debug][gc,stats          ]   Step Times (cum): num = 372, avg = 0.07ms, sd = 0.43ms max = 5.58ms, total = 27.49ms
[2024-12-07T22:49:42.782+0800][4.240s][debug][gc,stats          ]   Mark Stats Cache: hits 8325 misses 3 ratio 99.964
[2024-12-07T22:49:42.782+0800][4.240s][debug][gc,stats          ] ---------------------------------------------------------------------
[2024-12-07T22:49:42.782+0800][4.241s][debug][gc,stats          ] Marking Stats, task = 3, calls = 25
[2024-12-07T22:49:42.782+0800][4.241s][debug][gc,stats          ]   Elapsed time = 1.80ms, Termination time = 1.63ms
[2024-12-07T22:49:42.782+0800][4.241s][debug][gc,stats          ]   Step Times (cum): num = 474, avg = 0.06ms, sd = 0.38ms max = 5.59ms, total = 27.01ms
[2024-12-07T22:49:42.783+0800][4.241s][debug][gc,stats          ]   Mark Stats Cache: hits 4185 misses 3 ratio 99.928
[2024-12-07T22:49:42.783+0800][4.241s][debug][gc,stats          ] ---------------------------------------------------------------------
[2024-12-07T22:49:42.783+0800][4.241s][debug][gc,stats          ] Marking Stats, task = 4, calls = 16
[2024-12-07T22:49:42.783+0800][4.241s][debug][gc,stats          ]   Elapsed time = 1.77ms, Termination time = 1.64ms
[2024-12-07T22:49:42.783+0800][4.241s][debug][gc,stats          ]   Step Times (cum): num = 469, avg = 0.06ms, sd = 0.38ms max = 5.59ms, total = 27.36ms
[2024-12-07T22:49:42.783+0800][4.241s][debug][gc,stats          ]   Mark Stats Cache: hits 2973 misses 3 ratio 99.899
[2024-12-07T22:49:42.783+0800][4.242s][debug][gc,stats          ] ---------------------------------------------------------------------
[2024-12-07T22:49:42.783+0800][4.242s][debug][gc,stats          ] Marking Stats, task = 5, calls = 1
[2024-12-07T22:49:42.783+0800][4.242s][debug][gc,stats          ]   Elapsed time = 1.72ms, Termination time = 1.22ms
[2024-12-07T22:49:42.784+0800][4.242s][debug][gc,stats          ]   Step Times (cum): num = 20, avg = 1.25ms, sd = 1.36ms max = 5.59ms, total = 24.95ms
[2024-12-07T22:49:42.784+0800][4.242s][debug][gc,stats          ]   Mark Stats Cache: hits 0 misses 0 ratio 0.000
[2024-12-07T22:49:42.784+0800][4.242s][debug][gc,stats          ] ---------------------------------------------------------------------
[2024-12-07T22:49:42.784+0800][4.242s][debug][gc,stats          ] Marking Stats, task = 6, calls = 1
[2024-12-07T22:49:42.784+0800][4.242s][debug][gc,stats          ]   Elapsed time = 1.82ms, Termination time = 1.54ms
[2024-12-07T22:49:42.784+0800][4.242s][debug][gc,stats          ]   Step Times (cum): num = 20, avg = 1.26ms, sd = 1.36ms max = 5.59ms, total = 25.15ms
[2024-12-07T22:49:42.784+0800][4.242s][debug][gc,stats          ]   Mark Stats Cache: hits 0 misses 0 ratio 0.000
[2024-12-07T22:49:42.784+0800][4.242s][debug][gc,stats          ] ---------------------------------------------------------------------
[2024-12-07T22:49:42.784+0800][4.243s][debug][gc,stats          ] Marking Stats, task = 7, calls = 1
[2024-12-07T22:49:42.784+0800][4.243s][debug][gc,stats          ]   Elapsed time = 1.75ms, Termination time = 1.53ms
[2024-12-07T22:49:42.784+0800][4.243s][debug][gc,stats          ]   Step Times (cum): num = 20, avg = 1.27ms, sd = 1.31ms max = 5.60ms, total = 25.31ms
[2024-12-07T22:49:42.784+0800][4.243s][debug][gc,stats          ]   Mark Stats Cache: hits 0 misses 0 ratio 0.000
[2024-12-07T22:49:42.785+0800][4.243s][debug][gc,stats          ] ---------------------------------------------------------------------
[2024-12-07T22:49:42.785+0800][4.243s][debug][gc,stats          ] Marking Stats, task = 8, calls = 1
[2024-12-07T22:49:42.785+0800][4.243s][debug][gc,stats          ]   Elapsed time = 1.75ms, Termination time = 1.53ms
[2024-12-07T22:49:42.785+0800][4.243s][debug][gc,stats          ]   Step Times (cum): num = 20, avg = 1.22ms, sd = 1.34ms max = 5.72ms, total = 24.45ms
[2024-12-07T22:49:42.785+0800][4.243s][debug][gc,stats          ]   Mark Stats Cache: hits 0 misses 0 ratio 0.000
[2024-12-07T22:49:42.785+0800][4.243s][debug][gc,stats          ] ---------------------------------------------------------------------
[2024-12-07T22:49:42.785+0800][4.243s][debug][gc,stats          ] Marking Stats, task = 9, calls = 1
[2024-12-07T22:49:42.785+0800][4.243s][debug][gc,stats          ]   Elapsed time = 1.72ms, Termination time = 1.22ms
[2024-12-07T22:49:42.785+0800][4.244s][debug][gc,stats          ]   Step Times (cum): num = 20, avg = 1.17ms, sd = 1.41ms max = 5.87ms, total = 23.42ms
[2024-12-07T22:49:42.785+0800][4.244s][debug][gc,stats          ]   Mark Stats Cache: hits 0 misses 0 ratio 0.000
[2024-12-07T22:49:42.785+0800][4.244s][debug][gc,stats          ] ---------------------------------------------------------------------
[2024-12-07T22:49:42.786+0800][4.244s][debug][gc,stats          ] Marking Stats, task = 10, calls = 1
[2024-12-07T22:49:42.786+0800][4.244s][debug][gc,stats          ]   Elapsed time = 1.73ms, Termination time = 1.23ms
[2024-12-07T22:49:42.786+0800][4.244s][debug][gc,stats          ]   Step Times (cum): num = 20, avg = 0.75ms, sd = 0.91ms max = 3.41ms, total = 15.02ms
[2024-12-07T22:49:42.786+0800][4.244s][debug][gc,stats          ]   Mark Stats Cache: hits 0 misses 0 ratio 0.000
[2024-12-07T22:49:42.786+0800][4.244s][debug][gc,stats          ] ---------------------------------------------------------------------
[2024-12-07T22:49:42.786+0800][4.244s][debug][gc,stats          ] Marking Stats, task = 11, calls = 1
[2024-12-07T22:49:42.786+0800][4.244s][debug][gc,stats          ]   Elapsed time = 0.00ms, Termination time = 0.00ms
[2024-12-07T22:49:42.786+0800][4.244s][debug][gc,stats          ]   Step Times (cum): num = 20, avg = 0.00ms, sd = 0.00ms max = 0.00ms, total = 0.00ms
[2024-12-07T22:49:42.786+0800][4.245s][debug][gc,stats          ]   Mark Stats Cache: hits 0 misses 0 ratio 0.000
[2024-12-07T22:49:42.786+0800][4.245s][debug][gc,stats          ] ---------------------------------------------------------------------
[2024-12-07T22:49:42.786+0800][4.245s][debug][gc,phases         ] GC(39) Finalize Marking 9.051ms
[2024-12-07T22:49:42.786+0800][4.245s][debug][gc,phases,start   ] GC(39) Reference Processing
[2024-12-07T22:49:42.787+0800][4.245s][debug][gc,ref            ] GC(39) Skipped phase1 of Reference Processing due to unavailable references
[2024-12-07T22:49:42.787+0800][4.245s][debug][gc,ref            ] GC(39) Skipped phase2 of Reference Processing due to unavailable references
[2024-12-07T22:49:42.787+0800][4.245s][debug][gc,ref            ] GC(39) Skipped phase3 of Reference Processing due to unavailable references
[2024-12-07T22:49:42.787+0800][4.245s][debug][gc,ref            ] GC(39) Skipped phase4 of Reference Processing due to unavailable references
[2024-12-07T22:49:42.787+0800][4.245s][debug][gc,phases,ref     ] GC(39) Reference Processing: 0.3ms
[2024-12-07T22:49:42.787+0800][4.245s][debug][gc,phases,ref     ] GC(39)   Reconsider SoftReferences: 0.1ms
[2024-12-07T22:49:42.787+0800][4.246s][debug][gc,phases,ref     ] GC(39)     SoftRef (ms):             skipped
[2024-12-07T22:49:42.787+0800][4.246s][debug][gc,phases,ref     ] GC(39)   Notify Soft/WeakReferences: 0.1ms
[2024-12-07T22:49:42.787+0800][4.246s][debug][gc,phases,ref     ] GC(39)     SoftRef (ms):             skipped
[2024-12-07T22:49:42.788+0800][4.246s][debug][gc,phases,ref     ] GC(39)     WeakRef (ms):             skipped
[2024-12-07T22:49:42.788+0800][4.246s][debug][gc,phases,ref     ] GC(39)     FinalRef (ms):            skipped
[2024-12-07T22:49:42.788+0800][4.246s][debug][gc,phases,ref     ] GC(39)     Total (ms):               skipped
[2024-12-07T22:49:42.788+0800][4.246s][debug][gc,phases,ref     ] GC(39)   Notify and keep alive finalizable: 0.1ms
[2024-12-07T22:49:42.788+0800][4.246s][debug][gc,phases,ref     ] GC(39)     FinalRef (ms):            skipped
[2024-12-07T22:49:42.788+0800][4.246s][debug][gc,phases,ref     ] GC(39)   Notify PhantomReferences: 0.1ms
[2024-12-07T22:49:42.788+0800][4.246s][debug][gc,phases,ref     ] GC(39)     PhantomRef (ms):          skipped
[2024-12-07T22:49:42.788+0800][4.247s][debug][gc,phases,ref     ] GC(39)   SoftReference:
[2024-12-07T22:49:42.788+0800][4.247s][debug][gc,phases,ref     ] GC(39)     Discovered: 0
[2024-12-07T22:49:42.788+0800][4.247s][debug][gc,phases,ref     ] GC(39)     Cleared: 0
[2024-12-07T22:49:42.788+0800][4.247s][debug][gc,phases,ref     ] GC(39)   WeakReference:
[2024-12-07T22:49:42.789+0800][4.247s][debug][gc,phases,ref     ] GC(39)     Discovered: 0
[2024-12-07T22:49:42.789+0800][4.247s][debug][gc,phases,ref     ] GC(39)     Cleared: 0
[2024-12-07T22:49:42.789+0800][4.247s][debug][gc,phases,ref     ] GC(39)   FinalReference:
[2024-12-07T22:49:42.789+0800][4.247s][debug][gc,phases,ref     ] GC(39)     Discovered: 0
[2024-12-07T22:49:42.789+0800][4.247s][debug][gc,phases,ref     ] GC(39)     Cleared: 0
[2024-12-07T22:49:42.789+0800][4.247s][debug][gc,phases,ref     ] GC(39)   PhantomReference:
[2024-12-07T22:49:42.789+0800][4.247s][debug][gc,phases,ref     ] GC(39)     Discovered: 0
[2024-12-07T22:49:42.789+0800][4.248s][debug][gc,phases,ref     ] GC(39)     Cleared: 0
[2024-12-07T22:49:42.789+0800][4.248s][debug][gc,phases         ] GC(39) Reference Processing 2.787ms
[2024-12-07T22:49:42.789+0800][4.248s][debug][gc,phases,start   ] GC(39) Weak Processing
[2024-12-07T22:49:42.789+0800][4.248s][debug][gc,phases         ] GC(39) Weak Processing 0.115ms
[2024-12-07T22:49:42.790+0800][4.248s][debug][gc,phases,start   ] GC(39) Class Unloading
[2024-12-07T22:49:42.790+0800][4.248s][debug][gc,phases,start   ] GC(39) ClassLoaderData
[2024-12-07T22:49:42.790+0800][4.248s][debug][gc,phases         ] GC(39) ClassLoaderData 0.095ms
[2024-12-07T22:49:42.790+0800][4.248s][debug][gc,phases,start   ] GC(39) ProtectionDomainCacheTable
[2024-12-07T22:49:42.790+0800][4.248s][debug][gc,phases         ] GC(39) ProtectionDomainCacheTable 0.088ms
[2024-12-07T22:49:42.790+0800][4.249s][info ][gc,stringtable    ] GC(39) Cleaned string and symbol table, strings: 64 processed, 0 removed, symbols: 226 processed, 0 removed
[2024-12-07T22:49:42.790+0800][4.249s][debug][gc,phases         ] GC(39) Class Unloading 0.823ms
[2024-12-07T22:49:42.791+0800][4.249s][debug][gc,phases,start   ] GC(39) Flush Task Caches
[2024-12-07T22:49:42.791+0800][4.249s][debug][gc,stats          ] Mark stats cache hits 25495 misses 114 ratio 99.555
[2024-12-07T22:49:42.791+0800][4.249s][debug][gc,phases         ] GC(39) Flush Task Caches 0.224ms
[2024-12-07T22:49:42.791+0800][4.249s][debug][gc,phases,start   ] GC(39) Update Remembered Set Tracking Before Rebuild
[2024-12-07T22:49:42.791+0800][4.249s][debug][gc,ergo           ] GC(39) Running G1 Update RemSet Tracking Before Rebuild using 2 workers for 507 regions in heap
[2024-12-07T22:49:42.791+0800][4.249s][debug][gc,remset,tracking] GC(39) Remembered Set Tracking update regions total 507, selected 1
[2024-12-07T22:49:42.791+0800][4.249s][debug][gc,phases         ] GC(39) Update Remembered Set Tracking Before Rebuild 0.333ms
[2024-12-07T22:49:42.791+0800][4.250s][debug][gc,phases,start   ] GC(39) Reclaim Empty Regions
[2024-12-07T22:49:42.791+0800][4.250s][debug][gc,phases         ] GC(39) Reclaim Empty Regions 0.168ms
[2024-12-07T22:49:42.792+0800][4.250s][debug][gc,phases,start   ] GC(39) Purge Metaspace
[2024-12-07T22:49:42.792+0800][4.250s][debug][gc,phases         ] GC(39) Purge Metaspace 0.094ms
[2024-12-07T22:49:42.792+0800][4.250s][debug][gc,phases,start   ] GC(39) Report Object Count
[2024-12-07T22:49:42.792+0800][4.250s][debug][gc,phases         ] GC(39) Report Object Count 0.087ms
[2024-12-07T22:49:42.792+0800][4.250s][info ][gc                ] GC(39) Pause Remark 213M->213M(507M) 14.597ms
[2024-12-07T22:49:42.792+0800][4.250s][info ][gc,cpu            ] GC(39) User=0.02s Sys=0.00s Real=0.02s
[2024-12-07T22:49:42.792+0800][4.250s][info ][gc,marking        ] GC(39) Concurrent Rebuild Remembered Sets
[2024-12-07T22:49:42.793+0800][4.251s][info ][gc,marking        ] GC(39) Concurrent Rebuild Remembered Sets 0.437ms
[2024-12-07T22:49:42.793+0800][4.251s][info ][gc,start          ] GC(39) Pause Cleanup
[2024-12-07T22:49:42.793+0800][4.251s][debug][gc,phases,start   ] GC(39) Update Remembered Set Tracking After Rebuild
[2024-12-07T22:49:42.793+0800][4.251s][debug][gc,phases         ] GC(39) Update Remembered Set Tracking After Rebuild 0.094ms
[2024-12-07T22:49:42.793+0800][4.251s][debug][gc,phases,start   ] GC(39) Finalize Concurrent Mark Cleanup
[2024-12-07T22:49:42.793+0800][4.252s][debug][gc,ergo           ] GC(39) request young-only gcs (candidate old regions not available)
[2024-12-07T22:49:42.793+0800][4.252s][debug][gc,phases         ] GC(39) Finalize Concurrent Mark Cleanup 0.270ms
[2024-12-07T22:49:42.793+0800][4.252s][info ][gc                ] GC(39) Pause Cleanup 213M->213M(507M) 0.632ms
[2024-12-07T22:49:42.793+0800][4.252s][info ][gc,cpu            ] GC(39) User=0.00s Sys=0.00s Real=0.00s
[2024-12-07T22:49:42.794+0800][4.252s][info ][gc,marking        ] GC(39) Concurrent Cleanup for Next Mark
[2024-12-07T22:49:42.794+0800][4.252s][debug][gc,ergo           ] GC(39) Running G1 Clear Bitmap with 5 workers for 8 work units.
[2024-12-07T22:49:42.794+0800][4.252s][info ][gc,marking        ] GC(39) Concurrent Cleanup for Next Mark 0.322ms
[2024-12-07T22:49:42.794+0800][4.252s][info ][gc                ] GC(39) Concurrent Cycle 21.425ms
[2024-12-07T22:49:42.875+0800][4.333s][debug][gc,ergo,ihop      ] Request concurrent cycle initiation (occupancy higher than threshold) occupancy: 240123904B allocation request: 1048592B threshold: 239232614B (45.00) source: concurrent humongous allocation
[2024-12-07T22:49:42.875+0800][4.334s][debug][gc,ergo           ] Request concurrent cycle initiation (requested by GC cause). GC cause: G1 Humongous Allocation
[2024-12-07T22:49:42.876+0800][4.334s][debug][gc,heap           ] GC(40) Heap before GC invocations=40 (full 0): garbage-first heap   total 519168K, used 232698K [0x00000000e0000000, 0x0000000100000000)
[2024-12-07T22:49:42.876+0800][4.334s][debug][gc,heap           ] GC(40)   region size 1024K, 2 young (2048K), 1 survivors (1024K)
[2024-12-07T22:49:42.876+0800][4.334s][debug][gc,heap           ] GC(40)  Metaspace       used 663K, capacity 4575K, committed 4864K, reserved 1056768K
[2024-12-07T22:49:42.876+0800][4.334s][debug][gc,heap           ] GC(40)   class space    used 52K, capacity 418K, committed 512K, reserved 1048576K
[2024-12-07T22:49:42.876+0800][4.334s][debug][gc,ergo           ] GC(40) Initiate concurrent cycle (concurrent cycle initiation requested)
[2024-12-07T22:49:42.876+0800][4.335s][info ][gc,start          ] GC(40) Pause Young (Concurrent Start) (G1 Humongous Allocation)
[2024-12-07T22:49:42.876+0800][4.335s][info ][gc,task           ] GC(40) Using 12 workers of 18 for evacuation
[2024-12-07T22:49:42.876+0800][4.335s][debug][gc,tlab           ] GC(40) TLAB totals: thrds: 1  refills: 1 max: 1 slow allocs: 13 max 13 waste: 99.5% gc: 521496B max: 521496B slow: 0B max: 0B fast: 0B max: 0B
[2024-12-07T22:49:42.877+0800][4.335s][debug][gc,alloc,region   ] GC(40) Mutator Allocation stats, regions: 1, wasted size: 0B ( 0.0%)
[2024-12-07T22:49:42.877+0800][4.335s][debug][gc,age            ] GC(40) Desired survivor size 3145728 bytes, new threshold 15 (max threshold 15)
[2024-12-07T22:49:42.877+0800][4.335s][debug][gc,ergo,cset      ] GC(40) Finish choosing CSet. old: 0 regions, predicted old region time: 0.00ms, time remaining: 186.87
[2024-12-07T22:49:42.877+0800][4.335s][debug][gc,task,stats     ] GC(40) GC Termination Stats
[2024-12-07T22:49:42.877+0800][4.335s][debug][gc,task,stats     ] GC(40)      elapsed  --strong roots-- -------termination------- ------waste (KiB)------
[2024-12-07T22:49:42.877+0800][4.335s][debug][gc,task,stats     ] GC(40) thr     ms        ms      %        ms      %    attempts  total   alloc    undo
[2024-12-07T22:49:42.877+0800][4.336s][debug][gc,task,stats     ] GC(40) --- --------- --------- ------ --------- ------ -------- ------- ------- -------
[2024-12-07T22:49:42.881+0800][4.339s][debug][gc,task,stats     ] GC(40)  10      3.61      3.61  99.93      0.00   0.00        1       0       0       0
[2024-12-07T22:49:42.881+0800][4.340s][debug][gc,task,stats     ] GC(40)   3      3.83      1.76  46.02      2.06  53.88        1       0       0       0
[2024-12-07T22:49:42.881+0800][4.340s][debug][gc,task,stats     ] GC(40)   6      3.92      2.21  56.31      1.58  40.17        1       0       0       0
[2024-12-07T22:49:42.881+0800][4.340s][debug][gc,task,stats     ] GC(40)   0      4.08      0.18   4.35      3.67  89.78        1       0       0       0
[2024-12-07T22:49:42.882+0800][4.340s][debug][gc,task,stats     ] GC(40)   2      4.19      1.75  41.76      2.05  48.79        1       0       0       0
[2024-12-07T22:49:42.882+0800][4.340s][debug][gc,task,stats     ] GC(40)   4      4.27      1.76  41.27      1.95  45.72        1       0       0       0
[2024-12-07T22:49:42.882+0800][4.340s][debug][gc,task,stats     ] GC(40)   5      4.35      2.27  52.07      1.41  32.30        1       0       0       0
[2024-12-07T22:49:42.882+0800][4.340s][debug][gc,task,stats     ] GC(40)   9      4.41      3.57  81.07      0.07   1.52        1       0       0       0
[2024-12-07T22:49:42.882+0800][4.340s][debug][gc,task,stats     ] GC(40)   7      4.51      2.29  50.81      1.36  30.13        1       0       0       0
[2024-12-07T22:49:42.882+0800][4.340s][debug][gc,task,stats     ] GC(40)   8      4.59      2.37  51.61      1.27  27.72        1       0       0       0
[2024-12-07T22:49:42.882+0800][4.341s][debug][gc,task,stats     ] GC(40)   1      4.86      0.15   3.09      3.55  73.04        1       0       0       0
[2024-12-07T22:49:42.882+0800][4.341s][debug][gc,task,stats     ] GC(40)  11      4.95      0.05   1.03      3.72  75.10        1       0       0       0
[2024-12-07T22:49:42.883+0800][4.341s][debug][gc,ergo           ] GC(40) Running G1 Clear Card Table Task using 1 workers for 1 units of work for 3 regions.
[2024-12-07T22:49:42.883+0800][4.341s][debug][gc,ref            ] GC(40) Skipped phase1 of Reference Processing due to unavailable references
[2024-12-07T22:49:42.883+0800][4.341s][debug][gc,ref            ] GC(40) Skipped phase2 of Reference Processing due to unavailable references
[2024-12-07T22:49:42.883+0800][4.342s][debug][gc,ref            ] GC(40) Skipped phase3 of Reference Processing due to unavailable references
[2024-12-07T22:49:42.884+0800][4.342s][debug][gc,ref            ] GC(40) Skipped phase4 of Reference Processing due to unavailable references
[2024-12-07T22:49:42.884+0800][4.342s][debug][gc,ergo           ] GC(40) Running G1 Free Collection Set using 1 workers for collection set length 2
[2024-12-07T22:49:42.884+0800][4.342s][debug][gc,humongous      ] GC(40) Live humongous region 0 object size 1048592 start 0x00000000e0000000  with remset 0 code roots 0 is marked 0 reclaim candidate 0 type array 1
[2024-12-07T22:49:42.884+0800][4.343s][debug][gc,humongous      ] GC(40) Live humongous region 2 object size 1048592 start 0x00000000e0200000  with remset 0 code roots 0 is marked 0 reclaim candidate 0 type array 1
[2024-12-07T22:49:42.884+0800][4.343s][debug][gc,humongous      ] GC(40) Live humongous region 4 object size 1048592 start 0x00000000e0400000  with remset 0 code roots 0 is marked 0 reclaim candidate 0 type array 1
[2024-12-07T22:49:42.884+0800][4.343s][debug][gc,humongous      ] GC(40) Live humongous region 6 object size 1048592 start 0x00000000e0600000  with remset 0 code roots 0 is marked 0 reclaim candidate 0 type array 1
[2024-12-07T22:49:42.884+0800][4.343s][debug][gc,humongous      ] GC(40) Live humongous region 8 object size 1048592 start 0x00000000e0800000  with remset 0 code roots 0 is marked 0 reclaim candidate 0 type array 1
[2024-12-07T22:49:42.884+0800][4.343s][debug][gc,humongous      ] GC(40) Live humongous region 10 object size 1048592 start 0x00000000e0a00000  with remset 0 code roots 0 is marked 0 reclaim candidate 0 type array 1
[2024-12-07T22:49:42.885+0800][4.343s][debug][gc,humongous      ] GC(40) Live humongous region 12 object size 1048592 start 0x00000000e0c00000  with remset 0 code roots 0 is marked 0 reclaim candidate 0 type array 1
[2024-12-07T22:49:42.885+0800][4.343s][debug][gc,humongous      ] GC(40) Live humongous region 14 object size 1048592 start 0x00000000e0e00000  with remset 0 code roots 0 is marked 0 reclaim candidate 0 type array 1
[2024-12-07T22:49:42.885+0800][4.343s][debug][gc,humongous      ] GC(40) Live humongous region 16 object size 1048592 start 0x00000000e1000000  with remset 0 code roots 0 is marked 0 reclaim candidate 0 type array 1
[2024-12-07T22:49:42.885+0800][4.343s][debug][gc,humongous      ] GC(40) Live humongous region 18 object size 1048592 start 0x00000000e1200000  with remset 0 code roots 0 is marked 0 reclaim candidate 0 type array 1
[2024-12-07T22:49:42.885+0800][4.343s][debug][gc,humongous      ] GC(40) Live humongous region 20 object size 1048592 start 0x00000000e1400000  with remset 0 code roots 0 is marked 0 reclaim candidate 0 type array 1
[2024-12-07T22:49:42.885+0800][4.343s][debug][gc,humongous      ] GC(40) Live humongous region 22 object size 1048592 start 0x00000000e1600000  with remset 0 code roots 0 is marked 0 reclaim candidate 0 type array 1
[2024-12-07T22:49:42.885+0800][4.343s][debug][gc,humongous      ] GC(40) Live humongous region 24 object size 1048592 start 0x00000000e1800000  with remset 0 code roots 0 is marked 0 reclaim candidate 0 type array 1
[2024-12-07T22:49:42.885+0800][4.343s][debug][gc,humongous      ] GC(40) Live humongous region 26 object size 1048592 start 0x00000000e1a00000  with remset 0 code roots 0 is marked 0 reclaim candidate 0 type array 1
[2024-12-07T22:49:42.885+0800][4.343s][debug][gc,humongous      ] GC(40) Live humongous region 28 object size 1048592 start 0x00000000e1c00000  with remset 0 code roots 0 is marked 0 reclaim candidate 0 type array 1
[2024-12-07T22:49:42.885+0800][4.343s][debug][gc,humongous      ] GC(40) Live humongous region 30 object size 1048592 start 0x00000000e1e00000  with remset 0 code roots 0 is marked 0 reclaim candidate 0 type array 1
[2024-12-07T22:49:42.885+0800][4.343s][debug][gc,humongous      ] GC(40) Live humongous region 32 object size 1048592 start 0x00000000e2000000  with remset 0 code roots 0 is marked 0 reclaim candidate 0 type array 1
[2024-12-07T22:49:42.885+0800][4.344s][debug][gc,humongous      ] GC(40) Live humongous region 34 object size 1048592 start 0x00000000e2200000  with remset 0 code roots 0 is marked 0 reclaim candidate 0 type array 1
[2024-12-07T22:49:42.885+0800][4.344s][debug][gc,humongous      ] GC(40) Live humongous region 36 object size 1048592 start 0x00000000e2400000  with remset 0 code roots 0 is marked 0 reclaim candidate 0 type array 1
[2024-12-07T22:49:42.885+0800][4.344s][debug][gc,humongous      ] GC(40) Live humongous region 38 object size 1048592 start 0x00000000e2600000  with remset 0 code roots 0 is marked 0 reclaim candidate 0 type array 1
[2024-12-07T22:49:42.885+0800][4.344s][debug][gc,humongous      ] GC(40) Dead humongous region 40 object size 1048592 start 0x00000000e2800000 with remset 0 code roots 0 is marked 0 reclaim candidate 1 type array 1
[2024-12-07T22:49:42.885+0800][4.344s][debug][gc,humongous      ] GC(40) Dead humongous region 42 object size 1048592 start 0x00000000e2a00000 with remset 0 code roots 0 is marked 0 reclaim candidate 1 type array 1
[2024-12-07T22:49:42.886+0800][4.344s][debug][gc,humongous      ] GC(40) Dead humongous region 44 object size 1048592 start 0x00000000e2c00000 with remset 0 code roots 0 is marked 0 reclaim candidate 1 type array 1
[2024-12-07T22:49:42.886+0800][4.344s][debug][gc,humongous      ] GC(40) Dead humongous region 46 object size 1048592 start 0x00000000e2e00000 with remset 0 code roots 0 is marked 0 reclaim candidate 1 type array 1
[2024-12-07T22:49:42.886+0800][4.344s][debug][gc,humongous      ] GC(40) Dead humongous region 48 object size 1048592 start 0x00000000e3000000 with remset 0 code roots 0 is marked 0 reclaim candidate 1 type array 1
[2024-12-07T22:49:42.886+0800][4.344s][debug][gc,humongous      ] GC(40) Dead humongous region 50 object size 1048592 start 0x00000000e3200000 with remset 0 code roots 0 is marked 0 reclaim candidate 1 type array 1
[2024-12-07T22:49:42.886+0800][4.344s][debug][gc,humongous      ] GC(40) Dead humongous region 52 object size 1048592 start 0x00000000e3400000 with remset 0 code roots 0 is marked 0 reclaim candidate 1 type array 1
[2024-12-07T22:49:42.886+0800][4.344s][debug][gc,humongous      ] GC(40) Dead humongous region 54 object size 1048592 start 0x00000000e3600000 with remset 0 code roots 0 is marked 0 reclaim candidate 1 type array 1
[2024-12-07T22:49:42.886+0800][4.344s][debug][gc,humongous      ] GC(40) Dead humongous region 56 object size 1048592 start 0x00000000e3800000 with remset 0 code roots 0 is marked 0 reclaim candidate 1 type array 1
[2024-12-07T22:49:42.886+0800][4.344s][debug][gc,humongous      ] GC(40) Dead humongous region 58 object size 1048592 start 0x00000000e3a00000 with remset 0 code roots 0 is marked 0 reclaim candidate 1 type array 1
[2024-12-07T22:49:42.886+0800][4.344s][debug][gc,humongous      ] GC(40) Dead humongous region 60 object size 1048592 start 0x00000000e3c00000 with remset 0 code roots 0 is marked 0 reclaim candidate 1 type array 1
[2024-12-07T22:49:42.886+0800][4.344s][debug][gc,humongous      ] GC(40) Dead humongous region 62 object size 1048592 start 0x00000000e3e00000 with remset 0 code roots 0 is marked 0 reclaim candidate 1 type array 1
[2024-12-07T22:49:42.886+0800][4.345s][debug][gc,humongous      ] GC(40) Dead humongous region 64 object size 1048592 start 0x00000000e4000000 with remset 0 code roots 0 is marked 0 reclaim candidate 1 type array 1
[2024-12-07T22:49:42.886+0800][4.345s][debug][gc,humongous      ] GC(40) Live humongous region 66 object size 1048592 start 0x00000000e4200000  with remset 0 code roots 0 is marked 0 reclaim candidate 0 type array 1
[2024-12-07T22:49:42.887+0800][4.345s][debug][gc,humongous      ] GC(40) Live humongous region 68 object size 1048592 start 0x00000000e4400000  with remset 0 code roots 0 is marked 0 reclaim candidate 0 type array 1
[2024-12-07T22:49:42.887+0800][4.345s][debug][gc,humongous      ] GC(40) Live humongous region 70 object size 1048592 start 0x00000000e4600000  with remset 0 code roots 0 is marked 0 reclaim candidate 0 type array 1
[2024-12-07T22:49:42.887+0800][4.345s][debug][gc,humongous      ] GC(40) Live humongous region 72 object size 1048592 start 0x00000000e4800000  with remset 0 code roots 0 is marked 0 reclaim candidate 0 type array 1
[2024-12-07T22:49:42.887+0800][4.345s][debug][gc,humongous      ] GC(40) Live humongous region 74 object size 1048592 start 0x00000000e4a00000  with remset 0 code roots 0 is marked 0 reclaim candidate 0 type array 1
[2024-12-07T22:49:42.887+0800][4.345s][debug][gc,humongous      ] GC(40) Live humongous region 76 object size 1048592 start 0x00000000e4c00000  with remset 0 code roots 0 is marked 0 reclaim candidate 0 type array 1
[2024-12-07T22:49:42.887+0800][4.345s][debug][gc,humongous      ] GC(40) Live humongous region 78 object size 1048592 start 0x00000000e4e00000  with remset 0 code roots 0 is marked 0 reclaim candidate 0 type array 1
[2024-12-07T22:49:42.887+0800][4.346s][debug][gc,humongous      ] GC(40) Live humongous region 80 object size 1048592 start 0x00000000e5000000  with remset 0 code roots 0 is marked 0 reclaim candidate 0 type array 1
[2024-12-07T22:49:42.887+0800][4.346s][debug][gc,humongous      ] GC(40) Live humongous region 82 object size 1048592 start 0x00000000e5200000  with remset 0 code roots 0 is marked 0 reclaim candidate 0 type array 1
[2024-12-07T22:49:42.887+0800][4.346s][debug][gc,humongous      ] GC(40) Live humongous region 84 object size 1048592 start 0x00000000e5400000  with remset 0 code roots 0 is marked 0 reclaim candidate 0 type array 1
[2024-12-07T22:49:42.887+0800][4.346s][debug][gc,humongous      ] GC(40) Live humongous region 86 object size 1048592 start 0x00000000e5600000  with remset 0 code roots 0 is marked 0 reclaim candidate 0 type array 1
[2024-12-07T22:49:42.887+0800][4.346s][debug][gc,humongous      ] GC(40) Live humongous region 88 object size 1048592 start 0x00000000e5800000  with remset 0 code roots 0 is marked 0 reclaim candidate 0 type array 1
[2024-12-07T22:49:42.888+0800][4.346s][debug][gc,humongous      ] GC(40) Live humongous region 90 object size 1048592 start 0x00000000e5a00000  with remset 0 code roots 0 is marked 0 reclaim candidate 0 type array 1
[2024-12-07T22:49:42.888+0800][4.346s][debug][gc,humongous      ] GC(40) Live humongous region 92 object size 1048592 start 0x00000000e5c00000  with remset 0 code roots 0 is marked 0 reclaim candidate 0 type array 1
[2024-12-07T22:49:42.888+0800][4.346s][debug][gc,humongous      ] GC(40) Live humongous region 94 object size 1048592 start 0x00000000e5e00000  with remset 0 code roots 0 is marked 0 reclaim candidate 0 type array 1
[2024-12-07T22:49:42.888+0800][4.346s][debug][gc,humongous      ] GC(40) Live humongous region 96 object size 1048592 start 0x00000000e6000000  with remset 0 code roots 0 is marked 0 reclaim candidate 0 type array 1
[2024-12-07T22:49:42.888+0800][4.346s][debug][gc,humongous      ] GC(40) Live humongous region 98 object size 1048592 start 0x00000000e6200000  with remset 0 code roots 0 is marked 0 reclaim candidate 0 type array 1
[2024-12-07T22:49:42.888+0800][4.346s][debug][gc,humongous      ] GC(40) Live humongous region 100 object size 1048592 start 0x00000000e6400000  with remset 0 code roots 0 is marked 0 reclaim candidate 0 type array 1
[2024-12-07T22:49:42.888+0800][4.346s][debug][gc,humongous      ] GC(40) Live humongous region 102 object size 1048592 start 0x00000000e6600000  with remset 0 code roots 0 is marked 0 reclaim candidate 0 type array 1
[2024-12-07T22:49:42.888+0800][4.346s][debug][gc,humongous      ] GC(40) Live humongous region 104 object size 1048592 start 0x00000000e6800000  with remset 0 code roots 0 is marked 0 reclaim candidate 0 type array 1
[2024-12-07T22:49:42.888+0800][4.346s][debug][gc,humongous      ] GC(40) Live humongous region 106 object size 1048592 start 0x00000000e6a00000  with remset 0 code roots 0 is marked 0 reclaim candidate 0 type array 1
[2024-12-07T22:49:42.888+0800][4.347s][debug][gc,humongous      ] GC(40) Live humongous region 108 object size 1048592 start 0x00000000e6c00000  with remset 0 code roots 0 is marked 0 reclaim candidate 0 type array 1
[2024-12-07T22:49:42.888+0800][4.347s][debug][gc,humongous      ] GC(40) Live humongous region 110 object size 1048592 start 0x00000000e6e00000  with remset 0 code roots 0 is marked 0 reclaim candidate 0 type array 1
[2024-12-07T22:49:42.888+0800][4.347s][debug][gc,humongous      ] GC(40) Live humongous region 112 object size 1048592 start 0x00000000e7000000  with remset 0 code roots 0 is marked 0 reclaim candidate 0 type array 1
[2024-12-07T22:49:42.888+0800][4.347s][debug][gc,humongous      ] GC(40) Live humongous region 114 object size 1048592 start 0x00000000e7200000  with remset 0 code roots 0 is marked 0 reclaim candidate 0 type array 1
[2024-12-07T22:49:42.888+0800][4.347s][debug][gc,humongous      ] GC(40) Live humongous region 116 object size 1048592 start 0x00000000e7400000  with remset 0 code roots 0 is marked 0 reclaim candidate 0 type array 1
[2024-12-07T22:49:42.889+0800][4.347s][debug][gc,humongous      ] GC(40) Live humongous region 118 object size 1048592 start 0x00000000e7600000  with remset 0 code roots 0 is marked 0 reclaim candidate 0 type array 1
[2024-12-07T22:49:42.889+0800][4.347s][debug][gc,humongous      ] GC(40) Live humongous region 120 object size 1048592 start 0x00000000e7800000  with remset 0 code roots 0 is marked 0 reclaim candidate 0 type array 1
[2024-12-07T22:49:42.889+0800][4.347s][debug][gc,humongous      ] GC(40) Live humongous region 122 object size 1048592 start 0x00000000e7a00000  with remset 0 code roots 0 is marked 0 reclaim candidate 0 type array 1
[2024-12-07T22:49:42.889+0800][4.347s][debug][gc,humongous      ] GC(40) Live humongous region 124 object size 1048592 start 0x00000000e7c00000  with remset 0 code roots 0 is marked 0 reclaim candidate 0 type array 1
[2024-12-07T22:49:42.889+0800][4.347s][debug][gc,humongous      ] GC(40) Live humongous region 126 object size 1048592 start 0x00000000e7e00000  with remset 0 code roots 0 is marked 0 reclaim candidate 0 type array 1
[2024-12-07T22:49:42.889+0800][4.347s][debug][gc,humongous      ] GC(40) Live humongous region 128 object size 1048592 start 0x00000000e8000000  with remset 0 code roots 0 is marked 0 reclaim candidate 0 type array 1
[2024-12-07T22:49:42.889+0800][4.347s][debug][gc,humongous      ] GC(40) Live humongous region 130 object size 1048592 start 0x00000000e8200000  with remset 0 code roots 0 is marked 0 reclaim candidate 0 type array 1
[2024-12-07T22:49:42.889+0800][4.347s][debug][gc,humongous      ] GC(40) Live humongous region 132 object size 1048592 start 0x00000000e8400000  with remset 0 code roots 0 is marked 0 reclaim candidate 0 type array 1
[2024-12-07T22:49:42.889+0800][4.347s][debug][gc,humongous      ] GC(40) Live humongous region 134 object size 1048592 start 0x00000000e8600000  with remset 0 code roots 0 is marked 0 reclaim candidate 0 type array 1
[2024-12-07T22:49:42.889+0800][4.347s][debug][gc,humongous      ] GC(40) Live humongous region 136 object size 1048592 start 0x00000000e8800000  with remset 0 code roots 0 is marked 0 reclaim candidate 0 type array 1
[2024-12-07T22:49:42.889+0800][4.347s][debug][gc,humongous      ] GC(40) Live humongous region 138 object size 1048592 start 0x00000000e8a00000  with remset 0 code roots 0 is marked 0 reclaim candidate 0 type array 1
[2024-12-07T22:49:42.889+0800][4.348s][debug][gc,humongous      ] GC(40) Live humongous region 140 object size 1048592 start 0x00000000e8c00000  with remset 0 code roots 0 is marked 0 reclaim candidate 0 type array 1
[2024-12-07T22:49:42.889+0800][4.348s][debug][gc,humongous      ] GC(40) Live humongous region 142 object size 1048592 start 0x00000000e8e00000  with remset 0 code roots 0 is marked 0 reclaim candidate 0 type array 1
[2024-12-07T22:49:42.889+0800][4.348s][debug][gc,humongous      ] GC(40) Live humongous region 144 object size 1048592 start 0x00000000e9000000  with remset 0 code roots 0 is marked 0 reclaim candidate 0 type array 1
[2024-12-07T22:49:42.889+0800][4.348s][debug][gc,humongous      ] GC(40) Live humongous region 146 object size 1048592 start 0x00000000e9200000  with remset 0 code roots 0 is marked 0 reclaim candidate 0 type array 1
[2024-12-07T22:49:42.890+0800][4.348s][debug][gc,humongous      ] GC(40) Live humongous region 148 object size 1048592 start 0x00000000e9400000  with remset 0 code roots 0 is marked 0 reclaim candidate 0 type array 1
[2024-12-07T22:49:42.890+0800][4.348s][debug][gc,humongous      ] GC(40) Live humongous region 150 object size 1048592 start 0x00000000e9600000  with remset 0 code roots 0 is marked 0 reclaim candidate 0 type array 1
[2024-12-07T22:49:42.890+0800][4.348s][debug][gc,humongous      ] GC(40) Live humongous region 152 object size 1048592 start 0x00000000e9800000  with remset 0 code roots 0 is marked 0 reclaim candidate 0 type array 1
[2024-12-07T22:49:42.890+0800][4.348s][debug][gc,humongous      ] GC(40) Live humongous region 154 object size 1048592 start 0x00000000e9a00000  with remset 0 code roots 0 is marked 0 reclaim candidate 0 type array 1
[2024-12-07T22:49:42.890+0800][4.348s][debug][gc,humongous      ] GC(40) Live humongous region 156 object size 1048592 start 0x00000000e9c00000  with remset 0 code roots 0 is marked 0 reclaim candidate 0 type array 1
[2024-12-07T22:49:42.890+0800][4.348s][debug][gc,humongous      ] GC(40) Live humongous region 158 object size 1048592 start 0x00000000e9e00000  with remset 0 code roots 0 is marked 0 reclaim candidate 0 type array 1
[2024-12-07T22:49:42.890+0800][4.348s][debug][gc,humongous      ] GC(40) Live humongous region 160 object size 1048592 start 0x00000000ea000000  with remset 0 code roots 0 is marked 0 reclaim candidate 0 type array 1
[2024-12-07T22:49:42.890+0800][4.348s][debug][gc,humongous      ] GC(40) Live humongous region 162 object size 1048592 start 0x00000000ea200000  with remset 0 code roots 0 is marked 0 reclaim candidate 0 type array 1
[2024-12-07T22:49:42.890+0800][4.348s][debug][gc,humongous      ] GC(40) Live humongous region 164 object size 1048592 start 0x00000000ea400000  with remset 0 code roots 0 is marked 0 reclaim candidate 0 type array 1
[2024-12-07T22:49:42.890+0800][4.348s][debug][gc,humongous      ] GC(40) Live humongous region 166 object size 1048592 start 0x00000000ea600000  with remset 0 code roots 0 is marked 0 reclaim candidate 0 type array 1
[2024-12-07T22:49:42.890+0800][4.348s][debug][gc,humongous      ] GC(40) Live humongous region 168 object size 1048592 start 0x00000000ea800000  with remset 0 code roots 0 is marked 0 reclaim candidate 0 type array 1
[2024-12-07T22:49:42.890+0800][4.349s][debug][gc,humongous      ] GC(40) Live humongous region 170 object size 1048592 start 0x00000000eaa00000  with remset 0 code roots 0 is marked 0 reclaim candidate 0 type array 1
[2024-12-07T22:49:42.890+0800][4.349s][debug][gc,humongous      ] GC(40) Live humongous region 172 object size 1048592 start 0x00000000eac00000  with remset 0 code roots 0 is marked 0 reclaim candidate 0 type array 1
[2024-12-07T22:49:42.890+0800][4.349s][debug][gc,humongous      ] GC(40) Live humongous region 174 object size 1048592 start 0x00000000eae00000  with remset 0 code roots 0 is marked 0 reclaim candidate 0 type array 1
[2024-12-07T22:49:42.890+0800][4.349s][debug][gc,humongous      ] GC(40) Live humongous region 176 object size 1048592 start 0x00000000eb000000  with remset 0 code roots 0 is marked 0 reclaim candidate 0 type array 1
[2024-12-07T22:49:42.890+0800][4.349s][debug][gc,humongous      ] GC(40) Live humongous region 178 object size 1048592 start 0x00000000eb200000  with remset 0 code roots 0 is marked 0 reclaim candidate 0 type array 1
[2024-12-07T22:49:42.891+0800][4.349s][debug][gc,humongous      ] GC(40) Live humongous region 180 object size 1048592 start 0x00000000eb400000  with remset 0 code roots 0 is marked 0 reclaim candidate 0 type array 1
[2024-12-07T22:49:42.891+0800][4.349s][debug][gc,humongous      ] GC(40) Live humongous region 182 object size 1048592 start 0x00000000eb600000  with remset 0 code roots 0 is marked 0 reclaim candidate 0 type array 1
[2024-12-07T22:49:42.891+0800][4.349s][debug][gc,humongous      ] GC(40) Live humongous region 184 object size 1048592 start 0x00000000eb800000  with remset 0 code roots 0 is marked 0 reclaim candidate 0 type array 1
[2024-12-07T22:49:42.891+0800][4.349s][debug][gc,humongous      ] GC(40) Live humongous region 186 object size 1048592 start 0x00000000eba00000  with remset 0 code roots 0 is marked 0 reclaim candidate 0 type array 1
[2024-12-07T22:49:42.891+0800][4.349s][debug][gc,humongous      ] GC(40) Live humongous region 188 object size 1048592 start 0x00000000ebc00000  with remset 0 code roots 0 is marked 0 reclaim candidate 0 type array 1
[2024-12-07T22:49:42.891+0800][4.349s][debug][gc,humongous      ] GC(40) Live humongous region 190 object size 1048592 start 0x00000000ebe00000  with remset 0 code roots 0 is marked 0 reclaim candidate 0 type array 1
[2024-12-07T22:49:42.891+0800][4.349s][debug][gc,humongous      ] GC(40) Live humongous region 192 object size 1048592 start 0x00000000ec000000  with remset 0 code roots 0 is marked 0 reclaim candidate 0 type array 1
[2024-12-07T22:49:42.891+0800][4.349s][debug][gc,humongous      ] GC(40) Live humongous region 194 object size 1048592 start 0x00000000ec200000  with remset 0 code roots 0 is marked 0 reclaim candidate 0 type array 1
[2024-12-07T22:49:42.891+0800][4.349s][debug][gc,humongous      ] GC(40) Live humongous region 196 object size 1048592 start 0x00000000ec400000  with remset 0 code roots 0 is marked 0 reclaim candidate 0 type array 1
[2024-12-07T22:49:42.891+0800][4.349s][debug][gc,humongous      ] GC(40) Live humongous region 198 object size 1048592 start 0x00000000ec600000  with remset 0 code roots 0 is marked 0 reclaim candidate 0 type array 1
[2024-12-07T22:49:42.891+0800][4.349s][debug][gc,humongous      ] GC(40) Live humongous region 200 object size 1048592 start 0x00000000ec800000  with remset 0 code roots 0 is marked 0 reclaim candidate 0 type array 1
[2024-12-07T22:49:42.891+0800][4.350s][debug][gc,humongous      ] GC(40) Live humongous region 202 object size 1048592 start 0x00000000eca00000  with remset 0 code roots 0 is marked 0 reclaim candidate 0 type array 1
[2024-12-07T22:49:42.891+0800][4.350s][debug][gc,humongous      ] GC(40) Live humongous region 204 object size 1048592 start 0x00000000ecc00000  with remset 0 code roots 0 is marked 0 reclaim candidate 0 type array 1
[2024-12-07T22:49:42.891+0800][4.350s][debug][gc,humongous      ] GC(40) Live humongous region 206 object size 1048592 start 0x00000000ece00000  with remset 0 code roots 0 is marked 0 reclaim candidate 0 type array 1
[2024-12-07T22:49:42.891+0800][4.350s][debug][gc,humongous      ] GC(40) Live humongous region 208 object size 1048592 start 0x00000000ed000000  with remset 0 code roots 0 is marked 0 reclaim candidate 0 type array 1
[2024-12-07T22:49:42.891+0800][4.350s][debug][gc,humongous      ] GC(40) Live humongous region 210 object size 1048592 start 0x00000000ed200000  with remset 0 code roots 0 is marked 0 reclaim candidate 0 type array 1
[2024-12-07T22:49:42.892+0800][4.350s][debug][gc,humongous      ] GC(40) Live humongous region 212 object size 1048592 start 0x00000000ed400000  with remset 0 code roots 0 is marked 0 reclaim candidate 0 type array 1
[2024-12-07T22:49:42.892+0800][4.350s][debug][gc,humongous      ] GC(40) Live humongous region 214 object size 1048592 start 0x00000000ed600000  with remset 0 code roots 0 is marked 0 reclaim candidate 0 type array 1
[2024-12-07T22:49:42.892+0800][4.350s][debug][gc,humongous      ] GC(40) Live humongous region 216 object size 1048592 start 0x00000000ed800000  with remset 0 code roots 0 is marked 0 reclaim candidate 0 type array 1
[2024-12-07T22:49:42.892+0800][4.350s][debug][gc,humongous      ] GC(40) Live humongous region 218 object size 1048592 start 0x00000000eda00000  with remset 0 code roots 0 is marked 0 reclaim candidate 0 type array 1
[2024-12-07T22:49:42.892+0800][4.350s][debug][gc,humongous      ] GC(40) Live humongous region 220 object size 1048592 start 0x00000000edc00000  with remset 0 code roots 0 is marked 0 reclaim candidate 0 type array 1
[2024-12-07T22:49:42.892+0800][4.350s][debug][gc,humongous      ] GC(40) Live humongous region 222 object size 1048592 start 0x00000000ede00000  with remset 0 code roots 0 is marked 0 reclaim candidate 0 type array 1
[2024-12-07T22:49:42.892+0800][4.350s][debug][gc,humongous      ] GC(40) Live humongous region 224 object size 1048592 start 0x00000000ee000000  with remset 0 code roots 0 is marked 0 reclaim candidate 0 type array 1
[2024-12-07T22:49:42.892+0800][4.350s][debug][gc,plab           ] GC(40) Young PLAB allocation: allocated: 6192B, wasted: 24B, unused: 2168B, used: 4000B, undo waste: 0B, 
[2024-12-07T22:49:42.892+0800][4.350s][debug][gc,plab           ] GC(40) Young other allocation: region end waste: 0B, regions filled: 1, direct allocated: 0B, failure used: 0B, failure wasted: 0B
[2024-12-07T22:49:42.892+0800][4.350s][debug][gc,plab           ] GC(40) Young sizing: calculated: 800B, actual: 2064B
[2024-12-07T22:49:42.892+0800][4.351s][debug][gc,plab           ] GC(40) Old PLAB allocation: allocated: 0B, wasted: 0B, unused: 0B, used: 0B, undo waste: 0B, 
[2024-12-07T22:49:42.892+0800][4.351s][debug][gc,plab           ] GC(40) Old other allocation: region end waste: 0B, regions filled: 1, direct allocated: 0B, failure used: 0B, failure wasted: 0B
[2024-12-07T22:49:42.892+0800][4.351s][debug][gc,plab           ] GC(40) Old sizing: calculated: 0B, actual: 2064B
[2024-12-07T22:49:42.892+0800][4.351s][debug][gc,alloc,stats    ] Old generation allocation in the last mutator period, old gen allocated: 0B, humongous allocated: 27262976B,old gen growth: 0B.
[2024-12-07T22:49:42.892+0800][4.351s][debug][gc,ihop           ] GC(40) Basic information (value update), threshold: 239232614B (45.00), target occupancy: 531628032B, current occupancy: 211019824B, recent allocation size: 27262976B, recent allocation duration: 94.82ms, recent old gen allocation rate: 287512232.70B/s, recent marking phase length: 0.00ms
[2024-12-07T22:49:42.893+0800][4.351s][debug][gc,ihop           ] GC(40) Adaptive IHOP information (value update), threshold: 239232614B (52.42), internal target occupancy: 456340275B, occupancy: 211019824B, additional buffer size: 56623104B, predicted old gen allocation rate: 97753430.09B/s, predicted marking phase length: 0.00ms, prediction active: false
[2024-12-07T22:49:42.893+0800][4.351s][debug][gc,ergo,refine    ] GC(40) Updated Refinement Zones: green: 18, yellow: 54, red: 90
[2024-12-07T22:49:42.893+0800][4.351s][info ][gc,phases         ] GC(40)   Pre Evacuate Collection Set: 0.1ms
[2024-12-07T22:49:42.893+0800][4.351s][debug][gc,phases         ] GC(40)     Prepare TLABs: 0.1ms
[2024-12-07T22:49:42.893+0800][4.351s][debug][gc,phases         ] GC(40)     Choose Collection Set: 0.1ms
[2024-12-07T22:49:42.893+0800][4.351s][debug][gc,phases         ] GC(40)     Humongous Register: 0.0ms
[2024-12-07T22:49:42.893+0800][4.351s][debug][gc,phases         ] GC(40)     Clear Claimed Marks: 0.0ms
[2024-12-07T22:49:42.893+0800][4.351s][info ][gc,phases         ] GC(40)   Evacuate Collection Set: 5.8ms
[2024-12-07T22:49:42.893+0800][4.351s][debug][gc,phases         ] GC(40)     Ext Root Scanning (ms):   Min:  0.0, Avg:  1.8, Max:  3.6, Diff:  3.6, Sum: 21.9, Workers: 12
[2024-12-07T22:49:42.893+0800][4.351s][debug][gc,phases         ] GC(40)     Update RS (ms):           Min:  0.0, Avg:  0.0, Max:  0.0, Diff:  0.0, Sum:  0.0, Workers: 12
[2024-12-07T22:49:42.893+0800][4.351s][debug][gc,phases         ] GC(40)       Processed Buffers:        Min: 0, Avg:  0.2, Max: 3, Diff: 3, Sum: 3, Workers: 12
[2024-12-07T22:49:42.893+0800][4.352s][debug][gc,phases         ] GC(40)       Scanned Cards:            Min: 0, Avg:  0.6, Max: 7, Diff: 7, Sum: 7, Workers: 12
[2024-12-07T22:49:42.893+0800][4.352s][debug][gc,phases         ] GC(40)       Skipped Cards:            Min: 0, Avg:  0.0, Max: 0, Diff: 0, Sum: 0, Workers: 12
[2024-12-07T22:49:42.893+0800][4.352s][debug][gc,phases         ] GC(40)     Scan RS (ms):             Min:  0.0, Avg:  0.0, Max:  0.0, Diff:  0.0, Sum:  0.0, Workers: 12
[2024-12-07T22:49:42.893+0800][4.352s][debug][gc,phases         ] GC(40)       Scanned Cards:            Min: 0, Avg:  0.2, Max: 1, Diff: 1, Sum: 2, Workers: 12
[2024-12-07T22:49:42.893+0800][4.352s][debug][gc,phases         ] GC(40)       Claimed Cards:            Min: 0, Avg:  0.2, Max: 2, Diff: 2, Sum: 3, Workers: 12
[2024-12-07T22:49:42.894+0800][4.352s][debug][gc,phases         ] GC(40)       Skipped Cards:            Min: 0, Avg:  0.1, Max: 1, Diff: 1, Sum: 1, Workers: 12
[2024-12-07T22:49:42.894+0800][4.352s][debug][gc,phases         ] GC(40)     Code Root Scanning (ms):  Min:  0.0, Avg:  0.0, Max:  0.0, Diff:  0.0, Sum:  0.0, Workers: 12
[2024-12-07T22:49:42.894+0800][4.352s][debug][gc,phases         ] GC(40)     AOT Root Scanning (ms):   skipped
[2024-12-07T22:49:42.894+0800][4.352s][debug][gc,phases         ] GC(40)     Object Copy (ms):         Min:  0.0, Avg:  0.0, Max:  0.0, Diff:  0.0, Sum:  0.0, Workers: 12
[2024-12-07T22:49:42.894+0800][4.352s][debug][gc,phases         ] GC(40)     Termination (ms):         Min:  0.0, Avg:  1.9, Max:  3.7, Diff:  3.7, Sum: 22.7, Workers: 12
[2024-12-07T22:49:42.894+0800][4.352s][debug][gc,phases         ] GC(40)       Termination Attempts:     Min: 1, Avg:  1.0, Max: 1, Diff: 0, Sum: 12, Workers: 12
[2024-12-07T22:49:42.894+0800][4.352s][debug][gc,phases         ] GC(40)     GC Worker Other (ms):     Min:  0.1, Avg:  0.7, Max:  1.5, Diff:  1.3, Sum:  8.5, Workers: 12
[2024-12-07T22:49:42.894+0800][4.352s][debug][gc,phases         ] GC(40)     GC Worker Total (ms):     Min:  3.8, Avg:  4.4, Max:  5.2, Diff:  1.5, Sum: 53.1, Workers: 12
[2024-12-07T22:49:42.894+0800][4.352s][info ][gc,phases         ] GC(40)   Post Evacuate Collection Set: 9.2ms
[2024-12-07T22:49:42.894+0800][4.352s][debug][gc,phases         ] GC(40)     Code Roots Fixup: 0.0ms
[2024-12-07T22:49:42.894+0800][4.352s][debug][gc,phases         ] GC(40)     Clear Card Table: 0.2ms
[2024-12-07T22:49:42.894+0800][4.353s][debug][gc,phases         ] GC(40)     Reference Processing: 0.7ms
[2024-12-07T22:49:42.894+0800][4.353s][debug][gc,phases,ref     ] GC(40)       Reconsider SoftReferences: 0.2ms
[2024-12-07T22:49:42.894+0800][4.353s][debug][gc,phases,ref     ] GC(40)         SoftRef (ms):             skipped
[2024-12-07T22:49:42.894+0800][4.353s][debug][gc,phases,ref     ] GC(40)       Notify Soft/WeakReferences: 0.2ms
[2024-12-07T22:49:42.894+0800][4.353s][debug][gc,phases,ref     ] GC(40)         SoftRef (ms):             skipped
[2024-12-07T22:49:42.895+0800][4.353s][debug][gc,phases,ref     ] GC(40)         WeakRef (ms):             skipped
[2024-12-07T22:49:42.895+0800][4.353s][debug][gc,phases,ref     ] GC(40)         FinalRef (ms):            skipped
[2024-12-07T22:49:42.895+0800][4.353s][debug][gc,phases,ref     ] GC(40)         Total (ms):               skipped
[2024-12-07T22:49:42.895+0800][4.353s][debug][gc,phases,ref     ] GC(40)       Notify and keep alive finalizable: 0.2ms
[2024-12-07T22:49:42.895+0800][4.353s][debug][gc,phases,ref     ] GC(40)         FinalRef (ms):            skipped
[2024-12-07T22:49:42.895+0800][4.353s][debug][gc,phases,ref     ] GC(40)       Notify PhantomReferences: 0.2ms
[2024-12-07T22:49:42.895+0800][4.353s][debug][gc,phases,ref     ] GC(40)         PhantomRef (ms):          skipped
[2024-12-07T22:49:42.895+0800][4.353s][debug][gc,phases,ref     ] GC(40)       SoftReference:
[2024-12-07T22:49:42.895+0800][4.353s][debug][gc,phases,ref     ] GC(40)         Discovered: 0
[2024-12-07T22:49:42.895+0800][4.353s][debug][gc,phases,ref     ] GC(40)         Cleared: 0
[2024-12-07T22:49:42.895+0800][4.353s][debug][gc,phases,ref     ] GC(40)       WeakReference:
[2024-12-07T22:49:42.895+0800][4.354s][debug][gc,phases,ref     ] GC(40)         Discovered: 0
[2024-12-07T22:49:42.895+0800][4.354s][debug][gc,phases,ref     ] GC(40)         Cleared: 0
[2024-12-07T22:49:42.895+0800][4.354s][debug][gc,phases,ref     ] GC(40)       FinalReference:
[2024-12-07T22:49:42.895+0800][4.354s][debug][gc,phases,ref     ] GC(40)         Discovered: 0
[2024-12-07T22:49:42.895+0800][4.354s][debug][gc,phases,ref     ] GC(40)         Cleared: 0
[2024-12-07T22:49:42.895+0800][4.354s][debug][gc,phases,ref     ] GC(40)       PhantomReference:
[2024-12-07T22:49:42.896+0800][4.354s][debug][gc,phases,ref     ] GC(40)         Discovered: 0
[2024-12-07T22:49:42.896+0800][4.354s][debug][gc,phases,ref     ] GC(40)         Cleared: 0
[2024-12-07T22:49:42.896+0800][4.354s][debug][gc,phases         ] GC(40)     Weak Processing: 0.0ms
[2024-12-07T22:49:42.896+0800][4.354s][debug][gc,phases         ] GC(40)     Merge Per-Thread State: 0.0ms
[2024-12-07T22:49:42.896+0800][4.354s][debug][gc,phases         ] GC(40)     Code Roots Purge: 0.0ms
[2024-12-07T22:49:42.896+0800][4.354s][debug][gc,phases         ] GC(40)     Redirty Cards: 0.2ms
[2024-12-07T22:49:42.896+0800][4.354s][debug][gc,phases         ] GC(40)     DerivedPointerTable Update: 0.0ms
[2024-12-07T22:49:42.896+0800][4.354s][debug][gc,phases         ] GC(40)     Free Collection Set: 0.2ms
[2024-12-07T22:49:42.896+0800][4.354s][debug][gc,phases         ] GC(40)     Humongous Reclaim: 7.9ms
[2024-12-07T22:49:42.896+0800][4.355s][debug][gc,phases         ] GC(40)     Start New Collection Set: 0.0ms
[2024-12-07T22:49:42.896+0800][4.355s][debug][gc,phases         ] GC(40)     Resize TLABs: 0.0ms
[2024-12-07T22:49:42.897+0800][4.355s][debug][gc,phases         ] GC(40)     Expand Heap After Collection: 0.0ms
[2024-12-07T22:49:42.897+0800][4.355s][info ][gc,phases         ] GC(40)   Other: 1.9ms
[2024-12-07T22:49:42.897+0800][4.355s][info ][gc,heap           ] GC(40) Eden regions: 1->0(53)
[2024-12-07T22:49:42.897+0800][4.355s][info ][gc,heap           ] GC(40) Survivor regions: 1->1(6)
[2024-12-07T22:49:42.897+0800][4.355s][info ][gc,heap           ] GC(40) Old regions: 3->3
[2024-12-07T22:49:42.897+0800][4.355s][info ][gc,heap           ] GC(40) Humongous regions: 226->200
[2024-12-07T22:49:42.897+0800][4.355s][info ][gc,metaspace      ] GC(40) Metaspace: 663K(4864K)->663K(4864K) NonClass: 611K(4352K)->611K(4352K) Class: 52K(512K)->52K(512K)
[2024-12-07T22:49:42.897+0800][4.355s][debug][gc,heap           ] GC(40) Heap after GC invocations=41 (full 0): garbage-first heap   total 519168K, used 206074K [0x00000000e0000000, 0x0000000100000000)
[2024-12-07T22:49:42.897+0800][4.355s][debug][gc,heap           ] GC(40)   region size 1024K, 1 young (1024K), 1 survivors (1024K)
[2024-12-07T22:49:42.897+0800][4.355s][debug][gc,heap           ] GC(40)  Metaspace       used 663K, capacity 4575K, committed 4864K, reserved 1056768K
[2024-12-07T22:49:42.897+0800][4.355s][debug][gc,heap           ] GC(40)   class space    used 52K, capacity 418K, committed 512K, reserved 1048576K
[2024-12-07T22:49:42.897+0800][4.356s][info ][gc                ] GC(40) Pause Young (Concurrent Start) (G1 Humongous Allocation) 227M->201M(507M) 20.976ms
[2024-12-07T22:49:42.897+0800][4.356s][info ][gc,cpu            ] GC(40) User=0.03s Sys=0.00s Real=0.02s
[2024-12-07T22:49:42.897+0800][4.356s][info ][gc                ] GC(41) Concurrent Cycle
[2024-12-07T22:49:42.898+0800][4.356s][info ][gc,marking        ] GC(41) Concurrent Clear Claimed Marks
[2024-12-07T22:49:42.898+0800][4.356s][info ][gc,marking        ] GC(41) Concurrent Clear Claimed Marks 0.074ms
[2024-12-07T22:49:42.898+0800][4.356s][info ][gc,marking        ] GC(41) Concurrent Scan Root Regions
[2024-12-07T22:49:42.898+0800][4.356s][debug][gc,ergo           ] GC(41) Running G1 Root Region Scan using 1 workers for 1 work units.
[2024-12-07T22:49:42.898+0800][4.356s][info ][gc,marking        ] GC(41) Concurrent Scan Root Regions 0.326ms
[2024-12-07T22:49:42.898+0800][4.356s][info ][gc,marking        ] GC(41) Concurrent Mark (4.356s)
[2024-12-07T22:49:42.898+0800][4.356s][info ][gc,marking        ] GC(41) Concurrent Mark From Roots
[2024-12-07T22:49:42.898+0800][4.357s][info ][gc,task           ] GC(41) Using 5 workers of 5 for marking
[2024-12-07T22:49:42.899+0800][4.357s][debug][gc,stats          ] ---------------------------------------------------------------------
[2024-12-07T22:49:42.899+0800][4.357s][debug][gc,stats          ] Marking Stats, task = 0, calls = 10
[2024-12-07T22:49:42.899+0800][4.358s][debug][gc,stats          ]   Elapsed time = 0.74ms, Termination time = 0.64ms
[2024-12-07T22:49:42.899+0800][4.358s][debug][gc,stats          ]   Step Times (cum): num = 1867, avg = 0.02ms, sd = 0.20ms max = 5.58ms, total = 28.22ms
[2024-12-07T22:49:42.899+0800][4.358s][debug][gc,stats          ]   Mark Stats Cache: hits 6744 misses 102 ratio 98.510
[2024-12-07T22:49:42.899+0800][4.358s][debug][gc,stats          ] ---------------------------------------------------------------------
[2024-12-07T22:49:42.900+0800][4.358s][debug][gc,stats          ] Marking Stats, task = 1, calls = 17
[2024-12-07T22:49:42.900+0800][4.358s][debug][gc,stats          ]   Elapsed time = 0.67ms, Termination time = 0.00ms
[2024-12-07T22:49:42.900+0800][4.358s][debug][gc,stats          ]   Step Times (cum): num = 521, avg = 0.05ms, sd = 0.36ms max = 5.59ms, total = 26.96ms
[2024-12-07T22:49:42.900+0800][4.358s][debug][gc,stats          ]   Mark Stats Cache: hits 4095 misses 3 ratio 99.927
[2024-12-07T22:49:42.900+0800][4.358s][debug][gc,stats          ] ---------------------------------------------------------------------
[2024-12-07T22:49:42.900+0800][4.358s][debug][gc,stats          ] Marking Stats, task = 2, calls = 26
[2024-12-07T22:49:42.900+0800][4.358s][debug][gc,stats          ]   Elapsed time = 0.65ms, Termination time = 0.00ms
[2024-12-07T22:49:42.900+0800][4.358s][debug][gc,stats          ]   Step Times (cum): num = 398, avg = 0.07ms, sd = 0.42ms max = 5.58ms, total = 27.49ms
[2024-12-07T22:49:42.900+0800][4.358s][debug][gc,stats          ]   Mark Stats Cache: hits 3563 misses 3 ratio 99.916
[2024-12-07T22:49:42.900+0800][4.358s][debug][gc,stats          ] ---------------------------------------------------------------------
[2024-12-07T22:49:42.900+0800][4.359s][debug][gc,stats          ] Marking Stats, task = 3, calls = 17
[2024-12-07T22:49:42.900+0800][4.359s][debug][gc,stats          ]   Elapsed time = 0.65ms, Termination time = 0.00ms
[2024-12-07T22:49:42.900+0800][4.359s][debug][gc,stats          ]   Step Times (cum): num = 491, avg = 0.06ms, sd = 0.37ms max = 5.59ms, total = 27.01ms
[2024-12-07T22:49:42.900+0800][4.359s][debug][gc,stats          ]   Mark Stats Cache: hits 3112 misses 3 ratio 99.904
[2024-12-07T22:49:42.900+0800][4.359s][debug][gc,stats          ] ---------------------------------------------------------------------
[2024-12-07T22:49:42.901+0800][4.359s][debug][gc,stats          ] Marking Stats, task = 4, calls = 1
[2024-12-07T22:49:42.901+0800][4.359s][debug][gc,stats          ]   Elapsed time = 0.63ms, Termination time = 0.00ms
[2024-12-07T22:49:42.901+0800][4.359s][debug][gc,stats          ]   Step Times (cum): num = 470, avg = 0.06ms, sd = 0.38ms max = 5.59ms, total = 27.36ms
[2024-12-07T22:49:42.901+0800][4.359s][debug][gc,stats          ]   Mark Stats Cache: hits 7981 misses 3 ratio 99.962
[2024-12-07T22:49:42.901+0800][4.359s][debug][gc,stats          ] ---------------------------------------------------------------------
[2024-12-07T22:49:42.901+0800][4.359s][info ][gc,marking        ] GC(41) Concurrent Mark From Roots 2.684ms
[2024-12-07T22:49:42.901+0800][4.359s][info ][gc,marking        ] GC(41) Concurrent Preclean
[2024-12-07T22:49:42.901+0800][4.359s][debug][gc,ref,start      ] GC(41) Preclean SoftReferences
[2024-12-07T22:49:42.901+0800][4.359s][debug][gc,ref            ] GC(41) Preclean SoftReferences 0.075ms
[2024-12-07T22:49:42.901+0800][4.359s][debug][gc,ref,start      ] GC(41) Preclean WeakReferences
[2024-12-07T22:49:42.901+0800][4.359s][debug][gc,ref            ] GC(41) Preclean WeakReferences 0.072ms
[2024-12-07T22:49:42.901+0800][4.360s][debug][gc,ref,start      ] GC(41) Preclean FinalReferences
[2024-12-07T22:49:42.901+0800][4.360s][debug][gc,ref            ] GC(41) Preclean FinalReferences 0.071ms
[2024-12-07T22:49:42.901+0800][4.360s][debug][gc,ref,start      ] GC(41) Preclean PhantomReferences
[2024-12-07T22:49:42.901+0800][4.360s][debug][gc,ref            ] GC(41) Preclean PhantomReferences 0.072ms
[2024-12-07T22:49:42.901+0800][4.360s][info ][gc,marking        ] GC(41) Concurrent Preclean 0.611ms
[2024-12-07T22:49:42.902+0800][4.360s][info ][gc,marking        ] GC(41) Concurrent Mark (4.356s, 4.360s) 3.485ms
[2024-12-07T22:49:42.902+0800][4.360s][info ][gc,start          ] GC(41) Pause Remark
[2024-12-07T22:49:42.902+0800][4.360s][debug][gc,phases,start   ] GC(41) Finalize Marking
[2024-12-07T22:49:42.903+0800][4.361s][debug][gc,stats          ] ---------------------------------------------------------------------
[2024-12-07T22:49:42.903+0800][4.361s][debug][gc,stats          ] Marking Stats, task = 0, calls = 83
[2024-12-07T22:49:42.903+0800][4.362s][debug][gc,stats          ]   Elapsed time = 0.87ms, Termination time = 1.06ms
[2024-12-07T22:49:42.903+0800][4.362s][debug][gc,stats          ]   Step Times (cum): num = 1940, avg = 0.01ms, sd = 0.19ms max = 5.58ms, total = 28.64ms
[2024-12-07T22:49:42.904+0800][4.362s][debug][gc,stats          ]   Mark Stats Cache: hits 6744 misses 102 ratio 98.510
[2024-12-07T22:49:42.904+0800][4.362s][debug][gc,stats          ] ---------------------------------------------------------------------
[2024-12-07T22:49:42.904+0800][4.362s][debug][gc,stats          ] Marking Stats, task = 1, calls = 18
[2024-12-07T22:49:42.904+0800][4.363s][debug][gc,stats          ]   Elapsed time = 0.86ms, Termination time = 0.41ms
[2024-12-07T22:49:42.904+0800][4.363s][debug][gc,stats          ]   Step Times (cum): num = 522, avg = 0.05ms, sd = 0.36ms max = 5.59ms, total = 27.37ms
[2024-12-07T22:49:42.905+0800][4.363s][debug][gc,stats          ]   Mark Stats Cache: hits 4095 misses 3 ratio 99.927
[2024-12-07T22:49:42.905+0800][4.363s][debug][gc,stats          ] ---------------------------------------------------------------------
[2024-12-07T22:49:42.905+0800][4.363s][debug][gc,stats          ] Marking Stats, task = 2, calls = 27
[2024-12-07T22:49:42.905+0800][4.363s][debug][gc,stats          ]   Elapsed time = 0.88ms, Termination time = 0.41ms
[2024-12-07T22:49:42.905+0800][4.363s][debug][gc,stats          ]   Step Times (cum): num = 399, avg = 0.07ms, sd = 0.42ms max = 5.58ms, total = 27.90ms
[2024-12-07T22:49:42.905+0800][4.363s][debug][gc,stats          ]   Mark Stats Cache: hits 3563 misses 3 ratio 99.916
[2024-12-07T22:49:42.905+0800][4.364s][debug][gc,stats          ] ---------------------------------------------------------------------
[2024-12-07T22:49:42.905+0800][4.364s][debug][gc,stats          ] Marking Stats, task = 3, calls = 18
[2024-12-07T22:49:42.905+0800][4.364s][debug][gc,stats          ]   Elapsed time = 0.86ms, Termination time = 0.41ms
[2024-12-07T22:49:42.906+0800][4.364s][debug][gc,stats          ]   Step Times (cum): num = 492, avg = 0.06ms, sd = 0.37ms max = 5.59ms, total = 27.42ms
[2024-12-07T22:49:42.906+0800][4.364s][debug][gc,stats          ]   Mark Stats Cache: hits 3112 misses 3 ratio 99.904
[2024-12-07T22:49:42.906+0800][4.364s][debug][gc,stats          ] ---------------------------------------------------------------------
[2024-12-07T22:49:42.906+0800][4.364s][debug][gc,stats          ] Marking Stats, task = 4, calls = 2
[2024-12-07T22:49:42.906+0800][4.364s][debug][gc,stats          ]   Elapsed time = 0.90ms, Termination time = 0.41ms
[2024-12-07T22:49:42.906+0800][4.365s][debug][gc,stats          ]   Step Times (cum): num = 471, avg = 0.06ms, sd = 0.38ms max = 5.59ms, total = 27.77ms
[2024-12-07T22:49:42.906+0800][4.365s][debug][gc,stats          ]   Mark Stats Cache: hits 7981 misses 3 ratio 99.962
[2024-12-07T22:49:42.906+0800][4.365s][debug][gc,stats          ] ---------------------------------------------------------------------
[2024-12-07T22:49:42.906+0800][4.365s][debug][gc,stats          ] Marking Stats, task = 5, calls = 1
[2024-12-07T22:49:42.907+0800][4.365s][debug][gc,stats          ]   Elapsed time = 0.86ms, Termination time = 0.41ms
[2024-12-07T22:49:42.907+0800][4.365s][debug][gc,stats          ]   Step Times (cum): num = 21, avg = 1.21ms, sd = 1.34ms max = 5.59ms, total = 25.36ms
[2024-12-07T22:49:42.907+0800][4.365s][debug][gc,stats          ]   Mark Stats Cache: hits 0 misses 0 ratio 0.000
[2024-12-07T22:49:42.907+0800][4.365s][debug][gc,stats          ] ---------------------------------------------------------------------
[2024-12-07T22:49:42.907+0800][4.365s][debug][gc,stats          ] Marking Stats, task = 6, calls = 1
[2024-12-07T22:49:42.907+0800][4.365s][debug][gc,stats          ]   Elapsed time = 0.72ms, Termination time = 0.41ms
[2024-12-07T22:49:42.907+0800][4.365s][debug][gc,stats          ]   Step Times (cum): num = 21, avg = 1.22ms, sd = 1.34ms max = 5.59ms, total = 25.56ms
[2024-12-07T22:49:42.907+0800][4.366s][debug][gc,stats          ]   Mark Stats Cache: hits 0 misses 0 ratio 0.000
[2024-12-07T22:49:42.907+0800][4.366s][debug][gc,stats          ] ---------------------------------------------------------------------
[2024-12-07T22:49:42.907+0800][4.366s][debug][gc,stats          ] Marking Stats, task = 7, calls = 1
[2024-12-07T22:49:42.907+0800][4.366s][debug][gc,stats          ]   Elapsed time = 0.73ms, Termination time = 0.42ms
[2024-12-07T22:49:42.908+0800][4.366s][debug][gc,stats          ]   Step Times (cum): num = 21, avg = 1.23ms, sd = 1.30ms max = 5.60ms, total = 25.73ms
[2024-12-07T22:49:42.908+0800][4.366s][debug][gc,stats          ]   Mark Stats Cache: hits 0 misses 0 ratio 0.000
[2024-12-07T22:49:42.908+0800][4.366s][debug][gc,stats          ] ---------------------------------------------------------------------
[2024-12-07T22:49:42.908+0800][4.366s][debug][gc,stats          ] Marking Stats, task = 8, calls = 1
[2024-12-07T22:49:42.908+0800][4.366s][debug][gc,stats          ]   Elapsed time = 0.69ms, Termination time = 0.59ms
[2024-12-07T22:49:42.908+0800][4.366s][debug][gc,stats          ]   Step Times (cum): num = 21, avg = 1.19ms, sd = 1.31ms max = 5.72ms, total = 25.04ms
[2024-12-07T22:49:42.908+0800][4.366s][debug][gc,stats          ]   Mark Stats Cache: hits 0 misses 0 ratio 0.000
[2024-12-07T22:49:42.908+0800][4.366s][debug][gc,stats          ] ---------------------------------------------------------------------
[2024-12-07T22:49:42.908+0800][4.367s][debug][gc,stats          ] Marking Stats, task = 9, calls = 1
[2024-12-07T22:49:42.908+0800][4.367s][debug][gc,stats          ]   Elapsed time = 0.66ms, Termination time = 0.59ms
[2024-12-07T22:49:42.908+0800][4.367s][debug][gc,stats          ]   Step Times (cum): num = 21, avg = 1.14ms, sd = 1.39ms max = 5.87ms, total = 24.01ms
[2024-12-07T22:49:42.908+0800][4.367s][debug][gc,stats          ]   Mark Stats Cache: hits 0 misses 0 ratio 0.000
[2024-12-07T22:49:42.909+0800][4.367s][debug][gc,stats          ] ---------------------------------------------------------------------
[2024-12-07T22:49:42.909+0800][4.367s][debug][gc,stats          ] Marking Stats, task = 10, calls = 1
[2024-12-07T22:49:42.909+0800][4.367s][debug][gc,stats          ]   Elapsed time = 0.34ms, Termination time = 0.20ms
[2024-12-07T22:49:42.909+0800][4.367s][debug][gc,stats          ]   Step Times (cum): num = 21, avg = 0.72ms, sd = 0.89ms max = 3.41ms, total = 15.22ms
[2024-12-07T22:49:42.909+0800][4.367s][debug][gc,stats          ]   Mark Stats Cache: hits 0 misses 0 ratio 0.000
[2024-12-07T22:49:42.909+0800][4.367s][debug][gc,stats          ] ---------------------------------------------------------------------
[2024-12-07T22:49:42.909+0800][4.367s][debug][gc,stats          ] Marking Stats, task = 11, calls = 1
[2024-12-07T22:49:42.909+0800][4.367s][debug][gc,stats          ]   Elapsed time = 0.00ms, Termination time = 0.00ms
[2024-12-07T22:49:42.909+0800][4.368s][debug][gc,stats          ]   Step Times (cum): num = 21, avg = 0.00ms, sd = 0.00ms max = 0.00ms, total = 0.00ms
[2024-12-07T22:49:42.909+0800][4.368s][debug][gc,stats          ]   Mark Stats Cache: hits 0 misses 0 ratio 0.000
[2024-12-07T22:49:42.909+0800][4.368s][debug][gc,stats          ] ---------------------------------------------------------------------
[2024-12-07T22:49:42.910+0800][4.368s][debug][gc,phases         ] GC(41) Finalize Marking 7.794ms
[2024-12-07T22:49:42.910+0800][4.368s][debug][gc,phases,start   ] GC(41) Reference Processing
[2024-12-07T22:49:42.910+0800][4.368s][debug][gc,ref            ] GC(41) Skipped phase1 of Reference Processing due to unavailable references
[2024-12-07T22:49:42.910+0800][4.368s][debug][gc,ref            ] GC(41) Skipped phase2 of Reference Processing due to unavailable references
[2024-12-07T22:49:42.910+0800][4.368s][debug][gc,ref            ] GC(41) Skipped phase3 of Reference Processing due to unavailable references
[2024-12-07T22:49:42.910+0800][4.368s][debug][gc,ref            ] GC(41) Skipped phase4 of Reference Processing due to unavailable references
[2024-12-07T22:49:42.910+0800][4.368s][debug][gc,phases,ref     ] GC(41) Reference Processing: 0.3ms
[2024-12-07T22:49:42.910+0800][4.369s][debug][gc,phases,ref     ] GC(41)   Reconsider SoftReferences: 0.1ms
[2024-12-07T22:49:42.910+0800][4.369s][debug][gc,phases,ref     ] GC(41)     SoftRef (ms):             skipped
[2024-12-07T22:49:42.910+0800][4.369s][debug][gc,phases,ref     ] GC(41)   Notify Soft/WeakReferences: 0.1ms
[2024-12-07T22:49:42.911+0800][4.369s][debug][gc,phases,ref     ] GC(41)     SoftRef (ms):             skipped
[2024-12-07T22:49:42.911+0800][4.369s][debug][gc,phases,ref     ] GC(41)     WeakRef (ms):             skipped
[2024-12-07T22:49:42.911+0800][4.369s][debug][gc,phases,ref     ] GC(41)     FinalRef (ms):            skipped
[2024-12-07T22:49:42.911+0800][4.369s][debug][gc,phases,ref     ] GC(41)     Total (ms):               skipped
[2024-12-07T22:49:42.911+0800][4.369s][debug][gc,phases,ref     ] GC(41)   Notify and keep alive finalizable: 0.1ms
[2024-12-07T22:49:42.911+0800][4.369s][debug][gc,phases,ref     ] GC(41)     FinalRef (ms):            skipped
[2024-12-07T22:49:42.911+0800][4.369s][debug][gc,phases,ref     ] GC(41)   Notify PhantomReferences: 0.1ms
[2024-12-07T22:49:42.911+0800][4.369s][debug][gc,phases,ref     ] GC(41)     PhantomRef (ms):          skipped
[2024-12-07T22:49:42.911+0800][4.370s][debug][gc,phases,ref     ] GC(41)   SoftReference:
[2024-12-07T22:49:42.911+0800][4.370s][debug][gc,phases,ref     ] GC(41)     Discovered: 0
[2024-12-07T22:49:42.911+0800][4.370s][debug][gc,phases,ref     ] GC(41)     Cleared: 0
[2024-12-07T22:49:42.911+0800][4.370s][debug][gc,phases,ref     ] GC(41)   WeakReference:
[2024-12-07T22:49:42.912+0800][4.370s][debug][gc,phases,ref     ] GC(41)     Discovered: 0
[2024-12-07T22:49:42.912+0800][4.370s][debug][gc,phases,ref     ] GC(41)     Cleared: 0
[2024-12-07T22:49:42.912+0800][4.370s][debug][gc,phases,ref     ] GC(41)   FinalReference:
[2024-12-07T22:49:42.912+0800][4.370s][debug][gc,phases,ref     ] GC(41)     Discovered: 0
[2024-12-07T22:49:42.912+0800][4.370s][debug][gc,phases,ref     ] GC(41)     Cleared: 0
[2024-12-07T22:49:42.912+0800][4.370s][debug][gc,phases,ref     ] GC(41)   PhantomReference:
[2024-12-07T22:49:42.912+0800][4.370s][debug][gc,phases,ref     ] GC(41)     Discovered: 0
[2024-12-07T22:49:42.912+0800][4.370s][debug][gc,phases,ref     ] GC(41)     Cleared: 0
[2024-12-07T22:49:42.912+0800][4.371s][debug][gc,phases         ] GC(41) Reference Processing 2.547ms
[2024-12-07T22:49:42.912+0800][4.371s][debug][gc,phases,start   ] GC(41) Weak Processing
[2024-12-07T22:49:42.912+0800][4.371s][debug][gc,phases         ] GC(41) Weak Processing 0.089ms
[2024-12-07T22:49:42.913+0800][4.371s][debug][gc,phases,start   ] GC(41) Class Unloading
[2024-12-07T22:49:42.913+0800][4.371s][debug][gc,phases,start   ] GC(41) ClassLoaderData
[2024-12-07T22:49:42.913+0800][4.371s][debug][gc,phases         ] GC(41) ClassLoaderData 0.092ms
[2024-12-07T22:49:42.913+0800][4.371s][debug][gc,phases,start   ] GC(41) ProtectionDomainCacheTable
[2024-12-07T22:49:42.913+0800][4.371s][debug][gc,phases         ] GC(41) ProtectionDomainCacheTable 0.088ms
[2024-12-07T22:49:42.913+0800][4.372s][info ][gc,stringtable    ] GC(41) Cleaned string and symbol table, strings: 64 processed, 0 removed, symbols: 226 processed, 0 removed
[2024-12-07T22:49:42.913+0800][4.372s][debug][gc,phases         ] GC(41) Class Unloading 0.799ms
[2024-12-07T22:49:42.913+0800][4.372s][debug][gc,phases,start   ] GC(41) Flush Task Caches
[2024-12-07T22:49:42.914+0800][4.372s][debug][gc,stats          ] Mark stats cache hits 25495 misses 114 ratio 99.555
[2024-12-07T22:49:42.914+0800][4.372s][debug][gc,phases         ] GC(41) Flush Task Caches 0.202ms
[2024-12-07T22:49:42.914+0800][4.372s][debug][gc,phases,start   ] GC(41) Update Remembered Set Tracking Before Rebuild
[2024-12-07T22:49:42.914+0800][4.372s][debug][gc,ergo           ] GC(41) Running G1 Update RemSet Tracking Before Rebuild using 2 workers for 507 regions in heap
[2024-12-07T22:49:42.914+0800][4.372s][debug][gc,remset,tracking] GC(41) Remembered Set Tracking update regions total 507, selected 1
[2024-12-07T22:49:42.914+0800][4.372s][debug][gc,phases         ] GC(41) Update Remembered Set Tracking Before Rebuild 0.312ms
[2024-12-07T22:49:42.914+0800][4.372s][debug][gc,phases,start   ] GC(41) Reclaim Empty Regions
[2024-12-07T22:49:42.914+0800][4.373s][debug][gc,phases         ] GC(41) Reclaim Empty Regions 0.177ms
[2024-12-07T22:49:42.914+0800][4.373s][debug][gc,phases,start   ] GC(41) Purge Metaspace
[2024-12-07T22:49:42.914+0800][4.373s][debug][gc,phases         ] GC(41) Purge Metaspace 0.092ms
[2024-12-07T22:49:42.915+0800][4.373s][debug][gc,phases,start   ] GC(41) Report Object Count
[2024-12-07T22:49:42.915+0800][4.373s][debug][gc,phases         ] GC(41) Report Object Count 0.107ms
[2024-12-07T22:49:42.915+0800][4.373s][info ][gc                ] GC(41) Pause Remark 207M->207M(507M) 13.038ms
[2024-12-07T22:49:42.915+0800][4.373s][info ][gc,cpu            ] GC(41) User=0.01s Sys=0.00s Real=0.01s
[2024-12-07T22:49:42.915+0800][4.373s][info ][gc,marking        ] GC(41) Concurrent Rebuild Remembered Sets
[2024-12-07T22:49:42.915+0800][4.374s][info ][gc,marking        ] GC(41) Concurrent Rebuild Remembered Sets 0.438ms
[2024-12-07T22:49:42.916+0800][4.374s][info ][gc,start          ] GC(41) Pause Cleanup
[2024-12-07T22:49:42.916+0800][4.374s][debug][gc,phases,start   ] GC(41) Update Remembered Set Tracking After Rebuild
[2024-12-07T22:49:42.916+0800][4.374s][debug][gc,phases         ] GC(41) Update Remembered Set Tracking After Rebuild 0.095ms
[2024-12-07T22:49:42.916+0800][4.374s][debug][gc,phases,start   ] GC(41) Finalize Concurrent Mark Cleanup
[2024-12-07T22:49:42.916+0800][4.374s][debug][gc,ergo           ] GC(41) request young-only gcs (candidate old regions not available)
[2024-12-07T22:49:42.916+0800][4.374s][debug][gc,phases         ] GC(41) Finalize Concurrent Mark Cleanup 0.271ms
[2024-12-07T22:49:42.916+0800][4.375s][info ][gc                ] GC(41) Pause Cleanup 207M->207M(507M) 0.635ms
[2024-12-07T22:49:42.916+0800][4.375s][info ][gc,cpu            ] GC(41) User=0.00s Sys=0.00s Real=0.00s
[2024-12-07T22:49:42.916+0800][4.375s][info ][gc,marking        ] GC(41) Concurrent Cleanup for Next Mark
[2024-12-07T22:49:42.917+0800][4.375s][debug][gc,ergo           ] GC(41) Running G1 Clear Bitmap with 5 workers for 8 work units.
[2024-12-07T22:49:42.917+0800][4.375s][info ][gc,marking        ] GC(41) Concurrent Cleanup for Next Mark 0.314ms
[2024-12-07T22:49:42.917+0800][4.375s][info ][gc                ] GC(41) Concurrent Cycle 19.475ms
[2024-12-07T22:49:43.104+0800][4.563s][debug][gc,ergo,ihop      ] Request concurrent cycle initiation (occupancy higher than threshold) occupancy: 240123904B allocation request: 1048592B threshold: 239232614B (45.00) source: concurrent humongous allocation
[2024-12-07T22:49:43.105+0800][4.563s][debug][gc,ergo           ] Request concurrent cycle initiation (requested by GC cause). GC cause: G1 Humongous Allocation
[2024-12-07T22:49:43.105+0800][4.564s][debug][gc,heap           ] GC(42) Heap before GC invocations=42 (full 0): garbage-first heap   total 519168K, used 232698K [0x00000000e0000000, 0x0000000100000000)
[2024-12-07T22:49:43.106+0800][4.564s][debug][gc,heap           ] GC(42)   region size 1024K, 2 young (2048K), 1 survivors (1024K)
[2024-12-07T22:49:43.106+0800][4.564s][debug][gc,heap           ] GC(42)  Metaspace       used 677K, capacity 4575K, committed 4864K, reserved 1056768K
[2024-12-07T22:49:43.106+0800][4.564s][debug][gc,heap           ] GC(42)   class space    used 52K, capacity 418K, committed 512K, reserved 1048576K
[2024-12-07T22:49:43.106+0800][4.565s][debug][gc,ergo           ] GC(42) Initiate concurrent cycle (concurrent cycle initiation requested)
[2024-12-07T22:49:43.107+0800][4.565s][info ][gc,start          ] GC(42) Pause Young (Concurrent Start) (G1 Humongous Allocation)
[2024-12-07T22:49:43.107+0800][4.565s][info ][gc,task           ] GC(42) Using 12 workers of 18 for evacuation
[2024-12-07T22:49:43.107+0800][4.565s][debug][gc,tlab           ] GC(42) TLAB totals: thrds: 1  refills: 1 max: 1 slow allocs: 13 max 13 waste: 99.1% gc: 519640B max: 519640B slow: 0B max: 0B fast: 0B max: 0B
[2024-12-07T22:49:43.107+0800][4.566s][debug][gc,alloc,region   ] GC(42) Mutator Allocation stats, regions: 1, wasted size: 0B ( 0.0%)
[2024-12-07T22:49:43.107+0800][4.566s][debug][gc,age            ] GC(42) Desired survivor size 3670016 bytes, new threshold 15 (max threshold 15)
[2024-12-07T22:49:43.108+0800][4.566s][debug][gc,ergo,cset      ] GC(42) Finish choosing CSet. old: 0 regions, predicted old region time: 0.00ms, time remaining: 187.61
[2024-12-07T22:49:43.108+0800][4.566s][debug][gc,task,stats     ] GC(42) GC Termination Stats
[2024-12-07T22:49:43.108+0800][4.566s][debug][gc,task,stats     ] GC(42)      elapsed  --strong roots-- -------termination------- ------waste (KiB)------
[2024-12-07T22:49:43.108+0800][4.566s][debug][gc,task,stats     ] GC(42) thr     ms        ms      %        ms      %    attempts  total   alloc    undo
[2024-12-07T22:49:43.108+0800][4.567s][debug][gc,task,stats     ] GC(42) --- --------- --------- ------ --------- ------ -------- ------- ------- -------
[2024-12-07T22:49:43.110+0800][4.568s][debug][gc,task,stats     ] GC(42)  10      1.25      1.25  99.65      0.00   0.02        1       0       0       0
[2024-12-07T22:49:43.110+0800][4.569s][debug][gc,task,stats     ] GC(42)   6      1.59      0.56  35.26      0.96  60.27        1       0       0       0
[2024-12-07T22:49:43.110+0800][4.569s][debug][gc,task,stats     ] GC(42)   5      1.82      0.51  28.12      0.97  53.15        1       0       0       0
[2024-12-07T22:49:43.111+0800][4.569s][debug][gc,task,stats     ] GC(42)   4      2.02      0.41  20.26      1.05  51.83        1       0       0       0
[2024-12-07T22:49:43.111+0800][4.569s][debug][gc,task,stats     ] GC(42)   0      2.28      0.40  17.35      1.14  49.93        1       0       0       0
[2024-12-07T22:49:43.111+0800][4.569s][debug][gc,task,stats     ] GC(42)   1      2.43      0.27  11.12      1.19  48.96        1       0       0       0
[2024-12-07T22:49:43.111+0800][4.569s][debug][gc,task,stats     ] GC(42)   8      2.46      0.87  35.30      0.46  18.56        1       0       0       0
[2024-12-07T22:49:43.111+0800][4.570s][debug][gc,task,stats     ] GC(42)  11      2.55      0.09   3.47      1.17  45.69        1       0       0       0
[2024-12-07T22:49:43.111+0800][4.570s][debug][gc,task,stats     ] GC(42)   9      2.74      0.98  35.86      0.31  11.15        1       0       0       0
[2024-12-07T22:49:43.112+0800][4.570s][debug][gc,task,stats     ] GC(42)   3      3.02      0.40  13.34      1.01  33.39        1       0       0       0
[2024-12-07T22:49:43.112+0800][4.570s][debug][gc,task,stats     ] GC(42)   2      3.17      0.32  10.02      1.10  34.61        1       0       0       0
[2024-12-07T22:49:43.112+0800][4.570s][debug][gc,task,stats     ] GC(42)   7      3.24      0.77  23.83      0.54  16.53        1       0       0       0
[2024-12-07T22:49:43.112+0800][4.570s][debug][gc,ergo           ] GC(42) Running G1 Clear Card Table Task using 1 workers for 1 units of work for 3 regions.
[2024-12-07T22:49:43.112+0800][4.571s][debug][gc,ref            ] GC(42) Skipped phase1 of Reference Processing due to unavailable references
[2024-12-07T22:49:43.112+0800][4.571s][debug][gc,ref            ] GC(42) Skipped phase2 of Reference Processing due to unavailable references
[2024-12-07T22:49:43.112+0800][4.571s][debug][gc,ref            ] GC(42) Skipped phase3 of Reference Processing due to unavailable references
[2024-12-07T22:49:43.113+0800][4.571s][debug][gc,ref            ] GC(42) Skipped phase4 of Reference Processing due to unavailable references
[2024-12-07T22:49:43.113+0800][4.571s][debug][gc,ergo           ] GC(42) Running G1 Free Collection Set using 1 workers for collection set length 2
[2024-12-07T22:49:43.113+0800][4.571s][debug][gc,humongous      ] GC(42) Live humongous region 0 object size 1048592 start 0x00000000e0000000  with remset 0 code roots 0 is marked 0 reclaim candidate 0 type array 1
[2024-12-07T22:49:43.113+0800][4.571s][debug][gc,humongous      ] GC(42) Live humongous region 2 object size 1048592 start 0x00000000e0200000  with remset 0 code roots 0 is marked 0 reclaim candidate 0 type array 1
[2024-12-07T22:49:43.113+0800][4.572s][debug][gc,humongous      ] GC(42) Live humongous region 4 object size 1048592 start 0x00000000e0400000  with remset 0 code roots 0 is marked 0 reclaim candidate 0 type array 1
[2024-12-07T22:49:43.113+0800][4.572s][debug][gc,humongous      ] GC(42) Live humongous region 6 object size 1048592 start 0x00000000e0600000  with remset 0 code roots 0 is marked 0 reclaim candidate 0 type array 1
[2024-12-07T22:49:43.113+0800][4.572s][debug][gc,humongous      ] GC(42) Live humongous region 8 object size 1048592 start 0x00000000e0800000  with remset 0 code roots 0 is marked 0 reclaim candidate 0 type array 1
[2024-12-07T22:49:43.114+0800][4.572s][debug][gc,humongous      ] GC(42) Live humongous region 10 object size 1048592 start 0x00000000e0a00000  with remset 0 code roots 0 is marked 0 reclaim candidate 0 type array 1
[2024-12-07T22:49:43.114+0800][4.572s][debug][gc,humongous      ] GC(42) Live humongous region 12 object size 1048592 start 0x00000000e0c00000  with remset 0 code roots 0 is marked 0 reclaim candidate 0 type array 1
[2024-12-07T22:49:43.114+0800][4.572s][debug][gc,humongous      ] GC(42) Live humongous region 14 object size 1048592 start 0x00000000e0e00000  with remset 0 code roots 0 is marked 0 reclaim candidate 0 type array 1
[2024-12-07T22:49:43.114+0800][4.572s][debug][gc,humongous      ] GC(42) Live humongous region 16 object size 1048592 start 0x00000000e1000000  with remset 0 code roots 0 is marked 0 reclaim candidate 0 type array 1
[2024-12-07T22:49:43.114+0800][4.572s][debug][gc,humongous      ] GC(42) Live humongous region 18 object size 1048592 start 0x00000000e1200000  with remset 0 code roots 0 is marked 0 reclaim candidate 0 type array 1
[2024-12-07T22:49:43.114+0800][4.572s][debug][gc,humongous      ] GC(42) Live humongous region 20 object size 1048592 start 0x00000000e1400000  with remset 0 code roots 0 is marked 0 reclaim candidate 0 type array 1
[2024-12-07T22:49:43.114+0800][4.572s][debug][gc,humongous      ] GC(42) Live humongous region 22 object size 1048592 start 0x00000000e1600000  with remset 0 code roots 0 is marked 0 reclaim candidate 0 type array 1
[2024-12-07T22:49:43.114+0800][4.573s][debug][gc,humongous      ] GC(42) Live humongous region 24 object size 1048592 start 0x00000000e1800000  with remset 0 code roots 0 is marked 0 reclaim candidate 0 type array 1
[2024-12-07T22:49:43.114+0800][4.573s][debug][gc,humongous      ] GC(42) Live humongous region 26 object size 1048592 start 0x00000000e1a00000  with remset 0 code roots 0 is marked 0 reclaim candidate 0 type array 1
[2024-12-07T22:49:43.114+0800][4.573s][debug][gc,humongous      ] GC(42) Live humongous region 28 object size 1048592 start 0x00000000e1c00000  with remset 0 code roots 0 is marked 0 reclaim candidate 0 type array 1
[2024-12-07T22:49:43.115+0800][4.573s][debug][gc,humongous      ] GC(42) Live humongous region 30 object size 1048592 start 0x00000000e1e00000  with remset 0 code roots 0 is marked 0 reclaim candidate 0 type array 1
[2024-12-07T22:49:43.115+0800][4.573s][debug][gc,humongous      ] GC(42) Live humongous region 32 object size 1048592 start 0x00000000e2000000  with remset 0 code roots 0 is marked 0 reclaim candidate 0 type array 1
[2024-12-07T22:49:43.115+0800][4.573s][debug][gc,humongous      ] GC(42) Live humongous region 34 object size 1048592 start 0x00000000e2200000  with remset 0 code roots 0 is marked 0 reclaim candidate 0 type array 1
[2024-12-07T22:49:43.115+0800][4.573s][debug][gc,humongous      ] GC(42) Live humongous region 36 object size 1048592 start 0x00000000e2400000  with remset 0 code roots 0 is marked 0 reclaim candidate 0 type array 1
[2024-12-07T22:49:43.115+0800][4.573s][debug][gc,humongous      ] GC(42) Live humongous region 38 object size 1048592 start 0x00000000e2600000  with remset 0 code roots 0 is marked 0 reclaim candidate 0 type array 1
[2024-12-07T22:49:43.115+0800][4.573s][debug][gc,humongous      ] GC(42) Live humongous region 40 object size 1048592 start 0x00000000e2800000  with remset 0 code roots 0 is marked 0 reclaim candidate 0 type array 1
[2024-12-07T22:49:43.115+0800][4.574s][debug][gc,humongous      ] GC(42) Live humongous region 42 object size 1048592 start 0x00000000e2a00000  with remset 0 code roots 0 is marked 0 reclaim candidate 0 type array 1
[2024-12-07T22:49:43.115+0800][4.574s][debug][gc,humongous      ] GC(42) Live humongous region 44 object size 1048592 start 0x00000000e2c00000  with remset 0 code roots 0 is marked 0 reclaim candidate 0 type array 1
[2024-12-07T22:49:43.115+0800][4.574s][debug][gc,humongous      ] GC(42) Live humongous region 46 object size 1048592 start 0x00000000e2e00000  with remset 0 code roots 0 is marked 0 reclaim candidate 0 type array 1
[2024-12-07T22:49:43.116+0800][4.574s][debug][gc,humongous      ] GC(42) Live humongous region 48 object size 1048592 start 0x00000000e3000000  with remset 0 code roots 0 is marked 0 reclaim candidate 0 type array 1
[2024-12-07T22:49:43.116+0800][4.574s][debug][gc,humongous      ] GC(42) Live humongous region 50 object size 1048592 start 0x00000000e3200000  with remset 0 code roots 0 is marked 0 reclaim candidate 0 type array 1
[2024-12-07T22:49:43.116+0800][4.574s][debug][gc,humongous      ] GC(42) Live humongous region 52 object size 1048592 start 0x00000000e3400000  with remset 0 code roots 0 is marked 0 reclaim candidate 0 type array 1
[2024-12-07T22:49:43.116+0800][4.574s][debug][gc,humongous      ] GC(42) Live humongous region 54 object size 1048592 start 0x00000000e3600000  with remset 0 code roots 0 is marked 0 reclaim candidate 0 type array 1
[2024-12-07T22:49:43.116+0800][4.574s][debug][gc,humongous      ] GC(42) Live humongous region 56 object size 1048592 start 0x00000000e3800000  with remset 0 code roots 0 is marked 0 reclaim candidate 0 type array 1
[2024-12-07T22:49:43.116+0800][4.574s][debug][gc,humongous      ] GC(42) Live humongous region 58 object size 1048592 start 0x00000000e3a00000  with remset 0 code roots 0 is marked 0 reclaim candidate 0 type array 1
[2024-12-07T22:49:43.116+0800][4.574s][debug][gc,humongous      ] GC(42) Live humongous region 60 object size 1048592 start 0x00000000e3c00000  with remset 0 code roots 0 is marked 0 reclaim candidate 0 type array 1
[2024-12-07T22:49:43.116+0800][4.575s][debug][gc,humongous      ] GC(42) Live humongous region 62 object size 1048592 start 0x00000000e3e00000  with remset 0 code roots 0 is marked 0 reclaim candidate 0 type array 1
[2024-12-07T22:49:43.116+0800][4.575s][debug][gc,humongous      ] GC(42) Live humongous region 64 object size 1048592 start 0x00000000e4000000  with remset 0 code roots 0 is marked 0 reclaim candidate 0 type array 1
[2024-12-07T22:49:43.116+0800][4.575s][debug][gc,humongous      ] GC(42) Dead humongous region 66 object size 1048592 start 0x00000000e4200000 with remset 0 code roots 0 is marked 0 reclaim candidate 1 type array 1
[2024-12-07T22:49:43.116+0800][4.575s][debug][gc,humongous      ] GC(42) Dead humongous region 68 object size 1048592 start 0x00000000e4400000 with remset 0 code roots 0 is marked 0 reclaim candidate 1 type array 1
[2024-12-07T22:49:43.117+0800][4.575s][debug][gc,humongous      ] GC(42) Dead humongous region 70 object size 1048592 start 0x00000000e4600000 with remset 0 code roots 0 is marked 0 reclaim candidate 1 type array 1
[2024-12-07T22:49:43.117+0800][4.575s][debug][gc,humongous      ] GC(42) Dead humongous region 72 object size 1048592 start 0x00000000e4800000 with remset 0 code roots 0 is marked 0 reclaim candidate 1 type array 1
[2024-12-07T22:49:43.117+0800][4.575s][debug][gc,humongous      ] GC(42) Dead humongous region 74 object size 1048592 start 0x00000000e4a00000 with remset 0 code roots 0 is marked 0 reclaim candidate 1 type array 1
[2024-12-07T22:49:43.117+0800][4.575s][debug][gc,humongous      ] GC(42) Dead humongous region 76 object size 1048592 start 0x00000000e4c00000 with remset 0 code roots 0 is marked 0 reclaim candidate 1 type array 1
[2024-12-07T22:49:43.117+0800][4.575s][debug][gc,humongous      ] GC(42) Dead humongous region 78 object size 1048592 start 0x00000000e4e00000 with remset 0 code roots 0 is marked 0 reclaim candidate 1 type array 1
[2024-12-07T22:49:43.117+0800][4.575s][debug][gc,humongous      ] GC(42) Dead humongous region 80 object size 1048592 start 0x00000000e5000000 with remset 0 code roots 0 is marked 0 reclaim candidate 1 type array 1
[2024-12-07T22:49:43.117+0800][4.576s][debug][gc,humongous      ] GC(42) Dead humongous region 82 object size 1048592 start 0x00000000e5200000 with remset 0 code roots 0 is marked 0 reclaim candidate 1 type array 1
[2024-12-07T22:49:43.118+0800][4.576s][debug][gc,humongous      ] GC(42) Dead humongous region 84 object size 1048592 start 0x00000000e5400000 with remset 0 code roots 0 is marked 0 reclaim candidate 1 type array 1
[2024-12-07T22:49:43.118+0800][4.576s][debug][gc,humongous      ] GC(42) Dead humongous region 86 object size 1048592 start 0x00000000e5600000 with remset 0 code roots 0 is marked 0 reclaim candidate 1 type array 1
[2024-12-07T22:49:43.118+0800][4.576s][debug][gc,humongous      ] GC(42) Dead humongous region 88 object size 1048592 start 0x00000000e5800000 with remset 0 code roots 0 is marked 0 reclaim candidate 1 type array 1
[2024-12-07T22:49:43.118+0800][4.576s][debug][gc,humongous      ] GC(42) Dead humongous region 90 object size 1048592 start 0x00000000e5a00000 with remset 0 code roots 0 is marked 0 reclaim candidate 1 type array 1
[2024-12-07T22:49:43.118+0800][4.577s][debug][gc,humongous      ] GC(42) Live humongous region 92 object size 1048592 start 0x00000000e5c00000  with remset 0 code roots 0 is marked 0 reclaim candidate 0 type array 1
[2024-12-07T22:49:43.118+0800][4.577s][debug][gc,humongous      ] GC(42) Live humongous region 94 object size 1048592 start 0x00000000e5e00000  with remset 0 code roots 0 is marked 0 reclaim candidate 0 type array 1
[2024-12-07T22:49:43.119+0800][4.577s][debug][gc,humongous      ] GC(42) Live humongous region 96 object size 1048592 start 0x00000000e6000000  with remset 0 code roots 0 is marked 0 reclaim candidate 0 type array 1
[2024-12-07T22:49:43.119+0800][4.577s][debug][gc,humongous      ] GC(42) Live humongous region 98 object size 1048592 start 0x00000000e6200000  with remset 0 code roots 0 is marked 0 reclaim candidate 0 type array 1
[2024-12-07T22:49:43.119+0800][4.577s][debug][gc,humongous      ] GC(42) Live humongous region 100 object size 1048592 start 0x00000000e6400000  with remset 0 code roots 0 is marked 0 reclaim candidate 0 type array 1
[2024-12-07T22:49:43.119+0800][4.577s][debug][gc,humongous      ] GC(42) Live humongous region 102 object size 1048592 start 0x00000000e6600000  with remset 0 code roots 0 is marked 0 reclaim candidate 0 type array 1
[2024-12-07T22:49:43.119+0800][4.577s][debug][gc,humongous      ] GC(42) Live humongous region 104 object size 1048592 start 0x00000000e6800000  with remset 0 code roots 0 is marked 0 reclaim candidate 0 type array 1
[2024-12-07T22:49:43.119+0800][4.577s][debug][gc,humongous      ] GC(42) Live humongous region 106 object size 1048592 start 0x00000000e6a00000  with remset 0 code roots 0 is marked 0 reclaim candidate 0 type array 1
[2024-12-07T22:49:43.119+0800][4.577s][debug][gc,humongous      ] GC(42) Live humongous region 108 object size 1048592 start 0x00000000e6c00000  with remset 0 code roots 0 is marked 0 reclaim candidate 0 type array 1
[2024-12-07T22:49:43.119+0800][4.578s][debug][gc,humongous      ] GC(42) Live humongous region 110 object size 1048592 start 0x00000000e6e00000  with remset 0 code roots 0 is marked 0 reclaim candidate 0 type array 1
[2024-12-07T22:49:43.119+0800][4.578s][debug][gc,humongous      ] GC(42) Live humongous region 112 object size 1048592 start 0x00000000e7000000  with remset 0 code roots 0 is marked 0 reclaim candidate 0 type array 1
[2024-12-07T22:49:43.119+0800][4.578s][debug][gc,humongous      ] GC(42) Live humongous region 114 object size 1048592 start 0x00000000e7200000  with remset 0 code roots 0 is marked 0 reclaim candidate 0 type array 1
[2024-12-07T22:49:43.120+0800][4.578s][debug][gc,humongous      ] GC(42) Live humongous region 116 object size 1048592 start 0x00000000e7400000  with remset 0 code roots 0 is marked 0 reclaim candidate 0 type array 1
[2024-12-07T22:49:43.120+0800][4.578s][debug][gc,humongous      ] GC(42) Live humongous region 118 object size 1048592 start 0x00000000e7600000  with remset 0 code roots 0 is marked 0 reclaim candidate 0 type array 1
[2024-12-07T22:49:43.120+0800][4.578s][debug][gc,humongous      ] GC(42) Live humongous region 120 object size 1048592 start 0x00000000e7800000  with remset 0 code roots 0 is marked 0 reclaim candidate 0 type array 1
[2024-12-07T22:49:43.120+0800][4.578s][debug][gc,humongous      ] GC(42) Live humongous region 122 object size 1048592 start 0x00000000e7a00000  with remset 0 code roots 0 is marked 0 reclaim candidate 0 type array 1
[2024-12-07T22:49:43.120+0800][4.578s][debug][gc,humongous      ] GC(42) Live humongous region 124 object size 1048592 start 0x00000000e7c00000  with remset 0 code roots 0 is marked 0 reclaim candidate 0 type array 1
[2024-12-07T22:49:43.120+0800][4.578s][debug][gc,humongous      ] GC(42) Live humongous region 126 object size 1048592 start 0x00000000e7e00000  with remset 0 code roots 0 is marked 0 reclaim candidate 0 type array 1
[2024-12-07T22:49:43.120+0800][4.578s][debug][gc,humongous      ] GC(42) Live humongous region 128 object size 1048592 start 0x00000000e8000000  with remset 0 code roots 0 is marked 0 reclaim candidate 0 type array 1
[2024-12-07T22:49:43.120+0800][4.578s][debug][gc,humongous      ] GC(42) Live humongous region 130 object size 1048592 start 0x00000000e8200000  with remset 0 code roots 0 is marked 0 reclaim candidate 0 type array 1
[2024-12-07T22:49:43.120+0800][4.579s][debug][gc,humongous      ] GC(42) Live humongous region 132 object size 1048592 start 0x00000000e8400000  with remset 0 code roots 0 is marked 0 reclaim candidate 0 type array 1
[2024-12-07T22:49:43.120+0800][4.579s][debug][gc,humongous      ] GC(42) Live humongous region 134 object size 1048592 start 0x00000000e8600000  with remset 0 code roots 0 is marked 0 reclaim candidate 0 type array 1
[2024-12-07T22:49:43.120+0800][4.579s][debug][gc,humongous      ] GC(42) Live humongous region 136 object size 1048592 start 0x00000000e8800000  with remset 0 code roots 0 is marked 0 reclaim candidate 0 type array 1
[2024-12-07T22:49:43.120+0800][4.579s][debug][gc,humongous      ] GC(42) Live humongous region 138 object size 1048592 start 0x00000000e8a00000  with remset 0 code roots 0 is marked 0 reclaim candidate 0 type array 1
[2024-12-07T22:49:43.121+0800][4.579s][debug][gc,humongous      ] GC(42) Live humongous region 140 object size 1048592 start 0x00000000e8c00000  with remset 0 code roots 0 is marked 0 reclaim candidate 0 type array 1
[2024-12-07T22:49:43.121+0800][4.579s][debug][gc,humongous      ] GC(42) Live humongous region 142 object size 1048592 start 0x00000000e8e00000  with remset 0 code roots 0 is marked 0 reclaim candidate 0 type array 1
[2024-12-07T22:49:43.121+0800][4.579s][debug][gc,humongous      ] GC(42) Live humongous region 144 object size 1048592 start 0x00000000e9000000  with remset 0 code roots 0 is marked 0 reclaim candidate 0 type array 1
[2024-12-07T22:49:43.121+0800][4.579s][debug][gc,humongous      ] GC(42) Live humongous region 146 object size 1048592 start 0x00000000e9200000  with remset 0 code roots 0 is marked 0 reclaim candidate 0 type array 1
[2024-12-07T22:49:43.121+0800][4.579s][debug][gc,humongous      ] GC(42) Live humongous region 148 object size 1048592 start 0x00000000e9400000  with remset 0 code roots 0 is marked 0 reclaim candidate 0 type array 1
[2024-12-07T22:49:43.121+0800][4.579s][debug][gc,humongous      ] GC(42) Live humongous region 150 object size 1048592 start 0x00000000e9600000  with remset 0 code roots 0 is marked 0 reclaim candidate 0 type array 1
[2024-12-07T22:49:43.121+0800][4.579s][debug][gc,humongous      ] GC(42) Live humongous region 152 object size 1048592 start 0x00000000e9800000  with remset 0 code roots 0 is marked 0 reclaim candidate 0 type array 1
[2024-12-07T22:49:43.121+0800][4.579s][debug][gc,humongous      ] GC(42) Live humongous region 154 object size 1048592 start 0x00000000e9a00000  with remset 0 code roots 0 is marked 0 reclaim candidate 0 type array 1
[2024-12-07T22:49:43.121+0800][4.579s][debug][gc,humongous      ] GC(42) Live humongous region 156 object size 1048592 start 0x00000000e9c00000  with remset 0 code roots 0 is marked 0 reclaim candidate 0 type array 1
[2024-12-07T22:49:43.121+0800][4.579s][debug][gc,humongous      ] GC(42) Live humongous region 158 object size 1048592 start 0x00000000e9e00000  with remset 0 code roots 0 is marked 0 reclaim candidate 0 type array 1
[2024-12-07T22:49:43.121+0800][4.579s][debug][gc,humongous      ] GC(42) Live humongous region 160 object size 1048592 start 0x00000000ea000000  with remset 0 code roots 0 is marked 0 reclaim candidate 0 type array 1
[2024-12-07T22:49:43.121+0800][4.580s][debug][gc,humongous      ] GC(42) Live humongous region 162 object size 1048592 start 0x00000000ea200000  with remset 0 code roots 0 is marked 0 reclaim candidate 0 type array 1
[2024-12-07T22:49:43.121+0800][4.580s][debug][gc,humongous      ] GC(42) Live humongous region 164 object size 1048592 start 0x00000000ea400000  with remset 0 code roots 0 is marked 0 reclaim candidate 0 type array 1
[2024-12-07T22:49:43.121+0800][4.580s][debug][gc,humongous      ] GC(42) Live humongous region 166 object size 1048592 start 0x00000000ea600000  with remset 0 code roots 0 is marked 0 reclaim candidate 0 type array 1
[2024-12-07T22:49:43.121+0800][4.580s][debug][gc,humongous      ] GC(42) Live humongous region 168 object size 1048592 start 0x00000000ea800000  with remset 0 code roots 0 is marked 0 reclaim candidate 0 type array 1
[2024-12-07T22:49:43.121+0800][4.580s][debug][gc,humongous      ] GC(42) Live humongous region 170 object size 1048592 start 0x00000000eaa00000  with remset 0 code roots 0 is marked 0 reclaim candidate 0 type array 1
[2024-12-07T22:49:43.122+0800][4.580s][debug][gc,humongous      ] GC(42) Live humongous region 172 object size 1048592 start 0x00000000eac00000  with remset 0 code roots 0 is marked 0 reclaim candidate 0 type array 1
[2024-12-07T22:49:43.122+0800][4.580s][debug][gc,humongous      ] GC(42) Live humongous region 174 object size 1048592 start 0x00000000eae00000  with remset 0 code roots 0 is marked 0 reclaim candidate 0 type array 1
[2024-12-07T22:49:43.122+0800][4.580s][debug][gc,humongous      ] GC(42) Live humongous region 176 object size 1048592 start 0x00000000eb000000  with remset 0 code roots 0 is marked 0 reclaim candidate 0 type array 1
[2024-12-07T22:49:43.122+0800][4.580s][debug][gc,humongous      ] GC(42) Live humongous region 178 object size 1048592 start 0x00000000eb200000  with remset 0 code roots 0 is marked 0 reclaim candidate 0 type array 1
[2024-12-07T22:49:43.122+0800][4.580s][debug][gc,humongous      ] GC(42) Live humongous region 180 object size 1048592 start 0x00000000eb400000  with remset 0 code roots 0 is marked 0 reclaim candidate 0 type array 1
[2024-12-07T22:49:43.122+0800][4.580s][debug][gc,humongous      ] GC(42) Live humongous region 182 object size 1048592 start 0x00000000eb600000  with remset 0 code roots 0 is marked 0 reclaim candidate 0 type array 1
[2024-12-07T22:49:43.122+0800][4.580s][debug][gc,humongous      ] GC(42) Live humongous region 184 object size 1048592 start 0x00000000eb800000  with remset 0 code roots 0 is marked 0 reclaim candidate 0 type array 1
[2024-12-07T22:49:43.122+0800][4.580s][debug][gc,humongous      ] GC(42) Live humongous region 186 object size 1048592 start 0x00000000eba00000  with remset 0 code roots 0 is marked 0 reclaim candidate 0 type array 1
[2024-12-07T22:49:43.122+0800][4.580s][debug][gc,humongous      ] GC(42) Live humongous region 188 object size 1048592 start 0x00000000ebc00000  with remset 0 code roots 0 is marked 0 reclaim candidate 0 type array 1
[2024-12-07T22:49:43.122+0800][4.580s][debug][gc,humongous      ] GC(42) Live humongous region 190 object size 1048592 start 0x00000000ebe00000  with remset 0 code roots 0 is marked 0 reclaim candidate 0 type array 1
[2024-12-07T22:49:43.122+0800][4.581s][debug][gc,humongous      ] GC(42) Live humongous region 192 object size 1048592 start 0x00000000ec000000  with remset 0 code roots 0 is marked 0 reclaim candidate 0 type array 1
[2024-12-07T22:49:43.122+0800][4.581s][debug][gc,humongous      ] GC(42) Live humongous region 194 object size 1048592 start 0x00000000ec200000  with remset 0 code roots 0 is marked 0 reclaim candidate 0 type array 1
[2024-12-07T22:49:43.122+0800][4.581s][debug][gc,humongous      ] GC(42) Live humongous region 196 object size 1048592 start 0x00000000ec400000  with remset 0 code roots 0 is marked 0 reclaim candidate 0 type array 1
[2024-12-07T22:49:43.122+0800][4.581s][debug][gc,humongous      ] GC(42) Live humongous region 198 object size 1048592 start 0x00000000ec600000  with remset 0 code roots 0 is marked 0 reclaim candidate 0 type array 1
[2024-12-07T22:49:43.122+0800][4.581s][debug][gc,humongous      ] GC(42) Live humongous region 200 object size 1048592 start 0x00000000ec800000  with remset 0 code roots 0 is marked 0 reclaim candidate 0 type array 1
[2024-12-07T22:49:43.123+0800][4.581s][debug][gc,humongous      ] GC(42) Live humongous region 202 object size 1048592 start 0x00000000eca00000  with remset 0 code roots 0 is marked 0 reclaim candidate 0 type array 1
[2024-12-07T22:49:43.123+0800][4.581s][debug][gc,humongous      ] GC(42) Live humongous region 204 object size 1048592 start 0x00000000ecc00000  with remset 0 code roots 0 is marked 0 reclaim candidate 0 type array 1
[2024-12-07T22:49:43.123+0800][4.581s][debug][gc,humongous      ] GC(42) Live humongous region 206 object size 1048592 start 0x00000000ece00000  with remset 0 code roots 0 is marked 0 reclaim candidate 0 type array 1
[2024-12-07T22:49:43.123+0800][4.581s][debug][gc,humongous      ] GC(42) Live humongous region 208 object size 1048592 start 0x00000000ed000000  with remset 0 code roots 0 is marked 0 reclaim candidate 0 type array 1
[2024-12-07T22:49:43.123+0800][4.581s][debug][gc,humongous      ] GC(42) Live humongous region 210 object size 1048592 start 0x00000000ed200000  with remset 0 code roots 0 is marked 0 reclaim candidate 0 type array 1
[2024-12-07T22:49:43.123+0800][4.581s][debug][gc,humongous      ] GC(42) Live humongous region 212 object size 1048592 start 0x00000000ed400000  with remset 0 code roots 0 is marked 0 reclaim candidate 0 type array 1
[2024-12-07T22:49:43.123+0800][4.581s][debug][gc,humongous      ] GC(42) Live humongous region 214 object size 1048592 start 0x00000000ed600000  with remset 0 code roots 0 is marked 0 reclaim candidate 0 type array 1
[2024-12-07T22:49:43.123+0800][4.581s][debug][gc,humongous      ] GC(42) Live humongous region 216 object size 1048592 start 0x00000000ed800000  with remset 0 code roots 0 is marked 0 reclaim candidate 0 type array 1
[2024-12-07T22:49:43.123+0800][4.581s][debug][gc,humongous      ] GC(42) Live humongous region 218 object size 1048592 start 0x00000000eda00000  with remset 0 code roots 0 is marked 0 reclaim candidate 0 type array 1
[2024-12-07T22:49:43.123+0800][4.581s][debug][gc,humongous      ] GC(42) Live humongous region 220 object size 1048592 start 0x00000000edc00000  with remset 0 code roots 0 is marked 0 reclaim candidate 0 type array 1
[2024-12-07T22:49:43.123+0800][4.581s][debug][gc,humongous      ] GC(42) Live humongous region 222 object size 1048592 start 0x00000000ede00000  with remset 0 code roots 0 is marked 0 reclaim candidate 0 type array 1
[2024-12-07T22:49:43.123+0800][4.582s][debug][gc,humongous      ] GC(42) Live humongous region 224 object size 1048592 start 0x00000000ee000000  with remset 0 code roots 0 is marked 0 reclaim candidate 0 type array 1
[2024-12-07T22:49:43.123+0800][4.582s][debug][gc,plab           ] GC(42) Young PLAB allocation: allocated: 6192B, wasted: 24B, unused: 2168B, used: 4000B, undo waste: 0B, 
[2024-12-07T22:49:43.123+0800][4.582s][debug][gc,plab           ] GC(42) Young other allocation: region end waste: 0B, regions filled: 1, direct allocated: 0B, failure used: 0B, failure wasted: 0B
[2024-12-07T22:49:43.123+0800][4.582s][debug][gc,plab           ] GC(42) Young sizing: calculated: 800B, actual: 2064B
[2024-12-07T22:49:43.123+0800][4.582s][debug][gc,plab           ] GC(42) Old PLAB allocation: allocated: 0B, wasted: 0B, unused: 0B, used: 0B, undo waste: 0B, 
[2024-12-07T22:49:43.124+0800][4.582s][debug][gc,plab           ] GC(42) Old other allocation: region end waste: 0B, regions filled: 1, direct allocated: 0B, failure used: 0B, failure wasted: 0B
[2024-12-07T22:49:43.124+0800][4.582s][debug][gc,plab           ] GC(42) Old sizing: calculated: 0B, actual: 2064B
[2024-12-07T22:49:43.124+0800][4.582s][debug][gc,ergo,heap      ] GC(42) Attempt heap expansion (recent GC overhead higher than threshold after GC) recent GC overhead: 12.11 % threshold: 7.69 % uncommitted: 5242880B base expansion amount and scale: 1048576B (36.91%)
[2024-12-07T22:49:43.124+0800][4.582s][debug][gc,ergo,heap      ] GC(42) Expand the heap. requested expansion amount: 1048576B expansion amount: 1048576B
[2024-12-07T22:49:43.124+0800][4.582s][debug][gc,ihop           ] GC(42) Target occupancy update: old: 531628032B, new: 532676608B
[2024-12-07T22:49:43.124+0800][4.582s][debug][gc,alloc,stats    ] Old generation allocation in the last mutator period, old gen allocated: 0B, humongous allocated: 27262976B,old gen growth: 0B.
[2024-12-07T22:49:43.124+0800][4.582s][debug][gc,ihop           ] GC(42) Basic information (value update), threshold: 239704473B (45.00), target occupancy: 532676608B, current occupancy: 211019824B, recent allocation size: 27262976B, recent allocation duration: 201.65ms, recent old gen allocation rate: 135196933.85B/s, recent marking phase length: 0.00ms
[2024-12-07T22:49:43.124+0800][4.582s][debug][gc,ihop           ] GC(42) Adaptive IHOP information (value update), threshold: 239704473B (52.53), internal target occupancy: 456340275B, occupancy: 211019824B, additional buffer size: 71303168B, predicted old gen allocation rate: 94340256.04B/s, predicted marking phase length: 0.00ms, prediction active: false
[2024-12-07T22:49:43.124+0800][4.582s][debug][gc,ergo,refine    ] GC(42) Updated Refinement Zones: green: 18, yellow: 54, red: 90
[2024-12-07T22:49:43.124+0800][4.583s][info ][gc,phases         ] GC(42)   Pre Evacuate Collection Set: 0.2ms
[2024-12-07T22:49:43.124+0800][4.583s][debug][gc,phases         ] GC(42)     Prepare TLABs: 0.2ms
[2024-12-07T22:49:43.124+0800][4.583s][debug][gc,phases         ] GC(42)     Choose Collection Set: 0.2ms
[2024-12-07T22:49:43.124+0800][4.583s][debug][gc,phases         ] GC(42)     Humongous Register: 0.0ms
[2024-12-07T22:49:43.124+0800][4.583s][debug][gc,phases         ] GC(42)     Clear Claimed Marks: 0.0ms
[2024-12-07T22:49:43.125+0800][4.583s][info ][gc,phases         ] GC(42)   Evacuate Collection Set: 4.2ms
[2024-12-07T22:49:43.125+0800][4.583s][debug][gc,phases         ] GC(42)     Ext Root Scanning (ms):   Min:  0.0, Avg:  0.6, Max:  1.2, Diff:  1.2, Sum:  6.7, Workers: 12
[2024-12-07T22:49:43.125+0800][4.583s][debug][gc,phases         ] GC(42)     Update RS (ms):           Min:  0.0, Avg:  0.0, Max:  0.0, Diff:  0.0, Sum:  0.0, Workers: 12
[2024-12-07T22:49:43.125+0800][4.583s][debug][gc,phases         ] GC(42)       Processed Buffers:        Min: 0, Avg:  0.2, Max: 3, Diff: 3, Sum: 3, Workers: 12
[2024-12-07T22:49:43.125+0800][4.583s][debug][gc,phases         ] GC(42)       Scanned Cards:            Min: 0, Avg:  0.6, Max: 7, Diff: 7, Sum: 7, Workers: 12
[2024-12-07T22:49:43.125+0800][4.583s][debug][gc,phases         ] GC(42)       Skipped Cards:            Min: 0, Avg:  0.0, Max: 0, Diff: 0, Sum: 0, Workers: 12
[2024-12-07T22:49:43.125+0800][4.583s][debug][gc,phases         ] GC(42)     Scan RS (ms):             Min:  0.0, Avg:  0.0, Max:  0.0, Diff:  0.0, Sum:  0.0, Workers: 12
[2024-12-07T22:49:43.125+0800][4.583s][debug][gc,phases         ] GC(42)       Scanned Cards:            Min: 0, Avg:  0.2, Max: 1, Diff: 1, Sum: 2, Workers: 12
[2024-12-07T22:49:43.125+0800][4.583s][debug][gc,phases         ] GC(42)       Claimed Cards:            Min: 0, Avg:  0.2, Max: 2, Diff: 2, Sum: 3, Workers: 12
[2024-12-07T22:49:43.125+0800][4.583s][debug][gc,phases         ] GC(42)       Skipped Cards:            Min: 0, Avg:  0.1, Max: 1, Diff: 1, Sum: 1, Workers: 12
[2024-12-07T22:49:43.125+0800][4.584s][debug][gc,phases         ] GC(42)     Code Root Scanning (ms):  Min:  0.0, Avg:  0.0, Max:  0.0, Diff:  0.0, Sum:  0.0, Workers: 12
[2024-12-07T22:49:43.125+0800][4.584s][debug][gc,phases         ] GC(42)     AOT Root Scanning (ms):   skipped
[2024-12-07T22:49:43.125+0800][4.584s][debug][gc,phases         ] GC(42)     Object Copy (ms):         Min:  0.0, Avg:  0.0, Max:  0.0, Diff:  0.0, Sum:  0.1, Workers: 12
[2024-12-07T22:49:43.125+0800][4.584s][debug][gc,phases         ] GC(42)     Termination (ms):         Min:  0.0, Avg:  0.8, Max:  1.2, Diff:  1.2, Sum:  9.9, Workers: 12
[2024-12-07T22:49:43.125+0800][4.584s][debug][gc,phases         ] GC(42)       Termination Attempts:     Min: 1, Avg:  1.0, Max: 1, Diff: 0, Sum: 12, Workers: 12
[2024-12-07T22:49:43.126+0800][4.584s][debug][gc,phases         ] GC(42)     GC Worker Other (ms):     Min:  0.3, Avg:  1.2, Max:  2.1, Diff:  1.8, Sum: 13.8, Workers: 12
[2024-12-07T22:49:43.126+0800][4.584s][debug][gc,phases         ] GC(42)     GC Worker Total (ms):     Min:  1.5, Avg:  2.5, Max:  3.4, Diff:  1.9, Sum: 30.5, Workers: 12
[2024-12-07T22:49:43.126+0800][4.584s][info ][gc,phases         ] GC(42)   Post Evacuate Collection Set: 11.3ms
[2024-12-07T22:49:43.126+0800][4.584s][debug][gc,phases         ] GC(42)     Code Roots Fixup: 0.0ms
[2024-12-07T22:49:43.126+0800][4.584s][debug][gc,phases         ] GC(42)     Clear Card Table: 0.2ms
[2024-12-07T22:49:43.126+0800][4.584s][debug][gc,phases         ] GC(42)     Reference Processing: 0.5ms
[2024-12-07T22:49:43.126+0800][4.584s][debug][gc,phases,ref     ] GC(42)       Reconsider SoftReferences: 0.1ms
[2024-12-07T22:49:43.126+0800][4.584s][debug][gc,phases,ref     ] GC(42)         SoftRef (ms):             skipped
[2024-12-07T22:49:43.126+0800][4.584s][debug][gc,phases,ref     ] GC(42)       Notify Soft/WeakReferences: 0.1ms
[2024-12-07T22:49:43.126+0800][4.585s][debug][gc,phases,ref     ] GC(42)         SoftRef (ms):             skipped
[2024-12-07T22:49:43.126+0800][4.585s][debug][gc,phases,ref     ] GC(42)         WeakRef (ms):             skipped
[2024-12-07T22:49:43.126+0800][4.585s][debug][gc,phases,ref     ] GC(42)         FinalRef (ms):            skipped
[2024-12-07T22:49:43.126+0800][4.585s][debug][gc,phases,ref     ] GC(42)         Total (ms):               skipped
[2024-12-07T22:49:43.127+0800][4.585s][debug][gc,phases,ref     ] GC(42)       Notify and keep alive finalizable: 0.1ms
[2024-12-07T22:49:43.127+0800][4.585s][debug][gc,phases,ref     ] GC(42)         FinalRef (ms):            skipped
[2024-12-07T22:49:43.127+0800][4.585s][debug][gc,phases,ref     ] GC(42)       Notify PhantomReferences: 0.1ms
[2024-12-07T22:49:43.127+0800][4.585s][debug][gc,phases,ref     ] GC(42)         PhantomRef (ms):          skipped
[2024-12-07T22:49:43.127+0800][4.585s][debug][gc,phases,ref     ] GC(42)       SoftReference:
[2024-12-07T22:49:43.127+0800][4.585s][debug][gc,phases,ref     ] GC(42)         Discovered: 0
[2024-12-07T22:49:43.127+0800][4.585s][debug][gc,phases,ref     ] GC(42)         Cleared: 0
[2024-12-07T22:49:43.127+0800][4.585s][debug][gc,phases,ref     ] GC(42)       WeakReference:
[2024-12-07T22:49:43.127+0800][4.585s][debug][gc,phases,ref     ] GC(42)         Discovered: 0
[2024-12-07T22:49:43.127+0800][4.585s][debug][gc,phases,ref     ] GC(42)         Cleared: 0
[2024-12-07T22:49:43.127+0800][4.586s][debug][gc,phases,ref     ] GC(42)       FinalReference:
[2024-12-07T22:49:43.127+0800][4.586s][debug][gc,phases,ref     ] GC(42)         Discovered: 0
[2024-12-07T22:49:43.127+0800][4.586s][debug][gc,phases,ref     ] GC(42)         Cleared: 0
[2024-12-07T22:49:43.127+0800][4.586s][debug][gc,phases,ref     ] GC(42)       PhantomReference:
[2024-12-07T22:49:43.127+0800][4.586s][debug][gc,phases,ref     ] GC(42)         Discovered: 0
[2024-12-07T22:49:43.128+0800][4.586s][debug][gc,phases,ref     ] GC(42)         Cleared: 0
[2024-12-07T22:49:43.128+0800][4.586s][debug][gc,phases         ] GC(42)     Weak Processing: 0.0ms
[2024-12-07T22:49:43.128+0800][4.586s][debug][gc,phases         ] GC(42)     Merge Per-Thread State: 0.0ms
[2024-12-07T22:49:43.128+0800][4.586s][debug][gc,phases         ] GC(42)     Code Roots Purge: 0.0ms
[2024-12-07T22:49:43.128+0800][4.586s][debug][gc,phases         ] GC(42)     Redirty Cards: 0.1ms
[2024-12-07T22:49:43.128+0800][4.586s][debug][gc,phases         ] GC(42)     DerivedPointerTable Update: 0.0ms
[2024-12-07T22:49:43.128+0800][4.586s][debug][gc,phases         ] GC(42)     Free Collection Set: 0.2ms
[2024-12-07T22:49:43.128+0800][4.586s][debug][gc,phases         ] GC(42)     Humongous Reclaim: 10.3ms
[2024-12-07T22:49:43.128+0800][4.586s][debug][gc,phases         ] GC(42)     Start New Collection Set: 0.0ms
[2024-12-07T22:49:43.128+0800][4.586s][debug][gc,phases         ] GC(42)     Resize TLABs: 0.0ms
[2024-12-07T22:49:43.128+0800][4.587s][debug][gc,phases         ] GC(42)     Expand Heap After Collection: 0.0ms
[2024-12-07T22:49:43.128+0800][4.587s][info ][gc,phases         ] GC(42)   Other: 3.2ms
[2024-12-07T22:49:43.128+0800][4.587s][info ][gc,heap           ] GC(42) Eden regions: 1->0(67)
[2024-12-07T22:49:43.128+0800][4.587s][info ][gc,heap           ] GC(42) Survivor regions: 1->1(7)
[2024-12-07T22:49:43.128+0800][4.587s][info ][gc,heap           ] GC(42) Old regions: 3->3
[2024-12-07T22:49:43.129+0800][4.587s][info ][gc,heap           ] GC(42) Humongous regions: 226->200
[2024-12-07T22:49:43.129+0800][4.587s][info ][gc,metaspace      ] GC(42) Metaspace: 677K(4864K)->677K(4864K) NonClass: 624K(4352K)->624K(4352K) Class: 52K(512K)->52K(512K)
[2024-12-07T22:49:43.129+0800][4.587s][debug][gc,heap           ] GC(42) Heap after GC invocations=43 (full 0): garbage-first heap   total 520192K, used 206074K [0x00000000e0000000, 0x0000000100000000)
[2024-12-07T22:49:43.129+0800][4.587s][debug][gc,heap           ] GC(42)   region size 1024K, 1 young (1024K), 1 survivors (1024K)
[2024-12-07T22:49:43.129+0800][4.587s][debug][gc,heap           ] GC(42)  Metaspace       used 677K, capacity 4575K, committed 4864K, reserved 1056768K
[2024-12-07T22:49:43.129+0800][4.587s][debug][gc,heap           ] GC(42)   class space    used 52K, capacity 418K, committed 512K, reserved 1048576K
[2024-12-07T22:49:43.129+0800][4.587s][info ][gc                ] GC(42) Pause Young (Concurrent Start) (G1 Humongous Allocation) 227M->201M(508M) 22.266ms
[2024-12-07T22:49:43.129+0800][4.587s][info ][gc,cpu            ] GC(42) User=0.01s Sys=0.00s Real=0.02s
[2024-12-07T22:49:43.129+0800][4.587s][info ][gc                ] GC(43) Concurrent Cycle
[2024-12-07T22:49:43.129+0800][4.587s][info ][gc,marking        ] GC(43) Concurrent Clear Claimed Marks
[2024-12-07T22:49:43.129+0800][4.588s][info ][gc,marking        ] GC(43) Concurrent Clear Claimed Marks 0.080ms
[2024-12-07T22:49:43.129+0800][4.588s][info ][gc,marking        ] GC(43) Concurrent Scan Root Regions
[2024-12-07T22:49:43.129+0800][4.588s][debug][gc,ergo           ] GC(43) Running G1 Root Region Scan using 1 workers for 1 work units.
[2024-12-07T22:49:43.129+0800][4.588s][info ][gc,marking        ] GC(43) Concurrent Scan Root Regions 0.171ms
[2024-12-07T22:49:43.130+0800][4.588s][info ][gc,marking        ] GC(43) Concurrent Mark (4.588s)
[2024-12-07T22:49:43.130+0800][4.588s][info ][gc,marking        ] GC(43) Concurrent Mark From Roots
[2024-12-07T22:49:43.130+0800][4.588s][info ][gc,task           ] GC(43) Using 5 workers of 5 for marking
[2024-12-07T22:49:43.131+0800][4.589s][debug][gc,stats          ] ---------------------------------------------------------------------
[2024-12-07T22:49:43.131+0800][4.589s][debug][gc,stats          ] Marking Stats, task = 0, calls = 20
[2024-12-07T22:49:43.131+0800][4.589s][debug][gc,stats          ]   Elapsed time = 0.69ms, Termination time = 0.00ms
[2024-12-07T22:49:43.131+0800][4.589s][debug][gc,stats          ]   Step Times (cum): num = 1960, avg = 0.01ms, sd = 0.19ms max = 5.58ms, total = 28.64ms
[2024-12-07T22:49:43.131+0800][4.589s][debug][gc,stats          ]   Mark Stats Cache: hits 6413 misses 102 ratio 98.434
[2024-12-07T22:49:43.131+0800][4.589s][debug][gc,stats          ] ---------------------------------------------------------------------
[2024-12-07T22:49:43.131+0800][4.589s][debug][gc,stats          ] Marking Stats, task = 1, calls = 15
[2024-12-07T22:49:43.131+0800][4.589s][debug][gc,stats          ]   Elapsed time = 0.68ms, Termination time = 0.00ms
[2024-12-07T22:49:43.131+0800][4.589s][debug][gc,stats          ]   Step Times (cum): num = 537, avg = 0.05ms, sd = 0.36ms max = 5.59ms, total = 27.37ms
[2024-12-07T22:49:43.131+0800][4.590s][debug][gc,stats          ]   Mark Stats Cache: hits 3142 misses 3 ratio 99.905
[2024-12-07T22:49:43.131+0800][4.590s][debug][gc,stats          ] ---------------------------------------------------------------------
[2024-12-07T22:49:43.131+0800][4.590s][debug][gc,stats          ] Marking Stats, task = 2, calls = 20
[2024-12-07T22:49:43.131+0800][4.590s][debug][gc,stats          ]   Elapsed time = 0.67ms, Termination time = 0.00ms
[2024-12-07T22:49:43.131+0800][4.590s][debug][gc,stats          ]   Step Times (cum): num = 419, avg = 0.07ms, sd = 0.41ms max = 5.58ms, total = 27.90ms
[2024-12-07T22:49:43.132+0800][4.590s][debug][gc,stats          ]   Mark Stats Cache: hits 3629 misses 3 ratio 99.917
[2024-12-07T22:49:43.132+0800][4.590s][debug][gc,stats          ] ---------------------------------------------------------------------
[2024-12-07T22:49:43.132+0800][4.590s][debug][gc,stats          ] Marking Stats, task = 3, calls = 1
[2024-12-07T22:49:43.132+0800][4.590s][debug][gc,stats          ]   Elapsed time = 0.64ms, Termination time = 0.00ms
[2024-12-07T22:49:43.132+0800][4.590s][debug][gc,stats          ]   Step Times (cum): num = 493, avg = 0.06ms, sd = 0.37ms max = 5.59ms, total = 27.42ms
[2024-12-07T22:49:43.132+0800][4.590s][debug][gc,stats          ]   Mark Stats Cache: hits 8255 misses 3 ratio 99.964
[2024-12-07T22:49:43.132+0800][4.590s][debug][gc,stats          ] ---------------------------------------------------------------------
[2024-12-07T22:49:43.132+0800][4.590s][debug][gc,stats          ] Marking Stats, task = 4, calls = 16
[2024-12-07T22:49:43.132+0800][4.590s][debug][gc,stats          ]   Elapsed time = 0.63ms, Termination time = 0.00ms
[2024-12-07T22:49:43.132+0800][4.590s][debug][gc,stats          ]   Step Times (cum): num = 487, avg = 0.06ms, sd = 0.38ms max = 5.59ms, total = 27.77ms
[2024-12-07T22:49:43.132+0800][4.590s][debug][gc,stats          ]   Mark Stats Cache: hits 4056 misses 3 ratio 99.926
[2024-12-07T22:49:43.132+0800][4.591s][debug][gc,stats          ] ---------------------------------------------------------------------
[2024-12-07T22:49:43.132+0800][4.591s][info ][gc,marking        ] GC(43) Concurrent Mark From Roots 2.554ms
[2024-12-07T22:49:43.132+0800][4.591s][info ][gc,marking        ] GC(43) Concurrent Preclean
[2024-12-07T22:49:43.132+0800][4.591s][debug][gc,ref,start      ] GC(43) Preclean SoftReferences
[2024-12-07T22:49:43.132+0800][4.591s][debug][gc,ref            ] GC(43) Preclean SoftReferences 0.074ms
[2024-12-07T22:49:43.133+0800][4.591s][debug][gc,ref,start      ] GC(43) Preclean WeakReferences
[2024-12-07T22:49:43.133+0800][4.591s][debug][gc,ref            ] GC(43) Preclean WeakReferences 0.073ms
[2024-12-07T22:49:43.133+0800][4.591s][debug][gc,ref,start      ] GC(43) Preclean FinalReferences
[2024-12-07T22:49:43.133+0800][4.591s][debug][gc,ref            ] GC(43) Preclean FinalReferences 0.073ms
[2024-12-07T22:49:43.133+0800][4.591s][debug][gc,ref,start      ] GC(43) Preclean PhantomReferences
[2024-12-07T22:49:43.133+0800][4.591s][debug][gc,ref            ] GC(43) Preclean PhantomReferences 0.073ms
[2024-12-07T22:49:43.133+0800][4.591s][info ][gc,marking        ] GC(43) Concurrent Preclean 0.612ms
[2024-12-07T22:49:43.133+0800][4.591s][info ][gc,marking        ] GC(43) Concurrent Mark (4.588s, 4.591s) 3.360ms
[2024-12-07T22:49:43.133+0800][4.592s][info ][gc,start          ] GC(43) Pause Remark
[2024-12-07T22:49:43.133+0800][4.592s][debug][gc,phases,start   ] GC(43) Finalize Marking
[2024-12-07T22:49:43.134+0800][4.593s][debug][gc,stats          ] ---------------------------------------------------------------------
[2024-12-07T22:49:43.134+0800][4.593s][debug][gc,stats          ] Marking Stats, task = 0, calls = 93
[2024-12-07T22:49:43.135+0800][4.593s][debug][gc,stats          ]   Elapsed time = 0.52ms, Termination time = 0.00ms
[2024-12-07T22:49:43.135+0800][4.593s][debug][gc,stats          ]   Step Times (cum): num = 2033, avg = 0.01ms, sd = 0.19ms max = 5.58ms, total = 28.64ms
[2024-12-07T22:49:43.138+0800][4.596s][debug][gc,stats          ]   Mark Stats Cache: hits 6413 misses 102 ratio 98.434
[2024-12-07T22:49:43.138+0800][4.596s][debug][gc,stats          ] ---------------------------------------------------------------------
[2024-12-07T22:49:43.138+0800][4.597s][debug][gc,stats          ] Marking Stats, task = 1, calls = 16
[2024-12-07T22:49:43.138+0800][4.597s][debug][gc,stats          ]   Elapsed time = 0.58ms, Termination time = 0.41ms
[2024-12-07T22:49:43.138+0800][4.597s][debug][gc,stats          ]   Step Times (cum): num = 538, avg = 0.05ms, sd = 0.36ms max = 5.59ms, total = 27.79ms
[2024-12-07T22:49:43.138+0800][4.597s][debug][gc,stats          ]   Mark Stats Cache: hits 3142 misses 3 ratio 99.905
[2024-12-07T22:49:43.139+0800][4.597s][debug][gc,stats          ] ---------------------------------------------------------------------
[2024-12-07T22:49:43.139+0800][4.597s][debug][gc,stats          ] Marking Stats, task = 2, calls = 21
[2024-12-07T22:49:43.139+0800][4.597s][debug][gc,stats          ]   Elapsed time = 0.58ms, Termination time = 0.41ms
[2024-12-07T22:49:43.139+0800][4.597s][debug][gc,stats          ]   Step Times (cum): num = 420, avg = 0.07ms, sd = 0.41ms max = 5.58ms, total = 28.31ms
[2024-12-07T22:49:43.139+0800][4.597s][debug][gc,stats          ]   Mark Stats Cache: hits 3629 misses 3 ratio 99.917
[2024-12-07T22:49:43.139+0800][4.597s][debug][gc,stats          ] ---------------------------------------------------------------------
[2024-12-07T22:49:43.139+0800][4.597s][debug][gc,stats          ] Marking Stats, task = 3, calls = 2
[2024-12-07T22:49:43.139+0800][4.597s][debug][gc,stats          ]   Elapsed time = 0.50ms, Termination time = 0.41ms
[2024-12-07T22:49:43.139+0800][4.597s][debug][gc,stats          ]   Step Times (cum): num = 494, avg = 0.06ms, sd = 0.37ms max = 5.59ms, total = 27.83ms
[2024-12-07T22:49:43.139+0800][4.598s][debug][gc,stats          ]   Mark Stats Cache: hits 8255 misses 3 ratio 99.964
[2024-12-07T22:49:43.139+0800][4.598s][debug][gc,stats          ] ---------------------------------------------------------------------
[2024-12-07T22:49:43.139+0800][4.598s][debug][gc,stats          ] Marking Stats, task = 4, calls = 17
[2024-12-07T22:49:43.139+0800][4.598s][debug][gc,stats          ]   Elapsed time = 0.45ms, Termination time = 0.41ms
[2024-12-07T22:49:43.140+0800][4.598s][debug][gc,stats          ]   Step Times (cum): num = 488, avg = 0.06ms, sd = 0.38ms max = 5.59ms, total = 28.18ms
[2024-12-07T22:49:43.140+0800][4.598s][debug][gc,stats          ]   Mark Stats Cache: hits 4056 misses 3 ratio 99.926
[2024-12-07T22:49:43.140+0800][4.598s][debug][gc,stats          ] ---------------------------------------------------------------------
[2024-12-07T22:49:43.140+0800][4.598s][debug][gc,stats          ] Marking Stats, task = 5, calls = 1
[2024-12-07T22:49:43.140+0800][4.598s][debug][gc,stats          ]   Elapsed time = 0.43ms, Termination time = 0.00ms
[2024-12-07T22:49:43.140+0800][4.598s][debug][gc,stats          ]   Step Times (cum): num = 22, avg = 1.15ms, sd = 1.33ms max = 5.59ms, total = 25.36ms
[2024-12-07T22:49:43.140+0800][4.598s][debug][gc,stats          ]   Mark Stats Cache: hits 0 misses 0 ratio 0.000
[2024-12-07T22:49:43.140+0800][4.598s][debug][gc,stats          ] ---------------------------------------------------------------------
[2024-12-07T22:49:43.140+0800][4.599s][debug][gc,stats          ] Marking Stats, task = 6, calls = 1
[2024-12-07T22:49:43.140+0800][4.599s][debug][gc,stats          ]   Elapsed time = 0.43ms, Termination time = 0.00ms
[2024-12-07T22:49:43.140+0800][4.599s][debug][gc,stats          ]   Step Times (cum): num = 22, avg = 1.16ms, sd = 1.33ms max = 5.59ms, total = 25.56ms
[2024-12-07T22:49:43.140+0800][4.599s][debug][gc,stats          ]   Mark Stats Cache: hits 0 misses 0 ratio 0.000
[2024-12-07T22:49:43.140+0800][4.599s][debug][gc,stats          ] ---------------------------------------------------------------------
[2024-12-07T22:49:43.141+0800][4.599s][debug][gc,stats          ] Marking Stats, task = 7, calls = 1
[2024-12-07T22:49:43.141+0800][4.599s][debug][gc,stats          ]   Elapsed time = 0.43ms, Termination time = 0.20ms
[2024-12-07T22:49:43.141+0800][4.599s][debug][gc,stats          ]   Step Times (cum): num = 22, avg = 1.18ms, sd = 1.28ms max = 5.60ms, total = 25.93ms
[2024-12-07T22:49:43.141+0800][4.599s][debug][gc,stats          ]   Mark Stats Cache: hits 0 misses 0 ratio 0.000
[2024-12-07T22:49:43.141+0800][4.599s][debug][gc,stats          ] ---------------------------------------------------------------------
[2024-12-07T22:49:43.141+0800][4.599s][debug][gc,stats          ] Marking Stats, task = 8, calls = 1
[2024-12-07T22:49:43.141+0800][4.599s][debug][gc,stats          ]   Elapsed time = 0.41ms, Termination time = 0.20ms
[2024-12-07T22:49:43.141+0800][4.599s][debug][gc,stats          ]   Step Times (cum): num = 22, avg = 1.15ms, sd = 1.30ms max = 5.72ms, total = 25.23ms
[2024-12-07T22:49:43.141+0800][4.599s][debug][gc,stats          ]   Mark Stats Cache: hits 0 misses 0 ratio 0.000
[2024-12-07T22:49:43.141+0800][4.599s][debug][gc,stats          ] ---------------------------------------------------------------------
[2024-12-07T22:49:43.141+0800][4.599s][debug][gc,stats          ] Marking Stats, task = 9, calls = 1
[2024-12-07T22:49:43.141+0800][4.600s][debug][gc,stats          ]   Elapsed time = 0.35ms, Termination time = 0.21ms
[2024-12-07T22:49:43.141+0800][4.600s][debug][gc,stats          ]   Step Times (cum): num = 22, avg = 1.10ms, sd = 1.37ms max = 5.87ms, total = 24.23ms
[2024-12-07T22:49:43.141+0800][4.600s][debug][gc,stats          ]   Mark Stats Cache: hits 0 misses 0 ratio 0.000
[2024-12-07T22:49:43.141+0800][4.600s][debug][gc,stats          ] ---------------------------------------------------------------------
[2024-12-07T22:49:43.141+0800][4.600s][debug][gc,stats          ] Marking Stats, task = 10, calls = 1
[2024-12-07T22:49:43.141+0800][4.600s][debug][gc,stats          ]   Elapsed time = 0.04ms, Termination time = 0.00ms
[2024-12-07T22:49:43.142+0800][4.600s][debug][gc,stats          ]   Step Times (cum): num = 22, avg = 0.69ms, sd = 0.89ms max = 3.41ms, total = 15.22ms
[2024-12-07T22:49:43.142+0800][4.600s][debug][gc,stats          ]   Mark Stats Cache: hits 0 misses 0 ratio 0.000
[2024-12-07T22:49:43.142+0800][4.600s][debug][gc,stats          ] ---------------------------------------------------------------------
[2024-12-07T22:49:43.142+0800][4.600s][debug][gc,stats          ] Marking Stats, task = 11, calls = 1
[2024-12-07T22:49:43.142+0800][4.600s][debug][gc,stats          ]   Elapsed time = 0.00ms, Termination time = 0.00ms
[2024-12-07T22:49:43.142+0800][4.600s][debug][gc,stats          ]   Step Times (cum): num = 22, avg = 0.00ms, sd = 0.00ms max = 0.00ms, total = 0.00ms
[2024-12-07T22:49:43.142+0800][4.600s][debug][gc,stats          ]   Mark Stats Cache: hits 0 misses 0 ratio 0.000
[2024-12-07T22:49:43.142+0800][4.600s][debug][gc,stats          ] ---------------------------------------------------------------------
[2024-12-07T22:49:43.142+0800][4.600s][debug][gc,phases         ] GC(43) Finalize Marking 8.569ms
[2024-12-07T22:49:43.142+0800][4.600s][debug][gc,phases,start   ] GC(43) Reference Processing
[2024-12-07T22:49:43.142+0800][4.600s][debug][gc,ref            ] GC(43) Skipped phase1 of Reference Processing due to unavailable references
[2024-12-07T22:49:43.142+0800][4.601s][debug][gc,ref            ] GC(43) Skipped phase2 of Reference Processing due to unavailable references
[2024-12-07T22:49:43.142+0800][4.601s][debug][gc,ref            ] GC(43) Skipped phase3 of Reference Processing due to unavailable references
[2024-12-07T22:49:43.142+0800][4.601s][debug][gc,ref            ] GC(43) Skipped phase4 of Reference Processing due to unavailable references
[2024-12-07T22:49:43.142+0800][4.601s][debug][gc,phases,ref     ] GC(43) Reference Processing: 0.2ms
[2024-12-07T22:49:43.142+0800][4.601s][debug][gc,phases,ref     ] GC(43)   Reconsider SoftReferences: 0.1ms
[2024-12-07T22:49:43.143+0800][4.601s][debug][gc,phases,ref     ] GC(43)     SoftRef (ms):             skipped
[2024-12-07T22:49:43.143+0800][4.601s][debug][gc,phases,ref     ] GC(43)   Notify Soft/WeakReferences: 0.1ms
[2024-12-07T22:49:43.143+0800][4.601s][debug][gc,phases,ref     ] GC(43)     SoftRef (ms):             skipped
[2024-12-07T22:49:43.143+0800][4.601s][debug][gc,phases,ref     ] GC(43)     WeakRef (ms):             skipped
[2024-12-07T22:49:43.143+0800][4.601s][debug][gc,phases,ref     ] GC(43)     FinalRef (ms):            skipped
[2024-12-07T22:49:43.143+0800][4.601s][debug][gc,phases,ref     ] GC(43)     Total (ms):               skipped
[2024-12-07T22:49:43.143+0800][4.601s][debug][gc,phases,ref     ] GC(43)   Notify and keep alive finalizable: 0.1ms
[2024-12-07T22:49:43.143+0800][4.601s][debug][gc,phases,ref     ] GC(43)     FinalRef (ms):            skipped
[2024-12-07T22:49:43.143+0800][4.601s][debug][gc,phases,ref     ] GC(43)   Notify PhantomReferences: 0.1ms
[2024-12-07T22:49:43.143+0800][4.601s][debug][gc,phases,ref     ] GC(43)     PhantomRef (ms):          skipped
[2024-12-07T22:49:43.143+0800][4.601s][debug][gc,phases,ref     ] GC(43)   SoftReference:
[2024-12-07T22:49:43.143+0800][4.602s][debug][gc,phases,ref     ] GC(43)     Discovered: 0
[2024-12-07T22:49:43.143+0800][4.602s][debug][gc,phases,ref     ] GC(43)     Cleared: 0
[2024-12-07T22:49:43.143+0800][4.602s][debug][gc,phases,ref     ] GC(43)   WeakReference:
[2024-12-07T22:49:43.143+0800][4.602s][debug][gc,phases,ref     ] GC(43)     Discovered: 0
[2024-12-07T22:49:43.143+0800][4.602s][debug][gc,phases,ref     ] GC(43)     Cleared: 0
[2024-12-07T22:49:43.144+0800][4.602s][debug][gc,phases,ref     ] GC(43)   FinalReference:
[2024-12-07T22:49:43.144+0800][4.602s][debug][gc,phases,ref     ] GC(43)     Discovered: 0
[2024-12-07T22:49:43.144+0800][4.602s][debug][gc,phases,ref     ] GC(43)     Cleared: 0
[2024-12-07T22:49:43.144+0800][4.602s][debug][gc,phases,ref     ] GC(43)   PhantomReference:
[2024-12-07T22:49:43.144+0800][4.602s][debug][gc,phases,ref     ] GC(43)     Discovered: 0
[2024-12-07T22:49:43.144+0800][4.602s][debug][gc,phases,ref     ] GC(43)     Cleared: 0
[2024-12-07T22:49:43.144+0800][4.602s][debug][gc,phases         ] GC(43) Reference Processing 1.821ms
[2024-12-07T22:49:43.144+0800][4.602s][debug][gc,phases,start   ] GC(43) Weak Processing
[2024-12-07T22:49:43.144+0800][4.602s][debug][gc,phases         ] GC(43) Weak Processing 0.065ms
[2024-12-07T22:49:43.144+0800][4.602s][debug][gc,phases,start   ] GC(43) Class Unloading
[2024-12-07T22:49:43.144+0800][4.603s][debug][gc,phases,start   ] GC(43) ClassLoaderData
[2024-12-07T22:49:43.144+0800][4.603s][debug][gc,phases         ] GC(43) ClassLoaderData 0.087ms
[2024-12-07T22:49:43.144+0800][4.603s][debug][gc,phases,start   ] GC(43) ProtectionDomainCacheTable
[2024-12-07T22:49:43.145+0800][4.603s][debug][gc,phases         ] GC(43) ProtectionDomainCacheTable 0.098ms
[2024-12-07T22:49:43.145+0800][4.603s][info ][gc,stringtable    ] GC(43) Cleaned string and symbol table, strings: 64 processed, 0 removed, symbols: 226 processed, 0 removed
[2024-12-07T22:49:43.145+0800][4.603s][debug][gc,phases         ] GC(43) Class Unloading 0.917ms
[2024-12-07T22:49:43.145+0800][4.603s][debug][gc,phases,start   ] GC(43) Flush Task Caches
[2024-12-07T22:49:43.145+0800][4.604s][debug][gc,stats          ] Mark stats cache hits 25495 misses 114 ratio 99.555
[2024-12-07T22:49:43.145+0800][4.604s][debug][gc,phases         ] GC(43) Flush Task Caches 0.159ms
[2024-12-07T22:49:43.145+0800][4.604s][debug][gc,phases,start   ] GC(43) Update Remembered Set Tracking Before Rebuild
[2024-12-07T22:49:43.145+0800][4.604s][debug][gc,ergo           ] GC(43) Running G1 Update RemSet Tracking Before Rebuild using 2 workers for 508 regions in heap
[2024-12-07T22:49:43.146+0800][4.604s][debug][gc,remset,tracking] GC(43) Remembered Set Tracking update regions total 508, selected 1
[2024-12-07T22:49:43.146+0800][4.604s][debug][gc,phases         ] GC(43) Update Remembered Set Tracking Before Rebuild 0.238ms
[2024-12-07T22:49:43.146+0800][4.604s][debug][gc,phases,start   ] GC(43) Reclaim Empty Regions
[2024-12-07T22:49:43.146+0800][4.604s][debug][gc,phases         ] GC(43) Reclaim Empty Regions 0.143ms
[2024-12-07T22:49:43.146+0800][4.604s][debug][gc,phases,start   ] GC(43) Purge Metaspace
[2024-12-07T22:49:43.146+0800][4.604s][debug][gc,phases         ] GC(43) Purge Metaspace 0.064ms
[2024-12-07T22:49:43.146+0800][4.604s][debug][gc,phases,start   ] GC(43) Report Object Count
[2024-12-07T22:49:43.146+0800][4.604s][debug][gc,phases         ] GC(43) Report Object Count 0.064ms
[2024-12-07T22:49:43.146+0800][4.604s][info ][gc                ] GC(43) Pause Remark 221M->221M(508M) 12.879ms
[2024-12-07T22:49:43.146+0800][4.605s][info ][gc,cpu            ] GC(43) User=0.01s Sys=0.00s Real=0.01s
[2024-12-07T22:49:43.146+0800][4.605s][info ][gc,marking        ] GC(43) Concurrent Rebuild Remembered Sets
[2024-12-07T22:49:43.147+0800][4.605s][info ][gc,marking        ] GC(43) Concurrent Rebuild Remembered Sets 0.403ms
[2024-12-07T22:49:43.147+0800][4.605s][info ][gc,start          ] GC(43) Pause Cleanup
[2024-12-07T22:49:43.147+0800][4.605s][debug][gc,phases,start   ] GC(43) Update Remembered Set Tracking After Rebuild
[2024-12-07T22:49:43.147+0800][4.605s][debug][gc,phases         ] GC(43) Update Remembered Set Tracking After Rebuild 0.073ms
[2024-12-07T22:49:43.147+0800][4.605s][debug][gc,phases,start   ] GC(43) Finalize Concurrent Mark Cleanup
[2024-12-07T22:49:43.147+0800][4.606s][debug][gc,ergo           ] GC(43) request young-only gcs (candidate old regions not available)
[2024-12-07T22:49:43.147+0800][4.606s][debug][gc,phases         ] GC(43) Finalize Concurrent Mark Cleanup 0.225ms
[2024-12-07T22:49:43.147+0800][4.606s][info ][gc                ] GC(43) Pause Cleanup 221M->221M(508M) 0.498ms
[2024-12-07T22:49:43.147+0800][4.606s][info ][gc,cpu            ] GC(43) User=0.00s Sys=0.00s Real=0.00s
[2024-12-07T22:49:43.148+0800][4.606s][info ][gc,marking        ] GC(43) Concurrent Cleanup for Next Mark
[2024-12-07T22:49:43.148+0800][4.606s][debug][gc,ergo           ] GC(43) Running G1 Clear Bitmap with 5 workers for 8 work units.
[2024-12-07T22:49:43.148+0800][4.606s][info ][gc,marking        ] GC(43) Concurrent Cleanup for Next Mark 0.282ms
[2024-12-07T22:49:43.148+0800][4.606s][info ][gc                ] GC(43) Concurrent Cycle 18.811ms
[2024-12-07T22:49:43.231+0800][4.690s][debug][gc,ergo,ihop      ] Request concurrent cycle initiation (occupancy higher than threshold) occupancy: 240123904B allocation request: 1048592B threshold: 239704473B (45.00) source: concurrent humongous allocation
[2024-12-07T22:49:43.232+0800][4.690s][debug][gc,ergo           ] Request concurrent cycle initiation (requested by GC cause). GC cause: G1 Humongous Allocation
[2024-12-07T22:49:43.232+0800][4.691s][debug][gc,heap           ] GC(44) Heap before GC invocations=44 (full 0): garbage-first heap   total 520192K, used 232698K [0x00000000e0000000, 0x0000000100000000)
[2024-12-07T22:49:43.233+0800][4.691s][debug][gc,heap           ] GC(44)   region size 1024K, 2 young (2048K), 1 survivors (1024K)
[2024-12-07T22:49:43.233+0800][4.691s][debug][gc,heap           ] GC(44)  Metaspace       used 677K, capacity 4575K, committed 4864K, reserved 1056768K
[2024-12-07T22:49:43.233+0800][4.691s][debug][gc,heap           ] GC(44)   class space    used 52K, capacity 418K, committed 512K, reserved 1048576K
[2024-12-07T22:49:43.233+0800][4.691s][debug][gc,ergo           ] GC(44) Initiate concurrent cycle (concurrent cycle initiation requested)
[2024-12-07T22:49:43.233+0800][4.692s][info ][gc,start          ] GC(44) Pause Young (Concurrent Start) (G1 Humongous Allocation)
[2024-12-07T22:49:43.233+0800][4.692s][info ][gc,task           ] GC(44) Using 12 workers of 18 for evacuation
[2024-12-07T22:49:43.234+0800][4.692s][debug][gc,tlab           ] GC(44) TLAB totals: thrds: 1  refills: 1 max: 1 slow allocs: 13 max 13 waste: 99.5% gc: 521496B max: 521496B slow: 0B max: 0B fast: 0B max: 0B
[2024-12-07T22:49:43.234+0800][4.692s][debug][gc,alloc,region   ] GC(44) Mutator Allocation stats, regions: 1, wasted size: 0B ( 0.0%)
[2024-12-07T22:49:43.234+0800][4.692s][debug][gc,age            ] GC(44) Desired survivor size 4718592 bytes, new threshold 15 (max threshold 15)
[2024-12-07T22:49:43.234+0800][4.693s][debug][gc,ergo,cset      ] GC(44) Finish choosing CSet. old: 0 regions, predicted old region time: 0.00ms, time remaining: 187.29
[2024-12-07T22:49:43.235+0800][4.693s][debug][gc,task,stats     ] GC(44) GC Termination Stats
[2024-12-07T22:49:43.235+0800][4.693s][debug][gc,task,stats     ] GC(44)      elapsed  --strong roots-- -------termination------- ------waste (KiB)------
[2024-12-07T22:49:43.235+0800][4.693s][debug][gc,task,stats     ] GC(44) thr     ms        ms      %        ms      %    attempts  total   alloc    undo
[2024-12-07T22:49:43.235+0800][4.693s][debug][gc,task,stats     ] GC(44) --- --------- --------- ------ --------- ------ -------- ------- ------- -------
[2024-12-07T22:49:43.239+0800][4.698s][debug][gc,task,stats     ] GC(44)  10      4.19      4.18  99.93      0.00   0.00        1       0       0       0
[2024-12-07T22:49:43.240+0800][4.698s][debug][gc,task,stats     ] GC(44)   2      4.43      0.16   3.52      4.19  94.64        1       0       0       0
[2024-12-07T22:49:43.240+0800][4.698s][debug][gc,task,stats     ] GC(44)   8      4.44      4.12  92.90      0.13   3.01        1       0       0       0
[2024-12-07T22:49:43.240+0800][4.698s][debug][gc,task,stats     ] GC(44)   3      4.57      1.47  32.17      2.82  61.83        1       0       0       0
[2024-12-07T22:49:43.240+0800][4.698s][debug][gc,task,stats     ] GC(44)   6      4.63      3.87  83.59      0.40   8.67        1       0       0       0
[2024-12-07T22:49:43.240+0800][4.698s][debug][gc,task,stats     ] GC(44)   0      4.79      0.22   4.52      4.12  85.84        1       0       0       0
[2024-12-07T22:49:43.240+0800][4.698s][debug][gc,task,stats     ] GC(44)  11      4.74      0.06   1.23      4.13  87.16        1       0       0       0
[2024-12-07T22:49:43.240+0800][4.698s][debug][gc,task,stats     ] GC(44)   1      4.94      0.18   3.72      4.12  83.34        1       0       0       0
[2024-12-07T22:49:43.240+0800][4.699s][debug][gc,task,stats     ] GC(44)   7      4.95      3.96  79.99      0.27   5.43        1       0       0       0
[2024-12-07T22:49:43.240+0800][4.699s][debug][gc,task,stats     ] GC(44)   9      5.01      4.19  83.56      0.02   0.34        1       0       0       0
[2024-12-07T22:49:43.240+0800][4.699s][debug][gc,task,stats     ] GC(44)   5      5.15      3.84  74.59      0.40   7.81        1       0       0       0
[2024-12-07T22:49:43.240+0800][4.699s][debug][gc,task,stats     ] GC(44)   4      5.23      3.72  71.15      0.52   9.89        1       0       0       0
[2024-12-07T22:49:43.241+0800][4.699s][debug][gc,ergo           ] GC(44) Running G1 Clear Card Table Task using 1 workers for 1 units of work for 3 regions.
[2024-12-07T22:49:43.241+0800][4.699s][debug][gc,ref            ] GC(44) Skipped phase1 of Reference Processing due to unavailable references
[2024-12-07T22:49:43.241+0800][4.699s][debug][gc,ref            ] GC(44) Skipped phase2 of Reference Processing due to unavailable references
[2024-12-07T22:49:43.241+0800][4.699s][debug][gc,ref            ] GC(44) Skipped phase3 of Reference Processing due to unavailable references
[2024-12-07T22:49:43.241+0800][4.699s][debug][gc,ref            ] GC(44) Skipped phase4 of Reference Processing due to unavailable references
[2024-12-07T22:49:43.241+0800][4.699s][debug][gc,ergo           ] GC(44) Running G1 Free Collection Set using 1 workers for collection set length 2
[2024-12-07T22:49:43.241+0800][4.699s][debug][gc,humongous      ] GC(44) Live humongous region 0 object size 1048592 start 0x00000000e0000000  with remset 0 code roots 0 is marked 0 reclaim candidate 0 type array 1
[2024-12-07T22:49:43.241+0800][4.699s][debug][gc,humongous      ] GC(44) Live humongous region 2 object size 1048592 start 0x00000000e0200000  with remset 0 code roots 0 is marked 0 reclaim candidate 0 type array 1
[2024-12-07T22:49:43.241+0800][4.700s][debug][gc,humongous      ] GC(44) Live humongous region 4 object size 1048592 start 0x00000000e0400000  with remset 0 code roots 0 is marked 0 reclaim candidate 0 type array 1
[2024-12-07T22:49:43.241+0800][4.700s][debug][gc,humongous      ] GC(44) Live humongous region 6 object size 1048592 start 0x00000000e0600000  with remset 0 code roots 0 is marked 0 reclaim candidate 0 type array 1
[2024-12-07T22:49:43.241+0800][4.700s][debug][gc,humongous      ] GC(44) Live humongous region 8 object size 1048592 start 0x00000000e0800000  with remset 0 code roots 0 is marked 0 reclaim candidate 0 type array 1
[2024-12-07T22:49:43.241+0800][4.700s][debug][gc,humongous      ] GC(44) Live humongous region 10 object size 1048592 start 0x00000000e0a00000  with remset 0 code roots 0 is marked 0 reclaim candidate 0 type array 1
[2024-12-07T22:49:43.241+0800][4.700s][debug][gc,humongous      ] GC(44) Live humongous region 12 object size 1048592 start 0x00000000e0c00000  with remset 0 code roots 0 is marked 0 reclaim candidate 0 type array 1
[2024-12-07T22:49:43.242+0800][4.700s][debug][gc,humongous      ] GC(44) Live humongous region 14 object size 1048592 start 0x00000000e0e00000  with remset 0 code roots 0 is marked 0 reclaim candidate 0 type array 1
[2024-12-07T22:49:43.242+0800][4.700s][debug][gc,humongous      ] GC(44) Live humongous region 16 object size 1048592 start 0x00000000e1000000  with remset 0 code roots 0 is marked 0 reclaim candidate 0 type array 1
[2024-12-07T22:49:43.242+0800][4.700s][debug][gc,humongous      ] GC(44) Live humongous region 18 object size 1048592 start 0x00000000e1200000  with remset 0 code roots 0 is marked 0 reclaim candidate 0 type array 1
[2024-12-07T22:49:43.242+0800][4.700s][debug][gc,humongous      ] GC(44) Live humongous region 20 object size 1048592 start 0x00000000e1400000  with remset 0 code roots 0 is marked 0 reclaim candidate 0 type array 1
[2024-12-07T22:49:43.242+0800][4.700s][debug][gc,humongous      ] GC(44) Live humongous region 22 object size 1048592 start 0x00000000e1600000  with remset 0 code roots 0 is marked 0 reclaim candidate 0 type array 1
[2024-12-07T22:49:43.242+0800][4.700s][debug][gc,humongous      ] GC(44) Live humongous region 24 object size 1048592 start 0x00000000e1800000  with remset 0 code roots 0 is marked 0 reclaim candidate 0 type array 1
[2024-12-07T22:49:43.242+0800][4.700s][debug][gc,humongous      ] GC(44) Live humongous region 26 object size 1048592 start 0x00000000e1a00000  with remset 0 code roots 0 is marked 0 reclaim candidate 0 type array 1
[2024-12-07T22:49:43.242+0800][4.700s][debug][gc,humongous      ] GC(44) Live humongous region 28 object size 1048592 start 0x00000000e1c00000  with remset 0 code roots 0 is marked 0 reclaim candidate 0 type array 1
[2024-12-07T22:49:43.242+0800][4.700s][debug][gc,humongous      ] GC(44) Live humongous region 30 object size 1048592 start 0x00000000e1e00000  with remset 0 code roots 0 is marked 0 reclaim candidate 0 type array 1
[2024-12-07T22:49:43.242+0800][4.700s][debug][gc,humongous      ] GC(44) Live humongous region 32 object size 1048592 start 0x00000000e2000000  with remset 0 code roots 0 is marked 0 reclaim candidate 0 type array 1
[2024-12-07T22:49:43.242+0800][4.700s][debug][gc,humongous      ] GC(44) Live humongous region 34 object size 1048592 start 0x00000000e2200000  with remset 0 code roots 0 is marked 0 reclaim candidate 0 type array 1
[2024-12-07T22:49:43.242+0800][4.701s][debug][gc,humongous      ] GC(44) Live humongous region 36 object size 1048592 start 0x00000000e2400000  with remset 0 code roots 0 is marked 0 reclaim candidate 0 type array 1
[2024-12-07T22:49:43.242+0800][4.701s][debug][gc,humongous      ] GC(44) Live humongous region 38 object size 1048592 start 0x00000000e2600000  with remset 0 code roots 0 is marked 0 reclaim candidate 0 type array 1
[2024-12-07T22:49:43.242+0800][4.701s][debug][gc,humongous      ] GC(44) Live humongous region 40 object size 1048592 start 0x00000000e2800000  with remset 0 code roots 0 is marked 0 reclaim candidate 0 type array 1
[2024-12-07T22:49:43.242+0800][4.701s][debug][gc,humongous      ] GC(44) Live humongous region 42 object size 1048592 start 0x00000000e2a00000  with remset 0 code roots 0 is marked 0 reclaim candidate 0 type array 1
[2024-12-07T22:49:43.242+0800][4.701s][debug][gc,humongous      ] GC(44) Live humongous region 44 object size 1048592 start 0x00000000e2c00000  with remset 0 code roots 0 is marked 0 reclaim candidate 0 type array 1
[2024-12-07T22:49:43.243+0800][4.701s][debug][gc,humongous      ] GC(44) Live humongous region 46 object size 1048592 start 0x00000000e2e00000  with remset 0 code roots 0 is marked 0 reclaim candidate 0 type array 1
[2024-12-07T22:49:43.243+0800][4.701s][debug][gc,humongous      ] GC(44) Live humongous region 48 object size 1048592 start 0x00000000e3000000  with remset 0 code roots 0 is marked 0 reclaim candidate 0 type array 1
[2024-12-07T22:49:43.243+0800][4.701s][debug][gc,humongous      ] GC(44) Live humongous region 50 object size 1048592 start 0x00000000e3200000  with remset 0 code roots 0 is marked 0 reclaim candidate 0 type array 1
[2024-12-07T22:49:43.243+0800][4.701s][debug][gc,humongous      ] GC(44) Live humongous region 52 object size 1048592 start 0x00000000e3400000  with remset 0 code roots 0 is marked 0 reclaim candidate 0 type array 1
[2024-12-07T22:49:43.243+0800][4.701s][debug][gc,humongous      ] GC(44) Live humongous region 54 object size 1048592 start 0x00000000e3600000  with remset 0 code roots 0 is marked 0 reclaim candidate 0 type array 1
[2024-12-07T22:49:43.243+0800][4.701s][debug][gc,humongous      ] GC(44) Live humongous region 56 object size 1048592 start 0x00000000e3800000  with remset 0 code roots 0 is marked 0 reclaim candidate 0 type array 1
[2024-12-07T22:49:43.243+0800][4.701s][debug][gc,humongous      ] GC(44) Live humongous region 58 object size 1048592 start 0x00000000e3a00000  with remset 0 code roots 0 is marked 0 reclaim candidate 0 type array 1
[2024-12-07T22:49:43.243+0800][4.701s][debug][gc,humongous      ] GC(44) Live humongous region 60 object size 1048592 start 0x00000000e3c00000  with remset 0 code roots 0 is marked 0 reclaim candidate 0 type array 1
[2024-12-07T22:49:43.243+0800][4.701s][debug][gc,humongous      ] GC(44) Live humongous region 62 object size 1048592 start 0x00000000e3e00000  with remset 0 code roots 0 is marked 0 reclaim candidate 0 type array 1
[2024-12-07T22:49:43.243+0800][4.701s][debug][gc,humongous      ] GC(44) Live humongous region 64 object size 1048592 start 0x00000000e4000000  with remset 0 code roots 0 is marked 0 reclaim candidate 0 type array 1
[2024-12-07T22:49:43.243+0800][4.701s][debug][gc,humongous      ] GC(44) Live humongous region 66 object size 1048592 start 0x00000000e4200000  with remset 0 code roots 0 is marked 0 reclaim candidate 0 type array 1
[2024-12-07T22:49:43.243+0800][4.702s][debug][gc,humongous      ] GC(44) Live humongous region 68 object size 1048592 start 0x00000000e4400000  with remset 0 code roots 0 is marked 0 reclaim candidate 0 type array 1
[2024-12-07T22:49:43.243+0800][4.702s][debug][gc,humongous      ] GC(44) Live humongous region 70 object size 1048592 start 0x00000000e4600000  with remset 0 code roots 0 is marked 0 reclaim candidate 0 type array 1
[2024-12-07T22:49:43.243+0800][4.702s][debug][gc,humongous      ] GC(44) Live humongous region 72 object size 1048592 start 0x00000000e4800000  with remset 0 code roots 0 is marked 0 reclaim candidate 0 type array 1
[2024-12-07T22:49:43.243+0800][4.702s][debug][gc,humongous      ] GC(44) Live humongous region 74 object size 1048592 start 0x00000000e4a00000  with remset 0 code roots 0 is marked 0 reclaim candidate 0 type array 1
[2024-12-07T22:49:43.243+0800][4.702s][debug][gc,humongous      ] GC(44) Live humongous region 76 object size 1048592 start 0x00000000e4c00000  with remset 0 code roots 0 is marked 0 reclaim candidate 0 type array 1
[2024-12-07T22:49:43.244+0800][4.702s][debug][gc,humongous      ] GC(44) Live humongous region 78 object size 1048592 start 0x00000000e4e00000  with remset 0 code roots 0 is marked 0 reclaim candidate 0 type array 1
[2024-12-07T22:49:43.244+0800][4.702s][debug][gc,humongous      ] GC(44) Live humongous region 80 object size 1048592 start 0x00000000e5000000  with remset 0 code roots 0 is marked 0 reclaim candidate 0 type array 1
[2024-12-07T22:49:43.244+0800][4.702s][debug][gc,humongous      ] GC(44) Live humongous region 82 object size 1048592 start 0x00000000e5200000  with remset 0 code roots 0 is marked 0 reclaim candidate 0 type array 1
[2024-12-07T22:49:43.244+0800][4.702s][debug][gc,humongous      ] GC(44) Live humongous region 84 object size 1048592 start 0x00000000e5400000  with remset 0 code roots 0 is marked 0 reclaim candidate 0 type array 1
[2024-12-07T22:49:43.244+0800][4.702s][debug][gc,humongous      ] GC(44) Live humongous region 86 object size 1048592 start 0x00000000e5600000  with remset 0 code roots 0 is marked 0 reclaim candidate 0 type array 1
[2024-12-07T22:49:43.244+0800][4.702s][debug][gc,humongous      ] GC(44) Live humongous region 88 object size 1048592 start 0x00000000e5800000  with remset 0 code roots 0 is marked 0 reclaim candidate 0 type array 1
[2024-12-07T22:49:43.244+0800][4.702s][debug][gc,humongous      ] GC(44) Live humongous region 90 object size 1048592 start 0x00000000e5a00000  with remset 0 code roots 0 is marked 0 reclaim candidate 0 type array 1
[2024-12-07T22:49:43.244+0800][4.702s][debug][gc,humongous      ] GC(44) Dead humongous region 92 object size 1048592 start 0x00000000e5c00000 with remset 0 code roots 0 is marked 0 reclaim candidate 1 type array 1
[2024-12-07T22:49:43.244+0800][4.702s][debug][gc,humongous      ] GC(44) Dead humongous region 94 object size 1048592 start 0x00000000e5e00000 with remset 0 code roots 0 is marked 0 reclaim candidate 1 type array 1
[2024-12-07T22:49:43.244+0800][4.702s][debug][gc,humongous      ] GC(44) Dead humongous region 96 object size 1048592 start 0x00000000e6000000 with remset 0 code roots 0 is marked 0 reclaim candidate 1 type array 1
[2024-12-07T22:49:43.244+0800][4.703s][debug][gc,humongous      ] GC(44) Dead humongous region 98 object size 1048592 start 0x00000000e6200000 with remset 0 code roots 0 is marked 0 reclaim candidate 1 type array 1
[2024-12-07T22:49:43.244+0800][4.703s][debug][gc,humongous      ] GC(44) Dead humongous region 100 object size 1048592 start 0x00000000e6400000 with remset 0 code roots 0 is marked 0 reclaim candidate 1 type array 1
[2024-12-07T22:49:43.244+0800][4.703s][debug][gc,humongous      ] GC(44) Dead humongous region 102 object size 1048592 start 0x00000000e6600000 with remset 0 code roots 0 is marked 0 reclaim candidate 1 type array 1
[2024-12-07T22:49:43.244+0800][4.703s][debug][gc,humongous      ] GC(44) Dead humongous region 104 object size 1048592 start 0x00000000e6800000 with remset 0 code roots 0 is marked 0 reclaim candidate 1 type array 1
[2024-12-07T22:49:43.244+0800][4.703s][debug][gc,humongous      ] GC(44) Dead humongous region 106 object size 1048592 start 0x00000000e6a00000 with remset 0 code roots 0 is marked 0 reclaim candidate 1 type array 1
[2024-12-07T22:49:43.245+0800][4.703s][debug][gc,humongous      ] GC(44) Dead humongous region 108 object size 1048592 start 0x00000000e6c00000 with remset 0 code roots 0 is marked 0 reclaim candidate 1 type array 1
[2024-12-07T22:49:43.245+0800][4.703s][debug][gc,humongous      ] GC(44) Dead humongous region 110 object size 1048592 start 0x00000000e6e00000 with remset 0 code roots 0 is marked 0 reclaim candidate 1 type array 1
[2024-12-07T22:49:43.245+0800][4.703s][debug][gc,humongous      ] GC(44) Dead humongous region 112 object size 1048592 start 0x00000000e7000000 with remset 0 code roots 0 is marked 0 reclaim candidate 1 type array 1
[2024-12-07T22:49:43.245+0800][4.703s][debug][gc,humongous      ] GC(44) Dead humongous region 114 object size 1048592 start 0x00000000e7200000 with remset 0 code roots 0 is marked 0 reclaim candidate 1 type array 1
[2024-12-07T22:49:43.245+0800][4.703s][debug][gc,humongous      ] GC(44) Live humongous region 116 object size 1048592 start 0x00000000e7400000  with remset 0 code roots 0 is marked 0 reclaim candidate 0 type array 1
[2024-12-07T22:49:43.245+0800][4.703s][debug][gc,humongous      ] GC(44) Live humongous region 118 object size 1048592 start 0x00000000e7600000  with remset 0 code roots 0 is marked 0 reclaim candidate 0 type array 1
[2024-12-07T22:49:43.245+0800][4.703s][debug][gc,humongous      ] GC(44) Live humongous region 120 object size 1048592 start 0x00000000e7800000  with remset 0 code roots 0 is marked 0 reclaim candidate 0 type array 1
[2024-12-07T22:49:43.245+0800][4.703s][debug][gc,humongous      ] GC(44) Live humongous region 122 object size 1048592 start 0x00000000e7a00000  with remset 0 code roots 0 is marked 0 reclaim candidate 0 type array 1
[2024-12-07T22:49:43.245+0800][4.703s][debug][gc,humongous      ] GC(44) Live humongous region 124 object size 1048592 start 0x00000000e7c00000  with remset 0 code roots 0 is marked 0 reclaim candidate 0 type array 1
[2024-12-07T22:49:43.245+0800][4.703s][debug][gc,humongous      ] GC(44) Live humongous region 126 object size 1048592 start 0x00000000e7e00000  with remset 0 code roots 0 is marked 0 reclaim candidate 0 type array 1
[2024-12-07T22:49:43.245+0800][4.703s][debug][gc,humongous      ] GC(44) Live humongous region 128 object size 1048592 start 0x00000000e8000000  with remset 0 code roots 0 is marked 0 reclaim candidate 0 type array 1
[2024-12-07T22:49:43.245+0800][4.704s][debug][gc,humongous      ] GC(44) Live humongous region 130 object size 1048592 start 0x00000000e8200000  with remset 0 code roots 0 is marked 0 reclaim candidate 0 type array 1
[2024-12-07T22:49:43.245+0800][4.704s][debug][gc,humongous      ] GC(44) Live humongous region 132 object size 1048592 start 0x00000000e8400000  with remset 0 code roots 0 is marked 0 reclaim candidate 0 type array 1
[2024-12-07T22:49:43.245+0800][4.704s][debug][gc,humongous      ] GC(44) Live humongous region 134 object size 1048592 start 0x00000000e8600000  with remset 0 code roots 0 is marked 0 reclaim candidate 0 type array 1
[2024-12-07T22:49:43.245+0800][4.704s][debug][gc,humongous      ] GC(44) Live humongous region 136 object size 1048592 start 0x00000000e8800000  with remset 0 code roots 0 is marked 0 reclaim candidate 0 type array 1
[2024-12-07T22:49:43.245+0800][4.704s][debug][gc,humongous      ] GC(44) Live humongous region 138 object size 1048592 start 0x00000000e8a00000  with remset 0 code roots 0 is marked 0 reclaim candidate 0 type array 1
[2024-12-07T22:49:43.246+0800][4.704s][debug][gc,humongous      ] GC(44) Live humongous region 140 object size 1048592 start 0x00000000e8c00000  with remset 0 code roots 0 is marked 0 reclaim candidate 0 type array 1
[2024-12-07T22:49:43.246+0800][4.704s][debug][gc,humongous      ] GC(44) Live humongous region 142 object size 1048592 start 0x00000000e8e00000  with remset 0 code roots 0 is marked 0 reclaim candidate 0 type array 1
[2024-12-07T22:49:43.246+0800][4.704s][debug][gc,humongous      ] GC(44) Live humongous region 144 object size 1048592 start 0x00000000e9000000  with remset 0 code roots 0 is marked 0 reclaim candidate 0 type array 1
[2024-12-07T22:49:43.246+0800][4.704s][debug][gc,humongous      ] GC(44) Live humongous region 146 object size 1048592 start 0x00000000e9200000  with remset 0 code roots 0 is marked 0 reclaim candidate 0 type array 1
[2024-12-07T22:49:43.246+0800][4.704s][debug][gc,humongous      ] GC(44) Live humongous region 148 object size 1048592 start 0x00000000e9400000  with remset 0 code roots 0 is marked 0 reclaim candidate 0 type array 1
[2024-12-07T22:49:43.246+0800][4.704s][debug][gc,humongous      ] GC(44) Live humongous region 150 object size 1048592 start 0x00000000e9600000  with remset 0 code roots 0 is marked 0 reclaim candidate 0 type array 1
[2024-12-07T22:49:43.246+0800][4.704s][debug][gc,humongous      ] GC(44) Live humongous region 152 object size 1048592 start 0x00000000e9800000  with remset 0 code roots 0 is marked 0 reclaim candidate 0 type array 1
[2024-12-07T22:49:43.246+0800][4.704s][debug][gc,humongous      ] GC(44) Live humongous region 154 object size 1048592 start 0x00000000e9a00000  with remset 0 code roots 0 is marked 0 reclaim candidate 0 type array 1
[2024-12-07T22:49:43.246+0800][4.704s][debug][gc,humongous      ] GC(44) Live humongous region 156 object size 1048592 start 0x00000000e9c00000  with remset 0 code roots 0 is marked 0 reclaim candidate 0 type array 1
[2024-12-07T22:49:43.246+0800][4.704s][debug][gc,humongous      ] GC(44) Live humongous region 158 object size 1048592 start 0x00000000e9e00000  with remset 0 code roots 0 is marked 0 reclaim candidate 0 type array 1
[2024-12-07T22:49:43.246+0800][4.704s][debug][gc,humongous      ] GC(44) Live humongous region 160 object size 1048592 start 0x00000000ea000000  with remset 0 code roots 0 is marked 0 reclaim candidate 0 type array 1
[2024-12-07T22:49:43.246+0800][4.705s][debug][gc,humongous      ] GC(44) Live humongous region 162 object size 1048592 start 0x00000000ea200000  with remset 0 code roots 0 is marked 0 reclaim candidate 0 type array 1
[2024-12-07T22:49:43.246+0800][4.705s][debug][gc,humongous      ] GC(44) Live humongous region 164 object size 1048592 start 0x00000000ea400000  with remset 0 code roots 0 is marked 0 reclaim candidate 0 type array 1
[2024-12-07T22:49:43.246+0800][4.705s][debug][gc,humongous      ] GC(44) Live humongous region 166 object size 1048592 start 0x00000000ea600000  with remset 0 code roots 0 is marked 0 reclaim candidate 0 type array 1
[2024-12-07T22:49:43.246+0800][4.705s][debug][gc,humongous      ] GC(44) Live humongous region 168 object size 1048592 start 0x00000000ea800000  with remset 0 code roots 0 is marked 0 reclaim candidate 0 type array 1
[2024-12-07T22:49:43.246+0800][4.705s][debug][gc,humongous      ] GC(44) Live humongous region 170 object size 1048592 start 0x00000000eaa00000  with remset 0 code roots 0 is marked 0 reclaim candidate 0 type array 1
[2024-12-07T22:49:43.247+0800][4.705s][debug][gc,humongous      ] GC(44) Live humongous region 172 object size 1048592 start 0x00000000eac00000  with remset 0 code roots 0 is marked 0 reclaim candidate 0 type array 1
[2024-12-07T22:49:43.247+0800][4.705s][debug][gc,humongous      ] GC(44) Live humongous region 174 object size 1048592 start 0x00000000eae00000  with remset 0 code roots 0 is marked 0 reclaim candidate 0 type array 1
[2024-12-07T22:49:43.247+0800][4.705s][debug][gc,humongous      ] GC(44) Live humongous region 176 object size 1048592 start 0x00000000eb000000  with remset 0 code roots 0 is marked 0 reclaim candidate 0 type array 1
[2024-12-07T22:49:43.247+0800][4.705s][debug][gc,humongous      ] GC(44) Live humongous region 178 object size 1048592 start 0x00000000eb200000  with remset 0 code roots 0 is marked 0 reclaim candidate 0 type array 1
[2024-12-07T22:49:43.247+0800][4.705s][debug][gc,humongous      ] GC(44) Live humongous region 180 object size 1048592 start 0x00000000eb400000  with remset 0 code roots 0 is marked 0 reclaim candidate 0 type array 1
[2024-12-07T22:49:43.247+0800][4.705s][debug][gc,humongous      ] GC(44) Live humongous region 182 object size 1048592 start 0x00000000eb600000  with remset 0 code roots 0 is marked 0 reclaim candidate 0 type array 1
[2024-12-07T22:49:43.247+0800][4.705s][debug][gc,humongous      ] GC(44) Live humongous region 184 object size 1048592 start 0x00000000eb800000  with remset 0 code roots 0 is marked 0 reclaim candidate 0 type array 1
[2024-12-07T22:49:43.247+0800][4.705s][debug][gc,humongous      ] GC(44) Live humongous region 186 object size 1048592 start 0x00000000eba00000  with remset 0 code roots 0 is marked 0 reclaim candidate 0 type array 1
[2024-12-07T22:49:43.247+0800][4.705s][debug][gc,humongous      ] GC(44) Live humongous region 188 object size 1048592 start 0x00000000ebc00000  with remset 0 code roots 0 is marked 0 reclaim candidate 0 type array 1
[2024-12-07T22:49:43.247+0800][4.705s][debug][gc,humongous      ] GC(44) Live humongous region 190 object size 1048592 start 0x00000000ebe00000  with remset 0 code roots 0 is marked 0 reclaim candidate 0 type array 1
[2024-12-07T22:49:43.247+0800][4.705s][debug][gc,humongous      ] GC(44) Live humongous region 192 object size 1048592 start 0x00000000ec000000  with remset 0 code roots 0 is marked 0 reclaim candidate 0 type array 1
[2024-12-07T22:49:43.247+0800][4.706s][debug][gc,humongous      ] GC(44) Live humongous region 194 object size 1048592 start 0x00000000ec200000  with remset 0 code roots 0 is marked 0 reclaim candidate 0 type array 1
[2024-12-07T22:49:43.247+0800][4.706s][debug][gc,humongous      ] GC(44) Live humongous region 196 object size 1048592 start 0x00000000ec400000  with remset 0 code roots 0 is marked 0 reclaim candidate 0 type array 1
[2024-12-07T22:49:43.247+0800][4.706s][debug][gc,humongous      ] GC(44) Live humongous region 198 object size 1048592 start 0x00000000ec600000  with remset 0 code roots 0 is marked 0 reclaim candidate 0 type array 1
[2024-12-07T22:49:43.247+0800][4.706s][debug][gc,humongous      ] GC(44) Live humongous region 200 object size 1048592 start 0x00000000ec800000  with remset 0 code roots 0 is marked 0 reclaim candidate 0 type array 1
[2024-12-07T22:49:43.247+0800][4.706s][debug][gc,humongous      ] GC(44) Live humongous region 202 object size 1048592 start 0x00000000eca00000  with remset 0 code roots 0 is marked 0 reclaim candidate 0 type array 1
[2024-12-07T22:49:43.248+0800][4.706s][debug][gc,humongous      ] GC(44) Live humongous region 204 object size 1048592 start 0x00000000ecc00000  with remset 0 code roots 0 is marked 0 reclaim candidate 0 type array 1
[2024-12-07T22:49:43.248+0800][4.706s][debug][gc,humongous      ] GC(44) Live humongous region 206 object size 1048592 start 0x00000000ece00000  with remset 0 code roots 0 is marked 0 reclaim candidate 0 type array 1
[2024-12-07T22:49:43.248+0800][4.706s][debug][gc,humongous      ] GC(44) Live humongous region 208 object size 1048592 start 0x00000000ed000000  with remset 0 code roots 0 is marked 0 reclaim candidate 0 type array 1
[2024-12-07T22:49:43.248+0800][4.706s][debug][gc,humongous      ] GC(44) Live humongous region 210 object size 1048592 start 0x00000000ed200000  with remset 0 code roots 0 is marked 0 reclaim candidate 0 type array 1
[2024-12-07T22:49:43.248+0800][4.706s][debug][gc,humongous      ] GC(44) Live humongous region 212 object size 1048592 start 0x00000000ed400000  with remset 0 code roots 0 is marked 0 reclaim candidate 0 type array 1
[2024-12-07T22:49:43.248+0800][4.706s][debug][gc,humongous      ] GC(44) Live humongous region 214 object size 1048592 start 0x00000000ed600000  with remset 0 code roots 0 is marked 0 reclaim candidate 0 type array 1
[2024-12-07T22:49:43.248+0800][4.706s][debug][gc,humongous      ] GC(44) Live humongous region 216 object size 1048592 start 0x00000000ed800000  with remset 0 code roots 0 is marked 0 reclaim candidate 0 type array 1
[2024-12-07T22:49:43.248+0800][4.706s][debug][gc,humongous      ] GC(44) Live humongous region 218 object size 1048592 start 0x00000000eda00000  with remset 0 code roots 0 is marked 0 reclaim candidate 0 type array 1
[2024-12-07T22:49:43.248+0800][4.706s][debug][gc,humongous      ] GC(44) Live humongous region 220 object size 1048592 start 0x00000000edc00000  with remset 0 code roots 0 is marked 0 reclaim candidate 0 type array 1
[2024-12-07T22:49:43.248+0800][4.706s][debug][gc,humongous      ] GC(44) Live humongous region 222 object size 1048592 start 0x00000000ede00000  with remset 0 code roots 0 is marked 0 reclaim candidate 0 type array 1
[2024-12-07T22:49:43.248+0800][4.706s][debug][gc,humongous      ] GC(44) Dead humongous region 224 object size 1048592 start 0x00000000ee000000 with remset 0 code roots 0 is marked 0 reclaim candidate 1 type array 1
[2024-12-07T22:49:43.248+0800][4.707s][debug][gc,plab           ] GC(44) Young PLAB allocation: allocated: 6192B, wasted: 24B, unused: 2168B, used: 4000B, undo waste: 0B, 
[2024-12-07T22:49:43.248+0800][4.707s][debug][gc,plab           ] GC(44) Young other allocation: region end waste: 0B, regions filled: 1, direct allocated: 0B, failure used: 0B, failure wasted: 0B
[2024-12-07T22:49:43.248+0800][4.707s][debug][gc,plab           ] GC(44) Young sizing: calculated: 800B, actual: 2064B
[2024-12-07T22:49:43.248+0800][4.707s][debug][gc,plab           ] GC(44) Old PLAB allocation: allocated: 0B, wasted: 0B, unused: 0B, used: 0B, undo waste: 0B, 
[2024-12-07T22:49:43.248+0800][4.707s][debug][gc,plab           ] GC(44) Old other allocation: region end waste: 0B, regions filled: 1, direct allocated: 0B, failure used: 0B, failure wasted: 0B
[2024-12-07T22:49:43.249+0800][4.707s][debug][gc,plab           ] GC(44) Old sizing: calculated: 0B, actual: 2064B
[2024-12-07T22:49:43.249+0800][4.707s][debug][gc,alloc,stats    ] Old generation allocation in the last mutator period, old gen allocated: 0B, humongous allocated: 27262976B,old gen growth: 0B.
[2024-12-07T22:49:43.249+0800][4.707s][debug][gc,ihop           ] GC(44) Basic information (value update), threshold: 239704473B (45.00), target occupancy: 532676608B, current occupancy: 211019824B, recent allocation size: 27262976B, recent allocation duration: 97.10ms, recent old gen allocation rate: 280783458.94B/s, recent marking phase length: 0.00ms
[2024-12-07T22:49:43.249+0800][4.707s][debug][gc,ihop           ] GC(44) Adaptive IHOP information (value update), threshold: 239704473B (52.53), internal target occupancy: 456340275B, occupancy: 211019824B, additional buffer size: 91226112B, predicted old gen allocation rate: 91041301.01B/s, predicted marking phase length: 0.00ms, prediction active: false
[2024-12-07T22:49:43.249+0800][4.707s][debug][gc,ergo,refine    ] GC(44) Updated Refinement Zones: green: 18, yellow: 54, red: 90
[2024-12-07T22:49:43.249+0800][4.707s][info ][gc,phases         ] GC(44)   Pre Evacuate Collection Set: 0.2ms
[2024-12-07T22:49:43.249+0800][4.707s][debug][gc,phases         ] GC(44)     Prepare TLABs: 0.1ms
[2024-12-07T22:49:43.249+0800][4.707s][debug][gc,phases         ] GC(44)     Choose Collection Set: 0.1ms
[2024-12-07T22:49:43.249+0800][4.707s][debug][gc,phases         ] GC(44)     Humongous Register: 0.0ms
[2024-12-07T22:49:43.249+0800][4.707s][debug][gc,phases         ] GC(44)     Clear Claimed Marks: 0.0ms
[2024-12-07T22:49:43.249+0800][4.707s][info ][gc,phases         ] GC(44)   Evacuate Collection Set: 6.0ms
[2024-12-07T22:49:43.249+0800][4.708s][debug][gc,phases         ] GC(44)     Ext Root Scanning (ms):   Min:  0.0, Avg:  2.5, Max:  4.2, Diff:  4.2, Sum: 29.9, Workers: 12
[2024-12-07T22:49:43.249+0800][4.708s][debug][gc,phases         ] GC(44)     Update RS (ms):           Min:  0.0, Avg:  0.0, Max:  0.0, Diff:  0.0, Sum:  0.0, Workers: 12
[2024-12-07T22:49:43.249+0800][4.708s][debug][gc,phases         ] GC(44)       Processed Buffers:        Min: 0, Avg:  0.2, Max: 2, Diff: 2, Sum: 2, Workers: 12
[2024-12-07T22:49:43.249+0800][4.708s][debug][gc,phases         ] GC(44)       Scanned Cards:            Min: 0, Avg:  0.6, Max: 7, Diff: 7, Sum: 7, Workers: 12
[2024-12-07T22:49:43.250+0800][4.708s][debug][gc,phases         ] GC(44)       Skipped Cards:            Min: 0, Avg:  0.0, Max: 0, Diff: 0, Sum: 0, Workers: 12
[2024-12-07T22:49:43.250+0800][4.708s][debug][gc,phases         ] GC(44)     Scan RS (ms):             Min:  0.0, Avg:  0.0, Max:  0.0, Diff:  0.0, Sum:  0.0, Workers: 12
[2024-12-07T22:49:43.250+0800][4.708s][debug][gc,phases         ] GC(44)       Scanned Cards:            Min: 0, Avg:  0.2, Max: 1, Diff: 1, Sum: 2, Workers: 12
[2024-12-07T22:49:43.250+0800][4.708s][debug][gc,phases         ] GC(44)       Claimed Cards:            Min: 0, Avg:  0.2, Max: 2, Diff: 2, Sum: 3, Workers: 12
[2024-12-07T22:49:43.250+0800][4.708s][debug][gc,phases         ] GC(44)       Skipped Cards:            Min: 0, Avg:  0.1, Max: 1, Diff: 1, Sum: 1, Workers: 12
[2024-12-07T22:49:43.250+0800][4.708s][debug][gc,phases         ] GC(44)     Code Root Scanning (ms):  Min:  0.0, Avg:  0.0, Max:  0.0, Diff:  0.0, Sum:  0.0, Workers: 12
[2024-12-07T22:49:43.250+0800][4.708s][debug][gc,phases         ] GC(44)     AOT Root Scanning (ms):   skipped
[2024-12-07T22:49:43.250+0800][4.708s][debug][gc,phases         ] GC(44)     Object Copy (ms):         Min:  0.0, Avg:  0.0, Max:  0.0, Diff:  0.0, Sum:  0.0, Workers: 12
[2024-12-07T22:49:43.250+0800][4.708s][debug][gc,phases         ] GC(44)     Termination (ms):         Min:  0.0, Avg:  1.8, Max:  4.2, Diff:  4.2, Sum: 21.1, Workers: 12
[2024-12-07T22:49:43.250+0800][4.708s][debug][gc,phases         ] GC(44)       Termination Attempts:     Min: 1, Avg:  1.0, Max: 1, Diff: 0, Sum: 12, Workers: 12
[2024-12-07T22:49:43.250+0800][4.709s][debug][gc,phases         ] GC(44)     GC Worker Other (ms):     Min:  0.1, Avg:  0.6, Max:  1.1, Diff:  0.9, Sum:  7.0, Workers: 12
[2024-12-07T22:49:43.250+0800][4.709s][debug][gc,phases         ] GC(44)     GC Worker Total (ms):     Min:  4.3, Avg:  4.8, Max:  5.3, Diff:  1.0, Sum: 58.1, Workers: 12
[2024-12-07T22:49:43.251+0800][4.709s][info ][gc,phases         ] GC(44)   Post Evacuate Collection Set: 7.7ms
[2024-12-07T22:49:43.251+0800][4.709s][debug][gc,phases         ] GC(44)     Code Roots Fixup: 0.0ms
[2024-12-07T22:49:43.251+0800][4.709s][debug][gc,phases         ] GC(44)     Clear Card Table: 0.1ms
[2024-12-07T22:49:43.251+0800][4.709s][debug][gc,phases         ] GC(44)     Reference Processing: 0.3ms
[2024-12-07T22:49:43.251+0800][4.709s][debug][gc,phases,ref     ] GC(44)       Reconsider SoftReferences: 0.1ms
[2024-12-07T22:49:43.251+0800][4.710s][debug][gc,phases,ref     ] GC(44)         SoftRef (ms):             skipped
[2024-12-07T22:49:43.251+0800][4.710s][debug][gc,phases,ref     ] GC(44)       Notify Soft/WeakReferences: 0.1ms
[2024-12-07T22:49:43.251+0800][4.710s][debug][gc,phases,ref     ] GC(44)         SoftRef (ms):             skipped
[2024-12-07T22:49:43.252+0800][4.710s][debug][gc,phases,ref     ] GC(44)         WeakRef (ms):             skipped
[2024-12-07T22:49:43.252+0800][4.710s][debug][gc,phases,ref     ] GC(44)         FinalRef (ms):            skipped
[2024-12-07T22:49:43.252+0800][4.710s][debug][gc,phases,ref     ] GC(44)         Total (ms):               skipped
[2024-12-07T22:49:43.252+0800][4.710s][debug][gc,phases,ref     ] GC(44)       Notify and keep alive finalizable: 0.1ms
[2024-12-07T22:49:43.252+0800][4.710s][debug][gc,phases,ref     ] GC(44)         FinalRef (ms):            skipped
[2024-12-07T22:49:43.252+0800][4.710s][debug][gc,phases,ref     ] GC(44)       Notify PhantomReferences: 0.1ms
[2024-12-07T22:49:43.252+0800][4.710s][debug][gc,phases,ref     ] GC(44)         PhantomRef (ms):          skipped
[2024-12-07T22:49:43.252+0800][4.711s][debug][gc,phases,ref     ] GC(44)       SoftReference:
[2024-12-07T22:49:43.252+0800][4.711s][debug][gc,phases,ref     ] GC(44)         Discovered: 0
[2024-12-07T22:49:43.252+0800][4.711s][debug][gc,phases,ref     ] GC(44)         Cleared: 0
[2024-12-07T22:49:43.252+0800][4.711s][debug][gc,phases,ref     ] GC(44)       WeakReference:
[2024-12-07T22:49:43.253+0800][4.711s][debug][gc,phases,ref     ] GC(44)         Discovered: 0
[2024-12-07T22:49:43.253+0800][4.711s][debug][gc,phases,ref     ] GC(44)         Cleared: 0
[2024-12-07T22:49:43.253+0800][4.711s][debug][gc,phases,ref     ] GC(44)       FinalReference:
[2024-12-07T22:49:43.253+0800][4.711s][debug][gc,phases,ref     ] GC(44)         Discovered: 0
[2024-12-07T22:49:43.253+0800][4.711s][debug][gc,phases,ref     ] GC(44)         Cleared: 0
[2024-12-07T22:49:43.253+0800][4.711s][debug][gc,phases,ref     ] GC(44)       PhantomReference:
[2024-12-07T22:49:43.253+0800][4.711s][debug][gc,phases,ref     ] GC(44)         Discovered: 0
[2024-12-07T22:49:43.253+0800][4.711s][debug][gc,phases,ref     ] GC(44)         Cleared: 0
[2024-12-07T22:49:43.253+0800][4.711s][debug][gc,phases         ] GC(44)     Weak Processing: 0.0ms
[2024-12-07T22:49:43.253+0800][4.712s][debug][gc,phases         ] GC(44)     Merge Per-Thread State: 0.0ms
[2024-12-07T22:49:43.253+0800][4.712s][debug][gc,phases         ] GC(44)     Code Roots Purge: 0.0ms
[2024-12-07T22:49:43.253+0800][4.712s][debug][gc,phases         ] GC(44)     Redirty Cards: 0.1ms
[2024-12-07T22:49:43.253+0800][4.712s][debug][gc,phases         ] GC(44)     DerivedPointerTable Update: 0.0ms
[2024-12-07T22:49:43.253+0800][4.712s][debug][gc,phases         ] GC(44)     Free Collection Set: 0.1ms
[2024-12-07T22:49:43.254+0800][4.712s][debug][gc,phases         ] GC(44)     Humongous Reclaim: 7.1ms
[2024-12-07T22:49:43.254+0800][4.712s][debug][gc,phases         ] GC(44)     Start New Collection Set: 0.0ms
[2024-12-07T22:49:43.254+0800][4.712s][debug][gc,phases         ] GC(44)     Resize TLABs: 0.0ms
[2024-12-07T22:49:43.254+0800][4.712s][debug][gc,phases         ] GC(44)     Expand Heap After Collection: 0.0ms
[2024-12-07T22:49:43.254+0800][4.712s][info ][gc,phases         ] GC(44)   Other: 2.7ms
[2024-12-07T22:49:43.254+0800][4.712s][info ][gc,heap           ] GC(44) Eden regions: 1->0(86)
[2024-12-07T22:49:43.254+0800][4.712s][info ][gc,heap           ] GC(44) Survivor regions: 1->1(9)
[2024-12-07T22:49:43.254+0800][4.712s][info ][gc,heap           ] GC(44) Old regions: 3->3
[2024-12-07T22:49:43.254+0800][4.712s][info ][gc,heap           ] GC(44) Humongous regions: 226->200
[2024-12-07T22:49:43.254+0800][4.712s][info ][gc,metaspace      ] GC(44) Metaspace: 677K(4864K)->677K(4864K) NonClass: 624K(4352K)->624K(4352K) Class: 52K(512K)->52K(512K)
[2024-12-07T22:49:43.254+0800][4.713s][debug][gc,heap           ] GC(44) Heap after GC invocations=45 (full 0): garbage-first heap   total 520192K, used 206074K [0x00000000e0000000, 0x0000000100000000)
[2024-12-07T22:49:43.254+0800][4.713s][debug][gc,heap           ] GC(44)   region size 1024K, 1 young (1024K), 1 survivors (1024K)
[2024-12-07T22:49:43.254+0800][4.713s][debug][gc,heap           ] GC(44)  Metaspace       used 677K, capacity 4575K, committed 4864K, reserved 1056768K
[2024-12-07T22:49:43.254+0800][4.713s][debug][gc,heap           ] GC(44)   class space    used 52K, capacity 418K, committed 512K, reserved 1048576K
[2024-12-07T22:49:43.254+0800][4.713s][info ][gc                ] GC(44) Pause Young (Concurrent Start) (G1 Humongous Allocation) 227M->201M(508M) 21.155ms
[2024-12-07T22:49:43.255+0800][4.713s][info ][gc,cpu            ] GC(44) User=0.02s Sys=0.00s Real=0.02s
[2024-12-07T22:49:43.255+0800][4.713s][info ][gc                ] GC(45) Concurrent Cycle
[2024-12-07T22:49:43.255+0800][4.713s][info ][gc,marking        ] GC(45) Concurrent Clear Claimed Marks
[2024-12-07T22:49:43.255+0800][4.713s][info ][gc,marking        ] GC(45) Concurrent Clear Claimed Marks 0.070ms
[2024-12-07T22:49:43.255+0800][4.713s][info ][gc,marking        ] GC(45) Concurrent Scan Root Regions
[2024-12-07T22:49:43.255+0800][4.713s][debug][gc,ergo           ] GC(45) Running G1 Root Region Scan using 1 workers for 1 work units.
[2024-12-07T22:49:43.255+0800][4.713s][info ][gc,marking        ] GC(45) Concurrent Scan Root Regions 0.172ms
[2024-12-07T22:49:43.255+0800][4.713s][info ][gc,marking        ] GC(45) Concurrent Mark (4.713s)
[2024-12-07T22:49:43.255+0800][4.713s][info ][gc,marking        ] GC(45) Concurrent Mark From Roots
[2024-12-07T22:49:43.255+0800][4.714s][info ][gc,task           ] GC(45) Using 5 workers of 5 for marking
[2024-12-07T22:49:43.256+0800][4.714s][debug][gc,stats          ] ---------------------------------------------------------------------
[2024-12-07T22:49:43.256+0800][4.714s][debug][gc,stats          ] Marking Stats, task = 0, calls = 23
[2024-12-07T22:49:43.256+0800][4.715s][debug][gc,stats          ]   Elapsed time = 0.66ms, Termination time = 0.00ms
[2024-12-07T22:49:43.256+0800][4.715s][debug][gc,stats          ]   Step Times (cum): num = 2056, avg = 0.01ms, sd = 0.19ms max = 5.58ms, total = 28.64ms
[2024-12-07T22:49:43.256+0800][4.715s][debug][gc,stats          ]   Mark Stats Cache: hits 5032 misses 102 ratio 98.013
[2024-12-07T22:49:43.256+0800][4.715s][debug][gc,stats          ] ---------------------------------------------------------------------
[2024-12-07T22:49:43.256+0800][4.715s][debug][gc,stats          ] Marking Stats, task = 1, calls = 14
[2024-12-07T22:49:43.257+0800][4.715s][debug][gc,stats          ]   Elapsed time = 0.66ms, Termination time = 0.00ms
[2024-12-07T22:49:43.257+0800][4.715s][debug][gc,stats          ]   Step Times (cum): num = 552, avg = 0.05ms, sd = 0.35ms max = 5.59ms, total = 27.79ms
[2024-12-07T22:49:43.257+0800][4.715s][debug][gc,stats          ]   Mark Stats Cache: hits 4454 misses 3 ratio 99.933
[2024-12-07T22:49:43.257+0800][4.715s][debug][gc,stats          ] ---------------------------------------------------------------------
[2024-12-07T22:49:43.257+0800][4.715s][debug][gc,stats          ] Marking Stats, task = 2, calls = 6
[2024-12-07T22:49:43.257+0800][4.715s][debug][gc,stats          ]   Elapsed time = 0.65ms, Termination time = 0.00ms
[2024-12-07T22:49:43.257+0800][4.715s][debug][gc,stats          ]   Step Times (cum): num = 426, avg = 0.07ms, sd = 0.40ms max = 5.58ms, total = 28.31ms
[2024-12-07T22:49:43.257+0800][4.715s][debug][gc,stats          ]   Mark Stats Cache: hits 4832 misses 3 ratio 99.938
[2024-12-07T22:49:43.257+0800][4.715s][debug][gc,stats          ] ---------------------------------------------------------------------
[2024-12-07T22:49:43.257+0800][4.716s][debug][gc,stats          ] Marking Stats, task = 3, calls = 1
[2024-12-07T22:49:43.257+0800][4.716s][debug][gc,stats          ]   Elapsed time = 0.62ms, Termination time = 0.00ms
[2024-12-07T22:49:43.257+0800][4.716s][debug][gc,stats          ]   Step Times (cum): num = 495, avg = 0.06ms, sd = 0.37ms max = 5.59ms, total = 27.83ms
[2024-12-07T22:49:43.257+0800][4.716s][debug][gc,stats          ]   Mark Stats Cache: hits 8306 misses 3 ratio 99.964
[2024-12-07T22:49:43.257+0800][4.716s][debug][gc,stats          ] ---------------------------------------------------------------------
[2024-12-07T22:49:43.258+0800][4.716s][debug][gc,stats          ] Marking Stats, task = 4, calls = 24
[2024-12-07T22:49:43.258+0800][4.716s][debug][gc,stats          ]   Elapsed time = 0.64ms, Termination time = 0.00ms
[2024-12-07T22:49:43.258+0800][4.716s][debug][gc,stats          ]   Step Times (cum): num = 512, avg = 0.06ms, sd = 0.37ms max = 5.59ms, total = 28.18ms
[2024-12-07T22:49:43.258+0800][4.716s][debug][gc,stats          ]   Mark Stats Cache: hits 2871 misses 3 ratio 99.896
[2024-12-07T22:49:43.258+0800][4.716s][debug][gc,stats          ] ---------------------------------------------------------------------
[2024-12-07T22:49:43.258+0800][4.716s][info ][gc,marking        ] GC(45) Concurrent Mark From Roots 2.765ms
[2024-12-07T22:49:43.258+0800][4.716s][info ][gc,marking        ] GC(45) Concurrent Preclean
[2024-12-07T22:49:43.258+0800][4.716s][debug][gc,ref,start      ] GC(45) Preclean SoftReferences
[2024-12-07T22:49:43.258+0800][4.716s][debug][gc,ref            ] GC(45) Preclean SoftReferences 0.074ms
[2024-12-07T22:49:43.258+0800][4.716s][debug][gc,ref,start      ] GC(45) Preclean WeakReferences
[2024-12-07T22:49:43.258+0800][4.717s][debug][gc,ref            ] GC(45) Preclean WeakReferences 0.073ms
[2024-12-07T22:49:43.258+0800][4.717s][debug][gc,ref,start      ] GC(45) Preclean FinalReferences
[2024-12-07T22:49:43.258+0800][4.717s][debug][gc,ref            ] GC(45) Preclean FinalReferences 0.076ms
[2024-12-07T22:49:43.258+0800][4.717s][debug][gc,ref,start      ] GC(45) Preclean PhantomReferences
[2024-12-07T22:49:43.259+0800][4.717s][debug][gc,ref            ] GC(45) Preclean PhantomReferences 0.073ms
[2024-12-07T22:49:43.259+0800][4.717s][info ][gc,marking        ] GC(45) Concurrent Preclean 0.614ms
[2024-12-07T22:49:43.259+0800][4.717s][info ][gc,marking        ] GC(45) Concurrent Mark (4.713s, 4.717s) 3.596ms
[2024-12-07T22:49:43.259+0800][4.717s][info ][gc,start          ] GC(45) Pause Remark
[2024-12-07T22:49:43.259+0800][4.717s][debug][gc,phases,start   ] GC(45) Finalize Marking
[2024-12-07T22:49:43.260+0800][4.718s][debug][gc,stats          ] ---------------------------------------------------------------------
[2024-12-07T22:49:43.260+0800][4.718s][debug][gc,stats          ] Marking Stats, task = 0, calls = 96
[2024-12-07T22:49:43.260+0800][4.718s][debug][gc,stats          ]   Elapsed time = 0.73ms, Termination time = 0.48ms
[2024-12-07T22:49:43.260+0800][4.718s][debug][gc,stats          ]   Step Times (cum): num = 2129, avg = 0.01ms, sd = 0.18ms max = 5.58ms, total = 29.12ms
[2024-12-07T22:49:43.260+0800][4.718s][debug][gc,stats          ]   Mark Stats Cache: hits 5032 misses 102 ratio 98.013
[2024-12-07T22:49:43.260+0800][4.718s][debug][gc,stats          ] ---------------------------------------------------------------------
[2024-12-07T22:49:43.260+0800][4.718s][debug][gc,stats          ] Marking Stats, task = 1, calls = 15
[2024-12-07T22:49:43.260+0800][4.718s][debug][gc,stats          ]   Elapsed time = 0.74ms, Termination time = 0.47ms
[2024-12-07T22:49:43.260+0800][4.719s][debug][gc,stats          ]   Step Times (cum): num = 553, avg = 0.05ms, sd = 0.35ms max = 5.59ms, total = 28.26ms
[2024-12-07T22:49:43.260+0800][4.719s][debug][gc,stats          ]   Mark Stats Cache: hits 4454 misses 3 ratio 99.933
[2024-12-07T22:49:43.260+0800][4.719s][debug][gc,stats          ] ---------------------------------------------------------------------
[2024-12-07T22:49:43.260+0800][4.719s][debug][gc,stats          ] Marking Stats, task = 2, calls = 7
[2024-12-07T22:49:43.260+0800][4.719s][debug][gc,stats          ]   Elapsed time = 0.73ms, Termination time = 0.46ms
[2024-12-07T22:49:43.261+0800][4.719s][debug][gc,stats          ]   Step Times (cum): num = 427, avg = 0.07ms, sd = 0.40ms max = 5.58ms, total = 28.77ms
[2024-12-07T22:49:43.261+0800][4.719s][debug][gc,stats          ]   Mark Stats Cache: hits 4832 misses 3 ratio 99.938
[2024-12-07T22:49:43.261+0800][4.719s][debug][gc,stats          ] ---------------------------------------------------------------------
[2024-12-07T22:49:43.261+0800][4.719s][debug][gc,stats          ] Marking Stats, task = 3, calls = 2
[2024-12-07T22:49:43.261+0800][4.719s][debug][gc,stats          ]   Elapsed time = 0.59ms, Termination time = 0.46ms
[2024-12-07T22:49:43.261+0800][4.719s][debug][gc,stats          ]   Step Times (cum): num = 496, avg = 0.06ms, sd = 0.37ms max = 5.59ms, total = 28.29ms
[2024-12-07T22:49:43.261+0800][4.719s][debug][gc,stats          ]   Mark Stats Cache: hits 8306 misses 3 ratio 99.964
[2024-12-07T22:49:43.261+0800][4.719s][debug][gc,stats          ] ---------------------------------------------------------------------
[2024-12-07T22:49:43.261+0800][4.719s][debug][gc,stats          ] Marking Stats, task = 4, calls = 25
[2024-12-07T22:49:43.261+0800][4.720s][debug][gc,stats          ]   Elapsed time = 0.58ms, Termination time = 0.43ms
[2024-12-07T22:49:43.261+0800][4.720s][debug][gc,stats          ]   Step Times (cum): num = 513, avg = 0.06ms, sd = 0.37ms max = 5.59ms, total = 28.62ms
[2024-12-07T22:49:43.261+0800][4.720s][debug][gc,stats          ]   Mark Stats Cache: hits 2871 misses 3 ratio 99.896
[2024-12-07T22:49:43.261+0800][4.720s][debug][gc,stats          ] ---------------------------------------------------------------------
[2024-12-07T22:49:43.261+0800][4.720s][debug][gc,stats          ] Marking Stats, task = 5, calls = 1
[2024-12-07T22:49:43.262+0800][4.720s][debug][gc,stats          ]   Elapsed time = 0.55ms, Termination time = 0.41ms
[2024-12-07T22:49:43.262+0800][4.720s][debug][gc,stats          ]   Step Times (cum): num = 23, avg = 1.12ms, sd = 1.31ms max = 5.59ms, total = 25.77ms
[2024-12-07T22:49:43.262+0800][4.720s][debug][gc,stats          ]   Mark Stats Cache: hits 0 misses 0 ratio 0.000
[2024-12-07T22:49:43.262+0800][4.720s][debug][gc,stats          ] ---------------------------------------------------------------------
[2024-12-07T22:49:43.262+0800][4.720s][debug][gc,stats          ] Marking Stats, task = 6, calls = 1
[2024-12-07T22:49:43.262+0800][4.720s][debug][gc,stats          ]   Elapsed time = 0.59ms, Termination time = 0.42ms
[2024-12-07T22:49:43.262+0800][4.720s][debug][gc,stats          ]   Step Times (cum): num = 23, avg = 1.13ms, sd = 1.31ms max = 5.59ms, total = 25.99ms
[2024-12-07T22:49:43.262+0800][4.720s][debug][gc,stats          ]   Mark Stats Cache: hits 0 misses 0 ratio 0.000
[2024-12-07T22:49:43.262+0800][4.720s][debug][gc,stats          ] ---------------------------------------------------------------------
[2024-12-07T22:49:43.262+0800][4.721s][debug][gc,stats          ] Marking Stats, task = 7, calls = 1
[2024-12-07T22:49:43.262+0800][4.721s][debug][gc,stats          ]   Elapsed time = 0.58ms, Termination time = 0.42ms
[2024-12-07T22:49:43.262+0800][4.721s][debug][gc,stats          ]   Step Times (cum): num = 23, avg = 1.15ms, sd = 1.27ms max = 5.60ms, total = 26.34ms
[2024-12-07T22:49:43.262+0800][4.721s][debug][gc,stats          ]   Mark Stats Cache: hits 0 misses 0 ratio 0.000
[2024-12-07T22:49:43.263+0800][4.721s][debug][gc,stats          ] ---------------------------------------------------------------------
[2024-12-07T22:49:43.263+0800][4.721s][debug][gc,stats          ] Marking Stats, task = 8, calls = 1
[2024-12-07T22:49:43.263+0800][4.721s][debug][gc,stats          ]   Elapsed time = 0.51ms, Termination time = 0.42ms
[2024-12-07T22:49:43.263+0800][4.722s][debug][gc,stats          ]   Step Times (cum): num = 23, avg = 1.12ms, sd = 1.28ms max = 5.72ms, total = 25.65ms
[2024-12-07T22:49:43.263+0800][4.722s][debug][gc,stats          ]   Mark Stats Cache: hits 0 misses 0 ratio 0.000
[2024-12-07T22:49:43.264+0800][4.722s][debug][gc,stats          ] ---------------------------------------------------------------------
[2024-12-07T22:49:43.264+0800][4.722s][debug][gc,stats          ] Marking Stats, task = 9, calls = 1
[2024-12-07T22:49:43.264+0800][4.722s][debug][gc,stats          ]   Elapsed time = 0.45ms, Termination time = 0.42ms
[2024-12-07T22:49:43.264+0800][4.722s][debug][gc,stats          ]   Step Times (cum): num = 23, avg = 1.07ms, sd = 1.34ms max = 5.87ms, total = 24.65ms
[2024-12-07T22:49:43.264+0800][4.723s][debug][gc,stats          ]   Mark Stats Cache: hits 0 misses 0 ratio 0.000
[2024-12-07T22:49:43.264+0800][4.723s][debug][gc,stats          ] ---------------------------------------------------------------------
[2024-12-07T22:49:43.264+0800][4.723s][debug][gc,stats          ] Marking Stats, task = 10, calls = 1
[2024-12-07T22:49:43.264+0800][4.723s][debug][gc,stats          ]   Elapsed time = 0.04ms, Termination time = 0.00ms
[2024-12-07T22:49:43.265+0800][4.723s][debug][gc,stats          ]   Step Times (cum): num = 23, avg = 0.66ms, sd = 0.88ms max = 3.41ms, total = 15.22ms
[2024-12-07T22:49:43.265+0800][4.723s][debug][gc,stats          ]   Mark Stats Cache: hits 0 misses 0 ratio 0.000
[2024-12-07T22:49:43.265+0800][4.723s][debug][gc,stats          ] ---------------------------------------------------------------------
[2024-12-07T22:49:43.265+0800][4.723s][debug][gc,stats          ] Marking Stats, task = 11, calls = 1
[2024-12-07T22:49:43.265+0800][4.723s][debug][gc,stats          ]   Elapsed time = 0.00ms, Termination time = 0.00ms
[2024-12-07T22:49:43.265+0800][4.723s][debug][gc,stats          ]   Step Times (cum): num = 23, avg = 0.00ms, sd = 0.00ms max = 0.00ms, total = 0.00ms
[2024-12-07T22:49:43.265+0800][4.723s][debug][gc,stats          ]   Mark Stats Cache: hits 0 misses 0 ratio 0.000
[2024-12-07T22:49:43.265+0800][4.723s][debug][gc,stats          ] ---------------------------------------------------------------------
[2024-12-07T22:49:43.267+0800][4.726s][debug][gc,phases         ] GC(45) Finalize Marking 8.383ms
[2024-12-07T22:49:43.267+0800][4.726s][debug][gc,phases,start   ] GC(45) Reference Processing
[2024-12-07T22:49:43.268+0800][4.726s][debug][gc,ref            ] GC(45) Skipped phase1 of Reference Processing due to unavailable references
[2024-12-07T22:49:43.268+0800][4.726s][debug][gc,ref            ] GC(45) Skipped phase2 of Reference Processing due to unavailable references
[2024-12-07T22:49:43.268+0800][4.726s][debug][gc,ref            ] GC(45) Skipped phase3 of Reference Processing due to unavailable references
[2024-12-07T22:49:43.268+0800][4.726s][debug][gc,ref            ] GC(45) Skipped phase4 of Reference Processing due to unavailable references
[2024-12-07T22:49:43.268+0800][4.727s][debug][gc,phases,ref     ] GC(45) Reference Processing: 0.6ms
[2024-12-07T22:49:43.268+0800][4.727s][debug][gc,phases,ref     ] GC(45)   Reconsider SoftReferences: 0.2ms
[2024-12-07T22:49:43.269+0800][4.727s][debug][gc,phases,ref     ] GC(45)     SoftRef (ms):             skipped
[2024-12-07T22:49:43.269+0800][4.727s][debug][gc,phases,ref     ] GC(45)   Notify Soft/WeakReferences: 0.2ms
[2024-12-07T22:49:43.269+0800][4.727s][debug][gc,phases,ref     ] GC(45)     SoftRef (ms):             skipped
[2024-12-07T22:49:43.269+0800][4.727s][debug][gc,phases,ref     ] GC(45)     WeakRef (ms):             skipped
[2024-12-07T22:49:43.269+0800][4.727s][debug][gc,phases,ref     ] GC(45)     FinalRef (ms):            skipped
[2024-12-07T22:49:43.269+0800][4.727s][debug][gc,phases,ref     ] GC(45)     Total (ms):               skipped
[2024-12-07T22:49:43.269+0800][4.727s][debug][gc,phases,ref     ] GC(45)   Notify and keep alive finalizable: 0.1ms
[2024-12-07T22:49:43.269+0800][4.728s][debug][gc,phases,ref     ] GC(45)     FinalRef (ms):            skipped
[2024-12-07T22:49:43.269+0800][4.728s][debug][gc,phases,ref     ] GC(45)   Notify PhantomReferences: 0.2ms
[2024-12-07T22:49:43.270+0800][4.728s][debug][gc,phases,ref     ] GC(45)     PhantomRef (ms):          skipped
[2024-12-07T22:49:43.275+0800][4.733s][debug][gc,phases,ref     ] GC(45)   SoftReference:
[2024-12-07T22:49:43.275+0800][4.733s][debug][gc,phases,ref     ] GC(45)     Discovered: 0
[2024-12-07T22:49:43.275+0800][4.733s][debug][gc,phases,ref     ] GC(45)     Cleared: 0
[2024-12-07T22:49:43.275+0800][4.733s][debug][gc,phases,ref     ] GC(45)   WeakReference:
[2024-12-07T22:49:43.275+0800][4.734s][debug][gc,phases,ref     ] GC(45)     Discovered: 0
[2024-12-07T22:49:43.275+0800][4.734s][debug][gc,phases,ref     ] GC(45)     Cleared: 0
[2024-12-07T22:49:43.276+0800][4.734s][debug][gc,phases,ref     ] GC(45)   FinalReference:
[2024-12-07T22:49:43.276+0800][4.734s][debug][gc,phases,ref     ] GC(45)     Discovered: 0
[2024-12-07T22:49:43.276+0800][4.734s][debug][gc,phases,ref     ] GC(45)     Cleared: 0
[2024-12-07T22:49:43.276+0800][4.734s][debug][gc,phases,ref     ] GC(45)   PhantomReference:
[2024-12-07T22:49:43.276+0800][4.734s][debug][gc,phases,ref     ] GC(45)     Discovered: 0
[2024-12-07T22:49:43.276+0800][4.735s][debug][gc,phases,ref     ] GC(45)     Cleared: 0
[2024-12-07T22:49:43.276+0800][4.735s][debug][gc,phases         ] GC(45) Reference Processing 8.985ms
[2024-12-07T22:49:43.277+0800][4.735s][debug][gc,phases,start   ] GC(45) Weak Processing
[2024-12-07T22:49:43.277+0800][4.735s][debug][gc,phases         ] GC(45) Weak Processing 0.111ms
[2024-12-07T22:49:43.277+0800][4.735s][debug][gc,phases,start   ] GC(45) Class Unloading
[2024-12-07T22:49:43.277+0800][4.735s][debug][gc,phases,start   ] GC(45) ClassLoaderData
[2024-12-07T22:49:43.277+0800][4.735s][debug][gc,phases         ] GC(45) ClassLoaderData 0.113ms
[2024-12-07T22:49:43.277+0800][4.735s][debug][gc,phases,start   ] GC(45) ProtectionDomainCacheTable
[2024-12-07T22:49:43.277+0800][4.736s][debug][gc,phases         ] GC(45) ProtectionDomainCacheTable 0.130ms
[2024-12-07T22:49:43.278+0800][4.736s][info ][gc,stringtable    ] GC(45) Cleaned string and symbol table, strings: 64 processed, 0 removed, symbols: 226 processed, 0 removed
[2024-12-07T22:49:43.278+0800][4.736s][debug][gc,phases         ] GC(45) Class Unloading 1.312ms
[2024-12-07T22:49:43.278+0800][4.737s][debug][gc,phases,start   ] GC(45) Flush Task Caches
[2024-12-07T22:49:43.278+0800][4.737s][debug][gc,stats          ] Mark stats cache hits 25495 misses 114 ratio 99.555
[2024-12-07T22:49:43.278+0800][4.737s][debug][gc,phases         ] GC(45) Flush Task Caches 0.215ms
[2024-12-07T22:49:43.279+0800][4.737s][debug][gc,phases,start   ] GC(45) Update Remembered Set Tracking Before Rebuild
[2024-12-07T22:49:43.279+0800][4.737s][debug][gc,ergo           ] GC(45) Running G1 Update RemSet Tracking Before Rebuild using 2 workers for 508 regions in heap
[2024-12-07T22:49:43.279+0800][4.737s][debug][gc,remset,tracking] GC(45) Remembered Set Tracking update regions total 508, selected 1
[2024-12-07T22:49:43.279+0800][4.737s][debug][gc,phases         ] GC(45) Update Remembered Set Tracking Before Rebuild 0.245ms
[2024-12-07T22:49:43.279+0800][4.737s][debug][gc,phases,start   ] GC(45) Reclaim Empty Regions
[2024-12-07T22:49:43.279+0800][4.737s][debug][gc,phases         ] GC(45) Reclaim Empty Regions 0.151ms
[2024-12-07T22:49:43.279+0800][4.737s][debug][gc,phases,start   ] GC(45) Purge Metaspace
[2024-12-07T22:49:43.279+0800][4.737s][debug][gc,phases         ] GC(45) Purge Metaspace 0.067ms
[2024-12-07T22:49:43.279+0800][4.738s][debug][gc,phases,start   ] GC(45) Report Object Count
[2024-12-07T22:49:43.279+0800][4.738s][debug][gc,phases         ] GC(45) Report Object Count 0.063ms
[2024-12-07T22:49:43.279+0800][4.738s][info ][gc                ] GC(45) Pause Remark 215M->215M(508M) 20.524ms
[2024-12-07T22:49:43.279+0800][4.738s][info ][gc,cpu            ] GC(45) User=0.01s Sys=0.00s Real=0.02s
[2024-12-07T22:49:43.280+0800][4.738s][info ][gc,marking        ] GC(45) Concurrent Rebuild Remembered Sets
[2024-12-07T22:49:43.280+0800][4.738s][info ][gc,marking        ] GC(45) Concurrent Rebuild Remembered Sets 0.427ms
[2024-12-07T22:49:43.280+0800][4.739s][info ][gc,start          ] GC(45) Pause Cleanup
[2024-12-07T22:49:43.280+0800][4.739s][debug][gc,phases,start   ] GC(45) Update Remembered Set Tracking After Rebuild
[2024-12-07T22:49:43.280+0800][4.739s][debug][gc,phases         ] GC(45) Update Remembered Set Tracking After Rebuild 0.076ms
[2024-12-07T22:49:43.280+0800][4.739s][debug][gc,phases,start   ] GC(45) Finalize Concurrent Mark Cleanup
[2024-12-07T22:49:43.281+0800][4.739s][debug][gc,ergo           ] GC(45) request young-only gcs (candidate old regions not available)
[2024-12-07T22:49:43.281+0800][4.739s][debug][gc,phases         ] GC(45) Finalize Concurrent Mark Cleanup 0.246ms
[2024-12-07T22:49:43.281+0800][4.739s][info ][gc                ] GC(45) Pause Cleanup 215M->215M(508M) 0.540ms
[2024-12-07T22:49:43.281+0800][4.739s][info ][gc,cpu            ] GC(45) User=0.00s Sys=0.00s Real=0.00s
[2024-12-07T22:49:43.281+0800][4.739s][info ][gc,marking        ] GC(45) Concurrent Cleanup for Next Mark
[2024-12-07T22:49:43.281+0800][4.739s][debug][gc,ergo           ] GC(45) Running G1 Clear Bitmap with 5 workers for 8 work units.
[2024-12-07T22:49:43.281+0800][4.740s][info ][gc,marking        ] GC(45) Concurrent Cleanup for Next Mark 0.533ms
[2024-12-07T22:49:43.284+0800][4.742s][info ][gc                ] GC(45) Concurrent Cycle 29.062ms
[2024-12-07T22:49:43.357+0800][4.815s][debug][gc,ergo,ihop      ] Request concurrent cycle initiation (occupancy higher than threshold) occupancy: 240123904B allocation request: 1048592B threshold: 239704473B (45.00) source: concurrent humongous allocation
[2024-12-07T22:49:43.358+0800][4.816s][debug][gc,ergo           ] Request concurrent cycle initiation (requested by GC cause). GC cause: G1 Humongous Allocation
[2024-12-07T22:49:43.358+0800][4.817s][debug][gc,heap           ] GC(46) Heap before GC invocations=46 (full 0): garbage-first heap   total 520192K, used 232698K [0x00000000e0000000, 0x0000000100000000)
[2024-12-07T22:49:43.359+0800][4.817s][debug][gc,heap           ] GC(46)   region size 1024K, 2 young (2048K), 1 survivors (1024K)
[2024-12-07T22:49:43.359+0800][4.817s][debug][gc,heap           ] GC(46)  Metaspace       used 677K, capacity 4575K, committed 4864K, reserved 1056768K
[2024-12-07T22:49:43.359+0800][4.818s][debug][gc,heap           ] GC(46)   class space    used 52K, capacity 418K, committed 512K, reserved 1048576K
[2024-12-07T22:49:43.360+0800][4.818s][debug][gc,ergo           ] GC(46) Initiate concurrent cycle (concurrent cycle initiation requested)
[2024-12-07T22:49:43.360+0800][4.818s][info ][gc,start          ] GC(46) Pause Young (Concurrent Start) (G1 Humongous Allocation)
[2024-12-07T22:49:43.360+0800][4.819s][info ][gc,task           ] GC(46) Using 12 workers of 18 for evacuation
[2024-12-07T22:49:43.361+0800][4.819s][debug][gc,tlab           ] GC(46) TLAB totals: thrds: 1  refills: 1 max: 1 slow allocs: 13 max 13 waste: 99.5% gc: 521496B max: 521496B slow: 0B max: 0B fast: 0B max: 0B
[2024-12-07T22:49:43.361+0800][4.819s][debug][gc,alloc,region   ] GC(46) Mutator Allocation stats, regions: 1, wasted size: 0B ( 0.0%)
[2024-12-07T22:49:43.361+0800][4.820s][debug][gc,age            ] GC(46) Desired survivor size 5767168 bytes, new threshold 15 (max threshold 15)
[2024-12-07T22:49:43.362+0800][4.820s][debug][gc,ergo,cset      ] GC(46) Finish choosing CSet. old: 0 regions, predicted old region time: 0.00ms, time remaining: 188.21
[2024-12-07T22:49:43.362+0800][4.821s][debug][gc,task,stats     ] GC(46) GC Termination Stats
[2024-12-07T22:49:43.363+0800][4.821s][debug][gc,task,stats     ] GC(46)      elapsed  --strong roots-- -------termination------- ------waste (KiB)------
[2024-12-07T22:49:43.363+0800][4.821s][debug][gc,task,stats     ] GC(46) thr     ms        ms      %        ms      %    attempts  total   alloc    undo
[2024-12-07T22:49:43.363+0800][4.821s][debug][gc,task,stats     ] GC(46) --- --------- --------- ------ --------- ------ -------- ------- ------- -------
[2024-12-07T22:49:43.364+0800][4.823s][debug][gc,task,stats     ] GC(46)  10      0.77      0.77  99.56      0.00   0.03        1       0       0       0
[2024-12-07T22:49:43.365+0800][4.823s][debug][gc,task,stats     ] GC(46)  11      1.00      0.08   8.40      0.91  90.99        1       0       0       0
[2024-12-07T22:49:43.365+0800][4.823s][debug][gc,task,stats     ] GC(46)   4      1.43      0.39  27.07      0.62  43.10        1       0       0       0
[2024-12-07T22:49:43.365+0800][4.824s][debug][gc,task,stats     ] GC(46)   9      1.63      0.63  38.48      0.27  16.81        1       0       0       0
[2024-12-07T22:49:43.366+0800][4.824s][debug][gc,task,stats     ] GC(46)   2      1.99      0.39  19.72      0.60  30.31        1       0       0       0
[2024-12-07T22:49:43.366+0800][4.824s][debug][gc,task,stats     ] GC(46)   6      2.14      0.48  22.39      0.42  19.53        1       0       0       0
[2024-12-07T22:49:43.366+0800][4.824s][debug][gc,task,stats     ] GC(46)   8      2.39      0.72  30.24      0.07   2.89        1       0       0       0
[2024-12-07T22:49:43.366+0800][4.825s][debug][gc,task,stats     ] GC(46)   3      2.71      0.26   9.63      0.62  22.89        1       0       0       0
[2024-12-07T22:49:43.366+0800][4.825s][debug][gc,task,stats     ] GC(46)   0      2.98      0.25   8.24      0.95  31.98        1       0       0       0
[2024-12-07T22:49:43.367+0800][4.825s][debug][gc,task,stats     ] GC(46)   7      3.14      0.55  17.41      0.52  16.49        1       0       0       0
[2024-12-07T22:49:43.367+0800][4.825s][debug][gc,task,stats     ] GC(46)   5      3.49      0.41  11.71      0.68  19.40        1       0       0       0
[2024-12-07T22:49:43.367+0800][4.826s][debug][gc,task,stats     ] GC(46)   1      3.83      0.24   6.28      0.90  23.66        1       0       0       0
[2024-12-07T22:49:43.368+0800][4.826s][debug][gc,ergo           ] GC(46) Running G1 Clear Card Table Task using 1 workers for 1 units of work for 3 regions.
[2024-12-07T22:49:43.368+0800][4.826s][debug][gc,ref            ] GC(46) Skipped phase1 of Reference Processing due to unavailable references
[2024-12-07T22:49:43.368+0800][4.826s][debug][gc,ref            ] GC(46) Skipped phase2 of Reference Processing due to unavailable references
[2024-12-07T22:49:43.368+0800][4.827s][debug][gc,ref            ] GC(46) Skipped phase3 of Reference Processing due to unavailable references
[2024-12-07T22:49:43.369+0800][4.827s][debug][gc,ref            ] GC(46) Skipped phase4 of Reference Processing due to unavailable references
[2024-12-07T22:49:43.369+0800][4.827s][debug][gc,ergo           ] GC(46) Running G1 Free Collection Set using 1 workers for collection set length 2
[2024-12-07T22:49:43.369+0800][4.827s][debug][gc,humongous      ] GC(46) Live humongous region 0 object size 1048592 start 0x00000000e0000000  with remset 0 code roots 0 is marked 0 reclaim candidate 0 type array 1
[2024-12-07T22:49:43.369+0800][4.827s][debug][gc,humongous      ] GC(46) Live humongous region 2 object size 1048592 start 0x00000000e0200000  with remset 0 code roots 0 is marked 0 reclaim candidate 0 type array 1
[2024-12-07T22:49:43.369+0800][4.828s][debug][gc,humongous      ] GC(46) Live humongous region 4 object size 1048592 start 0x00000000e0400000  with remset 0 code roots 0 is marked 0 reclaim candidate 0 type array 1
[2024-12-07T22:49:43.369+0800][4.828s][debug][gc,humongous      ] GC(46) Live humongous region 6 object size 1048592 start 0x00000000e0600000  with remset 0 code roots 0 is marked 0 reclaim candidate 0 type array 1
[2024-12-07T22:49:43.370+0800][4.828s][debug][gc,humongous      ] GC(46) Live humongous region 8 object size 1048592 start 0x00000000e0800000  with remset 0 code roots 0 is marked 0 reclaim candidate 0 type array 1
[2024-12-07T22:49:43.370+0800][4.828s][debug][gc,humongous      ] GC(46) Live humongous region 10 object size 1048592 start 0x00000000e0a00000  with remset 0 code roots 0 is marked 0 reclaim candidate 0 type array 1
[2024-12-07T22:49:43.370+0800][4.828s][debug][gc,humongous      ] GC(46) Live humongous region 12 object size 1048592 start 0x00000000e0c00000  with remset 0 code roots 0 is marked 0 reclaim candidate 0 type array 1
[2024-12-07T22:49:43.370+0800][4.828s][debug][gc,humongous      ] GC(46) Live humongous region 14 object size 1048592 start 0x00000000e0e00000  with remset 0 code roots 0 is marked 0 reclaim candidate 0 type array 1
[2024-12-07T22:49:43.370+0800][4.828s][debug][gc,humongous      ] GC(46) Live humongous region 16 object size 1048592 start 0x00000000e1000000  with remset 0 code roots 0 is marked 0 reclaim candidate 0 type array 1
[2024-12-07T22:49:43.370+0800][4.828s][debug][gc,humongous      ] GC(46) Live humongous region 18 object size 1048592 start 0x00000000e1200000  with remset 0 code roots 0 is marked 0 reclaim candidate 0 type array 1
[2024-12-07T22:49:43.370+0800][4.829s][debug][gc,humongous      ] GC(46) Live humongous region 20 object size 1048592 start 0x00000000e1400000  with remset 0 code roots 0 is marked 0 reclaim candidate 0 type array 1
[2024-12-07T22:49:43.370+0800][4.829s][debug][gc,humongous      ] GC(46) Live humongous region 22 object size 1048592 start 0x00000000e1600000  with remset 0 code roots 0 is marked 0 reclaim candidate 0 type array 1
[2024-12-07T22:49:43.370+0800][4.829s][debug][gc,humongous      ] GC(46) Live humongous region 24 object size 1048592 start 0x00000000e1800000  with remset 0 code roots 0 is marked 0 reclaim candidate 0 type array 1
[2024-12-07T22:49:43.371+0800][4.829s][debug][gc,humongous      ] GC(46) Live humongous region 26 object size 1048592 start 0x00000000e1a00000  with remset 0 code roots 0 is marked 0 reclaim candidate 0 type array 1
[2024-12-07T22:49:43.371+0800][4.829s][debug][gc,humongous      ] GC(46) Live humongous region 28 object size 1048592 start 0x00000000e1c00000  with remset 0 code roots 0 is marked 0 reclaim candidate 0 type array 1
[2024-12-07T22:49:43.371+0800][4.829s][debug][gc,humongous      ] GC(46) Live humongous region 30 object size 1048592 start 0x00000000e1e00000  with remset 0 code roots 0 is marked 0 reclaim candidate 0 type array 1
[2024-12-07T22:49:43.371+0800][4.829s][debug][gc,humongous      ] GC(46) Live humongous region 32 object size 1048592 start 0x00000000e2000000  with remset 0 code roots 0 is marked 0 reclaim candidate 0 type array 1
[2024-12-07T22:49:43.371+0800][4.829s][debug][gc,humongous      ] GC(46) Live humongous region 34 object size 1048592 start 0x00000000e2200000  with remset 0 code roots 0 is marked 0 reclaim candidate 0 type array 1
[2024-12-07T22:49:43.371+0800][4.829s][debug][gc,humongous      ] GC(46) Live humongous region 36 object size 1048592 start 0x00000000e2400000  with remset 0 code roots 0 is marked 0 reclaim candidate 0 type array 1
[2024-12-07T22:49:43.371+0800][4.830s][debug][gc,humongous      ] GC(46) Live humongous region 38 object size 1048592 start 0x00000000e2600000  with remset 0 code roots 0 is marked 0 reclaim candidate 0 type array 1
[2024-12-07T22:49:43.371+0800][4.830s][debug][gc,humongous      ] GC(46) Live humongous region 40 object size 1048592 start 0x00000000e2800000  with remset 0 code roots 0 is marked 0 reclaim candidate 0 type array 1
[2024-12-07T22:49:43.371+0800][4.830s][debug][gc,humongous      ] GC(46) Live humongous region 42 object size 1048592 start 0x00000000e2a00000  with remset 0 code roots 0 is marked 0 reclaim candidate 0 type array 1
[2024-12-07T22:49:43.371+0800][4.830s][debug][gc,humongous      ] GC(46) Live humongous region 44 object size 1048592 start 0x00000000e2c00000  with remset 0 code roots 0 is marked 0 reclaim candidate 0 type array 1
[2024-12-07T22:49:43.372+0800][4.830s][debug][gc,humongous      ] GC(46) Live humongous region 46 object size 1048592 start 0x00000000e2e00000  with remset 0 code roots 0 is marked 0 reclaim candidate 0 type array 1
[2024-12-07T22:49:43.372+0800][4.830s][debug][gc,humongous      ] GC(46) Live humongous region 48 object size 1048592 start 0x00000000e3000000  with remset 0 code roots 0 is marked 0 reclaim candidate 0 type array 1
[2024-12-07T22:49:43.372+0800][4.830s][debug][gc,humongous      ] GC(46) Live humongous region 50 object size 1048592 start 0x00000000e3200000  with remset 0 code roots 0 is marked 0 reclaim candidate 0 type array 1
[2024-12-07T22:49:43.372+0800][4.830s][debug][gc,humongous      ] GC(46) Live humongous region 52 object size 1048592 start 0x00000000e3400000  with remset 0 code roots 0 is marked 0 reclaim candidate 0 type array 1
[2024-12-07T22:49:43.372+0800][4.830s][debug][gc,humongous      ] GC(46) Live humongous region 54 object size 1048592 start 0x00000000e3600000  with remset 0 code roots 0 is marked 0 reclaim candidate 0 type array 1
[2024-12-07T22:49:43.372+0800][4.830s][debug][gc,humongous      ] GC(46) Live humongous region 56 object size 1048592 start 0x00000000e3800000  with remset 0 code roots 0 is marked 0 reclaim candidate 0 type array 1
[2024-12-07T22:49:43.372+0800][4.831s][debug][gc,humongous      ] GC(46) Live humongous region 58 object size 1048592 start 0x00000000e3a00000  with remset 0 code roots 0 is marked 0 reclaim candidate 0 type array 1
[2024-12-07T22:49:43.372+0800][4.831s][debug][gc,humongous      ] GC(46) Live humongous region 60 object size 1048592 start 0x00000000e3c00000  with remset 0 code roots 0 is marked 0 reclaim candidate 0 type array 1
[2024-12-07T22:49:43.372+0800][4.831s][debug][gc,humongous      ] GC(46) Live humongous region 62 object size 1048592 start 0x00000000e3e00000  with remset 0 code roots 0 is marked 0 reclaim candidate 0 type array 1
[2024-12-07T22:49:43.372+0800][4.831s][debug][gc,humongous      ] GC(46) Live humongous region 64 object size 1048592 start 0x00000000e4000000  with remset 0 code roots 0 is marked 0 reclaim candidate 0 type array 1
[2024-12-07T22:49:43.373+0800][4.831s][debug][gc,humongous      ] GC(46) Live humongous region 66 object size 1048592 start 0x00000000e4200000  with remset 0 code roots 0 is marked 0 reclaim candidate 0 type array 1
[2024-12-07T22:49:43.373+0800][4.831s][debug][gc,humongous      ] GC(46) Live humongous region 68 object size 1048592 start 0x00000000e4400000  with remset 0 code roots 0 is marked 0 reclaim candidate 0 type array 1
[2024-12-07T22:49:43.373+0800][4.831s][debug][gc,humongous      ] GC(46) Live humongous region 70 object size 1048592 start 0x00000000e4600000  with remset 0 code roots 0 is marked 0 reclaim candidate 0 type array 1
[2024-12-07T22:49:43.373+0800][4.831s][debug][gc,humongous      ] GC(46) Live humongous region 72 object size 1048592 start 0x00000000e4800000  with remset 0 code roots 0 is marked 0 reclaim candidate 0 type array 1
[2024-12-07T22:49:43.373+0800][4.831s][debug][gc,humongous      ] GC(46) Live humongous region 74 object size 1048592 start 0x00000000e4a00000  with remset 0 code roots 0 is marked 0 reclaim candidate 0 type array 1
[2024-12-07T22:49:43.373+0800][4.831s][debug][gc,humongous      ] GC(46) Live humongous region 76 object size 1048592 start 0x00000000e4c00000  with remset 0 code roots 0 is marked 0 reclaim candidate 0 type array 1
[2024-12-07T22:49:43.373+0800][4.832s][debug][gc,humongous      ] GC(46) Live humongous region 78 object size 1048592 start 0x00000000e4e00000  with remset 0 code roots 0 is marked 0 reclaim candidate 0 type array 1
[2024-12-07T22:49:43.373+0800][4.832s][debug][gc,humongous      ] GC(46) Live humongous region 80 object size 1048592 start 0x00000000e5000000  with remset 0 code roots 0 is marked 0 reclaim candidate 0 type array 1
[2024-12-07T22:49:43.373+0800][4.832s][debug][gc,humongous      ] GC(46) Live humongous region 82 object size 1048592 start 0x00000000e5200000  with remset 0 code roots 0 is marked 0 reclaim candidate 0 type array 1
[2024-12-07T22:49:43.373+0800][4.832s][debug][gc,humongous      ] GC(46) Live humongous region 84 object size 1048592 start 0x00000000e5400000  with remset 0 code roots 0 is marked 0 reclaim candidate 0 type array 1
[2024-12-07T22:49:43.374+0800][4.832s][debug][gc,humongous      ] GC(46) Live humongous region 86 object size 1048592 start 0x00000000e5600000  with remset 0 code roots 0 is marked 0 reclaim candidate 0 type array 1
[2024-12-07T22:49:43.374+0800][4.832s][debug][gc,humongous      ] GC(46) Live humongous region 88 object size 1048592 start 0x00000000e5800000  with remset 0 code roots 0 is marked 0 reclaim candidate 0 type array 1
[2024-12-07T22:49:43.374+0800][4.832s][debug][gc,humongous      ] GC(46) Live humongous region 90 object size 1048592 start 0x00000000e5a00000  with remset 0 code roots 0 is marked 0 reclaim candidate 0 type array 1
[2024-12-07T22:49:43.374+0800][4.832s][debug][gc,humongous      ] GC(46) Live humongous region 92 object size 1048592 start 0x00000000e5c00000  with remset 0 code roots 0 is marked 0 reclaim candidate 0 type array 1
[2024-12-07T22:49:43.374+0800][4.832s][debug][gc,humongous      ] GC(46) Live humongous region 94 object size 1048592 start 0x00000000e5e00000  with remset 0 code roots 0 is marked 0 reclaim candidate 0 type array 1
[2024-12-07T22:49:43.374+0800][4.832s][debug][gc,humongous      ] GC(46) Live humongous region 96 object size 1048592 start 0x00000000e6000000  with remset 0 code roots 0 is marked 0 reclaim candidate 0 type array 1
[2024-12-07T22:49:43.374+0800][4.832s][debug][gc,humongous      ] GC(46) Live humongous region 98 object size 1048592 start 0x00000000e6200000  with remset 0 code roots 0 is marked 0 reclaim candidate 0 type array 1
[2024-12-07T22:49:43.374+0800][4.833s][debug][gc,humongous      ] GC(46) Live humongous region 100 object size 1048592 start 0x00000000e6400000  with remset 0 code roots 0 is marked 0 reclaim candidate 0 type array 1
[2024-12-07T22:49:43.374+0800][4.833s][debug][gc,humongous      ] GC(46) Live humongous region 102 object size 1048592 start 0x00000000e6600000  with remset 0 code roots 0 is marked 0 reclaim candidate 0 type array 1
[2024-12-07T22:49:43.374+0800][4.833s][debug][gc,humongous      ] GC(46) Live humongous region 104 object size 1048592 start 0x00000000e6800000  with remset 0 code roots 0 is marked 0 reclaim candidate 0 type array 1
[2024-12-07T22:49:43.375+0800][4.833s][debug][gc,humongous      ] GC(46) Live humongous region 106 object size 1048592 start 0x00000000e6a00000  with remset 0 code roots 0 is marked 0 reclaim candidate 0 type array 1
[2024-12-07T22:49:43.375+0800][4.833s][debug][gc,humongous      ] GC(46) Live humongous region 108 object size 1048592 start 0x00000000e6c00000  with remset 0 code roots 0 is marked 0 reclaim candidate 0 type array 1
[2024-12-07T22:49:43.375+0800][4.833s][debug][gc,humongous      ] GC(46) Live humongous region 110 object size 1048592 start 0x00000000e6e00000  with remset 0 code roots 0 is marked 0 reclaim candidate 0 type array 1
[2024-12-07T22:49:43.375+0800][4.833s][debug][gc,humongous      ] GC(46) Live humongous region 112 object size 1048592 start 0x00000000e7000000  with remset 0 code roots 0 is marked 0 reclaim candidate 0 type array 1
[2024-12-07T22:49:43.375+0800][4.833s][debug][gc,humongous      ] GC(46) Live humongous region 114 object size 1048592 start 0x00000000e7200000  with remset 0 code roots 0 is marked 0 reclaim candidate 0 type array 1
[2024-12-07T22:49:43.375+0800][4.833s][debug][gc,humongous      ] GC(46) Dead humongous region 116 object size 1048592 start 0x00000000e7400000 with remset 0 code roots 0 is marked 0 reclaim candidate 1 type array 1
[2024-12-07T22:49:43.375+0800][4.833s][debug][gc,humongous      ] GC(46) Dead humongous region 118 object size 1048592 start 0x00000000e7600000 with remset 0 code roots 0 is marked 0 reclaim candidate 1 type array 1
[2024-12-07T22:49:43.375+0800][4.834s][debug][gc,humongous      ] GC(46) Dead humongous region 120 object size 1048592 start 0x00000000e7800000 with remset 0 code roots 0 is marked 0 reclaim candidate 1 type array 1
[2024-12-07T22:49:43.375+0800][4.834s][debug][gc,humongous      ] GC(46) Dead humongous region 122 object size 1048592 start 0x00000000e7a00000 with remset 0 code roots 0 is marked 0 reclaim candidate 1 type array 1
[2024-12-07T22:49:43.375+0800][4.834s][debug][gc,humongous      ] GC(46) Dead humongous region 124 object size 1048592 start 0x00000000e7c00000 with remset 0 code roots 0 is marked 0 reclaim candidate 1 type array 1
[2024-12-07T22:49:43.376+0800][4.834s][debug][gc,humongous      ] GC(46) Dead humongous region 126 object size 1048592 start 0x00000000e7e00000 with remset 0 code roots 0 is marked 0 reclaim candidate 1 type array 1
[2024-12-07T22:49:43.376+0800][4.834s][debug][gc,humongous      ] GC(46) Dead humongous region 128 object size 1048592 start 0x00000000e8000000 with remset 0 code roots 0 is marked 0 reclaim candidate 1 type array 1
[2024-12-07T22:49:43.376+0800][4.834s][debug][gc,humongous      ] GC(46) Dead humongous region 130 object size 1048592 start 0x00000000e8200000 with remset 0 code roots 0 is marked 0 reclaim candidate 1 type array 1
[2024-12-07T22:49:43.376+0800][4.834s][debug][gc,humongous      ] GC(46) Dead humongous region 132 object size 1048592 start 0x00000000e8400000 with remset 0 code roots 0 is marked 0 reclaim candidate 1 type array 1
[2024-12-07T22:49:43.376+0800][4.834s][debug][gc,humongous      ] GC(46) Dead humongous region 134 object size 1048592 start 0x00000000e8600000 with remset 0 code roots 0 is marked 0 reclaim candidate 1 type array 1
[2024-12-07T22:49:43.376+0800][4.834s][debug][gc,humongous      ] GC(46) Dead humongous region 136 object size 1048592 start 0x00000000e8800000 with remset 0 code roots 0 is marked 0 reclaim candidate 1 type array 1
[2024-12-07T22:49:43.376+0800][4.834s][debug][gc,humongous      ] GC(46) Dead humongous region 138 object size 1048592 start 0x00000000e8a00000 with remset 0 code roots 0 is marked 0 reclaim candidate 1 type array 1
[2024-12-07T22:49:43.376+0800][4.834s][debug][gc,humongous      ] GC(46) Dead humongous region 140 object size 1048592 start 0x00000000e8c00000 with remset 0 code roots 0 is marked 0 reclaim candidate 1 type array 1
[2024-12-07T22:49:43.376+0800][4.835s][debug][gc,humongous      ] GC(46) Live humongous region 142 object size 1048592 start 0x00000000e8e00000  with remset 0 code roots 0 is marked 0 reclaim candidate 0 type array 1
[2024-12-07T22:49:43.376+0800][4.835s][debug][gc,humongous      ] GC(46) Live humongous region 144 object size 1048592 start 0x00000000e9000000  with remset 0 code roots 0 is marked 0 reclaim candidate 0 type array 1
[2024-12-07T22:49:43.376+0800][4.835s][debug][gc,humongous      ] GC(46) Live humongous region 146 object size 1048592 start 0x00000000e9200000  with remset 0 code roots 0 is marked 0 reclaim candidate 0 type array 1
[2024-12-07T22:49:43.377+0800][4.835s][debug][gc,humongous      ] GC(46) Live humongous region 148 object size 1048592 start 0x00000000e9400000  with remset 0 code roots 0 is marked 0 reclaim candidate 0 type array 1
[2024-12-07T22:49:43.377+0800][4.835s][debug][gc,humongous      ] GC(46) Live humongous region 150 object size 1048592 start 0x00000000e9600000  with remset 0 code roots 0 is marked 0 reclaim candidate 0 type array 1
[2024-12-07T22:49:43.377+0800][4.835s][debug][gc,humongous      ] GC(46) Live humongous region 152 object size 1048592 start 0x00000000e9800000  with remset 0 code roots 0 is marked 0 reclaim candidate 0 type array 1
[2024-12-07T22:49:43.377+0800][4.835s][debug][gc,humongous      ] GC(46) Live humongous region 154 object size 1048592 start 0x00000000e9a00000  with remset 0 code roots 0 is marked 0 reclaim candidate 0 type array 1
[2024-12-07T22:49:43.377+0800][4.835s][debug][gc,humongous      ] GC(46) Live humongous region 156 object size 1048592 start 0x00000000e9c00000  with remset 0 code roots 0 is marked 0 reclaim candidate 0 type array 1
[2024-12-07T22:49:43.377+0800][4.835s][debug][gc,humongous      ] GC(46) Live humongous region 158 object size 1048592 start 0x00000000e9e00000  with remset 0 code roots 0 is marked 0 reclaim candidate 0 type array 1
[2024-12-07T22:49:43.377+0800][4.835s][debug][gc,humongous      ] GC(46) Live humongous region 160 object size 1048592 start 0x00000000ea000000  with remset 0 code roots 0 is marked 0 reclaim candidate 0 type array 1
[2024-12-07T22:49:43.377+0800][4.835s][debug][gc,humongous      ] GC(46) Live humongous region 162 object size 1048592 start 0x00000000ea200000  with remset 0 code roots 0 is marked 0 reclaim candidate 0 type array 1
[2024-12-07T22:49:43.377+0800][4.836s][debug][gc,humongous      ] GC(46) Live humongous region 164 object size 1048592 start 0x00000000ea400000  with remset 0 code roots 0 is marked 0 reclaim candidate 0 type array 1
[2024-12-07T22:49:43.377+0800][4.836s][debug][gc,humongous      ] GC(46) Live humongous region 166 object size 1048592 start 0x00000000ea600000  with remset 0 code roots 0 is marked 0 reclaim candidate 0 type array 1
[2024-12-07T22:49:43.377+0800][4.836s][debug][gc,humongous      ] GC(46) Live humongous region 168 object size 1048592 start 0x00000000ea800000  with remset 0 code roots 0 is marked 0 reclaim candidate 0 type array 1
[2024-12-07T22:49:43.377+0800][4.836s][debug][gc,humongous      ] GC(46) Live humongous region 170 object size 1048592 start 0x00000000eaa00000  with remset 0 code roots 0 is marked 0 reclaim candidate 0 type array 1
[2024-12-07T22:49:43.378+0800][4.836s][debug][gc,humongous      ] GC(46) Live humongous region 172 object size 1048592 start 0x00000000eac00000  with remset 0 code roots 0 is marked 0 reclaim candidate 0 type array 1
[2024-12-07T22:49:43.378+0800][4.836s][debug][gc,humongous      ] GC(46) Live humongous region 174 object size 1048592 start 0x00000000eae00000  with remset 0 code roots 0 is marked 0 reclaim candidate 0 type array 1
[2024-12-07T22:49:43.378+0800][4.836s][debug][gc,humongous      ] GC(46) Live humongous region 176 object size 1048592 start 0x00000000eb000000  with remset 0 code roots 0 is marked 0 reclaim candidate 0 type array 1
[2024-12-07T22:49:43.378+0800][4.836s][debug][gc,humongous      ] GC(46) Live humongous region 178 object size 1048592 start 0x00000000eb200000  with remset 0 code roots 0 is marked 0 reclaim candidate 0 type array 1
[2024-12-07T22:49:43.378+0800][4.836s][debug][gc,humongous      ] GC(46) Live humongous region 180 object size 1048592 start 0x00000000eb400000  with remset 0 code roots 0 is marked 0 reclaim candidate 0 type array 1
[2024-12-07T22:49:43.378+0800][4.836s][debug][gc,humongous      ] GC(46) Live humongous region 182 object size 1048592 start 0x00000000eb600000  with remset 0 code roots 0 is marked 0 reclaim candidate 0 type array 1
[2024-12-07T22:49:43.378+0800][4.836s][debug][gc,humongous      ] GC(46) Live humongous region 184 object size 1048592 start 0x00000000eb800000  with remset 0 code roots 0 is marked 0 reclaim candidate 0 type array 1
[2024-12-07T22:49:43.378+0800][4.837s][debug][gc,humongous      ] GC(46) Live humongous region 186 object size 1048592 start 0x00000000eba00000  with remset 0 code roots 0 is marked 0 reclaim candidate 0 type array 1
[2024-12-07T22:49:43.378+0800][4.837s][debug][gc,humongous      ] GC(46) Live humongous region 188 object size 1048592 start 0x00000000ebc00000  with remset 0 code roots 0 is marked 0 reclaim candidate 0 type array 1
[2024-12-07T22:49:43.378+0800][4.837s][debug][gc,humongous      ] GC(46) Live humongous region 190 object size 1048592 start 0x00000000ebe00000  with remset 0 code roots 0 is marked 0 reclaim candidate 0 type array 1
[2024-12-07T22:49:43.378+0800][4.837s][debug][gc,humongous      ] GC(46) Live humongous region 192 object size 1048592 start 0x00000000ec000000  with remset 0 code roots 0 is marked 0 reclaim candidate 0 type array 1
[2024-12-07T22:49:43.379+0800][4.837s][debug][gc,humongous      ] GC(46) Live humongous region 194 object size 1048592 start 0x00000000ec200000  with remset 0 code roots 0 is marked 0 reclaim candidate 0 type array 1
[2024-12-07T22:49:43.379+0800][4.837s][debug][gc,humongous      ] GC(46) Live humongous region 196 object size 1048592 start 0x00000000ec400000  with remset 0 code roots 0 is marked 0 reclaim candidate 0 type array 1
[2024-12-07T22:49:43.379+0800][4.837s][debug][gc,humongous      ] GC(46) Live humongous region 198 object size 1048592 start 0x00000000ec600000  with remset 0 code roots 0 is marked 0 reclaim candidate 0 type array 1
[2024-12-07T22:49:43.379+0800][4.837s][debug][gc,humongous      ] GC(46) Live humongous region 200 object size 1048592 start 0x00000000ec800000  with remset 0 code roots 0 is marked 0 reclaim candidate 0 type array 1
[2024-12-07T22:49:43.379+0800][4.837s][debug][gc,humongous      ] GC(46) Live humongous region 202 object size 1048592 start 0x00000000eca00000  with remset 0 code roots 0 is marked 0 reclaim candidate 0 type array 1
[2024-12-07T22:49:43.379+0800][4.837s][debug][gc,humongous      ] GC(46) Live humongous region 204 object size 1048592 start 0x00000000ecc00000  with remset 0 code roots 0 is marked 0 reclaim candidate 0 type array 1
[2024-12-07T22:49:43.379+0800][4.837s][debug][gc,humongous      ] GC(46) Live humongous region 206 object size 1048592 start 0x00000000ece00000  with remset 0 code roots 0 is marked 0 reclaim candidate 0 type array 1
[2024-12-07T22:49:43.379+0800][4.837s][debug][gc,humongous      ] GC(46) Live humongous region 208 object size 1048592 start 0x00000000ed000000  with remset 0 code roots 0 is marked 0 reclaim candidate 0 type array 1
[2024-12-07T22:49:43.379+0800][4.838s][debug][gc,humongous      ] GC(46) Live humongous region 210 object size 1048592 start 0x00000000ed200000  with remset 0 code roots 0 is marked 0 reclaim candidate 0 type array 1
[2024-12-07T22:49:43.379+0800][4.838s][debug][gc,humongous      ] GC(46) Live humongous region 212 object size 1048592 start 0x00000000ed400000  with remset 0 code roots 0 is marked 0 reclaim candidate 0 type array 1
[2024-12-07T22:49:43.379+0800][4.838s][debug][gc,humongous      ] GC(46) Live humongous region 214 object size 1048592 start 0x00000000ed600000  with remset 0 code roots 0 is marked 0 reclaim candidate 0 type array 1
[2024-12-07T22:49:43.380+0800][4.838s][debug][gc,humongous      ] GC(46) Live humongous region 216 object size 1048592 start 0x00000000ed800000  with remset 0 code roots 0 is marked 0 reclaim candidate 0 type array 1
[2024-12-07T22:49:43.380+0800][4.838s][debug][gc,humongous      ] GC(46) Live humongous region 218 object size 1048592 start 0x00000000eda00000  with remset 0 code roots 0 is marked 0 reclaim candidate 0 type array 1
[2024-12-07T22:49:43.380+0800][4.838s][debug][gc,humongous      ] GC(46) Live humongous region 220 object size 1048592 start 0x00000000edc00000  with remset 0 code roots 0 is marked 0 reclaim candidate 0 type array 1
[2024-12-07T22:49:43.380+0800][4.838s][debug][gc,humongous      ] GC(46) Live humongous region 222 object size 1048592 start 0x00000000ede00000  with remset 0 code roots 0 is marked 0 reclaim candidate 0 type array 1
[2024-12-07T22:49:43.380+0800][4.838s][debug][gc,humongous      ] GC(46) Live humongous region 224 object size 1048592 start 0x00000000ee000000  with remset 0 code roots 0 is marked 0 reclaim candidate 0 type array 1
[2024-12-07T22:49:43.380+0800][4.838s][debug][gc,plab           ] GC(46) Young PLAB allocation: allocated: 6192B, wasted: 24B, unused: 2168B, used: 4000B, undo waste: 0B, 
[2024-12-07T22:49:43.380+0800][4.838s][debug][gc,plab           ] GC(46) Young other allocation: region end waste: 0B, regions filled: 1, direct allocated: 0B, failure used: 0B, failure wasted: 0B
[2024-12-07T22:49:43.380+0800][4.839s][debug][gc,plab           ] GC(46) Young sizing: calculated: 800B, actual: 2064B
[2024-12-07T22:49:43.380+0800][4.839s][debug][gc,plab           ] GC(46) Old PLAB allocation: allocated: 0B, wasted: 0B, unused: 0B, used: 0B, undo waste: 0B, 
[2024-12-07T22:49:43.380+0800][4.839s][debug][gc,plab           ] GC(46) Old other allocation: region end waste: 0B, regions filled: 1, direct allocated: 0B, failure used: 0B, failure wasted: 0B
[2024-12-07T22:49:43.381+0800][4.839s][debug][gc,plab           ] GC(46) Old sizing: calculated: 0B, actual: 2064B
[2024-12-07T22:49:43.381+0800][4.839s][debug][gc,alloc,stats    ] Old generation allocation in the last mutator period, old gen allocated: 0B, humongous allocated: 27262976B,old gen growth: 0B.
[2024-12-07T22:49:43.381+0800][4.839s][debug][gc,ihop           ] GC(46) Basic information (value update), threshold: 239704473B (45.00), target occupancy: 532676608B, current occupancy: 211019824B, recent allocation size: 27262976B, recent allocation duration: 92.04ms, recent old gen allocation rate: 296207671.45B/s, recent marking phase length: 0.00ms
[2024-12-07T22:49:43.381+0800][4.839s][debug][gc,ihop           ] GC(46) Adaptive IHOP information (value update), threshold: 239704473B (52.53), internal target occupancy: 456340275B, occupancy: 211019824B, additional buffer size: 114294784B, predicted old gen allocation rate: 87854369.00B/s, predicted marking phase length: 0.00ms, prediction active: false
[2024-12-07T22:49:43.381+0800][4.839s][debug][gc,ergo,refine    ] GC(46) Updated Refinement Zones: green: 18, yellow: 54, red: 90
[2024-12-07T22:49:43.381+0800][4.839s][info ][gc,phases         ] GC(46)   Pre Evacuate Collection Set: 0.4ms
[2024-12-07T22:49:43.381+0800][4.839s][debug][gc,phases         ] GC(46)     Prepare TLABs: 0.3ms
[2024-12-07T22:49:43.381+0800][4.840s][debug][gc,phases         ] GC(46)     Choose Collection Set: 0.3ms
[2024-12-07T22:49:43.381+0800][4.840s][debug][gc,phases         ] GC(46)     Humongous Register: 0.0ms
[2024-12-07T22:49:43.381+0800][4.840s][debug][gc,phases         ] GC(46)     Clear Claimed Marks: 0.0ms
[2024-12-07T22:49:43.382+0800][4.840s][info ][gc,phases         ] GC(46)   Evacuate Collection Set: 5.4ms
[2024-12-07T22:49:43.382+0800][4.840s][debug][gc,phases         ] GC(46)     Ext Root Scanning (ms):   Min:  0.0, Avg:  0.4, Max:  0.8, Diff:  0.7, Sum:  5.1, Workers: 12
[2024-12-07T22:49:43.382+0800][4.840s][debug][gc,phases         ] GC(46)     Update RS (ms):           Min:  0.0, Avg:  0.0, Max:  0.0, Diff:  0.0, Sum:  0.0, Workers: 12
[2024-12-07T22:49:43.382+0800][4.840s][debug][gc,phases         ] GC(46)       Processed Buffers:        Min: 0, Avg:  0.2, Max: 3, Diff: 3, Sum: 3, Workers: 12
[2024-12-07T22:49:43.382+0800][4.840s][debug][gc,phases         ] GC(46)       Scanned Cards:            Min: 0, Avg:  0.6, Max: 7, Diff: 7, Sum: 7, Workers: 12
[2024-12-07T22:49:43.382+0800][4.840s][debug][gc,phases         ] GC(46)       Skipped Cards:            Min: 0, Avg:  0.0, Max: 0, Diff: 0, Sum: 0, Workers: 12
[2024-12-07T22:49:43.382+0800][4.840s][debug][gc,phases         ] GC(46)     Scan RS (ms):             Min:  0.0, Avg:  0.0, Max:  0.0, Diff:  0.0, Sum:  0.0, Workers: 12
[2024-12-07T22:49:43.382+0800][4.841s][debug][gc,phases         ] GC(46)       Scanned Cards:            Min: 0, Avg:  0.2, Max: 1, Diff: 1, Sum: 2, Workers: 12
[2024-12-07T22:49:43.382+0800][4.841s][debug][gc,phases         ] GC(46)       Claimed Cards:            Min: 0, Avg:  0.2, Max: 2, Diff: 2, Sum: 3, Workers: 12
[2024-12-07T22:49:43.382+0800][4.841s][debug][gc,phases         ] GC(46)       Skipped Cards:            Min: 0, Avg:  0.1, Max: 1, Diff: 1, Sum: 1, Workers: 12
[2024-12-07T22:49:43.382+0800][4.841s][debug][gc,phases         ] GC(46)     Code Root Scanning (ms):  Min:  0.0, Avg:  0.0, Max:  0.0, Diff:  0.0, Sum:  0.0, Workers: 12
[2024-12-07T22:49:43.382+0800][4.841s][debug][gc,phases         ] GC(46)     AOT Root Scanning (ms):   skipped
[2024-12-07T22:49:43.383+0800][4.841s][debug][gc,phases         ] GC(46)     Object Copy (ms):         Min:  0.0, Avg:  0.0, Max:  0.0, Diff:  0.0, Sum:  0.1, Workers: 12
[2024-12-07T22:49:43.383+0800][4.841s][debug][gc,phases         ] GC(46)     Termination (ms):         Min:  0.0, Avg:  0.5, Max:  1.0, Diff:  1.0, Sum:  6.6, Workers: 12
[2024-12-07T22:49:43.383+0800][4.841s][debug][gc,phases         ] GC(46)       Termination Attempts:     Min: 1, Avg:  1.0, Max: 1, Diff: 0, Sum: 12, Workers: 12
[2024-12-07T22:49:43.383+0800][4.841s][debug][gc,phases         ] GC(46)     GC Worker Other (ms):     Min:  0.3, Avg:  1.6, Max:  2.9, Diff:  2.6, Sum: 18.7, Workers: 12
[2024-12-07T22:49:43.383+0800][4.841s][debug][gc,phases         ] GC(46)     GC Worker Total (ms):     Min:  1.0, Avg:  2.5, Max:  4.0, Diff:  3.0, Sum: 30.4, Workers: 12
[2024-12-07T22:49:43.383+0800][4.841s][info ][gc,phases         ] GC(46)   Post Evacuate Collection Set: 12.5ms
[2024-12-07T22:49:43.383+0800][4.841s][debug][gc,phases         ] GC(46)     Code Roots Fixup: 0.0ms
[2024-12-07T22:49:43.383+0800][4.841s][debug][gc,phases         ] GC(46)     Clear Card Table: 0.3ms
[2024-12-07T22:49:43.383+0800][4.841s][debug][gc,phases         ] GC(46)     Reference Processing: 0.9ms
[2024-12-07T22:49:43.383+0800][4.841s][debug][gc,phases,ref     ] GC(46)       Reconsider SoftReferences: 0.3ms
[2024-12-07T22:49:43.383+0800][4.841s][debug][gc,phases,ref     ] GC(46)         SoftRef (ms):             skipped
[2024-12-07T22:49:43.383+0800][4.842s][debug][gc,phases,ref     ] GC(46)       Notify Soft/WeakReferences: 0.2ms
[2024-12-07T22:49:43.383+0800][4.842s][debug][gc,phases,ref     ] GC(46)         SoftRef (ms):             skipped
[2024-12-07T22:49:43.383+0800][4.842s][debug][gc,phases,ref     ] GC(46)         WeakRef (ms):             skipped
[2024-12-07T22:49:43.383+0800][4.842s][debug][gc,phases,ref     ] GC(46)         FinalRef (ms):            skipped
[2024-12-07T22:49:43.383+0800][4.842s][debug][gc,phases,ref     ] GC(46)         Total (ms):               skipped
[2024-12-07T22:49:43.384+0800][4.842s][debug][gc,phases,ref     ] GC(46)       Notify and keep alive finalizable: 0.2ms
[2024-12-07T22:49:43.384+0800][4.842s][debug][gc,phases,ref     ] GC(46)         FinalRef (ms):            skipped
[2024-12-07T22:49:43.384+0800][4.842s][debug][gc,phases,ref     ] GC(46)       Notify PhantomReferences: 0.2ms
[2024-12-07T22:49:43.384+0800][4.842s][debug][gc,phases,ref     ] GC(46)         PhantomRef (ms):          skipped
[2024-12-07T22:49:43.384+0800][4.842s][debug][gc,phases,ref     ] GC(46)       SoftReference:
[2024-12-07T22:49:43.384+0800][4.842s][debug][gc,phases,ref     ] GC(46)         Discovered: 0
[2024-12-07T22:49:43.384+0800][4.842s][debug][gc,phases,ref     ] GC(46)         Cleared: 0
[2024-12-07T22:49:43.384+0800][4.842s][debug][gc,phases,ref     ] GC(46)       WeakReference:
[2024-12-07T22:49:43.384+0800][4.842s][debug][gc,phases,ref     ] GC(46)         Discovered: 0
[2024-12-07T22:49:43.384+0800][4.842s][debug][gc,phases,ref     ] GC(46)         Cleared: 0
[2024-12-07T22:49:43.384+0800][4.842s][debug][gc,phases,ref     ] GC(46)       FinalReference:
[2024-12-07T22:49:43.384+0800][4.843s][debug][gc,phases,ref     ] GC(46)         Discovered: 0
[2024-12-07T22:49:43.384+0800][4.843s][debug][gc,phases,ref     ] GC(46)         Cleared: 0
[2024-12-07T22:49:43.384+0800][4.843s][debug][gc,phases,ref     ] GC(46)       PhantomReference:
[2024-12-07T22:49:43.384+0800][4.843s][debug][gc,phases,ref     ] GC(46)         Discovered: 0
[2024-12-07T22:49:43.384+0800][4.843s][debug][gc,phases,ref     ] GC(46)         Cleared: 0
[2024-12-07T22:49:43.385+0800][4.843s][debug][gc,phases         ] GC(46)     Weak Processing: 0.0ms
[2024-12-07T22:49:43.385+0800][4.843s][debug][gc,phases         ] GC(46)     Merge Per-Thread State: 0.0ms
[2024-12-07T22:49:43.385+0800][4.843s][debug][gc,phases         ] GC(46)     Code Roots Purge: 0.0ms
[2024-12-07T22:49:43.385+0800][4.843s][debug][gc,phases         ] GC(46)     Redirty Cards: 0.1ms
[2024-12-07T22:49:43.385+0800][4.843s][debug][gc,phases         ] GC(46)     DerivedPointerTable Update: 0.0ms
[2024-12-07T22:49:43.385+0800][4.843s][debug][gc,phases         ] GC(46)     Free Collection Set: 0.2ms
[2024-12-07T22:49:43.385+0800][4.843s][debug][gc,phases         ] GC(46)     Humongous Reclaim: 11.0ms
[2024-12-07T22:49:43.385+0800][4.843s][debug][gc,phases         ] GC(46)     Start New Collection Set: 0.0ms
[2024-12-07T22:49:43.385+0800][4.843s][debug][gc,phases         ] GC(46)     Resize TLABs: 0.0ms
[2024-12-07T22:49:43.385+0800][4.843s][debug][gc,phases         ] GC(46)     Expand Heap After Collection: 0.0ms
[2024-12-07T22:49:43.385+0800][4.844s][info ][gc,phases         ] GC(46)   Other: 4.4ms
[2024-12-07T22:49:43.385+0800][4.844s][info ][gc,heap           ] GC(46) Eden regions: 1->0(108)
[2024-12-07T22:49:43.385+0800][4.844s][info ][gc,heap           ] GC(46) Survivor regions: 1->1(11)
[2024-12-07T22:49:43.385+0800][4.844s][info ][gc,heap           ] GC(46) Old regions: 3->3
[2024-12-07T22:49:43.385+0800][4.844s][info ][gc,heap           ] GC(46) Humongous regions: 226->200
[2024-12-07T22:49:43.385+0800][4.844s][info ][gc,metaspace      ] GC(46) Metaspace: 677K(4864K)->677K(4864K) NonClass: 624K(4352K)->624K(4352K) Class: 52K(512K)->52K(512K)
[2024-12-07T22:49:43.386+0800][4.844s][debug][gc,heap           ] GC(46) Heap after GC invocations=47 (full 0): garbage-first heap   total 520192K, used 206074K [0x00000000e0000000, 0x0000000100000000)
[2024-12-07T22:49:43.386+0800][4.844s][debug][gc,heap           ] GC(46)   region size 1024K, 1 young (1024K), 1 survivors (1024K)
[2024-12-07T22:49:43.386+0800][4.844s][debug][gc,heap           ] GC(46)  Metaspace       used 677K, capacity 4575K, committed 4864K, reserved 1056768K
[2024-12-07T22:49:43.386+0800][4.844s][debug][gc,heap           ] GC(46)   class space    used 52K, capacity 418K, committed 512K, reserved 1048576K
[2024-12-07T22:49:43.386+0800][4.844s][info ][gc                ] GC(46) Pause Young (Concurrent Start) (G1 Humongous Allocation) 227M->201M(508M) 25.711ms
[2024-12-07T22:49:43.386+0800][4.844s][info ][gc,cpu            ] GC(46) User=0.01s Sys=0.00s Real=0.02s
[2024-12-07T22:49:43.386+0800][4.844s][info ][gc                ] GC(47) Concurrent Cycle
[2024-12-07T22:49:43.386+0800][4.844s][info ][gc,marking        ] GC(47) Concurrent Clear Claimed Marks
[2024-12-07T22:49:43.386+0800][4.844s][info ][gc,marking        ] GC(47) Concurrent Clear Claimed Marks 0.073ms
[2024-12-07T22:49:43.386+0800][4.845s][info ][gc,marking        ] GC(47) Concurrent Scan Root Regions
[2024-12-07T22:49:43.386+0800][4.845s][debug][gc,ergo           ] GC(47) Running G1 Root Region Scan using 1 workers for 1 work units.
[2024-12-07T22:49:43.386+0800][4.845s][info ][gc,marking        ] GC(47) Concurrent Scan Root Regions 0.174ms
[2024-12-07T22:49:43.387+0800][4.845s][info ][gc,marking        ] GC(47) Concurrent Mark (4.845s)
[2024-12-07T22:49:43.387+0800][4.845s][info ][gc,marking        ] GC(47) Concurrent Mark From Roots
[2024-12-07T22:49:43.387+0800][4.845s][info ][gc,task           ] GC(47) Using 5 workers of 5 for marking
[2024-12-07T22:49:43.387+0800][4.846s][debug][gc,stats          ] ---------------------------------------------------------------------
[2024-12-07T22:49:43.388+0800][4.846s][debug][gc,stats          ] Marking Stats, task = 0, calls = 1
[2024-12-07T22:49:43.388+0800][4.846s][debug][gc,stats          ]   Elapsed time = 0.64ms, Termination time = 0.00ms
[2024-12-07T22:49:43.388+0800][4.846s][debug][gc,stats          ]   Step Times (cum): num = 2130, avg = 0.01ms, sd = 0.18ms max = 5.58ms, total = 29.12ms
[2024-12-07T22:49:43.388+0800][4.846s][debug][gc,stats          ]   Mark Stats Cache: hits 9371 misses 102 ratio 98.923
[2024-12-07T22:49:43.388+0800][4.846s][debug][gc,stats          ] ---------------------------------------------------------------------
[2024-12-07T22:49:43.388+0800][4.846s][debug][gc,stats          ] Marking Stats, task = 1, calls = 12
[2024-12-07T22:49:43.388+0800][4.846s][debug][gc,stats          ]   Elapsed time = 0.65ms, Termination time = 0.00ms
[2024-12-07T22:49:43.388+0800][4.846s][debug][gc,stats          ]   Step Times (cum): num = 565, avg = 0.05ms, sd = 0.35ms max = 5.59ms, total = 28.26ms
[2024-12-07T22:49:43.388+0800][4.846s][debug][gc,stats          ]   Mark Stats Cache: hits 5291 misses 3 ratio 99.943
[2024-12-07T22:49:43.388+0800][4.846s][debug][gc,stats          ] ---------------------------------------------------------------------
[2024-12-07T22:49:43.388+0800][4.846s][debug][gc,stats          ] Marking Stats, task = 2, calls = 22
[2024-12-07T22:49:43.388+0800][4.847s][debug][gc,stats          ]   Elapsed time = 0.64ms, Termination time = 0.00ms
[2024-12-07T22:49:43.388+0800][4.847s][debug][gc,stats          ]   Step Times (cum): num = 449, avg = 0.06ms, sd = 0.39ms max = 5.58ms, total = 28.77ms
[2024-12-07T22:49:43.388+0800][4.847s][debug][gc,stats          ]   Mark Stats Cache: hits 4883 misses 3 ratio 99.939
[2024-12-07T22:49:43.388+0800][4.847s][debug][gc,stats          ] ---------------------------------------------------------------------
[2024-12-07T22:49:43.388+0800][4.847s][debug][gc,stats          ] Marking Stats, task = 3, calls = 22
[2024-12-07T22:49:43.389+0800][4.847s][debug][gc,stats          ]   Elapsed time = 0.62ms, Termination time = 0.00ms
[2024-12-07T22:49:43.389+0800][4.847s][debug][gc,stats          ]   Step Times (cum): num = 518, avg = 0.05ms, sd = 0.37ms max = 5.59ms, total = 28.29ms
[2024-12-07T22:49:43.389+0800][4.847s][debug][gc,stats          ]   Mark Stats Cache: hits 2772 misses 3 ratio 99.892
[2024-12-07T22:49:43.389+0800][4.847s][debug][gc,stats          ] ---------------------------------------------------------------------
[2024-12-07T22:49:43.389+0800][4.847s][debug][gc,stats          ] Marking Stats, task = 4, calls = 13
[2024-12-07T22:49:43.389+0800][4.847s][debug][gc,stats          ]   Elapsed time = 0.62ms, Termination time = 0.00ms
[2024-12-07T22:49:43.389+0800][4.847s][debug][gc,stats          ]   Step Times (cum): num = 526, avg = 0.05ms, sd = 0.36ms max = 5.59ms, total = 28.62ms
[2024-12-07T22:49:43.389+0800][4.847s][debug][gc,stats          ]   Mark Stats Cache: hits 3178 misses 3 ratio 99.906
[2024-12-07T22:49:43.389+0800][4.847s][debug][gc,stats          ] ---------------------------------------------------------------------
[2024-12-07T22:49:43.389+0800][4.847s][info ][gc,marking        ] GC(47) Concurrent Mark From Roots 2.498ms
[2024-12-07T22:49:43.389+0800][4.847s][info ][gc,marking        ] GC(47) Concurrent Preclean
[2024-12-07T22:49:43.389+0800][4.848s][debug][gc,ref,start      ] GC(47) Preclean SoftReferences
[2024-12-07T22:49:43.389+0800][4.848s][debug][gc,ref            ] GC(47) Preclean SoftReferences 0.087ms
[2024-12-07T22:49:43.389+0800][4.848s][debug][gc,ref,start      ] GC(47) Preclean WeakReferences
[2024-12-07T22:49:43.389+0800][4.848s][debug][gc,ref            ] GC(47) Preclean WeakReferences 0.093ms
[2024-12-07T22:49:43.390+0800][4.848s][debug][gc,ref,start      ] GC(47) Preclean FinalReferences
[2024-12-07T22:49:43.390+0800][4.848s][debug][gc,ref            ] GC(47) Preclean FinalReferences 0.074ms
[2024-12-07T22:49:43.390+0800][4.848s][debug][gc,ref,start      ] GC(47) Preclean PhantomReferences
[2024-12-07T22:49:43.390+0800][4.848s][debug][gc,ref            ] GC(47) Preclean PhantomReferences 0.072ms
[2024-12-07T22:49:43.390+0800][4.848s][info ][gc,marking        ] GC(47) Concurrent Preclean 0.653ms
[2024-12-07T22:49:43.390+0800][4.848s][info ][gc,marking        ] GC(47) Concurrent Mark (4.845s, 4.848s) 3.349ms
[2024-12-07T22:49:43.390+0800][4.848s][info ][gc,start          ] GC(47) Pause Remark
[2024-12-07T22:49:43.390+0800][4.848s][debug][gc,phases,start   ] GC(47) Finalize Marking
[2024-12-07T22:49:43.391+0800][4.849s][debug][gc,stats          ] ---------------------------------------------------------------------
[2024-12-07T22:49:43.391+0800][4.849s][debug][gc,stats          ] Marking Stats, task = 0, calls = 74
[2024-12-07T22:49:43.391+0800][4.849s][debug][gc,stats          ]   Elapsed time = 0.15ms, Termination time = 0.00ms
[2024-12-07T22:49:43.391+0800][4.849s][debug][gc,stats          ]   Step Times (cum): num = 2203, avg = 0.01ms, sd = 0.18ms max = 5.58ms, total = 29.12ms
[2024-12-07T22:49:43.391+0800][4.849s][debug][gc,stats          ]   Mark Stats Cache: hits 9371 misses 102 ratio 98.923
[2024-12-07T22:49:43.391+0800][4.849s][debug][gc,stats          ] ---------------------------------------------------------------------
[2024-12-07T22:49:43.391+0800][4.849s][debug][gc,stats          ] Marking Stats, task = 1, calls = 13
[2024-12-07T22:49:43.391+0800][4.849s][debug][gc,stats          ]   Elapsed time = 0.15ms, Termination time = 0.00ms
[2024-12-07T22:49:43.391+0800][4.849s][debug][gc,stats          ]   Step Times (cum): num = 566, avg = 0.05ms, sd = 0.35ms max = 5.59ms, total = 28.26ms
[2024-12-07T22:49:43.391+0800][4.849s][debug][gc,stats          ]   Mark Stats Cache: hits 5291 misses 3 ratio 99.943
[2024-12-07T22:49:43.391+0800][4.850s][debug][gc,stats          ] ---------------------------------------------------------------------
[2024-12-07T22:49:43.391+0800][4.850s][debug][gc,stats          ] Marking Stats, task = 2, calls = 23
[2024-12-07T22:49:43.391+0800][4.850s][debug][gc,stats          ]   Elapsed time = 0.07ms, Termination time = 0.00ms
[2024-12-07T22:49:43.391+0800][4.850s][debug][gc,stats          ]   Step Times (cum): num = 450, avg = 0.06ms, sd = 0.39ms max = 5.58ms, total = 28.77ms
[2024-12-07T22:49:43.391+0800][4.850s][debug][gc,stats          ]   Mark Stats Cache: hits 4883 misses 3 ratio 99.939
[2024-12-07T22:49:43.392+0800][4.850s][debug][gc,stats          ] ---------------------------------------------------------------------
[2024-12-07T22:49:43.392+0800][4.850s][debug][gc,stats          ] Marking Stats, task = 3, calls = 23
[2024-12-07T22:49:43.392+0800][4.850s][debug][gc,stats          ]   Elapsed time = 0.07ms, Termination time = 0.00ms
[2024-12-07T22:49:43.392+0800][4.850s][debug][gc,stats          ]   Step Times (cum): num = 519, avg = 0.05ms, sd = 0.37ms max = 5.59ms, total = 28.29ms
[2024-12-07T22:49:43.392+0800][4.850s][debug][gc,stats          ]   Mark Stats Cache: hits 2772 misses 3 ratio 99.892
[2024-12-07T22:49:43.392+0800][4.850s][debug][gc,stats          ] ---------------------------------------------------------------------
[2024-12-07T22:49:43.392+0800][4.850s][debug][gc,stats          ] Marking Stats, task = 4, calls = 14
[2024-12-07T22:49:43.392+0800][4.850s][debug][gc,stats          ]   Elapsed time = 0.10ms, Termination time = 0.00ms
[2024-12-07T22:49:43.392+0800][4.850s][debug][gc,stats          ]   Step Times (cum): num = 527, avg = 0.05ms, sd = 0.36ms max = 5.59ms, total = 28.62ms
[2024-12-07T22:49:43.392+0800][4.851s][debug][gc,stats          ]   Mark Stats Cache: hits 3178 misses 3 ratio 99.906
[2024-12-07T22:49:43.392+0800][4.851s][debug][gc,stats          ] ---------------------------------------------------------------------
[2024-12-07T22:49:43.392+0800][4.851s][debug][gc,stats          ] Marking Stats, task = 5, calls = 1
[2024-12-07T22:49:43.392+0800][4.851s][debug][gc,stats          ]   Elapsed time = 0.07ms, Termination time = 0.00ms
[2024-12-07T22:49:43.392+0800][4.851s][debug][gc,stats          ]   Step Times (cum): num = 24, avg = 1.07ms, sd = 1.31ms max = 5.59ms, total = 25.77ms
[2024-12-07T22:49:43.393+0800][4.851s][debug][gc,stats          ]   Mark Stats Cache: hits 0 misses 0 ratio 0.000
[2024-12-07T22:49:43.393+0800][4.851s][debug][gc,stats          ] ---------------------------------------------------------------------
[2024-12-07T22:49:43.393+0800][4.851s][debug][gc,stats          ] Marking Stats, task = 6, calls = 1
[2024-12-07T22:49:43.393+0800][4.851s][debug][gc,stats          ]   Elapsed time = 0.08ms, Termination time = 0.00ms
[2024-12-07T22:49:43.393+0800][4.851s][debug][gc,stats          ]   Step Times (cum): num = 24, avg = 1.08ms, sd = 1.30ms max = 5.59ms, total = 25.99ms
[2024-12-07T22:49:43.393+0800][4.851s][debug][gc,stats          ]   Mark Stats Cache: hits 0 misses 0 ratio 0.000
[2024-12-07T22:49:43.393+0800][4.851s][debug][gc,stats          ] ---------------------------------------------------------------------
[2024-12-07T22:49:43.393+0800][4.851s][debug][gc,stats          ] Marking Stats, task = 7, calls = 1
[2024-12-07T22:49:43.393+0800][4.851s][debug][gc,stats          ]   Elapsed time = 0.04ms, Termination time = 0.00ms
[2024-12-07T22:49:43.393+0800][4.851s][debug][gc,stats          ]   Step Times (cum): num = 24, avg = 1.10ms, sd = 1.26ms max = 5.60ms, total = 26.34ms
[2024-12-07T22:49:43.393+0800][4.851s][debug][gc,stats          ]   Mark Stats Cache: hits 0 misses 0 ratio 0.000
[2024-12-07T22:49:43.393+0800][4.852s][debug][gc,stats          ] ---------------------------------------------------------------------
[2024-12-07T22:49:43.393+0800][4.852s][debug][gc,stats          ] Marking Stats, task = 8, calls = 1
[2024-12-07T22:49:43.393+0800][4.852s][debug][gc,stats          ]   Elapsed time = 0.04ms, Termination time = 0.00ms
[2024-12-07T22:49:43.394+0800][4.852s][debug][gc,stats          ]   Step Times (cum): num = 24, avg = 1.07ms, sd = 1.27ms max = 5.72ms, total = 25.65ms
[2024-12-07T22:49:43.394+0800][4.852s][debug][gc,stats          ]   Mark Stats Cache: hits 0 misses 0 ratio 0.000
[2024-12-07T22:49:43.394+0800][4.852s][debug][gc,stats          ] ---------------------------------------------------------------------
[2024-12-07T22:49:43.394+0800][4.852s][debug][gc,stats          ] Marking Stats, task = 9, calls = 1
[2024-12-07T22:49:43.394+0800][4.852s][debug][gc,stats          ]   Elapsed time = 0.02ms, Termination time = 0.00ms
[2024-12-07T22:49:43.394+0800][4.852s][debug][gc,stats          ]   Step Times (cum): num = 24, avg = 1.03ms, sd = 1.33ms max = 5.87ms, total = 24.65ms
[2024-12-07T22:49:43.394+0800][4.852s][debug][gc,stats          ]   Mark Stats Cache: hits 0 misses 0 ratio 0.000
[2024-12-07T22:49:43.394+0800][4.852s][debug][gc,stats          ] ---------------------------------------------------------------------
[2024-12-07T22:49:43.394+0800][4.853s][debug][gc,stats          ] Marking Stats, task = 10, calls = 1
[2024-12-07T22:49:43.394+0800][4.853s][debug][gc,stats          ]   Elapsed time = 0.02ms, Termination time = 0.00ms
[2024-12-07T22:49:43.394+0800][4.853s][debug][gc,stats          ]   Step Times (cum): num = 24, avg = 0.63ms, sd = 0.87ms max = 3.41ms, total = 15.22ms
[2024-12-07T22:49:43.394+0800][4.853s][debug][gc,stats          ]   Mark Stats Cache: hits 0 misses 0 ratio 0.000
[2024-12-07T22:49:43.394+0800][4.853s][debug][gc,stats          ] ---------------------------------------------------------------------
[2024-12-07T22:49:43.395+0800][4.853s][debug][gc,stats          ] Marking Stats, task = 11, calls = 1
[2024-12-07T22:49:43.395+0800][4.853s][debug][gc,stats          ]   Elapsed time = 0.00ms, Termination time = 0.00ms
[2024-12-07T22:49:43.395+0800][4.853s][debug][gc,stats          ]   Step Times (cum): num = 24, avg = 0.00ms, sd = 0.00ms max = 0.00ms, total = 0.00ms
[2024-12-07T22:49:43.395+0800][4.853s][debug][gc,stats          ]   Mark Stats Cache: hits 0 misses 0 ratio 0.000
[2024-12-07T22:49:43.395+0800][4.853s][debug][gc,stats          ] ---------------------------------------------------------------------
[2024-12-07T22:49:43.395+0800][4.854s][debug][gc,phases         ] GC(47) Finalize Marking 5.049ms
[2024-12-07T22:49:43.395+0800][4.854s][debug][gc,phases,start   ] GC(47) Reference Processing
[2024-12-07T22:49:43.395+0800][4.854s][debug][gc,ref            ] GC(47) Skipped phase1 of Reference Processing due to unavailable references
[2024-12-07T22:49:43.395+0800][4.854s][debug][gc,ref            ] GC(47) Skipped phase2 of Reference Processing due to unavailable references
[2024-12-07T22:49:43.396+0800][4.854s][debug][gc,ref            ] GC(47) Skipped phase3 of Reference Processing due to unavailable references
[2024-12-07T22:49:43.396+0800][4.854s][debug][gc,ref            ] GC(47) Skipped phase4 of Reference Processing due to unavailable references
[2024-12-07T22:49:43.396+0800][4.854s][debug][gc,phases,ref     ] GC(47) Reference Processing: 0.3ms
[2024-12-07T22:49:43.396+0800][4.854s][debug][gc,phases,ref     ] GC(47)   Reconsider SoftReferences: 0.1ms
[2024-12-07T22:49:43.396+0800][4.854s][debug][gc,phases,ref     ] GC(47)     SoftRef (ms):             skipped
[2024-12-07T22:49:43.396+0800][4.854s][debug][gc,phases,ref     ] GC(47)   Notify Soft/WeakReferences: 0.1ms
[2024-12-07T22:49:43.396+0800][4.854s][debug][gc,phases,ref     ] GC(47)     SoftRef (ms):             skipped
[2024-12-07T22:49:43.396+0800][4.854s][debug][gc,phases,ref     ] GC(47)     WeakRef (ms):             skipped
[2024-12-07T22:49:43.396+0800][4.854s][debug][gc,phases,ref     ] GC(47)     FinalRef (ms):            skipped
[2024-12-07T22:49:43.396+0800][4.854s][debug][gc,phases,ref     ] GC(47)     Total (ms):               skipped
[2024-12-07T22:49:43.396+0800][4.855s][debug][gc,phases,ref     ] GC(47)   Notify and keep alive finalizable: 0.1ms
[2024-12-07T22:49:43.396+0800][4.855s][debug][gc,phases,ref     ] GC(47)     FinalRef (ms):            skipped
[2024-12-07T22:49:43.396+0800][4.855s][debug][gc,phases,ref     ] GC(47)   Notify PhantomReferences: 0.1ms
[2024-12-07T22:49:43.396+0800][4.855s][debug][gc,phases,ref     ] GC(47)     PhantomRef (ms):          skipped
[2024-12-07T22:49:43.396+0800][4.855s][debug][gc,phases,ref     ] GC(47)   SoftReference:
[2024-12-07T22:49:43.397+0800][4.855s][debug][gc,phases,ref     ] GC(47)     Discovered: 0
[2024-12-07T22:49:43.397+0800][4.855s][debug][gc,phases,ref     ] GC(47)     Cleared: 0
[2024-12-07T22:49:43.397+0800][4.855s][debug][gc,phases,ref     ] GC(47)   WeakReference:
[2024-12-07T22:49:43.397+0800][4.855s][debug][gc,phases,ref     ] GC(47)     Discovered: 0
[2024-12-07T22:49:43.397+0800][4.855s][debug][gc,phases,ref     ] GC(47)     Cleared: 0
[2024-12-07T22:49:43.397+0800][4.855s][debug][gc,phases,ref     ] GC(47)   FinalReference:
[2024-12-07T22:49:43.397+0800][4.855s][debug][gc,phases,ref     ] GC(47)     Discovered: 0
[2024-12-07T22:49:43.397+0800][4.855s][debug][gc,phases,ref     ] GC(47)     Cleared: 0
[2024-12-07T22:49:43.397+0800][4.855s][debug][gc,phases,ref     ] GC(47)   PhantomReference:
[2024-12-07T22:49:43.397+0800][4.855s][debug][gc,phases,ref     ] GC(47)     Discovered: 0
[2024-12-07T22:49:43.397+0800][4.855s][debug][gc,phases,ref     ] GC(47)     Cleared: 0
[2024-12-07T22:49:43.397+0800][4.856s][debug][gc,phases         ] GC(47) Reference Processing 1.913ms
[2024-12-07T22:49:43.397+0800][4.856s][debug][gc,phases,start   ] GC(47) Weak Processing
[2024-12-07T22:49:43.397+0800][4.856s][debug][gc,phases         ] GC(47) Weak Processing 0.065ms
[2024-12-07T22:49:43.397+0800][4.856s][debug][gc,phases,start   ] GC(47) Class Unloading
[2024-12-07T22:49:43.397+0800][4.856s][debug][gc,phases,start   ] GC(47) ClassLoaderData
[2024-12-07T22:49:43.398+0800][4.856s][debug][gc,phases         ] GC(47) ClassLoaderData 0.078ms
[2024-12-07T22:49:43.398+0800][4.856s][debug][gc,phases,start   ] GC(47) ProtectionDomainCacheTable
[2024-12-07T22:49:43.398+0800][4.856s][debug][gc,phases         ] GC(47) ProtectionDomainCacheTable 0.184ms
[2024-12-07T22:49:43.398+0800][4.857s][info ][gc,stringtable    ] GC(47) Cleaned string and symbol table, strings: 64 processed, 0 removed, symbols: 226 processed, 0 removed
[2024-12-07T22:49:43.398+0800][4.857s][debug][gc,phases         ] GC(47) Class Unloading 0.985ms
[2024-12-07T22:49:43.398+0800][4.857s][debug][gc,phases,start   ] GC(47) Flush Task Caches
[2024-12-07T22:49:43.399+0800][4.857s][debug][gc,stats          ] Mark stats cache hits 25495 misses 114 ratio 99.555
[2024-12-07T22:49:43.399+0800][4.857s][debug][gc,phases         ] GC(47) Flush Task Caches 0.441ms
[2024-12-07T22:49:43.399+0800][4.857s][debug][gc,phases,start   ] GC(47) Update Remembered Set Tracking Before Rebuild
[2024-12-07T22:49:43.399+0800][4.858s][debug][gc,ergo           ] GC(47) Running G1 Update RemSet Tracking Before Rebuild using 2 workers for 508 regions in heap
[2024-12-07T22:49:43.399+0800][4.858s][debug][gc,remset,tracking] GC(47) Remembered Set Tracking update regions total 508, selected 1
[2024-12-07T22:49:43.400+0800][4.858s][debug][gc,phases         ] GC(47) Update Remembered Set Tracking Before Rebuild 0.526ms
[2024-12-07T22:49:43.400+0800][4.858s][debug][gc,phases,start   ] GC(47) Reclaim Empty Regions
[2024-12-07T22:49:43.400+0800][4.858s][debug][gc,phases         ] GC(47) Reclaim Empty Regions 0.177ms
[2024-12-07T22:49:43.400+0800][4.858s][debug][gc,phases,start   ] GC(47) Purge Metaspace
[2024-12-07T22:49:43.400+0800][4.858s][debug][gc,phases         ] GC(47) Purge Metaspace 0.218ms
[2024-12-07T22:49:43.400+0800][4.859s][debug][gc,phases,start   ] GC(47) Report Object Count
[2024-12-07T22:49:43.400+0800][4.859s][debug][gc,phases         ] GC(47) Report Object Count 0.075ms
[2024-12-07T22:49:43.400+0800][4.859s][info ][gc                ] GC(47) Pause Remark 209M->209M(508M) 10.317ms
[2024-12-07T22:49:43.400+0800][4.859s][info ][gc,cpu            ] GC(47) User=0.01s Sys=0.00s Real=0.01s
[2024-12-07T22:49:43.401+0800][4.859s][info ][gc,marking        ] GC(47) Concurrent Rebuild Remembered Sets
[2024-12-07T22:49:43.401+0800][4.859s][info ][gc,marking        ] GC(47) Concurrent Rebuild Remembered Sets 0.420ms
[2024-12-07T22:49:43.401+0800][4.860s][info ][gc,start          ] GC(47) Pause Cleanup
[2024-12-07T22:49:43.401+0800][4.860s][debug][gc,phases,start   ] GC(47) Update Remembered Set Tracking After Rebuild
[2024-12-07T22:49:43.401+0800][4.860s][debug][gc,phases         ] GC(47) Update Remembered Set Tracking After Rebuild 0.073ms
[2024-12-07T22:49:43.401+0800][4.860s][debug][gc,phases,start   ] GC(47) Finalize Concurrent Mark Cleanup
[2024-12-07T22:49:43.402+0800][4.860s][debug][gc,ergo           ] GC(47) request young-only gcs (candidate old regions not available)
[2024-12-07T22:49:43.402+0800][4.860s][debug][gc,phases         ] GC(47) Finalize Concurrent Mark Cleanup 0.227ms
[2024-12-07T22:49:43.402+0800][4.860s][info ][gc                ] GC(47) Pause Cleanup 209M->209M(508M) 0.506ms
[2024-12-07T22:49:43.402+0800][4.860s][info ][gc,cpu            ] GC(47) User=0.00s Sys=0.00s Real=0.00s
[2024-12-07T22:49:43.402+0800][4.860s][info ][gc,marking        ] GC(47) Concurrent Cleanup for Next Mark
[2024-12-07T22:49:43.402+0800][4.860s][debug][gc,ergo           ] GC(47) Running G1 Clear Bitmap with 5 workers for 8 work units.
[2024-12-07T22:49:43.402+0800][4.860s][info ][gc,marking        ] GC(47) Concurrent Cleanup for Next Mark 0.286ms
[2024-12-07T22:49:43.402+0800][4.861s][info ][gc                ] GC(47) Concurrent Cycle 16.221ms
[2024-12-07T22:49:43.489+0800][4.947s][debug][gc,ergo,ihop      ] Request concurrent cycle initiation (occupancy higher than threshold) occupancy: 240123904B allocation request: 1048592B threshold: 239704473B (45.00) source: concurrent humongous allocation
[2024-12-07T22:49:43.490+0800][4.948s][debug][gc,ergo           ] Request concurrent cycle initiation (requested by GC cause). GC cause: G1 Humongous Allocation
[2024-12-07T22:49:43.490+0800][4.948s][debug][gc,heap           ] GC(48) Heap before GC invocations=48 (full 0): garbage-first heap   total 520192K, used 232698K [0x00000000e0000000, 0x0000000100000000)
[2024-12-07T22:49:43.490+0800][4.949s][debug][gc,heap           ] GC(48)   region size 1024K, 2 young (2048K), 1 survivors (1024K)
[2024-12-07T22:49:43.491+0800][4.949s][debug][gc,heap           ] GC(48)  Metaspace       used 677K, capacity 4575K, committed 4864K, reserved 1056768K
[2024-12-07T22:49:43.491+0800][4.949s][debug][gc,heap           ] GC(48)   class space    used 52K, capacity 418K, committed 512K, reserved 1048576K
[2024-12-07T22:49:43.491+0800][4.950s][debug][gc,ergo           ] GC(48) Initiate concurrent cycle (concurrent cycle initiation requested)
[2024-12-07T22:49:43.491+0800][4.950s][info ][gc,start          ] GC(48) Pause Young (Concurrent Start) (G1 Humongous Allocation)
[2024-12-07T22:49:43.492+0800][4.950s][info ][gc,task           ] GC(48) Using 12 workers of 18 for evacuation
[2024-12-07T22:49:43.492+0800][4.950s][debug][gc,tlab           ] GC(48) TLAB totals: thrds: 1  refills: 1 max: 1 slow allocs: 13 max 13 waste: 99.5% gc: 521496B max: 521496B slow: 0B max: 0B fast: 0B max: 0B
[2024-12-07T22:49:43.492+0800][4.950s][debug][gc,alloc,region   ] GC(48) Mutator Allocation stats, regions: 1, wasted size: 0B ( 0.0%)
[2024-12-07T22:49:43.492+0800][4.951s][debug][gc,age            ] GC(48) Desired survivor size 7340032 bytes, new threshold 15 (max threshold 15)
[2024-12-07T22:49:43.492+0800][4.951s][debug][gc,ergo,cset      ] GC(48) Finish choosing CSet. old: 0 regions, predicted old region time: 0.00ms, time remaining: 187.13
[2024-12-07T22:49:43.493+0800][4.951s][debug][gc,task,stats     ] GC(48) GC Termination Stats
[2024-12-07T22:49:43.493+0800][4.951s][debug][gc,task,stats     ] GC(48)      elapsed  --strong roots-- -------termination------- ------waste (KiB)------
[2024-12-07T22:49:43.493+0800][4.951s][debug][gc,task,stats     ] GC(48) thr     ms        ms      %        ms      %    attempts  total   alloc    undo
[2024-12-07T22:49:43.493+0800][4.952s][debug][gc,task,stats     ] GC(48) --- --------- --------- ------ --------- ------ -------- ------- ------- -------
[2024-12-07T22:49:43.496+0800][4.954s][debug][gc,task,stats     ] GC(48)  10      2.33      2.32  99.80      0.00   0.01        1       0       0       0
[2024-12-07T22:49:43.496+0800][4.955s][debug][gc,task,stats     ] GC(48)   9      2.72      2.05  75.18      0.55  20.25        1       0       0       0
[2024-12-07T22:49:43.497+0800][4.955s][debug][gc,task,stats     ] GC(48)   4      3.10      1.73  56.02      0.92  29.71        1       0       0       0
[2024-12-07T22:49:43.497+0800][4.955s][debug][gc,task,stats     ] GC(48)   8      3.31      2.02  61.14      0.55  16.77        1       0       0       0
[2024-12-07T22:49:43.497+0800][4.956s][debug][gc,task,stats     ] GC(48)   0      3.79      0.33   8.64      2.30  60.73        1       0       0       0
[2024-12-07T22:49:43.498+0800][4.956s][debug][gc,task,stats     ] GC(48)  11      4.15      0.09   2.25      2.31  55.64        1       0       0       0
[2024-12-07T22:49:43.498+0800][4.957s][debug][gc,task,stats     ] GC(48)   7      4.71      1.98  42.16      0.48  10.26        1       0       0       0
[2024-12-07T22:49:43.499+0800][4.957s][debug][gc,task,stats     ] GC(48)   5      5.12      1.87  36.60      0.57  11.08        1       0       0       0
[2024-12-07T22:49:43.499+0800][4.957s][debug][gc,task,stats     ] GC(48)   3      5.35      0.35   6.48      2.14  40.08        1       0       0       0
[2024-12-07T22:49:43.499+0800][4.957s][debug][gc,task,stats     ] GC(48)   1      5.69      0.28   4.93      2.23  39.28        1       0       0       0
[2024-12-07T22:49:43.499+0800][4.958s][debug][gc,task,stats     ] GC(48)   2      5.82      0.33   5.64      2.18  37.42        1       0       0       0
[2024-12-07T22:49:43.499+0800][4.958s][debug][gc,task,stats     ] GC(48)   6      5.88      1.86  31.69      0.55   9.36        1       0       0       0
[2024-12-07T22:49:43.500+0800][4.958s][debug][gc,ergo           ] GC(48) Running G1 Clear Card Table Task using 1 workers for 1 units of work for 3 regions.
[2024-12-07T22:49:43.500+0800][4.958s][debug][gc,ref            ] GC(48) Skipped phase1 of Reference Processing due to unavailable references
[2024-12-07T22:49:43.500+0800][4.958s][debug][gc,ref            ] GC(48) Skipped phase2 of Reference Processing due to unavailable references
[2024-12-07T22:49:43.500+0800][4.958s][debug][gc,ref            ] GC(48) Skipped phase3 of Reference Processing due to unavailable references
[2024-12-07T22:49:43.500+0800][4.958s][debug][gc,ref            ] GC(48) Skipped phase4 of Reference Processing due to unavailable references
[2024-12-07T22:49:43.500+0800][4.959s][debug][gc,ergo           ] GC(48) Running G1 Free Collection Set using 1 workers for collection set length 2
[2024-12-07T22:49:43.500+0800][4.959s][debug][gc,humongous      ] GC(48) Live humongous region 0 object size 1048592 start 0x00000000e0000000  with remset 0 code roots 0 is marked 0 reclaim candidate 0 type array 1
[2024-12-07T22:49:43.501+0800][4.959s][debug][gc,humongous      ] GC(48) Live humongous region 2 object size 1048592 start 0x00000000e0200000  with remset 0 code roots 0 is marked 0 reclaim candidate 0 type array 1
[2024-12-07T22:49:43.501+0800][4.959s][debug][gc,humongous      ] GC(48) Live humongous region 4 object size 1048592 start 0x00000000e0400000  with remset 0 code roots 0 is marked 0 reclaim candidate 0 type array 1
[2024-12-07T22:49:43.501+0800][4.959s][debug][gc,humongous      ] GC(48) Live humongous region 6 object size 1048592 start 0x00000000e0600000  with remset 0 code roots 0 is marked 0 reclaim candidate 0 type array 1
[2024-12-07T22:49:43.501+0800][4.959s][debug][gc,humongous      ] GC(48) Live humongous region 8 object size 1048592 start 0x00000000e0800000  with remset 0 code roots 0 is marked 0 reclaim candidate 0 type array 1
[2024-12-07T22:49:43.501+0800][4.959s][debug][gc,humongous      ] GC(48) Live humongous region 10 object size 1048592 start 0x00000000e0a00000  with remset 0 code roots 0 is marked 0 reclaim candidate 0 type array 1
[2024-12-07T22:49:43.501+0800][4.959s][debug][gc,humongous      ] GC(48) Live humongous region 12 object size 1048592 start 0x00000000e0c00000  with remset 0 code roots 0 is marked 0 reclaim candidate 0 type array 1
[2024-12-07T22:49:43.501+0800][4.959s][debug][gc,humongous      ] GC(48) Live humongous region 14 object size 1048592 start 0x00000000e0e00000  with remset 0 code roots 0 is marked 0 reclaim candidate 0 type array 1
[2024-12-07T22:49:43.501+0800][4.959s][debug][gc,humongous      ] GC(48) Live humongous region 16 object size 1048592 start 0x00000000e1000000  with remset 0 code roots 0 is marked 0 reclaim candidate 0 type array 1
[2024-12-07T22:49:43.501+0800][4.960s][debug][gc,humongous      ] GC(48) Live humongous region 18 object size 1048592 start 0x00000000e1200000  with remset 0 code roots 0 is marked 0 reclaim candidate 0 type array 1
[2024-12-07T22:49:43.501+0800][4.960s][debug][gc,humongous      ] GC(48) Live humongous region 20 object size 1048592 start 0x00000000e1400000  with remset 0 code roots 0 is marked 0 reclaim candidate 0 type array 1
[2024-12-07T22:49:43.501+0800][4.960s][debug][gc,humongous      ] GC(48) Live humongous region 22 object size 1048592 start 0x00000000e1600000  with remset 0 code roots 0 is marked 0 reclaim candidate 0 type array 1
[2024-12-07T22:49:43.501+0800][4.960s][debug][gc,humongous      ] GC(48) Live humongous region 24 object size 1048592 start 0x00000000e1800000  with remset 0 code roots 0 is marked 0 reclaim candidate 0 type array 1
[2024-12-07T22:49:43.502+0800][4.960s][debug][gc,humongous      ] GC(48) Live humongous region 26 object size 1048592 start 0x00000000e1a00000  with remset 0 code roots 0 is marked 0 reclaim candidate 0 type array 1
[2024-12-07T22:49:43.502+0800][4.960s][debug][gc,humongous      ] GC(48) Live humongous region 28 object size 1048592 start 0x00000000e1c00000  with remset 0 code roots 0 is marked 0 reclaim candidate 0 type array 1
[2024-12-07T22:49:43.502+0800][4.960s][debug][gc,humongous      ] GC(48) Live humongous region 30 object size 1048592 start 0x00000000e1e00000  with remset 0 code roots 0 is marked 0 reclaim candidate 0 type array 1
[2024-12-07T22:49:43.502+0800][4.960s][debug][gc,humongous      ] GC(48) Live humongous region 32 object size 1048592 start 0x00000000e2000000  with remset 0 code roots 0 is marked 0 reclaim candidate 0 type array 1
[2024-12-07T22:49:43.502+0800][4.960s][debug][gc,humongous      ] GC(48) Live humongous region 34 object size 1048592 start 0x00000000e2200000  with remset 0 code roots 0 is marked 0 reclaim candidate 0 type array 1
[2024-12-07T22:49:43.502+0800][4.960s][debug][gc,humongous      ] GC(48) Live humongous region 36 object size 1048592 start 0x00000000e2400000  with remset 0 code roots 0 is marked 0 reclaim candidate 0 type array 1
[2024-12-07T22:49:43.502+0800][4.960s][debug][gc,humongous      ] GC(48) Live humongous region 38 object size 1048592 start 0x00000000e2600000  with remset 0 code roots 0 is marked 0 reclaim candidate 0 type array 1
[2024-12-07T22:49:43.502+0800][4.960s][debug][gc,humongous      ] GC(48) Live humongous region 40 object size 1048592 start 0x00000000e2800000  with remset 0 code roots 0 is marked 0 reclaim candidate 0 type array 1
[2024-12-07T22:49:43.502+0800][4.961s][debug][gc,humongous      ] GC(48) Live humongous region 42 object size 1048592 start 0x00000000e2a00000  with remset 0 code roots 0 is marked 0 reclaim candidate 0 type array 1
[2024-12-07T22:49:43.502+0800][4.961s][debug][gc,humongous      ] GC(48) Live humongous region 44 object size 1048592 start 0x00000000e2c00000  with remset 0 code roots 0 is marked 0 reclaim candidate 0 type array 1
[2024-12-07T22:49:43.502+0800][4.961s][debug][gc,humongous      ] GC(48) Live humongous region 46 object size 1048592 start 0x00000000e2e00000  with remset 0 code roots 0 is marked 0 reclaim candidate 0 type array 1
[2024-12-07T22:49:43.502+0800][4.961s][debug][gc,humongous      ] GC(48) Live humongous region 48 object size 1048592 start 0x00000000e3000000  with remset 0 code roots 0 is marked 0 reclaim candidate 0 type array 1
[2024-12-07T22:49:43.503+0800][4.961s][debug][gc,humongous      ] GC(48) Live humongous region 50 object size 1048592 start 0x00000000e3200000  with remset 0 code roots 0 is marked 0 reclaim candidate 0 type array 1
[2024-12-07T22:49:43.503+0800][4.961s][debug][gc,humongous      ] GC(48) Live humongous region 52 object size 1048592 start 0x00000000e3400000  with remset 0 code roots 0 is marked 0 reclaim candidate 0 type array 1
[2024-12-07T22:49:43.503+0800][4.961s][debug][gc,humongous      ] GC(48) Live humongous region 54 object size 1048592 start 0x00000000e3600000  with remset 0 code roots 0 is marked 0 reclaim candidate 0 type array 1
[2024-12-07T22:49:43.503+0800][4.961s][debug][gc,humongous      ] GC(48) Live humongous region 56 object size 1048592 start 0x00000000e3800000  with remset 0 code roots 0 is marked 0 reclaim candidate 0 type array 1
[2024-12-07T22:49:43.503+0800][4.961s][debug][gc,humongous      ] GC(48) Live humongous region 58 object size 1048592 start 0x00000000e3a00000  with remset 0 code roots 0 is marked 0 reclaim candidate 0 type array 1
[2024-12-07T22:49:43.503+0800][4.961s][debug][gc,humongous      ] GC(48) Live humongous region 60 object size 1048592 start 0x00000000e3c00000  with remset 0 code roots 0 is marked 0 reclaim candidate 0 type array 1
[2024-12-07T22:49:43.503+0800][4.961s][debug][gc,humongous      ] GC(48) Live humongous region 62 object size 1048592 start 0x00000000e3e00000  with remset 0 code roots 0 is marked 0 reclaim candidate 0 type array 1
[2024-12-07T22:49:43.503+0800][4.961s][debug][gc,humongous      ] GC(48) Live humongous region 64 object size 1048592 start 0x00000000e4000000  with remset 0 code roots 0 is marked 0 reclaim candidate 0 type array 1
[2024-12-07T22:49:43.503+0800][4.961s][debug][gc,humongous      ] GC(48) Live humongous region 66 object size 1048592 start 0x00000000e4200000  with remset 0 code roots 0 is marked 0 reclaim candidate 0 type array 1
[2024-12-07T22:49:43.503+0800][4.961s][debug][gc,humongous      ] GC(48) Live humongous region 68 object size 1048592 start 0x00000000e4400000  with remset 0 code roots 0 is marked 0 reclaim candidate 0 type array 1
[2024-12-07T22:49:43.503+0800][4.961s][debug][gc,humongous      ] GC(48) Live humongous region 70 object size 1048592 start 0x00000000e4600000  with remset 0 code roots 0 is marked 0 reclaim candidate 0 type array 1
[2024-12-07T22:49:43.503+0800][4.962s][debug][gc,humongous      ] GC(48) Live humongous region 72 object size 1048592 start 0x00000000e4800000  with remset 0 code roots 0 is marked 0 reclaim candidate 0 type array 1
[2024-12-07T22:49:43.503+0800][4.962s][debug][gc,humongous      ] GC(48) Live humongous region 74 object size 1048592 start 0x00000000e4a00000  with remset 0 code roots 0 is marked 0 reclaim candidate 0 type array 1
[2024-12-07T22:49:43.503+0800][4.962s][debug][gc,humongous      ] GC(48) Live humongous region 76 object size 1048592 start 0x00000000e4c00000  with remset 0 code roots 0 is marked 0 reclaim candidate 0 type array 1
[2024-12-07T22:49:43.503+0800][4.962s][debug][gc,humongous      ] GC(48) Live humongous region 78 object size 1048592 start 0x00000000e4e00000  with remset 0 code roots 0 is marked 0 reclaim candidate 0 type array 1
[2024-12-07T22:49:43.504+0800][4.962s][debug][gc,humongous      ] GC(48) Live humongous region 80 object size 1048592 start 0x00000000e5000000  with remset 0 code roots 0 is marked 0 reclaim candidate 0 type array 1
[2024-12-07T22:49:43.504+0800][4.962s][debug][gc,humongous      ] GC(48) Live humongous region 82 object size 1048592 start 0x00000000e5200000  with remset 0 code roots 0 is marked 0 reclaim candidate 0 type array 1
[2024-12-07T22:49:43.504+0800][4.962s][debug][gc,humongous      ] GC(48) Live humongous region 84 object size 1048592 start 0x00000000e5400000  with remset 0 code roots 0 is marked 0 reclaim candidate 0 type array 1
[2024-12-07T22:49:43.504+0800][4.962s][debug][gc,humongous      ] GC(48) Live humongous region 86 object size 1048592 start 0x00000000e5600000  with remset 0 code roots 0 is marked 0 reclaim candidate 0 type array 1
[2024-12-07T22:49:43.504+0800][4.962s][debug][gc,humongous      ] GC(48) Live humongous region 88 object size 1048592 start 0x00000000e5800000  with remset 0 code roots 0 is marked 0 reclaim candidate 0 type array 1
[2024-12-07T22:49:43.504+0800][4.962s][debug][gc,humongous      ] GC(48) Live humongous region 90 object size 1048592 start 0x00000000e5a00000  with remset 0 code roots 0 is marked 0 reclaim candidate 0 type array 1
[2024-12-07T22:49:43.504+0800][4.962s][debug][gc,humongous      ] GC(48) Live humongous region 92 object size 1048592 start 0x00000000e5c00000  with remset 0 code roots 0 is marked 0 reclaim candidate 0 type array 1
[2024-12-07T22:49:43.504+0800][4.962s][debug][gc,humongous      ] GC(48) Live humongous region 94 object size 1048592 start 0x00000000e5e00000  with remset 0 code roots 0 is marked 0 reclaim candidate 0 type array 1
[2024-12-07T22:49:43.504+0800][4.963s][debug][gc,humongous      ] GC(48) Live humongous region 96 object size 1048592 start 0x00000000e6000000  with remset 0 code roots 0 is marked 0 reclaim candidate 0 type array 1
[2024-12-07T22:49:43.504+0800][4.963s][debug][gc,humongous      ] GC(48) Live humongous region 98 object size 1048592 start 0x00000000e6200000  with remset 0 code roots 0 is marked 0 reclaim candidate 0 type array 1
[2024-12-07T22:49:43.504+0800][4.963s][debug][gc,humongous      ] GC(48) Live humongous region 100 object size 1048592 start 0x00000000e6400000  with remset 0 code roots 0 is marked 0 reclaim candidate 0 type array 1
[2024-12-07T22:49:43.504+0800][4.963s][debug][gc,humongous      ] GC(48) Live humongous region 102 object size 1048592 start 0x00000000e6600000  with remset 0 code roots 0 is marked 0 reclaim candidate 0 type array 1
[2024-12-07T22:49:43.504+0800][4.963s][debug][gc,humongous      ] GC(48) Live humongous region 104 object size 1048592 start 0x00000000e6800000  with remset 0 code roots 0 is marked 0 reclaim candidate 0 type array 1
[2024-12-07T22:49:43.505+0800][4.963s][debug][gc,humongous      ] GC(48) Live humongous region 106 object size 1048592 start 0x00000000e6a00000  with remset 0 code roots 0 is marked 0 reclaim candidate 0 type array 1
[2024-12-07T22:49:43.505+0800][4.963s][debug][gc,humongous      ] GC(48) Live humongous region 108 object size 1048592 start 0x00000000e6c00000  with remset 0 code roots 0 is marked 0 reclaim candidate 0 type array 1
[2024-12-07T22:49:43.505+0800][4.963s][debug][gc,humongous      ] GC(48) Live humongous region 110 object size 1048592 start 0x00000000e6e00000  with remset 0 code roots 0 is marked 0 reclaim candidate 0 type array 1
[2024-12-07T22:49:43.505+0800][4.963s][debug][gc,humongous      ] GC(48) Live humongous region 112 object size 1048592 start 0x00000000e7000000  with remset 0 code roots 0 is marked 0 reclaim candidate 0 type array 1
[2024-12-07T22:49:43.505+0800][4.963s][debug][gc,humongous      ] GC(48) Live humongous region 114 object size 1048592 start 0x00000000e7200000  with remset 0 code roots 0 is marked 0 reclaim candidate 0 type array 1
[2024-12-07T22:49:43.505+0800][4.963s][debug][gc,humongous      ] GC(48) Live humongous region 116 object size 1048592 start 0x00000000e7400000  with remset 0 code roots 0 is marked 0 reclaim candidate 0 type array 1
[2024-12-07T22:49:43.505+0800][4.963s][debug][gc,humongous      ] GC(48) Live humongous region 118 object size 1048592 start 0x00000000e7600000  with remset 0 code roots 0 is marked 0 reclaim candidate 0 type array 1
[2024-12-07T22:49:43.505+0800][4.963s][debug][gc,humongous      ] GC(48) Live humongous region 120 object size 1048592 start 0x00000000e7800000  with remset 0 code roots 0 is marked 0 reclaim candidate 0 type array 1
[2024-12-07T22:49:43.505+0800][4.963s][debug][gc,humongous      ] GC(48) Live humongous region 122 object size 1048592 start 0x00000000e7a00000  with remset 0 code roots 0 is marked 0 reclaim candidate 0 type array 1
[2024-12-07T22:49:43.505+0800][4.963s][debug][gc,humongous      ] GC(48) Live humongous region 124 object size 1048592 start 0x00000000e7c00000  with remset 0 code roots 0 is marked 0 reclaim candidate 0 type array 1
[2024-12-07T22:49:43.505+0800][4.964s][debug][gc,humongous      ] GC(48) Live humongous region 126 object size 1048592 start 0x00000000e7e00000  with remset 0 code roots 0 is marked 0 reclaim candidate 0 type array 1
[2024-12-07T22:49:43.505+0800][4.964s][debug][gc,humongous      ] GC(48) Live humongous region 128 object size 1048592 start 0x00000000e8000000  with remset 0 code roots 0 is marked 0 reclaim candidate 0 type array 1
[2024-12-07T22:49:43.505+0800][4.964s][debug][gc,humongous      ] GC(48) Live humongous region 130 object size 1048592 start 0x00000000e8200000  with remset 0 code roots 0 is marked 0 reclaim candidate 0 type array 1
[2024-12-07T22:49:43.505+0800][4.964s][debug][gc,humongous      ] GC(48) Live humongous region 132 object size 1048592 start 0x00000000e8400000  with remset 0 code roots 0 is marked 0 reclaim candidate 0 type array 1
[2024-12-07T22:49:43.505+0800][4.964s][debug][gc,humongous      ] GC(48) Live humongous region 134 object size 1048592 start 0x00000000e8600000  with remset 0 code roots 0 is marked 0 reclaim candidate 0 type array 1
[2024-12-07T22:49:43.506+0800][4.964s][debug][gc,humongous      ] GC(48) Live humongous region 136 object size 1048592 start 0x00000000e8800000  with remset 0 code roots 0 is marked 0 reclaim candidate 0 type array 1
[2024-12-07T22:49:43.506+0800][4.964s][debug][gc,humongous      ] GC(48) Live humongous region 138 object size 1048592 start 0x00000000e8a00000  with remset 0 code roots 0 is marked 0 reclaim candidate 0 type array 1
[2024-12-07T22:49:43.506+0800][4.964s][debug][gc,humongous      ] GC(48) Live humongous region 140 object size 1048592 start 0x00000000e8c00000  with remset 0 code roots 0 is marked 0 reclaim candidate 0 type array 1
[2024-12-07T22:49:43.506+0800][4.964s][debug][gc,humongous      ] GC(48) Dead humongous region 142 object size 1048592 start 0x00000000e8e00000 with remset 0 code roots 0 is marked 0 reclaim candidate 1 type array 1
[2024-12-07T22:49:43.506+0800][4.964s][debug][gc,humongous      ] GC(48) Dead humongous region 144 object size 1048592 start 0x00000000e9000000 with remset 0 code roots 0 is marked 0 reclaim candidate 1 type array 1
[2024-12-07T22:49:43.506+0800][4.964s][debug][gc,humongous      ] GC(48) Dead humongous region 146 object size 1048592 start 0x00000000e9200000 with remset 0 code roots 0 is marked 0 reclaim candidate 1 type array 1
[2024-12-07T22:49:43.506+0800][4.964s][debug][gc,humongous      ] GC(48) Dead humongous region 148 object size 1048592 start 0x00000000e9400000 with remset 0 code roots 0 is marked 0 reclaim candidate 1 type array 1
[2024-12-07T22:49:43.506+0800][4.964s][debug][gc,humongous      ] GC(48) Dead humongous region 150 object size 1048592 start 0x00000000e9600000 with remset 0 code roots 0 is marked 0 reclaim candidate 1 type array 1
[2024-12-07T22:49:43.506+0800][4.964s][debug][gc,humongous      ] GC(48) Dead humongous region 152 object size 1048592 start 0x00000000e9800000 with remset 0 code roots 0 is marked 0 reclaim candidate 1 type array 1
[2024-12-07T22:49:43.506+0800][4.964s][debug][gc,humongous      ] GC(48) Dead humongous region 154 object size 1048592 start 0x00000000e9a00000 with remset 0 code roots 0 is marked 0 reclaim candidate 1 type array 1
[2024-12-07T22:49:43.506+0800][4.965s][debug][gc,humongous      ] GC(48) Dead humongous region 156 object size 1048592 start 0x00000000e9c00000 with remset 0 code roots 0 is marked 0 reclaim candidate 1 type array 1
[2024-12-07T22:49:43.506+0800][4.965s][debug][gc,humongous      ] GC(48) Dead humongous region 158 object size 1048592 start 0x00000000e9e00000 with remset 0 code roots 0 is marked 0 reclaim candidate 1 type array 1
[2024-12-07T22:49:43.506+0800][4.965s][debug][gc,humongous      ] GC(48) Dead humongous region 160 object size 1048592 start 0x00000000ea000000 with remset 0 code roots 0 is marked 0 reclaim candidate 1 type array 1
[2024-12-07T22:49:43.506+0800][4.965s][debug][gc,humongous      ] GC(48) Dead humongous region 162 object size 1048592 start 0x00000000ea200000 with remset 0 code roots 0 is marked 0 reclaim candidate 1 type array 1
[2024-12-07T22:49:43.506+0800][4.965s][debug][gc,humongous      ] GC(48) Dead humongous region 164 object size 1048592 start 0x00000000ea400000 with remset 0 code roots 0 is marked 0 reclaim candidate 1 type array 1
[2024-12-07T22:49:43.507+0800][4.965s][debug][gc,humongous      ] GC(48) Dead humongous region 166 object size 1048592 start 0x00000000ea600000 with remset 0 code roots 0 is marked 0 reclaim candidate 1 type array 1
[2024-12-07T22:49:43.507+0800][4.965s][debug][gc,humongous      ] GC(48) Live humongous region 168 object size 1048592 start 0x00000000ea800000  with remset 0 code roots 0 is marked 0 reclaim candidate 0 type array 1
[2024-12-07T22:49:43.507+0800][4.965s][debug][gc,humongous      ] GC(48) Live humongous region 170 object size 1048592 start 0x00000000eaa00000  with remset 0 code roots 0 is marked 0 reclaim candidate 0 type array 1
[2024-12-07T22:49:43.507+0800][4.965s][debug][gc,humongous      ] GC(48) Live humongous region 172 object size 1048592 start 0x00000000eac00000  with remset 0 code roots 0 is marked 0 reclaim candidate 0 type array 1
[2024-12-07T22:49:43.507+0800][4.965s][debug][gc,humongous      ] GC(48) Live humongous region 174 object size 1048592 start 0x00000000eae00000  with remset 0 code roots 0 is marked 0 reclaim candidate 0 type array 1
[2024-12-07T22:49:43.507+0800][4.965s][debug][gc,humongous      ] GC(48) Live humongous region 176 object size 1048592 start 0x00000000eb000000  with remset 0 code roots 0 is marked 0 reclaim candidate 0 type array 1
[2024-12-07T22:49:43.507+0800][4.965s][debug][gc,humongous      ] GC(48) Live humongous region 178 object size 1048592 start 0x00000000eb200000  with remset 0 code roots 0 is marked 0 reclaim candidate 0 type array 1
[2024-12-07T22:49:43.507+0800][4.965s][debug][gc,humongous      ] GC(48) Live humongous region 180 object size 1048592 start 0x00000000eb400000  with remset 0 code roots 0 is marked 0 reclaim candidate 0 type array 1
[2024-12-07T22:49:43.507+0800][4.965s][debug][gc,humongous      ] GC(48) Live humongous region 182 object size 1048592 start 0x00000000eb600000  with remset 0 code roots 0 is marked 0 reclaim candidate 0 type array 1
[2024-12-07T22:49:43.507+0800][4.965s][debug][gc,humongous      ] GC(48) Live humongous region 184 object size 1048592 start 0x00000000eb800000  with remset 0 code roots 0 is marked 0 reclaim candidate 0 type array 1
[2024-12-07T22:49:43.507+0800][4.965s][debug][gc,humongous      ] GC(48) Live humongous region 186 object size 1048592 start 0x00000000eba00000  with remset 0 code roots 0 is marked 0 reclaim candidate 0 type array 1
[2024-12-07T22:49:43.507+0800][4.966s][debug][gc,humongous      ] GC(48) Live humongous region 188 object size 1048592 start 0x00000000ebc00000  with remset 0 code roots 0 is marked 0 reclaim candidate 0 type array 1
[2024-12-07T22:49:43.507+0800][4.966s][debug][gc,humongous      ] GC(48) Live humongous region 190 object size 1048592 start 0x00000000ebe00000  with remset 0 code roots 0 is marked 0 reclaim candidate 0 type array 1
[2024-12-07T22:49:43.507+0800][4.966s][debug][gc,humongous      ] GC(48) Live humongous region 192 object size 1048592 start 0x00000000ec000000  with remset 0 code roots 0 is marked 0 reclaim candidate 0 type array 1
[2024-12-07T22:49:43.507+0800][4.966s][debug][gc,humongous      ] GC(48) Live humongous region 194 object size 1048592 start 0x00000000ec200000  with remset 0 code roots 0 is marked 0 reclaim candidate 0 type array 1
[2024-12-07T22:49:43.507+0800][4.966s][debug][gc,humongous      ] GC(48) Live humongous region 196 object size 1048592 start 0x00000000ec400000  with remset 0 code roots 0 is marked 0 reclaim candidate 0 type array 1
[2024-12-07T22:49:43.508+0800][4.966s][debug][gc,humongous      ] GC(48) Live humongous region 198 object size 1048592 start 0x00000000ec600000  with remset 0 code roots 0 is marked 0 reclaim candidate 0 type array 1
[2024-12-07T22:49:43.508+0800][4.966s][debug][gc,humongous      ] GC(48) Live humongous region 200 object size 1048592 start 0x00000000ec800000  with remset 0 code roots 0 is marked 0 reclaim candidate 0 type array 1
[2024-12-07T22:49:43.508+0800][4.966s][debug][gc,humongous      ] GC(48) Live humongous region 202 object size 1048592 start 0x00000000eca00000  with remset 0 code roots 0 is marked 0 reclaim candidate 0 type array 1
[2024-12-07T22:49:43.508+0800][4.966s][debug][gc,humongous      ] GC(48) Live humongous region 204 object size 1048592 start 0x00000000ecc00000  with remset 0 code roots 0 is marked 0 reclaim candidate 0 type array 1
[2024-12-07T22:49:43.508+0800][4.966s][debug][gc,humongous      ] GC(48) Live humongous region 206 object size 1048592 start 0x00000000ece00000  with remset 0 code roots 0 is marked 0 reclaim candidate 0 type array 1
[2024-12-07T22:49:43.508+0800][4.966s][debug][gc,humongous      ] GC(48) Live humongous region 208 object size 1048592 start 0x00000000ed000000  with remset 0 code roots 0 is marked 0 reclaim candidate 0 type array 1
[2024-12-07T22:49:43.508+0800][4.966s][debug][gc,humongous      ] GC(48) Live humongous region 210 object size 1048592 start 0x00000000ed200000  with remset 0 code roots 0 is marked 0 reclaim candidate 0 type array 1
[2024-12-07T22:49:43.508+0800][4.966s][debug][gc,humongous      ] GC(48) Live humongous region 212 object size 1048592 start 0x00000000ed400000  with remset 0 code roots 0 is marked 0 reclaim candidate 0 type array 1
[2024-12-07T22:49:43.508+0800][4.966s][debug][gc,humongous      ] GC(48) Live humongous region 214 object size 1048592 start 0x00000000ed600000  with remset 0 code roots 0 is marked 0 reclaim candidate 0 type array 1
[2024-12-07T22:49:43.508+0800][4.966s][debug][gc,humongous      ] GC(48) Live humongous region 216 object size 1048592 start 0x00000000ed800000  with remset 0 code roots 0 is marked 0 reclaim candidate 0 type array 1
[2024-12-07T22:49:43.508+0800][4.966s][debug][gc,humongous      ] GC(48) Live humongous region 218 object size 1048592 start 0x00000000eda00000  with remset 0 code roots 0 is marked 0 reclaim candidate 0 type array 1
[2024-12-07T22:49:43.508+0800][4.967s][debug][gc,humongous      ] GC(48) Live humongous region 220 object size 1048592 start 0x00000000edc00000  with remset 0 code roots 0 is marked 0 reclaim candidate 0 type array 1
[2024-12-07T22:49:43.508+0800][4.967s][debug][gc,humongous      ] GC(48) Live humongous region 222 object size 1048592 start 0x00000000ede00000  with remset 0 code roots 0 is marked 0 reclaim candidate 0 type array 1
[2024-12-07T22:49:43.508+0800][4.967s][debug][gc,humongous      ] GC(48) Live humongous region 224 object size 1048592 start 0x00000000ee000000  with remset 0 code roots 0 is marked 0 reclaim candidate 0 type array 1
[2024-12-07T22:49:43.508+0800][4.967s][debug][gc,plab           ] GC(48) Young PLAB allocation: allocated: 6192B, wasted: 24B, unused: 2168B, used: 4000B, undo waste: 0B, 
[2024-12-07T22:49:43.508+0800][4.967s][debug][gc,plab           ] GC(48) Young other allocation: region end waste: 0B, regions filled: 1, direct allocated: 0B, failure used: 0B, failure wasted: 0B
[2024-12-07T22:49:43.509+0800][4.967s][debug][gc,plab           ] GC(48) Young sizing: calculated: 800B, actual: 2064B
[2024-12-07T22:49:43.509+0800][4.967s][debug][gc,plab           ] GC(48) Old PLAB allocation: allocated: 0B, wasted: 0B, unused: 0B, used: 0B, undo waste: 0B, 
[2024-12-07T22:49:43.509+0800][4.967s][debug][gc,plab           ] GC(48) Old other allocation: region end waste: 0B, regions filled: 1, direct allocated: 0B, failure used: 0B, failure wasted: 0B
[2024-12-07T22:49:43.509+0800][4.967s][debug][gc,plab           ] GC(48) Old sizing: calculated: 0B, actual: 2064B
[2024-12-07T22:49:43.509+0800][4.967s][debug][gc,alloc,stats    ] Old generation allocation in the last mutator period, old gen allocated: 0B, humongous allocated: 27262976B,old gen growth: 0B.
[2024-12-07T22:49:43.509+0800][4.967s][debug][gc,ihop           ] GC(48) Basic information (value update), threshold: 239704473B (45.00), target occupancy: 532676608B, current occupancy: 211019824B, recent allocation size: 27262976B, recent allocation duration: 101.03ms, recent old gen allocation rate: 269841701.57B/s, recent marking phase length: 0.00ms
[2024-12-07T22:49:43.509+0800][4.967s][debug][gc,ihop           ] GC(48) Adaptive IHOP information (value update), threshold: 239704473B (52.53), internal target occupancy: 456340275B, occupancy: 211019824B, additional buffer size: 142606336B, predicted old gen allocation rate: 84777013.98B/s, predicted marking phase length: 0.00ms, prediction active: false
[2024-12-07T22:49:43.509+0800][4.967s][debug][gc,ergo,refine    ] GC(48) Updated Refinement Zones: green: 18, yellow: 54, red: 90
[2024-12-07T22:49:43.509+0800][4.967s][info ][gc,phases         ] GC(48)   Pre Evacuate Collection Set: 0.2ms
[2024-12-07T22:49:43.509+0800][4.967s][debug][gc,phases         ] GC(48)     Prepare TLABs: 0.2ms
[2024-12-07T22:49:43.509+0800][4.968s][debug][gc,phases         ] GC(48)     Choose Collection Set: 0.2ms
[2024-12-07T22:49:43.509+0800][4.968s][debug][gc,phases         ] GC(48)     Humongous Register: 0.0ms
[2024-12-07T22:49:43.509+0800][4.968s][debug][gc,phases         ] GC(48)     Clear Claimed Marks: 0.0ms
[2024-12-07T22:49:43.509+0800][4.968s][info ][gc,phases         ] GC(48)   Evacuate Collection Set: 6.9ms
[2024-12-07T22:49:43.509+0800][4.968s][debug][gc,phases         ] GC(48)     Ext Root Scanning (ms):   Min:  0.0, Avg:  1.3, Max:  2.3, Diff:  2.3, Sum: 15.1, Workers: 12
[2024-12-07T22:49:43.510+0800][4.968s][debug][gc,phases         ] GC(48)     Update RS (ms):           Min:  0.0, Avg:  0.0, Max:  0.0, Diff:  0.0, Sum:  0.0, Workers: 12
[2024-12-07T22:49:43.510+0800][4.968s][debug][gc,phases         ] GC(48)       Processed Buffers:        Min: 0, Avg:  0.2, Max: 3, Diff: 3, Sum: 3, Workers: 12
[2024-12-07T22:49:43.510+0800][4.968s][debug][gc,phases         ] GC(48)       Scanned Cards:            Min: 0, Avg:  0.6, Max: 7, Diff: 7, Sum: 7, Workers: 12
[2024-12-07T22:49:43.510+0800][4.968s][debug][gc,phases         ] GC(48)       Skipped Cards:            Min: 0, Avg:  0.0, Max: 0, Diff: 0, Sum: 0, Workers: 12
[2024-12-07T22:49:43.510+0800][4.968s][debug][gc,phases         ] GC(48)     Scan RS (ms):             Min:  0.0, Avg:  0.0, Max:  0.0, Diff:  0.0, Sum:  0.0, Workers: 12
[2024-12-07T22:49:43.510+0800][4.968s][debug][gc,phases         ] GC(48)       Scanned Cards:            Min: 0, Avg:  0.2, Max: 1, Diff: 1, Sum: 2, Workers: 12
[2024-12-07T22:49:43.510+0800][4.968s][debug][gc,phases         ] GC(48)       Claimed Cards:            Min: 0, Avg:  0.2, Max: 2, Diff: 2, Sum: 3, Workers: 12
[2024-12-07T22:49:43.510+0800][4.968s][debug][gc,phases         ] GC(48)       Skipped Cards:            Min: 0, Avg:  0.1, Max: 1, Diff: 1, Sum: 1, Workers: 12
[2024-12-07T22:49:43.510+0800][4.968s][debug][gc,phases         ] GC(48)     Code Root Scanning (ms):  Min:  0.0, Avg:  0.0, Max:  0.0, Diff:  0.0, Sum:  0.0, Workers: 12
[2024-12-07T22:49:43.510+0800][4.968s][debug][gc,phases         ] GC(48)     AOT Root Scanning (ms):   skipped
[2024-12-07T22:49:43.510+0800][4.968s][debug][gc,phases         ] GC(48)     Object Copy (ms):         Min:  0.0, Avg:  0.0, Max:  0.0, Diff:  0.0, Sum:  0.1, Workers: 12
[2024-12-07T22:49:43.510+0800][4.969s][debug][gc,phases         ] GC(48)     Termination (ms):         Min:  0.0, Avg:  1.2, Max:  2.3, Diff:  2.3, Sum: 14.8, Workers: 12
[2024-12-07T22:49:43.510+0800][4.969s][debug][gc,phases         ] GC(48)       Termination Attempts:     Min: 1, Avg:  1.0, Max: 1, Diff: 0, Sum: 12, Workers: 12
[2024-12-07T22:49:43.510+0800][4.969s][debug][gc,phases         ] GC(48)     GC Worker Other (ms):     Min:  0.4, Avg:  2.1, Max:  3.6, Diff:  3.2, Sum: 25.3, Workers: 12
[2024-12-07T22:49:43.510+0800][4.969s][debug][gc,phases         ] GC(48)     GC Worker Total (ms):     Min:  2.7, Avg:  4.6, Max:  6.0, Diff:  3.3, Sum: 55.3, Workers: 12
[2024-12-07T22:49:43.510+0800][4.969s][info ][gc,phases         ] GC(48)   Post Evacuate Collection Set: 8.8ms
[2024-12-07T22:49:43.511+0800][4.969s][debug][gc,phases         ] GC(48)     Code Roots Fixup: 0.0ms
[2024-12-07T22:49:43.511+0800][4.969s][debug][gc,phases         ] GC(48)     Clear Card Table: 0.1ms
[2024-12-07T22:49:43.511+0800][4.969s][debug][gc,phases         ] GC(48)     Reference Processing: 0.4ms
[2024-12-07T22:49:43.511+0800][4.969s][debug][gc,phases,ref     ] GC(48)       Reconsider SoftReferences: 0.1ms
[2024-12-07T22:49:43.511+0800][4.969s][debug][gc,phases,ref     ] GC(48)         SoftRef (ms):             skipped
[2024-12-07T22:49:43.511+0800][4.969s][debug][gc,phases,ref     ] GC(48)       Notify Soft/WeakReferences: 0.1ms
[2024-12-07T22:49:43.511+0800][4.969s][debug][gc,phases,ref     ] GC(48)         SoftRef (ms):             skipped
[2024-12-07T22:49:43.511+0800][4.969s][debug][gc,phases,ref     ] GC(48)         WeakRef (ms):             skipped
[2024-12-07T22:49:43.511+0800][4.969s][debug][gc,phases,ref     ] GC(48)         FinalRef (ms):            skipped
[2024-12-07T22:49:43.511+0800][4.969s][debug][gc,phases,ref     ] GC(48)         Total (ms):               skipped
[2024-12-07T22:49:43.511+0800][4.970s][debug][gc,phases,ref     ] GC(48)       Notify and keep alive finalizable: 0.1ms
[2024-12-07T22:49:43.511+0800][4.970s][debug][gc,phases,ref     ] GC(48)         FinalRef (ms):            skipped
[2024-12-07T22:49:43.511+0800][4.970s][debug][gc,phases,ref     ] GC(48)       Notify PhantomReferences: 0.1ms
[2024-12-07T22:49:43.511+0800][4.970s][debug][gc,phases,ref     ] GC(48)         PhantomRef (ms):          skipped
[2024-12-07T22:49:43.511+0800][4.970s][debug][gc,phases,ref     ] GC(48)       SoftReference:
[2024-12-07T22:49:43.512+0800][4.970s][debug][gc,phases,ref     ] GC(48)         Discovered: 0
[2024-12-07T22:49:43.512+0800][4.970s][debug][gc,phases,ref     ] GC(48)         Cleared: 0
[2024-12-07T22:49:43.512+0800][4.970s][debug][gc,phases,ref     ] GC(48)       WeakReference:
[2024-12-07T22:49:43.512+0800][4.970s][debug][gc,phases,ref     ] GC(48)         Discovered: 0
[2024-12-07T22:49:43.512+0800][4.970s][debug][gc,phases,ref     ] GC(48)         Cleared: 0
[2024-12-07T22:49:43.512+0800][4.971s][debug][gc,phases,ref     ] GC(48)       FinalReference:
[2024-12-07T22:49:43.513+0800][4.971s][debug][gc,phases,ref     ] GC(48)         Discovered: 0
[2024-12-07T22:49:43.513+0800][4.971s][debug][gc,phases,ref     ] GC(48)         Cleared: 0
[2024-12-07T22:49:43.513+0800][4.971s][debug][gc,phases,ref     ] GC(48)       PhantomReference:
[2024-12-07T22:49:43.513+0800][4.971s][debug][gc,phases,ref     ] GC(48)         Discovered: 0
[2024-12-07T22:49:43.513+0800][4.971s][debug][gc,phases,ref     ] GC(48)         Cleared: 0
[2024-12-07T22:49:43.513+0800][4.971s][debug][gc,phases         ] GC(48)     Weak Processing: 0.0ms
[2024-12-07T22:49:43.513+0800][4.971s][debug][gc,phases         ] GC(48)     Merge Per-Thread State: 0.0ms
[2024-12-07T22:49:43.513+0800][4.971s][debug][gc,phases         ] GC(48)     Code Roots Purge: 0.0ms
[2024-12-07T22:49:43.513+0800][4.971s][debug][gc,phases         ] GC(48)     Redirty Cards: 0.1ms
[2024-12-07T22:49:43.513+0800][4.971s][debug][gc,phases         ] GC(48)     DerivedPointerTable Update: 0.0ms
[2024-12-07T22:49:43.513+0800][4.972s][debug][gc,phases         ] GC(48)     Free Collection Set: 0.2ms
[2024-12-07T22:49:43.513+0800][4.972s][debug][gc,phases         ] GC(48)     Humongous Reclaim: 8.0ms
[2024-12-07T22:49:43.513+0800][4.972s][debug][gc,phases         ] GC(48)     Start New Collection Set: 0.0ms
[2024-12-07T22:49:43.513+0800][4.972s][debug][gc,phases         ] GC(48)     Resize TLABs: 0.0ms
[2024-12-07T22:49:43.513+0800][4.972s][debug][gc,phases         ] GC(48)     Expand Heap After Collection: 0.0ms
[2024-12-07T22:49:43.514+0800][4.972s][info ][gc,phases         ] GC(48)   Other: 3.2ms
[2024-12-07T22:49:43.514+0800][4.972s][info ][gc,heap           ] GC(48) Eden regions: 1->0(135)
[2024-12-07T22:49:43.514+0800][4.972s][info ][gc,heap           ] GC(48) Survivor regions: 1->1(14)
[2024-12-07T22:49:43.514+0800][4.972s][info ][gc,heap           ] GC(48) Old regions: 3->3
[2024-12-07T22:49:43.514+0800][4.972s][info ][gc,heap           ] GC(48) Humongous regions: 226->200
[2024-12-07T22:49:43.514+0800][4.972s][info ][gc,metaspace      ] GC(48) Metaspace: 677K(4864K)->677K(4864K) NonClass: 624K(4352K)->624K(4352K) Class: 52K(512K)->52K(512K)
[2024-12-07T22:49:43.514+0800][4.972s][debug][gc,heap           ] GC(48) Heap after GC invocations=49 (full 0): garbage-first heap   total 520192K, used 206074K [0x00000000e0000000, 0x0000000100000000)
[2024-12-07T22:49:43.514+0800][4.972s][debug][gc,heap           ] GC(48)   region size 1024K, 1 young (1024K), 1 survivors (1024K)
[2024-12-07T22:49:43.514+0800][4.972s][debug][gc,heap           ] GC(48)  Metaspace       used 677K, capacity 4575K, committed 4864K, reserved 1056768K
[2024-12-07T22:49:43.514+0800][4.972s][debug][gc,heap           ] GC(48)   class space    used 52K, capacity 418K, committed 512K, reserved 1048576K
[2024-12-07T22:49:43.514+0800][4.972s][info ][gc                ] GC(48) Pause Young (Concurrent Start) (G1 Humongous Allocation) 227M->201M(508M) 22.700ms
[2024-12-07T22:49:43.514+0800][4.973s][info ][gc,cpu            ] GC(48) User=0.02s Sys=0.00s Real=0.02s
[2024-12-07T22:49:43.514+0800][4.973s][info ][gc                ] GC(49) Concurrent Cycle
[2024-12-07T22:49:43.514+0800][4.973s][info ][gc,marking        ] GC(49) Concurrent Clear Claimed Marks
[2024-12-07T22:49:43.515+0800][4.973s][info ][gc,marking        ] GC(49) Concurrent Clear Claimed Marks 0.108ms
[2024-12-07T22:49:43.515+0800][4.973s][info ][gc,marking        ] GC(49) Concurrent Scan Root Regions
[2024-12-07T22:49:43.515+0800][4.973s][debug][gc,ergo           ] GC(49) Running G1 Root Region Scan using 1 workers for 1 work units.
[2024-12-07T22:49:43.515+0800][4.973s][info ][gc,marking        ] GC(49) Concurrent Scan Root Regions 0.229ms
[2024-12-07T22:49:43.515+0800][4.973s][info ][gc,marking        ] GC(49) Concurrent Mark (4.973s)
[2024-12-07T22:49:43.515+0800][4.973s][info ][gc,marking        ] GC(49) Concurrent Mark From Roots
[2024-12-07T22:49:43.515+0800][4.973s][info ][gc,task           ] GC(49) Using 5 workers of 5 for marking
[2024-12-07T22:49:43.516+0800][4.974s][debug][gc,stats          ] ---------------------------------------------------------------------
[2024-12-07T22:49:43.516+0800][4.974s][debug][gc,stats          ] Marking Stats, task = 0, calls = 1
[2024-12-07T22:49:43.516+0800][4.974s][debug][gc,stats          ]   Elapsed time = 0.62ms, Termination time = 0.00ms
[2024-12-07T22:49:43.516+0800][4.974s][debug][gc,stats          ]   Step Times (cum): num = 2204, avg = 0.01ms, sd = 0.18ms max = 5.58ms, total = 29.12ms
[2024-12-07T22:49:43.516+0800][4.974s][debug][gc,stats          ]   Mark Stats Cache: hits 9362 misses 102 ratio 98.922
[2024-12-07T22:49:43.516+0800][4.974s][debug][gc,stats          ] ---------------------------------------------------------------------
[2024-12-07T22:49:43.516+0800][4.975s][debug][gc,stats          ] Marking Stats, task = 1, calls = 9
[2024-12-07T22:49:43.516+0800][4.975s][debug][gc,stats          ]   Elapsed time = 0.63ms, Termination time = 0.00ms
[2024-12-07T22:49:43.516+0800][4.975s][debug][gc,stats          ]   Step Times (cum): num = 575, avg = 0.05ms, sd = 0.35ms max = 5.59ms, total = 28.26ms
[2024-12-07T22:49:43.516+0800][4.975s][debug][gc,stats          ]   Mark Stats Cache: hits 5126 misses 3 ratio 99.942
[2024-12-07T22:49:43.516+0800][4.975s][debug][gc,stats          ] ---------------------------------------------------------------------
[2024-12-07T22:49:43.517+0800][4.975s][debug][gc,stats          ] Marking Stats, task = 2, calls = 14
[2024-12-07T22:49:43.517+0800][4.975s][debug][gc,stats          ]   Elapsed time = 0.63ms, Termination time = 0.00ms
[2024-12-07T22:49:43.517+0800][4.975s][debug][gc,stats          ]   Step Times (cum): num = 464, avg = 0.06ms, sd = 0.39ms max = 5.58ms, total = 28.77ms
[2024-12-07T22:49:43.517+0800][4.975s][debug][gc,stats          ]   Mark Stats Cache: hits 3380 misses 3 ratio 99.911
[2024-12-07T22:49:43.517+0800][4.975s][debug][gc,stats          ] ---------------------------------------------------------------------
[2024-12-07T22:49:43.517+0800][4.975s][debug][gc,stats          ] Marking Stats, task = 3, calls = 21
[2024-12-07T22:49:43.517+0800][4.975s][debug][gc,stats          ]   Elapsed time = 0.62ms, Termination time = 0.00ms
[2024-12-07T22:49:43.517+0800][4.975s][debug][gc,stats          ]   Step Times (cum): num = 540, avg = 0.05ms, sd = 0.36ms max = 5.59ms, total = 28.29ms
[2024-12-07T22:49:43.517+0800][4.975s][debug][gc,stats          ]   Mark Stats Cache: hits 2702 misses 3 ratio 99.889
[2024-12-07T22:49:43.517+0800][4.975s][debug][gc,stats          ] ---------------------------------------------------------------------
[2024-12-07T22:49:43.517+0800][4.975s][debug][gc,stats          ] Marking Stats, task = 4, calls = 13
[2024-12-07T22:49:43.517+0800][4.976s][debug][gc,stats          ]   Elapsed time = 0.61ms, Termination time = 0.00ms
[2024-12-07T22:49:43.517+0800][4.976s][debug][gc,stats          ]   Step Times (cum): num = 540, avg = 0.05ms, sd = 0.36ms max = 5.59ms, total = 28.62ms
[2024-12-07T22:49:43.517+0800][4.976s][debug][gc,stats          ]   Mark Stats Cache: hits 4925 misses 3 ratio 99.939
[2024-12-07T22:49:43.517+0800][4.976s][debug][gc,stats          ] ---------------------------------------------------------------------
[2024-12-07T22:49:43.517+0800][4.976s][info ][gc,marking        ] GC(49) Concurrent Mark From Roots 2.494ms
[2024-12-07T22:49:43.518+0800][4.976s][info ][gc,marking        ] GC(49) Concurrent Preclean
[2024-12-07T22:49:43.518+0800][4.976s][debug][gc,ref,start      ] GC(49) Preclean SoftReferences
[2024-12-07T22:49:43.518+0800][4.976s][debug][gc,ref            ] GC(49) Preclean SoftReferences 0.072ms
[2024-12-07T22:49:43.518+0800][4.976s][debug][gc,ref,start      ] GC(49) Preclean WeakReferences
[2024-12-07T22:49:43.518+0800][4.976s][debug][gc,ref            ] GC(49) Preclean WeakReferences 0.072ms
[2024-12-07T22:49:43.518+0800][4.976s][debug][gc,ref,start      ] GC(49) Preclean FinalReferences
[2024-12-07T22:49:43.518+0800][4.976s][debug][gc,ref            ] GC(49) Preclean FinalReferences 0.071ms
[2024-12-07T22:49:43.518+0800][4.976s][debug][gc,ref,start      ] GC(49) Preclean PhantomReferences
[2024-12-07T22:49:43.518+0800][4.976s][debug][gc,ref            ] GC(49) Preclean PhantomReferences 0.073ms
[2024-12-07T22:49:43.518+0800][4.977s][info ][gc,marking        ] GC(49) Concurrent Preclean 0.629ms
[2024-12-07T22:49:43.518+0800][4.977s][info ][gc,marking        ] GC(49) Concurrent Mark (4.973s, 4.977s) 3.310ms
[2024-12-07T22:49:43.518+0800][4.977s][info ][gc,start          ] GC(49) Pause Remark
[2024-12-07T22:49:43.518+0800][4.977s][debug][gc,phases,start   ] GC(49) Finalize Marking
[2024-12-07T22:49:43.520+0800][4.978s][debug][gc,stats          ] ---------------------------------------------------------------------
[2024-12-07T22:49:43.520+0800][4.978s][debug][gc,stats          ] Marking Stats, task = 0, calls = 74
[2024-12-07T22:49:43.520+0800][4.978s][debug][gc,stats          ]   Elapsed time = 1.32ms, Termination time = 0.85ms
[2024-12-07T22:49:43.520+0800][4.978s][debug][gc,stats          ]   Step Times (cum): num = 2277, avg = 0.01ms, sd = 0.18ms max = 5.58ms, total = 29.97ms
[2024-12-07T22:49:43.520+0800][4.979s][debug][gc,stats          ]   Mark Stats Cache: hits 9362 misses 102 ratio 98.922
[2024-12-07T22:49:43.520+0800][4.979s][debug][gc,stats          ] ---------------------------------------------------------------------
[2024-12-07T22:49:43.520+0800][4.979s][debug][gc,stats          ] Marking Stats, task = 1, calls = 10
[2024-12-07T22:49:43.520+0800][4.979s][debug][gc,stats          ]   Elapsed time = 1.33ms, Termination time = 0.84ms
[2024-12-07T22:49:43.520+0800][4.979s][debug][gc,stats          ]   Step Times (cum): num = 576, avg = 0.05ms, sd = 0.35ms max = 5.59ms, total = 29.10ms
[2024-12-07T22:49:43.521+0800][4.979s][debug][gc,stats          ]   Mark Stats Cache: hits 5126 misses 3 ratio 99.942
[2024-12-07T22:49:43.521+0800][4.979s][debug][gc,stats          ] ---------------------------------------------------------------------
[2024-12-07T22:49:43.521+0800][4.979s][debug][gc,stats          ] Marking Stats, task = 2, calls = 15
[2024-12-07T22:49:43.521+0800][4.979s][debug][gc,stats          ]   Elapsed time = 1.30ms, Termination time = 0.83ms
[2024-12-07T22:49:43.521+0800][4.979s][debug][gc,stats          ]   Step Times (cum): num = 465, avg = 0.06ms, sd = 0.39ms max = 5.58ms, total = 29.60ms
[2024-12-07T22:49:43.521+0800][4.979s][debug][gc,stats          ]   Mark Stats Cache: hits 3380 misses 3 ratio 99.911
[2024-12-07T22:49:43.521+0800][4.979s][debug][gc,stats          ] ---------------------------------------------------------------------
[2024-12-07T22:49:43.521+0800][4.980s][debug][gc,stats          ] Marking Stats, task = 3, calls = 22
[2024-12-07T22:49:43.522+0800][4.980s][debug][gc,stats          ]   Elapsed time = 1.30ms, Termination time = 0.83ms
[2024-12-07T22:49:43.522+0800][4.980s][debug][gc,stats          ]   Step Times (cum): num = 541, avg = 0.05ms, sd = 0.36ms max = 5.59ms, total = 29.11ms
[2024-12-07T22:49:43.522+0800][4.980s][debug][gc,stats          ]   Mark Stats Cache: hits 2702 misses 3 ratio 99.889
[2024-12-07T22:49:43.522+0800][4.980s][debug][gc,stats          ] ---------------------------------------------------------------------
[2024-12-07T22:49:43.522+0800][4.980s][debug][gc,stats          ] Marking Stats, task = 4, calls = 14
[2024-12-07T22:49:43.522+0800][4.980s][debug][gc,stats          ]   Elapsed time = 1.16ms, Termination time = 0.83ms
[2024-12-07T22:49:43.522+0800][4.981s][debug][gc,stats          ]   Step Times (cum): num = 541, avg = 0.05ms, sd = 0.36ms max = 5.59ms, total = 29.44ms
[2024-12-07T22:49:43.522+0800][4.981s][debug][gc,stats          ]   Mark Stats Cache: hits 4925 misses 3 ratio 99.939
[2024-12-07T22:49:43.522+0800][4.981s][debug][gc,stats          ] ---------------------------------------------------------------------
[2024-12-07T22:49:43.522+0800][4.981s][debug][gc,stats          ] Marking Stats, task = 5, calls = 1
[2024-12-07T22:49:43.522+0800][4.981s][debug][gc,stats          ]   Elapsed time = 1.16ms, Termination time = 0.83ms
[2024-12-07T22:49:43.523+0800][4.981s][debug][gc,stats          ]   Step Times (cum): num = 25, avg = 1.06ms, sd = 1.28ms max = 5.59ms, total = 26.60ms
[2024-12-07T22:49:43.523+0800][4.981s][debug][gc,stats          ]   Mark Stats Cache: hits 0 misses 0 ratio 0.000
[2024-12-07T22:49:43.523+0800][4.981s][debug][gc,stats          ] ---------------------------------------------------------------------
[2024-12-07T22:49:43.523+0800][4.981s][debug][gc,stats          ] Marking Stats, task = 6, calls = 1
[2024-12-07T22:49:43.523+0800][4.981s][debug][gc,stats          ]   Elapsed time = 1.15ms, Termination time = 0.82ms
[2024-12-07T22:49:43.523+0800][4.981s][debug][gc,stats          ]   Step Times (cum): num = 25, avg = 1.07ms, sd = 1.28ms max = 5.59ms, total = 26.81ms
[2024-12-07T22:49:43.523+0800][4.981s][debug][gc,stats          ]   Mark Stats Cache: hits 0 misses 0 ratio 0.000
[2024-12-07T22:49:43.523+0800][4.981s][debug][gc,stats          ] ---------------------------------------------------------------------
[2024-12-07T22:49:43.523+0800][4.982s][debug][gc,stats          ] Marking Stats, task = 7, calls = 1
[2024-12-07T22:49:43.523+0800][4.982s][debug][gc,stats          ]   Elapsed time = 1.15ms, Termination time = 0.82ms
[2024-12-07T22:49:43.523+0800][4.982s][debug][gc,stats          ]   Step Times (cum): num = 25, avg = 1.09ms, sd = 1.24ms max = 5.60ms, total = 27.16ms
[2024-12-07T22:49:43.523+0800][4.982s][debug][gc,stats          ]   Mark Stats Cache: hits 0 misses 0 ratio 0.000
[2024-12-07T22:49:43.523+0800][4.982s][debug][gc,stats          ] ---------------------------------------------------------------------
[2024-12-07T22:49:43.524+0800][4.982s][debug][gc,stats          ] Marking Stats, task = 8, calls = 1
[2024-12-07T22:49:43.524+0800][4.982s][debug][gc,stats          ]   Elapsed time = 1.05ms, Termination time = 0.97ms
[2024-12-07T22:49:43.524+0800][4.982s][debug][gc,stats          ]   Step Times (cum): num = 25, avg = 1.06ms, sd = 1.25ms max = 5.72ms, total = 26.62ms
[2024-12-07T22:49:43.524+0800][4.982s][debug][gc,stats          ]   Mark Stats Cache: hits 0 misses 0 ratio 0.000
[2024-12-07T22:49:43.524+0800][4.982s][debug][gc,stats          ] ---------------------------------------------------------------------
[2024-12-07T22:49:43.524+0800][4.982s][debug][gc,stats          ] Marking Stats, task = 9, calls = 1
[2024-12-07T22:49:43.524+0800][4.982s][debug][gc,stats          ]   Elapsed time = 0.86ms, Termination time = 0.60ms
[2024-12-07T22:49:43.524+0800][4.982s][debug][gc,stats          ]   Step Times (cum): num = 25, avg = 1.01ms, sd = 1.31ms max = 5.87ms, total = 25.25ms
[2024-12-07T22:49:43.524+0800][4.982s][debug][gc,stats          ]   Mark Stats Cache: hits 0 misses 0 ratio 0.000
[2024-12-07T22:49:43.524+0800][4.982s][debug][gc,stats          ] ---------------------------------------------------------------------
[2024-12-07T22:49:43.524+0800][4.983s][debug][gc,stats          ] Marking Stats, task = 10, calls = 1
[2024-12-07T22:49:43.524+0800][4.983s][debug][gc,stats          ]   Elapsed time = 0.45ms, Termination time = 0.39ms
[2024-12-07T22:49:43.524+0800][4.983s][debug][gc,stats          ]   Step Times (cum): num = 25, avg = 0.62ms, sd = 0.85ms max = 3.41ms, total = 15.61ms
[2024-12-07T22:49:43.524+0800][4.983s][debug][gc,stats          ]   Mark Stats Cache: hits 0 misses 0 ratio 0.000
[2024-12-07T22:49:43.524+0800][4.983s][debug][gc,stats          ] ---------------------------------------------------------------------
[2024-12-07T22:49:43.525+0800][4.983s][debug][gc,stats          ] Marking Stats, task = 11, calls = 1
[2024-12-07T22:49:43.525+0800][4.983s][debug][gc,stats          ]   Elapsed time = 0.00ms, Termination time = 0.00ms
[2024-12-07T22:49:43.525+0800][4.983s][debug][gc,stats          ]   Step Times (cum): num = 25, avg = 0.00ms, sd = 0.00ms max = 0.00ms, total = 0.00ms
[2024-12-07T22:49:43.525+0800][4.983s][debug][gc,stats          ]   Mark Stats Cache: hits 0 misses 0 ratio 0.000
[2024-12-07T22:49:43.525+0800][4.983s][debug][gc,stats          ] ---------------------------------------------------------------------
[2024-12-07T22:49:43.525+0800][4.983s][debug][gc,phases         ] GC(49) Finalize Marking 6.335ms
[2024-12-07T22:49:43.525+0800][4.983s][debug][gc,phases,start   ] GC(49) Reference Processing
[2024-12-07T22:49:43.525+0800][4.983s][debug][gc,ref            ] GC(49) Skipped phase1 of Reference Processing due to unavailable references
[2024-12-07T22:49:43.525+0800][4.983s][debug][gc,ref            ] GC(49) Skipped phase2 of Reference Processing due to unavailable references
[2024-12-07T22:49:43.525+0800][4.983s][debug][gc,ref            ] GC(49) Skipped phase3 of Reference Processing due to unavailable references
[2024-12-07T22:49:43.525+0800][4.983s][debug][gc,ref            ] GC(49) Skipped phase4 of Reference Processing due to unavailable references
[2024-12-07T22:49:43.525+0800][4.984s][debug][gc,phases,ref     ] GC(49) Reference Processing: 0.3ms
[2024-12-07T22:49:43.525+0800][4.984s][debug][gc,phases,ref     ] GC(49)   Reconsider SoftReferences: 0.1ms
[2024-12-07T22:49:43.525+0800][4.984s][debug][gc,phases,ref     ] GC(49)     SoftRef (ms):             skipped
[2024-12-07T22:49:43.525+0800][4.984s][debug][gc,phases,ref     ] GC(49)   Notify Soft/WeakReferences: 0.1ms
[2024-12-07T22:49:43.525+0800][4.984s][debug][gc,phases,ref     ] GC(49)     SoftRef (ms):             skipped
[2024-12-07T22:49:43.526+0800][4.984s][debug][gc,phases,ref     ] GC(49)     WeakRef (ms):             skipped
[2024-12-07T22:49:43.526+0800][4.984s][debug][gc,phases,ref     ] GC(49)     FinalRef (ms):            skipped
[2024-12-07T22:49:43.526+0800][4.984s][debug][gc,phases,ref     ] GC(49)     Total (ms):               skipped
[2024-12-07T22:49:43.526+0800][4.984s][debug][gc,phases,ref     ] GC(49)   Notify and keep alive finalizable: 0.1ms
[2024-12-07T22:49:43.526+0800][4.984s][debug][gc,phases,ref     ] GC(49)     FinalRef (ms):            skipped
[2024-12-07T22:49:43.526+0800][4.984s][debug][gc,phases,ref     ] GC(49)   Notify PhantomReferences: 0.1ms
[2024-12-07T22:49:43.526+0800][4.984s][debug][gc,phases,ref     ] GC(49)     PhantomRef (ms):          skipped
[2024-12-07T22:49:43.526+0800][4.984s][debug][gc,phases,ref     ] GC(49)   SoftReference:
[2024-12-07T22:49:43.526+0800][4.984s][debug][gc,phases,ref     ] GC(49)     Discovered: 0
[2024-12-07T22:49:43.526+0800][4.984s][debug][gc,phases,ref     ] GC(49)     Cleared: 0
[2024-12-07T22:49:43.526+0800][4.984s][debug][gc,phases,ref     ] GC(49)   WeakReference:
[2024-12-07T22:49:43.526+0800][4.985s][debug][gc,phases,ref     ] GC(49)     Discovered: 0
[2024-12-07T22:49:43.526+0800][4.985s][debug][gc,phases,ref     ] GC(49)     Cleared: 0
[2024-12-07T22:49:43.526+0800][4.985s][debug][gc,phases,ref     ] GC(49)   FinalReference:
[2024-12-07T22:49:43.526+0800][4.985s][debug][gc,phases,ref     ] GC(49)     Discovered: 0
[2024-12-07T22:49:43.526+0800][4.985s][debug][gc,phases,ref     ] GC(49)     Cleared: 0
[2024-12-07T22:49:43.527+0800][4.985s][debug][gc,phases,ref     ] GC(49)   PhantomReference:
[2024-12-07T22:49:43.527+0800][4.985s][debug][gc,phases,ref     ] GC(49)     Discovered: 0
[2024-12-07T22:49:43.527+0800][4.985s][debug][gc,phases,ref     ] GC(49)     Cleared: 0
[2024-12-07T22:49:43.527+0800][4.985s][debug][gc,phases         ] GC(49) Reference Processing 1.828ms
[2024-12-07T22:49:43.527+0800][4.985s][debug][gc,phases,start   ] GC(49) Weak Processing
[2024-12-07T22:49:43.527+0800][4.985s][debug][gc,phases         ] GC(49) Weak Processing 0.066ms
[2024-12-07T22:49:43.527+0800][4.985s][debug][gc,phases,start   ] GC(49) Class Unloading
[2024-12-07T22:49:43.527+0800][4.985s][debug][gc,phases,start   ] GC(49) ClassLoaderData
[2024-12-07T22:49:43.527+0800][4.985s][debug][gc,phases         ] GC(49) ClassLoaderData 0.069ms
[2024-12-07T22:49:43.527+0800][4.985s][debug][gc,phases,start   ] GC(49) ProtectionDomainCacheTable
[2024-12-07T22:49:43.527+0800][4.985s][debug][gc,phases         ] GC(49) ProtectionDomainCacheTable 0.064ms
[2024-12-07T22:49:43.528+0800][4.986s][info ][gc,stringtable    ] GC(49) Cleaned string and symbol table, strings: 64 processed, 0 removed, symbols: 226 processed, 0 removed
[2024-12-07T22:49:43.528+0800][4.986s][debug][gc,phases         ] GC(49) Class Unloading 0.736ms
[2024-12-07T22:49:43.528+0800][4.986s][debug][gc,phases,start   ] GC(49) Flush Task Caches
[2024-12-07T22:49:43.528+0800][4.986s][debug][gc,stats          ] Mark stats cache hits 25495 misses 114 ratio 99.555
[2024-12-07T22:49:43.528+0800][4.986s][debug][gc,phases         ] GC(49) Flush Task Caches 0.148ms
[2024-12-07T22:49:43.528+0800][4.986s][debug][gc,phases,start   ] GC(49) Update Remembered Set Tracking Before Rebuild
[2024-12-07T22:49:43.528+0800][4.986s][debug][gc,ergo           ] GC(49) Running G1 Update RemSet Tracking Before Rebuild using 2 workers for 508 regions in heap
[2024-12-07T22:49:43.528+0800][4.987s][debug][gc,remset,tracking] GC(49) Remembered Set Tracking update regions total 508, selected 1
[2024-12-07T22:49:43.528+0800][4.987s][debug][gc,phases         ] GC(49) Update Remembered Set Tracking Before Rebuild 0.568ms
[2024-12-07T22:49:43.529+0800][4.987s][debug][gc,phases,start   ] GC(49) Reclaim Empty Regions
[2024-12-07T22:49:43.529+0800][4.987s][debug][gc,phases         ] GC(49) Reclaim Empty Regions 0.168ms
[2024-12-07T22:49:43.529+0800][4.987s][debug][gc,phases,start   ] GC(49) Purge Metaspace
[2024-12-07T22:49:43.529+0800][4.987s][debug][gc,phases         ] GC(49) Purge Metaspace 0.081ms
[2024-12-07T22:49:43.529+0800][4.987s][debug][gc,phases,start   ] GC(49) Report Object Count
[2024-12-07T22:49:43.529+0800][4.987s][debug][gc,phases         ] GC(49) Report Object Count 0.075ms
[2024-12-07T22:49:43.529+0800][4.987s][info ][gc                ] GC(49) Pause Remark 203M->203M(508M) 10.749ms
[2024-12-07T22:49:43.529+0800][4.988s][info ][gc,cpu            ] GC(49) User=0.01s Sys=0.00s Real=0.01s
[2024-12-07T22:49:43.529+0800][4.988s][info ][gc,marking        ] GC(49) Concurrent Rebuild Remembered Sets
[2024-12-07T22:49:43.530+0800][4.988s][info ][gc,marking        ] GC(49) Concurrent Rebuild Remembered Sets 0.429ms
[2024-12-07T22:49:43.530+0800][4.988s][info ][gc,start          ] GC(49) Pause Cleanup
[2024-12-07T22:49:43.530+0800][4.988s][debug][gc,phases,start   ] GC(49) Update Remembered Set Tracking After Rebuild
[2024-12-07T22:49:43.530+0800][4.988s][debug][gc,phases         ] GC(49) Update Remembered Set Tracking After Rebuild 0.079ms
[2024-12-07T22:49:43.530+0800][4.988s][debug][gc,phases,start   ] GC(49) Finalize Concurrent Mark Cleanup
[2024-12-07T22:49:43.530+0800][4.989s][debug][gc,ergo           ] GC(49) request young-only gcs (candidate old regions not available)
[2024-12-07T22:49:43.530+0800][4.989s][debug][gc,phases         ] GC(49) Finalize Concurrent Mark Cleanup 0.255ms
[2024-12-07T22:49:43.530+0800][4.989s][info ][gc                ] GC(49) Pause Cleanup 203M->203M(508M) 0.549ms
[2024-12-07T22:49:43.531+0800][4.989s][info ][gc,cpu            ] GC(49) User=0.00s Sys=0.00s Real=0.00s
[2024-12-07T22:49:43.531+0800][4.989s][info ][gc,marking        ] GC(49) Concurrent Cleanup for Next Mark
[2024-12-07T22:49:43.531+0800][4.989s][debug][gc,ergo           ] GC(49) Running G1 Clear Bitmap with 5 workers for 8 work units.
[2024-12-07T22:49:43.531+0800][4.989s][info ][gc,marking        ] GC(49) Concurrent Cleanup for Next Mark 0.283ms
[2024-12-07T22:49:43.531+0800][4.989s][info ][gc                ] GC(49) Concurrent Cycle 16.650ms
[2024-12-07T22:49:43.661+0800][5.119s][debug][gc,refine         ] Stopping 0
[2024-12-07T22:49:43.661+0800][5.119s][info ][gc,heap,exit      ] Heap
[2024-12-07T22:49:43.661+0800][5.119s][info ][gc,heap,exit      ]  garbage-first heap   total 520192K, used 229626K [0x00000000e0000000, 0x0000000100000000)
[2024-12-07T22:49:43.661+0800][5.119s][info ][gc,heap,exit      ]   region size 1024K, 3 young (3072K), 1 survivors (1024K)
[2024-12-07T22:49:43.661+0800][5.120s][info ][gc,heap,exit      ]  Metaspace       used 681K, capacity 4575K, committed 4864K, reserved 1056768K
[2024-12-07T22:49:43.662+0800][5.120s][info ][gc,heap,exit      ]   class space    used 53K, capacity 418K, committed 512K, reserved 1048576K
