[2024-12-07T17:08:09.670+0800][0.018s][info][gc,heap] Heap region size: 1M
[2024-12-07T17:08:09.670+0800][0.018s][debug][gc,heap] Minimum heap 8388608  Initial heap 526385152  Maximum heap 536870912
[2024-12-07T17:08:09.671+0800][0.019s][debug][gc     ] ConcGCThreads: 5 offset 42
[2024-12-07T17:08:09.671+0800][0.020s][debug][gc     ] ParallelGCThreads: 18
[2024-12-07T17:08:09.672+0800][0.020s][debug][gc     ] Initialize mark stack with 4096 chunks, maximum 16384
[2024-12-07T17:08:09.672+0800][0.020s][debug][gc,ergo,heap] Expand the heap. requested expansion amount: 526385152B expansion amount: 526385152B
[2024-12-07T17:08:09.675+0800][0.023s][debug][gc,ihop     ] Target occupancy update: old: 0B, new: 526385152B
[2024-12-07T17:08:09.675+0800][0.023s][debug][gc,ergo,refine] Initial Refinement Zones: green: 18, yellow: 54, red: 90, min yellow size: 36
[2024-12-07T17:08:09.676+0800][0.024s][info ][gc            ] Using G1
[2024-12-07T17:08:09.676+0800][0.024s][info ][gc,heap,coops ] Heap address: 0x00000000e0000000, size: 512 MB, Compressed Oops mode: 32-bit
[2024-12-07T17:08:09.677+0800][0.025s][debug][gc,ergo,heap  ] Attempt heap expansion (allocate archive regions). Total size: 1048576B
[2024-12-07T17:08:09.677+0800][0.025s][info ][gc,cds        ] Mark closed archive regions in map: [0x00000000ffe00000, 0x00000000ffe6bff8]
[2024-12-07T17:08:09.677+0800][0.025s][debug][gc,ergo,heap  ] Attempt heap expansion (allocate archive regions). Total size: 1048576B
[2024-12-07T17:08:09.677+0800][0.025s][info ][gc,cds        ] Mark open archive regions in map: [0x00000000ffc00000, 0x00000000ffc47ff8]
[2024-12-07T17:08:10.889+0800][1.237s][debug][gc,ergo,ihop  ] Request concurrent cycle initiation (occupancy higher than threshold) occupancy: 236978176B allocation request: 1048592B threshold: 236873318B (44.82) source: concurrent humongous allocation
[2024-12-07T17:08:10.889+0800][1.237s][debug][gc,ergo       ] Request concurrent cycle initiation (requested by GC cause). GC cause: G1 Humongous Allocation
[2024-12-07T17:08:10.890+0800][1.238s][debug][gc,heap       ] GC(0) Heap before GC invocations=0 (full 0): garbage-first heap   total 516096K, used 231120K [0x00000000e0000000, 0x0000000100000000)
[2024-12-07T17:08:10.890+0800][1.238s][debug][gc,heap       ] GC(0)   region size 1024K, 2 young (2048K), 0 survivors (0K)
[2024-12-07T17:08:10.890+0800][1.238s][debug][gc,heap       ] GC(0)  Metaspace       used 558K, capacity 4570K, committed 4864K, reserved 1056768K
[2024-12-07T17:08:10.890+0800][1.238s][debug][gc,heap       ] GC(0)   class space    used 46K, capacity 419K, committed 512K, reserved 1048576K
[2024-12-07T17:08:10.890+0800][1.238s][debug][gc,ergo       ] GC(0) Initiate concurrent cycle (concurrent cycle initiation requested)
[2024-12-07T17:08:10.890+0800][1.238s][info ][gc,start      ] GC(0) Pause Young (Concurrent Start) (G1 Humongous Allocation)
[2024-12-07T17:08:10.891+0800][1.239s][info ][gc,task       ] GC(0) Using 12 workers of 18 for evacuation
[2024-12-07T17:08:10.891+0800][1.239s][debug][gc,tlab       ] GC(0) TLAB totals: thrds: 3  refills: 5 max: 3 slow allocs: 113 max 113 waste: 49.2% gc: 1031440B max: 524256B slow: 1168B max: 1168B fast: 0B max: 0B
[2024-12-07T17:08:10.892+0800][1.240s][debug][gc,alloc,region] GC(0) Mutator Allocation stats, regions: 2, wasted size: 0B ( 0.0%)
[2024-12-07T17:08:10.892+0800][1.240s][debug][gc,age         ] GC(0) Desired survivor size 2097152 bytes, new threshold 15 (max threshold 15)
[2024-12-07T17:08:10.892+0800][1.240s][debug][gc,ergo,cset   ] GC(0) Finish choosing CSet. old: 0 regions, predicted old region time: 0.00ms, time remaining: 158.74
[2024-12-07T17:08:10.892+0800][1.240s][debug][gc,task,stats  ] GC(0) GC Termination Stats
[2024-12-07T17:08:10.892+0800][1.240s][debug][gc,task,stats  ] GC(0)      elapsed  --strong roots-- -------termination------- ------waste (KiB)------
[2024-12-07T17:08:10.892+0800][1.240s][debug][gc,task,stats  ] GC(0) thr     ms        ms      %        ms      %    attempts  total   alloc    undo
[2024-12-07T17:08:10.892+0800][1.240s][debug][gc,task,stats  ] GC(0) --- --------- --------- ------ --------- ------ -------- ------- ------- -------
[2024-12-07T17:08:10.897+0800][1.245s][debug][gc,task,stats  ] GC(0)   1      4.11      4.10  99.85      0.00   0.00        1       0       0       0
[2024-12-07T17:08:10.897+0800][1.245s][debug][gc,task,stats  ] GC(0)  11      3.68      2.03  55.16      1.58  42.99        1       0       0       0
[2024-12-07T17:08:10.897+0800][1.245s][debug][gc,task,stats  ] GC(0)   5      4.41      1.03  23.36      2.91  66.03      107       0       0       0
[2024-12-07T17:08:10.897+0800][1.245s][debug][gc,task,stats  ] GC(0)   3      4.54      1.09  24.00      2.86  62.94      123       0       0       0
[2024-12-07T17:08:10.897+0800][1.245s][debug][gc,task,stats  ] GC(0)   6      4.73      1.04  21.96      2.88  60.95       96       0       0       0
[2024-12-07T17:08:10.897+0800][1.245s][debug][gc,task,stats  ] GC(0)   0      4.88      3.73  76.51      0.43   8.90        1       0       0       0
[2024-12-07T17:08:10.897+0800][1.246s][debug][gc,task,stats  ] GC(0)  10      4.81      3.80  78.85      0.20   4.16        1       0       0       0
[2024-12-07T17:08:10.898+0800][1.246s][debug][gc,task,stats  ] GC(0)   8      4.95      1.01  20.44      2.74  55.27      147       0       0       0
[2024-12-07T17:08:10.898+0800][1.246s][debug][gc,task,stats  ] GC(0)   4      5.13      4.02  78.25      0.07   1.30        1       0       0       0
[2024-12-07T17:08:10.898+0800][1.246s][debug][gc,task,stats  ] GC(0)   7      5.20      1.01  19.48      2.82  54.23       75       0       0       0
[2024-12-07T17:08:10.898+0800][1.246s][debug][gc,task,stats  ] GC(0)   2      5.33      3.66  68.63      0.44   8.27        1       1       1       0
[2024-12-07T17:08:10.898+0800][1.246s][debug][gc,task,stats  ] GC(0)   9      5.30      3.70  69.70      0.27   5.05        1       0       0       0
[2024-12-07T17:08:10.898+0800][1.246s][debug][gc,ergo        ] GC(0) Running G1 Clear Card Table Task using 1 workers for 1 units of work for 3 regions.
[2024-12-07T17:08:10.898+0800][1.246s][debug][gc,ref         ] GC(0) Skipped phase1 of Reference Processing due to unavailable references
[2024-12-07T17:08:10.898+0800][1.246s][debug][gc,ref         ] GC(0) Skipped phase3 of Reference Processing due to unavailable references
[2024-12-07T17:08:10.898+0800][1.246s][debug][gc,ergo        ] GC(0) Running G1 Free Collection Set using 1 workers for collection set length 2
[2024-12-07T17:08:10.898+0800][1.247s][debug][gc,humongous   ] GC(0) Live humongous region 0 object size 1048592 start 0x00000000e0000000  with remset 0 code roots 0 is marked 0 reclaim candidate 0 type array 1
[2024-12-07T17:08:10.899+0800][1.247s][debug][gc,humongous   ] GC(0) Live humongous region 2 object size 1048592 start 0x00000000e0200000  with remset 0 code roots 0 is marked 0 reclaim candidate 0 type array 1
[2024-12-07T17:08:10.899+0800][1.247s][debug][gc,humongous   ] GC(0) Live humongous region 4 object size 1048592 start 0x00000000e0400000  with remset 0 code roots 0 is marked 0 reclaim candidate 0 type array 1
[2024-12-07T17:08:10.899+0800][1.247s][debug][gc,humongous   ] GC(0) Live humongous region 6 object size 1048592 start 0x00000000e0600000  with remset 0 code roots 0 is marked 0 reclaim candidate 0 type array 1
[2024-12-07T17:08:10.899+0800][1.247s][debug][gc,humongous   ] GC(0) Live humongous region 8 object size 1048592 start 0x00000000e0800000  with remset 0 code roots 0 is marked 0 reclaim candidate 0 type array 1
[2024-12-07T17:08:10.899+0800][1.247s][debug][gc,humongous   ] GC(0) Live humongous region 10 object size 1048592 start 0x00000000e0a00000  with remset 0 code roots 0 is marked 0 reclaim candidate 0 type array 1
[2024-12-07T17:08:10.899+0800][1.247s][debug][gc,humongous   ] GC(0) Live humongous region 12 object size 1048592 start 0x00000000e0c00000  with remset 0 code roots 0 is marked 0 reclaim candidate 0 type array 1
[2024-12-07T17:08:10.899+0800][1.247s][debug][gc,humongous   ] GC(0) Live humongous region 14 object size 1048592 start 0x00000000e0e00000  with remset 0 code roots 0 is marked 0 reclaim candidate 0 type array 1
[2024-12-07T17:08:10.899+0800][1.247s][debug][gc,humongous   ] GC(0) Live humongous region 16 object size 1048592 start 0x00000000e1000000  with remset 0 code roots 0 is marked 0 reclaim candidate 0 type array 1
[2024-12-07T17:08:10.899+0800][1.247s][debug][gc,humongous   ] GC(0) Live humongous region 18 object size 1048592 start 0x00000000e1200000  with remset 0 code roots 0 is marked 0 reclaim candidate 0 type array 1
[2024-12-07T17:08:10.899+0800][1.247s][debug][gc,humongous   ] GC(0) Live humongous region 20 object size 1048592 start 0x00000000e1400000  with remset 0 code roots 0 is marked 0 reclaim candidate 0 type array 1
[2024-12-07T17:08:10.899+0800][1.247s][debug][gc,humongous   ] GC(0) Live humongous region 22 object size 1048592 start 0x00000000e1600000  with remset 0 code roots 0 is marked 0 reclaim candidate 0 type array 1
[2024-12-07T17:08:10.899+0800][1.247s][debug][gc,humongous   ] GC(0) Live humongous region 24 object size 1048592 start 0x00000000e1800000  with remset 0 code roots 0 is marked 0 reclaim candidate 0 type array 1
[2024-12-07T17:08:10.899+0800][1.248s][debug][gc,humongous   ] GC(0) Live humongous region 26 object size 1048592 start 0x00000000e1a00000  with remset 0 code roots 0 is marked 0 reclaim candidate 0 type array 1
[2024-12-07T17:08:10.900+0800][1.248s][debug][gc,humongous   ] GC(0) Live humongous region 28 object size 1048592 start 0x00000000e1c00000  with remset 0 code roots 0 is marked 0 reclaim candidate 0 type array 1
[2024-12-07T17:08:10.900+0800][1.248s][debug][gc,humongous   ] GC(0) Live humongous region 30 object size 1048592 start 0x00000000e1e00000  with remset 0 code roots 0 is marked 0 reclaim candidate 0 type array 1
[2024-12-07T17:08:10.900+0800][1.248s][debug][gc,humongous   ] GC(0) Live humongous region 32 object size 1048592 start 0x00000000e2000000  with remset 0 code roots 0 is marked 0 reclaim candidate 0 type array 1
[2024-12-07T17:08:10.900+0800][1.248s][debug][gc,humongous   ] GC(0) Live humongous region 34 object size 1048592 start 0x00000000e2200000  with remset 0 code roots 0 is marked 0 reclaim candidate 0 type array 1
[2024-12-07T17:08:10.900+0800][1.248s][debug][gc,humongous   ] GC(0) Live humongous region 36 object size 1048592 start 0x00000000e2400000  with remset 0 code roots 0 is marked 0 reclaim candidate 0 type array 1
[2024-12-07T17:08:10.900+0800][1.248s][debug][gc,humongous   ] GC(0) Live humongous region 38 object size 1048592 start 0x00000000e2600000  with remset 0 code roots 0 is marked 0 reclaim candidate 0 type array 1
[2024-12-07T17:08:10.900+0800][1.248s][debug][gc,humongous   ] GC(0) Live humongous region 40 object size 1048592 start 0x00000000e2800000  with remset 0 code roots 0 is marked 0 reclaim candidate 0 type array 1
[2024-12-07T17:08:10.900+0800][1.248s][debug][gc,humongous   ] GC(0) Live humongous region 42 object size 1048592 start 0x00000000e2a00000  with remset 0 code roots 0 is marked 0 reclaim candidate 0 type array 1
[2024-12-07T17:08:10.900+0800][1.248s][debug][gc,humongous   ] GC(0) Live humongous region 44 object size 1048592 start 0x00000000e2c00000  with remset 0 code roots 0 is marked 0 reclaim candidate 0 type array 1
[2024-12-07T17:08:10.900+0800][1.248s][debug][gc,humongous   ] GC(0) Live humongous region 46 object size 1048592 start 0x00000000e2e00000  with remset 0 code roots 0 is marked 0 reclaim candidate 0 type array 1
[2024-12-07T17:08:10.900+0800][1.248s][debug][gc,humongous   ] GC(0) Live humongous region 48 object size 1048592 start 0x00000000e3000000  with remset 0 code roots 0 is marked 0 reclaim candidate 0 type array 1
[2024-12-07T17:08:10.900+0800][1.248s][debug][gc,humongous   ] GC(0) Live humongous region 50 object size 1048592 start 0x00000000e3200000  with remset 0 code roots 0 is marked 0 reclaim candidate 0 type array 1
[2024-12-07T17:08:10.900+0800][1.248s][debug][gc,humongous   ] GC(0) Live humongous region 52 object size 1048592 start 0x00000000e3400000  with remset 0 code roots 0 is marked 0 reclaim candidate 0 type array 1
[2024-12-07T17:08:10.900+0800][1.248s][debug][gc,humongous   ] GC(0) Live humongous region 54 object size 1048592 start 0x00000000e3600000  with remset 0 code roots 0 is marked 0 reclaim candidate 0 type array 1
[2024-12-07T17:08:10.900+0800][1.249s][debug][gc,humongous   ] GC(0) Live humongous region 56 object size 1048592 start 0x00000000e3800000  with remset 0 code roots 0 is marked 0 reclaim candidate 0 type array 1
[2024-12-07T17:08:10.901+0800][1.249s][debug][gc,humongous   ] GC(0) Live humongous region 58 object size 1048592 start 0x00000000e3a00000  with remset 0 code roots 0 is marked 0 reclaim candidate 0 type array 1
[2024-12-07T17:08:10.901+0800][1.249s][debug][gc,humongous   ] GC(0) Live humongous region 60 object size 1048592 start 0x00000000e3c00000  with remset 0 code roots 0 is marked 0 reclaim candidate 0 type array 1
[2024-12-07T17:08:10.901+0800][1.249s][debug][gc,humongous   ] GC(0) Live humongous region 62 object size 1048592 start 0x00000000e3e00000  with remset 0 code roots 0 is marked 0 reclaim candidate 0 type array 1
[2024-12-07T17:08:10.901+0800][1.249s][debug][gc,humongous   ] GC(0) Live humongous region 64 object size 1048592 start 0x00000000e4000000  with remset 0 code roots 0 is marked 0 reclaim candidate 0 type array 1
[2024-12-07T17:08:10.901+0800][1.249s][debug][gc,humongous   ] GC(0) Live humongous region 66 object size 1048592 start 0x00000000e4200000  with remset 0 code roots 0 is marked 0 reclaim candidate 0 type array 1
[2024-12-07T17:08:10.901+0800][1.249s][debug][gc,humongous   ] GC(0) Live humongous region 68 object size 1048592 start 0x00000000e4400000  with remset 0 code roots 0 is marked 0 reclaim candidate 0 type array 1
[2024-12-07T17:08:10.901+0800][1.249s][debug][gc,humongous   ] GC(0) Live humongous region 70 object size 1048592 start 0x00000000e4600000  with remset 0 code roots 0 is marked 0 reclaim candidate 0 type array 1
[2024-12-07T17:08:10.901+0800][1.249s][debug][gc,humongous   ] GC(0) Live humongous region 72 object size 1048592 start 0x00000000e4800000  with remset 0 code roots 0 is marked 0 reclaim candidate 0 type array 1
[2024-12-07T17:08:10.901+0800][1.249s][debug][gc,humongous   ] GC(0) Live humongous region 74 object size 1048592 start 0x00000000e4a00000  with remset 0 code roots 0 is marked 0 reclaim candidate 0 type array 1
[2024-12-07T17:08:10.901+0800][1.249s][debug][gc,humongous   ] GC(0) Live humongous region 76 object size 1048592 start 0x00000000e4c00000  with remset 0 code roots 0 is marked 0 reclaim candidate 0 type array 1
[2024-12-07T17:08:10.901+0800][1.249s][debug][gc,humongous   ] GC(0) Live humongous region 78 object size 1048592 start 0x00000000e4e00000  with remset 0 code roots 0 is marked 0 reclaim candidate 0 type array 1
[2024-12-07T17:08:10.901+0800][1.250s][debug][gc,humongous   ] GC(0) Live humongous region 80 object size 1048592 start 0x00000000e5000000  with remset 0 code roots 0 is marked 0 reclaim candidate 0 type array 1
[2024-12-07T17:08:10.902+0800][1.250s][debug][gc,humongous   ] GC(0) Live humongous region 82 object size 1048592 start 0x00000000e5200000  with remset 0 code roots 0 is marked 0 reclaim candidate 0 type array 1
[2024-12-07T17:08:10.902+0800][1.250s][debug][gc,humongous   ] GC(0) Live humongous region 84 object size 1048592 start 0x00000000e5400000  with remset 0 code roots 0 is marked 0 reclaim candidate 0 type array 1
[2024-12-07T17:08:10.902+0800][1.250s][debug][gc,humongous   ] GC(0) Live humongous region 86 object size 1048592 start 0x00000000e5600000  with remset 0 code roots 0 is marked 0 reclaim candidate 0 type array 1
[2024-12-07T17:08:10.902+0800][1.250s][debug][gc,humongous   ] GC(0) Live humongous region 88 object size 1048592 start 0x00000000e5800000  with remset 0 code roots 0 is marked 0 reclaim candidate 0 type array 1
[2024-12-07T17:08:10.902+0800][1.250s][debug][gc,humongous   ] GC(0) Live humongous region 90 object size 1048592 start 0x00000000e5a00000  with remset 0 code roots 0 is marked 0 reclaim candidate 0 type array 1
[2024-12-07T17:08:10.902+0800][1.250s][debug][gc,humongous   ] GC(0) Live humongous region 92 object size 1048592 start 0x00000000e5c00000  with remset 0 code roots 0 is marked 0 reclaim candidate 0 type array 1
[2024-12-07T17:08:10.902+0800][1.250s][debug][gc,humongous   ] GC(0) Live humongous region 94 object size 1048592 start 0x00000000e5e00000  with remset 0 code roots 0 is marked 0 reclaim candidate 0 type array 1
[2024-12-07T17:08:10.902+0800][1.250s][debug][gc,humongous   ] GC(0) Live humongous region 96 object size 1048592 start 0x00000000e6000000  with remset 0 code roots 0 is marked 0 reclaim candidate 0 type array 1
[2024-12-07T17:08:10.902+0800][1.250s][debug][gc,humongous   ] GC(0) Live humongous region 98 object size 1048592 start 0x00000000e6200000  with remset 0 code roots 0 is marked 0 reclaim candidate 0 type array 1
[2024-12-07T17:08:10.902+0800][1.250s][debug][gc,humongous   ] GC(0) Live humongous region 100 object size 1048592 start 0x00000000e6400000  with remset 0 code roots 0 is marked 0 reclaim candidate 0 type array 1
[2024-12-07T17:08:10.902+0800][1.250s][debug][gc,humongous   ] GC(0) Live humongous region 102 object size 1048592 start 0x00000000e6600000  with remset 0 code roots 0 is marked 0 reclaim candidate 0 type array 1
[2024-12-07T17:08:10.902+0800][1.251s][debug][gc,humongous   ] GC(0) Live humongous region 104 object size 1048592 start 0x00000000e6800000  with remset 0 code roots 0 is marked 0 reclaim candidate 0 type array 1
[2024-12-07T17:08:10.902+0800][1.251s][debug][gc,humongous   ] GC(0) Live humongous region 106 object size 1048592 start 0x00000000e6a00000  with remset 0 code roots 0 is marked 0 reclaim candidate 0 type array 1
[2024-12-07T17:08:10.903+0800][1.251s][debug][gc,humongous   ] GC(0) Live humongous region 108 object size 1048592 start 0x00000000e6c00000  with remset 0 code roots 0 is marked 0 reclaim candidate 0 type array 1
[2024-12-07T17:08:10.903+0800][1.251s][debug][gc,humongous   ] GC(0) Live humongous region 110 object size 1048592 start 0x00000000e6e00000  with remset 0 code roots 0 is marked 0 reclaim candidate 0 type array 1
[2024-12-07T17:08:10.903+0800][1.251s][debug][gc,humongous   ] GC(0) Live humongous region 112 object size 1048592 start 0x00000000e7000000  with remset 0 code roots 0 is marked 0 reclaim candidate 0 type array 1
[2024-12-07T17:08:10.903+0800][1.251s][debug][gc,humongous   ] GC(0) Live humongous region 114 object size 1048592 start 0x00000000e7200000  with remset 0 code roots 0 is marked 0 reclaim candidate 0 type array 1
[2024-12-07T17:08:10.903+0800][1.251s][debug][gc,humongous   ] GC(0) Live humongous region 116 object size 1048592 start 0x00000000e7400000  with remset 0 code roots 0 is marked 0 reclaim candidate 0 type array 1
[2024-12-07T17:08:10.903+0800][1.251s][debug][gc,humongous   ] GC(0) Live humongous region 118 object size 1048592 start 0x00000000e7600000  with remset 0 code roots 0 is marked 0 reclaim candidate 0 type array 1
[2024-12-07T17:08:10.903+0800][1.251s][debug][gc,humongous   ] GC(0) Live humongous region 120 object size 1048592 start 0x00000000e7800000  with remset 0 code roots 0 is marked 0 reclaim candidate 0 type array 1
[2024-12-07T17:08:10.903+0800][1.251s][debug][gc,humongous   ] GC(0) Live humongous region 122 object size 1048592 start 0x00000000e7a00000  with remset 0 code roots 0 is marked 0 reclaim candidate 0 type array 1
[2024-12-07T17:08:10.903+0800][1.251s][debug][gc,humongous   ] GC(0) Live humongous region 124 object size 1048592 start 0x00000000e7c00000  with remset 0 code roots 0 is marked 0 reclaim candidate 0 type array 1
[2024-12-07T17:08:10.903+0800][1.251s][debug][gc,humongous   ] GC(0) Live humongous region 126 object size 1048592 start 0x00000000e7e00000  with remset 0 code roots 0 is marked 0 reclaim candidate 0 type array 1
[2024-12-07T17:08:10.903+0800][1.251s][debug][gc,humongous   ] GC(0) Live humongous region 128 object size 1048592 start 0x00000000e8000000  with remset 0 code roots 0 is marked 0 reclaim candidate 0 type array 1
[2024-12-07T17:08:10.903+0800][1.252s][debug][gc,humongous   ] GC(0) Live humongous region 130 object size 1048592 start 0x00000000e8200000  with remset 0 code roots 0 is marked 0 reclaim candidate 0 type array 1
[2024-12-07T17:08:10.903+0800][1.252s][debug][gc,humongous   ] GC(0) Live humongous region 132 object size 1048592 start 0x00000000e8400000  with remset 0 code roots 0 is marked 0 reclaim candidate 0 type array 1
[2024-12-07T17:08:10.904+0800][1.252s][debug][gc,humongous   ] GC(0) Live humongous region 134 object size 1048592 start 0x00000000e8600000  with remset 0 code roots 0 is marked 0 reclaim candidate 0 type array 1
[2024-12-07T17:08:10.904+0800][1.252s][debug][gc,humongous   ] GC(0) Live humongous region 136 object size 1048592 start 0x00000000e8800000  with remset 0 code roots 0 is marked 0 reclaim candidate 0 type array 1
[2024-12-07T17:08:10.904+0800][1.252s][debug][gc,humongous   ] GC(0) Live humongous region 138 object size 1048592 start 0x00000000e8a00000  with remset 0 code roots 0 is marked 0 reclaim candidate 0 type array 1
[2024-12-07T17:08:10.904+0800][1.252s][debug][gc,humongous   ] GC(0) Live humongous region 140 object size 1048592 start 0x00000000e8c00000  with remset 0 code roots 0 is marked 0 reclaim candidate 0 type array 1
[2024-12-07T17:08:10.904+0800][1.252s][debug][gc,humongous   ] GC(0) Live humongous region 142 object size 1048592 start 0x00000000e8e00000  with remset 0 code roots 0 is marked 0 reclaim candidate 0 type array 1
[2024-12-07T17:08:10.904+0800][1.252s][debug][gc,humongous   ] GC(0) Live humongous region 144 object size 1048592 start 0x00000000e9000000  with remset 0 code roots 0 is marked 0 reclaim candidate 0 type array 1
[2024-12-07T17:08:10.904+0800][1.252s][debug][gc,humongous   ] GC(0) Live humongous region 146 object size 1048592 start 0x00000000e9200000  with remset 0 code roots 0 is marked 0 reclaim candidate 0 type array 1
[2024-12-07T17:08:10.904+0800][1.252s][debug][gc,humongous   ] GC(0) Live humongous region 148 object size 1048592 start 0x00000000e9400000  with remset 0 code roots 0 is marked 0 reclaim candidate 0 type array 1
[2024-12-07T17:08:10.905+0800][1.253s][debug][gc,humongous   ] GC(0) Live humongous region 150 object size 1048592 start 0x00000000e9600000  with remset 0 code roots 0 is marked 0 reclaim candidate 0 type array 1
[2024-12-07T17:08:10.905+0800][1.253s][debug][gc,humongous   ] GC(0) Live humongous region 152 object size 1048592 start 0x00000000e9800000  with remset 0 code roots 0 is marked 0 reclaim candidate 0 type array 1
[2024-12-07T17:08:10.905+0800][1.253s][debug][gc,humongous   ] GC(0) Live humongous region 154 object size 1048592 start 0x00000000e9a00000  with remset 0 code roots 0 is marked 0 reclaim candidate 0 type array 1
[2024-12-07T17:08:10.905+0800][1.253s][debug][gc,humongous   ] GC(0) Live humongous region 156 object size 1048592 start 0x00000000e9c00000  with remset 0 code roots 0 is marked 0 reclaim candidate 0 type array 1
[2024-12-07T17:08:10.905+0800][1.253s][debug][gc,humongous   ] GC(0) Live humongous region 158 object size 1048592 start 0x00000000e9e00000  with remset 0 code roots 0 is marked 0 reclaim candidate 0 type array 1
[2024-12-07T17:08:10.905+0800][1.254s][debug][gc,humongous   ] GC(0) Live humongous region 160 object size 1048592 start 0x00000000ea000000  with remset 0 code roots 0 is marked 0 reclaim candidate 0 type array 1
[2024-12-07T17:08:10.906+0800][1.254s][debug][gc,humongous   ] GC(0) Live humongous region 162 object size 1048592 start 0x00000000ea200000  with remset 0 code roots 0 is marked 0 reclaim candidate 0 type array 1
[2024-12-07T17:08:10.906+0800][1.254s][debug][gc,humongous   ] GC(0) Live humongous region 164 object size 1048592 start 0x00000000ea400000  with remset 0 code roots 0 is marked 0 reclaim candidate 0 type array 1
[2024-12-07T17:08:10.906+0800][1.254s][debug][gc,humongous   ] GC(0) Live humongous region 166 object size 1048592 start 0x00000000ea600000  with remset 0 code roots 0 is marked 0 reclaim candidate 0 type array 1
[2024-12-07T17:08:10.906+0800][1.254s][debug][gc,humongous   ] GC(0) Live humongous region 168 object size 1048592 start 0x00000000ea800000  with remset 0 code roots 0 is marked 0 reclaim candidate 0 type array 1
[2024-12-07T17:08:10.906+0800][1.254s][debug][gc,humongous   ] GC(0) Live humongous region 170 object size 1048592 start 0x00000000eaa00000  with remset 0 code roots 0 is marked 0 reclaim candidate 0 type array 1
[2024-12-07T17:08:10.906+0800][1.254s][debug][gc,humongous   ] GC(0) Live humongous region 172 object size 1048592 start 0x00000000eac00000  with remset 0 code roots 0 is marked 0 reclaim candidate 0 type array 1
[2024-12-07T17:08:10.906+0800][1.254s][debug][gc,humongous   ] GC(0) Live humongous region 174 object size 1048592 start 0x00000000eae00000  with remset 0 code roots 0 is marked 0 reclaim candidate 0 type array 1
[2024-12-07T17:08:10.906+0800][1.254s][debug][gc,humongous   ] GC(0) Live humongous region 176 object size 1048592 start 0x00000000eb000000  with remset 0 code roots 0 is marked 0 reclaim candidate 0 type array 1
[2024-12-07T17:08:10.906+0800][1.254s][debug][gc,humongous   ] GC(0) Live humongous region 178 object size 1048592 start 0x00000000eb200000  with remset 0 code roots 0 is marked 0 reclaim candidate 0 type array 1
[2024-12-07T17:08:10.906+0800][1.254s][debug][gc,humongous   ] GC(0) Live humongous region 180 object size 1048592 start 0x00000000eb400000  with remset 0 code roots 0 is marked 0 reclaim candidate 0 type array 1
[2024-12-07T17:08:10.906+0800][1.255s][debug][gc,humongous   ] GC(0) Live humongous region 182 object size 1048592 start 0x00000000eb600000  with remset 0 code roots 0 is marked 0 reclaim candidate 0 type array 1
[2024-12-07T17:08:10.907+0800][1.255s][debug][gc,humongous   ] GC(0) Live humongous region 184 object size 1048592 start 0x00000000eb800000  with remset 0 code roots 0 is marked 0 reclaim candidate 0 type array 1
[2024-12-07T17:08:10.907+0800][1.255s][debug][gc,humongous   ] GC(0) Live humongous region 186 object size 1048592 start 0x00000000eba00000  with remset 0 code roots 0 is marked 0 reclaim candidate 0 type array 1
[2024-12-07T17:08:10.907+0800][1.255s][debug][gc,humongous   ] GC(0) Live humongous region 188 object size 1048592 start 0x00000000ebc00000  with remset 0 code roots 0 is marked 0 reclaim candidate 0 type array 1
[2024-12-07T17:08:10.907+0800][1.255s][debug][gc,humongous   ] GC(0) Live humongous region 190 object size 1048592 start 0x00000000ebe00000  with remset 0 code roots 0 is marked 0 reclaim candidate 0 type array 1
[2024-12-07T17:08:10.907+0800][1.255s][debug][gc,humongous   ] GC(0) Live humongous region 192 object size 1048592 start 0x00000000ec000000  with remset 0 code roots 0 is marked 0 reclaim candidate 0 type array 1
[2024-12-07T17:08:10.907+0800][1.255s][debug][gc,humongous   ] GC(0) Live humongous region 194 object size 1048592 start 0x00000000ec200000  with remset 0 code roots 0 is marked 0 reclaim candidate 0 type array 1
[2024-12-07T17:08:10.907+0800][1.255s][debug][gc,humongous   ] GC(0) Live humongous region 196 object size 1048592 start 0x00000000ec400000  with remset 0 code roots 0 is marked 0 reclaim candidate 0 type array 1
[2024-12-07T17:08:10.907+0800][1.255s][debug][gc,humongous   ] GC(0) Live humongous region 198 object size 1048592 start 0x00000000ec600000  with remset 0 code roots 0 is marked 0 reclaim candidate 0 type array 1
[2024-12-07T17:08:10.907+0800][1.255s][debug][gc,humongous   ] GC(0) Live humongous region 200 object size 1048592 start 0x00000000ec800000  with remset 0 code roots 0 is marked 0 reclaim candidate 0 type array 1
[2024-12-07T17:08:10.907+0800][1.255s][debug][gc,humongous   ] GC(0) Live humongous region 202 object size 1048592 start 0x00000000eca00000  with remset 0 code roots 0 is marked 0 reclaim candidate 0 type array 1
[2024-12-07T17:08:10.907+0800][1.255s][debug][gc,humongous   ] GC(0) Live humongous region 204 object size 1048592 start 0x00000000ecc00000  with remset 0 code roots 0 is marked 0 reclaim candidate 0 type array 1
[2024-12-07T17:08:10.907+0800][1.256s][debug][gc,humongous   ] GC(0) Live humongous region 206 object size 1048592 start 0x00000000ece00000  with remset 0 code roots 0 is marked 0 reclaim candidate 0 type array 1
[2024-12-07T17:08:10.908+0800][1.256s][debug][gc,humongous   ] GC(0) Live humongous region 208 object size 1048592 start 0x00000000ed000000  with remset 0 code roots 0 is marked 0 reclaim candidate 0 type array 1
[2024-12-07T17:08:10.908+0800][1.256s][debug][gc,humongous   ] GC(0) Live humongous region 210 object size 1048592 start 0x00000000ed200000  with remset 0 code roots 0 is marked 0 reclaim candidate 0 type array 1
[2024-12-07T17:08:10.908+0800][1.256s][debug][gc,humongous   ] GC(0) Live humongous region 212 object size 1048592 start 0x00000000ed400000  with remset 0 code roots 0 is marked 0 reclaim candidate 0 type array 1
[2024-12-07T17:08:10.908+0800][1.256s][debug][gc,humongous   ] GC(0) Live humongous region 214 object size 1048592 start 0x00000000ed600000  with remset 0 code roots 0 is marked 0 reclaim candidate 0 type array 1
[2024-12-07T17:08:10.908+0800][1.256s][debug][gc,humongous   ] GC(0) Live humongous region 216 object size 1048592 start 0x00000000ed800000  with remset 0 code roots 0 is marked 0 reclaim candidate 0 type array 1
[2024-12-07T17:08:10.908+0800][1.256s][debug][gc,humongous   ] GC(0) Live humongous region 218 object size 1048592 start 0x00000000eda00000  with remset 0 code roots 0 is marked 0 reclaim candidate 0 type array 1
[2024-12-07T17:08:10.908+0800][1.256s][debug][gc,humongous   ] GC(0) Live humongous region 220 object size 1048592 start 0x00000000edc00000  with remset 0 code roots 0 is marked 0 reclaim candidate 0 type array 1
[2024-12-07T17:08:10.908+0800][1.257s][debug][gc,humongous   ] GC(0) Live humongous region 222 object size 1048592 start 0x00000000ede00000  with remset 0 code roots 0 is marked 0 reclaim candidate 0 type array 1
[2024-12-07T17:08:10.909+0800][1.257s][debug][gc,plab        ] GC(0) Young PLAB allocation: allocated: 379192B, wasted: 4232B, unused: 16744B, used: 358216B, undo waste: 0B, 
[2024-12-07T17:08:10.909+0800][1.257s][debug][gc,plab        ] GC(0) Young other allocation: region end waste: 0B, regions filled: 1, direct allocated: 79960B, failure used: 0B, failure wasted: 0B
[2024-12-07T17:08:10.909+0800][1.257s][debug][gc,plab        ] GC(0) Young sizing: calculated: 71640B, actual: 71640B
[2024-12-07T17:08:10.909+0800][1.257s][debug][gc,plab        ] GC(0) Old PLAB allocation: allocated: 0B, wasted: 0B, unused: 0B, used: 0B, undo waste: 0B, 
[2024-12-07T17:08:10.909+0800][1.257s][debug][gc,plab        ] GC(0) Old other allocation: region end waste: 0B, regions filled: 0, direct allocated: 0B, failure used: 0B, failure wasted: 0B
[2024-12-07T17:08:10.909+0800][1.257s][debug][gc,plab        ] GC(0) Old sizing: calculated: 0B, actual: 2064B
[2024-12-07T17:08:10.909+0800][1.257s][debug][gc,alloc,stats ] Old generation allocation in the last mutator period, old gen allocated: 0B, humongous allocated: 234881024B,old gen growth: 234881024B.
[2024-12-07T17:08:10.909+0800][1.257s][debug][gc,ihop        ] GC(0) Basic information (value update), threshold: 236873318B (45.00), target occupancy: 526385152B, current occupancy: 236077456B, recent allocation size: 234881024B, recent allocation duration: 1221.31ms, recent old gen allocation rate: 192318861.55B/s, recent marking phase length: 0.00ms
[2024-12-07T17:08:10.909+0800][1.257s][debug][gc,ihop        ] GC(0) Adaptive IHOP information (value update), threshold: 236873318B (51.91), internal target occupancy: 456340275B, occupancy: 236077456B, additional buffer size: 235929600B, predicted old gen allocation rate: 384637723.11B/s, predicted marking phase length: 0.00ms, prediction active: false
[2024-12-07T17:08:10.909+0800][1.257s][debug][gc,ergo,refine ] GC(0) Updated Refinement Zones: green: 18, yellow: 54, red: 90
[2024-12-07T17:08:10.909+0800][1.257s][info ][gc,phases      ] GC(0)   Pre Evacuate Collection Set: 0.1ms
[2024-12-07T17:08:10.909+0800][1.258s][debug][gc,phases      ] GC(0)     Prepare TLABs: 0.4ms
[2024-12-07T17:08:10.910+0800][1.258s][debug][gc,phases      ] GC(0)     Choose Collection Set: 0.1ms
[2024-12-07T17:08:10.910+0800][1.258s][debug][gc,phases      ] GC(0)     Humongous Register: 0.0ms
[2024-12-07T17:08:10.910+0800][1.258s][debug][gc,phases      ] GC(0)     Clear Claimed Marks: 0.0ms
[2024-12-07T17:08:10.910+0800][1.258s][info ][gc,phases      ] GC(0)   Evacuate Collection Set: 5.9ms
[2024-12-07T17:08:10.910+0800][1.258s][debug][gc,phases      ] GC(0)     Ext Root Scanning (ms):   Min:  0.4, Avg:  2.4, Max:  4.1, Diff:  3.7, Sum: 28.3, Workers: 12
[2024-12-07T17:08:10.910+0800][1.258s][debug][gc,phases      ] GC(0)     Update RS (ms):           Min:  0.0, Avg:  0.1, Max:  1.6, Diff:  1.6, Sum:  1.6, Workers: 12
[2024-12-07T17:08:10.910+0800][1.258s][debug][gc,phases      ] GC(0)       Processed Buffers:        Min: 0, Avg:  0.2, Max: 1, Diff: 1, Sum: 2, Workers: 12
[2024-12-07T17:08:10.910+0800][1.258s][debug][gc,phases      ] GC(0)       Scanned Cards:            Min: 0, Avg: 18.5, Max: 221, Diff: 221, Sum: 222, Workers: 12
[2024-12-07T17:08:10.910+0800][1.258s][debug][gc,phases      ] GC(0)       Skipped Cards:            Min: 0, Avg:  0.0, Max: 0, Diff: 0, Sum: 0, Workers: 12
[2024-12-07T17:08:10.910+0800][1.258s][debug][gc,phases      ] GC(0)     Scan RS (ms):             Min:  0.0, Avg:  0.0, Max:  0.0, Diff:  0.0, Sum:  0.0, Workers: 12
[2024-12-07T17:08:10.910+0800][1.258s][debug][gc,phases      ] GC(0)       Scanned Cards:            Min: 0, Avg:  0.0, Max: 0, Diff: 0, Sum: 0, Workers: 12
[2024-12-07T17:08:10.910+0800][1.259s][debug][gc,phases      ] GC(0)       Claimed Cards:            Min: 0, Avg:  0.0, Max: 0, Diff: 0, Sum: 0, Workers: 12
[2024-12-07T17:08:10.911+0800][1.259s][debug][gc,phases      ] GC(0)       Skipped Cards:            Min: 0, Avg:  0.0, Max: 0, Diff: 0, Sum: 0, Workers: 12
[2024-12-07T17:08:10.911+0800][1.259s][debug][gc,phases      ] GC(0)     Code Root Scanning (ms):  Min:  0.0, Avg:  0.0, Max:  0.0, Diff:  0.0, Sum:  0.0, Workers: 12
[2024-12-07T17:08:10.911+0800][1.259s][debug][gc,phases      ] GC(0)     AOT Root Scanning (ms):   skipped
[2024-12-07T17:08:10.911+0800][1.259s][debug][gc,phases      ] GC(0)     Object Copy (ms):         Min:  0.0, Avg:  0.1, Max:  0.3, Diff:  0.3, Sum:  1.4, Workers: 12
[2024-12-07T17:08:10.911+0800][1.259s][debug][gc,phases      ] GC(0)     Termination (ms):         Min:  0.0, Avg:  1.4, Max:  2.9, Diff:  2.9, Sum: 17.2, Workers: 12
[2024-12-07T17:08:10.911+0800][1.259s][debug][gc,phases      ] GC(0)       Termination Attempts:     Min: 1, Avg: 46.2, Max: 147, Diff: 146, Sum: 555, Workers: 12
[2024-12-07T17:08:10.911+0800][1.259s][debug][gc,phases      ] GC(0)     GC Worker Other (ms):     Min:  0.2, Avg:  0.8, Max:  1.4, Diff:  1.2, Sum:  9.8, Workers: 12
[2024-12-07T17:08:10.911+0800][1.259s][debug][gc,phases      ] GC(0)     GC Worker Total (ms):     Min:  3.8, Avg:  4.9, Max:  5.4, Diff:  1.6, Sum: 58.4, Workers: 12
[2024-12-07T17:08:10.911+0800][1.259s][info ][gc,phases      ] GC(0)   Post Evacuate Collection Set: 10.5ms
[2024-12-07T17:08:10.911+0800][1.259s][debug][gc,phases      ] GC(0)     Code Roots Fixup: 0.0ms
[2024-12-07T17:08:10.911+0800][1.259s][debug][gc,phases      ] GC(0)     Clear Card Table: 0.1ms
[2024-12-07T17:08:10.911+0800][1.259s][debug][gc,phases      ] GC(0)     Reference Processing: 0.2ms
[2024-12-07T17:08:10.911+0800][1.260s][debug][gc,phases,ref  ] GC(0)       Reconsider SoftReferences: 0.1ms
[2024-12-07T17:08:10.912+0800][1.260s][debug][gc,phases,ref  ] GC(0)         SoftRef (ms):             skipped
[2024-12-07T17:08:10.912+0800][1.260s][debug][gc,phases,ref  ] GC(0)       Notify Soft/WeakReferences: 0.0ms
[2024-12-07T17:08:10.912+0800][1.260s][debug][gc,phases,ref  ] GC(0)         SoftRef (ms):             Min:  0.0, Avg:  0.0, Max:  0.0, Diff:  0.0, Sum:  0.0, Workers: 1
[2024-12-07T17:08:10.912+0800][1.260s][debug][gc,phases,ref  ] GC(0)         WeakRef (ms):             Min:  0.0, Avg:  0.0, Max:  0.0, Diff:  0.0, Sum:  0.0, Workers: 1
[2024-12-07T17:08:10.912+0800][1.260s][debug][gc,phases,ref  ] GC(0)         FinalRef (ms):            Min:  0.0, Avg:  0.0, Max:  0.0, Diff:  0.0, Sum:  0.0, Workers: 1
[2024-12-07T17:08:10.912+0800][1.260s][debug][gc,phases,ref  ] GC(0)         Total (ms):               Min:  0.0, Avg:  0.0, Max:  0.0, Diff:  0.0, Sum:  0.0, Workers: 1
[2024-12-07T17:08:10.912+0800][1.260s][debug][gc,phases,ref  ] GC(0)       Notify and keep alive finalizable: 0.1ms
[2024-12-07T17:08:10.912+0800][1.260s][debug][gc,phases,ref  ] GC(0)         FinalRef (ms):            skipped
[2024-12-07T17:08:10.912+0800][1.260s][debug][gc,phases,ref  ] GC(0)       Notify PhantomReferences: 0.0ms
[2024-12-07T17:08:10.912+0800][1.260s][debug][gc,phases,ref  ] GC(0)         PhantomRef (ms):          Min:  0.0, Avg:  0.0, Max:  0.0, Diff:  0.0, Sum:  0.0, Workers: 1
[2024-12-07T17:08:10.912+0800][1.260s][debug][gc,phases,ref  ] GC(0)       SoftReference:
[2024-12-07T17:08:10.912+0800][1.261s][debug][gc,phases,ref  ] GC(0)         Discovered: 0
[2024-12-07T17:08:10.912+0800][1.261s][debug][gc,phases,ref  ] GC(0)         Cleared: 0
[2024-12-07T17:08:10.913+0800][1.261s][debug][gc,phases,ref  ] GC(0)       WeakReference:
[2024-12-07T17:08:10.913+0800][1.261s][debug][gc,phases,ref  ] GC(0)         Discovered: 111
[2024-12-07T17:08:10.913+0800][1.261s][debug][gc,phases,ref  ] GC(0)         Cleared: 43
[2024-12-07T17:08:10.913+0800][1.261s][debug][gc,phases,ref  ] GC(0)       FinalReference:
[2024-12-07T17:08:10.913+0800][1.261s][debug][gc,phases,ref  ] GC(0)         Discovered: 0
[2024-12-07T17:08:10.913+0800][1.261s][debug][gc,phases,ref  ] GC(0)         Cleared: 0
[2024-12-07T17:08:10.913+0800][1.261s][debug][gc,phases,ref  ] GC(0)       PhantomReference:
[2024-12-07T17:08:10.913+0800][1.261s][debug][gc,phases,ref  ] GC(0)         Discovered: 7
[2024-12-07T17:08:10.913+0800][1.261s][debug][gc,phases,ref  ] GC(0)         Cleared: 4
[2024-12-07T17:08:10.913+0800][1.261s][debug][gc,phases      ] GC(0)     Weak Processing: 0.0ms
[2024-12-07T17:08:10.913+0800][1.262s][debug][gc,phases      ] GC(0)     Merge Per-Thread State: 0.0ms
[2024-12-07T17:08:10.914+0800][1.262s][debug][gc,phases      ] GC(0)     Code Roots Purge: 0.0ms
[2024-12-07T17:08:10.914+0800][1.262s][debug][gc,phases      ] GC(0)     Redirty Cards: 0.1ms
[2024-12-07T17:08:10.914+0800][1.262s][debug][gc,phases      ] GC(0)     DerivedPointerTable Update: 0.0ms
[2024-12-07T17:08:10.914+0800][1.262s][debug][gc,phases      ] GC(0)     Free Collection Set: 0.1ms
[2024-12-07T17:08:10.914+0800][1.262s][debug][gc,phases      ] GC(0)     Humongous Reclaim: 10.0ms
[2024-12-07T17:08:10.914+0800][1.262s][debug][gc,phases      ] GC(0)     Start New Collection Set: 0.0ms
[2024-12-07T17:08:10.914+0800][1.262s][debug][gc,phases      ] GC(0)     Resize TLABs: 0.0ms
[2024-12-07T17:08:10.914+0800][1.262s][debug][gc,phases      ] GC(0)     Expand Heap After Collection: 0.0ms
[2024-12-07T17:08:10.914+0800][1.262s][info ][gc,phases      ] GC(0)   Other: 3.3ms
[2024-12-07T17:08:10.914+0800][1.262s][info ][gc,heap        ] GC(0) Eden regions: 2->0(224)
[2024-12-07T17:08:10.914+0800][1.263s][info ][gc,heap        ] GC(0) Survivor regions: 0->1(4)
[2024-12-07T17:08:10.915+0800][1.263s][info ][gc,heap        ] GC(0) Old regions: 2->2
[2024-12-07T17:08:10.915+0800][1.263s][info ][gc,heap        ] GC(0) Humongous regions: 224->224
[2024-12-07T17:08:10.915+0800][1.263s][info ][gc,metaspace   ] GC(0) Metaspace: 558K(4864K)->558K(4864K) NonClass: 511K(4352K)->511K(4352K) Class: 46K(512K)->46K(512K)
[2024-12-07T17:08:10.915+0800][1.263s][debug][gc,heap        ] GC(0) Heap after GC invocations=1 (full 0): garbage-first heap   total 516096K, used 230544K [0x00000000e0000000, 0x0000000100000000)
[2024-12-07T17:08:10.915+0800][1.263s][debug][gc,heap        ] GC(0)   region size 1024K, 1 young (1024K), 1 survivors (1024K)
[2024-12-07T17:08:10.915+0800][1.263s][debug][gc,heap        ] GC(0)  Metaspace       used 558K, capacity 4570K, committed 4864K, reserved 1056768K
[2024-12-07T17:08:10.915+0800][1.263s][debug][gc,heap        ] GC(0)   class space    used 46K, capacity 419K, committed 512K, reserved 1048576K
[2024-12-07T17:08:10.915+0800][1.263s][info ][gc             ] GC(0) Pause Young (Concurrent Start) (G1 Humongous Allocation) 226M->225M(504M) 25.030ms
[2024-12-07T17:08:10.915+0800][1.263s][info ][gc,cpu         ] GC(0) User=0.01s Sys=0.02s Real=0.02s
[2024-12-07T17:08:10.915+0800][1.263s][info ][gc             ] GC(1) Concurrent Cycle
[2024-12-07T17:08:10.915+0800][1.263s][info ][gc,marking     ] GC(1) Concurrent Clear Claimed Marks
[2024-12-07T17:08:10.915+0800][1.264s][info ][gc,marking     ] GC(1) Concurrent Clear Claimed Marks 0.084ms
[2024-12-07T17:08:10.916+0800][1.264s][info ][gc,marking     ] GC(1) Concurrent Scan Root Regions
[2024-12-07T17:08:10.916+0800][1.264s][debug][gc,ergo        ] GC(1) Running G1 Root Region Scan using 1 workers for 1 work units.
[2024-12-07T17:08:10.916+0800][1.264s][info ][gc,marking     ] GC(1) Concurrent Scan Root Regions 0.769ms
[2024-12-07T17:08:10.916+0800][1.264s][info ][gc,marking     ] GC(1) Concurrent Mark (1.264s)
[2024-12-07T17:08:10.916+0800][1.265s][info ][gc,marking     ] GC(1) Concurrent Mark From Roots
[2024-12-07T17:08:10.918+0800][1.266s][info ][gc,task        ] GC(1) Using 5 workers of 5 for marking
[2024-12-07T17:08:10.918+0800][1.266s][debug][gc,stats       ] ---------------------------------------------------------------------
[2024-12-07T17:08:10.918+0800][1.266s][debug][gc,stats       ] Marking Stats, task = 0, calls = 1
[2024-12-07T17:08:10.918+0800][1.266s][debug][gc,stats       ]   Elapsed time = 0.43ms, Termination time = 0.00ms
[2024-12-07T17:08:10.918+0800][1.267s][debug][gc,stats       ]   Step Times (cum): num = 1, avg = 0.00ms, sd = 0.00ms max = 0.00ms, total = 0.00ms
[2024-12-07T17:08:10.919+0800][1.267s][debug][gc,stats       ]   Mark Stats Cache: hits 6912 misses 113 ratio 98.391
[2024-12-07T17:08:10.919+0800][1.267s][debug][gc,stats       ] ---------------------------------------------------------------------
[2024-12-07T17:08:10.919+0800][1.267s][debug][gc,stats       ] Marking Stats, task = 1, calls = 30
[2024-12-07T17:08:10.919+0800][1.267s][debug][gc,stats       ]   Elapsed time = 0.43ms, Termination time = 0.00ms
[2024-12-07T17:08:10.919+0800][1.267s][debug][gc,stats       ]   Step Times (cum): num = 30, avg = 0.00ms, sd = 0.00ms max = 0.00ms, total = 0.00ms
[2024-12-07T17:08:10.919+0800][1.267s][debug][gc,stats       ]   Mark Stats Cache: hits 592 misses 1 ratio 99.831
[2024-12-07T17:08:10.919+0800][1.267s][debug][gc,stats       ] ---------------------------------------------------------------------
[2024-12-07T17:08:10.919+0800][1.267s][debug][gc,stats       ] Marking Stats, task = 2, calls = 37
[2024-12-07T17:08:10.919+0800][1.267s][debug][gc,stats       ]   Elapsed time = 0.42ms, Termination time = 0.00ms
[2024-12-07T17:08:10.919+0800][1.267s][debug][gc,stats       ]   Step Times (cum): num = 37, avg = 0.00ms, sd = 0.00ms max = 0.00ms, total = 0.00ms
[2024-12-07T17:08:10.919+0800][1.267s][debug][gc,stats       ]   Mark Stats Cache: hits 593 misses 2 ratio 99.664
[2024-12-07T17:08:10.919+0800][1.267s][debug][gc,stats       ] ---------------------------------------------------------------------
[2024-12-07T17:08:10.919+0800][1.268s][debug][gc,stats       ] Marking Stats, task = 3, calls = 32
[2024-12-07T17:08:10.920+0800][1.268s][debug][gc,stats       ]   Elapsed time = 0.41ms, Termination time = 0.00ms
[2024-12-07T17:08:10.920+0800][1.268s][debug][gc,stats       ]   Step Times (cum): num = 32, avg = 0.00ms, sd = 0.00ms max = 0.00ms, total = 0.00ms
[2024-12-07T17:08:10.920+0800][1.268s][debug][gc,stats       ]   Mark Stats Cache: hits 1790 misses 2 ratio 99.888
[2024-12-07T17:08:10.920+0800][1.268s][debug][gc,stats       ] ---------------------------------------------------------------------
[2024-12-07T17:08:10.920+0800][1.268s][debug][gc,stats       ] Marking Stats, task = 4, calls = 30
[2024-12-07T17:08:10.920+0800][1.268s][debug][gc,stats       ]   Elapsed time = 0.41ms, Termination time = 0.00ms
[2024-12-07T17:08:10.920+0800][1.268s][debug][gc,stats       ]   Step Times (cum): num = 30, avg = 0.00ms, sd = 0.00ms max = 0.00ms, total = 0.00ms
[2024-12-07T17:08:10.920+0800][1.268s][debug][gc,stats       ]   Mark Stats Cache: hits 598 misses 2 ratio 99.667
[2024-12-07T17:08:10.920+0800][1.268s][debug][gc,stats       ] ---------------------------------------------------------------------
[2024-12-07T17:08:10.920+0800][1.268s][info ][gc,marking     ] GC(1) Concurrent Mark From Roots 3.791ms
[2024-12-07T17:08:10.920+0800][1.268s][info ][gc,marking     ] GC(1) Concurrent Preclean
[2024-12-07T17:08:10.920+0800][1.269s][debug][gc,ref,start   ] GC(1) Preclean SoftReferences
[2024-12-07T17:08:10.920+0800][1.269s][debug][gc,ref         ] GC(1) Preclean SoftReferences 0.089ms
[2024-12-07T17:08:10.921+0800][1.269s][debug][gc,ref,start   ] GC(1) Preclean WeakReferences
[2024-12-07T17:08:10.921+0800][1.269s][debug][gc,ref         ] GC(1) Preclean WeakReferences 0.086ms
[2024-12-07T17:08:10.921+0800][1.269s][debug][gc,ref,start   ] GC(1) Preclean FinalReferences
[2024-12-07T17:08:10.921+0800][1.269s][debug][gc,ref         ] GC(1) Preclean FinalReferences 0.087ms
[2024-12-07T17:08:10.921+0800][1.269s][debug][gc,ref,start   ] GC(1) Preclean PhantomReferences
[2024-12-07T17:08:10.921+0800][1.269s][debug][gc,ref         ] GC(1) Preclean PhantomReferences 0.086ms
[2024-12-07T17:08:10.921+0800][1.269s][info ][gc,marking     ] GC(1) Concurrent Preclean 0.734ms
[2024-12-07T17:08:10.921+0800][1.269s][info ][gc,marking     ] GC(1) Concurrent Mark (1.264s, 1.269s) 4.763ms
[2024-12-07T17:08:10.921+0800][1.269s][info ][gc,start       ] GC(1) Pause Remark
[2024-12-07T17:08:10.921+0800][1.270s][debug][gc,phases,start] GC(1) Finalize Marking
[2024-12-07T17:08:10.922+0800][1.270s][debug][gc,stats       ] ---------------------------------------------------------------------
[2024-12-07T17:08:10.922+0800][1.270s][debug][gc,stats       ] Marking Stats, task = 0, calls = 74
[2024-12-07T17:08:10.922+0800][1.270s][debug][gc,stats       ]   Elapsed time = 0.30ms, Termination time = 0.00ms
[2024-12-07T17:08:10.922+0800][1.270s][debug][gc,stats       ]   Step Times (cum): num = 74, avg = 0.00ms, sd = 0.00ms max = 0.00ms, total = 0.00ms
[2024-12-07T17:08:10.923+0800][1.271s][debug][gc,stats       ]   Mark Stats Cache: hits 6912 misses 113 ratio 98.391
[2024-12-07T17:08:10.923+0800][1.271s][debug][gc,stats       ] ---------------------------------------------------------------------
[2024-12-07T17:08:10.923+0800][1.271s][debug][gc,stats       ] Marking Stats, task = 1, calls = 31
[2024-12-07T17:08:10.923+0800][1.271s][debug][gc,stats       ]   Elapsed time = 0.29ms, Termination time = 0.00ms
[2024-12-07T17:08:10.923+0800][1.271s][debug][gc,stats       ]   Step Times (cum): num = 31, avg = 0.00ms, sd = 0.00ms max = 0.00ms, total = 0.00ms
[2024-12-07T17:08:10.923+0800][1.271s][debug][gc,stats       ]   Mark Stats Cache: hits 592 misses 1 ratio 99.831
[2024-12-07T17:08:10.923+0800][1.271s][debug][gc,stats       ] ---------------------------------------------------------------------
[2024-12-07T17:08:10.923+0800][1.272s][debug][gc,stats       ] Marking Stats, task = 2, calls = 38
[2024-12-07T17:08:10.924+0800][1.272s][debug][gc,stats       ]   Elapsed time = 0.29ms, Termination time = 0.00ms
[2024-12-07T17:08:10.924+0800][1.272s][debug][gc,stats       ]   Step Times (cum): num = 38, avg = 0.00ms, sd = 0.00ms max = 0.00ms, total = 0.00ms
[2024-12-07T17:08:10.924+0800][1.272s][debug][gc,stats       ]   Mark Stats Cache: hits 593 misses 2 ratio 99.664
[2024-12-07T17:08:10.924+0800][1.272s][debug][gc,stats       ] ---------------------------------------------------------------------
[2024-12-07T17:08:10.924+0800][1.272s][debug][gc,stats       ] Marking Stats, task = 3, calls = 33
[2024-12-07T17:08:10.924+0800][1.272s][debug][gc,stats       ]   Elapsed time = 0.29ms, Termination time = 0.00ms
[2024-12-07T17:08:10.924+0800][1.273s][debug][gc,stats       ]   Step Times (cum): num = 33, avg = 0.00ms, sd = 0.00ms max = 0.00ms, total = 0.00ms
[2024-12-07T17:08:10.925+0800][1.273s][debug][gc,stats       ]   Mark Stats Cache: hits 1790 misses 2 ratio 99.888
[2024-12-07T17:08:10.925+0800][1.273s][debug][gc,stats       ] ---------------------------------------------------------------------
[2024-12-07T17:08:10.925+0800][1.273s][debug][gc,stats       ] Marking Stats, task = 4, calls = 31
[2024-12-07T17:08:10.925+0800][1.273s][debug][gc,stats       ]   Elapsed time = 0.29ms, Termination time = 0.00ms
[2024-12-07T17:08:10.925+0800][1.273s][debug][gc,stats       ]   Step Times (cum): num = 31, avg = 0.00ms, sd = 0.00ms max = 0.00ms, total = 0.00ms
[2024-12-07T17:08:10.925+0800][1.273s][debug][gc,stats       ]   Mark Stats Cache: hits 598 misses 2 ratio 99.667
[2024-12-07T17:08:10.925+0800][1.273s][debug][gc,stats       ] ---------------------------------------------------------------------
[2024-12-07T17:08:10.925+0800][1.273s][debug][gc,stats       ] Marking Stats, task = 5, calls = 1
[2024-12-07T17:08:10.925+0800][1.273s][debug][gc,stats       ]   Elapsed time = 0.30ms, Termination time = 0.00ms
[2024-12-07T17:08:10.925+0800][1.273s][debug][gc,stats       ]   Step Times (cum): num = 1, avg = 0.00ms, sd = 0.00ms max = 0.00ms, total = 0.00ms
[2024-12-07T17:08:10.925+0800][1.274s][debug][gc,stats       ]   Mark Stats Cache: hits 0 misses 0 ratio 0.000
[2024-12-07T17:08:10.926+0800][1.274s][debug][gc,stats       ] ---------------------------------------------------------------------
[2024-12-07T17:08:10.926+0800][1.274s][debug][gc,stats       ] Marking Stats, task = 6, calls = 1
[2024-12-07T17:08:10.926+0800][1.274s][debug][gc,stats       ]   Elapsed time = 0.14ms, Termination time = 0.00ms
[2024-12-07T17:08:10.926+0800][1.274s][debug][gc,stats       ]   Step Times (cum): num = 1, avg = 0.00ms, sd = 0.00ms max = 0.00ms, total = 0.00ms
[2024-12-07T17:08:10.926+0800][1.274s][debug][gc,stats       ]   Mark Stats Cache: hits 0 misses 0 ratio 0.000
[2024-12-07T17:08:10.926+0800][1.274s][debug][gc,stats       ] ---------------------------------------------------------------------
[2024-12-07T17:08:10.926+0800][1.274s][debug][gc,stats       ] Marking Stats, task = 7, calls = 1
[2024-12-07T17:08:10.926+0800][1.274s][debug][gc,stats       ]   Elapsed time = 0.15ms, Termination time = 0.00ms
[2024-12-07T17:08:10.926+0800][1.274s][debug][gc,stats       ]   Step Times (cum): num = 1, avg = 0.00ms, sd = 0.00ms max = 0.00ms, total = 0.00ms
[2024-12-07T17:08:10.926+0800][1.274s][debug][gc,stats       ]   Mark Stats Cache: hits 0 misses 0 ratio 0.000
[2024-12-07T17:08:10.926+0800][1.274s][debug][gc,stats       ] ---------------------------------------------------------------------
[2024-12-07T17:08:10.926+0800][1.275s][debug][gc,stats       ] Marking Stats, task = 8, calls = 1
[2024-12-07T17:08:10.927+0800][1.275s][debug][gc,stats       ]   Elapsed time = 0.04ms, Termination time = 0.00ms
[2024-12-07T17:08:10.927+0800][1.275s][debug][gc,stats       ]   Step Times (cum): num = 1, avg = 0.00ms, sd = 0.00ms max = 0.00ms, total = 0.00ms
[2024-12-07T17:08:10.927+0800][1.275s][debug][gc,stats       ]   Mark Stats Cache: hits 0 misses 0 ratio 0.000
[2024-12-07T17:08:10.927+0800][1.275s][debug][gc,stats       ] ---------------------------------------------------------------------
[2024-12-07T17:08:10.927+0800][1.275s][debug][gc,stats       ] Marking Stats, task = 9, calls = 1
[2024-12-07T17:08:10.927+0800][1.275s][debug][gc,stats       ]   Elapsed time = 0.03ms, Termination time = 0.00ms
[2024-12-07T17:08:10.927+0800][1.275s][debug][gc,stats       ]   Step Times (cum): num = 1, avg = 0.00ms, sd = 0.00ms max = 0.00ms, total = 0.00ms
[2024-12-07T17:08:10.927+0800][1.275s][debug][gc,stats       ]   Mark Stats Cache: hits 0 misses 0 ratio 0.000
[2024-12-07T17:08:10.927+0800][1.275s][debug][gc,stats       ] ---------------------------------------------------------------------
[2024-12-07T17:08:10.927+0800][1.275s][debug][gc,stats       ] Marking Stats, task = 10, calls = 1
[2024-12-07T17:08:10.927+0800][1.275s][debug][gc,stats       ]   Elapsed time = 0.01ms, Termination time = 0.00ms
[2024-12-07T17:08:10.927+0800][1.276s][debug][gc,stats       ]   Step Times (cum): num = 1, avg = 0.00ms, sd = 0.00ms max = 0.00ms, total = 0.00ms
[2024-12-07T17:08:10.928+0800][1.276s][debug][gc,stats       ]   Mark Stats Cache: hits 0 misses 0 ratio 0.000
[2024-12-07T17:08:10.928+0800][1.276s][debug][gc,stats       ] ---------------------------------------------------------------------
[2024-12-07T17:08:10.928+0800][1.276s][debug][gc,stats       ] Marking Stats, task = 11, calls = 1
[2024-12-07T17:08:10.928+0800][1.276s][debug][gc,stats       ]   Elapsed time = 0.00ms, Termination time = 0.00ms
[2024-12-07T17:08:10.928+0800][1.276s][debug][gc,stats       ]   Step Times (cum): num = 1, avg = 0.00ms, sd = 0.00ms max = 0.00ms, total = 0.00ms
[2024-12-07T17:08:10.928+0800][1.276s][debug][gc,stats       ]   Mark Stats Cache: hits 0 misses 0 ratio 0.000
[2024-12-07T17:08:10.928+0800][1.276s][debug][gc,stats       ] ---------------------------------------------------------------------
[2024-12-07T17:08:10.928+0800][1.276s][debug][gc,phases      ] GC(1) Finalize Marking 6.640ms
[2024-12-07T17:08:10.928+0800][1.276s][debug][gc,phases,start] GC(1) Reference Processing
[2024-12-07T17:08:10.928+0800][1.276s][debug][gc,ref         ] GC(1) Skipped phase1 of Reference Processing due to unavailable references
[2024-12-07T17:08:10.928+0800][1.276s][debug][gc,ref         ] GC(1) Skipped phase2 of Reference Processing due to unavailable references
[2024-12-07T17:08:10.928+0800][1.276s][debug][gc,ref         ] GC(1) Skipped phase3 of Reference Processing due to unavailable references
[2024-12-07T17:08:10.928+0800][1.277s][debug][gc,ref         ] GC(1) Skipped phase4 of Reference Processing due to unavailable references
[2024-12-07T17:08:10.929+0800][1.277s][debug][gc,phases,ref  ] GC(1) Reference Processing: 0.3ms
[2024-12-07T17:08:10.929+0800][1.277s][debug][gc,phases,ref  ] GC(1)   Reconsider SoftReferences: 0.1ms
[2024-12-07T17:08:10.929+0800][1.277s][debug][gc,phases,ref  ] GC(1)     SoftRef (ms):             skipped
[2024-12-07T17:08:10.929+0800][1.277s][debug][gc,phases,ref  ] GC(1)   Notify Soft/WeakReferences: 0.1ms
[2024-12-07T17:08:10.929+0800][1.277s][debug][gc,phases,ref  ] GC(1)     SoftRef (ms):             skipped
[2024-12-07T17:08:10.929+0800][1.277s][debug][gc,phases,ref  ] GC(1)     WeakRef (ms):             skipped
[2024-12-07T17:08:10.929+0800][1.277s][debug][gc,phases,ref  ] GC(1)     FinalRef (ms):            skipped
[2024-12-07T17:08:10.929+0800][1.277s][debug][gc,phases,ref  ] GC(1)     Total (ms):               skipped
[2024-12-07T17:08:10.929+0800][1.277s][debug][gc,phases,ref  ] GC(1)   Notify and keep alive finalizable: 0.1ms
[2024-12-07T17:08:10.929+0800][1.277s][debug][gc,phases,ref  ] GC(1)     FinalRef (ms):            skipped
[2024-12-07T17:08:10.929+0800][1.277s][debug][gc,phases,ref  ] GC(1)   Notify PhantomReferences: 0.1ms
[2024-12-07T17:08:10.929+0800][1.277s][debug][gc,phases,ref  ] GC(1)     PhantomRef (ms):          skipped
[2024-12-07T17:08:10.929+0800][1.278s][debug][gc,phases,ref  ] GC(1)   SoftReference:
[2024-12-07T17:08:10.930+0800][1.278s][debug][gc,phases,ref  ] GC(1)     Discovered: 0
[2024-12-07T17:08:10.930+0800][1.278s][debug][gc,phases,ref  ] GC(1)     Cleared: 0
[2024-12-07T17:08:10.930+0800][1.278s][debug][gc,phases,ref  ] GC(1)   WeakReference:
[2024-12-07T17:08:10.930+0800][1.278s][debug][gc,phases,ref  ] GC(1)     Discovered: 0
[2024-12-07T17:08:10.930+0800][1.278s][debug][gc,phases,ref  ] GC(1)     Cleared: 0
[2024-12-07T17:08:10.930+0800][1.278s][debug][gc,phases,ref  ] GC(1)   FinalReference:
[2024-12-07T17:08:10.930+0800][1.278s][debug][gc,phases,ref  ] GC(1)     Discovered: 0
[2024-12-07T17:08:10.930+0800][1.278s][debug][gc,phases,ref  ] GC(1)     Cleared: 0
[2024-12-07T17:08:10.930+0800][1.278s][debug][gc,phases,ref  ] GC(1)   PhantomReference:
[2024-12-07T17:08:10.930+0800][1.278s][debug][gc,phases,ref  ] GC(1)     Discovered: 0
[2024-12-07T17:08:10.930+0800][1.279s][debug][gc,phases,ref  ] GC(1)     Cleared: 0
[2024-12-07T17:08:10.931+0800][1.279s][debug][gc,phases      ] GC(1) Reference Processing 2.390ms
[2024-12-07T17:08:10.931+0800][1.279s][debug][gc,phases,start] GC(1) Weak Processing
[2024-12-07T17:08:10.931+0800][1.279s][debug][gc,phases      ] GC(1) Weak Processing 0.214ms
[2024-12-07T17:08:10.931+0800][1.279s][debug][gc,phases,start] GC(1) Class Unloading
[2024-12-07T17:08:10.931+0800][1.279s][debug][gc,phases,start] GC(1) ClassLoaderData
[2024-12-07T17:08:10.931+0800][1.279s][debug][gc,phases      ] GC(1) ClassLoaderData 0.087ms
[2024-12-07T17:08:10.931+0800][1.279s][debug][gc,phases,start] GC(1) ProtectionDomainCacheTable
[2024-12-07T17:08:10.931+0800][1.279s][debug][gc,phases      ] GC(1) ProtectionDomainCacheTable 0.088ms
[2024-12-07T17:08:10.932+0800][1.280s][info ][gc,stringtable ] GC(1) Cleaned string and symbol table, strings: 39 processed, 0 removed, symbols: 191 processed, 0 removed
[2024-12-07T17:08:10.932+0800][1.280s][debug][gc,phases      ] GC(1) Class Unloading 0.757ms
[2024-12-07T17:08:10.932+0800][1.280s][debug][gc,phases,start] GC(1) Flush Task Caches
[2024-12-07T17:08:10.932+0800][1.280s][debug][gc,stats       ] Mark stats cache hits 10485 misses 120 ratio 98.868
[2024-12-07T17:08:10.932+0800][1.280s][debug][gc,phases      ] GC(1) Flush Task Caches 0.179ms
[2024-12-07T17:08:10.932+0800][1.280s][debug][gc,phases,start] GC(1) Update Remembered Set Tracking Before Rebuild
[2024-12-07T17:08:10.932+0800][1.280s][debug][gc,ergo        ] GC(1) Running G1 Update RemSet Tracking Before Rebuild using 2 workers for 504 regions in heap
[2024-12-07T17:08:10.932+0800][1.280s][debug][gc,remset,tracking] GC(1) Remembered Set Tracking update regions total 504, selected 0
[2024-12-07T17:08:10.932+0800][1.280s][debug][gc,phases         ] GC(1) Update Remembered Set Tracking Before Rebuild 0.287ms
[2024-12-07T17:08:10.932+0800][1.280s][debug][gc,phases,start   ] GC(1) Reclaim Empty Regions
[2024-12-07T17:08:10.933+0800][1.281s][debug][gc,phases         ] GC(1) Reclaim Empty Regions 0.159ms
[2024-12-07T17:08:10.933+0800][1.281s][debug][gc,phases,start   ] GC(1) Purge Metaspace
[2024-12-07T17:08:10.933+0800][1.281s][debug][gc,phases         ] GC(1) Purge Metaspace 0.077ms
[2024-12-07T17:08:10.933+0800][1.281s][debug][gc,phases,start   ] GC(1) Report Object Count
[2024-12-07T17:08:10.933+0800][1.281s][debug][gc,phases         ] GC(1) Report Object Count 0.077ms
[2024-12-07T17:08:10.933+0800][1.281s][info ][gc                ] GC(1) Pause Remark 241M->241M(504M) 11.602ms
[2024-12-07T17:08:10.933+0800][1.281s][info ][gc,cpu            ] GC(1) User=0.00s Sys=0.00s Real=0.01s
[2024-12-07T17:08:10.933+0800][1.281s][info ][gc,marking        ] GC(1) Concurrent Rebuild Remembered Sets
[2024-12-07T17:08:10.933+0800][1.281s][info ][gc,marking        ] GC(1) Concurrent Rebuild Remembered Sets 0.263ms
[2024-12-07T17:08:10.934+0800][1.282s][info ][gc,start          ] GC(1) Pause Cleanup
[2024-12-07T17:08:10.934+0800][1.282s][debug][gc,phases,start   ] GC(1) Update Remembered Set Tracking After Rebuild
[2024-12-07T17:08:10.934+0800][1.282s][debug][gc,phases         ] GC(1) Update Remembered Set Tracking After Rebuild 0.084ms
[2024-12-07T17:08:10.934+0800][1.282s][debug][gc,phases,start   ] GC(1) Finalize Concurrent Mark Cleanup
[2024-12-07T17:08:10.934+0800][1.282s][debug][gc,ergo           ] GC(1) request young-only gcs (candidate old regions not available)
[2024-12-07T17:08:10.934+0800][1.282s][debug][gc,phases         ] GC(1) Finalize Concurrent Mark Cleanup 0.255ms
[2024-12-07T17:08:10.934+0800][1.282s][info ][gc                ] GC(1) Pause Cleanup 241M->241M(504M) 0.575ms
[2024-12-07T17:08:10.934+0800][1.282s][info ][gc,cpu            ] GC(1) User=0.00s Sys=0.00s Real=0.00s
[2024-12-07T17:08:10.934+0800][1.282s][info ][gc,marking        ] GC(1) Concurrent Cleanup for Next Mark
[2024-12-07T17:08:10.934+0800][1.282s][debug][gc,ergo           ] GC(1) Running G1 Clear Bitmap with 5 workers for 8 work units.
[2024-12-07T17:08:10.935+0800][1.283s][info ][gc,marking        ] GC(1) Concurrent Cleanup for Next Mark 0.483ms
[2024-12-07T17:08:10.935+0800][1.283s][info ][gc                ] GC(1) Concurrent Cycle 19.594ms
[2024-12-07T17:08:11.023+0800][1.371s][debug][gc,ergo,ihop      ] Request concurrent cycle initiation (occupancy higher than threshold) occupancy: 253755392B allocation request: 1048592B threshold: 236873318B (44.82) source: concurrent humongous allocation
[2024-12-07T17:08:11.024+0800][1.372s][debug][gc,ergo           ] Request concurrent cycle initiation (requested by GC cause). GC cause: G1 Humongous Allocation
[2024-12-07T17:08:11.024+0800][1.372s][debug][gc,heap           ] GC(2) Heap before GC invocations=2 (full 0): garbage-first heap   total 516096K, used 246928K [0x00000000e0000000, 0x0000000100000000)
[2024-12-07T17:08:11.024+0800][1.372s][debug][gc,heap           ] GC(2)   region size 1024K, 2 young (2048K), 1 survivors (1024K)
[2024-12-07T17:08:11.024+0800][1.372s][debug][gc,heap           ] GC(2)  Metaspace       used 558K, capacity 4570K, committed 4864K, reserved 1056768K
[2024-12-07T17:08:11.025+0800][1.373s][debug][gc,heap           ] GC(2)   class space    used 46K, capacity 419K, committed 512K, reserved 1048576K
[2024-12-07T17:08:11.025+0800][1.373s][debug][gc,ergo           ] GC(2) Initiate concurrent cycle (concurrent cycle initiation requested)
[2024-12-07T17:08:11.025+0800][1.373s][info ][gc,start          ] GC(2) Pause Young (Concurrent Start) (G1 Humongous Allocation)
[2024-12-07T17:08:11.025+0800][1.373s][info ][gc,task           ] GC(2) Using 12 workers of 18 for evacuation
[2024-12-07T17:08:11.025+0800][1.373s][debug][gc,tlab           ] GC(2) TLAB totals: thrds: 1  refills: 1 max: 1 slow allocs: 1 max 1 waste: 100.0% gc: 524128B max: 524128B slow: 0B max: 0B fast: 0B max: 0B
[2024-12-07T17:08:11.026+0800][1.374s][debug][gc,alloc,region   ] GC(2) Mutator Allocation stats, regions: 1, wasted size: 0B ( 0.0%)
[2024-12-07T17:08:11.026+0800][1.374s][debug][gc,age            ] GC(2) Desired survivor size 15204352 bytes, new threshold 15 (max threshold 15)
[2024-12-07T17:08:11.026+0800][1.374s][debug][gc,ergo,cset      ] GC(2) Finish choosing CSet. old: 0 regions, predicted old region time: 0.00ms, time remaining: 173.37
[2024-12-07T17:08:11.026+0800][1.374s][debug][gc,task,stats     ] GC(2) GC Termination Stats
[2024-12-07T17:08:11.026+0800][1.374s][debug][gc,task,stats     ] GC(2)      elapsed  --strong roots-- -------termination------- ------waste (KiB)------
[2024-12-07T17:08:11.026+0800][1.375s][debug][gc,task,stats     ] GC(2) thr     ms        ms      %        ms      %    attempts  total   alloc    undo
[2024-12-07T17:08:11.027+0800][1.375s][debug][gc,task,stats     ] GC(2) --- --------- --------- ------ --------- ------ -------- ------- ------- -------
[2024-12-07T17:08:11.030+0800][1.378s][debug][gc,task,stats     ] GC(2)   2      2.92      1.92  65.80      0.85  29.27       17       0       0       0
[2024-12-07T17:08:11.031+0800][1.379s][debug][gc,task,stats     ] GC(2)   7      3.89      1.70  43.65      1.51  38.90        6       0       0       0
[2024-12-07T17:08:11.032+0800][1.380s][debug][gc,task,stats     ] GC(2)   0      4.66      1.37  29.31      1.57  33.78        9       1       1       0
[2024-12-07T17:08:11.032+0800][1.380s][debug][gc,task,stats     ] GC(2)   9      4.94      1.06  21.37      1.58  31.94       21       0       0       0
[2024-12-07T17:08:11.032+0800][1.380s][debug][gc,task,stats     ] GC(2)  10      5.11      1.12  21.89      1.36  26.62       43       0       0       0
[2024-12-07T17:08:11.032+0800][1.380s][debug][gc,task,stats     ] GC(2)  11      5.29      1.12  21.26      1.28  24.13       38       0       0       0
[2024-12-07T17:08:11.032+0800][1.381s][debug][gc,task,stats     ] GC(2)   6      5.53      1.50  27.22      1.15  20.86       27       0       0       0
[2024-12-07T17:08:11.033+0800][1.381s][debug][gc,task,stats     ] GC(2)   4      5.73      2.87  50.04      0.00   0.05        1       0       0       0
[2024-12-07T17:08:11.033+0800][1.381s][debug][gc,task,stats     ] GC(2)   5      5.84      1.81  31.05      0.85  14.61       19       0       0       0
[2024-12-07T17:08:11.033+0800][1.381s][debug][gc,task,stats     ] GC(2)   1      6.12      1.46  23.84      1.20  19.60       49       0       0       0
[2024-12-07T17:08:11.033+0800][1.381s][debug][gc,task,stats     ] GC(2)   3      6.21      1.75  28.12      1.06  17.15       22       0       0       0
[2024-12-07T17:08:11.033+0800][1.381s][debug][gc,task,stats     ] GC(2)   8      6.26      1.16  18.55      1.28  20.48       42       0       0       0
[2024-12-07T17:08:11.033+0800][1.381s][debug][gc,ergo           ] GC(2) Running G1 Clear Card Table Task using 1 workers for 1 units of work for 3 regions.
[2024-12-07T17:08:11.034+0800][1.382s][debug][gc,ref            ] GC(2) Skipped phase1 of Reference Processing due to unavailable references
[2024-12-07T17:08:11.034+0800][1.382s][debug][gc,ref            ] GC(2) Skipped phase3 of Reference Processing due to unavailable references
[2024-12-07T17:08:11.034+0800][1.382s][debug][gc,ergo           ] GC(2) Running G1 Free Collection Set using 1 workers for collection set length 2
[2024-12-07T17:08:11.034+0800][1.382s][debug][gc,humongous      ] GC(2) Live humongous region 0 object size 1048592 start 0x00000000e0000000  with remset 0 code roots 0 is marked 0 reclaim candidate 0 type array 1
[2024-12-07T17:08:11.034+0800][1.382s][debug][gc,humongous      ] GC(2) Live humongous region 2 object size 1048592 start 0x00000000e0200000  with remset 0 code roots 0 is marked 0 reclaim candidate 0 type array 1
[2024-12-07T17:08:11.034+0800][1.382s][debug][gc,humongous      ] GC(2) Live humongous region 4 object size 1048592 start 0x00000000e0400000  with remset 0 code roots 0 is marked 0 reclaim candidate 0 type array 1
[2024-12-07T17:08:11.034+0800][1.383s][debug][gc,humongous      ] GC(2) Live humongous region 6 object size 1048592 start 0x00000000e0600000  with remset 0 code roots 0 is marked 0 reclaim candidate 0 type array 1
[2024-12-07T17:08:11.035+0800][1.383s][debug][gc,humongous      ] GC(2) Live humongous region 8 object size 1048592 start 0x00000000e0800000  with remset 0 code roots 0 is marked 0 reclaim candidate 0 type array 1
[2024-12-07T17:08:11.035+0800][1.383s][debug][gc,humongous      ] GC(2) Live humongous region 10 object size 1048592 start 0x00000000e0a00000  with remset 0 code roots 0 is marked 0 reclaim candidate 0 type array 1
[2024-12-07T17:08:11.035+0800][1.383s][debug][gc,humongous      ] GC(2) Live humongous region 12 object size 1048592 start 0x00000000e0c00000  with remset 0 code roots 0 is marked 0 reclaim candidate 0 type array 1
[2024-12-07T17:08:11.035+0800][1.383s][debug][gc,humongous      ] GC(2) Live humongous region 14 object size 1048592 start 0x00000000e0e00000  with remset 0 code roots 0 is marked 0 reclaim candidate 0 type array 1
[2024-12-07T17:08:11.035+0800][1.383s][debug][gc,humongous      ] GC(2) Live humongous region 16 object size 1048592 start 0x00000000e1000000  with remset 0 code roots 0 is marked 0 reclaim candidate 0 type array 1
[2024-12-07T17:08:11.035+0800][1.383s][debug][gc,humongous      ] GC(2) Live humongous region 18 object size 1048592 start 0x00000000e1200000  with remset 0 code roots 0 is marked 0 reclaim candidate 0 type array 1
[2024-12-07T17:08:11.035+0800][1.383s][debug][gc,humongous      ] GC(2) Live humongous region 20 object size 1048592 start 0x00000000e1400000  with remset 0 code roots 0 is marked 0 reclaim candidate 0 type array 1
[2024-12-07T17:08:11.035+0800][1.383s][debug][gc,humongous      ] GC(2) Live humongous region 22 object size 1048592 start 0x00000000e1600000  with remset 0 code roots 0 is marked 0 reclaim candidate 0 type array 1
[2024-12-07T17:08:11.035+0800][1.383s][debug][gc,humongous      ] GC(2) Live humongous region 24 object size 1048592 start 0x00000000e1800000  with remset 0 code roots 0 is marked 0 reclaim candidate 0 type array 1
[2024-12-07T17:08:11.035+0800][1.383s][debug][gc,humongous      ] GC(2) Live humongous region 26 object size 1048592 start 0x00000000e1a00000  with remset 0 code roots 0 is marked 0 reclaim candidate 0 type array 1
[2024-12-07T17:08:11.035+0800][1.384s][debug][gc,humongous      ] GC(2) Live humongous region 28 object size 1048592 start 0x00000000e1c00000  with remset 0 code roots 0 is marked 0 reclaim candidate 0 type array 1
[2024-12-07T17:08:11.036+0800][1.384s][debug][gc,humongous      ] GC(2) Live humongous region 30 object size 1048592 start 0x00000000e1e00000  with remset 0 code roots 0 is marked 0 reclaim candidate 0 type array 1
[2024-12-07T17:08:11.036+0800][1.384s][debug][gc,humongous      ] GC(2) Live humongous region 32 object size 1048592 start 0x00000000e2000000  with remset 0 code roots 0 is marked 0 reclaim candidate 0 type array 1
[2024-12-07T17:08:11.036+0800][1.384s][debug][gc,humongous      ] GC(2) Live humongous region 34 object size 1048592 start 0x00000000e2200000  with remset 0 code roots 0 is marked 0 reclaim candidate 0 type array 1
[2024-12-07T17:08:11.036+0800][1.384s][debug][gc,humongous      ] GC(2) Live humongous region 36 object size 1048592 start 0x00000000e2400000  with remset 0 code roots 0 is marked 0 reclaim candidate 0 type array 1
[2024-12-07T17:08:11.036+0800][1.384s][debug][gc,humongous      ] GC(2) Live humongous region 38 object size 1048592 start 0x00000000e2600000  with remset 0 code roots 0 is marked 0 reclaim candidate 0 type array 1
[2024-12-07T17:08:11.036+0800][1.384s][debug][gc,humongous      ] GC(2) Live humongous region 40 object size 1048592 start 0x00000000e2800000  with remset 0 code roots 0 is marked 0 reclaim candidate 0 type array 1
[2024-12-07T17:08:11.036+0800][1.384s][debug][gc,humongous      ] GC(2) Live humongous region 42 object size 1048592 start 0x00000000e2a00000  with remset 0 code roots 0 is marked 0 reclaim candidate 0 type array 1
[2024-12-07T17:08:11.036+0800][1.384s][debug][gc,humongous      ] GC(2) Live humongous region 44 object size 1048592 start 0x00000000e2c00000  with remset 0 code roots 0 is marked 0 reclaim candidate 0 type array 1
[2024-12-07T17:08:11.036+0800][1.384s][debug][gc,humongous      ] GC(2) Live humongous region 46 object size 1048592 start 0x00000000e2e00000  with remset 0 code roots 0 is marked 0 reclaim candidate 0 type array 1
[2024-12-07T17:08:11.036+0800][1.385s][debug][gc,humongous      ] GC(2) Live humongous region 48 object size 1048592 start 0x00000000e3000000  with remset 0 code roots 0 is marked 0 reclaim candidate 0 type array 1
[2024-12-07T17:08:11.037+0800][1.385s][debug][gc,humongous      ] GC(2) Live humongous region 50 object size 1048592 start 0x00000000e3200000  with remset 0 code roots 0 is marked 0 reclaim candidate 0 type array 1
[2024-12-07T17:08:11.037+0800][1.385s][debug][gc,humongous      ] GC(2) Live humongous region 52 object size 1048592 start 0x00000000e3400000  with remset 0 code roots 0 is marked 0 reclaim candidate 0 type array 1
[2024-12-07T17:08:11.037+0800][1.385s][debug][gc,humongous      ] GC(2) Live humongous region 54 object size 1048592 start 0x00000000e3600000  with remset 0 code roots 0 is marked 0 reclaim candidate 0 type array 1
[2024-12-07T17:08:11.037+0800][1.385s][debug][gc,humongous      ] GC(2) Live humongous region 56 object size 1048592 start 0x00000000e3800000  with remset 0 code roots 0 is marked 0 reclaim candidate 0 type array 1
[2024-12-07T17:08:11.037+0800][1.385s][debug][gc,humongous      ] GC(2) Live humongous region 58 object size 1048592 start 0x00000000e3a00000  with remset 0 code roots 0 is marked 0 reclaim candidate 0 type array 1
[2024-12-07T17:08:11.037+0800][1.385s][debug][gc,humongous      ] GC(2) Live humongous region 60 object size 1048592 start 0x00000000e3c00000  with remset 0 code roots 0 is marked 0 reclaim candidate 0 type array 1
[2024-12-07T17:08:11.037+0800][1.385s][debug][gc,humongous      ] GC(2) Live humongous region 62 object size 1048592 start 0x00000000e3e00000  with remset 0 code roots 0 is marked 0 reclaim candidate 0 type array 1
[2024-12-07T17:08:11.037+0800][1.385s][debug][gc,humongous      ] GC(2) Live humongous region 64 object size 1048592 start 0x00000000e4000000  with remset 0 code roots 0 is marked 0 reclaim candidate 0 type array 1
[2024-12-07T17:08:11.037+0800][1.385s][debug][gc,humongous      ] GC(2) Live humongous region 66 object size 1048592 start 0x00000000e4200000  with remset 0 code roots 0 is marked 0 reclaim candidate 0 type array 1
[2024-12-07T17:08:11.037+0800][1.385s][debug][gc,humongous      ] GC(2) Live humongous region 68 object size 1048592 start 0x00000000e4400000  with remset 0 code roots 0 is marked 0 reclaim candidate 0 type array 1
[2024-12-07T17:08:11.037+0800][1.386s][debug][gc,humongous      ] GC(2) Live humongous region 70 object size 1048592 start 0x00000000e4600000  with remset 0 code roots 0 is marked 0 reclaim candidate 0 type array 1
[2024-12-07T17:08:11.038+0800][1.386s][debug][gc,humongous      ] GC(2) Live humongous region 72 object size 1048592 start 0x00000000e4800000  with remset 0 code roots 0 is marked 0 reclaim candidate 0 type array 1
[2024-12-07T17:08:11.038+0800][1.386s][debug][gc,humongous      ] GC(2) Live humongous region 74 object size 1048592 start 0x00000000e4a00000  with remset 0 code roots 0 is marked 0 reclaim candidate 0 type array 1
[2024-12-07T17:08:11.038+0800][1.386s][debug][gc,humongous      ] GC(2) Live humongous region 76 object size 1048592 start 0x00000000e4c00000  with remset 0 code roots 0 is marked 0 reclaim candidate 0 type array 1
[2024-12-07T17:08:11.038+0800][1.386s][debug][gc,humongous      ] GC(2) Live humongous region 78 object size 1048592 start 0x00000000e4e00000  with remset 0 code roots 0 is marked 0 reclaim candidate 0 type array 1
[2024-12-07T17:08:11.038+0800][1.386s][debug][gc,humongous      ] GC(2) Live humongous region 80 object size 1048592 start 0x00000000e5000000  with remset 0 code roots 0 is marked 0 reclaim candidate 0 type array 1
[2024-12-07T17:08:11.038+0800][1.386s][debug][gc,humongous      ] GC(2) Live humongous region 82 object size 1048592 start 0x00000000e5200000  with remset 0 code roots 0 is marked 0 reclaim candidate 0 type array 1
[2024-12-07T17:08:11.038+0800][1.386s][debug][gc,humongous      ] GC(2) Live humongous region 84 object size 1048592 start 0x00000000e5400000  with remset 0 code roots 0 is marked 0 reclaim candidate 0 type array 1
[2024-12-07T17:08:11.038+0800][1.386s][debug][gc,humongous      ] GC(2) Live humongous region 86 object size 1048592 start 0x00000000e5600000  with remset 0 code roots 0 is marked 0 reclaim candidate 0 type array 1
[2024-12-07T17:08:11.038+0800][1.386s][debug][gc,humongous      ] GC(2) Live humongous region 88 object size 1048592 start 0x00000000e5800000  with remset 0 code roots 0 is marked 0 reclaim candidate 0 type array 1
[2024-12-07T17:08:11.038+0800][1.386s][debug][gc,humongous      ] GC(2) Live humongous region 90 object size 1048592 start 0x00000000e5a00000  with remset 0 code roots 0 is marked 0 reclaim candidate 0 type array 1
[2024-12-07T17:08:11.038+0800][1.387s][debug][gc,humongous      ] GC(2) Live humongous region 92 object size 1048592 start 0x00000000e5c00000  with remset 0 code roots 0 is marked 0 reclaim candidate 0 type array 1
[2024-12-07T17:08:11.039+0800][1.387s][debug][gc,humongous      ] GC(2) Live humongous region 94 object size 1048592 start 0x00000000e5e00000  with remset 0 code roots 0 is marked 0 reclaim candidate 0 type array 1
[2024-12-07T17:08:11.039+0800][1.387s][debug][gc,humongous      ] GC(2) Live humongous region 96 object size 1048592 start 0x00000000e6000000  with remset 0 code roots 0 is marked 0 reclaim candidate 0 type array 1
[2024-12-07T17:08:11.039+0800][1.387s][debug][gc,humongous      ] GC(2) Live humongous region 98 object size 1048592 start 0x00000000e6200000  with remset 0 code roots 0 is marked 0 reclaim candidate 0 type array 1
[2024-12-07T17:08:11.039+0800][1.387s][debug][gc,humongous      ] GC(2) Live humongous region 100 object size 1048592 start 0x00000000e6400000  with remset 0 code roots 0 is marked 0 reclaim candidate 0 type array 1
[2024-12-07T17:08:11.039+0800][1.387s][debug][gc,humongous      ] GC(2) Live humongous region 102 object size 1048592 start 0x00000000e6600000  with remset 0 code roots 0 is marked 0 reclaim candidate 0 type array 1
[2024-12-07T17:08:11.039+0800][1.387s][debug][gc,humongous      ] GC(2) Live humongous region 104 object size 1048592 start 0x00000000e6800000  with remset 0 code roots 0 is marked 0 reclaim candidate 0 type array 1
[2024-12-07T17:08:11.039+0800][1.387s][debug][gc,humongous      ] GC(2) Live humongous region 106 object size 1048592 start 0x00000000e6a00000  with remset 0 code roots 0 is marked 0 reclaim candidate 0 type array 1
[2024-12-07T17:08:11.039+0800][1.388s][debug][gc,humongous      ] GC(2) Live humongous region 108 object size 1048592 start 0x00000000e6c00000  with remset 0 code roots 0 is marked 0 reclaim candidate 0 type array 1
[2024-12-07T17:08:11.040+0800][1.388s][debug][gc,humongous      ] GC(2) Live humongous region 110 object size 1048592 start 0x00000000e6e00000  with remset 0 code roots 0 is marked 0 reclaim candidate 0 type array 1
[2024-12-07T17:08:11.040+0800][1.388s][debug][gc,humongous      ] GC(2) Live humongous region 112 object size 1048592 start 0x00000000e7000000  with remset 0 code roots 0 is marked 0 reclaim candidate 0 type array 1
[2024-12-07T17:08:11.040+0800][1.388s][debug][gc,humongous      ] GC(2) Live humongous region 114 object size 1048592 start 0x00000000e7200000  with remset 0 code roots 0 is marked 0 reclaim candidate 0 type array 1
[2024-12-07T17:08:11.040+0800][1.388s][debug][gc,humongous      ] GC(2) Live humongous region 116 object size 1048592 start 0x00000000e7400000  with remset 0 code roots 0 is marked 0 reclaim candidate 0 type array 1
[2024-12-07T17:08:11.040+0800][1.388s][debug][gc,humongous      ] GC(2) Live humongous region 118 object size 1048592 start 0x00000000e7600000  with remset 0 code roots 0 is marked 0 reclaim candidate 0 type array 1
[2024-12-07T17:08:11.040+0800][1.388s][debug][gc,humongous      ] GC(2) Live humongous region 120 object size 1048592 start 0x00000000e7800000  with remset 0 code roots 0 is marked 0 reclaim candidate 0 type array 1
[2024-12-07T17:08:11.040+0800][1.388s][debug][gc,humongous      ] GC(2) Live humongous region 122 object size 1048592 start 0x00000000e7a00000  with remset 0 code roots 0 is marked 0 reclaim candidate 0 type array 1
[2024-12-07T17:08:11.040+0800][1.388s][debug][gc,humongous      ] GC(2) Live humongous region 124 object size 1048592 start 0x00000000e7c00000  with remset 0 code roots 0 is marked 0 reclaim candidate 0 type array 1
[2024-12-07T17:08:11.040+0800][1.388s][debug][gc,humongous      ] GC(2) Live humongous region 126 object size 1048592 start 0x00000000e7e00000  with remset 0 code roots 0 is marked 0 reclaim candidate 0 type array 1
[2024-12-07T17:08:11.040+0800][1.388s][debug][gc,humongous      ] GC(2) Live humongous region 128 object size 1048592 start 0x00000000e8000000  with remset 0 code roots 0 is marked 0 reclaim candidate 0 type array 1
[2024-12-07T17:08:11.040+0800][1.388s][debug][gc,humongous      ] GC(2) Live humongous region 130 object size 1048592 start 0x00000000e8200000  with remset 0 code roots 0 is marked 0 reclaim candidate 0 type array 1
[2024-12-07T17:08:11.040+0800][1.388s][debug][gc,humongous      ] GC(2) Live humongous region 132 object size 1048592 start 0x00000000e8400000  with remset 0 code roots 0 is marked 0 reclaim candidate 0 type array 1
[2024-12-07T17:08:11.040+0800][1.389s][debug][gc,humongous      ] GC(2) Live humongous region 134 object size 1048592 start 0x00000000e8600000  with remset 0 code roots 0 is marked 0 reclaim candidate 0 type array 1
[2024-12-07T17:08:11.040+0800][1.389s][debug][gc,humongous      ] GC(2) Live humongous region 136 object size 1048592 start 0x00000000e8800000  with remset 0 code roots 0 is marked 0 reclaim candidate 0 type array 1
[2024-12-07T17:08:11.041+0800][1.389s][debug][gc,humongous      ] GC(2) Live humongous region 138 object size 1048592 start 0x00000000e8a00000  with remset 0 code roots 0 is marked 0 reclaim candidate 0 type array 1
[2024-12-07T17:08:11.041+0800][1.389s][debug][gc,humongous      ] GC(2) Live humongous region 140 object size 1048592 start 0x00000000e8c00000  with remset 0 code roots 0 is marked 0 reclaim candidate 0 type array 1
[2024-12-07T17:08:11.041+0800][1.389s][debug][gc,humongous      ] GC(2) Live humongous region 142 object size 1048592 start 0x00000000e8e00000  with remset 0 code roots 0 is marked 0 reclaim candidate 0 type array 1
[2024-12-07T17:08:11.041+0800][1.389s][debug][gc,humongous      ] GC(2) Live humongous region 144 object size 1048592 start 0x00000000e9000000  with remset 0 code roots 0 is marked 0 reclaim candidate 0 type array 1
[2024-12-07T17:08:11.041+0800][1.389s][debug][gc,humongous      ] GC(2) Live humongous region 146 object size 1048592 start 0x00000000e9200000  with remset 0 code roots 0 is marked 0 reclaim candidate 0 type array 1
[2024-12-07T17:08:11.041+0800][1.389s][debug][gc,humongous      ] GC(2) Live humongous region 148 object size 1048592 start 0x00000000e9400000  with remset 0 code roots 0 is marked 0 reclaim candidate 0 type array 1
[2024-12-07T17:08:11.041+0800][1.389s][debug][gc,humongous      ] GC(2) Live humongous region 150 object size 1048592 start 0x00000000e9600000  with remset 0 code roots 0 is marked 0 reclaim candidate 0 type array 1
[2024-12-07T17:08:11.041+0800][1.389s][debug][gc,humongous      ] GC(2) Live humongous region 152 object size 1048592 start 0x00000000e9800000  with remset 0 code roots 0 is marked 0 reclaim candidate 0 type array 1
[2024-12-07T17:08:11.041+0800][1.389s][debug][gc,humongous      ] GC(2) Live humongous region 154 object size 1048592 start 0x00000000e9a00000  with remset 0 code roots 0 is marked 0 reclaim candidate 0 type array 1
[2024-12-07T17:08:11.041+0800][1.389s][debug][gc,humongous      ] GC(2) Live humongous region 156 object size 1048592 start 0x00000000e9c00000  with remset 0 code roots 0 is marked 0 reclaim candidate 0 type array 1
[2024-12-07T17:08:11.041+0800][1.389s][debug][gc,humongous      ] GC(2) Live humongous region 158 object size 1048592 start 0x00000000e9e00000  with remset 0 code roots 0 is marked 0 reclaim candidate 0 type array 1
[2024-12-07T17:08:11.041+0800][1.389s][debug][gc,humongous      ] GC(2) Live humongous region 160 object size 1048592 start 0x00000000ea000000  with remset 0 code roots 0 is marked 0 reclaim candidate 0 type array 1
[2024-12-07T17:08:11.041+0800][1.390s][debug][gc,humongous      ] GC(2) Live humongous region 162 object size 1048592 start 0x00000000ea200000  with remset 0 code roots 0 is marked 0 reclaim candidate 0 type array 1
[2024-12-07T17:08:11.041+0800][1.390s][debug][gc,humongous      ] GC(2) Live humongous region 164 object size 1048592 start 0x00000000ea400000  with remset 0 code roots 0 is marked 0 reclaim candidate 0 type array 1
[2024-12-07T17:08:11.042+0800][1.390s][debug][gc,humongous      ] GC(2) Live humongous region 166 object size 1048592 start 0x00000000ea600000  with remset 0 code roots 0 is marked 0 reclaim candidate 0 type array 1
[2024-12-07T17:08:11.042+0800][1.390s][debug][gc,humongous      ] GC(2) Live humongous region 168 object size 1048592 start 0x00000000ea800000  with remset 0 code roots 0 is marked 0 reclaim candidate 0 type array 1
[2024-12-07T17:08:11.042+0800][1.390s][debug][gc,humongous      ] GC(2) Live humongous region 170 object size 1048592 start 0x00000000eaa00000  with remset 0 code roots 0 is marked 0 reclaim candidate 0 type array 1
[2024-12-07T17:08:11.042+0800][1.390s][debug][gc,humongous      ] GC(2) Live humongous region 172 object size 1048592 start 0x00000000eac00000  with remset 0 code roots 0 is marked 0 reclaim candidate 0 type array 1
[2024-12-07T17:08:11.042+0800][1.390s][debug][gc,humongous      ] GC(2) Live humongous region 174 object size 1048592 start 0x00000000eae00000  with remset 0 code roots 0 is marked 0 reclaim candidate 0 type array 1
[2024-12-07T17:08:11.042+0800][1.390s][debug][gc,humongous      ] GC(2) Live humongous region 176 object size 1048592 start 0x00000000eb000000  with remset 0 code roots 0 is marked 0 reclaim candidate 0 type array 1
[2024-12-07T17:08:11.042+0800][1.390s][debug][gc,humongous      ] GC(2) Live humongous region 178 object size 1048592 start 0x00000000eb200000  with remset 0 code roots 0 is marked 0 reclaim candidate 0 type array 1
[2024-12-07T17:08:11.042+0800][1.390s][debug][gc,humongous      ] GC(2) Live humongous region 180 object size 1048592 start 0x00000000eb400000  with remset 0 code roots 0 is marked 0 reclaim candidate 0 type array 1
[2024-12-07T17:08:11.042+0800][1.390s][debug][gc,humongous      ] GC(2) Live humongous region 182 object size 1048592 start 0x00000000eb600000  with remset 0 code roots 0 is marked 0 reclaim candidate 0 type array 1
[2024-12-07T17:08:11.042+0800][1.390s][debug][gc,humongous      ] GC(2) Live humongous region 184 object size 1048592 start 0x00000000eb800000  with remset 0 code roots 0 is marked 0 reclaim candidate 0 type array 1
[2024-12-07T17:08:11.042+0800][1.390s][debug][gc,humongous      ] GC(2) Live humongous region 186 object size 1048592 start 0x00000000eba00000  with remset 0 code roots 0 is marked 0 reclaim candidate 0 type array 1
[2024-12-07T17:08:11.042+0800][1.390s][debug][gc,humongous      ] GC(2) Live humongous region 188 object size 1048592 start 0x00000000ebc00000  with remset 0 code roots 0 is marked 0 reclaim candidate 0 type array 1
[2024-12-07T17:08:11.042+0800][1.390s][debug][gc,humongous      ] GC(2) Live humongous region 190 object size 1048592 start 0x00000000ebe00000  with remset 0 code roots 0 is marked 0 reclaim candidate 0 type array 1
[2024-12-07T17:08:11.042+0800][1.391s][debug][gc,humongous      ] GC(2) Live humongous region 192 object size 1048592 start 0x00000000ec000000  with remset 0 code roots 0 is marked 0 reclaim candidate 0 type array 1
[2024-12-07T17:08:11.043+0800][1.391s][debug][gc,humongous      ] GC(2) Live humongous region 194 object size 1048592 start 0x00000000ec200000  with remset 0 code roots 0 is marked 0 reclaim candidate 0 type array 1
[2024-12-07T17:08:11.043+0800][1.391s][debug][gc,humongous      ] GC(2) Live humongous region 196 object size 1048592 start 0x00000000ec400000  with remset 0 code roots 0 is marked 0 reclaim candidate 0 type array 1
[2024-12-07T17:08:11.043+0800][1.391s][debug][gc,humongous      ] GC(2) Live humongous region 198 object size 1048592 start 0x00000000ec600000  with remset 0 code roots 0 is marked 0 reclaim candidate 0 type array 1
[2024-12-07T17:08:11.043+0800][1.391s][debug][gc,humongous      ] GC(2) Live humongous region 200 object size 1048592 start 0x00000000ec800000  with remset 0 code roots 0 is marked 0 reclaim candidate 0 type array 1
[2024-12-07T17:08:11.043+0800][1.391s][debug][gc,humongous      ] GC(2) Live humongous region 202 object size 1048592 start 0x00000000eca00000  with remset 0 code roots 0 is marked 0 reclaim candidate 0 type array 1
[2024-12-07T17:08:11.043+0800][1.391s][debug][gc,humongous      ] GC(2) Live humongous region 204 object size 1048592 start 0x00000000ecc00000  with remset 0 code roots 0 is marked 0 reclaim candidate 0 type array 1
[2024-12-07T17:08:11.043+0800][1.391s][debug][gc,humongous      ] GC(2) Live humongous region 206 object size 1048592 start 0x00000000ece00000  with remset 0 code roots 0 is marked 0 reclaim candidate 0 type array 1
[2024-12-07T17:08:11.043+0800][1.391s][debug][gc,humongous      ] GC(2) Live humongous region 208 object size 1048592 start 0x00000000ed000000  with remset 0 code roots 0 is marked 0 reclaim candidate 0 type array 1
[2024-12-07T17:08:11.043+0800][1.391s][debug][gc,humongous      ] GC(2) Live humongous region 210 object size 1048592 start 0x00000000ed200000  with remset 0 code roots 0 is marked 0 reclaim candidate 0 type array 1
[2024-12-07T17:08:11.043+0800][1.391s][debug][gc,humongous      ] GC(2) Live humongous region 212 object size 1048592 start 0x00000000ed400000  with remset 0 code roots 0 is marked 0 reclaim candidate 0 type array 1
[2024-12-07T17:08:11.043+0800][1.391s][debug][gc,humongous      ] GC(2) Live humongous region 214 object size 1048592 start 0x00000000ed600000  with remset 0 code roots 0 is marked 0 reclaim candidate 0 type array 1
[2024-12-07T17:08:11.043+0800][1.391s][debug][gc,humongous      ] GC(2) Live humongous region 216 object size 1048592 start 0x00000000ed800000  with remset 0 code roots 0 is marked 0 reclaim candidate 0 type array 1
[2024-12-07T17:08:11.043+0800][1.391s][debug][gc,humongous      ] GC(2) Live humongous region 218 object size 1048592 start 0x00000000eda00000  with remset 0 code roots 0 is marked 0 reclaim candidate 0 type array 1
[2024-12-07T17:08:11.043+0800][1.391s][debug][gc,humongous      ] GC(2) Live humongous region 220 object size 1048592 start 0x00000000edc00000  with remset 0 code roots 0 is marked 0 reclaim candidate 0 type array 1
[2024-12-07T17:08:11.043+0800][1.391s][debug][gc,humongous      ] GC(2) Live humongous region 222 object size 1048592 start 0x00000000ede00000  with remset 0 code roots 0 is marked 0 reclaim candidate 0 type array 1
[2024-12-07T17:08:11.043+0800][1.392s][debug][gc,humongous      ] GC(2) Live humongous region 224 object size 1048592 start 0x00000000ee000000  with remset 0 code roots 0 is marked 0 reclaim candidate 0 type array 1
[2024-12-07T17:08:11.044+0800][1.392s][debug][gc,humongous      ] GC(2) Live humongous region 226 object size 1048592 start 0x00000000ee200000  with remset 0 code roots 0 is marked 0 reclaim candidate 0 type array 1
[2024-12-07T17:08:11.044+0800][1.392s][debug][gc,humongous      ] GC(2) Live humongous region 228 object size 1048592 start 0x00000000ee400000  with remset 0 code roots 0 is marked 0 reclaim candidate 0 type array 1
[2024-12-07T17:08:11.044+0800][1.392s][debug][gc,humongous      ] GC(2) Live humongous region 230 object size 1048592 start 0x00000000ee600000  with remset 0 code roots 0 is marked 0 reclaim candidate 0 type array 1
[2024-12-07T17:08:11.044+0800][1.392s][debug][gc,humongous      ] GC(2) Live humongous region 232 object size 1048592 start 0x00000000ee800000  with remset 0 code roots 0 is marked 0 reclaim candidate 0 type array 1
[2024-12-07T17:08:11.044+0800][1.392s][debug][gc,humongous      ] GC(2) Live humongous region 234 object size 1048592 start 0x00000000eea00000  with remset 0 code roots 0 is marked 0 reclaim candidate 0 type array 1
[2024-12-07T17:08:11.044+0800][1.392s][debug][gc,humongous      ] GC(2) Live humongous region 236 object size 1048592 start 0x00000000eec00000  with remset 0 code roots 0 is marked 0 reclaim candidate 0 type array 1
[2024-12-07T17:08:11.044+0800][1.392s][debug][gc,humongous      ] GC(2) Live humongous region 238 object size 1048592 start 0x00000000eee00000  with remset 0 code roots 0 is marked 0 reclaim candidate 0 type array 1
[2024-12-07T17:08:11.044+0800][1.392s][debug][gc,plab           ] GC(2) Young PLAB allocation: allocated: 405824B, wasted: 1912B, unused: 36880B, used: 367032B, undo waste: 0B, 
[2024-12-07T17:08:11.044+0800][1.392s][debug][gc,plab           ] GC(2) Young other allocation: region end waste: 0B, regions filled: 1, direct allocated: 70784B, failure used: 0B, failure wasted: 0B
[2024-12-07T17:08:11.044+0800][1.392s][debug][gc,plab           ] GC(2) Young sizing: calculated: 73400B, actual: 72960B
[2024-12-07T17:08:11.044+0800][1.392s][debug][gc,plab           ] GC(2) Old PLAB allocation: allocated: 0B, wasted: 0B, unused: 0B, used: 0B, undo waste: 0B, 
[2024-12-07T17:08:11.044+0800][1.392s][debug][gc,plab           ] GC(2) Old other allocation: region end waste: 0B, regions filled: 0, direct allocated: 0B, failure used: 0B, failure wasted: 0B
[2024-12-07T17:08:11.044+0800][1.392s][debug][gc,plab           ] GC(2) Old sizing: calculated: 0B, actual: 2064B
[2024-12-07T17:08:11.044+0800][1.392s][debug][gc,alloc,stats    ] Old generation allocation in the last mutator period, old gen allocated: 0B, humongous allocated: 16777216B,old gen growth: 16777216B.
[2024-12-07T17:08:11.044+0800][1.393s][debug][gc,ihop           ] GC(2) Basic information (value update), threshold: 236873318B (45.00), target occupancy: 526385152B, current occupancy: 252872128B, recent allocation size: 16777216B, recent allocation duration: 104.75ms, recent old gen allocation rate: 160166266.04B/s, recent marking phase length: 0.00ms
[2024-12-07T17:08:11.044+0800][1.393s][debug][gc,ihop           ] GC(2) Adaptive IHOP information (value update), threshold: 236873318B (51.91), internal target occupancy: 456340275B, occupancy: 252872128B, additional buffer size: 102760448B, predicted old gen allocation rate: 333744655.61B/s, predicted marking phase length: 0.00ms, prediction active: false
[2024-12-07T17:08:11.045+0800][1.393s][debug][gc,ergo,refine    ] GC(2) Updated Refinement Zones: green: 18, yellow: 54, red: 90
[2024-12-07T17:08:11.045+0800][1.393s][info ][gc,phases         ] GC(2)   Pre Evacuate Collection Set: 0.2ms
[2024-12-07T17:08:11.045+0800][1.393s][debug][gc,phases         ] GC(2)     Prepare TLABs: 0.2ms
[2024-12-07T17:08:11.045+0800][1.393s][debug][gc,phases         ] GC(2)     Choose Collection Set: 0.2ms
[2024-12-07T17:08:11.045+0800][1.393s][debug][gc,phases         ] GC(2)     Humongous Register: 0.0ms
[2024-12-07T17:08:11.045+0800][1.393s][debug][gc,phases         ] GC(2)     Clear Claimed Marks: 0.0ms
[2024-12-07T17:08:11.045+0800][1.393s][info ][gc,phases         ] GC(2)   Evacuate Collection Set: 7.2ms
[2024-12-07T17:08:11.045+0800][1.393s][debug][gc,phases         ] GC(2)     Ext Root Scanning (ms):   Min:  0.1, Avg:  0.8, Max:  1.1, Diff:  1.0, Sum:  9.7, Workers: 12
[2024-12-07T17:08:11.045+0800][1.393s][debug][gc,phases         ] GC(2)     Update RS (ms):           Min:  0.0, Avg:  0.5, Max:  2.1, Diff:  2.1, Sum:  5.9, Workers: 12
[2024-12-07T17:08:11.045+0800][1.393s][debug][gc,phases         ] GC(2)       Processed Buffers:        Min: 0, Avg:  0.5, Max: 1, Diff: 1, Sum: 6, Workers: 12
[2024-12-07T17:08:11.045+0800][1.393s][debug][gc,phases         ] GC(2)       Scanned Cards:            Min: 0, Avg: 18.5, Max: 76, Diff: 76, Sum: 222, Workers: 12
[2024-12-07T17:08:11.046+0800][1.394s][debug][gc,phases         ] GC(2)       Skipped Cards:            Min: 0, Avg:  2.7, Max: 13, Diff: 13, Sum: 32, Workers: 12
[2024-12-07T17:08:11.046+0800][1.394s][debug][gc,phases         ] GC(2)     Scan RS (ms):             Min:  0.0, Avg:  0.2, Max:  0.9, Diff:  0.9, Sum:  2.3, Workers: 12
[2024-12-07T17:08:11.046+0800][1.394s][debug][gc,phases         ] GC(2)       Scanned Cards:            Min: 0, Avg:  5.8, Max: 24, Diff: 24, Sum: 70, Workers: 12
[2024-12-07T17:08:11.046+0800][1.394s][debug][gc,phases         ] GC(2)       Claimed Cards:            Min: 0, Avg: 18.5, Max: 128, Diff: 128, Sum: 222, Workers: 12
[2024-12-07T17:08:11.046+0800][1.394s][debug][gc,phases         ] GC(2)       Skipped Cards:            Min: 0, Avg: 55.5, Max: 222, Diff: 222, Sum: 666, Workers: 12
[2024-12-07T17:08:11.046+0800][1.394s][debug][gc,phases         ] GC(2)     Code Root Scanning (ms):  Min:  0.0, Avg:  0.0, Max:  0.1, Diff:  0.1, Sum:  0.1, Workers: 12
[2024-12-07T17:08:11.046+0800][1.394s][debug][gc,phases         ] GC(2)     AOT Root Scanning (ms):   skipped
[2024-12-07T17:08:11.046+0800][1.395s][debug][gc,phases         ] GC(2)     Object Copy (ms):         Min:  0.0, Avg:  0.3, Max:  0.9, Diff:  0.9, Sum:  3.3, Workers: 12
[2024-12-07T17:08:11.047+0800][1.395s][debug][gc,phases         ] GC(2)     Termination (ms):         Min:  0.0, Avg:  1.1, Max:  1.6, Diff:  1.6, Sum: 13.7, Workers: 12
[2024-12-07T17:08:11.047+0800][1.395s][debug][gc,phases         ] GC(2)       Termination Attempts:     Min: 1, Avg: 24.5, Max: 49, Diff: 48, Sum: 294, Workers: 12
[2024-12-07T17:08:11.047+0800][1.395s][debug][gc,phases         ] GC(2)     GC Worker Other (ms):     Min:  1.1, Avg:  2.6, Max:  3.6, Diff:  2.5, Sum: 30.9, Workers: 12
[2024-12-07T17:08:11.047+0800][1.395s][debug][gc,phases         ] GC(2)     GC Worker Total (ms):     Min:  4.0, Avg:  5.5, Max:  6.4, Diff:  2.4, Sum: 65.9, Workers: 12
[2024-12-07T17:08:11.047+0800][1.395s][info ][gc,phases         ] GC(2)   Post Evacuate Collection Set: 10.6ms
[2024-12-07T17:08:11.047+0800][1.395s][debug][gc,phases         ] GC(2)     Code Roots Fixup: 0.0ms
[2024-12-07T17:08:11.047+0800][1.395s][debug][gc,phases         ] GC(2)     Clear Card Table: 0.2ms
[2024-12-07T17:08:11.047+0800][1.395s][debug][gc,phases         ] GC(2)     Reference Processing: 0.2ms
[2024-12-07T17:08:11.047+0800][1.395s][debug][gc,phases,ref     ] GC(2)       Reconsider SoftReferences: 0.1ms
[2024-12-07T17:08:11.047+0800][1.395s][debug][gc,phases,ref     ] GC(2)         SoftRef (ms):             skipped
[2024-12-07T17:08:11.047+0800][1.395s][debug][gc,phases,ref     ] GC(2)       Notify Soft/WeakReferences: 0.0ms
[2024-12-07T17:08:11.047+0800][1.395s][debug][gc,phases,ref     ] GC(2)         SoftRef (ms):             Min:  0.0, Avg:  0.0, Max:  0.0, Diff:  0.0, Sum:  0.0, Workers: 1
[2024-12-07T17:08:11.047+0800][1.396s][debug][gc,phases,ref     ] GC(2)         WeakRef (ms):             Min:  0.0, Avg:  0.0, Max:  0.0, Diff:  0.0, Sum:  0.0, Workers: 1
[2024-12-07T17:08:11.048+0800][1.396s][debug][gc,phases,ref     ] GC(2)         FinalRef (ms):            Min:  0.0, Avg:  0.0, Max:  0.0, Diff:  0.0, Sum:  0.0, Workers: 1
[2024-12-07T17:08:11.048+0800][1.396s][debug][gc,phases,ref     ] GC(2)         Total (ms):               Min:  0.0, Avg:  0.0, Max:  0.0, Diff:  0.0, Sum:  0.0, Workers: 1
[2024-12-07T17:08:11.048+0800][1.396s][debug][gc,phases,ref     ] GC(2)       Notify and keep alive finalizable: 0.1ms
[2024-12-07T17:08:11.048+0800][1.396s][debug][gc,phases,ref     ] GC(2)         FinalRef (ms):            skipped
[2024-12-07T17:08:11.048+0800][1.396s][debug][gc,phases,ref     ] GC(2)       Notify PhantomReferences: 0.0ms
[2024-12-07T17:08:11.048+0800][1.396s][debug][gc,phases,ref     ] GC(2)         PhantomRef (ms):          Min:  0.0, Avg:  0.0, Max:  0.0, Diff:  0.0, Sum:  0.0, Workers: 1
[2024-12-07T17:08:11.048+0800][1.396s][debug][gc,phases,ref     ] GC(2)       SoftReference:
[2024-12-07T17:08:11.048+0800][1.396s][debug][gc,phases,ref     ] GC(2)         Discovered: 0
[2024-12-07T17:08:11.048+0800][1.396s][debug][gc,phases,ref     ] GC(2)         Cleared: 0
[2024-12-07T17:08:11.048+0800][1.396s][debug][gc,phases,ref     ] GC(2)       WeakReference:
[2024-12-07T17:08:11.048+0800][1.396s][debug][gc,phases,ref     ] GC(2)         Discovered: 48
[2024-12-07T17:08:11.048+0800][1.396s][debug][gc,phases,ref     ] GC(2)         Cleared: 48
[2024-12-07T17:08:11.048+0800][1.396s][debug][gc,phases,ref     ] GC(2)       FinalReference:
[2024-12-07T17:08:11.048+0800][1.396s][debug][gc,phases,ref     ] GC(2)         Discovered: 0
[2024-12-07T17:08:11.048+0800][1.396s][debug][gc,phases,ref     ] GC(2)         Cleared: 0
[2024-12-07T17:08:11.048+0800][1.397s][debug][gc,phases,ref     ] GC(2)       PhantomReference:
[2024-12-07T17:08:11.049+0800][1.397s][debug][gc,phases,ref     ] GC(2)         Discovered: 5
[2024-12-07T17:08:11.049+0800][1.397s][debug][gc,phases,ref     ] GC(2)         Cleared: 5
[2024-12-07T17:08:11.049+0800][1.397s][debug][gc,phases         ] GC(2)     Weak Processing: 0.0ms
[2024-12-07T17:08:11.049+0800][1.397s][debug][gc,phases         ] GC(2)     Merge Per-Thread State: 0.0ms
[2024-12-07T17:08:11.049+0800][1.397s][debug][gc,phases         ] GC(2)     Code Roots Purge: 0.0ms
[2024-12-07T17:08:11.049+0800][1.397s][debug][gc,phases         ] GC(2)     Redirty Cards: 0.1ms
[2024-12-07T17:08:11.049+0800][1.397s][debug][gc,phases         ] GC(2)     DerivedPointerTable Update: 0.0ms
[2024-12-07T17:08:11.049+0800][1.397s][debug][gc,phases         ] GC(2)     Free Collection Set: 0.2ms
[2024-12-07T17:08:11.049+0800][1.397s][debug][gc,phases         ] GC(2)     Humongous Reclaim: 9.8ms
[2024-12-07T17:08:11.049+0800][1.397s][debug][gc,phases         ] GC(2)     Start New Collection Set: 0.0ms
[2024-12-07T17:08:11.049+0800][1.397s][debug][gc,phases         ] GC(2)     Resize TLABs: 0.0ms
[2024-12-07T17:08:11.049+0800][1.397s][debug][gc,phases         ] GC(2)     Expand Heap After Collection: 0.0ms
[2024-12-07T17:08:11.049+0800][1.397s][info ][gc,phases         ] GC(2)   Other: 2.7ms
[2024-12-07T17:08:11.049+0800][1.398s][info ][gc,heap           ] GC(2) Eden regions: 1->0(97)
[2024-12-07T17:08:11.050+0800][1.398s][info ][gc,heap           ] GC(2) Survivor regions: 1->1(29)
[2024-12-07T17:08:11.050+0800][1.398s][info ][gc,heap           ] GC(2) Old regions: 2->2
[2024-12-07T17:08:11.050+0800][1.398s][info ][gc,heap           ] GC(2) Humongous regions: 240->240
[2024-12-07T17:08:11.050+0800][1.398s][info ][gc,metaspace      ] GC(2) Metaspace: 558K(4864K)->558K(4864K) NonClass: 512K(4352K)->512K(4352K) Class: 46K(512K)->46K(512K)
[2024-12-07T17:08:11.050+0800][1.398s][debug][gc,heap           ] GC(2) Heap after GC invocations=3 (full 0): garbage-first heap   total 516096K, used 246945K [0x00000000e0000000, 0x0000000100000000)
[2024-12-07T17:08:11.050+0800][1.398s][debug][gc,heap           ] GC(2)   region size 1024K, 1 young (1024K), 1 survivors (1024K)
[2024-12-07T17:08:11.050+0800][1.398s][debug][gc,heap           ] GC(2)  Metaspace       used 558K, capacity 4570K, committed 4864K, reserved 1056768K
[2024-12-07T17:08:11.050+0800][1.398s][debug][gc,heap           ] GC(2)   class space    used 46K, capacity 419K, committed 512K, reserved 1048576K
[2024-12-07T17:08:11.050+0800][1.398s][info ][gc                ] GC(2) Pause Young (Concurrent Start) (G1 Humongous Allocation) 241M->241M(504M) 25.049ms
[2024-12-07T17:08:11.050+0800][1.398s][info ][gc,cpu            ] GC(2) User=0.01s Sys=0.02s Real=0.03s
[2024-12-07T17:08:11.050+0800][1.398s][info ][gc                ] GC(3) Concurrent Cycle
[2024-12-07T17:08:11.050+0800][1.398s][info ][gc,marking        ] GC(3) Concurrent Clear Claimed Marks
[2024-12-07T17:08:11.050+0800][1.398s][info ][gc,marking        ] GC(3) Concurrent Clear Claimed Marks 0.069ms
[2024-12-07T17:08:11.050+0800][1.399s][info ][gc,marking        ] GC(3) Concurrent Scan Root Regions
[2024-12-07T17:08:11.050+0800][1.399s][debug][gc,ergo           ] GC(3) Running G1 Root Region Scan using 1 workers for 1 work units.
[2024-12-07T17:08:11.051+0800][1.399s][info ][gc,marking        ] GC(3) Concurrent Scan Root Regions 0.440ms
[2024-12-07T17:08:11.051+0800][1.399s][info ][gc,marking        ] GC(3) Concurrent Mark (1.399s)
[2024-12-07T17:08:11.051+0800][1.399s][info ][gc,marking        ] GC(3) Concurrent Mark From Roots
[2024-12-07T17:08:11.051+0800][1.399s][info ][gc,task           ] GC(3) Using 5 workers of 5 for marking
[2024-12-07T17:08:11.052+0800][1.400s][debug][gc,stats          ] ---------------------------------------------------------------------
[2024-12-07T17:08:11.052+0800][1.400s][debug][gc,stats          ] Marking Stats, task = 0, calls = 45
[2024-12-07T17:08:11.052+0800][1.400s][debug][gc,stats          ]   Elapsed time = 0.45ms, Termination time = 0.00ms
[2024-12-07T17:08:11.052+0800][1.400s][debug][gc,stats          ]   Step Times (cum): num = 119, avg = 0.00ms, sd = 0.00ms max = 0.00ms, total = 0.00ms
[2024-12-07T17:08:11.052+0800][1.400s][debug][gc,stats          ]   Mark Stats Cache: hits 3220 misses 121 ratio 96.378
[2024-12-07T17:08:11.052+0800][1.400s][debug][gc,stats          ] ---------------------------------------------------------------------
[2024-12-07T17:08:11.052+0800][1.400s][debug][gc,stats          ] Marking Stats, task = 1, calls = 1
[2024-12-07T17:08:11.052+0800][1.400s][debug][gc,stats          ]   Elapsed time = 0.44ms, Termination time = 0.00ms
[2024-12-07T17:08:11.052+0800][1.400s][debug][gc,stats          ]   Step Times (cum): num = 32, avg = 0.00ms, sd = 0.00ms max = 0.00ms, total = 0.00ms
[2024-12-07T17:08:11.052+0800][1.400s][debug][gc,stats          ]   Mark Stats Cache: hits 4230 misses 2 ratio 99.953
[2024-12-07T17:08:11.052+0800][1.400s][debug][gc,stats          ] ---------------------------------------------------------------------
[2024-12-07T17:08:11.052+0800][1.400s][debug][gc,stats          ] Marking Stats, task = 2, calls = 48
[2024-12-07T17:08:11.052+0800][1.400s][debug][gc,stats          ]   Elapsed time = 0.43ms, Termination time = 0.00ms
[2024-12-07T17:08:11.052+0800][1.401s][debug][gc,stats          ]   Step Times (cum): num = 86, avg = 0.00ms, sd = 0.00ms max = 0.00ms, total = 0.00ms
[2024-12-07T17:08:11.052+0800][1.401s][debug][gc,stats          ]   Mark Stats Cache: hits 594 misses 2 ratio 99.664
[2024-12-07T17:08:11.053+0800][1.401s][debug][gc,stats          ] ---------------------------------------------------------------------
[2024-12-07T17:08:11.053+0800][1.401s][debug][gc,stats          ] Marking Stats, task = 3, calls = 50
[2024-12-07T17:08:11.053+0800][1.401s][debug][gc,stats          ]   Elapsed time = 0.43ms, Termination time = 0.00ms
[2024-12-07T17:08:11.053+0800][1.401s][debug][gc,stats          ]   Step Times (cum): num = 83, avg = 0.00ms, sd = 0.00ms max = 0.00ms, total = 0.00ms
[2024-12-07T17:08:11.053+0800][1.401s][debug][gc,stats          ]   Mark Stats Cache: hits 580 misses 2 ratio 99.656
[2024-12-07T17:08:11.053+0800][1.401s][debug][gc,stats          ] ---------------------------------------------------------------------
[2024-12-07T17:08:11.053+0800][1.401s][debug][gc,stats          ] Marking Stats, task = 4, calls = 32
[2024-12-07T17:08:11.053+0800][1.401s][debug][gc,stats          ]   Elapsed time = 0.42ms, Termination time = 0.00ms
[2024-12-07T17:08:11.053+0800][1.401s][debug][gc,stats          ]   Step Times (cum): num = 63, avg = 0.00ms, sd = 0.00ms max = 0.00ms, total = 0.00ms
[2024-12-07T17:08:11.053+0800][1.401s][debug][gc,stats          ]   Mark Stats Cache: hits 1861 misses 1 ratio 99.946
[2024-12-07T17:08:11.053+0800][1.401s][debug][gc,stats          ] ---------------------------------------------------------------------
[2024-12-07T17:08:11.053+0800][1.401s][info ][gc,marking        ] GC(3) Concurrent Mark From Roots 2.320ms
[2024-12-07T17:08:11.053+0800][1.401s][info ][gc,marking        ] GC(3) Concurrent Preclean
[2024-12-07T17:08:11.053+0800][1.402s][debug][gc,ref,start      ] GC(3) Preclean SoftReferences
[2024-12-07T17:08:11.053+0800][1.402s][debug][gc,ref            ] GC(3) Preclean SoftReferences 0.074ms
[2024-12-07T17:08:11.054+0800][1.402s][debug][gc,ref,start      ] GC(3) Preclean WeakReferences
[2024-12-07T17:08:11.054+0800][1.402s][debug][gc,ref            ] GC(3) Preclean WeakReferences 0.071ms
[2024-12-07T17:08:11.054+0800][1.402s][debug][gc,ref,start      ] GC(3) Preclean FinalReferences
[2024-12-07T17:08:11.054+0800][1.402s][debug][gc,ref            ] GC(3) Preclean FinalReferences 0.071ms
[2024-12-07T17:08:11.054+0800][1.402s][debug][gc,ref,start      ] GC(3) Preclean PhantomReferences
[2024-12-07T17:08:11.054+0800][1.402s][debug][gc,ref            ] GC(3) Preclean PhantomReferences 0.071ms
[2024-12-07T17:08:11.054+0800][1.402s][info ][gc,marking        ] GC(3) Concurrent Preclean 0.603ms
[2024-12-07T17:08:11.054+0800][1.402s][info ][gc,marking        ] GC(3) Concurrent Mark (1.399s, 1.402s) 3.114ms
[2024-12-07T17:08:11.054+0800][1.402s][info ][gc,start          ] GC(3) Pause Remark
[2024-12-07T17:08:11.054+0800][1.402s][debug][gc,phases,start   ] GC(3) Finalize Marking
[2024-12-07T17:08:11.055+0800][1.403s][debug][gc,stats          ] ---------------------------------------------------------------------
[2024-12-07T17:08:11.055+0800][1.403s][debug][gc,stats          ] Marking Stats, task = 0, calls = 118
[2024-12-07T17:08:11.055+0800][1.404s][debug][gc,stats          ]   Elapsed time = 0.87ms, Termination time = 0.42ms
[2024-12-07T17:08:11.056+0800][1.404s][debug][gc,stats          ]   Step Times (cum): num = 192, avg = 0.00ms, sd = 0.03ms max = 0.42ms, total = 0.42ms
[2024-12-07T17:08:11.056+0800][1.404s][debug][gc,stats          ]   Mark Stats Cache: hits 3220 misses 121 ratio 96.378
[2024-12-07T17:08:11.056+0800][1.404s][debug][gc,stats          ] ---------------------------------------------------------------------
[2024-12-07T17:08:11.056+0800][1.404s][debug][gc,stats          ] Marking Stats, task = 1, calls = 2
[2024-12-07T17:08:11.056+0800][1.404s][debug][gc,stats          ]   Elapsed time = 0.88ms, Termination time = 0.41ms
[2024-12-07T17:08:11.056+0800][1.404s][debug][gc,stats          ]   Step Times (cum): num = 33, avg = 0.01ms, sd = 0.07ms max = 0.41ms, total = 0.41ms
[2024-12-07T17:08:11.056+0800][1.404s][debug][gc,stats          ]   Mark Stats Cache: hits 4230 misses 2 ratio 99.953
[2024-12-07T17:08:11.056+0800][1.404s][debug][gc,stats          ] ---------------------------------------------------------------------
[2024-12-07T17:08:11.056+0800][1.404s][debug][gc,stats          ] Marking Stats, task = 2, calls = 49
[2024-12-07T17:08:11.056+0800][1.404s][debug][gc,stats          ]   Elapsed time = 0.86ms, Termination time = 0.41ms
[2024-12-07T17:08:11.056+0800][1.404s][debug][gc,stats          ]   Step Times (cum): num = 87, avg = 0.00ms, sd = 0.04ms max = 0.41ms, total = 0.41ms
[2024-12-07T17:08:11.056+0800][1.405s][debug][gc,stats          ]   Mark Stats Cache: hits 594 misses 2 ratio 99.664
[2024-12-07T17:08:11.057+0800][1.405s][debug][gc,stats          ] ---------------------------------------------------------------------
[2024-12-07T17:08:11.057+0800][1.405s][debug][gc,stats          ] Marking Stats, task = 3, calls = 51
[2024-12-07T17:08:11.057+0800][1.405s][debug][gc,stats          ]   Elapsed time = 0.86ms, Termination time = 0.41ms
[2024-12-07T17:08:11.057+0800][1.405s][debug][gc,stats          ]   Step Times (cum): num = 84, avg = 0.00ms, sd = 0.04ms max = 0.41ms, total = 0.41ms
[2024-12-07T17:08:11.057+0800][1.405s][debug][gc,stats          ]   Mark Stats Cache: hits 580 misses 2 ratio 99.656
[2024-12-07T17:08:11.057+0800][1.405s][debug][gc,stats          ] ---------------------------------------------------------------------
[2024-12-07T17:08:11.057+0800][1.405s][debug][gc,stats          ] Marking Stats, task = 4, calls = 33
[2024-12-07T17:08:11.057+0800][1.405s][debug][gc,stats          ]   Elapsed time = 0.86ms, Termination time = 0.41ms
[2024-12-07T17:08:11.057+0800][1.405s][debug][gc,stats          ]   Step Times (cum): num = 64, avg = 0.01ms, sd = 0.05ms max = 0.41ms, total = 0.41ms
[2024-12-07T17:08:11.057+0800][1.405s][debug][gc,stats          ]   Mark Stats Cache: hits 1861 misses 1 ratio 99.946
[2024-12-07T17:08:11.057+0800][1.405s][debug][gc,stats          ] ---------------------------------------------------------------------
[2024-12-07T17:08:11.057+0800][1.405s][debug][gc,stats          ] Marking Stats, task = 5, calls = 1
[2024-12-07T17:08:11.057+0800][1.405s][debug][gc,stats          ]   Elapsed time = 0.77ms, Termination time = 0.41ms
[2024-12-07T17:08:11.057+0800][1.406s][debug][gc,stats          ]   Step Times (cum): num = 2, avg = 0.21ms, sd = 0.21ms max = 0.41ms, total = 0.41ms
[2024-12-07T17:08:11.057+0800][1.406s][debug][gc,stats          ]   Mark Stats Cache: hits 0 misses 0 ratio 0.000
[2024-12-07T17:08:11.058+0800][1.406s][debug][gc,stats          ] ---------------------------------------------------------------------
[2024-12-07T17:08:11.058+0800][1.406s][debug][gc,stats          ] Marking Stats, task = 6, calls = 1
[2024-12-07T17:08:11.058+0800][1.406s][debug][gc,stats          ]   Elapsed time = 0.72ms, Termination time = 0.41ms
[2024-12-07T17:08:11.058+0800][1.406s][debug][gc,stats          ]   Step Times (cum): num = 2, avg = 0.21ms, sd = 0.21ms max = 0.41ms, total = 0.41ms
[2024-12-07T17:08:11.058+0800][1.406s][debug][gc,stats          ]   Mark Stats Cache: hits 0 misses 0 ratio 0.000
[2024-12-07T17:08:11.058+0800][1.406s][debug][gc,stats          ] ---------------------------------------------------------------------
[2024-12-07T17:08:11.058+0800][1.406s][debug][gc,stats          ] Marking Stats, task = 7, calls = 1
[2024-12-07T17:08:11.058+0800][1.406s][debug][gc,stats          ]   Elapsed time = 0.72ms, Termination time = 0.41ms
[2024-12-07T17:08:11.058+0800][1.406s][debug][gc,stats          ]   Step Times (cum): num = 2, avg = 0.21ms, sd = 0.21ms max = 0.41ms, total = 0.41ms
[2024-12-07T17:08:11.058+0800][1.406s][debug][gc,stats          ]   Mark Stats Cache: hits 0 misses 0 ratio 0.000
[2024-12-07T17:08:11.058+0800][1.406s][debug][gc,stats          ] ---------------------------------------------------------------------
[2024-12-07T17:08:11.058+0800][1.406s][debug][gc,stats          ] Marking Stats, task = 8, calls = 1
[2024-12-07T17:08:11.058+0800][1.406s][debug][gc,stats          ]   Elapsed time = 0.68ms, Termination time = 0.58ms
[2024-12-07T17:08:11.058+0800][1.407s][debug][gc,stats          ]   Step Times (cum): num = 2, avg = 0.29ms, sd = 0.29ms max = 0.58ms, total = 0.58ms
[2024-12-07T17:08:11.058+0800][1.407s][debug][gc,stats          ]   Mark Stats Cache: hits 0 misses 0 ratio 0.000
[2024-12-07T17:08:11.059+0800][1.407s][debug][gc,stats          ] ---------------------------------------------------------------------
[2024-12-07T17:08:11.059+0800][1.407s][debug][gc,stats          ] Marking Stats, task = 9, calls = 1
[2024-12-07T17:08:11.059+0800][1.407s][debug][gc,stats          ]   Elapsed time = 0.69ms, Termination time = 0.39ms
[2024-12-07T17:08:11.059+0800][1.407s][debug][gc,stats          ]   Step Times (cum): num = 2, avg = 0.20ms, sd = 0.20ms max = 0.39ms, total = 0.39ms
[2024-12-07T17:08:11.059+0800][1.407s][debug][gc,stats          ]   Mark Stats Cache: hits 0 misses 0 ratio 0.000
[2024-12-07T17:08:11.059+0800][1.407s][debug][gc,stats          ] ---------------------------------------------------------------------
[2024-12-07T17:08:11.059+0800][1.407s][debug][gc,stats          ] Marking Stats, task = 10, calls = 1
[2024-12-07T17:08:11.059+0800][1.407s][debug][gc,stats          ]   Elapsed time = 0.01ms, Termination time = 0.00ms
[2024-12-07T17:08:11.059+0800][1.407s][debug][gc,stats          ]   Step Times (cum): num = 2, avg = 0.00ms, sd = 0.00ms max = 0.00ms, total = 0.00ms
[2024-12-07T17:08:11.059+0800][1.407s][debug][gc,stats          ]   Mark Stats Cache: hits 0 misses 0 ratio 0.000
[2024-12-07T17:08:11.059+0800][1.407s][debug][gc,stats          ] ---------------------------------------------------------------------
[2024-12-07T17:08:11.059+0800][1.407s][debug][gc,stats          ] Marking Stats, task = 11, calls = 1
[2024-12-07T17:08:11.059+0800][1.407s][debug][gc,stats          ]   Elapsed time = 0.00ms, Termination time = 0.00ms
[2024-12-07T17:08:11.059+0800][1.407s][debug][gc,stats          ]   Step Times (cum): num = 2, avg = 0.00ms, sd = 0.00ms max = 0.00ms, total = 0.00ms
[2024-12-07T17:08:11.059+0800][1.408s][debug][gc,stats          ]   Mark Stats Cache: hits 0 misses 0 ratio 0.000
[2024-12-07T17:08:11.059+0800][1.408s][debug][gc,stats          ] ---------------------------------------------------------------------
[2024-12-07T17:08:11.060+0800][1.408s][debug][gc,phases         ] GC(3) Finalize Marking 5.487ms
[2024-12-07T17:08:11.060+0800][1.408s][debug][gc,phases,start   ] GC(3) Reference Processing
[2024-12-07T17:08:11.060+0800][1.408s][debug][gc,ref            ] GC(3) Skipped phase1 of Reference Processing due to unavailable references
[2024-12-07T17:08:11.060+0800][1.409s][debug][gc,ref            ] GC(3) Skipped phase2 of Reference Processing due to unavailable references
[2024-12-07T17:08:11.061+0800][1.409s][debug][gc,ref            ] GC(3) Skipped phase3 of Reference Processing due to unavailable references
[2024-12-07T17:08:11.061+0800][1.409s][debug][gc,ref            ] GC(3) Skipped phase4 of Reference Processing due to unavailable references
[2024-12-07T17:08:11.061+0800][1.409s][debug][gc,phases,ref     ] GC(3) Reference Processing: 0.8ms
[2024-12-07T17:08:11.061+0800][1.409s][debug][gc,phases,ref     ] GC(3)   Reconsider SoftReferences: 0.2ms
[2024-12-07T17:08:11.062+0800][1.410s][debug][gc,phases,ref     ] GC(3)     SoftRef (ms):             skipped
[2024-12-07T17:08:11.062+0800][1.410s][debug][gc,phases,ref     ] GC(3)   Notify Soft/WeakReferences: 0.3ms
[2024-12-07T17:08:11.062+0800][1.410s][debug][gc,phases,ref     ] GC(3)     SoftRef (ms):             skipped
[2024-12-07T17:08:11.062+0800][1.410s][debug][gc,phases,ref     ] GC(3)     WeakRef (ms):             skipped
[2024-12-07T17:08:11.062+0800][1.410s][debug][gc,phases,ref     ] GC(3)     FinalRef (ms):            skipped
[2024-12-07T17:08:11.062+0800][1.410s][debug][gc,phases,ref     ] GC(3)     Total (ms):               skipped
[2024-12-07T17:08:11.062+0800][1.411s][debug][gc,phases,ref     ] GC(3)   Notify and keep alive finalizable: 0.2ms
[2024-12-07T17:08:11.063+0800][1.411s][debug][gc,phases,ref     ] GC(3)     FinalRef (ms):            skipped
[2024-12-07T17:08:11.063+0800][1.411s][debug][gc,phases,ref     ] GC(3)   Notify PhantomReferences: 0.2ms
[2024-12-07T17:08:11.063+0800][1.411s][debug][gc,phases,ref     ] GC(3)     PhantomRef (ms):          skipped
[2024-12-07T17:08:11.063+0800][1.412s][debug][gc,phases,ref     ] GC(3)   SoftReference:
[2024-12-07T17:08:11.064+0800][1.412s][debug][gc,phases,ref     ] GC(3)     Discovered: 0
[2024-12-07T17:08:11.064+0800][1.412s][debug][gc,phases,ref     ] GC(3)     Cleared: 0
[2024-12-07T17:08:11.064+0800][1.412s][debug][gc,phases,ref     ] GC(3)   WeakReference:
[2024-12-07T17:08:11.064+0800][1.412s][debug][gc,phases,ref     ] GC(3)     Discovered: 0
[2024-12-07T17:08:11.064+0800][1.412s][debug][gc,phases,ref     ] GC(3)     Cleared: 0
[2024-12-07T17:08:11.064+0800][1.412s][debug][gc,phases,ref     ] GC(3)   FinalReference:
[2024-12-07T17:08:11.064+0800][1.412s][debug][gc,phases,ref     ] GC(3)     Discovered: 0
[2024-12-07T17:08:11.064+0800][1.413s][debug][gc,phases,ref     ] GC(3)     Cleared: 0
[2024-12-07T17:08:11.065+0800][1.413s][debug][gc,phases,ref     ] GC(3)   PhantomReference:
[2024-12-07T17:08:11.065+0800][1.413s][debug][gc,phases,ref     ] GC(3)     Discovered: 0
[2024-12-07T17:08:11.065+0800][1.413s][debug][gc,phases,ref     ] GC(3)     Cleared: 0
[2024-12-07T17:08:11.065+0800][1.413s][debug][gc,phases         ] GC(3) Reference Processing 4.787ms
[2024-12-07T17:08:11.065+0800][1.413s][debug][gc,phases,start   ] GC(3) Weak Processing
[2024-12-07T17:08:11.065+0800][1.413s][debug][gc,phases         ] GC(3) Weak Processing 0.090ms
[2024-12-07T17:08:11.065+0800][1.413s][debug][gc,phases,start   ] GC(3) Class Unloading
[2024-12-07T17:08:11.065+0800][1.413s][debug][gc,phases,start   ] GC(3) ClassLoaderData
[2024-12-07T17:08:11.065+0800][1.413s][debug][gc,phases         ] GC(3) ClassLoaderData 0.103ms
[2024-12-07T17:08:11.065+0800][1.413s][debug][gc,phases,start   ] GC(3) ProtectionDomainCacheTable
[2024-12-07T17:08:11.065+0800][1.414s][debug][gc,phases         ] GC(3) ProtectionDomainCacheTable 0.093ms
[2024-12-07T17:08:11.066+0800][1.414s][info ][gc,stringtable    ] GC(3) Cleaned string and symbol table, strings: 39 processed, 0 removed, symbols: 191 processed, 0 removed
[2024-12-07T17:08:11.066+0800][1.414s][debug][gc,phases         ] GC(3) Class Unloading 0.909ms
[2024-12-07T17:08:11.066+0800][1.414s][debug][gc,phases,start   ] GC(3) Flush Task Caches
[2024-12-07T17:08:11.066+0800][1.414s][debug][gc,stats          ] Mark stats cache hits 10485 misses 128 ratio 98.794
[2024-12-07T17:08:11.066+0800][1.414s][debug][gc,phases         ] GC(3) Flush Task Caches 0.212ms
[2024-12-07T17:08:11.066+0800][1.415s][debug][gc,phases,start   ] GC(3) Update Remembered Set Tracking Before Rebuild
[2024-12-07T17:08:11.067+0800][1.415s][debug][gc,ergo           ] GC(3) Running G1 Update RemSet Tracking Before Rebuild using 2 workers for 504 regions in heap
[2024-12-07T17:08:11.067+0800][1.415s][debug][gc,remset,tracking] GC(3) Remembered Set Tracking update regions total 504, selected 0
[2024-12-07T17:08:11.067+0800][1.415s][debug][gc,phases         ] GC(3) Update Remembered Set Tracking Before Rebuild 0.324ms
[2024-12-07T17:08:11.067+0800][1.415s][debug][gc,phases,start   ] GC(3) Reclaim Empty Regions
[2024-12-07T17:08:11.067+0800][1.415s][debug][gc,phases         ] GC(3) Reclaim Empty Regions 0.189ms
[2024-12-07T17:08:11.067+0800][1.415s][debug][gc,phases,start   ] GC(3) Purge Metaspace
[2024-12-07T17:08:11.067+0800][1.415s][debug][gc,phases         ] GC(3) Purge Metaspace 0.120ms
[2024-12-07T17:08:11.067+0800][1.415s][debug][gc,phases,start   ] GC(3) Report Object Count
[2024-12-07T17:08:11.067+0800][1.416s][debug][gc,phases         ] GC(3) Report Object Count 0.094ms
[2024-12-07T17:08:11.068+0800][1.416s][info ][gc                ] GC(3) Pause Remark 261M->261M(504M) 13.312ms
[2024-12-07T17:08:11.068+0800][1.416s][info ][gc,cpu            ] GC(3) User=0.01s Sys=0.01s Real=0.02s
[2024-12-07T17:08:11.068+0800][1.416s][info ][gc,marking        ] GC(3) Concurrent Rebuild Remembered Sets
[2024-12-07T17:08:11.068+0800][1.416s][info ][gc,marking        ] GC(3) Concurrent Rebuild Remembered Sets 0.287ms
[2024-12-07T17:08:11.068+0800][1.416s][info ][gc,start          ] GC(3) Pause Cleanup
[2024-12-07T17:08:11.068+0800][1.416s][debug][gc,phases,start   ] GC(3) Update Remembered Set Tracking After Rebuild
[2024-12-07T17:08:11.068+0800][1.416s][debug][gc,phases         ] GC(3) Update Remembered Set Tracking After Rebuild 0.095ms
[2024-12-07T17:08:11.068+0800][1.417s][debug][gc,phases,start   ] GC(3) Finalize Concurrent Mark Cleanup
[2024-12-07T17:08:11.069+0800][1.417s][debug][gc,ergo           ] GC(3) request young-only gcs (candidate old regions not available)
[2024-12-07T17:08:11.069+0800][1.417s][debug][gc,phases         ] GC(3) Finalize Concurrent Mark Cleanup 0.270ms
[2024-12-07T17:08:11.069+0800][1.417s][info ][gc                ] GC(3) Pause Cleanup 261M->261M(504M) 0.636ms
[2024-12-07T17:08:11.069+0800][1.417s][info ][gc,cpu            ] GC(3) User=0.00s Sys=0.00s Real=0.00s
[2024-12-07T17:08:11.069+0800][1.417s][info ][gc,marking        ] GC(3) Concurrent Cleanup for Next Mark
[2024-12-07T17:08:11.069+0800][1.417s][debug][gc,ergo           ] GC(3) Running G1 Clear Bitmap with 5 workers for 8 work units.
[2024-12-07T17:08:11.071+0800][1.419s][info ][gc,marking        ] GC(3) Concurrent Cleanup for Next Mark 1.665ms
[2024-12-07T17:08:11.071+0800][1.419s][info ][gc                ] GC(3) Concurrent Cycle 20.630ms
[2024-12-07T17:08:10.395+0800][1.501s][debug][gc,ergo,ihop      ] Request concurrent cycle initiation (occupancy higher than threshold) occupancy: 274726912B allocation request: 1048592B threshold: 236873318B (44.82) source: concurrent humongous allocation
[2024-12-07T17:08:10.396+0800][1.502s][debug][gc,ergo           ] Request concurrent cycle initiation (requested by GC cause). GC cause: G1 Humongous Allocation
[2024-12-07T17:08:10.396+0800][1.502s][debug][gc,heap           ] GC(4) Heap before GC invocations=4 (full 0): garbage-first heap   total 516096K, used 267425K [0x00000000e0000000, 0x0000000100000000)
[2024-12-07T17:08:10.397+0800][1.503s][debug][gc,heap           ] GC(4)   region size 1024K, 2 young (2048K), 1 survivors (1024K)
[2024-12-07T17:08:10.397+0800][1.503s][debug][gc,heap           ] GC(4)  Metaspace       used 558K, capacity 4570K, committed 4864K, reserved 1056768K
[2024-12-07T17:08:10.397+0800][1.503s][debug][gc,heap           ] GC(4)   class space    used 46K, capacity 419K, committed 512K, reserved 1048576K
[2024-12-07T17:08:10.398+0800][1.504s][debug][gc,ergo           ] GC(4) Initiate concurrent cycle (concurrent cycle initiation requested)
[2024-12-07T17:08:10.398+0800][1.504s][info ][gc,start          ] GC(4) Pause Young (Concurrent Start) (G1 Humongous Allocation)
[2024-12-07T17:08:10.399+0800][1.505s][info ][gc,task           ] GC(4) Using 12 workers of 18 for evacuation
[2024-12-07T17:08:10.399+0800][1.505s][debug][gc,tlab           ] GC(4) TLAB totals: thrds: 1  refills: 1 max: 1 slow allocs: 1 max 1 waste: 100.0% gc: 524128B max: 524128B slow: 0B max: 0B fast: 0B max: 0B
[2024-12-07T17:08:10.399+0800][1.505s][debug][gc,alloc,region   ] GC(4) Mutator Allocation stats, regions: 1, wasted size: 0B ( 0.0%)
[2024-12-07T17:08:10.400+0800][1.506s][debug][gc,age            ] GC(4) Desired survivor size 6815744 bytes, new threshold 15 (max threshold 15)
[2024-12-07T17:08:10.400+0800][1.506s][debug][gc,ergo,cset      ] GC(4) Finish choosing CSet. old: 0 regions, predicted old region time: 0.00ms, time remaining: 174.85
[2024-12-07T17:08:10.400+0800][1.506s][debug][gc,task,stats     ] GC(4) GC Termination Stats
[2024-12-07T17:08:10.400+0800][1.506s][debug][gc,task,stats     ] GC(4)      elapsed  --strong roots-- -------termination------- ------waste (KiB)------
[2024-12-07T17:08:10.400+0800][1.506s][debug][gc,task,stats     ] GC(4) thr     ms        ms      %        ms      %    attempts  total   alloc    undo
[2024-12-07T17:08:10.400+0800][1.506s][debug][gc,task,stats     ] GC(4) --- --------- --------- ------ --------- ------ -------- ------- ------- -------
[2024-12-07T17:08:10.402+0800][1.508s][debug][gc,task,stats     ] GC(4)   9      1.57      1.57  99.82      0.00   0.01        1       0       0       0
[2024-12-07T17:08:10.402+0800][1.508s][debug][gc,task,stats     ] GC(4)   3      1.82      0.69  37.99      1.03  56.88       10       0       0       0
[2024-12-07T17:08:10.403+0800][1.508s][debug][gc,task,stats     ] GC(4)   1      1.98      0.79  40.01      0.99  50.30        2       0       0       0
[2024-12-07T17:08:10.403+0800][1.509s][debug][gc,task,stats     ] GC(4)   5      2.26      1.21  53.61      0.50  22.08        1       0       0       0
[2024-12-07T17:08:10.403+0800][1.509s][debug][gc,task,stats     ] GC(4)   4      2.70      0.63  23.23      1.04  38.41        5       0       0       0
[2024-12-07T17:08:10.404+0800][1.510s][debug][gc,task,stats     ] GC(4)   8      3.14      0.74  23.66      0.92  29.38        4       0       0       0
[2024-12-07T17:08:10.404+0800][1.510s][debug][gc,task,stats     ] GC(4)   7      3.60      0.91  25.14      0.76  21.12        1       0       0       0
[2024-12-07T17:08:10.404+0800][1.510s][debug][gc,task,stats     ] GC(4)  11      3.69      0.48  12.92      1.01  27.38        4       0       0       0
[2024-12-07T17:08:10.404+0800][1.510s][debug][gc,task,stats     ] GC(4)  10      3.80      1.19  31.31      0.39  10.31        1       0       0       0
[2024-12-07T17:08:10.405+0800][1.510s][debug][gc,task,stats     ] GC(4)   0      4.01      0.58  14.51      0.97  24.16        5       1       1       0
[2024-12-07T17:08:10.405+0800][1.511s][debug][gc,task,stats     ] GC(4)   6      4.05      0.60  14.91      0.97  23.92        5       0       0       0
[2024-12-07T17:08:10.405+0800][1.511s][debug][gc,task,stats     ] GC(4)   2      4.19      0.63  15.13      0.97  23.11        5       0       0       0
[2024-12-07T17:08:10.405+0800][1.511s][debug][gc,ergo           ] GC(4) Running G1 Clear Card Table Task using 1 workers for 1 units of work for 3 regions.
[2024-12-07T17:08:10.405+0800][1.511s][debug][gc,ref            ] GC(4) Skipped phase1 of Reference Processing due to unavailable references
[2024-12-07T17:08:10.405+0800][1.511s][debug][gc,ref            ] GC(4) Skipped phase3 of Reference Processing due to unavailable references
[2024-12-07T17:08:10.405+0800][1.511s][debug][gc,ergo           ] GC(4) Running G1 Free Collection Set using 1 workers for collection set length 2
[2024-12-07T17:08:10.405+0800][1.511s][debug][gc,humongous      ] GC(4) Live humongous region 0 object size 1048592 start 0x00000000e0000000  with remset 0 code roots 0 is marked 0 reclaim candidate 0 type array 1
[2024-12-07T17:08:10.406+0800][1.511s][debug][gc,humongous      ] GC(4) Live humongous region 2 object size 1048592 start 0x00000000e0200000  with remset 0 code roots 0 is marked 0 reclaim candidate 0 type array 1
[2024-12-07T17:08:10.406+0800][1.512s][debug][gc,humongous      ] GC(4) Live humongous region 4 object size 1048592 start 0x00000000e0400000  with remset 0 code roots 0 is marked 0 reclaim candidate 0 type array 1
[2024-12-07T17:08:10.406+0800][1.512s][debug][gc,humongous      ] GC(4) Live humongous region 6 object size 1048592 start 0x00000000e0600000  with remset 0 code roots 0 is marked 0 reclaim candidate 0 type array 1
[2024-12-07T17:08:10.406+0800][1.512s][debug][gc,humongous      ] GC(4) Live humongous region 8 object size 1048592 start 0x00000000e0800000  with remset 0 code roots 0 is marked 0 reclaim candidate 0 type array 1
[2024-12-07T17:08:10.406+0800][1.512s][debug][gc,humongous      ] GC(4) Live humongous region 10 object size 1048592 start 0x00000000e0a00000  with remset 0 code roots 0 is marked 0 reclaim candidate 0 type array 1
[2024-12-07T17:08:10.406+0800][1.512s][debug][gc,humongous      ] GC(4) Live humongous region 12 object size 1048592 start 0x00000000e0c00000  with remset 0 code roots 0 is marked 0 reclaim candidate 0 type array 1
[2024-12-07T17:08:10.406+0800][1.512s][debug][gc,humongous      ] GC(4) Live humongous region 14 object size 1048592 start 0x00000000e0e00000  with remset 0 code roots 0 is marked 0 reclaim candidate 0 type array 1
[2024-12-07T17:08:10.406+0800][1.512s][debug][gc,humongous      ] GC(4) Live humongous region 16 object size 1048592 start 0x00000000e1000000  with remset 0 code roots 0 is marked 0 reclaim candidate 0 type array 1
[2024-12-07T17:08:10.406+0800][1.512s][debug][gc,humongous      ] GC(4) Live humongous region 18 object size 1048592 start 0x00000000e1200000  with remset 0 code roots 0 is marked 0 reclaim candidate 0 type array 1
[2024-12-07T17:08:10.406+0800][1.512s][debug][gc,humongous      ] GC(4) Live humongous region 20 object size 1048592 start 0x00000000e1400000  with remset 0 code roots 0 is marked 0 reclaim candidate 0 type array 1
[2024-12-07T17:08:10.406+0800][1.512s][debug][gc,humongous      ] GC(4) Live humongous region 22 object size 1048592 start 0x00000000e1600000  with remset 0 code roots 0 is marked 0 reclaim candidate 0 type array 1
[2024-12-07T17:08:10.406+0800][1.512s][debug][gc,humongous      ] GC(4) Live humongous region 24 object size 1048592 start 0x00000000e1800000  with remset 0 code roots 0 is marked 0 reclaim candidate 0 type array 1
[2024-12-07T17:08:10.407+0800][1.513s][debug][gc,humongous      ] GC(4) Live humongous region 26 object size 1048592 start 0x00000000e1a00000  with remset 0 code roots 0 is marked 0 reclaim candidate 0 type array 1
[2024-12-07T17:08:10.407+0800][1.513s][debug][gc,humongous      ] GC(4) Live humongous region 28 object size 1048592 start 0x00000000e1c00000  with remset 0 code roots 0 is marked 0 reclaim candidate 0 type array 1
[2024-12-07T17:08:10.407+0800][1.513s][debug][gc,humongous      ] GC(4) Live humongous region 30 object size 1048592 start 0x00000000e1e00000  with remset 0 code roots 0 is marked 0 reclaim candidate 0 type array 1
[2024-12-07T17:08:10.407+0800][1.513s][debug][gc,humongous      ] GC(4) Live humongous region 32 object size 1048592 start 0x00000000e2000000  with remset 0 code roots 0 is marked 0 reclaim candidate 0 type array 1
[2024-12-07T17:08:10.407+0800][1.513s][debug][gc,humongous      ] GC(4) Live humongous region 34 object size 1048592 start 0x00000000e2200000  with remset 0 code roots 0 is marked 0 reclaim candidate 0 type array 1
[2024-12-07T17:08:10.407+0800][1.513s][debug][gc,humongous      ] GC(4) Live humongous region 36 object size 1048592 start 0x00000000e2400000  with remset 0 code roots 0 is marked 0 reclaim candidate 0 type array 1
[2024-12-07T17:08:10.407+0800][1.513s][debug][gc,humongous      ] GC(4) Live humongous region 38 object size 1048592 start 0x00000000e2600000  with remset 0 code roots 0 is marked 0 reclaim candidate 0 type array 1
[2024-12-07T17:08:10.407+0800][1.513s][debug][gc,humongous      ] GC(4) Live humongous region 40 object size 1048592 start 0x00000000e2800000  with remset 0 code roots 0 is marked 0 reclaim candidate 0 type array 1
[2024-12-07T17:08:10.407+0800][1.513s][debug][gc,humongous      ] GC(4) Live humongous region 42 object size 1048592 start 0x00000000e2a00000  with remset 0 code roots 0 is marked 0 reclaim candidate 0 type array 1
[2024-12-07T17:08:10.407+0800][1.513s][debug][gc,humongous      ] GC(4) Live humongous region 44 object size 1048592 start 0x00000000e2c00000  with remset 0 code roots 0 is marked 0 reclaim candidate 0 type array 1
[2024-12-07T17:08:10.407+0800][1.513s][debug][gc,humongous      ] GC(4) Live humongous region 46 object size 1048592 start 0x00000000e2e00000  with remset 0 code roots 0 is marked 0 reclaim candidate 0 type array 1
[2024-12-07T17:08:10.408+0800][1.513s][debug][gc,humongous      ] GC(4) Live humongous region 48 object size 1048592 start 0x00000000e3000000  with remset 0 code roots 0 is marked 0 reclaim candidate 0 type array 1
[2024-12-07T17:08:10.408+0800][1.514s][debug][gc,humongous      ] GC(4) Live humongous region 50 object size 1048592 start 0x00000000e3200000  with remset 0 code roots 0 is marked 0 reclaim candidate 0 type array 1
[2024-12-07T17:08:10.408+0800][1.514s][debug][gc,humongous      ] GC(4) Live humongous region 52 object size 1048592 start 0x00000000e3400000  with remset 0 code roots 0 is marked 0 reclaim candidate 0 type array 1
[2024-12-07T17:08:10.408+0800][1.514s][debug][gc,humongous      ] GC(4) Live humongous region 54 object size 1048592 start 0x00000000e3600000  with remset 0 code roots 0 is marked 0 reclaim candidate 0 type array 1
[2024-12-07T17:08:10.408+0800][1.514s][debug][gc,humongous      ] GC(4) Live humongous region 56 object size 1048592 start 0x00000000e3800000  with remset 0 code roots 0 is marked 0 reclaim candidate 0 type array 1
[2024-12-07T17:08:10.408+0800][1.514s][debug][gc,humongous      ] GC(4) Live humongous region 58 object size 1048592 start 0x00000000e3a00000  with remset 0 code roots 0 is marked 0 reclaim candidate 0 type array 1
[2024-12-07T17:08:10.408+0800][1.514s][debug][gc,humongous      ] GC(4) Live humongous region 60 object size 1048592 start 0x00000000e3c00000  with remset 0 code roots 0 is marked 0 reclaim candidate 0 type array 1
[2024-12-07T17:08:10.408+0800][1.514s][debug][gc,humongous      ] GC(4) Live humongous region 62 object size 1048592 start 0x00000000e3e00000  with remset 0 code roots 0 is marked 0 reclaim candidate 0 type array 1
[2024-12-07T17:08:10.408+0800][1.514s][debug][gc,humongous      ] GC(4) Live humongous region 64 object size 1048592 start 0x00000000e4000000  with remset 0 code roots 0 is marked 0 reclaim candidate 0 type array 1
[2024-12-07T17:08:10.408+0800][1.514s][debug][gc,humongous      ] GC(4) Live humongous region 66 object size 1048592 start 0x00000000e4200000  with remset 0 code roots 0 is marked 0 reclaim candidate 0 type array 1
[2024-12-07T17:08:10.408+0800][1.514s][debug][gc,humongous      ] GC(4) Live humongous region 68 object size 1048592 start 0x00000000e4400000  with remset 0 code roots 0 is marked 0 reclaim candidate 0 type array 1
[2024-12-07T17:08:10.409+0800][1.514s][debug][gc,humongous      ] GC(4) Live humongous region 70 object size 1048592 start 0x00000000e4600000  with remset 0 code roots 0 is marked 0 reclaim candidate 0 type array 1
[2024-12-07T17:08:10.409+0800][1.515s][debug][gc,humongous      ] GC(4) Live humongous region 72 object size 1048592 start 0x00000000e4800000  with remset 0 code roots 0 is marked 0 reclaim candidate 0 type array 1
[2024-12-07T17:08:10.409+0800][1.515s][debug][gc,humongous      ] GC(4) Live humongous region 74 object size 1048592 start 0x00000000e4a00000  with remset 0 code roots 0 is marked 0 reclaim candidate 0 type array 1
[2024-12-07T17:08:10.409+0800][1.515s][debug][gc,humongous      ] GC(4) Live humongous region 76 object size 1048592 start 0x00000000e4c00000  with remset 0 code roots 0 is marked 0 reclaim candidate 0 type array 1
[2024-12-07T17:08:10.409+0800][1.515s][debug][gc,humongous      ] GC(4) Live humongous region 78 object size 1048592 start 0x00000000e4e00000  with remset 0 code roots 0 is marked 0 reclaim candidate 0 type array 1
[2024-12-07T17:08:10.409+0800][1.515s][debug][gc,humongous      ] GC(4) Live humongous region 80 object size 1048592 start 0x00000000e5000000  with remset 0 code roots 0 is marked 0 reclaim candidate 0 type array 1
[2024-12-07T17:08:10.409+0800][1.515s][debug][gc,humongous      ] GC(4) Live humongous region 82 object size 1048592 start 0x00000000e5200000  with remset 0 code roots 0 is marked 0 reclaim candidate 0 type array 1
[2024-12-07T17:08:10.409+0800][1.515s][debug][gc,humongous      ] GC(4) Live humongous region 84 object size 1048592 start 0x00000000e5400000  with remset 0 code roots 0 is marked 0 reclaim candidate 0 type array 1
[2024-12-07T17:08:10.409+0800][1.515s][debug][gc,humongous      ] GC(4) Live humongous region 86 object size 1048592 start 0x00000000e5600000  with remset 0 code roots 0 is marked 0 reclaim candidate 0 type array 1
[2024-12-07T17:08:10.410+0800][1.515s][debug][gc,humongous      ] GC(4) Live humongous region 88 object size 1048592 start 0x00000000e5800000  with remset 0 code roots 0 is marked 0 reclaim candidate 0 type array 1
[2024-12-07T17:08:10.410+0800][1.516s][debug][gc,humongous      ] GC(4) Live humongous region 90 object size 1048592 start 0x00000000e5a00000  with remset 0 code roots 0 is marked 0 reclaim candidate 0 type array 1
[2024-12-07T17:08:10.410+0800][1.516s][debug][gc,humongous      ] GC(4) Live humongous region 92 object size 1048592 start 0x00000000e5c00000  with remset 0 code roots 0 is marked 0 reclaim candidate 0 type array 1
[2024-12-07T17:08:10.410+0800][1.516s][debug][gc,humongous      ] GC(4) Live humongous region 94 object size 1048592 start 0x00000000e5e00000  with remset 0 code roots 0 is marked 0 reclaim candidate 0 type array 1
[2024-12-07T17:08:10.410+0800][1.516s][debug][gc,humongous      ] GC(4) Live humongous region 96 object size 1048592 start 0x00000000e6000000  with remset 0 code roots 0 is marked 0 reclaim candidate 0 type array 1
[2024-12-07T17:08:10.410+0800][1.516s][debug][gc,humongous      ] GC(4) Live humongous region 98 object size 1048592 start 0x00000000e6200000  with remset 0 code roots 0 is marked 0 reclaim candidate 0 type array 1
[2024-12-07T17:08:10.410+0800][1.516s][debug][gc,humongous      ] GC(4) Live humongous region 100 object size 1048592 start 0x00000000e6400000  with remset 0 code roots 0 is marked 0 reclaim candidate 0 type array 1
[2024-12-07T17:08:10.410+0800][1.516s][debug][gc,humongous      ] GC(4) Live humongous region 102 object size 1048592 start 0x00000000e6600000  with remset 0 code roots 0 is marked 0 reclaim candidate 0 type array 1
[2024-12-07T17:08:10.410+0800][1.516s][debug][gc,humongous      ] GC(4) Live humongous region 104 object size 1048592 start 0x00000000e6800000  with remset 0 code roots 0 is marked 0 reclaim candidate 0 type array 1
[2024-12-07T17:08:10.410+0800][1.516s][debug][gc,humongous      ] GC(4) Live humongous region 106 object size 1048592 start 0x00000000e6a00000  with remset 0 code roots 0 is marked 0 reclaim candidate 0 type array 1
[2024-12-07T17:08:10.411+0800][1.517s][debug][gc,humongous      ] GC(4) Live humongous region 108 object size 1048592 start 0x00000000e6c00000  with remset 0 code roots 0 is marked 0 reclaim candidate 0 type array 1
[2024-12-07T17:08:10.411+0800][1.517s][debug][gc,humongous      ] GC(4) Live humongous region 110 object size 1048592 start 0x00000000e6e00000  with remset 0 code roots 0 is marked 0 reclaim candidate 0 type array 1
[2024-12-07T17:08:10.411+0800][1.517s][debug][gc,humongous      ] GC(4) Live humongous region 112 object size 1048592 start 0x00000000e7000000  with remset 0 code roots 0 is marked 0 reclaim candidate 0 type array 1
[2024-12-07T17:08:10.411+0800][1.517s][debug][gc,humongous      ] GC(4) Live humongous region 114 object size 1048592 start 0x00000000e7200000  with remset 0 code roots 0 is marked 0 reclaim candidate 0 type array 1
[2024-12-07T17:08:10.411+0800][1.517s][debug][gc,humongous      ] GC(4) Live humongous region 116 object size 1048592 start 0x00000000e7400000  with remset 0 code roots 0 is marked 0 reclaim candidate 0 type array 1
[2024-12-07T17:08:10.411+0800][1.517s][debug][gc,humongous      ] GC(4) Live humongous region 118 object size 1048592 start 0x00000000e7600000  with remset 0 code roots 0 is marked 0 reclaim candidate 0 type array 1
[2024-12-07T17:08:10.412+0800][1.517s][debug][gc,humongous      ] GC(4) Live humongous region 120 object size 1048592 start 0x00000000e7800000  with remset 0 code roots 0 is marked 0 reclaim candidate 0 type array 1
[2024-12-07T17:08:10.412+0800][1.518s][debug][gc,humongous      ] GC(4) Live humongous region 122 object size 1048592 start 0x00000000e7a00000  with remset 0 code roots 0 is marked 0 reclaim candidate 0 type array 1
[2024-12-07T17:08:10.412+0800][1.518s][debug][gc,humongous      ] GC(4) Live humongous region 124 object size 1048592 start 0x00000000e7c00000  with remset 0 code roots 0 is marked 0 reclaim candidate 0 type array 1
[2024-12-07T17:08:10.412+0800][1.518s][debug][gc,humongous      ] GC(4) Live humongous region 126 object size 1048592 start 0x00000000e7e00000  with remset 0 code roots 0 is marked 0 reclaim candidate 0 type array 1
[2024-12-07T17:08:10.412+0800][1.518s][debug][gc,humongous      ] GC(4) Live humongous region 128 object size 1048592 start 0x00000000e8000000  with remset 0 code roots 0 is marked 0 reclaim candidate 0 type array 1
[2024-12-07T17:08:10.412+0800][1.518s][debug][gc,humongous      ] GC(4) Live humongous region 130 object size 1048592 start 0x00000000e8200000  with remset 0 code roots 0 is marked 0 reclaim candidate 0 type array 1
[2024-12-07T17:08:10.412+0800][1.518s][debug][gc,humongous      ] GC(4) Live humongous region 132 object size 1048592 start 0x00000000e8400000  with remset 0 code roots 0 is marked 0 reclaim candidate 0 type array 1
[2024-12-07T17:08:10.412+0800][1.518s][debug][gc,humongous      ] GC(4) Live humongous region 134 object size 1048592 start 0x00000000e8600000  with remset 0 code roots 0 is marked 0 reclaim candidate 0 type array 1
[2024-12-07T17:08:10.413+0800][1.518s][debug][gc,humongous      ] GC(4) Live humongous region 136 object size 1048592 start 0x00000000e8800000  with remset 0 code roots 0 is marked 0 reclaim candidate 0 type array 1
[2024-12-07T17:08:10.413+0800][1.519s][debug][gc,humongous      ] GC(4) Live humongous region 138 object size 1048592 start 0x00000000e8a00000  with remset 0 code roots 0 is marked 0 reclaim candidate 0 type array 1
[2024-12-07T17:08:10.413+0800][1.519s][debug][gc,humongous      ] GC(4) Live humongous region 140 object size 1048592 start 0x00000000e8c00000  with remset 0 code roots 0 is marked 0 reclaim candidate 0 type array 1
[2024-12-07T17:08:10.413+0800][1.519s][debug][gc,humongous      ] GC(4) Live humongous region 142 object size 1048592 start 0x00000000e8e00000  with remset 0 code roots 0 is marked 0 reclaim candidate 0 type array 1
[2024-12-07T17:08:10.413+0800][1.519s][debug][gc,humongous      ] GC(4) Live humongous region 144 object size 1048592 start 0x00000000e9000000  with remset 0 code roots 0 is marked 0 reclaim candidate 0 type array 1
[2024-12-07T17:08:10.413+0800][1.519s][debug][gc,humongous      ] GC(4) Live humongous region 146 object size 1048592 start 0x00000000e9200000  with remset 0 code roots 0 is marked 0 reclaim candidate 0 type array 1
[2024-12-07T17:08:10.413+0800][1.519s][debug][gc,humongous      ] GC(4) Live humongous region 148 object size 1048592 start 0x00000000e9400000  with remset 0 code roots 0 is marked 0 reclaim candidate 0 type array 1
[2024-12-07T17:08:10.414+0800][1.519s][debug][gc,humongous      ] GC(4) Live humongous region 150 object size 1048592 start 0x00000000e9600000  with remset 0 code roots 0 is marked 0 reclaim candidate 0 type array 1
[2024-12-07T17:08:10.414+0800][1.520s][debug][gc,humongous      ] GC(4) Live humongous region 152 object size 1048592 start 0x00000000e9800000  with remset 0 code roots 0 is marked 0 reclaim candidate 0 type array 1
[2024-12-07T17:08:10.414+0800][1.520s][debug][gc,humongous      ] GC(4) Live humongous region 154 object size 1048592 start 0x00000000e9a00000  with remset 0 code roots 0 is marked 0 reclaim candidate 0 type array 1
[2024-12-07T17:08:10.414+0800][1.520s][debug][gc,humongous      ] GC(4) Live humongous region 156 object size 1048592 start 0x00000000e9c00000  with remset 0 code roots 0 is marked 0 reclaim candidate 0 type array 1
[2024-12-07T17:08:10.414+0800][1.520s][debug][gc,humongous      ] GC(4) Live humongous region 158 object size 1048592 start 0x00000000e9e00000  with remset 0 code roots 0 is marked 0 reclaim candidate 0 type array 1
[2024-12-07T17:08:10.415+0800][1.521s][debug][gc,humongous      ] GC(4) Live humongous region 160 object size 1048592 start 0x00000000ea000000  with remset 0 code roots 0 is marked 0 reclaim candidate 0 type array 1
[2024-12-07T17:08:10.415+0800][1.521s][debug][gc,humongous      ] GC(4) Live humongous region 162 object size 1048592 start 0x00000000ea200000  with remset 0 code roots 0 is marked 0 reclaim candidate 0 type array 1
[2024-12-07T17:08:10.416+0800][1.522s][debug][gc,humongous      ] GC(4) Live humongous region 164 object size 1048592 start 0x00000000ea400000  with remset 0 code roots 0 is marked 0 reclaim candidate 0 type array 1
[2024-12-07T17:08:10.416+0800][1.522s][debug][gc,humongous      ] GC(4) Live humongous region 166 object size 1048592 start 0x00000000ea600000  with remset 0 code roots 0 is marked 0 reclaim candidate 0 type array 1
[2024-12-07T17:08:10.416+0800][1.522s][debug][gc,humongous      ] GC(4) Live humongous region 168 object size 1048592 start 0x00000000ea800000  with remset 0 code roots 0 is marked 0 reclaim candidate 0 type array 1
[2024-12-07T17:08:10.417+0800][1.523s][debug][gc,humongous      ] GC(4) Live humongous region 170 object size 1048592 start 0x00000000eaa00000  with remset 0 code roots 0 is marked 0 reclaim candidate 0 type array 1
[2024-12-07T17:08:10.417+0800][1.523s][debug][gc,humongous      ] GC(4) Live humongous region 172 object size 1048592 start 0x00000000eac00000  with remset 0 code roots 0 is marked 0 reclaim candidate 0 type array 1
[2024-12-07T17:08:10.417+0800][1.523s][debug][gc,humongous      ] GC(4) Live humongous region 174 object size 1048592 start 0x00000000eae00000  with remset 0 code roots 0 is marked 0 reclaim candidate 0 type array 1
[2024-12-07T17:08:10.418+0800][1.524s][debug][gc,humongous      ] GC(4) Live humongous region 176 object size 1048592 start 0x00000000eb000000  with remset 0 code roots 0 is marked 0 reclaim candidate 0 type array 1
[2024-12-07T17:08:10.418+0800][1.524s][debug][gc,humongous      ] GC(4) Live humongous region 178 object size 1048592 start 0x00000000eb200000  with remset 0 code roots 0 is marked 0 reclaim candidate 0 type array 1
[2024-12-07T17:08:10.418+0800][1.524s][debug][gc,humongous      ] GC(4) Live humongous region 180 object size 1048592 start 0x00000000eb400000  with remset 0 code roots 0 is marked 0 reclaim candidate 0 type array 1
[2024-12-07T17:08:10.418+0800][1.524s][debug][gc,humongous      ] GC(4) Live humongous region 182 object size 1048592 start 0x00000000eb600000  with remset 0 code roots 0 is marked 0 reclaim candidate 0 type array 1
[2024-12-07T17:08:10.418+0800][1.524s][debug][gc,humongous      ] GC(4) Live humongous region 184 object size 1048592 start 0x00000000eb800000  with remset 0 code roots 0 is marked 0 reclaim candidate 0 type array 1
[2024-12-07T17:08:10.418+0800][1.524s][debug][gc,humongous      ] GC(4) Live humongous region 186 object size 1048592 start 0x00000000eba00000  with remset 0 code roots 0 is marked 0 reclaim candidate 0 type array 1
[2024-12-07T17:08:10.418+0800][1.524s][debug][gc,humongous      ] GC(4) Live humongous region 188 object size 1048592 start 0x00000000ebc00000  with remset 0 code roots 0 is marked 0 reclaim candidate 0 type array 1
[2024-12-07T17:08:10.418+0800][1.524s][debug][gc,humongous      ] GC(4) Live humongous region 190 object size 1048592 start 0x00000000ebe00000  with remset 0 code roots 0 is marked 0 reclaim candidate 0 type array 1
[2024-12-07T17:08:10.419+0800][1.524s][debug][gc,humongous      ] GC(4) Live humongous region 192 object size 1048592 start 0x00000000ec000000  with remset 0 code roots 0 is marked 0 reclaim candidate 0 type array 1
[2024-12-07T17:08:10.419+0800][1.525s][debug][gc,humongous      ] GC(4) Live humongous region 194 object size 1048592 start 0x00000000ec200000  with remset 0 code roots 0 is marked 0 reclaim candidate 0 type array 1
[2024-12-07T17:08:10.419+0800][1.525s][debug][gc,humongous      ] GC(4) Live humongous region 196 object size 1048592 start 0x00000000ec400000  with remset 0 code roots 0 is marked 0 reclaim candidate 0 type array 1
[2024-12-07T17:08:10.419+0800][1.525s][debug][gc,humongous      ] GC(4) Live humongous region 198 object size 1048592 start 0x00000000ec600000  with remset 0 code roots 0 is marked 0 reclaim candidate 0 type array 1
[2024-12-07T17:08:10.419+0800][1.525s][debug][gc,humongous      ] GC(4) Live humongous region 200 object size 1048592 start 0x00000000ec800000  with remset 0 code roots 0 is marked 0 reclaim candidate 0 type array 1
[2024-12-07T17:08:10.419+0800][1.525s][debug][gc,humongous      ] GC(4) Live humongous region 202 object size 1048592 start 0x00000000eca00000  with remset 0 code roots 0 is marked 0 reclaim candidate 0 type array 1
[2024-12-07T17:08:10.419+0800][1.525s][debug][gc,humongous      ] GC(4) Live humongous region 204 object size 1048592 start 0x00000000ecc00000  with remset 0 code roots 0 is marked 0 reclaim candidate 0 type array 1
[2024-12-07T17:08:10.419+0800][1.525s][debug][gc,humongous      ] GC(4) Live humongous region 206 object size 1048592 start 0x00000000ece00000  with remset 0 code roots 0 is marked 0 reclaim candidate 0 type array 1
[2024-12-07T17:08:10.419+0800][1.525s][debug][gc,humongous      ] GC(4) Live humongous region 208 object size 1048592 start 0x00000000ed000000  with remset 0 code roots 0 is marked 0 reclaim candidate 0 type array 1
[2024-12-07T17:08:10.419+0800][1.525s][debug][gc,humongous      ] GC(4) Live humongous region 210 object size 1048592 start 0x00000000ed200000  with remset 0 code roots 0 is marked 0 reclaim candidate 0 type array 1
[2024-12-07T17:08:10.420+0800][1.525s][debug][gc,humongous      ] GC(4) Live humongous region 212 object size 1048592 start 0x00000000ed400000  with remset 0 code roots 0 is marked 0 reclaim candidate 0 type array 1
[2024-12-07T17:08:10.420+0800][1.526s][debug][gc,humongous      ] GC(4) Live humongous region 214 object size 1048592 start 0x00000000ed600000  with remset 0 code roots 0 is marked 0 reclaim candidate 0 type array 1
[2024-12-07T17:08:10.420+0800][1.526s][debug][gc,humongous      ] GC(4) Live humongous region 216 object size 1048592 start 0x00000000ed800000  with remset 0 code roots 0 is marked 0 reclaim candidate 0 type array 1
[2024-12-07T17:08:10.420+0800][1.526s][debug][gc,humongous      ] GC(4) Live humongous region 218 object size 1048592 start 0x00000000eda00000  with remset 0 code roots 0 is marked 0 reclaim candidate 0 type array 1
[2024-12-07T17:08:10.420+0800][1.526s][debug][gc,humongous      ] GC(4) Live humongous region 220 object size 1048592 start 0x00000000edc00000  with remset 0 code roots 0 is marked 0 reclaim candidate 0 type array 1
[2024-12-07T17:08:10.420+0800][1.526s][debug][gc,humongous      ] GC(4) Live humongous region 222 object size 1048592 start 0x00000000ede00000  with remset 0 code roots 0 is marked 0 reclaim candidate 0 type array 1
[2024-12-07T17:08:10.420+0800][1.526s][debug][gc,humongous      ] GC(4) Live humongous region 224 object size 1048592 start 0x00000000ee000000  with remset 0 code roots 0 is marked 0 reclaim candidate 0 type array 1
[2024-12-07T17:08:10.420+0800][1.526s][debug][gc,humongous      ] GC(4) Live humongous region 226 object size 1048592 start 0x00000000ee200000  with remset 0 code roots 0 is marked 0 reclaim candidate 0 type array 1
[2024-12-07T17:08:10.420+0800][1.526s][debug][gc,humongous      ] GC(4) Live humongous region 228 object size 1048592 start 0x00000000ee400000  with remset 0 code roots 0 is marked 0 reclaim candidate 0 type array 1
[2024-12-07T17:08:10.420+0800][1.526s][debug][gc,humongous      ] GC(4) Live humongous region 230 object size 1048592 start 0x00000000ee600000  with remset 0 code roots 0 is marked 0 reclaim candidate 0 type array 1
[2024-12-07T17:08:10.421+0800][1.526s][debug][gc,humongous      ] GC(4) Live humongous region 232 object size 1048592 start 0x00000000ee800000  with remset 0 code roots 0 is marked 0 reclaim candidate 0 type array 1
[2024-12-07T17:08:10.421+0800][1.527s][debug][gc,humongous      ] GC(4) Live humongous region 234 object size 1048592 start 0x00000000eea00000  with remset 0 code roots 0 is marked 0 reclaim candidate 0 type array 1
[2024-12-07T17:08:10.421+0800][1.527s][debug][gc,humongous      ] GC(4) Live humongous region 236 object size 1048592 start 0x00000000eec00000  with remset 0 code roots 0 is marked 0 reclaim candidate 0 type array 1
[2024-12-07T17:08:10.421+0800][1.527s][debug][gc,humongous      ] GC(4) Live humongous region 238 object size 1048592 start 0x00000000eee00000  with remset 0 code roots 0 is marked 0 reclaim candidate 0 type array 1
[2024-12-07T17:08:10.421+0800][1.527s][debug][gc,humongous      ] GC(4) Live humongous region 240 object size 1048592 start 0x00000000ef000000  with remset 0 code roots 0 is marked 0 reclaim candidate 0 type array 1
[2024-12-07T17:08:10.421+0800][1.527s][debug][gc,humongous      ] GC(4) Live humongous region 242 object size 1048592 start 0x00000000ef200000  with remset 0 code roots 0 is marked 0 reclaim candidate 0 type array 1
[2024-12-07T17:08:10.421+0800][1.527s][debug][gc,humongous      ] GC(4) Live humongous region 244 object size 1048592 start 0x00000000ef400000  with remset 0 code roots 0 is marked 0 reclaim candidate 0 type array 1
[2024-12-07T17:08:10.421+0800][1.527s][debug][gc,humongous      ] GC(4) Live humongous region 246 object size 1048592 start 0x00000000ef600000  with remset 0 code roots 0 is marked 0 reclaim candidate 0 type array 1
[2024-12-07T17:08:10.421+0800][1.527s][debug][gc,humongous      ] GC(4) Live humongous region 248 object size 1048592 start 0x00000000ef800000  with remset 0 code roots 0 is marked 0 reclaim candidate 0 type array 1
[2024-12-07T17:08:10.421+0800][1.527s][debug][gc,humongous      ] GC(4) Live humongous region 250 object size 1048592 start 0x00000000efa00000  with remset 0 code roots 0 is marked 0 reclaim candidate 0 type array 1
[2024-12-07T17:08:10.421+0800][1.527s][debug][gc,humongous      ] GC(4) Live humongous region 252 object size 1048592 start 0x00000000efc00000  with remset 0 code roots 0 is marked 0 reclaim candidate 0 type array 1
[2024-12-07T17:08:10.422+0800][1.527s][debug][gc,humongous      ] GC(4) Live humongous region 254 object size 1048592 start 0x00000000efe00000  with remset 0 code roots 0 is marked 0 reclaim candidate 0 type array 1
[2024-12-07T17:08:10.422+0800][1.528s][debug][gc,humongous      ] GC(4) Live humongous region 256 object size 1048592 start 0x00000000f0000000  with remset 0 code roots 0 is marked 0 reclaim candidate 0 type array 1
[2024-12-07T17:08:10.422+0800][1.528s][debug][gc,humongous      ] GC(4) Live humongous region 258 object size 1048592 start 0x00000000f0200000  with remset 0 code roots 0 is marked 0 reclaim candidate 0 type array 1
[2024-12-07T17:08:10.422+0800][1.528s][debug][gc,plab           ] GC(4) Young PLAB allocation: allocated: 395200B, wasted: 2400B, unused: 21656B, used: 371144B, undo waste: 0B, 
[2024-12-07T17:08:10.422+0800][1.528s][debug][gc,plab           ] GC(4) Young other allocation: region end waste: 0B, regions filled: 1, direct allocated: 66672B, failure used: 0B, failure wasted: 0B
[2024-12-07T17:08:10.422+0800][1.528s][debug][gc,plab           ] GC(4) Young sizing: calculated: 74224B, actual: 73904B
[2024-12-07T17:08:10.422+0800][1.528s][debug][gc,plab           ] GC(4) Old PLAB allocation: allocated: 0B, wasted: 0B, unused: 0B, used: 0B, undo waste: 0B, 
[2024-12-07T17:08:10.422+0800][1.528s][debug][gc,plab           ] GC(4) Old other allocation: region end waste: 0B, regions filled: 0, direct allocated: 0B, failure used: 0B, failure wasted: 0B
[2024-12-07T17:08:10.422+0800][1.528s][debug][gc,plab           ] GC(4) Old sizing: calculated: 0B, actual: 2064B
[2024-12-07T17:08:10.422+0800][1.528s][debug][gc,alloc,stats    ] Old generation allocation in the last mutator period, old gen allocated: 0B, humongous allocated: 20971520B,old gen growth: 20971520B.
[2024-12-07T17:08:10.422+0800][1.528s][debug][gc,ihop           ] GC(4) Basic information (value update), threshold: 236873318B (45.00), target occupancy: 526385152B, current occupancy: 273828912B, recent allocation size: 20971520B, recent allocation duration: 99.40ms, recent old gen allocation rate: 210977936.71B/s, recent marking phase length: 0.00ms
[2024-12-07T17:08:10.422+0800][1.528s][debug][gc,ihop           ] GC(4) Adaptive IHOP information (value update), threshold: 236873318B (51.91), internal target occupancy: 456340275B, occupancy: 273828912B, additional buffer size: 99614720B, predicted old gen allocation rate: 287586850.54B/s, predicted marking phase length: 0.00ms, prediction active: false
[2024-12-07T17:08:10.423+0800][1.528s][debug][gc,ergo,refine    ] GC(4) Updated Refinement Zones: green: 18, yellow: 54, red: 90
[2024-12-07T17:08:10.423+0800][1.529s][info ][gc,phases         ] GC(4)   Pre Evacuate Collection Set: 0.1ms
[2024-12-07T17:08:10.423+0800][1.529s][debug][gc,phases         ] GC(4)     Prepare TLABs: 0.2ms
[2024-12-07T17:08:10.423+0800][1.529s][debug][gc,phases         ] GC(4)     Choose Collection Set: 0.1ms
[2024-12-07T17:08:10.423+0800][1.529s][debug][gc,phases         ] GC(4)     Humongous Register: 0.0ms
[2024-12-07T17:08:10.423+0800][1.529s][debug][gc,phases         ] GC(4)     Clear Claimed Marks: 0.0ms
[2024-12-07T17:08:10.423+0800][1.529s][info ][gc,phases         ] GC(4)   Evacuate Collection Set: 4.9ms
[2024-12-07T17:08:10.423+0800][1.529s][debug][gc,phases         ] GC(4)     Ext Root Scanning (ms):   Min:  0.1, Avg:  0.3, Max:  0.4, Diff:  0.3, Sum:  3.1, Workers: 12
[2024-12-07T17:08:10.423+0800][1.529s][debug][gc,phases         ] GC(4)     Update RS (ms):           Min:  0.0, Avg:  0.3, Max:  0.6, Diff:  0.6, Sum:  3.2, Workers: 12
[2024-12-07T17:08:10.423+0800][1.529s][debug][gc,phases         ] GC(4)       Processed Buffers:        Min: 0, Avg:  0.9, Max: 2, Diff: 2, Sum: 11, Workers: 12
[2024-12-07T17:08:10.423+0800][1.529s][debug][gc,phases         ] GC(4)       Scanned Cards:            Min: 0, Avg: 18.5, Max: 48, Diff: 48, Sum: 222, Workers: 12
[2024-12-07T17:08:10.424+0800][1.529s][debug][gc,phases         ] GC(4)       Skipped Cards:            Min: 0, Avg:  8.7, Max: 27, Diff: 27, Sum: 104, Workers: 12
[2024-12-07T17:08:10.424+0800][1.530s][debug][gc,phases         ] GC(4)     Scan RS (ms):             Min:  0.0, Avg:  0.3, Max:  1.2, Diff:  1.2, Sum:  3.2, Workers: 12
[2024-12-07T17:08:10.424+0800][1.530s][debug][gc,phases         ] GC(4)       Scanned Cards:            Min: 0, Avg: 16.7, Max: 62, Diff: 62, Sum: 200, Workers: 12
[2024-12-07T17:08:10.424+0800][1.530s][debug][gc,phases         ] GC(4)       Claimed Cards:            Min: 0, Avg: 18.5, Max: 64, Diff: 64, Sum: 222, Workers: 12
[2024-12-07T17:08:10.424+0800][1.530s][debug][gc,phases         ] GC(4)       Skipped Cards:            Min: 0, Avg: 74.0, Max: 222, Diff: 222, Sum: 888, Workers: 12
[2024-12-07T17:08:10.424+0800][1.530s][debug][gc,phases         ] GC(4)     Code Root Scanning (ms):  Min:  0.0, Avg:  0.0, Max:  0.1, Diff:  0.1, Sum:  0.1, Workers: 12
[2024-12-07T17:08:10.424+0800][1.530s][debug][gc,phases         ] GC(4)     AOT Root Scanning (ms):   skipped
[2024-12-07T17:08:10.424+0800][1.530s][debug][gc,phases         ] GC(4)     Object Copy (ms):         Min:  0.0, Avg:  0.1, Max:  0.4, Diff:  0.4, Sum:  0.8, Workers: 12
[2024-12-07T17:08:10.424+0800][1.530s][debug][gc,phases         ] GC(4)     Termination (ms):         Min:  0.0, Avg:  0.8, Max:  1.0, Diff:  1.0, Sum:  9.5, Workers: 12
[2024-12-07T17:08:10.424+0800][1.530s][debug][gc,phases         ] GC(4)       Termination Attempts:     Min: 1, Avg:  3.7, Max: 10, Diff: 9, Sum: 44, Workers: 12
[2024-12-07T17:08:10.424+0800][1.530s][debug][gc,phases         ] GC(4)     GC Worker Other (ms):     Min:  0.2, Avg:  1.6, Max:  2.6, Diff:  2.5, Sum: 19.4, Workers: 12
[2024-12-07T17:08:10.424+0800][1.530s][debug][gc,phases         ] GC(4)     GC Worker Total (ms):     Min:  1.8, Avg:  3.3, Max:  4.3, Diff:  2.5, Sum: 39.4, Workers: 12
[2024-12-07T17:08:10.425+0800][1.530s][info ][gc,phases         ] GC(4)   Post Evacuate Collection Set: 16.9ms
[2024-12-07T17:08:10.425+0800][1.531s][debug][gc,phases         ] GC(4)     Code Roots Fixup: 0.0ms
[2024-12-07T17:08:10.425+0800][1.531s][debug][gc,phases         ] GC(4)     Clear Card Table: 0.1ms
[2024-12-07T17:08:10.425+0800][1.531s][debug][gc,phases         ] GC(4)     Reference Processing: 0.2ms
[2024-12-07T17:08:10.425+0800][1.531s][debug][gc,phases,ref     ] GC(4)       Reconsider SoftReferences: 0.1ms
[2024-12-07T17:08:10.425+0800][1.531s][debug][gc,phases,ref     ] GC(4)         SoftRef (ms):             skipped
[2024-12-07T17:08:10.425+0800][1.531s][debug][gc,phases,ref     ] GC(4)       Notify Soft/WeakReferences: 0.0ms
[2024-12-07T17:08:10.425+0800][1.531s][debug][gc,phases,ref     ] GC(4)         SoftRef (ms):             Min:  0.0, Avg:  0.0, Max:  0.0, Diff:  0.0, Sum:  0.0, Workers: 1
[2024-12-07T17:08:10.425+0800][1.531s][debug][gc,phases,ref     ] GC(4)         WeakRef (ms):             Min:  0.0, Avg:  0.0, Max:  0.0, Diff:  0.0, Sum:  0.0, Workers: 1
[2024-12-07T17:08:10.425+0800][1.531s][debug][gc,phases,ref     ] GC(4)         FinalRef (ms):            Min:  0.0, Avg:  0.0, Max:  0.0, Diff:  0.0, Sum:  0.0, Workers: 1
[2024-12-07T17:08:10.425+0800][1.531s][debug][gc,phases,ref     ] GC(4)         Total (ms):               Min:  0.0, Avg:  0.0, Max:  0.0, Diff:  0.0, Sum:  0.0, Workers: 1
[2024-12-07T17:08:10.426+0800][1.531s][debug][gc,phases,ref     ] GC(4)       Notify and keep alive finalizable: 0.1ms
[2024-12-07T17:08:10.426+0800][1.532s][debug][gc,phases,ref     ] GC(4)         FinalRef (ms):            skipped
[2024-12-07T17:08:10.426+0800][1.532s][debug][gc,phases,ref     ] GC(4)       Notify PhantomReferences: 0.0ms
[2024-12-07T17:08:10.426+0800][1.532s][debug][gc,phases,ref     ] GC(4)         PhantomRef (ms):          Min:  0.0, Avg:  0.0, Max:  0.0, Diff:  0.0, Sum:  0.0, Workers: 1
[2024-12-07T17:08:10.426+0800][1.532s][debug][gc,phases,ref     ] GC(4)       SoftReference:
[2024-12-07T17:08:10.426+0800][1.532s][debug][gc,phases,ref     ] GC(4)         Discovered: 0
[2024-12-07T17:08:10.426+0800][1.532s][debug][gc,phases,ref     ] GC(4)         Cleared: 0
[2024-12-07T17:08:10.426+0800][1.532s][debug][gc,phases,ref     ] GC(4)       WeakReference:
[2024-12-07T17:08:10.426+0800][1.532s][debug][gc,phases,ref     ] GC(4)         Discovered: 35
[2024-12-07T17:08:10.426+0800][1.532s][debug][gc,phases,ref     ] GC(4)         Cleared: 35
[2024-12-07T17:08:10.426+0800][1.532s][debug][gc,phases,ref     ] GC(4)       FinalReference:
[2024-12-07T17:08:10.426+0800][1.532s][debug][gc,phases,ref     ] GC(4)         Discovered: 0
[2024-12-07T17:08:10.427+0800][1.532s][debug][gc,phases,ref     ] GC(4)         Cleared: 0
[2024-12-07T17:08:10.427+0800][1.533s][debug][gc,phases,ref     ] GC(4)       PhantomReference:
[2024-12-07T17:08:10.427+0800][1.533s][debug][gc,phases,ref     ] GC(4)         Discovered: 5
[2024-12-07T17:08:10.427+0800][1.533s][debug][gc,phases,ref     ] GC(4)         Cleared: 5
[2024-12-07T17:08:10.427+0800][1.533s][debug][gc,phases         ] GC(4)     Weak Processing: 0.0ms
[2024-12-07T17:08:10.427+0800][1.533s][debug][gc,phases         ] GC(4)     Merge Per-Thread State: 0.0ms
[2024-12-07T17:08:10.427+0800][1.533s][debug][gc,phases         ] GC(4)     Code Roots Purge: 0.0ms
[2024-12-07T17:08:10.427+0800][1.533s][debug][gc,phases         ] GC(4)     Redirty Cards: 0.1ms
[2024-12-07T17:08:10.427+0800][1.533s][debug][gc,phases         ] GC(4)     DerivedPointerTable Update: 0.0ms
[2024-12-07T17:08:10.427+0800][1.533s][debug][gc,phases         ] GC(4)     Free Collection Set: 0.1ms
[2024-12-07T17:08:10.427+0800][1.533s][debug][gc,phases         ] GC(4)     Humongous Reclaim: 16.4ms
[2024-12-07T17:08:10.428+0800][1.533s][debug][gc,phases         ] GC(4)     Start New Collection Set: 0.0ms
[2024-12-07T17:08:10.428+0800][1.534s][debug][gc,phases         ] GC(4)     Resize TLABs: 0.0ms
[2024-12-07T17:08:10.428+0800][1.534s][debug][gc,phases         ] GC(4)     Expand Heap After Collection: 0.0ms
[2024-12-07T17:08:10.428+0800][1.534s][info ][gc,phases         ] GC(4)   Other: 4.4ms
[2024-12-07T17:08:10.428+0800][1.534s][info ][gc,heap           ] GC(4) Eden regions: 1->0(94)
[2024-12-07T17:08:10.428+0800][1.534s][info ][gc,heap           ] GC(4) Survivor regions: 1->1(13)
[2024-12-07T17:08:10.428+0800][1.534s][info ][gc,heap           ] GC(4) Old regions: 2->2
[2024-12-07T17:08:10.428+0800][1.534s][info ][gc,heap           ] GC(4) Humongous regions: 260->260
[2024-12-07T17:08:10.428+0800][1.534s][info ][gc,metaspace      ] GC(4) Metaspace: 558K(4864K)->558K(4864K) NonClass: 512K(4352K)->512K(4352K) Class: 46K(512K)->46K(512K)
[2024-12-07T17:08:10.429+0800][1.534s][debug][gc,heap           ] GC(4) Heap after GC invocations=5 (full 0): garbage-first heap   total 516096K, used 267411K [0x00000000e0000000, 0x0000000100000000)
[2024-12-07T17:08:10.429+0800][1.535s][debug][gc,heap           ] GC(4)   region size 1024K, 1 young (1024K), 1 survivors (1024K)
[2024-12-07T17:08:10.429+0800][1.535s][debug][gc,heap           ] GC(4)  Metaspace       used 558K, capacity 4570K, committed 4864K, reserved 1056768K
[2024-12-07T17:08:10.429+0800][1.535s][debug][gc,heap           ] GC(4)   class space    used 46K, capacity 419K, committed 512K, reserved 1048576K
[2024-12-07T17:08:10.429+0800][1.535s][info ][gc                ] GC(4) Pause Young (Concurrent Start) (G1 Humongous Allocation) 261M->261M(504M) 30.909ms
[2024-12-07T17:08:10.429+0800][1.535s][info ][gc,cpu            ] GC(4) User=0.02s Sys=0.00s Real=0.04s
[2024-12-07T17:08:10.430+0800][1.535s][info ][gc                ] GC(5) Concurrent Cycle
[2024-12-07T17:08:10.430+0800][1.536s][info ][gc,marking        ] GC(5) Concurrent Clear Claimed Marks
[2024-12-07T17:08:10.430+0800][1.536s][info ][gc,marking        ] GC(5) Concurrent Clear Claimed Marks 0.103ms
[2024-12-07T17:08:10.430+0800][1.536s][info ][gc,marking        ] GC(5) Concurrent Scan Root Regions
[2024-12-07T17:08:10.430+0800][1.536s][debug][gc,ergo           ] GC(5) Running G1 Root Region Scan using 1 workers for 1 work units.
[2024-12-07T17:08:10.430+0800][1.536s][info ][gc,marking        ] GC(5) Concurrent Scan Root Regions 0.521ms
[2024-12-07T17:08:10.430+0800][1.536s][info ][gc,marking        ] GC(5) Concurrent Mark (1.536s)
[2024-12-07T17:08:10.431+0800][1.536s][info ][gc,marking        ] GC(5) Concurrent Mark From Roots
[2024-12-07T17:08:10.431+0800][1.537s][info ][gc,task           ] GC(5) Using 5 workers of 5 for marking
[2024-12-07T17:08:10.431+0800][1.537s][debug][gc,stats          ] ---------------------------------------------------------------------
[2024-12-07T17:08:10.431+0800][1.537s][debug][gc,stats          ] Marking Stats, task = 0, calls = 40
[2024-12-07T17:08:10.431+0800][1.537s][debug][gc,stats          ]   Elapsed time = 0.45ms, Termination time = 0.00ms
[2024-12-07T17:08:10.432+0800][1.537s][debug][gc,stats          ]   Step Times (cum): num = 232, avg = 0.00ms, sd = 0.03ms max = 0.42ms, total = 0.42ms
[2024-12-07T17:08:10.432+0800][1.538s][debug][gc,stats          ]   Mark Stats Cache: hits 3170 misses 131 ratio 96.032
[2024-12-07T17:08:10.432+0800][1.538s][debug][gc,stats          ] ---------------------------------------------------------------------
[2024-12-07T17:08:10.432+0800][1.538s][debug][gc,stats          ] Marking Stats, task = 1, calls = 38
[2024-12-07T17:08:10.432+0800][1.538s][debug][gc,stats          ]   Elapsed time = 0.44ms, Termination time = 0.00ms
[2024-12-07T17:08:10.432+0800][1.538s][debug][gc,stats          ]   Step Times (cum): num = 71, avg = 0.01ms, sd = 0.05ms max = 0.41ms, total = 0.41ms
[2024-12-07T17:08:10.432+0800][1.538s][debug][gc,stats          ]   Mark Stats Cache: hits 633 misses 2 ratio 99.685
[2024-12-07T17:08:10.432+0800][1.538s][debug][gc,stats          ] ---------------------------------------------------------------------
[2024-12-07T17:08:10.432+0800][1.538s][debug][gc,stats          ] Marking Stats, task = 2, calls = 31
[2024-12-07T17:08:10.432+0800][1.538s][debug][gc,stats          ]   Elapsed time = 0.42ms, Termination time = 0.00ms
[2024-12-07T17:08:10.432+0800][1.538s][debug][gc,stats          ]   Step Times (cum): num = 118, avg = 0.00ms, sd = 0.04ms max = 0.41ms, total = 0.41ms
[2024-12-07T17:08:10.433+0800][1.538s][debug][gc,stats          ]   Mark Stats Cache: hits 1822 misses 2 ratio 99.890
[2024-12-07T17:08:10.433+0800][1.539s][debug][gc,stats          ] ---------------------------------------------------------------------
[2024-12-07T17:08:10.433+0800][1.539s][debug][gc,stats          ] Marking Stats, task = 3, calls = 41
[2024-12-07T17:08:10.433+0800][1.539s][debug][gc,stats          ]   Elapsed time = 0.42ms, Termination time = 0.00ms
[2024-12-07T17:08:10.433+0800][1.539s][debug][gc,stats          ]   Step Times (cum): num = 125, avg = 0.00ms, sd = 0.04ms max = 0.41ms, total = 0.41ms
[2024-12-07T17:08:10.433+0800][1.539s][debug][gc,stats          ]   Mark Stats Cache: hits 588 misses 1 ratio 99.830
[2024-12-07T17:08:10.433+0800][1.539s][debug][gc,stats          ] ---------------------------------------------------------------------
[2024-12-07T17:08:10.433+0800][1.539s][debug][gc,stats          ] Marking Stats, task = 4, calls = 1
[2024-12-07T17:08:10.433+0800][1.539s][debug][gc,stats          ]   Elapsed time = 0.41ms, Termination time = 0.00ms
[2024-12-07T17:08:10.433+0800][1.539s][debug][gc,stats          ]   Step Times (cum): num = 65, avg = 0.01ms, sd = 0.05ms max = 0.41ms, total = 0.41ms
[2024-12-07T17:08:10.433+0800][1.539s][debug][gc,stats          ]   Mark Stats Cache: hits 4272 misses 2 ratio 99.953
[2024-12-07T17:08:10.434+0800][1.539s][debug][gc,stats          ] ---------------------------------------------------------------------
[2024-12-07T17:08:10.434+0800][1.540s][info ][gc,marking        ] GC(5) Concurrent Mark From Roots 3.040ms
[2024-12-07T17:08:10.434+0800][1.540s][info ][gc,marking        ] GC(5) Concurrent Preclean
[2024-12-07T17:08:10.434+0800][1.540s][debug][gc,ref,start      ] GC(5) Preclean SoftReferences
[2024-12-07T17:08:10.434+0800][1.540s][debug][gc,ref            ] GC(5) Preclean SoftReferences 0.096ms
[2024-12-07T17:08:10.434+0800][1.540s][debug][gc,ref,start      ] GC(5) Preclean WeakReferences
[2024-12-07T17:08:10.434+0800][1.540s][debug][gc,ref            ] GC(5) Preclean WeakReferences 0.095ms
[2024-12-07T17:08:10.434+0800][1.540s][debug][gc,ref,start      ] GC(5) Preclean FinalReferences
[2024-12-07T17:08:10.434+0800][1.540s][debug][gc,ref            ] GC(5) Preclean FinalReferences 0.096ms
[2024-12-07T17:08:10.434+0800][1.540s][debug][gc,ref,start      ] GC(5) Preclean PhantomReferences
[2024-12-07T17:08:10.434+0800][1.540s][debug][gc,ref            ] GC(5) Preclean PhantomReferences 0.094ms
[2024-12-07T17:08:10.435+0800][1.540s][info ][gc,marking        ] GC(5) Concurrent Preclean 0.814ms
[2024-12-07T17:08:10.435+0800][1.541s][info ][gc,marking        ] GC(5) Concurrent Mark (1.536s, 1.541s) 4.136ms
[2024-12-07T17:08:10.435+0800][1.541s][info ][gc,start          ] GC(5) Pause Remark
[2024-12-07T17:08:10.435+0800][1.541s][debug][gc,phases,start   ] GC(5) Finalize Marking
[2024-12-07T17:08:10.435+0800][1.541s][debug][gc,stats          ] ---------------------------------------------------------------------
[2024-12-07T17:08:10.435+0800][1.541s][debug][gc,stats          ] Marking Stats, task = 0, calls = 113
[2024-12-07T17:08:10.435+0800][1.541s][debug][gc,stats          ]   Elapsed time = 0.16ms, Termination time = 0.00ms
[2024-12-07T17:08:10.435+0800][1.541s][debug][gc,stats          ]   Step Times (cum): num = 305, avg = 0.00ms, sd = 0.02ms max = 0.42ms, total = 0.42ms
[2024-12-07T17:08:10.436+0800][1.541s][debug][gc,stats          ]   Mark Stats Cache: hits 3170 misses 131 ratio 96.032
[2024-12-07T17:08:10.436+0800][1.542s][debug][gc,stats          ] ---------------------------------------------------------------------
[2024-12-07T17:08:10.436+0800][1.542s][debug][gc,stats          ] Marking Stats, task = 1, calls = 39
[2024-12-07T17:08:10.436+0800][1.542s][debug][gc,stats          ]   Elapsed time = 0.15ms, Termination time = 0.00ms
[2024-12-07T17:08:10.436+0800][1.542s][debug][gc,stats          ]   Step Times (cum): num = 72, avg = 0.01ms, sd = 0.05ms max = 0.41ms, total = 0.41ms
[2024-12-07T17:08:10.436+0800][1.542s][debug][gc,stats          ]   Mark Stats Cache: hits 633 misses 2 ratio 99.685
[2024-12-07T17:08:10.436+0800][1.542s][debug][gc,stats          ] ---------------------------------------------------------------------
[2024-12-07T17:08:10.436+0800][1.542s][debug][gc,stats          ] Marking Stats, task = 2, calls = 32
[2024-12-07T17:08:10.436+0800][1.542s][debug][gc,stats          ]   Elapsed time = 0.15ms, Termination time = 0.00ms
[2024-12-07T17:08:10.436+0800][1.542s][debug][gc,stats          ]   Step Times (cum): num = 119, avg = 0.00ms, sd = 0.04ms max = 0.41ms, total = 0.41ms
[2024-12-07T17:08:10.436+0800][1.542s][debug][gc,stats          ]   Mark Stats Cache: hits 1822 misses 2 ratio 99.890
[2024-12-07T17:08:10.437+0800][1.542s][debug][gc,stats          ] ---------------------------------------------------------------------
[2024-12-07T17:08:10.437+0800][1.542s][debug][gc,stats          ] Marking Stats, task = 3, calls = 42
[2024-12-07T17:08:10.437+0800][1.543s][debug][gc,stats          ]   Elapsed time = 0.08ms, Termination time = 0.00ms
[2024-12-07T17:08:10.437+0800][1.543s][debug][gc,stats          ]   Step Times (cum): num = 126, avg = 0.00ms, sd = 0.04ms max = 0.41ms, total = 0.41ms
[2024-12-07T17:08:10.437+0800][1.543s][debug][gc,stats          ]   Mark Stats Cache: hits 588 misses 1 ratio 99.830
[2024-12-07T17:08:10.437+0800][1.543s][debug][gc,stats          ] ---------------------------------------------------------------------
[2024-12-07T17:08:10.437+0800][1.543s][debug][gc,stats          ] Marking Stats, task = 4, calls = 2
[2024-12-07T17:08:10.437+0800][1.543s][debug][gc,stats          ]   Elapsed time = 0.07ms, Termination time = 0.00ms
[2024-12-07T17:08:10.437+0800][1.543s][debug][gc,stats          ]   Step Times (cum): num = 66, avg = 0.01ms, sd = 0.05ms max = 0.41ms, total = 0.41ms
[2024-12-07T17:08:10.437+0800][1.543s][debug][gc,stats          ]   Mark Stats Cache: hits 4272 misses 2 ratio 99.953
[2024-12-07T17:08:10.437+0800][1.543s][debug][gc,stats          ] ---------------------------------------------------------------------
[2024-12-07T17:08:10.437+0800][1.543s][debug][gc,stats          ] Marking Stats, task = 5, calls = 1
[2024-12-07T17:08:10.438+0800][1.543s][debug][gc,stats          ]   Elapsed time = 0.07ms, Termination time = 0.00ms
[2024-12-07T17:08:10.438+0800][1.544s][debug][gc,stats          ]   Step Times (cum): num = 3, avg = 0.14ms, sd = 0.19ms max = 0.41ms, total = 0.41ms
[2024-12-07T17:08:10.438+0800][1.544s][debug][gc,stats          ]   Mark Stats Cache: hits 0 misses 0 ratio 0.000
[2024-12-07T17:08:10.438+0800][1.544s][debug][gc,stats          ] ---------------------------------------------------------------------
[2024-12-07T17:08:10.438+0800][1.544s][debug][gc,stats          ] Marking Stats, task = 6, calls = 1
[2024-12-07T17:08:10.438+0800][1.544s][debug][gc,stats          ]   Elapsed time = 0.07ms, Termination time = 0.00ms
[2024-12-07T17:08:10.438+0800][1.544s][debug][gc,stats          ]   Step Times (cum): num = 3, avg = 0.14ms, sd = 0.19ms max = 0.41ms, total = 0.41ms
[2024-12-07T17:08:10.438+0800][1.544s][debug][gc,stats          ]   Mark Stats Cache: hits 0 misses 0 ratio 0.000
[2024-12-07T17:08:10.438+0800][1.544s][debug][gc,stats          ] ---------------------------------------------------------------------
[2024-12-07T17:08:10.438+0800][1.544s][debug][gc,stats          ] Marking Stats, task = 7, calls = 1
[2024-12-07T17:08:10.438+0800][1.544s][debug][gc,stats          ]   Elapsed time = 0.04ms, Termination time = 0.00ms
[2024-12-07T17:08:10.439+0800][1.544s][debug][gc,stats          ]   Step Times (cum): num = 3, avg = 0.14ms, sd = 0.20ms max = 0.41ms, total = 0.41ms
[2024-12-07T17:08:10.439+0800][1.545s][debug][gc,stats          ]   Mark Stats Cache: hits 0 misses 0 ratio 0.000
[2024-12-07T17:08:10.439+0800][1.545s][debug][gc,stats          ] ---------------------------------------------------------------------
[2024-12-07T17:08:10.439+0800][1.545s][debug][gc,stats          ] Marking Stats, task = 8, calls = 1
[2024-12-07T17:08:10.439+0800][1.545s][debug][gc,stats          ]   Elapsed time = 0.04ms, Termination time = 0.00ms
[2024-12-07T17:08:10.439+0800][1.545s][debug][gc,stats          ]   Step Times (cum): num = 3, avg = 0.19ms, sd = 0.27ms max = 0.58ms, total = 0.58ms
[2024-12-07T17:08:10.439+0800][1.545s][debug][gc,stats          ]   Mark Stats Cache: hits 0 misses 0 ratio 0.000
[2024-12-07T17:08:10.439+0800][1.545s][debug][gc,stats          ] ---------------------------------------------------------------------
[2024-12-07T17:08:10.439+0800][1.545s][debug][gc,stats          ] Marking Stats, task = 9, calls = 1
[2024-12-07T17:08:10.439+0800][1.545s][debug][gc,stats          ]   Elapsed time = 0.06ms, Termination time = 0.00ms
[2024-12-07T17:08:10.439+0800][1.545s][debug][gc,stats          ]   Step Times (cum): num = 3, avg = 0.13ms, sd = 0.18ms max = 0.39ms, total = 0.39ms
[2024-12-07T17:08:10.440+0800][1.545s][debug][gc,stats          ]   Mark Stats Cache: hits 0 misses 0 ratio 0.000
[2024-12-07T17:08:10.440+0800][1.546s][debug][gc,stats          ] ---------------------------------------------------------------------
[2024-12-07T17:08:10.440+0800][1.546s][debug][gc,stats          ] Marking Stats, task = 10, calls = 1
[2024-12-07T17:08:10.440+0800][1.546s][debug][gc,stats          ]   Elapsed time = 0.01ms, Termination time = 0.00ms
[2024-12-07T17:08:10.440+0800][1.546s][debug][gc,stats          ]   Step Times (cum): num = 3, avg = 0.00ms, sd = 0.00ms max = 0.00ms, total = 0.00ms
[2024-12-07T17:08:10.440+0800][1.546s][debug][gc,stats          ]   Mark Stats Cache: hits 0 misses 0 ratio 0.000
[2024-12-07T17:08:10.440+0800][1.546s][debug][gc,stats          ] ---------------------------------------------------------------------
[2024-12-07T17:08:10.440+0800][1.546s][debug][gc,stats          ] Marking Stats, task = 11, calls = 1
[2024-12-07T17:08:10.440+0800][1.546s][debug][gc,stats          ]   Elapsed time = 0.00ms, Termination time = 0.00ms
[2024-12-07T17:08:10.440+0800][1.546s][debug][gc,stats          ]   Step Times (cum): num = 3, avg = 0.00ms, sd = 0.00ms max = 0.00ms, total = 0.00ms
[2024-12-07T17:08:10.441+0800][1.546s][debug][gc,stats          ]   Mark Stats Cache: hits 0 misses 0 ratio 0.000
[2024-12-07T17:08:10.441+0800][1.547s][debug][gc,stats          ] ---------------------------------------------------------------------
[2024-12-07T17:08:10.441+0800][1.547s][debug][gc,phases         ] GC(5) Finalize Marking 5.844ms
[2024-12-07T17:08:10.441+0800][1.547s][debug][gc,phases,start   ] GC(5) Reference Processing
[2024-12-07T17:08:10.441+0800][1.547s][debug][gc,ref            ] GC(5) Skipped phase1 of Reference Processing due to unavailable references
[2024-12-07T17:08:10.441+0800][1.547s][debug][gc,ref            ] GC(5) Skipped phase2 of Reference Processing due to unavailable references
[2024-12-07T17:08:10.441+0800][1.547s][debug][gc,ref            ] GC(5) Skipped phase3 of Reference Processing due to unavailable references
[2024-12-07T17:08:10.441+0800][1.547s][debug][gc,ref            ] GC(5) Skipped phase4 of Reference Processing due to unavailable references
[2024-12-07T17:08:10.441+0800][1.547s][debug][gc,phases,ref     ] GC(5) Reference Processing: 0.4ms
[2024-12-07T17:08:10.441+0800][1.547s][debug][gc,phases,ref     ] GC(5)   Reconsider SoftReferences: 0.1ms
[2024-12-07T17:08:10.442+0800][1.547s][debug][gc,phases,ref     ] GC(5)     SoftRef (ms):             skipped
[2024-12-07T17:08:10.442+0800][1.548s][debug][gc,phases,ref     ] GC(5)   Notify Soft/WeakReferences: 0.1ms
[2024-12-07T17:08:10.442+0800][1.548s][debug][gc,phases,ref     ] GC(5)     SoftRef (ms):             skipped
[2024-12-07T17:08:10.442+0800][1.548s][debug][gc,phases,ref     ] GC(5)     WeakRef (ms):             skipped
[2024-12-07T17:08:10.442+0800][1.548s][debug][gc,phases,ref     ] GC(5)     FinalRef (ms):            skipped
[2024-12-07T17:08:10.442+0800][1.548s][debug][gc,phases,ref     ] GC(5)     Total (ms):               skipped
[2024-12-07T17:08:10.442+0800][1.548s][debug][gc,phases,ref     ] GC(5)   Notify and keep alive finalizable: 0.1ms
[2024-12-07T17:08:10.442+0800][1.548s][debug][gc,phases,ref     ] GC(5)     FinalRef (ms):            skipped
[2024-12-07T17:08:10.442+0800][1.548s][debug][gc,phases,ref     ] GC(5)   Notify PhantomReferences: 0.1ms
[2024-12-07T17:08:10.442+0800][1.548s][debug][gc,phases,ref     ] GC(5)     PhantomRef (ms):          skipped
[2024-12-07T17:08:10.442+0800][1.548s][debug][gc,phases,ref     ] GC(5)   SoftReference:
[2024-12-07T17:08:10.443+0800][1.548s][debug][gc,phases,ref     ] GC(5)     Discovered: 0
[2024-12-07T17:08:10.443+0800][1.549s][debug][gc,phases,ref     ] GC(5)     Cleared: 0
[2024-12-07T17:08:10.443+0800][1.549s][debug][gc,phases,ref     ] GC(5)   WeakReference:
[2024-12-07T17:08:10.443+0800][1.549s][debug][gc,phases,ref     ] GC(5)     Discovered: 0
[2024-12-07T17:08:10.443+0800][1.549s][debug][gc,phases,ref     ] GC(5)     Cleared: 0
[2024-12-07T17:08:10.443+0800][1.549s][debug][gc,phases,ref     ] GC(5)   FinalReference:
[2024-12-07T17:08:10.443+0800][1.549s][debug][gc,phases,ref     ] GC(5)     Discovered: 0
[2024-12-07T17:08:10.443+0800][1.549s][debug][gc,phases,ref     ] GC(5)     Cleared: 0
[2024-12-07T17:08:10.443+0800][1.549s][debug][gc,phases,ref     ] GC(5)   PhantomReference:
[2024-12-07T17:08:10.443+0800][1.549s][debug][gc,phases,ref     ] GC(5)     Discovered: 0
[2024-12-07T17:08:10.443+0800][1.549s][debug][gc,phases,ref     ] GC(5)     Cleared: 0
[2024-12-07T17:08:10.444+0800][1.549s][debug][gc,phases         ] GC(5) Reference Processing 2.668ms
[2024-12-07T17:08:10.444+0800][1.550s][debug][gc,phases,start   ] GC(5) Weak Processing
[2024-12-07T17:08:10.444+0800][1.550s][debug][gc,phases         ] GC(5) Weak Processing 0.090ms
[2024-12-07T17:08:10.444+0800][1.550s][debug][gc,phases,start   ] GC(5) Class Unloading
[2024-12-07T17:08:10.444+0800][1.550s][debug][gc,phases,start   ] GC(5) ClassLoaderData
[2024-12-07T17:08:10.444+0800][1.550s][debug][gc,phases         ] GC(5) ClassLoaderData 0.092ms
[2024-12-07T17:08:10.444+0800][1.550s][debug][gc,phases,start   ] GC(5) ProtectionDomainCacheTable
[2024-12-07T17:08:10.444+0800][1.550s][debug][gc,phases         ] GC(5) ProtectionDomainCacheTable 0.091ms
[2024-12-07T17:08:10.444+0800][1.550s][info ][gc,stringtable    ] GC(5) Cleaned string and symbol table, strings: 39 processed, 0 removed, symbols: 191 processed, 0 removed
[2024-12-07T17:08:10.445+0800][1.551s][debug][gc,phases         ] GC(5) Class Unloading 0.811ms
[2024-12-07T17:08:10.445+0800][1.551s][debug][gc,phases,start   ] GC(5) Flush Task Caches
[2024-12-07T17:08:10.445+0800][1.551s][debug][gc,stats          ] Mark stats cache hits 10485 misses 138 ratio 98.701
[2024-12-07T17:08:10.445+0800][1.551s][debug][gc,phases         ] GC(5) Flush Task Caches 0.244ms
[2024-12-07T17:08:10.445+0800][1.551s][debug][gc,phases,start   ] GC(5) Update Remembered Set Tracking Before Rebuild
[2024-12-07T17:08:10.445+0800][1.551s][debug][gc,ergo           ] GC(5) Running G1 Update RemSet Tracking Before Rebuild using 2 workers for 504 regions in heap
[2024-12-07T17:08:10.445+0800][1.551s][debug][gc,remset,tracking] GC(5) Remembered Set Tracking update regions total 504, selected 0
[2024-12-07T17:08:10.445+0800][1.551s][debug][gc,phases         ] GC(5) Update Remembered Set Tracking Before Rebuild 0.331ms
[2024-12-07T17:08:10.446+0800][1.552s][debug][gc,phases,start   ] GC(5) Reclaim Empty Regions
[2024-12-07T17:08:10.446+0800][1.552s][debug][gc,phases         ] GC(5) Reclaim Empty Regions 0.247ms
[2024-12-07T17:08:10.446+0800][1.552s][debug][gc,phases,start   ] GC(5) Purge Metaspace
[2024-12-07T17:08:10.446+0800][1.552s][debug][gc,phases         ] GC(5) Purge Metaspace 0.175ms
[2024-12-07T17:08:10.446+0800][1.552s][debug][gc,phases,start   ] GC(5) Report Object Count
[2024-12-07T17:08:10.447+0800][1.552s][debug][gc,phases         ] GC(5) Report Object Count 0.155ms
[2024-12-07T17:08:10.447+0800][1.553s][info ][gc                ] GC(5) Pause Remark 281M->281M(504M) 11.871ms
[2024-12-07T17:08:10.447+0800][1.553s][info ][gc,cpu            ] GC(5) User=0.00s Sys=0.00s Real=0.01s
[2024-12-07T17:08:10.447+0800][1.553s][info ][gc,marking        ] GC(5) Concurrent Rebuild Remembered Sets
[2024-12-07T17:08:10.447+0800][1.553s][info ][gc,marking        ] GC(5) Concurrent Rebuild Remembered Sets 0.305ms
[2024-12-07T17:08:10.447+0800][1.553s][info ][gc,start          ] GC(5) Pause Cleanup
[2024-12-07T17:08:10.448+0800][1.553s][debug][gc,phases,start   ] GC(5) Update Remembered Set Tracking After Rebuild
[2024-12-07T17:08:10.448+0800][1.554s][debug][gc,phases         ] GC(5) Update Remembered Set Tracking After Rebuild 0.102ms
[2024-12-07T17:08:10.448+0800][1.554s][debug][gc,phases,start   ] GC(5) Finalize Concurrent Mark Cleanup
[2024-12-07T17:08:10.448+0800][1.554s][debug][gc,ergo           ] GC(5) request young-only gcs (candidate old regions not available)
[2024-12-07T17:08:10.448+0800][1.554s][debug][gc,phases         ] GC(5) Finalize Concurrent Mark Cleanup 0.273ms
[2024-12-07T17:08:10.448+0800][1.554s][info ][gc                ] GC(5) Pause Cleanup 281M->281M(504M) 0.654ms
[2024-12-07T17:08:10.448+0800][1.554s][info ][gc,cpu            ] GC(5) User=0.00s Sys=0.00s Real=0.00s
[2024-12-07T17:08:10.448+0800][1.554s][info ][gc,marking        ] GC(5) Concurrent Cleanup for Next Mark
[2024-12-07T17:08:10.448+0800][1.554s][debug][gc,ergo           ] GC(5) Running G1 Clear Bitmap with 5 workers for 8 work units.
[2024-12-07T17:08:10.449+0800][1.555s][info ][gc,marking        ] GC(5) Concurrent Cleanup for Next Mark 0.319ms
[2024-12-07T17:08:10.449+0800][1.555s][info ][gc                ] GC(5) Concurrent Cycle 19.254ms
[2024-12-07T17:08:10.538+0800][1.644s][debug][gc,ergo,ihop      ] Request concurrent cycle initiation (occupancy higher than threshold) occupancy: 295698432B allocation request: 1048592B threshold: 236873318B (44.82) source: concurrent humongous allocation
[2024-12-07T17:08:10.538+0800][1.644s][debug][gc,ergo           ] Request concurrent cycle initiation (requested by GC cause). GC cause: G1 Humongous Allocation
[2024-12-07T17:08:10.538+0800][1.644s][debug][gc,heap           ] GC(6) Heap before GC invocations=6 (full 0): garbage-first heap   total 516096K, used 287891K [0x00000000e0000000, 0x0000000100000000)
[2024-12-07T17:08:10.539+0800][1.644s][debug][gc,heap           ] GC(6)   region size 1024K, 2 young (2048K), 1 survivors (1024K)
[2024-12-07T17:08:10.539+0800][1.645s][debug][gc,heap           ] GC(6)  Metaspace       used 558K, capacity 4570K, committed 4864K, reserved 1056768K
[2024-12-07T17:08:10.539+0800][1.645s][debug][gc,heap           ] GC(6)   class space    used 46K, capacity 419K, committed 512K, reserved 1048576K
[2024-12-07T17:08:10.539+0800][1.645s][debug][gc,ergo           ] GC(6) Initiate concurrent cycle (concurrent cycle initiation requested)
[2024-12-07T17:08:10.539+0800][1.645s][info ][gc,start          ] GC(6) Pause Young (Concurrent Start) (G1 Humongous Allocation)
[2024-12-07T17:08:10.539+0800][1.645s][info ][gc,task           ] GC(6) Using 12 workers of 18 for evacuation
[2024-12-07T17:08:10.539+0800][1.645s][debug][gc,tlab           ] GC(6) TLAB totals: thrds: 1  refills: 1 max: 1 slow allocs: 1 max 1 waste: 100.0% gc: 524128B max: 524128B slow: 0B max: 0B fast: 0B max: 0B
[2024-12-07T17:08:10.540+0800][1.645s][debug][gc,alloc,region   ] GC(6) Mutator Allocation stats, regions: 1, wasted size: 0B ( 0.0%)
[2024-12-07T17:08:10.540+0800][1.646s][debug][gc,age            ] GC(6) Desired survivor size 6815744 bytes, new threshold 15 (max threshold 15)
[2024-12-07T17:08:10.540+0800][1.646s][debug][gc,ergo,cset      ] GC(6) Finish choosing CSet. old: 0 regions, predicted old region time: 0.00ms, time remaining: 178.98
[2024-12-07T17:08:10.540+0800][1.646s][debug][gc,task,stats     ] GC(6) GC Termination Stats
[2024-12-07T17:08:10.540+0800][1.646s][debug][gc,task,stats     ] GC(6)      elapsed  --strong roots-- -------termination------- ------waste (KiB)------
[2024-12-07T17:08:10.540+0800][1.646s][debug][gc,task,stats     ] GC(6) thr     ms        ms      %        ms      %    attempts  total   alloc    undo
[2024-12-07T17:08:10.540+0800][1.646s][debug][gc,task,stats     ] GC(6) --- --------- --------- ------ --------- ------ -------- ------- ------- -------
[2024-12-07T17:08:10.545+0800][1.651s][debug][gc,task,stats     ] GC(6)  11      4.08      4.07  99.83      0.00   0.02        1       0       0       0
[2024-12-07T17:08:10.546+0800][1.651s][debug][gc,task,stats     ] GC(6)   1      5.06      0.97  19.09      3.62  71.47        1       0       0       0
[2024-12-07T17:08:10.547+0800][1.653s][debug][gc,task,stats     ] GC(6)   4      6.37      1.24  19.48      3.28  51.47        1       0       0       0
[2024-12-07T17:08:10.547+0800][1.653s][debug][gc,task,stats     ] GC(6)   5      6.89      0.75  10.83      3.66  53.19       12       0       0       0
[2024-12-07T17:08:10.548+0800][1.654s][debug][gc,task,stats     ] GC(6)   7      7.17      1.32  18.40      3.13  43.64        1       0       0       0
[2024-12-07T17:08:10.548+0800][1.654s][debug][gc,task,stats     ] GC(6)   2      7.59      0.93  12.28      3.56  46.89        2       0       0       0
[2024-12-07T17:08:10.548+0800][1.654s][debug][gc,task,stats     ] GC(6)   3      7.68      0.72   9.41      3.61  47.03       15       0       0       0
[2024-12-07T17:08:10.548+0800][1.654s][debug][gc,task,stats     ] GC(6)   9      7.75      1.87  24.07      2.49  32.08        1       0       0       0
[2024-12-07T17:08:10.548+0800][1.654s][debug][gc,task,stats     ] GC(6)   6      7.87      1.50  19.02      2.86  36.36        1       0       0       0
[2024-12-07T17:08:10.549+0800][1.654s][debug][gc,task,stats     ] GC(6)   8      7.93      1.38  17.42      2.90  36.59        1       0       0       0
[2024-12-07T17:08:10.549+0800][1.655s][debug][gc,task,stats     ] GC(6)  10      7.99      2.61  32.60      1.49  18.58        1       0       0       0
[2024-12-07T17:08:10.549+0800][1.655s][debug][gc,task,stats     ] GC(6)   0      8.19      1.21  14.80      2.99  36.51        1       1       1       0
[2024-12-07T17:08:10.549+0800][1.655s][debug][gc,ergo           ] GC(6) Running G1 Clear Card Table Task using 1 workers for 1 units of work for 3 regions.
[2024-12-07T17:08:10.549+0800][1.655s][debug][gc,ref            ] GC(6) Skipped phase1 of Reference Processing due to unavailable references
[2024-12-07T17:08:10.549+0800][1.655s][debug][gc,ref            ] GC(6) Skipped phase3 of Reference Processing due to unavailable references
[2024-12-07T17:08:10.549+0800][1.655s][debug][gc,ergo           ] GC(6) Running G1 Free Collection Set using 1 workers for collection set length 2
[2024-12-07T17:08:10.549+0800][1.655s][debug][gc,humongous      ] GC(6) Live humongous region 0 object size 1048592 start 0x00000000e0000000  with remset 0 code roots 0 is marked 0 reclaim candidate 0 type array 1
[2024-12-07T17:08:10.549+0800][1.655s][debug][gc,humongous      ] GC(6) Live humongous region 2 object size 1048592 start 0x00000000e0200000  with remset 0 code roots 0 is marked 0 reclaim candidate 0 type array 1
[2024-12-07T17:08:10.549+0800][1.655s][debug][gc,humongous      ] GC(6) Live humongous region 4 object size 1048592 start 0x00000000e0400000  with remset 0 code roots 0 is marked 0 reclaim candidate 0 type array 1
[2024-12-07T17:08:10.549+0800][1.655s][debug][gc,humongous      ] GC(6) Live humongous region 6 object size 1048592 start 0x00000000e0600000  with remset 0 code roots 0 is marked 0 reclaim candidate 0 type array 1
[2024-12-07T17:08:10.550+0800][1.655s][debug][gc,humongous      ] GC(6) Live humongous region 8 object size 1048592 start 0x00000000e0800000  with remset 0 code roots 0 is marked 0 reclaim candidate 0 type array 1
[2024-12-07T17:08:10.550+0800][1.656s][debug][gc,humongous      ] GC(6) Live humongous region 10 object size 1048592 start 0x00000000e0a00000  with remset 0 code roots 0 is marked 0 reclaim candidate 0 type array 1
[2024-12-07T17:08:10.550+0800][1.656s][debug][gc,humongous      ] GC(6) Live humongous region 12 object size 1048592 start 0x00000000e0c00000  with remset 0 code roots 0 is marked 0 reclaim candidate 0 type array 1
[2024-12-07T17:08:10.550+0800][1.656s][debug][gc,humongous      ] GC(6) Live humongous region 14 object size 1048592 start 0x00000000e0e00000  with remset 0 code roots 0 is marked 0 reclaim candidate 0 type array 1
[2024-12-07T17:08:10.550+0800][1.656s][debug][gc,humongous      ] GC(6) Live humongous region 16 object size 1048592 start 0x00000000e1000000  with remset 0 code roots 0 is marked 0 reclaim candidate 0 type array 1
[2024-12-07T17:08:10.550+0800][1.656s][debug][gc,humongous      ] GC(6) Live humongous region 18 object size 1048592 start 0x00000000e1200000  with remset 0 code roots 0 is marked 0 reclaim candidate 0 type array 1
[2024-12-07T17:08:10.550+0800][1.656s][debug][gc,humongous      ] GC(6) Live humongous region 20 object size 1048592 start 0x00000000e1400000  with remset 0 code roots 0 is marked 0 reclaim candidate 0 type array 1
[2024-12-07T17:08:10.550+0800][1.656s][debug][gc,humongous      ] GC(6) Live humongous region 22 object size 1048592 start 0x00000000e1600000  with remset 0 code roots 0 is marked 0 reclaim candidate 0 type array 1
[2024-12-07T17:08:10.550+0800][1.656s][debug][gc,humongous      ] GC(6) Live humongous region 24 object size 1048592 start 0x00000000e1800000  with remset 0 code roots 0 is marked 0 reclaim candidate 0 type array 1
[2024-12-07T17:08:10.550+0800][1.656s][debug][gc,humongous      ] GC(6) Live humongous region 26 object size 1048592 start 0x00000000e1a00000  with remset 0 code roots 0 is marked 0 reclaim candidate 0 type array 1
[2024-12-07T17:08:10.550+0800][1.656s][debug][gc,humongous      ] GC(6) Live humongous region 28 object size 1048592 start 0x00000000e1c00000  with remset 0 code roots 0 is marked 0 reclaim candidate 0 type array 1
[2024-12-07T17:08:10.550+0800][1.656s][debug][gc,humongous      ] GC(6) Live humongous region 30 object size 1048592 start 0x00000000e1e00000  with remset 0 code roots 0 is marked 0 reclaim candidate 0 type array 1
[2024-12-07T17:08:10.550+0800][1.656s][debug][gc,humongous      ] GC(6) Live humongous region 32 object size 1048592 start 0x00000000e2000000  with remset 0 code roots 0 is marked 0 reclaim candidate 0 type array 1
[2024-12-07T17:08:10.550+0800][1.656s][debug][gc,humongous      ] GC(6) Live humongous region 34 object size 1048592 start 0x00000000e2200000  with remset 0 code roots 0 is marked 0 reclaim candidate 0 type array 1
[2024-12-07T17:08:10.550+0800][1.656s][debug][gc,humongous      ] GC(6) Live humongous region 36 object size 1048592 start 0x00000000e2400000  with remset 0 code roots 0 is marked 0 reclaim candidate 0 type array 1
[2024-12-07T17:08:10.551+0800][1.656s][debug][gc,humongous      ] GC(6) Live humongous region 38 object size 1048592 start 0x00000000e2600000  with remset 0 code roots 0 is marked 0 reclaim candidate 0 type array 1
[2024-12-07T17:08:10.551+0800][1.657s][debug][gc,humongous      ] GC(6) Live humongous region 40 object size 1048592 start 0x00000000e2800000  with remset 0 code roots 0 is marked 0 reclaim candidate 0 type array 1
[2024-12-07T17:08:10.551+0800][1.657s][debug][gc,humongous      ] GC(6) Live humongous region 42 object size 1048592 start 0x00000000e2a00000  with remset 0 code roots 0 is marked 0 reclaim candidate 0 type array 1
[2024-12-07T17:08:10.551+0800][1.657s][debug][gc,humongous      ] GC(6) Live humongous region 44 object size 1048592 start 0x00000000e2c00000  with remset 0 code roots 0 is marked 0 reclaim candidate 0 type array 1
[2024-12-07T17:08:10.551+0800][1.657s][debug][gc,humongous      ] GC(6) Live humongous region 46 object size 1048592 start 0x00000000e2e00000  with remset 0 code roots 0 is marked 0 reclaim candidate 0 type array 1
[2024-12-07T17:08:10.551+0800][1.657s][debug][gc,humongous      ] GC(6) Live humongous region 48 object size 1048592 start 0x00000000e3000000  with remset 0 code roots 0 is marked 0 reclaim candidate 0 type array 1
[2024-12-07T17:08:10.551+0800][1.657s][debug][gc,humongous      ] GC(6) Live humongous region 50 object size 1048592 start 0x00000000e3200000  with remset 0 code roots 0 is marked 0 reclaim candidate 0 type array 1
[2024-12-07T17:08:10.551+0800][1.657s][debug][gc,humongous      ] GC(6) Live humongous region 52 object size 1048592 start 0x00000000e3400000  with remset 0 code roots 0 is marked 0 reclaim candidate 0 type array 1
[2024-12-07T17:08:10.551+0800][1.657s][debug][gc,humongous      ] GC(6) Live humongous region 54 object size 1048592 start 0x00000000e3600000  with remset 0 code roots 0 is marked 0 reclaim candidate 0 type array 1
[2024-12-07T17:08:10.551+0800][1.657s][debug][gc,humongous      ] GC(6) Live humongous region 56 object size 1048592 start 0x00000000e3800000  with remset 0 code roots 0 is marked 0 reclaim candidate 0 type array 1
[2024-12-07T17:08:10.552+0800][1.657s][debug][gc,humongous      ] GC(6) Live humongous region 58 object size 1048592 start 0x00000000e3a00000  with remset 0 code roots 0 is marked 0 reclaim candidate 0 type array 1
[2024-12-07T17:08:10.552+0800][1.658s][debug][gc,humongous      ] GC(6) Live humongous region 60 object size 1048592 start 0x00000000e3c00000  with remset 0 code roots 0 is marked 0 reclaim candidate 0 type array 1
[2024-12-07T17:08:10.552+0800][1.658s][debug][gc,humongous      ] GC(6) Live humongous region 62 object size 1048592 start 0x00000000e3e00000  with remset 0 code roots 0 is marked 0 reclaim candidate 0 type array 1
[2024-12-07T17:08:10.552+0800][1.658s][debug][gc,humongous      ] GC(6) Live humongous region 64 object size 1048592 start 0x00000000e4000000  with remset 0 code roots 0 is marked 0 reclaim candidate 0 type array 1
[2024-12-07T17:08:10.552+0800][1.658s][debug][gc,humongous      ] GC(6) Live humongous region 66 object size 1048592 start 0x00000000e4200000  with remset 0 code roots 0 is marked 0 reclaim candidate 0 type array 1
[2024-12-07T17:08:10.552+0800][1.658s][debug][gc,humongous      ] GC(6) Live humongous region 68 object size 1048592 start 0x00000000e4400000  with remset 0 code roots 0 is marked 0 reclaim candidate 0 type array 1
[2024-12-07T17:08:10.552+0800][1.658s][debug][gc,humongous      ] GC(6) Live humongous region 70 object size 1048592 start 0x00000000e4600000  with remset 0 code roots 0 is marked 0 reclaim candidate 0 type array 1
[2024-12-07T17:08:10.553+0800][1.658s][debug][gc,humongous      ] GC(6) Live humongous region 72 object size 1048592 start 0x00000000e4800000  with remset 0 code roots 0 is marked 0 reclaim candidate 0 type array 1
[2024-12-07T17:08:10.553+0800][1.659s][debug][gc,humongous      ] GC(6) Live humongous region 74 object size 1048592 start 0x00000000e4a00000  with remset 0 code roots 0 is marked 0 reclaim candidate 0 type array 1
[2024-12-07T17:08:10.553+0800][1.659s][debug][gc,humongous      ] GC(6) Live humongous region 76 object size 1048592 start 0x00000000e4c00000  with remset 0 code roots 0 is marked 0 reclaim candidate 0 type array 1
[2024-12-07T17:08:10.553+0800][1.659s][debug][gc,humongous      ] GC(6) Live humongous region 78 object size 1048592 start 0x00000000e4e00000  with remset 0 code roots 0 is marked 0 reclaim candidate 0 type array 1
[2024-12-07T17:08:10.553+0800][1.659s][debug][gc,humongous      ] GC(6) Live humongous region 80 object size 1048592 start 0x00000000e5000000  with remset 0 code roots 0 is marked 0 reclaim candidate 0 type array 1
[2024-12-07T17:08:10.553+0800][1.659s][debug][gc,humongous      ] GC(6) Live humongous region 82 object size 1048592 start 0x00000000e5200000  with remset 0 code roots 0 is marked 0 reclaim candidate 0 type array 1
[2024-12-07T17:08:10.553+0800][1.659s][debug][gc,humongous      ] GC(6) Live humongous region 84 object size 1048592 start 0x00000000e5400000  with remset 0 code roots 0 is marked 0 reclaim candidate 0 type array 1
[2024-12-07T17:08:10.553+0800][1.659s][debug][gc,humongous      ] GC(6) Live humongous region 86 object size 1048592 start 0x00000000e5600000  with remset 0 code roots 0 is marked 0 reclaim candidate 0 type array 1
[2024-12-07T17:08:10.554+0800][1.659s][debug][gc,humongous      ] GC(6) Live humongous region 88 object size 1048592 start 0x00000000e5800000  with remset 0 code roots 0 is marked 0 reclaim candidate 0 type array 1
[2024-12-07T17:08:10.554+0800][1.659s][debug][gc,humongous      ] GC(6) Live humongous region 90 object size 1048592 start 0x00000000e5a00000  with remset 0 code roots 0 is marked 0 reclaim candidate 0 type array 1
[2024-12-07T17:08:10.554+0800][1.660s][debug][gc,humongous      ] GC(6) Live humongous region 92 object size 1048592 start 0x00000000e5c00000  with remset 0 code roots 0 is marked 0 reclaim candidate 0 type array 1
[2024-12-07T17:08:10.554+0800][1.660s][debug][gc,humongous      ] GC(6) Live humongous region 94 object size 1048592 start 0x00000000e5e00000  with remset 0 code roots 0 is marked 0 reclaim candidate 0 type array 1
[2024-12-07T17:08:10.554+0800][1.660s][debug][gc,humongous      ] GC(6) Live humongous region 96 object size 1048592 start 0x00000000e6000000  with remset 0 code roots 0 is marked 0 reclaim candidate 0 type array 1
[2024-12-07T17:08:10.554+0800][1.660s][debug][gc,humongous      ] GC(6) Live humongous region 98 object size 1048592 start 0x00000000e6200000  with remset 0 code roots 0 is marked 0 reclaim candidate 0 type array 1
[2024-12-07T17:08:10.554+0800][1.660s][debug][gc,humongous      ] GC(6) Live humongous region 100 object size 1048592 start 0x00000000e6400000  with remset 0 code roots 0 is marked 0 reclaim candidate 0 type array 1
[2024-12-07T17:08:10.554+0800][1.660s][debug][gc,humongous      ] GC(6) Live humongous region 102 object size 1048592 start 0x00000000e6600000  with remset 0 code roots 0 is marked 0 reclaim candidate 0 type array 1
[2024-12-07T17:08:10.554+0800][1.660s][debug][gc,humongous      ] GC(6) Live humongous region 104 object size 1048592 start 0x00000000e6800000  with remset 0 code roots 0 is marked 0 reclaim candidate 0 type array 1
[2024-12-07T17:08:10.554+0800][1.660s][debug][gc,humongous      ] GC(6) Live humongous region 106 object size 1048592 start 0x00000000e6a00000  with remset 0 code roots 0 is marked 0 reclaim candidate 0 type array 1
[2024-12-07T17:08:10.554+0800][1.660s][debug][gc,humongous      ] GC(6) Live humongous region 108 object size 1048592 start 0x00000000e6c00000  with remset 0 code roots 0 is marked 0 reclaim candidate 0 type array 1
[2024-12-07T17:08:10.554+0800][1.660s][debug][gc,humongous      ] GC(6) Live humongous region 110 object size 1048592 start 0x00000000e6e00000  with remset 0 code roots 0 is marked 0 reclaim candidate 0 type array 1
[2024-12-07T17:08:10.554+0800][1.660s][debug][gc,humongous      ] GC(6) Live humongous region 112 object size 1048592 start 0x00000000e7000000  with remset 0 code roots 0 is marked 0 reclaim candidate 0 type array 1
[2024-12-07T17:08:10.554+0800][1.660s][debug][gc,humongous      ] GC(6) Live humongous region 114 object size 1048592 start 0x00000000e7200000  with remset 0 code roots 0 is marked 0 reclaim candidate 0 type array 1
[2024-12-07T17:08:10.554+0800][1.660s][debug][gc,humongous      ] GC(6) Live humongous region 116 object size 1048592 start 0x00000000e7400000  with remset 0 code roots 0 is marked 0 reclaim candidate 0 type array 1
[2024-12-07T17:08:10.554+0800][1.660s][debug][gc,humongous      ] GC(6) Live humongous region 118 object size 1048592 start 0x00000000e7600000  with remset 0 code roots 0 is marked 0 reclaim candidate 0 type array 1
[2024-12-07T17:08:10.555+0800][1.660s][debug][gc,humongous      ] GC(6) Live humongous region 120 object size 1048592 start 0x00000000e7800000  with remset 0 code roots 0 is marked 0 reclaim candidate 0 type array 1
[2024-12-07T17:08:10.555+0800][1.660s][debug][gc,humongous      ] GC(6) Live humongous region 122 object size 1048592 start 0x00000000e7a00000  with remset 0 code roots 0 is marked 0 reclaim candidate 0 type array 1
[2024-12-07T17:08:10.555+0800][1.661s][debug][gc,humongous      ] GC(6) Live humongous region 124 object size 1048592 start 0x00000000e7c00000  with remset 0 code roots 0 is marked 0 reclaim candidate 0 type array 1
[2024-12-07T17:08:10.555+0800][1.661s][debug][gc,humongous      ] GC(6) Live humongous region 126 object size 1048592 start 0x00000000e7e00000  with remset 0 code roots 0 is marked 0 reclaim candidate 0 type array 1
[2024-12-07T17:08:10.555+0800][1.661s][debug][gc,humongous      ] GC(6) Live humongous region 128 object size 1048592 start 0x00000000e8000000  with remset 0 code roots 0 is marked 0 reclaim candidate 0 type array 1
[2024-12-07T17:08:10.555+0800][1.661s][debug][gc,humongous      ] GC(6) Live humongous region 130 object size 1048592 start 0x00000000e8200000  with remset 0 code roots 0 is marked 0 reclaim candidate 0 type array 1
[2024-12-07T17:08:10.555+0800][1.661s][debug][gc,humongous      ] GC(6) Live humongous region 132 object size 1048592 start 0x00000000e8400000  with remset 0 code roots 0 is marked 0 reclaim candidate 0 type array 1
[2024-12-07T17:08:10.555+0800][1.661s][debug][gc,humongous      ] GC(6) Live humongous region 134 object size 1048592 start 0x00000000e8600000  with remset 0 code roots 0 is marked 0 reclaim candidate 0 type array 1
[2024-12-07T17:08:10.555+0800][1.661s][debug][gc,humongous      ] GC(6) Live humongous region 136 object size 1048592 start 0x00000000e8800000  with remset 0 code roots 0 is marked 0 reclaim candidate 0 type array 1
[2024-12-07T17:08:10.555+0800][1.661s][debug][gc,humongous      ] GC(6) Live humongous region 138 object size 1048592 start 0x00000000e8a00000  with remset 0 code roots 0 is marked 0 reclaim candidate 0 type array 1
[2024-12-07T17:08:10.555+0800][1.661s][debug][gc,humongous      ] GC(6) Live humongous region 140 object size 1048592 start 0x00000000e8c00000  with remset 0 code roots 0 is marked 0 reclaim candidate 0 type array 1
[2024-12-07T17:08:10.556+0800][1.661s][debug][gc,humongous      ] GC(6) Live humongous region 142 object size 1048592 start 0x00000000e8e00000  with remset 0 code roots 0 is marked 0 reclaim candidate 0 type array 1
[2024-12-07T17:08:10.556+0800][1.662s][debug][gc,humongous      ] GC(6) Live humongous region 144 object size 1048592 start 0x00000000e9000000  with remset 0 code roots 0 is marked 0 reclaim candidate 0 type array 1
[2024-12-07T17:08:10.556+0800][1.662s][debug][gc,humongous      ] GC(6) Live humongous region 146 object size 1048592 start 0x00000000e9200000  with remset 0 code roots 0 is marked 0 reclaim candidate 0 type array 1
[2024-12-07T17:08:10.556+0800][1.662s][debug][gc,humongous      ] GC(6) Live humongous region 148 object size 1048592 start 0x00000000e9400000  with remset 0 code roots 0 is marked 0 reclaim candidate 0 type array 1
[2024-12-07T17:08:10.556+0800][1.662s][debug][gc,humongous      ] GC(6) Live humongous region 150 object size 1048592 start 0x00000000e9600000  with remset 0 code roots 0 is marked 0 reclaim candidate 0 type array 1
[2024-12-07T17:08:10.556+0800][1.662s][debug][gc,humongous      ] GC(6) Live humongous region 152 object size 1048592 start 0x00000000e9800000  with remset 0 code roots 0 is marked 0 reclaim candidate 0 type array 1
[2024-12-07T17:08:10.556+0800][1.662s][debug][gc,humongous      ] GC(6) Live humongous region 154 object size 1048592 start 0x00000000e9a00000  with remset 0 code roots 0 is marked 0 reclaim candidate 0 type array 1
[2024-12-07T17:08:10.556+0800][1.662s][debug][gc,humongous      ] GC(6) Live humongous region 156 object size 1048592 start 0x00000000e9c00000  with remset 0 code roots 0 is marked 0 reclaim candidate 0 type array 1
[2024-12-07T17:08:10.557+0800][1.662s][debug][gc,humongous      ] GC(6) Live humongous region 158 object size 1048592 start 0x00000000e9e00000  with remset 0 code roots 0 is marked 0 reclaim candidate 0 type array 1
[2024-12-07T17:08:10.557+0800][1.663s][debug][gc,humongous      ] GC(6) Live humongous region 160 object size 1048592 start 0x00000000ea000000  with remset 0 code roots 0 is marked 0 reclaim candidate 0 type array 1
[2024-12-07T17:08:10.557+0800][1.663s][debug][gc,humongous      ] GC(6) Live humongous region 162 object size 1048592 start 0x00000000ea200000  with remset 0 code roots 0 is marked 0 reclaim candidate 0 type array 1
[2024-12-07T17:08:10.557+0800][1.663s][debug][gc,humongous      ] GC(6) Live humongous region 164 object size 1048592 start 0x00000000ea400000  with remset 0 code roots 0 is marked 0 reclaim candidate 0 type array 1
[2024-12-07T17:08:10.557+0800][1.663s][debug][gc,humongous      ] GC(6) Live humongous region 166 object size 1048592 start 0x00000000ea600000  with remset 0 code roots 0 is marked 0 reclaim candidate 0 type array 1
[2024-12-07T17:08:10.557+0800][1.663s][debug][gc,humongous      ] GC(6) Live humongous region 168 object size 1048592 start 0x00000000ea800000  with remset 0 code roots 0 is marked 0 reclaim candidate 0 type array 1
[2024-12-07T17:08:10.557+0800][1.663s][debug][gc,humongous      ] GC(6) Live humongous region 170 object size 1048592 start 0x00000000eaa00000  with remset 0 code roots 0 is marked 0 reclaim candidate 0 type array 1
[2024-12-07T17:08:10.557+0800][1.663s][debug][gc,humongous      ] GC(6) Live humongous region 172 object size 1048592 start 0x00000000eac00000  with remset 0 code roots 0 is marked 0 reclaim candidate 0 type array 1
[2024-12-07T17:08:10.557+0800][1.663s][debug][gc,humongous      ] GC(6) Live humongous region 174 object size 1048592 start 0x00000000eae00000  with remset 0 code roots 0 is marked 0 reclaim candidate 0 type array 1
[2024-12-07T17:08:10.557+0800][1.663s][debug][gc,humongous      ] GC(6) Live humongous region 176 object size 1048592 start 0x00000000eb000000  with remset 0 code roots 0 is marked 0 reclaim candidate 0 type array 1
[2024-12-07T17:08:10.558+0800][1.663s][debug][gc,humongous      ] GC(6) Live humongous region 178 object size 1048592 start 0x00000000eb200000  with remset 0 code roots 0 is marked 0 reclaim candidate 0 type array 1
[2024-12-07T17:08:10.558+0800][1.664s][debug][gc,humongous      ] GC(6) Live humongous region 180 object size 1048592 start 0x00000000eb400000  with remset 0 code roots 0 is marked 0 reclaim candidate 0 type array 1
[2024-12-07T17:08:10.558+0800][1.664s][debug][gc,humongous      ] GC(6) Live humongous region 182 object size 1048592 start 0x00000000eb600000  with remset 0 code roots 0 is marked 0 reclaim candidate 0 type array 1
[2024-12-07T17:08:10.558+0800][1.664s][debug][gc,humongous      ] GC(6) Live humongous region 184 object size 1048592 start 0x00000000eb800000  with remset 0 code roots 0 is marked 0 reclaim candidate 0 type array 1
[2024-12-07T17:08:10.558+0800][1.664s][debug][gc,humongous      ] GC(6) Live humongous region 186 object size 1048592 start 0x00000000eba00000  with remset 0 code roots 0 is marked 0 reclaim candidate 0 type array 1
[2024-12-07T17:08:10.558+0800][1.664s][debug][gc,humongous      ] GC(6) Live humongous region 188 object size 1048592 start 0x00000000ebc00000  with remset 0 code roots 0 is marked 0 reclaim candidate 0 type array 1
[2024-12-07T17:08:10.558+0800][1.664s][debug][gc,humongous      ] GC(6) Live humongous region 190 object size 1048592 start 0x00000000ebe00000  with remset 0 code roots 0 is marked 0 reclaim candidate 0 type array 1
[2024-12-07T17:08:10.558+0800][1.664s][debug][gc,humongous      ] GC(6) Live humongous region 192 object size 1048592 start 0x00000000ec000000  with remset 0 code roots 0 is marked 0 reclaim candidate 0 type array 1
[2024-12-07T17:08:10.558+0800][1.664s][debug][gc,humongous      ] GC(6) Live humongous region 194 object size 1048592 start 0x00000000ec200000  with remset 0 code roots 0 is marked 0 reclaim candidate 0 type array 1
[2024-12-07T17:08:10.558+0800][1.664s][debug][gc,humongous      ] GC(6) Live humongous region 196 object size 1048592 start 0x00000000ec400000  with remset 0 code roots 0 is marked 0 reclaim candidate 0 type array 1
[2024-12-07T17:08:10.558+0800][1.664s][debug][gc,humongous      ] GC(6) Live humongous region 198 object size 1048592 start 0x00000000ec600000  with remset 0 code roots 0 is marked 0 reclaim candidate 0 type array 1
[2024-12-07T17:08:10.559+0800][1.664s][debug][gc,humongous      ] GC(6) Live humongous region 200 object size 1048592 start 0x00000000ec800000  with remset 0 code roots 0 is marked 0 reclaim candidate 0 type array 1
[2024-12-07T17:08:10.559+0800][1.665s][debug][gc,humongous      ] GC(6) Live humongous region 202 object size 1048592 start 0x00000000eca00000  with remset 0 code roots 0 is marked 0 reclaim candidate 0 type array 1
[2024-12-07T17:08:10.559+0800][1.665s][debug][gc,humongous      ] GC(6) Live humongous region 204 object size 1048592 start 0x00000000ecc00000  with remset 0 code roots 0 is marked 0 reclaim candidate 0 type array 1
[2024-12-07T17:08:10.559+0800][1.665s][debug][gc,humongous      ] GC(6) Live humongous region 206 object size 1048592 start 0x00000000ece00000  with remset 0 code roots 0 is marked 0 reclaim candidate 0 type array 1
[2024-12-07T17:08:10.559+0800][1.665s][debug][gc,humongous      ] GC(6) Live humongous region 208 object size 1048592 start 0x00000000ed000000  with remset 0 code roots 0 is marked 0 reclaim candidate 0 type array 1
[2024-12-07T17:08:10.559+0800][1.665s][debug][gc,humongous      ] GC(6) Live humongous region 210 object size 1048592 start 0x00000000ed200000  with remset 0 code roots 0 is marked 0 reclaim candidate 0 type array 1
[2024-12-07T17:08:10.559+0800][1.665s][debug][gc,humongous      ] GC(6) Live humongous region 212 object size 1048592 start 0x00000000ed400000  with remset 0 code roots 0 is marked 0 reclaim candidate 0 type array 1
[2024-12-07T17:08:10.559+0800][1.665s][debug][gc,humongous      ] GC(6) Live humongous region 214 object size 1048592 start 0x00000000ed600000  with remset 0 code roots 0 is marked 0 reclaim candidate 0 type array 1
[2024-12-07T17:08:10.559+0800][1.665s][debug][gc,humongous      ] GC(6) Live humongous region 216 object size 1048592 start 0x00000000ed800000  with remset 0 code roots 0 is marked 0 reclaim candidate 0 type array 1
[2024-12-07T17:08:10.559+0800][1.665s][debug][gc,humongous      ] GC(6) Live humongous region 218 object size 1048592 start 0x00000000eda00000  with remset 0 code roots 0 is marked 0 reclaim candidate 0 type array 1
[2024-12-07T17:08:10.559+0800][1.665s][debug][gc,humongous      ] GC(6) Live humongous region 220 object size 1048592 start 0x00000000edc00000  with remset 0 code roots 0 is marked 0 reclaim candidate 0 type array 1
[2024-12-07T17:08:10.560+0800][1.665s][debug][gc,humongous      ] GC(6) Live humongous region 222 object size 1048592 start 0x00000000ede00000  with remset 0 code roots 0 is marked 0 reclaim candidate 0 type array 1
[2024-12-07T17:08:10.560+0800][1.666s][debug][gc,humongous      ] GC(6) Live humongous region 224 object size 1048592 start 0x00000000ee000000  with remset 0 code roots 0 is marked 0 reclaim candidate 0 type array 1
[2024-12-07T17:08:10.560+0800][1.666s][debug][gc,humongous      ] GC(6) Live humongous region 226 object size 1048592 start 0x00000000ee200000  with remset 0 code roots 0 is marked 0 reclaim candidate 0 type array 1
[2024-12-07T17:08:10.560+0800][1.666s][debug][gc,humongous      ] GC(6) Live humongous region 228 object size 1048592 start 0x00000000ee400000  with remset 0 code roots 0 is marked 0 reclaim candidate 0 type array 1
[2024-12-07T17:08:10.560+0800][1.666s][debug][gc,humongous      ] GC(6) Live humongous region 230 object size 1048592 start 0x00000000ee600000  with remset 0 code roots 0 is marked 0 reclaim candidate 0 type array 1
[2024-12-07T17:08:10.560+0800][1.666s][debug][gc,humongous      ] GC(6) Live humongous region 232 object size 1048592 start 0x00000000ee800000  with remset 0 code roots 0 is marked 0 reclaim candidate 0 type array 1
[2024-12-07T17:08:10.560+0800][1.666s][debug][gc,humongous      ] GC(6) Live humongous region 234 object size 1048592 start 0x00000000eea00000  with remset 0 code roots 0 is marked 0 reclaim candidate 0 type array 1
[2024-12-07T17:08:10.560+0800][1.666s][debug][gc,humongous      ] GC(6) Live humongous region 236 object size 1048592 start 0x00000000eec00000  with remset 0 code roots 0 is marked 0 reclaim candidate 0 type array 1
[2024-12-07T17:08:10.560+0800][1.666s][debug][gc,humongous      ] GC(6) Live humongous region 238 object size 1048592 start 0x00000000eee00000  with remset 0 code roots 0 is marked 0 reclaim candidate 0 type array 1
[2024-12-07T17:08:10.560+0800][1.666s][debug][gc,humongous      ] GC(6) Live humongous region 240 object size 1048592 start 0x00000000ef000000  with remset 0 code roots 0 is marked 0 reclaim candidate 0 type array 1
[2024-12-07T17:08:10.560+0800][1.666s][debug][gc,humongous      ] GC(6) Live humongous region 242 object size 1048592 start 0x00000000ef200000  with remset 0 code roots 0 is marked 0 reclaim candidate 0 type array 1
[2024-12-07T17:08:10.560+0800][1.666s][debug][gc,humongous      ] GC(6) Live humongous region 244 object size 1048592 start 0x00000000ef400000  with remset 0 code roots 0 is marked 0 reclaim candidate 0 type array 1
[2024-12-07T17:08:10.561+0800][1.666s][debug][gc,humongous      ] GC(6) Live humongous region 246 object size 1048592 start 0x00000000ef600000  with remset 0 code roots 0 is marked 0 reclaim candidate 0 type array 1
[2024-12-07T17:08:10.561+0800][1.667s][debug][gc,humongous      ] GC(6) Live humongous region 248 object size 1048592 start 0x00000000ef800000  with remset 0 code roots 0 is marked 0 reclaim candidate 0 type array 1
[2024-12-07T17:08:10.561+0800][1.667s][debug][gc,humongous      ] GC(6) Live humongous region 250 object size 1048592 start 0x00000000efa00000  with remset 0 code roots 0 is marked 0 reclaim candidate 0 type array 1
[2024-12-07T17:08:10.561+0800][1.667s][debug][gc,humongous      ] GC(6) Live humongous region 252 object size 1048592 start 0x00000000efc00000  with remset 0 code roots 0 is marked 0 reclaim candidate 0 type array 1
[2024-12-07T17:08:10.561+0800][1.667s][debug][gc,humongous      ] GC(6) Live humongous region 254 object size 1048592 start 0x00000000efe00000  with remset 0 code roots 0 is marked 0 reclaim candidate 0 type array 1
[2024-12-07T17:08:10.561+0800][1.667s][debug][gc,humongous      ] GC(6) Live humongous region 256 object size 1048592 start 0x00000000f0000000  with remset 0 code roots 0 is marked 0 reclaim candidate 0 type array 1
[2024-12-07T17:08:10.561+0800][1.667s][debug][gc,humongous      ] GC(6) Live humongous region 258 object size 1048592 start 0x00000000f0200000  with remset 0 code roots 0 is marked 0 reclaim candidate 0 type array 1
[2024-12-07T17:08:10.561+0800][1.667s][debug][gc,humongous      ] GC(6) Live humongous region 260 object size 1048592 start 0x00000000f0400000  with remset 0 code roots 0 is marked 0 reclaim candidate 0 type array 1
[2024-12-07T17:08:10.561+0800][1.667s][debug][gc,humongous      ] GC(6) Live humongous region 262 object size 1048592 start 0x00000000f0600000  with remset 0 code roots 0 is marked 0 reclaim candidate 0 type array 1
[2024-12-07T17:08:10.561+0800][1.667s][debug][gc,humongous      ] GC(6) Live humongous region 264 object size 1048592 start 0x00000000f0800000  with remset 0 code roots 0 is marked 0 reclaim candidate 0 type array 1
[2024-12-07T17:08:10.562+0800][1.667s][debug][gc,humongous      ] GC(6) Live humongous region 266 object size 1048592 start 0x00000000f0a00000  with remset 0 code roots 0 is marked 0 reclaim candidate 0 type array 1
[2024-12-07T17:08:10.562+0800][1.668s][debug][gc,humongous      ] GC(6) Live humongous region 268 object size 1048592 start 0x00000000f0c00000  with remset 0 code roots 0 is marked 0 reclaim candidate 0 type array 1
[2024-12-07T17:08:10.562+0800][1.668s][debug][gc,humongous      ] GC(6) Live humongous region 270 object size 1048592 start 0x00000000f0e00000  with remset 0 code roots 0 is marked 0 reclaim candidate 0 type array 1
[2024-12-07T17:08:10.562+0800][1.668s][debug][gc,humongous      ] GC(6) Live humongous region 272 object size 1048592 start 0x00000000f1000000  with remset 0 code roots 0 is marked 0 reclaim candidate 0 type array 1
[2024-12-07T17:08:10.562+0800][1.668s][debug][gc,humongous      ] GC(6) Live humongous region 274 object size 1048592 start 0x00000000f1200000  with remset 0 code roots 0 is marked 0 reclaim candidate 0 type array 1
[2024-12-07T17:08:10.562+0800][1.668s][debug][gc,humongous      ] GC(6) Live humongous region 276 object size 1048592 start 0x00000000f1400000  with remset 0 code roots 0 is marked 0 reclaim candidate 0 type array 1
[2024-12-07T17:08:10.562+0800][1.668s][debug][gc,humongous      ] GC(6) Live humongous region 278 object size 1048592 start 0x00000000f1600000  with remset 0 code roots 0 is marked 0 reclaim candidate 0 type array 1
[2024-12-07T17:08:10.562+0800][1.668s][debug][gc,plab           ] GC(6) Young PLAB allocation: allocated: 387576B, wasted: 2680B, unused: 19168B, used: 365728B, undo waste: 0B, 
[2024-12-07T17:08:10.562+0800][1.668s][debug][gc,plab           ] GC(6) Young other allocation: region end waste: 0B, regions filled: 1, direct allocated: 72088B, failure used: 0B, failure wasted: 0B
[2024-12-07T17:08:10.562+0800][1.668s][debug][gc,plab           ] GC(6) Young sizing: calculated: 73144B, actual: 73328B
[2024-12-07T17:08:10.562+0800][1.668s][debug][gc,plab           ] GC(6) Old PLAB allocation: allocated: 0B, wasted: 0B, unused: 0B, used: 0B, undo waste: 0B, 
[2024-12-07T17:08:10.563+0800][1.668s][debug][gc,plab           ] GC(6) Old other allocation: region end waste: 0B, regions filled: 0, direct allocated: 0B, failure used: 0B, failure wasted: 0B
[2024-12-07T17:08:10.563+0800][1.669s][debug][gc,plab           ] GC(6) Old sizing: calculated: 0B, actual: 2064B
[2024-12-07T17:08:10.563+0800][1.669s][debug][gc,alloc,stats    ] Old generation allocation in the last mutator period, old gen allocated: 0B, humongous allocated: 20971520B,old gen growth: 20971520B.
[2024-12-07T17:08:10.563+0800][1.669s][debug][gc,ihop           ] GC(6) Basic information (value update), threshold: 236873318B (45.00), target occupancy: 526385152B, current occupancy: 294798224B, recent allocation size: 20971520B, recent allocation duration: 105.13ms, recent old gen allocation rate: 199479194.43B/s, recent marking phase length: 0.00ms
[2024-12-07T17:08:10.563+0800][1.669s][debug][gc,ihop           ] GC(6) Adaptive IHOP information (value update), threshold: 236873318B (51.91), internal target occupancy: 456340275B, occupancy: 294798224B, additional buffer size: 100663296B, predicted old gen allocation rate: 240140372.99B/s, predicted marking phase length: 0.00ms, prediction active: false
[2024-12-07T17:08:10.563+0800][1.669s][debug][gc,ergo,refine    ] GC(6) Updated Refinement Zones: green: 18, yellow: 54, red: 90
[2024-12-07T17:08:10.563+0800][1.669s][info ][gc,phases         ] GC(6)   Pre Evacuate Collection Set: 0.2ms
[2024-12-07T17:08:10.563+0800][1.669s][debug][gc,phases         ] GC(6)     Prepare TLABs: 0.1ms
[2024-12-07T17:08:10.563+0800][1.669s][debug][gc,phases         ] GC(6)     Choose Collection Set: 0.1ms
[2024-12-07T17:08:10.563+0800][1.669s][debug][gc,phases         ] GC(6)     Humongous Register: 0.0ms
[2024-12-07T17:08:10.563+0800][1.669s][debug][gc,phases         ] GC(6)     Clear Claimed Marks: 0.0ms
[2024-12-07T17:08:10.564+0800][1.669s][info ][gc,phases         ] GC(6)   Evacuate Collection Set: 8.8ms
[2024-12-07T17:08:10.564+0800][1.670s][debug][gc,phases         ] GC(6)     Ext Root Scanning (ms):   Min:  0.1, Avg:  1.1, Max:  4.1, Diff:  4.0, Sum: 12.8, Workers: 12
[2024-12-07T17:08:10.564+0800][1.670s][debug][gc,phases         ] GC(6)     Update RS (ms):           Min:  0.0, Avg:  0.3, Max:  0.7, Diff:  0.7, Sum:  3.1, Workers: 12
[2024-12-07T17:08:10.564+0800][1.670s][debug][gc,phases         ] GC(6)       Processed Buffers:        Min: 0, Avg:  0.8, Max: 3, Diff: 3, Sum: 9, Workers: 12
[2024-12-07T17:08:10.564+0800][1.670s][debug][gc,phases         ] GC(6)       Scanned Cards:            Min: 0, Avg: 18.5, Max: 53, Diff: 53, Sum: 222, Workers: 12
[2024-12-07T17:08:10.564+0800][1.670s][debug][gc,phases         ] GC(6)       Skipped Cards:            Min: 0, Avg:  9.8, Max: 71, Diff: 71, Sum: 118, Workers: 12
[2024-12-07T17:08:10.564+0800][1.670s][debug][gc,phases         ] GC(6)     Scan RS (ms):             Min:  0.0, Avg:  0.2, Max:  1.1, Diff:  1.1, Sum:  2.1, Workers: 12
[2024-12-07T17:08:10.564+0800][1.670s][debug][gc,phases         ] GC(6)       Scanned Cards:            Min: 0, Avg: 14.8, Max: 93, Diff: 93, Sum: 178, Workers: 12
[2024-12-07T17:08:10.564+0800][1.670s][debug][gc,phases         ] GC(6)       Claimed Cards:            Min: 0, Avg: 18.5, Max: 128, Diff: 128, Sum: 222, Workers: 12
[2024-12-07T17:08:10.564+0800][1.670s][debug][gc,phases         ] GC(6)       Skipped Cards:            Min: 0, Avg: 55.5, Max: 222, Diff: 222, Sum: 666, Workers: 12
[2024-12-07T17:08:10.564+0800][1.670s][debug][gc,phases         ] GC(6)     Code Root Scanning (ms):  Min:  0.0, Avg:  0.0, Max:  0.1, Diff:  0.1, Sum:  0.1, Workers: 12
[2024-12-07T17:08:10.564+0800][1.670s][debug][gc,phases         ] GC(6)     AOT Root Scanning (ms):   skipped
[2024-12-07T17:08:10.565+0800][1.670s][debug][gc,phases         ] GC(6)     Object Copy (ms):         Min:  0.0, Avg:  0.1, Max:  0.3, Diff:  0.3, Sum:  0.8, Workers: 12
[2024-12-07T17:08:10.565+0800][1.671s][debug][gc,phases         ] GC(6)     Termination (ms):         Min:  0.0, Avg:  2.8, Max:  3.7, Diff:  3.7, Sum: 33.6, Workers: 12
[2024-12-07T17:08:10.565+0800][1.671s][debug][gc,phases         ] GC(6)       Termination Attempts:     Min: 1, Avg:  3.2, Max: 15, Diff: 14, Sum: 38, Workers: 12
[2024-12-07T17:08:10.565+0800][1.671s][debug][gc,phases         ] GC(6)     GC Worker Other (ms):     Min:  0.9, Avg:  3.0, Max:  4.1, Diff:  3.2, Sum: 36.1, Workers: 12
[2024-12-07T17:08:10.565+0800][1.671s][debug][gc,phases         ] GC(6)     GC Worker Total (ms):     Min:  4.9, Avg:  7.4, Max:  8.3, Diff:  3.3, Sum: 88.5, Workers: 12
[2024-12-07T17:08:10.565+0800][1.671s][info ][gc,phases         ] GC(6)   Post Evacuate Collection Set: 13.4ms
[2024-12-07T17:08:10.565+0800][1.671s][debug][gc,phases         ] GC(6)     Code Roots Fixup: 0.0ms
[2024-12-07T17:08:10.565+0800][1.671s][debug][gc,phases         ] GC(6)     Clear Card Table: 0.1ms
[2024-12-07T17:08:10.565+0800][1.671s][debug][gc,phases         ] GC(6)     Reference Processing: 0.2ms
[2024-12-07T17:08:10.565+0800][1.671s][debug][gc,phases,ref     ] GC(6)       Reconsider SoftReferences: 0.1ms
[2024-12-07T17:08:10.565+0800][1.671s][debug][gc,phases,ref     ] GC(6)         SoftRef (ms):             skipped
[2024-12-07T17:08:10.566+0800][1.671s][debug][gc,phases,ref     ] GC(6)       Notify Soft/WeakReferences: 0.0ms
[2024-12-07T17:08:10.566+0800][1.672s][debug][gc,phases,ref     ] GC(6)         SoftRef (ms):             Min:  0.0, Avg:  0.0, Max:  0.0, Diff:  0.0, Sum:  0.0, Workers: 1
[2024-12-07T17:08:10.566+0800][1.672s][debug][gc,phases,ref     ] GC(6)         WeakRef (ms):             Min:  0.0, Avg:  0.0, Max:  0.0, Diff:  0.0, Sum:  0.0, Workers: 1
[2024-12-07T17:08:10.566+0800][1.672s][debug][gc,phases,ref     ] GC(6)         FinalRef (ms):            Min:  0.0, Avg:  0.0, Max:  0.0, Diff:  0.0, Sum:  0.0, Workers: 1
[2024-12-07T17:08:10.566+0800][1.672s][debug][gc,phases,ref     ] GC(6)         Total (ms):               Min:  0.0, Avg:  0.0, Max:  0.0, Diff:  0.0, Sum:  0.0, Workers: 1
[2024-12-07T17:08:10.566+0800][1.672s][debug][gc,phases,ref     ] GC(6)       Notify and keep alive finalizable: 0.1ms
[2024-12-07T17:08:10.566+0800][1.672s][debug][gc,phases,ref     ] GC(6)         FinalRef (ms):            skipped
[2024-12-07T17:08:10.566+0800][1.672s][debug][gc,phases,ref     ] GC(6)       Notify PhantomReferences: 0.0ms
[2024-12-07T17:08:10.566+0800][1.672s][debug][gc,phases,ref     ] GC(6)         PhantomRef (ms):          Min:  0.0, Avg:  0.0, Max:  0.0, Diff:  0.0, Sum:  0.0, Workers: 1
[2024-12-07T17:08:10.566+0800][1.672s][debug][gc,phases,ref     ] GC(6)       SoftReference:
[2024-12-07T17:08:10.566+0800][1.672s][debug][gc,phases,ref     ] GC(6)         Discovered: 0
[2024-12-07T17:08:10.566+0800][1.672s][debug][gc,phases,ref     ] GC(6)         Cleared: 0
[2024-12-07T17:08:10.567+0800][1.672s][debug][gc,phases,ref     ] GC(6)       WeakReference:
[2024-12-07T17:08:10.567+0800][1.673s][debug][gc,phases,ref     ] GC(6)         Discovered: 16
[2024-12-07T17:08:10.567+0800][1.673s][debug][gc,phases,ref     ] GC(6)         Cleared: 16
[2024-12-07T17:08:10.567+0800][1.673s][debug][gc,phases,ref     ] GC(6)       FinalReference:
[2024-12-07T17:08:10.567+0800][1.673s][debug][gc,phases,ref     ] GC(6)         Discovered: 0
[2024-12-07T17:08:10.567+0800][1.673s][debug][gc,phases,ref     ] GC(6)         Cleared: 0
[2024-12-07T17:08:10.567+0800][1.673s][debug][gc,phases,ref     ] GC(6)       PhantomReference:
[2024-12-07T17:08:10.567+0800][1.673s][debug][gc,phases,ref     ] GC(6)         Discovered: 3
[2024-12-07T17:08:10.567+0800][1.673s][debug][gc,phases,ref     ] GC(6)         Cleared: 3
[2024-12-07T17:08:10.567+0800][1.673s][debug][gc,phases         ] GC(6)     Weak Processing: 0.0ms
[2024-12-07T17:08:10.567+0800][1.673s][debug][gc,phases         ] GC(6)     Merge Per-Thread State: 0.0ms
[2024-12-07T17:08:10.568+0800][1.673s][debug][gc,phases         ] GC(6)     Code Roots Purge: 0.0ms
[2024-12-07T17:08:10.568+0800][1.674s][debug][gc,phases         ] GC(6)     Redirty Cards: 0.1ms
[2024-12-07T17:08:10.568+0800][1.674s][debug][gc,phases         ] GC(6)     DerivedPointerTable Update: 0.0ms
[2024-12-07T17:08:10.568+0800][1.674s][debug][gc,phases         ] GC(6)     Free Collection Set: 0.1ms
[2024-12-07T17:08:10.568+0800][1.674s][debug][gc,phases         ] GC(6)     Humongous Reclaim: 12.9ms
[2024-12-07T17:08:10.568+0800][1.674s][debug][gc,phases         ] GC(6)     Start New Collection Set: 0.0ms
[2024-12-07T17:08:10.568+0800][1.674s][debug][gc,phases         ] GC(6)     Resize TLABs: 0.0ms
[2024-12-07T17:08:10.568+0800][1.674s][debug][gc,phases         ] GC(6)     Expand Heap After Collection: 0.0ms
[2024-12-07T17:08:10.568+0800][1.674s][info ][gc,phases         ] GC(6)   Other: 2.4ms
[2024-12-07T17:08:10.568+0800][1.674s][info ][gc,heap           ] GC(6) Eden regions: 1->0(95)
[2024-12-07T17:08:10.568+0800][1.674s][info ][gc,heap           ] GC(6) Survivor regions: 1->1(13)
[2024-12-07T17:08:10.568+0800][1.674s][info ][gc,heap           ] GC(6) Old regions: 2->2
[2024-12-07T17:08:10.569+0800][1.674s][info ][gc,heap           ] GC(6) Humongous regions: 280->280
[2024-12-07T17:08:10.569+0800][1.675s][info ][gc,metaspace      ] GC(6) Metaspace: 558K(4864K)->558K(4864K) NonClass: 512K(4352K)->512K(4352K) Class: 46K(512K)->46K(512K)
[2024-12-07T17:08:10.569+0800][1.675s][debug][gc,heap           ] GC(6) Heap after GC invocations=7 (full 0): garbage-first heap   total 516096K, used 287888K [0x00000000e0000000, 0x0000000100000000)
[2024-12-07T17:08:10.569+0800][1.675s][debug][gc,heap           ] GC(6)   region size 1024K, 1 young (1024K), 1 survivors (1024K)
[2024-12-07T17:08:10.569+0800][1.675s][debug][gc,heap           ] GC(6)  Metaspace       used 558K, capacity 4570K, committed 4864K, reserved 1056768K
[2024-12-07T17:08:10.569+0800][1.675s][debug][gc,heap           ] GC(6)   class space    used 46K, capacity 419K, committed 512K, reserved 1048576K
[2024-12-07T17:08:10.570+0800][1.676s][info ][gc                ] GC(6) Pause Young (Concurrent Start) (G1 Humongous Allocation) 281M->281M(504M) 30.505ms
[2024-12-07T17:08:10.570+0800][1.676s][info ][gc,cpu            ] GC(6) User=0.03s Sys=0.02s Real=0.03s
[2024-12-07T17:08:10.570+0800][1.676s][info ][gc                ] GC(7) Concurrent Cycle
[2024-12-07T17:08:10.570+0800][1.676s][info ][gc,marking        ] GC(7) Concurrent Clear Claimed Marks
[2024-12-07T17:08:10.570+0800][1.676s][info ][gc,marking        ] GC(7) Concurrent Clear Claimed Marks 0.127ms
[2024-12-07T17:08:10.570+0800][1.676s][info ][gc,marking        ] GC(7) Concurrent Scan Root Regions
[2024-12-07T17:08:10.570+0800][1.676s][debug][gc,ergo           ] GC(7) Running G1 Root Region Scan using 1 workers for 1 work units.
[2024-12-07T17:08:10.571+0800][1.677s][info ][gc,marking        ] GC(7) Concurrent Scan Root Regions 0.513ms
[2024-12-07T17:08:10.571+0800][1.677s][info ][gc,marking        ] GC(7) Concurrent Mark (1.677s)
[2024-12-07T17:08:10.571+0800][1.677s][info ][gc,marking        ] GC(7) Concurrent Mark From Roots
[2024-12-07T17:08:10.571+0800][1.677s][info ][gc,task           ] GC(7) Using 5 workers of 5 for marking
[2024-12-07T17:08:10.572+0800][1.678s][debug][gc,stats          ] ---------------------------------------------------------------------
[2024-12-07T17:08:10.572+0800][1.678s][debug][gc,stats          ] Marking Stats, task = 0, calls = 25
[2024-12-07T17:08:10.572+0800][1.678s][debug][gc,stats          ]   Elapsed time = 0.45ms, Termination time = 0.00ms
[2024-12-07T17:08:10.572+0800][1.678s][debug][gc,stats          ]   Step Times (cum): num = 330, avg = 0.00ms, sd = 0.02ms max = 0.42ms, total = 0.42ms
[2024-12-07T17:08:10.572+0800][1.678s][debug][gc,stats          ]   Mark Stats Cache: hits 4490 misses 141 ratio 96.955
[2024-12-07T17:08:10.572+0800][1.678s][debug][gc,stats          ] ---------------------------------------------------------------------
[2024-12-07T17:08:10.572+0800][1.678s][debug][gc,stats          ] Marking Stats, task = 1, calls = 28
[2024-12-07T17:08:10.572+0800][1.678s][debug][gc,stats          ]   Elapsed time = 0.44ms, Termination time = 0.00ms
[2024-12-07T17:08:10.572+0800][1.678s][debug][gc,stats          ]   Step Times (cum): num = 100, avg = 0.00ms, sd = 0.04ms max = 0.41ms, total = 0.41ms
[2024-12-07T17:08:10.573+0800][1.678s][debug][gc,stats          ]   Mark Stats Cache: hits 633 misses 2 ratio 99.685
[2024-12-07T17:08:10.573+0800][1.679s][debug][gc,stats          ] ---------------------------------------------------------------------
[2024-12-07T17:08:10.573+0800][1.679s][debug][gc,stats          ] Marking Stats, task = 2, calls = 1
[2024-12-07T17:08:10.573+0800][1.679s][debug][gc,stats          ]   Elapsed time = 0.42ms, Termination time = 0.00ms
[2024-12-07T17:08:10.573+0800][1.679s][debug][gc,stats          ]   Step Times (cum): num = 120, avg = 0.00ms, sd = 0.04ms max = 0.41ms, total = 0.41ms
[2024-12-07T17:08:10.573+0800][1.679s][debug][gc,stats          ]   Mark Stats Cache: hits 4314 misses 2 ratio 99.954
[2024-12-07T17:08:10.573+0800][1.679s][debug][gc,stats          ] ---------------------------------------------------------------------
[2024-12-07T17:08:10.573+0800][1.679s][debug][gc,stats          ] Marking Stats, task = 3, calls = 26
[2024-12-07T17:08:10.573+0800][1.679s][debug][gc,stats          ]   Elapsed time = 0.42ms, Termination time = 0.00ms
[2024-12-07T17:08:10.573+0800][1.679s][debug][gc,stats          ]   Step Times (cum): num = 152, avg = 0.00ms, sd = 0.03ms max = 0.41ms, total = 0.41ms
[2024-12-07T17:08:10.573+0800][1.679s][debug][gc,stats          ]   Mark Stats Cache: hits 650 misses 2 ratio 99.693
[2024-12-07T17:08:10.574+0800][1.679s][debug][gc,stats          ] ---------------------------------------------------------------------
[2024-12-07T17:08:10.574+0800][1.680s][debug][gc,stats          ] Marking Stats, task = 4, calls = 18
[2024-12-07T17:08:10.574+0800][1.680s][debug][gc,stats          ]   Elapsed time = 0.41ms, Termination time = 0.00ms
[2024-12-07T17:08:10.574+0800][1.680s][debug][gc,stats          ]   Step Times (cum): num = 84, avg = 0.00ms, sd = 0.04ms max = 0.41ms, total = 0.41ms
[2024-12-07T17:08:10.574+0800][1.680s][debug][gc,stats          ]   Mark Stats Cache: hits 398 misses 1 ratio 99.749
[2024-12-07T17:08:10.574+0800][1.680s][debug][gc,stats          ] ---------------------------------------------------------------------
[2024-12-07T17:08:10.574+0800][1.680s][info ][gc,marking        ] GC(7) Concurrent Mark From Roots 3.053ms
[2024-12-07T17:08:10.574+0800][1.680s][info ][gc,marking        ] GC(7) Concurrent Preclean
[2024-12-07T17:08:10.574+0800][1.680s][debug][gc,ref,start      ] GC(7) Preclean SoftReferences
[2024-12-07T17:08:10.574+0800][1.680s][debug][gc,ref            ] GC(7) Preclean SoftReferences 0.098ms
[2024-12-07T17:08:10.574+0800][1.680s][debug][gc,ref,start      ] GC(7) Preclean WeakReferences
[2024-12-07T17:08:10.575+0800][1.680s][debug][gc,ref            ] GC(7) Preclean WeakReferences 0.102ms
[2024-12-07T17:08:10.575+0800][1.681s][debug][gc,ref,start      ] GC(7) Preclean FinalReferences
[2024-12-07T17:08:10.575+0800][1.681s][debug][gc,ref            ] GC(7) Preclean FinalReferences 0.094ms
[2024-12-07T17:08:10.575+0800][1.681s][debug][gc,ref,start      ] GC(7) Preclean PhantomReferences
[2024-12-07T17:08:10.575+0800][1.681s][debug][gc,ref            ] GC(7) Preclean PhantomReferences 0.094ms
[2024-12-07T17:08:10.575+0800][1.681s][info ][gc,marking        ] GC(7) Concurrent Preclean 0.838ms
[2024-12-07T17:08:10.575+0800][1.681s][info ][gc,marking        ] GC(7) Concurrent Mark (1.677s, 1.681s) 4.156ms
[2024-12-07T17:08:10.575+0800][1.681s][info ][gc,start          ] GC(7) Pause Remark
[2024-12-07T17:08:10.575+0800][1.681s][debug][gc,phases,start   ] GC(7) Finalize Marking
[2024-12-07T17:08:10.576+0800][1.682s][debug][gc,stats          ] ---------------------------------------------------------------------
[2024-12-07T17:08:10.576+0800][1.682s][debug][gc,stats          ] Marking Stats, task = 0, calls = 98
[2024-12-07T17:08:10.576+0800][1.682s][debug][gc,stats          ]   Elapsed time = 0.15ms, Termination time = 0.00ms
[2024-12-07T17:08:10.576+0800][1.682s][debug][gc,stats          ]   Step Times (cum): num = 403, avg = 0.00ms, sd = 0.02ms max = 0.42ms, total = 0.42ms
[2024-12-07T17:08:10.576+0800][1.682s][debug][gc,stats          ]   Mark Stats Cache: hits 4490 misses 141 ratio 96.955
[2024-12-07T17:08:10.576+0800][1.682s][debug][gc,stats          ] ---------------------------------------------------------------------
[2024-12-07T17:08:10.576+0800][1.682s][debug][gc,stats          ] Marking Stats, task = 1, calls = 29
[2024-12-07T17:08:10.576+0800][1.682s][debug][gc,stats          ]   Elapsed time = 0.15ms, Termination time = 0.00ms
[2024-12-07T17:08:10.576+0800][1.682s][debug][gc,stats          ]   Step Times (cum): num = 101, avg = 0.00ms, sd = 0.04ms max = 0.41ms, total = 0.41ms
[2024-12-07T17:08:10.577+0800][1.682s][debug][gc,stats          ]   Mark Stats Cache: hits 633 misses 2 ratio 99.685
[2024-12-07T17:08:10.577+0800][1.683s][debug][gc,stats          ] ---------------------------------------------------------------------
[2024-12-07T17:08:10.577+0800][1.683s][debug][gc,stats          ] Marking Stats, task = 2, calls = 2
[2024-12-07T17:08:10.577+0800][1.683s][debug][gc,stats          ]   Elapsed time = 0.15ms, Termination time = 0.00ms
[2024-12-07T17:08:10.577+0800][1.683s][debug][gc,stats          ]   Step Times (cum): num = 121, avg = 0.00ms, sd = 0.04ms max = 0.41ms, total = 0.41ms
[2024-12-07T17:08:10.577+0800][1.683s][debug][gc,stats          ]   Mark Stats Cache: hits 4314 misses 2 ratio 99.954
[2024-12-07T17:08:10.577+0800][1.683s][debug][gc,stats          ] ---------------------------------------------------------------------
[2024-12-07T17:08:10.577+0800][1.683s][debug][gc,stats          ] Marking Stats, task = 3, calls = 27
[2024-12-07T17:08:10.577+0800][1.683s][debug][gc,stats          ]   Elapsed time = 0.15ms, Termination time = 0.00ms
[2024-12-07T17:08:10.577+0800][1.683s][debug][gc,stats          ]   Step Times (cum): num = 153, avg = 0.00ms, sd = 0.03ms max = 0.41ms, total = 0.41ms
[2024-12-07T17:08:10.577+0800][1.683s][debug][gc,stats          ]   Mark Stats Cache: hits 650 misses 2 ratio 99.693
[2024-12-07T17:08:10.577+0800][1.683s][debug][gc,stats          ] ---------------------------------------------------------------------
[2024-12-07T17:08:10.578+0800][1.683s][debug][gc,stats          ] Marking Stats, task = 4, calls = 19
[2024-12-07T17:08:10.578+0800][1.684s][debug][gc,stats          ]   Elapsed time = 0.15ms, Termination time = 0.00ms
[2024-12-07T17:08:10.578+0800][1.684s][debug][gc,stats          ]   Step Times (cum): num = 85, avg = 0.00ms, sd = 0.04ms max = 0.41ms, total = 0.41ms
[2024-12-07T17:08:10.578+0800][1.684s][debug][gc,stats          ]   Mark Stats Cache: hits 398 misses 1 ratio 99.749
[2024-12-07T17:08:10.578+0800][1.684s][debug][gc,stats          ] ---------------------------------------------------------------------
[2024-12-07T17:08:10.578+0800][1.684s][debug][gc,stats          ] Marking Stats, task = 5, calls = 1
[2024-12-07T17:08:10.578+0800][1.684s][debug][gc,stats          ]   Elapsed time = 0.15ms, Termination time = 0.00ms
[2024-12-07T17:08:10.578+0800][1.684s][debug][gc,stats          ]   Step Times (cum): num = 4, avg = 0.10ms, sd = 0.18ms max = 0.41ms, total = 0.41ms
[2024-12-07T17:08:10.578+0800][1.684s][debug][gc,stats          ]   Mark Stats Cache: hits 0 misses 0 ratio 0.000
[2024-12-07T17:08:10.578+0800][1.684s][debug][gc,stats          ] ---------------------------------------------------------------------
[2024-12-07T17:08:10.579+0800][1.684s][debug][gc,stats          ] Marking Stats, task = 6, calls = 1
[2024-12-07T17:08:10.579+0800][1.685s][debug][gc,stats          ]   Elapsed time = 0.15ms, Termination time = 0.00ms
[2024-12-07T17:08:10.579+0800][1.685s][debug][gc,stats          ]   Step Times (cum): num = 4, avg = 0.10ms, sd = 0.18ms max = 0.41ms, total = 0.41ms
[2024-12-07T17:08:10.579+0800][1.685s][debug][gc,stats          ]   Mark Stats Cache: hits 0 misses 0 ratio 0.000
[2024-12-07T17:08:10.579+0800][1.685s][debug][gc,stats          ] ---------------------------------------------------------------------
[2024-12-07T17:08:10.579+0800][1.685s][debug][gc,stats          ] Marking Stats, task = 7, calls = 1
[2024-12-07T17:08:10.579+0800][1.685s][debug][gc,stats          ]   Elapsed time = 0.14ms, Termination time = 0.00ms
[2024-12-07T17:08:10.579+0800][1.685s][debug][gc,stats          ]   Step Times (cum): num = 4, avg = 0.10ms, sd = 0.18ms max = 0.41ms, total = 0.41ms
[2024-12-07T17:08:10.579+0800][1.685s][debug][gc,stats          ]   Mark Stats Cache: hits 0 misses 0 ratio 0.000
[2024-12-07T17:08:10.579+0800][1.685s][debug][gc,stats          ] ---------------------------------------------------------------------
[2024-12-07T17:08:10.579+0800][1.685s][debug][gc,stats          ] Marking Stats, task = 8, calls = 1
[2024-12-07T17:08:10.580+0800][1.685s][debug][gc,stats          ]   Elapsed time = 0.07ms, Termination time = 0.00ms
[2024-12-07T17:08:10.580+0800][1.686s][debug][gc,stats          ]   Step Times (cum): num = 4, avg = 0.15ms, sd = 0.25ms max = 0.58ms, total = 0.58ms
[2024-12-07T17:08:10.580+0800][1.686s][debug][gc,stats          ]   Mark Stats Cache: hits 0 misses 0 ratio 0.000
[2024-12-07T17:08:10.580+0800][1.686s][debug][gc,stats          ] ---------------------------------------------------------------------
[2024-12-07T17:08:10.580+0800][1.686s][debug][gc,stats          ] Marking Stats, task = 9, calls = 1
[2024-12-07T17:08:10.580+0800][1.686s][debug][gc,stats          ]   Elapsed time = 0.07ms, Termination time = 0.00ms
[2024-12-07T17:08:10.580+0800][1.686s][debug][gc,stats          ]   Step Times (cum): num = 4, avg = 0.10ms, sd = 0.17ms max = 0.39ms, total = 0.39ms
[2024-12-07T17:08:10.580+0800][1.686s][debug][gc,stats          ]   Mark Stats Cache: hits 0 misses 0 ratio 0.000
[2024-12-07T17:08:10.580+0800][1.686s][debug][gc,stats          ] ---------------------------------------------------------------------
[2024-12-07T17:08:10.580+0800][1.686s][debug][gc,stats          ] Marking Stats, task = 10, calls = 1
[2024-12-07T17:08:10.580+0800][1.686s][debug][gc,stats          ]   Elapsed time = 0.07ms, Termination time = 0.00ms
[2024-12-07T17:08:10.581+0800][1.686s][debug][gc,stats          ]   Step Times (cum): num = 4, avg = 0.00ms, sd = 0.00ms max = 0.00ms, total = 0.00ms
[2024-12-07T17:08:10.581+0800][1.687s][debug][gc,stats          ]   Mark Stats Cache: hits 0 misses 0 ratio 0.000
[2024-12-07T17:08:10.581+0800][1.687s][debug][gc,stats          ] ---------------------------------------------------------------------
[2024-12-07T17:08:10.581+0800][1.687s][debug][gc,stats          ] Marking Stats, task = 11, calls = 1
[2024-12-07T17:08:10.581+0800][1.687s][debug][gc,stats          ]   Elapsed time = 0.00ms, Termination time = 0.00ms
[2024-12-07T17:08:10.581+0800][1.687s][debug][gc,stats          ]   Step Times (cum): num = 4, avg = 0.00ms, sd = 0.00ms max = 0.00ms, total = 0.00ms
[2024-12-07T17:08:10.581+0800][1.687s][debug][gc,stats          ]   Mark Stats Cache: hits 0 misses 0 ratio 0.000
[2024-12-07T17:08:10.581+0800][1.687s][debug][gc,stats          ] ---------------------------------------------------------------------
[2024-12-07T17:08:10.581+0800][1.687s][debug][gc,phases         ] GC(7) Finalize Marking 5.871ms
[2024-12-07T17:08:10.581+0800][1.687s][debug][gc,phases,start   ] GC(7) Reference Processing
[2024-12-07T17:08:10.581+0800][1.687s][debug][gc,ref            ] GC(7) Skipped phase1 of Reference Processing due to unavailable references
[2024-12-07T17:08:10.582+0800][1.687s][debug][gc,ref            ] GC(7) Skipped phase2 of Reference Processing due to unavailable references
[2024-12-07T17:08:10.582+0800][1.688s][debug][gc,ref            ] GC(7) Skipped phase3 of Reference Processing due to unavailable references
[2024-12-07T17:08:10.582+0800][1.688s][debug][gc,ref            ] GC(7) Skipped phase4 of Reference Processing due to unavailable references
[2024-12-07T17:08:10.582+0800][1.688s][debug][gc,phases,ref     ] GC(7) Reference Processing: 0.3ms
[2024-12-07T17:08:10.582+0800][1.688s][debug][gc,phases,ref     ] GC(7)   Reconsider SoftReferences: 0.1ms
[2024-12-07T17:08:10.582+0800][1.688s][debug][gc,phases,ref     ] GC(7)     SoftRef (ms):             skipped
[2024-12-07T17:08:10.582+0800][1.688s][debug][gc,phases,ref     ] GC(7)   Notify Soft/WeakReferences: 0.1ms
[2024-12-07T17:08:10.582+0800][1.688s][debug][gc,phases,ref     ] GC(7)     SoftRef (ms):             skipped
[2024-12-07T17:08:10.582+0800][1.688s][debug][gc,phases,ref     ] GC(7)     WeakRef (ms):             skipped
[2024-12-07T17:08:10.582+0800][1.688s][debug][gc,phases,ref     ] GC(7)     FinalRef (ms):            skipped
[2024-12-07T17:08:10.582+0800][1.688s][debug][gc,phases,ref     ] GC(7)     Total (ms):               skipped
[2024-12-07T17:08:10.582+0800][1.688s][debug][gc,phases,ref     ] GC(7)   Notify and keep alive finalizable: 0.1ms
[2024-12-07T17:08:10.583+0800][1.688s][debug][gc,phases,ref     ] GC(7)     FinalRef (ms):            skipped
[2024-12-07T17:08:10.583+0800][1.689s][debug][gc,phases,ref     ] GC(7)   Notify PhantomReferences: 0.1ms
[2024-12-07T17:08:10.583+0800][1.689s][debug][gc,phases,ref     ] GC(7)     PhantomRef (ms):          skipped
[2024-12-07T17:08:10.583+0800][1.689s][debug][gc,phases,ref     ] GC(7)   SoftReference:
[2024-12-07T17:08:10.583+0800][1.689s][debug][gc,phases,ref     ] GC(7)     Discovered: 0
[2024-12-07T17:08:10.583+0800][1.689s][debug][gc,phases,ref     ] GC(7)     Cleared: 0
[2024-12-07T17:08:10.583+0800][1.689s][debug][gc,phases,ref     ] GC(7)   WeakReference:
[2024-12-07T17:08:10.583+0800][1.689s][debug][gc,phases,ref     ] GC(7)     Discovered: 0
[2024-12-07T17:08:10.583+0800][1.689s][debug][gc,phases,ref     ] GC(7)     Cleared: 0
[2024-12-07T17:08:10.583+0800][1.689s][debug][gc,phases,ref     ] GC(7)   FinalReference:
[2024-12-07T17:08:10.583+0800][1.689s][debug][gc,phases,ref     ] GC(7)     Discovered: 0
[2024-12-07T17:08:10.584+0800][1.689s][debug][gc,phases,ref     ] GC(7)     Cleared: 0
[2024-12-07T17:08:10.584+0800][1.690s][debug][gc,phases,ref     ] GC(7)   PhantomReference:
[2024-12-07T17:08:10.584+0800][1.690s][debug][gc,phases,ref     ] GC(7)     Discovered: 0
[2024-12-07T17:08:10.584+0800][1.690s][debug][gc,phases,ref     ] GC(7)     Cleared: 0
[2024-12-07T17:08:10.584+0800][1.690s][debug][gc,phases         ] GC(7) Reference Processing 2.509ms
[2024-12-07T17:08:10.584+0800][1.690s][debug][gc,phases,start   ] GC(7) Weak Processing
[2024-12-07T17:08:10.584+0800][1.690s][debug][gc,phases         ] GC(7) Weak Processing 0.089ms
[2024-12-07T17:08:10.584+0800][1.690s][debug][gc,phases,start   ] GC(7) Class Unloading
[2024-12-07T17:08:10.584+0800][1.690s][debug][gc,phases,start   ] GC(7) ClassLoaderData
[2024-12-07T17:08:10.584+0800][1.690s][debug][gc,phases         ] GC(7) ClassLoaderData 0.090ms
[2024-12-07T17:08:10.584+0800][1.690s][debug][gc,phases,start   ] GC(7) ProtectionDomainCacheTable
[2024-12-07T17:08:10.584+0800][1.690s][debug][gc,phases         ] GC(7) ProtectionDomainCacheTable 0.087ms
[2024-12-07T17:08:10.585+0800][1.691s][info ][gc,stringtable    ] GC(7) Cleaned string and symbol table, strings: 39 processed, 0 removed, symbols: 191 processed, 0 removed
[2024-12-07T17:08:10.585+0800][1.691s][debug][gc,phases         ] GC(7) Class Unloading 0.793ms
[2024-12-07T17:08:10.585+0800][1.691s][debug][gc,phases,start   ] GC(7) Flush Task Caches
[2024-12-07T17:08:10.585+0800][1.691s][debug][gc,stats          ] Mark stats cache hits 10485 misses 148 ratio 98.608
[2024-12-07T17:08:10.585+0800][1.691s][debug][gc,phases         ] GC(7) Flush Task Caches 0.201ms
[2024-12-07T17:08:10.585+0800][1.691s][debug][gc,phases,start   ] GC(7) Update Remembered Set Tracking Before Rebuild
[2024-12-07T17:08:10.585+0800][1.691s][debug][gc,ergo           ] GC(7) Running G1 Update RemSet Tracking Before Rebuild using 2 workers for 504 regions in heap
[2024-12-07T17:08:10.586+0800][1.691s][debug][gc,remset,tracking] GC(7) Remembered Set Tracking update regions total 504, selected 0
[2024-12-07T17:08:10.586+0800][1.692s][debug][gc,phases         ] GC(7) Update Remembered Set Tracking Before Rebuild 0.310ms
[2024-12-07T17:08:10.586+0800][1.692s][debug][gc,phases,start   ] GC(7) Reclaim Empty Regions
[2024-12-07T17:08:10.586+0800][1.692s][debug][gc,phases         ] GC(7) Reclaim Empty Regions 0.171ms
[2024-12-07T17:08:10.586+0800][1.692s][debug][gc,phases,start   ] GC(7) Purge Metaspace
[2024-12-07T17:08:10.586+0800][1.692s][debug][gc,phases         ] GC(7) Purge Metaspace 0.087ms
[2024-12-07T17:08:10.586+0800][1.692s][debug][gc,phases,start   ] GC(7) Report Object Count
[2024-12-07T17:08:10.586+0800][1.692s][debug][gc,phases         ] GC(7) Report Object Count 0.087ms
[2024-12-07T17:08:10.586+0800][1.692s][info ][gc                ] GC(7) Pause Remark 301M->301M(504M) 11.112ms
[2024-12-07T17:08:10.587+0800][1.692s][info ][gc,cpu            ] GC(7) User=0.00s Sys=0.00s Real=0.01s
[2024-12-07T17:08:10.587+0800][1.693s][info ][gc,marking        ] GC(7) Concurrent Rebuild Remembered Sets
[2024-12-07T17:08:10.587+0800][1.693s][info ][gc,marking        ] GC(7) Concurrent Rebuild Remembered Sets 0.400ms
[2024-12-07T17:08:10.587+0800][1.693s][info ][gc,start          ] GC(7) Pause Cleanup
[2024-12-07T17:08:10.588+0800][1.694s][debug][gc,phases,start   ] GC(7) Update Remembered Set Tracking After Rebuild
[2024-12-07T17:08:10.588+0800][1.694s][debug][gc,phases         ] GC(7) Update Remembered Set Tracking After Rebuild 0.204ms
[2024-12-07T17:08:10.588+0800][1.694s][debug][gc,phases,start   ] GC(7) Finalize Concurrent Mark Cleanup
[2024-12-07T17:08:10.588+0800][1.694s][debug][gc,ergo           ] GC(7) request young-only gcs (candidate old regions not available)
[2024-12-07T17:08:10.588+0800][1.694s][debug][gc,phases         ] GC(7) Finalize Concurrent Mark Cleanup 0.318ms
[2024-12-07T17:08:10.588+0800][1.694s][info ][gc                ] GC(7) Pause Cleanup 301M->301M(504M) 0.902ms
[2024-12-07T17:08:10.588+0800][1.694s][info ][gc,cpu            ] GC(7) User=0.00s Sys=0.00s Real=0.00s
[2024-12-07T17:08:10.589+0800][1.694s][info ][gc,marking        ] GC(7) Concurrent Cleanup for Next Mark
[2024-12-07T17:08:10.589+0800][1.695s][debug][gc,ergo           ] GC(7) Running G1 Clear Bitmap with 5 workers for 8 work units.
[2024-12-07T17:08:10.589+0800][1.695s][info ][gc,marking        ] GC(7) Concurrent Cleanup for Next Mark 0.331ms
[2024-12-07T17:08:10.589+0800][1.695s][info ][gc                ] GC(7) Concurrent Cycle 19.048ms
[2024-12-07T17:08:09.760+0800][1.779s][debug][gc,ergo,ihop      ] Request concurrent cycle initiation (occupancy higher than threshold) occupancy: 316669952B allocation request: 1048592B threshold: 236873318B (44.82) source: concurrent humongous allocation
[2024-12-07T17:08:09.761+0800][1.780s][debug][gc,ergo           ] Request concurrent cycle initiation (requested by GC cause). GC cause: G1 Humongous Allocation
[2024-12-07T17:08:09.761+0800][1.780s][debug][gc,heap           ] GC(8) Heap before GC invocations=8 (full 0): garbage-first heap   total 516096K, used 308368K [0x00000000e0000000, 0x0000000100000000)
[2024-12-07T17:08:09.761+0800][1.780s][debug][gc,heap           ] GC(8)   region size 1024K, 2 young (2048K), 1 survivors (1024K)
[2024-12-07T17:08:09.761+0800][1.781s][debug][gc,heap           ] GC(8)  Metaspace       used 558K, capacity 4570K, committed 4864K, reserved 1056768K
[2024-12-07T17:08:09.762+0800][1.781s][debug][gc,heap           ] GC(8)   class space    used 46K, capacity 419K, committed 512K, reserved 1048576K
[2024-12-07T17:08:09.762+0800][1.781s][debug][gc,ergo           ] GC(8) Initiate concurrent cycle (concurrent cycle initiation requested)
[2024-12-07T17:08:09.762+0800][1.781s][info ][gc,start          ] GC(8) Pause Young (Concurrent Start) (G1 Humongous Allocation)
[2024-12-07T17:08:09.762+0800][1.782s][info ][gc,task           ] GC(8) Using 12 workers of 18 for evacuation
[2024-12-07T17:08:09.763+0800][1.782s][debug][gc,tlab           ] GC(8) TLAB totals: thrds: 1  refills: 1 max: 1 slow allocs: 1 max 1 waste: 100.0% gc: 524128B max: 524128B slow: 0B max: 0B fast: 0B max: 0B
[2024-12-07T17:08:09.763+0800][1.782s][debug][gc,alloc,region   ] GC(8) Mutator Allocation stats, regions: 1, wasted size: 0B ( 0.0%)
[2024-12-07T17:08:09.763+0800][1.782s][debug][gc,age            ] GC(8) Desired survivor size 6291456 bytes, new threshold 15 (max threshold 15)
[2024-12-07T17:08:09.763+0800][1.782s][debug][gc,ergo,cset      ] GC(8) Finish choosing CSet. old: 0 regions, predicted old region time: 0.00ms, time remaining: 181.98
[2024-12-07T17:08:09.763+0800][1.783s][debug][gc,task,stats     ] GC(8) GC Termination Stats
[2024-12-07T17:08:09.763+0800][1.783s][debug][gc,task,stats     ] GC(8)      elapsed  --strong roots-- -------termination------- ------waste (KiB)------
[2024-12-07T17:08:09.764+0800][1.783s][debug][gc,task,stats     ] GC(8) thr     ms        ms      %        ms      %    attempts  total   alloc    undo
[2024-12-07T17:08:09.764+0800][1.783s][debug][gc,task,stats     ] GC(8) --- --------- --------- ------ --------- ------ -------- ------- ------- -------
[2024-12-07T17:08:09.766+0800][1.785s][debug][gc,task,stats     ] GC(8)  11      1.48      1.48  99.82      0.00   0.01        1       0       0       0
[2024-12-07T17:08:09.766+0800][1.785s][debug][gc,task,stats     ] GC(8)   5      1.78      1.21  67.81      0.50  28.06        1       0       0       0
[2024-12-07T17:08:09.766+0800][1.786s][debug][gc,task,stats     ] GC(8)   2      2.06      1.08  52.27      0.60  29.33        1       0       0       0
[2024-12-07T17:08:09.767+0800][1.786s][debug][gc,task,stats     ] GC(8)   8      2.12      1.20  56.42      0.38  17.90        1       0       0       0
[2024-12-07T17:08:09.767+0800][1.786s][debug][gc,task,stats     ] GC(8)  10      2.23      1.45  64.89      0.09   3.84        1       0       0       0
[2024-12-07T17:08:09.767+0800][1.786s][debug][gc,task,stats     ] GC(8)   0      2.46      0.79  32.21      0.76  30.97        6       1       1       0
[2024-12-07T17:08:09.767+0800][1.786s][debug][gc,task,stats     ] GC(8)   6      2.50      0.77  30.87      0.76  30.47        9       0       0       0
[2024-12-07T17:08:09.767+0800][1.786s][debug][gc,task,stats     ] GC(8)   9      2.57      1.35  52.26      0.18   6.84        1       0       0       0
[2024-12-07T17:08:09.767+0800][1.786s][debug][gc,task,stats     ] GC(8)   7      2.68      0.90  33.41      0.64  23.80        1       0       0       0
[2024-12-07T17:08:09.767+0800][1.786s][debug][gc,task,stats     ] GC(8)   4      2.80      0.92  32.98      0.64  22.84        1       0       0       0
[2024-12-07T17:08:09.767+0800][1.786s][debug][gc,task,stats     ] GC(8)   1      2.92      0.77  26.25      0.73  25.08        9       0       0       0
[2024-12-07T17:08:09.767+0800][1.787s][debug][gc,task,stats     ] GC(8)   3      2.99      0.79  26.34      0.73  24.50        8       0       0       0
[2024-12-07T17:08:09.767+0800][1.787s][debug][gc,ergo           ] GC(8) Running G1 Clear Card Table Task using 1 workers for 1 units of work for 3 regions.
[2024-12-07T17:08:09.768+0800][1.787s][debug][gc,ref            ] GC(8) Skipped phase1 of Reference Processing due to unavailable references
[2024-12-07T17:08:09.768+0800][1.787s][debug][gc,ref            ] GC(8) Skipped phase3 of Reference Processing due to unavailable references
[2024-12-07T17:08:09.768+0800][1.787s][debug][gc,ergo           ] GC(8) Running G1 Free Collection Set using 1 workers for collection set length 2
[2024-12-07T17:08:09.768+0800][1.787s][debug][gc,humongous      ] GC(8) Live humongous region 0 object size 1048592 start 0x00000000e0000000  with remset 0 code roots 0 is marked 0 reclaim candidate 0 type array 1
[2024-12-07T17:08:09.768+0800][1.787s][debug][gc,humongous      ] GC(8) Live humongous region 2 object size 1048592 start 0x00000000e0200000  with remset 0 code roots 0 is marked 0 reclaim candidate 0 type array 1
[2024-12-07T17:08:09.768+0800][1.787s][debug][gc,humongous      ] GC(8) Live humongous region 4 object size 1048592 start 0x00000000e0400000  with remset 0 code roots 0 is marked 0 reclaim candidate 0 type array 1
[2024-12-07T17:08:09.768+0800][1.787s][debug][gc,humongous      ] GC(8) Live humongous region 6 object size 1048592 start 0x00000000e0600000  with remset 0 code roots 0 is marked 0 reclaim candidate 0 type array 1
[2024-12-07T17:08:09.768+0800][1.787s][debug][gc,humongous      ] GC(8) Live humongous region 8 object size 1048592 start 0x00000000e0800000  with remset 0 code roots 0 is marked 0 reclaim candidate 0 type array 1
[2024-12-07T17:08:09.768+0800][1.788s][debug][gc,humongous      ] GC(8) Live humongous region 10 object size 1048592 start 0x00000000e0a00000  with remset 0 code roots 0 is marked 0 reclaim candidate 0 type array 1
[2024-12-07T17:08:09.768+0800][1.788s][debug][gc,humongous      ] GC(8) Live humongous region 12 object size 1048592 start 0x00000000e0c00000  with remset 0 code roots 0 is marked 0 reclaim candidate 0 type array 1
[2024-12-07T17:08:09.768+0800][1.788s][debug][gc,humongous      ] GC(8) Live humongous region 14 object size 1048592 start 0x00000000e0e00000  with remset 0 code roots 0 is marked 0 reclaim candidate 0 type array 1
[2024-12-07T17:08:09.769+0800][1.788s][debug][gc,humongous      ] GC(8) Live humongous region 16 object size 1048592 start 0x00000000e1000000  with remset 0 code roots 0 is marked 0 reclaim candidate 0 type array 1
[2024-12-07T17:08:09.769+0800][1.788s][debug][gc,humongous      ] GC(8) Live humongous region 18 object size 1048592 start 0x00000000e1200000  with remset 0 code roots 0 is marked 0 reclaim candidate 0 type array 1
[2024-12-07T17:08:09.769+0800][1.788s][debug][gc,humongous      ] GC(8) Live humongous region 20 object size 1048592 start 0x00000000e1400000  with remset 0 code roots 0 is marked 0 reclaim candidate 0 type array 1
[2024-12-07T17:08:09.769+0800][1.788s][debug][gc,humongous      ] GC(8) Live humongous region 22 object size 1048592 start 0x00000000e1600000  with remset 0 code roots 0 is marked 0 reclaim candidate 0 type array 1
[2024-12-07T17:08:09.769+0800][1.788s][debug][gc,humongous      ] GC(8) Live humongous region 24 object size 1048592 start 0x00000000e1800000  with remset 0 code roots 0 is marked 0 reclaim candidate 0 type array 1
[2024-12-07T17:08:09.769+0800][1.788s][debug][gc,humongous      ] GC(8) Live humongous region 26 object size 1048592 start 0x00000000e1a00000  with remset 0 code roots 0 is marked 0 reclaim candidate 0 type array 1
[2024-12-07T17:08:09.769+0800][1.788s][debug][gc,humongous      ] GC(8) Live humongous region 28 object size 1048592 start 0x00000000e1c00000  with remset 0 code roots 0 is marked 0 reclaim candidate 0 type array 1
[2024-12-07T17:08:09.769+0800][1.788s][debug][gc,humongous      ] GC(8) Live humongous region 30 object size 1048592 start 0x00000000e1e00000  with remset 0 code roots 0 is marked 0 reclaim candidate 0 type array 1
[2024-12-07T17:08:09.769+0800][1.788s][debug][gc,humongous      ] GC(8) Live humongous region 32 object size 1048592 start 0x00000000e2000000  with remset 0 code roots 0 is marked 0 reclaim candidate 0 type array 1
[2024-12-07T17:08:09.769+0800][1.788s][debug][gc,humongous      ] GC(8) Live humongous region 34 object size 1048592 start 0x00000000e2200000  with remset 0 code roots 0 is marked 0 reclaim candidate 0 type array 1
[2024-12-07T17:08:09.769+0800][1.788s][debug][gc,humongous      ] GC(8) Live humongous region 36 object size 1048592 start 0x00000000e2400000  with remset 0 code roots 0 is marked 0 reclaim candidate 0 type array 1
[2024-12-07T17:08:09.769+0800][1.789s][debug][gc,humongous      ] GC(8) Live humongous region 38 object size 1048592 start 0x00000000e2600000  with remset 0 code roots 0 is marked 0 reclaim candidate 0 type array 1
[2024-12-07T17:08:09.769+0800][1.789s][debug][gc,humongous      ] GC(8) Live humongous region 40 object size 1048592 start 0x00000000e2800000  with remset 0 code roots 0 is marked 0 reclaim candidate 0 type array 1
[2024-12-07T17:08:09.770+0800][1.789s][debug][gc,humongous      ] GC(8) Live humongous region 42 object size 1048592 start 0x00000000e2a00000  with remset 0 code roots 0 is marked 0 reclaim candidate 0 type array 1
[2024-12-07T17:08:09.770+0800][1.789s][debug][gc,humongous      ] GC(8) Live humongous region 44 object size 1048592 start 0x00000000e2c00000  with remset 0 code roots 0 is marked 0 reclaim candidate 0 type array 1
[2024-12-07T17:08:09.770+0800][1.789s][debug][gc,humongous      ] GC(8) Live humongous region 46 object size 1048592 start 0x00000000e2e00000  with remset 0 code roots 0 is marked 0 reclaim candidate 0 type array 1
[2024-12-07T17:08:09.770+0800][1.789s][debug][gc,humongous      ] GC(8) Live humongous region 48 object size 1048592 start 0x00000000e3000000  with remset 0 code roots 0 is marked 0 reclaim candidate 0 type array 1
[2024-12-07T17:08:09.770+0800][1.789s][debug][gc,humongous      ] GC(8) Live humongous region 50 object size 1048592 start 0x00000000e3200000  with remset 0 code roots 0 is marked 0 reclaim candidate 0 type array 1
[2024-12-07T17:08:09.770+0800][1.789s][debug][gc,humongous      ] GC(8) Live humongous region 52 object size 1048592 start 0x00000000e3400000  with remset 0 code roots 0 is marked 0 reclaim candidate 0 type array 1
[2024-12-07T17:08:09.770+0800][1.789s][debug][gc,humongous      ] GC(8) Live humongous region 54 object size 1048592 start 0x00000000e3600000  with remset 0 code roots 0 is marked 0 reclaim candidate 0 type array 1
[2024-12-07T17:08:09.770+0800][1.789s][debug][gc,humongous      ] GC(8) Live humongous region 56 object size 1048592 start 0x00000000e3800000  with remset 0 code roots 0 is marked 0 reclaim candidate 0 type array 1
[2024-12-07T17:08:09.770+0800][1.789s][debug][gc,humongous      ] GC(8) Live humongous region 58 object size 1048592 start 0x00000000e3a00000  with remset 0 code roots 0 is marked 0 reclaim candidate 0 type array 1
[2024-12-07T17:08:09.770+0800][1.789s][debug][gc,humongous      ] GC(8) Live humongous region 60 object size 1048592 start 0x00000000e3c00000  with remset 0 code roots 0 is marked 0 reclaim candidate 0 type array 1
[2024-12-07T17:08:09.770+0800][1.789s][debug][gc,humongous      ] GC(8) Live humongous region 62 object size 1048592 start 0x00000000e3e00000  with remset 0 code roots 0 is marked 0 reclaim candidate 0 type array 1
[2024-12-07T17:08:09.770+0800][1.790s][debug][gc,humongous      ] GC(8) Live humongous region 64 object size 1048592 start 0x00000000e4000000  with remset 0 code roots 0 is marked 0 reclaim candidate 0 type array 1
[2024-12-07T17:08:09.770+0800][1.790s][debug][gc,humongous      ] GC(8) Live humongous region 66 object size 1048592 start 0x00000000e4200000  with remset 0 code roots 0 is marked 0 reclaim candidate 0 type array 1
[2024-12-07T17:08:09.770+0800][1.790s][debug][gc,humongous      ] GC(8) Live humongous region 68 object size 1048592 start 0x00000000e4400000  with remset 0 code roots 0 is marked 0 reclaim candidate 0 type array 1
[2024-12-07T17:08:09.771+0800][1.790s][debug][gc,humongous      ] GC(8) Live humongous region 70 object size 1048592 start 0x00000000e4600000  with remset 0 code roots 0 is marked 0 reclaim candidate 0 type array 1
[2024-12-07T17:08:09.771+0800][1.790s][debug][gc,humongous      ] GC(8) Live humongous region 72 object size 1048592 start 0x00000000e4800000  with remset 0 code roots 0 is marked 0 reclaim candidate 0 type array 1
[2024-12-07T17:08:09.771+0800][1.790s][debug][gc,humongous      ] GC(8) Live humongous region 74 object size 1048592 start 0x00000000e4a00000  with remset 0 code roots 0 is marked 0 reclaim candidate 0 type array 1
[2024-12-07T17:08:09.771+0800][1.790s][debug][gc,humongous      ] GC(8) Live humongous region 76 object size 1048592 start 0x00000000e4c00000  with remset 0 code roots 0 is marked 0 reclaim candidate 0 type array 1
[2024-12-07T17:08:09.771+0800][1.790s][debug][gc,humongous      ] GC(8) Live humongous region 78 object size 1048592 start 0x00000000e4e00000  with remset 0 code roots 0 is marked 0 reclaim candidate 0 type array 1
[2024-12-07T17:08:09.771+0800][1.790s][debug][gc,humongous      ] GC(8) Live humongous region 80 object size 1048592 start 0x00000000e5000000  with remset 0 code roots 0 is marked 0 reclaim candidate 0 type array 1
[2024-12-07T17:08:09.771+0800][1.790s][debug][gc,humongous      ] GC(8) Live humongous region 82 object size 1048592 start 0x00000000e5200000  with remset 0 code roots 0 is marked 0 reclaim candidate 0 type array 1
[2024-12-07T17:08:09.771+0800][1.790s][debug][gc,humongous      ] GC(8) Live humongous region 84 object size 1048592 start 0x00000000e5400000  with remset 0 code roots 0 is marked 0 reclaim candidate 0 type array 1
[2024-12-07T17:08:09.771+0800][1.790s][debug][gc,humongous      ] GC(8) Live humongous region 86 object size 1048592 start 0x00000000e5600000  with remset 0 code roots 0 is marked 0 reclaim candidate 0 type array 1
[2024-12-07T17:08:09.771+0800][1.790s][debug][gc,humongous      ] GC(8) Live humongous region 88 object size 1048592 start 0x00000000e5800000  with remset 0 code roots 0 is marked 0 reclaim candidate 0 type array 1
[2024-12-07T17:08:09.771+0800][1.790s][debug][gc,humongous      ] GC(8) Live humongous region 90 object size 1048592 start 0x00000000e5a00000  with remset 0 code roots 0 is marked 0 reclaim candidate 0 type array 1
[2024-12-07T17:08:09.771+0800][1.790s][debug][gc,humongous      ] GC(8) Live humongous region 92 object size 1048592 start 0x00000000e5c00000  with remset 0 code roots 0 is marked 0 reclaim candidate 0 type array 1
[2024-12-07T17:08:09.771+0800][1.791s][debug][gc,humongous      ] GC(8) Live humongous region 94 object size 1048592 start 0x00000000e5e00000  with remset 0 code roots 0 is marked 0 reclaim candidate 0 type array 1
[2024-12-07T17:08:09.771+0800][1.791s][debug][gc,humongous      ] GC(8) Live humongous region 96 object size 1048592 start 0x00000000e6000000  with remset 0 code roots 0 is marked 0 reclaim candidate 0 type array 1
[2024-12-07T17:08:09.771+0800][1.791s][debug][gc,humongous      ] GC(8) Live humongous region 98 object size 1048592 start 0x00000000e6200000  with remset 0 code roots 0 is marked 0 reclaim candidate 0 type array 1
[2024-12-07T17:08:09.772+0800][1.791s][debug][gc,humongous      ] GC(8) Live humongous region 100 object size 1048592 start 0x00000000e6400000  with remset 0 code roots 0 is marked 0 reclaim candidate 0 type array 1
[2024-12-07T17:08:09.772+0800][1.791s][debug][gc,humongous      ] GC(8) Live humongous region 102 object size 1048592 start 0x00000000e6600000  with remset 0 code roots 0 is marked 0 reclaim candidate 0 type array 1
[2024-12-07T17:08:09.772+0800][1.791s][debug][gc,humongous      ] GC(8) Live humongous region 104 object size 1048592 start 0x00000000e6800000  with remset 0 code roots 0 is marked 0 reclaim candidate 0 type array 1
[2024-12-07T17:08:09.772+0800][1.791s][debug][gc,humongous      ] GC(8) Live humongous region 106 object size 1048592 start 0x00000000e6a00000  with remset 0 code roots 0 is marked 0 reclaim candidate 0 type array 1
[2024-12-07T17:08:09.772+0800][1.791s][debug][gc,humongous      ] GC(8) Live humongous region 108 object size 1048592 start 0x00000000e6c00000  with remset 0 code roots 0 is marked 0 reclaim candidate 0 type array 1
[2024-12-07T17:08:09.772+0800][1.791s][debug][gc,humongous      ] GC(8) Live humongous region 110 object size 1048592 start 0x00000000e6e00000  with remset 0 code roots 0 is marked 0 reclaim candidate 0 type array 1
[2024-12-07T17:08:09.772+0800][1.791s][debug][gc,humongous      ] GC(8) Live humongous region 112 object size 1048592 start 0x00000000e7000000  with remset 0 code roots 0 is marked 0 reclaim candidate 0 type array 1
[2024-12-07T17:08:09.772+0800][1.791s][debug][gc,humongous      ] GC(8) Live humongous region 114 object size 1048592 start 0x00000000e7200000  with remset 0 code roots 0 is marked 0 reclaim candidate 0 type array 1
[2024-12-07T17:08:09.772+0800][1.791s][debug][gc,humongous      ] GC(8) Live humongous region 116 object size 1048592 start 0x00000000e7400000  with remset 0 code roots 0 is marked 0 reclaim candidate 0 type array 1
[2024-12-07T17:08:09.772+0800][1.791s][debug][gc,humongous      ] GC(8) Live humongous region 118 object size 1048592 start 0x00000000e7600000  with remset 0 code roots 0 is marked 0 reclaim candidate 0 type array 1
[2024-12-07T17:08:09.772+0800][1.791s][debug][gc,humongous      ] GC(8) Live humongous region 120 object size 1048592 start 0x00000000e7800000  with remset 0 code roots 0 is marked 0 reclaim candidate 0 type array 1
[2024-12-07T17:08:09.772+0800][1.791s][debug][gc,humongous      ] GC(8) Live humongous region 122 object size 1048592 start 0x00000000e7a00000  with remset 0 code roots 0 is marked 0 reclaim candidate 0 type array 1
[2024-12-07T17:08:09.772+0800][1.792s][debug][gc,humongous      ] GC(8) Live humongous region 124 object size 1048592 start 0x00000000e7c00000  with remset 0 code roots 0 is marked 0 reclaim candidate 0 type array 1
[2024-12-07T17:08:09.772+0800][1.792s][debug][gc,humongous      ] GC(8) Live humongous region 126 object size 1048592 start 0x00000000e7e00000  with remset 0 code roots 0 is marked 0 reclaim candidate 0 type array 1
[2024-12-07T17:08:09.773+0800][1.792s][debug][gc,humongous      ] GC(8) Live humongous region 128 object size 1048592 start 0x00000000e8000000  with remset 0 code roots 0 is marked 0 reclaim candidate 0 type array 1
[2024-12-07T17:08:09.773+0800][1.792s][debug][gc,humongous      ] GC(8) Live humongous region 130 object size 1048592 start 0x00000000e8200000  with remset 0 code roots 0 is marked 0 reclaim candidate 0 type array 1
[2024-12-07T17:08:09.773+0800][1.792s][debug][gc,humongous      ] GC(8) Live humongous region 132 object size 1048592 start 0x00000000e8400000  with remset 0 code roots 0 is marked 0 reclaim candidate 0 type array 1
[2024-12-07T17:08:09.773+0800][1.792s][debug][gc,humongous      ] GC(8) Live humongous region 134 object size 1048592 start 0x00000000e8600000  with remset 0 code roots 0 is marked 0 reclaim candidate 0 type array 1
[2024-12-07T17:08:09.773+0800][1.792s][debug][gc,humongous      ] GC(8) Live humongous region 136 object size 1048592 start 0x00000000e8800000  with remset 0 code roots 0 is marked 0 reclaim candidate 0 type array 1
[2024-12-07T17:08:09.773+0800][1.792s][debug][gc,humongous      ] GC(8) Live humongous region 138 object size 1048592 start 0x00000000e8a00000  with remset 0 code roots 0 is marked 0 reclaim candidate 0 type array 1
[2024-12-07T17:08:09.773+0800][1.792s][debug][gc,humongous      ] GC(8) Live humongous region 140 object size 1048592 start 0x00000000e8c00000  with remset 0 code roots 0 is marked 0 reclaim candidate 0 type array 1
[2024-12-07T17:08:09.773+0800][1.792s][debug][gc,humongous      ] GC(8) Live humongous region 142 object size 1048592 start 0x00000000e8e00000  with remset 0 code roots 0 is marked 0 reclaim candidate 0 type array 1
[2024-12-07T17:08:09.773+0800][1.792s][debug][gc,humongous      ] GC(8) Live humongous region 144 object size 1048592 start 0x00000000e9000000  with remset 0 code roots 0 is marked 0 reclaim candidate 0 type array 1
[2024-12-07T17:08:09.773+0800][1.792s][debug][gc,humongous      ] GC(8) Live humongous region 146 object size 1048592 start 0x00000000e9200000  with remset 0 code roots 0 is marked 0 reclaim candidate 0 type array 1
[2024-12-07T17:08:09.773+0800][1.792s][debug][gc,humongous      ] GC(8) Live humongous region 148 object size 1048592 start 0x00000000e9400000  with remset 0 code roots 0 is marked 0 reclaim candidate 0 type array 1
[2024-12-07T17:08:09.773+0800][1.792s][debug][gc,humongous      ] GC(8) Live humongous region 150 object size 1048592 start 0x00000000e9600000  with remset 0 code roots 0 is marked 0 reclaim candidate 0 type array 1
[2024-12-07T17:08:09.773+0800][1.792s][debug][gc,humongous      ] GC(8) Live humongous region 152 object size 1048592 start 0x00000000e9800000  with remset 0 code roots 0 is marked 0 reclaim candidate 0 type array 1
[2024-12-07T17:08:09.773+0800][1.793s][debug][gc,humongous      ] GC(8) Live humongous region 154 object size 1048592 start 0x00000000e9a00000  with remset 0 code roots 0 is marked 0 reclaim candidate 0 type array 1
[2024-12-07T17:08:09.773+0800][1.793s][debug][gc,humongous      ] GC(8) Live humongous region 156 object size 1048592 start 0x00000000e9c00000  with remset 0 code roots 0 is marked 0 reclaim candidate 0 type array 1
[2024-12-07T17:08:09.773+0800][1.793s][debug][gc,humongous      ] GC(8) Live humongous region 158 object size 1048592 start 0x00000000e9e00000  with remset 0 code roots 0 is marked 0 reclaim candidate 0 type array 1
[2024-12-07T17:08:09.774+0800][1.793s][debug][gc,humongous      ] GC(8) Live humongous region 160 object size 1048592 start 0x00000000ea000000  with remset 0 code roots 0 is marked 0 reclaim candidate 0 type array 1
[2024-12-07T17:08:09.774+0800][1.793s][debug][gc,humongous      ] GC(8) Live humongous region 162 object size 1048592 start 0x00000000ea200000  with remset 0 code roots 0 is marked 0 reclaim candidate 0 type array 1
[2024-12-07T17:08:09.774+0800][1.793s][debug][gc,humongous      ] GC(8) Live humongous region 164 object size 1048592 start 0x00000000ea400000  with remset 0 code roots 0 is marked 0 reclaim candidate 0 type array 1
[2024-12-07T17:08:09.774+0800][1.793s][debug][gc,humongous      ] GC(8) Live humongous region 166 object size 1048592 start 0x00000000ea600000  with remset 0 code roots 0 is marked 0 reclaim candidate 0 type array 1
[2024-12-07T17:08:09.774+0800][1.793s][debug][gc,humongous      ] GC(8) Live humongous region 168 object size 1048592 start 0x00000000ea800000  with remset 0 code roots 0 is marked 0 reclaim candidate 0 type array 1
[2024-12-07T17:08:09.774+0800][1.793s][debug][gc,humongous      ] GC(8) Live humongous region 170 object size 1048592 start 0x00000000eaa00000  with remset 0 code roots 0 is marked 0 reclaim candidate 0 type array 1
[2024-12-07T17:08:09.774+0800][1.793s][debug][gc,humongous      ] GC(8) Live humongous region 172 object size 1048592 start 0x00000000eac00000  with remset 0 code roots 0 is marked 0 reclaim candidate 0 type array 1
[2024-12-07T17:08:09.774+0800][1.793s][debug][gc,humongous      ] GC(8) Live humongous region 174 object size 1048592 start 0x00000000eae00000  with remset 0 code roots 0 is marked 0 reclaim candidate 0 type array 1
[2024-12-07T17:08:09.774+0800][1.793s][debug][gc,humongous      ] GC(8) Live humongous region 176 object size 1048592 start 0x00000000eb000000  with remset 0 code roots 0 is marked 0 reclaim candidate 0 type array 1
[2024-12-07T17:08:09.774+0800][1.793s][debug][gc,humongous      ] GC(8) Live humongous region 178 object size 1048592 start 0x00000000eb200000  with remset 0 code roots 0 is marked 0 reclaim candidate 0 type array 1
[2024-12-07T17:08:09.774+0800][1.793s][debug][gc,humongous      ] GC(8) Live humongous region 180 object size 1048592 start 0x00000000eb400000  with remset 0 code roots 0 is marked 0 reclaim candidate 0 type array 1
[2024-12-07T17:08:09.774+0800][1.793s][debug][gc,humongous      ] GC(8) Live humongous region 182 object size 1048592 start 0x00000000eb600000  with remset 0 code roots 0 is marked 0 reclaim candidate 0 type array 1
[2024-12-07T17:08:09.774+0800][1.794s][debug][gc,humongous      ] GC(8) Live humongous region 184 object size 1048592 start 0x00000000eb800000  with remset 0 code roots 0 is marked 0 reclaim candidate 0 type array 1
[2024-12-07T17:08:09.774+0800][1.794s][debug][gc,humongous      ] GC(8) Live humongous region 186 object size 1048592 start 0x00000000eba00000  with remset 0 code roots 0 is marked 0 reclaim candidate 0 type array 1
[2024-12-07T17:08:09.774+0800][1.794s][debug][gc,humongous      ] GC(8) Live humongous region 188 object size 1048592 start 0x00000000ebc00000  with remset 0 code roots 0 is marked 0 reclaim candidate 0 type array 1
[2024-12-07T17:08:09.775+0800][1.794s][debug][gc,humongous      ] GC(8) Live humongous region 190 object size 1048592 start 0x00000000ebe00000  with remset 0 code roots 0 is marked 0 reclaim candidate 0 type array 1
[2024-12-07T17:08:09.775+0800][1.794s][debug][gc,humongous      ] GC(8) Live humongous region 192 object size 1048592 start 0x00000000ec000000  with remset 0 code roots 0 is marked 0 reclaim candidate 0 type array 1
[2024-12-07T17:08:09.775+0800][1.794s][debug][gc,humongous      ] GC(8) Live humongous region 194 object size 1048592 start 0x00000000ec200000  with remset 0 code roots 0 is marked 0 reclaim candidate 0 type array 1
[2024-12-07T17:08:09.775+0800][1.794s][debug][gc,humongous      ] GC(8) Live humongous region 196 object size 1048592 start 0x00000000ec400000  with remset 0 code roots 0 is marked 0 reclaim candidate 0 type array 1
[2024-12-07T17:08:09.775+0800][1.794s][debug][gc,humongous      ] GC(8) Live humongous region 198 object size 1048592 start 0x00000000ec600000  with remset 0 code roots 0 is marked 0 reclaim candidate 0 type array 1
[2024-12-07T17:08:09.775+0800][1.794s][debug][gc,humongous      ] GC(8) Live humongous region 200 object size 1048592 start 0x00000000ec800000  with remset 0 code roots 0 is marked 0 reclaim candidate 0 type array 1
[2024-12-07T17:08:09.775+0800][1.794s][debug][gc,humongous      ] GC(8) Live humongous region 202 object size 1048592 start 0x00000000eca00000  with remset 0 code roots 0 is marked 0 reclaim candidate 0 type array 1
[2024-12-07T17:08:09.775+0800][1.794s][debug][gc,humongous      ] GC(8) Live humongous region 204 object size 1048592 start 0x00000000ecc00000  with remset 0 code roots 0 is marked 0 reclaim candidate 0 type array 1
[2024-12-07T17:08:09.775+0800][1.794s][debug][gc,humongous      ] GC(8) Live humongous region 206 object size 1048592 start 0x00000000ece00000  with remset 0 code roots 0 is marked 0 reclaim candidate 0 type array 1
[2024-12-07T17:08:09.775+0800][1.794s][debug][gc,humongous      ] GC(8) Live humongous region 208 object size 1048592 start 0x00000000ed000000  with remset 0 code roots 0 is marked 0 reclaim candidate 0 type array 1
[2024-12-07T17:08:09.775+0800][1.794s][debug][gc,humongous      ] GC(8) Live humongous region 210 object size 1048592 start 0x00000000ed200000  with remset 0 code roots 0 is marked 0 reclaim candidate 0 type array 1
[2024-12-07T17:08:09.775+0800][1.794s][debug][gc,humongous      ] GC(8) Live humongous region 212 object size 1048592 start 0x00000000ed400000  with remset 0 code roots 0 is marked 0 reclaim candidate 0 type array 1
[2024-12-07T17:08:09.775+0800][1.795s][debug][gc,humongous      ] GC(8) Live humongous region 214 object size 1048592 start 0x00000000ed600000  with remset 0 code roots 0 is marked 0 reclaim candidate 0 type array 1
[2024-12-07T17:08:09.775+0800][1.795s][debug][gc,humongous      ] GC(8) Live humongous region 216 object size 1048592 start 0x00000000ed800000  with remset 0 code roots 0 is marked 0 reclaim candidate 0 type array 1
[2024-12-07T17:08:09.775+0800][1.795s][debug][gc,humongous      ] GC(8) Live humongous region 218 object size 1048592 start 0x00000000eda00000  with remset 0 code roots 0 is marked 0 reclaim candidate 0 type array 1
[2024-12-07T17:08:09.776+0800][1.795s][debug][gc,humongous      ] GC(8) Live humongous region 220 object size 1048592 start 0x00000000edc00000  with remset 0 code roots 0 is marked 0 reclaim candidate 0 type array 1
[2024-12-07T17:08:09.776+0800][1.795s][debug][gc,humongous      ] GC(8) Live humongous region 222 object size 1048592 start 0x00000000ede00000  with remset 0 code roots 0 is marked 0 reclaim candidate 0 type array 1
[2024-12-07T17:08:09.776+0800][1.795s][debug][gc,humongous      ] GC(8) Live humongous region 224 object size 1048592 start 0x00000000ee000000  with remset 0 code roots 0 is marked 0 reclaim candidate 0 type array 1
[2024-12-07T17:08:09.776+0800][1.795s][debug][gc,humongous      ] GC(8) Live humongous region 226 object size 1048592 start 0x00000000ee200000  with remset 0 code roots 0 is marked 0 reclaim candidate 0 type array 1
[2024-12-07T17:08:09.776+0800][1.795s][debug][gc,humongous      ] GC(8) Live humongous region 228 object size 1048592 start 0x00000000ee400000  with remset 0 code roots 0 is marked 0 reclaim candidate 0 type array 1
[2024-12-07T17:08:09.776+0800][1.795s][debug][gc,humongous      ] GC(8) Live humongous region 230 object size 1048592 start 0x00000000ee600000  with remset 0 code roots 0 is marked 0 reclaim candidate 0 type array 1
[2024-12-07T17:08:09.776+0800][1.795s][debug][gc,humongous      ] GC(8) Live humongous region 232 object size 1048592 start 0x00000000ee800000  with remset 0 code roots 0 is marked 0 reclaim candidate 0 type array 1
[2024-12-07T17:08:09.776+0800][1.795s][debug][gc,humongous      ] GC(8) Live humongous region 234 object size 1048592 start 0x00000000eea00000  with remset 0 code roots 0 is marked 0 reclaim candidate 0 type array 1
[2024-12-07T17:08:09.776+0800][1.795s][debug][gc,humongous      ] GC(8) Live humongous region 236 object size 1048592 start 0x00000000eec00000  with remset 0 code roots 0 is marked 0 reclaim candidate 0 type array 1
[2024-12-07T17:08:09.776+0800][1.795s][debug][gc,humongous      ] GC(8) Live humongous region 238 object size 1048592 start 0x00000000eee00000  with remset 0 code roots 0 is marked 0 reclaim candidate 0 type array 1
[2024-12-07T17:08:09.776+0800][1.796s][debug][gc,humongous      ] GC(8) Live humongous region 240 object size 1048592 start 0x00000000ef000000  with remset 0 code roots 0 is marked 0 reclaim candidate 0 type array 1
[2024-12-07T17:08:09.776+0800][1.796s][debug][gc,humongous      ] GC(8) Live humongous region 242 object size 1048592 start 0x00000000ef200000  with remset 0 code roots 0 is marked 0 reclaim candidate 0 type array 1
[2024-12-07T17:08:09.776+0800][1.796s][debug][gc,humongous      ] GC(8) Live humongous region 244 object size 1048592 start 0x00000000ef400000  with remset 0 code roots 0 is marked 0 reclaim candidate 0 type array 1
[2024-12-07T17:08:09.777+0800][1.796s][debug][gc,humongous      ] GC(8) Live humongous region 246 object size 1048592 start 0x00000000ef600000  with remset 0 code roots 0 is marked 0 reclaim candidate 0 type array 1
[2024-12-07T17:08:09.777+0800][1.796s][debug][gc,humongous      ] GC(8) Live humongous region 248 object size 1048592 start 0x00000000ef800000  with remset 0 code roots 0 is marked 0 reclaim candidate 0 type array 1
[2024-12-07T17:08:09.777+0800][1.796s][debug][gc,humongous      ] GC(8) Live humongous region 250 object size 1048592 start 0x00000000efa00000  with remset 0 code roots 0 is marked 0 reclaim candidate 0 type array 1
[2024-12-07T17:08:09.777+0800][1.796s][debug][gc,humongous      ] GC(8) Live humongous region 252 object size 1048592 start 0x00000000efc00000  with remset 0 code roots 0 is marked 0 reclaim candidate 0 type array 1
[2024-12-07T17:08:09.777+0800][1.796s][debug][gc,humongous      ] GC(8) Live humongous region 254 object size 1048592 start 0x00000000efe00000  with remset 0 code roots 0 is marked 0 reclaim candidate 0 type array 1
[2024-12-07T17:08:09.777+0800][1.796s][debug][gc,humongous      ] GC(8) Live humongous region 256 object size 1048592 start 0x00000000f0000000  with remset 0 code roots 0 is marked 0 reclaim candidate 0 type array 1
[2024-12-07T17:08:09.777+0800][1.796s][debug][gc,humongous      ] GC(8) Live humongous region 258 object size 1048592 start 0x00000000f0200000  with remset 0 code roots 0 is marked 0 reclaim candidate 0 type array 1
[2024-12-07T17:08:09.777+0800][1.796s][debug][gc,humongous      ] GC(8) Live humongous region 260 object size 1048592 start 0x00000000f0400000  with remset 0 code roots 0 is marked 0 reclaim candidate 0 type array 1
[2024-12-07T17:08:09.777+0800][1.796s][debug][gc,humongous      ] GC(8) Live humongous region 262 object size 1048592 start 0x00000000f0600000  with remset 0 code roots 0 is marked 0 reclaim candidate 0 type array 1
[2024-12-07T17:08:09.777+0800][1.796s][debug][gc,humongous      ] GC(8) Live humongous region 264 object size 1048592 start 0x00000000f0800000  with remset 0 code roots 0 is marked 0 reclaim candidate 0 type array 1
[2024-12-07T17:08:09.777+0800][1.796s][debug][gc,humongous      ] GC(8) Live humongous region 266 object size 1048592 start 0x00000000f0a00000  with remset 0 code roots 0 is marked 0 reclaim candidate 0 type array 1
[2024-12-07T17:08:09.777+0800][1.796s][debug][gc,humongous      ] GC(8) Live humongous region 268 object size 1048592 start 0x00000000f0c00000  with remset 0 code roots 0 is marked 0 reclaim candidate 0 type array 1
[2024-12-07T17:08:09.777+0800][1.796s][debug][gc,humongous      ] GC(8) Live humongous region 270 object size 1048592 start 0x00000000f0e00000  with remset 0 code roots 0 is marked 0 reclaim candidate 0 type array 1
[2024-12-07T17:08:09.777+0800][1.797s][debug][gc,humongous      ] GC(8) Live humongous region 272 object size 1048592 start 0x00000000f1000000  with remset 0 code roots 0 is marked 0 reclaim candidate 0 type array 1
[2024-12-07T17:08:09.777+0800][1.797s][debug][gc,humongous      ] GC(8) Live humongous region 274 object size 1048592 start 0x00000000f1200000  with remset 0 code roots 0 is marked 0 reclaim candidate 0 type array 1
[2024-12-07T17:08:09.778+0800][1.797s][debug][gc,humongous      ] GC(8) Live humongous region 276 object size 1048592 start 0x00000000f1400000  with remset 0 code roots 0 is marked 0 reclaim candidate 0 type array 1
[2024-12-07T17:08:09.778+0800][1.797s][debug][gc,humongous      ] GC(8) Live humongous region 278 object size 1048592 start 0x00000000f1600000  with remset 0 code roots 0 is marked 0 reclaim candidate 0 type array 1
[2024-12-07T17:08:09.778+0800][1.797s][debug][gc,humongous      ] GC(8) Live humongous region 280 object size 1048592 start 0x00000000f1800000  with remset 0 code roots 0 is marked 0 reclaim candidate 0 type array 1
[2024-12-07T17:08:09.778+0800][1.797s][debug][gc,humongous      ] GC(8) Live humongous region 282 object size 1048592 start 0x00000000f1a00000  with remset 0 code roots 0 is marked 0 reclaim candidate 0 type array 1
[2024-12-07T17:08:09.778+0800][1.797s][debug][gc,humongous      ] GC(8) Live humongous region 284 object size 1048592 start 0x00000000f1c00000  with remset 0 code roots 0 is marked 0 reclaim candidate 0 type array 1
[2024-12-07T17:08:09.778+0800][1.797s][debug][gc,humongous      ] GC(8) Live humongous region 286 object size 1048592 start 0x00000000f1e00000  with remset 0 code roots 0 is marked 0 reclaim candidate 0 type array 1
[2024-12-07T17:08:09.778+0800][1.797s][debug][gc,humongous      ] GC(8) Live humongous region 288 object size 1048592 start 0x00000000f2000000  with remset 0 code roots 0 is marked 0 reclaim candidate 0 type array 1
[2024-12-07T17:08:09.778+0800][1.797s][debug][gc,humongous      ] GC(8) Live humongous region 290 object size 1048592 start 0x00000000f2200000  with remset 0 code roots 0 is marked 0 reclaim candidate 0 type array 1
[2024-12-07T17:08:09.778+0800][1.797s][debug][gc,humongous      ] GC(8) Live humongous region 292 object size 1048592 start 0x00000000f2400000  with remset 0 code roots 0 is marked 0 reclaim candidate 0 type array 1
[2024-12-07T17:08:09.778+0800][1.797s][debug][gc,humongous      ] GC(8) Live humongous region 294 object size 1048592 start 0x00000000f2600000  with remset 0 code roots 0 is marked 0 reclaim candidate 0 type array 1
[2024-12-07T17:08:09.778+0800][1.797s][debug][gc,humongous      ] GC(8) Live humongous region 296 object size 1048592 start 0x00000000f2800000  with remset 0 code roots 0 is marked 0 reclaim candidate 0 type array 1
[2024-12-07T17:08:09.778+0800][1.797s][debug][gc,humongous      ] GC(8) Live humongous region 298 object size 1048592 start 0x00000000f2a00000  with remset 0 code roots 0 is marked 0 reclaim candidate 0 type array 1
[2024-12-07T17:08:09.778+0800][1.797s][debug][gc,plab           ] GC(8) Young PLAB allocation: allocated: 378448B, wasted: 2000B, unused: 11088B, used: 365360B, undo waste: 0B, 
[2024-12-07T17:08:09.778+0800][1.798s][debug][gc,plab           ] GC(8) Young other allocation: region end waste: 0B, regions filled: 1, direct allocated: 72456B, failure used: 0B, failure wasted: 0B
[2024-12-07T17:08:09.778+0800][1.798s][debug][gc,plab           ] GC(8) Young sizing: calculated: 73072B, actual: 73136B
[2024-12-07T17:08:09.779+0800][1.798s][debug][gc,plab           ] GC(8) Old PLAB allocation: allocated: 0B, wasted: 0B, unused: 0B, used: 0B, undo waste: 0B, 
[2024-12-07T17:08:09.779+0800][1.798s][debug][gc,plab           ] GC(8) Old other allocation: region end waste: 0B, regions filled: 0, direct allocated: 0B, failure used: 0B, failure wasted: 0B
[2024-12-07T17:08:09.779+0800][1.798s][debug][gc,plab           ] GC(8) Old sizing: calculated: 0B, actual: 2064B
[2024-12-07T17:08:09.779+0800][1.798s][debug][gc,alloc,stats    ] Old generation allocation in the last mutator period, old gen allocated: 0B, humongous allocated: 20971520B,old gen growth: 20971520B.
[2024-12-07T17:08:09.779+0800][1.798s][debug][gc,ihop           ] GC(8) Basic information (value update), threshold: 236873318B (45.00), target occupancy: 526385152B, current occupancy: 315760984B, recent allocation size: 20971520B, recent allocation duration: 101.90ms, recent old gen allocation rate: 205803719.21B/s, recent marking phase length: 0.00ms
[2024-12-07T17:08:09.779+0800][1.798s][debug][gc,ihop           ] GC(8) Adaptive IHOP information (value update), threshold: 236873318B (51.91), internal target occupancy: 456340275B, occupancy: 315760984B, additional buffer size: 84934656B, predicted old gen allocation rate: 196912710.81B/s, predicted marking phase length: 0.00ms, prediction active: false
[2024-12-07T17:08:09.779+0800][1.798s][debug][gc,ergo,refine    ] GC(8) Updated Refinement Zones: green: 18, yellow: 54, red: 90
[2024-12-07T17:08:09.779+0800][1.799s][info ][gc,phases         ] GC(8)   Pre Evacuate Collection Set: 0.2ms
[2024-12-07T17:08:09.779+0800][1.799s][debug][gc,phases         ] GC(8)     Prepare TLABs: 0.2ms
[2024-12-07T17:08:09.780+0800][1.799s][debug][gc,phases         ] GC(8)     Choose Collection Set: 0.1ms
[2024-12-07T17:08:09.780+0800][1.799s][debug][gc,phases         ] GC(8)     Humongous Register: 0.0ms
[2024-12-07T17:08:09.780+0800][1.799s][debug][gc,phases         ] GC(8)     Clear Claimed Marks: 0.0ms
[2024-12-07T17:08:09.780+0800][1.799s][info ][gc,phases         ] GC(8)   Evacuate Collection Set: 4.1ms
[2024-12-07T17:08:09.780+0800][1.799s][debug][gc,phases         ] GC(8)     Ext Root Scanning (ms):   Min:  0.1, Avg:  0.6, Max:  1.5, Diff:  1.4, Sum:  7.3, Workers: 12
[2024-12-07T17:08:09.780+0800][1.799s][debug][gc,phases         ] GC(8)     Update RS (ms):           Min:  0.0, Avg:  0.2, Max:  0.6, Diff:  0.6, Sum:  2.8, Workers: 12
[2024-12-07T17:08:09.780+0800][1.800s][debug][gc,phases         ] GC(8)       Processed Buffers:        Min: 0, Avg:  0.6, Max: 1, Diff: 1, Sum: 7, Workers: 12
[2024-12-07T17:08:09.781+0800][1.800s][debug][gc,phases         ] GC(8)       Scanned Cards:            Min: 0, Avg: 18.5, Max: 46, Diff: 46, Sum: 222, Workers: 12
[2024-12-07T17:08:09.781+0800][1.800s][debug][gc,phases         ] GC(8)       Skipped Cards:            Min: 0, Avg: 12.2, Max: 83, Diff: 83, Sum: 147, Workers: 12
[2024-12-07T17:08:09.781+0800][1.800s][debug][gc,phases         ] GC(8)     Scan RS (ms):             Min:  0.0, Avg:  0.2, Max:  0.7, Diff:  0.7, Sum:  2.0, Workers: 12
[2024-12-07T17:08:09.781+0800][1.800s][debug][gc,phases         ] GC(8)       Scanned Cards:            Min: 0, Avg: 15.0, Max: 56, Diff: 56, Sum: 180, Workers: 12
[2024-12-07T17:08:09.781+0800][1.800s][debug][gc,phases         ] GC(8)       Claimed Cards:            Min: 0, Avg: 18.5, Max: 64, Diff: 64, Sum: 222, Workers: 12
[2024-12-07T17:08:09.781+0800][1.800s][debug][gc,phases         ] GC(8)       Skipped Cards:            Min: 0, Avg: 74.0, Max: 222, Diff: 222, Sum: 888, Workers: 12
[2024-12-07T17:08:09.781+0800][1.800s][debug][gc,phases         ] GC(8)     Code Root Scanning (ms):  Min:  0.0, Avg:  0.0, Max:  0.0, Diff:  0.0, Sum:  0.0, Workers: 12
[2024-12-07T17:08:09.781+0800][1.800s][debug][gc,phases         ] GC(8)     AOT Root Scanning (ms):   skipped
[2024-12-07T17:08:09.781+0800][1.800s][debug][gc,phases         ] GC(8)     Object Copy (ms):         Min:  0.0, Avg:  0.1, Max:  0.3, Diff:  0.3, Sum:  0.8, Workers: 12
[2024-12-07T17:08:09.781+0800][1.800s][debug][gc,phases         ] GC(8)     Termination (ms):         Min:  0.0, Avg:  0.5, Max:  0.8, Diff:  0.8, Sum:  6.0, Workers: 12
[2024-12-07T17:08:09.781+0800][1.800s][debug][gc,phases         ] GC(8)       Termination Attempts:     Min: 1, Avg:  3.3, Max: 9, Diff: 8, Sum: 40, Workers: 12
[2024-12-07T17:08:09.781+0800][1.801s][debug][gc,phases         ] GC(8)     GC Worker Other (ms):     Min:  0.2, Avg:  0.9, Max:  1.5, Diff:  1.3, Sum: 11.1, Workers: 12
[2024-12-07T17:08:09.781+0800][1.801s][debug][gc,phases         ] GC(8)     GC Worker Total (ms):     Min:  1.7, Avg:  2.5, Max:  3.1, Diff:  1.4, Sum: 30.0, Workers: 12
[2024-12-07T17:08:09.781+0800][1.801s][info ][gc,phases         ] GC(8)   Post Evacuate Collection Set: 10.8ms
[2024-12-07T17:08:09.782+0800][1.801s][debug][gc,phases         ] GC(8)     Code Roots Fixup: 0.0ms
[2024-12-07T17:08:09.782+0800][1.801s][debug][gc,phases         ] GC(8)     Clear Card Table: 0.1ms
[2024-12-07T17:08:09.782+0800][1.801s][debug][gc,phases         ] GC(8)     Reference Processing: 0.2ms
[2024-12-07T17:08:09.782+0800][1.801s][debug][gc,phases,ref     ] GC(8)       Reconsider SoftReferences: 0.1ms
[2024-12-07T17:08:09.782+0800][1.801s][debug][gc,phases,ref     ] GC(8)         SoftRef (ms):             skipped
[2024-12-07T17:08:09.782+0800][1.801s][debug][gc,phases,ref     ] GC(8)       Notify Soft/WeakReferences: 0.0ms
[2024-12-07T17:08:09.782+0800][1.801s][debug][gc,phases,ref     ] GC(8)         SoftRef (ms):             Min:  0.0, Avg:  0.0, Max:  0.0, Diff:  0.0, Sum:  0.0, Workers: 1
[2024-12-07T17:08:09.782+0800][1.801s][debug][gc,phases,ref     ] GC(8)         WeakRef (ms):             Min:  0.0, Avg:  0.0, Max:  0.0, Diff:  0.0, Sum:  0.0, Workers: 1
[2024-12-07T17:08:09.782+0800][1.801s][debug][gc,phases,ref     ] GC(8)         FinalRef (ms):            Min:  0.0, Avg:  0.0, Max:  0.0, Diff:  0.0, Sum:  0.0, Workers: 1
[2024-12-07T17:08:09.782+0800][1.801s][debug][gc,phases,ref     ] GC(8)         Total (ms):               Min:  0.0, Avg:  0.0, Max:  0.0, Diff:  0.0, Sum:  0.0, Workers: 1
[2024-12-07T17:08:09.782+0800][1.801s][debug][gc,phases,ref     ] GC(8)       Notify and keep alive finalizable: 0.1ms
[2024-12-07T17:08:09.782+0800][1.801s][debug][gc,phases,ref     ] GC(8)         FinalRef (ms):            skipped
[2024-12-07T17:08:09.782+0800][1.802s][debug][gc,phases,ref     ] GC(8)       Notify PhantomReferences: 0.0ms
[2024-12-07T17:08:09.782+0800][1.802s][debug][gc,phases,ref     ] GC(8)         PhantomRef (ms):          Min:  0.0, Avg:  0.0, Max:  0.0, Diff:  0.0, Sum:  0.0, Workers: 1
[2024-12-07T17:08:09.782+0800][1.802s][debug][gc,phases,ref     ] GC(8)       SoftReference:
[2024-12-07T17:08:09.783+0800][1.802s][debug][gc,phases,ref     ] GC(8)         Discovered: 0
[2024-12-07T17:08:09.783+0800][1.802s][debug][gc,phases,ref     ] GC(8)         Cleared: 0
[2024-12-07T17:08:09.783+0800][1.802s][debug][gc,phases,ref     ] GC(8)       WeakReference:
[2024-12-07T17:08:09.783+0800][1.802s][debug][gc,phases,ref     ] GC(8)         Discovered: 6
[2024-12-07T17:08:09.783+0800][1.802s][debug][gc,phases,ref     ] GC(8)         Cleared: 6
[2024-12-07T17:08:09.783+0800][1.802s][debug][gc,phases,ref     ] GC(8)       FinalReference:
[2024-12-07T17:08:09.783+0800][1.802s][debug][gc,phases,ref     ] GC(8)         Discovered: 0
[2024-12-07T17:08:09.783+0800][1.802s][debug][gc,phases,ref     ] GC(8)         Cleared: 0
[2024-12-07T17:08:09.783+0800][1.802s][debug][gc,phases,ref     ] GC(8)       PhantomReference:
[2024-12-07T17:08:09.783+0800][1.802s][debug][gc,phases,ref     ] GC(8)         Discovered: 5
[2024-12-07T17:08:09.783+0800][1.802s][debug][gc,phases,ref     ] GC(8)         Cleared: 5
[2024-12-07T17:08:09.783+0800][1.802s][debug][gc,phases         ] GC(8)     Weak Processing: 0.0ms
[2024-12-07T17:08:09.783+0800][1.802s][debug][gc,phases         ] GC(8)     Merge Per-Thread State: 0.0ms
[2024-12-07T17:08:09.783+0800][1.803s][debug][gc,phases         ] GC(8)     Code Roots Purge: 0.0ms
[2024-12-07T17:08:09.783+0800][1.803s][debug][gc,phases         ] GC(8)     Redirty Cards: 0.1ms
[2024-12-07T17:08:09.784+0800][1.803s][debug][gc,phases         ] GC(8)     DerivedPointerTable Update: 0.0ms
[2024-12-07T17:08:09.784+0800][1.803s][debug][gc,phases         ] GC(8)     Free Collection Set: 0.1ms
[2024-12-07T17:08:09.784+0800][1.803s][debug][gc,phases         ] GC(8)     Humongous Reclaim: 10.3ms
[2024-12-07T17:08:09.784+0800][1.803s][debug][gc,phases         ] GC(8)     Start New Collection Set: 0.0ms
[2024-12-07T17:08:09.784+0800][1.803s][debug][gc,phases         ] GC(8)     Resize TLABs: 0.0ms
[2024-12-07T17:08:09.784+0800][1.803s][debug][gc,phases         ] GC(8)     Expand Heap After Collection: 0.0ms
[2024-12-07T17:08:09.784+0800][1.803s][info ][gc,phases         ] GC(8)   Other: 3.5ms
[2024-12-07T17:08:09.784+0800][1.803s][info ][gc,heap           ] GC(8) Eden regions: 1->0(80)
[2024-12-07T17:08:09.784+0800][1.803s][info ][gc,heap           ] GC(8) Survivor regions: 1->1(12)
[2024-12-07T17:08:09.784+0800][1.803s][info ][gc,heap           ] GC(8) Old regions: 2->2
[2024-12-07T17:08:09.784+0800][1.803s][info ][gc,heap           ] GC(8) Humongous regions: 300->300
[2024-12-07T17:08:09.784+0800][1.804s][info ][gc,metaspace      ] GC(8) Metaspace: 558K(4864K)->558K(4864K) NonClass: 512K(4352K)->512K(4352K) Class: 46K(512K)->46K(512K)
[2024-12-07T17:08:09.784+0800][1.804s][debug][gc,heap           ] GC(8) Heap after GC invocations=9 (full 0): garbage-first heap   total 516096K, used 308360K [0x00000000e0000000, 0x0000000100000000)
[2024-12-07T17:08:09.784+0800][1.804s][debug][gc,heap           ] GC(8)   region size 1024K, 1 young (1024K), 1 survivors (1024K)
[2024-12-07T17:08:09.785+0800][1.804s][debug][gc,heap           ] GC(8)  Metaspace       used 558K, capacity 4570K, committed 4864K, reserved 1056768K
[2024-12-07T17:08:09.785+0800][1.804s][debug][gc,heap           ] GC(8)   class space    used 46K, capacity 419K, committed 512K, reserved 1048576K
[2024-12-07T17:08:09.785+0800][1.804s][info ][gc                ] GC(8) Pause Young (Concurrent Start) (G1 Humongous Allocation) 301M->301M(504M) 22.349ms
[2024-12-07T17:08:09.785+0800][1.804s][info ][gc,cpu            ] GC(8) User=0.02s Sys=0.00s Real=0.02s
[2024-12-07T17:08:09.785+0800][1.804s][info ][gc                ] GC(9) Concurrent Cycle
[2024-12-07T17:08:09.785+0800][1.804s][info ][gc,marking        ] GC(9) Concurrent Clear Claimed Marks
[2024-12-07T17:08:09.785+0800][1.804s][info ][gc,marking        ] GC(9) Concurrent Clear Claimed Marks 0.078ms
[2024-12-07T17:08:09.785+0800][1.804s][info ][gc,marking        ] GC(9) Concurrent Scan Root Regions
[2024-12-07T17:08:09.785+0800][1.804s][debug][gc,ergo           ] GC(9) Running G1 Root Region Scan using 1 workers for 1 work units.
[2024-12-07T17:08:09.785+0800][1.805s][info ][gc,marking        ] GC(9) Concurrent Scan Root Regions 0.433ms
[2024-12-07T17:08:09.786+0800][1.805s][info ][gc,marking        ] GC(9) Concurrent Mark (1.805s)
[2024-12-07T17:08:09.786+0800][1.805s][info ][gc,marking        ] GC(9) Concurrent Mark From Roots
[2024-12-07T17:08:09.786+0800][1.805s][info ][gc,task           ] GC(9) Using 5 workers of 5 for marking
[2024-12-07T17:08:09.786+0800][1.805s][debug][gc,stats          ] ---------------------------------------------------------------------
[2024-12-07T17:08:09.786+0800][1.806s][debug][gc,stats          ] Marking Stats, task = 0, calls = 49
[2024-12-07T17:08:09.786+0800][1.806s][debug][gc,stats          ]   Elapsed time = 0.48ms, Termination time = 0.00ms
[2024-12-07T17:08:09.787+0800][1.806s][debug][gc,stats          ]   Step Times (cum): num = 452, avg = 0.00ms, sd = 0.02ms max = 0.42ms, total = 0.68ms
[2024-12-07T17:08:09.787+0800][1.806s][debug][gc,stats          ]   Mark Stats Cache: hits 3190 misses 151 ratio 95.480
[2024-12-07T17:08:09.787+0800][1.806s][debug][gc,stats          ] ---------------------------------------------------------------------
[2024-12-07T17:08:09.787+0800][1.806s][debug][gc,stats          ] Marking Stats, task = 1, calls = 31
[2024-12-07T17:08:09.787+0800][1.806s][debug][gc,stats          ]   Elapsed time = 0.48ms, Termination time = 0.00ms
[2024-12-07T17:08:09.787+0800][1.806s][debug][gc,stats          ]   Step Times (cum): num = 132, avg = 0.01ms, sd = 0.04ms max = 0.41ms, total = 0.69ms
[2024-12-07T17:08:09.787+0800][1.806s][debug][gc,stats          ]   Mark Stats Cache: hits 1858 misses 2 ratio 99.892
[2024-12-07T17:08:09.787+0800][1.806s][debug][gc,stats          ] ---------------------------------------------------------------------
[2024-12-07T17:08:09.787+0800][1.806s][debug][gc,stats          ] Marking Stats, task = 2, calls = 48
[2024-12-07T17:08:09.787+0800][1.806s][debug][gc,stats          ]   Elapsed time = 0.47ms, Termination time = 0.25ms
[2024-12-07T17:08:09.787+0800][1.806s][debug][gc,stats          ]   Step Times (cum): num = 169, avg = 0.00ms, sd = 0.04ms max = 0.41ms, total = 0.66ms
[2024-12-07T17:08:09.787+0800][1.806s][debug][gc,stats          ]   Mark Stats Cache: hits 621 misses 2 ratio 99.679
[2024-12-07T17:08:09.787+0800][1.807s][debug][gc,stats          ] ---------------------------------------------------------------------
[2024-12-07T17:08:09.787+0800][1.807s][debug][gc,stats          ] Marking Stats, task = 3, calls = 1
[2024-12-07T17:08:09.787+0800][1.807s][debug][gc,stats          ]   Elapsed time = 0.46ms, Termination time = 0.00ms
[2024-12-07T17:08:09.788+0800][1.807s][debug][gc,stats          ]   Step Times (cum): num = 154, avg = 0.00ms, sd = 0.04ms max = 0.41ms, total = 0.67ms
[2024-12-07T17:08:09.788+0800][1.807s][debug][gc,stats          ]   Mark Stats Cache: hits 4251 misses 2 ratio 99.953
[2024-12-07T17:08:09.788+0800][1.807s][debug][gc,stats          ] ---------------------------------------------------------------------
[2024-12-07T17:08:09.788+0800][1.807s][debug][gc,stats          ] Marking Stats, task = 4, calls = 50
[2024-12-07T17:08:09.788+0800][1.807s][debug][gc,stats          ]   Elapsed time = 0.46ms, Termination time = 0.25ms
[2024-12-07T17:08:09.788+0800][1.807s][debug][gc,stats          ]   Step Times (cum): num = 135, avg = 0.00ms, sd = 0.04ms max = 0.41ms, total = 0.66ms
[2024-12-07T17:08:09.788+0800][1.807s][debug][gc,stats          ]   Mark Stats Cache: hits 565 misses 1 ratio 99.823
[2024-12-07T17:08:09.788+0800][1.807s][debug][gc,stats          ] ---------------------------------------------------------------------
[2024-12-07T17:08:09.788+0800][1.807s][info ][gc,marking        ] GC(9) Concurrent Mark From Roots 2.442ms
[2024-12-07T17:08:09.788+0800][1.807s][info ][gc,marking        ] GC(9) Concurrent Preclean
[2024-12-07T17:08:09.788+0800][1.807s][debug][gc,ref,start      ] GC(9) Preclean SoftReferences
[2024-12-07T17:08:09.788+0800][1.807s][debug][gc,ref            ] GC(9) Preclean SoftReferences 0.095ms
[2024-12-07T17:08:09.788+0800][1.808s][debug][gc,ref,start      ] GC(9) Preclean WeakReferences
[2024-12-07T17:08:09.788+0800][1.808s][debug][gc,ref            ] GC(9) Preclean WeakReferences 0.077ms
[2024-12-07T17:08:09.789+0800][1.808s][debug][gc,ref,start      ] GC(9) Preclean FinalReferences
[2024-12-07T17:08:09.789+0800][1.808s][debug][gc,ref            ] GC(9) Preclean FinalReferences 0.074ms
[2024-12-07T17:08:09.789+0800][1.808s][debug][gc,ref,start      ] GC(9) Preclean PhantomReferences
[2024-12-07T17:08:09.789+0800][1.808s][debug][gc,ref            ] GC(9) Preclean PhantomReferences 0.073ms
[2024-12-07T17:08:09.789+0800][1.808s][info ][gc,marking        ] GC(9) Concurrent Preclean 0.667ms
[2024-12-07T17:08:09.789+0800][1.808s][info ][gc,marking        ] GC(9) Concurrent Mark (1.805s, 1.808s) 3.317ms
[2024-12-07T17:08:09.789+0800][1.808s][info ][gc,start          ] GC(9) Pause Remark
[2024-12-07T17:08:09.789+0800][1.808s][debug][gc,phases,start   ] GC(9) Finalize Marking
[2024-12-07T17:08:09.792+0800][1.812s][debug][gc,stats          ] ---------------------------------------------------------------------
[2024-12-07T17:08:09.793+0800][1.812s][debug][gc,stats          ] Marking Stats, task = 0, calls = 122
[2024-12-07T17:08:09.793+0800][1.812s][debug][gc,stats          ]   Elapsed time = 3.15ms, Termination time = 2.63ms
[2024-12-07T17:08:09.793+0800][1.812s][debug][gc,stats          ]   Step Times (cum): num = 525, avg = 0.01ms, sd = 0.12ms max = 2.63ms, total = 3.31ms
[2024-12-07T17:08:09.793+0800][1.812s][debug][gc,stats          ]   Mark Stats Cache: hits 3190 misses 151 ratio 95.480
[2024-12-07T17:08:09.793+0800][1.812s][debug][gc,stats          ] ---------------------------------------------------------------------
[2024-12-07T17:08:09.793+0800][1.812s][debug][gc,stats          ] Marking Stats, task = 1, calls = 32
[2024-12-07T17:08:09.793+0800][1.812s][debug][gc,stats          ]   Elapsed time = 3.16ms, Termination time = 2.64ms
[2024-12-07T17:08:09.793+0800][1.812s][debug][gc,stats          ]   Step Times (cum): num = 133, avg = 0.03ms, sd = 0.23ms max = 2.64ms, total = 3.33ms
[2024-12-07T17:08:09.793+0800][1.812s][debug][gc,stats          ]   Mark Stats Cache: hits 1858 misses 2 ratio 99.892
[2024-12-07T17:08:09.793+0800][1.813s][debug][gc,stats          ] ---------------------------------------------------------------------
[2024-12-07T17:08:09.793+0800][1.813s][debug][gc,stats          ] Marking Stats, task = 2, calls = 49
[2024-12-07T17:08:09.794+0800][1.813s][debug][gc,stats          ]   Elapsed time = 3.17ms, Termination time = 2.90ms
[2024-12-07T17:08:09.794+0800][1.813s][debug][gc,stats          ]   Step Times (cum): num = 170, avg = 0.02ms, sd = 0.21ms max = 2.65ms, total = 3.31ms
[2024-12-07T17:08:09.794+0800][1.813s][debug][gc,stats          ]   Mark Stats Cache: hits 621 misses 2 ratio 99.679
[2024-12-07T17:08:09.794+0800][1.813s][debug][gc,stats          ] ---------------------------------------------------------------------
[2024-12-07T17:08:09.794+0800][1.813s][debug][gc,stats          ] Marking Stats, task = 3, calls = 2
[2024-12-07T17:08:09.794+0800][1.813s][debug][gc,stats          ]   Elapsed time = 3.17ms, Termination time = 2.63ms
[2024-12-07T17:08:09.794+0800][1.813s][debug][gc,stats          ]   Step Times (cum): num = 155, avg = 0.02ms, sd = 0.21ms max = 2.63ms, total = 3.30ms
[2024-12-07T17:08:09.794+0800][1.813s][debug][gc,stats          ]   Mark Stats Cache: hits 4251 misses 2 ratio 99.953
[2024-12-07T17:08:09.794+0800][1.813s][debug][gc,stats          ] ---------------------------------------------------------------------
[2024-12-07T17:08:09.794+0800][1.813s][debug][gc,stats          ] Marking Stats, task = 4, calls = 51
[2024-12-07T17:08:09.794+0800][1.814s][debug][gc,stats          ]   Elapsed time = 3.19ms, Termination time = 2.90ms
[2024-12-07T17:08:09.794+0800][1.814s][debug][gc,stats          ]   Step Times (cum): num = 136, avg = 0.02ms, sd = 0.23ms max = 2.66ms, total = 3.31ms
[2024-12-07T17:08:09.795+0800][1.814s][debug][gc,stats          ]   Mark Stats Cache: hits 565 misses 1 ratio 99.823
[2024-12-07T17:08:09.795+0800][1.814s][debug][gc,stats          ] ---------------------------------------------------------------------
[2024-12-07T17:08:09.795+0800][1.814s][debug][gc,stats          ] Marking Stats, task = 5, calls = 1
[2024-12-07T17:08:09.795+0800][1.814s][debug][gc,stats          ]   Elapsed time = 3.17ms, Termination time = 2.65ms
[2024-12-07T17:08:09.795+0800][1.814s][debug][gc,stats          ]   Step Times (cum): num = 5, avg = 0.61ms, sd = 1.03ms max = 2.65ms, total = 3.06ms
[2024-12-07T17:08:09.795+0800][1.814s][debug][gc,stats          ]   Mark Stats Cache: hits 0 misses 0 ratio 0.000
[2024-12-07T17:08:09.795+0800][1.814s][debug][gc,stats          ] ---------------------------------------------------------------------
[2024-12-07T17:08:09.795+0800][1.814s][debug][gc,stats          ] Marking Stats, task = 6, calls = 1
[2024-12-07T17:08:09.795+0800][1.814s][debug][gc,stats          ]   Elapsed time = 3.16ms, Termination time = 2.64ms
[2024-12-07T17:08:09.795+0800][1.815s][debug][gc,stats          ]   Step Times (cum): num = 5, avg = 0.61ms, sd = 1.03ms max = 2.64ms, total = 3.05ms
[2024-12-07T17:08:09.795+0800][1.815s][debug][gc,stats          ]   Mark Stats Cache: hits 0 misses 0 ratio 0.000
[2024-12-07T17:08:09.796+0800][1.815s][debug][gc,stats          ] ---------------------------------------------------------------------
[2024-12-07T17:08:09.796+0800][1.815s][debug][gc,stats          ] Marking Stats, task = 7, calls = 1
[2024-12-07T17:08:09.796+0800][1.815s][debug][gc,stats          ]   Elapsed time = 3.04ms, Termination time = 2.80ms
[2024-12-07T17:08:09.796+0800][1.815s][debug][gc,stats          ]   Step Times (cum): num = 5, avg = 0.64ms, sd = 1.09ms max = 2.80ms, total = 3.21ms
[2024-12-07T17:08:09.796+0800][1.815s][debug][gc,stats          ]   Mark Stats Cache: hits 0 misses 0 ratio 0.000
[2024-12-07T17:08:09.796+0800][1.815s][debug][gc,stats          ] ---------------------------------------------------------------------
[2024-12-07T17:08:09.796+0800][1.815s][debug][gc,stats          ] Marking Stats, task = 8, calls = 1
[2024-12-07T17:08:09.796+0800][1.815s][debug][gc,stats          ]   Elapsed time = 3.18ms, Termination time = 2.66ms
[2024-12-07T17:08:09.797+0800][1.816s][debug][gc,stats          ]   Step Times (cum): num = 5, avg = 0.65ms, sd = 1.03ms max = 2.66ms, total = 3.24ms
[2024-12-07T17:08:09.797+0800][1.816s][debug][gc,stats          ]   Mark Stats Cache: hits 0 misses 0 ratio 0.000
[2024-12-07T17:08:09.797+0800][1.816s][debug][gc,stats          ] ---------------------------------------------------------------------
[2024-12-07T17:08:09.797+0800][1.816s][debug][gc,stats          ] Marking Stats, task = 9, calls = 1
[2024-12-07T17:08:09.797+0800][1.817s][debug][gc,stats          ]   Elapsed time = 2.97ms, Termination time = 2.78ms
[2024-12-07T17:08:09.798+0800][1.817s][debug][gc,stats          ]   Step Times (cum): num = 5, avg = 0.63ms, sd = 1.08ms max = 2.78ms, total = 3.17ms
[2024-12-07T17:08:09.798+0800][1.817s][debug][gc,stats          ]   Mark Stats Cache: hits 0 misses 0 ratio 0.000
[2024-12-07T17:08:09.798+0800][1.817s][debug][gc,stats          ] ---------------------------------------------------------------------
[2024-12-07T17:08:09.798+0800][1.817s][debug][gc,stats          ] Marking Stats, task = 10, calls = 1
[2024-12-07T17:08:09.798+0800][1.817s][debug][gc,stats          ]   Elapsed time = 0.27ms, Termination time = 0.00ms
[2024-12-07T17:08:09.798+0800][1.817s][debug][gc,stats          ]   Step Times (cum): num = 5, avg = 0.00ms, sd = 0.00ms max = 0.00ms, total = 0.00ms
[2024-12-07T17:08:09.798+0800][1.817s][debug][gc,stats          ]   Mark Stats Cache: hits 0 misses 0 ratio 0.000
[2024-12-07T17:08:09.798+0800][1.817s][debug][gc,stats          ] ---------------------------------------------------------------------
[2024-12-07T17:08:09.798+0800][1.818s][debug][gc,stats          ] Marking Stats, task = 11, calls = 1
[2024-12-07T17:08:09.798+0800][1.818s][debug][gc,stats          ]   Elapsed time = 0.01ms, Termination time = 0.00ms
[2024-12-07T17:08:09.799+0800][1.818s][debug][gc,stats          ]   Step Times (cum): num = 5, avg = 0.00ms, sd = 0.00ms max = 0.00ms, total = 0.00ms
[2024-12-07T17:08:09.799+0800][1.818s][debug][gc,stats          ]   Mark Stats Cache: hits 0 misses 0 ratio 0.000
[2024-12-07T17:08:09.799+0800][1.818s][debug][gc,stats          ] ---------------------------------------------------------------------
[2024-12-07T17:08:09.799+0800][1.818s][debug][gc,phases         ] GC(9) Finalize Marking 9.621ms
[2024-12-07T17:08:09.799+0800][1.818s][debug][gc,phases,start   ] GC(9) Reference Processing
[2024-12-07T17:08:09.799+0800][1.818s][debug][gc,ref            ] GC(9) Skipped phase1 of Reference Processing due to unavailable references
[2024-12-07T17:08:09.799+0800][1.818s][debug][gc,ref            ] GC(9) Skipped phase2 of Reference Processing due to unavailable references
[2024-12-07T17:08:09.799+0800][1.818s][debug][gc,ref            ] GC(9) Skipped phase3 of Reference Processing due to unavailable references
[2024-12-07T17:08:09.799+0800][1.818s][debug][gc,ref            ] GC(9) Skipped phase4 of Reference Processing due to unavailable references
[2024-12-07T17:08:09.799+0800][1.818s][debug][gc,phases,ref     ] GC(9) Reference Processing: 0.3ms
[2024-12-07T17:08:09.799+0800][1.818s][debug][gc,phases,ref     ] GC(9)   Reconsider SoftReferences: 0.1ms
[2024-12-07T17:08:09.799+0800][1.818s][debug][gc,phases,ref     ] GC(9)     SoftRef (ms):             skipped
[2024-12-07T17:08:09.799+0800][1.819s][debug][gc,phases,ref     ] GC(9)   Notify Soft/WeakReferences: 0.1ms
[2024-12-07T17:08:09.799+0800][1.819s][debug][gc,phases,ref     ] GC(9)     SoftRef (ms):             skipped
[2024-12-07T17:08:09.799+0800][1.819s][debug][gc,phases,ref     ] GC(9)     WeakRef (ms):             skipped
[2024-12-07T17:08:09.800+0800][1.819s][debug][gc,phases,ref     ] GC(9)     FinalRef (ms):            skipped
[2024-12-07T17:08:09.800+0800][1.819s][debug][gc,phases,ref     ] GC(9)     Total (ms):               skipped
[2024-12-07T17:08:09.800+0800][1.819s][debug][gc,phases,ref     ] GC(9)   Notify and keep alive finalizable: 0.1ms
[2024-12-07T17:08:09.800+0800][1.819s][debug][gc,phases,ref     ] GC(9)     FinalRef (ms):            skipped
[2024-12-07T17:08:09.800+0800][1.819s][debug][gc,phases,ref     ] GC(9)   Notify PhantomReferences: 0.1ms
[2024-12-07T17:08:09.800+0800][1.819s][debug][gc,phases,ref     ] GC(9)     PhantomRef (ms):          skipped
[2024-12-07T17:08:09.800+0800][1.819s][debug][gc,phases,ref     ] GC(9)   SoftReference:
[2024-12-07T17:08:09.800+0800][1.819s][debug][gc,phases,ref     ] GC(9)     Discovered: 0
[2024-12-07T17:08:09.800+0800][1.819s][debug][gc,phases,ref     ] GC(9)     Cleared: 0
[2024-12-07T17:08:09.800+0800][1.819s][debug][gc,phases,ref     ] GC(9)   WeakReference:
[2024-12-07T17:08:09.800+0800][1.819s][debug][gc,phases,ref     ] GC(9)     Discovered: 0
[2024-12-07T17:08:09.800+0800][1.819s][debug][gc,phases,ref     ] GC(9)     Cleared: 0
[2024-12-07T17:08:09.800+0800][1.819s][debug][gc,phases,ref     ] GC(9)   FinalReference:
[2024-12-07T17:08:09.800+0800][1.820s][debug][gc,phases,ref     ] GC(9)     Discovered: 0
[2024-12-07T17:08:09.800+0800][1.820s][debug][gc,phases,ref     ] GC(9)     Cleared: 0
[2024-12-07T17:08:09.800+0800][1.820s][debug][gc,phases,ref     ] GC(9)   PhantomReference:
[2024-12-07T17:08:09.801+0800][1.820s][debug][gc,phases,ref     ] GC(9)     Discovered: 0
[2024-12-07T17:08:09.801+0800][1.820s][debug][gc,phases,ref     ] GC(9)     Cleared: 0
[2024-12-07T17:08:09.801+0800][1.820s][debug][gc,phases         ] GC(9) Reference Processing 1.963ms
[2024-12-07T17:08:09.801+0800][1.820s][debug][gc,phases,start   ] GC(9) Weak Processing
[2024-12-07T17:08:09.801+0800][1.820s][debug][gc,phases         ] GC(9) Weak Processing 0.184ms
[2024-12-07T17:08:09.801+0800][1.820s][debug][gc,phases,start   ] GC(9) Class Unloading
[2024-12-07T17:08:09.801+0800][1.820s][debug][gc,phases,start   ] GC(9) ClassLoaderData
[2024-12-07T17:08:09.801+0800][1.821s][debug][gc,phases         ] GC(9) ClassLoaderData 0.097ms
[2024-12-07T17:08:09.802+0800][1.821s][debug][gc,phases,start   ] GC(9) ProtectionDomainCacheTable
[2024-12-07T17:08:09.802+0800][1.821s][debug][gc,phases         ] GC(9) ProtectionDomainCacheTable 0.090ms
[2024-12-07T17:08:09.802+0800][1.821s][info ][gc,stringtable    ] GC(9) Cleaned string and symbol table, strings: 39 processed, 0 removed, symbols: 191 processed, 0 removed
[2024-12-07T17:08:09.802+0800][1.821s][debug][gc,phases         ] GC(9) Class Unloading 0.863ms
[2024-12-07T17:08:09.802+0800][1.821s][debug][gc,phases,start   ] GC(9) Flush Task Caches
[2024-12-07T17:08:09.802+0800][1.821s][debug][gc,stats          ] Mark stats cache hits 10485 misses 158 ratio 98.515
[2024-12-07T17:08:09.802+0800][1.822s][debug][gc,phases         ] GC(9) Flush Task Caches 0.195ms
[2024-12-07T17:08:09.802+0800][1.822s][debug][gc,phases,start   ] GC(9) Update Remembered Set Tracking Before Rebuild
[2024-12-07T17:08:09.803+0800][1.822s][debug][gc,ergo           ] GC(9) Running G1 Update RemSet Tracking Before Rebuild using 2 workers for 504 regions in heap
[2024-12-07T17:08:09.803+0800][1.822s][debug][gc,remset,tracking] GC(9) Remembered Set Tracking update regions total 504, selected 0
[2024-12-07T17:08:09.803+0800][1.822s][debug][gc,phases         ] GC(9) Update Remembered Set Tracking Before Rebuild 0.308ms
[2024-12-07T17:08:09.803+0800][1.822s][debug][gc,phases,start   ] GC(9) Reclaim Empty Regions
[2024-12-07T17:08:09.803+0800][1.822s][debug][gc,phases         ] GC(9) Reclaim Empty Regions 0.171ms
[2024-12-07T17:08:09.803+0800][1.822s][debug][gc,phases,start   ] GC(9) Purge Metaspace
[2024-12-07T17:08:09.803+0800][1.822s][debug][gc,phases         ] GC(9) Purge Metaspace 0.085ms
[2024-12-07T17:08:09.803+0800][1.822s][debug][gc,phases,start   ] GC(9) Report Object Count
[2024-12-07T17:08:09.803+0800][1.823s][debug][gc,phases         ] GC(9) Report Object Count 0.085ms
[2024-12-07T17:08:09.803+0800][1.823s][info ][gc                ] GC(9) Pause Remark 321M->321M(504M) 14.419ms
[2024-12-07T17:08:09.804+0800][1.823s][info ][gc,cpu            ] GC(9) User=0.03s Sys=0.00s Real=0.01s
[2024-12-07T17:08:09.804+0800][1.823s][info ][gc,marking        ] GC(9) Concurrent Rebuild Remembered Sets
[2024-12-07T17:08:09.804+0800][1.823s][info ][gc,marking        ] GC(9) Concurrent Rebuild Remembered Sets 0.273ms
[2024-12-07T17:08:09.804+0800][1.823s][info ][gc,start          ] GC(9) Pause Cleanup
[2024-12-07T17:08:09.804+0800][1.823s][debug][gc,phases,start   ] GC(9) Update Remembered Set Tracking After Rebuild
[2024-12-07T17:08:09.804+0800][1.823s][debug][gc,phases         ] GC(9) Update Remembered Set Tracking After Rebuild 0.093ms
[2024-12-07T17:08:09.804+0800][1.824s][debug][gc,phases,start   ] GC(9) Finalize Concurrent Mark Cleanup
[2024-12-07T17:08:09.805+0800][1.824s][debug][gc,ergo           ] GC(9) request young-only gcs (candidate old regions not available)
[2024-12-07T17:08:09.805+0800][1.824s][debug][gc,phases         ] GC(9) Finalize Concurrent Mark Cleanup 0.265ms
[2024-12-07T17:08:09.805+0800][1.824s][info ][gc                ] GC(9) Pause Cleanup 321M->321M(504M) 0.616ms
[2024-12-07T17:08:09.805+0800][1.824s][info ][gc,cpu            ] GC(9) User=0.00s Sys=0.00s Real=0.00s
[2024-12-07T17:08:09.805+0800][1.824s][info ][gc,marking        ] GC(9) Concurrent Cleanup for Next Mark
[2024-12-07T17:08:09.805+0800][1.824s][debug][gc,ergo           ] GC(9) Running G1 Clear Bitmap with 5 workers for 8 work units.
[2024-12-07T17:08:09.805+0800][1.824s][info ][gc,marking        ] GC(9) Concurrent Cleanup for Next Mark 0.316ms
[2024-12-07T17:08:09.805+0800][1.825s][info ][gc                ] GC(9) Concurrent Cycle 20.550ms
[2024-12-07T17:08:09.891+0800][1.910s][debug][gc,ergo,ihop      ] Request concurrent cycle initiation (occupancy higher than threshold) occupancy: 337641472B allocation request: 1048592B threshold: 236873318B (44.82) source: concurrent humongous allocation
[2024-12-07T17:08:09.892+0800][1.911s][debug][gc,ergo           ] Request concurrent cycle initiation (requested by GC cause). GC cause: G1 Humongous Allocation
[2024-12-07T17:08:09.892+0800][1.911s][debug][gc,heap           ] GC(10) Heap before GC invocations=10 (full 0): garbage-first heap   total 516096K, used 328840K [0x00000000e0000000, 0x0000000100000000)
[2024-12-07T17:08:09.892+0800][1.911s][debug][gc,heap           ] GC(10)   region size 1024K, 2 young (2048K), 1 survivors (1024K)
[2024-12-07T17:08:09.892+0800][1.912s][debug][gc,heap           ] GC(10)  Metaspace       used 558K, capacity 4570K, committed 4864K, reserved 1056768K
[2024-12-07T17:08:09.893+0800][1.912s][debug][gc,heap           ] GC(10)   class space    used 46K, capacity 419K, committed 512K, reserved 1048576K
[2024-12-07T17:08:09.893+0800][1.912s][debug][gc,ergo           ] GC(10) Initiate concurrent cycle (concurrent cycle initiation requested)
[2024-12-07T17:08:09.893+0800][1.912s][info ][gc,start          ] GC(10) Pause Young (Concurrent Start) (G1 Humongous Allocation)
[2024-12-07T17:08:09.893+0800][1.912s][info ][gc,task           ] GC(10) Using 12 workers of 18 for evacuation
[2024-12-07T17:08:09.893+0800][1.912s][debug][gc,tlab           ] GC(10) TLAB totals: thrds: 1  refills: 1 max: 1 slow allocs: 1 max 1 waste: 100.0% gc: 524128B max: 524128B slow: 0B max: 0B fast: 0B max: 0B
[2024-12-07T17:08:09.893+0800][1.913s][debug][gc,alloc,region   ] GC(10) Mutator Allocation stats, regions: 1, wasted size: 0B ( 0.0%)
[2024-12-07T17:08:09.894+0800][1.913s][debug][gc,age            ] GC(10) Desired survivor size 5767168 bytes, new threshold 15 (max threshold 15)
[2024-12-07T17:08:09.894+0800][1.913s][debug][gc,ergo,cset      ] GC(10) Finish choosing CSet. old: 0 regions, predicted old region time: 0.00ms, time remaining: 183.17
[2024-12-07T17:08:09.894+0800][1.913s][debug][gc,task,stats     ] GC(10) GC Termination Stats
[2024-12-07T17:08:09.894+0800][1.913s][debug][gc,task,stats     ] GC(10)      elapsed  --strong roots-- -------termination------- ------waste (KiB)------
[2024-12-07T17:08:09.894+0800][1.914s][debug][gc,task,stats     ] GC(10) thr     ms        ms      %        ms      %    attempts  total   alloc    undo
[2024-12-07T17:08:09.895+0800][1.914s][debug][gc,task,stats     ] GC(10) --- --------- --------- ------ --------- ------ -------- ------- ------- -------
[2024-12-07T17:08:09.900+0800][1.919s][debug][gc,task,stats     ] GC(10)   8      5.02      5.01  99.79      0.00   0.02        1       0       0       0
[2024-12-07T17:08:09.901+0800][1.920s][debug][gc,task,stats     ] GC(10)   2      6.26      1.04  16.66      4.41  70.48       13       0       0       0
[2024-12-07T17:08:09.902+0800][1.921s][debug][gc,task,stats     ] GC(10)   7      7.24      1.16  16.10      4.27  59.07        7       0       0       0
[2024-12-07T17:08:09.903+0800][1.922s][debug][gc,task,stats     ] GC(10)   0      7.70      1.36  17.63      4.19  54.36        1       0       0       0
[2024-12-07T17:08:09.903+0800][1.922s][debug][gc,task,stats     ] GC(10)   3      8.10      1.28  15.86      4.16  51.41        1       0       0       0
[2024-12-07T17:08:09.903+0800][1.922s][debug][gc,task,stats     ] GC(10)   6      8.36      0.93  11.12      4.27  51.04       12       0       0       0
[2024-12-07T17:08:09.904+0800][1.923s][debug][gc,task,stats     ] GC(10)  11      8.52      1.21  14.19      3.89  45.64        1       0       0       0
[2024-12-07T17:08:09.904+0800][1.923s][debug][gc,task,stats     ] GC(10)   1      8.99      0.99  10.97      4.03  44.77       12       0       0       0
[2024-12-07T17:08:09.904+0800][1.923s][debug][gc,task,stats     ] GC(10)   5      9.19      1.58  17.23      3.53  38.44        1       0       0       0
[2024-12-07T17:08:09.904+0800][1.924s][debug][gc,task,stats     ] GC(10)  10      9.34      1.05  11.28      3.94  42.12       14       0       0       0
[2024-12-07T17:08:09.905+0800][1.924s][debug][gc,task,stats     ] GC(10)   4      9.64      1.59  16.51      3.47  35.95        1       0       0       0
[2024-12-07T17:08:09.905+0800][1.924s][debug][gc,task,stats     ] GC(10)   9      9.79      0.89   9.08      3.91  39.90       15       0       0       0
[2024-12-07T17:08:09.905+0800][1.924s][debug][gc,ergo           ] GC(10) Running G1 Clear Card Table Task using 1 workers for 1 units of work for 3 regions.
[2024-12-07T17:08:09.906+0800][1.925s][debug][gc,ref            ] GC(10) Skipped phase1 of Reference Processing due to unavailable references
[2024-12-07T17:08:09.906+0800][1.925s][debug][gc,ref            ] GC(10) Skipped phase3 of Reference Processing due to unavailable references
[2024-12-07T17:08:09.906+0800][1.925s][debug][gc,ergo           ] GC(10) Running G1 Free Collection Set using 1 workers for collection set length 2
[2024-12-07T17:08:09.906+0800][1.926s][debug][gc,humongous      ] GC(10) Live humongous region 0 object size 1048592 start 0x00000000e0000000  with remset 0 code roots 0 is marked 0 reclaim candidate 0 type array 1
[2024-12-07T17:08:09.906+0800][1.926s][debug][gc,humongous      ] GC(10) Live humongous region 2 object size 1048592 start 0x00000000e0200000  with remset 0 code roots 0 is marked 0 reclaim candidate 0 type array 1
[2024-12-07T17:08:09.907+0800][1.926s][debug][gc,humongous      ] GC(10) Live humongous region 4 object size 1048592 start 0x00000000e0400000  with remset 0 code roots 0 is marked 0 reclaim candidate 0 type array 1
[2024-12-07T17:08:09.907+0800][1.926s][debug][gc,humongous      ] GC(10) Live humongous region 6 object size 1048592 start 0x00000000e0600000  with remset 0 code roots 0 is marked 0 reclaim candidate 0 type array 1
[2024-12-07T17:08:09.907+0800][1.926s][debug][gc,humongous      ] GC(10) Live humongous region 8 object size 1048592 start 0x00000000e0800000  with remset 0 code roots 0 is marked 0 reclaim candidate 0 type array 1
[2024-12-07T17:08:09.907+0800][1.926s][debug][gc,humongous      ] GC(10) Live humongous region 10 object size 1048592 start 0x00000000e0a00000  with remset 0 code roots 0 is marked 0 reclaim candidate 0 type array 1
[2024-12-07T17:08:09.907+0800][1.926s][debug][gc,humongous      ] GC(10) Live humongous region 12 object size 1048592 start 0x00000000e0c00000  with remset 0 code roots 0 is marked 0 reclaim candidate 0 type array 1
[2024-12-07T17:08:09.907+0800][1.926s][debug][gc,humongous      ] GC(10) Live humongous region 14 object size 1048592 start 0x00000000e0e00000  with remset 0 code roots 0 is marked 0 reclaim candidate 0 type array 1
[2024-12-07T17:08:09.907+0800][1.926s][debug][gc,humongous      ] GC(10) Live humongous region 16 object size 1048592 start 0x00000000e1000000  with remset 0 code roots 0 is marked 0 reclaim candidate 0 type array 1
[2024-12-07T17:08:09.907+0800][1.926s][debug][gc,humongous      ] GC(10) Live humongous region 18 object size 1048592 start 0x00000000e1200000  with remset 0 code roots 0 is marked 0 reclaim candidate 0 type array 1
[2024-12-07T17:08:09.907+0800][1.926s][debug][gc,humongous      ] GC(10) Live humongous region 20 object size 1048592 start 0x00000000e1400000  with remset 0 code roots 0 is marked 0 reclaim candidate 0 type array 1
[2024-12-07T17:08:09.907+0800][1.926s][debug][gc,humongous      ] GC(10) Live humongous region 22 object size 1048592 start 0x00000000e1600000  with remset 0 code roots 0 is marked 0 reclaim candidate 0 type array 1
[2024-12-07T17:08:09.907+0800][1.926s][debug][gc,humongous      ] GC(10) Live humongous region 24 object size 1048592 start 0x00000000e1800000  with remset 0 code roots 0 is marked 0 reclaim candidate 0 type array 1
[2024-12-07T17:08:09.907+0800][1.926s][debug][gc,humongous      ] GC(10) Live humongous region 26 object size 1048592 start 0x00000000e1a00000  with remset 0 code roots 0 is marked 0 reclaim candidate 0 type array 1
[2024-12-07T17:08:09.907+0800][1.927s][debug][gc,humongous      ] GC(10) Live humongous region 28 object size 1048592 start 0x00000000e1c00000  with remset 0 code roots 0 is marked 0 reclaim candidate 0 type array 1
[2024-12-07T17:08:09.907+0800][1.927s][debug][gc,humongous      ] GC(10) Live humongous region 30 object size 1048592 start 0x00000000e1e00000  with remset 0 code roots 0 is marked 0 reclaim candidate 0 type array 1
[2024-12-07T17:08:09.908+0800][1.927s][debug][gc,humongous      ] GC(10) Live humongous region 32 object size 1048592 start 0x00000000e2000000  with remset 0 code roots 0 is marked 0 reclaim candidate 0 type array 1
[2024-12-07T17:08:09.908+0800][1.927s][debug][gc,humongous      ] GC(10) Live humongous region 34 object size 1048592 start 0x00000000e2200000  with remset 0 code roots 0 is marked 0 reclaim candidate 0 type array 1
[2024-12-07T17:08:09.908+0800][1.927s][debug][gc,humongous      ] GC(10) Live humongous region 36 object size 1048592 start 0x00000000e2400000  with remset 0 code roots 0 is marked 0 reclaim candidate 0 type array 1
[2024-12-07T17:08:09.908+0800][1.927s][debug][gc,humongous      ] GC(10) Live humongous region 38 object size 1048592 start 0x00000000e2600000  with remset 0 code roots 0 is marked 0 reclaim candidate 0 type array 1
[2024-12-07T17:08:09.908+0800][1.927s][debug][gc,humongous      ] GC(10) Live humongous region 40 object size 1048592 start 0x00000000e2800000  with remset 0 code roots 0 is marked 0 reclaim candidate 0 type array 1
[2024-12-07T17:08:09.908+0800][1.927s][debug][gc,humongous      ] GC(10) Live humongous region 42 object size 1048592 start 0x00000000e2a00000  with remset 0 code roots 0 is marked 0 reclaim candidate 0 type array 1
[2024-12-07T17:08:09.908+0800][1.927s][debug][gc,humongous      ] GC(10) Live humongous region 44 object size 1048592 start 0x00000000e2c00000  with remset 0 code roots 0 is marked 0 reclaim candidate 0 type array 1
[2024-12-07T17:08:09.908+0800][1.927s][debug][gc,humongous      ] GC(10) Live humongous region 46 object size 1048592 start 0x00000000e2e00000  with remset 0 code roots 0 is marked 0 reclaim candidate 0 type array 1
[2024-12-07T17:08:09.908+0800][1.927s][debug][gc,humongous      ] GC(10) Live humongous region 48 object size 1048592 start 0x00000000e3000000  with remset 0 code roots 0 is marked 0 reclaim candidate 0 type array 1
[2024-12-07T17:08:09.908+0800][1.927s][debug][gc,humongous      ] GC(10) Live humongous region 50 object size 1048592 start 0x00000000e3200000  with remset 0 code roots 0 is marked 0 reclaim candidate 0 type array 1
[2024-12-07T17:08:09.908+0800][1.927s][debug][gc,humongous      ] GC(10) Live humongous region 52 object size 1048592 start 0x00000000e3400000  with remset 0 code roots 0 is marked 0 reclaim candidate 0 type array 1
[2024-12-07T17:08:09.908+0800][1.927s][debug][gc,humongous      ] GC(10) Live humongous region 54 object size 1048592 start 0x00000000e3600000  with remset 0 code roots 0 is marked 0 reclaim candidate 0 type array 1
[2024-12-07T17:08:09.908+0800][1.927s][debug][gc,humongous      ] GC(10) Live humongous region 56 object size 1048592 start 0x00000000e3800000  with remset 0 code roots 0 is marked 0 reclaim candidate 0 type array 1
[2024-12-07T17:08:09.908+0800][1.928s][debug][gc,humongous      ] GC(10) Live humongous region 58 object size 1048592 start 0x00000000e3a00000  with remset 0 code roots 0 is marked 0 reclaim candidate 0 type array 1
[2024-12-07T17:08:09.908+0800][1.928s][debug][gc,humongous      ] GC(10) Live humongous region 60 object size 1048592 start 0x00000000e3c00000  with remset 0 code roots 0 is marked 0 reclaim candidate 0 type array 1
[2024-12-07T17:08:09.908+0800][1.928s][debug][gc,humongous      ] GC(10) Live humongous region 62 object size 1048592 start 0x00000000e3e00000  with remset 0 code roots 0 is marked 0 reclaim candidate 0 type array 1
[2024-12-07T17:08:09.909+0800][1.928s][debug][gc,humongous      ] GC(10) Live humongous region 64 object size 1048592 start 0x00000000e4000000  with remset 0 code roots 0 is marked 0 reclaim candidate 0 type array 1
[2024-12-07T17:08:09.909+0800][1.928s][debug][gc,humongous      ] GC(10) Live humongous region 66 object size 1048592 start 0x00000000e4200000  with remset 0 code roots 0 is marked 0 reclaim candidate 0 type array 1
[2024-12-07T17:08:09.909+0800][1.928s][debug][gc,humongous      ] GC(10) Live humongous region 68 object size 1048592 start 0x00000000e4400000  with remset 0 code roots 0 is marked 0 reclaim candidate 0 type array 1
[2024-12-07T17:08:09.909+0800][1.928s][debug][gc,humongous      ] GC(10) Live humongous region 70 object size 1048592 start 0x00000000e4600000  with remset 0 code roots 0 is marked 0 reclaim candidate 0 type array 1
[2024-12-07T17:08:09.909+0800][1.928s][debug][gc,humongous      ] GC(10) Live humongous region 72 object size 1048592 start 0x00000000e4800000  with remset 0 code roots 0 is marked 0 reclaim candidate 0 type array 1
[2024-12-07T17:08:09.909+0800][1.928s][debug][gc,humongous      ] GC(10) Live humongous region 74 object size 1048592 start 0x00000000e4a00000  with remset 0 code roots 0 is marked 0 reclaim candidate 0 type array 1
[2024-12-07T17:08:09.909+0800][1.928s][debug][gc,humongous      ] GC(10) Live humongous region 76 object size 1048592 start 0x00000000e4c00000  with remset 0 code roots 0 is marked 0 reclaim candidate 0 type array 1
[2024-12-07T17:08:09.909+0800][1.928s][debug][gc,humongous      ] GC(10) Live humongous region 78 object size 1048592 start 0x00000000e4e00000  with remset 0 code roots 0 is marked 0 reclaim candidate 0 type array 1
[2024-12-07T17:08:09.909+0800][1.928s][debug][gc,humongous      ] GC(10) Live humongous region 80 object size 1048592 start 0x00000000e5000000  with remset 0 code roots 0 is marked 0 reclaim candidate 0 type array 1
[2024-12-07T17:08:09.909+0800][1.928s][debug][gc,humongous      ] GC(10) Live humongous region 82 object size 1048592 start 0x00000000e5200000  with remset 0 code roots 0 is marked 0 reclaim candidate 0 type array 1
[2024-12-07T17:08:09.909+0800][1.928s][debug][gc,humongous      ] GC(10) Live humongous region 84 object size 1048592 start 0x00000000e5400000  with remset 0 code roots 0 is marked 0 reclaim candidate 0 type array 1
[2024-12-07T17:08:09.909+0800][1.928s][debug][gc,humongous      ] GC(10) Live humongous region 86 object size 1048592 start 0x00000000e5600000  with remset 0 code roots 0 is marked 0 reclaim candidate 0 type array 1
[2024-12-07T17:08:09.909+0800][1.928s][debug][gc,humongous      ] GC(10) Live humongous region 88 object size 1048592 start 0x00000000e5800000  with remset 0 code roots 0 is marked 0 reclaim candidate 0 type array 1
[2024-12-07T17:08:09.909+0800][1.929s][debug][gc,humongous      ] GC(10) Live humongous region 90 object size 1048592 start 0x00000000e5a00000  with remset 0 code roots 0 is marked 0 reclaim candidate 0 type array 1
[2024-12-07T17:08:09.909+0800][1.929s][debug][gc,humongous      ] GC(10) Live humongous region 92 object size 1048592 start 0x00000000e5c00000  with remset 0 code roots 0 is marked 0 reclaim candidate 0 type array 1
[2024-12-07T17:08:09.909+0800][1.929s][debug][gc,humongous      ] GC(10) Live humongous region 94 object size 1048592 start 0x00000000e5e00000  with remset 0 code roots 0 is marked 0 reclaim candidate 0 type array 1
[2024-12-07T17:08:09.910+0800][1.929s][debug][gc,humongous      ] GC(10) Live humongous region 96 object size 1048592 start 0x00000000e6000000  with remset 0 code roots 0 is marked 0 reclaim candidate 0 type array 1
[2024-12-07T17:08:09.910+0800][1.929s][debug][gc,humongous      ] GC(10) Live humongous region 98 object size 1048592 start 0x00000000e6200000  with remset 0 code roots 0 is marked 0 reclaim candidate 0 type array 1
[2024-12-07T17:08:09.910+0800][1.929s][debug][gc,humongous      ] GC(10) Live humongous region 100 object size 1048592 start 0x00000000e6400000  with remset 0 code roots 0 is marked 0 reclaim candidate 0 type array 1
[2024-12-07T17:08:09.910+0800][1.929s][debug][gc,humongous      ] GC(10) Live humongous region 102 object size 1048592 start 0x00000000e6600000  with remset 0 code roots 0 is marked 0 reclaim candidate 0 type array 1
[2024-12-07T17:08:09.910+0800][1.929s][debug][gc,humongous      ] GC(10) Live humongous region 104 object size 1048592 start 0x00000000e6800000  with remset 0 code roots 0 is marked 0 reclaim candidate 0 type array 1
[2024-12-07T17:08:09.910+0800][1.929s][debug][gc,humongous      ] GC(10) Live humongous region 106 object size 1048592 start 0x00000000e6a00000  with remset 0 code roots 0 is marked 0 reclaim candidate 0 type array 1
[2024-12-07T17:08:09.910+0800][1.929s][debug][gc,humongous      ] GC(10) Live humongous region 108 object size 1048592 start 0x00000000e6c00000  with remset 0 code roots 0 is marked 0 reclaim candidate 0 type array 1
[2024-12-07T17:08:09.910+0800][1.929s][debug][gc,humongous      ] GC(10) Live humongous region 110 object size 1048592 start 0x00000000e6e00000  with remset 0 code roots 0 is marked 0 reclaim candidate 0 type array 1
[2024-12-07T17:08:09.910+0800][1.929s][debug][gc,humongous      ] GC(10) Live humongous region 112 object size 1048592 start 0x00000000e7000000  with remset 0 code roots 0 is marked 0 reclaim candidate 0 type array 1
[2024-12-07T17:08:09.910+0800][1.929s][debug][gc,humongous      ] GC(10) Live humongous region 114 object size 1048592 start 0x00000000e7200000  with remset 0 code roots 0 is marked 0 reclaim candidate 0 type array 1
[2024-12-07T17:08:09.910+0800][1.929s][debug][gc,humongous      ] GC(10) Live humongous region 116 object size 1048592 start 0x00000000e7400000  with remset 0 code roots 0 is marked 0 reclaim candidate 0 type array 1
[2024-12-07T17:08:09.910+0800][1.929s][debug][gc,humongous      ] GC(10) Live humongous region 118 object size 1048592 start 0x00000000e7600000  with remset 0 code roots 0 is marked 0 reclaim candidate 0 type array 1
[2024-12-07T17:08:09.910+0800][1.929s][debug][gc,humongous      ] GC(10) Live humongous region 120 object size 1048592 start 0x00000000e7800000  with remset 0 code roots 0 is marked 0 reclaim candidate 0 type array 1
[2024-12-07T17:08:09.910+0800][1.930s][debug][gc,humongous      ] GC(10) Live humongous region 122 object size 1048592 start 0x00000000e7a00000  with remset 0 code roots 0 is marked 0 reclaim candidate 0 type array 1
[2024-12-07T17:08:09.910+0800][1.930s][debug][gc,humongous      ] GC(10) Live humongous region 124 object size 1048592 start 0x00000000e7c00000  with remset 0 code roots 0 is marked 0 reclaim candidate 0 type array 1
[2024-12-07T17:08:09.911+0800][1.930s][debug][gc,humongous      ] GC(10) Live humongous region 126 object size 1048592 start 0x00000000e7e00000  with remset 0 code roots 0 is marked 0 reclaim candidate 0 type array 1
[2024-12-07T17:08:09.911+0800][1.930s][debug][gc,humongous      ] GC(10) Live humongous region 128 object size 1048592 start 0x00000000e8000000  with remset 0 code roots 0 is marked 0 reclaim candidate 0 type array 1
[2024-12-07T17:08:09.911+0800][1.930s][debug][gc,humongous      ] GC(10) Live humongous region 130 object size 1048592 start 0x00000000e8200000  with remset 0 code roots 0 is marked 0 reclaim candidate 0 type array 1
[2024-12-07T17:08:09.911+0800][1.930s][debug][gc,humongous      ] GC(10) Live humongous region 132 object size 1048592 start 0x00000000e8400000  with remset 0 code roots 0 is marked 0 reclaim candidate 0 type array 1
[2024-12-07T17:08:09.911+0800][1.930s][debug][gc,humongous      ] GC(10) Live humongous region 134 object size 1048592 start 0x00000000e8600000  with remset 0 code roots 0 is marked 0 reclaim candidate 0 type array 1
[2024-12-07T17:08:09.911+0800][1.930s][debug][gc,humongous      ] GC(10) Live humongous region 136 object size 1048592 start 0x00000000e8800000  with remset 0 code roots 0 is marked 0 reclaim candidate 0 type array 1
[2024-12-07T17:08:09.911+0800][1.930s][debug][gc,humongous      ] GC(10) Live humongous region 138 object size 1048592 start 0x00000000e8a00000  with remset 0 code roots 0 is marked 0 reclaim candidate 0 type array 1
[2024-12-07T17:08:09.911+0800][1.930s][debug][gc,humongous      ] GC(10) Live humongous region 140 object size 1048592 start 0x00000000e8c00000  with remset 0 code roots 0 is marked 0 reclaim candidate 0 type array 1
[2024-12-07T17:08:09.911+0800][1.930s][debug][gc,humongous      ] GC(10) Live humongous region 142 object size 1048592 start 0x00000000e8e00000  with remset 0 code roots 0 is marked 0 reclaim candidate 0 type array 1
[2024-12-07T17:08:09.911+0800][1.930s][debug][gc,humongous      ] GC(10) Live humongous region 144 object size 1048592 start 0x00000000e9000000  with remset 0 code roots 0 is marked 0 reclaim candidate 0 type array 1
[2024-12-07T17:08:09.911+0800][1.930s][debug][gc,humongous      ] GC(10) Live humongous region 146 object size 1048592 start 0x00000000e9200000  with remset 0 code roots 0 is marked 0 reclaim candidate 0 type array 1
[2024-12-07T17:08:09.911+0800][1.930s][debug][gc,humongous      ] GC(10) Live humongous region 148 object size 1048592 start 0x00000000e9400000  with remset 0 code roots 0 is marked 0 reclaim candidate 0 type array 1
[2024-12-07T17:08:09.911+0800][1.930s][debug][gc,humongous      ] GC(10) Live humongous region 150 object size 1048592 start 0x00000000e9600000  with remset 0 code roots 0 is marked 0 reclaim candidate 0 type array 1
[2024-12-07T17:08:09.911+0800][1.930s][debug][gc,humongous      ] GC(10) Live humongous region 152 object size 1048592 start 0x00000000e9800000  with remset 0 code roots 0 is marked 0 reclaim candidate 0 type array 1
[2024-12-07T17:08:09.911+0800][1.931s][debug][gc,humongous      ] GC(10) Live humongous region 154 object size 1048592 start 0x00000000e9a00000  with remset 0 code roots 0 is marked 0 reclaim candidate 0 type array 1
[2024-12-07T17:08:09.911+0800][1.931s][debug][gc,humongous      ] GC(10) Live humongous region 156 object size 1048592 start 0x00000000e9c00000  with remset 0 code roots 0 is marked 0 reclaim candidate 0 type array 1
[2024-12-07T17:08:09.912+0800][1.931s][debug][gc,humongous      ] GC(10) Live humongous region 158 object size 1048592 start 0x00000000e9e00000  with remset 0 code roots 0 is marked 0 reclaim candidate 0 type array 1
[2024-12-07T17:08:09.912+0800][1.931s][debug][gc,humongous      ] GC(10) Live humongous region 160 object size 1048592 start 0x00000000ea000000  with remset 0 code roots 0 is marked 0 reclaim candidate 0 type array 1
[2024-12-07T17:08:09.912+0800][1.931s][debug][gc,humongous      ] GC(10) Live humongous region 162 object size 1048592 start 0x00000000ea200000  with remset 0 code roots 0 is marked 0 reclaim candidate 0 type array 1
[2024-12-07T17:08:09.912+0800][1.931s][debug][gc,humongous      ] GC(10) Live humongous region 164 object size 1048592 start 0x00000000ea400000  with remset 0 code roots 0 is marked 0 reclaim candidate 0 type array 1
[2024-12-07T17:08:09.912+0800][1.931s][debug][gc,humongous      ] GC(10) Live humongous region 166 object size 1048592 start 0x00000000ea600000  with remset 0 code roots 0 is marked 0 reclaim candidate 0 type array 1
[2024-12-07T17:08:09.912+0800][1.931s][debug][gc,humongous      ] GC(10) Live humongous region 168 object size 1048592 start 0x00000000ea800000  with remset 0 code roots 0 is marked 0 reclaim candidate 0 type array 1
[2024-12-07T17:08:09.912+0800][1.931s][debug][gc,humongous      ] GC(10) Live humongous region 170 object size 1048592 start 0x00000000eaa00000  with remset 0 code roots 0 is marked 0 reclaim candidate 0 type array 1
[2024-12-07T17:08:09.912+0800][1.931s][debug][gc,humongous      ] GC(10) Live humongous region 172 object size 1048592 start 0x00000000eac00000  with remset 0 code roots 0 is marked 0 reclaim candidate 0 type array 1
[2024-12-07T17:08:09.912+0800][1.931s][debug][gc,humongous      ] GC(10) Live humongous region 174 object size 1048592 start 0x00000000eae00000  with remset 0 code roots 0 is marked 0 reclaim candidate 0 type array 1
[2024-12-07T17:08:09.912+0800][1.931s][debug][gc,humongous      ] GC(10) Live humongous region 176 object size 1048592 start 0x00000000eb000000  with remset 0 code roots 0 is marked 0 reclaim candidate 0 type array 1
[2024-12-07T17:08:09.912+0800][1.931s][debug][gc,humongous      ] GC(10) Live humongous region 178 object size 1048592 start 0x00000000eb200000  with remset 0 code roots 0 is marked 0 reclaim candidate 0 type array 1
[2024-12-07T17:08:09.912+0800][1.931s][debug][gc,humongous      ] GC(10) Live humongous region 180 object size 1048592 start 0x00000000eb400000  with remset 0 code roots 0 is marked 0 reclaim candidate 0 type array 1
[2024-12-07T17:08:09.912+0800][1.932s][debug][gc,humongous      ] GC(10) Live humongous region 182 object size 1048592 start 0x00000000eb600000  with remset 0 code roots 0 is marked 0 reclaim candidate 0 type array 1
[2024-12-07T17:08:09.912+0800][1.932s][debug][gc,humongous      ] GC(10) Live humongous region 184 object size 1048592 start 0x00000000eb800000  with remset 0 code roots 0 is marked 0 reclaim candidate 0 type array 1
[2024-12-07T17:08:09.912+0800][1.932s][debug][gc,humongous      ] GC(10) Live humongous region 186 object size 1048592 start 0x00000000eba00000  with remset 0 code roots 0 is marked 0 reclaim candidate 0 type array 1
[2024-12-07T17:08:09.913+0800][1.932s][debug][gc,humongous      ] GC(10) Live humongous region 188 object size 1048592 start 0x00000000ebc00000  with remset 0 code roots 0 is marked 0 reclaim candidate 0 type array 1
[2024-12-07T17:08:09.913+0800][1.932s][debug][gc,humongous      ] GC(10) Live humongous region 190 object size 1048592 start 0x00000000ebe00000  with remset 0 code roots 0 is marked 0 reclaim candidate 0 type array 1
[2024-12-07T17:08:09.913+0800][1.932s][debug][gc,humongous      ] GC(10) Live humongous region 192 object size 1048592 start 0x00000000ec000000  with remset 0 code roots 0 is marked 0 reclaim candidate 0 type array 1
[2024-12-07T17:08:09.913+0800][1.932s][debug][gc,humongous      ] GC(10) Live humongous region 194 object size 1048592 start 0x00000000ec200000  with remset 0 code roots 0 is marked 0 reclaim candidate 0 type array 1
[2024-12-07T17:08:09.913+0800][1.932s][debug][gc,humongous      ] GC(10) Live humongous region 196 object size 1048592 start 0x00000000ec400000  with remset 0 code roots 0 is marked 0 reclaim candidate 0 type array 1
[2024-12-07T17:08:09.913+0800][1.932s][debug][gc,humongous      ] GC(10) Live humongous region 198 object size 1048592 start 0x00000000ec600000  with remset 0 code roots 0 is marked 0 reclaim candidate 0 type array 1
[2024-12-07T17:08:09.913+0800][1.932s][debug][gc,humongous      ] GC(10) Live humongous region 200 object size 1048592 start 0x00000000ec800000  with remset 0 code roots 0 is marked 0 reclaim candidate 0 type array 1
[2024-12-07T17:08:09.913+0800][1.932s][debug][gc,humongous      ] GC(10) Live humongous region 202 object size 1048592 start 0x00000000eca00000  with remset 0 code roots 0 is marked 0 reclaim candidate 0 type array 1
[2024-12-07T17:08:09.913+0800][1.932s][debug][gc,humongous      ] GC(10) Live humongous region 204 object size 1048592 start 0x00000000ecc00000  with remset 0 code roots 0 is marked 0 reclaim candidate 0 type array 1
[2024-12-07T17:08:09.913+0800][1.932s][debug][gc,humongous      ] GC(10) Live humongous region 206 object size 1048592 start 0x00000000ece00000  with remset 0 code roots 0 is marked 0 reclaim candidate 0 type array 1
[2024-12-07T17:08:09.913+0800][1.933s][debug][gc,humongous      ] GC(10) Live humongous region 208 object size 1048592 start 0x00000000ed000000  with remset 0 code roots 0 is marked 0 reclaim candidate 0 type array 1
[2024-12-07T17:08:09.913+0800][1.933s][debug][gc,humongous      ] GC(10) Live humongous region 210 object size 1048592 start 0x00000000ed200000  with remset 0 code roots 0 is marked 0 reclaim candidate 0 type array 1
[2024-12-07T17:08:09.914+0800][1.933s][debug][gc,humongous      ] GC(10) Live humongous region 212 object size 1048592 start 0x00000000ed400000  with remset 0 code roots 0 is marked 0 reclaim candidate 0 type array 1
[2024-12-07T17:08:09.914+0800][1.933s][debug][gc,humongous      ] GC(10) Live humongous region 214 object size 1048592 start 0x00000000ed600000  with remset 0 code roots 0 is marked 0 reclaim candidate 0 type array 1
[2024-12-07T17:08:09.914+0800][1.933s][debug][gc,humongous      ] GC(10) Live humongous region 216 object size 1048592 start 0x00000000ed800000  with remset 0 code roots 0 is marked 0 reclaim candidate 0 type array 1
[2024-12-07T17:08:09.914+0800][1.933s][debug][gc,humongous      ] GC(10) Live humongous region 218 object size 1048592 start 0x00000000eda00000  with remset 0 code roots 0 is marked 0 reclaim candidate 0 type array 1
[2024-12-07T17:08:09.914+0800][1.933s][debug][gc,humongous      ] GC(10) Live humongous region 220 object size 1048592 start 0x00000000edc00000  with remset 0 code roots 0 is marked 0 reclaim candidate 0 type array 1
[2024-12-07T17:08:09.914+0800][1.933s][debug][gc,humongous      ] GC(10) Live humongous region 222 object size 1048592 start 0x00000000ede00000  with remset 0 code roots 0 is marked 0 reclaim candidate 0 type array 1
[2024-12-07T17:08:09.914+0800][1.933s][debug][gc,humongous      ] GC(10) Live humongous region 224 object size 1048592 start 0x00000000ee000000  with remset 0 code roots 0 is marked 0 reclaim candidate 0 type array 1
[2024-12-07T17:08:09.914+0800][1.933s][debug][gc,humongous      ] GC(10) Live humongous region 226 object size 1048592 start 0x00000000ee200000  with remset 0 code roots 0 is marked 0 reclaim candidate 0 type array 1
[2024-12-07T17:08:09.914+0800][1.933s][debug][gc,humongous      ] GC(10) Live humongous region 228 object size 1048592 start 0x00000000ee400000  with remset 0 code roots 0 is marked 0 reclaim candidate 0 type array 1
[2024-12-07T17:08:09.914+0800][1.933s][debug][gc,humongous      ] GC(10) Live humongous region 230 object size 1048592 start 0x00000000ee600000  with remset 0 code roots 0 is marked 0 reclaim candidate 0 type array 1
[2024-12-07T17:08:09.914+0800][1.933s][debug][gc,humongous      ] GC(10) Live humongous region 232 object size 1048592 start 0x00000000ee800000  with remset 0 code roots 0 is marked 0 reclaim candidate 0 type array 1
[2024-12-07T17:08:09.914+0800][1.933s][debug][gc,humongous      ] GC(10) Live humongous region 234 object size 1048592 start 0x00000000eea00000  with remset 0 code roots 0 is marked 0 reclaim candidate 0 type array 1
[2024-12-07T17:08:09.914+0800][1.933s][debug][gc,humongous      ] GC(10) Live humongous region 236 object size 1048592 start 0x00000000eec00000  with remset 0 code roots 0 is marked 0 reclaim candidate 0 type array 1
[2024-12-07T17:08:09.914+0800][1.934s][debug][gc,humongous      ] GC(10) Live humongous region 238 object size 1048592 start 0x00000000eee00000  with remset 0 code roots 0 is marked 0 reclaim candidate 0 type array 1
[2024-12-07T17:08:09.914+0800][1.934s][debug][gc,humongous      ] GC(10) Live humongous region 240 object size 1048592 start 0x00000000ef000000  with remset 0 code roots 0 is marked 0 reclaim candidate 0 type array 1
[2024-12-07T17:08:09.914+0800][1.934s][debug][gc,humongous      ] GC(10) Live humongous region 242 object size 1048592 start 0x00000000ef200000  with remset 0 code roots 0 is marked 0 reclaim candidate 0 type array 1
[2024-12-07T17:08:09.915+0800][1.934s][debug][gc,humongous      ] GC(10) Live humongous region 244 object size 1048592 start 0x00000000ef400000  with remset 0 code roots 0 is marked 0 reclaim candidate 0 type array 1
[2024-12-07T17:08:09.915+0800][1.934s][debug][gc,humongous      ] GC(10) Live humongous region 246 object size 1048592 start 0x00000000ef600000  with remset 0 code roots 0 is marked 0 reclaim candidate 0 type array 1
[2024-12-07T17:08:09.915+0800][1.934s][debug][gc,humongous      ] GC(10) Live humongous region 248 object size 1048592 start 0x00000000ef800000  with remset 0 code roots 0 is marked 0 reclaim candidate 0 type array 1
[2024-12-07T17:08:09.915+0800][1.934s][debug][gc,humongous      ] GC(10) Live humongous region 250 object size 1048592 start 0x00000000efa00000  with remset 0 code roots 0 is marked 0 reclaim candidate 0 type array 1
[2024-12-07T17:08:09.915+0800][1.934s][debug][gc,humongous      ] GC(10) Live humongous region 252 object size 1048592 start 0x00000000efc00000  with remset 0 code roots 0 is marked 0 reclaim candidate 0 type array 1
[2024-12-07T17:08:09.915+0800][1.934s][debug][gc,humongous      ] GC(10) Live humongous region 254 object size 1048592 start 0x00000000efe00000  with remset 0 code roots 0 is marked 0 reclaim candidate 0 type array 1
[2024-12-07T17:08:09.915+0800][1.934s][debug][gc,humongous      ] GC(10) Live humongous region 256 object size 1048592 start 0x00000000f0000000  with remset 0 code roots 0 is marked 0 reclaim candidate 0 type array 1
[2024-12-07T17:08:09.915+0800][1.934s][debug][gc,humongous      ] GC(10) Live humongous region 258 object size 1048592 start 0x00000000f0200000  with remset 0 code roots 0 is marked 0 reclaim candidate 0 type array 1
[2024-12-07T17:08:09.915+0800][1.934s][debug][gc,humongous      ] GC(10) Live humongous region 260 object size 1048592 start 0x00000000f0400000  with remset 0 code roots 0 is marked 0 reclaim candidate 0 type array 1
[2024-12-07T17:08:09.915+0800][1.934s][debug][gc,humongous      ] GC(10) Live humongous region 262 object size 1048592 start 0x00000000f0600000  with remset 0 code roots 0 is marked 0 reclaim candidate 0 type array 1
[2024-12-07T17:08:09.915+0800][1.934s][debug][gc,humongous      ] GC(10) Live humongous region 264 object size 1048592 start 0x00000000f0800000  with remset 0 code roots 0 is marked 0 reclaim candidate 0 type array 1
[2024-12-07T17:08:09.915+0800][1.934s][debug][gc,humongous      ] GC(10) Live humongous region 266 object size 1048592 start 0x00000000f0a00000  with remset 0 code roots 0 is marked 0 reclaim candidate 0 type array 1
[2024-12-07T17:08:09.915+0800][1.934s][debug][gc,humongous      ] GC(10) Live humongous region 268 object size 1048592 start 0x00000000f0c00000  with remset 0 code roots 0 is marked 0 reclaim candidate 0 type array 1
[2024-12-07T17:08:09.915+0800][1.935s][debug][gc,humongous      ] GC(10) Live humongous region 270 object size 1048592 start 0x00000000f0e00000  with remset 0 code roots 0 is marked 0 reclaim candidate 0 type array 1
[2024-12-07T17:08:09.915+0800][1.935s][debug][gc,humongous      ] GC(10) Live humongous region 272 object size 1048592 start 0x00000000f1000000  with remset 0 code roots 0 is marked 0 reclaim candidate 0 type array 1
[2024-12-07T17:08:09.915+0800][1.935s][debug][gc,humongous      ] GC(10) Live humongous region 274 object size 1048592 start 0x00000000f1200000  with remset 0 code roots 0 is marked 0 reclaim candidate 0 type array 1
[2024-12-07T17:08:09.916+0800][1.935s][debug][gc,humongous      ] GC(10) Live humongous region 276 object size 1048592 start 0x00000000f1400000  with remset 0 code roots 0 is marked 0 reclaim candidate 0 type array 1
[2024-12-07T17:08:09.916+0800][1.935s][debug][gc,humongous      ] GC(10) Live humongous region 278 object size 1048592 start 0x00000000f1600000  with remset 0 code roots 0 is marked 0 reclaim candidate 0 type array 1
[2024-12-07T17:08:09.916+0800][1.935s][debug][gc,humongous      ] GC(10) Live humongous region 280 object size 1048592 start 0x00000000f1800000  with remset 0 code roots 0 is marked 0 reclaim candidate 0 type array 1
[2024-12-07T17:08:09.916+0800][1.935s][debug][gc,humongous      ] GC(10) Live humongous region 282 object size 1048592 start 0x00000000f1a00000  with remset 0 code roots 0 is marked 0 reclaim candidate 0 type array 1
[2024-12-07T17:08:09.916+0800][1.935s][debug][gc,humongous      ] GC(10) Live humongous region 284 object size 1048592 start 0x00000000f1c00000  with remset 0 code roots 0 is marked 0 reclaim candidate 0 type array 1
[2024-12-07T17:08:09.916+0800][1.935s][debug][gc,humongous      ] GC(10) Live humongous region 286 object size 1048592 start 0x00000000f1e00000  with remset 0 code roots 0 is marked 0 reclaim candidate 0 type array 1
[2024-12-07T17:08:09.916+0800][1.935s][debug][gc,humongous      ] GC(10) Live humongous region 288 object size 1048592 start 0x00000000f2000000  with remset 0 code roots 0 is marked 0 reclaim candidate 0 type array 1
[2024-12-07T17:08:09.916+0800][1.935s][debug][gc,humongous      ] GC(10) Live humongous region 290 object size 1048592 start 0x00000000f2200000  with remset 0 code roots 0 is marked 0 reclaim candidate 0 type array 1
[2024-12-07T17:08:09.916+0800][1.935s][debug][gc,humongous      ] GC(10) Live humongous region 292 object size 1048592 start 0x00000000f2400000  with remset 0 code roots 0 is marked 0 reclaim candidate 0 type array 1
[2024-12-07T17:08:09.916+0800][1.935s][debug][gc,humongous      ] GC(10) Live humongous region 294 object size 1048592 start 0x00000000f2600000  with remset 0 code roots 0 is marked 0 reclaim candidate 0 type array 1
[2024-12-07T17:08:09.916+0800][1.935s][debug][gc,humongous      ] GC(10) Live humongous region 296 object size 1048592 start 0x00000000f2800000  with remset 0 code roots 0 is marked 0 reclaim candidate 0 type array 1
[2024-12-07T17:08:09.916+0800][1.935s][debug][gc,humongous      ] GC(10) Live humongous region 298 object size 1048592 start 0x00000000f2a00000  with remset 0 code roots 0 is marked 0 reclaim candidate 0 type array 1
[2024-12-07T17:08:09.916+0800][1.936s][debug][gc,humongous      ] GC(10) Live humongous region 300 object size 1048592 start 0x00000000f2c00000  with remset 0 code roots 0 is marked 0 reclaim candidate 0 type array 1
[2024-12-07T17:08:09.916+0800][1.936s][debug][gc,humongous      ] GC(10) Live humongous region 302 object size 1048592 start 0x00000000f2e00000  with remset 0 code roots 0 is marked 0 reclaim candidate 0 type array 1
[2024-12-07T17:08:09.917+0800][1.936s][debug][gc,humongous      ] GC(10) Live humongous region 304 object size 1048592 start 0x00000000f3000000  with remset 0 code roots 0 is marked 0 reclaim candidate 0 type array 1
[2024-12-07T17:08:09.917+0800][1.936s][debug][gc,humongous      ] GC(10) Live humongous region 306 object size 1048592 start 0x00000000f3200000  with remset 0 code roots 0 is marked 0 reclaim candidate 0 type array 1
[2024-12-07T17:08:09.917+0800][1.936s][debug][gc,humongous      ] GC(10) Live humongous region 308 object size 1048592 start 0x00000000f3400000  with remset 0 code roots 0 is marked 0 reclaim candidate 0 type array 1
[2024-12-07T17:08:09.917+0800][1.936s][debug][gc,humongous      ] GC(10) Live humongous region 310 object size 1048592 start 0x00000000f3600000  with remset 0 code roots 0 is marked 0 reclaim candidate 0 type array 1
[2024-12-07T17:08:09.917+0800][1.936s][debug][gc,humongous      ] GC(10) Live humongous region 312 object size 1048592 start 0x00000000f3800000  with remset 0 code roots 0 is marked 0 reclaim candidate 0 type array 1
[2024-12-07T17:08:09.917+0800][1.936s][debug][gc,humongous      ] GC(10) Live humongous region 314 object size 1048592 start 0x00000000f3a00000  with remset 0 code roots 0 is marked 0 reclaim candidate 0 type array 1
[2024-12-07T17:08:09.917+0800][1.936s][debug][gc,humongous      ] GC(10) Live humongous region 316 object size 1048592 start 0x00000000f3c00000  with remset 0 code roots 0 is marked 0 reclaim candidate 0 type array 1
[2024-12-07T17:08:09.917+0800][1.936s][debug][gc,humongous      ] GC(10) Live humongous region 318 object size 1048592 start 0x00000000f3e00000  with remset 0 code roots 0 is marked 0 reclaim candidate 0 type array 1
[2024-12-07T17:08:09.917+0800][1.936s][debug][gc,plab           ] GC(10) Young PLAB allocation: allocated: 407896B, wasted: 2840B, unused: 39800B, used: 365256B, undo waste: 0B, 
[2024-12-07T17:08:09.917+0800][1.936s][debug][gc,plab           ] GC(10) Young other allocation: region end waste: 0B, regions filled: 1, direct allocated: 72560B, failure used: 0B, failure wasted: 0B
[2024-12-07T17:08:09.917+0800][1.936s][debug][gc,plab           ] GC(10) Young sizing: calculated: 73048B, actual: 73064B
[2024-12-07T17:08:09.917+0800][1.936s][debug][gc,plab           ] GC(10) Old PLAB allocation: allocated: 0B, wasted: 0B, unused: 0B, used: 0B, undo waste: 0B, 
[2024-12-07T17:08:09.917+0800][1.936s][debug][gc,plab           ] GC(10) Old other allocation: region end waste: 0B, regions filled: 0, direct allocated: 0B, failure used: 0B, failure wasted: 0B
[2024-12-07T17:08:09.917+0800][1.937s][debug][gc,plab           ] GC(10) Old sizing: calculated: 0B, actual: 2064B
[2024-12-07T17:08:09.917+0800][1.937s][debug][gc,alloc,stats    ] Old generation allocation in the last mutator period, old gen allocated: 0B, humongous allocated: 20971520B,old gen growth: 20971520B.
[2024-12-07T17:08:09.917+0800][1.937s][debug][gc,ihop           ] GC(10) Basic information (value update), threshold: 236873318B (45.00), target occupancy: 526385152B, current occupancy: 336762056B, recent allocation size: 20971520B, recent allocation duration: 100.02ms, recent old gen allocation rate: 209666643.30B/s, recent marking phase length: 0.00ms
[2024-12-07T17:08:09.918+0800][1.937s][debug][gc,ihop           ] GC(10) Adaptive IHOP information (value update), threshold: 236873318B (51.91), internal target occupancy: 456340275B, occupancy: 336762056B, additional buffer size: 72351744B, predicted old gen allocation rate: 198033951.81B/s, predicted marking phase length: 0.00ms, prediction active: false
[2024-12-07T17:08:09.918+0800][1.937s][debug][gc,ergo,refine    ] GC(10) Updated Refinement Zones: green: 18, yellow: 54, red: 90
[2024-12-07T17:08:09.918+0800][1.937s][info ][gc,phases         ] GC(10)   Pre Evacuate Collection Set: 0.2ms
[2024-12-07T17:08:09.918+0800][1.937s][debug][gc,phases         ] GC(10)     Prepare TLABs: 0.2ms
[2024-12-07T17:08:09.918+0800][1.937s][debug][gc,phases         ] GC(10)     Choose Collection Set: 0.2ms
[2024-12-07T17:08:09.918+0800][1.937s][debug][gc,phases         ] GC(10)     Humongous Register: 0.0ms
[2024-12-07T17:08:09.918+0800][1.937s][debug][gc,phases         ] GC(10)     Clear Claimed Marks: 0.0ms
[2024-12-07T17:08:09.918+0800][1.937s][info ][gc,phases         ] GC(10)   Evacuate Collection Set: 10.8ms
[2024-12-07T17:08:09.918+0800][1.937s][debug][gc,phases         ] GC(10)     Ext Root Scanning (ms):   Min:  0.1, Avg:  0.6, Max:  1.2, Diff:  1.1, Sum:  6.9, Workers: 12
[2024-12-07T17:08:09.918+0800][1.937s][debug][gc,phases         ] GC(10)     Update RS (ms):           Min:  0.0, Avg:  0.4, Max:  0.9, Diff:  0.9, Sum:  4.2, Workers: 12
[2024-12-07T17:08:09.918+0800][1.937s][debug][gc,phases         ] GC(10)       Processed Buffers:        Min: 0, Avg:  0.6, Max: 1, Diff: 1, Sum: 7, Workers: 12
[2024-12-07T17:08:09.918+0800][1.937s][debug][gc,phases         ] GC(10)       Scanned Cards:            Min: 0, Avg: 18.5, Max: 50, Diff: 50, Sum: 222, Workers: 12
[2024-12-07T17:08:09.918+0800][1.937s][debug][gc,phases         ] GC(10)       Skipped Cards:            Min: 0, Avg: 11.1, Max: 72, Diff: 72, Sum: 133, Workers: 12
[2024-12-07T17:08:09.918+0800][1.938s][debug][gc,phases         ] GC(10)     Scan RS (ms):             Min:  0.0, Avg:  0.5, Max:  4.2, Diff:  4.2, Sum:  6.3, Workers: 12
[2024-12-07T17:08:09.918+0800][1.938s][debug][gc,phases         ] GC(10)       Scanned Cards:            Min: 0, Avg: 16.1, Max: 64, Diff: 64, Sum: 193, Workers: 12
[2024-12-07T17:08:09.919+0800][1.938s][debug][gc,phases         ] GC(10)       Claimed Cards:            Min: 0, Avg: 18.5, Max: 64, Diff: 64, Sum: 222, Workers: 12
[2024-12-07T17:08:09.919+0800][1.938s][debug][gc,phases         ] GC(10)       Skipped Cards:            Min: 0, Avg: 74.0, Max: 222, Diff: 222, Sum: 888, Workers: 12
[2024-12-07T17:08:09.919+0800][1.938s][debug][gc,phases         ] GC(10)     Code Root Scanning (ms):  Min:  0.0, Avg:  0.0, Max:  0.1, Diff:  0.1, Sum:  0.1, Workers: 12
[2024-12-07T17:08:09.919+0800][1.938s][debug][gc,phases         ] GC(10)     AOT Root Scanning (ms):   skipped
[2024-12-07T17:08:09.919+0800][1.938s][debug][gc,phases         ] GC(10)     Object Copy (ms):         Min:  0.0, Avg:  0.1, Max:  0.4, Diff:  0.4, Sum:  1.4, Workers: 12
[2024-12-07T17:08:09.919+0800][1.938s][debug][gc,phases         ] GC(10)     Termination (ms):         Min:  0.0, Avg:  3.7, Max:  4.4, Diff:  4.4, Sum: 44.1, Workers: 12
[2024-12-07T17:08:09.919+0800][1.938s][debug][gc,phases         ] GC(10)       Termination Attempts:     Min: 1, Avg:  6.6, Max: 15, Diff: 14, Sum: 79, Workers: 12
[2024-12-07T17:08:09.919+0800][1.938s][debug][gc,phases         ] GC(10)     GC Worker Other (ms):     Min:  1.1, Avg:  3.3, Max:  4.9, Diff:  3.8, Sum: 39.8, Workers: 12
[2024-12-07T17:08:09.919+0800][1.938s][debug][gc,phases         ] GC(10)     GC Worker Total (ms):     Min:  6.1, Avg:  8.6, Max:  9.9, Diff:  3.8, Sum: 102.8, Workers: 12
[2024-12-07T17:08:09.919+0800][1.938s][info ][gc,phases         ] GC(10)   Post Evacuate Collection Set: 12.1ms
[2024-12-07T17:08:09.919+0800][1.938s][debug][gc,phases         ] GC(10)     Code Roots Fixup: 0.0ms
[2024-12-07T17:08:09.919+0800][1.938s][debug][gc,phases         ] GC(10)     Clear Card Table: 0.6ms
[2024-12-07T17:08:09.919+0800][1.938s][debug][gc,phases         ] GC(10)     Reference Processing: 0.6ms
[2024-12-07T17:08:09.919+0800][1.939s][debug][gc,phases,ref     ] GC(10)       Reconsider SoftReferences: 0.2ms
[2024-12-07T17:08:09.920+0800][1.939s][debug][gc,phases,ref     ] GC(10)         SoftRef (ms):             skipped
[2024-12-07T17:08:09.920+0800][1.939s][debug][gc,phases,ref     ] GC(10)       Notify Soft/WeakReferences: 0.0ms
[2024-12-07T17:08:09.920+0800][1.939s][debug][gc,phases,ref     ] GC(10)         SoftRef (ms):             Min:  0.0, Avg:  0.0, Max:  0.0, Diff:  0.0, Sum:  0.0, Workers: 1
[2024-12-07T17:08:09.920+0800][1.939s][debug][gc,phases,ref     ] GC(10)         WeakRef (ms):             Min:  0.0, Avg:  0.0, Max:  0.0, Diff:  0.0, Sum:  0.0, Workers: 1
[2024-12-07T17:08:09.920+0800][1.939s][debug][gc,phases,ref     ] GC(10)         FinalRef (ms):            Min:  0.0, Avg:  0.0, Max:  0.0, Diff:  0.0, Sum:  0.0, Workers: 1
[2024-12-07T17:08:09.920+0800][1.940s][debug][gc,phases,ref     ] GC(10)         Total (ms):               Min:  0.0, Avg:  0.0, Max:  0.0, Diff:  0.0, Sum:  0.0, Workers: 1
[2024-12-07T17:08:09.921+0800][1.940s][debug][gc,phases,ref     ] GC(10)       Notify and keep alive finalizable: 0.4ms
[2024-12-07T17:08:09.921+0800][1.940s][debug][gc,phases,ref     ] GC(10)         FinalRef (ms):            skipped
[2024-12-07T17:08:09.921+0800][1.940s][debug][gc,phases,ref     ] GC(10)       Notify PhantomReferences: 0.0ms
[2024-12-07T17:08:09.921+0800][1.940s][debug][gc,phases,ref     ] GC(10)         PhantomRef (ms):          Min:  0.0, Avg:  0.0, Max:  0.0, Diff:  0.0, Sum:  0.0, Workers: 1
[2024-12-07T17:08:09.921+0800][1.940s][debug][gc,phases,ref     ] GC(10)       SoftReference:
[2024-12-07T17:08:09.921+0800][1.940s][debug][gc,phases,ref     ] GC(10)         Discovered: 0
[2024-12-07T17:08:09.921+0800][1.940s][debug][gc,phases,ref     ] GC(10)         Cleared: 0
[2024-12-07T17:08:09.921+0800][1.940s][debug][gc,phases,ref     ] GC(10)       WeakReference:
[2024-12-07T17:08:09.921+0800][1.941s][debug][gc,phases,ref     ] GC(10)         Discovered: 22
[2024-12-07T17:08:09.921+0800][1.941s][debug][gc,phases,ref     ] GC(10)         Cleared: 22
[2024-12-07T17:08:09.921+0800][1.941s][debug][gc,phases,ref     ] GC(10)       FinalReference:
[2024-12-07T17:08:09.922+0800][1.941s][debug][gc,phases,ref     ] GC(10)         Discovered: 0
[2024-12-07T17:08:09.922+0800][1.941s][debug][gc,phases,ref     ] GC(10)         Cleared: 0
[2024-12-07T17:08:09.922+0800][1.941s][debug][gc,phases,ref     ] GC(10)       PhantomReference:
[2024-12-07T17:08:09.922+0800][1.941s][debug][gc,phases,ref     ] GC(10)         Discovered: 5
[2024-12-07T17:08:09.922+0800][1.941s][debug][gc,phases,ref     ] GC(10)         Cleared: 5
[2024-12-07T17:08:09.922+0800][1.941s][debug][gc,phases         ] GC(10)     Weak Processing: 0.0ms
[2024-12-07T17:08:09.922+0800][1.941s][debug][gc,phases         ] GC(10)     Merge Per-Thread State: 0.0ms
[2024-12-07T17:08:09.922+0800][1.941s][debug][gc,phases         ] GC(10)     Code Roots Purge: 0.0ms
[2024-12-07T17:08:09.922+0800][1.941s][debug][gc,phases         ] GC(10)     Redirty Cards: 0.1ms
[2024-12-07T17:08:09.922+0800][1.941s][debug][gc,phases         ] GC(10)     DerivedPointerTable Update: 0.0ms
[2024-12-07T17:08:09.922+0800][1.941s][debug][gc,phases         ] GC(10)     Free Collection Set: 0.1ms
[2024-12-07T17:08:09.922+0800][1.941s][debug][gc,phases         ] GC(10)     Humongous Reclaim: 10.6ms
[2024-12-07T17:08:09.922+0800][1.941s][debug][gc,phases         ] GC(10)     Start New Collection Set: 0.0ms
[2024-12-07T17:08:09.922+0800][1.942s][debug][gc,phases         ] GC(10)     Resize TLABs: 0.0ms
[2024-12-07T17:08:09.922+0800][1.942s][debug][gc,phases         ] GC(10)     Expand Heap After Collection: 0.0ms
[2024-12-07T17:08:09.923+0800][1.942s][info ][gc,phases         ] GC(10)   Other: 2.5ms
[2024-12-07T17:08:09.923+0800][1.942s][info ][gc,heap           ] GC(10) Eden regions: 1->0(68)
[2024-12-07T17:08:09.923+0800][1.942s][info ][gc,heap           ] GC(10) Survivor regions: 1->1(11)
[2024-12-07T17:08:09.923+0800][1.942s][info ][gc,heap           ] GC(10) Old regions: 2->2
[2024-12-07T17:08:09.923+0800][1.942s][info ][gc,heap           ] GC(10) Humongous regions: 320->320
[2024-12-07T17:08:09.923+0800][1.942s][info ][gc,metaspace      ] GC(10) Metaspace: 558K(4864K)->558K(4864K) NonClass: 512K(4352K)->512K(4352K) Class: 46K(512K)->46K(512K)
[2024-12-07T17:08:09.923+0800][1.942s][debug][gc,heap           ] GC(10) Heap after GC invocations=11 (full 0): garbage-first heap   total 516096K, used 328869K [0x00000000e0000000, 0x0000000100000000)
[2024-12-07T17:08:09.923+0800][1.942s][debug][gc,heap           ] GC(10)   region size 1024K, 1 young (1024K), 1 survivors (1024K)
[2024-12-07T17:08:09.923+0800][1.942s][debug][gc,heap           ] GC(10)  Metaspace       used 558K, capacity 4570K, committed 4864K, reserved 1056768K
[2024-12-07T17:08:09.923+0800][1.942s][debug][gc,heap           ] GC(10)   class space    used 46K, capacity 419K, committed 512K, reserved 1048576K
[2024-12-07T17:08:09.923+0800][1.942s][info ][gc                ] GC(10) Pause Young (Concurrent Start) (G1 Humongous Allocation) 321M->321M(504M) 30.274ms
[2024-12-07T17:08:09.923+0800][1.942s][info ][gc,cpu            ] GC(10) User=0.06s Sys=0.00s Real=0.03s
[2024-12-07T17:08:09.923+0800][1.943s][info ][gc                ] GC(11) Concurrent Cycle
[2024-12-07T17:08:09.923+0800][1.943s][info ][gc,marking        ] GC(11) Concurrent Clear Claimed Marks
[2024-12-07T17:08:09.924+0800][1.943s][info ][gc,marking        ] GC(11) Concurrent Clear Claimed Marks 0.085ms
[2024-12-07T17:08:09.924+0800][1.943s][info ][gc,marking        ] GC(11) Concurrent Scan Root Regions
[2024-12-07T17:08:09.924+0800][1.943s][debug][gc,ergo           ] GC(11) Running G1 Root Region Scan using 1 workers for 1 work units.
[2024-12-07T17:08:09.924+0800][1.943s][info ][gc,marking        ] GC(11) Concurrent Scan Root Regions 0.449ms
[2024-12-07T17:08:09.924+0800][1.943s][info ][gc,marking        ] GC(11) Concurrent Mark (1.943s)
[2024-12-07T17:08:09.924+0800][1.943s][info ][gc,marking        ] GC(11) Concurrent Mark From Roots
[2024-12-07T17:08:09.924+0800][1.943s][info ][gc,task           ] GC(11) Using 5 workers of 5 for marking
[2024-12-07T17:08:09.925+0800][1.944s][debug][gc,stats          ] ---------------------------------------------------------------------
[2024-12-07T17:08:09.925+0800][1.944s][debug][gc,stats          ] Marking Stats, task = 0, calls = 28
[2024-12-07T17:08:09.925+0800][1.944s][debug][gc,stats          ]   Elapsed time = 0.46ms, Termination time = 0.00ms
[2024-12-07T17:08:09.925+0800][1.944s][debug][gc,stats          ]   Step Times (cum): num = 553, avg = 0.01ms, sd = 0.11ms max = 2.63ms, total = 3.31ms
[2024-12-07T17:08:09.925+0800][1.944s][debug][gc,stats          ]   Mark Stats Cache: hits 4472 misses 161 ratio 96.525
[2024-12-07T17:08:09.925+0800][1.944s][debug][gc,stats          ] ---------------------------------------------------------------------
[2024-12-07T17:08:09.925+0800][1.944s][debug][gc,stats          ] Marking Stats, task = 1, calls = 43
[2024-12-07T17:08:09.925+0800][1.944s][debug][gc,stats          ]   Elapsed time = 0.45ms, Termination time = 0.00ms
[2024-12-07T17:08:09.925+0800][1.945s][debug][gc,stats          ]   Step Times (cum): num = 176, avg = 0.02ms, sd = 0.20ms max = 2.64ms, total = 3.33ms
[2024-12-07T17:08:09.925+0800][1.945s][debug][gc,stats          ]   Mark Stats Cache: hits 578 misses 2 ratio 99.655
[2024-12-07T17:08:09.926+0800][1.945s][debug][gc,stats          ] ---------------------------------------------------------------------
[2024-12-07T17:08:09.926+0800][1.945s][debug][gc,stats          ] Marking Stats, task = 2, calls = 39
[2024-12-07T17:08:09.926+0800][1.945s][debug][gc,stats          ]   Elapsed time = 0.44ms, Termination time = 0.00ms
[2024-12-07T17:08:09.926+0800][1.945s][debug][gc,stats          ]   Step Times (cum): num = 209, avg = 0.02ms, sd = 0.19ms max = 2.65ms, total = 3.31ms
[2024-12-07T17:08:09.926+0800][1.945s][debug][gc,stats          ]   Mark Stats Cache: hits 588 misses 2 ratio 99.661
[2024-12-07T17:08:09.926+0800][1.945s][debug][gc,stats          ] ---------------------------------------------------------------------
[2024-12-07T17:08:09.926+0800][1.945s][debug][gc,stats          ] Marking Stats, task = 3, calls = 1
[2024-12-07T17:08:09.926+0800][1.945s][debug][gc,stats          ]   Elapsed time = 0.43ms, Termination time = 0.00ms
[2024-12-07T17:08:09.926+0800][1.945s][debug][gc,stats          ]   Step Times (cum): num = 156, avg = 0.02ms, sd = 0.21ms max = 2.63ms, total = 3.30ms
[2024-12-07T17:08:09.926+0800][1.945s][debug][gc,stats          ]   Mark Stats Cache: hits 4255 misses 2 ratio 99.953
[2024-12-07T17:08:09.926+0800][1.946s][debug][gc,stats          ] ---------------------------------------------------------------------
[2024-12-07T17:08:09.926+0800][1.946s][debug][gc,stats          ] Marking Stats, task = 4, calls = 35
[2024-12-07T17:08:09.926+0800][1.946s][debug][gc,stats          ]   Elapsed time = 0.43ms, Termination time = 0.00ms
[2024-12-07T17:08:09.927+0800][1.946s][debug][gc,stats          ]   Step Times (cum): num = 171, avg = 0.02ms, sd = 0.21ms max = 2.66ms, total = 3.31ms
[2024-12-07T17:08:09.927+0800][1.946s][debug][gc,stats          ]   Mark Stats Cache: hits 591 misses 2 ratio 99.663
[2024-12-07T17:08:09.927+0800][1.946s][debug][gc,stats          ] ---------------------------------------------------------------------
[2024-12-07T17:08:09.927+0800][1.946s][info ][gc,marking        ] GC(11) Concurrent Mark From Roots 2.927ms
[2024-12-07T17:08:09.927+0800][1.946s][info ][gc,marking        ] GC(11) Concurrent Preclean
[2024-12-07T17:08:09.927+0800][1.947s][debug][gc,ref,start      ] GC(11) Preclean SoftReferences
[2024-12-07T17:08:09.928+0800][1.947s][debug][gc,ref            ] GC(11) Preclean SoftReferences 0.104ms
[2024-12-07T17:08:09.928+0800][1.947s][debug][gc,ref,start      ] GC(11) Preclean WeakReferences
[2024-12-07T17:08:09.928+0800][1.947s][debug][gc,ref            ] GC(11) Preclean WeakReferences 0.110ms
[2024-12-07T17:08:09.928+0800][1.947s][debug][gc,ref,start      ] GC(11) Preclean FinalReferences
[2024-12-07T17:08:09.928+0800][1.947s][debug][gc,ref            ] GC(11) Preclean FinalReferences 0.096ms
[2024-12-07T17:08:09.928+0800][1.947s][debug][gc,ref,start      ] GC(11) Preclean PhantomReferences
[2024-12-07T17:08:09.928+0800][1.948s][debug][gc,ref            ] GC(11) Preclean PhantomReferences 0.094ms
[2024-12-07T17:08:09.929+0800][1.948s][info ][gc,marking        ] GC(11) Concurrent Preclean 1.247ms
[2024-12-07T17:08:09.929+0800][1.948s][info ][gc,marking        ] GC(11) Concurrent Mark (1.943s, 1.948s) 4.446ms
[2024-12-07T17:08:09.929+0800][1.948s][info ][gc,start          ] GC(11) Pause Remark
[2024-12-07T17:08:09.929+0800][1.948s][debug][gc,phases,start   ] GC(11) Finalize Marking
[2024-12-07T17:08:09.929+0800][1.948s][debug][gc,stats          ] ---------------------------------------------------------------------
[2024-12-07T17:08:09.929+0800][1.949s][debug][gc,stats          ] Marking Stats, task = 0, calls = 101
[2024-12-07T17:08:09.930+0800][1.949s][debug][gc,stats          ]   Elapsed time = 0.15ms, Termination time = 0.00ms
[2024-12-07T17:08:09.930+0800][1.949s][debug][gc,stats          ]   Step Times (cum): num = 626, avg = 0.01ms, sd = 0.11ms max = 2.63ms, total = 3.31ms
[2024-12-07T17:08:09.930+0800][1.949s][debug][gc,stats          ]   Mark Stats Cache: hits 4472 misses 161 ratio 96.525
[2024-12-07T17:08:09.930+0800][1.949s][debug][gc,stats          ] ---------------------------------------------------------------------
[2024-12-07T17:08:09.930+0800][1.949s][debug][gc,stats          ] Marking Stats, task = 1, calls = 44
[2024-12-07T17:08:09.930+0800][1.949s][debug][gc,stats          ]   Elapsed time = 0.15ms, Termination time = 0.00ms
[2024-12-07T17:08:09.930+0800][1.949s][debug][gc,stats          ]   Step Times (cum): num = 177, avg = 0.02ms, sd = 0.20ms max = 2.64ms, total = 3.33ms
[2024-12-07T17:08:09.930+0800][1.950s][debug][gc,stats          ]   Mark Stats Cache: hits 578 misses 2 ratio 99.655
[2024-12-07T17:08:09.931+0800][1.950s][debug][gc,stats          ] ---------------------------------------------------------------------
[2024-12-07T17:08:09.931+0800][1.950s][debug][gc,stats          ] Marking Stats, task = 2, calls = 40
[2024-12-07T17:08:09.931+0800][1.950s][debug][gc,stats          ]   Elapsed time = 0.15ms, Termination time = 0.00ms
[2024-12-07T17:08:09.931+0800][1.950s][debug][gc,stats          ]   Step Times (cum): num = 210, avg = 0.02ms, sd = 0.18ms max = 2.65ms, total = 3.31ms
[2024-12-07T17:08:09.931+0800][1.950s][debug][gc,stats          ]   Mark Stats Cache: hits 588 misses 2 ratio 99.661
[2024-12-07T17:08:09.931+0800][1.950s][debug][gc,stats          ] ---------------------------------------------------------------------
[2024-12-07T17:08:09.931+0800][1.950s][debug][gc,stats          ] Marking Stats, task = 3, calls = 2
[2024-12-07T17:08:09.931+0800][1.950s][debug][gc,stats          ]   Elapsed time = 0.15ms, Termination time = 0.00ms
[2024-12-07T17:08:09.931+0800][1.950s][debug][gc,stats          ]   Step Times (cum): num = 157, avg = 0.02ms, sd = 0.21ms max = 2.63ms, total = 3.30ms
[2024-12-07T17:08:09.931+0800][1.950s][debug][gc,stats          ]   Mark Stats Cache: hits 4255 misses 2 ratio 99.953
[2024-12-07T17:08:09.931+0800][1.951s][debug][gc,stats          ] ---------------------------------------------------------------------
[2024-12-07T17:08:09.931+0800][1.951s][debug][gc,stats          ] Marking Stats, task = 4, calls = 36
[2024-12-07T17:08:09.932+0800][1.951s][debug][gc,stats          ]   Elapsed time = 0.15ms, Termination time = 0.00ms
[2024-12-07T17:08:09.932+0800][1.951s][debug][gc,stats          ]   Step Times (cum): num = 172, avg = 0.02ms, sd = 0.20ms max = 2.66ms, total = 3.31ms
[2024-12-07T17:08:09.932+0800][1.951s][debug][gc,stats          ]   Mark Stats Cache: hits 591 misses 2 ratio 99.663
[2024-12-07T17:08:09.932+0800][1.951s][debug][gc,stats          ] ---------------------------------------------------------------------
[2024-12-07T17:08:09.932+0800][1.951s][debug][gc,stats          ] Marking Stats, task = 5, calls = 1
[2024-12-07T17:08:09.932+0800][1.951s][debug][gc,stats          ]   Elapsed time = 0.15ms, Termination time = 0.00ms
[2024-12-07T17:08:09.932+0800][1.951s][debug][gc,stats          ]   Step Times (cum): num = 6, avg = 0.51ms, sd = 0.97ms max = 2.65ms, total = 3.06ms
[2024-12-07T17:08:09.932+0800][1.951s][debug][gc,stats          ]   Mark Stats Cache: hits 0 misses 0 ratio 0.000
[2024-12-07T17:08:09.932+0800][1.951s][debug][gc,stats          ] ---------------------------------------------------------------------
[2024-12-07T17:08:09.932+0800][1.952s][debug][gc,stats          ] Marking Stats, task = 6, calls = 1
[2024-12-07T17:08:09.932+0800][1.952s][debug][gc,stats          ]   Elapsed time = 0.15ms, Termination time = 0.00ms
[2024-12-07T17:08:09.933+0800][1.952s][debug][gc,stats          ]   Step Times (cum): num = 6, avg = 0.51ms, sd = 0.96ms max = 2.64ms, total = 3.05ms
[2024-12-07T17:08:09.933+0800][1.952s][debug][gc,stats          ]   Mark Stats Cache: hits 0 misses 0 ratio 0.000
[2024-12-07T17:08:09.933+0800][1.952s][debug][gc,stats          ] ---------------------------------------------------------------------
[2024-12-07T17:08:09.933+0800][1.952s][debug][gc,stats          ] Marking Stats, task = 7, calls = 1
[2024-12-07T17:08:09.933+0800][1.952s][debug][gc,stats          ]   Elapsed time = 0.14ms, Termination time = 0.00ms
[2024-12-07T17:08:09.933+0800][1.952s][debug][gc,stats          ]   Step Times (cum): num = 6, avg = 0.54ms, sd = 1.02ms max = 2.80ms, total = 3.21ms
[2024-12-07T17:08:09.933+0800][1.952s][debug][gc,stats          ]   Mark Stats Cache: hits 0 misses 0 ratio 0.000
[2024-12-07T17:08:09.933+0800][1.952s][debug][gc,stats          ] ---------------------------------------------------------------------
[2024-12-07T17:08:09.933+0800][1.952s][debug][gc,stats          ] Marking Stats, task = 8, calls = 1
[2024-12-07T17:08:09.933+0800][1.953s][debug][gc,stats          ]   Elapsed time = 0.07ms, Termination time = 0.00ms
[2024-12-07T17:08:09.933+0800][1.953s][debug][gc,stats          ]   Step Times (cum): num = 6, avg = 0.54ms, sd = 0.97ms max = 2.66ms, total = 3.24ms
[2024-12-07T17:08:09.934+0800][1.953s][debug][gc,stats          ]   Mark Stats Cache: hits 0 misses 0 ratio 0.000
[2024-12-07T17:08:09.934+0800][1.953s][debug][gc,stats          ] ---------------------------------------------------------------------
[2024-12-07T17:08:09.934+0800][1.953s][debug][gc,stats          ] Marking Stats, task = 9, calls = 1
[2024-12-07T17:08:09.934+0800][1.953s][debug][gc,stats          ]   Elapsed time = 0.04ms, Termination time = 0.00ms
[2024-12-07T17:08:09.934+0800][1.953s][debug][gc,stats          ]   Step Times (cum): num = 6, avg = 0.53ms, sd = 1.02ms max = 2.78ms, total = 3.17ms
[2024-12-07T17:08:09.934+0800][1.953s][debug][gc,stats          ]   Mark Stats Cache: hits 0 misses 0 ratio 0.000
[2024-12-07T17:08:09.934+0800][1.953s][debug][gc,stats          ] ---------------------------------------------------------------------
[2024-12-07T17:08:09.934+0800][1.953s][debug][gc,stats          ] Marking Stats, task = 10, calls = 1
[2024-12-07T17:08:09.934+0800][1.953s][debug][gc,stats          ]   Elapsed time = 0.01ms, Termination time = 0.00ms
[2024-12-07T17:08:09.934+0800][1.954s][debug][gc,stats          ]   Step Times (cum): num = 6, avg = 0.00ms, sd = 0.00ms max = 0.00ms, total = 0.00ms
[2024-12-07T17:08:09.934+0800][1.954s][debug][gc,stats          ]   Mark Stats Cache: hits 0 misses 0 ratio 0.000
[2024-12-07T17:08:09.935+0800][1.954s][debug][gc,stats          ] ---------------------------------------------------------------------
[2024-12-07T17:08:09.935+0800][1.954s][debug][gc,stats          ] Marking Stats, task = 11, calls = 1
[2024-12-07T17:08:09.935+0800][1.954s][debug][gc,stats          ]   Elapsed time = 0.00ms, Termination time = 0.00ms
[2024-12-07T17:08:09.935+0800][1.954s][debug][gc,stats          ]   Step Times (cum): num = 6, avg = 0.00ms, sd = 0.00ms max = 0.00ms, total = 0.00ms
[2024-12-07T17:08:09.935+0800][1.954s][debug][gc,stats          ]   Mark Stats Cache: hits 0 misses 0 ratio 0.000
[2024-12-07T17:08:09.935+0800][1.954s][debug][gc,stats          ] ---------------------------------------------------------------------
[2024-12-07T17:08:09.935+0800][1.954s][debug][gc,phases         ] GC(11) Finalize Marking 6.225ms
[2024-12-07T17:08:09.935+0800][1.954s][debug][gc,phases,start   ] GC(11) Reference Processing
[2024-12-07T17:08:09.935+0800][1.955s][debug][gc,ref            ] GC(11) Skipped phase1 of Reference Processing due to unavailable references
[2024-12-07T17:08:09.935+0800][1.955s][debug][gc,ref            ] GC(11) Skipped phase2 of Reference Processing due to unavailable references
[2024-12-07T17:08:09.936+0800][1.955s][debug][gc,ref            ] GC(11) Skipped phase3 of Reference Processing due to unavailable references
[2024-12-07T17:08:09.936+0800][1.955s][debug][gc,ref            ] GC(11) Skipped phase4 of Reference Processing due to unavailable references
[2024-12-07T17:08:09.936+0800][1.955s][debug][gc,phases,ref     ] GC(11) Reference Processing: 0.4ms
[2024-12-07T17:08:09.936+0800][1.955s][debug][gc,phases,ref     ] GC(11)   Reconsider SoftReferences: 0.1ms
[2024-12-07T17:08:09.936+0800][1.955s][debug][gc,phases,ref     ] GC(11)     SoftRef (ms):             skipped
[2024-12-07T17:08:09.936+0800][1.955s][debug][gc,phases,ref     ] GC(11)   Notify Soft/WeakReferences: 0.1ms
[2024-12-07T17:08:09.936+0800][1.955s][debug][gc,phases,ref     ] GC(11)     SoftRef (ms):             skipped
[2024-12-07T17:08:09.936+0800][1.955s][debug][gc,phases,ref     ] GC(11)     WeakRef (ms):             skipped
[2024-12-07T17:08:09.936+0800][1.955s][debug][gc,phases,ref     ] GC(11)     FinalRef (ms):            skipped
[2024-12-07T17:08:09.936+0800][1.956s][debug][gc,phases,ref     ] GC(11)     Total (ms):               skipped
[2024-12-07T17:08:09.936+0800][1.956s][debug][gc,phases,ref     ] GC(11)   Notify and keep alive finalizable: 0.1ms
[2024-12-07T17:08:09.937+0800][1.956s][debug][gc,phases,ref     ] GC(11)     FinalRef (ms):            skipped
[2024-12-07T17:08:09.937+0800][1.956s][debug][gc,phases,ref     ] GC(11)   Notify PhantomReferences: 0.1ms
[2024-12-07T17:08:09.937+0800][1.956s][debug][gc,phases,ref     ] GC(11)     PhantomRef (ms):          skipped
[2024-12-07T17:08:09.937+0800][1.956s][debug][gc,phases,ref     ] GC(11)   SoftReference:
[2024-12-07T17:08:09.937+0800][1.956s][debug][gc,phases,ref     ] GC(11)     Discovered: 0
[2024-12-07T17:08:09.937+0800][1.956s][debug][gc,phases,ref     ] GC(11)     Cleared: 0
[2024-12-07T17:08:09.937+0800][1.956s][debug][gc,phases,ref     ] GC(11)   WeakReference:
[2024-12-07T17:08:09.937+0800][1.956s][debug][gc,phases,ref     ] GC(11)     Discovered: 0
[2024-12-07T17:08:09.937+0800][1.956s][debug][gc,phases,ref     ] GC(11)     Cleared: 0
[2024-12-07T17:08:09.937+0800][1.957s][debug][gc,phases,ref     ] GC(11)   FinalReference:
[2024-12-07T17:08:09.938+0800][1.957s][debug][gc,phases,ref     ] GC(11)     Discovered: 0
[2024-12-07T17:08:09.938+0800][1.957s][debug][gc,phases,ref     ] GC(11)     Cleared: 0
[2024-12-07T17:08:09.938+0800][1.957s][debug][gc,phases,ref     ] GC(11)   PhantomReference:
[2024-12-07T17:08:09.938+0800][1.957s][debug][gc,phases,ref     ] GC(11)     Discovered: 0
[2024-12-07T17:08:09.938+0800][1.957s][debug][gc,phases,ref     ] GC(11)     Cleared: 0
[2024-12-07T17:08:09.938+0800][1.957s][debug][gc,phases         ] GC(11) Reference Processing 2.924ms
[2024-12-07T17:08:09.938+0800][1.957s][debug][gc,phases,start   ] GC(11) Weak Processing
[2024-12-07T17:08:09.938+0800][1.958s][debug][gc,phases         ] GC(11) Weak Processing 0.114ms
[2024-12-07T17:08:09.939+0800][1.958s][debug][gc,phases,start   ] GC(11) Class Unloading
[2024-12-07T17:08:09.939+0800][1.958s][debug][gc,phases,start   ] GC(11) ClassLoaderData
[2024-12-07T17:08:09.939+0800][1.958s][debug][gc,phases         ] GC(11) ClassLoaderData 0.111ms
[2024-12-07T17:08:09.939+0800][1.958s][debug][gc,phases,start   ] GC(11) ProtectionDomainCacheTable
[2024-12-07T17:08:09.939+0800][1.958s][debug][gc,phases         ] GC(11) ProtectionDomainCacheTable 0.096ms
[2024-12-07T17:08:09.939+0800][1.959s][info ][gc,stringtable    ] GC(11) Cleaned string and symbol table, strings: 39 processed, 0 removed, symbols: 191 processed, 0 removed
[2024-12-07T17:08:09.939+0800][1.959s][debug][gc,phases         ] GC(11) Class Unloading 0.936ms
[2024-12-07T17:08:09.940+0800][1.959s][debug][gc,phases,start   ] GC(11) Flush Task Caches
[2024-12-07T17:08:09.940+0800][1.959s][debug][gc,stats          ] Mark stats cache hits 10484 misses 169 ratio 98.414
[2024-12-07T17:08:09.940+0800][1.959s][debug][gc,phases         ] GC(11) Flush Task Caches 0.210ms
[2024-12-07T17:08:09.940+0800][1.959s][debug][gc,phases,start   ] GC(11) Update Remembered Set Tracking Before Rebuild
[2024-12-07T17:08:09.940+0800][1.959s][debug][gc,ergo           ] GC(11) Running G1 Update RemSet Tracking Before Rebuild using 2 workers for 504 regions in heap
[2024-12-07T17:08:09.940+0800][1.959s][debug][gc,remset,tracking] GC(11) Remembered Set Tracking update regions total 504, selected 0
[2024-12-07T17:08:09.940+0800][1.959s][debug][gc,phases         ] GC(11) Update Remembered Set Tracking Before Rebuild 0.318ms
[2024-12-07T17:08:09.940+0800][1.959s][debug][gc,phases,start   ] GC(11) Reclaim Empty Regions
[2024-12-07T17:08:09.940+0800][1.960s][debug][gc,phases         ] GC(11) Reclaim Empty Regions 0.169ms
[2024-12-07T17:08:09.941+0800][1.960s][debug][gc,phases,start   ] GC(11) Purge Metaspace
[2024-12-07T17:08:09.941+0800][1.960s][debug][gc,phases         ] GC(11) Purge Metaspace 0.087ms
[2024-12-07T17:08:09.941+0800][1.960s][debug][gc,phases,start   ] GC(11) Report Object Count
[2024-12-07T17:08:09.941+0800][1.960s][debug][gc,phases         ] GC(11) Report Object Count 0.086ms
[2024-12-07T17:08:09.941+0800][1.960s][info ][gc                ] GC(11) Pause Remark 341M->341M(504M) 12.019ms
[2024-12-07T17:08:09.941+0800][1.960s][info ][gc,cpu            ] GC(11) User=0.00s Sys=0.00s Real=0.01s
[2024-12-07T17:08:09.941+0800][1.960s][info ][gc,marking        ] GC(11) Concurrent Rebuild Remembered Sets
[2024-12-07T17:08:09.941+0800][1.961s][info ][gc,marking        ] GC(11) Concurrent Rebuild Remembered Sets 0.333ms
[2024-12-07T17:08:09.942+0800][1.961s][info ][gc,start          ] GC(11) Pause Cleanup
[2024-12-07T17:08:09.942+0800][1.961s][debug][gc,phases,start   ] GC(11) Update Remembered Set Tracking After Rebuild
[2024-12-07T17:08:09.942+0800][1.961s][debug][gc,phases         ] GC(11) Update Remembered Set Tracking After Rebuild 0.098ms
[2024-12-07T17:08:09.942+0800][1.961s][debug][gc,phases,start   ] GC(11) Finalize Concurrent Mark Cleanup
[2024-12-07T17:08:09.942+0800][1.961s][debug][gc,ergo           ] GC(11) request young-only gcs (candidate old regions not available)
[2024-12-07T17:08:09.942+0800][1.961s][debug][gc,phases         ] GC(11) Finalize Concurrent Mark Cleanup 0.287ms
[2024-12-07T17:08:09.942+0800][1.961s][info ][gc                ] GC(11) Pause Cleanup 341M->341M(504M) 0.671ms
[2024-12-07T17:08:09.942+0800][1.962s][info ][gc,cpu            ] GC(11) User=0.00s Sys=0.00s Real=0.00s
[2024-12-07T17:08:09.942+0800][1.962s][info ][gc,marking        ] GC(11) Concurrent Cleanup for Next Mark
[2024-12-07T17:08:09.943+0800][1.962s][debug][gc,ergo           ] GC(11) Running G1 Clear Bitmap with 5 workers for 8 work units.
[2024-12-07T17:08:09.943+0800][1.962s][info ][gc,marking        ] GC(11) Concurrent Cleanup for Next Mark 0.322ms
[2024-12-07T17:08:09.943+0800][1.962s][info ][gc                ] GC(11) Concurrent Cycle 19.531ms
[2024-12-07T17:08:10.028+0800][2.047s][debug][gc,ergo,ihop      ] Request concurrent cycle initiation (occupancy higher than threshold) occupancy: 358612992B allocation request: 1048592B threshold: 236873318B (44.82) source: concurrent humongous allocation
[2024-12-07T17:08:10.029+0800][2.048s][debug][gc,ergo           ] Request concurrent cycle initiation (requested by GC cause). GC cause: G1 Humongous Allocation
[2024-12-07T17:08:10.029+0800][2.048s][debug][gc,heap           ] GC(12) Heap before GC invocations=12 (full 0): garbage-first heap   total 516096K, used 349349K [0x00000000e0000000, 0x0000000100000000)
[2024-12-07T17:08:10.029+0800][2.049s][debug][gc,heap           ] GC(12)   region size 1024K, 2 young (2048K), 1 survivors (1024K)
[2024-12-07T17:08:10.030+0800][2.049s][debug][gc,heap           ] GC(12)  Metaspace       used 558K, capacity 4570K, committed 4864K, reserved 1056768K
[2024-12-07T17:08:10.030+0800][2.049s][debug][gc,heap           ] GC(12)   class space    used 46K, capacity 419K, committed 512K, reserved 1048576K
[2024-12-07T17:08:10.030+0800][2.049s][debug][gc,ergo           ] GC(12) Initiate concurrent cycle (concurrent cycle initiation requested)
[2024-12-07T17:08:10.030+0800][2.049s][info ][gc,start          ] GC(12) Pause Young (Concurrent Start) (G1 Humongous Allocation)
[2024-12-07T17:08:10.030+0800][2.050s][info ][gc,task           ] GC(12) Using 12 workers of 18 for evacuation
[2024-12-07T17:08:10.030+0800][2.050s][debug][gc,tlab           ] GC(12) TLAB totals: thrds: 1  refills: 1 max: 1 slow allocs: 7 max 7 waste: 99.8% gc: 523136B max: 523136B slow: 0B max: 0B fast: 0B max: 0B
[2024-12-07T17:08:10.031+0800][2.050s][debug][gc,alloc,region   ] GC(12) Mutator Allocation stats, regions: 1, wasted size: 0B ( 0.0%)
[2024-12-07T17:08:10.031+0800][2.050s][debug][gc,age            ] GC(12) Desired survivor size 4718592 bytes, new threshold 15 (max threshold 15)
[2024-12-07T17:08:10.031+0800][2.050s][debug][gc,ergo,cset      ] GC(12) Finish choosing CSet. old: 0 regions, predicted old region time: 0.00ms, time remaining: 183.45
[2024-12-07T17:08:10.031+0800][2.050s][debug][gc,task,stats     ] GC(12) GC Termination Stats
[2024-12-07T17:08:10.031+0800][2.050s][debug][gc,task,stats     ] GC(12)      elapsed  --strong roots-- -------termination------- ------waste (KiB)------
[2024-12-07T17:08:10.031+0800][2.050s][debug][gc,task,stats     ] GC(12) thr     ms        ms      %        ms      %    attempts  total   alloc    undo
[2024-12-07T17:08:10.031+0800][2.051s][debug][gc,task,stats     ] GC(12) --- --------- --------- ------ --------- ------ -------- ------- ------- -------
[2024-12-07T17:08:10.036+0800][2.055s][debug][gc,task,stats     ] GC(12)  11      4.47      4.46  99.94      0.00   0.00        1       0       0       0
[2024-12-07T17:08:10.036+0800][2.056s][debug][gc,task,stats     ] GC(12)   3      4.80      0.99  20.64      3.60  75.13        1       0       0       0
[2024-12-07T17:08:10.036+0800][2.056s][debug][gc,task,stats     ] GC(12)   0      4.97      1.29  26.03      3.38  67.95        1       1       1       0
[2024-12-07T17:08:10.037+0800][2.056s][debug][gc,task,stats     ] GC(12)   7      5.03      2.28  45.25      2.31  45.93        1       0       0       0
[2024-12-07T17:08:10.037+0800][2.056s][debug][gc,task,stats     ] GC(12)   2      5.21      0.99  18.97      3.59  68.95        1       0       0       0
[2024-12-07T17:08:10.037+0800][2.056s][debug][gc,task,stats     ] GC(12)   1      5.40      1.05  19.52      3.59  66.47        1       0       0       0
[2024-12-07T17:08:10.037+0800][2.056s][debug][gc,task,stats     ] GC(12)   9      5.48      4.25  77.51      0.30   5.41        1       0       0       0
[2024-12-07T17:08:10.037+0800][2.056s][debug][gc,task,stats     ] GC(12)   4      5.73      1.20  20.93      3.38  58.95        1       0       0       0
[2024-12-07T17:08:10.037+0800][2.057s][debug][gc,task,stats     ] GC(12)  10      5.87      4.42  75.26      0.10   1.67        1       0       0       0
[2024-12-07T17:08:10.038+0800][2.057s][debug][gc,task,stats     ] GC(12)   8      6.08      4.20  69.09      0.33   5.45        1       0       0       0
[2024-12-07T17:08:10.038+0800][2.057s][debug][gc,task,stats     ] GC(12)   6      6.24      2.26  36.19      2.27  36.40        1       0       0       0
[2024-12-07T17:08:10.038+0800][2.057s][debug][gc,task,stats     ] GC(12)   5      6.43      1.50  23.32      3.02  47.03        1       0       0       0
[2024-12-07T17:08:10.038+0800][2.057s][debug][gc,ergo           ] GC(12) Running G1 Clear Card Table Task using 1 workers for 1 units of work for 3 regions.
[2024-12-07T17:08:10.038+0800][2.058s][debug][gc,ref            ] GC(12) Skipped phase1 of Reference Processing due to unavailable references
[2024-12-07T17:08:10.039+0800][2.058s][debug][gc,ref            ] GC(12) Skipped phase3 of Reference Processing due to unavailable references
[2024-12-07T17:08:10.039+0800][2.058s][debug][gc,ergo           ] GC(12) Running G1 Free Collection Set using 1 workers for collection set length 2
[2024-12-07T17:08:10.039+0800][2.058s][debug][gc,humongous      ] GC(12) Live humongous region 0 object size 1048592 start 0x00000000e0000000  with remset 0 code roots 0 is marked 0 reclaim candidate 0 type array 1
[2024-12-07T17:08:10.039+0800][2.058s][debug][gc,humongous      ] GC(12) Live humongous region 2 object size 1048592 start 0x00000000e0200000  with remset 0 code roots 0 is marked 0 reclaim candidate 0 type array 1
[2024-12-07T17:08:10.039+0800][2.059s][debug][gc,humongous      ] GC(12) Live humongous region 4 object size 1048592 start 0x00000000e0400000  with remset 0 code roots 0 is marked 0 reclaim candidate 0 type array 1
[2024-12-07T17:08:10.039+0800][2.059s][debug][gc,humongous      ] GC(12) Live humongous region 6 object size 1048592 start 0x00000000e0600000  with remset 0 code roots 0 is marked 0 reclaim candidate 0 type array 1
[2024-12-07T17:08:10.039+0800][2.059s][debug][gc,humongous      ] GC(12) Live humongous region 8 object size 1048592 start 0x00000000e0800000  with remset 0 code roots 0 is marked 0 reclaim candidate 0 type array 1
[2024-12-07T17:08:10.040+0800][2.059s][debug][gc,humongous      ] GC(12) Live humongous region 10 object size 1048592 start 0x00000000e0a00000  with remset 0 code roots 0 is marked 0 reclaim candidate 0 type array 1
[2024-12-07T17:08:10.040+0800][2.059s][debug][gc,humongous      ] GC(12) Live humongous region 12 object size 1048592 start 0x00000000e0c00000  with remset 0 code roots 0 is marked 0 reclaim candidate 0 type array 1
[2024-12-07T17:08:10.040+0800][2.059s][debug][gc,humongous      ] GC(12) Live humongous region 14 object size 1048592 start 0x00000000e0e00000  with remset 0 code roots 0 is marked 0 reclaim candidate 0 type array 1
[2024-12-07T17:08:10.040+0800][2.059s][debug][gc,humongous      ] GC(12) Live humongous region 16 object size 1048592 start 0x00000000e1000000  with remset 0 code roots 0 is marked 0 reclaim candidate 0 type array 1
[2024-12-07T17:08:10.040+0800][2.059s][debug][gc,humongous      ] GC(12) Live humongous region 18 object size 1048592 start 0x00000000e1200000  with remset 0 code roots 0 is marked 0 reclaim candidate 0 type array 1
[2024-12-07T17:08:10.040+0800][2.059s][debug][gc,humongous      ] GC(12) Live humongous region 20 object size 1048592 start 0x00000000e1400000  with remset 0 code roots 0 is marked 0 reclaim candidate 0 type array 1
[2024-12-07T17:08:10.040+0800][2.059s][debug][gc,humongous      ] GC(12) Live humongous region 22 object size 1048592 start 0x00000000e1600000  with remset 0 code roots 0 is marked 0 reclaim candidate 0 type array 1
[2024-12-07T17:08:10.040+0800][2.059s][debug][gc,humongous      ] GC(12) Live humongous region 24 object size 1048592 start 0x00000000e1800000  with remset 0 code roots 0 is marked 0 reclaim candidate 0 type array 1
[2024-12-07T17:08:10.040+0800][2.059s][debug][gc,humongous      ] GC(12) Live humongous region 26 object size 1048592 start 0x00000000e1a00000  with remset 0 code roots 0 is marked 0 reclaim candidate 0 type array 1
[2024-12-07T17:08:10.040+0800][2.059s][debug][gc,humongous      ] GC(12) Live humongous region 28 object size 1048592 start 0x00000000e1c00000  with remset 0 code roots 0 is marked 0 reclaim candidate 0 type array 1
[2024-12-07T17:08:10.040+0800][2.059s][debug][gc,humongous      ] GC(12) Live humongous region 30 object size 1048592 start 0x00000000e1e00000  with remset 0 code roots 0 is marked 0 reclaim candidate 0 type array 1
[2024-12-07T17:08:10.040+0800][2.059s][debug][gc,humongous      ] GC(12) Live humongous region 32 object size 1048592 start 0x00000000e2000000  with remset 0 code roots 0 is marked 0 reclaim candidate 0 type array 1
[2024-12-07T17:08:10.040+0800][2.060s][debug][gc,humongous      ] GC(12) Live humongous region 34 object size 1048592 start 0x00000000e2200000  with remset 0 code roots 0 is marked 0 reclaim candidate 0 type array 1
[2024-12-07T17:08:10.040+0800][2.060s][debug][gc,humongous      ] GC(12) Live humongous region 36 object size 1048592 start 0x00000000e2400000  with remset 0 code roots 0 is marked 0 reclaim candidate 0 type array 1
[2024-12-07T17:08:10.041+0800][2.060s][debug][gc,humongous      ] GC(12) Live humongous region 38 object size 1048592 start 0x00000000e2600000  with remset 0 code roots 0 is marked 0 reclaim candidate 0 type array 1
[2024-12-07T17:08:10.041+0800][2.060s][debug][gc,humongous      ] GC(12) Live humongous region 40 object size 1048592 start 0x00000000e2800000  with remset 0 code roots 0 is marked 0 reclaim candidate 0 type array 1
[2024-12-07T17:08:10.041+0800][2.060s][debug][gc,humongous      ] GC(12) Live humongous region 42 object size 1048592 start 0x00000000e2a00000  with remset 0 code roots 0 is marked 0 reclaim candidate 0 type array 1
[2024-12-07T17:08:10.041+0800][2.060s][debug][gc,humongous      ] GC(12) Live humongous region 44 object size 1048592 start 0x00000000e2c00000  with remset 0 code roots 0 is marked 0 reclaim candidate 0 type array 1
[2024-12-07T17:08:10.041+0800][2.060s][debug][gc,humongous      ] GC(12) Live humongous region 46 object size 1048592 start 0x00000000e2e00000  with remset 0 code roots 0 is marked 0 reclaim candidate 0 type array 1
[2024-12-07T17:08:10.041+0800][2.060s][debug][gc,humongous      ] GC(12) Live humongous region 48 object size 1048592 start 0x00000000e3000000  with remset 0 code roots 0 is marked 0 reclaim candidate 0 type array 1
[2024-12-07T17:08:10.041+0800][2.060s][debug][gc,humongous      ] GC(12) Live humongous region 50 object size 1048592 start 0x00000000e3200000  with remset 0 code roots 0 is marked 0 reclaim candidate 0 type array 1
[2024-12-07T17:08:10.041+0800][2.060s][debug][gc,humongous      ] GC(12) Live humongous region 52 object size 1048592 start 0x00000000e3400000  with remset 0 code roots 0 is marked 0 reclaim candidate 0 type array 1
[2024-12-07T17:08:10.041+0800][2.060s][debug][gc,humongous      ] GC(12) Live humongous region 54 object size 1048592 start 0x00000000e3600000  with remset 0 code roots 0 is marked 0 reclaim candidate 0 type array 1
[2024-12-07T17:08:10.041+0800][2.060s][debug][gc,humongous      ] GC(12) Live humongous region 56 object size 1048592 start 0x00000000e3800000  with remset 0 code roots 0 is marked 0 reclaim candidate 0 type array 1
[2024-12-07T17:08:10.041+0800][2.060s][debug][gc,humongous      ] GC(12) Live humongous region 58 object size 1048592 start 0x00000000e3a00000  with remset 0 code roots 0 is marked 0 reclaim candidate 0 type array 1
[2024-12-07T17:08:10.041+0800][2.060s][debug][gc,humongous      ] GC(12) Live humongous region 60 object size 1048592 start 0x00000000e3c00000  with remset 0 code roots 0 is marked 0 reclaim candidate 0 type array 1
[2024-12-07T17:08:10.041+0800][2.060s][debug][gc,humongous      ] GC(12) Live humongous region 62 object size 1048592 start 0x00000000e3e00000  with remset 0 code roots 0 is marked 0 reclaim candidate 0 type array 1
[2024-12-07T17:08:10.041+0800][2.060s][debug][gc,humongous      ] GC(12) Live humongous region 64 object size 1048592 start 0x00000000e4000000  with remset 0 code roots 0 is marked 0 reclaim candidate 0 type array 1
[2024-12-07T17:08:10.041+0800][2.061s][debug][gc,humongous      ] GC(12) Live humongous region 66 object size 1048592 start 0x00000000e4200000  with remset 0 code roots 0 is marked 0 reclaim candidate 0 type array 1
[2024-12-07T17:08:10.041+0800][2.061s][debug][gc,humongous      ] GC(12) Live humongous region 68 object size 1048592 start 0x00000000e4400000  with remset 0 code roots 0 is marked 0 reclaim candidate 0 type array 1
[2024-12-07T17:08:10.042+0800][2.061s][debug][gc,humongous      ] GC(12) Live humongous region 70 object size 1048592 start 0x00000000e4600000  with remset 0 code roots 0 is marked 0 reclaim candidate 0 type array 1
[2024-12-07T17:08:10.042+0800][2.061s][debug][gc,humongous      ] GC(12) Live humongous region 72 object size 1048592 start 0x00000000e4800000  with remset 0 code roots 0 is marked 0 reclaim candidate 0 type array 1
[2024-12-07T17:08:10.042+0800][2.061s][debug][gc,humongous      ] GC(12) Live humongous region 74 object size 1048592 start 0x00000000e4a00000  with remset 0 code roots 0 is marked 0 reclaim candidate 0 type array 1
[2024-12-07T17:08:10.042+0800][2.061s][debug][gc,humongous      ] GC(12) Live humongous region 76 object size 1048592 start 0x00000000e4c00000  with remset 0 code roots 0 is marked 0 reclaim candidate 0 type array 1
[2024-12-07T17:08:10.042+0800][2.061s][debug][gc,humongous      ] GC(12) Live humongous region 78 object size 1048592 start 0x00000000e4e00000  with remset 0 code roots 0 is marked 0 reclaim candidate 0 type array 1
[2024-12-07T17:08:10.042+0800][2.061s][debug][gc,humongous      ] GC(12) Live humongous region 80 object size 1048592 start 0x00000000e5000000  with remset 0 code roots 0 is marked 0 reclaim candidate 0 type array 1
[2024-12-07T17:08:10.042+0800][2.061s][debug][gc,humongous      ] GC(12) Live humongous region 82 object size 1048592 start 0x00000000e5200000  with remset 0 code roots 0 is marked 0 reclaim candidate 0 type array 1
[2024-12-07T17:08:10.042+0800][2.061s][debug][gc,humongous      ] GC(12) Live humongous region 84 object size 1048592 start 0x00000000e5400000  with remset 0 code roots 0 is marked 0 reclaim candidate 0 type array 1
[2024-12-07T17:08:10.042+0800][2.061s][debug][gc,humongous      ] GC(12) Live humongous region 86 object size 1048592 start 0x00000000e5600000  with remset 0 code roots 0 is marked 0 reclaim candidate 0 type array 1
[2024-12-07T17:08:10.042+0800][2.061s][debug][gc,humongous      ] GC(12) Live humongous region 88 object size 1048592 start 0x00000000e5800000  with remset 0 code roots 0 is marked 0 reclaim candidate 0 type array 1
[2024-12-07T17:08:10.042+0800][2.061s][debug][gc,humongous      ] GC(12) Live humongous region 90 object size 1048592 start 0x00000000e5a00000  with remset 0 code roots 0 is marked 0 reclaim candidate 0 type array 1
[2024-12-07T17:08:10.042+0800][2.061s][debug][gc,humongous      ] GC(12) Live humongous region 92 object size 1048592 start 0x00000000e5c00000  with remset 0 code roots 0 is marked 0 reclaim candidate 0 type array 1
[2024-12-07T17:08:10.042+0800][2.061s][debug][gc,humongous      ] GC(12) Live humongous region 94 object size 1048592 start 0x00000000e5e00000  with remset 0 code roots 0 is marked 0 reclaim candidate 0 type array 1
[2024-12-07T17:08:10.042+0800][2.061s][debug][gc,humongous      ] GC(12) Live humongous region 96 object size 1048592 start 0x00000000e6000000  with remset 0 code roots 0 is marked 0 reclaim candidate 0 type array 1
[2024-12-07T17:08:10.042+0800][2.062s][debug][gc,humongous      ] GC(12) Live humongous region 98 object size 1048592 start 0x00000000e6200000  with remset 0 code roots 0 is marked 0 reclaim candidate 0 type array 1
[2024-12-07T17:08:10.042+0800][2.062s][debug][gc,humongous      ] GC(12) Live humongous region 100 object size 1048592 start 0x00000000e6400000  with remset 0 code roots 0 is marked 0 reclaim candidate 0 type array 1
[2024-12-07T17:08:10.043+0800][2.062s][debug][gc,humongous      ] GC(12) Live humongous region 102 object size 1048592 start 0x00000000e6600000  with remset 0 code roots 0 is marked 0 reclaim candidate 0 type array 1
[2024-12-07T17:08:10.043+0800][2.062s][debug][gc,humongous      ] GC(12) Live humongous region 104 object size 1048592 start 0x00000000e6800000  with remset 0 code roots 0 is marked 0 reclaim candidate 0 type array 1
[2024-12-07T17:08:10.043+0800][2.062s][debug][gc,humongous      ] GC(12) Live humongous region 106 object size 1048592 start 0x00000000e6a00000  with remset 0 code roots 0 is marked 0 reclaim candidate 0 type array 1
[2024-12-07T17:08:10.043+0800][2.062s][debug][gc,humongous      ] GC(12) Live humongous region 108 object size 1048592 start 0x00000000e6c00000  with remset 0 code roots 0 is marked 0 reclaim candidate 0 type array 1
[2024-12-07T17:08:10.043+0800][2.062s][debug][gc,humongous      ] GC(12) Live humongous region 110 object size 1048592 start 0x00000000e6e00000  with remset 0 code roots 0 is marked 0 reclaim candidate 0 type array 1
[2024-12-07T17:08:10.043+0800][2.062s][debug][gc,humongous      ] GC(12) Live humongous region 112 object size 1048592 start 0x00000000e7000000  with remset 0 code roots 0 is marked 0 reclaim candidate 0 type array 1
[2024-12-07T17:08:10.043+0800][2.062s][debug][gc,humongous      ] GC(12) Live humongous region 114 object size 1048592 start 0x00000000e7200000  with remset 0 code roots 0 is marked 0 reclaim candidate 0 type array 1
[2024-12-07T17:08:10.043+0800][2.062s][debug][gc,humongous      ] GC(12) Live humongous region 116 object size 1048592 start 0x00000000e7400000  with remset 0 code roots 0 is marked 0 reclaim candidate 0 type array 1
[2024-12-07T17:08:10.043+0800][2.062s][debug][gc,humongous      ] GC(12) Live humongous region 118 object size 1048592 start 0x00000000e7600000  with remset 0 code roots 0 is marked 0 reclaim candidate 0 type array 1
[2024-12-07T17:08:10.044+0800][2.063s][debug][gc,humongous      ] GC(12) Live humongous region 120 object size 1048592 start 0x00000000e7800000  with remset 0 code roots 0 is marked 0 reclaim candidate 0 type array 1
[2024-12-07T17:08:10.044+0800][2.063s][debug][gc,humongous      ] GC(12) Live humongous region 122 object size 1048592 start 0x00000000e7a00000  with remset 0 code roots 0 is marked 0 reclaim candidate 0 type array 1
[2024-12-07T17:08:10.044+0800][2.063s][debug][gc,humongous      ] GC(12) Live humongous region 124 object size 1048592 start 0x00000000e7c00000  with remset 0 code roots 0 is marked 0 reclaim candidate 0 type array 1
[2024-12-07T17:08:10.044+0800][2.063s][debug][gc,humongous      ] GC(12) Live humongous region 126 object size 1048592 start 0x00000000e7e00000  with remset 0 code roots 0 is marked 0 reclaim candidate 0 type array 1
[2024-12-07T17:08:10.044+0800][2.063s][debug][gc,humongous      ] GC(12) Live humongous region 128 object size 1048592 start 0x00000000e8000000  with remset 0 code roots 0 is marked 0 reclaim candidate 0 type array 1
[2024-12-07T17:08:10.044+0800][2.063s][debug][gc,humongous      ] GC(12) Live humongous region 130 object size 1048592 start 0x00000000e8200000  with remset 0 code roots 0 is marked 0 reclaim candidate 0 type array 1
[2024-12-07T17:08:10.044+0800][2.063s][debug][gc,humongous      ] GC(12) Live humongous region 132 object size 1048592 start 0x00000000e8400000  with remset 0 code roots 0 is marked 0 reclaim candidate 0 type array 1
[2024-12-07T17:08:10.044+0800][2.064s][debug][gc,humongous      ] GC(12) Live humongous region 134 object size 1048592 start 0x00000000e8600000  with remset 0 code roots 0 is marked 0 reclaim candidate 0 type array 1
[2024-12-07T17:08:10.045+0800][2.064s][debug][gc,humongous      ] GC(12) Live humongous region 136 object size 1048592 start 0x00000000e8800000  with remset 0 code roots 0 is marked 0 reclaim candidate 0 type array 1
[2024-12-07T17:08:10.045+0800][2.064s][debug][gc,humongous      ] GC(12) Live humongous region 138 object size 1048592 start 0x00000000e8a00000  with remset 0 code roots 0 is marked 0 reclaim candidate 0 type array 1
[2024-12-07T17:08:10.045+0800][2.064s][debug][gc,humongous      ] GC(12) Live humongous region 140 object size 1048592 start 0x00000000e8c00000  with remset 0 code roots 0 is marked 0 reclaim candidate 0 type array 1
[2024-12-07T17:08:10.045+0800][2.064s][debug][gc,humongous      ] GC(12) Live humongous region 142 object size 1048592 start 0x00000000e8e00000  with remset 0 code roots 0 is marked 0 reclaim candidate 0 type array 1
[2024-12-07T17:08:10.045+0800][2.064s][debug][gc,humongous      ] GC(12) Live humongous region 144 object size 1048592 start 0x00000000e9000000  with remset 0 code roots 0 is marked 0 reclaim candidate 0 type array 1
[2024-12-07T17:08:10.045+0800][2.064s][debug][gc,humongous      ] GC(12) Live humongous region 146 object size 1048592 start 0x00000000e9200000  with remset 0 code roots 0 is marked 0 reclaim candidate 0 type array 1
[2024-12-07T17:08:10.045+0800][2.064s][debug][gc,humongous      ] GC(12) Live humongous region 148 object size 1048592 start 0x00000000e9400000  with remset 0 code roots 0 is marked 0 reclaim candidate 0 type array 1
[2024-12-07T17:08:10.045+0800][2.064s][debug][gc,humongous      ] GC(12) Live humongous region 150 object size 1048592 start 0x00000000e9600000  with remset 0 code roots 0 is marked 0 reclaim candidate 0 type array 1
[2024-12-07T17:08:10.045+0800][2.064s][debug][gc,humongous      ] GC(12) Live humongous region 152 object size 1048592 start 0x00000000e9800000  with remset 0 code roots 0 is marked 0 reclaim candidate 0 type array 1
[2024-12-07T17:08:10.045+0800][2.064s][debug][gc,humongous      ] GC(12) Live humongous region 154 object size 1048592 start 0x00000000e9a00000  with remset 0 code roots 0 is marked 0 reclaim candidate 0 type array 1
[2024-12-07T17:08:10.045+0800][2.065s][debug][gc,humongous      ] GC(12) Live humongous region 156 object size 1048592 start 0x00000000e9c00000  with remset 0 code roots 0 is marked 0 reclaim candidate 0 type array 1
[2024-12-07T17:08:10.045+0800][2.065s][debug][gc,humongous      ] GC(12) Live humongous region 158 object size 1048592 start 0x00000000e9e00000  with remset 0 code roots 0 is marked 0 reclaim candidate 0 type array 1
[2024-12-07T17:08:10.045+0800][2.065s][debug][gc,humongous      ] GC(12) Live humongous region 160 object size 1048592 start 0x00000000ea000000  with remset 0 code roots 0 is marked 0 reclaim candidate 0 type array 1
[2024-12-07T17:08:10.046+0800][2.065s][debug][gc,humongous      ] GC(12) Live humongous region 162 object size 1048592 start 0x00000000ea200000  with remset 0 code roots 0 is marked 0 reclaim candidate 0 type array 1
[2024-12-07T17:08:10.046+0800][2.065s][debug][gc,humongous      ] GC(12) Live humongous region 164 object size 1048592 start 0x00000000ea400000  with remset 0 code roots 0 is marked 0 reclaim candidate 0 type array 1
[2024-12-07T17:08:10.046+0800][2.065s][debug][gc,humongous      ] GC(12) Live humongous region 166 object size 1048592 start 0x00000000ea600000  with remset 0 code roots 0 is marked 0 reclaim candidate 0 type array 1
[2024-12-07T17:08:10.046+0800][2.065s][debug][gc,humongous      ] GC(12) Live humongous region 168 object size 1048592 start 0x00000000ea800000  with remset 0 code roots 0 is marked 0 reclaim candidate 0 type array 1
[2024-12-07T17:08:10.046+0800][2.065s][debug][gc,humongous      ] GC(12) Live humongous region 170 object size 1048592 start 0x00000000eaa00000  with remset 0 code roots 0 is marked 0 reclaim candidate 0 type array 1
[2024-12-07T17:08:10.046+0800][2.065s][debug][gc,humongous      ] GC(12) Live humongous region 172 object size 1048592 start 0x00000000eac00000  with remset 0 code roots 0 is marked 0 reclaim candidate 0 type array 1
[2024-12-07T17:08:10.046+0800][2.065s][debug][gc,humongous      ] GC(12) Live humongous region 174 object size 1048592 start 0x00000000eae00000  with remset 0 code roots 0 is marked 0 reclaim candidate 0 type array 1
[2024-12-07T17:08:10.046+0800][2.065s][debug][gc,humongous      ] GC(12) Live humongous region 176 object size 1048592 start 0x00000000eb000000  with remset 0 code roots 0 is marked 0 reclaim candidate 0 type array 1
[2024-12-07T17:08:10.046+0800][2.065s][debug][gc,humongous      ] GC(12) Live humongous region 178 object size 1048592 start 0x00000000eb200000  with remset 0 code roots 0 is marked 0 reclaim candidate 0 type array 1
[2024-12-07T17:08:10.046+0800][2.065s][debug][gc,humongous      ] GC(12) Live humongous region 180 object size 1048592 start 0x00000000eb400000  with remset 0 code roots 0 is marked 0 reclaim candidate 0 type array 1
[2024-12-07T17:08:10.046+0800][2.065s][debug][gc,humongous      ] GC(12) Live humongous region 182 object size 1048592 start 0x00000000eb600000  with remset 0 code roots 0 is marked 0 reclaim candidate 0 type array 1
[2024-12-07T17:08:10.046+0800][2.065s][debug][gc,humongous      ] GC(12) Live humongous region 184 object size 1048592 start 0x00000000eb800000  with remset 0 code roots 0 is marked 0 reclaim candidate 0 type array 1
[2024-12-07T17:08:10.046+0800][2.066s][debug][gc,humongous      ] GC(12) Live humongous region 186 object size 1048592 start 0x00000000eba00000  with remset 0 code roots 0 is marked 0 reclaim candidate 0 type array 1
[2024-12-07T17:08:10.046+0800][2.066s][debug][gc,humongous      ] GC(12) Live humongous region 188 object size 1048592 start 0x00000000ebc00000  with remset 0 code roots 0 is marked 0 reclaim candidate 0 type array 1
[2024-12-07T17:08:10.047+0800][2.066s][debug][gc,humongous      ] GC(12) Live humongous region 190 object size 1048592 start 0x00000000ebe00000  with remset 0 code roots 0 is marked 0 reclaim candidate 0 type array 1
[2024-12-07T17:08:10.047+0800][2.066s][debug][gc,humongous      ] GC(12) Live humongous region 192 object size 1048592 start 0x00000000ec000000  with remset 0 code roots 0 is marked 0 reclaim candidate 0 type array 1
[2024-12-07T17:08:10.047+0800][2.066s][debug][gc,humongous      ] GC(12) Live humongous region 194 object size 1048592 start 0x00000000ec200000  with remset 0 code roots 0 is marked 0 reclaim candidate 0 type array 1
[2024-12-07T17:08:10.047+0800][2.066s][debug][gc,humongous      ] GC(12) Live humongous region 196 object size 1048592 start 0x00000000ec400000  with remset 0 code roots 0 is marked 0 reclaim candidate 0 type array 1
[2024-12-07T17:08:10.047+0800][2.066s][debug][gc,humongous      ] GC(12) Live humongous region 198 object size 1048592 start 0x00000000ec600000  with remset 0 code roots 0 is marked 0 reclaim candidate 0 type array 1
[2024-12-07T17:08:10.047+0800][2.066s][debug][gc,humongous      ] GC(12) Live humongous region 200 object size 1048592 start 0x00000000ec800000  with remset 0 code roots 0 is marked 0 reclaim candidate 0 type array 1
[2024-12-07T17:08:10.047+0800][2.066s][debug][gc,humongous      ] GC(12) Live humongous region 202 object size 1048592 start 0x00000000eca00000  with remset 0 code roots 0 is marked 0 reclaim candidate 0 type array 1
[2024-12-07T17:08:10.047+0800][2.066s][debug][gc,humongous      ] GC(12) Live humongous region 204 object size 1048592 start 0x00000000ecc00000  with remset 0 code roots 0 is marked 0 reclaim candidate 0 type array 1
[2024-12-07T17:08:10.047+0800][2.066s][debug][gc,humongous      ] GC(12) Live humongous region 206 object size 1048592 start 0x00000000ece00000  with remset 0 code roots 0 is marked 0 reclaim candidate 0 type array 1
[2024-12-07T17:08:10.047+0800][2.066s][debug][gc,humongous      ] GC(12) Live humongous region 208 object size 1048592 start 0x00000000ed000000  with remset 0 code roots 0 is marked 0 reclaim candidate 0 type array 1
[2024-12-07T17:08:10.047+0800][2.066s][debug][gc,humongous      ] GC(12) Live humongous region 210 object size 1048592 start 0x00000000ed200000  with remset 0 code roots 0 is marked 0 reclaim candidate 0 type array 1
[2024-12-07T17:08:10.047+0800][2.066s][debug][gc,humongous      ] GC(12) Live humongous region 212 object size 1048592 start 0x00000000ed400000  with remset 0 code roots 0 is marked 0 reclaim candidate 0 type array 1
[2024-12-07T17:08:10.047+0800][2.066s][debug][gc,humongous      ] GC(12) Live humongous region 214 object size 1048592 start 0x00000000ed600000  with remset 0 code roots 0 is marked 0 reclaim candidate 0 type array 1
[2024-12-07T17:08:10.047+0800][2.067s][debug][gc,humongous      ] GC(12) Live humongous region 216 object size 1048592 start 0x00000000ed800000  with remset 0 code roots 0 is marked 0 reclaim candidate 0 type array 1
[2024-12-07T17:08:10.047+0800][2.067s][debug][gc,humongous      ] GC(12) Live humongous region 218 object size 1048592 start 0x00000000eda00000  with remset 0 code roots 0 is marked 0 reclaim candidate 0 type array 1
[2024-12-07T17:08:10.047+0800][2.067s][debug][gc,humongous      ] GC(12) Live humongous region 220 object size 1048592 start 0x00000000edc00000  with remset 0 code roots 0 is marked 0 reclaim candidate 0 type array 1
[2024-12-07T17:08:10.048+0800][2.067s][debug][gc,humongous      ] GC(12) Live humongous region 222 object size 1048592 start 0x00000000ede00000  with remset 0 code roots 0 is marked 0 reclaim candidate 0 type array 1
[2024-12-07T17:08:10.048+0800][2.067s][debug][gc,humongous      ] GC(12) Live humongous region 224 object size 1048592 start 0x00000000ee000000  with remset 0 code roots 0 is marked 0 reclaim candidate 0 type array 1
[2024-12-07T17:08:10.048+0800][2.067s][debug][gc,humongous      ] GC(12) Live humongous region 226 object size 1048592 start 0x00000000ee200000  with remset 0 code roots 0 is marked 0 reclaim candidate 0 type array 1
[2024-12-07T17:08:10.048+0800][2.067s][debug][gc,humongous      ] GC(12) Live humongous region 228 object size 1048592 start 0x00000000ee400000  with remset 0 code roots 0 is marked 0 reclaim candidate 0 type array 1
[2024-12-07T17:08:10.048+0800][2.067s][debug][gc,humongous      ] GC(12) Live humongous region 230 object size 1048592 start 0x00000000ee600000  with remset 0 code roots 0 is marked 0 reclaim candidate 0 type array 1
[2024-12-07T17:08:10.048+0800][2.067s][debug][gc,humongous      ] GC(12) Live humongous region 232 object size 1048592 start 0x00000000ee800000  with remset 0 code roots 0 is marked 0 reclaim candidate 0 type array 1
[2024-12-07T17:08:10.048+0800][2.067s][debug][gc,humongous      ] GC(12) Live humongous region 234 object size 1048592 start 0x00000000eea00000  with remset 0 code roots 0 is marked 0 reclaim candidate 0 type array 1
[2024-12-07T17:08:10.048+0800][2.067s][debug][gc,humongous      ] GC(12) Live humongous region 236 object size 1048592 start 0x00000000eec00000  with remset 0 code roots 0 is marked 0 reclaim candidate 0 type array 1
[2024-12-07T17:08:10.048+0800][2.067s][debug][gc,humongous      ] GC(12) Live humongous region 238 object size 1048592 start 0x00000000eee00000  with remset 0 code roots 0 is marked 0 reclaim candidate 0 type array 1
[2024-12-07T17:08:10.048+0800][2.067s][debug][gc,humongous      ] GC(12) Live humongous region 240 object size 1048592 start 0x00000000ef000000  with remset 0 code roots 0 is marked 0 reclaim candidate 0 type array 1
[2024-12-07T17:08:10.048+0800][2.067s][debug][gc,humongous      ] GC(12) Live humongous region 242 object size 1048592 start 0x00000000ef200000  with remset 0 code roots 0 is marked 0 reclaim candidate 0 type array 1
[2024-12-07T17:08:10.048+0800][2.067s][debug][gc,humongous      ] GC(12) Live humongous region 244 object size 1048592 start 0x00000000ef400000  with remset 0 code roots 0 is marked 0 reclaim candidate 0 type array 1
[2024-12-07T17:08:10.048+0800][2.068s][debug][gc,humongous      ] GC(12) Live humongous region 246 object size 1048592 start 0x00000000ef600000  with remset 0 code roots 0 is marked 0 reclaim candidate 0 type array 1
[2024-12-07T17:08:10.048+0800][2.068s][debug][gc,humongous      ] GC(12) Live humongous region 248 object size 1048592 start 0x00000000ef800000  with remset 0 code roots 0 is marked 0 reclaim candidate 0 type array 1
[2024-12-07T17:08:10.048+0800][2.068s][debug][gc,humongous      ] GC(12) Live humongous region 250 object size 1048592 start 0x00000000efa00000  with remset 0 code roots 0 is marked 0 reclaim candidate 0 type array 1
[2024-12-07T17:08:10.049+0800][2.068s][debug][gc,humongous      ] GC(12) Live humongous region 252 object size 1048592 start 0x00000000efc00000  with remset 0 code roots 0 is marked 0 reclaim candidate 0 type array 1
[2024-12-07T17:08:10.049+0800][2.068s][debug][gc,humongous      ] GC(12) Live humongous region 254 object size 1048592 start 0x00000000efe00000  with remset 0 code roots 0 is marked 0 reclaim candidate 0 type array 1
[2024-12-07T17:08:10.049+0800][2.068s][debug][gc,humongous      ] GC(12) Live humongous region 256 object size 1048592 start 0x00000000f0000000  with remset 0 code roots 0 is marked 0 reclaim candidate 0 type array 1
[2024-12-07T17:08:10.049+0800][2.068s][debug][gc,humongous      ] GC(12) Live humongous region 258 object size 1048592 start 0x00000000f0200000  with remset 0 code roots 0 is marked 0 reclaim candidate 0 type array 1
[2024-12-07T17:08:10.049+0800][2.068s][debug][gc,humongous      ] GC(12) Live humongous region 260 object size 1048592 start 0x00000000f0400000  with remset 0 code roots 0 is marked 0 reclaim candidate 0 type array 1
[2024-12-07T17:08:10.049+0800][2.068s][debug][gc,humongous      ] GC(12) Live humongous region 262 object size 1048592 start 0x00000000f0600000  with remset 0 code roots 0 is marked 0 reclaim candidate 0 type array 1
[2024-12-07T17:08:10.049+0800][2.068s][debug][gc,humongous      ] GC(12) Live humongous region 264 object size 1048592 start 0x00000000f0800000  with remset 0 code roots 0 is marked 0 reclaim candidate 0 type array 1
[2024-12-07T17:08:10.049+0800][2.068s][debug][gc,humongous      ] GC(12) Live humongous region 266 object size 1048592 start 0x00000000f0a00000  with remset 0 code roots 0 is marked 0 reclaim candidate 0 type array 1
[2024-12-07T17:08:10.049+0800][2.068s][debug][gc,humongous      ] GC(12) Live humongous region 268 object size 1048592 start 0x00000000f0c00000  with remset 0 code roots 0 is marked 0 reclaim candidate 0 type array 1
[2024-12-07T17:08:10.049+0800][2.068s][debug][gc,humongous      ] GC(12) Live humongous region 270 object size 1048592 start 0x00000000f0e00000  with remset 0 code roots 0 is marked 0 reclaim candidate 0 type array 1
[2024-12-07T17:08:10.049+0800][2.068s][debug][gc,humongous      ] GC(12) Live humongous region 272 object size 1048592 start 0x00000000f1000000  with remset 0 code roots 0 is marked 0 reclaim candidate 0 type array 1
[2024-12-07T17:08:10.049+0800][2.068s][debug][gc,humongous      ] GC(12) Live humongous region 274 object size 1048592 start 0x00000000f1200000  with remset 0 code roots 0 is marked 0 reclaim candidate 0 type array 1
[2024-12-07T17:08:10.049+0800][2.069s][debug][gc,humongous      ] GC(12) Live humongous region 276 object size 1048592 start 0x00000000f1400000  with remset 0 code roots 0 is marked 0 reclaim candidate 0 type array 1
[2024-12-07T17:08:10.049+0800][2.069s][debug][gc,humongous      ] GC(12) Live humongous region 278 object size 1048592 start 0x00000000f1600000  with remset 0 code roots 0 is marked 0 reclaim candidate 0 type array 1
[2024-12-07T17:08:10.050+0800][2.069s][debug][gc,humongous      ] GC(12) Live humongous region 280 object size 1048592 start 0x00000000f1800000  with remset 0 code roots 0 is marked 0 reclaim candidate 0 type array 1
[2024-12-07T17:08:10.050+0800][2.069s][debug][gc,humongous      ] GC(12) Live humongous region 282 object size 1048592 start 0x00000000f1a00000  with remset 0 code roots 0 is marked 0 reclaim candidate 0 type array 1
[2024-12-07T17:08:10.050+0800][2.069s][debug][gc,humongous      ] GC(12) Live humongous region 284 object size 1048592 start 0x00000000f1c00000  with remset 0 code roots 0 is marked 0 reclaim candidate 0 type array 1
[2024-12-07T17:08:10.050+0800][2.069s][debug][gc,humongous      ] GC(12) Live humongous region 286 object size 1048592 start 0x00000000f1e00000  with remset 0 code roots 0 is marked 0 reclaim candidate 0 type array 1
[2024-12-07T17:08:10.050+0800][2.069s][debug][gc,humongous      ] GC(12) Live humongous region 288 object size 1048592 start 0x00000000f2000000  with remset 0 code roots 0 is marked 0 reclaim candidate 0 type array 1
[2024-12-07T17:08:10.050+0800][2.069s][debug][gc,humongous      ] GC(12) Live humongous region 290 object size 1048592 start 0x00000000f2200000  with remset 0 code roots 0 is marked 0 reclaim candidate 0 type array 1
[2024-12-07T17:08:10.050+0800][2.069s][debug][gc,humongous      ] GC(12) Live humongous region 292 object size 1048592 start 0x00000000f2400000  with remset 0 code roots 0 is marked 0 reclaim candidate 0 type array 1
[2024-12-07T17:08:10.050+0800][2.069s][debug][gc,humongous      ] GC(12) Live humongous region 294 object size 1048592 start 0x00000000f2600000  with remset 0 code roots 0 is marked 0 reclaim candidate 0 type array 1
[2024-12-07T17:08:10.050+0800][2.069s][debug][gc,humongous      ] GC(12) Live humongous region 296 object size 1048592 start 0x00000000f2800000  with remset 0 code roots 0 is marked 0 reclaim candidate 0 type array 1
[2024-12-07T17:08:10.050+0800][2.069s][debug][gc,humongous      ] GC(12) Live humongous region 298 object size 1048592 start 0x00000000f2a00000  with remset 0 code roots 0 is marked 0 reclaim candidate 0 type array 1
[2024-12-07T17:08:10.050+0800][2.069s][debug][gc,humongous      ] GC(12) Live humongous region 300 object size 1048592 start 0x00000000f2c00000  with remset 0 code roots 0 is marked 0 reclaim candidate 0 type array 1
[2024-12-07T17:08:10.050+0800][2.069s][debug][gc,humongous      ] GC(12) Live humongous region 302 object size 1048592 start 0x00000000f2e00000  with remset 0 code roots 0 is marked 0 reclaim candidate 0 type array 1
[2024-12-07T17:08:10.050+0800][2.069s][debug][gc,humongous      ] GC(12) Live humongous region 304 object size 1048592 start 0x00000000f3000000  with remset 0 code roots 0 is marked 0 reclaim candidate 0 type array 1
[2024-12-07T17:08:10.050+0800][2.070s][debug][gc,humongous      ] GC(12) Live humongous region 306 object size 1048592 start 0x00000000f3200000  with remset 0 code roots 0 is marked 0 reclaim candidate 0 type array 1
[2024-12-07T17:08:10.050+0800][2.070s][debug][gc,humongous      ] GC(12) Live humongous region 308 object size 1048592 start 0x00000000f3400000  with remset 0 code roots 0 is marked 0 reclaim candidate 0 type array 1
[2024-12-07T17:08:10.050+0800][2.070s][debug][gc,humongous      ] GC(12) Live humongous region 310 object size 1048592 start 0x00000000f3600000  with remset 0 code roots 0 is marked 0 reclaim candidate 0 type array 1
[2024-12-07T17:08:10.051+0800][2.070s][debug][gc,humongous      ] GC(12) Live humongous region 312 object size 1048592 start 0x00000000f3800000  with remset 0 code roots 0 is marked 0 reclaim candidate 0 type array 1
[2024-12-07T17:08:10.051+0800][2.070s][debug][gc,humongous      ] GC(12) Live humongous region 314 object size 1048592 start 0x00000000f3a00000  with remset 0 code roots 0 is marked 0 reclaim candidate 0 type array 1
[2024-12-07T17:08:10.051+0800][2.070s][debug][gc,humongous      ] GC(12) Live humongous region 316 object size 1048592 start 0x00000000f3c00000  with remset 0 code roots 0 is marked 0 reclaim candidate 0 type array 1
[2024-12-07T17:08:10.051+0800][2.070s][debug][gc,humongous      ] GC(12) Live humongous region 318 object size 1048592 start 0x00000000f3e00000  with remset 0 code roots 0 is marked 0 reclaim candidate 0 type array 1
[2024-12-07T17:08:10.051+0800][2.070s][debug][gc,humongous      ] GC(12) Live humongous region 320 object size 1048592 start 0x00000000f4000000  with remset 0 code roots 0 is marked 0 reclaim candidate 0 type array 1
[2024-12-07T17:08:10.051+0800][2.070s][debug][gc,humongous      ] GC(12) Live humongous region 322 object size 1048592 start 0x00000000f4200000  with remset 0 code roots 0 is marked 0 reclaim candidate 0 type array 1
[2024-12-07T17:08:10.051+0800][2.070s][debug][gc,humongous      ] GC(12) Live humongous region 324 object size 1048592 start 0x00000000f4400000  with remset 0 code roots 0 is marked 0 reclaim candidate 0 type array 1
[2024-12-07T17:08:10.051+0800][2.070s][debug][gc,humongous      ] GC(12) Live humongous region 326 object size 1048592 start 0x00000000f4600000  with remset 0 code roots 0 is marked 0 reclaim candidate 0 type array 1
[2024-12-07T17:08:10.051+0800][2.070s][debug][gc,humongous      ] GC(12) Live humongous region 328 object size 1048592 start 0x00000000f4800000  with remset 0 code roots 0 is marked 0 reclaim candidate 0 type array 1
[2024-12-07T17:08:10.051+0800][2.070s][debug][gc,humongous      ] GC(12) Live humongous region 330 object size 1048592 start 0x00000000f4a00000  with remset 0 code roots 0 is marked 0 reclaim candidate 0 type array 1
[2024-12-07T17:08:10.051+0800][2.070s][debug][gc,humongous      ] GC(12) Live humongous region 332 object size 1048592 start 0x00000000f4c00000  with remset 0 code roots 0 is marked 0 reclaim candidate 0 type array 1
[2024-12-07T17:08:10.051+0800][2.070s][debug][gc,humongous      ] GC(12) Live humongous region 334 object size 1048592 start 0x00000000f4e00000  with remset 0 code roots 0 is marked 0 reclaim candidate 0 type array 1
[2024-12-07T17:08:10.051+0800][2.070s][debug][gc,humongous      ] GC(12) Live humongous region 336 object size 1048592 start 0x00000000f5000000  with remset 0 code roots 0 is marked 0 reclaim candidate 0 type array 1
[2024-12-07T17:08:10.051+0800][2.071s][debug][gc,humongous      ] GC(12) Live humongous region 338 object size 1048592 start 0x00000000f5200000  with remset 0 code roots 0 is marked 0 reclaim candidate 0 type array 1
[2024-12-07T17:08:10.051+0800][2.071s][debug][gc,plab           ] GC(12) Young PLAB allocation: allocated: 395720B, wasted: 2520B, unused: 26840B, used: 366360B, undo waste: 0B, 
[2024-12-07T17:08:10.052+0800][2.071s][debug][gc,plab           ] GC(12) Young other allocation: region end waste: 0B, regions filled: 1, direct allocated: 71776B, failure used: 0B, failure wasted: 0B
[2024-12-07T17:08:10.052+0800][2.071s][debug][gc,plab           ] GC(12) Young sizing: calculated: 73272B, actual: 73216B
[2024-12-07T17:08:10.052+0800][2.071s][debug][gc,plab           ] GC(12) Old PLAB allocation: allocated: 0B, wasted: 0B, unused: 0B, used: 0B, undo waste: 0B, 
[2024-12-07T17:08:10.052+0800][2.071s][debug][gc,plab           ] GC(12) Old other allocation: region end waste: 0B, regions filled: 0, direct allocated: 0B, failure used: 0B, failure wasted: 0B
[2024-12-07T17:08:10.052+0800][2.071s][debug][gc,plab           ] GC(12) Old sizing: calculated: 0B, actual: 2064B
[2024-12-07T17:08:10.052+0800][2.071s][debug][gc,alloc,stats    ] Old generation allocation in the last mutator period, old gen allocated: 0B, humongous allocated: 20971520B,old gen growth: 20971520B.
[2024-12-07T17:08:10.052+0800][2.071s][debug][gc,ihop           ] GC(12) Basic information (value update), threshold: 236873318B (45.00), target occupancy: 526385152B, current occupancy: 357720616B, recent allocation size: 20971520B, recent allocation duration: 100.90ms, recent old gen allocation rate: 207844845.80B/s, recent marking phase length: 0.00ms
[2024-12-07T17:08:10.052+0800][2.071s][debug][gc,ihop           ] GC(12) Adaptive IHOP information (value update), threshold: 236873318B (51.91), internal target occupancy: 456340275B, occupancy: 357720616B, additional buffer size: 59768832B, predicted old gen allocation rate: 198890920.76B/s, predicted marking phase length: 0.00ms, prediction active: false
[2024-12-07T17:08:10.052+0800][2.071s][debug][gc,ergo,refine    ] GC(12) Updated Refinement Zones: green: 18, yellow: 54, red: 90
[2024-12-07T17:08:10.052+0800][2.071s][info ][gc,phases         ] GC(12)   Pre Evacuate Collection Set: 0.1ms
[2024-12-07T17:08:10.052+0800][2.071s][debug][gc,phases         ] GC(12)     Prepare TLABs: 0.1ms
[2024-12-07T17:08:10.052+0800][2.071s][debug][gc,phases         ] GC(12)     Choose Collection Set: 0.1ms
[2024-12-07T17:08:10.052+0800][2.071s][debug][gc,phases         ] GC(12)     Humongous Register: 0.0ms
[2024-12-07T17:08:10.052+0800][2.072s][debug][gc,phases         ] GC(12)     Clear Claimed Marks: 0.0ms
[2024-12-07T17:08:10.052+0800][2.072s][info ][gc,phases         ] GC(12)   Evacuate Collection Set: 7.2ms
[2024-12-07T17:08:10.052+0800][2.072s][debug][gc,phases         ] GC(12)     Ext Root Scanning (ms):   Min:  0.1, Avg:  1.9, Max:  4.5, Diff:  4.4, Sum: 23.0, Workers: 12
[2024-12-07T17:08:10.053+0800][2.072s][debug][gc,phases         ] GC(12)     Update RS (ms):           Min:  0.0, Avg:  0.2, Max:  0.7, Diff:  0.7, Sum:  3.0, Workers: 12
[2024-12-07T17:08:10.053+0800][2.072s][debug][gc,phases         ] GC(12)       Processed Buffers:        Min: 0, Avg:  0.8, Max: 3, Diff: 3, Sum: 10, Workers: 12
[2024-12-07T17:08:10.053+0800][2.072s][debug][gc,phases         ] GC(12)       Scanned Cards:            Min: 0, Avg: 18.5, Max: 57, Diff: 57, Sum: 222, Workers: 12
[2024-12-07T17:08:10.053+0800][2.072s][debug][gc,phases         ] GC(12)       Skipped Cards:            Min: 0, Avg: 11.4, Max: 72, Diff: 72, Sum: 137, Workers: 12
[2024-12-07T17:08:10.053+0800][2.072s][debug][gc,phases         ] GC(12)     Scan RS (ms):             Min:  0.0, Avg:  0.2, Max:  0.8, Diff:  0.8, Sum:  2.3, Workers: 12
[2024-12-07T17:08:10.053+0800][2.072s][debug][gc,phases         ] GC(12)       Scanned Cards:            Min: 0, Avg: 17.4, Max: 64, Diff: 64, Sum: 209, Workers: 12
[2024-12-07T17:08:10.053+0800][2.072s][debug][gc,phases         ] GC(12)       Claimed Cards:            Min: 0, Avg: 18.5, Max: 64, Diff: 64, Sum: 222, Workers: 12
[2024-12-07T17:08:10.053+0800][2.072s][debug][gc,phases         ] GC(12)       Skipped Cards:            Min: 0, Avg: 74.0, Max: 222, Diff: 222, Sum: 888, Workers: 12
[2024-12-07T17:08:10.053+0800][2.072s][debug][gc,phases         ] GC(12)     Code Root Scanning (ms):  Min:  0.0, Avg:  0.0, Max:  0.0, Diff:  0.0, Sum:  0.0, Workers: 12
[2024-12-07T17:08:10.053+0800][2.072s][debug][gc,phases         ] GC(12)     AOT Root Scanning (ms):   skipped
[2024-12-07T17:08:10.053+0800][2.072s][debug][gc,phases         ] GC(12)     Object Copy (ms):         Min:  0.0, Avg:  0.1, Max:  0.3, Diff:  0.3, Sum:  0.7, Workers: 12
[2024-12-07T17:08:10.053+0800][2.072s][debug][gc,phases         ] GC(12)     Termination (ms):         Min:  0.0, Avg:  2.2, Max:  3.6, Diff:  3.6, Sum: 25.9, Workers: 12
[2024-12-07T17:08:10.053+0800][2.073s][debug][gc,phases         ] GC(12)       Termination Attempts:     Min: 1, Avg:  1.0, Max: 1, Diff: 0, Sum: 12, Workers: 12
[2024-12-07T17:08:10.053+0800][2.073s][debug][gc,phases         ] GC(12)     GC Worker Other (ms):     Min:  0.2, Avg:  1.1, Max:  2.0, Diff:  1.8, Sum: 12.7, Workers: 12
[2024-12-07T17:08:10.054+0800][2.073s][debug][gc,phases         ] GC(12)     GC Worker Total (ms):     Min:  4.7, Avg:  5.6, Max:  6.6, Diff:  1.9, Sum: 67.6, Workers: 12
[2024-12-07T17:08:10.054+0800][2.073s][info ][gc,phases         ] GC(12)   Post Evacuate Collection Set: 13.3ms
[2024-12-07T17:08:10.054+0800][2.073s][debug][gc,phases         ] GC(12)     Code Roots Fixup: 0.0ms
[2024-12-07T17:08:10.054+0800][2.073s][debug][gc,phases         ] GC(12)     Clear Card Table: 0.2ms
[2024-12-07T17:08:10.054+0800][2.073s][debug][gc,phases         ] GC(12)     Reference Processing: 0.3ms
[2024-12-07T17:08:10.054+0800][2.073s][debug][gc,phases,ref     ] GC(12)       Reconsider SoftReferences: 0.1ms
[2024-12-07T17:08:10.054+0800][2.073s][debug][gc,phases,ref     ] GC(12)         SoftRef (ms):             skipped
[2024-12-07T17:08:10.054+0800][2.073s][debug][gc,phases,ref     ] GC(12)       Notify Soft/WeakReferences: 0.0ms
[2024-12-07T17:08:10.054+0800][2.073s][debug][gc,phases,ref     ] GC(12)         SoftRef (ms):             Min:  0.0, Avg:  0.0, Max:  0.0, Diff:  0.0, Sum:  0.0, Workers: 1
[2024-12-07T17:08:10.054+0800][2.073s][debug][gc,phases,ref     ] GC(12)         WeakRef (ms):             Min:  0.0, Avg:  0.0, Max:  0.0, Diff:  0.0, Sum:  0.0, Workers: 1
[2024-12-07T17:08:10.054+0800][2.073s][debug][gc,phases,ref     ] GC(12)         FinalRef (ms):            Min:  0.0, Avg:  0.0, Max:  0.0, Diff:  0.0, Sum:  0.0, Workers: 1
[2024-12-07T17:08:10.054+0800][2.073s][debug][gc,phases,ref     ] GC(12)         Total (ms):               Min:  0.0, Avg:  0.0, Max:  0.0, Diff:  0.0, Sum:  0.0, Workers: 1
[2024-12-07T17:08:10.054+0800][2.074s][debug][gc,phases,ref     ] GC(12)       Notify and keep alive finalizable: 0.1ms
[2024-12-07T17:08:10.054+0800][2.074s][debug][gc,phases,ref     ] GC(12)         FinalRef (ms):            skipped
[2024-12-07T17:08:10.055+0800][2.074s][debug][gc,phases,ref     ] GC(12)       Notify PhantomReferences: 0.0ms
[2024-12-07T17:08:10.055+0800][2.074s][debug][gc,phases,ref     ] GC(12)         PhantomRef (ms):          Min:  0.0, Avg:  0.0, Max:  0.0, Diff:  0.0, Sum:  0.0, Workers: 1
[2024-12-07T17:08:10.055+0800][2.074s][debug][gc,phases,ref     ] GC(12)       SoftReference:
[2024-12-07T17:08:10.055+0800][2.074s][debug][gc,phases,ref     ] GC(12)         Discovered: 0
[2024-12-07T17:08:10.055+0800][2.074s][debug][gc,phases,ref     ] GC(12)         Cleared: 0
[2024-12-07T17:08:10.055+0800][2.074s][debug][gc,phases,ref     ] GC(12)       WeakReference:
[2024-12-07T17:08:10.055+0800][2.074s][debug][gc,phases,ref     ] GC(12)         Discovered: 30
[2024-12-07T17:08:10.055+0800][2.074s][debug][gc,phases,ref     ] GC(12)         Cleared: 30
[2024-12-07T17:08:10.055+0800][2.074s][debug][gc,phases,ref     ] GC(12)       FinalReference:
[2024-12-07T17:08:10.055+0800][2.074s][debug][gc,phases,ref     ] GC(12)         Discovered: 0
[2024-12-07T17:08:10.055+0800][2.074s][debug][gc,phases,ref     ] GC(12)         Cleared: 0
[2024-12-07T17:08:10.055+0800][2.074s][debug][gc,phases,ref     ] GC(12)       PhantomReference:
[2024-12-07T17:08:10.055+0800][2.074s][debug][gc,phases,ref     ] GC(12)         Discovered: 5
[2024-12-07T17:08:10.055+0800][2.075s][debug][gc,phases,ref     ] GC(12)         Cleared: 5
[2024-12-07T17:08:10.055+0800][2.075s][debug][gc,phases         ] GC(12)     Weak Processing: 0.0ms
[2024-12-07T17:08:10.055+0800][2.075s][debug][gc,phases         ] GC(12)     Merge Per-Thread State: 0.0ms
[2024-12-07T17:08:10.056+0800][2.075s][debug][gc,phases         ] GC(12)     Code Roots Purge: 0.0ms
[2024-12-07T17:08:10.056+0800][2.075s][debug][gc,phases         ] GC(12)     Redirty Cards: 0.2ms
[2024-12-07T17:08:10.056+0800][2.075s][debug][gc,phases         ] GC(12)     DerivedPointerTable Update: 0.0ms
[2024-12-07T17:08:10.056+0800][2.075s][debug][gc,phases         ] GC(12)     Free Collection Set: 0.2ms
[2024-12-07T17:08:10.056+0800][2.075s][debug][gc,phases         ] GC(12)     Humongous Reclaim: 12.3ms
[2024-12-07T17:08:10.056+0800][2.075s][debug][gc,phases         ] GC(12)     Start New Collection Set: 0.0ms
[2024-12-07T17:08:10.056+0800][2.075s][debug][gc,phases         ] GC(12)     Resize TLABs: 0.0ms
[2024-12-07T17:08:10.056+0800][2.075s][debug][gc,phases         ] GC(12)     Expand Heap After Collection: 0.0ms
[2024-12-07T17:08:10.056+0800][2.075s][info ][gc,phases         ] GC(12)   Other: 2.4ms
[2024-12-07T17:08:10.056+0800][2.075s][info ][gc,heap           ] GC(12) Eden regions: 1->0(56)
[2024-12-07T17:08:10.056+0800][2.075s][info ][gc,heap           ] GC(12) Survivor regions: 1->1(9)
[2024-12-07T17:08:10.056+0800][2.076s][info ][gc,heap           ] GC(12) Old regions: 2->2
[2024-12-07T17:08:10.056+0800][2.076s][info ][gc,heap           ] GC(12) Humongous regions: 340->340
[2024-12-07T17:08:10.057+0800][2.076s][info ][gc,metaspace      ] GC(12) Metaspace: 558K(4864K)->558K(4864K) NonClass: 512K(4352K)->512K(4352K) Class: 46K(512K)->46K(512K)
[2024-12-07T17:08:10.057+0800][2.076s][debug][gc,heap           ] GC(12) Heap after GC invocations=13 (full 0): garbage-first heap   total 516096K, used 349336K [0x00000000e0000000, 0x0000000100000000)
[2024-12-07T17:08:10.057+0800][2.076s][debug][gc,heap           ] GC(12)   region size 1024K, 1 young (1024K), 1 survivors (1024K)
[2024-12-07T17:08:10.057+0800][2.076s][debug][gc,heap           ] GC(12)  Metaspace       used 558K, capacity 4570K, committed 4864K, reserved 1056768K
[2024-12-07T17:08:10.057+0800][2.076s][debug][gc,heap           ] GC(12)   class space    used 46K, capacity 419K, committed 512K, reserved 1048576K
[2024-12-07T17:08:10.057+0800][2.076s][info ][gc                ] GC(12) Pause Young (Concurrent Start) (G1 Humongous Allocation) 341M->341M(504M) 26.619ms
[2024-12-07T17:08:10.057+0800][2.076s][info ][gc,cpu            ] GC(12) User=0.03s Sys=0.00s Real=0.03s
[2024-12-07T17:08:10.057+0800][2.076s][info ][gc                ] GC(13) Concurrent Cycle
[2024-12-07T17:08:10.057+0800][2.076s][info ][gc,marking        ] GC(13) Concurrent Clear Claimed Marks
[2024-12-07T17:08:10.057+0800][2.076s][info ][gc,marking        ] GC(13) Concurrent Clear Claimed Marks 0.075ms
[2024-12-07T17:08:10.057+0800][2.076s][info ][gc,marking        ] GC(13) Concurrent Scan Root Regions
[2024-12-07T17:08:10.057+0800][2.076s][debug][gc,ergo           ] GC(13) Running G1 Root Region Scan using 1 workers for 1 work units.
[2024-12-07T17:08:10.058+0800][2.077s][info ][gc,marking        ] GC(13) Concurrent Scan Root Regions 0.419ms
[2024-12-07T17:08:10.058+0800][2.077s][info ][gc,marking        ] GC(13) Concurrent Mark (2.077s)
[2024-12-07T17:08:10.058+0800][2.077s][info ][gc,marking        ] GC(13) Concurrent Mark From Roots
[2024-12-07T17:08:10.058+0800][2.077s][info ][gc,task           ] GC(13) Using 5 workers of 5 for marking
[2024-12-07T17:08:10.058+0800][2.078s][debug][gc,stats          ] ---------------------------------------------------------------------
[2024-12-07T17:08:10.058+0800][2.078s][debug][gc,stats          ] Marking Stats, task = 0, calls = 26
[2024-12-07T17:08:10.058+0800][2.078s][debug][gc,stats          ]   Elapsed time = 0.43ms, Termination time = 0.00ms
[2024-12-07T17:08:10.059+0800][2.078s][debug][gc,stats          ]   Step Times (cum): num = 652, avg = 0.01ms, sd = 0.10ms max = 2.63ms, total = 3.45ms
[2024-12-07T17:08:10.059+0800][2.078s][debug][gc,stats          ]   Mark Stats Cache: hits 3162 misses 171 ratio 94.869
[2024-12-07T17:08:10.059+0800][2.078s][debug][gc,stats          ] ---------------------------------------------------------------------
[2024-12-07T17:08:10.059+0800][2.078s][debug][gc,stats          ] Marking Stats, task = 1, calls = 1
[2024-12-07T17:08:10.059+0800][2.078s][debug][gc,stats          ]   Elapsed time = 0.42ms, Termination time = 0.00ms
[2024-12-07T17:08:10.059+0800][2.078s][debug][gc,stats          ]   Step Times (cum): num = 178, avg = 0.02ms, sd = 0.20ms max = 2.64ms, total = 3.33ms
[2024-12-07T17:08:10.059+0800][2.078s][debug][gc,stats          ]   Mark Stats Cache: hits 4530 misses 2 ratio 99.956
[2024-12-07T17:08:10.059+0800][2.078s][debug][gc,stats          ] ---------------------------------------------------------------------
[2024-12-07T17:08:10.059+0800][2.078s][debug][gc,stats          ] Marking Stats, task = 2, calls = 30
[2024-12-07T17:08:10.059+0800][2.078s][debug][gc,stats          ]   Elapsed time = 0.42ms, Termination time = 0.00ms
[2024-12-07T17:08:10.059+0800][2.078s][debug][gc,stats          ]   Step Times (cum): num = 240, avg = 0.01ms, sd = 0.17ms max = 2.65ms, total = 3.44ms
[2024-12-07T17:08:10.059+0800][2.078s][debug][gc,stats          ]   Mark Stats Cache: hits 482 misses 2 ratio 99.587
[2024-12-07T17:08:10.059+0800][2.079s][debug][gc,stats          ] ---------------------------------------------------------------------
[2024-12-07T17:08:10.059+0800][2.079s][debug][gc,stats          ] Marking Stats, task = 3, calls = 23
[2024-12-07T17:08:10.059+0800][2.079s][debug][gc,stats          ]   Elapsed time = 0.41ms, Termination time = 0.00ms
[2024-12-07T17:08:10.060+0800][2.079s][debug][gc,stats          ]   Step Times (cum): num = 180, avg = 0.02ms, sd = 0.20ms max = 2.63ms, total = 3.30ms
[2024-12-07T17:08:10.060+0800][2.079s][debug][gc,stats          ]   Mark Stats Cache: hits 1809 misses 2 ratio 99.890
[2024-12-07T17:08:10.060+0800][2.079s][debug][gc,stats          ] ---------------------------------------------------------------------
[2024-12-07T17:08:10.060+0800][2.079s][debug][gc,stats          ] Marking Stats, task = 4, calls = 25
[2024-12-07T17:08:10.060+0800][2.079s][debug][gc,stats          ]   Elapsed time = 0.40ms, Termination time = 0.00ms
[2024-12-07T17:08:10.060+0800][2.079s][debug][gc,stats          ]   Step Times (cum): num = 197, avg = 0.02ms, sd = 0.19ms max = 2.66ms, total = 3.31ms
[2024-12-07T17:08:10.060+0800][2.079s][debug][gc,stats          ]   Mark Stats Cache: hits 502 misses 1 ratio 99.801
[2024-12-07T17:08:10.060+0800][2.079s][debug][gc,stats          ] ---------------------------------------------------------------------
[2024-12-07T17:08:10.060+0800][2.079s][info ][gc,marking        ] GC(13) Concurrent Mark From Roots 2.303ms
[2024-12-07T17:08:10.060+0800][2.079s][info ][gc,marking        ] GC(13) Concurrent Preclean
[2024-12-07T17:08:10.060+0800][2.079s][debug][gc,ref,start      ] GC(13) Preclean SoftReferences
[2024-12-07T17:08:10.060+0800][2.079s][debug][gc,ref            ] GC(13) Preclean SoftReferences 0.074ms
[2024-12-07T17:08:10.060+0800][2.079s][debug][gc,ref,start      ] GC(13) Preclean WeakReferences
[2024-12-07T17:08:10.060+0800][2.080s][debug][gc,ref            ] GC(13) Preclean WeakReferences 0.077ms
[2024-12-07T17:08:10.061+0800][2.080s][debug][gc,ref,start      ] GC(13) Preclean FinalReferences
[2024-12-07T17:08:10.061+0800][2.080s][debug][gc,ref            ] GC(13) Preclean FinalReferences 0.452ms
[2024-12-07T17:08:10.062+0800][2.081s][debug][gc,ref,start      ] GC(13) Preclean PhantomReferences
[2024-12-07T17:08:10.062+0800][2.081s][debug][gc,ref            ] GC(13) Preclean PhantomReferences 0.155ms
[2024-12-07T17:08:10.062+0800][2.081s][info ][gc,marking        ] GC(13) Concurrent Preclean 1.652ms
[2024-12-07T17:08:10.062+0800][2.081s][info ][gc,marking        ] GC(13) Concurrent Mark (2.077s, 2.081s) 4.179ms
[2024-12-07T17:08:10.062+0800][2.081s][info ][gc,start          ] GC(13) Pause Remark
[2024-12-07T17:08:10.062+0800][2.081s][debug][gc,phases,start   ] GC(13) Finalize Marking
[2024-12-07T17:08:10.064+0800][2.084s][debug][gc,stats          ] ---------------------------------------------------------------------
[2024-12-07T17:08:10.065+0800][2.084s][debug][gc,stats          ] Marking Stats, task = 0, calls = 99
[2024-12-07T17:08:10.065+0800][2.084s][debug][gc,stats          ]   Elapsed time = 1.93ms, Termination time = 1.79ms
[2024-12-07T17:08:10.065+0800][2.084s][debug][gc,stats          ]   Step Times (cum): num = 725, avg = 0.01ms, sd = 0.12ms max = 2.63ms, total = 5.24ms
[2024-12-07T17:08:10.065+0800][2.084s][debug][gc,stats          ]   Mark Stats Cache: hits 3162 misses 171 ratio 94.869
[2024-12-07T17:08:10.065+0800][2.084s][debug][gc,stats          ] ---------------------------------------------------------------------
[2024-12-07T17:08:10.065+0800][2.084s][debug][gc,stats          ] Marking Stats, task = 1, calls = 2
[2024-12-07T17:08:10.065+0800][2.084s][debug][gc,stats          ]   Elapsed time = 1.93ms, Termination time = 1.78ms
[2024-12-07T17:08:10.065+0800][2.084s][debug][gc,stats          ]   Step Times (cum): num = 179, avg = 0.03ms, sd = 0.24ms max = 2.64ms, total = 5.11ms
[2024-12-07T17:08:10.065+0800][2.084s][debug][gc,stats          ]   Mark Stats Cache: hits 4530 misses 2 ratio 99.956
[2024-12-07T17:08:10.065+0800][2.085s][debug][gc,stats          ] ---------------------------------------------------------------------
[2024-12-07T17:08:10.065+0800][2.085s][debug][gc,stats          ] Marking Stats, task = 2, calls = 31
[2024-12-07T17:08:10.066+0800][2.085s][debug][gc,stats          ]   Elapsed time = 1.98ms, Termination time = 1.23ms
[2024-12-07T17:08:10.066+0800][2.085s][debug][gc,stats          ]   Step Times (cum): num = 241, avg = 0.02ms, sd = 0.19ms max = 2.65ms, total = 4.67ms
[2024-12-07T17:08:10.066+0800][2.085s][debug][gc,stats          ]   Mark Stats Cache: hits 482 misses 2 ratio 99.587
[2024-12-07T17:08:10.066+0800][2.085s][debug][gc,stats          ] ---------------------------------------------------------------------
[2024-12-07T17:08:10.066+0800][2.085s][debug][gc,stats          ] Marking Stats, task = 3, calls = 24
[2024-12-07T17:08:10.066+0800][2.085s][debug][gc,stats          ]   Elapsed time = 1.90ms, Termination time = 1.79ms
[2024-12-07T17:08:10.066+0800][2.085s][debug][gc,stats          ]   Step Times (cum): num = 181, avg = 0.03ms, sd = 0.24ms max = 2.63ms, total = 5.09ms
[2024-12-07T17:08:10.066+0800][2.086s][debug][gc,stats          ]   Mark Stats Cache: hits 1809 misses 2 ratio 99.890
[2024-12-07T17:08:10.066+0800][2.086s][debug][gc,stats          ] ---------------------------------------------------------------------
[2024-12-07T17:08:10.067+0800][2.086s][debug][gc,stats          ] Marking Stats, task = 4, calls = 26
[2024-12-07T17:08:10.067+0800][2.086s][debug][gc,stats          ]   Elapsed time = 1.89ms, Termination time = 1.23ms
[2024-12-07T17:08:10.067+0800][2.086s][debug][gc,stats          ]   Step Times (cum): num = 198, avg = 0.02ms, sd = 0.21ms max = 2.66ms, total = 4.55ms
[2024-12-07T17:08:10.067+0800][2.086s][debug][gc,stats          ]   Mark Stats Cache: hits 502 misses 1 ratio 99.801
[2024-12-07T17:08:10.067+0800][2.086s][debug][gc,stats          ] ---------------------------------------------------------------------
[2024-12-07T17:08:10.067+0800][2.086s][debug][gc,stats          ] Marking Stats, task = 5, calls = 1
[2024-12-07T17:08:10.067+0800][2.086s][debug][gc,stats          ]   Elapsed time = 1.89ms, Termination time = 1.23ms
[2024-12-07T17:08:10.067+0800][2.086s][debug][gc,stats          ]   Step Times (cum): num = 7, avg = 0.61ms, sd = 0.93ms max = 2.65ms, total = 4.29ms
[2024-12-07T17:08:10.067+0800][2.086s][debug][gc,stats          ]   Mark Stats Cache: hits 0 misses 0 ratio 0.000
[2024-12-07T17:08:10.067+0800][2.087s][debug][gc,stats          ] ---------------------------------------------------------------------
[2024-12-07T17:08:10.068+0800][2.087s][debug][gc,stats          ] Marking Stats, task = 6, calls = 1
[2024-12-07T17:08:10.068+0800][2.087s][debug][gc,stats          ]   Elapsed time = 1.86ms, Termination time = 1.70ms
[2024-12-07T17:08:10.068+0800][2.087s][debug][gc,stats          ]   Step Times (cum): num = 7, avg = 0.68ms, sd = 0.99ms max = 2.64ms, total = 4.76ms
[2024-12-07T17:08:10.068+0800][2.087s][debug][gc,stats          ]   Mark Stats Cache: hits 0 misses 0 ratio 0.000
[2024-12-07T17:08:10.068+0800][2.087s][debug][gc,stats          ] ---------------------------------------------------------------------
[2024-12-07T17:08:10.068+0800][2.087s][debug][gc,stats          ] Marking Stats, task = 7, calls = 1
[2024-12-07T17:08:10.068+0800][2.087s][debug][gc,stats          ]   Elapsed time = 1.93ms, Termination time = 1.25ms
[2024-12-07T17:08:10.068+0800][2.087s][debug][gc,stats          ]   Step Times (cum): num = 7, avg = 0.64ms, sd = 0.98ms max = 2.80ms, total = 4.47ms
[2024-12-07T17:08:10.068+0800][2.087s][debug][gc,stats          ]   Mark Stats Cache: hits 0 misses 0 ratio 0.000
[2024-12-07T17:08:10.068+0800][2.087s][debug][gc,stats          ] ---------------------------------------------------------------------
[2024-12-07T17:08:10.068+0800][2.088s][debug][gc,stats          ] Marking Stats, task = 8, calls = 1
[2024-12-07T17:08:10.068+0800][2.088s][debug][gc,stats          ]   Elapsed time = 1.80ms, Termination time = 1.44ms
[2024-12-07T17:08:10.069+0800][2.088s][debug][gc,stats          ]   Step Times (cum): num = 7, avg = 0.67ms, sd = 0.95ms max = 2.66ms, total = 4.69ms
[2024-12-07T17:08:10.069+0800][2.088s][debug][gc,stats          ]   Mark Stats Cache: hits 0 misses 0 ratio 0.000
[2024-12-07T17:08:10.069+0800][2.088s][debug][gc,stats          ] ---------------------------------------------------------------------
[2024-12-07T17:08:10.069+0800][2.088s][debug][gc,stats          ] Marking Stats, task = 9, calls = 1
[2024-12-07T17:08:10.069+0800][2.088s][debug][gc,stats          ]   Elapsed time = 1.80ms, Termination time = 1.44ms
[2024-12-07T17:08:10.069+0800][2.088s][debug][gc,stats          ]   Step Times (cum): num = 7, avg = 0.66ms, sd = 0.99ms max = 2.78ms, total = 4.61ms
[2024-12-07T17:08:10.069+0800][2.088s][debug][gc,stats          ]   Mark Stats Cache: hits 0 misses 0 ratio 0.000
[2024-12-07T17:08:10.069+0800][2.088s][debug][gc,stats          ] ---------------------------------------------------------------------
[2024-12-07T17:08:10.069+0800][2.088s][debug][gc,stats          ] Marking Stats, task = 10, calls = 1
[2024-12-07T17:08:10.069+0800][2.089s][debug][gc,stats          ]   Elapsed time = 1.78ms, Termination time = 1.32ms
[2024-12-07T17:08:10.069+0800][2.089s][debug][gc,stats          ]   Step Times (cum): num = 7, avg = 0.19ms, sd = 0.46ms max = 1.32ms, total = 1.32ms
[2024-12-07T17:08:10.070+0800][2.089s][debug][gc,stats          ]   Mark Stats Cache: hits 0 misses 0 ratio 0.000
[2024-12-07T17:08:10.070+0800][2.089s][debug][gc,stats          ] ---------------------------------------------------------------------
[2024-12-07T17:08:10.070+0800][2.089s][debug][gc,stats          ] Marking Stats, task = 11, calls = 1
[2024-12-07T17:08:10.070+0800][2.089s][debug][gc,stats          ]   Elapsed time = 0.01ms, Termination time = 0.00ms
[2024-12-07T17:08:10.070+0800][2.089s][debug][gc,stats          ]   Step Times (cum): num = 7, avg = 0.00ms, sd = 0.00ms max = 0.00ms, total = 0.00ms
[2024-12-07T17:08:10.070+0800][2.089s][debug][gc,stats          ]   Mark Stats Cache: hits 0 misses 0 ratio 0.000
[2024-12-07T17:08:10.070+0800][2.089s][debug][gc,stats          ] ---------------------------------------------------------------------
[2024-12-07T17:08:10.070+0800][2.089s][debug][gc,phases         ] GC(13) Finalize Marking 7.785ms
[2024-12-07T17:08:10.070+0800][2.089s][debug][gc,phases,start   ] GC(13) Reference Processing
[2024-12-07T17:08:10.070+0800][2.089s][debug][gc,ref            ] GC(13) Skipped phase1 of Reference Processing due to unavailable references
[2024-12-07T17:08:10.070+0800][2.089s][debug][gc,ref            ] GC(13) Skipped phase2 of Reference Processing due to unavailable references
[2024-12-07T17:08:10.070+0800][2.089s][debug][gc,ref            ] GC(13) Skipped phase3 of Reference Processing due to unavailable references
[2024-12-07T17:08:10.070+0800][2.090s][debug][gc,ref            ] GC(13) Skipped phase4 of Reference Processing due to unavailable references
[2024-12-07T17:08:10.070+0800][2.090s][debug][gc,phases,ref     ] GC(13) Reference Processing: 0.3ms
[2024-12-07T17:08:10.070+0800][2.090s][debug][gc,phases,ref     ] GC(13)   Reconsider SoftReferences: 0.1ms
[2024-12-07T17:08:10.071+0800][2.090s][debug][gc,phases,ref     ] GC(13)     SoftRef (ms):             skipped
[2024-12-07T17:08:10.071+0800][2.090s][debug][gc,phases,ref     ] GC(13)   Notify Soft/WeakReferences: 0.1ms
[2024-12-07T17:08:10.071+0800][2.090s][debug][gc,phases,ref     ] GC(13)     SoftRef (ms):             skipped
[2024-12-07T17:08:10.071+0800][2.090s][debug][gc,phases,ref     ] GC(13)     WeakRef (ms):             skipped
[2024-12-07T17:08:10.071+0800][2.090s][debug][gc,phases,ref     ] GC(13)     FinalRef (ms):            skipped
[2024-12-07T17:08:10.071+0800][2.090s][debug][gc,phases,ref     ] GC(13)     Total (ms):               skipped
[2024-12-07T17:08:10.071+0800][2.090s][debug][gc,phases,ref     ] GC(13)   Notify and keep alive finalizable: 0.1ms
[2024-12-07T17:08:10.071+0800][2.090s][debug][gc,phases,ref     ] GC(13)     FinalRef (ms):            skipped
[2024-12-07T17:08:10.071+0800][2.090s][debug][gc,phases,ref     ] GC(13)   Notify PhantomReferences: 0.1ms
[2024-12-07T17:08:10.071+0800][2.090s][debug][gc,phases,ref     ] GC(13)     PhantomRef (ms):          skipped
[2024-12-07T17:08:10.071+0800][2.090s][debug][gc,phases,ref     ] GC(13)   SoftReference:
[2024-12-07T17:08:10.071+0800][2.090s][debug][gc,phases,ref     ] GC(13)     Discovered: 0
[2024-12-07T17:08:10.071+0800][2.090s][debug][gc,phases,ref     ] GC(13)     Cleared: 0
[2024-12-07T17:08:10.071+0800][2.091s][debug][gc,phases,ref     ] GC(13)   WeakReference:
[2024-12-07T17:08:10.071+0800][2.091s][debug][gc,phases,ref     ] GC(13)     Discovered: 0
[2024-12-07T17:08:10.071+0800][2.091s][debug][gc,phases,ref     ] GC(13)     Cleared: 0
[2024-12-07T17:08:10.072+0800][2.091s][debug][gc,phases,ref     ] GC(13)   FinalReference:
[2024-12-07T17:08:10.072+0800][2.091s][debug][gc,phases,ref     ] GC(13)     Discovered: 0
[2024-12-07T17:08:10.072+0800][2.091s][debug][gc,phases,ref     ] GC(13)     Cleared: 0
[2024-12-07T17:08:10.072+0800][2.091s][debug][gc,phases,ref     ] GC(13)   PhantomReference:
[2024-12-07T17:08:10.072+0800][2.091s][debug][gc,phases,ref     ] GC(13)     Discovered: 0
[2024-12-07T17:08:10.072+0800][2.091s][debug][gc,phases,ref     ] GC(13)     Cleared: 0
[2024-12-07T17:08:10.072+0800][2.091s][debug][gc,phases         ] GC(13) Reference Processing 1.843ms
[2024-12-07T17:08:10.072+0800][2.091s][debug][gc,phases,start   ] GC(13) Weak Processing
[2024-12-07T17:08:10.072+0800][2.091s][debug][gc,phases         ] GC(13) Weak Processing 0.069ms
[2024-12-07T17:08:10.072+0800][2.091s][debug][gc,phases,start   ] GC(13) Class Unloading
[2024-12-07T17:08:10.072+0800][2.091s][debug][gc,phases,start   ] GC(13) ClassLoaderData
[2024-12-07T17:08:10.072+0800][2.091s][debug][gc,phases         ] GC(13) ClassLoaderData 0.070ms
[2024-12-07T17:08:10.072+0800][2.091s][debug][gc,phases,start   ] GC(13) ProtectionDomainCacheTable
[2024-12-07T17:08:10.072+0800][2.092s][debug][gc,phases         ] GC(13) ProtectionDomainCacheTable 0.063ms
[2024-12-07T17:08:10.073+0800][2.092s][info ][gc,stringtable    ] GC(13) Cleaned string and symbol table, strings: 39 processed, 0 removed, symbols: 191 processed, 0 removed
[2024-12-07T17:08:10.073+0800][2.092s][debug][gc,phases         ] GC(13) Class Unloading 0.727ms
[2024-12-07T17:08:10.073+0800][2.092s][debug][gc,phases,start   ] GC(13) Flush Task Caches
[2024-12-07T17:08:10.073+0800][2.092s][debug][gc,stats          ] Mark stats cache hits 10485 misses 178 ratio 98.331
[2024-12-07T17:08:10.073+0800][2.092s][debug][gc,phases         ] GC(13) Flush Task Caches 0.152ms
[2024-12-07T17:08:10.073+0800][2.092s][debug][gc,phases,start   ] GC(13) Update Remembered Set Tracking Before Rebuild
[2024-12-07T17:08:10.073+0800][2.092s][debug][gc,ergo           ] GC(13) Running G1 Update RemSet Tracking Before Rebuild using 2 workers for 504 regions in heap
[2024-12-07T17:08:10.073+0800][2.092s][debug][gc,remset,tracking] GC(13) Remembered Set Tracking update regions total 504, selected 0
[2024-12-07T17:08:10.073+0800][2.093s][debug][gc,phases         ] GC(13) Update Remembered Set Tracking Before Rebuild 0.244ms
[2024-12-07T17:08:10.073+0800][2.093s][debug][gc,phases,start   ] GC(13) Reclaim Empty Regions
[2024-12-07T17:08:10.074+0800][2.093s][debug][gc,phases         ] GC(13) Reclaim Empty Regions 0.148ms
[2024-12-07T17:08:10.074+0800][2.093s][debug][gc,phases,start   ] GC(13) Purge Metaspace
[2024-12-07T17:08:10.074+0800][2.093s][debug][gc,phases         ] GC(13) Purge Metaspace 0.065ms
[2024-12-07T17:08:10.074+0800][2.093s][debug][gc,phases,start   ] GC(13) Report Object Count
[2024-12-07T17:08:10.074+0800][2.093s][debug][gc,phases         ] GC(13) Report Object Count 0.064ms
[2024-12-07T17:08:10.074+0800][2.093s][info ][gc                ] GC(13) Pause Remark 361M->361M(504M) 11.782ms
[2024-12-07T17:08:10.074+0800][2.093s][info ][gc,cpu            ] GC(13) User=0.02s Sys=0.00s Real=0.01s
[2024-12-07T17:08:10.074+0800][2.093s][info ][gc,marking        ] GC(13) Concurrent Rebuild Remembered Sets
[2024-12-07T17:08:10.074+0800][2.094s][info ][gc,marking        ] GC(13) Concurrent Rebuild Remembered Sets 0.264ms
[2024-12-07T17:08:10.075+0800][2.094s][info ][gc,start          ] GC(13) Pause Cleanup
[2024-12-07T17:08:10.075+0800][2.094s][debug][gc,phases,start   ] GC(13) Update Remembered Set Tracking After Rebuild
[2024-12-07T17:08:10.075+0800][2.094s][debug][gc,phases         ] GC(13) Update Remembered Set Tracking After Rebuild 0.076ms
[2024-12-07T17:08:10.075+0800][2.094s][debug][gc,phases,start   ] GC(13) Finalize Concurrent Mark Cleanup
[2024-12-07T17:08:10.075+0800][2.094s][debug][gc,ergo           ] GC(13) request young-only gcs (candidate old regions not available)
[2024-12-07T17:08:10.075+0800][2.094s][debug][gc,phases         ] GC(13) Finalize Concurrent Mark Cleanup 0.224ms
[2024-12-07T17:08:10.075+0800][2.094s][info ][gc                ] GC(13) Pause Cleanup 361M->361M(504M) 0.500ms
[2024-12-07T17:08:10.075+0800][2.094s][info ][gc,cpu            ] GC(13) User=0.00s Sys=0.00s Real=0.00s
[2024-12-07T17:08:10.075+0800][2.094s][info ][gc,marking        ] GC(13) Concurrent Cleanup for Next Mark
[2024-12-07T17:08:10.075+0800][2.094s][debug][gc,ergo           ] GC(13) Running G1 Clear Bitmap with 5 workers for 8 work units.
[2024-12-07T17:08:10.075+0800][2.095s][info ][gc,marking        ] GC(13) Concurrent Cleanup for Next Mark 0.268ms
[2024-12-07T17:08:10.075+0800][2.095s][info ][gc                ] GC(13) Concurrent Cycle 18.503ms
[2024-12-07T17:08:10.164+0800][2.183s][debug][gc,ergo,ihop      ] Request concurrent cycle initiation (occupancy higher than threshold) occupancy: 379584512B allocation request: 1048592B threshold: 236873318B (44.82) source: concurrent humongous allocation
[2024-12-07T17:08:10.165+0800][2.184s][debug][gc,ergo           ] Request concurrent cycle initiation (requested by GC cause). GC cause: G1 Humongous Allocation
[2024-12-07T17:08:10.165+0800][2.184s][debug][gc,heap           ] GC(14) Heap before GC invocations=14 (full 0): garbage-first heap   total 516096K, used 369816K [0x00000000e0000000, 0x0000000100000000)
[2024-12-07T17:08:10.165+0800][2.184s][debug][gc,heap           ] GC(14)   region size 1024K, 2 young (2048K), 1 survivors (1024K)
[2024-12-07T17:08:10.165+0800][2.184s][debug][gc,heap           ] GC(14)  Metaspace       used 558K, capacity 4570K, committed 4864K, reserved 1056768K
[2024-12-07T17:08:10.165+0800][2.185s][debug][gc,heap           ] GC(14)   class space    used 46K, capacity 419K, committed 512K, reserved 1048576K
[2024-12-07T17:08:10.166+0800][2.185s][debug][gc,ergo           ] GC(14) Initiate concurrent cycle (concurrent cycle initiation requested)
[2024-12-07T17:08:10.166+0800][2.185s][info ][gc,start          ] GC(14) Pause Young (Concurrent Start) (G1 Humongous Allocation)
[2024-12-07T17:08:10.166+0800][2.185s][info ][gc,task           ] GC(14) Using 12 workers of 18 for evacuation
[2024-12-07T17:08:10.166+0800][2.185s][debug][gc,tlab           ] GC(14) TLAB totals: thrds: 1  refills: 1 max: 1 slow allocs: 1 max 1 waste: 100.0% gc: 524128B max: 524128B slow: 0B max: 0B fast: 0B max: 0B
[2024-12-07T17:08:10.166+0800][2.185s][debug][gc,alloc,region   ] GC(14) Mutator Allocation stats, regions: 1, wasted size: 0B ( 0.0%)
[2024-12-07T17:08:10.166+0800][2.186s][debug][gc,age            ] GC(14) Desired survivor size 4194304 bytes, new threshold 15 (max threshold 15)
[2024-12-07T17:08:10.167+0800][2.186s][debug][gc,ergo,cset      ] GC(14) Finish choosing CSet. old: 0 regions, predicted old region time: 0.00ms, time remaining: 183.76
[2024-12-07T17:08:10.167+0800][2.186s][debug][gc,task,stats     ] GC(14) GC Termination Stats
[2024-12-07T17:08:10.167+0800][2.187s][debug][gc,task,stats     ] GC(14)      elapsed  --strong roots-- -------termination------- ------waste (KiB)------
[2024-12-07T17:08:10.168+0800][2.187s][debug][gc,task,stats     ] GC(14) thr     ms        ms      %        ms      %    attempts  total   alloc    undo
[2024-12-07T17:08:10.168+0800][2.187s][debug][gc,task,stats     ] GC(14) --- --------- --------- ------ --------- ------ -------- ------- ------- -------
[2024-12-07T17:08:10.170+0800][2.189s][debug][gc,task,stats     ] GC(14)  11      1.81      1.81  99.82      0.00   0.01        1       0       0       0
[2024-12-07T17:08:10.170+0800][2.189s][debug][gc,task,stats     ] GC(14)   3      2.11      0.66  31.46      1.22  58.01       34       0       0       0
[2024-12-07T17:08:10.170+0800][2.189s][debug][gc,task,stats     ] GC(14)   2      2.28      1.03  45.09      0.96  42.27        1       0       0       0
[2024-12-07T17:08:10.170+0800][2.190s][debug][gc,task,stats     ] GC(14)   6      2.40      0.80  33.28      1.12  46.46       17       0       0       0
[2024-12-07T17:08:10.171+0800][2.190s][debug][gc,task,stats     ] GC(14)   0      2.61      0.59  22.45      1.23  47.14       30       1       1       0
[2024-12-07T17:08:10.171+0800][2.190s][debug][gc,task,stats     ] GC(14)   5      2.69      0.53  19.79      1.24  46.19       25       0       0       0
[2024-12-07T17:08:10.171+0800][2.190s][debug][gc,task,stats     ] GC(14)   7      2.81      0.72  25.46      1.20  42.65        8       0       0       0
[2024-12-07T17:08:10.171+0800][2.190s][debug][gc,task,stats     ] GC(14)  10      2.92      0.44  15.20      1.17  40.14       25       0       0       0
[2024-12-07T17:08:10.171+0800][2.191s][debug][gc,task,stats     ] GC(14)   4      3.37      0.90  26.77      0.99  29.40        3       0       0       0
[2024-12-07T17:08:10.172+0800][2.191s][debug][gc,task,stats     ] GC(14)   8      3.91      1.40  35.76      0.46  11.72        1       0       0       0
[2024-12-07T17:08:10.172+0800][2.192s][debug][gc,task,stats     ] GC(14)   9      4.36      0.49  11.23      1.12  25.67       33       0       0       0
[2024-12-07T17:08:10.173+0800][2.192s][debug][gc,task,stats     ] GC(14)   1      4.60      0.82  17.81      1.27  27.68       14       0       0       0
[2024-12-07T17:08:10.173+0800][2.192s][debug][gc,ergo           ] GC(14) Running G1 Clear Card Table Task using 1 workers for 1 units of work for 3 regions.
[2024-12-07T17:08:10.173+0800][2.192s][debug][gc,ref            ] GC(14) Skipped phase1 of Reference Processing due to unavailable references
[2024-12-07T17:08:10.173+0800][2.192s][debug][gc,ref            ] GC(14) Skipped phase3 of Reference Processing due to unavailable references
[2024-12-07T17:08:10.173+0800][2.192s][debug][gc,ergo           ] GC(14) Running G1 Free Collection Set using 1 workers for collection set length 2
[2024-12-07T17:08:10.173+0800][2.193s][debug][gc,humongous      ] GC(14) Live humongous region 0 object size 1048592 start 0x00000000e0000000  with remset 0 code roots 0 is marked 0 reclaim candidate 0 type array 1
[2024-12-07T17:08:10.173+0800][2.193s][debug][gc,humongous      ] GC(14) Live humongous region 2 object size 1048592 start 0x00000000e0200000  with remset 0 code roots 0 is marked 0 reclaim candidate 0 type array 1
[2024-12-07T17:08:10.174+0800][2.193s][debug][gc,humongous      ] GC(14) Live humongous region 4 object size 1048592 start 0x00000000e0400000  with remset 0 code roots 0 is marked 0 reclaim candidate 0 type array 1
[2024-12-07T17:08:10.174+0800][2.193s][debug][gc,humongous      ] GC(14) Live humongous region 6 object size 1048592 start 0x00000000e0600000  with remset 0 code roots 0 is marked 0 reclaim candidate 0 type array 1
[2024-12-07T17:08:10.174+0800][2.193s][debug][gc,humongous      ] GC(14) Live humongous region 8 object size 1048592 start 0x00000000e0800000  with remset 0 code roots 0 is marked 0 reclaim candidate 0 type array 1
[2024-12-07T17:08:10.174+0800][2.193s][debug][gc,humongous      ] GC(14) Live humongous region 10 object size 1048592 start 0x00000000e0a00000  with remset 0 code roots 0 is marked 0 reclaim candidate 0 type array 1
[2024-12-07T17:08:10.174+0800][2.193s][debug][gc,humongous      ] GC(14) Live humongous region 12 object size 1048592 start 0x00000000e0c00000  with remset 0 code roots 0 is marked 0 reclaim candidate 0 type array 1
[2024-12-07T17:08:10.174+0800][2.193s][debug][gc,humongous      ] GC(14) Live humongous region 14 object size 1048592 start 0x00000000e0e00000  with remset 0 code roots 0 is marked 0 reclaim candidate 0 type array 1
[2024-12-07T17:08:10.174+0800][2.193s][debug][gc,humongous      ] GC(14) Live humongous region 16 object size 1048592 start 0x00000000e1000000  with remset 0 code roots 0 is marked 0 reclaim candidate 0 type array 1
[2024-12-07T17:08:10.174+0800][2.193s][debug][gc,humongous      ] GC(14) Live humongous region 18 object size 1048592 start 0x00000000e1200000  with remset 0 code roots 0 is marked 0 reclaim candidate 0 type array 1
[2024-12-07T17:08:10.174+0800][2.193s][debug][gc,humongous      ] GC(14) Live humongous region 20 object size 1048592 start 0x00000000e1400000  with remset 0 code roots 0 is marked 0 reclaim candidate 0 type array 1
[2024-12-07T17:08:10.174+0800][2.194s][debug][gc,humongous      ] GC(14) Live humongous region 22 object size 1048592 start 0x00000000e1600000  with remset 0 code roots 0 is marked 0 reclaim candidate 0 type array 1
[2024-12-07T17:08:10.174+0800][2.194s][debug][gc,humongous      ] GC(14) Live humongous region 24 object size 1048592 start 0x00000000e1800000  with remset 0 code roots 0 is marked 0 reclaim candidate 0 type array 1
[2024-12-07T17:08:10.175+0800][2.194s][debug][gc,humongous      ] GC(14) Live humongous region 26 object size 1048592 start 0x00000000e1a00000  with remset 0 code roots 0 is marked 0 reclaim candidate 0 type array 1
[2024-12-07T17:08:10.175+0800][2.194s][debug][gc,humongous      ] GC(14) Live humongous region 28 object size 1048592 start 0x00000000e1c00000  with remset 0 code roots 0 is marked 0 reclaim candidate 0 type array 1
[2024-12-07T17:08:10.175+0800][2.194s][debug][gc,humongous      ] GC(14) Live humongous region 30 object size 1048592 start 0x00000000e1e00000  with remset 0 code roots 0 is marked 0 reclaim candidate 0 type array 1
[2024-12-07T17:08:10.175+0800][2.194s][debug][gc,humongous      ] GC(14) Live humongous region 32 object size 1048592 start 0x00000000e2000000  with remset 0 code roots 0 is marked 0 reclaim candidate 0 type array 1
[2024-12-07T17:08:10.175+0800][2.194s][debug][gc,humongous      ] GC(14) Live humongous region 34 object size 1048592 start 0x00000000e2200000  with remset 0 code roots 0 is marked 0 reclaim candidate 0 type array 1
[2024-12-07T17:08:10.175+0800][2.194s][debug][gc,humongous      ] GC(14) Live humongous region 36 object size 1048592 start 0x00000000e2400000  with remset 0 code roots 0 is marked 0 reclaim candidate 0 type array 1
[2024-12-07T17:08:10.175+0800][2.194s][debug][gc,humongous      ] GC(14) Live humongous region 38 object size 1048592 start 0x00000000e2600000  with remset 0 code roots 0 is marked 0 reclaim candidate 0 type array 1
[2024-12-07T17:08:10.175+0800][2.194s][debug][gc,humongous      ] GC(14) Live humongous region 40 object size 1048592 start 0x00000000e2800000  with remset 0 code roots 0 is marked 0 reclaim candidate 0 type array 1
[2024-12-07T17:08:10.175+0800][2.195s][debug][gc,humongous      ] GC(14) Live humongous region 42 object size 1048592 start 0x00000000e2a00000  with remset 0 code roots 0 is marked 0 reclaim candidate 0 type array 1
[2024-12-07T17:08:10.175+0800][2.195s][debug][gc,humongous      ] GC(14) Live humongous region 44 object size 1048592 start 0x00000000e2c00000  with remset 0 code roots 0 is marked 0 reclaim candidate 0 type array 1
[2024-12-07T17:08:10.176+0800][2.195s][debug][gc,humongous      ] GC(14) Live humongous region 46 object size 1048592 start 0x00000000e2e00000  with remset 0 code roots 0 is marked 0 reclaim candidate 0 type array 1
[2024-12-07T17:08:10.176+0800][2.195s][debug][gc,humongous      ] GC(14) Live humongous region 48 object size 1048592 start 0x00000000e3000000  with remset 0 code roots 0 is marked 0 reclaim candidate 0 type array 1
[2024-12-07T17:08:10.176+0800][2.195s][debug][gc,humongous      ] GC(14) Live humongous region 50 object size 1048592 start 0x00000000e3200000  with remset 0 code roots 0 is marked 0 reclaim candidate 0 type array 1
[2024-12-07T17:08:10.176+0800][2.195s][debug][gc,humongous      ] GC(14) Live humongous region 52 object size 1048592 start 0x00000000e3400000  with remset 0 code roots 0 is marked 0 reclaim candidate 0 type array 1
[2024-12-07T17:08:10.176+0800][2.195s][debug][gc,humongous      ] GC(14) Live humongous region 54 object size 1048592 start 0x00000000e3600000  with remset 0 code roots 0 is marked 0 reclaim candidate 0 type array 1
[2024-12-07T17:08:10.176+0800][2.195s][debug][gc,humongous      ] GC(14) Live humongous region 56 object size 1048592 start 0x00000000e3800000  with remset 0 code roots 0 is marked 0 reclaim candidate 0 type array 1
[2024-12-07T17:08:10.176+0800][2.195s][debug][gc,humongous      ] GC(14) Live humongous region 58 object size 1048592 start 0x00000000e3a00000  with remset 0 code roots 0 is marked 0 reclaim candidate 0 type array 1
[2024-12-07T17:08:10.176+0800][2.195s][debug][gc,humongous      ] GC(14) Live humongous region 60 object size 1048592 start 0x00000000e3c00000  with remset 0 code roots 0 is marked 0 reclaim candidate 0 type array 1
[2024-12-07T17:08:10.176+0800][2.196s][debug][gc,humongous      ] GC(14) Live humongous region 62 object size 1048592 start 0x00000000e3e00000  with remset 0 code roots 0 is marked 0 reclaim candidate 0 type array 1
[2024-12-07T17:08:10.176+0800][2.196s][debug][gc,humongous      ] GC(14) Live humongous region 64 object size 1048592 start 0x00000000e4000000  with remset 0 code roots 0 is marked 0 reclaim candidate 0 type array 1
[2024-12-07T17:08:10.177+0800][2.196s][debug][gc,humongous      ] GC(14) Live humongous region 66 object size 1048592 start 0x00000000e4200000  with remset 0 code roots 0 is marked 0 reclaim candidate 0 type array 1
[2024-12-07T17:08:10.177+0800][2.196s][debug][gc,humongous      ] GC(14) Live humongous region 68 object size 1048592 start 0x00000000e4400000  with remset 0 code roots 0 is marked 0 reclaim candidate 0 type array 1
[2024-12-07T17:08:10.177+0800][2.196s][debug][gc,humongous      ] GC(14) Live humongous region 70 object size 1048592 start 0x00000000e4600000  with remset 0 code roots 0 is marked 0 reclaim candidate 0 type array 1
[2024-12-07T17:08:10.177+0800][2.196s][debug][gc,humongous      ] GC(14) Live humongous region 72 object size 1048592 start 0x00000000e4800000  with remset 0 code roots 0 is marked 0 reclaim candidate 0 type array 1
[2024-12-07T17:08:10.177+0800][2.196s][debug][gc,humongous      ] GC(14) Live humongous region 74 object size 1048592 start 0x00000000e4a00000  with remset 0 code roots 0 is marked 0 reclaim candidate 0 type array 1
[2024-12-07T17:08:10.177+0800][2.196s][debug][gc,humongous      ] GC(14) Live humongous region 76 object size 1048592 start 0x00000000e4c00000  with remset 0 code roots 0 is marked 0 reclaim candidate 0 type array 1
[2024-12-07T17:08:10.177+0800][2.196s][debug][gc,humongous      ] GC(14) Live humongous region 78 object size 1048592 start 0x00000000e4e00000  with remset 0 code roots 0 is marked 0 reclaim candidate 0 type array 1
[2024-12-07T17:08:10.177+0800][2.196s][debug][gc,humongous      ] GC(14) Live humongous region 80 object size 1048592 start 0x00000000e5000000  with remset 0 code roots 0 is marked 0 reclaim candidate 0 type array 1
[2024-12-07T17:08:10.177+0800][2.196s][debug][gc,humongous      ] GC(14) Live humongous region 82 object size 1048592 start 0x00000000e5200000  with remset 0 code roots 0 is marked 0 reclaim candidate 0 type array 1
[2024-12-07T17:08:10.177+0800][2.196s][debug][gc,humongous      ] GC(14) Live humongous region 84 object size 1048592 start 0x00000000e5400000  with remset 0 code roots 0 is marked 0 reclaim candidate 0 type array 1
[2024-12-07T17:08:10.177+0800][2.197s][debug][gc,humongous      ] GC(14) Live humongous region 86 object size 1048592 start 0x00000000e5600000  with remset 0 code roots 0 is marked 0 reclaim candidate 0 type array 1
[2024-12-07T17:08:10.177+0800][2.197s][debug][gc,humongous      ] GC(14) Live humongous region 88 object size 1048592 start 0x00000000e5800000  with remset 0 code roots 0 is marked 0 reclaim candidate 0 type array 1
[2024-12-07T17:08:10.178+0800][2.197s][debug][gc,humongous      ] GC(14) Live humongous region 90 object size 1048592 start 0x00000000e5a00000  with remset 0 code roots 0 is marked 0 reclaim candidate 0 type array 1
[2024-12-07T17:08:10.178+0800][2.197s][debug][gc,humongous      ] GC(14) Live humongous region 92 object size 1048592 start 0x00000000e5c00000  with remset 0 code roots 0 is marked 0 reclaim candidate 0 type array 1
[2024-12-07T17:08:10.178+0800][2.197s][debug][gc,humongous      ] GC(14) Live humongous region 94 object size 1048592 start 0x00000000e5e00000  with remset 0 code roots 0 is marked 0 reclaim candidate 0 type array 1
[2024-12-07T17:08:10.178+0800][2.197s][debug][gc,humongous      ] GC(14) Live humongous region 96 object size 1048592 start 0x00000000e6000000  with remset 0 code roots 0 is marked 0 reclaim candidate 0 type array 1
[2024-12-07T17:08:10.178+0800][2.197s][debug][gc,humongous      ] GC(14) Live humongous region 98 object size 1048592 start 0x00000000e6200000  with remset 0 code roots 0 is marked 0 reclaim candidate 0 type array 1
[2024-12-07T17:08:10.178+0800][2.197s][debug][gc,humongous      ] GC(14) Live humongous region 100 object size 1048592 start 0x00000000e6400000  with remset 0 code roots 0 is marked 0 reclaim candidate 0 type array 1
[2024-12-07T17:08:10.178+0800][2.197s][debug][gc,humongous      ] GC(14) Live humongous region 102 object size 1048592 start 0x00000000e6600000  with remset 0 code roots 0 is marked 0 reclaim candidate 0 type array 1
[2024-12-07T17:08:10.178+0800][2.197s][debug][gc,humongous      ] GC(14) Live humongous region 104 object size 1048592 start 0x00000000e6800000  with remset 0 code roots 0 is marked 0 reclaim candidate 0 type array 1
[2024-12-07T17:08:10.178+0800][2.197s][debug][gc,humongous      ] GC(14) Live humongous region 106 object size 1048592 start 0x00000000e6a00000  with remset 0 code roots 0 is marked 0 reclaim candidate 0 type array 1
[2024-12-07T17:08:10.178+0800][2.198s][debug][gc,humongous      ] GC(14) Live humongous region 108 object size 1048592 start 0x00000000e6c00000  with remset 0 code roots 0 is marked 0 reclaim candidate 0 type array 1
[2024-12-07T17:08:10.178+0800][2.198s][debug][gc,humongous      ] GC(14) Live humongous region 110 object size 1048592 start 0x00000000e6e00000  with remset 0 code roots 0 is marked 0 reclaim candidate 0 type array 1
[2024-12-07T17:08:10.179+0800][2.198s][debug][gc,humongous      ] GC(14) Live humongous region 112 object size 1048592 start 0x00000000e7000000  with remset 0 code roots 0 is marked 0 reclaim candidate 0 type array 1
[2024-12-07T17:08:10.179+0800][2.198s][debug][gc,humongous      ] GC(14) Live humongous region 114 object size 1048592 start 0x00000000e7200000  with remset 0 code roots 0 is marked 0 reclaim candidate 0 type array 1
[2024-12-07T17:08:10.179+0800][2.198s][debug][gc,humongous      ] GC(14) Live humongous region 116 object size 1048592 start 0x00000000e7400000  with remset 0 code roots 0 is marked 0 reclaim candidate 0 type array 1
[2024-12-07T17:08:10.179+0800][2.198s][debug][gc,humongous      ] GC(14) Live humongous region 118 object size 1048592 start 0x00000000e7600000  with remset 0 code roots 0 is marked 0 reclaim candidate 0 type array 1
[2024-12-07T17:08:10.179+0800][2.198s][debug][gc,humongous      ] GC(14) Live humongous region 120 object size 1048592 start 0x00000000e7800000  with remset 0 code roots 0 is marked 0 reclaim candidate 0 type array 1
[2024-12-07T17:08:10.179+0800][2.198s][debug][gc,humongous      ] GC(14) Live humongous region 122 object size 1048592 start 0x00000000e7a00000  with remset 0 code roots 0 is marked 0 reclaim candidate 0 type array 1
[2024-12-07T17:08:10.179+0800][2.198s][debug][gc,humongous      ] GC(14) Live humongous region 124 object size 1048592 start 0x00000000e7c00000  with remset 0 code roots 0 is marked 0 reclaim candidate 0 type array 1
[2024-12-07T17:08:10.179+0800][2.198s][debug][gc,humongous      ] GC(14) Live humongous region 126 object size 1048592 start 0x00000000e7e00000  with remset 0 code roots 0 is marked 0 reclaim candidate 0 type array 1
[2024-12-07T17:08:10.179+0800][2.198s][debug][gc,humongous      ] GC(14) Live humongous region 128 object size 1048592 start 0x00000000e8000000  with remset 0 code roots 0 is marked 0 reclaim candidate 0 type array 1
[2024-12-07T17:08:10.179+0800][2.199s][debug][gc,humongous      ] GC(14) Live humongous region 130 object size 1048592 start 0x00000000e8200000  with remset 0 code roots 0 is marked 0 reclaim candidate 0 type array 1
[2024-12-07T17:08:10.179+0800][2.199s][debug][gc,humongous      ] GC(14) Live humongous region 132 object size 1048592 start 0x00000000e8400000  with remset 0 code roots 0 is marked 0 reclaim candidate 0 type array 1
[2024-12-07T17:08:10.180+0800][2.199s][debug][gc,humongous      ] GC(14) Live humongous region 134 object size 1048592 start 0x00000000e8600000  with remset 0 code roots 0 is marked 0 reclaim candidate 0 type array 1
[2024-12-07T17:08:10.180+0800][2.199s][debug][gc,humongous      ] GC(14) Live humongous region 136 object size 1048592 start 0x00000000e8800000  with remset 0 code roots 0 is marked 0 reclaim candidate 0 type array 1
[2024-12-07T17:08:10.180+0800][2.199s][debug][gc,humongous      ] GC(14) Live humongous region 138 object size 1048592 start 0x00000000e8a00000  with remset 0 code roots 0 is marked 0 reclaim candidate 0 type array 1
[2024-12-07T17:08:10.180+0800][2.199s][debug][gc,humongous      ] GC(14) Live humongous region 140 object size 1048592 start 0x00000000e8c00000  with remset 0 code roots 0 is marked 0 reclaim candidate 0 type array 1
[2024-12-07T17:08:10.180+0800][2.199s][debug][gc,humongous      ] GC(14) Live humongous region 142 object size 1048592 start 0x00000000e8e00000  with remset 0 code roots 0 is marked 0 reclaim candidate 0 type array 1
[2024-12-07T17:08:10.180+0800][2.199s][debug][gc,humongous      ] GC(14) Live humongous region 144 object size 1048592 start 0x00000000e9000000  with remset 0 code roots 0 is marked 0 reclaim candidate 0 type array 1
[2024-12-07T17:08:10.180+0800][2.199s][debug][gc,humongous      ] GC(14) Live humongous region 146 object size 1048592 start 0x00000000e9200000  with remset 0 code roots 0 is marked 0 reclaim candidate 0 type array 1
[2024-12-07T17:08:10.180+0800][2.199s][debug][gc,humongous      ] GC(14) Live humongous region 148 object size 1048592 start 0x00000000e9400000  with remset 0 code roots 0 is marked 0 reclaim candidate 0 type array 1
[2024-12-07T17:08:10.180+0800][2.199s][debug][gc,humongous      ] GC(14) Live humongous region 150 object size 1048592 start 0x00000000e9600000  with remset 0 code roots 0 is marked 0 reclaim candidate 0 type array 1
[2024-12-07T17:08:10.180+0800][2.200s][debug][gc,humongous      ] GC(14) Live humongous region 152 object size 1048592 start 0x00000000e9800000  with remset 0 code roots 0 is marked 0 reclaim candidate 0 type array 1
[2024-12-07T17:08:10.180+0800][2.200s][debug][gc,humongous      ] GC(14) Live humongous region 154 object size 1048592 start 0x00000000e9a00000  with remset 0 code roots 0 is marked 0 reclaim candidate 0 type array 1
[2024-12-07T17:08:10.181+0800][2.200s][debug][gc,humongous      ] GC(14) Live humongous region 156 object size 1048592 start 0x00000000e9c00000  with remset 0 code roots 0 is marked 0 reclaim candidate 0 type array 1
[2024-12-07T17:08:10.181+0800][2.200s][debug][gc,humongous      ] GC(14) Live humongous region 158 object size 1048592 start 0x00000000e9e00000  with remset 0 code roots 0 is marked 0 reclaim candidate 0 type array 1
[2024-12-07T17:08:10.181+0800][2.200s][debug][gc,humongous      ] GC(14) Live humongous region 160 object size 1048592 start 0x00000000ea000000  with remset 0 code roots 0 is marked 0 reclaim candidate 0 type array 1
[2024-12-07T17:08:10.181+0800][2.200s][debug][gc,humongous      ] GC(14) Live humongous region 162 object size 1048592 start 0x00000000ea200000  with remset 0 code roots 0 is marked 0 reclaim candidate 0 type array 1
[2024-12-07T17:08:10.181+0800][2.200s][debug][gc,humongous      ] GC(14) Live humongous region 164 object size 1048592 start 0x00000000ea400000  with remset 0 code roots 0 is marked 0 reclaim candidate 0 type array 1
[2024-12-07T17:08:10.181+0800][2.200s][debug][gc,humongous      ] GC(14) Live humongous region 166 object size 1048592 start 0x00000000ea600000  with remset 0 code roots 0 is marked 0 reclaim candidate 0 type array 1
[2024-12-07T17:08:10.181+0800][2.200s][debug][gc,humongous      ] GC(14) Live humongous region 168 object size 1048592 start 0x00000000ea800000  with remset 0 code roots 0 is marked 0 reclaim candidate 0 type array 1
[2024-12-07T17:08:10.181+0800][2.200s][debug][gc,humongous      ] GC(14) Live humongous region 170 object size 1048592 start 0x00000000eaa00000  with remset 0 code roots 0 is marked 0 reclaim candidate 0 type array 1
[2024-12-07T17:08:10.181+0800][2.201s][debug][gc,humongous      ] GC(14) Live humongous region 172 object size 1048592 start 0x00000000eac00000  with remset 0 code roots 0 is marked 0 reclaim candidate 0 type array 1
[2024-12-07T17:08:10.181+0800][2.201s][debug][gc,humongous      ] GC(14) Live humongous region 174 object size 1048592 start 0x00000000eae00000  with remset 0 code roots 0 is marked 0 reclaim candidate 0 type array 1
[2024-12-07T17:08:10.182+0800][2.201s][debug][gc,humongous      ] GC(14) Live humongous region 176 object size 1048592 start 0x00000000eb000000  with remset 0 code roots 0 is marked 0 reclaim candidate 0 type array 1
[2024-12-07T17:08:10.182+0800][2.201s][debug][gc,humongous      ] GC(14) Live humongous region 178 object size 1048592 start 0x00000000eb200000  with remset 0 code roots 0 is marked 0 reclaim candidate 0 type array 1
[2024-12-07T17:08:10.182+0800][2.201s][debug][gc,humongous      ] GC(14) Live humongous region 180 object size 1048592 start 0x00000000eb400000  with remset 0 code roots 0 is marked 0 reclaim candidate 0 type array 1
[2024-12-07T17:08:10.182+0800][2.201s][debug][gc,humongous      ] GC(14) Live humongous region 182 object size 1048592 start 0x00000000eb600000  with remset 0 code roots 0 is marked 0 reclaim candidate 0 type array 1
[2024-12-07T17:08:10.182+0800][2.201s][debug][gc,humongous      ] GC(14) Live humongous region 184 object size 1048592 start 0x00000000eb800000  with remset 0 code roots 0 is marked 0 reclaim candidate 0 type array 1
[2024-12-07T17:08:10.182+0800][2.201s][debug][gc,humongous      ] GC(14) Live humongous region 186 object size 1048592 start 0x00000000eba00000  with remset 0 code roots 0 is marked 0 reclaim candidate 0 type array 1
[2024-12-07T17:08:10.182+0800][2.201s][debug][gc,humongous      ] GC(14) Live humongous region 188 object size 1048592 start 0x00000000ebc00000  with remset 0 code roots 0 is marked 0 reclaim candidate 0 type array 1
[2024-12-07T17:08:10.182+0800][2.201s][debug][gc,humongous      ] GC(14) Live humongous region 190 object size 1048592 start 0x00000000ebe00000  with remset 0 code roots 0 is marked 0 reclaim candidate 0 type array 1
[2024-12-07T17:08:10.182+0800][2.201s][debug][gc,humongous      ] GC(14) Live humongous region 192 object size 1048592 start 0x00000000ec000000  with remset 0 code roots 0 is marked 0 reclaim candidate 0 type array 1
[2024-12-07T17:08:10.182+0800][2.201s][debug][gc,humongous      ] GC(14) Live humongous region 194 object size 1048592 start 0x00000000ec200000  with remset 0 code roots 0 is marked 0 reclaim candidate 0 type array 1
[2024-12-07T17:08:10.182+0800][2.202s][debug][gc,humongous      ] GC(14) Live humongous region 196 object size 1048592 start 0x00000000ec400000  with remset 0 code roots 0 is marked 0 reclaim candidate 0 type array 1
[2024-12-07T17:08:10.182+0800][2.202s][debug][gc,humongous      ] GC(14) Live humongous region 198 object size 1048592 start 0x00000000ec600000  with remset 0 code roots 0 is marked 0 reclaim candidate 0 type array 1
[2024-12-07T17:08:10.183+0800][2.202s][debug][gc,humongous      ] GC(14) Live humongous region 200 object size 1048592 start 0x00000000ec800000  with remset 0 code roots 0 is marked 0 reclaim candidate 0 type array 1
[2024-12-07T17:08:10.183+0800][2.202s][debug][gc,humongous      ] GC(14) Live humongous region 202 object size 1048592 start 0x00000000eca00000  with remset 0 code roots 0 is marked 0 reclaim candidate 0 type array 1
[2024-12-07T17:08:10.183+0800][2.202s][debug][gc,humongous      ] GC(14) Live humongous region 204 object size 1048592 start 0x00000000ecc00000  with remset 0 code roots 0 is marked 0 reclaim candidate 0 type array 1
[2024-12-07T17:08:10.183+0800][2.202s][debug][gc,humongous      ] GC(14) Live humongous region 206 object size 1048592 start 0x00000000ece00000  with remset 0 code roots 0 is marked 0 reclaim candidate 0 type array 1
[2024-12-07T17:08:10.183+0800][2.202s][debug][gc,humongous      ] GC(14) Live humongous region 208 object size 1048592 start 0x00000000ed000000  with remset 0 code roots 0 is marked 0 reclaim candidate 0 type array 1
[2024-12-07T17:08:10.183+0800][2.202s][debug][gc,humongous      ] GC(14) Live humongous region 210 object size 1048592 start 0x00000000ed200000  with remset 0 code roots 0 is marked 0 reclaim candidate 0 type array 1
[2024-12-07T17:08:10.183+0800][2.202s][debug][gc,humongous      ] GC(14) Live humongous region 212 object size 1048592 start 0x00000000ed400000  with remset 0 code roots 0 is marked 0 reclaim candidate 0 type array 1
[2024-12-07T17:08:10.183+0800][2.202s][debug][gc,humongous      ] GC(14) Live humongous region 214 object size 1048592 start 0x00000000ed600000  with remset 0 code roots 0 is marked 0 reclaim candidate 0 type array 1
[2024-12-07T17:08:10.183+0800][2.202s][debug][gc,humongous      ] GC(14) Live humongous region 216 object size 1048592 start 0x00000000ed800000  with remset 0 code roots 0 is marked 0 reclaim candidate 0 type array 1
[2024-12-07T17:08:10.183+0800][2.203s][debug][gc,humongous      ] GC(14) Live humongous region 218 object size 1048592 start 0x00000000eda00000  with remset 0 code roots 0 is marked 0 reclaim candidate 0 type array 1
[2024-12-07T17:08:10.183+0800][2.203s][debug][gc,humongous      ] GC(14) Live humongous region 220 object size 1048592 start 0x00000000edc00000  with remset 0 code roots 0 is marked 0 reclaim candidate 0 type array 1
[2024-12-07T17:08:10.184+0800][2.203s][debug][gc,humongous      ] GC(14) Live humongous region 222 object size 1048592 start 0x00000000ede00000  with remset 0 code roots 0 is marked 0 reclaim candidate 0 type array 1
[2024-12-07T17:08:10.184+0800][2.203s][debug][gc,humongous      ] GC(14) Live humongous region 224 object size 1048592 start 0x00000000ee000000  with remset 0 code roots 0 is marked 0 reclaim candidate 0 type array 1
[2024-12-07T17:08:10.184+0800][2.203s][debug][gc,humongous      ] GC(14) Live humongous region 226 object size 1048592 start 0x00000000ee200000  with remset 0 code roots 0 is marked 0 reclaim candidate 0 type array 1
[2024-12-07T17:08:10.184+0800][2.203s][debug][gc,humongous      ] GC(14) Live humongous region 228 object size 1048592 start 0x00000000ee400000  with remset 0 code roots 0 is marked 0 reclaim candidate 0 type array 1
[2024-12-07T17:08:10.184+0800][2.203s][debug][gc,humongous      ] GC(14) Live humongous region 230 object size 1048592 start 0x00000000ee600000  with remset 0 code roots 0 is marked 0 reclaim candidate 0 type array 1
[2024-12-07T17:08:10.184+0800][2.203s][debug][gc,humongous      ] GC(14) Live humongous region 232 object size 1048592 start 0x00000000ee800000  with remset 0 code roots 0 is marked 0 reclaim candidate 0 type array 1
[2024-12-07T17:08:10.184+0800][2.203s][debug][gc,humongous      ] GC(14) Live humongous region 234 object size 1048592 start 0x00000000eea00000  with remset 0 code roots 0 is marked 0 reclaim candidate 0 type array 1
[2024-12-07T17:08:10.184+0800][2.204s][debug][gc,humongous      ] GC(14) Live humongous region 236 object size 1048592 start 0x00000000eec00000  with remset 0 code roots 0 is marked 0 reclaim candidate 0 type array 1
[2024-12-07T17:08:10.185+0800][2.204s][debug][gc,humongous      ] GC(14) Live humongous region 238 object size 1048592 start 0x00000000eee00000  with remset 0 code roots 0 is marked 0 reclaim candidate 0 type array 1
[2024-12-07T17:08:10.185+0800][2.204s][debug][gc,humongous      ] GC(14) Live humongous region 240 object size 1048592 start 0x00000000ef000000  with remset 0 code roots 0 is marked 0 reclaim candidate 0 type array 1
[2024-12-07T17:08:10.185+0800][2.204s][debug][gc,humongous      ] GC(14) Live humongous region 242 object size 1048592 start 0x00000000ef200000  with remset 0 code roots 0 is marked 0 reclaim candidate 0 type array 1
[2024-12-07T17:08:10.185+0800][2.204s][debug][gc,humongous      ] GC(14) Live humongous region 244 object size 1048592 start 0x00000000ef400000  with remset 0 code roots 0 is marked 0 reclaim candidate 0 type array 1
[2024-12-07T17:08:10.185+0800][2.204s][debug][gc,humongous      ] GC(14) Live humongous region 246 object size 1048592 start 0x00000000ef600000  with remset 0 code roots 0 is marked 0 reclaim candidate 0 type array 1
[2024-12-07T17:08:10.185+0800][2.204s][debug][gc,humongous      ] GC(14) Live humongous region 248 object size 1048592 start 0x00000000ef800000  with remset 0 code roots 0 is marked 0 reclaim candidate 0 type array 1
[2024-12-07T17:08:10.185+0800][2.204s][debug][gc,humongous      ] GC(14) Live humongous region 250 object size 1048592 start 0x00000000efa00000  with remset 0 code roots 0 is marked 0 reclaim candidate 0 type array 1
[2024-12-07T17:08:10.185+0800][2.205s][debug][gc,humongous      ] GC(14) Live humongous region 252 object size 1048592 start 0x00000000efc00000  with remset 0 code roots 0 is marked 0 reclaim candidate 0 type array 1
[2024-12-07T17:08:10.185+0800][2.205s][debug][gc,humongous      ] GC(14) Live humongous region 254 object size 1048592 start 0x00000000efe00000  with remset 0 code roots 0 is marked 0 reclaim candidate 0 type array 1
[2024-12-07T17:08:10.186+0800][2.205s][debug][gc,humongous      ] GC(14) Live humongous region 256 object size 1048592 start 0x00000000f0000000  with remset 0 code roots 0 is marked 0 reclaim candidate 0 type array 1
[2024-12-07T17:08:10.186+0800][2.205s][debug][gc,humongous      ] GC(14) Live humongous region 258 object size 1048592 start 0x00000000f0200000  with remset 0 code roots 0 is marked 0 reclaim candidate 0 type array 1
[2024-12-07T17:08:10.186+0800][2.205s][debug][gc,humongous      ] GC(14) Live humongous region 260 object size 1048592 start 0x00000000f0400000  with remset 0 code roots 0 is marked 0 reclaim candidate 0 type array 1
[2024-12-07T17:08:10.186+0800][2.205s][debug][gc,humongous      ] GC(14) Live humongous region 262 object size 1048592 start 0x00000000f0600000  with remset 0 code roots 0 is marked 0 reclaim candidate 0 type array 1
[2024-12-07T17:08:10.186+0800][2.205s][debug][gc,humongous      ] GC(14) Live humongous region 264 object size 1048592 start 0x00000000f0800000  with remset 0 code roots 0 is marked 0 reclaim candidate 0 type array 1
[2024-12-07T17:08:10.186+0800][2.205s][debug][gc,humongous      ] GC(14) Live humongous region 266 object size 1048592 start 0x00000000f0a00000  with remset 0 code roots 0 is marked 0 reclaim candidate 0 type array 1
[2024-12-07T17:08:10.186+0800][2.205s][debug][gc,humongous      ] GC(14) Live humongous region 268 object size 1048592 start 0x00000000f0c00000  with remset 0 code roots 0 is marked 0 reclaim candidate 0 type array 1
[2024-12-07T17:08:10.186+0800][2.205s][debug][gc,humongous      ] GC(14) Live humongous region 270 object size 1048592 start 0x00000000f0e00000  with remset 0 code roots 0 is marked 0 reclaim candidate 0 type array 1
[2024-12-07T17:08:10.186+0800][2.206s][debug][gc,humongous      ] GC(14) Live humongous region 272 object size 1048592 start 0x00000000f1000000  with remset 0 code roots 0 is marked 0 reclaim candidate 0 type array 1
[2024-12-07T17:08:10.186+0800][2.206s][debug][gc,humongous      ] GC(14) Live humongous region 274 object size 1048592 start 0x00000000f1200000  with remset 0 code roots 0 is marked 0 reclaim candidate 0 type array 1
[2024-12-07T17:08:10.187+0800][2.206s][debug][gc,humongous      ] GC(14) Live humongous region 276 object size 1048592 start 0x00000000f1400000  with remset 0 code roots 0 is marked 0 reclaim candidate 0 type array 1
[2024-12-07T17:08:10.187+0800][2.206s][debug][gc,humongous      ] GC(14) Live humongous region 278 object size 1048592 start 0x00000000f1600000  with remset 0 code roots 0 is marked 0 reclaim candidate 0 type array 1
[2024-12-07T17:08:10.187+0800][2.206s][debug][gc,humongous      ] GC(14) Live humongous region 280 object size 1048592 start 0x00000000f1800000  with remset 0 code roots 0 is marked 0 reclaim candidate 0 type array 1
[2024-12-07T17:08:10.187+0800][2.206s][debug][gc,humongous      ] GC(14) Live humongous region 282 object size 1048592 start 0x00000000f1a00000  with remset 0 code roots 0 is marked 0 reclaim candidate 0 type array 1
[2024-12-07T17:08:10.187+0800][2.206s][debug][gc,humongous      ] GC(14) Live humongous region 284 object size 1048592 start 0x00000000f1c00000  with remset 0 code roots 0 is marked 0 reclaim candidate 0 type array 1
[2024-12-07T17:08:10.187+0800][2.206s][debug][gc,humongous      ] GC(14) Live humongous region 286 object size 1048592 start 0x00000000f1e00000  with remset 0 code roots 0 is marked 0 reclaim candidate 0 type array 1
[2024-12-07T17:08:10.187+0800][2.206s][debug][gc,humongous      ] GC(14) Live humongous region 288 object size 1048592 start 0x00000000f2000000  with remset 0 code roots 0 is marked 0 reclaim candidate 0 type array 1
[2024-12-07T17:08:10.187+0800][2.206s][debug][gc,humongous      ] GC(14) Live humongous region 290 object size 1048592 start 0x00000000f2200000  with remset 0 code roots 0 is marked 0 reclaim candidate 0 type array 1
[2024-12-07T17:08:10.187+0800][2.206s][debug][gc,humongous      ] GC(14) Live humongous region 292 object size 1048592 start 0x00000000f2400000  with remset 0 code roots 0 is marked 0 reclaim candidate 0 type array 1
[2024-12-07T17:08:10.187+0800][2.207s][debug][gc,humongous      ] GC(14) Live humongous region 294 object size 1048592 start 0x00000000f2600000  with remset 0 code roots 0 is marked 0 reclaim candidate 0 type array 1
[2024-12-07T17:08:10.187+0800][2.207s][debug][gc,humongous      ] GC(14) Live humongous region 296 object size 1048592 start 0x00000000f2800000  with remset 0 code roots 0 is marked 0 reclaim candidate 0 type array 1
[2024-12-07T17:08:10.188+0800][2.207s][debug][gc,humongous      ] GC(14) Live humongous region 298 object size 1048592 start 0x00000000f2a00000  with remset 0 code roots 0 is marked 0 reclaim candidate 0 type array 1
[2024-12-07T17:08:10.188+0800][2.207s][debug][gc,humongous      ] GC(14) Live humongous region 300 object size 1048592 start 0x00000000f2c00000  with remset 0 code roots 0 is marked 0 reclaim candidate 0 type array 1
[2024-12-07T17:08:10.188+0800][2.207s][debug][gc,humongous      ] GC(14) Live humongous region 302 object size 1048592 start 0x00000000f2e00000  with remset 0 code roots 0 is marked 0 reclaim candidate 0 type array 1
[2024-12-07T17:08:10.188+0800][2.207s][debug][gc,humongous      ] GC(14) Live humongous region 304 object size 1048592 start 0x00000000f3000000  with remset 0 code roots 0 is marked 0 reclaim candidate 0 type array 1
[2024-12-07T17:08:10.188+0800][2.207s][debug][gc,humongous      ] GC(14) Live humongous region 306 object size 1048592 start 0x00000000f3200000  with remset 0 code roots 0 is marked 0 reclaim candidate 0 type array 1
[2024-12-07T17:08:10.188+0800][2.207s][debug][gc,humongous      ] GC(14) Live humongous region 308 object size 1048592 start 0x00000000f3400000  with remset 0 code roots 0 is marked 0 reclaim candidate 0 type array 1
[2024-12-07T17:08:10.188+0800][2.207s][debug][gc,humongous      ] GC(14) Live humongous region 310 object size 1048592 start 0x00000000f3600000  with remset 0 code roots 0 is marked 0 reclaim candidate 0 type array 1
[2024-12-07T17:08:10.188+0800][2.207s][debug][gc,humongous      ] GC(14) Live humongous region 312 object size 1048592 start 0x00000000f3800000  with remset 0 code roots 0 is marked 0 reclaim candidate 0 type array 1
[2024-12-07T17:08:10.188+0800][2.207s][debug][gc,humongous      ] GC(14) Live humongous region 314 object size 1048592 start 0x00000000f3a00000  with remset 0 code roots 0 is marked 0 reclaim candidate 0 type array 1
[2024-12-07T17:08:10.188+0800][2.208s][debug][gc,humongous      ] GC(14) Live humongous region 316 object size 1048592 start 0x00000000f3c00000  with remset 0 code roots 0 is marked 0 reclaim candidate 0 type array 1
[2024-12-07T17:08:10.188+0800][2.208s][debug][gc,humongous      ] GC(14) Live humongous region 318 object size 1048592 start 0x00000000f3e00000  with remset 0 code roots 0 is marked 0 reclaim candidate 0 type array 1
[2024-12-07T17:08:10.189+0800][2.208s][debug][gc,humongous      ] GC(14) Live humongous region 320 object size 1048592 start 0x00000000f4000000  with remset 0 code roots 0 is marked 0 reclaim candidate 0 type array 1
[2024-12-07T17:08:10.189+0800][2.208s][debug][gc,humongous      ] GC(14) Live humongous region 322 object size 1048592 start 0x00000000f4200000  with remset 0 code roots 0 is marked 0 reclaim candidate 0 type array 1
[2024-12-07T17:08:10.189+0800][2.208s][debug][gc,humongous      ] GC(14) Live humongous region 324 object size 1048592 start 0x00000000f4400000  with remset 0 code roots 0 is marked 0 reclaim candidate 0 type array 1
[2024-12-07T17:08:10.189+0800][2.208s][debug][gc,humongous      ] GC(14) Live humongous region 326 object size 1048592 start 0x00000000f4600000  with remset 0 code roots 0 is marked 0 reclaim candidate 0 type array 1
[2024-12-07T17:08:10.189+0800][2.208s][debug][gc,humongous      ] GC(14) Live humongous region 328 object size 1048592 start 0x00000000f4800000  with remset 0 code roots 0 is marked 0 reclaim candidate 0 type array 1
[2024-12-07T17:08:10.189+0800][2.208s][debug][gc,humongous      ] GC(14) Live humongous region 330 object size 1048592 start 0x00000000f4a00000  with remset 0 code roots 0 is marked 0 reclaim candidate 0 type array 1
[2024-12-07T17:08:10.189+0800][2.208s][debug][gc,humongous      ] GC(14) Live humongous region 332 object size 1048592 start 0x00000000f4c00000  with remset 0 code roots 0 is marked 0 reclaim candidate 0 type array 1
[2024-12-07T17:08:10.189+0800][2.208s][debug][gc,humongous      ] GC(14) Live humongous region 334 object size 1048592 start 0x00000000f4e00000  with remset 0 code roots 0 is marked 0 reclaim candidate 0 type array 1
[2024-12-07T17:08:10.189+0800][2.209s][debug][gc,humongous      ] GC(14) Live humongous region 336 object size 1048592 start 0x00000000f5000000  with remset 0 code roots 0 is marked 0 reclaim candidate 0 type array 1
[2024-12-07T17:08:10.189+0800][2.209s][debug][gc,humongous      ] GC(14) Live humongous region 338 object size 1048592 start 0x00000000f5200000  with remset 0 code roots 0 is marked 0 reclaim candidate 0 type array 1
[2024-12-07T17:08:10.190+0800][2.209s][debug][gc,humongous      ] GC(14) Live humongous region 340 object size 1048592 start 0x00000000f5400000  with remset 0 code roots 0 is marked 0 reclaim candidate 0 type array 1
[2024-12-07T17:08:10.190+0800][2.209s][debug][gc,humongous      ] GC(14) Live humongous region 342 object size 1048592 start 0x00000000f5600000  with remset 0 code roots 0 is marked 0 reclaim candidate 0 type array 1
[2024-12-07T17:08:10.190+0800][2.209s][debug][gc,humongous      ] GC(14) Live humongous region 344 object size 1048592 start 0x00000000f5800000  with remset 0 code roots 0 is marked 0 reclaim candidate 0 type array 1
[2024-12-07T17:08:10.190+0800][2.209s][debug][gc,humongous      ] GC(14) Live humongous region 346 object size 1048592 start 0x00000000f5a00000  with remset 0 code roots 0 is marked 0 reclaim candidate 0 type array 1
[2024-12-07T17:08:10.190+0800][2.209s][debug][gc,humongous      ] GC(14) Live humongous region 348 object size 1048592 start 0x00000000f5c00000  with remset 0 code roots 0 is marked 0 reclaim candidate 0 type array 1
[2024-12-07T17:08:10.190+0800][2.209s][debug][gc,humongous      ] GC(14) Live humongous region 350 object size 1048592 start 0x00000000f5e00000  with remset 0 code roots 0 is marked 0 reclaim candidate 0 type array 1
[2024-12-07T17:08:10.190+0800][2.209s][debug][gc,humongous      ] GC(14) Live humongous region 352 object size 1048592 start 0x00000000f6000000  with remset 0 code roots 0 is marked 0 reclaim candidate 0 type array 1
[2024-12-07T17:08:10.190+0800][2.209s][debug][gc,humongous      ] GC(14) Live humongous region 354 object size 1048592 start 0x00000000f6200000  with remset 0 code roots 0 is marked 0 reclaim candidate 0 type array 1
[2024-12-07T17:08:10.190+0800][2.209s][debug][gc,humongous      ] GC(14) Live humongous region 356 object size 1048592 start 0x00000000f6400000  with remset 0 code roots 0 is marked 0 reclaim candidate 0 type array 1
[2024-12-07T17:08:10.190+0800][2.209s][debug][gc,humongous      ] GC(14) Live humongous region 358 object size 1048592 start 0x00000000f6600000  with remset 0 code roots 0 is marked 0 reclaim candidate 0 type array 1
[2024-12-07T17:08:10.190+0800][2.210s][debug][gc,plab           ] GC(14) Young PLAB allocation: allocated: 408432B, wasted: 2016B, unused: 35584B, used: 370832B, undo waste: 0B, 
[2024-12-07T17:08:10.190+0800][2.210s][debug][gc,plab           ] GC(14) Young other allocation: region end waste: 0B, regions filled: 1, direct allocated: 67304B, failure used: 0B, failure wasted: 0B
[2024-12-07T17:08:10.191+0800][2.210s][debug][gc,plab           ] GC(14) Young sizing: calculated: 74160B, actual: 73920B
[2024-12-07T17:08:10.191+0800][2.210s][debug][gc,plab           ] GC(14) Old PLAB allocation: allocated: 0B, wasted: 0B, unused: 0B, used: 0B, undo waste: 0B, 
[2024-12-07T17:08:10.191+0800][2.210s][debug][gc,plab           ] GC(14) Old other allocation: region end waste: 0B, regions filled: 0, direct allocated: 0B, failure used: 0B, failure wasted: 0B
[2024-12-07T17:08:10.191+0800][2.210s][debug][gc,plab           ] GC(14) Old sizing: calculated: 0B, actual: 2064B
[2024-12-07T17:08:10.191+0800][2.210s][debug][gc,alloc,stats    ] Old generation allocation in the last mutator period, old gen allocated: 0B, humongous allocated: 20971520B,old gen growth: 20971520B.
[2024-12-07T17:08:10.191+0800][2.210s][debug][gc,ihop           ] GC(14) Basic information (value update), threshold: 236873318B (45.00), target occupancy: 526385152B, current occupancy: 378700376B, recent allocation size: 20971520B, recent allocation duration: 102.58ms, recent old gen allocation rate: 204445761.78B/s, recent marking phase length: 0.00ms
[2024-12-07T17:08:10.191+0800][2.210s][debug][gc,ihop           ] GC(14) Adaptive IHOP information (value update), threshold: 236873318B (51.91), internal target occupancy: 456340275B, occupancy: 378700376B, additional buffer size: 49283072B, predicted old gen allocation rate: 199408762.16B/s, predicted marking phase length: 0.00ms, prediction active: false
[2024-12-07T17:08:10.191+0800][2.210s][debug][gc,ergo,refine    ] GC(14) Updated Refinement Zones: green: 18, yellow: 54, red: 90
[2024-12-07T17:08:10.191+0800][2.210s][info ][gc,phases         ] GC(14)   Pre Evacuate Collection Set: 0.3ms
[2024-12-07T17:08:10.191+0800][2.211s][debug][gc,phases         ] GC(14)     Prepare TLABs: 0.2ms
[2024-12-07T17:08:10.191+0800][2.211s][debug][gc,phases         ] GC(14)     Choose Collection Set: 0.3ms
[2024-12-07T17:08:10.192+0800][2.211s][debug][gc,phases         ] GC(14)     Humongous Register: 0.0ms
[2024-12-07T17:08:10.192+0800][2.211s][debug][gc,phases         ] GC(14)     Clear Claimed Marks: 0.0ms
[2024-12-07T17:08:10.192+0800][2.211s][info ][gc,phases         ] GC(14)   Evacuate Collection Set: 5.6ms
[2024-12-07T17:08:10.192+0800][2.211s][debug][gc,phases         ] GC(14)     Ext Root Scanning (ms):   Min:  0.1, Avg:  0.4, Max:  1.8, Diff:  1.7, Sum:  4.9, Workers: 12
[2024-12-07T17:08:10.192+0800][2.211s][debug][gc,phases         ] GC(14)     Update RS (ms):           Min:  0.0, Avg:  0.2, Max:  0.8, Diff:  0.8, Sum:  2.9, Workers: 12
[2024-12-07T17:08:10.192+0800][2.211s][debug][gc,phases         ] GC(14)       Processed Buffers:        Min: 0, Avg:  0.5, Max: 1, Diff: 1, Sum: 6, Workers: 12
[2024-12-07T17:08:10.192+0800][2.211s][debug][gc,phases         ] GC(14)       Scanned Cards:            Min: 0, Avg: 18.5, Max: 61, Diff: 61, Sum: 222, Workers: 12
[2024-12-07T17:08:10.192+0800][2.211s][debug][gc,phases         ] GC(14)       Skipped Cards:            Min: 0, Avg: 10.2, Max: 70, Diff: 70, Sum: 123, Workers: 12
[2024-12-07T17:08:10.192+0800][2.212s][debug][gc,phases         ] GC(14)     Scan RS (ms):             Min:  0.0, Avg:  0.2, Max:  1.0, Diff:  1.0, Sum:  2.0, Workers: 12
[2024-12-07T17:08:10.192+0800][2.212s][debug][gc,phases         ] GC(14)       Scanned Cards:            Min: 0, Avg:  7.8, Max: 34, Diff: 34, Sum: 94, Workers: 12
[2024-12-07T17:08:10.193+0800][2.212s][debug][gc,phases         ] GC(14)       Claimed Cards:            Min: 0, Avg: 18.5, Max: 128, Diff: 128, Sum: 222, Workers: 12
[2024-12-07T17:08:10.193+0800][2.212s][debug][gc,phases         ] GC(14)       Skipped Cards:            Min: 0, Avg: 55.5, Max: 222, Diff: 222, Sum: 666, Workers: 12
[2024-12-07T17:08:10.193+0800][2.212s][debug][gc,phases         ] GC(14)     Code Root Scanning (ms):  Min:  0.0, Avg:  0.0, Max:  0.1, Diff:  0.1, Sum:  0.1, Workers: 12
[2024-12-07T17:08:10.193+0800][2.212s][debug][gc,phases         ] GC(14)     AOT Root Scanning (ms):   skipped
[2024-12-07T17:08:10.193+0800][2.212s][debug][gc,phases         ] GC(14)     Object Copy (ms):         Min:  0.0, Avg:  0.1, Max:  0.5, Diff:  0.5, Sum:  1.5, Workers: 12
[2024-12-07T17:08:10.193+0800][2.212s][debug][gc,phases         ] GC(14)     Termination (ms):         Min:  0.0, Avg:  1.0, Max:  1.3, Diff:  1.3, Sum: 12.0, Workers: 12
[2024-12-07T17:08:10.193+0800][2.212s][debug][gc,phases         ] GC(14)       Termination Attempts:     Min: 1, Avg: 16.0, Max: 34, Diff: 33, Sum: 192, Workers: 12
[2024-12-07T17:08:10.193+0800][2.212s][debug][gc,phases         ] GC(14)     GC Worker Other (ms):     Min:  0.2, Avg:  1.3, Max:  2.7, Diff:  2.5, Sum: 15.3, Workers: 12
[2024-12-07T17:08:10.193+0800][2.212s][debug][gc,phases         ] GC(14)     GC Worker Total (ms):     Min:  2.0, Avg:  3.2, Max:  4.7, Diff:  2.7, Sum: 38.5, Workers: 12
[2024-12-07T17:08:10.193+0800][2.213s][info ][gc,phases         ] GC(14)   Post Evacuate Collection Set: 17.6ms
[2024-12-07T17:08:10.193+0800][2.213s][debug][gc,phases         ] GC(14)     Code Roots Fixup: 0.0ms
[2024-12-07T17:08:10.194+0800][2.213s][debug][gc,phases         ] GC(14)     Clear Card Table: 0.1ms
[2024-12-07T17:08:10.194+0800][2.213s][debug][gc,phases         ] GC(14)     Reference Processing: 0.3ms
[2024-12-07T17:08:10.194+0800][2.213s][debug][gc,phases,ref     ] GC(14)       Reconsider SoftReferences: 0.1ms
[2024-12-07T17:08:10.194+0800][2.213s][debug][gc,phases,ref     ] GC(14)         SoftRef (ms):             skipped
[2024-12-07T17:08:10.194+0800][2.213s][debug][gc,phases,ref     ] GC(14)       Notify Soft/WeakReferences: 0.0ms
[2024-12-07T17:08:10.194+0800][2.213s][debug][gc,phases,ref     ] GC(14)         SoftRef (ms):             Min:  0.0, Avg:  0.0, Max:  0.0, Diff:  0.0, Sum:  0.0, Workers: 1
[2024-12-07T17:08:10.194+0800][2.213s][debug][gc,phases,ref     ] GC(14)         WeakRef (ms):             Min:  0.0, Avg:  0.0, Max:  0.0, Diff:  0.0, Sum:  0.0, Workers: 1
[2024-12-07T17:08:10.194+0800][2.213s][debug][gc,phases,ref     ] GC(14)         FinalRef (ms):            Min:  0.0, Avg:  0.0, Max:  0.0, Diff:  0.0, Sum:  0.0, Workers: 1
[2024-12-07T17:08:10.194+0800][2.213s][debug][gc,phases,ref     ] GC(14)         Total (ms):               Min:  0.0, Avg:  0.0, Max:  0.0, Diff:  0.0, Sum:  0.0, Workers: 1
[2024-12-07T17:08:10.194+0800][2.213s][debug][gc,phases,ref     ] GC(14)       Notify and keep alive finalizable: 0.1ms
[2024-12-07T17:08:10.194+0800][2.214s][debug][gc,phases,ref     ] GC(14)         FinalRef (ms):            skipped
[2024-12-07T17:08:10.194+0800][2.214s][debug][gc,phases,ref     ] GC(14)       Notify PhantomReferences: 0.0ms
[2024-12-07T17:08:10.195+0800][2.214s][debug][gc,phases,ref     ] GC(14)         PhantomRef (ms):          Min:  0.0, Avg:  0.0, Max:  0.0, Diff:  0.0, Sum:  0.0, Workers: 1
[2024-12-07T17:08:10.195+0800][2.214s][debug][gc,phases,ref     ] GC(14)       SoftReference:
[2024-12-07T17:08:10.195+0800][2.214s][debug][gc,phases,ref     ] GC(14)         Discovered: 0
[2024-12-07T17:08:10.195+0800][2.214s][debug][gc,phases,ref     ] GC(14)         Cleared: 0
[2024-12-07T17:08:10.195+0800][2.214s][debug][gc,phases,ref     ] GC(14)       WeakReference:
[2024-12-07T17:08:10.195+0800][2.214s][debug][gc,phases,ref     ] GC(14)         Discovered: 16
[2024-12-07T17:08:10.195+0800][2.214s][debug][gc,phases,ref     ] GC(14)         Cleared: 16
[2024-12-07T17:08:10.195+0800][2.214s][debug][gc,phases,ref     ] GC(14)       FinalReference:
[2024-12-07T17:08:10.195+0800][2.214s][debug][gc,phases,ref     ] GC(14)         Discovered: 0
[2024-12-07T17:08:10.195+0800][2.215s][debug][gc,phases,ref     ] GC(14)         Cleared: 0
[2024-12-07T17:08:10.195+0800][2.215s][debug][gc,phases,ref     ] GC(14)       PhantomReference:
[2024-12-07T17:08:10.196+0800][2.215s][debug][gc,phases,ref     ] GC(14)         Discovered: 5
[2024-12-07T17:08:10.196+0800][2.215s][debug][gc,phases,ref     ] GC(14)         Cleared: 5
[2024-12-07T17:08:10.196+0800][2.215s][debug][gc,phases         ] GC(14)     Weak Processing: 0.0ms
[2024-12-07T17:08:10.196+0800][2.215s][debug][gc,phases         ] GC(14)     Merge Per-Thread State: 0.0ms
[2024-12-07T17:08:10.196+0800][2.215s][debug][gc,phases         ] GC(14)     Code Roots Purge: 0.0ms
[2024-12-07T17:08:10.196+0800][2.215s][debug][gc,phases         ] GC(14)     Redirty Cards: 0.1ms
[2024-12-07T17:08:10.196+0800][2.215s][debug][gc,phases         ] GC(14)     DerivedPointerTable Update: 0.0ms
[2024-12-07T17:08:10.196+0800][2.215s][debug][gc,phases         ] GC(14)     Free Collection Set: 0.1ms
[2024-12-07T17:08:10.196+0800][2.215s][debug][gc,phases         ] GC(14)     Humongous Reclaim: 17.0ms
[2024-12-07T17:08:10.196+0800][2.215s][debug][gc,phases         ] GC(14)     Start New Collection Set: 0.0ms
[2024-12-07T17:08:10.196+0800][2.216s][debug][gc,phases         ] GC(14)     Resize TLABs: 0.0ms
[2024-12-07T17:08:10.196+0800][2.216s][debug][gc,phases         ] GC(14)     Expand Heap After Collection: 0.0ms
[2024-12-07T17:08:10.197+0800][2.216s][info ][gc,phases         ] GC(14)   Other: 2.9ms
[2024-12-07T17:08:10.197+0800][2.216s][info ][gc,heap           ] GC(14) Eden regions: 1->0(46)
[2024-12-07T17:08:10.197+0800][2.216s][info ][gc,heap           ] GC(14) Survivor regions: 1->1(8)
[2024-12-07T17:08:10.197+0800][2.216s][info ][gc,heap           ] GC(14) Old regions: 2->2
[2024-12-07T17:08:10.197+0800][2.216s][info ][gc,heap           ] GC(14) Humongous regions: 360->360
[2024-12-07T17:08:10.197+0800][2.216s][info ][gc,metaspace      ] GC(14) Metaspace: 558K(4864K)->558K(4864K) NonClass: 512K(4352K)->512K(4352K) Class: 46K(512K)->46K(512K)
[2024-12-07T17:08:10.197+0800][2.216s][debug][gc,heap           ] GC(14) Heap after GC invocations=15 (full 0): garbage-first heap   total 516096K, used 369824K [0x00000000e0000000, 0x0000000100000000)
[2024-12-07T17:08:10.197+0800][2.216s][debug][gc,heap           ] GC(14)   region size 1024K, 1 young (1024K), 1 survivors (1024K)
[2024-12-07T17:08:10.197+0800][2.217s][debug][gc,heap           ] GC(14)  Metaspace       used 558K, capacity 4570K, committed 4864K, reserved 1056768K
[2024-12-07T17:08:10.197+0800][2.217s][debug][gc,heap           ] GC(14)   class space    used 46K, capacity 419K, committed 512K, reserved 1048576K
[2024-12-07T17:08:10.198+0800][2.217s][info ][gc                ] GC(14) Pause Young (Concurrent Start) (G1 Humongous Allocation) 361M->361M(504M) 31.851ms
[2024-12-07T17:08:10.198+0800][2.217s][info ][gc,cpu            ] GC(14) User=0.02s Sys=0.00s Real=0.03s
[2024-12-07T17:08:10.198+0800][2.217s][info ][gc                ] GC(15) Concurrent Cycle
[2024-12-07T17:08:10.198+0800][2.217s][info ][gc,marking        ] GC(15) Concurrent Clear Claimed Marks
[2024-12-07T17:08:10.198+0800][2.217s][info ][gc,marking        ] GC(15) Concurrent Clear Claimed Marks 0.099ms
[2024-12-07T17:08:10.198+0800][2.217s][info ][gc,marking        ] GC(15) Concurrent Scan Root Regions
[2024-12-07T17:08:10.198+0800][2.217s][debug][gc,ergo           ] GC(15) Running G1 Root Region Scan using 1 workers for 1 work units.
[2024-12-07T17:08:10.199+0800][2.218s][info ][gc,marking        ] GC(15) Concurrent Scan Root Regions 0.488ms
[2024-12-07T17:08:10.199+0800][2.218s][info ][gc,marking        ] GC(15) Concurrent Mark (2.218s)
[2024-12-07T17:08:10.199+0800][2.218s][info ][gc,marking        ] GC(15) Concurrent Mark From Roots
[2024-12-07T17:08:10.199+0800][2.218s][info ][gc,task           ] GC(15) Using 5 workers of 5 for marking
[2024-12-07T17:08:10.199+0800][2.219s][debug][gc,stats          ] ---------------------------------------------------------------------
[2024-12-07T17:08:10.200+0800][2.219s][debug][gc,stats          ] Marking Stats, task = 0, calls = 1
[2024-12-07T17:08:10.200+0800][2.219s][debug][gc,stats          ]   Elapsed time = 0.43ms, Termination time = 0.00ms
[2024-12-07T17:08:10.200+0800][2.219s][debug][gc,stats          ]   Step Times (cum): num = 726, avg = 0.01ms, sd = 0.12ms max = 2.63ms, total = 5.24ms
[2024-12-07T17:08:10.200+0800][2.219s][debug][gc,stats          ]   Mark Stats Cache: hits 6905 misses 181 ratio 97.446
[2024-12-07T17:08:10.200+0800][2.219s][debug][gc,stats          ] ---------------------------------------------------------------------
[2024-12-07T17:08:10.200+0800][2.219s][debug][gc,stats          ] Marking Stats, task = 1, calls = 35
[2024-12-07T17:08:10.200+0800][2.219s][debug][gc,stats          ]   Elapsed time = 0.43ms, Termination time = 0.00ms
[2024-12-07T17:08:10.200+0800][2.219s][debug][gc,stats          ]   Step Times (cum): num = 214, avg = 0.02ms, sd = 0.22ms max = 2.64ms, total = 5.11ms
[2024-12-07T17:08:10.200+0800][2.219s][debug][gc,stats          ]   Mark Stats Cache: hits 530 misses 2 ratio 99.624
[2024-12-07T17:08:10.200+0800][2.220s][debug][gc,stats          ] ---------------------------------------------------------------------
[2024-12-07T17:08:10.200+0800][2.220s][debug][gc,stats          ] Marking Stats, task = 2, calls = 30
[2024-12-07T17:08:10.201+0800][2.220s][debug][gc,stats          ]   Elapsed time = 0.42ms, Termination time = 0.00ms
[2024-12-07T17:08:10.201+0800][2.220s][debug][gc,stats          ]   Step Times (cum): num = 271, avg = 0.02ms, sd = 0.18ms max = 2.65ms, total = 4.67ms
[2024-12-07T17:08:10.201+0800][2.220s][debug][gc,stats          ]   Mark Stats Cache: hits 572 misses 2 ratio 99.652
[2024-12-07T17:08:10.201+0800][2.220s][debug][gc,stats          ] ---------------------------------------------------------------------
[2024-12-07T17:08:10.201+0800][2.220s][debug][gc,stats          ] Marking Stats, task = 3, calls = 28
[2024-12-07T17:08:10.201+0800][2.220s][debug][gc,stats          ]   Elapsed time = 0.41ms, Termination time = 0.00ms
[2024-12-07T17:08:10.201+0800][2.220s][debug][gc,stats          ]   Step Times (cum): num = 209, avg = 0.02ms, sd = 0.22ms max = 2.63ms, total = 5.09ms
[2024-12-07T17:08:10.201+0800][2.220s][debug][gc,stats          ]   Mark Stats Cache: hits 641 misses 2 ratio 99.689
[2024-12-07T17:08:10.201+0800][2.220s][debug][gc,stats          ] ---------------------------------------------------------------------
[2024-12-07T17:08:10.201+0800][2.221s][debug][gc,stats          ] Marking Stats, task = 4, calls = 24
[2024-12-07T17:08:10.202+0800][2.221s][debug][gc,stats          ]   Elapsed time = 0.41ms, Termination time = 0.00ms
[2024-12-07T17:08:10.202+0800][2.221s][debug][gc,stats          ]   Step Times (cum): num = 222, avg = 0.02ms, sd = 0.20ms max = 2.66ms, total = 4.55ms
[2024-12-07T17:08:10.202+0800][2.221s][debug][gc,stats          ]   Mark Stats Cache: hits 1837 misses 1 ratio 99.946
[2024-12-07T17:08:10.202+0800][2.221s][debug][gc,stats          ] ---------------------------------------------------------------------
[2024-12-07T17:08:10.202+0800][2.221s][info ][gc,marking        ] GC(15) Concurrent Mark From Roots 3.350ms
[2024-12-07T17:08:10.202+0800][2.221s][info ][gc,marking        ] GC(15) Concurrent Preclean
[2024-12-07T17:08:10.202+0800][2.221s][debug][gc,ref,start      ] GC(15) Preclean SoftReferences
[2024-12-07T17:08:10.202+0800][2.222s][debug][gc,ref            ] GC(15) Preclean SoftReferences 0.128ms
[2024-12-07T17:08:10.203+0800][2.222s][debug][gc,ref,start      ] GC(15) Preclean WeakReferences
[2024-12-07T17:08:10.203+0800][2.222s][debug][gc,ref            ] GC(15) Preclean WeakReferences 0.115ms
[2024-12-07T17:08:10.203+0800][2.222s][debug][gc,ref,start      ] GC(15) Preclean FinalReferences
[2024-12-07T17:08:10.203+0800][2.222s][debug][gc,ref            ] GC(15) Preclean FinalReferences 0.108ms
[2024-12-07T17:08:10.203+0800][2.222s][debug][gc,ref,start      ] GC(15) Preclean PhantomReferences
[2024-12-07T17:08:10.203+0800][2.222s][debug][gc,ref            ] GC(15) Preclean PhantomReferences 0.108ms
[2024-12-07T17:08:10.203+0800][2.222s][info ][gc,marking        ] GC(15) Concurrent Preclean 0.973ms
[2024-12-07T17:08:10.203+0800][2.222s][info ][gc,marking        ] GC(15) Concurrent Mark (2.218s, 2.222s) 4.625ms
[2024-12-07T17:08:10.204+0800][2.223s][info ][gc,start          ] GC(15) Pause Remark
[2024-12-07T17:08:10.204+0800][2.223s][debug][gc,phases,start   ] GC(15) Finalize Marking
[2024-12-07T17:08:10.205+0800][2.224s][debug][gc,stats          ] ---------------------------------------------------------------------
[2024-12-07T17:08:10.205+0800][2.224s][debug][gc,stats          ] Marking Stats, task = 0, calls = 74
[2024-12-07T17:08:10.205+0800][2.224s][debug][gc,stats          ]   Elapsed time = 1.16ms, Termination time = 0.82ms
[2024-12-07T17:08:10.205+0800][2.224s][debug][gc,stats          ]   Step Times (cum): num = 799, avg = 0.01ms, sd = 0.12ms max = 2.63ms, total = 6.06ms
[2024-12-07T17:08:10.205+0800][2.225s][debug][gc,stats          ]   Mark Stats Cache: hits 6905 misses 181 ratio 97.446
[2024-12-07T17:08:10.206+0800][2.225s][debug][gc,stats          ] ---------------------------------------------------------------------
[2024-12-07T17:08:10.206+0800][2.225s][debug][gc,stats          ] Marking Stats, task = 1, calls = 36
[2024-12-07T17:08:10.206+0800][2.225s][debug][gc,stats          ]   Elapsed time = 1.23ms, Termination time = 0.82ms
[2024-12-07T17:08:10.206+0800][2.225s][debug][gc,stats          ]   Step Times (cum): num = 215, avg = 0.03ms, sd = 0.23ms max = 2.64ms, total = 5.93ms
[2024-12-07T17:08:10.206+0800][2.225s][debug][gc,stats          ]   Mark Stats Cache: hits 530 misses 2 ratio 99.624
[2024-12-07T17:08:10.206+0800][2.226s][debug][gc,stats          ] ---------------------------------------------------------------------
[2024-12-07T17:08:10.207+0800][2.226s][debug][gc,stats          ] Marking Stats, task = 2, calls = 31
[2024-12-07T17:08:10.207+0800][2.226s][debug][gc,stats          ]   Elapsed time = 1.14ms, Termination time = 0.82ms
[2024-12-07T17:08:10.207+0800][2.226s][debug][gc,stats          ]   Step Times (cum): num = 272, avg = 0.02ms, sd = 0.19ms max = 2.65ms, total = 5.48ms
[2024-12-07T17:08:10.207+0800][2.226s][debug][gc,stats          ]   Mark Stats Cache: hits 572 misses 2 ratio 99.652
[2024-12-07T17:08:10.207+0800][2.226s][debug][gc,stats          ] ---------------------------------------------------------------------
[2024-12-07T17:08:10.207+0800][2.226s][debug][gc,stats          ] Marking Stats, task = 3, calls = 29
[2024-12-07T17:08:10.207+0800][2.227s][debug][gc,stats          ]   Elapsed time = 1.14ms, Termination time = 0.81ms
[2024-12-07T17:08:10.207+0800][2.227s][debug][gc,stats          ]   Step Times (cum): num = 210, avg = 0.03ms, sd = 0.23ms max = 2.63ms, total = 5.90ms
[2024-12-07T17:08:10.208+0800][2.227s][debug][gc,stats          ]   Mark Stats Cache: hits 641 misses 2 ratio 99.689
[2024-12-07T17:08:10.208+0800][2.227s][debug][gc,stats          ] ---------------------------------------------------------------------
[2024-12-07T17:08:10.208+0800][2.227s][debug][gc,stats          ] Marking Stats, task = 4, calls = 25
[2024-12-07T17:08:10.208+0800][2.227s][debug][gc,stats          ]   Elapsed time = 1.11ms, Termination time = 0.99ms
[2024-12-07T17:08:10.208+0800][2.227s][debug][gc,stats          ]   Step Times (cum): num = 223, avg = 0.02ms, sd = 0.21ms max = 2.66ms, total = 5.54ms
[2024-12-07T17:08:10.208+0800][2.228s][debug][gc,stats          ]   Mark Stats Cache: hits 1837 misses 1 ratio 99.946
[2024-12-07T17:08:10.209+0800][2.228s][debug][gc,stats          ] ---------------------------------------------------------------------
[2024-12-07T17:08:10.209+0800][2.228s][debug][gc,stats          ] Marking Stats, task = 5, calls = 1
[2024-12-07T17:08:10.209+0800][2.228s][debug][gc,stats          ]   Elapsed time = 1.15ms, Termination time = 0.82ms
[2024-12-07T17:08:10.209+0800][2.228s][debug][gc,stats          ]   Step Times (cum): num = 8, avg = 0.64ms, sd = 0.87ms max = 2.65ms, total = 5.11ms
[2024-12-07T17:08:10.209+0800][2.228s][debug][gc,stats          ]   Mark Stats Cache: hits 0 misses 0 ratio 0.000
[2024-12-07T17:08:10.209+0800][2.228s][debug][gc,stats          ] ---------------------------------------------------------------------
[2024-12-07T17:08:10.209+0800][2.228s][debug][gc,stats          ] Marking Stats, task = 6, calls = 1
[2024-12-07T17:08:10.209+0800][2.229s][debug][gc,stats          ]   Elapsed time = 1.15ms, Termination time = 0.82ms
[2024-12-07T17:08:10.209+0800][2.229s][debug][gc,stats          ]   Step Times (cum): num = 8, avg = 0.70ms, sd = 0.92ms max = 2.64ms, total = 5.57ms
[2024-12-07T17:08:10.210+0800][2.229s][debug][gc,stats          ]   Mark Stats Cache: hits 0 misses 0 ratio 0.000
[2024-12-07T17:08:10.210+0800][2.229s][debug][gc,stats          ] ---------------------------------------------------------------------
[2024-12-07T17:08:10.210+0800][2.229s][debug][gc,stats          ] Marking Stats, task = 7, calls = 1
[2024-12-07T17:08:10.210+0800][2.229s][debug][gc,stats          ]   Elapsed time = 1.14ms, Termination time = 0.82ms
[2024-12-07T17:08:10.210+0800][2.229s][debug][gc,stats          ]   Step Times (cum): num = 8, avg = 0.66ms, sd = 0.92ms max = 2.80ms, total = 5.28ms
[2024-12-07T17:08:10.210+0800][2.229s][debug][gc,stats          ]   Mark Stats Cache: hits 0 misses 0 ratio 0.000
[2024-12-07T17:08:10.210+0800][2.229s][debug][gc,stats          ] ---------------------------------------------------------------------
[2024-12-07T17:08:10.210+0800][2.229s][debug][gc,stats          ] Marking Stats, task = 8, calls = 1
[2024-12-07T17:08:10.210+0800][2.229s][debug][gc,stats          ]   Elapsed time = 1.05ms, Termination time = 0.94ms
[2024-12-07T17:08:10.210+0800][2.230s][debug][gc,stats          ]   Step Times (cum): num = 8, avg = 0.70ms, sd = 0.90ms max = 2.66ms, total = 5.63ms
[2024-12-07T17:08:10.210+0800][2.230s][debug][gc,stats          ]   Mark Stats Cache: hits 0 misses 0 ratio 0.000
[2024-12-07T17:08:10.211+0800][2.230s][debug][gc,stats          ] ---------------------------------------------------------------------
[2024-12-07T17:08:10.211+0800][2.230s][debug][gc,stats          ] Marking Stats, task = 9, calls = 1
[2024-12-07T17:08:10.211+0800][2.230s][debug][gc,stats          ]   Elapsed time = 1.05ms, Termination time = 0.94ms
[2024-12-07T17:08:10.211+0800][2.230s][debug][gc,stats          ]   Step Times (cum): num = 8, avg = 0.69ms, sd = 0.93ms max = 2.78ms, total = 5.54ms
[2024-12-07T17:08:10.211+0800][2.230s][debug][gc,stats          ]   Mark Stats Cache: hits 0 misses 0 ratio 0.000
[2024-12-07T17:08:10.211+0800][2.230s][debug][gc,stats          ] ---------------------------------------------------------------------
[2024-12-07T17:08:10.211+0800][2.230s][debug][gc,stats          ] Marking Stats, task = 10, calls = 1
[2024-12-07T17:08:10.211+0800][2.230s][debug][gc,stats          ]   Elapsed time = 1.16ms, Termination time = 0.82ms
[2024-12-07T17:08:10.211+0800][2.230s][debug][gc,stats          ]   Step Times (cum): num = 8, avg = 0.27ms, sd = 0.48ms max = 1.32ms, total = 2.14ms
[2024-12-07T17:08:10.211+0800][2.230s][debug][gc,stats          ]   Mark Stats Cache: hits 0 misses 0 ratio 0.000
[2024-12-07T17:08:10.211+0800][2.231s][debug][gc,stats          ] ---------------------------------------------------------------------
[2024-12-07T17:08:10.211+0800][2.231s][debug][gc,stats          ] Marking Stats, task = 11, calls = 1
[2024-12-07T17:08:10.212+0800][2.231s][debug][gc,stats          ]   Elapsed time = 0.00ms, Termination time = 0.00ms
[2024-12-07T17:08:10.212+0800][2.231s][debug][gc,stats          ]   Step Times (cum): num = 8, avg = 0.00ms, sd = 0.00ms max = 0.00ms, total = 0.00ms
[2024-12-07T17:08:10.212+0800][2.231s][debug][gc,stats          ]   Mark Stats Cache: hits 0 misses 0 ratio 0.000
[2024-12-07T17:08:10.212+0800][2.231s][debug][gc,stats          ] ---------------------------------------------------------------------
[2024-12-07T17:08:10.212+0800][2.231s][debug][gc,phases         ] GC(15) Finalize Marking 8.396ms
[2024-12-07T17:08:10.212+0800][2.231s][debug][gc,phases,start   ] GC(15) Reference Processing
[2024-12-07T17:08:10.212+0800][2.231s][debug][gc,ref            ] GC(15) Skipped phase1 of Reference Processing due to unavailable references
[2024-12-07T17:08:10.212+0800][2.231s][debug][gc,ref            ] GC(15) Skipped phase2 of Reference Processing due to unavailable references
[2024-12-07T17:08:10.212+0800][2.232s][debug][gc,ref            ] GC(15) Skipped phase3 of Reference Processing due to unavailable references
[2024-12-07T17:08:10.212+0800][2.232s][debug][gc,ref            ] GC(15) Skipped phase4 of Reference Processing due to unavailable references
[2024-12-07T17:08:10.212+0800][2.232s][debug][gc,phases,ref     ] GC(15) Reference Processing: 0.3ms
[2024-12-07T17:08:10.213+0800][2.232s][debug][gc,phases,ref     ] GC(15)   Reconsider SoftReferences: 0.1ms
[2024-12-07T17:08:10.213+0800][2.232s][debug][gc,phases,ref     ] GC(15)     SoftRef (ms):             skipped
[2024-12-07T17:08:10.213+0800][2.232s][debug][gc,phases,ref     ] GC(15)   Notify Soft/WeakReferences: 0.1ms
[2024-12-07T17:08:10.213+0800][2.232s][debug][gc,phases,ref     ] GC(15)     SoftRef (ms):             skipped
[2024-12-07T17:08:10.213+0800][2.232s][debug][gc,phases,ref     ] GC(15)     WeakRef (ms):             skipped
[2024-12-07T17:08:10.213+0800][2.232s][debug][gc,phases,ref     ] GC(15)     FinalRef (ms):            skipped
[2024-12-07T17:08:10.213+0800][2.232s][debug][gc,phases,ref     ] GC(15)     Total (ms):               skipped
[2024-12-07T17:08:10.213+0800][2.232s][debug][gc,phases,ref     ] GC(15)   Notify and keep alive finalizable: 0.1ms
[2024-12-07T17:08:10.213+0800][2.232s][debug][gc,phases,ref     ] GC(15)     FinalRef (ms):            skipped
[2024-12-07T17:08:10.213+0800][2.232s][debug][gc,phases,ref     ] GC(15)   Notify PhantomReferences: 0.1ms
[2024-12-07T17:08:10.213+0800][2.233s][debug][gc,phases,ref     ] GC(15)     PhantomRef (ms):          skipped
[2024-12-07T17:08:10.213+0800][2.233s][debug][gc,phases,ref     ] GC(15)   SoftReference:
[2024-12-07T17:08:10.214+0800][2.233s][debug][gc,phases,ref     ] GC(15)     Discovered: 0
[2024-12-07T17:08:10.214+0800][2.233s][debug][gc,phases,ref     ] GC(15)     Cleared: 0
[2024-12-07T17:08:10.214+0800][2.233s][debug][gc,phases,ref     ] GC(15)   WeakReference:
[2024-12-07T17:08:10.214+0800][2.233s][debug][gc,phases,ref     ] GC(15)     Discovered: 0
[2024-12-07T17:08:10.214+0800][2.233s][debug][gc,phases,ref     ] GC(15)     Cleared: 0
[2024-12-07T17:08:10.214+0800][2.233s][debug][gc,phases,ref     ] GC(15)   FinalReference:
[2024-12-07T17:08:10.214+0800][2.233s][debug][gc,phases,ref     ] GC(15)     Discovered: 0
[2024-12-07T17:08:10.214+0800][2.233s][debug][gc,phases,ref     ] GC(15)     Cleared: 0
[2024-12-07T17:08:10.214+0800][2.233s][debug][gc,phases,ref     ] GC(15)   PhantomReference:
[2024-12-07T17:08:10.214+0800][2.234s][debug][gc,phases,ref     ] GC(15)     Discovered: 0
[2024-12-07T17:08:10.214+0800][2.234s][debug][gc,phases,ref     ] GC(15)     Cleared: 0
[2024-12-07T17:08:10.215+0800][2.234s][debug][gc,phases         ] GC(15) Reference Processing 2.478ms
[2024-12-07T17:08:10.215+0800][2.234s][debug][gc,phases,start   ] GC(15) Weak Processing
[2024-12-07T17:08:10.215+0800][2.234s][debug][gc,phases         ] GC(15) Weak Processing 0.084ms
[2024-12-07T17:08:10.215+0800][2.234s][debug][gc,phases,start   ] GC(15) Class Unloading
[2024-12-07T17:08:10.215+0800][2.234s][debug][gc,phases,start   ] GC(15) ClassLoaderData
[2024-12-07T17:08:10.215+0800][2.234s][debug][gc,phases         ] GC(15) ClassLoaderData 0.087ms
[2024-12-07T17:08:10.215+0800][2.234s][debug][gc,phases,start   ] GC(15) ProtectionDomainCacheTable
[2024-12-07T17:08:10.215+0800][2.234s][debug][gc,phases         ] GC(15) ProtectionDomainCacheTable 0.080ms
[2024-12-07T17:08:10.215+0800][2.235s][info ][gc,stringtable    ] GC(15) Cleaned string and symbol table, strings: 39 processed, 0 removed, symbols: 191 processed, 0 removed
[2024-12-07T17:08:10.216+0800][2.235s][debug][gc,phases         ] GC(15) Class Unloading 0.788ms
[2024-12-07T17:08:10.216+0800][2.235s][debug][gc,phases,start   ] GC(15) Flush Task Caches
[2024-12-07T17:08:10.216+0800][2.235s][debug][gc,stats          ] Mark stats cache hits 10485 misses 188 ratio 98.239
[2024-12-07T17:08:10.216+0800][2.235s][debug][gc,phases         ] GC(15) Flush Task Caches 0.186ms
[2024-12-07T17:08:10.216+0800][2.235s][debug][gc,phases,start   ] GC(15) Update Remembered Set Tracking Before Rebuild
[2024-12-07T17:08:10.216+0800][2.235s][debug][gc,ergo           ] GC(15) Running G1 Update RemSet Tracking Before Rebuild using 2 workers for 504 regions in heap
[2024-12-07T17:08:10.216+0800][2.235s][debug][gc,remset,tracking] GC(15) Remembered Set Tracking update regions total 504, selected 0
[2024-12-07T17:08:10.216+0800][2.235s][debug][gc,phases         ] GC(15) Update Remembered Set Tracking Before Rebuild 0.299ms
[2024-12-07T17:08:10.216+0800][2.236s][debug][gc,phases,start   ] GC(15) Reclaim Empty Regions
[2024-12-07T17:08:10.216+0800][2.236s][debug][gc,phases         ] GC(15) Reclaim Empty Regions 0.165ms
[2024-12-07T17:08:10.217+0800][2.236s][debug][gc,phases,start   ] GC(15) Purge Metaspace
[2024-12-07T17:08:10.217+0800][2.236s][debug][gc,phases         ] GC(15) Purge Metaspace 0.082ms
[2024-12-07T17:08:10.217+0800][2.236s][debug][gc,phases,start   ] GC(15) Report Object Count
[2024-12-07T17:08:10.217+0800][2.236s][debug][gc,phases         ] GC(15) Report Object Count 0.080ms
[2024-12-07T17:08:10.217+0800][2.236s][info ][gc                ] GC(15) Pause Remark 381M->381M(504M) 13.404ms
[2024-12-07T17:08:10.217+0800][2.236s][info ][gc,cpu            ] GC(15) User=0.01s Sys=0.00s Real=0.02s
[2024-12-07T17:08:10.217+0800][2.236s][info ][gc,marking        ] GC(15) Concurrent Rebuild Remembered Sets
[2024-12-07T17:08:10.217+0800][2.237s][info ][gc,marking        ] GC(15) Concurrent Rebuild Remembered Sets 0.278ms
[2024-12-07T17:08:10.218+0800][2.237s][info ][gc,start          ] GC(15) Pause Cleanup
[2024-12-07T17:08:10.218+0800][2.237s][debug][gc,phases,start   ] GC(15) Update Remembered Set Tracking After Rebuild
[2024-12-07T17:08:10.218+0800][2.237s][debug][gc,phases         ] GC(15) Update Remembered Set Tracking After Rebuild 0.088ms
[2024-12-07T17:08:10.218+0800][2.237s][debug][gc,phases,start   ] GC(15) Finalize Concurrent Mark Cleanup
[2024-12-07T17:08:10.218+0800][2.237s][debug][gc,ergo           ] GC(15) request young-only gcs (candidate old regions not available)
[2024-12-07T17:08:10.218+0800][2.237s][debug][gc,phases         ] GC(15) Finalize Concurrent Mark Cleanup 0.275ms
[2024-12-07T17:08:10.218+0800][2.237s][info ][gc                ] GC(15) Pause Cleanup 381M->381M(504M) 0.609ms
[2024-12-07T17:08:10.218+0800][2.237s][info ][gc,cpu            ] GC(15) User=0.00s Sys=0.00s Real=0.00s
[2024-12-07T17:08:10.218+0800][2.238s][info ][gc,marking        ] GC(15) Concurrent Cleanup for Next Mark
[2024-12-07T17:08:10.218+0800][2.238s][debug][gc,ergo           ] GC(15) Running G1 Clear Bitmap with 5 workers for 8 work units.
[2024-12-07T17:08:10.219+0800][2.238s][info ][gc,marking        ] GC(15) Concurrent Cleanup for Next Mark 0.592ms
[2024-12-07T17:08:10.219+0800][2.238s][info ][gc                ] GC(15) Concurrent Cycle 21.368ms
[2024-12-07T17:08:10.304+0800][2.323s][debug][gc,ergo,ihop      ] Request concurrent cycle initiation (occupancy higher than threshold) occupancy: 400556032B allocation request: 1048592B threshold: 236873318B (44.82) source: concurrent humongous allocation
[2024-12-07T17:08:10.304+0800][2.323s][debug][gc,ergo           ] Request concurrent cycle initiation (requested by GC cause). GC cause: G1 Humongous Allocation
[2024-12-07T17:08:10.304+0800][2.324s][debug][gc,heap           ] GC(16) Heap before GC invocations=16 (full 0): garbage-first heap   total 516096K, used 390304K [0x00000000e0000000, 0x0000000100000000)
[2024-12-07T17:08:10.305+0800][2.324s][debug][gc,heap           ] GC(16)   region size 1024K, 2 young (2048K), 1 survivors (1024K)
[2024-12-07T17:08:10.305+0800][2.324s][debug][gc,heap           ] GC(16)  Metaspace       used 558K, capacity 4570K, committed 4864K, reserved 1056768K
[2024-12-07T17:08:10.305+0800][2.324s][debug][gc,heap           ] GC(16)   class space    used 46K, capacity 419K, committed 512K, reserved 1048576K
[2024-12-07T17:08:10.305+0800][2.324s][debug][gc,ergo           ] GC(16) Initiate concurrent cycle (concurrent cycle initiation requested)
[2024-12-07T17:08:10.305+0800][2.325s][info ][gc,start          ] GC(16) Pause Young (Concurrent Start) (G1 Humongous Allocation)
[2024-12-07T17:08:10.306+0800][2.325s][info ][gc,task           ] GC(16) Using 12 workers of 18 for evacuation
[2024-12-07T17:08:10.306+0800][2.325s][debug][gc,tlab           ] GC(16) TLAB totals: thrds: 1  refills: 1 max: 1 slow allocs: 1 max 1 waste: 100.0% gc: 524128B max: 524128B slow: 0B max: 0B fast: 0B max: 0B
[2024-12-07T17:08:10.306+0800][2.325s][debug][gc,alloc,region   ] GC(16) Mutator Allocation stats, regions: 1, wasted size: 0B ( 0.0%)
[2024-12-07T17:08:10.306+0800][2.325s][debug][gc,age            ] GC(16) Desired survivor size 3145728 bytes, new threshold 15 (max threshold 15)
[2024-12-07T17:08:10.306+0800][2.325s][debug][gc,ergo,cset      ] GC(16) Finish choosing CSet. old: 0 regions, predicted old region time: 0.00ms, time remaining: 181.81
[2024-12-07T17:08:10.306+0800][2.326s][debug][gc,task,stats     ] GC(16) GC Termination Stats
[2024-12-07T17:08:10.307+0800][2.326s][debug][gc,task,stats     ] GC(16)      elapsed  --strong roots-- -------termination------- ------waste (KiB)------
[2024-12-07T17:08:10.307+0800][2.326s][debug][gc,task,stats     ] GC(16) thr     ms        ms      %        ms      %    attempts  total   alloc    undo
[2024-12-07T17:08:10.307+0800][2.327s][debug][gc,task,stats     ] GC(16) --- --------- --------- ------ --------- ------ -------- ------- ------- -------
[2024-12-07T17:08:10.314+0800][2.333s][debug][gc,task,stats     ] GC(16)   9      5.54      5.53  99.78      0.00   0.01        1       0       0       0
[2024-12-07T17:08:10.314+0800][2.334s][debug][gc,task,stats     ] GC(16)   3      6.52      1.15  17.61      4.62  70.84       22       0       0       0
[2024-12-07T17:08:10.315+0800][2.334s][debug][gc,task,stats     ] GC(16)   0      7.23      1.62  22.47      4.45  61.61        7       1       1       0
[2024-12-07T17:08:10.316+0800][2.335s][debug][gc,task,stats     ] GC(16)   4      7.73      1.74  22.53      4.27  55.25        2       0       0       0
[2024-12-07T17:08:10.316+0800][2.335s][debug][gc,task,stats     ] GC(16)   2      7.92      2.32  29.31      3.73  47.10        1       0       0       0
[2024-12-07T17:08:10.316+0800][2.335s][debug][gc,task,stats     ] GC(16)  11      7.92      0.65   8.22      4.65  58.70       33       0       0       0
[2024-12-07T17:08:10.316+0800][2.335s][debug][gc,task,stats     ] GC(16)   6      8.13      2.20  27.06      3.75  46.13        1       0       0       0
[2024-12-07T17:08:10.316+0800][2.335s][debug][gc,task,stats     ] GC(16)   1      8.35      0.86  10.34      4.73  56.59       33       0       0       0
[2024-12-07T17:08:10.316+0800][2.335s][debug][gc,task,stats     ] GC(16)   7      8.38      1.75  20.92      4.07  48.54        3       0       0       0
[2024-12-07T17:08:10.316+0800][2.336s][debug][gc,task,stats     ] GC(16)   5      8.54      0.79   9.24      4.57  53.54       30       0       0       0
[2024-12-07T17:08:10.317+0800][2.336s][debug][gc,task,stats     ] GC(16)   8      8.61      1.50  17.42      4.17  48.42       12       0       0       0
[2024-12-07T17:08:10.317+0800][2.336s][debug][gc,task,stats     ] GC(16)  10      8.70      1.38  15.84      4.11  47.19       11       0       0       0
[2024-12-07T17:08:10.317+0800][2.336s][debug][gc,ergo           ] GC(16) Running G1 Clear Card Table Task using 1 workers for 1 units of work for 3 regions.
[2024-12-07T17:08:10.317+0800][2.336s][debug][gc,ref            ] GC(16) Skipped phase1 of Reference Processing due to unavailable references
[2024-12-07T17:08:10.317+0800][2.336s][debug][gc,ref            ] GC(16) Skipped phase3 of Reference Processing due to unavailable references
[2024-12-07T17:08:10.317+0800][2.336s][debug][gc,ergo           ] GC(16) Running G1 Free Collection Set using 1 workers for collection set length 2
[2024-12-07T17:08:10.317+0800][2.337s][debug][gc,humongous      ] GC(16) Live humongous region 0 object size 1048592 start 0x00000000e0000000  with remset 0 code roots 0 is marked 0 reclaim candidate 0 type array 1
[2024-12-07T17:08:10.317+0800][2.337s][debug][gc,humongous      ] GC(16) Live humongous region 2 object size 1048592 start 0x00000000e0200000  with remset 0 code roots 0 is marked 0 reclaim candidate 0 type array 1
[2024-12-07T17:08:10.318+0800][2.337s][debug][gc,humongous      ] GC(16) Live humongous region 4 object size 1048592 start 0x00000000e0400000  with remset 0 code roots 0 is marked 0 reclaim candidate 0 type array 1
[2024-12-07T17:08:10.318+0800][2.337s][debug][gc,humongous      ] GC(16) Live humongous region 6 object size 1048592 start 0x00000000e0600000  with remset 0 code roots 0 is marked 0 reclaim candidate 0 type array 1
[2024-12-07T17:08:10.318+0800][2.337s][debug][gc,humongous      ] GC(16) Live humongous region 8 object size 1048592 start 0x00000000e0800000  with remset 0 code roots 0 is marked 0 reclaim candidate 0 type array 1
[2024-12-07T17:08:10.318+0800][2.337s][debug][gc,humongous      ] GC(16) Live humongous region 10 object size 1048592 start 0x00000000e0a00000  with remset 0 code roots 0 is marked 0 reclaim candidate 0 type array 1
[2024-12-07T17:08:10.318+0800][2.337s][debug][gc,humongous      ] GC(16) Live humongous region 12 object size 1048592 start 0x00000000e0c00000  with remset 0 code roots 0 is marked 0 reclaim candidate 0 type array 1
[2024-12-07T17:08:10.318+0800][2.337s][debug][gc,humongous      ] GC(16) Live humongous region 14 object size 1048592 start 0x00000000e0e00000  with remset 0 code roots 0 is marked 0 reclaim candidate 0 type array 1
[2024-12-07T17:08:10.318+0800][2.337s][debug][gc,humongous      ] GC(16) Live humongous region 16 object size 1048592 start 0x00000000e1000000  with remset 0 code roots 0 is marked 0 reclaim candidate 0 type array 1
[2024-12-07T17:08:10.318+0800][2.337s][debug][gc,humongous      ] GC(16) Live humongous region 18 object size 1048592 start 0x00000000e1200000  with remset 0 code roots 0 is marked 0 reclaim candidate 0 type array 1
[2024-12-07T17:08:10.318+0800][2.337s][debug][gc,humongous      ] GC(16) Live humongous region 20 object size 1048592 start 0x00000000e1400000  with remset 0 code roots 0 is marked 0 reclaim candidate 0 type array 1
[2024-12-07T17:08:10.318+0800][2.337s][debug][gc,humongous      ] GC(16) Live humongous region 22 object size 1048592 start 0x00000000e1600000  with remset 0 code roots 0 is marked 0 reclaim candidate 0 type array 1
[2024-12-07T17:08:10.318+0800][2.338s][debug][gc,humongous      ] GC(16) Live humongous region 24 object size 1048592 start 0x00000000e1800000  with remset 0 code roots 0 is marked 0 reclaim candidate 0 type array 1
[2024-12-07T17:08:10.318+0800][2.338s][debug][gc,humongous      ] GC(16) Live humongous region 26 object size 1048592 start 0x00000000e1a00000  with remset 0 code roots 0 is marked 0 reclaim candidate 0 type array 1
[2024-12-07T17:08:10.318+0800][2.338s][debug][gc,humongous      ] GC(16) Live humongous region 28 object size 1048592 start 0x00000000e1c00000  with remset 0 code roots 0 is marked 0 reclaim candidate 0 type array 1
[2024-12-07T17:08:10.319+0800][2.338s][debug][gc,humongous      ] GC(16) Live humongous region 30 object size 1048592 start 0x00000000e1e00000  with remset 0 code roots 0 is marked 0 reclaim candidate 0 type array 1
[2024-12-07T17:08:10.319+0800][2.338s][debug][gc,humongous      ] GC(16) Live humongous region 32 object size 1048592 start 0x00000000e2000000  with remset 0 code roots 0 is marked 0 reclaim candidate 0 type array 1
[2024-12-07T17:08:10.319+0800][2.338s][debug][gc,humongous      ] GC(16) Live humongous region 34 object size 1048592 start 0x00000000e2200000  with remset 0 code roots 0 is marked 0 reclaim candidate 0 type array 1
[2024-12-07T17:08:10.319+0800][2.338s][debug][gc,humongous      ] GC(16) Live humongous region 36 object size 1048592 start 0x00000000e2400000  with remset 0 code roots 0 is marked 0 reclaim candidate 0 type array 1
[2024-12-07T17:08:10.319+0800][2.338s][debug][gc,humongous      ] GC(16) Live humongous region 38 object size 1048592 start 0x00000000e2600000  with remset 0 code roots 0 is marked 0 reclaim candidate 0 type array 1
[2024-12-07T17:08:10.319+0800][2.338s][debug][gc,humongous      ] GC(16) Live humongous region 40 object size 1048592 start 0x00000000e2800000  with remset 0 code roots 0 is marked 0 reclaim candidate 0 type array 1
[2024-12-07T17:08:10.319+0800][2.338s][debug][gc,humongous      ] GC(16) Live humongous region 42 object size 1048592 start 0x00000000e2a00000  with remset 0 code roots 0 is marked 0 reclaim candidate 0 type array 1
[2024-12-07T17:08:10.319+0800][2.338s][debug][gc,humongous      ] GC(16) Live humongous region 44 object size 1048592 start 0x00000000e2c00000  with remset 0 code roots 0 is marked 0 reclaim candidate 0 type array 1
[2024-12-07T17:08:10.319+0800][2.338s][debug][gc,humongous      ] GC(16) Live humongous region 46 object size 1048592 start 0x00000000e2e00000  with remset 0 code roots 0 is marked 0 reclaim candidate 0 type array 1
[2024-12-07T17:08:10.319+0800][2.338s][debug][gc,humongous      ] GC(16) Live humongous region 48 object size 1048592 start 0x00000000e3000000  with remset 0 code roots 0 is marked 0 reclaim candidate 0 type array 1
[2024-12-07T17:08:10.319+0800][2.338s][debug][gc,humongous      ] GC(16) Live humongous region 50 object size 1048592 start 0x00000000e3200000  with remset 0 code roots 0 is marked 0 reclaim candidate 0 type array 1
[2024-12-07T17:08:10.319+0800][2.339s][debug][gc,humongous      ] GC(16) Live humongous region 52 object size 1048592 start 0x00000000e3400000  with remset 0 code roots 0 is marked 0 reclaim candidate 0 type array 1
[2024-12-07T17:08:10.319+0800][2.339s][debug][gc,humongous      ] GC(16) Live humongous region 54 object size 1048592 start 0x00000000e3600000  with remset 0 code roots 0 is marked 0 reclaim candidate 0 type array 1
[2024-12-07T17:08:10.319+0800][2.339s][debug][gc,humongous      ] GC(16) Live humongous region 56 object size 1048592 start 0x00000000e3800000  with remset 0 code roots 0 is marked 0 reclaim candidate 0 type array 1
[2024-12-07T17:08:10.320+0800][2.339s][debug][gc,humongous      ] GC(16) Live humongous region 58 object size 1048592 start 0x00000000e3a00000  with remset 0 code roots 0 is marked 0 reclaim candidate 0 type array 1
[2024-12-07T17:08:10.320+0800][2.339s][debug][gc,humongous      ] GC(16) Live humongous region 60 object size 1048592 start 0x00000000e3c00000  with remset 0 code roots 0 is marked 0 reclaim candidate 0 type array 1
[2024-12-07T17:08:10.320+0800][2.339s][debug][gc,humongous      ] GC(16) Live humongous region 62 object size 1048592 start 0x00000000e3e00000  with remset 0 code roots 0 is marked 0 reclaim candidate 0 type array 1
[2024-12-07T17:08:10.320+0800][2.339s][debug][gc,humongous      ] GC(16) Live humongous region 64 object size 1048592 start 0x00000000e4000000  with remset 0 code roots 0 is marked 0 reclaim candidate 0 type array 1
[2024-12-07T17:08:10.320+0800][2.339s][debug][gc,humongous      ] GC(16) Live humongous region 66 object size 1048592 start 0x00000000e4200000  with remset 0 code roots 0 is marked 0 reclaim candidate 0 type array 1
[2024-12-07T17:08:10.320+0800][2.339s][debug][gc,humongous      ] GC(16) Live humongous region 68 object size 1048592 start 0x00000000e4400000  with remset 0 code roots 0 is marked 0 reclaim candidate 0 type array 1
[2024-12-07T17:08:10.320+0800][2.339s][debug][gc,humongous      ] GC(16) Live humongous region 70 object size 1048592 start 0x00000000e4600000  with remset 0 code roots 0 is marked 0 reclaim candidate 0 type array 1
[2024-12-07T17:08:10.320+0800][2.339s][debug][gc,humongous      ] GC(16) Live humongous region 72 object size 1048592 start 0x00000000e4800000  with remset 0 code roots 0 is marked 0 reclaim candidate 0 type array 1
[2024-12-07T17:08:10.320+0800][2.339s][debug][gc,humongous      ] GC(16) Live humongous region 74 object size 1048592 start 0x00000000e4a00000  with remset 0 code roots 0 is marked 0 reclaim candidate 0 type array 1
[2024-12-07T17:08:10.320+0800][2.339s][debug][gc,humongous      ] GC(16) Live humongous region 76 object size 1048592 start 0x00000000e4c00000  with remset 0 code roots 0 is marked 0 reclaim candidate 0 type array 1
[2024-12-07T17:08:10.320+0800][2.339s][debug][gc,humongous      ] GC(16) Live humongous region 78 object size 1048592 start 0x00000000e4e00000  with remset 0 code roots 0 is marked 0 reclaim candidate 0 type array 1
[2024-12-07T17:08:10.320+0800][2.340s][debug][gc,humongous      ] GC(16) Live humongous region 80 object size 1048592 start 0x00000000e5000000  with remset 0 code roots 0 is marked 0 reclaim candidate 0 type array 1
[2024-12-07T17:08:10.320+0800][2.340s][debug][gc,humongous      ] GC(16) Live humongous region 82 object size 1048592 start 0x00000000e5200000  with remset 0 code roots 0 is marked 0 reclaim candidate 0 type array 1
[2024-12-07T17:08:10.320+0800][2.340s][debug][gc,humongous      ] GC(16) Live humongous region 84 object size 1048592 start 0x00000000e5400000  with remset 0 code roots 0 is marked 0 reclaim candidate 0 type array 1
[2024-12-07T17:08:10.321+0800][2.340s][debug][gc,humongous      ] GC(16) Live humongous region 86 object size 1048592 start 0x00000000e5600000  with remset 0 code roots 0 is marked 0 reclaim candidate 0 type array 1
[2024-12-07T17:08:10.321+0800][2.340s][debug][gc,humongous      ] GC(16) Live humongous region 88 object size 1048592 start 0x00000000e5800000  with remset 0 code roots 0 is marked 0 reclaim candidate 0 type array 1
[2024-12-07T17:08:10.321+0800][2.340s][debug][gc,humongous      ] GC(16) Live humongous region 90 object size 1048592 start 0x00000000e5a00000  with remset 0 code roots 0 is marked 0 reclaim candidate 0 type array 1
[2024-12-07T17:08:10.321+0800][2.340s][debug][gc,humongous      ] GC(16) Live humongous region 92 object size 1048592 start 0x00000000e5c00000  with remset 0 code roots 0 is marked 0 reclaim candidate 0 type array 1
[2024-12-07T17:08:10.321+0800][2.340s][debug][gc,humongous      ] GC(16) Live humongous region 94 object size 1048592 start 0x00000000e5e00000  with remset 0 code roots 0 is marked 0 reclaim candidate 0 type array 1
[2024-12-07T17:08:10.321+0800][2.340s][debug][gc,humongous      ] GC(16) Live humongous region 96 object size 1048592 start 0x00000000e6000000  with remset 0 code roots 0 is marked 0 reclaim candidate 0 type array 1
[2024-12-07T17:08:10.321+0800][2.340s][debug][gc,humongous      ] GC(16) Live humongous region 98 object size 1048592 start 0x00000000e6200000  with remset 0 code roots 0 is marked 0 reclaim candidate 0 type array 1
[2024-12-07T17:08:10.321+0800][2.340s][debug][gc,humongous      ] GC(16) Live humongous region 100 object size 1048592 start 0x00000000e6400000  with remset 0 code roots 0 is marked 0 reclaim candidate 0 type array 1
[2024-12-07T17:08:10.321+0800][2.340s][debug][gc,humongous      ] GC(16) Live humongous region 102 object size 1048592 start 0x00000000e6600000  with remset 0 code roots 0 is marked 0 reclaim candidate 0 type array 1
[2024-12-07T17:08:10.321+0800][2.340s][debug][gc,humongous      ] GC(16) Live humongous region 104 object size 1048592 start 0x00000000e6800000  with remset 0 code roots 0 is marked 0 reclaim candidate 0 type array 1
[2024-12-07T17:08:10.321+0800][2.340s][debug][gc,humongous      ] GC(16) Live humongous region 106 object size 1048592 start 0x00000000e6a00000  with remset 0 code roots 0 is marked 0 reclaim candidate 0 type array 1
[2024-12-07T17:08:10.321+0800][2.340s][debug][gc,humongous      ] GC(16) Live humongous region 108 object size 1048592 start 0x00000000e6c00000  with remset 0 code roots 0 is marked 0 reclaim candidate 0 type array 1
[2024-12-07T17:08:10.321+0800][2.341s][debug][gc,humongous      ] GC(16) Live humongous region 110 object size 1048592 start 0x00000000e6e00000  with remset 0 code roots 0 is marked 0 reclaim candidate 0 type array 1
[2024-12-07T17:08:10.321+0800][2.341s][debug][gc,humongous      ] GC(16) Live humongous region 112 object size 1048592 start 0x00000000e7000000  with remset 0 code roots 0 is marked 0 reclaim candidate 0 type array 1
[2024-12-07T17:08:10.322+0800][2.341s][debug][gc,humongous      ] GC(16) Live humongous region 114 object size 1048592 start 0x00000000e7200000  with remset 0 code roots 0 is marked 0 reclaim candidate 0 type array 1
[2024-12-07T17:08:10.322+0800][2.341s][debug][gc,humongous      ] GC(16) Live humongous region 116 object size 1048592 start 0x00000000e7400000  with remset 0 code roots 0 is marked 0 reclaim candidate 0 type array 1
[2024-12-07T17:08:10.322+0800][2.341s][debug][gc,humongous      ] GC(16) Live humongous region 118 object size 1048592 start 0x00000000e7600000  with remset 0 code roots 0 is marked 0 reclaim candidate 0 type array 1
[2024-12-07T17:08:10.322+0800][2.341s][debug][gc,humongous      ] GC(16) Live humongous region 120 object size 1048592 start 0x00000000e7800000  with remset 0 code roots 0 is marked 0 reclaim candidate 0 type array 1
[2024-12-07T17:08:10.322+0800][2.341s][debug][gc,humongous      ] GC(16) Live humongous region 122 object size 1048592 start 0x00000000e7a00000  with remset 0 code roots 0 is marked 0 reclaim candidate 0 type array 1
[2024-12-07T17:08:10.322+0800][2.341s][debug][gc,humongous      ] GC(16) Live humongous region 124 object size 1048592 start 0x00000000e7c00000  with remset 0 code roots 0 is marked 0 reclaim candidate 0 type array 1
[2024-12-07T17:08:10.322+0800][2.341s][debug][gc,humongous      ] GC(16) Live humongous region 126 object size 1048592 start 0x00000000e7e00000  with remset 0 code roots 0 is marked 0 reclaim candidate 0 type array 1
[2024-12-07T17:08:10.322+0800][2.341s][debug][gc,humongous      ] GC(16) Live humongous region 128 object size 1048592 start 0x00000000e8000000  with remset 0 code roots 0 is marked 0 reclaim candidate 0 type array 1
[2024-12-07T17:08:10.322+0800][2.341s][debug][gc,humongous      ] GC(16) Live humongous region 130 object size 1048592 start 0x00000000e8200000  with remset 0 code roots 0 is marked 0 reclaim candidate 0 type array 1
[2024-12-07T17:08:10.322+0800][2.341s][debug][gc,humongous      ] GC(16) Live humongous region 132 object size 1048592 start 0x00000000e8400000  with remset 0 code roots 0 is marked 0 reclaim candidate 0 type array 1
[2024-12-07T17:08:10.322+0800][2.341s][debug][gc,humongous      ] GC(16) Live humongous region 134 object size 1048592 start 0x00000000e8600000  with remset 0 code roots 0 is marked 0 reclaim candidate 0 type array 1
[2024-12-07T17:08:10.322+0800][2.341s][debug][gc,humongous      ] GC(16) Live humongous region 136 object size 1048592 start 0x00000000e8800000  with remset 0 code roots 0 is marked 0 reclaim candidate 0 type array 1
[2024-12-07T17:08:10.322+0800][2.342s][debug][gc,humongous      ] GC(16) Live humongous region 138 object size 1048592 start 0x00000000e8a00000  with remset 0 code roots 0 is marked 0 reclaim candidate 0 type array 1
[2024-12-07T17:08:10.322+0800][2.342s][debug][gc,humongous      ] GC(16) Live humongous region 140 object size 1048592 start 0x00000000e8c00000  with remset 0 code roots 0 is marked 0 reclaim candidate 0 type array 1
[2024-12-07T17:08:10.322+0800][2.342s][debug][gc,humongous      ] GC(16) Live humongous region 142 object size 1048592 start 0x00000000e8e00000  with remset 0 code roots 0 is marked 0 reclaim candidate 0 type array 1
[2024-12-07T17:08:10.323+0800][2.342s][debug][gc,humongous      ] GC(16) Live humongous region 144 object size 1048592 start 0x00000000e9000000  with remset 0 code roots 0 is marked 0 reclaim candidate 0 type array 1
[2024-12-07T17:08:10.323+0800][2.342s][debug][gc,humongous      ] GC(16) Live humongous region 146 object size 1048592 start 0x00000000e9200000  with remset 0 code roots 0 is marked 0 reclaim candidate 0 type array 1
[2024-12-07T17:08:10.323+0800][2.342s][debug][gc,humongous      ] GC(16) Live humongous region 148 object size 1048592 start 0x00000000e9400000  with remset 0 code roots 0 is marked 0 reclaim candidate 0 type array 1
[2024-12-07T17:08:10.323+0800][2.342s][debug][gc,humongous      ] GC(16) Live humongous region 150 object size 1048592 start 0x00000000e9600000  with remset 0 code roots 0 is marked 0 reclaim candidate 0 type array 1
[2024-12-07T17:08:10.323+0800][2.342s][debug][gc,humongous      ] GC(16) Live humongous region 152 object size 1048592 start 0x00000000e9800000  with remset 0 code roots 0 is marked 0 reclaim candidate 0 type array 1
[2024-12-07T17:08:10.323+0800][2.342s][debug][gc,humongous      ] GC(16) Live humongous region 154 object size 1048592 start 0x00000000e9a00000  with remset 0 code roots 0 is marked 0 reclaim candidate 0 type array 1
[2024-12-07T17:08:10.323+0800][2.342s][debug][gc,humongous      ] GC(16) Live humongous region 156 object size 1048592 start 0x00000000e9c00000  with remset 0 code roots 0 is marked 0 reclaim candidate 0 type array 1
[2024-12-07T17:08:10.323+0800][2.342s][debug][gc,humongous      ] GC(16) Live humongous region 158 object size 1048592 start 0x00000000e9e00000  with remset 0 code roots 0 is marked 0 reclaim candidate 0 type array 1
[2024-12-07T17:08:10.323+0800][2.342s][debug][gc,humongous      ] GC(16) Live humongous region 160 object size 1048592 start 0x00000000ea000000  with remset 0 code roots 0 is marked 0 reclaim candidate 0 type array 1
[2024-12-07T17:08:10.323+0800][2.342s][debug][gc,humongous      ] GC(16) Live humongous region 162 object size 1048592 start 0x00000000ea200000  with remset 0 code roots 0 is marked 0 reclaim candidate 0 type array 1
[2024-12-07T17:08:10.323+0800][2.342s][debug][gc,humongous      ] GC(16) Live humongous region 164 object size 1048592 start 0x00000000ea400000  with remset 0 code roots 0 is marked 0 reclaim candidate 0 type array 1
[2024-12-07T17:08:10.323+0800][2.342s][debug][gc,humongous      ] GC(16) Live humongous region 166 object size 1048592 start 0x00000000ea600000  with remset 0 code roots 0 is marked 0 reclaim candidate 0 type array 1
[2024-12-07T17:08:10.323+0800][2.342s][debug][gc,humongous      ] GC(16) Live humongous region 168 object size 1048592 start 0x00000000ea800000  with remset 0 code roots 0 is marked 0 reclaim candidate 0 type array 1
[2024-12-07T17:08:10.323+0800][2.343s][debug][gc,humongous      ] GC(16) Live humongous region 170 object size 1048592 start 0x00000000eaa00000  with remset 0 code roots 0 is marked 0 reclaim candidate 0 type array 1
[2024-12-07T17:08:10.324+0800][2.343s][debug][gc,humongous      ] GC(16) Live humongous region 172 object size 1048592 start 0x00000000eac00000  with remset 0 code roots 0 is marked 0 reclaim candidate 0 type array 1
[2024-12-07T17:08:10.324+0800][2.343s][debug][gc,humongous      ] GC(16) Live humongous region 174 object size 1048592 start 0x00000000eae00000  with remset 0 code roots 0 is marked 0 reclaim candidate 0 type array 1
[2024-12-07T17:08:10.324+0800][2.343s][debug][gc,humongous      ] GC(16) Live humongous region 176 object size 1048592 start 0x00000000eb000000  with remset 0 code roots 0 is marked 0 reclaim candidate 0 type array 1
[2024-12-07T17:08:10.324+0800][2.343s][debug][gc,humongous      ] GC(16) Live humongous region 178 object size 1048592 start 0x00000000eb200000  with remset 0 code roots 0 is marked 0 reclaim candidate 0 type array 1
[2024-12-07T17:08:10.324+0800][2.343s][debug][gc,humongous      ] GC(16) Live humongous region 180 object size 1048592 start 0x00000000eb400000  with remset 0 code roots 0 is marked 0 reclaim candidate 0 type array 1
[2024-12-07T17:08:10.324+0800][2.344s][debug][gc,humongous      ] GC(16) Live humongous region 182 object size 1048592 start 0x00000000eb600000  with remset 0 code roots 0 is marked 0 reclaim candidate 0 type array 1
[2024-12-07T17:08:10.325+0800][2.344s][debug][gc,humongous      ] GC(16) Live humongous region 184 object size 1048592 start 0x00000000eb800000  with remset 0 code roots 0 is marked 0 reclaim candidate 0 type array 1
[2024-12-07T17:08:10.325+0800][2.344s][debug][gc,humongous      ] GC(16) Live humongous region 186 object size 1048592 start 0x00000000eba00000  with remset 0 code roots 0 is marked 0 reclaim candidate 0 type array 1
[2024-12-07T17:08:10.325+0800][2.344s][debug][gc,humongous      ] GC(16) Live humongous region 188 object size 1048592 start 0x00000000ebc00000  with remset 0 code roots 0 is marked 0 reclaim candidate 0 type array 1
[2024-12-07T17:08:10.325+0800][2.344s][debug][gc,humongous      ] GC(16) Live humongous region 190 object size 1048592 start 0x00000000ebe00000  with remset 0 code roots 0 is marked 0 reclaim candidate 0 type array 1
[2024-12-07T17:08:10.326+0800][2.345s][debug][gc,humongous      ] GC(16) Live humongous region 192 object size 1048592 start 0x00000000ec000000  with remset 0 code roots 0 is marked 0 reclaim candidate 0 type array 1
[2024-12-07T17:08:10.326+0800][2.345s][debug][gc,humongous      ] GC(16) Live humongous region 194 object size 1048592 start 0x00000000ec200000  with remset 0 code roots 0 is marked 0 reclaim candidate 0 type array 1
[2024-12-07T17:08:10.326+0800][2.345s][debug][gc,humongous      ] GC(16) Live humongous region 196 object size 1048592 start 0x00000000ec400000  with remset 0 code roots 0 is marked 0 reclaim candidate 0 type array 1
[2024-12-07T17:08:10.326+0800][2.345s][debug][gc,humongous      ] GC(16) Live humongous region 198 object size 1048592 start 0x00000000ec600000  with remset 0 code roots 0 is marked 0 reclaim candidate 0 type array 1
[2024-12-07T17:08:10.326+0800][2.345s][debug][gc,humongous      ] GC(16) Live humongous region 200 object size 1048592 start 0x00000000ec800000  with remset 0 code roots 0 is marked 0 reclaim candidate 0 type array 1
[2024-12-07T17:08:10.326+0800][2.346s][debug][gc,humongous      ] GC(16) Live humongous region 202 object size 1048592 start 0x00000000eca00000  with remset 0 code roots 0 is marked 0 reclaim candidate 0 type array 1
[2024-12-07T17:08:10.326+0800][2.346s][debug][gc,humongous      ] GC(16) Live humongous region 204 object size 1048592 start 0x00000000ecc00000  with remset 0 code roots 0 is marked 0 reclaim candidate 0 type array 1
[2024-12-07T17:08:10.327+0800][2.346s][debug][gc,humongous      ] GC(16) Live humongous region 206 object size 1048592 start 0x00000000ece00000  with remset 0 code roots 0 is marked 0 reclaim candidate 0 type array 1
[2024-12-07T17:08:10.327+0800][2.346s][debug][gc,humongous      ] GC(16) Live humongous region 208 object size 1048592 start 0x00000000ed000000  with remset 0 code roots 0 is marked 0 reclaim candidate 0 type array 1
[2024-12-07T17:08:10.327+0800][2.346s][debug][gc,humongous      ] GC(16) Live humongous region 210 object size 1048592 start 0x00000000ed200000  with remset 0 code roots 0 is marked 0 reclaim candidate 0 type array 1
[2024-12-07T17:08:10.327+0800][2.346s][debug][gc,humongous      ] GC(16) Live humongous region 212 object size 1048592 start 0x00000000ed400000  with remset 0 code roots 0 is marked 0 reclaim candidate 0 type array 1
[2024-12-07T17:08:10.327+0800][2.346s][debug][gc,humongous      ] GC(16) Live humongous region 214 object size 1048592 start 0x00000000ed600000  with remset 0 code roots 0 is marked 0 reclaim candidate 0 type array 1
[2024-12-07T17:08:10.327+0800][2.346s][debug][gc,humongous      ] GC(16) Live humongous region 216 object size 1048592 start 0x00000000ed800000  with remset 0 code roots 0 is marked 0 reclaim candidate 0 type array 1
[2024-12-07T17:08:10.327+0800][2.346s][debug][gc,humongous      ] GC(16) Live humongous region 218 object size 1048592 start 0x00000000eda00000  with remset 0 code roots 0 is marked 0 reclaim candidate 0 type array 1
[2024-12-07T17:08:10.327+0800][2.346s][debug][gc,humongous      ] GC(16) Live humongous region 220 object size 1048592 start 0x00000000edc00000  with remset 0 code roots 0 is marked 0 reclaim candidate 0 type array 1
[2024-12-07T17:08:10.327+0800][2.346s][debug][gc,humongous      ] GC(16) Live humongous region 222 object size 1048592 start 0x00000000ede00000  with remset 0 code roots 0 is marked 0 reclaim candidate 0 type array 1
[2024-12-07T17:08:10.327+0800][2.346s][debug][gc,humongous      ] GC(16) Live humongous region 224 object size 1048592 start 0x00000000ee000000  with remset 0 code roots 0 is marked 0 reclaim candidate 0 type array 1
[2024-12-07T17:08:10.327+0800][2.346s][debug][gc,humongous      ] GC(16) Live humongous region 226 object size 1048592 start 0x00000000ee200000  with remset 0 code roots 0 is marked 0 reclaim candidate 0 type array 1
[2024-12-07T17:08:10.327+0800][2.346s][debug][gc,humongous      ] GC(16) Live humongous region 228 object size 1048592 start 0x00000000ee400000  with remset 0 code roots 0 is marked 0 reclaim candidate 0 type array 1
[2024-12-07T17:08:10.327+0800][2.346s][debug][gc,humongous      ] GC(16) Live humongous region 230 object size 1048592 start 0x00000000ee600000  with remset 0 code roots 0 is marked 0 reclaim candidate 0 type array 1
[2024-12-07T17:08:10.327+0800][2.347s][debug][gc,humongous      ] GC(16) Live humongous region 232 object size 1048592 start 0x00000000ee800000  with remset 0 code roots 0 is marked 0 reclaim candidate 0 type array 1
[2024-12-07T17:08:10.327+0800][2.347s][debug][gc,humongous      ] GC(16) Live humongous region 234 object size 1048592 start 0x00000000eea00000  with remset 0 code roots 0 is marked 0 reclaim candidate 0 type array 1
[2024-12-07T17:08:10.328+0800][2.347s][debug][gc,humongous      ] GC(16) Live humongous region 236 object size 1048592 start 0x00000000eec00000  with remset 0 code roots 0 is marked 0 reclaim candidate 0 type array 1
[2024-12-07T17:08:10.328+0800][2.347s][debug][gc,humongous      ] GC(16) Live humongous region 238 object size 1048592 start 0x00000000eee00000  with remset 0 code roots 0 is marked 0 reclaim candidate 0 type array 1
[2024-12-07T17:08:10.328+0800][2.347s][debug][gc,humongous      ] GC(16) Live humongous region 240 object size 1048592 start 0x00000000ef000000  with remset 0 code roots 0 is marked 0 reclaim candidate 0 type array 1
[2024-12-07T17:08:10.328+0800][2.347s][debug][gc,humongous      ] GC(16) Live humongous region 242 object size 1048592 start 0x00000000ef200000  with remset 0 code roots 0 is marked 0 reclaim candidate 0 type array 1
[2024-12-07T17:08:10.328+0800][2.347s][debug][gc,humongous      ] GC(16) Live humongous region 244 object size 1048592 start 0x00000000ef400000  with remset 0 code roots 0 is marked 0 reclaim candidate 0 type array 1
[2024-12-07T17:08:10.328+0800][2.347s][debug][gc,humongous      ] GC(16) Live humongous region 246 object size 1048592 start 0x00000000ef600000  with remset 0 code roots 0 is marked 0 reclaim candidate 0 type array 1
[2024-12-07T17:08:10.328+0800][2.347s][debug][gc,humongous      ] GC(16) Live humongous region 248 object size 1048592 start 0x00000000ef800000  with remset 0 code roots 0 is marked 0 reclaim candidate 0 type array 1
[2024-12-07T17:08:10.328+0800][2.347s][debug][gc,humongous      ] GC(16) Live humongous region 250 object size 1048592 start 0x00000000efa00000  with remset 0 code roots 0 is marked 0 reclaim candidate 0 type array 1
[2024-12-07T17:08:10.328+0800][2.347s][debug][gc,humongous      ] GC(16) Live humongous region 252 object size 1048592 start 0x00000000efc00000  with remset 0 code roots 0 is marked 0 reclaim candidate 0 type array 1
[2024-12-07T17:08:10.328+0800][2.347s][debug][gc,humongous      ] GC(16) Live humongous region 254 object size 1048592 start 0x00000000efe00000  with remset 0 code roots 0 is marked 0 reclaim candidate 0 type array 1
[2024-12-07T17:08:10.328+0800][2.347s][debug][gc,humongous      ] GC(16) Live humongous region 256 object size 1048592 start 0x00000000f0000000  with remset 0 code roots 0 is marked 0 reclaim candidate 0 type array 1
[2024-12-07T17:08:10.328+0800][2.347s][debug][gc,humongous      ] GC(16) Live humongous region 258 object size 1048592 start 0x00000000f0200000  with remset 0 code roots 0 is marked 0 reclaim candidate 0 type array 1
[2024-12-07T17:08:10.328+0800][2.347s][debug][gc,humongous      ] GC(16) Live humongous region 260 object size 1048592 start 0x00000000f0400000  with remset 0 code roots 0 is marked 0 reclaim candidate 0 type array 1
[2024-12-07T17:08:10.328+0800][2.348s][debug][gc,humongous      ] GC(16) Live humongous region 262 object size 1048592 start 0x00000000f0600000  with remset 0 code roots 0 is marked 0 reclaim candidate 0 type array 1
[2024-12-07T17:08:10.328+0800][2.348s][debug][gc,humongous      ] GC(16) Live humongous region 264 object size 1048592 start 0x00000000f0800000  with remset 0 code roots 0 is marked 0 reclaim candidate 0 type array 1
[2024-12-07T17:08:10.328+0800][2.348s][debug][gc,humongous      ] GC(16) Live humongous region 266 object size 1048592 start 0x00000000f0a00000  with remset 0 code roots 0 is marked 0 reclaim candidate 0 type array 1
[2024-12-07T17:08:10.329+0800][2.348s][debug][gc,humongous      ] GC(16) Live humongous region 268 object size 1048592 start 0x00000000f0c00000  with remset 0 code roots 0 is marked 0 reclaim candidate 0 type array 1
[2024-12-07T17:08:10.329+0800][2.348s][debug][gc,humongous      ] GC(16) Live humongous region 270 object size 1048592 start 0x00000000f0e00000  with remset 0 code roots 0 is marked 0 reclaim candidate 0 type array 1
[2024-12-07T17:08:10.329+0800][2.348s][debug][gc,humongous      ] GC(16) Live humongous region 272 object size 1048592 start 0x00000000f1000000  with remset 0 code roots 0 is marked 0 reclaim candidate 0 type array 1
[2024-12-07T17:08:10.329+0800][2.348s][debug][gc,humongous      ] GC(16) Live humongous region 274 object size 1048592 start 0x00000000f1200000  with remset 0 code roots 0 is marked 0 reclaim candidate 0 type array 1
[2024-12-07T17:08:10.329+0800][2.348s][debug][gc,humongous      ] GC(16) Live humongous region 276 object size 1048592 start 0x00000000f1400000  with remset 0 code roots 0 is marked 0 reclaim candidate 0 type array 1
[2024-12-07T17:08:10.329+0800][2.348s][debug][gc,humongous      ] GC(16) Live humongous region 278 object size 1048592 start 0x00000000f1600000  with remset 0 code roots 0 is marked 0 reclaim candidate 0 type array 1
[2024-12-07T17:08:10.329+0800][2.348s][debug][gc,humongous      ] GC(16) Live humongous region 280 object size 1048592 start 0x00000000f1800000  with remset 0 code roots 0 is marked 0 reclaim candidate 0 type array 1
[2024-12-07T17:08:10.329+0800][2.348s][debug][gc,humongous      ] GC(16) Live humongous region 282 object size 1048592 start 0x00000000f1a00000  with remset 0 code roots 0 is marked 0 reclaim candidate 0 type array 1
[2024-12-07T17:08:10.329+0800][2.348s][debug][gc,humongous      ] GC(16) Live humongous region 284 object size 1048592 start 0x00000000f1c00000  with remset 0 code roots 0 is marked 0 reclaim candidate 0 type array 1
[2024-12-07T17:08:10.329+0800][2.348s][debug][gc,humongous      ] GC(16) Live humongous region 286 object size 1048592 start 0x00000000f1e00000  with remset 0 code roots 0 is marked 0 reclaim candidate 0 type array 1
[2024-12-07T17:08:10.329+0800][2.348s][debug][gc,humongous      ] GC(16) Live humongous region 288 object size 1048592 start 0x00000000f2000000  with remset 0 code roots 0 is marked 0 reclaim candidate 0 type array 1
[2024-12-07T17:08:10.329+0800][2.348s][debug][gc,humongous      ] GC(16) Live humongous region 290 object size 1048592 start 0x00000000f2200000  with remset 0 code roots 0 is marked 0 reclaim candidate 0 type array 1
[2024-12-07T17:08:10.329+0800][2.349s][debug][gc,humongous      ] GC(16) Live humongous region 292 object size 1048592 start 0x00000000f2400000  with remset 0 code roots 0 is marked 0 reclaim candidate 0 type array 1
[2024-12-07T17:08:10.329+0800][2.349s][debug][gc,humongous      ] GC(16) Live humongous region 294 object size 1048592 start 0x00000000f2600000  with remset 0 code roots 0 is marked 0 reclaim candidate 0 type array 1
[2024-12-07T17:08:10.330+0800][2.349s][debug][gc,humongous      ] GC(16) Live humongous region 296 object size 1048592 start 0x00000000f2800000  with remset 0 code roots 0 is marked 0 reclaim candidate 0 type array 1
[2024-12-07T17:08:10.330+0800][2.349s][debug][gc,humongous      ] GC(16) Live humongous region 298 object size 1048592 start 0x00000000f2a00000  with remset 0 code roots 0 is marked 0 reclaim candidate 0 type array 1
[2024-12-07T17:08:10.330+0800][2.349s][debug][gc,humongous      ] GC(16) Live humongous region 300 object size 1048592 start 0x00000000f2c00000  with remset 0 code roots 0 is marked 0 reclaim candidate 0 type array 1
[2024-12-07T17:08:10.330+0800][2.349s][debug][gc,humongous      ] GC(16) Live humongous region 302 object size 1048592 start 0x00000000f2e00000  with remset 0 code roots 0 is marked 0 reclaim candidate 0 type array 1
[2024-12-07T17:08:10.330+0800][2.349s][debug][gc,humongous      ] GC(16) Live humongous region 304 object size 1048592 start 0x00000000f3000000  with remset 0 code roots 0 is marked 0 reclaim candidate 0 type array 1
[2024-12-07T17:08:10.330+0800][2.349s][debug][gc,humongous      ] GC(16) Live humongous region 306 object size 1048592 start 0x00000000f3200000  with remset 0 code roots 0 is marked 0 reclaim candidate 0 type array 1
[2024-12-07T17:08:10.330+0800][2.349s][debug][gc,humongous      ] GC(16) Live humongous region 308 object size 1048592 start 0x00000000f3400000  with remset 0 code roots 0 is marked 0 reclaim candidate 0 type array 1
[2024-12-07T17:08:10.330+0800][2.349s][debug][gc,humongous      ] GC(16) Live humongous region 310 object size 1048592 start 0x00000000f3600000  with remset 0 code roots 0 is marked 0 reclaim candidate 0 type array 1
[2024-12-07T17:08:10.330+0800][2.349s][debug][gc,humongous      ] GC(16) Live humongous region 312 object size 1048592 start 0x00000000f3800000  with remset 0 code roots 0 is marked 0 reclaim candidate 0 type array 1
[2024-12-07T17:08:10.330+0800][2.349s][debug][gc,humongous      ] GC(16) Live humongous region 314 object size 1048592 start 0x00000000f3a00000  with remset 0 code roots 0 is marked 0 reclaim candidate 0 type array 1
[2024-12-07T17:08:10.330+0800][2.349s][debug][gc,humongous      ] GC(16) Live humongous region 316 object size 1048592 start 0x00000000f3c00000  with remset 0 code roots 0 is marked 0 reclaim candidate 0 type array 1
[2024-12-07T17:08:10.330+0800][2.349s][debug][gc,humongous      ] GC(16) Live humongous region 318 object size 1048592 start 0x00000000f3e00000  with remset 0 code roots 0 is marked 0 reclaim candidate 0 type array 1
[2024-12-07T17:08:10.330+0800][2.350s][debug][gc,humongous      ] GC(16) Live humongous region 320 object size 1048592 start 0x00000000f4000000  with remset 0 code roots 0 is marked 0 reclaim candidate 0 type array 1
[2024-12-07T17:08:10.330+0800][2.350s][debug][gc,humongous      ] GC(16) Live humongous region 322 object size 1048592 start 0x00000000f4200000  with remset 0 code roots 0 is marked 0 reclaim candidate 0 type array 1
[2024-12-07T17:08:10.330+0800][2.350s][debug][gc,humongous      ] GC(16) Live humongous region 324 object size 1048592 start 0x00000000f4400000  with remset 0 code roots 0 is marked 0 reclaim candidate 0 type array 1
[2024-12-07T17:08:10.331+0800][2.350s][debug][gc,humongous      ] GC(16) Live humongous region 326 object size 1048592 start 0x00000000f4600000  with remset 0 code roots 0 is marked 0 reclaim candidate 0 type array 1
[2024-12-07T17:08:10.331+0800][2.350s][debug][gc,humongous      ] GC(16) Live humongous region 328 object size 1048592 start 0x00000000f4800000  with remset 0 code roots 0 is marked 0 reclaim candidate 0 type array 1
[2024-12-07T17:08:10.331+0800][2.350s][debug][gc,humongous      ] GC(16) Live humongous region 330 object size 1048592 start 0x00000000f4a00000  with remset 0 code roots 0 is marked 0 reclaim candidate 0 type array 1
[2024-12-07T17:08:10.331+0800][2.350s][debug][gc,humongous      ] GC(16) Live humongous region 332 object size 1048592 start 0x00000000f4c00000  with remset 0 code roots 0 is marked 0 reclaim candidate 0 type array 1
[2024-12-07T17:08:10.331+0800][2.350s][debug][gc,humongous      ] GC(16) Live humongous region 334 object size 1048592 start 0x00000000f4e00000  with remset 0 code roots 0 is marked 0 reclaim candidate 0 type array 1
[2024-12-07T17:08:10.331+0800][2.350s][debug][gc,humongous      ] GC(16) Live humongous region 336 object size 1048592 start 0x00000000f5000000  with remset 0 code roots 0 is marked 0 reclaim candidate 0 type array 1
[2024-12-07T17:08:10.331+0800][2.350s][debug][gc,humongous      ] GC(16) Live humongous region 338 object size 1048592 start 0x00000000f5200000  with remset 0 code roots 0 is marked 0 reclaim candidate 0 type array 1
[2024-12-07T17:08:10.331+0800][2.350s][debug][gc,humongous      ] GC(16) Live humongous region 340 object size 1048592 start 0x00000000f5400000  with remset 0 code roots 0 is marked 0 reclaim candidate 0 type array 1
[2024-12-07T17:08:10.331+0800][2.350s][debug][gc,humongous      ] GC(16) Live humongous region 342 object size 1048592 start 0x00000000f5600000  with remset 0 code roots 0 is marked 0 reclaim candidate 0 type array 1
[2024-12-07T17:08:10.331+0800][2.350s][debug][gc,humongous      ] GC(16) Live humongous region 344 object size 1048592 start 0x00000000f5800000  with remset 0 code roots 0 is marked 0 reclaim candidate 0 type array 1
[2024-12-07T17:08:10.331+0800][2.350s][debug][gc,humongous      ] GC(16) Live humongous region 346 object size 1048592 start 0x00000000f5a00000  with remset 0 code roots 0 is marked 0 reclaim candidate 0 type array 1
[2024-12-07T17:08:10.331+0800][2.350s][debug][gc,humongous      ] GC(16) Live humongous region 348 object size 1048592 start 0x00000000f5c00000  with remset 0 code roots 0 is marked 0 reclaim candidate 0 type array 1
[2024-12-07T17:08:10.331+0800][2.350s][debug][gc,humongous      ] GC(16) Live humongous region 350 object size 1048592 start 0x00000000f5e00000  with remset 0 code roots 0 is marked 0 reclaim candidate 0 type array 1
[2024-12-07T17:08:10.331+0800][2.351s][debug][gc,humongous      ] GC(16) Live humongous region 352 object size 1048592 start 0x00000000f6000000  with remset 0 code roots 0 is marked 0 reclaim candidate 0 type array 1
[2024-12-07T17:08:10.331+0800][2.351s][debug][gc,humongous      ] GC(16) Live humongous region 354 object size 1048592 start 0x00000000f6200000  with remset 0 code roots 0 is marked 0 reclaim candidate 0 type array 1
[2024-12-07T17:08:10.332+0800][2.351s][debug][gc,humongous      ] GC(16) Live humongous region 356 object size 1048592 start 0x00000000f6400000  with remset 0 code roots 0 is marked 0 reclaim candidate 0 type array 1
[2024-12-07T17:08:10.332+0800][2.351s][debug][gc,humongous      ] GC(16) Live humongous region 358 object size 1048592 start 0x00000000f6600000  with remset 0 code roots 0 is marked 0 reclaim candidate 0 type array 1
[2024-12-07T17:08:10.332+0800][2.351s][debug][gc,humongous      ] GC(16) Live humongous region 360 object size 1048592 start 0x00000000f6800000  with remset 0 code roots 0 is marked 0 reclaim candidate 0 type array 1
[2024-12-07T17:08:10.332+0800][2.351s][debug][gc,humongous      ] GC(16) Live humongous region 362 object size 1048592 start 0x00000000f6a00000  with remset 0 code roots 0 is marked 0 reclaim candidate 0 type array 1
[2024-12-07T17:08:10.332+0800][2.351s][debug][gc,humongous      ] GC(16) Live humongous region 364 object size 1048592 start 0x00000000f6c00000  with remset 0 code roots 0 is marked 0 reclaim candidate 0 type array 1
[2024-12-07T17:08:10.332+0800][2.351s][debug][gc,humongous      ] GC(16) Live humongous region 366 object size 1048592 start 0x00000000f6e00000  with remset 0 code roots 0 is marked 0 reclaim candidate 0 type array 1
[2024-12-07T17:08:10.332+0800][2.351s][debug][gc,humongous      ] GC(16) Live humongous region 368 object size 1048592 start 0x00000000f7000000  with remset 0 code roots 0 is marked 0 reclaim candidate 0 type array 1
[2024-12-07T17:08:10.332+0800][2.351s][debug][gc,humongous      ] GC(16) Live humongous region 370 object size 1048592 start 0x00000000f7200000  with remset 0 code roots 0 is marked 0 reclaim candidate 0 type array 1
[2024-12-07T17:08:10.332+0800][2.351s][debug][gc,humongous      ] GC(16) Live humongous region 372 object size 1048592 start 0x00000000f7400000  with remset 0 code roots 0 is marked 0 reclaim candidate 0 type array 1
[2024-12-07T17:08:10.332+0800][2.351s][debug][gc,humongous      ] GC(16) Live humongous region 374 object size 1048592 start 0x00000000f7600000  with remset 0 code roots 0 is marked 0 reclaim candidate 0 type array 1
[2024-12-07T17:08:10.332+0800][2.351s][debug][gc,humongous      ] GC(16) Live humongous region 376 object size 1048592 start 0x00000000f7800000  with remset 0 code roots 0 is marked 0 reclaim candidate 0 type array 1
[2024-12-07T17:08:10.332+0800][2.351s][debug][gc,humongous      ] GC(16) Live humongous region 378 object size 1048592 start 0x00000000f7a00000  with remset 0 code roots 0 is marked 0 reclaim candidate 0 type array 1
[2024-12-07T17:08:10.332+0800][2.352s][debug][gc,plab           ] GC(16) Young PLAB allocation: allocated: 406560B, wasted: 2176B, unused: 37032B, used: 367352B, undo waste: 0B, 
[2024-12-07T17:08:10.332+0800][2.352s][debug][gc,plab           ] GC(16) Young other allocation: region end waste: 0B, regions filled: 1, direct allocated: 70784B, failure used: 0B, failure wasted: 0B
[2024-12-07T17:08:10.333+0800][2.352s][debug][gc,plab           ] GC(16) Young sizing: calculated: 73464B, actual: 73576B
[2024-12-07T17:08:10.333+0800][2.352s][debug][gc,plab           ] GC(16) Old PLAB allocation: allocated: 0B, wasted: 0B, unused: 0B, used: 0B, undo waste: 0B, 
[2024-12-07T17:08:10.333+0800][2.352s][debug][gc,plab           ] GC(16) Old other allocation: region end waste: 0B, regions filled: 0, direct allocated: 0B, failure used: 0B, failure wasted: 0B
[2024-12-07T17:08:10.333+0800][2.352s][debug][gc,plab           ] GC(16) Old sizing: calculated: 0B, actual: 2064B
[2024-12-07T17:08:10.333+0800][2.352s][debug][gc,alloc,stats    ] Old generation allocation in the last mutator period, old gen allocated: 0B, humongous allocated: 20971520B,old gen growth: 20971520B.
[2024-12-07T17:08:10.333+0800][2.352s][debug][gc,ihop           ] GC(16) Basic information (value update), threshold: 236873318B (45.00), target occupancy: 526385152B, current occupancy: 399673504B, recent allocation size: 20971520B, recent allocation duration: 101.37ms, recent old gen allocation rate: 206870768.31B/s, recent marking phase length: 0.00ms
[2024-12-07T17:08:10.333+0800][2.352s][debug][gc,ihop           ] GC(16) Adaptive IHOP information (value update), threshold: 236873318B (51.91), internal target occupancy: 456340275B, occupancy: 399673504B, additional buffer size: 37748736B, predicted old gen allocation rate: 200074081.79B/s, predicted marking phase length: 0.00ms, prediction active: false
[2024-12-07T17:08:10.333+0800][2.352s][debug][gc,ergo,refine    ] GC(16) Updated Refinement Zones: green: 18, yellow: 54, red: 90
[2024-12-07T17:08:10.333+0800][2.352s][info ][gc,phases         ] GC(16)   Pre Evacuate Collection Set: 0.2ms
[2024-12-07T17:08:10.333+0800][2.352s][debug][gc,phases         ] GC(16)     Prepare TLABs: 0.2ms
[2024-12-07T17:08:10.333+0800][2.352s][debug][gc,phases         ] GC(16)     Choose Collection Set: 0.2ms
[2024-12-07T17:08:10.333+0800][2.352s][debug][gc,phases         ] GC(16)     Humongous Register: 0.0ms
[2024-12-07T17:08:10.333+0800][2.353s][debug][gc,phases         ] GC(16)     Clear Claimed Marks: 0.0ms
[2024-12-07T17:08:10.333+0800][2.353s][info ][gc,phases         ] GC(16)   Evacuate Collection Set: 10.3ms
[2024-12-07T17:08:10.333+0800][2.353s][debug][gc,phases         ] GC(16)     Ext Root Scanning (ms):   Min:  0.1, Avg:  0.4, Max:  0.6, Diff:  0.6, Sum:  5.4, Workers: 12
[2024-12-07T17:08:10.334+0800][2.353s][debug][gc,phases         ] GC(16)     Update RS (ms):           Min:  0.0, Avg:  0.6, Max:  1.8, Diff:  1.8, Sum:  7.2, Workers: 12
[2024-12-07T17:08:10.334+0800][2.353s][debug][gc,phases         ] GC(16)       Processed Buffers:        Min: 0, Avg:  0.8, Max: 2, Diff: 2, Sum: 10, Workers: 12
[2024-12-07T17:08:10.334+0800][2.353s][debug][gc,phases         ] GC(16)       Scanned Cards:            Min: 0, Avg: 18.5, Max: 51, Diff: 51, Sum: 222, Workers: 12
[2024-12-07T17:08:10.334+0800][2.353s][debug][gc,phases         ] GC(16)       Skipped Cards:            Min: 0, Avg: 11.1, Max: 75, Diff: 75, Sum: 133, Workers: 12
[2024-12-07T17:08:10.334+0800][2.353s][debug][gc,phases         ] GC(16)     Scan RS (ms):             Min:  0.0, Avg:  0.7, Max:  4.9, Diff:  4.9, Sum:  8.3, Workers: 12
[2024-12-07T17:08:10.334+0800][2.353s][debug][gc,phases         ] GC(16)       Scanned Cards:            Min: 0, Avg: 14.1, Max: 58, Diff: 58, Sum: 169, Workers: 12
[2024-12-07T17:08:10.334+0800][2.353s][debug][gc,phases         ] GC(16)       Claimed Cards:            Min: 0, Avg: 18.5, Max: 64, Diff: 64, Sum: 222, Workers: 12
[2024-12-07T17:08:10.334+0800][2.353s][debug][gc,phases         ] GC(16)       Skipped Cards:            Min: 0, Avg: 74.0, Max: 222, Diff: 222, Sum: 888, Workers: 12
[2024-12-07T17:08:10.334+0800][2.353s][debug][gc,phases         ] GC(16)     Code Root Scanning (ms):  Min:  0.0, Avg:  0.0, Max:  0.1, Diff:  0.1, Sum:  0.1, Workers: 12
[2024-12-07T17:08:10.334+0800][2.353s][debug][gc,phases         ] GC(16)     AOT Root Scanning (ms):   skipped
[2024-12-07T17:08:10.334+0800][2.353s][debug][gc,phases         ] GC(16)     Object Copy (ms):         Min:  0.0, Avg:  0.2, Max:  0.6, Diff:  0.6, Sum:  2.7, Workers: 12
[2024-12-07T17:08:10.334+0800][2.353s][debug][gc,phases         ] GC(16)     Termination (ms):         Min:  0.0, Avg:  3.9, Max:  4.7, Diff:  4.7, Sum: 47.1, Workers: 12
[2024-12-07T17:08:10.334+0800][2.354s][debug][gc,phases         ] GC(16)       Termination Attempts:     Min: 1, Avg: 13.0, Max: 33, Diff: 32, Sum: 156, Workers: 12
[2024-12-07T17:08:10.334+0800][2.354s][debug][gc,phases         ] GC(16)     GC Worker Other (ms):     Min:  0.9, Avg:  2.2, Max:  3.2, Diff:  2.3, Sum: 26.0, Workers: 12
[2024-12-07T17:08:10.334+0800][2.354s][debug][gc,phases         ] GC(16)     GC Worker Total (ms):     Min:  6.4, Avg:  8.1, Max:  8.8, Diff:  2.4, Sum: 96.7, Workers: 12
[2024-12-07T17:08:10.335+0800][2.354s][info ][gc,phases         ] GC(16)   Post Evacuate Collection Set: 15.6ms
[2024-12-07T17:08:10.335+0800][2.354s][debug][gc,phases         ] GC(16)     Code Roots Fixup: 0.0ms
[2024-12-07T17:08:10.335+0800][2.354s][debug][gc,phases         ] GC(16)     Clear Card Table: 0.1ms
[2024-12-07T17:08:10.335+0800][2.354s][debug][gc,phases         ] GC(16)     Reference Processing: 0.2ms
[2024-12-07T17:08:10.335+0800][2.354s][debug][gc,phases,ref     ] GC(16)       Reconsider SoftReferences: 0.1ms
[2024-12-07T17:08:10.335+0800][2.354s][debug][gc,phases,ref     ] GC(16)         SoftRef (ms):             skipped
[2024-12-07T17:08:10.335+0800][2.354s][debug][gc,phases,ref     ] GC(16)       Notify Soft/WeakReferences: 0.0ms
[2024-12-07T17:08:10.335+0800][2.354s][debug][gc,phases,ref     ] GC(16)         SoftRef (ms):             Min:  0.0, Avg:  0.0, Max:  0.0, Diff:  0.0, Sum:  0.0, Workers: 1
[2024-12-07T17:08:10.335+0800][2.354s][debug][gc,phases,ref     ] GC(16)         WeakRef (ms):             Min:  0.0, Avg:  0.0, Max:  0.0, Diff:  0.0, Sum:  0.0, Workers: 1
[2024-12-07T17:08:10.335+0800][2.354s][debug][gc,phases,ref     ] GC(16)         FinalRef (ms):            Min:  0.0, Avg:  0.0, Max:  0.0, Diff:  0.0, Sum:  0.0, Workers: 1
[2024-12-07T17:08:10.335+0800][2.354s][debug][gc,phases,ref     ] GC(16)         Total (ms):               Min:  0.0, Avg:  0.0, Max:  0.0, Diff:  0.0, Sum:  0.0, Workers: 1
[2024-12-07T17:08:10.335+0800][2.354s][debug][gc,phases,ref     ] GC(16)       Notify and keep alive finalizable: 0.1ms
[2024-12-07T17:08:10.335+0800][2.355s][debug][gc,phases,ref     ] GC(16)         FinalRef (ms):            skipped
[2024-12-07T17:08:10.335+0800][2.355s][debug][gc,phases,ref     ] GC(16)       Notify PhantomReferences: 0.0ms
[2024-12-07T17:08:10.335+0800][2.355s][debug][gc,phases,ref     ] GC(16)         PhantomRef (ms):          Min:  0.0, Avg:  0.0, Max:  0.0, Diff:  0.0, Sum:  0.0, Workers: 1
[2024-12-07T17:08:10.336+0800][2.355s][debug][gc,phases,ref     ] GC(16)       SoftReference:
[2024-12-07T17:08:10.336+0800][2.355s][debug][gc,phases,ref     ] GC(16)         Discovered: 0
[2024-12-07T17:08:10.336+0800][2.355s][debug][gc,phases,ref     ] GC(16)         Cleared: 0
[2024-12-07T17:08:10.336+0800][2.355s][debug][gc,phases,ref     ] GC(16)       WeakReference:
[2024-12-07T17:08:10.336+0800][2.355s][debug][gc,phases,ref     ] GC(16)         Discovered: 25
[2024-12-07T17:08:10.336+0800][2.355s][debug][gc,phases,ref     ] GC(16)         Cleared: 25
[2024-12-07T17:08:10.336+0800][2.355s][debug][gc,phases,ref     ] GC(16)       FinalReference:
[2024-12-07T17:08:10.336+0800][2.355s][debug][gc,phases,ref     ] GC(16)         Discovered: 0
[2024-12-07T17:08:10.336+0800][2.355s][debug][gc,phases,ref     ] GC(16)         Cleared: 0
[2024-12-07T17:08:10.336+0800][2.355s][debug][gc,phases,ref     ] GC(16)       PhantomReference:
[2024-12-07T17:08:10.336+0800][2.355s][debug][gc,phases,ref     ] GC(16)         Discovered: 5
[2024-12-07T17:08:10.336+0800][2.356s][debug][gc,phases,ref     ] GC(16)         Cleared: 5
[2024-12-07T17:08:10.336+0800][2.356s][debug][gc,phases         ] GC(16)     Weak Processing: 0.0ms
[2024-12-07T17:08:10.336+0800][2.356s][debug][gc,phases         ] GC(16)     Merge Per-Thread State: 0.0ms
[2024-12-07T17:08:10.337+0800][2.356s][debug][gc,phases         ] GC(16)     Code Roots Purge: 0.0ms
[2024-12-07T17:08:10.337+0800][2.356s][debug][gc,phases         ] GC(16)     Redirty Cards: 0.1ms
[2024-12-07T17:08:10.337+0800][2.356s][debug][gc,phases         ] GC(16)     DerivedPointerTable Update: 0.0ms
[2024-12-07T17:08:10.337+0800][2.356s][debug][gc,phases         ] GC(16)     Free Collection Set: 0.1ms
[2024-12-07T17:08:10.337+0800][2.356s][debug][gc,phases         ] GC(16)     Humongous Reclaim: 15.0ms
[2024-12-07T17:08:10.337+0800][2.356s][debug][gc,phases         ] GC(16)     Start New Collection Set: 0.0ms
[2024-12-07T17:08:10.337+0800][2.356s][debug][gc,phases         ] GC(16)     Resize TLABs: 0.0ms
[2024-12-07T17:08:10.337+0800][2.356s][debug][gc,phases         ] GC(16)     Expand Heap After Collection: 0.0ms
[2024-12-07T17:08:10.337+0800][2.356s][info ][gc,phases         ] GC(16)   Other: 2.5ms
[2024-12-07T17:08:10.337+0800][2.356s][info ][gc,heap           ] GC(16) Eden regions: 1->0(35)
[2024-12-07T17:08:10.337+0800][2.356s][info ][gc,heap           ] GC(16) Survivor regions: 1->1(6)
[2024-12-07T17:08:10.337+0800][2.356s][info ][gc,heap           ] GC(16) Old regions: 2->2
[2024-12-07T17:08:10.337+0800][2.356s][info ][gc,heap           ] GC(16) Humongous regions: 380->380
[2024-12-07T17:08:10.337+0800][2.357s][info ][gc,metaspace      ] GC(16) Metaspace: 558K(4864K)->558K(4864K) NonClass: 512K(4352K)->512K(4352K) Class: 46K(512K)->46K(512K)
[2024-12-07T17:08:10.337+0800][2.357s][debug][gc,heap           ] GC(16) Heap after GC invocations=17 (full 0): garbage-first heap   total 516096K, used 390306K [0x00000000e0000000, 0x0000000100000000)
[2024-12-07T17:08:10.337+0800][2.357s][debug][gc,heap           ] GC(16)   region size 1024K, 1 young (1024K), 1 survivors (1024K)
[2024-12-07T17:08:10.338+0800][2.357s][debug][gc,heap           ] GC(16)  Metaspace       used 558K, capacity 4570K, committed 4864K, reserved 1056768K
[2024-12-07T17:08:10.338+0800][2.357s][debug][gc,heap           ] GC(16)   class space    used 46K, capacity 419K, committed 512K, reserved 1048576K
[2024-12-07T17:08:10.338+0800][2.357s][info ][gc                ] GC(16) Pause Young (Concurrent Start) (G1 Humongous Allocation) 381M->381M(504M) 32.361ms
[2024-12-07T17:08:10.338+0800][2.357s][info ][gc,cpu            ] GC(16) User=0.07s Sys=0.00s Real=0.04s
[2024-12-07T17:08:10.338+0800][2.357s][info ][gc                ] GC(17) Concurrent Cycle
[2024-12-07T17:08:10.338+0800][2.357s][info ][gc,marking        ] GC(17) Concurrent Clear Claimed Marks
[2024-12-07T17:08:10.338+0800][2.357s][info ][gc,marking        ] GC(17) Concurrent Clear Claimed Marks 0.079ms
[2024-12-07T17:08:10.338+0800][2.357s][info ][gc,marking        ] GC(17) Concurrent Scan Root Regions
[2024-12-07T17:08:10.338+0800][2.357s][debug][gc,ergo           ] GC(17) Running G1 Root Region Scan using 1 workers for 1 work units.
[2024-12-07T17:08:10.339+0800][2.358s][info ][gc,marking        ] GC(17) Concurrent Scan Root Regions 0.430ms
[2024-12-07T17:08:10.339+0800][2.358s][info ][gc,marking        ] GC(17) Concurrent Mark (2.358s)
[2024-12-07T17:08:10.339+0800][2.358s][info ][gc,marking        ] GC(17) Concurrent Mark From Roots
[2024-12-07T17:08:10.339+0800][2.358s][info ][gc,task           ] GC(17) Using 5 workers of 5 for marking
[2024-12-07T17:08:10.339+0800][2.358s][debug][gc,stats          ] ---------------------------------------------------------------------
[2024-12-07T17:08:10.340+0800][2.359s][debug][gc,stats          ] Marking Stats, task = 0, calls = 19
[2024-12-07T17:08:10.340+0800][2.359s][debug][gc,stats          ]   Elapsed time = 0.43ms, Termination time = 0.00ms
[2024-12-07T17:08:10.340+0800][2.359s][debug][gc,stats          ]   Step Times (cum): num = 818, avg = 0.01ms, sd = 0.12ms max = 2.63ms, total = 6.06ms
[2024-12-07T17:08:10.340+0800][2.359s][debug][gc,stats          ]   Mark Stats Cache: hits 4460 misses 191 ratio 95.893
[2024-12-07T17:08:10.341+0800][2.360s][debug][gc,stats          ] ---------------------------------------------------------------------
[2024-12-07T17:08:10.341+0800][2.360s][debug][gc,stats          ] Marking Stats, task = 1, calls = 23
[2024-12-07T17:08:10.341+0800][2.360s][debug][gc,stats          ]   Elapsed time = 0.43ms, Termination time = 0.00ms
[2024-12-07T17:08:10.341+0800][2.360s][debug][gc,stats          ]   Step Times (cum): num = 238, avg = 0.02ms, sd = 0.21ms max = 2.64ms, total = 5.93ms
[2024-12-07T17:08:10.341+0800][2.360s][debug][gc,stats          ]   Mark Stats Cache: hits 577 misses 2 ratio 99.655
[2024-12-07T17:08:10.341+0800][2.360s][debug][gc,stats          ] ---------------------------------------------------------------------
[2024-12-07T17:08:10.341+0800][2.361s][debug][gc,stats          ] Marking Stats, task = 2, calls = 1
[2024-12-07T17:08:10.342+0800][2.361s][debug][gc,stats          ]   Elapsed time = 0.41ms, Termination time = 0.00ms
[2024-12-07T17:08:10.342+0800][2.361s][debug][gc,stats          ]   Step Times (cum): num = 273, avg = 0.02ms, sd = 0.18ms max = 2.65ms, total = 5.48ms
[2024-12-07T17:08:10.342+0800][2.361s][debug][gc,stats          ]   Mark Stats Cache: hits 4316 misses 2 ratio 99.954
[2024-12-07T17:08:10.342+0800][2.361s][debug][gc,stats          ] ---------------------------------------------------------------------
[2024-12-07T17:08:10.342+0800][2.361s][debug][gc,stats          ] Marking Stats, task = 3, calls = 27
[2024-12-07T17:08:10.342+0800][2.361s][debug][gc,stats          ]   Elapsed time = 0.41ms, Termination time = 0.00ms
[2024-12-07T17:08:10.342+0800][2.361s][debug][gc,stats          ]   Step Times (cum): num = 237, avg = 0.02ms, sd = 0.21ms max = 2.63ms, total = 5.90ms
[2024-12-07T17:08:10.342+0800][2.361s][debug][gc,stats          ]   Mark Stats Cache: hits 552 misses 2 ratio 99.639
[2024-12-07T17:08:10.342+0800][2.362s][debug][gc,stats          ] ---------------------------------------------------------------------
[2024-12-07T17:08:10.343+0800][2.362s][debug][gc,stats          ] Marking Stats, task = 4, calls = 25
[2024-12-07T17:08:10.343+0800][2.362s][debug][gc,stats          ]   Elapsed time = 0.40ms, Termination time = 0.00ms
[2024-12-07T17:08:10.343+0800][2.362s][debug][gc,stats          ]   Step Times (cum): num = 248, avg = 0.02ms, sd = 0.20ms max = 2.66ms, total = 5.54ms
[2024-12-07T17:08:10.343+0800][2.362s][debug][gc,stats          ]   Mark Stats Cache: hits 580 misses 1 ratio 99.828
[2024-12-07T17:08:10.343+0800][2.362s][debug][gc,stats          ] ---------------------------------------------------------------------
[2024-12-07T17:08:10.343+0800][2.362s][info ][gc,marking        ] GC(17) Concurrent Mark From Roots 4.541ms
[2024-12-07T17:08:10.343+0800][2.362s][info ][gc,marking        ] GC(17) Concurrent Preclean
[2024-12-07T17:08:10.343+0800][2.363s][debug][gc,ref,start      ] GC(17) Preclean SoftReferences
[2024-12-07T17:08:10.344+0800][2.363s][debug][gc,ref            ] GC(17) Preclean SoftReferences 0.129ms
[2024-12-07T17:08:10.344+0800][2.363s][debug][gc,ref,start      ] GC(17) Preclean WeakReferences
[2024-12-07T17:08:10.344+0800][2.363s][debug][gc,ref            ] GC(17) Preclean WeakReferences 0.115ms
[2024-12-07T17:08:10.344+0800][2.363s][debug][gc,ref,start      ] GC(17) Preclean FinalReferences
[2024-12-07T17:08:10.344+0800][2.363s][debug][gc,ref            ] GC(17) Preclean FinalReferences 0.102ms
[2024-12-07T17:08:10.344+0800][2.363s][debug][gc,ref,start      ] GC(17) Preclean PhantomReferences
[2024-12-07T17:08:10.344+0800][2.363s][debug][gc,ref            ] GC(17) Preclean PhantomReferences 0.099ms
[2024-12-07T17:08:10.344+0800][2.363s][info ][gc,marking        ] GC(17) Concurrent Preclean 0.956ms
[2024-12-07T17:08:10.344+0800][2.364s][info ][gc,marking        ] GC(17) Concurrent Mark (2.358s, 2.364s) 5.765ms
[2024-12-07T17:08:10.345+0800][2.364s][info ][gc,start          ] GC(17) Pause Remark
[2024-12-07T17:08:10.345+0800][2.364s][debug][gc,phases,start   ] GC(17) Finalize Marking
[2024-12-07T17:08:10.345+0800][2.364s][debug][gc,stats          ] ---------------------------------------------------------------------
[2024-12-07T17:08:10.345+0800][2.364s][debug][gc,stats          ] Marking Stats, task = 0, calls = 92
[2024-12-07T17:08:10.345+0800][2.364s][debug][gc,stats          ]   Elapsed time = 0.15ms, Termination time = 0.00ms
[2024-12-07T17:08:10.345+0800][2.364s][debug][gc,stats          ]   Step Times (cum): num = 891, avg = 0.01ms, sd = 0.11ms max = 2.63ms, total = 6.06ms
[2024-12-07T17:08:10.345+0800][2.365s][debug][gc,stats          ]   Mark Stats Cache: hits 4460 misses 191 ratio 95.893
[2024-12-07T17:08:10.345+0800][2.365s][debug][gc,stats          ] ---------------------------------------------------------------------
[2024-12-07T17:08:10.346+0800][2.365s][debug][gc,stats          ] Marking Stats, task = 1, calls = 24
[2024-12-07T17:08:10.346+0800][2.365s][debug][gc,stats          ]   Elapsed time = 0.15ms, Termination time = 0.00ms
[2024-12-07T17:08:10.346+0800][2.365s][debug][gc,stats          ]   Step Times (cum): num = 239, avg = 0.02ms, sd = 0.21ms max = 2.64ms, total = 5.93ms
[2024-12-07T17:08:10.346+0800][2.365s][debug][gc,stats          ]   Mark Stats Cache: hits 577 misses 2 ratio 99.655
[2024-12-07T17:08:10.346+0800][2.365s][debug][gc,stats          ] ---------------------------------------------------------------------
[2024-12-07T17:08:10.346+0800][2.365s][debug][gc,stats          ] Marking Stats, task = 2, calls = 2
[2024-12-07T17:08:10.346+0800][2.365s][debug][gc,stats          ]   Elapsed time = 0.15ms, Termination time = 0.00ms
[2024-12-07T17:08:10.346+0800][2.365s][debug][gc,stats          ]   Step Times (cum): num = 274, avg = 0.02ms, sd = 0.18ms max = 2.65ms, total = 5.48ms
[2024-12-07T17:08:10.346+0800][2.366s][debug][gc,stats          ]   Mark Stats Cache: hits 4316 misses 2 ratio 99.954
[2024-12-07T17:08:10.347+0800][2.366s][debug][gc,stats          ] ---------------------------------------------------------------------
[2024-12-07T17:08:10.347+0800][2.366s][debug][gc,stats          ] Marking Stats, task = 3, calls = 28
[2024-12-07T17:08:10.347+0800][2.366s][debug][gc,stats          ]   Elapsed time = 0.15ms, Termination time = 0.00ms
[2024-12-07T17:08:10.347+0800][2.366s][debug][gc,stats          ]   Step Times (cum): num = 238, avg = 0.02ms, sd = 0.21ms max = 2.63ms, total = 5.90ms
[2024-12-07T17:08:10.347+0800][2.366s][debug][gc,stats          ]   Mark Stats Cache: hits 552 misses 2 ratio 99.639
[2024-12-07T17:08:10.347+0800][2.366s][debug][gc,stats          ] ---------------------------------------------------------------------
[2024-12-07T17:08:10.347+0800][2.366s][debug][gc,stats          ] Marking Stats, task = 4, calls = 26
[2024-12-07T17:08:10.347+0800][2.366s][debug][gc,stats          ]   Elapsed time = 0.15ms, Termination time = 0.00ms
[2024-12-07T17:08:10.347+0800][2.366s][debug][gc,stats          ]   Step Times (cum): num = 249, avg = 0.02ms, sd = 0.20ms max = 2.66ms, total = 5.54ms
[2024-12-07T17:08:10.347+0800][2.366s][debug][gc,stats          ]   Mark Stats Cache: hits 580 misses 1 ratio 99.828
[2024-12-07T17:08:10.347+0800][2.367s][debug][gc,stats          ] ---------------------------------------------------------------------
[2024-12-07T17:08:10.347+0800][2.367s][debug][gc,stats          ] Marking Stats, task = 5, calls = 1
[2024-12-07T17:08:10.348+0800][2.367s][debug][gc,stats          ]   Elapsed time = 0.15ms, Termination time = 0.00ms
[2024-12-07T17:08:10.348+0800][2.367s][debug][gc,stats          ]   Step Times (cum): num = 9, avg = 0.57ms, sd = 0.85ms max = 2.65ms, total = 5.11ms
[2024-12-07T17:08:10.348+0800][2.367s][debug][gc,stats          ]   Mark Stats Cache: hits 0 misses 0 ratio 0.000
[2024-12-07T17:08:10.348+0800][2.367s][debug][gc,stats          ] ---------------------------------------------------------------------
[2024-12-07T17:08:10.348+0800][2.367s][debug][gc,stats          ] Marking Stats, task = 6, calls = 1
[2024-12-07T17:08:10.348+0800][2.367s][debug][gc,stats          ]   Elapsed time = 0.15ms, Termination time = 0.00ms
[2024-12-07T17:08:10.348+0800][2.367s][debug][gc,stats          ]   Step Times (cum): num = 9, avg = 0.62ms, sd = 0.90ms max = 2.64ms, total = 5.57ms
[2024-12-07T17:08:10.348+0800][2.367s][debug][gc,stats          ]   Mark Stats Cache: hits 0 misses 0 ratio 0.000
[2024-12-07T17:08:10.348+0800][2.367s][debug][gc,stats          ] ---------------------------------------------------------------------
[2024-12-07T17:08:10.348+0800][2.368s][debug][gc,stats          ] Marking Stats, task = 7, calls = 1
[2024-12-07T17:08:10.348+0800][2.368s][debug][gc,stats          ]   Elapsed time = 0.08ms, Termination time = 0.00ms
[2024-12-07T17:08:10.349+0800][2.368s][debug][gc,stats          ]   Step Times (cum): num = 9, avg = 0.59ms, sd = 0.89ms max = 2.80ms, total = 5.28ms
[2024-12-07T17:08:10.349+0800][2.368s][debug][gc,stats          ]   Mark Stats Cache: hits 0 misses 0 ratio 0.000
[2024-12-07T17:08:10.349+0800][2.368s][debug][gc,stats          ] ---------------------------------------------------------------------
[2024-12-07T17:08:10.349+0800][2.368s][debug][gc,stats          ] Marking Stats, task = 8, calls = 1
[2024-12-07T17:08:10.349+0800][2.368s][debug][gc,stats          ]   Elapsed time = 0.07ms, Termination time = 0.00ms
[2024-12-07T17:08:10.349+0800][2.368s][debug][gc,stats          ]   Step Times (cum): num = 9, avg = 0.63ms, sd = 0.87ms max = 2.66ms, total = 5.63ms
[2024-12-07T17:08:10.349+0800][2.368s][debug][gc,stats          ]   Mark Stats Cache: hits 0 misses 0 ratio 0.000
[2024-12-07T17:08:10.349+0800][2.368s][debug][gc,stats          ] ---------------------------------------------------------------------
[2024-12-07T17:08:10.349+0800][2.369s][debug][gc,stats          ] Marking Stats, task = 9, calls = 1
[2024-12-07T17:08:10.349+0800][2.369s][debug][gc,stats          ]   Elapsed time = 0.07ms, Termination time = 0.00ms
[2024-12-07T17:08:10.350+0800][2.369s][debug][gc,stats          ]   Step Times (cum): num = 9, avg = 0.62ms, sd = 0.91ms max = 2.78ms, total = 5.54ms
[2024-12-07T17:08:10.350+0800][2.369s][debug][gc,stats          ]   Mark Stats Cache: hits 0 misses 0 ratio 0.000
[2024-12-07T17:08:10.350+0800][2.369s][debug][gc,stats          ] ---------------------------------------------------------------------
[2024-12-07T17:08:10.350+0800][2.369s][debug][gc,stats          ] Marking Stats, task = 10, calls = 1
[2024-12-07T17:08:10.350+0800][2.369s][debug][gc,stats          ]   Elapsed time = 0.08ms, Termination time = 0.00ms
[2024-12-07T17:08:10.350+0800][2.369s][debug][gc,stats          ]   Step Times (cum): num = 9, avg = 0.24ms, sd = 0.46ms max = 1.32ms, total = 2.14ms
[2024-12-07T17:08:10.350+0800][2.369s][debug][gc,stats          ]   Mark Stats Cache: hits 0 misses 0 ratio 0.000
[2024-12-07T17:08:10.350+0800][2.369s][debug][gc,stats          ] ---------------------------------------------------------------------
[2024-12-07T17:08:10.350+0800][2.369s][debug][gc,stats          ] Marking Stats, task = 11, calls = 1
[2024-12-07T17:08:10.350+0800][2.370s][debug][gc,stats          ]   Elapsed time = 0.00ms, Termination time = 0.00ms
[2024-12-07T17:08:10.350+0800][2.370s][debug][gc,stats          ]   Step Times (cum): num = 9, avg = 0.00ms, sd = 0.00ms max = 0.00ms, total = 0.00ms
[2024-12-07T17:08:10.351+0800][2.370s][debug][gc,stats          ]   Mark Stats Cache: hits 0 misses 0 ratio 0.000
[2024-12-07T17:08:10.351+0800][2.370s][debug][gc,stats          ] ---------------------------------------------------------------------
[2024-12-07T17:08:10.351+0800][2.370s][debug][gc,phases         ] GC(17) Finalize Marking 6.051ms
[2024-12-07T17:08:10.351+0800][2.370s][debug][gc,phases,start   ] GC(17) Reference Processing
[2024-12-07T17:08:10.351+0800][2.370s][debug][gc,ref            ] GC(17) Skipped phase1 of Reference Processing due to unavailable references
[2024-12-07T17:08:10.351+0800][2.370s][debug][gc,ref            ] GC(17) Skipped phase2 of Reference Processing due to unavailable references
[2024-12-07T17:08:10.351+0800][2.370s][debug][gc,ref            ] GC(17) Skipped phase3 of Reference Processing due to unavailable references
[2024-12-07T17:08:10.351+0800][2.370s][debug][gc,ref            ] GC(17) Skipped phase4 of Reference Processing due to unavailable references
[2024-12-07T17:08:10.351+0800][2.370s][debug][gc,phases,ref     ] GC(17) Reference Processing: 0.4ms
[2024-12-07T17:08:10.351+0800][2.371s][debug][gc,phases,ref     ] GC(17)   Reconsider SoftReferences: 0.1ms
[2024-12-07T17:08:10.351+0800][2.371s][debug][gc,phases,ref     ] GC(17)     SoftRef (ms):             skipped
[2024-12-07T17:08:10.352+0800][2.371s][debug][gc,phases,ref     ] GC(17)   Notify Soft/WeakReferences: 0.1ms
[2024-12-07T17:08:10.352+0800][2.371s][debug][gc,phases,ref     ] GC(17)     SoftRef (ms):             skipped
[2024-12-07T17:08:10.352+0800][2.371s][debug][gc,phases,ref     ] GC(17)     WeakRef (ms):             skipped
[2024-12-07T17:08:10.352+0800][2.371s][debug][gc,phases,ref     ] GC(17)     FinalRef (ms):            skipped
[2024-12-07T17:08:10.352+0800][2.371s][debug][gc,phases,ref     ] GC(17)     Total (ms):               skipped
[2024-12-07T17:08:10.352+0800][2.371s][debug][gc,phases,ref     ] GC(17)   Notify and keep alive finalizable: 0.1ms
[2024-12-07T17:08:10.352+0800][2.371s][debug][gc,phases,ref     ] GC(17)     FinalRef (ms):            skipped
[2024-12-07T17:08:10.352+0800][2.371s][debug][gc,phases,ref     ] GC(17)   Notify PhantomReferences: 0.1ms
[2024-12-07T17:08:10.352+0800][2.371s][debug][gc,phases,ref     ] GC(17)     PhantomRef (ms):          skipped
[2024-12-07T17:08:10.352+0800][2.372s][debug][gc,phases,ref     ] GC(17)   SoftReference:
[2024-12-07T17:08:10.352+0800][2.372s][debug][gc,phases,ref     ] GC(17)     Discovered: 0
[2024-12-07T17:08:10.353+0800][2.372s][debug][gc,phases,ref     ] GC(17)     Cleared: 0
[2024-12-07T17:08:10.353+0800][2.372s][debug][gc,phases,ref     ] GC(17)   WeakReference:
[2024-12-07T17:08:10.353+0800][2.372s][debug][gc,phases,ref     ] GC(17)     Discovered: 0
[2024-12-07T17:08:10.353+0800][2.372s][debug][gc,phases,ref     ] GC(17)     Cleared: 0
[2024-12-07T17:08:10.353+0800][2.372s][debug][gc,phases,ref     ] GC(17)   FinalReference:
[2024-12-07T17:08:10.353+0800][2.372s][debug][gc,phases,ref     ] GC(17)     Discovered: 0
[2024-12-07T17:08:10.353+0800][2.372s][debug][gc,phases,ref     ] GC(17)     Cleared: 0
[2024-12-07T17:08:10.353+0800][2.372s][debug][gc,phases,ref     ] GC(17)   PhantomReference:
[2024-12-07T17:08:10.353+0800][2.372s][debug][gc,phases,ref     ] GC(17)     Discovered: 0
[2024-12-07T17:08:10.353+0800][2.372s][debug][gc,phases,ref     ] GC(17)     Cleared: 0
[2024-12-07T17:08:10.353+0800][2.373s][debug][gc,phases         ] GC(17) Reference Processing 2.546ms
[2024-12-07T17:08:10.353+0800][2.373s][debug][gc,phases,start   ] GC(17) Weak Processing
[2024-12-07T17:08:10.354+0800][2.373s][debug][gc,phases         ] GC(17) Weak Processing 0.090ms
[2024-12-07T17:08:10.354+0800][2.373s][debug][gc,phases,start   ] GC(17) Class Unloading
[2024-12-07T17:08:10.354+0800][2.373s][debug][gc,phases,start   ] GC(17) ClassLoaderData
[2024-12-07T17:08:10.354+0800][2.373s][debug][gc,phases         ] GC(17) ClassLoaderData 0.094ms
[2024-12-07T17:08:10.354+0800][2.373s][debug][gc,phases,start   ] GC(17) ProtectionDomainCacheTable
[2024-12-07T17:08:10.354+0800][2.373s][debug][gc,phases         ] GC(17) ProtectionDomainCacheTable 0.087ms
[2024-12-07T17:08:10.354+0800][2.374s][info ][gc,stringtable    ] GC(17) Cleaned string and symbol table, strings: 39 processed, 0 removed, symbols: 191 processed, 0 removed
[2024-12-07T17:08:10.354+0800][2.374s][debug][gc,phases         ] GC(17) Class Unloading 0.847ms
[2024-12-07T17:08:10.355+0800][2.374s][debug][gc,phases,start   ] GC(17) Flush Task Caches
[2024-12-07T17:08:10.355+0800][2.374s][debug][gc,stats          ] Mark stats cache hits 10485 misses 198 ratio 98.147
[2024-12-07T17:08:10.355+0800][2.374s][debug][gc,phases         ] GC(17) Flush Task Caches 0.198ms
[2024-12-07T17:08:10.355+0800][2.374s][debug][gc,phases,start   ] GC(17) Update Remembered Set Tracking Before Rebuild
[2024-12-07T17:08:10.355+0800][2.374s][debug][gc,ergo           ] GC(17) Running G1 Update RemSet Tracking Before Rebuild using 2 workers for 504 regions in heap
[2024-12-07T17:08:10.355+0800][2.374s][debug][gc,remset,tracking] GC(17) Remembered Set Tracking update regions total 504, selected 0
[2024-12-07T17:08:10.355+0800][2.374s][debug][gc,phases         ] GC(17) Update Remembered Set Tracking Before Rebuild 0.332ms
[2024-12-07T17:08:10.355+0800][2.374s][debug][gc,phases,start   ] GC(17) Reclaim Empty Regions
[2024-12-07T17:08:10.355+0800][2.375s][debug][gc,phases         ] GC(17) Reclaim Empty Regions 0.171ms
[2024-12-07T17:08:10.356+0800][2.375s][debug][gc,phases,start   ] GC(17) Purge Metaspace
[2024-12-07T17:08:10.356+0800][2.375s][debug][gc,phases         ] GC(17) Purge Metaspace 0.088ms
[2024-12-07T17:08:10.356+0800][2.375s][debug][gc,phases,start   ] GC(17) Report Object Count
[2024-12-07T17:08:10.356+0800][2.375s][debug][gc,phases         ] GC(17) Report Object Count 0.087ms
[2024-12-07T17:08:10.356+0800][2.375s][info ][gc                ] GC(17) Pause Remark 401M->401M(504M) 11.342ms
[2024-12-07T17:08:10.356+0800][2.375s][info ][gc,cpu            ] GC(17) User=0.00s Sys=0.00s Real=0.02s
[2024-12-07T17:08:10.356+0800][2.375s][info ][gc,marking        ] GC(17) Concurrent Rebuild Remembered Sets
[2024-12-07T17:08:10.356+0800][2.376s][info ][gc,marking        ] GC(17) Concurrent Rebuild Remembered Sets 0.290ms
[2024-12-07T17:08:10.357+0800][2.376s][info ][gc,start          ] GC(17) Pause Cleanup
[2024-12-07T17:08:10.357+0800][2.376s][debug][gc,phases,start   ] GC(17) Update Remembered Set Tracking After Rebuild
[2024-12-07T17:08:10.357+0800][2.376s][debug][gc,phases         ] GC(17) Update Remembered Set Tracking After Rebuild 0.096ms
[2024-12-07T17:08:10.357+0800][2.376s][debug][gc,phases,start   ] GC(17) Finalize Concurrent Mark Cleanup
[2024-12-07T17:08:10.357+0800][2.376s][debug][gc,ergo           ] GC(17) request young-only gcs (candidate old regions not available)
[2024-12-07T17:08:10.357+0800][2.376s][debug][gc,phases         ] GC(17) Finalize Concurrent Mark Cleanup 0.277ms
[2024-12-07T17:08:10.357+0800][2.376s][info ][gc                ] GC(17) Pause Cleanup 401M->401M(504M) 0.646ms
[2024-12-07T17:08:10.357+0800][2.377s][info ][gc,cpu            ] GC(17) User=0.00s Sys=0.00s Real=0.00s
[2024-12-07T17:08:10.357+0800][2.377s][info ][gc,marking        ] GC(17) Concurrent Cleanup for Next Mark
[2024-12-07T17:08:10.358+0800][2.377s][debug][gc,ergo           ] GC(17) Running G1 Clear Bitmap with 5 workers for 8 work units.
[2024-12-07T17:08:10.358+0800][2.377s][info ][gc,marking        ] GC(17) Concurrent Cleanup for Next Mark 0.319ms
[2024-12-07T17:08:10.358+0800][2.377s][info ][gc                ] GC(17) Concurrent Cycle 20.052ms
[2024-12-07T17:08:10.446+0800][2.465s][debug][gc,ergo,ihop      ] Request concurrent cycle initiation (occupancy higher than threshold) occupancy: 421527552B allocation request: 1048592B threshold: 236873318B (44.82) source: concurrent humongous allocation
[2024-12-07T17:08:10.446+0800][2.466s][debug][gc,ergo           ] Request concurrent cycle initiation (requested by GC cause). GC cause: G1 Humongous Allocation
[2024-12-07T17:08:10.447+0800][2.466s][debug][gc,heap           ] GC(18) Heap before GC invocations=18 (full 0): garbage-first heap   total 516096K, used 410786K [0x00000000e0000000, 0x0000000100000000)
[2024-12-07T17:08:10.447+0800][2.466s][debug][gc,heap           ] GC(18)   region size 1024K, 2 young (2048K), 1 survivors (1024K)
[2024-12-07T17:08:10.447+0800][2.466s][debug][gc,heap           ] GC(18)  Metaspace       used 558K, capacity 4570K, committed 4864K, reserved 1056768K
[2024-12-07T17:08:10.447+0800][2.466s][debug][gc,heap           ] GC(18)   class space    used 46K, capacity 419K, committed 512K, reserved 1048576K
[2024-12-07T17:08:10.447+0800][2.466s][debug][gc,ergo           ] GC(18) Initiate concurrent cycle (concurrent cycle initiation requested)
[2024-12-07T17:08:10.447+0800][2.466s][info ][gc,start          ] GC(18) Pause Young (Concurrent Start) (G1 Humongous Allocation)
[2024-12-07T17:08:10.447+0800][2.466s][info ][gc,task           ] GC(18) Using 12 workers of 18 for evacuation
[2024-12-07T17:08:10.447+0800][2.466s][debug][gc,tlab           ] GC(18) TLAB totals: thrds: 1  refills: 1 max: 1 slow allocs: 1 max 1 waste: 100.0% gc: 524128B max: 524128B slow: 0B max: 0B fast: 0B max: 0B
[2024-12-07T17:08:10.447+0800][2.466s][debug][gc,alloc,region   ] GC(18) Mutator Allocation stats, regions: 1, wasted size: 0B ( 0.0%)
[2024-12-07T17:08:10.447+0800][2.466s][debug][gc,age            ] GC(18) Desired survivor size 2621440 bytes, new threshold 15 (max threshold 15)
[2024-12-07T17:08:10.447+0800][2.467s][debug][gc,ergo,cset      ] GC(18) Finish choosing CSet. old: 0 regions, predicted old region time: 0.00ms, time remaining: 181.44
[2024-12-07T17:08:10.447+0800][2.467s][debug][gc,task,stats     ] GC(18) GC Termination Stats
[2024-12-07T17:08:10.448+0800][2.467s][debug][gc,task,stats     ] GC(18)      elapsed  --strong roots-- -------termination------- ------waste (KiB)------
[2024-12-07T17:08:10.448+0800][2.467s][debug][gc,task,stats     ] GC(18) thr     ms        ms      %        ms      %    attempts  total   alloc    undo
[2024-12-07T17:08:10.448+0800][2.467s][debug][gc,task,stats     ] GC(18) --- --------- --------- ------ --------- ------ -------- ------- ------- -------
[2024-12-07T17:08:10.449+0800][2.468s][debug][gc,task,stats     ] GC(18)   5      1.42      1.42  99.81      0.00   0.01        1       0       0       0
[2024-12-07T17:08:10.450+0800][2.470s][debug][gc,task,stats     ] GC(18)   9      2.58      0.52  19.96      0.79  30.55       41       0       0       0
[2024-12-07T17:08:10.451+0800][2.470s][debug][gc,task,stats     ] GC(18)   4      3.14      0.95  30.27      0.55  17.56        7       0       0       0
[2024-12-07T17:08:10.451+0800][2.471s][debug][gc,task,stats     ] GC(18)   6      3.61      1.12  31.15      0.37  10.12        6       0       0       0
[2024-12-07T17:08:10.452+0800][2.471s][debug][gc,task,stats     ] GC(18)  11      3.89      0.59  15.28      0.66  16.95       30       0       0       0
[2024-12-07T17:08:10.452+0800][2.471s][debug][gc,task,stats     ] GC(18)   3      4.38      0.61  13.91      0.72  16.41       27       0       0       0
[2024-12-07T17:08:10.453+0800][2.472s][debug][gc,task,stats     ] GC(18)   1      4.89      0.76  15.63      0.65  13.39       32       0       0       0
[2024-12-07T17:08:10.453+0800][2.472s][debug][gc,task,stats     ] GC(18)  10      5.06      0.53  10.55      0.71  14.02       33       0       0       0
[2024-12-07T17:08:10.453+0800][2.472s][debug][gc,task,stats     ] GC(18)   0      5.29      0.68  12.80      0.69  13.13       34       0       0       0
[2024-12-07T17:08:10.453+0800][2.472s][debug][gc,task,stats     ] GC(18)   2      5.39      1.27  23.47      0.19   3.46        3       0       0       0
[2024-12-07T17:08:10.453+0800][2.473s][debug][gc,task,stats     ] GC(18)   7      5.60      0.69  12.24      0.69  12.37       13       0       0       0
[2024-12-07T17:08:10.454+0800][2.473s][debug][gc,task,stats     ] GC(18)   8      5.71      0.53   9.32      0.70  12.28       20       0       0       0
[2024-12-07T17:08:10.454+0800][2.473s][debug][gc,ergo           ] GC(18) Running G1 Clear Card Table Task using 1 workers for 1 units of work for 3 regions.
[2024-12-07T17:08:10.454+0800][2.473s][debug][gc,ref            ] GC(18) Skipped phase1 of Reference Processing due to unavailable references
[2024-12-07T17:08:10.454+0800][2.473s][debug][gc,ref            ] GC(18) Skipped phase3 of Reference Processing due to unavailable references
[2024-12-07T17:08:10.454+0800][2.473s][debug][gc,ergo           ] GC(18) Running G1 Free Collection Set using 1 workers for collection set length 2
[2024-12-07T17:08:10.454+0800][2.473s][debug][gc,humongous      ] GC(18) Live humongous region 0 object size 1048592 start 0x00000000e0000000  with remset 0 code roots 0 is marked 0 reclaim candidate 0 type array 1
[2024-12-07T17:08:10.454+0800][2.474s][debug][gc,humongous      ] GC(18) Live humongous region 2 object size 1048592 start 0x00000000e0200000  with remset 0 code roots 0 is marked 0 reclaim candidate 0 type array 1
[2024-12-07T17:08:10.454+0800][2.474s][debug][gc,humongous      ] GC(18) Live humongous region 4 object size 1048592 start 0x00000000e0400000  with remset 0 code roots 0 is marked 0 reclaim candidate 0 type array 1
[2024-12-07T17:08:10.455+0800][2.474s][debug][gc,humongous      ] GC(18) Live humongous region 6 object size 1048592 start 0x00000000e0600000  with remset 0 code roots 0 is marked 0 reclaim candidate 0 type array 1
[2024-12-07T17:08:10.455+0800][2.474s][debug][gc,humongous      ] GC(18) Live humongous region 8 object size 1048592 start 0x00000000e0800000  with remset 0 code roots 0 is marked 0 reclaim candidate 0 type array 1
[2024-12-07T17:08:10.455+0800][2.474s][debug][gc,humongous      ] GC(18) Live humongous region 10 object size 1048592 start 0x00000000e0a00000  with remset 0 code roots 0 is marked 0 reclaim candidate 0 type array 1
[2024-12-07T17:08:10.455+0800][2.474s][debug][gc,humongous      ] GC(18) Live humongous region 12 object size 1048592 start 0x00000000e0c00000  with remset 0 code roots 0 is marked 0 reclaim candidate 0 type array 1
[2024-12-07T17:08:10.455+0800][2.474s][debug][gc,humongous      ] GC(18) Live humongous region 14 object size 1048592 start 0x00000000e0e00000  with remset 0 code roots 0 is marked 0 reclaim candidate 0 type array 1
[2024-12-07T17:08:10.455+0800][2.474s][debug][gc,humongous      ] GC(18) Live humongous region 16 object size 1048592 start 0x00000000e1000000  with remset 0 code roots 0 is marked 0 reclaim candidate 0 type array 1
[2024-12-07T17:08:10.455+0800][2.474s][debug][gc,humongous      ] GC(18) Live humongous region 18 object size 1048592 start 0x00000000e1200000  with remset 0 code roots 0 is marked 0 reclaim candidate 0 type array 1
[2024-12-07T17:08:10.455+0800][2.474s][debug][gc,humongous      ] GC(18) Live humongous region 20 object size 1048592 start 0x00000000e1400000  with remset 0 code roots 0 is marked 0 reclaim candidate 0 type array 1
[2024-12-07T17:08:10.455+0800][2.474s][debug][gc,humongous      ] GC(18) Live humongous region 22 object size 1048592 start 0x00000000e1600000  with remset 0 code roots 0 is marked 0 reclaim candidate 0 type array 1
[2024-12-07T17:08:10.455+0800][2.474s][debug][gc,humongous      ] GC(18) Live humongous region 24 object size 1048592 start 0x00000000e1800000  with remset 0 code roots 0 is marked 0 reclaim candidate 0 type array 1
[2024-12-07T17:08:10.455+0800][2.474s][debug][gc,humongous      ] GC(18) Live humongous region 26 object size 1048592 start 0x00000000e1a00000  with remset 0 code roots 0 is marked 0 reclaim candidate 0 type array 1
[2024-12-07T17:08:10.455+0800][2.474s][debug][gc,humongous      ] GC(18) Live humongous region 28 object size 1048592 start 0x00000000e1c00000  with remset 0 code roots 0 is marked 0 reclaim candidate 0 type array 1
[2024-12-07T17:08:10.455+0800][2.474s][debug][gc,humongous      ] GC(18) Live humongous region 30 object size 1048592 start 0x00000000e1e00000  with remset 0 code roots 0 is marked 0 reclaim candidate 0 type array 1
[2024-12-07T17:08:10.455+0800][2.475s][debug][gc,humongous      ] GC(18) Live humongous region 32 object size 1048592 start 0x00000000e2000000  with remset 0 code roots 0 is marked 0 reclaim candidate 0 type array 1
[2024-12-07T17:08:10.455+0800][2.475s][debug][gc,humongous      ] GC(18) Live humongous region 34 object size 1048592 start 0x00000000e2200000  with remset 0 code roots 0 is marked 0 reclaim candidate 0 type array 1
[2024-12-07T17:08:10.455+0800][2.475s][debug][gc,humongous      ] GC(18) Live humongous region 36 object size 1048592 start 0x00000000e2400000  with remset 0 code roots 0 is marked 0 reclaim candidate 0 type array 1
[2024-12-07T17:08:10.456+0800][2.475s][debug][gc,humongous      ] GC(18) Live humongous region 38 object size 1048592 start 0x00000000e2600000  with remset 0 code roots 0 is marked 0 reclaim candidate 0 type array 1
[2024-12-07T17:08:10.456+0800][2.475s][debug][gc,humongous      ] GC(18) Live humongous region 40 object size 1048592 start 0x00000000e2800000  with remset 0 code roots 0 is marked 0 reclaim candidate 0 type array 1
[2024-12-07T17:08:10.456+0800][2.475s][debug][gc,humongous      ] GC(18) Live humongous region 42 object size 1048592 start 0x00000000e2a00000  with remset 0 code roots 0 is marked 0 reclaim candidate 0 type array 1
[2024-12-07T17:08:10.456+0800][2.475s][debug][gc,humongous      ] GC(18) Live humongous region 44 object size 1048592 start 0x00000000e2c00000  with remset 0 code roots 0 is marked 0 reclaim candidate 0 type array 1
[2024-12-07T17:08:10.456+0800][2.475s][debug][gc,humongous      ] GC(18) Live humongous region 46 object size 1048592 start 0x00000000e2e00000  with remset 0 code roots 0 is marked 0 reclaim candidate 0 type array 1
[2024-12-07T17:08:10.456+0800][2.475s][debug][gc,humongous      ] GC(18) Live humongous region 48 object size 1048592 start 0x00000000e3000000  with remset 0 code roots 0 is marked 0 reclaim candidate 0 type array 1
[2024-12-07T17:08:10.456+0800][2.475s][debug][gc,humongous      ] GC(18) Live humongous region 50 object size 1048592 start 0x00000000e3200000  with remset 0 code roots 0 is marked 0 reclaim candidate 0 type array 1
[2024-12-07T17:08:10.456+0800][2.475s][debug][gc,humongous      ] GC(18) Live humongous region 52 object size 1048592 start 0x00000000e3400000  with remset 0 code roots 0 is marked 0 reclaim candidate 0 type array 1
[2024-12-07T17:08:10.456+0800][2.475s][debug][gc,humongous      ] GC(18) Live humongous region 54 object size 1048592 start 0x00000000e3600000  with remset 0 code roots 0 is marked 0 reclaim candidate 0 type array 1
[2024-12-07T17:08:10.456+0800][2.475s][debug][gc,humongous      ] GC(18) Live humongous region 56 object size 1048592 start 0x00000000e3800000  with remset 0 code roots 0 is marked 0 reclaim candidate 0 type array 1
[2024-12-07T17:08:10.456+0800][2.475s][debug][gc,humongous      ] GC(18) Live humongous region 58 object size 1048592 start 0x00000000e3a00000  with remset 0 code roots 0 is marked 0 reclaim candidate 0 type array 1
[2024-12-07T17:08:10.456+0800][2.476s][debug][gc,humongous      ] GC(18) Live humongous region 60 object size 1048592 start 0x00000000e3c00000  with remset 0 code roots 0 is marked 0 reclaim candidate 0 type array 1
[2024-12-07T17:08:10.456+0800][2.476s][debug][gc,humongous      ] GC(18) Live humongous region 62 object size 1048592 start 0x00000000e3e00000  with remset 0 code roots 0 is marked 0 reclaim candidate 0 type array 1
[2024-12-07T17:08:10.456+0800][2.476s][debug][gc,humongous      ] GC(18) Live humongous region 64 object size 1048592 start 0x00000000e4000000  with remset 0 code roots 0 is marked 0 reclaim candidate 0 type array 1
[2024-12-07T17:08:10.457+0800][2.476s][debug][gc,humongous      ] GC(18) Live humongous region 66 object size 1048592 start 0x00000000e4200000  with remset 0 code roots 0 is marked 0 reclaim candidate 0 type array 1
[2024-12-07T17:08:10.457+0800][2.476s][debug][gc,humongous      ] GC(18) Live humongous region 68 object size 1048592 start 0x00000000e4400000  with remset 0 code roots 0 is marked 0 reclaim candidate 0 type array 1
[2024-12-07T17:08:10.457+0800][2.476s][debug][gc,humongous      ] GC(18) Live humongous region 70 object size 1048592 start 0x00000000e4600000  with remset 0 code roots 0 is marked 0 reclaim candidate 0 type array 1
[2024-12-07T17:08:10.457+0800][2.476s][debug][gc,humongous      ] GC(18) Live humongous region 72 object size 1048592 start 0x00000000e4800000  with remset 0 code roots 0 is marked 0 reclaim candidate 0 type array 1
[2024-12-07T17:08:10.457+0800][2.476s][debug][gc,humongous      ] GC(18) Live humongous region 74 object size 1048592 start 0x00000000e4a00000  with remset 0 code roots 0 is marked 0 reclaim candidate 0 type array 1
[2024-12-07T17:08:10.457+0800][2.476s][debug][gc,humongous      ] GC(18) Live humongous region 76 object size 1048592 start 0x00000000e4c00000  with remset 0 code roots 0 is marked 0 reclaim candidate 0 type array 1
[2024-12-07T17:08:10.457+0800][2.476s][debug][gc,humongous      ] GC(18) Live humongous region 78 object size 1048592 start 0x00000000e4e00000  with remset 0 code roots 0 is marked 0 reclaim candidate 0 type array 1
[2024-12-07T17:08:10.457+0800][2.476s][debug][gc,humongous      ] GC(18) Live humongous region 80 object size 1048592 start 0x00000000e5000000  with remset 0 code roots 0 is marked 0 reclaim candidate 0 type array 1
[2024-12-07T17:08:10.457+0800][2.476s][debug][gc,humongous      ] GC(18) Live humongous region 82 object size 1048592 start 0x00000000e5200000  with remset 0 code roots 0 is marked 0 reclaim candidate 0 type array 1
[2024-12-07T17:08:10.457+0800][2.476s][debug][gc,humongous      ] GC(18) Live humongous region 84 object size 1048592 start 0x00000000e5400000  with remset 0 code roots 0 is marked 0 reclaim candidate 0 type array 1
[2024-12-07T17:08:10.457+0800][2.476s][debug][gc,humongous      ] GC(18) Live humongous region 86 object size 1048592 start 0x00000000e5600000  with remset 0 code roots 0 is marked 0 reclaim candidate 0 type array 1
[2024-12-07T17:08:10.457+0800][2.476s][debug][gc,humongous      ] GC(18) Live humongous region 88 object size 1048592 start 0x00000000e5800000  with remset 0 code roots 0 is marked 0 reclaim candidate 0 type array 1
[2024-12-07T17:08:10.457+0800][2.476s][debug][gc,humongous      ] GC(18) Live humongous region 90 object size 1048592 start 0x00000000e5a00000  with remset 0 code roots 0 is marked 0 reclaim candidate 0 type array 1
[2024-12-07T17:08:10.457+0800][2.477s][debug][gc,humongous      ] GC(18) Live humongous region 92 object size 1048592 start 0x00000000e5c00000  with remset 0 code roots 0 is marked 0 reclaim candidate 0 type array 1
[2024-12-07T17:08:10.457+0800][2.477s][debug][gc,humongous      ] GC(18) Live humongous region 94 object size 1048592 start 0x00000000e5e00000  with remset 0 code roots 0 is marked 0 reclaim candidate 0 type array 1
[2024-12-07T17:08:10.457+0800][2.477s][debug][gc,humongous      ] GC(18) Live humongous region 96 object size 1048592 start 0x00000000e6000000  with remset 0 code roots 0 is marked 0 reclaim candidate 0 type array 1
[2024-12-07T17:08:10.458+0800][2.477s][debug][gc,humongous      ] GC(18) Live humongous region 98 object size 1048592 start 0x00000000e6200000  with remset 0 code roots 0 is marked 0 reclaim candidate 0 type array 1
[2024-12-07T17:08:10.458+0800][2.477s][debug][gc,humongous      ] GC(18) Live humongous region 100 object size 1048592 start 0x00000000e6400000  with remset 0 code roots 0 is marked 0 reclaim candidate 0 type array 1
[2024-12-07T17:08:10.458+0800][2.477s][debug][gc,humongous      ] GC(18) Live humongous region 102 object size 1048592 start 0x00000000e6600000  with remset 0 code roots 0 is marked 0 reclaim candidate 0 type array 1
[2024-12-07T17:08:10.458+0800][2.477s][debug][gc,humongous      ] GC(18) Live humongous region 104 object size 1048592 start 0x00000000e6800000  with remset 0 code roots 0 is marked 0 reclaim candidate 0 type array 1
[2024-12-07T17:08:10.458+0800][2.477s][debug][gc,humongous      ] GC(18) Live humongous region 106 object size 1048592 start 0x00000000e6a00000  with remset 0 code roots 0 is marked 0 reclaim candidate 0 type array 1
[2024-12-07T17:08:10.458+0800][2.477s][debug][gc,humongous      ] GC(18) Live humongous region 108 object size 1048592 start 0x00000000e6c00000  with remset 0 code roots 0 is marked 0 reclaim candidate 0 type array 1
[2024-12-07T17:08:10.458+0800][2.477s][debug][gc,humongous      ] GC(18) Live humongous region 110 object size 1048592 start 0x00000000e6e00000  with remset 0 code roots 0 is marked 0 reclaim candidate 0 type array 1
[2024-12-07T17:08:10.458+0800][2.477s][debug][gc,humongous      ] GC(18) Live humongous region 112 object size 1048592 start 0x00000000e7000000  with remset 0 code roots 0 is marked 0 reclaim candidate 0 type array 1
[2024-12-07T17:08:10.458+0800][2.477s][debug][gc,humongous      ] GC(18) Live humongous region 114 object size 1048592 start 0x00000000e7200000  with remset 0 code roots 0 is marked 0 reclaim candidate 0 type array 1
[2024-12-07T17:08:10.458+0800][2.477s][debug][gc,humongous      ] GC(18) Live humongous region 116 object size 1048592 start 0x00000000e7400000  with remset 0 code roots 0 is marked 0 reclaim candidate 0 type array 1
[2024-12-07T17:08:10.458+0800][2.477s][debug][gc,humongous      ] GC(18) Live humongous region 118 object size 1048592 start 0x00000000e7600000  with remset 0 code roots 0 is marked 0 reclaim candidate 0 type array 1
[2024-12-07T17:08:10.458+0800][2.477s][debug][gc,humongous      ] GC(18) Live humongous region 120 object size 1048592 start 0x00000000e7800000  with remset 0 code roots 0 is marked 0 reclaim candidate 0 type array 1
[2024-12-07T17:08:10.458+0800][2.477s][debug][gc,humongous      ] GC(18) Live humongous region 122 object size 1048592 start 0x00000000e7a00000  with remset 0 code roots 0 is marked 0 reclaim candidate 0 type array 1
[2024-12-07T17:08:10.458+0800][2.478s][debug][gc,humongous      ] GC(18) Live humongous region 124 object size 1048592 start 0x00000000e7c00000  with remset 0 code roots 0 is marked 0 reclaim candidate 0 type array 1
[2024-12-07T17:08:10.458+0800][2.478s][debug][gc,humongous      ] GC(18) Live humongous region 126 object size 1048592 start 0x00000000e7e00000  with remset 0 code roots 0 is marked 0 reclaim candidate 0 type array 1
[2024-12-07T17:08:10.458+0800][2.478s][debug][gc,humongous      ] GC(18) Live humongous region 128 object size 1048592 start 0x00000000e8000000  with remset 0 code roots 0 is marked 0 reclaim candidate 0 type array 1
[2024-12-07T17:08:10.459+0800][2.478s][debug][gc,humongous      ] GC(18) Live humongous region 130 object size 1048592 start 0x00000000e8200000  with remset 0 code roots 0 is marked 0 reclaim candidate 0 type array 1
[2024-12-07T17:08:10.459+0800][2.478s][debug][gc,humongous      ] GC(18) Live humongous region 132 object size 1048592 start 0x00000000e8400000  with remset 0 code roots 0 is marked 0 reclaim candidate 0 type array 1
[2024-12-07T17:08:10.459+0800][2.478s][debug][gc,humongous      ] GC(18) Live humongous region 134 object size 1048592 start 0x00000000e8600000  with remset 0 code roots 0 is marked 0 reclaim candidate 0 type array 1
[2024-12-07T17:08:10.459+0800][2.478s][debug][gc,humongous      ] GC(18) Live humongous region 136 object size 1048592 start 0x00000000e8800000  with remset 0 code roots 0 is marked 0 reclaim candidate 0 type array 1
[2024-12-07T17:08:10.459+0800][2.478s][debug][gc,humongous      ] GC(18) Live humongous region 138 object size 1048592 start 0x00000000e8a00000  with remset 0 code roots 0 is marked 0 reclaim candidate 0 type array 1
[2024-12-07T17:08:10.459+0800][2.478s][debug][gc,humongous      ] GC(18) Live humongous region 140 object size 1048592 start 0x00000000e8c00000  with remset 0 code roots 0 is marked 0 reclaim candidate 0 type array 1
[2024-12-07T17:08:10.459+0800][2.478s][debug][gc,humongous      ] GC(18) Live humongous region 142 object size 1048592 start 0x00000000e8e00000  with remset 0 code roots 0 is marked 0 reclaim candidate 0 type array 1
[2024-12-07T17:08:10.459+0800][2.478s][debug][gc,humongous      ] GC(18) Live humongous region 144 object size 1048592 start 0x00000000e9000000  with remset 0 code roots 0 is marked 0 reclaim candidate 0 type array 1
[2024-12-07T17:08:10.459+0800][2.478s][debug][gc,humongous      ] GC(18) Live humongous region 146 object size 1048592 start 0x00000000e9200000  with remset 0 code roots 0 is marked 0 reclaim candidate 0 type array 1
[2024-12-07T17:08:10.459+0800][2.478s][debug][gc,humongous      ] GC(18) Live humongous region 148 object size 1048592 start 0x00000000e9400000  with remset 0 code roots 0 is marked 0 reclaim candidate 0 type array 1
[2024-12-07T17:08:10.459+0800][2.478s][debug][gc,humongous      ] GC(18) Live humongous region 150 object size 1048592 start 0x00000000e9600000  with remset 0 code roots 0 is marked 0 reclaim candidate 0 type array 1
[2024-12-07T17:08:10.459+0800][2.479s][debug][gc,humongous      ] GC(18) Live humongous region 152 object size 1048592 start 0x00000000e9800000  with remset 0 code roots 0 is marked 0 reclaim candidate 0 type array 1
[2024-12-07T17:08:10.459+0800][2.479s][debug][gc,humongous      ] GC(18) Live humongous region 154 object size 1048592 start 0x00000000e9a00000  with remset 0 code roots 0 is marked 0 reclaim candidate 0 type array 1
[2024-12-07T17:08:10.459+0800][2.479s][debug][gc,humongous      ] GC(18) Live humongous region 156 object size 1048592 start 0x00000000e9c00000  with remset 0 code roots 0 is marked 0 reclaim candidate 0 type array 1
[2024-12-07T17:08:10.460+0800][2.479s][debug][gc,humongous      ] GC(18) Live humongous region 158 object size 1048592 start 0x00000000e9e00000  with remset 0 code roots 0 is marked 0 reclaim candidate 0 type array 1
[2024-12-07T17:08:10.460+0800][2.479s][debug][gc,humongous      ] GC(18) Live humongous region 160 object size 1048592 start 0x00000000ea000000  with remset 0 code roots 0 is marked 0 reclaim candidate 0 type array 1
[2024-12-07T17:08:10.460+0800][2.479s][debug][gc,humongous      ] GC(18) Live humongous region 162 object size 1048592 start 0x00000000ea200000  with remset 0 code roots 0 is marked 0 reclaim candidate 0 type array 1
[2024-12-07T17:08:10.460+0800][2.479s][debug][gc,humongous      ] GC(18) Live humongous region 164 object size 1048592 start 0x00000000ea400000  with remset 0 code roots 0 is marked 0 reclaim candidate 0 type array 1
[2024-12-07T17:08:10.460+0800][2.479s][debug][gc,humongous      ] GC(18) Live humongous region 166 object size 1048592 start 0x00000000ea600000  with remset 0 code roots 0 is marked 0 reclaim candidate 0 type array 1
[2024-12-07T17:08:10.460+0800][2.479s][debug][gc,humongous      ] GC(18) Live humongous region 168 object size 1048592 start 0x00000000ea800000  with remset 0 code roots 0 is marked 0 reclaim candidate 0 type array 1
[2024-12-07T17:08:10.460+0800][2.479s][debug][gc,humongous      ] GC(18) Live humongous region 170 object size 1048592 start 0x00000000eaa00000  with remset 0 code roots 0 is marked 0 reclaim candidate 0 type array 1
[2024-12-07T17:08:10.460+0800][2.479s][debug][gc,humongous      ] GC(18) Live humongous region 172 object size 1048592 start 0x00000000eac00000  with remset 0 code roots 0 is marked 0 reclaim candidate 0 type array 1
[2024-12-07T17:08:10.460+0800][2.479s][debug][gc,humongous      ] GC(18) Live humongous region 174 object size 1048592 start 0x00000000eae00000  with remset 0 code roots 0 is marked 0 reclaim candidate 0 type array 1
[2024-12-07T17:08:10.460+0800][2.479s][debug][gc,humongous      ] GC(18) Live humongous region 176 object size 1048592 start 0x00000000eb000000  with remset 0 code roots 0 is marked 0 reclaim candidate 0 type array 1
[2024-12-07T17:08:10.460+0800][2.479s][debug][gc,humongous      ] GC(18) Live humongous region 178 object size 1048592 start 0x00000000eb200000  with remset 0 code roots 0 is marked 0 reclaim candidate 0 type array 1
[2024-12-07T17:08:10.460+0800][2.479s][debug][gc,humongous      ] GC(18) Live humongous region 180 object size 1048592 start 0x00000000eb400000  with remset 0 code roots 0 is marked 0 reclaim candidate 0 type array 1
[2024-12-07T17:08:10.460+0800][2.479s][debug][gc,humongous      ] GC(18) Live humongous region 182 object size 1048592 start 0x00000000eb600000  with remset 0 code roots 0 is marked 0 reclaim candidate 0 type array 1
[2024-12-07T17:08:10.460+0800][2.480s][debug][gc,humongous      ] GC(18) Live humongous region 184 object size 1048592 start 0x00000000eb800000  with remset 0 code roots 0 is marked 0 reclaim candidate 0 type array 1
[2024-12-07T17:08:10.460+0800][2.480s][debug][gc,humongous      ] GC(18) Live humongous region 186 object size 1048592 start 0x00000000eba00000  with remset 0 code roots 0 is marked 0 reclaim candidate 0 type array 1
[2024-12-07T17:08:10.460+0800][2.480s][debug][gc,humongous      ] GC(18) Live humongous region 188 object size 1048592 start 0x00000000ebc00000  with remset 0 code roots 0 is marked 0 reclaim candidate 0 type array 1
[2024-12-07T17:08:10.461+0800][2.480s][debug][gc,humongous      ] GC(18) Live humongous region 190 object size 1048592 start 0x00000000ebe00000  with remset 0 code roots 0 is marked 0 reclaim candidate 0 type array 1
[2024-12-07T17:08:10.461+0800][2.480s][debug][gc,humongous      ] GC(18) Live humongous region 192 object size 1048592 start 0x00000000ec000000  with remset 0 code roots 0 is marked 0 reclaim candidate 0 type array 1
[2024-12-07T17:08:10.461+0800][2.480s][debug][gc,humongous      ] GC(18) Live humongous region 194 object size 1048592 start 0x00000000ec200000  with remset 0 code roots 0 is marked 0 reclaim candidate 0 type array 1
[2024-12-07T17:08:10.461+0800][2.480s][debug][gc,humongous      ] GC(18) Live humongous region 196 object size 1048592 start 0x00000000ec400000  with remset 0 code roots 0 is marked 0 reclaim candidate 0 type array 1
[2024-12-07T17:08:10.461+0800][2.480s][debug][gc,humongous      ] GC(18) Live humongous region 198 object size 1048592 start 0x00000000ec600000  with remset 0 code roots 0 is marked 0 reclaim candidate 0 type array 1
[2024-12-07T17:08:10.461+0800][2.480s][debug][gc,humongous      ] GC(18) Live humongous region 200 object size 1048592 start 0x00000000ec800000  with remset 0 code roots 0 is marked 0 reclaim candidate 0 type array 1
[2024-12-07T17:08:10.461+0800][2.480s][debug][gc,humongous      ] GC(18) Live humongous region 202 object size 1048592 start 0x00000000eca00000  with remset 0 code roots 0 is marked 0 reclaim candidate 0 type array 1
[2024-12-07T17:08:10.461+0800][2.480s][debug][gc,humongous      ] GC(18) Live humongous region 204 object size 1048592 start 0x00000000ecc00000  with remset 0 code roots 0 is marked 0 reclaim candidate 0 type array 1
[2024-12-07T17:08:10.461+0800][2.480s][debug][gc,humongous      ] GC(18) Live humongous region 206 object size 1048592 start 0x00000000ece00000  with remset 0 code roots 0 is marked 0 reclaim candidate 0 type array 1
[2024-12-07T17:08:10.461+0800][2.480s][debug][gc,humongous      ] GC(18) Live humongous region 208 object size 1048592 start 0x00000000ed000000  with remset 0 code roots 0 is marked 0 reclaim candidate 0 type array 1
[2024-12-07T17:08:10.461+0800][2.480s][debug][gc,humongous      ] GC(18) Live humongous region 210 object size 1048592 start 0x00000000ed200000  with remset 0 code roots 0 is marked 0 reclaim candidate 0 type array 1
[2024-12-07T17:08:10.461+0800][2.480s][debug][gc,humongous      ] GC(18) Live humongous region 212 object size 1048592 start 0x00000000ed400000  with remset 0 code roots 0 is marked 0 reclaim candidate 0 type array 1
[2024-12-07T17:08:10.461+0800][2.480s][debug][gc,humongous      ] GC(18) Live humongous region 214 object size 1048592 start 0x00000000ed600000  with remset 0 code roots 0 is marked 0 reclaim candidate 0 type array 1
[2024-12-07T17:08:10.461+0800][2.481s][debug][gc,humongous      ] GC(18) Live humongous region 216 object size 1048592 start 0x00000000ed800000  with remset 0 code roots 0 is marked 0 reclaim candidate 0 type array 1
[2024-12-07T17:08:10.461+0800][2.481s][debug][gc,humongous      ] GC(18) Live humongous region 218 object size 1048592 start 0x00000000eda00000  with remset 0 code roots 0 is marked 0 reclaim candidate 0 type array 1
[2024-12-07T17:08:10.462+0800][2.481s][debug][gc,humongous      ] GC(18) Live humongous region 220 object size 1048592 start 0x00000000edc00000  with remset 0 code roots 0 is marked 0 reclaim candidate 0 type array 1
[2024-12-07T17:08:10.462+0800][2.481s][debug][gc,humongous      ] GC(18) Live humongous region 222 object size 1048592 start 0x00000000ede00000  with remset 0 code roots 0 is marked 0 reclaim candidate 0 type array 1
[2024-12-07T17:08:10.462+0800][2.481s][debug][gc,humongous      ] GC(18) Live humongous region 224 object size 1048592 start 0x00000000ee000000  with remset 0 code roots 0 is marked 0 reclaim candidate 0 type array 1
[2024-12-07T17:08:10.462+0800][2.481s][debug][gc,humongous      ] GC(18) Live humongous region 226 object size 1048592 start 0x00000000ee200000  with remset 0 code roots 0 is marked 0 reclaim candidate 0 type array 1
[2024-12-07T17:08:10.462+0800][2.481s][debug][gc,humongous      ] GC(18) Live humongous region 228 object size 1048592 start 0x00000000ee400000  with remset 0 code roots 0 is marked 0 reclaim candidate 0 type array 1
[2024-12-07T17:08:10.462+0800][2.481s][debug][gc,humongous      ] GC(18) Live humongous region 230 object size 1048592 start 0x00000000ee600000  with remset 0 code roots 0 is marked 0 reclaim candidate 0 type array 1
[2024-12-07T17:08:10.462+0800][2.481s][debug][gc,humongous      ] GC(18) Live humongous region 232 object size 1048592 start 0x00000000ee800000  with remset 0 code roots 0 is marked 0 reclaim candidate 0 type array 1
[2024-12-07T17:08:10.462+0800][2.481s][debug][gc,humongous      ] GC(18) Live humongous region 234 object size 1048592 start 0x00000000eea00000  with remset 0 code roots 0 is marked 0 reclaim candidate 0 type array 1
[2024-12-07T17:08:10.462+0800][2.481s][debug][gc,humongous      ] GC(18) Live humongous region 236 object size 1048592 start 0x00000000eec00000  with remset 0 code roots 0 is marked 0 reclaim candidate 0 type array 1
[2024-12-07T17:08:10.462+0800][2.481s][debug][gc,humongous      ] GC(18) Live humongous region 238 object size 1048592 start 0x00000000eee00000  with remset 0 code roots 0 is marked 0 reclaim candidate 0 type array 1
[2024-12-07T17:08:10.462+0800][2.481s][debug][gc,humongous      ] GC(18) Live humongous region 240 object size 1048592 start 0x00000000ef000000  with remset 0 code roots 0 is marked 0 reclaim candidate 0 type array 1
[2024-12-07T17:08:10.462+0800][2.481s][debug][gc,humongous      ] GC(18) Live humongous region 242 object size 1048592 start 0x00000000ef200000  with remset 0 code roots 0 is marked 0 reclaim candidate 0 type array 1
[2024-12-07T17:08:10.462+0800][2.481s][debug][gc,humongous      ] GC(18) Live humongous region 244 object size 1048592 start 0x00000000ef400000  with remset 0 code roots 0 is marked 0 reclaim candidate 0 type array 1
[2024-12-07T17:08:10.462+0800][2.482s][debug][gc,humongous      ] GC(18) Live humongous region 246 object size 1048592 start 0x00000000ef600000  with remset 0 code roots 0 is marked 0 reclaim candidate 0 type array 1
[2024-12-07T17:08:10.462+0800][2.482s][debug][gc,humongous      ] GC(18) Live humongous region 248 object size 1048592 start 0x00000000ef800000  with remset 0 code roots 0 is marked 0 reclaim candidate 0 type array 1
[2024-12-07T17:08:10.462+0800][2.482s][debug][gc,humongous      ] GC(18) Live humongous region 250 object size 1048592 start 0x00000000efa00000  with remset 0 code roots 0 is marked 0 reclaim candidate 0 type array 1
[2024-12-07T17:08:10.463+0800][2.482s][debug][gc,humongous      ] GC(18) Live humongous region 252 object size 1048592 start 0x00000000efc00000  with remset 0 code roots 0 is marked 0 reclaim candidate 0 type array 1
[2024-12-07T17:08:10.463+0800][2.482s][debug][gc,humongous      ] GC(18) Live humongous region 254 object size 1048592 start 0x00000000efe00000  with remset 0 code roots 0 is marked 0 reclaim candidate 0 type array 1
[2024-12-07T17:08:10.463+0800][2.482s][debug][gc,humongous      ] GC(18) Live humongous region 256 object size 1048592 start 0x00000000f0000000  with remset 0 code roots 0 is marked 0 reclaim candidate 0 type array 1
[2024-12-07T17:08:10.463+0800][2.482s][debug][gc,humongous      ] GC(18) Live humongous region 258 object size 1048592 start 0x00000000f0200000  with remset 0 code roots 0 is marked 0 reclaim candidate 0 type array 1
[2024-12-07T17:08:10.463+0800][2.482s][debug][gc,humongous      ] GC(18) Live humongous region 260 object size 1048592 start 0x00000000f0400000  with remset 0 code roots 0 is marked 0 reclaim candidate 0 type array 1
[2024-12-07T17:08:10.463+0800][2.482s][debug][gc,humongous      ] GC(18) Live humongous region 262 object size 1048592 start 0x00000000f0600000  with remset 0 code roots 0 is marked 0 reclaim candidate 0 type array 1
[2024-12-07T17:08:10.463+0800][2.482s][debug][gc,humongous      ] GC(18) Live humongous region 264 object size 1048592 start 0x00000000f0800000  with remset 0 code roots 0 is marked 0 reclaim candidate 0 type array 1
[2024-12-07T17:08:10.463+0800][2.482s][debug][gc,humongous      ] GC(18) Live humongous region 266 object size 1048592 start 0x00000000f0a00000  with remset 0 code roots 0 is marked 0 reclaim candidate 0 type array 1
[2024-12-07T17:08:10.463+0800][2.482s][debug][gc,humongous      ] GC(18) Live humongous region 268 object size 1048592 start 0x00000000f0c00000  with remset 0 code roots 0 is marked 0 reclaim candidate 0 type array 1
[2024-12-07T17:08:10.463+0800][2.482s][debug][gc,humongous      ] GC(18) Live humongous region 270 object size 1048592 start 0x00000000f0e00000  with remset 0 code roots 0 is marked 0 reclaim candidate 0 type array 1
[2024-12-07T17:08:10.463+0800][2.482s][debug][gc,humongous      ] GC(18) Live humongous region 272 object size 1048592 start 0x00000000f1000000  with remset 0 code roots 0 is marked 0 reclaim candidate 0 type array 1
[2024-12-07T17:08:10.463+0800][2.482s][debug][gc,humongous      ] GC(18) Live humongous region 274 object size 1048592 start 0x00000000f1200000  with remset 0 code roots 0 is marked 0 reclaim candidate 0 type array 1
[2024-12-07T17:08:10.463+0800][2.482s][debug][gc,humongous      ] GC(18) Live humongous region 276 object size 1048592 start 0x00000000f1400000  with remset 0 code roots 0 is marked 0 reclaim candidate 0 type array 1
[2024-12-07T17:08:10.463+0800][2.483s][debug][gc,humongous      ] GC(18) Live humongous region 278 object size 1048592 start 0x00000000f1600000  with remset 0 code roots 0 is marked 0 reclaim candidate 0 type array 1
[2024-12-07T17:08:10.463+0800][2.483s][debug][gc,humongous      ] GC(18) Live humongous region 280 object size 1048592 start 0x00000000f1800000  with remset 0 code roots 0 is marked 0 reclaim candidate 0 type array 1
[2024-12-07T17:08:10.464+0800][2.483s][debug][gc,humongous      ] GC(18) Live humongous region 282 object size 1048592 start 0x00000000f1a00000  with remset 0 code roots 0 is marked 0 reclaim candidate 0 type array 1
[2024-12-07T17:08:10.464+0800][2.483s][debug][gc,humongous      ] GC(18) Live humongous region 284 object size 1048592 start 0x00000000f1c00000  with remset 0 code roots 0 is marked 0 reclaim candidate 0 type array 1
[2024-12-07T17:08:10.464+0800][2.483s][debug][gc,humongous      ] GC(18) Live humongous region 286 object size 1048592 start 0x00000000f1e00000  with remset 0 code roots 0 is marked 0 reclaim candidate 0 type array 1
[2024-12-07T17:08:10.464+0800][2.483s][debug][gc,humongous      ] GC(18) Live humongous region 288 object size 1048592 start 0x00000000f2000000  with remset 0 code roots 0 is marked 0 reclaim candidate 0 type array 1
[2024-12-07T17:08:10.464+0800][2.483s][debug][gc,humongous      ] GC(18) Live humongous region 290 object size 1048592 start 0x00000000f2200000  with remset 0 code roots 0 is marked 0 reclaim candidate 0 type array 1
[2024-12-07T17:08:10.464+0800][2.483s][debug][gc,humongous      ] GC(18) Live humongous region 292 object size 1048592 start 0x00000000f2400000  with remset 0 code roots 0 is marked 0 reclaim candidate 0 type array 1
[2024-12-07T17:08:10.464+0800][2.483s][debug][gc,humongous      ] GC(18) Live humongous region 294 object size 1048592 start 0x00000000f2600000  with remset 0 code roots 0 is marked 0 reclaim candidate 0 type array 1
[2024-12-07T17:08:10.464+0800][2.483s][debug][gc,humongous      ] GC(18) Live humongous region 296 object size 1048592 start 0x00000000f2800000  with remset 0 code roots 0 is marked 0 reclaim candidate 0 type array 1
[2024-12-07T17:08:10.464+0800][2.483s][debug][gc,humongous      ] GC(18) Live humongous region 298 object size 1048592 start 0x00000000f2a00000  with remset 0 code roots 0 is marked 0 reclaim candidate 0 type array 1
[2024-12-07T17:08:10.464+0800][2.483s][debug][gc,humongous      ] GC(18) Live humongous region 300 object size 1048592 start 0x00000000f2c00000  with remset 0 code roots 0 is marked 0 reclaim candidate 0 type array 1
[2024-12-07T17:08:10.464+0800][2.483s][debug][gc,humongous      ] GC(18) Live humongous region 302 object size 1048592 start 0x00000000f2e00000  with remset 0 code roots 0 is marked 0 reclaim candidate 0 type array 1
[2024-12-07T17:08:10.464+0800][2.483s][debug][gc,humongous      ] GC(18) Live humongous region 304 object size 1048592 start 0x00000000f3000000  with remset 0 code roots 0 is marked 0 reclaim candidate 0 type array 1
[2024-12-07T17:08:10.464+0800][2.483s][debug][gc,humongous      ] GC(18) Live humongous region 306 object size 1048592 start 0x00000000f3200000  with remset 0 code roots 0 is marked 0 reclaim candidate 0 type array 1
[2024-12-07T17:08:10.464+0800][2.483s][debug][gc,humongous      ] GC(18) Live humongous region 308 object size 1048592 start 0x00000000f3400000  with remset 0 code roots 0 is marked 0 reclaim candidate 0 type array 1
[2024-12-07T17:08:10.464+0800][2.484s][debug][gc,humongous      ] GC(18) Live humongous region 310 object size 1048592 start 0x00000000f3600000  with remset 0 code roots 0 is marked 0 reclaim candidate 0 type array 1
[2024-12-07T17:08:10.464+0800][2.484s][debug][gc,humongous      ] GC(18) Live humongous region 312 object size 1048592 start 0x00000000f3800000  with remset 0 code roots 0 is marked 0 reclaim candidate 0 type array 1
[2024-12-07T17:08:10.465+0800][2.484s][debug][gc,humongous      ] GC(18) Live humongous region 314 object size 1048592 start 0x00000000f3a00000  with remset 0 code roots 0 is marked 0 reclaim candidate 0 type array 1
[2024-12-07T17:08:10.465+0800][2.484s][debug][gc,humongous      ] GC(18) Live humongous region 316 object size 1048592 start 0x00000000f3c00000  with remset 0 code roots 0 is marked 0 reclaim candidate 0 type array 1
[2024-12-07T17:08:10.465+0800][2.484s][debug][gc,humongous      ] GC(18) Live humongous region 318 object size 1048592 start 0x00000000f3e00000  with remset 0 code roots 0 is marked 0 reclaim candidate 0 type array 1
[2024-12-07T17:08:10.465+0800][2.484s][debug][gc,humongous      ] GC(18) Live humongous region 320 object size 1048592 start 0x00000000f4000000  with remset 0 code roots 0 is marked 0 reclaim candidate 0 type array 1
[2024-12-07T17:08:10.465+0800][2.484s][debug][gc,humongous      ] GC(18) Live humongous region 322 object size 1048592 start 0x00000000f4200000  with remset 0 code roots 0 is marked 0 reclaim candidate 0 type array 1
[2024-12-07T17:08:10.465+0800][2.484s][debug][gc,humongous      ] GC(18) Live humongous region 324 object size 1048592 start 0x00000000f4400000  with remset 0 code roots 0 is marked 0 reclaim candidate 0 type array 1
[2024-12-07T17:08:10.465+0800][2.484s][debug][gc,humongous      ] GC(18) Live humongous region 326 object size 1048592 start 0x00000000f4600000  with remset 0 code roots 0 is marked 0 reclaim candidate 0 type array 1
[2024-12-07T17:08:10.465+0800][2.484s][debug][gc,humongous      ] GC(18) Live humongous region 328 object size 1048592 start 0x00000000f4800000  with remset 0 code roots 0 is marked 0 reclaim candidate 0 type array 1
[2024-12-07T17:08:10.465+0800][2.484s][debug][gc,humongous      ] GC(18) Live humongous region 330 object size 1048592 start 0x00000000f4a00000  with remset 0 code roots 0 is marked 0 reclaim candidate 0 type array 1
[2024-12-07T17:08:10.465+0800][2.484s][debug][gc,humongous      ] GC(18) Live humongous region 332 object size 1048592 start 0x00000000f4c00000  with remset 0 code roots 0 is marked 0 reclaim candidate 0 type array 1
[2024-12-07T17:08:10.465+0800][2.484s][debug][gc,humongous      ] GC(18) Live humongous region 334 object size 1048592 start 0x00000000f4e00000  with remset 0 code roots 0 is marked 0 reclaim candidate 0 type array 1
[2024-12-07T17:08:10.465+0800][2.484s][debug][gc,humongous      ] GC(18) Live humongous region 336 object size 1048592 start 0x00000000f5000000  with remset 0 code roots 0 is marked 0 reclaim candidate 0 type array 1
[2024-12-07T17:08:10.465+0800][2.484s][debug][gc,humongous      ] GC(18) Live humongous region 338 object size 1048592 start 0x00000000f5200000  with remset 0 code roots 0 is marked 0 reclaim candidate 0 type array 1
[2024-12-07T17:08:10.465+0800][2.485s][debug][gc,humongous      ] GC(18) Live humongous region 340 object size 1048592 start 0x00000000f5400000  with remset 0 code roots 0 is marked 0 reclaim candidate 0 type array 1
[2024-12-07T17:08:10.466+0800][2.485s][debug][gc,humongous      ] GC(18) Live humongous region 342 object size 1048592 start 0x00000000f5600000  with remset 0 code roots 0 is marked 0 reclaim candidate 0 type array 1
[2024-12-07T17:08:10.466+0800][2.485s][debug][gc,humongous      ] GC(18) Live humongous region 344 object size 1048592 start 0x00000000f5800000  with remset 0 code roots 0 is marked 0 reclaim candidate 0 type array 1
[2024-12-07T17:08:10.466+0800][2.485s][debug][gc,humongous      ] GC(18) Live humongous region 346 object size 1048592 start 0x00000000f5a00000  with remset 0 code roots 0 is marked 0 reclaim candidate 0 type array 1
[2024-12-07T17:08:10.466+0800][2.485s][debug][gc,humongous      ] GC(18) Live humongous region 348 object size 1048592 start 0x00000000f5c00000  with remset 0 code roots 0 is marked 0 reclaim candidate 0 type array 1
[2024-12-07T17:08:10.466+0800][2.486s][debug][gc,humongous      ] GC(18) Live humongous region 350 object size 1048592 start 0x00000000f5e00000  with remset 0 code roots 0 is marked 0 reclaim candidate 0 type array 1
[2024-12-07T17:08:10.467+0800][2.486s][debug][gc,humongous      ] GC(18) Live humongous region 352 object size 1048592 start 0x00000000f6000000  with remset 0 code roots 0 is marked 0 reclaim candidate 0 type array 1
[2024-12-07T17:08:10.467+0800][2.486s][debug][gc,humongous      ] GC(18) Live humongous region 354 object size 1048592 start 0x00000000f6200000  with remset 0 code roots 0 is marked 0 reclaim candidate 0 type array 1
[2024-12-07T17:08:10.467+0800][2.486s][debug][gc,humongous      ] GC(18) Live humongous region 356 object size 1048592 start 0x00000000f6400000  with remset 0 code roots 0 is marked 0 reclaim candidate 0 type array 1
[2024-12-07T17:08:10.467+0800][2.486s][debug][gc,humongous      ] GC(18) Live humongous region 358 object size 1048592 start 0x00000000f6600000  with remset 0 code roots 0 is marked 0 reclaim candidate 0 type array 1
[2024-12-07T17:08:10.467+0800][2.486s][debug][gc,humongous      ] GC(18) Live humongous region 360 object size 1048592 start 0x00000000f6800000  with remset 0 code roots 0 is marked 0 reclaim candidate 0 type array 1
[2024-12-07T17:08:10.467+0800][2.486s][debug][gc,humongous      ] GC(18) Live humongous region 362 object size 1048592 start 0x00000000f6a00000  with remset 0 code roots 0 is marked 0 reclaim candidate 0 type array 1
[2024-12-07T17:08:10.467+0800][2.486s][debug][gc,humongous      ] GC(18) Live humongous region 364 object size 1048592 start 0x00000000f6c00000  with remset 0 code roots 0 is marked 0 reclaim candidate 0 type array 1
[2024-12-07T17:08:10.467+0800][2.486s][debug][gc,humongous      ] GC(18) Live humongous region 366 object size 1048592 start 0x00000000f6e00000  with remset 0 code roots 0 is marked 0 reclaim candidate 0 type array 1
[2024-12-07T17:08:10.467+0800][2.486s][debug][gc,humongous      ] GC(18) Live humongous region 368 object size 1048592 start 0x00000000f7000000  with remset 0 code roots 0 is marked 0 reclaim candidate 0 type array 1
[2024-12-07T17:08:10.467+0800][2.486s][debug][gc,humongous      ] GC(18) Live humongous region 370 object size 1048592 start 0x00000000f7200000  with remset 0 code roots 0 is marked 0 reclaim candidate 0 type array 1
[2024-12-07T17:08:10.467+0800][2.486s][debug][gc,humongous      ] GC(18) Live humongous region 372 object size 1048592 start 0x00000000f7400000  with remset 0 code roots 0 is marked 0 reclaim candidate 0 type array 1
[2024-12-07T17:08:10.467+0800][2.487s][debug][gc,humongous      ] GC(18) Live humongous region 374 object size 1048592 start 0x00000000f7600000  with remset 0 code roots 0 is marked 0 reclaim candidate 0 type array 1
[2024-12-07T17:08:10.467+0800][2.487s][debug][gc,humongous      ] GC(18) Live humongous region 376 object size 1048592 start 0x00000000f7800000  with remset 0 code roots 0 is marked 0 reclaim candidate 0 type array 1
[2024-12-07T17:08:10.468+0800][2.487s][debug][gc,humongous      ] GC(18) Live humongous region 378 object size 1048592 start 0x00000000f7a00000  with remset 0 code roots 0 is marked 0 reclaim candidate 0 type array 1
[2024-12-07T17:08:10.468+0800][2.487s][debug][gc,humongous      ] GC(18) Live humongous region 380 object size 1048592 start 0x00000000f7c00000  with remset 0 code roots 0 is marked 0 reclaim candidate 0 type array 1
[2024-12-07T17:08:10.468+0800][2.487s][debug][gc,humongous      ] GC(18) Live humongous region 382 object size 1048592 start 0x00000000f7e00000  with remset 0 code roots 0 is marked 0 reclaim candidate 0 type array 1
[2024-12-07T17:08:10.468+0800][2.487s][debug][gc,humongous      ] GC(18) Live humongous region 384 object size 1048592 start 0x00000000f8000000  with remset 0 code roots 0 is marked 0 reclaim candidate 0 type array 1
[2024-12-07T17:08:10.468+0800][2.487s][debug][gc,humongous      ] GC(18) Live humongous region 386 object size 1048592 start 0x00000000f8200000  with remset 0 code roots 0 is marked 0 reclaim candidate 0 type array 1
[2024-12-07T17:08:10.468+0800][2.487s][debug][gc,humongous      ] GC(18) Live humongous region 388 object size 1048592 start 0x00000000f8400000  with remset 0 code roots 0 is marked 0 reclaim candidate 0 type array 1
[2024-12-07T17:08:10.468+0800][2.487s][debug][gc,humongous      ] GC(18) Live humongous region 390 object size 1048592 start 0x00000000f8600000  with remset 0 code roots 0 is marked 0 reclaim candidate 0 type array 1
[2024-12-07T17:08:10.468+0800][2.487s][debug][gc,humongous      ] GC(18) Live humongous region 392 object size 1048592 start 0x00000000f8800000  with remset 0 code roots 0 is marked 0 reclaim candidate 0 type array 1
[2024-12-07T17:08:10.468+0800][2.487s][debug][gc,humongous      ] GC(18) Live humongous region 394 object size 1048592 start 0x00000000f8a00000  with remset 0 code roots 0 is marked 0 reclaim candidate 0 type array 1
[2024-12-07T17:08:10.468+0800][2.487s][debug][gc,humongous      ] GC(18) Live humongous region 396 object size 1048592 start 0x00000000f8c00000  with remset 0 code roots 0 is marked 0 reclaim candidate 0 type array 1
[2024-12-07T17:08:10.468+0800][2.487s][debug][gc,humongous      ] GC(18) Live humongous region 398 object size 1048592 start 0x00000000f8e00000  with remset 0 code roots 0 is marked 0 reclaim candidate 0 type array 1
[2024-12-07T17:08:10.468+0800][2.488s][debug][gc,plab           ] GC(18) Young PLAB allocation: allocated: 410576B, wasted: 1864B, unused: 40320B, used: 368392B, undo waste: 0B, 
[2024-12-07T17:08:10.468+0800][2.488s][debug][gc,plab           ] GC(18) Young other allocation: region end waste: 0B, regions filled: 1, direct allocated: 69744B, failure used: 0B, failure wasted: 0B
[2024-12-07T17:08:10.468+0800][2.488s][debug][gc,plab           ] GC(18) Young sizing: calculated: 73672B, actual: 73648B
[2024-12-07T17:08:10.469+0800][2.488s][debug][gc,plab           ] GC(18) Old PLAB allocation: allocated: 0B, wasted: 0B, unused: 0B, used: 0B, undo waste: 0B, 
[2024-12-07T17:08:10.469+0800][2.488s][debug][gc,plab           ] GC(18) Old other allocation: region end waste: 0B, regions filled: 0, direct allocated: 0B, failure used: 0B, failure wasted: 0B
[2024-12-07T17:08:10.469+0800][2.488s][debug][gc,plab           ] GC(18) Old sizing: calculated: 0B, actual: 2064B
[2024-12-07T17:08:10.469+0800][2.488s][debug][gc,ergo,heap      ] GC(18) Attempt heap expansion (recent GC overhead higher than threshold after GC) recent GC overhead: 8.30 % threshold: 7.69 % uncommitted: 8388608B base expansion amount and scale: 1677721B (24.90%)
[2024-12-07T17:08:10.469+0800][2.488s][debug][gc,ergo,heap      ] GC(18) Expand the heap. requested expansion amount: 1048576B expansion amount: 1048576B
[2024-12-07T17:08:10.469+0800][2.488s][debug][gc,ihop           ] GC(18) Target occupancy update: old: 526385152B, new: 529530880B
[2024-12-07T17:08:10.469+0800][2.488s][debug][gc,alloc,stats    ] Old generation allocation in the last mutator period, old gen allocated: 0B, humongous allocated: 20971520B,old gen growth: 20971520B.
[2024-12-07T17:08:10.469+0800][2.488s][debug][gc,ihop           ] GC(18) Basic information (value update), threshold: 238288896B (45.00), target occupancy: 529530880B, current occupancy: 420648000B, recent allocation size: 20971520B, recent allocation duration: 102.70ms, recent old gen allocation rate: 204201780.51B/s, recent marking phase length: 0.00ms
[2024-12-07T17:08:10.469+0800][2.488s][debug][gc,ihop           ] GC(18) Adaptive IHOP information (value update), threshold: 238288896B (52.22), internal target occupancy: 456340275B, occupancy: 420648000B, additional buffer size: 28311552B, predicted old gen allocation rate: 200489287.97B/s, predicted marking phase length: 0.00ms, prediction active: false
[2024-12-07T17:08:10.469+0800][2.488s][debug][gc,ergo,refine    ] GC(18) Updated Refinement Zones: green: 18, yellow: 54, red: 90
[2024-12-07T17:08:10.469+0800][2.488s][info ][gc,phases         ] GC(18)   Pre Evacuate Collection Set: 0.1ms
[2024-12-07T17:08:10.469+0800][2.488s][debug][gc,phases         ] GC(18)     Prepare TLABs: 0.1ms
[2024-12-07T17:08:10.469+0800][2.489s][debug][gc,phases         ] GC(18)     Choose Collection Set: 0.1ms
[2024-12-07T17:08:10.469+0800][2.489s][debug][gc,phases         ] GC(18)     Humongous Register: 0.0ms
[2024-12-07T17:08:10.469+0800][2.489s][debug][gc,phases         ] GC(18)     Clear Claimed Marks: 0.0ms
[2024-12-07T17:08:10.470+0800][2.489s][info ][gc,phases         ] GC(18)   Evacuate Collection Set: 6.2ms
[2024-12-07T17:08:10.470+0800][2.489s][debug][gc,phases         ] GC(18)     Ext Root Scanning (ms):   Min:  0.0, Avg:  0.4, Max:  0.5, Diff:  0.5, Sum:  4.4, Workers: 12
[2024-12-07T17:08:10.470+0800][2.489s][debug][gc,phases         ] GC(18)     Update RS (ms):           Min:  0.0, Avg:  0.3, Max:  1.1, Diff:  1.1, Sum:  3.5, Workers: 12
[2024-12-07T17:08:10.470+0800][2.489s][debug][gc,phases         ] GC(18)       Processed Buffers:        Min: 0, Avg:  0.8, Max: 3, Diff: 3, Sum: 9, Workers: 12
[2024-12-07T17:08:10.470+0800][2.489s][debug][gc,phases         ] GC(18)       Scanned Cards:            Min: 0, Avg: 18.5, Max: 62, Diff: 62, Sum: 222, Workers: 12
[2024-12-07T17:08:10.470+0800][2.489s][debug][gc,phases         ] GC(18)       Skipped Cards:            Min: 0, Avg:  6.2, Max: 26, Diff: 26, Sum: 75, Workers: 12
[2024-12-07T17:08:10.470+0800][2.489s][debug][gc,phases         ] GC(18)     Scan RS (ms):             Min:  0.0, Avg:  0.1, Max:  0.7, Diff:  0.7, Sum:  1.3, Workers: 12
[2024-12-07T17:08:10.470+0800][2.489s][debug][gc,phases         ] GC(18)       Scanned Cards:            Min: 0, Avg:  8.4, Max: 48, Diff: 48, Sum: 101, Workers: 12
[2024-12-07T17:08:10.470+0800][2.489s][debug][gc,phases         ] GC(18)       Claimed Cards:            Min: 0, Avg: 18.5, Max: 64, Diff: 64, Sum: 222, Workers: 12
[2024-12-07T17:08:10.470+0800][2.489s][debug][gc,phases         ] GC(18)       Skipped Cards:            Min: 0, Avg: 55.5, Max: 192, Diff: 192, Sum: 666, Workers: 12
[2024-12-07T17:08:10.470+0800][2.489s][debug][gc,phases         ] GC(18)     Code Root Scanning (ms):  Min:  0.0, Avg:  0.0, Max:  0.1, Diff:  0.1, Sum:  0.1, Workers: 12
[2024-12-07T17:08:10.470+0800][2.489s][debug][gc,phases         ] GC(18)     AOT Root Scanning (ms):   skipped
[2024-12-07T17:08:10.470+0800][2.490s][debug][gc,phases         ] GC(18)     Object Copy (ms):         Min:  0.0, Avg:  0.1, Max:  0.2, Diff:  0.2, Sum:  1.3, Workers: 12
[2024-12-07T17:08:10.470+0800][2.490s][debug][gc,phases         ] GC(18)     Termination (ms):         Min:  0.0, Avg:  0.6, Max:  0.8, Diff:  0.8, Sum:  6.7, Workers: 12
[2024-12-07T17:08:10.471+0800][2.490s][debug][gc,phases         ] GC(18)       Termination Attempts:     Min: 1, Avg: 20.6, Max: 41, Diff: 40, Sum: 247, Workers: 12
[2024-12-07T17:08:10.471+0800][2.490s][debug][gc,phases         ] GC(18)     GC Worker Other (ms):     Min:  1.2, Avg:  3.2, Max:  4.4, Diff:  3.2, Sum: 37.9, Workers: 12
[2024-12-07T17:08:10.471+0800][2.490s][debug][gc,phases         ] GC(18)     GC Worker Total (ms):     Min:  2.6, Avg:  4.6, Max:  5.8, Diff:  3.2, Sum: 55.2, Workers: 12
[2024-12-07T17:08:10.471+0800][2.490s][info ][gc,phases         ] GC(18)   Post Evacuate Collection Set: 14.7ms
[2024-12-07T17:08:10.471+0800][2.490s][debug][gc,phases         ] GC(18)     Code Roots Fixup: 0.0ms
[2024-12-07T17:08:10.471+0800][2.490s][debug][gc,phases         ] GC(18)     Clear Card Table: 0.1ms
[2024-12-07T17:08:10.471+0800][2.490s][debug][gc,phases         ] GC(18)     Reference Processing: 0.2ms
[2024-12-07T17:08:10.471+0800][2.490s][debug][gc,phases,ref     ] GC(18)       Reconsider SoftReferences: 0.1ms
[2024-12-07T17:08:10.471+0800][2.490s][debug][gc,phases,ref     ] GC(18)         SoftRef (ms):             skipped
[2024-12-07T17:08:10.471+0800][2.491s][debug][gc,phases,ref     ] GC(18)       Notify Soft/WeakReferences: 0.0ms
[2024-12-07T17:08:10.471+0800][2.491s][debug][gc,phases,ref     ] GC(18)         SoftRef (ms):             Min:  0.0, Avg:  0.0, Max:  0.0, Diff:  0.0, Sum:  0.0, Workers: 1
[2024-12-07T17:08:10.472+0800][2.491s][debug][gc,phases,ref     ] GC(18)         WeakRef (ms):             Min:  0.0, Avg:  0.0, Max:  0.0, Diff:  0.0, Sum:  0.0, Workers: 1
[2024-12-07T17:08:10.472+0800][2.491s][debug][gc,phases,ref     ] GC(18)         FinalRef (ms):            Min:  0.0, Avg:  0.0, Max:  0.0, Diff:  0.0, Sum:  0.0, Workers: 1
[2024-12-07T17:08:10.472+0800][2.491s][debug][gc,phases,ref     ] GC(18)         Total (ms):               Min:  0.0, Avg:  0.0, Max:  0.0, Diff:  0.0, Sum:  0.0, Workers: 1
[2024-12-07T17:08:10.472+0800][2.491s][debug][gc,phases,ref     ] GC(18)       Notify and keep alive finalizable: 0.1ms
[2024-12-07T17:08:10.472+0800][2.491s][debug][gc,phases,ref     ] GC(18)         FinalRef (ms):            skipped
[2024-12-07T17:08:10.472+0800][2.491s][debug][gc,phases,ref     ] GC(18)       Notify PhantomReferences: 0.0ms
[2024-12-07T17:08:10.472+0800][2.491s][debug][gc,phases,ref     ] GC(18)         PhantomRef (ms):          Min:  0.0, Avg:  0.0, Max:  0.0, Diff:  0.0, Sum:  0.0, Workers: 1
[2024-12-07T17:08:10.472+0800][2.491s][debug][gc,phases,ref     ] GC(18)       SoftReference:
[2024-12-07T17:08:10.472+0800][2.491s][debug][gc,phases,ref     ] GC(18)         Discovered: 0
[2024-12-07T17:08:10.472+0800][2.491s][debug][gc,phases,ref     ] GC(18)         Cleared: 0
[2024-12-07T17:08:10.472+0800][2.491s][debug][gc,phases,ref     ] GC(18)       WeakReference:
[2024-12-07T17:08:10.472+0800][2.491s][debug][gc,phases,ref     ] GC(18)         Discovered: 31
[2024-12-07T17:08:10.472+0800][2.491s][debug][gc,phases,ref     ] GC(18)         Cleared: 31
[2024-12-07T17:08:10.472+0800][2.492s][debug][gc,phases,ref     ] GC(18)       FinalReference:
[2024-12-07T17:08:10.472+0800][2.492s][debug][gc,phases,ref     ] GC(18)         Discovered: 0
[2024-12-07T17:08:10.472+0800][2.492s][debug][gc,phases,ref     ] GC(18)         Cleared: 0
[2024-12-07T17:08:10.473+0800][2.492s][debug][gc,phases,ref     ] GC(18)       PhantomReference:
[2024-12-07T17:08:10.473+0800][2.492s][debug][gc,phases,ref     ] GC(18)         Discovered: 3
[2024-12-07T17:08:10.473+0800][2.492s][debug][gc,phases,ref     ] GC(18)         Cleared: 3
[2024-12-07T17:08:10.473+0800][2.492s][debug][gc,phases         ] GC(18)     Weak Processing: 0.0ms
[2024-12-07T17:08:10.473+0800][2.492s][debug][gc,phases         ] GC(18)     Merge Per-Thread State: 0.0ms
[2024-12-07T17:08:10.473+0800][2.492s][debug][gc,phases         ] GC(18)     Code Roots Purge: 0.0ms
[2024-12-07T17:08:10.473+0800][2.492s][debug][gc,phases         ] GC(18)     Redirty Cards: 0.1ms
[2024-12-07T17:08:10.473+0800][2.492s][debug][gc,phases         ] GC(18)     DerivedPointerTable Update: 0.0ms
[2024-12-07T17:08:10.473+0800][2.492s][debug][gc,phases         ] GC(18)     Free Collection Set: 0.2ms
[2024-12-07T17:08:10.473+0800][2.492s][debug][gc,phases         ] GC(18)     Humongous Reclaim: 14.0ms
[2024-12-07T17:08:10.473+0800][2.492s][debug][gc,phases         ] GC(18)     Start New Collection Set: 0.0ms
[2024-12-07T17:08:10.473+0800][2.492s][debug][gc,phases         ] GC(18)     Resize TLABs: 0.0ms
[2024-12-07T17:08:10.473+0800][2.492s][debug][gc,phases         ] GC(18)     Expand Heap After Collection: 0.0ms
[2024-12-07T17:08:10.473+0800][2.493s][info ][gc,phases         ] GC(18)   Other: 1.7ms
[2024-12-07T17:08:10.473+0800][2.493s][info ][gc,heap           ] GC(18) Eden regions: 1->0(26)
[2024-12-07T17:08:10.473+0800][2.493s][info ][gc,heap           ] GC(18) Survivor regions: 1->1(5)
[2024-12-07T17:08:10.474+0800][2.493s][info ][gc,heap           ] GC(18) Old regions: 2->2
[2024-12-07T17:08:10.474+0800][2.493s][info ][gc,heap           ] GC(18) Humongous regions: 400->400
[2024-12-07T17:08:10.474+0800][2.493s][info ][gc,metaspace      ] GC(18) Metaspace: 558K(4864K)->558K(4864K) NonClass: 512K(4352K)->512K(4352K) Class: 46K(512K)->46K(512K)
[2024-12-07T17:08:10.474+0800][2.493s][debug][gc,heap           ] GC(18) Heap after GC invocations=19 (full 0): garbage-first heap   total 517120K, used 410789K [0x00000000e0000000, 0x0000000100000000)
[2024-12-07T17:08:10.474+0800][2.493s][debug][gc,heap           ] GC(18)   region size 1024K, 1 young (1024K), 1 survivors (1024K)
[2024-12-07T17:08:10.474+0800][2.493s][debug][gc,heap           ] GC(18)  Metaspace       used 558K, capacity 4570K, committed 4864K, reserved 1056768K
[2024-12-07T17:08:10.474+0800][2.493s][debug][gc,heap           ] GC(18)   class space    used 46K, capacity 419K, committed 512K, reserved 1048576K
[2024-12-07T17:08:10.474+0800][2.493s][info ][gc                ] GC(18) Pause Young (Concurrent Start) (G1 Humongous Allocation) 401M->401M(505M) 27.047ms
[2024-12-07T17:08:10.474+0800][2.493s][info ][gc,cpu            ] GC(18) User=0.02s Sys=0.00s Real=0.02s
[2024-12-07T17:08:10.474+0800][2.493s][info ][gc                ] GC(19) Concurrent Cycle
[2024-12-07T17:08:10.474+0800][2.493s][info ][gc,marking        ] GC(19) Concurrent Clear Claimed Marks
[2024-12-07T17:08:10.474+0800][2.493s][info ][gc,marking        ] GC(19) Concurrent Clear Claimed Marks 0.070ms
[2024-12-07T17:08:10.474+0800][2.494s][info ][gc,marking        ] GC(19) Concurrent Scan Root Regions
[2024-12-07T17:08:10.474+0800][2.494s][debug][gc,ergo           ] GC(19) Running G1 Root Region Scan using 1 workers for 1 work units.
[2024-12-07T17:08:10.475+0800][2.494s][info ][gc,marking        ] GC(19) Concurrent Scan Root Regions 0.426ms
[2024-12-07T17:08:10.475+0800][2.494s][info ][gc,marking        ] GC(19) Concurrent Mark (2.494s)
[2024-12-07T17:08:10.475+0800][2.494s][info ][gc,marking        ] GC(19) Concurrent Mark From Roots
[2024-12-07T17:08:10.475+0800][2.494s][info ][gc,task           ] GC(19) Using 5 workers of 5 for marking
[2024-12-07T17:08:10.476+0800][2.495s][debug][gc,stats          ] ---------------------------------------------------------------------
[2024-12-07T17:08:10.476+0800][2.495s][debug][gc,stats          ] Marking Stats, task = 0, calls = 26
[2024-12-07T17:08:10.476+0800][2.495s][debug][gc,stats          ]   Elapsed time = 0.45ms, Termination time = 0.00ms
[2024-12-07T17:08:10.476+0800][2.495s][debug][gc,stats          ]   Step Times (cum): num = 917, avg = 0.01ms, sd = 0.11ms max = 2.63ms, total = 6.06ms
[2024-12-07T17:08:10.476+0800][2.495s][debug][gc,stats          ]   Mark Stats Cache: hits 4511 misses 201 ratio 95.734
[2024-12-07T17:08:10.476+0800][2.495s][debug][gc,stats          ] ---------------------------------------------------------------------
[2024-12-07T17:08:10.476+0800][2.495s][debug][gc,stats          ] Marking Stats, task = 1, calls = 1
[2024-12-07T17:08:10.476+0800][2.495s][debug][gc,stats          ]   Elapsed time = 0.43ms, Termination time = 0.00ms
[2024-12-07T17:08:10.476+0800][2.496s][debug][gc,stats          ]   Step Times (cum): num = 240, avg = 0.02ms, sd = 0.21ms max = 2.64ms, total = 5.93ms
[2024-12-07T17:08:10.476+0800][2.496s][debug][gc,stats          ]   Mark Stats Cache: hits 4351 misses 2 ratio 99.954
[2024-12-07T17:08:10.477+0800][2.496s][debug][gc,stats          ] ---------------------------------------------------------------------
[2024-12-07T17:08:10.477+0800][2.496s][debug][gc,stats          ] Marking Stats, task = 2, calls = 37
[2024-12-07T17:08:10.477+0800][2.496s][debug][gc,stats          ]   Elapsed time = 0.43ms, Termination time = 0.00ms
[2024-12-07T17:08:10.477+0800][2.496s][debug][gc,stats          ]   Step Times (cum): num = 311, avg = 0.02ms, sd = 0.17ms max = 2.65ms, total = 5.48ms
[2024-12-07T17:08:10.477+0800][2.496s][debug][gc,stats          ]   Mark Stats Cache: hits 585 misses 2 ratio 99.659
[2024-12-07T17:08:10.477+0800][2.496s][debug][gc,stats          ] ---------------------------------------------------------------------
[2024-12-07T17:08:10.477+0800][2.496s][debug][gc,stats          ] Marking Stats, task = 3, calls = 31
[2024-12-07T17:08:10.477+0800][2.496s][debug][gc,stats          ]   Elapsed time = 0.43ms, Termination time = 0.00ms
[2024-12-07T17:08:10.477+0800][2.496s][debug][gc,stats          ]   Step Times (cum): num = 269, avg = 0.02ms, sd = 0.20ms max = 2.63ms, total = 5.90ms
[2024-12-07T17:08:10.477+0800][2.496s][debug][gc,stats          ]   Mark Stats Cache: hits 663 misses 2 ratio 99.699
[2024-12-07T17:08:10.477+0800][2.496s][debug][gc,stats          ] ---------------------------------------------------------------------
[2024-12-07T17:08:10.477+0800][2.496s][debug][gc,stats          ] Marking Stats, task = 4, calls = 26
[2024-12-07T17:08:10.477+0800][2.496s][debug][gc,stats          ]   Elapsed time = 0.42ms, Termination time = 0.00ms
[2024-12-07T17:08:10.477+0800][2.497s][debug][gc,stats          ]   Step Times (cum): num = 275, avg = 0.02ms, sd = 0.19ms max = 2.66ms, total = 5.54ms
[2024-12-07T17:08:10.477+0800][2.497s][debug][gc,stats          ]   Mark Stats Cache: hits 375 misses 1 ratio 99.734
[2024-12-07T17:08:10.477+0800][2.497s][debug][gc,stats          ] ---------------------------------------------------------------------
[2024-12-07T17:08:10.478+0800][2.497s][info ][gc,marking        ] GC(19) Concurrent Mark From Roots 2.626ms
[2024-12-07T17:08:10.478+0800][2.497s][info ][gc,marking        ] GC(19) Concurrent Preclean
[2024-12-07T17:08:10.478+0800][2.497s][debug][gc,ref,start      ] GC(19) Preclean SoftReferences
[2024-12-07T17:08:10.478+0800][2.497s][debug][gc,ref            ] GC(19) Preclean SoftReferences 0.077ms
[2024-12-07T17:08:10.478+0800][2.497s][debug][gc,ref,start      ] GC(19) Preclean WeakReferences
[2024-12-07T17:08:10.478+0800][2.497s][debug][gc,ref            ] GC(19) Preclean WeakReferences 0.070ms
[2024-12-07T17:08:10.478+0800][2.497s][debug][gc,ref,start      ] GC(19) Preclean FinalReferences
[2024-12-07T17:08:10.478+0800][2.497s][debug][gc,ref            ] GC(19) Preclean FinalReferences 0.070ms
[2024-12-07T17:08:10.478+0800][2.497s][debug][gc,ref,start      ] GC(19) Preclean PhantomReferences
[2024-12-07T17:08:10.478+0800][2.497s][debug][gc,ref            ] GC(19) Preclean PhantomReferences 0.070ms
[2024-12-07T17:08:10.478+0800][2.497s][info ][gc,marking        ] GC(19) Concurrent Preclean 0.596ms
[2024-12-07T17:08:10.478+0800][2.497s][info ][gc,marking        ] GC(19) Concurrent Mark (2.494s, 2.497s) 3.415ms
[2024-12-07T17:08:10.478+0800][2.498s][info ][gc,start          ] GC(19) Pause Remark
[2024-12-07T17:08:10.479+0800][2.498s][debug][gc,phases,start   ] GC(19) Finalize Marking
[2024-12-07T17:08:10.483+0800][2.502s][debug][gc,stats          ] ---------------------------------------------------------------------
[2024-12-07T17:08:10.483+0800][2.502s][debug][gc,stats          ] Marking Stats, task = 0, calls = 99
[2024-12-07T17:08:10.484+0800][2.503s][debug][gc,stats          ]   Elapsed time = 4.29ms, Termination time = 3.57ms
[2024-12-07T17:08:10.484+0800][2.503s][debug][gc,stats          ]   Step Times (cum): num = 990, avg = 0.01ms, sd = 0.15ms max = 3.57ms, total = 9.63ms
[2024-12-07T17:08:10.484+0800][2.503s][debug][gc,stats          ]   Mark Stats Cache: hits 4511 misses 201 ratio 95.734
[2024-12-07T17:08:10.484+0800][2.503s][debug][gc,stats          ] ---------------------------------------------------------------------
[2024-12-07T17:08:10.484+0800][2.504s][debug][gc,stats          ] Marking Stats, task = 1, calls = 2
[2024-12-07T17:08:10.485+0800][2.504s][debug][gc,stats          ]   Elapsed time = 4.28ms, Termination time = 3.56ms
[2024-12-07T17:08:10.485+0800][2.504s][debug][gc,stats          ]   Step Times (cum): num = 241, avg = 0.04ms, sd = 0.31ms max = 3.56ms, total = 9.49ms
[2024-12-07T17:08:10.485+0800][2.504s][debug][gc,stats          ]   Mark Stats Cache: hits 4351 misses 2 ratio 99.954
[2024-12-07T17:08:10.485+0800][2.504s][debug][gc,stats          ] ---------------------------------------------------------------------
[2024-12-07T17:08:10.485+0800][2.504s][debug][gc,stats          ] Marking Stats, task = 2, calls = 38
[2024-12-07T17:08:10.485+0800][2.504s][debug][gc,stats          ]   Elapsed time = 4.28ms, Termination time = 3.57ms
[2024-12-07T17:08:10.485+0800][2.505s][debug][gc,stats          ]   Step Times (cum): num = 312, avg = 0.03ms, sd = 0.26ms max = 3.57ms, total = 9.05ms
[2024-12-07T17:08:10.485+0800][2.505s][debug][gc,stats          ]   Mark Stats Cache: hits 585 misses 2 ratio 99.659
[2024-12-07T17:08:10.486+0800][2.505s][debug][gc,stats          ] ---------------------------------------------------------------------
[2024-12-07T17:08:10.486+0800][2.505s][debug][gc,stats          ] Marking Stats, task = 3, calls = 32
[2024-12-07T17:08:10.486+0800][2.505s][debug][gc,stats          ]   Elapsed time = 4.29ms, Termination time = 3.57ms
[2024-12-07T17:08:10.486+0800][2.505s][debug][gc,stats          ]   Step Times (cum): num = 270, avg = 0.04ms, sd = 0.29ms max = 3.57ms, total = 9.47ms
[2024-12-07T17:08:10.486+0800][2.505s][debug][gc,stats          ]   Mark Stats Cache: hits 663 misses 2 ratio 99.699
[2024-12-07T17:08:10.486+0800][2.505s][debug][gc,stats          ] ---------------------------------------------------------------------
[2024-12-07T17:08:10.486+0800][2.505s][debug][gc,stats          ] Marking Stats, task = 4, calls = 27
[2024-12-07T17:08:10.486+0800][2.505s][debug][gc,stats          ]   Elapsed time = 4.29ms, Termination time = 3.57ms
[2024-12-07T17:08:10.486+0800][2.505s][debug][gc,stats          ]   Step Times (cum): num = 276, avg = 0.03ms, sd = 0.28ms max = 3.57ms, total = 9.11ms
[2024-12-07T17:08:10.486+0800][2.505s][debug][gc,stats          ]   Mark Stats Cache: hits 375 misses 1 ratio 99.734
[2024-12-07T17:08:10.486+0800][2.506s][debug][gc,stats          ] ---------------------------------------------------------------------
[2024-12-07T17:08:10.486+0800][2.506s][debug][gc,stats          ] Marking Stats, task = 5, calls = 1
[2024-12-07T17:08:10.487+0800][2.506s][debug][gc,stats          ]   Elapsed time = 4.44ms, Termination time = 3.61ms
[2024-12-07T17:08:10.487+0800][2.506s][debug][gc,stats          ]   Step Times (cum): num = 10, avg = 0.87ms, sd = 1.22ms max = 3.61ms, total = 8.72ms
[2024-12-07T17:08:10.487+0800][2.506s][debug][gc,stats          ]   Mark Stats Cache: hits 0 misses 0 ratio 0.000
[2024-12-07T17:08:10.487+0800][2.506s][debug][gc,stats          ] ---------------------------------------------------------------------
[2024-12-07T17:08:10.487+0800][2.506s][debug][gc,stats          ] Marking Stats, task = 6, calls = 1
[2024-12-07T17:08:10.487+0800][2.506s][debug][gc,stats          ]   Elapsed time = 4.29ms, Termination time = 3.57ms
[2024-12-07T17:08:10.487+0800][2.506s][debug][gc,stats          ]   Step Times (cum): num = 10, avg = 0.91ms, sd = 1.23ms max = 3.57ms, total = 9.14ms
[2024-12-07T17:08:10.487+0800][2.506s][debug][gc,stats          ]   Mark Stats Cache: hits 0 misses 0 ratio 0.000
[2024-12-07T17:08:10.487+0800][2.506s][debug][gc,stats          ] ---------------------------------------------------------------------
[2024-12-07T17:08:10.487+0800][2.506s][debug][gc,stats          ] Marking Stats, task = 7, calls = 1
[2024-12-07T17:08:10.487+0800][2.506s][debug][gc,stats          ]   Elapsed time = 4.16ms, Termination time = 3.61ms
[2024-12-07T17:08:10.487+0800][2.506s][debug][gc,stats          ]   Step Times (cum): num = 10, avg = 0.89ms, sd = 1.24ms max = 3.61ms, total = 8.89ms
[2024-12-07T17:08:10.488+0800][2.507s][debug][gc,stats          ]   Mark Stats Cache: hits 0 misses 0 ratio 0.000
[2024-12-07T17:08:10.488+0800][2.507s][debug][gc,stats          ] ---------------------------------------------------------------------
[2024-12-07T17:08:10.488+0800][2.507s][debug][gc,stats          ] Marking Stats, task = 8, calls = 1
[2024-12-07T17:08:10.488+0800][2.507s][debug][gc,stats          ]   Elapsed time = 4.06ms, Termination time = 3.61ms
[2024-12-07T17:08:10.488+0800][2.507s][debug][gc,stats          ]   Step Times (cum): num = 10, avg = 0.92ms, sd = 1.22ms max = 3.61ms, total = 9.24ms
[2024-12-07T17:08:10.488+0800][2.507s][debug][gc,stats          ]   Mark Stats Cache: hits 0 misses 0 ratio 0.000
[2024-12-07T17:08:10.488+0800][2.507s][debug][gc,stats          ] ---------------------------------------------------------------------
[2024-12-07T17:08:10.488+0800][2.507s][debug][gc,stats          ] Marking Stats, task = 9, calls = 1
[2024-12-07T17:08:10.488+0800][2.507s][debug][gc,stats          ]   Elapsed time = 4.11ms, Termination time = 3.64ms
[2024-12-07T17:08:10.488+0800][2.507s][debug][gc,stats          ]   Step Times (cum): num = 10, avg = 0.92ms, sd = 1.25ms max = 3.64ms, total = 9.19ms
[2024-12-07T17:08:10.488+0800][2.508s][debug][gc,stats          ]   Mark Stats Cache: hits 0 misses 0 ratio 0.000
[2024-12-07T17:08:10.488+0800][2.508s][debug][gc,stats          ] ---------------------------------------------------------------------
[2024-12-07T17:08:10.489+0800][2.508s][debug][gc,stats          ] Marking Stats, task = 10, calls = 1
[2024-12-07T17:08:10.489+0800][2.508s][debug][gc,stats          ]   Elapsed time = 0.76ms, Termination time = 0.72ms
[2024-12-07T17:08:10.489+0800][2.508s][debug][gc,stats          ]   Step Times (cum): num = 10, avg = 0.29ms, sd = 0.46ms max = 1.32ms, total = 2.86ms
[2024-12-07T17:08:10.489+0800][2.508s][debug][gc,stats          ]   Mark Stats Cache: hits 0 misses 0 ratio 0.000
[2024-12-07T17:08:10.489+0800][2.508s][debug][gc,stats          ] ---------------------------------------------------------------------
[2024-12-07T17:08:10.489+0800][2.508s][debug][gc,stats          ] Marking Stats, task = 11, calls = 1
[2024-12-07T17:08:10.489+0800][2.508s][debug][gc,stats          ]   Elapsed time = 0.01ms, Termination time = 0.00ms
[2024-12-07T17:08:10.489+0800][2.508s][debug][gc,stats          ]   Step Times (cum): num = 10, avg = 0.00ms, sd = 0.00ms max = 0.00ms, total = 0.00ms
[2024-12-07T17:08:10.489+0800][2.508s][debug][gc,stats          ]   Mark Stats Cache: hits 0 misses 0 ratio 0.000
[2024-12-07T17:08:10.489+0800][2.508s][debug][gc,stats          ] ---------------------------------------------------------------------
[2024-12-07T17:08:10.489+0800][2.508s][debug][gc,phases         ] GC(19) Finalize Marking 10.656ms
[2024-12-07T17:08:10.489+0800][2.508s][debug][gc,phases,start   ] GC(19) Reference Processing
[2024-12-07T17:08:10.489+0800][2.508s][debug][gc,ref            ] GC(19) Skipped phase1 of Reference Processing due to unavailable references
[2024-12-07T17:08:10.489+0800][2.509s][debug][gc,ref            ] GC(19) Skipped phase2 of Reference Processing due to unavailable references
[2024-12-07T17:08:10.489+0800][2.509s][debug][gc,ref            ] GC(19) Skipped phase3 of Reference Processing due to unavailable references
[2024-12-07T17:08:10.489+0800][2.509s][debug][gc,ref            ] GC(19) Skipped phase4 of Reference Processing due to unavailable references
[2024-12-07T17:08:10.490+0800][2.509s][debug][gc,phases,ref     ] GC(19) Reference Processing: 0.3ms
[2024-12-07T17:08:10.490+0800][2.509s][debug][gc,phases,ref     ] GC(19)   Reconsider SoftReferences: 0.1ms
[2024-12-07T17:08:10.490+0800][2.509s][debug][gc,phases,ref     ] GC(19)     SoftRef (ms):             skipped
[2024-12-07T17:08:10.490+0800][2.509s][debug][gc,phases,ref     ] GC(19)   Notify Soft/WeakReferences: 0.1ms
[2024-12-07T17:08:10.490+0800][2.509s][debug][gc,phases,ref     ] GC(19)     SoftRef (ms):             skipped
[2024-12-07T17:08:10.490+0800][2.509s][debug][gc,phases,ref     ] GC(19)     WeakRef (ms):             skipped
[2024-12-07T17:08:10.490+0800][2.509s][debug][gc,phases,ref     ] GC(19)     FinalRef (ms):            skipped
[2024-12-07T17:08:10.490+0800][2.509s][debug][gc,phases,ref     ] GC(19)     Total (ms):               skipped
[2024-12-07T17:08:10.490+0800][2.509s][debug][gc,phases,ref     ] GC(19)   Notify and keep alive finalizable: 0.1ms
[2024-12-07T17:08:10.490+0800][2.509s][debug][gc,phases,ref     ] GC(19)     FinalRef (ms):            skipped
[2024-12-07T17:08:10.490+0800][2.509s][debug][gc,phases,ref     ] GC(19)   Notify PhantomReferences: 0.1ms
[2024-12-07T17:08:10.490+0800][2.509s][debug][gc,phases,ref     ] GC(19)     PhantomRef (ms):          skipped
[2024-12-07T17:08:10.490+0800][2.510s][debug][gc,phases,ref     ] GC(19)   SoftReference:
[2024-12-07T17:08:10.490+0800][2.510s][debug][gc,phases,ref     ] GC(19)     Discovered: 0
[2024-12-07T17:08:10.490+0800][2.510s][debug][gc,phases,ref     ] GC(19)     Cleared: 0
[2024-12-07T17:08:10.491+0800][2.510s][debug][gc,phases,ref     ] GC(19)   WeakReference:
[2024-12-07T17:08:10.491+0800][2.510s][debug][gc,phases,ref     ] GC(19)     Discovered: 0
[2024-12-07T17:08:10.491+0800][2.510s][debug][gc,phases,ref     ] GC(19)     Cleared: 0
[2024-12-07T17:08:10.491+0800][2.510s][debug][gc,phases,ref     ] GC(19)   FinalReference:
[2024-12-07T17:08:10.491+0800][2.510s][debug][gc,phases,ref     ] GC(19)     Discovered: 0
[2024-12-07T17:08:10.491+0800][2.510s][debug][gc,phases,ref     ] GC(19)     Cleared: 0
[2024-12-07T17:08:10.491+0800][2.510s][debug][gc,phases,ref     ] GC(19)   PhantomReference:
[2024-12-07T17:08:10.491+0800][2.510s][debug][gc,phases,ref     ] GC(19)     Discovered: 0
[2024-12-07T17:08:10.491+0800][2.510s][debug][gc,phases,ref     ] GC(19)     Cleared: 0
[2024-12-07T17:08:10.491+0800][2.510s][debug][gc,phases         ] GC(19) Reference Processing 1.863ms
[2024-12-07T17:08:10.491+0800][2.510s][debug][gc,phases,start   ] GC(19) Weak Processing
[2024-12-07T17:08:10.491+0800][2.510s][debug][gc,phases         ] GC(19) Weak Processing 0.066ms
[2024-12-07T17:08:10.491+0800][2.510s][debug][gc,phases,start   ] GC(19) Class Unloading
[2024-12-07T17:08:10.491+0800][2.511s][debug][gc,phases,start   ] GC(19) ClassLoaderData
[2024-12-07T17:08:10.491+0800][2.511s][debug][gc,phases         ] GC(19) ClassLoaderData 0.077ms
[2024-12-07T17:08:10.491+0800][2.511s][debug][gc,phases,start   ] GC(19) ProtectionDomainCacheTable
[2024-12-07T17:08:10.492+0800][2.511s][debug][gc,phases         ] GC(19) ProtectionDomainCacheTable 0.063ms
[2024-12-07T17:08:10.492+0800][2.511s][info ][gc,stringtable    ] GC(19) Cleaned string and symbol table, strings: 39 processed, 0 removed, symbols: 191 processed, 0 removed
[2024-12-07T17:08:10.492+0800][2.511s][debug][gc,phases         ] GC(19) Class Unloading 0.745ms
[2024-12-07T17:08:10.492+0800][2.511s][debug][gc,phases,start   ] GC(19) Flush Task Caches
[2024-12-07T17:08:10.492+0800][2.511s][debug][gc,stats          ] Mark stats cache hits 10485 misses 208 ratio 98.055
[2024-12-07T17:08:10.492+0800][2.511s][debug][gc,phases         ] GC(19) Flush Task Caches 0.152ms
[2024-12-07T17:08:10.492+0800][2.511s][debug][gc,phases,start   ] GC(19) Update Remembered Set Tracking Before Rebuild
[2024-12-07T17:08:10.492+0800][2.512s][debug][gc,ergo           ] GC(19) Running G1 Update RemSet Tracking Before Rebuild using 2 workers for 505 regions in heap
[2024-12-07T17:08:10.493+0800][2.512s][debug][gc,remset,tracking] GC(19) Remembered Set Tracking update regions total 505, selected 0
[2024-12-07T17:08:10.493+0800][2.512s][debug][gc,phases         ] GC(19) Update Remembered Set Tracking Before Rebuild 0.264ms
[2024-12-07T17:08:10.493+0800][2.512s][debug][gc,phases,start   ] GC(19) Reclaim Empty Regions
[2024-12-07T17:08:10.493+0800][2.512s][debug][gc,phases         ] GC(19) Reclaim Empty Regions 0.165ms
[2024-12-07T17:08:10.493+0800][2.512s][debug][gc,phases,start   ] GC(19) Purge Metaspace
[2024-12-07T17:08:10.493+0800][2.512s][debug][gc,phases         ] GC(19) Purge Metaspace 0.075ms
[2024-12-07T17:08:10.493+0800][2.512s][debug][gc,phases,start   ] GC(19) Report Object Count
[2024-12-07T17:08:10.493+0800][2.512s][debug][gc,phases         ] GC(19) Report Object Count 0.073ms
[2024-12-07T17:08:10.493+0800][2.512s][info ][gc                ] GC(19) Pause Remark 421M->421M(505M) 14.762ms
[2024-12-07T17:08:10.493+0800][2.512s][info ][gc,cpu            ] GC(19) User=0.04s Sys=0.01s Real=0.01s
[2024-12-07T17:08:10.493+0800][2.513s][info ][gc,marking        ] GC(19) Concurrent Rebuild Remembered Sets
[2024-12-07T17:08:10.494+0800][2.513s][info ][gc,marking        ] GC(19) Concurrent Rebuild Remembered Sets 0.265ms
[2024-12-07T17:08:10.494+0800][2.513s][info ][gc,start          ] GC(19) Pause Cleanup
[2024-12-07T17:08:10.494+0800][2.513s][debug][gc,phases,start   ] GC(19) Update Remembered Set Tracking After Rebuild
[2024-12-07T17:08:10.494+0800][2.513s][debug][gc,phases         ] GC(19) Update Remembered Set Tracking After Rebuild 0.075ms
[2024-12-07T17:08:10.494+0800][2.513s][debug][gc,phases,start   ] GC(19) Finalize Concurrent Mark Cleanup
[2024-12-07T17:08:10.494+0800][2.513s][debug][gc,ergo           ] GC(19) request young-only gcs (candidate old regions not available)
[2024-12-07T17:08:10.494+0800][2.513s][debug][gc,phases         ] GC(19) Finalize Concurrent Mark Cleanup 0.233ms
[2024-12-07T17:08:10.494+0800][2.514s][info ][gc                ] GC(19) Pause Cleanup 421M->421M(505M) 0.511ms
[2024-12-07T17:08:10.494+0800][2.514s][info ][gc,cpu            ] GC(19) User=0.00s Sys=0.00s Real=0.00s
[2024-12-07T17:08:10.494+0800][2.514s][info ][gc,marking        ] GC(19) Concurrent Cleanup for Next Mark
[2024-12-07T17:08:10.495+0800][2.514s][debug][gc,ergo           ] GC(19) Running G1 Clear Bitmap with 5 workers for 8 work units.
[2024-12-07T17:08:10.495+0800][2.514s][info ][gc,marking        ] GC(19) Concurrent Cleanup for Next Mark 0.274ms
[2024-12-07T17:08:10.495+0800][2.514s][info ][gc                ] GC(19) Concurrent Cycle 20.686ms
[2024-12-07T17:08:10.582+0800][2.601s][debug][gc,ergo,ihop      ] Request concurrent cycle initiation (occupancy higher than threshold) occupancy: 442499072B allocation request: 1048592B threshold: 238288896B (45.00) source: concurrent humongous allocation
[2024-12-07T17:08:10.582+0800][2.601s][debug][gc,ergo           ] Request concurrent cycle initiation (requested by GC cause). GC cause: G1 Humongous Allocation
[2024-12-07T17:08:10.582+0800][2.602s][debug][gc,heap           ] GC(20) Heap before GC invocations=20 (full 0): garbage-first heap   total 517120K, used 431269K [0x00000000e0000000, 0x0000000100000000)
[2024-12-07T17:08:10.582+0800][2.602s][debug][gc,heap           ] GC(20)   region size 1024K, 2 young (2048K), 1 survivors (1024K)
[2024-12-07T17:08:10.583+0800][2.602s][debug][gc,heap           ] GC(20)  Metaspace       used 558K, capacity 4570K, committed 4864K, reserved 1056768K
[2024-12-07T17:08:10.583+0800][2.602s][debug][gc,heap           ] GC(20)   class space    used 46K, capacity 419K, committed 512K, reserved 1048576K
[2024-12-07T17:08:10.583+0800][2.602s][debug][gc,ergo           ] GC(20) Initiate concurrent cycle (concurrent cycle initiation requested)
[2024-12-07T17:08:10.583+0800][2.602s][info ][gc,start          ] GC(20) Pause Young (Concurrent Start) (G1 Humongous Allocation)
[2024-12-07T17:08:10.583+0800][2.602s][info ][gc,task           ] GC(20) Using 12 workers of 18 for evacuation
[2024-12-07T17:08:10.583+0800][2.602s][debug][gc,tlab           ] GC(20) TLAB totals: thrds: 1  refills: 1 max: 1 slow allocs: 1 max 1 waste: 100.0% gc: 524128B max: 524128B slow: 0B max: 0B fast: 0B max: 0B
[2024-12-07T17:08:10.583+0800][2.602s][debug][gc,alloc,region   ] GC(20) Mutator Allocation stats, regions: 1, wasted size: 0B ( 0.0%)
[2024-12-07T17:08:10.583+0800][2.602s][debug][gc,age            ] GC(20) Desired survivor size 2097152 bytes, new threshold 15 (max threshold 15)
[2024-12-07T17:08:10.583+0800][2.603s][debug][gc,ergo,cset      ] GC(20) Finish choosing CSet. old: 0 regions, predicted old region time: 0.00ms, time remaining: 181.74
[2024-12-07T17:08:10.583+0800][2.603s][debug][gc,task,stats     ] GC(20) GC Termination Stats
[2024-12-07T17:08:10.584+0800][2.603s][debug][gc,task,stats     ] GC(20)      elapsed  --strong roots-- -------termination------- ------waste (KiB)------
[2024-12-07T17:08:10.584+0800][2.603s][debug][gc,task,stats     ] GC(20) thr     ms        ms      %        ms      %    attempts  total   alloc    undo
[2024-12-07T17:08:10.584+0800][2.603s][debug][gc,task,stats     ] GC(20) --- --------- --------- ------ --------- ------ -------- ------- ------- -------
[2024-12-07T17:08:10.585+0800][2.605s][debug][gc,task,stats     ] GC(20)   9      1.51      1.50  99.82      0.00   0.01        1       0       0       0
[2024-12-07T17:08:10.586+0800][2.605s][debug][gc,task,stats     ] GC(20)   7      1.69      0.53  31.10      0.98  58.24        2       0       0       0
[2024-12-07T17:08:10.586+0800][2.605s][debug][gc,task,stats     ] GC(20)  11      1.80      0.74  41.07      0.78  43.58        1       0       0       0
[2024-12-07T17:08:10.586+0800][2.605s][debug][gc,task,stats     ] GC(20)  10      2.13      0.74  34.68      0.78  36.42        1       0       0       0
[2024-12-07T17:08:10.587+0800][2.606s][debug][gc,task,stats     ] GC(20)   6      2.59      0.55  21.23      0.96  36.85        2       0       0       0
[2024-12-07T17:08:10.587+0800][2.606s][debug][gc,task,stats     ] GC(20)   5      2.88      0.82  28.48      0.72  25.09        1       0       0       0
[2024-12-07T17:08:10.587+0800][2.606s][debug][gc,task,stats     ] GC(20)   0      3.23      0.61  18.94      0.95  29.49        2       1       1       0
[2024-12-07T17:08:10.587+0800][2.607s][debug][gc,task,stats     ] GC(20)   2      3.50      0.77  22.08      0.79  22.49        1       0       0       0
[2024-12-07T17:08:10.588+0800][2.607s][debug][gc,task,stats     ] GC(20)   3      3.76      0.67  17.70      0.89  23.56        1       0       0       0
[2024-12-07T17:08:10.588+0800][2.607s][debug][gc,task,stats     ] GC(20)   1      4.05      0.59  14.69      0.94  23.25        2       0       0       0
[2024-12-07T17:08:10.588+0800][2.607s][debug][gc,task,stats     ] GC(20)   8      4.28      0.55  12.85      0.94  21.94        2       0       0       0
[2024-12-07T17:08:10.588+0800][2.608s][debug][gc,task,stats     ] GC(20)   4      4.43      0.60  13.64      0.93  21.08        1       0       0       0
[2024-12-07T17:08:10.588+0800][2.608s][debug][gc,ergo           ] GC(20) Running G1 Clear Card Table Task using 1 workers for 1 units of work for 3 regions.
[2024-12-07T17:08:10.589+0800][2.608s][debug][gc,ref            ] GC(20) Skipped phase1 of Reference Processing due to unavailable references
[2024-12-07T17:08:10.589+0800][2.608s][debug][gc,ref            ] GC(20) Skipped phase3 of Reference Processing due to unavailable references
[2024-12-07T17:08:10.589+0800][2.608s][debug][gc,ergo           ] GC(20) Running G1 Free Collection Set using 1 workers for collection set length 2
[2024-12-07T17:08:10.589+0800][2.608s][debug][gc,humongous      ] GC(20) Live humongous region 0 object size 1048592 start 0x00000000e0000000  with remset 0 code roots 0 is marked 0 reclaim candidate 0 type array 1
[2024-12-07T17:08:10.589+0800][2.609s][debug][gc,humongous      ] GC(20) Live humongous region 2 object size 1048592 start 0x00000000e0200000  with remset 0 code roots 0 is marked 0 reclaim candidate 0 type array 1
[2024-12-07T17:08:10.589+0800][2.609s][debug][gc,humongous      ] GC(20) Live humongous region 4 object size 1048592 start 0x00000000e0400000  with remset 0 code roots 0 is marked 0 reclaim candidate 0 type array 1
[2024-12-07T17:08:10.590+0800][2.609s][debug][gc,humongous      ] GC(20) Live humongous region 6 object size 1048592 start 0x00000000e0600000  with remset 0 code roots 0 is marked 0 reclaim candidate 0 type array 1
[2024-12-07T17:08:10.590+0800][2.609s][debug][gc,humongous      ] GC(20) Live humongous region 8 object size 1048592 start 0x00000000e0800000  with remset 0 code roots 0 is marked 0 reclaim candidate 0 type array 1
[2024-12-07T17:08:10.590+0800][2.609s][debug][gc,humongous      ] GC(20) Live humongous region 10 object size 1048592 start 0x00000000e0a00000  with remset 0 code roots 0 is marked 0 reclaim candidate 0 type array 1
[2024-12-07T17:08:10.590+0800][2.609s][debug][gc,humongous      ] GC(20) Live humongous region 12 object size 1048592 start 0x00000000e0c00000  with remset 0 code roots 0 is marked 0 reclaim candidate 0 type array 1
[2024-12-07T17:08:10.590+0800][2.609s][debug][gc,humongous      ] GC(20) Live humongous region 14 object size 1048592 start 0x00000000e0e00000  with remset 0 code roots 0 is marked 0 reclaim candidate 0 type array 1
[2024-12-07T17:08:10.590+0800][2.609s][debug][gc,humongous      ] GC(20) Live humongous region 16 object size 1048592 start 0x00000000e1000000  with remset 0 code roots 0 is marked 0 reclaim candidate 0 type array 1
[2024-12-07T17:08:10.590+0800][2.609s][debug][gc,humongous      ] GC(20) Live humongous region 18 object size 1048592 start 0x00000000e1200000  with remset 0 code roots 0 is marked 0 reclaim candidate 0 type array 1
[2024-12-07T17:08:10.590+0800][2.610s][debug][gc,humongous      ] GC(20) Live humongous region 20 object size 1048592 start 0x00000000e1400000  with remset 0 code roots 0 is marked 0 reclaim candidate 0 type array 1
[2024-12-07T17:08:10.590+0800][2.610s][debug][gc,humongous      ] GC(20) Live humongous region 22 object size 1048592 start 0x00000000e1600000  with remset 0 code roots 0 is marked 0 reclaim candidate 0 type array 1
[2024-12-07T17:08:10.591+0800][2.610s][debug][gc,humongous      ] GC(20) Live humongous region 24 object size 1048592 start 0x00000000e1800000  with remset 0 code roots 0 is marked 0 reclaim candidate 0 type array 1
[2024-12-07T17:08:10.591+0800][2.610s][debug][gc,humongous      ] GC(20) Live humongous region 26 object size 1048592 start 0x00000000e1a00000  with remset 0 code roots 0 is marked 0 reclaim candidate 0 type array 1
[2024-12-07T17:08:10.591+0800][2.610s][debug][gc,humongous      ] GC(20) Live humongous region 28 object size 1048592 start 0x00000000e1c00000  with remset 0 code roots 0 is marked 0 reclaim candidate 0 type array 1
[2024-12-07T17:08:10.591+0800][2.610s][debug][gc,humongous      ] GC(20) Live humongous region 30 object size 1048592 start 0x00000000e1e00000  with remset 0 code roots 0 is marked 0 reclaim candidate 0 type array 1
[2024-12-07T17:08:10.591+0800][2.610s][debug][gc,humongous      ] GC(20) Live humongous region 32 object size 1048592 start 0x00000000e2000000  with remset 0 code roots 0 is marked 0 reclaim candidate 0 type array 1
[2024-12-07T17:08:10.591+0800][2.610s][debug][gc,humongous      ] GC(20) Live humongous region 34 object size 1048592 start 0x00000000e2200000  with remset 0 code roots 0 is marked 0 reclaim candidate 0 type array 1
[2024-12-07T17:08:10.591+0800][2.610s][debug][gc,humongous      ] GC(20) Live humongous region 36 object size 1048592 start 0x00000000e2400000  with remset 0 code roots 0 is marked 0 reclaim candidate 0 type array 1
[2024-12-07T17:08:10.591+0800][2.610s][debug][gc,humongous      ] GC(20) Live humongous region 38 object size 1048592 start 0x00000000e2600000  with remset 0 code roots 0 is marked 0 reclaim candidate 0 type array 1
[2024-12-07T17:08:10.591+0800][2.610s][debug][gc,humongous      ] GC(20) Live humongous region 40 object size 1048592 start 0x00000000e2800000  with remset 0 code roots 0 is marked 0 reclaim candidate 0 type array 1
[2024-12-07T17:08:10.591+0800][2.610s][debug][gc,humongous      ] GC(20) Live humongous region 42 object size 1048592 start 0x00000000e2a00000  with remset 0 code roots 0 is marked 0 reclaim candidate 0 type array 1
[2024-12-07T17:08:10.591+0800][2.611s][debug][gc,humongous      ] GC(20) Live humongous region 44 object size 1048592 start 0x00000000e2c00000  with remset 0 code roots 0 is marked 0 reclaim candidate 0 type array 1
[2024-12-07T17:08:10.591+0800][2.611s][debug][gc,humongous      ] GC(20) Live humongous region 46 object size 1048592 start 0x00000000e2e00000  with remset 0 code roots 0 is marked 0 reclaim candidate 0 type array 1
[2024-12-07T17:08:10.592+0800][2.611s][debug][gc,humongous      ] GC(20) Live humongous region 48 object size 1048592 start 0x00000000e3000000  with remset 0 code roots 0 is marked 0 reclaim candidate 0 type array 1
[2024-12-07T17:08:10.592+0800][2.611s][debug][gc,humongous      ] GC(20) Live humongous region 50 object size 1048592 start 0x00000000e3200000  with remset 0 code roots 0 is marked 0 reclaim candidate 0 type array 1
[2024-12-07T17:08:10.592+0800][2.611s][debug][gc,humongous      ] GC(20) Live humongous region 52 object size 1048592 start 0x00000000e3400000  with remset 0 code roots 0 is marked 0 reclaim candidate 0 type array 1
[2024-12-07T17:08:10.592+0800][2.611s][debug][gc,humongous      ] GC(20) Live humongous region 54 object size 1048592 start 0x00000000e3600000  with remset 0 code roots 0 is marked 0 reclaim candidate 0 type array 1
[2024-12-07T17:08:10.592+0800][2.611s][debug][gc,humongous      ] GC(20) Live humongous region 56 object size 1048592 start 0x00000000e3800000  with remset 0 code roots 0 is marked 0 reclaim candidate 0 type array 1
[2024-12-07T17:08:10.592+0800][2.611s][debug][gc,humongous      ] GC(20) Live humongous region 58 object size 1048592 start 0x00000000e3a00000  with remset 0 code roots 0 is marked 0 reclaim candidate 0 type array 1
[2024-12-07T17:08:10.592+0800][2.611s][debug][gc,humongous      ] GC(20) Live humongous region 60 object size 1048592 start 0x00000000e3c00000  with remset 0 code roots 0 is marked 0 reclaim candidate 0 type array 1
[2024-12-07T17:08:10.592+0800][2.611s][debug][gc,humongous      ] GC(20) Live humongous region 62 object size 1048592 start 0x00000000e3e00000  with remset 0 code roots 0 is marked 0 reclaim candidate 0 type array 1
[2024-12-07T17:08:10.592+0800][2.611s][debug][gc,humongous      ] GC(20) Live humongous region 64 object size 1048592 start 0x00000000e4000000  with remset 0 code roots 0 is marked 0 reclaim candidate 0 type array 1
[2024-12-07T17:08:10.592+0800][2.612s][debug][gc,humongous      ] GC(20) Live humongous region 66 object size 1048592 start 0x00000000e4200000  with remset 0 code roots 0 is marked 0 reclaim candidate 0 type array 1
[2024-12-07T17:08:10.592+0800][2.612s][debug][gc,humongous      ] GC(20) Live humongous region 68 object size 1048592 start 0x00000000e4400000  with remset 0 code roots 0 is marked 0 reclaim candidate 0 type array 1
[2024-12-07T17:08:10.593+0800][2.612s][debug][gc,humongous      ] GC(20) Live humongous region 70 object size 1048592 start 0x00000000e4600000  with remset 0 code roots 0 is marked 0 reclaim candidate 0 type array 1
[2024-12-07T17:08:10.593+0800][2.612s][debug][gc,humongous      ] GC(20) Live humongous region 72 object size 1048592 start 0x00000000e4800000  with remset 0 code roots 0 is marked 0 reclaim candidate 0 type array 1
[2024-12-07T17:08:10.593+0800][2.612s][debug][gc,humongous      ] GC(20) Live humongous region 74 object size 1048592 start 0x00000000e4a00000  with remset 0 code roots 0 is marked 0 reclaim candidate 0 type array 1
[2024-12-07T17:08:10.593+0800][2.612s][debug][gc,humongous      ] GC(20) Live humongous region 76 object size 1048592 start 0x00000000e4c00000  with remset 0 code roots 0 is marked 0 reclaim candidate 0 type array 1
[2024-12-07T17:08:10.593+0800][2.612s][debug][gc,humongous      ] GC(20) Live humongous region 78 object size 1048592 start 0x00000000e4e00000  with remset 0 code roots 0 is marked 0 reclaim candidate 0 type array 1
[2024-12-07T17:08:10.593+0800][2.612s][debug][gc,humongous      ] GC(20) Live humongous region 80 object size 1048592 start 0x00000000e5000000  with remset 0 code roots 0 is marked 0 reclaim candidate 0 type array 1
[2024-12-07T17:08:10.593+0800][2.612s][debug][gc,humongous      ] GC(20) Live humongous region 82 object size 1048592 start 0x00000000e5200000  with remset 0 code roots 0 is marked 0 reclaim candidate 0 type array 1
[2024-12-07T17:08:10.593+0800][2.612s][debug][gc,humongous      ] GC(20) Live humongous region 84 object size 1048592 start 0x00000000e5400000  with remset 0 code roots 0 is marked 0 reclaim candidate 0 type array 1
[2024-12-07T17:08:10.593+0800][2.612s][debug][gc,humongous      ] GC(20) Live humongous region 86 object size 1048592 start 0x00000000e5600000  with remset 0 code roots 0 is marked 0 reclaim candidate 0 type array 1
[2024-12-07T17:08:10.593+0800][2.612s][debug][gc,humongous      ] GC(20) Live humongous region 88 object size 1048592 start 0x00000000e5800000  with remset 0 code roots 0 is marked 0 reclaim candidate 0 type array 1
[2024-12-07T17:08:10.593+0800][2.613s][debug][gc,humongous      ] GC(20) Live humongous region 90 object size 1048592 start 0x00000000e5a00000  with remset 0 code roots 0 is marked 0 reclaim candidate 0 type array 1
[2024-12-07T17:08:10.593+0800][2.613s][debug][gc,humongous      ] GC(20) Live humongous region 92 object size 1048592 start 0x00000000e5c00000  with remset 0 code roots 0 is marked 0 reclaim candidate 0 type array 1
[2024-12-07T17:08:10.593+0800][2.613s][debug][gc,humongous      ] GC(20) Live humongous region 94 object size 1048592 start 0x00000000e5e00000  with remset 0 code roots 0 is marked 0 reclaim candidate 0 type array 1
[2024-12-07T17:08:10.594+0800][2.613s][debug][gc,humongous      ] GC(20) Live humongous region 96 object size 1048592 start 0x00000000e6000000  with remset 0 code roots 0 is marked 0 reclaim candidate 0 type array 1
[2024-12-07T17:08:10.594+0800][2.613s][debug][gc,humongous      ] GC(20) Live humongous region 98 object size 1048592 start 0x00000000e6200000  with remset 0 code roots 0 is marked 0 reclaim candidate 0 type array 1
[2024-12-07T17:08:10.594+0800][2.613s][debug][gc,humongous      ] GC(20) Live humongous region 100 object size 1048592 start 0x00000000e6400000  with remset 0 code roots 0 is marked 0 reclaim candidate 0 type array 1
[2024-12-07T17:08:10.594+0800][2.613s][debug][gc,humongous      ] GC(20) Live humongous region 102 object size 1048592 start 0x00000000e6600000  with remset 0 code roots 0 is marked 0 reclaim candidate 0 type array 1
[2024-12-07T17:08:10.594+0800][2.613s][debug][gc,humongous      ] GC(20) Live humongous region 104 object size 1048592 start 0x00000000e6800000  with remset 0 code roots 0 is marked 0 reclaim candidate 0 type array 1
[2024-12-07T17:08:10.594+0800][2.613s][debug][gc,humongous      ] GC(20) Live humongous region 106 object size 1048592 start 0x00000000e6a00000  with remset 0 code roots 0 is marked 0 reclaim candidate 0 type array 1
[2024-12-07T17:08:10.594+0800][2.613s][debug][gc,humongous      ] GC(20) Live humongous region 108 object size 1048592 start 0x00000000e6c00000  with remset 0 code roots 0 is marked 0 reclaim candidate 0 type array 1
[2024-12-07T17:08:10.594+0800][2.613s][debug][gc,humongous      ] GC(20) Live humongous region 110 object size 1048592 start 0x00000000e6e00000  with remset 0 code roots 0 is marked 0 reclaim candidate 0 type array 1
[2024-12-07T17:08:10.594+0800][2.613s][debug][gc,humongous      ] GC(20) Live humongous region 112 object size 1048592 start 0x00000000e7000000  with remset 0 code roots 0 is marked 0 reclaim candidate 0 type array 1
[2024-12-07T17:08:10.594+0800][2.613s][debug][gc,humongous      ] GC(20) Live humongous region 114 object size 1048592 start 0x00000000e7200000  with remset 0 code roots 0 is marked 0 reclaim candidate 0 type array 1
[2024-12-07T17:08:10.594+0800][2.613s][debug][gc,humongous      ] GC(20) Live humongous region 116 object size 1048592 start 0x00000000e7400000  with remset 0 code roots 0 is marked 0 reclaim candidate 0 type array 1
[2024-12-07T17:08:10.594+0800][2.614s][debug][gc,humongous      ] GC(20) Live humongous region 118 object size 1048592 start 0x00000000e7600000  with remset 0 code roots 0 is marked 0 reclaim candidate 0 type array 1
[2024-12-07T17:08:10.594+0800][2.614s][debug][gc,humongous      ] GC(20) Live humongous region 120 object size 1048592 start 0x00000000e7800000  with remset 0 code roots 0 is marked 0 reclaim candidate 0 type array 1
[2024-12-07T17:08:10.594+0800][2.614s][debug][gc,humongous      ] GC(20) Live humongous region 122 object size 1048592 start 0x00000000e7a00000  with remset 0 code roots 0 is marked 0 reclaim candidate 0 type array 1
[2024-12-07T17:08:10.595+0800][2.614s][debug][gc,humongous      ] GC(20) Live humongous region 124 object size 1048592 start 0x00000000e7c00000  with remset 0 code roots 0 is marked 0 reclaim candidate 0 type array 1
[2024-12-07T17:08:10.595+0800][2.614s][debug][gc,humongous      ] GC(20) Live humongous region 126 object size 1048592 start 0x00000000e7e00000  with remset 0 code roots 0 is marked 0 reclaim candidate 0 type array 1
[2024-12-07T17:08:10.595+0800][2.614s][debug][gc,humongous      ] GC(20) Live humongous region 128 object size 1048592 start 0x00000000e8000000  with remset 0 code roots 0 is marked 0 reclaim candidate 0 type array 1
[2024-12-07T17:08:10.595+0800][2.614s][debug][gc,humongous      ] GC(20) Live humongous region 130 object size 1048592 start 0x00000000e8200000  with remset 0 code roots 0 is marked 0 reclaim candidate 0 type array 1
[2024-12-07T17:08:10.595+0800][2.614s][debug][gc,humongous      ] GC(20) Live humongous region 132 object size 1048592 start 0x00000000e8400000  with remset 0 code roots 0 is marked 0 reclaim candidate 0 type array 1
[2024-12-07T17:08:10.595+0800][2.614s][debug][gc,humongous      ] GC(20) Live humongous region 134 object size 1048592 start 0x00000000e8600000  with remset 0 code roots 0 is marked 0 reclaim candidate 0 type array 1
[2024-12-07T17:08:10.595+0800][2.614s][debug][gc,humongous      ] GC(20) Live humongous region 136 object size 1048592 start 0x00000000e8800000  with remset 0 code roots 0 is marked 0 reclaim candidate 0 type array 1
[2024-12-07T17:08:10.595+0800][2.614s][debug][gc,humongous      ] GC(20) Live humongous region 138 object size 1048592 start 0x00000000e8a00000  with remset 0 code roots 0 is marked 0 reclaim candidate 0 type array 1
[2024-12-07T17:08:10.595+0800][2.614s][debug][gc,humongous      ] GC(20) Live humongous region 140 object size 1048592 start 0x00000000e8c00000  with remset 0 code roots 0 is marked 0 reclaim candidate 0 type array 1
[2024-12-07T17:08:10.595+0800][2.614s][debug][gc,humongous      ] GC(20) Live humongous region 142 object size 1048592 start 0x00000000e8e00000  with remset 0 code roots 0 is marked 0 reclaim candidate 0 type array 1
[2024-12-07T17:08:10.595+0800][2.614s][debug][gc,humongous      ] GC(20) Live humongous region 144 object size 1048592 start 0x00000000e9000000  with remset 0 code roots 0 is marked 0 reclaim candidate 0 type array 1
[2024-12-07T17:08:10.595+0800][2.614s][debug][gc,humongous      ] GC(20) Live humongous region 146 object size 1048592 start 0x00000000e9200000  with remset 0 code roots 0 is marked 0 reclaim candidate 0 type array 1
[2024-12-07T17:08:10.595+0800][2.614s][debug][gc,humongous      ] GC(20) Live humongous region 148 object size 1048592 start 0x00000000e9400000  with remset 0 code roots 0 is marked 0 reclaim candidate 0 type array 1
[2024-12-07T17:08:10.595+0800][2.615s][debug][gc,humongous      ] GC(20) Live humongous region 150 object size 1048592 start 0x00000000e9600000  with remset 0 code roots 0 is marked 0 reclaim candidate 0 type array 1
[2024-12-07T17:08:10.595+0800][2.615s][debug][gc,humongous      ] GC(20) Live humongous region 152 object size 1048592 start 0x00000000e9800000  with remset 0 code roots 0 is marked 0 reclaim candidate 0 type array 1
[2024-12-07T17:08:10.595+0800][2.615s][debug][gc,humongous      ] GC(20) Live humongous region 154 object size 1048592 start 0x00000000e9a00000  with remset 0 code roots 0 is marked 0 reclaim candidate 0 type array 1
[2024-12-07T17:08:10.596+0800][2.615s][debug][gc,humongous      ] GC(20) Live humongous region 156 object size 1048592 start 0x00000000e9c00000  with remset 0 code roots 0 is marked 0 reclaim candidate 0 type array 1
[2024-12-07T17:08:10.596+0800][2.615s][debug][gc,humongous      ] GC(20) Live humongous region 158 object size 1048592 start 0x00000000e9e00000  with remset 0 code roots 0 is marked 0 reclaim candidate 0 type array 1
[2024-12-07T17:08:10.596+0800][2.615s][debug][gc,humongous      ] GC(20) Live humongous region 160 object size 1048592 start 0x00000000ea000000  with remset 0 code roots 0 is marked 0 reclaim candidate 0 type array 1
[2024-12-07T17:08:10.596+0800][2.615s][debug][gc,humongous      ] GC(20) Live humongous region 162 object size 1048592 start 0x00000000ea200000  with remset 0 code roots 0 is marked 0 reclaim candidate 0 type array 1
[2024-12-07T17:08:10.596+0800][2.615s][debug][gc,humongous      ] GC(20) Live humongous region 164 object size 1048592 start 0x00000000ea400000  with remset 0 code roots 0 is marked 0 reclaim candidate 0 type array 1
[2024-12-07T17:08:10.596+0800][2.615s][debug][gc,humongous      ] GC(20) Live humongous region 166 object size 1048592 start 0x00000000ea600000  with remset 0 code roots 0 is marked 0 reclaim candidate 0 type array 1
[2024-12-07T17:08:10.596+0800][2.615s][debug][gc,humongous      ] GC(20) Live humongous region 168 object size 1048592 start 0x00000000ea800000  with remset 0 code roots 0 is marked 0 reclaim candidate 0 type array 1
[2024-12-07T17:08:10.596+0800][2.615s][debug][gc,humongous      ] GC(20) Live humongous region 170 object size 1048592 start 0x00000000eaa00000  with remset 0 code roots 0 is marked 0 reclaim candidate 0 type array 1
[2024-12-07T17:08:10.596+0800][2.615s][debug][gc,humongous      ] GC(20) Live humongous region 172 object size 1048592 start 0x00000000eac00000  with remset 0 code roots 0 is marked 0 reclaim candidate 0 type array 1
[2024-12-07T17:08:10.596+0800][2.615s][debug][gc,humongous      ] GC(20) Live humongous region 174 object size 1048592 start 0x00000000eae00000  with remset 0 code roots 0 is marked 0 reclaim candidate 0 type array 1
[2024-12-07T17:08:10.596+0800][2.615s][debug][gc,humongous      ] GC(20) Live humongous region 176 object size 1048592 start 0x00000000eb000000  with remset 0 code roots 0 is marked 0 reclaim candidate 0 type array 1
[2024-12-07T17:08:10.596+0800][2.615s][debug][gc,humongous      ] GC(20) Live humongous region 178 object size 1048592 start 0x00000000eb200000  with remset 0 code roots 0 is marked 0 reclaim candidate 0 type array 1
[2024-12-07T17:08:10.596+0800][2.616s][debug][gc,humongous      ] GC(20) Live humongous region 180 object size 1048592 start 0x00000000eb400000  with remset 0 code roots 0 is marked 0 reclaim candidate 0 type array 1
[2024-12-07T17:08:10.596+0800][2.616s][debug][gc,humongous      ] GC(20) Live humongous region 182 object size 1048592 start 0x00000000eb600000  with remset 0 code roots 0 is marked 0 reclaim candidate 0 type array 1
[2024-12-07T17:08:10.596+0800][2.616s][debug][gc,humongous      ] GC(20) Live humongous region 184 object size 1048592 start 0x00000000eb800000  with remset 0 code roots 0 is marked 0 reclaim candidate 0 type array 1
[2024-12-07T17:08:10.597+0800][2.616s][debug][gc,humongous      ] GC(20) Live humongous region 186 object size 1048592 start 0x00000000eba00000  with remset 0 code roots 0 is marked 0 reclaim candidate 0 type array 1
[2024-12-07T17:08:10.597+0800][2.616s][debug][gc,humongous      ] GC(20) Live humongous region 188 object size 1048592 start 0x00000000ebc00000  with remset 0 code roots 0 is marked 0 reclaim candidate 0 type array 1
[2024-12-07T17:08:10.597+0800][2.616s][debug][gc,humongous      ] GC(20) Live humongous region 190 object size 1048592 start 0x00000000ebe00000  with remset 0 code roots 0 is marked 0 reclaim candidate 0 type array 1
[2024-12-07T17:08:10.597+0800][2.616s][debug][gc,humongous      ] GC(20) Live humongous region 192 object size 1048592 start 0x00000000ec000000  with remset 0 code roots 0 is marked 0 reclaim candidate 0 type array 1
[2024-12-07T17:08:10.597+0800][2.616s][debug][gc,humongous      ] GC(20) Live humongous region 194 object size 1048592 start 0x00000000ec200000  with remset 0 code roots 0 is marked 0 reclaim candidate 0 type array 1
[2024-12-07T17:08:10.597+0800][2.616s][debug][gc,humongous      ] GC(20) Live humongous region 196 object size 1048592 start 0x00000000ec400000  with remset 0 code roots 0 is marked 0 reclaim candidate 0 type array 1
[2024-12-07T17:08:10.597+0800][2.616s][debug][gc,humongous      ] GC(20) Live humongous region 198 object size 1048592 start 0x00000000ec600000  with remset 0 code roots 0 is marked 0 reclaim candidate 0 type array 1
[2024-12-07T17:08:10.597+0800][2.616s][debug][gc,humongous      ] GC(20) Live humongous region 200 object size 1048592 start 0x00000000ec800000  with remset 0 code roots 0 is marked 0 reclaim candidate 0 type array 1
[2024-12-07T17:08:10.597+0800][2.616s][debug][gc,humongous      ] GC(20) Live humongous region 202 object size 1048592 start 0x00000000eca00000  with remset 0 code roots 0 is marked 0 reclaim candidate 0 type array 1
[2024-12-07T17:08:10.597+0800][2.616s][debug][gc,humongous      ] GC(20) Live humongous region 204 object size 1048592 start 0x00000000ecc00000  with remset 0 code roots 0 is marked 0 reclaim candidate 0 type array 1
[2024-12-07T17:08:10.597+0800][2.616s][debug][gc,humongous      ] GC(20) Live humongous region 206 object size 1048592 start 0x00000000ece00000  with remset 0 code roots 0 is marked 0 reclaim candidate 0 type array 1
[2024-12-07T17:08:10.597+0800][2.616s][debug][gc,humongous      ] GC(20) Live humongous region 208 object size 1048592 start 0x00000000ed000000  with remset 0 code roots 0 is marked 0 reclaim candidate 0 type array 1
[2024-12-07T17:08:10.597+0800][2.617s][debug][gc,humongous      ] GC(20) Live humongous region 210 object size 1048592 start 0x00000000ed200000  with remset 0 code roots 0 is marked 0 reclaim candidate 0 type array 1
[2024-12-07T17:08:10.597+0800][2.617s][debug][gc,humongous      ] GC(20) Live humongous region 212 object size 1048592 start 0x00000000ed400000  with remset 0 code roots 0 is marked 0 reclaim candidate 0 type array 1
[2024-12-07T17:08:10.597+0800][2.617s][debug][gc,humongous      ] GC(20) Live humongous region 214 object size 1048592 start 0x00000000ed600000  with remset 0 code roots 0 is marked 0 reclaim candidate 0 type array 1
[2024-12-07T17:08:10.598+0800][2.617s][debug][gc,humongous      ] GC(20) Live humongous region 216 object size 1048592 start 0x00000000ed800000  with remset 0 code roots 0 is marked 0 reclaim candidate 0 type array 1
[2024-12-07T17:08:10.598+0800][2.617s][debug][gc,humongous      ] GC(20) Live humongous region 218 object size 1048592 start 0x00000000eda00000  with remset 0 code roots 0 is marked 0 reclaim candidate 0 type array 1
[2024-12-07T17:08:10.598+0800][2.617s][debug][gc,humongous      ] GC(20) Live humongous region 220 object size 1048592 start 0x00000000edc00000  with remset 0 code roots 0 is marked 0 reclaim candidate 0 type array 1
[2024-12-07T17:08:10.598+0800][2.617s][debug][gc,humongous      ] GC(20) Live humongous region 222 object size 1048592 start 0x00000000ede00000  with remset 0 code roots 0 is marked 0 reclaim candidate 0 type array 1
[2024-12-07T17:08:10.598+0800][2.617s][debug][gc,humongous      ] GC(20) Live humongous region 224 object size 1048592 start 0x00000000ee000000  with remset 0 code roots 0 is marked 0 reclaim candidate 0 type array 1
[2024-12-07T17:08:10.598+0800][2.617s][debug][gc,humongous      ] GC(20) Live humongous region 226 object size 1048592 start 0x00000000ee200000  with remset 0 code roots 0 is marked 0 reclaim candidate 0 type array 1
[2024-12-07T17:08:10.598+0800][2.617s][debug][gc,humongous      ] GC(20) Live humongous region 228 object size 1048592 start 0x00000000ee400000  with remset 0 code roots 0 is marked 0 reclaim candidate 0 type array 1
[2024-12-07T17:08:10.598+0800][2.617s][debug][gc,humongous      ] GC(20) Live humongous region 230 object size 1048592 start 0x00000000ee600000  with remset 0 code roots 0 is marked 0 reclaim candidate 0 type array 1
[2024-12-07T17:08:10.598+0800][2.617s][debug][gc,humongous      ] GC(20) Live humongous region 232 object size 1048592 start 0x00000000ee800000  with remset 0 code roots 0 is marked 0 reclaim candidate 0 type array 1
[2024-12-07T17:08:10.598+0800][2.617s][debug][gc,humongous      ] GC(20) Live humongous region 234 object size 1048592 start 0x00000000eea00000  with remset 0 code roots 0 is marked 0 reclaim candidate 0 type array 1
[2024-12-07T17:08:10.598+0800][2.617s][debug][gc,humongous      ] GC(20) Live humongous region 236 object size 1048592 start 0x00000000eec00000  with remset 0 code roots 0 is marked 0 reclaim candidate 0 type array 1
[2024-12-07T17:08:10.598+0800][2.617s][debug][gc,humongous      ] GC(20) Live humongous region 238 object size 1048592 start 0x00000000eee00000  with remset 0 code roots 0 is marked 0 reclaim candidate 0 type array 1
[2024-12-07T17:08:10.598+0800][2.617s][debug][gc,humongous      ] GC(20) Live humongous region 240 object size 1048592 start 0x00000000ef000000  with remset 0 code roots 0 is marked 0 reclaim candidate 0 type array 1
[2024-12-07T17:08:10.598+0800][2.618s][debug][gc,humongous      ] GC(20) Live humongous region 242 object size 1048592 start 0x00000000ef200000  with remset 0 code roots 0 is marked 0 reclaim candidate 0 type array 1
[2024-12-07T17:08:10.598+0800][2.618s][debug][gc,humongous      ] GC(20) Live humongous region 244 object size 1048592 start 0x00000000ef400000  with remset 0 code roots 0 is marked 0 reclaim candidate 0 type array 1
[2024-12-07T17:08:10.598+0800][2.618s][debug][gc,humongous      ] GC(20) Live humongous region 246 object size 1048592 start 0x00000000ef600000  with remset 0 code roots 0 is marked 0 reclaim candidate 0 type array 1
[2024-12-07T17:08:10.599+0800][2.618s][debug][gc,humongous      ] GC(20) Live humongous region 248 object size 1048592 start 0x00000000ef800000  with remset 0 code roots 0 is marked 0 reclaim candidate 0 type array 1
[2024-12-07T17:08:10.599+0800][2.618s][debug][gc,humongous      ] GC(20) Live humongous region 250 object size 1048592 start 0x00000000efa00000  with remset 0 code roots 0 is marked 0 reclaim candidate 0 type array 1
[2024-12-07T17:08:10.599+0800][2.618s][debug][gc,humongous      ] GC(20) Live humongous region 252 object size 1048592 start 0x00000000efc00000  with remset 0 code roots 0 is marked 0 reclaim candidate 0 type array 1
[2024-12-07T17:08:10.599+0800][2.618s][debug][gc,humongous      ] GC(20) Live humongous region 254 object size 1048592 start 0x00000000efe00000  with remset 0 code roots 0 is marked 0 reclaim candidate 0 type array 1
[2024-12-07T17:08:10.599+0800][2.618s][debug][gc,humongous      ] GC(20) Live humongous region 256 object size 1048592 start 0x00000000f0000000  with remset 0 code roots 0 is marked 0 reclaim candidate 0 type array 1
[2024-12-07T17:08:10.599+0800][2.618s][debug][gc,humongous      ] GC(20) Live humongous region 258 object size 1048592 start 0x00000000f0200000  with remset 0 code roots 0 is marked 0 reclaim candidate 0 type array 1
[2024-12-07T17:08:10.599+0800][2.618s][debug][gc,humongous      ] GC(20) Live humongous region 260 object size 1048592 start 0x00000000f0400000  with remset 0 code roots 0 is marked 0 reclaim candidate 0 type array 1
[2024-12-07T17:08:10.599+0800][2.618s][debug][gc,humongous      ] GC(20) Live humongous region 262 object size 1048592 start 0x00000000f0600000  with remset 0 code roots 0 is marked 0 reclaim candidate 0 type array 1
[2024-12-07T17:08:10.599+0800][2.618s][debug][gc,humongous      ] GC(20) Live humongous region 264 object size 1048592 start 0x00000000f0800000  with remset 0 code roots 0 is marked 0 reclaim candidate 0 type array 1
[2024-12-07T17:08:10.599+0800][2.618s][debug][gc,humongous      ] GC(20) Live humongous region 266 object size 1048592 start 0x00000000f0a00000  with remset 0 code roots 0 is marked 0 reclaim candidate 0 type array 1
[2024-12-07T17:08:10.599+0800][2.618s][debug][gc,humongous      ] GC(20) Live humongous region 268 object size 1048592 start 0x00000000f0c00000  with remset 0 code roots 0 is marked 0 reclaim candidate 0 type array 1
[2024-12-07T17:08:10.599+0800][2.618s][debug][gc,humongous      ] GC(20) Live humongous region 270 object size 1048592 start 0x00000000f0e00000  with remset 0 code roots 0 is marked 0 reclaim candidate 0 type array 1
[2024-12-07T17:08:10.599+0800][2.618s][debug][gc,humongous      ] GC(20) Live humongous region 272 object size 1048592 start 0x00000000f1000000  with remset 0 code roots 0 is marked 0 reclaim candidate 0 type array 1
[2024-12-07T17:08:10.599+0800][2.619s][debug][gc,humongous      ] GC(20) Live humongous region 274 object size 1048592 start 0x00000000f1200000  with remset 0 code roots 0 is marked 0 reclaim candidate 0 type array 1
[2024-12-07T17:08:10.599+0800][2.619s][debug][gc,humongous      ] GC(20) Live humongous region 276 object size 1048592 start 0x00000000f1400000  with remset 0 code roots 0 is marked 0 reclaim candidate 0 type array 1
[2024-12-07T17:08:10.599+0800][2.619s][debug][gc,humongous      ] GC(20) Live humongous region 278 object size 1048592 start 0x00000000f1600000  with remset 0 code roots 0 is marked 0 reclaim candidate 0 type array 1
[2024-12-07T17:08:10.600+0800][2.619s][debug][gc,humongous      ] GC(20) Live humongous region 280 object size 1048592 start 0x00000000f1800000  with remset 0 code roots 0 is marked 0 reclaim candidate 0 type array 1
[2024-12-07T17:08:10.600+0800][2.619s][debug][gc,humongous      ] GC(20) Live humongous region 282 object size 1048592 start 0x00000000f1a00000  with remset 0 code roots 0 is marked 0 reclaim candidate 0 type array 1
[2024-12-07T17:08:10.600+0800][2.619s][debug][gc,humongous      ] GC(20) Live humongous region 284 object size 1048592 start 0x00000000f1c00000  with remset 0 code roots 0 is marked 0 reclaim candidate 0 type array 1
[2024-12-07T17:08:10.600+0800][2.619s][debug][gc,humongous      ] GC(20) Live humongous region 286 object size 1048592 start 0x00000000f1e00000  with remset 0 code roots 0 is marked 0 reclaim candidate 0 type array 1
[2024-12-07T17:08:10.600+0800][2.619s][debug][gc,humongous      ] GC(20) Live humongous region 288 object size 1048592 start 0x00000000f2000000  with remset 0 code roots 0 is marked 0 reclaim candidate 0 type array 1
[2024-12-07T17:08:10.600+0800][2.619s][debug][gc,humongous      ] GC(20) Live humongous region 290 object size 1048592 start 0x00000000f2200000  with remset 0 code roots 0 is marked 0 reclaim candidate 0 type array 1
[2024-12-07T17:08:10.600+0800][2.619s][debug][gc,humongous      ] GC(20) Live humongous region 292 object size 1048592 start 0x00000000f2400000  with remset 0 code roots 0 is marked 0 reclaim candidate 0 type array 1
[2024-12-07T17:08:10.600+0800][2.619s][debug][gc,humongous      ] GC(20) Live humongous region 294 object size 1048592 start 0x00000000f2600000  with remset 0 code roots 0 is marked 0 reclaim candidate 0 type array 1
[2024-12-07T17:08:10.600+0800][2.619s][debug][gc,humongous      ] GC(20) Live humongous region 296 object size 1048592 start 0x00000000f2800000  with remset 0 code roots 0 is marked 0 reclaim candidate 0 type array 1
[2024-12-07T17:08:10.600+0800][2.619s][debug][gc,humongous      ] GC(20) Live humongous region 298 object size 1048592 start 0x00000000f2a00000  with remset 0 code roots 0 is marked 0 reclaim candidate 0 type array 1
[2024-12-07T17:08:10.600+0800][2.619s][debug][gc,humongous      ] GC(20) Live humongous region 300 object size 1048592 start 0x00000000f2c00000  with remset 0 code roots 0 is marked 0 reclaim candidate 0 type array 1
[2024-12-07T17:08:10.600+0800][2.619s][debug][gc,humongous      ] GC(20) Live humongous region 302 object size 1048592 start 0x00000000f2e00000  with remset 0 code roots 0 is marked 0 reclaim candidate 0 type array 1
[2024-12-07T17:08:10.600+0800][2.619s][debug][gc,humongous      ] GC(20) Live humongous region 304 object size 1048592 start 0x00000000f3000000  with remset 0 code roots 0 is marked 0 reclaim candidate 0 type array 1
[2024-12-07T17:08:10.600+0800][2.620s][debug][gc,humongous      ] GC(20) Live humongous region 306 object size 1048592 start 0x00000000f3200000  with remset 0 code roots 0 is marked 0 reclaim candidate 0 type array 1
[2024-12-07T17:08:10.600+0800][2.620s][debug][gc,humongous      ] GC(20) Live humongous region 308 object size 1048592 start 0x00000000f3400000  with remset 0 code roots 0 is marked 0 reclaim candidate 0 type array 1
[2024-12-07T17:08:10.601+0800][2.620s][debug][gc,humongous      ] GC(20) Live humongous region 310 object size 1048592 start 0x00000000f3600000  with remset 0 code roots 0 is marked 0 reclaim candidate 0 type array 1
[2024-12-07T17:08:10.601+0800][2.620s][debug][gc,humongous      ] GC(20) Live humongous region 312 object size 1048592 start 0x00000000f3800000  with remset 0 code roots 0 is marked 0 reclaim candidate 0 type array 1
[2024-12-07T17:08:10.601+0800][2.620s][debug][gc,humongous      ] GC(20) Live humongous region 314 object size 1048592 start 0x00000000f3a00000  with remset 0 code roots 0 is marked 0 reclaim candidate 0 type array 1
[2024-12-07T17:08:10.601+0800][2.620s][debug][gc,humongous      ] GC(20) Live humongous region 316 object size 1048592 start 0x00000000f3c00000  with remset 0 code roots 0 is marked 0 reclaim candidate 0 type array 1
[2024-12-07T17:08:10.601+0800][2.620s][debug][gc,humongous      ] GC(20) Live humongous region 318 object size 1048592 start 0x00000000f3e00000  with remset 0 code roots 0 is marked 0 reclaim candidate 0 type array 1
[2024-12-07T17:08:10.601+0800][2.620s][debug][gc,humongous      ] GC(20) Live humongous region 320 object size 1048592 start 0x00000000f4000000  with remset 0 code roots 0 is marked 0 reclaim candidate 0 type array 1
[2024-12-07T17:08:10.601+0800][2.620s][debug][gc,humongous      ] GC(20) Live humongous region 322 object size 1048592 start 0x00000000f4200000  with remset 0 code roots 0 is marked 0 reclaim candidate 0 type array 1
[2024-12-07T17:08:10.601+0800][2.620s][debug][gc,humongous      ] GC(20) Live humongous region 324 object size 1048592 start 0x00000000f4400000  with remset 0 code roots 0 is marked 0 reclaim candidate 0 type array 1
[2024-12-07T17:08:10.601+0800][2.620s][debug][gc,humongous      ] GC(20) Live humongous region 326 object size 1048592 start 0x00000000f4600000  with remset 0 code roots 0 is marked 0 reclaim candidate 0 type array 1
[2024-12-07T17:08:10.601+0800][2.620s][debug][gc,humongous      ] GC(20) Live humongous region 328 object size 1048592 start 0x00000000f4800000  with remset 0 code roots 0 is marked 0 reclaim candidate 0 type array 1
[2024-12-07T17:08:10.601+0800][2.621s][debug][gc,humongous      ] GC(20) Live humongous region 330 object size 1048592 start 0x00000000f4a00000  with remset 0 code roots 0 is marked 0 reclaim candidate 0 type array 1
[2024-12-07T17:08:10.602+0800][2.621s][debug][gc,humongous      ] GC(20) Live humongous region 332 object size 1048592 start 0x00000000f4c00000  with remset 0 code roots 0 is marked 0 reclaim candidate 0 type array 1
[2024-12-07T17:08:10.602+0800][2.621s][debug][gc,humongous      ] GC(20) Live humongous region 334 object size 1048592 start 0x00000000f4e00000  with remset 0 code roots 0 is marked 0 reclaim candidate 0 type array 1
[2024-12-07T17:08:10.602+0800][2.621s][debug][gc,humongous      ] GC(20) Live humongous region 336 object size 1048592 start 0x00000000f5000000  with remset 0 code roots 0 is marked 0 reclaim candidate 0 type array 1
[2024-12-07T17:08:10.602+0800][2.621s][debug][gc,humongous      ] GC(20) Live humongous region 338 object size 1048592 start 0x00000000f5200000  with remset 0 code roots 0 is marked 0 reclaim candidate 0 type array 1
[2024-12-07T17:08:10.602+0800][2.621s][debug][gc,humongous      ] GC(20) Live humongous region 340 object size 1048592 start 0x00000000f5400000  with remset 0 code roots 0 is marked 0 reclaim candidate 0 type array 1
[2024-12-07T17:08:10.602+0800][2.621s][debug][gc,humongous      ] GC(20) Live humongous region 342 object size 1048592 start 0x00000000f5600000  with remset 0 code roots 0 is marked 0 reclaim candidate 0 type array 1
[2024-12-07T17:08:10.602+0800][2.621s][debug][gc,humongous      ] GC(20) Live humongous region 344 object size 1048592 start 0x00000000f5800000  with remset 0 code roots 0 is marked 0 reclaim candidate 0 type array 1
[2024-12-07T17:08:10.602+0800][2.621s][debug][gc,humongous      ] GC(20) Live humongous region 346 object size 1048592 start 0x00000000f5a00000  with remset 0 code roots 0 is marked 0 reclaim candidate 0 type array 1
[2024-12-07T17:08:10.602+0800][2.621s][debug][gc,humongous      ] GC(20) Live humongous region 348 object size 1048592 start 0x00000000f5c00000  with remset 0 code roots 0 is marked 0 reclaim candidate 0 type array 1
[2024-12-07T17:08:10.602+0800][2.621s][debug][gc,humongous      ] GC(20) Live humongous region 350 object size 1048592 start 0x00000000f5e00000  with remset 0 code roots 0 is marked 0 reclaim candidate 0 type array 1
[2024-12-07T17:08:10.602+0800][2.621s][debug][gc,humongous      ] GC(20) Live humongous region 352 object size 1048592 start 0x00000000f6000000  with remset 0 code roots 0 is marked 0 reclaim candidate 0 type array 1
[2024-12-07T17:08:10.602+0800][2.622s][debug][gc,humongous      ] GC(20) Live humongous region 354 object size 1048592 start 0x00000000f6200000  with remset 0 code roots 0 is marked 0 reclaim candidate 0 type array 1
[2024-12-07T17:08:10.602+0800][2.622s][debug][gc,humongous      ] GC(20) Live humongous region 356 object size 1048592 start 0x00000000f6400000  with remset 0 code roots 0 is marked 0 reclaim candidate 0 type array 1
[2024-12-07T17:08:10.603+0800][2.622s][debug][gc,humongous      ] GC(20) Live humongous region 358 object size 1048592 start 0x00000000f6600000  with remset 0 code roots 0 is marked 0 reclaim candidate 0 type array 1
[2024-12-07T17:08:10.603+0800][2.622s][debug][gc,humongous      ] GC(20) Live humongous region 360 object size 1048592 start 0x00000000f6800000  with remset 0 code roots 0 is marked 0 reclaim candidate 0 type array 1
[2024-12-07T17:08:10.603+0800][2.622s][debug][gc,humongous      ] GC(20) Live humongous region 362 object size 1048592 start 0x00000000f6a00000  with remset 0 code roots 0 is marked 0 reclaim candidate 0 type array 1
[2024-12-07T17:08:10.603+0800][2.622s][debug][gc,humongous      ] GC(20) Live humongous region 364 object size 1048592 start 0x00000000f6c00000  with remset 0 code roots 0 is marked 0 reclaim candidate 0 type array 1
[2024-12-07T17:08:10.603+0800][2.622s][debug][gc,humongous      ] GC(20) Live humongous region 366 object size 1048592 start 0x00000000f6e00000  with remset 0 code roots 0 is marked 0 reclaim candidate 0 type array 1
[2024-12-07T17:08:10.603+0800][2.622s][debug][gc,humongous      ] GC(20) Live humongous region 368 object size 1048592 start 0x00000000f7000000  with remset 0 code roots 0 is marked 0 reclaim candidate 0 type array 1
[2024-12-07T17:08:10.603+0800][2.622s][debug][gc,humongous      ] GC(20) Live humongous region 370 object size 1048592 start 0x00000000f7200000  with remset 0 code roots 0 is marked 0 reclaim candidate 0 type array 1
[2024-12-07T17:08:10.603+0800][2.622s][debug][gc,humongous      ] GC(20) Live humongous region 372 object size 1048592 start 0x00000000f7400000  with remset 0 code roots 0 is marked 0 reclaim candidate 0 type array 1
[2024-12-07T17:08:10.603+0800][2.622s][debug][gc,humongous      ] GC(20) Live humongous region 374 object size 1048592 start 0x00000000f7600000  with remset 0 code roots 0 is marked 0 reclaim candidate 0 type array 1
[2024-12-07T17:08:10.603+0800][2.622s][debug][gc,humongous      ] GC(20) Live humongous region 376 object size 1048592 start 0x00000000f7800000  with remset 0 code roots 0 is marked 0 reclaim candidate 0 type array 1
[2024-12-07T17:08:10.603+0800][2.622s][debug][gc,humongous      ] GC(20) Live humongous region 378 object size 1048592 start 0x00000000f7a00000  with remset 0 code roots 0 is marked 0 reclaim candidate 0 type array 1
[2024-12-07T17:08:10.603+0800][2.622s][debug][gc,humongous      ] GC(20) Live humongous region 380 object size 1048592 start 0x00000000f7c00000  with remset 0 code roots 0 is marked 0 reclaim candidate 0 type array 1
[2024-12-07T17:08:10.603+0800][2.623s][debug][gc,humongous      ] GC(20) Live humongous region 382 object size 1048592 start 0x00000000f7e00000  with remset 0 code roots 0 is marked 0 reclaim candidate 0 type array 1
[2024-12-07T17:08:10.603+0800][2.623s][debug][gc,humongous      ] GC(20) Live humongous region 384 object size 1048592 start 0x00000000f8000000  with remset 0 code roots 0 is marked 0 reclaim candidate 0 type array 1
[2024-12-07T17:08:10.603+0800][2.623s][debug][gc,humongous      ] GC(20) Live humongous region 386 object size 1048592 start 0x00000000f8200000  with remset 0 code roots 0 is marked 0 reclaim candidate 0 type array 1
[2024-12-07T17:08:10.604+0800][2.623s][debug][gc,humongous      ] GC(20) Live humongous region 388 object size 1048592 start 0x00000000f8400000  with remset 0 code roots 0 is marked 0 reclaim candidate 0 type array 1
[2024-12-07T17:08:10.604+0800][2.623s][debug][gc,humongous      ] GC(20) Live humongous region 390 object size 1048592 start 0x00000000f8600000  with remset 0 code roots 0 is marked 0 reclaim candidate 0 type array 1
[2024-12-07T17:08:10.604+0800][2.623s][debug][gc,humongous      ] GC(20) Live humongous region 392 object size 1048592 start 0x00000000f8800000  with remset 0 code roots 0 is marked 0 reclaim candidate 0 type array 1
[2024-12-07T17:08:10.604+0800][2.623s][debug][gc,humongous      ] GC(20) Live humongous region 394 object size 1048592 start 0x00000000f8a00000  with remset 0 code roots 0 is marked 0 reclaim candidate 0 type array 1
[2024-12-07T17:08:10.604+0800][2.623s][debug][gc,humongous      ] GC(20) Live humongous region 396 object size 1048592 start 0x00000000f8c00000  with remset 0 code roots 0 is marked 0 reclaim candidate 0 type array 1
[2024-12-07T17:08:10.604+0800][2.623s][debug][gc,humongous      ] GC(20) Live humongous region 398 object size 1048592 start 0x00000000f8e00000  with remset 0 code roots 0 is marked 0 reclaim candidate 0 type array 1
[2024-12-07T17:08:10.604+0800][2.623s][debug][gc,humongous      ] GC(20) Live humongous region 400 object size 1048592 start 0x00000000f9000000  with remset 0 code roots 0 is marked 0 reclaim candidate 0 type array 1
[2024-12-07T17:08:10.604+0800][2.623s][debug][gc,humongous      ] GC(20) Live humongous region 402 object size 1048592 start 0x00000000f9200000  with remset 0 code roots 0 is marked 0 reclaim candidate 0 type array 1
[2024-12-07T17:08:10.604+0800][2.623s][debug][gc,humongous      ] GC(20) Live humongous region 404 object size 1048592 start 0x00000000f9400000  with remset 0 code roots 0 is marked 0 reclaim candidate 0 type array 1
[2024-12-07T17:08:10.604+0800][2.623s][debug][gc,humongous      ] GC(20) Live humongous region 406 object size 1048592 start 0x00000000f9600000  with remset 0 code roots 0 is marked 0 reclaim candidate 0 type array 1
[2024-12-07T17:08:10.604+0800][2.623s][debug][gc,humongous      ] GC(20) Live humongous region 408 object size 1048592 start 0x00000000f9800000  with remset 0 code roots 0 is marked 0 reclaim candidate 0 type array 1
[2024-12-07T17:08:10.604+0800][2.623s][debug][gc,humongous      ] GC(20) Live humongous region 410 object size 1048592 start 0x00000000f9a00000  with remset 0 code roots 0 is marked 0 reclaim candidate 0 type array 1
[2024-12-07T17:08:10.604+0800][2.623s][debug][gc,humongous      ] GC(20) Live humongous region 412 object size 1048592 start 0x00000000f9c00000  with remset 0 code roots 0 is marked 0 reclaim candidate 0 type array 1
[2024-12-07T17:08:10.604+0800][2.624s][debug][gc,humongous      ] GC(20) Live humongous region 414 object size 1048592 start 0x00000000f9e00000  with remset 0 code roots 0 is marked 0 reclaim candidate 0 type array 1
[2024-12-07T17:08:10.604+0800][2.624s][debug][gc,humongous      ] GC(20) Live humongous region 416 object size 1048592 start 0x00000000fa000000  with remset 0 code roots 0 is marked 0 reclaim candidate 0 type array 1
[2024-12-07T17:08:10.604+0800][2.624s][debug][gc,humongous      ] GC(20) Live humongous region 418 object size 1048592 start 0x00000000fa200000  with remset 0 code roots 0 is marked 0 reclaim candidate 0 type array 1
[2024-12-07T17:08:10.605+0800][2.624s][debug][gc,plab           ] GC(20) Young PLAB allocation: allocated: 392704B, wasted: 2064B, unused: 25368B, used: 365272B, undo waste: 0B, 
[2024-12-07T17:08:10.605+0800][2.624s][debug][gc,plab           ] GC(20) Young other allocation: region end waste: 0B, regions filled: 1, direct allocated: 72864B, failure used: 0B, failure wasted: 0B
[2024-12-07T17:08:10.605+0800][2.624s][debug][gc,plab           ] GC(20) Young sizing: calculated: 73048B, actual: 73192B
[2024-12-07T17:08:10.605+0800][2.624s][debug][gc,plab           ] GC(20) Old PLAB allocation: allocated: 0B, wasted: 0B, unused: 0B, used: 0B, undo waste: 0B, 
[2024-12-07T17:08:10.605+0800][2.624s][debug][gc,plab           ] GC(20) Old other allocation: region end waste: 0B, regions filled: 0, direct allocated: 0B, failure used: 0B, failure wasted: 0B
[2024-12-07T17:08:10.605+0800][2.624s][debug][gc,plab           ] GC(20) Old sizing: calculated: 0B, actual: 2064B
[2024-12-07T17:08:10.605+0800][2.624s][debug][gc,alloc,stats    ] Old generation allocation in the last mutator period, old gen allocated: 0B, humongous allocated: 20971520B,old gen growth: 20971520B.
[2024-12-07T17:08:10.605+0800][2.624s][debug][gc,ihop           ] GC(20) Basic information (value update), threshold: 238288896B (45.00), target occupancy: 529530880B, current occupancy: 441604768B, recent allocation size: 20971520B, recent allocation duration: 99.22ms, recent old gen allocation rate: 211365073.49B/s, recent marking phase length: 0.00ms
[2024-12-07T17:08:10.605+0800][2.624s][debug][gc,ihop           ] GC(20) Adaptive IHOP information (value update), threshold: 238288896B (52.22), internal target occupancy: 456340275B, occupancy: 441604768B, additional buffer size: 26214400B, predicted old gen allocation rate: 201438409.04B/s, predicted marking phase length: 0.00ms, prediction active: false
[2024-12-07T17:08:10.605+0800][2.624s][debug][gc,ergo,refine    ] GC(20) Updated Refinement Zones: green: 18, yellow: 54, red: 90
[2024-12-07T17:08:10.605+0800][2.624s][info ][gc,phases         ] GC(20)   Pre Evacuate Collection Set: 0.1ms
[2024-12-07T17:08:10.605+0800][2.624s][debug][gc,phases         ] GC(20)     Prepare TLABs: 0.1ms
[2024-12-07T17:08:10.605+0800][2.624s][debug][gc,phases         ] GC(20)     Choose Collection Set: 0.1ms
[2024-12-07T17:08:10.605+0800][2.625s][debug][gc,phases         ] GC(20)     Humongous Register: 0.0ms
[2024-12-07T17:08:10.605+0800][2.625s][debug][gc,phases         ] GC(20)     Clear Claimed Marks: 0.0ms
[2024-12-07T17:08:10.606+0800][2.625s][info ][gc,phases         ] GC(20)   Evacuate Collection Set: 5.0ms
[2024-12-07T17:08:10.606+0800][2.625s][debug][gc,phases         ] GC(20)     Ext Root Scanning (ms):   Min:  0.1, Avg:  0.3, Max:  0.7, Diff:  0.7, Sum:  3.4, Workers: 12
[2024-12-07T17:08:10.606+0800][2.625s][debug][gc,phases         ] GC(20)     Update RS (ms):           Min:  0.0, Avg:  0.2, Max:  0.4, Diff:  0.4, Sum:  2.6, Workers: 12
[2024-12-07T17:08:10.606+0800][2.625s][debug][gc,phases         ] GC(20)       Processed Buffers:        Min: 0, Avg:  0.9, Max: 2, Diff: 2, Sum: 11, Workers: 12
[2024-12-07T17:08:10.606+0800][2.625s][debug][gc,phases         ] GC(20)       Scanned Cards:            Min: 0, Avg: 18.5, Max: 43, Diff: 43, Sum: 222, Workers: 12
[2024-12-07T17:08:10.606+0800][2.625s][debug][gc,phases         ] GC(20)       Skipped Cards:            Min: 0, Avg:  8.8, Max: 22, Diff: 22, Sum: 106, Workers: 12
[2024-12-07T17:08:10.606+0800][2.625s][debug][gc,phases         ] GC(20)     Scan RS (ms):             Min:  0.0, Avg:  0.2, Max:  1.2, Diff:  1.2, Sum:  2.3, Workers: 12
[2024-12-07T17:08:10.606+0800][2.625s][debug][gc,phases         ] GC(20)       Scanned Cards:            Min: 0, Avg: 15.7, Max: 60, Diff: 60, Sum: 188, Workers: 12
[2024-12-07T17:08:10.606+0800][2.625s][debug][gc,phases         ] GC(20)       Claimed Cards:            Min: 0, Avg: 18.5, Max: 64, Diff: 64, Sum: 222, Workers: 12
[2024-12-07T17:08:10.606+0800][2.625s][debug][gc,phases         ] GC(20)       Skipped Cards:            Min: 0, Avg: 74.0, Max: 222, Diff: 222, Sum: 888, Workers: 12
[2024-12-07T17:08:10.606+0800][2.626s][debug][gc,phases         ] GC(20)     Code Root Scanning (ms):  Min:  0.0, Avg:  0.0, Max:  0.0, Diff:  0.0, Sum:  0.0, Workers: 12
[2024-12-07T17:08:10.607+0800][2.626s][debug][gc,phases         ] GC(20)     AOT Root Scanning (ms):   skipped
[2024-12-07T17:08:10.607+0800][2.626s][debug][gc,phases         ] GC(20)     Object Copy (ms):         Min:  0.0, Avg:  0.0, Max:  0.3, Diff:  0.3, Sum:  0.6, Workers: 12
[2024-12-07T17:08:10.607+0800][2.626s][debug][gc,phases         ] GC(20)     Termination (ms):         Min:  0.0, Avg:  0.8, Max:  1.0, Diff:  1.0, Sum:  9.7, Workers: 12
[2024-12-07T17:08:10.607+0800][2.626s][debug][gc,phases         ] GC(20)       Termination Attempts:     Min: 1, Avg:  1.4, Max: 2, Diff: 1, Sum: 17, Workers: 12
[2024-12-07T17:08:10.607+0800][2.626s][debug][gc,phases         ] GC(20)     GC Worker Other (ms):     Min:  0.2, Avg:  1.7, Max:  3.0, Diff:  2.8, Sum: 20.2, Workers: 12
[2024-12-07T17:08:10.607+0800][2.626s][debug][gc,phases         ] GC(20)     GC Worker Total (ms):     Min:  1.7, Avg:  3.2, Max:  4.5, Diff:  2.9, Sum: 38.7, Workers: 12
[2024-12-07T17:08:10.607+0800][2.626s][info ][gc,phases         ] GC(20)   Post Evacuate Collection Set: 16.1ms
[2024-12-07T17:08:10.607+0800][2.626s][debug][gc,phases         ] GC(20)     Code Roots Fixup: 0.0ms
[2024-12-07T17:08:10.607+0800][2.626s][debug][gc,phases         ] GC(20)     Clear Card Table: 0.2ms
[2024-12-07T17:08:10.607+0800][2.626s][debug][gc,phases         ] GC(20)     Reference Processing: 0.3ms
[2024-12-07T17:08:10.607+0800][2.627s][debug][gc,phases,ref     ] GC(20)       Reconsider SoftReferences: 0.1ms
[2024-12-07T17:08:10.607+0800][2.627s][debug][gc,phases,ref     ] GC(20)         SoftRef (ms):             skipped
[2024-12-07T17:08:10.607+0800][2.627s][debug][gc,phases,ref     ] GC(20)       Notify Soft/WeakReferences: 0.0ms
[2024-12-07T17:08:10.608+0800][2.627s][debug][gc,phases,ref     ] GC(20)         SoftRef (ms):             Min:  0.0, Avg:  0.0, Max:  0.0, Diff:  0.0, Sum:  0.0, Workers: 1
[2024-12-07T17:08:10.608+0800][2.627s][debug][gc,phases,ref     ] GC(20)         WeakRef (ms):             Min:  0.0, Avg:  0.0, Max:  0.0, Diff:  0.0, Sum:  0.0, Workers: 1
[2024-12-07T17:08:10.608+0800][2.627s][debug][gc,phases,ref     ] GC(20)         FinalRef (ms):            Min:  0.0, Avg:  0.0, Max:  0.0, Diff:  0.0, Sum:  0.0, Workers: 1
[2024-12-07T17:08:10.608+0800][2.627s][debug][gc,phases,ref     ] GC(20)         Total (ms):               Min:  0.0, Avg:  0.0, Max:  0.0, Diff:  0.0, Sum:  0.0, Workers: 1
[2024-12-07T17:08:10.608+0800][2.627s][debug][gc,phases,ref     ] GC(20)       Notify and keep alive finalizable: 0.1ms
[2024-12-07T17:08:10.608+0800][2.627s][debug][gc,phases,ref     ] GC(20)         FinalRef (ms):            skipped
[2024-12-07T17:08:10.608+0800][2.627s][debug][gc,phases,ref     ] GC(20)       Notify PhantomReferences: 0.0ms
[2024-12-07T17:08:10.608+0800][2.627s][debug][gc,phases,ref     ] GC(20)         PhantomRef (ms):          Min:  0.0, Avg:  0.0, Max:  0.0, Diff:  0.0, Sum:  0.0, Workers: 1
[2024-12-07T17:08:10.608+0800][2.627s][debug][gc,phases,ref     ] GC(20)       SoftReference:
[2024-12-07T17:08:10.608+0800][2.627s][debug][gc,phases,ref     ] GC(20)         Discovered: 0
[2024-12-07T17:08:10.608+0800][2.627s][debug][gc,phases,ref     ] GC(20)         Cleared: 0
[2024-12-07T17:08:10.608+0800][2.627s][debug][gc,phases,ref     ] GC(20)       WeakReference:
[2024-12-07T17:08:10.608+0800][2.628s][debug][gc,phases,ref     ] GC(20)         Discovered: 15
[2024-12-07T17:08:10.608+0800][2.628s][debug][gc,phases,ref     ] GC(20)         Cleared: 15
[2024-12-07T17:08:10.608+0800][2.628s][debug][gc,phases,ref     ] GC(20)       FinalReference:
[2024-12-07T17:08:10.609+0800][2.628s][debug][gc,phases,ref     ] GC(20)         Discovered: 0
[2024-12-07T17:08:10.609+0800][2.628s][debug][gc,phases,ref     ] GC(20)         Cleared: 0
[2024-12-07T17:08:10.609+0800][2.628s][debug][gc,phases,ref     ] GC(20)       PhantomReference:
[2024-12-07T17:08:10.609+0800][2.628s][debug][gc,phases,ref     ] GC(20)         Discovered: 5
[2024-12-07T17:08:10.609+0800][2.628s][debug][gc,phases,ref     ] GC(20)         Cleared: 5
[2024-12-07T17:08:10.609+0800][2.628s][debug][gc,phases         ] GC(20)     Weak Processing: 0.0ms
[2024-12-07T17:08:10.609+0800][2.628s][debug][gc,phases         ] GC(20)     Merge Per-Thread State: 0.0ms
[2024-12-07T17:08:10.609+0800][2.628s][debug][gc,phases         ] GC(20)     Code Roots Purge: 0.0ms
[2024-12-07T17:08:10.609+0800][2.628s][debug][gc,phases         ] GC(20)     Redirty Cards: 0.2ms
[2024-12-07T17:08:10.609+0800][2.628s][debug][gc,phases         ] GC(20)     DerivedPointerTable Update: 0.0ms
[2024-12-07T17:08:10.609+0800][2.628s][debug][gc,phases         ] GC(20)     Free Collection Set: 0.2ms
[2024-12-07T17:08:10.609+0800][2.628s][debug][gc,phases         ] GC(20)     Humongous Reclaim: 15.3ms
[2024-12-07T17:08:10.609+0800][2.628s][debug][gc,phases         ] GC(20)     Start New Collection Set: 0.0ms
[2024-12-07T17:08:10.609+0800][2.629s][debug][gc,phases         ] GC(20)     Resize TLABs: 0.0ms
[2024-12-07T17:08:10.609+0800][2.629s][debug][gc,phases         ] GC(20)     Expand Heap After Collection: 0.0ms
[2024-12-07T17:08:10.609+0800][2.629s][info ][gc,phases         ] GC(20)   Other: 1.7ms
[2024-12-07T17:08:10.610+0800][2.629s][info ][gc,heap           ] GC(20) Eden regions: 1->0(24)
[2024-12-07T17:08:10.610+0800][2.629s][info ][gc,heap           ] GC(20) Survivor regions: 1->1(4)
[2024-12-07T17:08:10.610+0800][2.629s][info ][gc,heap           ] GC(20) Old regions: 2->2
[2024-12-07T17:08:10.610+0800][2.629s][info ][gc,heap           ] GC(20) Humongous regions: 420->420
[2024-12-07T17:08:10.610+0800][2.629s][info ][gc,metaspace      ] GC(20) Metaspace: 558K(4864K)->558K(4864K) NonClass: 512K(4352K)->512K(4352K) Class: 46K(512K)->46K(512K)
[2024-12-07T17:08:10.610+0800][2.629s][debug][gc,heap           ] GC(20) Heap after GC invocations=21 (full 0): garbage-first heap   total 517120K, used 431254K [0x00000000e0000000, 0x0000000100000000)
[2024-12-07T17:08:10.610+0800][2.629s][debug][gc,heap           ] GC(20)   region size 1024K, 1 young (1024K), 1 survivors (1024K)
[2024-12-07T17:08:10.610+0800][2.629s][debug][gc,heap           ] GC(20)  Metaspace       used 558K, capacity 4570K, committed 4864K, reserved 1056768K
[2024-12-07T17:08:10.610+0800][2.629s][debug][gc,heap           ] GC(20)   class space    used 46K, capacity 419K, committed 512K, reserved 1048576K
[2024-12-07T17:08:10.610+0800][2.629s][info ][gc                ] GC(20) Pause Young (Concurrent Start) (G1 Humongous Allocation) 421M->421M(505M) 27.261ms
[2024-12-07T17:08:10.610+0800][2.629s][info ][gc,cpu            ] GC(20) User=0.02s Sys=0.00s Real=0.03s
[2024-12-07T17:08:10.610+0800][2.629s][info ][gc                ] GC(21) Concurrent Cycle
[2024-12-07T17:08:10.610+0800][2.630s][info ][gc,marking        ] GC(21) Concurrent Clear Claimed Marks
[2024-12-07T17:08:10.610+0800][2.630s][info ][gc,marking        ] GC(21) Concurrent Clear Claimed Marks 0.081ms
[2024-12-07T17:08:10.610+0800][2.630s][info ][gc,marking        ] GC(21) Concurrent Scan Root Regions
[2024-12-07T17:08:10.611+0800][2.630s][debug][gc,ergo           ] GC(21) Running G1 Root Region Scan using 1 workers for 1 work units.
[2024-12-07T17:08:10.611+0800][2.630s][info ][gc,marking        ] GC(21) Concurrent Scan Root Regions 0.433ms
[2024-12-07T17:08:10.611+0800][2.630s][info ][gc,marking        ] GC(21) Concurrent Mark (2.630s)
[2024-12-07T17:08:10.611+0800][2.630s][info ][gc,marking        ] GC(21) Concurrent Mark From Roots
[2024-12-07T17:08:10.611+0800][2.630s][info ][gc,task           ] GC(21) Using 5 workers of 5 for marking
[2024-12-07T17:08:10.612+0800][2.631s][debug][gc,stats          ] ---------------------------------------------------------------------
[2024-12-07T17:08:10.612+0800][2.631s][debug][gc,stats          ] Marking Stats, task = 0, calls = 41
[2024-12-07T17:08:10.612+0800][2.631s][debug][gc,stats          ]   Elapsed time = 0.47ms, Termination time = 0.00ms
[2024-12-07T17:08:10.612+0800][2.631s][debug][gc,stats          ]   Step Times (cum): num = 1031, avg = 0.01ms, sd = 0.15ms max = 3.57ms, total = 9.63ms
[2024-12-07T17:08:10.612+0800][2.631s][debug][gc,stats          ]   Mark Stats Cache: hits 3158 misses 211 ratio 93.737
[2024-12-07T17:08:10.612+0800][2.631s][debug][gc,stats          ] ---------------------------------------------------------------------
[2024-12-07T17:08:10.612+0800][2.631s][debug][gc,stats          ] Marking Stats, task = 1, calls = 29
[2024-12-07T17:08:10.612+0800][2.631s][debug][gc,stats          ]   Elapsed time = 0.45ms, Termination time = 0.00ms
[2024-12-07T17:08:10.612+0800][2.631s][debug][gc,stats          ]   Step Times (cum): num = 270, avg = 0.04ms, sd = 0.29ms max = 3.56ms, total = 9.49ms
[2024-12-07T17:08:10.612+0800][2.631s][debug][gc,stats          ]   Mark Stats Cache: hits 1827 misses 2 ratio 99.891
[2024-12-07T17:08:10.612+0800][2.632s][debug][gc,stats          ] ---------------------------------------------------------------------
[2024-12-07T17:08:10.612+0800][2.632s][debug][gc,stats          ] Marking Stats, task = 2, calls = 42
[2024-12-07T17:08:10.612+0800][2.632s][debug][gc,stats          ]   Elapsed time = 0.44ms, Termination time = 0.00ms
[2024-12-07T17:08:10.613+0800][2.632s][debug][gc,stats          ]   Step Times (cum): num = 354, avg = 0.03ms, sd = 0.25ms max = 3.57ms, total = 9.05ms
[2024-12-07T17:08:10.613+0800][2.632s][debug][gc,stats          ]   Mark Stats Cache: hits 590 misses 2 ratio 99.662
[2024-12-07T17:08:10.613+0800][2.632s][debug][gc,stats          ] ---------------------------------------------------------------------
[2024-12-07T17:08:10.613+0800][2.632s][debug][gc,stats          ] Marking Stats, task = 3, calls = 1
[2024-12-07T17:08:10.613+0800][2.632s][debug][gc,stats          ]   Elapsed time = 0.43ms, Termination time = 0.00ms
[2024-12-07T17:08:10.613+0800][2.632s][debug][gc,stats          ]   Step Times (cum): num = 271, avg = 0.03ms, sd = 0.29ms max = 3.57ms, total = 9.47ms
[2024-12-07T17:08:10.613+0800][2.632s][debug][gc,stats          ]   Mark Stats Cache: hits 4302 misses 2 ratio 99.954
[2024-12-07T17:08:10.613+0800][2.632s][debug][gc,stats          ] ---------------------------------------------------------------------
[2024-12-07T17:08:10.613+0800][2.632s][debug][gc,stats          ] Marking Stats, task = 4, calls = 35
[2024-12-07T17:08:10.613+0800][2.632s][debug][gc,stats          ]   Elapsed time = 0.43ms, Termination time = 0.00ms
[2024-12-07T17:08:10.613+0800][2.632s][debug][gc,stats          ]   Step Times (cum): num = 311, avg = 0.03ms, sd = 0.27ms max = 3.57ms, total = 9.11ms
[2024-12-07T17:08:10.613+0800][2.632s][debug][gc,stats          ]   Mark Stats Cache: hits 608 misses 1 ratio 99.836
[2024-12-07T17:08:10.613+0800][2.633s][debug][gc,stats          ] ---------------------------------------------------------------------
[2024-12-07T17:08:10.613+0800][2.633s][info ][gc,marking        ] GC(21) Concurrent Mark From Roots 2.311ms
[2024-12-07T17:08:10.613+0800][2.633s][info ][gc,marking        ] GC(21) Concurrent Preclean
[2024-12-07T17:08:10.614+0800][2.633s][debug][gc,ref,start      ] GC(21) Preclean SoftReferences
[2024-12-07T17:08:10.614+0800][2.633s][debug][gc,ref            ] GC(21) Preclean SoftReferences 0.072ms
[2024-12-07T17:08:10.614+0800][2.633s][debug][gc,ref,start      ] GC(21) Preclean WeakReferences
[2024-12-07T17:08:10.614+0800][2.633s][debug][gc,ref            ] GC(21) Preclean WeakReferences 0.071ms
[2024-12-07T17:08:10.614+0800][2.633s][debug][gc,ref,start      ] GC(21) Preclean FinalReferences
[2024-12-07T17:08:10.614+0800][2.633s][debug][gc,ref            ] GC(21) Preclean FinalReferences 0.071ms
[2024-12-07T17:08:10.614+0800][2.633s][debug][gc,ref,start      ] GC(21) Preclean PhantomReferences
[2024-12-07T17:08:10.614+0800][2.633s][debug][gc,ref            ] GC(21) Preclean PhantomReferences 0.072ms
[2024-12-07T17:08:10.614+0800][2.633s][info ][gc,marking        ] GC(21) Concurrent Preclean 0.597ms
[2024-12-07T17:08:10.614+0800][2.633s][info ][gc,marking        ] GC(21) Concurrent Mark (2.630s, 2.633s) 3.108ms
[2024-12-07T17:08:10.614+0800][2.633s][info ][gc,start          ] GC(21) Pause Remark
[2024-12-07T17:08:10.614+0800][2.634s][debug][gc,phases,start   ] GC(21) Finalize Marking
[2024-12-07T17:08:10.616+0800][2.635s][debug][gc,stats          ] ---------------------------------------------------------------------
[2024-12-07T17:08:10.616+0800][2.635s][debug][gc,stats          ] Marking Stats, task = 0, calls = 114
[2024-12-07T17:08:10.616+0800][2.635s][debug][gc,stats          ]   Elapsed time = 1.47ms, Termination time = 1.24ms
[2024-12-07T17:08:10.616+0800][2.636s][debug][gc,stats          ]   Step Times (cum): num = 1104, avg = 0.01ms, sd = 0.15ms max = 3.57ms, total = 10.87ms
[2024-12-07T17:08:10.617+0800][2.636s][debug][gc,stats          ]   Mark Stats Cache: hits 3158 misses 211 ratio 93.737
[2024-12-07T17:08:10.617+0800][2.636s][debug][gc,stats          ] ---------------------------------------------------------------------
[2024-12-07T17:08:10.617+0800][2.636s][debug][gc,stats          ] Marking Stats, task = 1, calls = 30
[2024-12-07T17:08:10.617+0800][2.636s][debug][gc,stats          ]   Elapsed time = 1.57ms, Termination time = 1.22ms
[2024-12-07T17:08:10.617+0800][2.636s][debug][gc,stats          ]   Step Times (cum): num = 271, avg = 0.04ms, sd = 0.30ms max = 3.56ms, total = 10.71ms
[2024-12-07T17:08:10.617+0800][2.636s][debug][gc,stats          ]   Mark Stats Cache: hits 1827 misses 2 ratio 99.891
[2024-12-07T17:08:10.617+0800][2.636s][debug][gc,stats          ] ---------------------------------------------------------------------
[2024-12-07T17:08:10.617+0800][2.636s][debug][gc,stats          ] Marking Stats, task = 2, calls = 43
[2024-12-07T17:08:10.617+0800][2.637s][debug][gc,stats          ]   Elapsed time = 1.57ms, Termination time = 1.22ms
[2024-12-07T17:08:10.618+0800][2.637s][debug][gc,stats          ]   Step Times (cum): num = 355, avg = 0.03ms, sd = 0.26ms max = 3.57ms, total = 10.27ms
[2024-12-07T17:08:10.618+0800][2.637s][debug][gc,stats          ]   Mark Stats Cache: hits 590 misses 2 ratio 99.662
[2024-12-07T17:08:10.618+0800][2.637s][debug][gc,stats          ] ---------------------------------------------------------------------
[2024-12-07T17:08:10.618+0800][2.637s][debug][gc,stats          ] Marking Stats, task = 3, calls = 2
[2024-12-07T17:08:10.618+0800][2.637s][debug][gc,stats          ]   Elapsed time = 1.58ms, Termination time = 1.22ms
[2024-12-07T17:08:10.618+0800][2.638s][debug][gc,stats          ]   Step Times (cum): num = 272, avg = 0.04ms, sd = 0.30ms max = 3.57ms, total = 10.69ms
[2024-12-07T17:08:10.619+0800][2.638s][debug][gc,stats          ]   Mark Stats Cache: hits 4302 misses 2 ratio 99.954
[2024-12-07T17:08:10.619+0800][2.638s][debug][gc,stats          ] ---------------------------------------------------------------------
[2024-12-07T17:08:10.619+0800][2.638s][debug][gc,stats          ] Marking Stats, task = 4, calls = 36
[2024-12-07T17:08:10.619+0800][2.638s][debug][gc,stats          ]   Elapsed time = 1.44ms, Termination time = 1.22ms
[2024-12-07T17:08:10.619+0800][2.638s][debug][gc,stats          ]   Step Times (cum): num = 312, avg = 0.03ms, sd = 0.28ms max = 3.57ms, total = 10.33ms
[2024-12-07T17:08:10.619+0800][2.638s][debug][gc,stats          ]   Mark Stats Cache: hits 608 misses 1 ratio 99.836
[2024-12-07T17:08:10.619+0800][2.638s][debug][gc,stats          ] ---------------------------------------------------------------------
[2024-12-07T17:08:10.619+0800][2.638s][debug][gc,stats          ] Marking Stats, task = 5, calls = 1
[2024-12-07T17:08:10.619+0800][2.639s][debug][gc,stats          ]   Elapsed time = 1.43ms, Termination time = 1.22ms
[2024-12-07T17:08:10.620+0800][2.639s][debug][gc,stats          ]   Step Times (cum): num = 11, avg = 0.90ms, sd = 1.16ms max = 3.61ms, total = 9.94ms
[2024-12-07T17:08:10.620+0800][2.639s][debug][gc,stats          ]   Mark Stats Cache: hits 0 misses 0 ratio 0.000
[2024-12-07T17:08:10.620+0800][2.639s][debug][gc,stats          ] ---------------------------------------------------------------------
[2024-12-07T17:08:10.620+0800][2.639s][debug][gc,stats          ] Marking Stats, task = 6, calls = 1
[2024-12-07T17:08:10.620+0800][2.639s][debug][gc,stats          ]   Elapsed time = 1.43ms, Termination time = 1.22ms
[2024-12-07T17:08:10.620+0800][2.639s][debug][gc,stats          ]   Step Times (cum): num = 11, avg = 0.94ms, sd = 1.17ms max = 3.57ms, total = 10.36ms
[2024-12-07T17:08:10.620+0800][2.639s][debug][gc,stats          ]   Mark Stats Cache: hits 0 misses 0 ratio 0.000
[2024-12-07T17:08:10.620+0800][2.639s][debug][gc,stats          ] ---------------------------------------------------------------------
[2024-12-07T17:08:10.620+0800][2.639s][debug][gc,stats          ] Marking Stats, task = 7, calls = 1
[2024-12-07T17:08:10.620+0800][2.639s][debug][gc,stats          ]   Elapsed time = 1.42ms, Termination time = 1.15ms
[2024-12-07T17:08:10.620+0800][2.639s][debug][gc,stats          ]   Step Times (cum): num = 11, avg = 0.91ms, sd = 1.18ms max = 3.61ms, total = 10.04ms
[2024-12-07T17:08:10.620+0800][2.640s][debug][gc,stats          ]   Mark Stats Cache: hits 0 misses 0 ratio 0.000
[2024-12-07T17:08:10.620+0800][2.640s][debug][gc,stats          ] ---------------------------------------------------------------------
[2024-12-07T17:08:10.621+0800][2.640s][debug][gc,stats          ] Marking Stats, task = 8, calls = 1
[2024-12-07T17:08:10.621+0800][2.640s][debug][gc,stats          ]   Elapsed time = 1.42ms, Termination time = 1.16ms
[2024-12-07T17:08:10.621+0800][2.640s][debug][gc,stats          ]   Step Times (cum): num = 11, avg = 0.95ms, sd = 1.17ms max = 3.61ms, total = 10.40ms
[2024-12-07T17:08:10.621+0800][2.640s][debug][gc,stats          ]   Mark Stats Cache: hits 0 misses 0 ratio 0.000
[2024-12-07T17:08:10.621+0800][2.640s][debug][gc,stats          ] ---------------------------------------------------------------------
[2024-12-07T17:08:10.621+0800][2.640s][debug][gc,stats          ] Marking Stats, task = 9, calls = 1
[2024-12-07T17:08:10.621+0800][2.640s][debug][gc,stats          ]   Elapsed time = 1.44ms, Termination time = 1.23ms
[2024-12-07T17:08:10.621+0800][2.640s][debug][gc,stats          ]   Step Times (cum): num = 11, avg = 0.95ms, sd = 1.20ms max = 3.64ms, total = 10.42ms
[2024-12-07T17:08:10.621+0800][2.640s][debug][gc,stats          ]   Mark Stats Cache: hits 0 misses 0 ratio 0.000
[2024-12-07T17:08:10.621+0800][2.640s][debug][gc,stats          ] ---------------------------------------------------------------------
[2024-12-07T17:08:10.621+0800][2.640s][debug][gc,stats          ] Marking Stats, task = 10, calls = 1
[2024-12-07T17:08:10.621+0800][2.640s][debug][gc,stats          ]   Elapsed time = 0.02ms, Termination time = 0.00ms
[2024-12-07T17:08:10.621+0800][2.640s][debug][gc,stats          ]   Step Times (cum): num = 11, avg = 0.26ms, sd = 0.45ms max = 1.32ms, total = 2.86ms
[2024-12-07T17:08:10.621+0800][2.641s][debug][gc,stats          ]   Mark Stats Cache: hits 0 misses 0 ratio 0.000
[2024-12-07T17:08:10.621+0800][2.641s][debug][gc,stats          ] ---------------------------------------------------------------------
[2024-12-07T17:08:10.622+0800][2.641s][debug][gc,stats          ] Marking Stats, task = 11, calls = 1
[2024-12-07T17:08:10.622+0800][2.641s][debug][gc,stats          ]   Elapsed time = 0.00ms, Termination time = 0.00ms
[2024-12-07T17:08:10.622+0800][2.641s][debug][gc,stats          ]   Step Times (cum): num = 11, avg = 0.00ms, sd = 0.00ms max = 0.00ms, total = 0.00ms
[2024-12-07T17:08:10.622+0800][2.641s][debug][gc,stats          ]   Mark Stats Cache: hits 0 misses 0 ratio 0.000
[2024-12-07T17:08:10.622+0800][2.641s][debug][gc,stats          ] ---------------------------------------------------------------------
[2024-12-07T17:08:10.622+0800][2.641s][debug][gc,phases         ] GC(21) Finalize Marking 7.451ms
[2024-12-07T17:08:10.622+0800][2.641s][debug][gc,phases,start   ] GC(21) Reference Processing
[2024-12-07T17:08:10.622+0800][2.641s][debug][gc,ref            ] GC(21) Skipped phase1 of Reference Processing due to unavailable references
[2024-12-07T17:08:10.622+0800][2.641s][debug][gc,ref            ] GC(21) Skipped phase2 of Reference Processing due to unavailable references
[2024-12-07T17:08:10.622+0800][2.641s][debug][gc,ref            ] GC(21) Skipped phase3 of Reference Processing due to unavailable references
[2024-12-07T17:08:10.622+0800][2.641s][debug][gc,ref            ] GC(21) Skipped phase4 of Reference Processing due to unavailable references
[2024-12-07T17:08:10.622+0800][2.641s][debug][gc,phases,ref     ] GC(21) Reference Processing: 0.3ms
[2024-12-07T17:08:10.622+0800][2.641s][debug][gc,phases,ref     ] GC(21)   Reconsider SoftReferences: 0.1ms
[2024-12-07T17:08:10.622+0800][2.642s][debug][gc,phases,ref     ] GC(21)     SoftRef (ms):             skipped
[2024-12-07T17:08:10.622+0800][2.642s][debug][gc,phases,ref     ] GC(21)   Notify Soft/WeakReferences: 0.1ms
[2024-12-07T17:08:10.622+0800][2.642s][debug][gc,phases,ref     ] GC(21)     SoftRef (ms):             skipped
[2024-12-07T17:08:10.623+0800][2.642s][debug][gc,phases,ref     ] GC(21)     WeakRef (ms):             skipped
[2024-12-07T17:08:10.623+0800][2.642s][debug][gc,phases,ref     ] GC(21)     FinalRef (ms):            skipped
[2024-12-07T17:08:10.623+0800][2.642s][debug][gc,phases,ref     ] GC(21)     Total (ms):               skipped
[2024-12-07T17:08:10.623+0800][2.642s][debug][gc,phases,ref     ] GC(21)   Notify and keep alive finalizable: 0.1ms
[2024-12-07T17:08:10.623+0800][2.642s][debug][gc,phases,ref     ] GC(21)     FinalRef (ms):            skipped
[2024-12-07T17:08:10.623+0800][2.642s][debug][gc,phases,ref     ] GC(21)   Notify PhantomReferences: 0.1ms
[2024-12-07T17:08:10.623+0800][2.642s][debug][gc,phases,ref     ] GC(21)     PhantomRef (ms):          skipped
[2024-12-07T17:08:10.623+0800][2.642s][debug][gc,phases,ref     ] GC(21)   SoftReference:
[2024-12-07T17:08:10.623+0800][2.642s][debug][gc,phases,ref     ] GC(21)     Discovered: 0
[2024-12-07T17:08:10.623+0800][2.642s][debug][gc,phases,ref     ] GC(21)     Cleared: 0
[2024-12-07T17:08:10.623+0800][2.642s][debug][gc,phases,ref     ] GC(21)   WeakReference:
[2024-12-07T17:08:10.623+0800][2.642s][debug][gc,phases,ref     ] GC(21)     Discovered: 0
[2024-12-07T17:08:10.623+0800][2.642s][debug][gc,phases,ref     ] GC(21)     Cleared: 0
[2024-12-07T17:08:10.623+0800][2.643s][debug][gc,phases,ref     ] GC(21)   FinalReference:
[2024-12-07T17:08:10.623+0800][2.643s][debug][gc,phases,ref     ] GC(21)     Discovered: 0
[2024-12-07T17:08:10.623+0800][2.643s][debug][gc,phases,ref     ] GC(21)     Cleared: 0
[2024-12-07T17:08:10.624+0800][2.643s][debug][gc,phases,ref     ] GC(21)   PhantomReference:
[2024-12-07T17:08:10.624+0800][2.643s][debug][gc,phases,ref     ] GC(21)     Discovered: 0
[2024-12-07T17:08:10.624+0800][2.643s][debug][gc,phases,ref     ] GC(21)     Cleared: 0
[2024-12-07T17:08:10.624+0800][2.643s][debug][gc,phases         ] GC(21) Reference Processing 2.177ms
[2024-12-07T17:08:10.624+0800][2.643s][debug][gc,phases,start   ] GC(21) Weak Processing
[2024-12-07T17:08:10.625+0800][2.644s][debug][gc,phases         ] GC(21) Weak Processing 0.180ms
[2024-12-07T17:08:10.625+0800][2.644s][debug][gc,phases,start   ] GC(21) Class Unloading
[2024-12-07T17:08:10.625+0800][2.644s][debug][gc,phases,start   ] GC(21) ClassLoaderData
[2024-12-07T17:08:10.625+0800][2.644s][debug][gc,phases         ] GC(21) ClassLoaderData 0.098ms
[2024-12-07T17:08:10.625+0800][2.644s][debug][gc,phases,start   ] GC(21) ProtectionDomainCacheTable
[2024-12-07T17:08:10.625+0800][2.644s][debug][gc,phases         ] GC(21) ProtectionDomainCacheTable 0.087ms
[2024-12-07T17:08:10.625+0800][2.645s][info ][gc,stringtable    ] GC(21) Cleaned string and symbol table, strings: 39 processed, 0 removed, symbols: 191 processed, 0 removed
[2024-12-07T17:08:10.626+0800][2.645s][debug][gc,phases         ] GC(21) Class Unloading 1.331ms
[2024-12-07T17:08:10.626+0800][2.645s][debug][gc,phases,start   ] GC(21) Flush Task Caches
[2024-12-07T17:08:10.626+0800][2.645s][debug][gc,stats          ] Mark stats cache hits 10485 misses 218 ratio 97.963
[2024-12-07T17:08:10.626+0800][2.645s][debug][gc,phases         ] GC(21) Flush Task Caches 0.230ms
[2024-12-07T17:08:10.626+0800][2.646s][debug][gc,phases,start   ] GC(21) Update Remembered Set Tracking Before Rebuild
[2024-12-07T17:08:10.626+0800][2.646s][debug][gc,ergo           ] GC(21) Running G1 Update RemSet Tracking Before Rebuild using 2 workers for 505 regions in heap
[2024-12-07T17:08:10.627+0800][2.646s][debug][gc,remset,tracking] GC(21) Remembered Set Tracking update regions total 505, selected 0
[2024-12-07T17:08:10.627+0800][2.646s][debug][gc,phases         ] GC(21) Update Remembered Set Tracking Before Rebuild 0.258ms
[2024-12-07T17:08:10.627+0800][2.646s][debug][gc,phases,start   ] GC(21) Reclaim Empty Regions
[2024-12-07T17:08:10.627+0800][2.646s][debug][gc,phases         ] GC(21) Reclaim Empty Regions 0.153ms
[2024-12-07T17:08:10.627+0800][2.646s][debug][gc,phases,start   ] GC(21) Purge Metaspace
[2024-12-07T17:08:10.627+0800][2.646s][debug][gc,phases         ] GC(21) Purge Metaspace 0.065ms
[2024-12-07T17:08:10.627+0800][2.646s][debug][gc,phases,start   ] GC(21) Report Object Count
[2024-12-07T17:08:10.627+0800][2.646s][debug][gc,phases         ] GC(21) Report Object Count 0.064ms
[2024-12-07T17:08:10.627+0800][2.646s][info ][gc                ] GC(21) Pause Remark 441M->441M(505M) 12.893ms
[2024-12-07T17:08:10.627+0800][2.646s][info ][gc,cpu            ] GC(21) User=0.02s Sys=0.00s Real=0.02s
[2024-12-07T17:08:10.627+0800][2.647s][info ][gc,marking        ] GC(21) Concurrent Rebuild Remembered Sets
[2024-12-07T17:08:10.628+0800][2.647s][info ][gc,marking        ] GC(21) Concurrent Rebuild Remembered Sets 0.274ms
[2024-12-07T17:08:10.628+0800][2.647s][info ][gc,start          ] GC(21) Pause Cleanup
[2024-12-07T17:08:10.628+0800][2.647s][debug][gc,phases,start   ] GC(21) Update Remembered Set Tracking After Rebuild
[2024-12-07T17:08:10.628+0800][2.647s][debug][gc,phases         ] GC(21) Update Remembered Set Tracking After Rebuild 0.073ms
[2024-12-07T17:08:10.628+0800][2.647s][debug][gc,phases,start   ] GC(21) Finalize Concurrent Mark Cleanup
[2024-12-07T17:08:10.628+0800][2.647s][debug][gc,ergo           ] GC(21) request young-only gcs (candidate old regions not available)
[2024-12-07T17:08:10.628+0800][2.647s][debug][gc,phases         ] GC(21) Finalize Concurrent Mark Cleanup 0.235ms
[2024-12-07T17:08:10.628+0800][2.647s][info ][gc                ] GC(21) Pause Cleanup 441M->441M(505M) 0.521ms
[2024-12-07T17:08:10.628+0800][2.648s][info ][gc,cpu            ] GC(21) User=0.00s Sys=0.00s Real=0.00s
[2024-12-07T17:08:10.628+0800][2.648s][info ][gc,marking        ] GC(21) Concurrent Cleanup for Next Mark
[2024-12-07T17:08:10.629+0800][2.648s][debug][gc,ergo           ] GC(21) Running G1 Clear Bitmap with 5 workers for 8 work units.
[2024-12-07T17:08:10.629+0800][2.648s][info ][gc,marking        ] GC(21) Concurrent Cleanup for Next Mark 0.293ms
[2024-12-07T17:08:10.629+0800][2.648s][info ][gc                ] GC(21) Concurrent Cycle 18.537ms
[2024-12-07T17:08:10.717+0800][2.736s][debug][gc,ergo,ihop      ] Request concurrent cycle initiation (occupancy higher than threshold) occupancy: 463470592B allocation request: 1048592B threshold: 238288896B (45.00) source: concurrent humongous allocation
[2024-12-07T17:08:10.718+0800][2.737s][debug][gc,ergo           ] Request concurrent cycle initiation (requested by GC cause). GC cause: G1 Humongous Allocation
[2024-12-07T17:08:10.718+0800][2.737s][debug][gc,heap           ] GC(22) Heap before GC invocations=22 (full 0): garbage-first heap   total 517120K, used 451734K [0x00000000e0000000, 0x0000000100000000)
[2024-12-07T17:08:10.718+0800][2.737s][debug][gc,heap           ] GC(22)   region size 1024K, 2 young (2048K), 1 survivors (1024K)
[2024-12-07T17:08:10.718+0800][2.737s][debug][gc,heap           ] GC(22)  Metaspace       used 558K, capacity 4570K, committed 4864K, reserved 1056768K
[2024-12-07T17:08:10.718+0800][2.738s][debug][gc,heap           ] GC(22)   class space    used 46K, capacity 419K, committed 512K, reserved 1048576K
[2024-12-07T17:08:10.719+0800][2.738s][debug][gc,ergo           ] GC(22) Initiate concurrent cycle (concurrent cycle initiation requested)
[2024-12-07T17:08:10.719+0800][2.738s][info ][gc,start          ] GC(22) Pause Young (Concurrent Start) (G1 Humongous Allocation)
[2024-12-07T17:08:10.719+0800][2.738s][info ][gc,task           ] GC(22) Using 12 workers of 18 for evacuation
[2024-12-07T17:08:10.719+0800][2.738s][debug][gc,tlab           ] GC(22) TLAB totals: thrds: 1  refills: 1 max: 1 slow allocs: 1 max 1 waste: 100.0% gc: 503192B max: 503192B slow: 0B max: 0B fast: 0B max: 0B
[2024-12-07T17:08:10.719+0800][2.738s][debug][gc,alloc,region   ] GC(22) Mutator Allocation stats, regions: 1, wasted size: 0B ( 0.0%)
[2024-12-07T17:08:10.719+0800][2.738s][debug][gc,age            ] GC(22) Desired survivor size 2097152 bytes, new threshold 15 (max threshold 15)
[2024-12-07T17:08:10.720+0800][2.739s][debug][gc,ergo,cset      ] GC(22) Finish choosing CSet. old: 0 regions, predicted old region time: 0.00ms, time remaining: 181.94
[2024-12-07T17:08:10.720+0800][2.739s][debug][gc,task,stats     ] GC(22) GC Termination Stats
[2024-12-07T17:08:10.720+0800][2.739s][debug][gc,task,stats     ] GC(22)      elapsed  --strong roots-- -------termination------- ------waste (KiB)------
[2024-12-07T17:08:10.720+0800][2.740s][debug][gc,task,stats     ] GC(22) thr     ms        ms      %        ms      %    attempts  total   alloc    undo
[2024-12-07T17:08:10.721+0800][2.740s][debug][gc,task,stats     ] GC(22) --- --------- --------- ------ --------- ------ -------- ------- ------- -------
[2024-12-07T17:08:10.725+0800][2.744s][debug][gc,task,stats     ] GC(22)   1      4.15      4.14  99.74      0.00   0.02        1       0       0       0
[2024-12-07T17:08:10.726+0800][2.745s][debug][gc,task,stats     ] GC(22)   0      5.19      0.72  13.81      4.08  78.63       10       1       1       0
[2024-12-07T17:08:10.727+0800][2.746s][debug][gc,task,stats     ] GC(22)   8      5.87      0.76  12.92      3.94  67.12       10       0       0       0
[2024-12-07T17:08:10.727+0800][2.747s][debug][gc,task,stats     ] GC(22)   3      6.53      0.81  12.34      3.92  59.99       12       0       0       0
[2024-12-07T17:08:10.728+0800][2.747s][debug][gc,task,stats     ] GC(22)   4      6.76      0.60   8.86      3.89  57.62       12       0       0       0
[2024-12-07T17:08:10.728+0800][2.747s][debug][gc,task,stats     ] GC(22)   6      6.90      1.25  18.09      3.15  45.63        1       0       0       0
[2024-12-07T17:08:10.728+0800][2.747s][debug][gc,task,stats     ] GC(22)   9      7.04      0.58   8.27      3.63  51.59       21       0       0       0
[2024-12-07T17:08:10.728+0800][2.747s][debug][gc,task,stats     ] GC(22)   2      7.26      0.68   9.33      3.54  48.75       19       0       0       0
[2024-12-07T17:08:10.728+0800][2.747s][debug][gc,task,stats     ] GC(22)   7      7.33      0.87  11.93      3.38  46.13        1       0       0       0
[2024-12-07T17:08:10.728+0800][2.748s][debug][gc,task,stats     ] GC(22)   5      7.48      0.65   8.71      3.53  47.12       20       0       0       0
[2024-12-07T17:08:10.728+0800][2.748s][debug][gc,task,stats     ] GC(22)  10      7.55      2.71  35.84      1.42  18.79        1       0       0       0
[2024-12-07T17:08:10.729+0800][2.748s][debug][gc,task,stats     ] GC(22)  11      7.66      1.68  21.94      2.40  31.28        1       0       0       0
[2024-12-07T17:08:10.729+0800][2.748s][debug][gc,ergo           ] GC(22) Running G1 Clear Card Table Task using 1 workers for 1 units of work for 3 regions.
[2024-12-07T17:08:10.729+0800][2.748s][debug][gc,ref            ] GC(22) Skipped phase1 of Reference Processing due to unavailable references
[2024-12-07T17:08:10.729+0800][2.748s][debug][gc,ref            ] GC(22) Skipped phase3 of Reference Processing due to unavailable references
[2024-12-07T17:08:10.729+0800][2.748s][debug][gc,ergo           ] GC(22) Running G1 Free Collection Set using 1 workers for collection set length 2
[2024-12-07T17:08:10.730+0800][2.749s][debug][gc,humongous      ] GC(22) Live humongous region 0 object size 1048592 start 0x00000000e0000000  with remset 0 code roots 0 is marked 0 reclaim candidate 0 type array 1
[2024-12-07T17:08:10.730+0800][2.749s][debug][gc,humongous      ] GC(22) Live humongous region 2 object size 1048592 start 0x00000000e0200000  with remset 0 code roots 0 is marked 0 reclaim candidate 0 type array 1
[2024-12-07T17:08:10.730+0800][2.749s][debug][gc,humongous      ] GC(22) Live humongous region 4 object size 1048592 start 0x00000000e0400000  with remset 0 code roots 0 is marked 0 reclaim candidate 0 type array 1
[2024-12-07T17:08:10.730+0800][2.749s][debug][gc,humongous      ] GC(22) Live humongous region 6 object size 1048592 start 0x00000000e0600000  with remset 0 code roots 0 is marked 0 reclaim candidate 0 type array 1
[2024-12-07T17:08:10.730+0800][2.750s][debug][gc,humongous      ] GC(22) Live humongous region 8 object size 1048592 start 0x00000000e0800000  with remset 0 code roots 0 is marked 0 reclaim candidate 0 type array 1
[2024-12-07T17:08:10.731+0800][2.750s][debug][gc,humongous      ] GC(22) Live humongous region 10 object size 1048592 start 0x00000000e0a00000  with remset 0 code roots 0 is marked 0 reclaim candidate 0 type array 1
[2024-12-07T17:08:10.731+0800][2.750s][debug][gc,humongous      ] GC(22) Live humongous region 12 object size 1048592 start 0x00000000e0c00000  with remset 0 code roots 0 is marked 0 reclaim candidate 0 type array 1
[2024-12-07T17:08:10.731+0800][2.750s][debug][gc,humongous      ] GC(22) Live humongous region 14 object size 1048592 start 0x00000000e0e00000  with remset 0 code roots 0 is marked 0 reclaim candidate 0 type array 1
[2024-12-07T17:08:10.731+0800][2.750s][debug][gc,humongous      ] GC(22) Live humongous region 16 object size 1048592 start 0x00000000e1000000  with remset 0 code roots 0 is marked 0 reclaim candidate 0 type array 1
[2024-12-07T17:08:10.731+0800][2.750s][debug][gc,humongous      ] GC(22) Live humongous region 18 object size 1048592 start 0x00000000e1200000  with remset 0 code roots 0 is marked 0 reclaim candidate 0 type array 1
[2024-12-07T17:08:10.731+0800][2.751s][debug][gc,humongous      ] GC(22) Live humongous region 20 object size 1048592 start 0x00000000e1400000  with remset 0 code roots 0 is marked 0 reclaim candidate 0 type array 1
[2024-12-07T17:08:10.732+0800][2.751s][debug][gc,humongous      ] GC(22) Live humongous region 22 object size 1048592 start 0x00000000e1600000  with remset 0 code roots 0 is marked 0 reclaim candidate 0 type array 1
[2024-12-07T17:08:10.732+0800][2.751s][debug][gc,humongous      ] GC(22) Live humongous region 24 object size 1048592 start 0x00000000e1800000  with remset 0 code roots 0 is marked 0 reclaim candidate 0 type array 1
[2024-12-07T17:08:10.732+0800][2.751s][debug][gc,humongous      ] GC(22) Live humongous region 26 object size 1048592 start 0x00000000e1a00000  with remset 0 code roots 0 is marked 0 reclaim candidate 0 type array 1
[2024-12-07T17:08:10.732+0800][2.751s][debug][gc,humongous      ] GC(22) Live humongous region 28 object size 1048592 start 0x00000000e1c00000  with remset 0 code roots 0 is marked 0 reclaim candidate 0 type array 1
[2024-12-07T17:08:10.732+0800][2.751s][debug][gc,humongous      ] GC(22) Live humongous region 30 object size 1048592 start 0x00000000e1e00000  with remset 0 code roots 0 is marked 0 reclaim candidate 0 type array 1
[2024-12-07T17:08:10.732+0800][2.751s][debug][gc,humongous      ] GC(22) Live humongous region 32 object size 1048592 start 0x00000000e2000000  with remset 0 code roots 0 is marked 0 reclaim candidate 0 type array 1
[2024-12-07T17:08:10.732+0800][2.751s][debug][gc,humongous      ] GC(22) Live humongous region 34 object size 1048592 start 0x00000000e2200000  with remset 0 code roots 0 is marked 0 reclaim candidate 0 type array 1
[2024-12-07T17:08:10.732+0800][2.751s][debug][gc,humongous      ] GC(22) Live humongous region 36 object size 1048592 start 0x00000000e2400000  with remset 0 code roots 0 is marked 0 reclaim candidate 0 type array 1
[2024-12-07T17:08:10.732+0800][2.751s][debug][gc,humongous      ] GC(22) Live humongous region 38 object size 1048592 start 0x00000000e2600000  with remset 0 code roots 0 is marked 0 reclaim candidate 0 type array 1
[2024-12-07T17:08:10.732+0800][2.751s][debug][gc,humongous      ] GC(22) Live humongous region 40 object size 1048592 start 0x00000000e2800000  with remset 0 code roots 0 is marked 0 reclaim candidate 0 type array 1
[2024-12-07T17:08:10.732+0800][2.752s][debug][gc,humongous      ] GC(22) Live humongous region 42 object size 1048592 start 0x00000000e2a00000  with remset 0 code roots 0 is marked 0 reclaim candidate 0 type array 1
[2024-12-07T17:08:10.732+0800][2.752s][debug][gc,humongous      ] GC(22) Live humongous region 44 object size 1048592 start 0x00000000e2c00000  with remset 0 code roots 0 is marked 0 reclaim candidate 0 type array 1
[2024-12-07T17:08:10.733+0800][2.752s][debug][gc,humongous      ] GC(22) Live humongous region 46 object size 1048592 start 0x00000000e2e00000  with remset 0 code roots 0 is marked 0 reclaim candidate 0 type array 1
[2024-12-07T17:08:10.733+0800][2.752s][debug][gc,humongous      ] GC(22) Live humongous region 48 object size 1048592 start 0x00000000e3000000  with remset 0 code roots 0 is marked 0 reclaim candidate 0 type array 1
[2024-12-07T17:08:10.733+0800][2.752s][debug][gc,humongous      ] GC(22) Live humongous region 50 object size 1048592 start 0x00000000e3200000  with remset 0 code roots 0 is marked 0 reclaim candidate 0 type array 1
[2024-12-07T17:08:10.733+0800][2.752s][debug][gc,humongous      ] GC(22) Live humongous region 52 object size 1048592 start 0x00000000e3400000  with remset 0 code roots 0 is marked 0 reclaim candidate 0 type array 1
[2024-12-07T17:08:10.733+0800][2.752s][debug][gc,humongous      ] GC(22) Live humongous region 54 object size 1048592 start 0x00000000e3600000  with remset 0 code roots 0 is marked 0 reclaim candidate 0 type array 1
[2024-12-07T17:08:10.733+0800][2.752s][debug][gc,humongous      ] GC(22) Live humongous region 56 object size 1048592 start 0x00000000e3800000  with remset 0 code roots 0 is marked 0 reclaim candidate 0 type array 1
[2024-12-07T17:08:10.733+0800][2.752s][debug][gc,humongous      ] GC(22) Live humongous region 58 object size 1048592 start 0x00000000e3a00000  with remset 0 code roots 0 is marked 0 reclaim candidate 0 type array 1
[2024-12-07T17:08:10.733+0800][2.752s][debug][gc,humongous      ] GC(22) Live humongous region 60 object size 1048592 start 0x00000000e3c00000  with remset 0 code roots 0 is marked 0 reclaim candidate 0 type array 1
[2024-12-07T17:08:10.733+0800][2.752s][debug][gc,humongous      ] GC(22) Live humongous region 62 object size 1048592 start 0x00000000e3e00000  with remset 0 code roots 0 is marked 0 reclaim candidate 0 type array 1
[2024-12-07T17:08:10.733+0800][2.753s][debug][gc,humongous      ] GC(22) Live humongous region 64 object size 1048592 start 0x00000000e4000000  with remset 0 code roots 0 is marked 0 reclaim candidate 0 type array 1
[2024-12-07T17:08:10.733+0800][2.753s][debug][gc,humongous      ] GC(22) Live humongous region 66 object size 1048592 start 0x00000000e4200000  with remset 0 code roots 0 is marked 0 reclaim candidate 0 type array 1
[2024-12-07T17:08:10.734+0800][2.753s][debug][gc,humongous      ] GC(22) Live humongous region 68 object size 1048592 start 0x00000000e4400000  with remset 0 code roots 0 is marked 0 reclaim candidate 0 type array 1
[2024-12-07T17:08:10.734+0800][2.753s][debug][gc,humongous      ] GC(22) Live humongous region 70 object size 1048592 start 0x00000000e4600000  with remset 0 code roots 0 is marked 0 reclaim candidate 0 type array 1
[2024-12-07T17:08:10.734+0800][2.753s][debug][gc,humongous      ] GC(22) Live humongous region 72 object size 1048592 start 0x00000000e4800000  with remset 0 code roots 0 is marked 0 reclaim candidate 0 type array 1
[2024-12-07T17:08:10.734+0800][2.753s][debug][gc,humongous      ] GC(22) Live humongous region 74 object size 1048592 start 0x00000000e4a00000  with remset 0 code roots 0 is marked 0 reclaim candidate 0 type array 1
[2024-12-07T17:08:10.734+0800][2.753s][debug][gc,humongous      ] GC(22) Live humongous region 76 object size 1048592 start 0x00000000e4c00000  with remset 0 code roots 0 is marked 0 reclaim candidate 0 type array 1
[2024-12-07T17:08:10.734+0800][2.753s][debug][gc,humongous      ] GC(22) Live humongous region 78 object size 1048592 start 0x00000000e4e00000  with remset 0 code roots 0 is marked 0 reclaim candidate 0 type array 1
[2024-12-07T17:08:10.734+0800][2.753s][debug][gc,humongous      ] GC(22) Live humongous region 80 object size 1048592 start 0x00000000e5000000  with remset 0 code roots 0 is marked 0 reclaim candidate 0 type array 1
[2024-12-07T17:08:10.734+0800][2.753s][debug][gc,humongous      ] GC(22) Live humongous region 82 object size 1048592 start 0x00000000e5200000  with remset 0 code roots 0 is marked 0 reclaim candidate 0 type array 1
[2024-12-07T17:08:10.734+0800][2.753s][debug][gc,humongous      ] GC(22) Live humongous region 84 object size 1048592 start 0x00000000e5400000  with remset 0 code roots 0 is marked 0 reclaim candidate 0 type array 1
[2024-12-07T17:08:10.734+0800][2.753s][debug][gc,humongous      ] GC(22) Live humongous region 86 object size 1048592 start 0x00000000e5600000  with remset 0 code roots 0 is marked 0 reclaim candidate 0 type array 1
[2024-12-07T17:08:10.734+0800][2.754s][debug][gc,humongous      ] GC(22) Live humongous region 88 object size 1048592 start 0x00000000e5800000  with remset 0 code roots 0 is marked 0 reclaim candidate 0 type array 1
[2024-12-07T17:08:10.734+0800][2.754s][debug][gc,humongous      ] GC(22) Live humongous region 90 object size 1048592 start 0x00000000e5a00000  with remset 0 code roots 0 is marked 0 reclaim candidate 0 type array 1
[2024-12-07T17:08:10.735+0800][2.754s][debug][gc,humongous      ] GC(22) Live humongous region 92 object size 1048592 start 0x00000000e5c00000  with remset 0 code roots 0 is marked 0 reclaim candidate 0 type array 1
[2024-12-07T17:08:10.735+0800][2.754s][debug][gc,humongous      ] GC(22) Live humongous region 94 object size 1048592 start 0x00000000e5e00000  with remset 0 code roots 0 is marked 0 reclaim candidate 0 type array 1
[2024-12-07T17:08:10.735+0800][2.754s][debug][gc,humongous      ] GC(22) Live humongous region 96 object size 1048592 start 0x00000000e6000000  with remset 0 code roots 0 is marked 0 reclaim candidate 0 type array 1
[2024-12-07T17:08:10.735+0800][2.754s][debug][gc,humongous      ] GC(22) Live humongous region 98 object size 1048592 start 0x00000000e6200000  with remset 0 code roots 0 is marked 0 reclaim candidate 0 type array 1
[2024-12-07T17:08:10.735+0800][2.754s][debug][gc,humongous      ] GC(22) Live humongous region 100 object size 1048592 start 0x00000000e6400000  with remset 0 code roots 0 is marked 0 reclaim candidate 0 type array 1
[2024-12-07T17:08:10.735+0800][2.754s][debug][gc,humongous      ] GC(22) Live humongous region 102 object size 1048592 start 0x00000000e6600000  with remset 0 code roots 0 is marked 0 reclaim candidate 0 type array 1
[2024-12-07T17:08:10.735+0800][2.754s][debug][gc,humongous      ] GC(22) Live humongous region 104 object size 1048592 start 0x00000000e6800000  with remset 0 code roots 0 is marked 0 reclaim candidate 0 type array 1
[2024-12-07T17:08:10.735+0800][2.754s][debug][gc,humongous      ] GC(22) Live humongous region 106 object size 1048592 start 0x00000000e6a00000  with remset 0 code roots 0 is marked 0 reclaim candidate 0 type array 1
[2024-12-07T17:08:10.735+0800][2.754s][debug][gc,humongous      ] GC(22) Live humongous region 108 object size 1048592 start 0x00000000e6c00000  with remset 0 code roots 0 is marked 0 reclaim candidate 0 type array 1
[2024-12-07T17:08:10.735+0800][2.755s][debug][gc,humongous      ] GC(22) Live humongous region 110 object size 1048592 start 0x00000000e6e00000  with remset 0 code roots 0 is marked 0 reclaim candidate 0 type array 1
[2024-12-07T17:08:10.735+0800][2.755s][debug][gc,humongous      ] GC(22) Live humongous region 112 object size 1048592 start 0x00000000e7000000  with remset 0 code roots 0 is marked 0 reclaim candidate 0 type array 1
[2024-12-07T17:08:10.736+0800][2.755s][debug][gc,humongous      ] GC(22) Live humongous region 114 object size 1048592 start 0x00000000e7200000  with remset 0 code roots 0 is marked 0 reclaim candidate 0 type array 1
[2024-12-07T17:08:10.736+0800][2.755s][debug][gc,humongous      ] GC(22) Live humongous region 116 object size 1048592 start 0x00000000e7400000  with remset 0 code roots 0 is marked 0 reclaim candidate 0 type array 1
[2024-12-07T17:08:10.736+0800][2.755s][debug][gc,humongous      ] GC(22) Live humongous region 118 object size 1048592 start 0x00000000e7600000  with remset 0 code roots 0 is marked 0 reclaim candidate 0 type array 1
[2024-12-07T17:08:10.736+0800][2.755s][debug][gc,humongous      ] GC(22) Live humongous region 120 object size 1048592 start 0x00000000e7800000  with remset 0 code roots 0 is marked 0 reclaim candidate 0 type array 1
[2024-12-07T17:08:10.736+0800][2.755s][debug][gc,humongous      ] GC(22) Live humongous region 122 object size 1048592 start 0x00000000e7a00000  with remset 0 code roots 0 is marked 0 reclaim candidate 0 type array 1
[2024-12-07T17:08:10.736+0800][2.755s][debug][gc,humongous      ] GC(22) Live humongous region 124 object size 1048592 start 0x00000000e7c00000  with remset 0 code roots 0 is marked 0 reclaim candidate 0 type array 1
[2024-12-07T17:08:10.736+0800][2.755s][debug][gc,humongous      ] GC(22) Live humongous region 126 object size 1048592 start 0x00000000e7e00000  with remset 0 code roots 0 is marked 0 reclaim candidate 0 type array 1
[2024-12-07T17:08:10.736+0800][2.755s][debug][gc,humongous      ] GC(22) Live humongous region 128 object size 1048592 start 0x00000000e8000000  with remset 0 code roots 0 is marked 0 reclaim candidate 0 type array 1
[2024-12-07T17:08:10.736+0800][2.755s][debug][gc,humongous      ] GC(22) Live humongous region 130 object size 1048592 start 0x00000000e8200000  with remset 0 code roots 0 is marked 0 reclaim candidate 0 type array 1
[2024-12-07T17:08:10.736+0800][2.756s][debug][gc,humongous      ] GC(22) Live humongous region 132 object size 1048592 start 0x00000000e8400000  with remset 0 code roots 0 is marked 0 reclaim candidate 0 type array 1
[2024-12-07T17:08:10.736+0800][2.756s][debug][gc,humongous      ] GC(22) Live humongous region 134 object size 1048592 start 0x00000000e8600000  with remset 0 code roots 0 is marked 0 reclaim candidate 0 type array 1
[2024-12-07T17:08:10.737+0800][2.756s][debug][gc,humongous      ] GC(22) Live humongous region 136 object size 1048592 start 0x00000000e8800000  with remset 0 code roots 0 is marked 0 reclaim candidate 0 type array 1
[2024-12-07T17:08:10.737+0800][2.756s][debug][gc,humongous      ] GC(22) Live humongous region 138 object size 1048592 start 0x00000000e8a00000  with remset 0 code roots 0 is marked 0 reclaim candidate 0 type array 1
[2024-12-07T17:08:10.737+0800][2.756s][debug][gc,humongous      ] GC(22) Live humongous region 140 object size 1048592 start 0x00000000e8c00000  with remset 0 code roots 0 is marked 0 reclaim candidate 0 type array 1
[2024-12-07T17:08:10.737+0800][2.756s][debug][gc,humongous      ] GC(22) Live humongous region 142 object size 1048592 start 0x00000000e8e00000  with remset 0 code roots 0 is marked 0 reclaim candidate 0 type array 1
[2024-12-07T17:08:10.737+0800][2.756s][debug][gc,humongous      ] GC(22) Live humongous region 144 object size 1048592 start 0x00000000e9000000  with remset 0 code roots 0 is marked 0 reclaim candidate 0 type array 1
[2024-12-07T17:08:10.737+0800][2.756s][debug][gc,humongous      ] GC(22) Live humongous region 146 object size 1048592 start 0x00000000e9200000  with remset 0 code roots 0 is marked 0 reclaim candidate 0 type array 1
[2024-12-07T17:08:10.737+0800][2.756s][debug][gc,humongous      ] GC(22) Live humongous region 148 object size 1048592 start 0x00000000e9400000  with remset 0 code roots 0 is marked 0 reclaim candidate 0 type array 1
[2024-12-07T17:08:10.737+0800][2.756s][debug][gc,humongous      ] GC(22) Live humongous region 150 object size 1048592 start 0x00000000e9600000  with remset 0 code roots 0 is marked 0 reclaim candidate 0 type array 1
[2024-12-07T17:08:10.737+0800][2.756s][debug][gc,humongous      ] GC(22) Live humongous region 152 object size 1048592 start 0x00000000e9800000  with remset 0 code roots 0 is marked 0 reclaim candidate 0 type array 1
[2024-12-07T17:08:10.737+0800][2.756s][debug][gc,humongous      ] GC(22) Live humongous region 154 object size 1048592 start 0x00000000e9a00000  with remset 0 code roots 0 is marked 0 reclaim candidate 0 type array 1
[2024-12-07T17:08:10.737+0800][2.757s][debug][gc,humongous      ] GC(22) Live humongous region 156 object size 1048592 start 0x00000000e9c00000  with remset 0 code roots 0 is marked 0 reclaim candidate 0 type array 1
[2024-12-07T17:08:10.737+0800][2.757s][debug][gc,humongous      ] GC(22) Live humongous region 158 object size 1048592 start 0x00000000e9e00000  with remset 0 code roots 0 is marked 0 reclaim candidate 0 type array 1
[2024-12-07T17:08:10.738+0800][2.757s][debug][gc,humongous      ] GC(22) Live humongous region 160 object size 1048592 start 0x00000000ea000000  with remset 0 code roots 0 is marked 0 reclaim candidate 0 type array 1
[2024-12-07T17:08:10.738+0800][2.757s][debug][gc,humongous      ] GC(22) Live humongous region 162 object size 1048592 start 0x00000000ea200000  with remset 0 code roots 0 is marked 0 reclaim candidate 0 type array 1
[2024-12-07T17:08:10.738+0800][2.757s][debug][gc,humongous      ] GC(22) Live humongous region 164 object size 1048592 start 0x00000000ea400000  with remset 0 code roots 0 is marked 0 reclaim candidate 0 type array 1
[2024-12-07T17:08:10.738+0800][2.757s][debug][gc,humongous      ] GC(22) Live humongous region 166 object size 1048592 start 0x00000000ea600000  with remset 0 code roots 0 is marked 0 reclaim candidate 0 type array 1
[2024-12-07T17:08:10.738+0800][2.757s][debug][gc,humongous      ] GC(22) Live humongous region 168 object size 1048592 start 0x00000000ea800000  with remset 0 code roots 0 is marked 0 reclaim candidate 0 type array 1
[2024-12-07T17:08:10.738+0800][2.757s][debug][gc,humongous      ] GC(22) Live humongous region 170 object size 1048592 start 0x00000000eaa00000  with remset 0 code roots 0 is marked 0 reclaim candidate 0 type array 1
[2024-12-07T17:08:10.738+0800][2.757s][debug][gc,humongous      ] GC(22) Live humongous region 172 object size 1048592 start 0x00000000eac00000  with remset 0 code roots 0 is marked 0 reclaim candidate 0 type array 1
[2024-12-07T17:08:10.738+0800][2.757s][debug][gc,humongous      ] GC(22) Live humongous region 174 object size 1048592 start 0x00000000eae00000  with remset 0 code roots 0 is marked 0 reclaim candidate 0 type array 1
[2024-12-07T17:08:10.738+0800][2.758s][debug][gc,humongous      ] GC(22) Live humongous region 176 object size 1048592 start 0x00000000eb000000  with remset 0 code roots 0 is marked 0 reclaim candidate 0 type array 1
[2024-12-07T17:08:10.738+0800][2.758s][debug][gc,humongous      ] GC(22) Live humongous region 178 object size 1048592 start 0x00000000eb200000  with remset 0 code roots 0 is marked 0 reclaim candidate 0 type array 1
[2024-12-07T17:08:10.739+0800][2.758s][debug][gc,humongous      ] GC(22) Live humongous region 180 object size 1048592 start 0x00000000eb400000  with remset 0 code roots 0 is marked 0 reclaim candidate 0 type array 1
[2024-12-07T17:08:10.739+0800][2.758s][debug][gc,humongous      ] GC(22) Live humongous region 182 object size 1048592 start 0x00000000eb600000  with remset 0 code roots 0 is marked 0 reclaim candidate 0 type array 1
[2024-12-07T17:08:10.739+0800][2.758s][debug][gc,humongous      ] GC(22) Live humongous region 184 object size 1048592 start 0x00000000eb800000  with remset 0 code roots 0 is marked 0 reclaim candidate 0 type array 1
[2024-12-07T17:08:10.739+0800][2.758s][debug][gc,humongous      ] GC(22) Live humongous region 186 object size 1048592 start 0x00000000eba00000  with remset 0 code roots 0 is marked 0 reclaim candidate 0 type array 1
[2024-12-07T17:08:10.739+0800][2.758s][debug][gc,humongous      ] GC(22) Live humongous region 188 object size 1048592 start 0x00000000ebc00000  with remset 0 code roots 0 is marked 0 reclaim candidate 0 type array 1
[2024-12-07T17:08:10.739+0800][2.758s][debug][gc,humongous      ] GC(22) Live humongous region 190 object size 1048592 start 0x00000000ebe00000  with remset 0 code roots 0 is marked 0 reclaim candidate 0 type array 1
[2024-12-07T17:08:10.739+0800][2.758s][debug][gc,humongous      ] GC(22) Live humongous region 192 object size 1048592 start 0x00000000ec000000  with remset 0 code roots 0 is marked 0 reclaim candidate 0 type array 1
[2024-12-07T17:08:10.739+0800][2.758s][debug][gc,humongous      ] GC(22) Live humongous region 194 object size 1048592 start 0x00000000ec200000  with remset 0 code roots 0 is marked 0 reclaim candidate 0 type array 1
[2024-12-07T17:08:10.739+0800][2.758s][debug][gc,humongous      ] GC(22) Live humongous region 196 object size 1048592 start 0x00000000ec400000  with remset 0 code roots 0 is marked 0 reclaim candidate 0 type array 1
[2024-12-07T17:08:10.739+0800][2.758s][debug][gc,humongous      ] GC(22) Live humongous region 198 object size 1048592 start 0x00000000ec600000  with remset 0 code roots 0 is marked 0 reclaim candidate 0 type array 1
[2024-12-07T17:08:10.739+0800][2.759s][debug][gc,humongous      ] GC(22) Live humongous region 200 object size 1048592 start 0x00000000ec800000  with remset 0 code roots 0 is marked 0 reclaim candidate 0 type array 1
[2024-12-07T17:08:10.739+0800][2.759s][debug][gc,humongous      ] GC(22) Live humongous region 202 object size 1048592 start 0x00000000eca00000  with remset 0 code roots 0 is marked 0 reclaim candidate 0 type array 1
[2024-12-07T17:08:10.740+0800][2.759s][debug][gc,humongous      ] GC(22) Live humongous region 204 object size 1048592 start 0x00000000ecc00000  with remset 0 code roots 0 is marked 0 reclaim candidate 0 type array 1
[2024-12-07T17:08:10.740+0800][2.759s][debug][gc,humongous      ] GC(22) Live humongous region 206 object size 1048592 start 0x00000000ece00000  with remset 0 code roots 0 is marked 0 reclaim candidate 0 type array 1
[2024-12-07T17:08:10.740+0800][2.759s][debug][gc,humongous      ] GC(22) Live humongous region 208 object size 1048592 start 0x00000000ed000000  with remset 0 code roots 0 is marked 0 reclaim candidate 0 type array 1
[2024-12-07T17:08:10.740+0800][2.759s][debug][gc,humongous      ] GC(22) Live humongous region 210 object size 1048592 start 0x00000000ed200000  with remset 0 code roots 0 is marked 0 reclaim candidate 0 type array 1
[2024-12-07T17:08:10.740+0800][2.759s][debug][gc,humongous      ] GC(22) Live humongous region 212 object size 1048592 start 0x00000000ed400000  with remset 0 code roots 0 is marked 0 reclaim candidate 0 type array 1
[2024-12-07T17:08:10.740+0800][2.759s][debug][gc,humongous      ] GC(22) Live humongous region 214 object size 1048592 start 0x00000000ed600000  with remset 0 code roots 0 is marked 0 reclaim candidate 0 type array 1
[2024-12-07T17:08:10.740+0800][2.759s][debug][gc,humongous      ] GC(22) Live humongous region 216 object size 1048592 start 0x00000000ed800000  with remset 0 code roots 0 is marked 0 reclaim candidate 0 type array 1
[2024-12-07T17:08:10.740+0800][2.759s][debug][gc,humongous      ] GC(22) Live humongous region 218 object size 1048592 start 0x00000000eda00000  with remset 0 code roots 0 is marked 0 reclaim candidate 0 type array 1
[2024-12-07T17:08:10.740+0800][2.759s][debug][gc,humongous      ] GC(22) Live humongous region 220 object size 1048592 start 0x00000000edc00000  with remset 0 code roots 0 is marked 0 reclaim candidate 0 type array 1
[2024-12-07T17:08:10.740+0800][2.760s][debug][gc,humongous      ] GC(22) Live humongous region 222 object size 1048592 start 0x00000000ede00000  with remset 0 code roots 0 is marked 0 reclaim candidate 0 type array 1
[2024-12-07T17:08:10.740+0800][2.760s][debug][gc,humongous      ] GC(22) Live humongous region 224 object size 1048592 start 0x00000000ee000000  with remset 0 code roots 0 is marked 0 reclaim candidate 0 type array 1
[2024-12-07T17:08:10.741+0800][2.760s][debug][gc,humongous      ] GC(22) Live humongous region 226 object size 1048592 start 0x00000000ee200000  with remset 0 code roots 0 is marked 0 reclaim candidate 0 type array 1
[2024-12-07T17:08:10.741+0800][2.760s][debug][gc,humongous      ] GC(22) Live humongous region 228 object size 1048592 start 0x00000000ee400000  with remset 0 code roots 0 is marked 0 reclaim candidate 0 type array 1
[2024-12-07T17:08:10.741+0800][2.760s][debug][gc,humongous      ] GC(22) Live humongous region 230 object size 1048592 start 0x00000000ee600000  with remset 0 code roots 0 is marked 0 reclaim candidate 0 type array 1
[2024-12-07T17:08:10.741+0800][2.760s][debug][gc,humongous      ] GC(22) Live humongous region 232 object size 1048592 start 0x00000000ee800000  with remset 0 code roots 0 is marked 0 reclaim candidate 0 type array 1
[2024-12-07T17:08:10.741+0800][2.760s][debug][gc,humongous      ] GC(22) Live humongous region 234 object size 1048592 start 0x00000000eea00000  with remset 0 code roots 0 is marked 0 reclaim candidate 0 type array 1
[2024-12-07T17:08:10.741+0800][2.760s][debug][gc,humongous      ] GC(22) Live humongous region 236 object size 1048592 start 0x00000000eec00000  with remset 0 code roots 0 is marked 0 reclaim candidate 0 type array 1
[2024-12-07T17:08:10.741+0800][2.760s][debug][gc,humongous      ] GC(22) Live humongous region 238 object size 1048592 start 0x00000000eee00000  with remset 0 code roots 0 is marked 0 reclaim candidate 0 type array 1
[2024-12-07T17:08:10.741+0800][2.760s][debug][gc,humongous      ] GC(22) Live humongous region 240 object size 1048592 start 0x00000000ef000000  with remset 0 code roots 0 is marked 0 reclaim candidate 0 type array 1
[2024-12-07T17:08:10.741+0800][2.760s][debug][gc,humongous      ] GC(22) Live humongous region 242 object size 1048592 start 0x00000000ef200000  with remset 0 code roots 0 is marked 0 reclaim candidate 0 type array 1
[2024-12-07T17:08:10.741+0800][2.760s][debug][gc,humongous      ] GC(22) Live humongous region 244 object size 1048592 start 0x00000000ef400000  with remset 0 code roots 0 is marked 0 reclaim candidate 0 type array 1
[2024-12-07T17:08:10.741+0800][2.761s][debug][gc,humongous      ] GC(22) Live humongous region 246 object size 1048592 start 0x00000000ef600000  with remset 0 code roots 0 is marked 0 reclaim candidate 0 type array 1
[2024-12-07T17:08:10.741+0800][2.761s][debug][gc,humongous      ] GC(22) Live humongous region 248 object size 1048592 start 0x00000000ef800000  with remset 0 code roots 0 is marked 0 reclaim candidate 0 type array 1
[2024-12-07T17:08:10.742+0800][2.761s][debug][gc,humongous      ] GC(22) Live humongous region 250 object size 1048592 start 0x00000000efa00000  with remset 0 code roots 0 is marked 0 reclaim candidate 0 type array 1
[2024-12-07T17:08:10.742+0800][2.761s][debug][gc,humongous      ] GC(22) Live humongous region 252 object size 1048592 start 0x00000000efc00000  with remset 0 code roots 0 is marked 0 reclaim candidate 0 type array 1
[2024-12-07T17:08:10.742+0800][2.761s][debug][gc,humongous      ] GC(22) Live humongous region 254 object size 1048592 start 0x00000000efe00000  with remset 0 code roots 0 is marked 0 reclaim candidate 0 type array 1
[2024-12-07T17:08:10.742+0800][2.761s][debug][gc,humongous      ] GC(22) Live humongous region 256 object size 1048592 start 0x00000000f0000000  with remset 0 code roots 0 is marked 0 reclaim candidate 0 type array 1
[2024-12-07T17:08:10.742+0800][2.761s][debug][gc,humongous      ] GC(22) Live humongous region 258 object size 1048592 start 0x00000000f0200000  with remset 0 code roots 0 is marked 0 reclaim candidate 0 type array 1
[2024-12-07T17:08:10.742+0800][2.761s][debug][gc,humongous      ] GC(22) Live humongous region 260 object size 1048592 start 0x00000000f0400000  with remset 0 code roots 0 is marked 0 reclaim candidate 0 type array 1
[2024-12-07T17:08:10.742+0800][2.761s][debug][gc,humongous      ] GC(22) Live humongous region 262 object size 1048592 start 0x00000000f0600000  with remset 0 code roots 0 is marked 0 reclaim candidate 0 type array 1
[2024-12-07T17:08:10.742+0800][2.761s][debug][gc,humongous      ] GC(22) Live humongous region 264 object size 1048592 start 0x00000000f0800000  with remset 0 code roots 0 is marked 0 reclaim candidate 0 type array 1
[2024-12-07T17:08:10.742+0800][2.761s][debug][gc,humongous      ] GC(22) Live humongous region 266 object size 1048592 start 0x00000000f0a00000  with remset 0 code roots 0 is marked 0 reclaim candidate 0 type array 1
[2024-12-07T17:08:10.742+0800][2.761s][debug][gc,humongous      ] GC(22) Live humongous region 268 object size 1048592 start 0x00000000f0c00000  with remset 0 code roots 0 is marked 0 reclaim candidate 0 type array 1
[2024-12-07T17:08:10.742+0800][2.762s][debug][gc,humongous      ] GC(22) Live humongous region 270 object size 1048592 start 0x00000000f0e00000  with remset 0 code roots 0 is marked 0 reclaim candidate 0 type array 1
[2024-12-07T17:08:10.742+0800][2.762s][debug][gc,humongous      ] GC(22) Live humongous region 272 object size 1048592 start 0x00000000f1000000  with remset 0 code roots 0 is marked 0 reclaim candidate 0 type array 1
[2024-12-07T17:08:10.743+0800][2.762s][debug][gc,humongous      ] GC(22) Live humongous region 274 object size 1048592 start 0x00000000f1200000  with remset 0 code roots 0 is marked 0 reclaim candidate 0 type array 1
[2024-12-07T17:08:10.743+0800][2.762s][debug][gc,humongous      ] GC(22) Live humongous region 276 object size 1048592 start 0x00000000f1400000  with remset 0 code roots 0 is marked 0 reclaim candidate 0 type array 1
[2024-12-07T17:08:10.743+0800][2.762s][debug][gc,humongous      ] GC(22) Live humongous region 278 object size 1048592 start 0x00000000f1600000  with remset 0 code roots 0 is marked 0 reclaim candidate 0 type array 1
[2024-12-07T17:08:10.743+0800][2.762s][debug][gc,humongous      ] GC(22) Live humongous region 280 object size 1048592 start 0x00000000f1800000  with remset 0 code roots 0 is marked 0 reclaim candidate 0 type array 1
[2024-12-07T17:08:10.743+0800][2.762s][debug][gc,humongous      ] GC(22) Live humongous region 282 object size 1048592 start 0x00000000f1a00000  with remset 0 code roots 0 is marked 0 reclaim candidate 0 type array 1
[2024-12-07T17:08:10.743+0800][2.762s][debug][gc,humongous      ] GC(22) Live humongous region 284 object size 1048592 start 0x00000000f1c00000  with remset 0 code roots 0 is marked 0 reclaim candidate 0 type array 1
[2024-12-07T17:08:10.743+0800][2.762s][debug][gc,humongous      ] GC(22) Live humongous region 286 object size 1048592 start 0x00000000f1e00000  with remset 0 code roots 0 is marked 0 reclaim candidate 0 type array 1
[2024-12-07T17:08:10.743+0800][2.762s][debug][gc,humongous      ] GC(22) Live humongous region 288 object size 1048592 start 0x00000000f2000000  with remset 0 code roots 0 is marked 0 reclaim candidate 0 type array 1
[2024-12-07T17:08:10.743+0800][2.762s][debug][gc,humongous      ] GC(22) Live humongous region 290 object size 1048592 start 0x00000000f2200000  with remset 0 code roots 0 is marked 0 reclaim candidate 0 type array 1
[2024-12-07T17:08:10.743+0800][2.762s][debug][gc,humongous      ] GC(22) Live humongous region 292 object size 1048592 start 0x00000000f2400000  with remset 0 code roots 0 is marked 0 reclaim candidate 0 type array 1
[2024-12-07T17:08:10.743+0800][2.763s][debug][gc,humongous      ] GC(22) Live humongous region 294 object size 1048592 start 0x00000000f2600000  with remset 0 code roots 0 is marked 0 reclaim candidate 0 type array 1
[2024-12-07T17:08:10.743+0800][2.763s][debug][gc,humongous      ] GC(22) Live humongous region 296 object size 1048592 start 0x00000000f2800000  with remset 0 code roots 0 is marked 0 reclaim candidate 0 type array 1
[2024-12-07T17:08:10.744+0800][2.763s][debug][gc,humongous      ] GC(22) Live humongous region 298 object size 1048592 start 0x00000000f2a00000  with remset 0 code roots 0 is marked 0 reclaim candidate 0 type array 1
[2024-12-07T17:08:10.744+0800][2.763s][debug][gc,humongous      ] GC(22) Live humongous region 300 object size 1048592 start 0x00000000f2c00000  with remset 0 code roots 0 is marked 0 reclaim candidate 0 type array 1
[2024-12-07T17:08:10.744+0800][2.763s][debug][gc,humongous      ] GC(22) Live humongous region 302 object size 1048592 start 0x00000000f2e00000  with remset 0 code roots 0 is marked 0 reclaim candidate 0 type array 1
[2024-12-07T17:08:10.744+0800][2.763s][debug][gc,humongous      ] GC(22) Live humongous region 304 object size 1048592 start 0x00000000f3000000  with remset 0 code roots 0 is marked 0 reclaim candidate 0 type array 1
[2024-12-07T17:08:10.744+0800][2.763s][debug][gc,humongous      ] GC(22) Live humongous region 306 object size 1048592 start 0x00000000f3200000  with remset 0 code roots 0 is marked 0 reclaim candidate 0 type array 1
[2024-12-07T17:08:10.744+0800][2.763s][debug][gc,humongous      ] GC(22) Live humongous region 308 object size 1048592 start 0x00000000f3400000  with remset 0 code roots 0 is marked 0 reclaim candidate 0 type array 1
[2024-12-07T17:08:10.744+0800][2.763s][debug][gc,humongous      ] GC(22) Live humongous region 310 object size 1048592 start 0x00000000f3600000  with remset 0 code roots 0 is marked 0 reclaim candidate 0 type array 1
[2024-12-07T17:08:10.744+0800][2.763s][debug][gc,humongous      ] GC(22) Live humongous region 312 object size 1048592 start 0x00000000f3800000  with remset 0 code roots 0 is marked 0 reclaim candidate 0 type array 1
[2024-12-07T17:08:10.744+0800][2.763s][debug][gc,humongous      ] GC(22) Live humongous region 314 object size 1048592 start 0x00000000f3a00000  with remset 0 code roots 0 is marked 0 reclaim candidate 0 type array 1
[2024-12-07T17:08:10.744+0800][2.764s][debug][gc,humongous      ] GC(22) Live humongous region 316 object size 1048592 start 0x00000000f3c00000  with remset 0 code roots 0 is marked 0 reclaim candidate 0 type array 1
[2024-12-07T17:08:10.744+0800][2.764s][debug][gc,humongous      ] GC(22) Live humongous region 318 object size 1048592 start 0x00000000f3e00000  with remset 0 code roots 0 is marked 0 reclaim candidate 0 type array 1
[2024-12-07T17:08:10.745+0800][2.764s][debug][gc,humongous      ] GC(22) Live humongous region 320 object size 1048592 start 0x00000000f4000000  with remset 0 code roots 0 is marked 0 reclaim candidate 0 type array 1
[2024-12-07T17:08:10.745+0800][2.764s][debug][gc,humongous      ] GC(22) Live humongous region 322 object size 1048592 start 0x00000000f4200000  with remset 0 code roots 0 is marked 0 reclaim candidate 0 type array 1
[2024-12-07T17:08:10.745+0800][2.764s][debug][gc,humongous      ] GC(22) Live humongous region 324 object size 1048592 start 0x00000000f4400000  with remset 0 code roots 0 is marked 0 reclaim candidate 0 type array 1
[2024-12-07T17:08:10.745+0800][2.764s][debug][gc,humongous      ] GC(22) Live humongous region 326 object size 1048592 start 0x00000000f4600000  with remset 0 code roots 0 is marked 0 reclaim candidate 0 type array 1
[2024-12-07T17:08:10.745+0800][2.764s][debug][gc,humongous      ] GC(22) Live humongous region 328 object size 1048592 start 0x00000000f4800000  with remset 0 code roots 0 is marked 0 reclaim candidate 0 type array 1
[2024-12-07T17:08:10.745+0800][2.764s][debug][gc,humongous      ] GC(22) Live humongous region 330 object size 1048592 start 0x00000000f4a00000  with remset 0 code roots 0 is marked 0 reclaim candidate 0 type array 1
[2024-12-07T17:08:10.745+0800][2.764s][debug][gc,humongous      ] GC(22) Live humongous region 332 object size 1048592 start 0x00000000f4c00000  with remset 0 code roots 0 is marked 0 reclaim candidate 0 type array 1
[2024-12-07T17:08:10.745+0800][2.764s][debug][gc,humongous      ] GC(22) Live humongous region 334 object size 1048592 start 0x00000000f4e00000  with remset 0 code roots 0 is marked 0 reclaim candidate 0 type array 1
[2024-12-07T17:08:10.745+0800][2.764s][debug][gc,humongous      ] GC(22) Live humongous region 336 object size 1048592 start 0x00000000f5000000  with remset 0 code roots 0 is marked 0 reclaim candidate 0 type array 1
[2024-12-07T17:08:10.745+0800][2.764s][debug][gc,humongous      ] GC(22) Live humongous region 338 object size 1048592 start 0x00000000f5200000  with remset 0 code roots 0 is marked 0 reclaim candidate 0 type array 1
[2024-12-07T17:08:10.745+0800][2.765s][debug][gc,humongous      ] GC(22) Live humongous region 340 object size 1048592 start 0x00000000f5400000  with remset 0 code roots 0 is marked 0 reclaim candidate 0 type array 1
[2024-12-07T17:08:10.745+0800][2.765s][debug][gc,humongous      ] GC(22) Live humongous region 342 object size 1048592 start 0x00000000f5600000  with remset 0 code roots 0 is marked 0 reclaim candidate 0 type array 1
[2024-12-07T17:08:10.746+0800][2.765s][debug][gc,humongous      ] GC(22) Live humongous region 344 object size 1048592 start 0x00000000f5800000  with remset 0 code roots 0 is marked 0 reclaim candidate 0 type array 1
[2024-12-07T17:08:10.746+0800][2.765s][debug][gc,humongous      ] GC(22) Live humongous region 346 object size 1048592 start 0x00000000f5a00000  with remset 0 code roots 0 is marked 0 reclaim candidate 0 type array 1
[2024-12-07T17:08:10.746+0800][2.765s][debug][gc,humongous      ] GC(22) Live humongous region 348 object size 1048592 start 0x00000000f5c00000  with remset 0 code roots 0 is marked 0 reclaim candidate 0 type array 1
[2024-12-07T17:08:10.746+0800][2.765s][debug][gc,humongous      ] GC(22) Live humongous region 350 object size 1048592 start 0x00000000f5e00000  with remset 0 code roots 0 is marked 0 reclaim candidate 0 type array 1
[2024-12-07T17:08:10.746+0800][2.765s][debug][gc,humongous      ] GC(22) Live humongous region 352 object size 1048592 start 0x00000000f6000000  with remset 0 code roots 0 is marked 0 reclaim candidate 0 type array 1
[2024-12-07T17:08:10.746+0800][2.765s][debug][gc,humongous      ] GC(22) Live humongous region 354 object size 1048592 start 0x00000000f6200000  with remset 0 code roots 0 is marked 0 reclaim candidate 0 type array 1
[2024-12-07T17:08:10.746+0800][2.765s][debug][gc,humongous      ] GC(22) Live humongous region 356 object size 1048592 start 0x00000000f6400000  with remset 0 code roots 0 is marked 0 reclaim candidate 0 type array 1
[2024-12-07T17:08:10.746+0800][2.765s][debug][gc,humongous      ] GC(22) Live humongous region 358 object size 1048592 start 0x00000000f6600000  with remset 0 code roots 0 is marked 0 reclaim candidate 0 type array 1
[2024-12-07T17:08:10.746+0800][2.765s][debug][gc,humongous      ] GC(22) Live humongous region 360 object size 1048592 start 0x00000000f6800000  with remset 0 code roots 0 is marked 0 reclaim candidate 0 type array 1
[2024-12-07T17:08:10.746+0800][2.766s][debug][gc,humongous      ] GC(22) Live humongous region 362 object size 1048592 start 0x00000000f6a00000  with remset 0 code roots 0 is marked 0 reclaim candidate 0 type array 1
[2024-12-07T17:08:10.746+0800][2.766s][debug][gc,humongous      ] GC(22) Live humongous region 364 object size 1048592 start 0x00000000f6c00000  with remset 0 code roots 0 is marked 0 reclaim candidate 0 type array 1
[2024-12-07T17:08:10.747+0800][2.766s][debug][gc,humongous      ] GC(22) Live humongous region 366 object size 1048592 start 0x00000000f6e00000  with remset 0 code roots 0 is marked 0 reclaim candidate 0 type array 1
[2024-12-07T17:08:10.747+0800][2.766s][debug][gc,humongous      ] GC(22) Live humongous region 368 object size 1048592 start 0x00000000f7000000  with remset 0 code roots 0 is marked 0 reclaim candidate 0 type array 1
[2024-12-07T17:08:10.747+0800][2.766s][debug][gc,humongous      ] GC(22) Live humongous region 370 object size 1048592 start 0x00000000f7200000  with remset 0 code roots 0 is marked 0 reclaim candidate 0 type array 1
[2024-12-07T17:08:10.747+0800][2.766s][debug][gc,humongous      ] GC(22) Live humongous region 372 object size 1048592 start 0x00000000f7400000  with remset 0 code roots 0 is marked 0 reclaim candidate 0 type array 1
[2024-12-07T17:08:10.747+0800][2.766s][debug][gc,humongous      ] GC(22) Live humongous region 374 object size 1048592 start 0x00000000f7600000  with remset 0 code roots 0 is marked 0 reclaim candidate 0 type array 1
[2024-12-07T17:08:10.747+0800][2.767s][debug][gc,humongous      ] GC(22) Live humongous region 376 object size 1048592 start 0x00000000f7800000  with remset 0 code roots 0 is marked 0 reclaim candidate 0 type array 1
[2024-12-07T17:08:10.748+0800][2.767s][debug][gc,humongous      ] GC(22) Live humongous region 378 object size 1048592 start 0x00000000f7a00000  with remset 0 code roots 0 is marked 0 reclaim candidate 0 type array 1
[2024-12-07T17:08:10.748+0800][2.767s][debug][gc,humongous      ] GC(22) Live humongous region 380 object size 1048592 start 0x00000000f7c00000  with remset 0 code roots 0 is marked 0 reclaim candidate 0 type array 1
[2024-12-07T17:08:10.748+0800][2.767s][debug][gc,humongous      ] GC(22) Live humongous region 382 object size 1048592 start 0x00000000f7e00000  with remset 0 code roots 0 is marked 0 reclaim candidate 0 type array 1
[2024-12-07T17:08:10.748+0800][2.767s][debug][gc,humongous      ] GC(22) Live humongous region 384 object size 1048592 start 0x00000000f8000000  with remset 0 code roots 0 is marked 0 reclaim candidate 0 type array 1
[2024-12-07T17:08:10.748+0800][2.767s][debug][gc,humongous      ] GC(22) Live humongous region 386 object size 1048592 start 0x00000000f8200000  with remset 0 code roots 0 is marked 0 reclaim candidate 0 type array 1
[2024-12-07T17:08:10.748+0800][2.767s][debug][gc,humongous      ] GC(22) Live humongous region 388 object size 1048592 start 0x00000000f8400000  with remset 0 code roots 0 is marked 0 reclaim candidate 0 type array 1
[2024-12-07T17:08:10.748+0800][2.768s][debug][gc,humongous      ] GC(22) Live humongous region 390 object size 1048592 start 0x00000000f8600000  with remset 0 code roots 0 is marked 0 reclaim candidate 0 type array 1
[2024-12-07T17:08:10.749+0800][2.768s][debug][gc,humongous      ] GC(22) Live humongous region 392 object size 1048592 start 0x00000000f8800000  with remset 0 code roots 0 is marked 0 reclaim candidate 0 type array 1
[2024-12-07T17:08:10.749+0800][2.768s][debug][gc,humongous      ] GC(22) Live humongous region 394 object size 1048592 start 0x00000000f8a00000  with remset 0 code roots 0 is marked 0 reclaim candidate 0 type array 1
[2024-12-07T17:08:10.749+0800][2.768s][debug][gc,humongous      ] GC(22) Live humongous region 396 object size 1048592 start 0x00000000f8c00000  with remset 0 code roots 0 is marked 0 reclaim candidate 0 type array 1
[2024-12-07T17:08:10.749+0800][2.768s][debug][gc,humongous      ] GC(22) Live humongous region 398 object size 1048592 start 0x00000000f8e00000  with remset 0 code roots 0 is marked 0 reclaim candidate 0 type array 1
[2024-12-07T17:08:10.749+0800][2.768s][debug][gc,humongous      ] GC(22) Live humongous region 400 object size 1048592 start 0x00000000f9000000  with remset 0 code roots 0 is marked 0 reclaim candidate 0 type array 1
[2024-12-07T17:08:10.749+0800][2.768s][debug][gc,humongous      ] GC(22) Live humongous region 402 object size 1048592 start 0x00000000f9200000  with remset 0 code roots 0 is marked 0 reclaim candidate 0 type array 1
[2024-12-07T17:08:10.749+0800][2.768s][debug][gc,humongous      ] GC(22) Live humongous region 404 object size 1048592 start 0x00000000f9400000  with remset 0 code roots 0 is marked 0 reclaim candidate 0 type array 1
[2024-12-07T17:08:10.749+0800][2.768s][debug][gc,humongous      ] GC(22) Live humongous region 406 object size 1048592 start 0x00000000f9600000  with remset 0 code roots 0 is marked 0 reclaim candidate 0 type array 1
[2024-12-07T17:08:10.749+0800][2.768s][debug][gc,humongous      ] GC(22) Live humongous region 408 object size 1048592 start 0x00000000f9800000  with remset 0 code roots 0 is marked 0 reclaim candidate 0 type array 1
[2024-12-07T17:08:10.749+0800][2.769s][debug][gc,humongous      ] GC(22) Live humongous region 410 object size 1048592 start 0x00000000f9a00000  with remset 0 code roots 0 is marked 0 reclaim candidate 0 type array 1
[2024-12-07T17:08:10.749+0800][2.769s][debug][gc,humongous      ] GC(22) Live humongous region 412 object size 1048592 start 0x00000000f9c00000  with remset 0 code roots 0 is marked 0 reclaim candidate 0 type array 1
[2024-12-07T17:08:10.750+0800][2.769s][debug][gc,humongous      ] GC(22) Live humongous region 414 object size 1048592 start 0x00000000f9e00000  with remset 0 code roots 0 is marked 0 reclaim candidate 0 type array 1
[2024-12-07T17:08:10.750+0800][2.769s][debug][gc,humongous      ] GC(22) Live humongous region 416 object size 1048592 start 0x00000000fa000000  with remset 0 code roots 0 is marked 0 reclaim candidate 0 type array 1
[2024-12-07T17:08:10.750+0800][2.769s][debug][gc,humongous      ] GC(22) Live humongous region 418 object size 1048592 start 0x00000000fa200000  with remset 0 code roots 0 is marked 0 reclaim candidate 0 type array 1
[2024-12-07T17:08:10.750+0800][2.769s][debug][gc,humongous      ] GC(22) Live humongous region 420 object size 1048592 start 0x00000000fa400000  with remset 0 code roots 0 is marked 0 reclaim candidate 0 type array 1
[2024-12-07T17:08:10.750+0800][2.769s][debug][gc,humongous      ] GC(22) Live humongous region 422 object size 1048592 start 0x00000000fa600000  with remset 0 code roots 0 is marked 0 reclaim candidate 0 type array 1
[2024-12-07T17:08:10.750+0800][2.769s][debug][gc,humongous      ] GC(22) Live humongous region 424 object size 1048592 start 0x00000000fa800000  with remset 0 code roots 0 is marked 0 reclaim candidate 0 type array 1
[2024-12-07T17:08:10.750+0800][2.769s][debug][gc,humongous      ] GC(22) Live humongous region 426 object size 1048592 start 0x00000000faa00000  with remset 0 code roots 0 is marked 0 reclaim candidate 0 type array 1
[2024-12-07T17:08:10.750+0800][2.769s][debug][gc,humongous      ] GC(22) Live humongous region 428 object size 1048592 start 0x00000000fac00000  with remset 0 code roots 0 is marked 0 reclaim candidate 0 type array 1
[2024-12-07T17:08:10.750+0800][2.769s][debug][gc,humongous      ] GC(22) Live humongous region 430 object size 1048592 start 0x00000000fae00000  with remset 0 code roots 0 is marked 0 reclaim candidate 0 type array 1
[2024-12-07T17:08:10.750+0800][2.769s][debug][gc,humongous      ] GC(22) Live humongous region 432 object size 1048592 start 0x00000000fb000000  with remset 0 code roots 0 is marked 0 reclaim candidate 0 type array 1
[2024-12-07T17:08:10.750+0800][2.770s][debug][gc,humongous      ] GC(22) Live humongous region 434 object size 1048592 start 0x00000000fb200000  with remset 0 code roots 0 is marked 0 reclaim candidate 0 type array 1
[2024-12-07T17:08:10.750+0800][2.770s][debug][gc,humongous      ] GC(22) Live humongous region 436 object size 1048592 start 0x00000000fb400000  with remset 0 code roots 0 is marked 0 reclaim candidate 0 type array 1
[2024-12-07T17:08:10.751+0800][2.770s][debug][gc,humongous      ] GC(22) Live humongous region 438 object size 1048592 start 0x00000000fb600000  with remset 0 code roots 0 is marked 0 reclaim candidate 0 type array 1
[2024-12-07T17:08:10.751+0800][2.770s][debug][gc,plab           ] GC(22) Young PLAB allocation: allocated: 402336B, wasted: 3016B, unused: 30928B, used: 368392B, undo waste: 0B, 
[2024-12-07T17:08:10.751+0800][2.770s][debug][gc,plab           ] GC(22) Young other allocation: region end waste: 0B, regions filled: 1, direct allocated: 69744B, failure used: 0B, failure wasted: 0B
[2024-12-07T17:08:10.751+0800][2.770s][debug][gc,plab           ] GC(22) Young sizing: calculated: 73672B, actual: 73552B
[2024-12-07T17:08:10.751+0800][2.770s][debug][gc,plab           ] GC(22) Old PLAB allocation: allocated: 0B, wasted: 0B, unused: 0B, used: 0B, undo waste: 0B, 
[2024-12-07T17:08:10.751+0800][2.770s][debug][gc,plab           ] GC(22) Old other allocation: region end waste: 0B, regions filled: 0, direct allocated: 0B, failure used: 0B, failure wasted: 0B
[2024-12-07T17:08:10.751+0800][2.770s][debug][gc,plab           ] GC(22) Old sizing: calculated: 0B, actual: 2064B
[2024-12-07T17:08:10.751+0800][2.770s][debug][gc,alloc,stats    ] Old generation allocation in the last mutator period, old gen allocated: 0B, humongous allocated: 20971520B,old gen growth: 20971520B.
[2024-12-07T17:08:10.751+0800][2.771s][debug][gc,ihop           ] GC(22) Basic information (value update), threshold: 238288896B (45.00), target occupancy: 529530880B, current occupancy: 462582800B, recent allocation size: 20971520B, recent allocation duration: 101.14ms, recent old gen allocation rate: 207350865.17B/s, recent marking phase length: 0.00ms
[2024-12-07T17:08:10.752+0800][2.771s][debug][gc,ihop           ] GC(22) Adaptive IHOP information (value update), threshold: 238288896B (52.22), internal target occupancy: 456340275B, occupancy: 462582800B, additional buffer size: 26214400B, predicted old gen allocation rate: 201988230.89B/s, predicted marking phase length: 0.00ms, prediction active: false
[2024-12-07T17:08:10.752+0800][2.771s][debug][gc,ergo,refine    ] GC(22) Updated Refinement Zones: green: 18, yellow: 54, red: 90
[2024-12-07T17:08:10.752+0800][2.771s][info ][gc,phases         ] GC(22)   Pre Evacuate Collection Set: 0.3ms
[2024-12-07T17:08:10.752+0800][2.771s][debug][gc,phases         ] GC(22)     Prepare TLABs: 0.1ms
[2024-12-07T17:08:10.752+0800][2.772s][debug][gc,phases         ] GC(22)     Choose Collection Set: 0.3ms
[2024-12-07T17:08:10.753+0800][2.772s][debug][gc,phases         ] GC(22)     Humongous Register: 0.0ms
[2024-12-07T17:08:10.753+0800][2.772s][debug][gc,phases         ] GC(22)     Clear Claimed Marks: 0.0ms
[2024-12-07T17:08:10.753+0800][2.772s][info ][gc,phases         ] GC(22)   Evacuate Collection Set: 8.9ms
[2024-12-07T17:08:10.753+0800][2.772s][debug][gc,phases         ] GC(22)     Ext Root Scanning (ms):   Min:  0.1, Avg:  0.3, Max:  0.5, Diff:  0.4, Sum:  3.7, Workers: 12
[2024-12-07T17:08:10.753+0800][2.772s][debug][gc,phases         ] GC(22)     Update RS (ms):           Min:  0.0, Avg:  0.3, Max:  0.9, Diff:  0.9, Sum:  3.8, Workers: 12
[2024-12-07T17:08:10.753+0800][2.772s][debug][gc,phases         ] GC(22)       Processed Buffers:        Min: 0, Avg:  0.8, Max: 1, Diff: 1, Sum: 9, Workers: 12
[2024-12-07T17:08:10.753+0800][2.773s][debug][gc,phases         ] GC(22)       Scanned Cards:            Min: 0, Avg: 18.5, Max: 40, Diff: 40, Sum: 222, Workers: 12
[2024-12-07T17:08:10.753+0800][2.773s][debug][gc,phases         ] GC(22)       Skipped Cards:            Min: 0, Avg:  8.9, Max: 74, Diff: 74, Sum: 107, Workers: 12
[2024-12-07T17:08:10.754+0800][2.773s][debug][gc,phases         ] GC(22)     Scan RS (ms):             Min:  0.0, Avg:  0.6, Max:  3.6, Diff:  3.6, Sum:  7.5, Workers: 12
[2024-12-07T17:08:10.754+0800][2.773s][debug][gc,phases         ] GC(22)       Scanned Cards:            Min: 0, Avg: 17.2, Max: 61, Diff: 61, Sum: 207, Workers: 12
[2024-12-07T17:08:10.754+0800][2.773s][debug][gc,phases         ] GC(22)       Claimed Cards:            Min: 0, Avg: 18.5, Max: 64, Diff: 64, Sum: 222, Workers: 12
[2024-12-07T17:08:10.754+0800][2.773s][debug][gc,phases         ] GC(22)       Skipped Cards:            Min: 0, Avg: 92.5, Max: 222, Diff: 222, Sum: 1110, Workers: 12
[2024-12-07T17:08:10.754+0800][2.773s][debug][gc,phases         ] GC(22)     Code Root Scanning (ms):  Min:  0.0, Avg:  0.0, Max:  0.0, Diff:  0.0, Sum:  0.0, Workers: 12
[2024-12-07T17:08:10.754+0800][2.773s][debug][gc,phases         ] GC(22)     AOT Root Scanning (ms):   skipped
[2024-12-07T17:08:10.754+0800][2.773s][debug][gc,phases         ] GC(22)     Object Copy (ms):         Min:  0.0, Avg:  0.1, Max:  0.3, Diff:  0.3, Sum:  1.1, Workers: 12
[2024-12-07T17:08:10.754+0800][2.773s][debug][gc,phases         ] GC(22)     Termination (ms):         Min:  0.0, Avg:  3.1, Max:  4.1, Diff:  4.1, Sum: 36.9, Workers: 12
[2024-12-07T17:08:10.754+0800][2.773s][debug][gc,phases         ] GC(22)       Termination Attempts:     Min: 1, Avg:  9.1, Max: 21, Diff: 20, Sum: 109, Workers: 12
[2024-12-07T17:08:10.754+0800][2.774s][debug][gc,phases         ] GC(22)     GC Worker Other (ms):     Min:  1.0, Avg:  2.5, Max:  3.7, Diff:  2.7, Sum: 30.4, Workers: 12
[2024-12-07T17:08:10.754+0800][2.774s][debug][gc,phases         ] GC(22)     GC Worker Total (ms):     Min:  5.1, Avg:  6.9, Max:  7.8, Diff:  2.7, Sum: 83.3, Workers: 12
[2024-12-07T17:08:10.755+0800][2.774s][info ][gc,phases         ] GC(22)   Post Evacuate Collection Set: 21.9ms
[2024-12-07T17:08:10.755+0800][2.774s][debug][gc,phases         ] GC(22)     Code Roots Fixup: 0.0ms
[2024-12-07T17:08:10.755+0800][2.774s][debug][gc,phases         ] GC(22)     Clear Card Table: 0.1ms
[2024-12-07T17:08:10.755+0800][2.774s][debug][gc,phases         ] GC(22)     Reference Processing: 0.3ms
[2024-12-07T17:08:10.755+0800][2.774s][debug][gc,phases,ref     ] GC(22)       Reconsider SoftReferences: 0.1ms
[2024-12-07T17:08:10.755+0800][2.774s][debug][gc,phases,ref     ] GC(22)         SoftRef (ms):             skipped
[2024-12-07T17:08:10.755+0800][2.774s][debug][gc,phases,ref     ] GC(22)       Notify Soft/WeakReferences: 0.0ms
[2024-12-07T17:08:10.755+0800][2.774s][debug][gc,phases,ref     ] GC(22)         SoftRef (ms):             Min:  0.0, Avg:  0.0, Max:  0.0, Diff:  0.0, Sum:  0.0, Workers: 1
[2024-12-07T17:08:10.755+0800][2.774s][debug][gc,phases,ref     ] GC(22)         WeakRef (ms):             Min:  0.0, Avg:  0.0, Max:  0.0, Diff:  0.0, Sum:  0.0, Workers: 1
[2024-12-07T17:08:10.755+0800][2.775s][debug][gc,phases,ref     ] GC(22)         FinalRef (ms):            Min:  0.0, Avg:  0.0, Max:  0.0, Diff:  0.0, Sum:  0.0, Workers: 1
[2024-12-07T17:08:10.756+0800][2.775s][debug][gc,phases,ref     ] GC(22)         Total (ms):               Min:  0.0, Avg:  0.0, Max:  0.0, Diff:  0.0, Sum:  0.0, Workers: 1
[2024-12-07T17:08:10.756+0800][2.775s][debug][gc,phases,ref     ] GC(22)       Notify and keep alive finalizable: 0.1ms
[2024-12-07T17:08:10.756+0800][2.775s][debug][gc,phases,ref     ] GC(22)         FinalRef (ms):            skipped
[2024-12-07T17:08:10.756+0800][2.775s][debug][gc,phases,ref     ] GC(22)       Notify PhantomReferences: 0.0ms
[2024-12-07T17:08:10.756+0800][2.775s][debug][gc,phases,ref     ] GC(22)         PhantomRef (ms):          Min:  0.0, Avg:  0.0, Max:  0.0, Diff:  0.0, Sum:  0.0, Workers: 1
[2024-12-07T17:08:10.756+0800][2.775s][debug][gc,phases,ref     ] GC(22)       SoftReference:
[2024-12-07T17:08:10.756+0800][2.775s][debug][gc,phases,ref     ] GC(22)         Discovered: 0
[2024-12-07T17:08:10.756+0800][2.775s][debug][gc,phases,ref     ] GC(22)         Cleared: 0
[2024-12-07T17:08:10.756+0800][2.775s][debug][gc,phases,ref     ] GC(22)       WeakReference:
[2024-12-07T17:08:10.756+0800][2.776s][debug][gc,phases,ref     ] GC(22)         Discovered: 3
[2024-12-07T17:08:10.756+0800][2.776s][debug][gc,phases,ref     ] GC(22)         Cleared: 3
[2024-12-07T17:08:10.757+0800][2.776s][debug][gc,phases,ref     ] GC(22)       FinalReference:
[2024-12-07T17:08:10.757+0800][2.776s][debug][gc,phases,ref     ] GC(22)         Discovered: 0
[2024-12-07T17:08:10.757+0800][2.776s][debug][gc,phases,ref     ] GC(22)         Cleared: 0
[2024-12-07T17:08:10.757+0800][2.776s][debug][gc,phases,ref     ] GC(22)       PhantomReference:
[2024-12-07T17:08:10.757+0800][2.776s][debug][gc,phases,ref     ] GC(22)         Discovered: 4
[2024-12-07T17:08:10.757+0800][2.776s][debug][gc,phases,ref     ] GC(22)         Cleared: 4
[2024-12-07T17:08:10.757+0800][2.776s][debug][gc,phases         ] GC(22)     Weak Processing: 0.0ms
[2024-12-07T17:08:10.757+0800][2.776s][debug][gc,phases         ] GC(22)     Merge Per-Thread State: 0.0ms
[2024-12-07T17:08:10.757+0800][2.776s][debug][gc,phases         ] GC(22)     Code Roots Purge: 0.0ms
[2024-12-07T17:08:10.757+0800][2.777s][debug][gc,phases         ] GC(22)     Redirty Cards: 0.1ms
[2024-12-07T17:08:10.757+0800][2.777s][debug][gc,phases         ] GC(22)     DerivedPointerTable Update: 0.0ms
[2024-12-07T17:08:10.758+0800][2.777s][debug][gc,phases         ] GC(22)     Free Collection Set: 0.2ms
[2024-12-07T17:08:10.758+0800][2.777s][debug][gc,phases         ] GC(22)     Humongous Reclaim: 21.1ms
[2024-12-07T17:08:10.758+0800][2.777s][debug][gc,phases         ] GC(22)     Start New Collection Set: 0.0ms
[2024-12-07T17:08:10.758+0800][2.777s][debug][gc,phases         ] GC(22)     Resize TLABs: 0.0ms
[2024-12-07T17:08:10.758+0800][2.777s][debug][gc,phases         ] GC(22)     Expand Heap After Collection: 0.0ms
[2024-12-07T17:08:10.758+0800][2.777s][info ][gc,phases         ] GC(22)   Other: 3.0ms
[2024-12-07T17:08:10.758+0800][2.777s][info ][gc,heap           ] GC(22) Eden regions: 1->0(24)
[2024-12-07T17:08:10.758+0800][2.777s][info ][gc,heap           ] GC(22) Survivor regions: 1->1(4)
[2024-12-07T17:08:10.758+0800][2.777s][info ][gc,heap           ] GC(22) Old regions: 2->2
[2024-12-07T17:08:10.758+0800][2.777s][info ][gc,heap           ] GC(22) Humongous regions: 440->440
[2024-12-07T17:08:10.758+0800][2.778s][info ][gc,metaspace      ] GC(22) Metaspace: 558K(4864K)->558K(4864K) NonClass: 512K(4352K)->512K(4352K) Class: 46K(512K)->46K(512K)
[2024-12-07T17:08:10.758+0800][2.778s][debug][gc,heap           ] GC(22) Heap after GC invocations=23 (full 0): garbage-first heap   total 517120K, used 451741K [0x00000000e0000000, 0x0000000100000000)
[2024-12-07T17:08:10.759+0800][2.778s][debug][gc,heap           ] GC(22)   region size 1024K, 1 young (1024K), 1 survivors (1024K)
[2024-12-07T17:08:10.759+0800][2.778s][debug][gc,heap           ] GC(22)  Metaspace       used 558K, capacity 4570K, committed 4864K, reserved 1056768K
[2024-12-07T17:08:10.759+0800][2.778s][debug][gc,heap           ] GC(22)   class space    used 46K, capacity 419K, committed 512K, reserved 1048576K
[2024-12-07T17:08:10.759+0800][2.778s][info ][gc                ] GC(22) Pause Young (Concurrent Start) (G1 Humongous Allocation) 441M->441M(505M) 40.126ms
[2024-12-07T17:08:10.759+0800][2.778s][info ][gc,cpu            ] GC(22) User=0.02s Sys=0.02s Real=0.04s
[2024-12-07T17:08:10.759+0800][2.778s][info ][gc                ] GC(23) Concurrent Cycle
[2024-12-07T17:08:10.759+0800][2.778s][info ][gc,marking        ] GC(23) Concurrent Clear Claimed Marks
[2024-12-07T17:08:10.759+0800][2.778s][info ][gc,marking        ] GC(23) Concurrent Clear Claimed Marks 0.093ms
[2024-12-07T17:08:10.759+0800][2.778s][info ][gc,marking        ] GC(23) Concurrent Scan Root Regions
[2024-12-07T17:08:10.759+0800][2.779s][debug][gc,ergo           ] GC(23) Running G1 Root Region Scan using 1 workers for 1 work units.
[2024-12-07T17:08:10.760+0800][2.779s][info ][gc,marking        ] GC(23) Concurrent Scan Root Regions 0.489ms
[2024-12-07T17:08:10.760+0800][2.779s][info ][gc,marking        ] GC(23) Concurrent Mark (2.779s)
[2024-12-07T17:08:10.760+0800][2.779s][info ][gc,marking        ] GC(23) Concurrent Mark From Roots
[2024-12-07T17:08:10.760+0800][2.779s][info ][gc,task           ] GC(23) Using 5 workers of 5 for marking
[2024-12-07T17:08:10.761+0800][2.780s][debug][gc,stats          ] ---------------------------------------------------------------------
[2024-12-07T17:08:10.761+0800][2.780s][debug][gc,stats          ] Marking Stats, task = 0, calls = 1
[2024-12-07T17:08:10.761+0800][2.780s][debug][gc,stats          ]   Elapsed time = 0.43ms, Termination time = 0.00ms
[2024-12-07T17:08:10.761+0800][2.780s][debug][gc,stats          ]   Step Times (cum): num = 1105, avg = 0.01ms, sd = 0.15ms max = 3.57ms, total = 10.87ms
[2024-12-07T17:08:10.761+0800][2.780s][debug][gc,stats          ]   Mark Stats Cache: hits 6903 misses 221 ratio 96.898
[2024-12-07T17:08:10.761+0800][2.780s][debug][gc,stats          ] ---------------------------------------------------------------------
[2024-12-07T17:08:10.761+0800][2.780s][debug][gc,stats          ] Marking Stats, task = 1, calls = 24
[2024-12-07T17:08:10.761+0800][2.780s][debug][gc,stats          ]   Elapsed time = 0.43ms, Termination time = 0.00ms
[2024-12-07T17:08:10.761+0800][2.781s][debug][gc,stats          ]   Step Times (cum): num = 295, avg = 0.04ms, sd = 0.29ms max = 3.56ms, total = 10.71ms
[2024-12-07T17:08:10.761+0800][2.781s][debug][gc,stats          ]   Mark Stats Cache: hits 1856 misses 2 ratio 99.892
[2024-12-07T17:08:10.762+0800][2.781s][debug][gc,stats          ] ---------------------------------------------------------------------
[2024-12-07T17:08:10.762+0800][2.781s][debug][gc,stats          ] Marking Stats, task = 2, calls = 32
[2024-12-07T17:08:10.762+0800][2.781s][debug][gc,stats          ]   Elapsed time = 0.42ms, Termination time = 0.00ms
[2024-12-07T17:08:10.762+0800][2.781s][debug][gc,stats          ]   Step Times (cum): num = 387, avg = 0.03ms, sd = 0.25ms max = 3.57ms, total = 10.27ms
[2024-12-07T17:08:10.762+0800][2.781s][debug][gc,stats          ]   Mark Stats Cache: hits 571 misses 2 ratio 99.651
[2024-12-07T17:08:10.762+0800][2.781s][debug][gc,stats          ] ---------------------------------------------------------------------
[2024-12-07T17:08:10.762+0800][2.781s][debug][gc,stats          ] Marking Stats, task = 3, calls = 35
[2024-12-07T17:08:10.762+0800][2.781s][debug][gc,stats          ]   Elapsed time = 0.41ms, Termination time = 0.00ms
[2024-12-07T17:08:10.762+0800][2.781s][debug][gc,stats          ]   Step Times (cum): num = 307, avg = 0.03ms, sd = 0.28ms max = 3.57ms, total = 10.69ms
[2024-12-07T17:08:10.762+0800][2.782s][debug][gc,stats          ]   Mark Stats Cache: hits 581 misses 2 ratio 99.657
[2024-12-07T17:08:10.762+0800][2.782s][debug][gc,stats          ] ---------------------------------------------------------------------
[2024-12-07T17:08:10.763+0800][2.782s][debug][gc,stats          ] Marking Stats, task = 4, calls = 32
[2024-12-07T17:08:10.763+0800][2.782s][debug][gc,stats          ]   Elapsed time = 0.41ms, Termination time = 0.00ms
[2024-12-07T17:08:10.763+0800][2.782s][debug][gc,stats          ]   Step Times (cum): num = 344, avg = 0.03ms, sd = 0.26ms max = 3.57ms, total = 10.33ms
[2024-12-07T17:08:10.763+0800][2.782s][debug][gc,stats          ]   Mark Stats Cache: hits 574 misses 1 ratio 99.826
[2024-12-07T17:08:10.763+0800][2.782s][debug][gc,stats          ] ---------------------------------------------------------------------
[2024-12-07T17:08:10.763+0800][2.782s][info ][gc,marking        ] GC(23) Concurrent Mark From Roots 3.054ms
[2024-12-07T17:08:10.763+0800][2.782s][info ][gc,marking        ] GC(23) Concurrent Preclean
[2024-12-07T17:08:10.763+0800][2.782s][debug][gc,ref,start      ] GC(23) Preclean SoftReferences
[2024-12-07T17:08:10.763+0800][2.783s][debug][gc,ref            ] GC(23) Preclean SoftReferences 0.102ms
[2024-12-07T17:08:10.763+0800][2.783s][debug][gc,ref,start      ] GC(23) Preclean WeakReferences
[2024-12-07T17:08:10.764+0800][2.783s][debug][gc,ref            ] GC(23) Preclean WeakReferences 0.112ms
[2024-12-07T17:08:10.764+0800][2.783s][debug][gc,ref,start      ] GC(23) Preclean FinalReferences
[2024-12-07T17:08:10.764+0800][2.783s][debug][gc,ref            ] GC(23) Preclean FinalReferences 0.103ms
[2024-12-07T17:08:10.764+0800][2.783s][debug][gc,ref,start      ] GC(23) Preclean PhantomReferences
[2024-12-07T17:08:10.764+0800][2.783s][debug][gc,ref            ] GC(23) Preclean PhantomReferences 0.103ms
[2024-12-07T17:08:10.764+0800][2.783s][info ][gc,marking        ] GC(23) Concurrent Preclean 0.902ms
[2024-12-07T17:08:10.764+0800][2.783s][info ][gc,marking        ] GC(23) Concurrent Mark (2.779s, 2.783s) 4.242ms
[2024-12-07T17:08:10.764+0800][2.784s][info ][gc,start          ] GC(23) Pause Remark
[2024-12-07T17:08:10.764+0800][2.784s][debug][gc,phases,start   ] GC(23) Finalize Marking
[2024-12-07T17:08:10.765+0800][2.784s][debug][gc,stats          ] ---------------------------------------------------------------------
[2024-12-07T17:08:10.765+0800][2.784s][debug][gc,stats          ] Marking Stats, task = 0, calls = 74
[2024-12-07T17:08:10.765+0800][2.784s][debug][gc,stats          ]   Elapsed time = 0.15ms, Termination time = 0.00ms
[2024-12-07T17:08:10.765+0800][2.784s][debug][gc,stats          ]   Step Times (cum): num = 1178, avg = 0.01ms, sd = 0.15ms max = 3.57ms, total = 10.87ms
[2024-12-07T17:08:10.765+0800][2.785s][debug][gc,stats          ]   Mark Stats Cache: hits 6903 misses 221 ratio 96.898
[2024-12-07T17:08:10.766+0800][2.785s][debug][gc,stats          ] ---------------------------------------------------------------------
[2024-12-07T17:08:10.766+0800][2.785s][debug][gc,stats          ] Marking Stats, task = 1, calls = 25
[2024-12-07T17:08:10.766+0800][2.785s][debug][gc,stats          ]   Elapsed time = 0.15ms, Termination time = 0.00ms
[2024-12-07T17:08:10.766+0800][2.785s][debug][gc,stats          ]   Step Times (cum): num = 296, avg = 0.04ms, sd = 0.29ms max = 3.56ms, total = 10.71ms
[2024-12-07T17:08:10.766+0800][2.785s][debug][gc,stats          ]   Mark Stats Cache: hits 1856 misses 2 ratio 99.892
[2024-12-07T17:08:10.766+0800][2.785s][debug][gc,stats          ] ---------------------------------------------------------------------
[2024-12-07T17:08:10.766+0800][2.785s][debug][gc,stats          ] Marking Stats, task = 2, calls = 33
[2024-12-07T17:08:10.766+0800][2.786s][debug][gc,stats          ]   Elapsed time = 0.15ms, Termination time = 0.00ms
[2024-12-07T17:08:10.766+0800][2.786s][debug][gc,stats          ]   Step Times (cum): num = 388, avg = 0.03ms, sd = 0.25ms max = 3.57ms, total = 10.27ms
[2024-12-07T17:08:10.767+0800][2.786s][debug][gc,stats          ]   Mark Stats Cache: hits 571 misses 2 ratio 99.651
[2024-12-07T17:08:10.767+0800][2.786s][debug][gc,stats          ] ---------------------------------------------------------------------
[2024-12-07T17:08:10.767+0800][2.786s][debug][gc,stats          ] Marking Stats, task = 3, calls = 36
[2024-12-07T17:08:10.767+0800][2.786s][debug][gc,stats          ]   Elapsed time = 0.15ms, Termination time = 0.00ms
[2024-12-07T17:08:10.767+0800][2.786s][debug][gc,stats          ]   Step Times (cum): num = 308, avg = 0.03ms, sd = 0.28ms max = 3.57ms, total = 10.69ms
[2024-12-07T17:08:10.767+0800][2.786s][debug][gc,stats          ]   Mark Stats Cache: hits 581 misses 2 ratio 99.657
[2024-12-07T17:08:10.767+0800][2.786s][debug][gc,stats          ] ---------------------------------------------------------------------
[2024-12-07T17:08:10.767+0800][2.786s][debug][gc,stats          ] Marking Stats, task = 4, calls = 33
[2024-12-07T17:08:10.767+0800][2.786s][debug][gc,stats          ]   Elapsed time = 0.15ms, Termination time = 0.00ms
[2024-12-07T17:08:10.767+0800][2.787s][debug][gc,stats          ]   Step Times (cum): num = 345, avg = 0.03ms, sd = 0.26ms max = 3.57ms, total = 10.33ms
[2024-12-07T17:08:10.767+0800][2.787s][debug][gc,stats          ]   Mark Stats Cache: hits 574 misses 1 ratio 99.826
[2024-12-07T17:08:10.768+0800][2.787s][debug][gc,stats          ] ---------------------------------------------------------------------
[2024-12-07T17:08:10.768+0800][2.787s][debug][gc,stats          ] Marking Stats, task = 5, calls = 1
[2024-12-07T17:08:10.768+0800][2.787s][debug][gc,stats          ]   Elapsed time = 0.15ms, Termination time = 0.00ms
[2024-12-07T17:08:10.768+0800][2.787s][debug][gc,stats          ]   Step Times (cum): num = 12, avg = 0.83ms, sd = 1.14ms max = 3.61ms, total = 9.94ms
[2024-12-07T17:08:10.768+0800][2.787s][debug][gc,stats          ]   Mark Stats Cache: hits 0 misses 0 ratio 0.000
[2024-12-07T17:08:10.768+0800][2.787s][debug][gc,stats          ] ---------------------------------------------------------------------
[2024-12-07T17:08:10.768+0800][2.787s][debug][gc,stats          ] Marking Stats, task = 6, calls = 1
[2024-12-07T17:08:10.768+0800][2.787s][debug][gc,stats          ]   Elapsed time = 0.14ms, Termination time = 0.00ms
[2024-12-07T17:08:10.768+0800][2.787s][debug][gc,stats          ]   Step Times (cum): num = 12, avg = 0.86ms, sd = 1.15ms max = 3.57ms, total = 10.36ms
[2024-12-07T17:08:10.768+0800][2.788s][debug][gc,stats          ]   Mark Stats Cache: hits 0 misses 0 ratio 0.000
[2024-12-07T17:08:10.768+0800][2.788s][debug][gc,stats          ] ---------------------------------------------------------------------
[2024-12-07T17:08:10.769+0800][2.788s][debug][gc,stats          ] Marking Stats, task = 7, calls = 1
[2024-12-07T17:08:10.769+0800][2.788s][debug][gc,stats          ]   Elapsed time = 0.07ms, Termination time = 0.00ms
[2024-12-07T17:08:10.769+0800][2.788s][debug][gc,stats          ]   Step Times (cum): num = 12, avg = 0.84ms, sd = 1.16ms max = 3.61ms, total = 10.04ms
[2024-12-07T17:08:10.769+0800][2.788s][debug][gc,stats          ]   Mark Stats Cache: hits 0 misses 0 ratio 0.000
[2024-12-07T17:08:10.769+0800][2.788s][debug][gc,stats          ] ---------------------------------------------------------------------
[2024-12-07T17:08:10.769+0800][2.788s][debug][gc,stats          ] Marking Stats, task = 8, calls = 1
[2024-12-07T17:08:10.769+0800][2.788s][debug][gc,stats          ]   Elapsed time = 0.07ms, Termination time = 0.00ms
[2024-12-07T17:08:10.769+0800][2.788s][debug][gc,stats          ]   Step Times (cum): num = 12, avg = 0.87ms, sd = 1.15ms max = 3.61ms, total = 10.40ms
[2024-12-07T17:08:10.769+0800][2.788s][debug][gc,stats          ]   Mark Stats Cache: hits 0 misses 0 ratio 0.000
[2024-12-07T17:08:10.769+0800][2.789s][debug][gc,stats          ] ---------------------------------------------------------------------
[2024-12-07T17:08:10.769+0800][2.789s][debug][gc,stats          ] Marking Stats, task = 9, calls = 1
[2024-12-07T17:08:10.770+0800][2.789s][debug][gc,stats          ]   Elapsed time = 0.07ms, Termination time = 0.00ms
[2024-12-07T17:08:10.770+0800][2.789s][debug][gc,stats          ]   Step Times (cum): num = 12, avg = 0.87ms, sd = 1.17ms max = 3.64ms, total = 10.42ms
[2024-12-07T17:08:10.770+0800][2.789s][debug][gc,stats          ]   Mark Stats Cache: hits 0 misses 0 ratio 0.000
[2024-12-07T17:08:10.770+0800][2.789s][debug][gc,stats          ] ---------------------------------------------------------------------
[2024-12-07T17:08:10.770+0800][2.789s][debug][gc,stats          ] Marking Stats, task = 10, calls = 1
[2024-12-07T17:08:10.770+0800][2.789s][debug][gc,stats          ]   Elapsed time = 0.07ms, Termination time = 0.00ms
[2024-12-07T17:08:10.770+0800][2.789s][debug][gc,stats          ]   Step Times (cum): num = 12, avg = 0.24ms, sd = 0.43ms max = 1.32ms, total = 2.86ms
[2024-12-07T17:08:10.770+0800][2.789s][debug][gc,stats          ]   Mark Stats Cache: hits 0 misses 0 ratio 0.000
[2024-12-07T17:08:10.770+0800][2.789s][debug][gc,stats          ] ---------------------------------------------------------------------
[2024-12-07T17:08:10.770+0800][2.790s][debug][gc,stats          ] Marking Stats, task = 11, calls = 1
[2024-12-07T17:08:10.770+0800][2.790s][debug][gc,stats          ]   Elapsed time = 0.00ms, Termination time = 0.00ms
[2024-12-07T17:08:10.771+0800][2.790s][debug][gc,stats          ]   Step Times (cum): num = 12, avg = 0.00ms, sd = 0.00ms max = 0.00ms, total = 0.00ms
[2024-12-07T17:08:10.771+0800][2.790s][debug][gc,stats          ]   Mark Stats Cache: hits 0 misses 0 ratio 0.000
[2024-12-07T17:08:10.771+0800][2.790s][debug][gc,stats          ] ---------------------------------------------------------------------
[2024-12-07T17:08:10.771+0800][2.790s][debug][gc,phases         ] GC(23) Finalize Marking 6.393ms
[2024-12-07T17:08:10.771+0800][2.790s][debug][gc,phases,start   ] GC(23) Reference Processing
[2024-12-07T17:08:10.771+0800][2.790s][debug][gc,ref            ] GC(23) Skipped phase1 of Reference Processing due to unavailable references
[2024-12-07T17:08:10.771+0800][2.790s][debug][gc,ref            ] GC(23) Skipped phase2 of Reference Processing due to unavailable references
[2024-12-07T17:08:10.771+0800][2.790s][debug][gc,ref            ] GC(23) Skipped phase3 of Reference Processing due to unavailable references
[2024-12-07T17:08:10.771+0800][2.790s][debug][gc,ref            ] GC(23) Skipped phase4 of Reference Processing due to unavailable references
[2024-12-07T17:08:10.771+0800][2.791s][debug][gc,phases,ref     ] GC(23) Reference Processing: 0.3ms
[2024-12-07T17:08:10.771+0800][2.791s][debug][gc,phases,ref     ] GC(23)   Reconsider SoftReferences: 0.1ms
[2024-12-07T17:08:10.772+0800][2.791s][debug][gc,phases,ref     ] GC(23)     SoftRef (ms):             skipped
[2024-12-07T17:08:10.772+0800][2.791s][debug][gc,phases,ref     ] GC(23)   Notify Soft/WeakReferences: 0.1ms
[2024-12-07T17:08:10.772+0800][2.791s][debug][gc,phases,ref     ] GC(23)     SoftRef (ms):             skipped
[2024-12-07T17:08:10.772+0800][2.791s][debug][gc,phases,ref     ] GC(23)     WeakRef (ms):             skipped
[2024-12-07T17:08:10.772+0800][2.791s][debug][gc,phases,ref     ] GC(23)     FinalRef (ms):            skipped
[2024-12-07T17:08:10.772+0800][2.791s][debug][gc,phases,ref     ] GC(23)     Total (ms):               skipped
[2024-12-07T17:08:10.772+0800][2.791s][debug][gc,phases,ref     ] GC(23)   Notify and keep alive finalizable: 0.1ms
[2024-12-07T17:08:10.772+0800][2.791s][debug][gc,phases,ref     ] GC(23)     FinalRef (ms):            skipped
[2024-12-07T17:08:10.772+0800][2.792s][debug][gc,phases,ref     ] GC(23)   Notify PhantomReferences: 0.1ms
[2024-12-07T17:08:10.772+0800][2.792s][debug][gc,phases,ref     ] GC(23)     PhantomRef (ms):          skipped
[2024-12-07T17:08:10.773+0800][2.792s][debug][gc,phases,ref     ] GC(23)   SoftReference:
[2024-12-07T17:08:10.773+0800][2.792s][debug][gc,phases,ref     ] GC(23)     Discovered: 0
[2024-12-07T17:08:10.773+0800][2.792s][debug][gc,phases,ref     ] GC(23)     Cleared: 0
[2024-12-07T17:08:10.773+0800][2.792s][debug][gc,phases,ref     ] GC(23)   WeakReference:
[2024-12-07T17:08:10.773+0800][2.792s][debug][gc,phases,ref     ] GC(23)     Discovered: 0
[2024-12-07T17:08:10.773+0800][2.792s][debug][gc,phases,ref     ] GC(23)     Cleared: 0
[2024-12-07T17:08:10.773+0800][2.792s][debug][gc,phases,ref     ] GC(23)   FinalReference:
[2024-12-07T17:08:10.773+0800][2.792s][debug][gc,phases,ref     ] GC(23)     Discovered: 0
[2024-12-07T17:08:10.773+0800][2.792s][debug][gc,phases,ref     ] GC(23)     Cleared: 0
[2024-12-07T17:08:10.773+0800][2.792s][debug][gc,phases,ref     ] GC(23)   PhantomReference:
[2024-12-07T17:08:10.773+0800][2.793s][debug][gc,phases,ref     ] GC(23)     Discovered: 0
[2024-12-07T17:08:10.773+0800][2.793s][debug][gc,phases,ref     ] GC(23)     Cleared: 0
[2024-12-07T17:08:10.774+0800][2.793s][debug][gc,phases         ] GC(23) Reference Processing 2.652ms
[2024-12-07T17:08:10.774+0800][2.793s][debug][gc,phases,start   ] GC(23) Weak Processing
[2024-12-07T17:08:10.774+0800][2.793s][debug][gc,phases         ] GC(23) Weak Processing 0.091ms
[2024-12-07T17:08:10.774+0800][2.793s][debug][gc,phases,start   ] GC(23) Class Unloading
[2024-12-07T17:08:10.774+0800][2.793s][debug][gc,phases,start   ] GC(23) ClassLoaderData
[2024-12-07T17:08:10.774+0800][2.793s][debug][gc,phases         ] GC(23) ClassLoaderData 0.095ms
[2024-12-07T17:08:10.774+0800][2.793s][debug][gc,phases,start   ] GC(23) ProtectionDomainCacheTable
[2024-12-07T17:08:10.774+0800][2.793s][debug][gc,phases         ] GC(23) ProtectionDomainCacheTable 0.087ms
[2024-12-07T17:08:10.775+0800][2.794s][info ][gc,stringtable    ] GC(23) Cleaned string and symbol table, strings: 39 processed, 0 removed, symbols: 191 processed, 0 removed
[2024-12-07T17:08:10.775+0800][2.794s][debug][gc,phases         ] GC(23) Class Unloading 0.791ms
[2024-12-07T17:08:10.775+0800][2.794s][debug][gc,phases,start   ] GC(23) Flush Task Caches
[2024-12-07T17:08:10.775+0800][2.794s][debug][gc,stats          ] Mark stats cache hits 10485 misses 228 ratio 97.872
[2024-12-07T17:08:10.775+0800][2.794s][debug][gc,phases         ] GC(23) Flush Task Caches 0.205ms
[2024-12-07T17:08:10.775+0800][2.794s][debug][gc,phases,start   ] GC(23) Update Remembered Set Tracking Before Rebuild
[2024-12-07T17:08:10.775+0800][2.794s][debug][gc,ergo           ] GC(23) Running G1 Update RemSet Tracking Before Rebuild using 2 workers for 505 regions in heap
[2024-12-07T17:08:10.775+0800][2.794s][debug][gc,remset,tracking] GC(23) Remembered Set Tracking update regions total 505, selected 0
[2024-12-07T17:08:10.775+0800][2.795s][debug][gc,phases         ] GC(23) Update Remembered Set Tracking Before Rebuild 0.323ms
[2024-12-07T17:08:10.775+0800][2.795s][debug][gc,phases,start   ] GC(23) Reclaim Empty Regions
[2024-12-07T17:08:10.776+0800][2.795s][debug][gc,phases         ] GC(23) Reclaim Empty Regions 0.170ms
[2024-12-07T17:08:10.776+0800][2.795s][debug][gc,phases,start   ] GC(23) Purge Metaspace
[2024-12-07T17:08:10.776+0800][2.795s][debug][gc,phases         ] GC(23) Purge Metaspace 0.089ms
[2024-12-07T17:08:10.776+0800][2.795s][debug][gc,phases,start   ] GC(23) Report Object Count
[2024-12-07T17:08:10.776+0800][2.795s][debug][gc,phases         ] GC(23) Report Object Count 0.093ms
[2024-12-07T17:08:10.776+0800][2.795s][info ][gc                ] GC(23) Pause Remark 461M->461M(505M) 11.722ms
[2024-12-07T17:08:10.776+0800][2.795s][info ][gc,cpu            ] GC(23) User=0.00s Sys=0.00s Real=0.02s
[2024-12-07T17:08:10.776+0800][2.795s][info ][gc,marking        ] GC(23) Concurrent Rebuild Remembered Sets
[2024-12-07T17:08:10.777+0800][2.796s][info ][gc,marking        ] GC(23) Concurrent Rebuild Remembered Sets 0.298ms
[2024-12-07T17:08:10.777+0800][2.796s][info ][gc,start          ] GC(23) Pause Cleanup
[2024-12-07T17:08:10.777+0800][2.796s][debug][gc,phases,start   ] GC(23) Update Remembered Set Tracking After Rebuild
[2024-12-07T17:08:10.777+0800][2.796s][debug][gc,phases         ] GC(23) Update Remembered Set Tracking After Rebuild 0.095ms
[2024-12-07T17:08:10.777+0800][2.796s][debug][gc,phases,start   ] GC(23) Finalize Concurrent Mark Cleanup
[2024-12-07T17:08:10.777+0800][2.796s][debug][gc,ergo           ] GC(23) request young-only gcs (candidate old regions not available)
[2024-12-07T17:08:10.777+0800][2.797s][debug][gc,phases         ] GC(23) Finalize Concurrent Mark Cleanup 0.283ms
[2024-12-07T17:08:10.777+0800][2.797s][info ][gc                ] GC(23) Pause Cleanup 461M->461M(505M) 0.646ms
[2024-12-07T17:08:10.778+0800][2.797s][info ][gc,cpu            ] GC(23) User=0.00s Sys=0.00s Real=0.00s
[2024-12-07T17:08:10.778+0800][2.797s][info ][gc,marking        ] GC(23) Concurrent Cleanup for Next Mark
[2024-12-07T17:08:10.778+0800][2.797s][debug][gc,ergo           ] GC(23) Running G1 Clear Bitmap with 5 workers for 8 work units.
[2024-12-07T17:08:10.778+0800][2.797s][info ][gc,marking        ] GC(23) Concurrent Cleanup for Next Mark 0.318ms
[2024-12-07T17:08:10.778+0800][2.797s][info ][gc                ] GC(23) Concurrent Cycle 19.017ms
[2024-12-07T17:08:10.867+0800][2.886s][debug][gc,ergo,ihop      ] Request concurrent cycle initiation (occupancy higher than threshold) occupancy: 484442112B allocation request: 1048592B threshold: 238288896B (45.00) source: concurrent humongous allocation
[2024-12-07T17:08:10.868+0800][2.887s][debug][gc,ergo           ] Request concurrent cycle initiation (requested by GC cause). GC cause: G1 Humongous Allocation
[2024-12-07T17:08:10.868+0800][2.888s][debug][gc,heap           ] GC(24) Heap before GC invocations=24 (full 0): garbage-first heap   total 517120K, used 472221K [0x00000000e0000000, 0x0000000100000000)
[2024-12-07T17:08:10.869+0800][2.888s][debug][gc,heap           ] GC(24)   region size 1024K, 2 young (2048K), 1 survivors (1024K)
[2024-12-07T17:08:10.869+0800][2.888s][debug][gc,heap           ] GC(24)  Metaspace       used 558K, capacity 4570K, committed 4864K, reserved 1056768K
[2024-12-07T17:08:10.869+0800][2.888s][debug][gc,heap           ] GC(24)   class space    used 46K, capacity 419K, committed 512K, reserved 1048576K
[2024-12-07T17:08:10.869+0800][2.888s][debug][gc,ergo           ] GC(24) Initiate concurrent cycle (concurrent cycle initiation requested)
[2024-12-07T17:08:10.870+0800][2.889s][info ][gc,start          ] GC(24) Pause Young (Concurrent Start) (G1 Humongous Allocation)
[2024-12-07T17:08:10.870+0800][2.889s][info ][gc,task           ] GC(24) Using 12 workers of 18 for evacuation
[2024-12-07T17:08:10.870+0800][2.889s][debug][gc,tlab           ] GC(24) TLAB totals: thrds: 1  refills: 1 max: 1 slow allocs: 1 max 1 waste: 100.0% gc: 503192B max: 503192B slow: 0B max: 0B fast: 0B max: 0B
[2024-12-07T17:08:10.870+0800][2.889s][debug][gc,alloc,region   ] GC(24) Mutator Allocation stats, regions: 1, wasted size: 0B ( 0.0%)
[2024-12-07T17:08:10.870+0800][2.890s][debug][gc,age            ] GC(24) Desired survivor size 2097152 bytes, new threshold 15 (max threshold 15)
[2024-12-07T17:08:10.871+0800][2.890s][debug][gc,ergo,cset      ] GC(24) Finish choosing CSet. old: 0 regions, predicted old region time: 0.00ms, time remaining: 179.08
[2024-12-07T17:08:10.872+0800][2.891s][debug][gc,task,stats     ] GC(24) GC Termination Stats
[2024-12-07T17:08:10.872+0800][2.892s][debug][gc,task,stats     ] GC(24)      elapsed  --strong roots-- -------termination------- ------waste (KiB)------
[2024-12-07T17:08:10.873+0800][2.892s][debug][gc,task,stats     ] GC(24) thr     ms        ms      %        ms      %    attempts  total   alloc    undo
[2024-12-07T17:08:10.873+0800][2.892s][debug][gc,task,stats     ] GC(24) --- --------- --------- ------ --------- ------ -------- ------- ------- -------
[2024-12-07T17:08:10.876+0800][2.896s][debug][gc,task,stats     ] GC(24)  10      2.09      2.08  99.67      0.00   0.02        1       0       0       0
[2024-12-07T17:08:10.877+0800][2.896s][debug][gc,task,stats     ] GC(24)   5      2.87      0.87  30.23      1.71  59.43       35       0       0       0
[2024-12-07T17:08:10.878+0800][2.897s][debug][gc,task,stats     ] GC(24)   0      3.73      1.56  41.80      1.38  36.88        6       0       0       0
[2024-12-07T17:08:10.878+0800][2.898s][debug][gc,task,stats     ] GC(24)   4      4.39      1.35  30.80      1.36  30.98        1       0       0       0
[2024-12-07T17:08:10.879+0800][2.898s][debug][gc,task,stats     ] GC(24)   2      4.96      1.31  26.38      1.45  29.18       15       0       0       0
[2024-12-07T17:08:10.879+0800][2.898s][debug][gc,task,stats     ] GC(24)   8      5.04      1.51  30.07      0.84  16.70        1       0       0       0
[2024-12-07T17:08:10.880+0800][2.899s][debug][gc,task,stats     ] GC(24)   3      5.52      0.90  16.25      1.46  26.38       10       0       0       0
[2024-12-07T17:08:10.880+0800][2.899s][debug][gc,task,stats     ] GC(24)  11      5.58      1.58  28.39      0.69  12.34        1       0       0       0
[2024-12-07T17:08:10.880+0800][2.899s][debug][gc,task,stats     ] GC(24)   7      5.92      0.90  15.24      1.40  23.64        4       0       0       0
[2024-12-07T17:08:10.880+0800][2.899s][debug][gc,task,stats     ] GC(24)   6      6.12      0.83  13.50      1.28  20.84       11       0       0       0
[2024-12-07T17:08:10.881+0800][2.900s][debug][gc,task,stats     ] GC(24)   1      6.63      1.22  18.33      1.23  18.61        3       0       0       0
[2024-12-07T17:08:10.881+0800][2.900s][debug][gc,task,stats     ] GC(24)   9      6.48      1.76  27.09      0.34   5.30        1       0       0       0
[2024-12-07T17:08:10.881+0800][2.900s][debug][gc,ergo           ] GC(24) Running G1 Clear Card Table Task using 1 workers for 1 units of work for 3 regions.
[2024-12-07T17:08:10.881+0800][2.900s][debug][gc,ref            ] GC(24) Skipped phase1 of Reference Processing due to unavailable references
[2024-12-07T17:08:10.881+0800][2.900s][debug][gc,ref            ] GC(24) Skipped phase3 of Reference Processing due to unavailable references
[2024-12-07T17:08:10.881+0800][2.901s][debug][gc,ergo           ] GC(24) Running G1 Free Collection Set using 1 workers for collection set length 2
[2024-12-07T17:08:10.882+0800][2.901s][debug][gc,humongous      ] GC(24) Live humongous region 0 object size 1048592 start 0x00000000e0000000  with remset 0 code roots 0 is marked 0 reclaim candidate 0 type array 1
[2024-12-07T17:08:10.882+0800][2.901s][debug][gc,humongous      ] GC(24) Live humongous region 2 object size 1048592 start 0x00000000e0200000  with remset 0 code roots 0 is marked 0 reclaim candidate 0 type array 1
[2024-12-07T17:08:10.882+0800][2.901s][debug][gc,humongous      ] GC(24) Live humongous region 4 object size 1048592 start 0x00000000e0400000  with remset 0 code roots 0 is marked 0 reclaim candidate 0 type array 1
[2024-12-07T17:08:10.882+0800][2.901s][debug][gc,humongous      ] GC(24) Live humongous region 6 object size 1048592 start 0x00000000e0600000  with remset 0 code roots 0 is marked 0 reclaim candidate 0 type array 1
[2024-12-07T17:08:10.882+0800][2.901s][debug][gc,humongous      ] GC(24) Live humongous region 8 object size 1048592 start 0x00000000e0800000  with remset 0 code roots 0 is marked 0 reclaim candidate 0 type array 1
[2024-12-07T17:08:10.882+0800][2.901s][debug][gc,humongous      ] GC(24) Live humongous region 10 object size 1048592 start 0x00000000e0a00000  with remset 0 code roots 0 is marked 0 reclaim candidate 0 type array 1
[2024-12-07T17:08:10.882+0800][2.901s][debug][gc,humongous      ] GC(24) Live humongous region 12 object size 1048592 start 0x00000000e0c00000  with remset 0 code roots 0 is marked 0 reclaim candidate 0 type array 1
[2024-12-07T17:08:10.882+0800][2.902s][debug][gc,humongous      ] GC(24) Live humongous region 14 object size 1048592 start 0x00000000e0e00000  with remset 0 code roots 0 is marked 0 reclaim candidate 0 type array 1
[2024-12-07T17:08:10.883+0800][2.902s][debug][gc,humongous      ] GC(24) Live humongous region 16 object size 1048592 start 0x00000000e1000000  with remset 0 code roots 0 is marked 0 reclaim candidate 0 type array 1
[2024-12-07T17:08:10.883+0800][2.902s][debug][gc,humongous      ] GC(24) Live humongous region 18 object size 1048592 start 0x00000000e1200000  with remset 0 code roots 0 is marked 0 reclaim candidate 0 type array 1
[2024-12-07T17:08:10.883+0800][2.902s][debug][gc,humongous      ] GC(24) Live humongous region 20 object size 1048592 start 0x00000000e1400000  with remset 0 code roots 0 is marked 0 reclaim candidate 0 type array 1
[2024-12-07T17:08:10.883+0800][2.902s][debug][gc,humongous      ] GC(24) Live humongous region 22 object size 1048592 start 0x00000000e1600000  with remset 0 code roots 0 is marked 0 reclaim candidate 0 type array 1
[2024-12-07T17:08:10.883+0800][2.902s][debug][gc,humongous      ] GC(24) Live humongous region 24 object size 1048592 start 0x00000000e1800000  with remset 0 code roots 0 is marked 0 reclaim candidate 0 type array 1
[2024-12-07T17:08:10.883+0800][2.902s][debug][gc,humongous      ] GC(24) Live humongous region 26 object size 1048592 start 0x00000000e1a00000  with remset 0 code roots 0 is marked 0 reclaim candidate 0 type array 1
[2024-12-07T17:08:10.883+0800][2.902s][debug][gc,humongous      ] GC(24) Live humongous region 28 object size 1048592 start 0x00000000e1c00000  with remset 0 code roots 0 is marked 0 reclaim candidate 0 type array 1
[2024-12-07T17:08:10.883+0800][2.903s][debug][gc,humongous      ] GC(24) Live humongous region 30 object size 1048592 start 0x00000000e1e00000  with remset 0 code roots 0 is marked 0 reclaim candidate 0 type array 1
[2024-12-07T17:08:10.884+0800][2.903s][debug][gc,humongous      ] GC(24) Live humongous region 32 object size 1048592 start 0x00000000e2000000  with remset 0 code roots 0 is marked 0 reclaim candidate 0 type array 1
[2024-12-07T17:08:10.884+0800][2.903s][debug][gc,humongous      ] GC(24) Live humongous region 34 object size 1048592 start 0x00000000e2200000  with remset 0 code roots 0 is marked 0 reclaim candidate 0 type array 1
[2024-12-07T17:08:10.884+0800][2.903s][debug][gc,humongous      ] GC(24) Live humongous region 36 object size 1048592 start 0x00000000e2400000  with remset 0 code roots 0 is marked 0 reclaim candidate 0 type array 1
[2024-12-07T17:08:10.884+0800][2.903s][debug][gc,humongous      ] GC(24) Live humongous region 38 object size 1048592 start 0x00000000e2600000  with remset 0 code roots 0 is marked 0 reclaim candidate 0 type array 1
[2024-12-07T17:08:10.884+0800][2.903s][debug][gc,humongous      ] GC(24) Live humongous region 40 object size 1048592 start 0x00000000e2800000  with remset 0 code roots 0 is marked 0 reclaim candidate 0 type array 1
[2024-12-07T17:08:10.884+0800][2.903s][debug][gc,humongous      ] GC(24) Live humongous region 42 object size 1048592 start 0x00000000e2a00000  with remset 0 code roots 0 is marked 0 reclaim candidate 0 type array 1
[2024-12-07T17:08:10.884+0800][2.903s][debug][gc,humongous      ] GC(24) Live humongous region 44 object size 1048592 start 0x00000000e2c00000  with remset 0 code roots 0 is marked 0 reclaim candidate 0 type array 1
[2024-12-07T17:08:10.884+0800][2.904s][debug][gc,humongous      ] GC(24) Live humongous region 46 object size 1048592 start 0x00000000e2e00000  with remset 0 code roots 0 is marked 0 reclaim candidate 0 type array 1
[2024-12-07T17:08:10.884+0800][2.904s][debug][gc,humongous      ] GC(24) Live humongous region 48 object size 1048592 start 0x00000000e3000000  with remset 0 code roots 0 is marked 0 reclaim candidate 0 type array 1
[2024-12-07T17:08:10.885+0800][2.904s][debug][gc,humongous      ] GC(24) Live humongous region 50 object size 1048592 start 0x00000000e3200000  with remset 0 code roots 0 is marked 0 reclaim candidate 0 type array 1
[2024-12-07T17:08:10.885+0800][2.904s][debug][gc,humongous      ] GC(24) Live humongous region 52 object size 1048592 start 0x00000000e3400000  with remset 0 code roots 0 is marked 0 reclaim candidate 0 type array 1
[2024-12-07T17:08:10.885+0800][2.904s][debug][gc,humongous      ] GC(24) Live humongous region 54 object size 1048592 start 0x00000000e3600000  with remset 0 code roots 0 is marked 0 reclaim candidate 0 type array 1
[2024-12-07T17:08:10.885+0800][2.904s][debug][gc,humongous      ] GC(24) Live humongous region 56 object size 1048592 start 0x00000000e3800000  with remset 0 code roots 0 is marked 0 reclaim candidate 0 type array 1
[2024-12-07T17:08:10.885+0800][2.904s][debug][gc,humongous      ] GC(24) Live humongous region 58 object size 1048592 start 0x00000000e3a00000  with remset 0 code roots 0 is marked 0 reclaim candidate 0 type array 1
[2024-12-07T17:08:10.885+0800][2.904s][debug][gc,humongous      ] GC(24) Live humongous region 60 object size 1048592 start 0x00000000e3c00000  with remset 0 code roots 0 is marked 0 reclaim candidate 0 type array 1
[2024-12-07T17:08:10.885+0800][2.904s][debug][gc,humongous      ] GC(24) Live humongous region 62 object size 1048592 start 0x00000000e3e00000  with remset 0 code roots 0 is marked 0 reclaim candidate 0 type array 1
[2024-12-07T17:08:10.885+0800][2.905s][debug][gc,humongous      ] GC(24) Live humongous region 64 object size 1048592 start 0x00000000e4000000  with remset 0 code roots 0 is marked 0 reclaim candidate 0 type array 1
[2024-12-07T17:08:10.886+0800][2.905s][debug][gc,humongous      ] GC(24) Live humongous region 66 object size 1048592 start 0x00000000e4200000  with remset 0 code roots 0 is marked 0 reclaim candidate 0 type array 1
[2024-12-07T17:08:10.886+0800][2.905s][debug][gc,humongous      ] GC(24) Live humongous region 68 object size 1048592 start 0x00000000e4400000  with remset 0 code roots 0 is marked 0 reclaim candidate 0 type array 1
[2024-12-07T17:08:10.886+0800][2.905s][debug][gc,humongous      ] GC(24) Live humongous region 70 object size 1048592 start 0x00000000e4600000  with remset 0 code roots 0 is marked 0 reclaim candidate 0 type array 1
[2024-12-07T17:08:10.886+0800][2.905s][debug][gc,humongous      ] GC(24) Live humongous region 72 object size 1048592 start 0x00000000e4800000  with remset 0 code roots 0 is marked 0 reclaim candidate 0 type array 1
[2024-12-07T17:08:10.886+0800][2.905s][debug][gc,humongous      ] GC(24) Live humongous region 74 object size 1048592 start 0x00000000e4a00000  with remset 0 code roots 0 is marked 0 reclaim candidate 0 type array 1
[2024-12-07T17:08:10.886+0800][2.905s][debug][gc,humongous      ] GC(24) Live humongous region 76 object size 1048592 start 0x00000000e4c00000  with remset 0 code roots 0 is marked 0 reclaim candidate 0 type array 1
[2024-12-07T17:08:10.886+0800][2.905s][debug][gc,humongous      ] GC(24) Live humongous region 78 object size 1048592 start 0x00000000e4e00000  with remset 0 code roots 0 is marked 0 reclaim candidate 0 type array 1
[2024-12-07T17:08:10.886+0800][2.905s][debug][gc,humongous      ] GC(24) Live humongous region 80 object size 1048592 start 0x00000000e5000000  with remset 0 code roots 0 is marked 0 reclaim candidate 0 type array 1
[2024-12-07T17:08:10.886+0800][2.906s][debug][gc,humongous      ] GC(24) Live humongous region 82 object size 1048592 start 0x00000000e5200000  with remset 0 code roots 0 is marked 0 reclaim candidate 0 type array 1
[2024-12-07T17:08:10.887+0800][2.906s][debug][gc,humongous      ] GC(24) Live humongous region 84 object size 1048592 start 0x00000000e5400000  with remset 0 code roots 0 is marked 0 reclaim candidate 0 type array 1
[2024-12-07T17:08:10.887+0800][2.906s][debug][gc,humongous      ] GC(24) Live humongous region 86 object size 1048592 start 0x00000000e5600000  with remset 0 code roots 0 is marked 0 reclaim candidate 0 type array 1
[2024-12-07T17:08:10.887+0800][2.906s][debug][gc,humongous      ] GC(24) Live humongous region 88 object size 1048592 start 0x00000000e5800000  with remset 0 code roots 0 is marked 0 reclaim candidate 0 type array 1
[2024-12-07T17:08:10.887+0800][2.906s][debug][gc,humongous      ] GC(24) Live humongous region 90 object size 1048592 start 0x00000000e5a00000  with remset 0 code roots 0 is marked 0 reclaim candidate 0 type array 1
[2024-12-07T17:08:10.887+0800][2.906s][debug][gc,humongous      ] GC(24) Live humongous region 92 object size 1048592 start 0x00000000e5c00000  with remset 0 code roots 0 is marked 0 reclaim candidate 0 type array 1
[2024-12-07T17:08:10.887+0800][2.906s][debug][gc,humongous      ] GC(24) Live humongous region 94 object size 1048592 start 0x00000000e5e00000  with remset 0 code roots 0 is marked 0 reclaim candidate 0 type array 1
[2024-12-07T17:08:10.887+0800][2.906s][debug][gc,humongous      ] GC(24) Live humongous region 96 object size 1048592 start 0x00000000e6000000  with remset 0 code roots 0 is marked 0 reclaim candidate 0 type array 1
[2024-12-07T17:08:10.887+0800][2.906s][debug][gc,humongous      ] GC(24) Live humongous region 98 object size 1048592 start 0x00000000e6200000  with remset 0 code roots 0 is marked 0 reclaim candidate 0 type array 1
[2024-12-07T17:08:10.887+0800][2.907s][debug][gc,humongous      ] GC(24) Live humongous region 100 object size 1048592 start 0x00000000e6400000  with remset 0 code roots 0 is marked 0 reclaim candidate 0 type array 1
[2024-12-07T17:08:10.887+0800][2.907s][debug][gc,humongous      ] GC(24) Live humongous region 102 object size 1048592 start 0x00000000e6600000  with remset 0 code roots 0 is marked 0 reclaim candidate 0 type array 1
[2024-12-07T17:08:10.888+0800][2.907s][debug][gc,humongous      ] GC(24) Live humongous region 104 object size 1048592 start 0x00000000e6800000  with remset 0 code roots 0 is marked 0 reclaim candidate 0 type array 1
[2024-12-07T17:08:10.888+0800][2.907s][debug][gc,humongous      ] GC(24) Live humongous region 106 object size 1048592 start 0x00000000e6a00000  with remset 0 code roots 0 is marked 0 reclaim candidate 0 type array 1
[2024-12-07T17:08:10.888+0800][2.907s][debug][gc,humongous      ] GC(24) Live humongous region 108 object size 1048592 start 0x00000000e6c00000  with remset 0 code roots 0 is marked 0 reclaim candidate 0 type array 1
[2024-12-07T17:08:10.888+0800][2.907s][debug][gc,humongous      ] GC(24) Live humongous region 110 object size 1048592 start 0x00000000e6e00000  with remset 0 code roots 0 is marked 0 reclaim candidate 0 type array 1
[2024-12-07T17:08:10.888+0800][2.907s][debug][gc,humongous      ] GC(24) Live humongous region 112 object size 1048592 start 0x00000000e7000000  with remset 0 code roots 0 is marked 0 reclaim candidate 0 type array 1
[2024-12-07T17:08:10.888+0800][2.908s][debug][gc,humongous      ] GC(24) Live humongous region 114 object size 1048592 start 0x00000000e7200000  with remset 0 code roots 0 is marked 0 reclaim candidate 0 type array 1
[2024-12-07T17:08:10.888+0800][2.908s][debug][gc,humongous      ] GC(24) Live humongous region 116 object size 1048592 start 0x00000000e7400000  with remset 0 code roots 0 is marked 0 reclaim candidate 0 type array 1
[2024-12-07T17:08:10.889+0800][2.908s][debug][gc,humongous      ] GC(24) Live humongous region 118 object size 1048592 start 0x00000000e7600000  with remset 0 code roots 0 is marked 0 reclaim candidate 0 type array 1
[2024-12-07T17:08:10.889+0800][2.908s][debug][gc,humongous      ] GC(24) Live humongous region 120 object size 1048592 start 0x00000000e7800000  with remset 0 code roots 0 is marked 0 reclaim candidate 0 type array 1
[2024-12-07T17:08:10.889+0800][2.908s][debug][gc,humongous      ] GC(24) Live humongous region 122 object size 1048592 start 0x00000000e7a00000  with remset 0 code roots 0 is marked 0 reclaim candidate 0 type array 1
[2024-12-07T17:08:10.889+0800][2.908s][debug][gc,humongous      ] GC(24) Live humongous region 124 object size 1048592 start 0x00000000e7c00000  with remset 0 code roots 0 is marked 0 reclaim candidate 0 type array 1
[2024-12-07T17:08:10.889+0800][2.908s][debug][gc,humongous      ] GC(24) Live humongous region 126 object size 1048592 start 0x00000000e7e00000  with remset 0 code roots 0 is marked 0 reclaim candidate 0 type array 1
[2024-12-07T17:08:10.889+0800][2.908s][debug][gc,humongous      ] GC(24) Live humongous region 128 object size 1048592 start 0x00000000e8000000  with remset 0 code roots 0 is marked 0 reclaim candidate 0 type array 1
[2024-12-07T17:08:10.889+0800][2.908s][debug][gc,humongous      ] GC(24) Live humongous region 130 object size 1048592 start 0x00000000e8200000  with remset 0 code roots 0 is marked 0 reclaim candidate 0 type array 1
[2024-12-07T17:08:10.889+0800][2.908s][debug][gc,humongous      ] GC(24) Live humongous region 132 object size 1048592 start 0x00000000e8400000  with remset 0 code roots 0 is marked 0 reclaim candidate 0 type array 1
[2024-12-07T17:08:10.889+0800][2.909s][debug][gc,humongous      ] GC(24) Live humongous region 134 object size 1048592 start 0x00000000e8600000  with remset 0 code roots 0 is marked 0 reclaim candidate 0 type array 1
[2024-12-07T17:08:10.890+0800][2.909s][debug][gc,humongous      ] GC(24) Live humongous region 136 object size 1048592 start 0x00000000e8800000  with remset 0 code roots 0 is marked 0 reclaim candidate 0 type array 1
[2024-12-07T17:08:10.890+0800][2.909s][debug][gc,humongous      ] GC(24) Live humongous region 138 object size 1048592 start 0x00000000e8a00000  with remset 0 code roots 0 is marked 0 reclaim candidate 0 type array 1
[2024-12-07T17:08:10.890+0800][2.909s][debug][gc,humongous      ] GC(24) Live humongous region 140 object size 1048592 start 0x00000000e8c00000  with remset 0 code roots 0 is marked 0 reclaim candidate 0 type array 1
[2024-12-07T17:08:10.890+0800][2.909s][debug][gc,humongous      ] GC(24) Live humongous region 142 object size 1048592 start 0x00000000e8e00000  with remset 0 code roots 0 is marked 0 reclaim candidate 0 type array 1
[2024-12-07T17:08:10.890+0800][2.909s][debug][gc,humongous      ] GC(24) Live humongous region 144 object size 1048592 start 0x00000000e9000000  with remset 0 code roots 0 is marked 0 reclaim candidate 0 type array 1
[2024-12-07T17:08:10.890+0800][2.909s][debug][gc,humongous      ] GC(24) Live humongous region 146 object size 1048592 start 0x00000000e9200000  with remset 0 code roots 0 is marked 0 reclaim candidate 0 type array 1
[2024-12-07T17:08:10.890+0800][2.909s][debug][gc,humongous      ] GC(24) Live humongous region 148 object size 1048592 start 0x00000000e9400000  with remset 0 code roots 0 is marked 0 reclaim candidate 0 type array 1
[2024-12-07T17:08:10.890+0800][2.909s][debug][gc,humongous      ] GC(24) Live humongous region 150 object size 1048592 start 0x00000000e9600000  with remset 0 code roots 0 is marked 0 reclaim candidate 0 type array 1
[2024-12-07T17:08:10.890+0800][2.909s][debug][gc,humongous      ] GC(24) Live humongous region 152 object size 1048592 start 0x00000000e9800000  with remset 0 code roots 0 is marked 0 reclaim candidate 0 type array 1
[2024-12-07T17:08:10.890+0800][2.910s][debug][gc,humongous      ] GC(24) Live humongous region 154 object size 1048592 start 0x00000000e9a00000  with remset 0 code roots 0 is marked 0 reclaim candidate 0 type array 1
[2024-12-07T17:08:10.890+0800][2.910s][debug][gc,humongous      ] GC(24) Live humongous region 156 object size 1048592 start 0x00000000e9c00000  with remset 0 code roots 0 is marked 0 reclaim candidate 0 type array 1
[2024-12-07T17:08:10.891+0800][2.910s][debug][gc,humongous      ] GC(24) Live humongous region 158 object size 1048592 start 0x00000000e9e00000  with remset 0 code roots 0 is marked 0 reclaim candidate 0 type array 1
[2024-12-07T17:08:10.891+0800][2.910s][debug][gc,humongous      ] GC(24) Live humongous region 160 object size 1048592 start 0x00000000ea000000  with remset 0 code roots 0 is marked 0 reclaim candidate 0 type array 1
[2024-12-07T17:08:10.891+0800][2.910s][debug][gc,humongous      ] GC(24) Live humongous region 162 object size 1048592 start 0x00000000ea200000  with remset 0 code roots 0 is marked 0 reclaim candidate 0 type array 1
[2024-12-07T17:08:10.891+0800][2.910s][debug][gc,humongous      ] GC(24) Live humongous region 164 object size 1048592 start 0x00000000ea400000  with remset 0 code roots 0 is marked 0 reclaim candidate 0 type array 1
[2024-12-07T17:08:10.891+0800][2.910s][debug][gc,humongous      ] GC(24) Live humongous region 166 object size 1048592 start 0x00000000ea600000  with remset 0 code roots 0 is marked 0 reclaim candidate 0 type array 1
[2024-12-07T17:08:10.891+0800][2.910s][debug][gc,humongous      ] GC(24) Live humongous region 168 object size 1048592 start 0x00000000ea800000  with remset 0 code roots 0 is marked 0 reclaim candidate 0 type array 1
[2024-12-07T17:08:10.891+0800][2.910s][debug][gc,humongous      ] GC(24) Live humongous region 170 object size 1048592 start 0x00000000eaa00000  with remset 0 code roots 0 is marked 0 reclaim candidate 0 type array 1
[2024-12-07T17:08:10.891+0800][2.910s][debug][gc,humongous      ] GC(24) Live humongous region 172 object size 1048592 start 0x00000000eac00000  with remset 0 code roots 0 is marked 0 reclaim candidate 0 type array 1
[2024-12-07T17:08:10.891+0800][2.910s][debug][gc,humongous      ] GC(24) Live humongous region 174 object size 1048592 start 0x00000000eae00000  with remset 0 code roots 0 is marked 0 reclaim candidate 0 type array 1
[2024-12-07T17:08:10.891+0800][2.910s][debug][gc,humongous      ] GC(24) Live humongous region 176 object size 1048592 start 0x00000000eb000000  with remset 0 code roots 0 is marked 0 reclaim candidate 0 type array 1
[2024-12-07T17:08:10.891+0800][2.911s][debug][gc,humongous      ] GC(24) Live humongous region 178 object size 1048592 start 0x00000000eb200000  with remset 0 code roots 0 is marked 0 reclaim candidate 0 type array 1
[2024-12-07T17:08:10.891+0800][2.911s][debug][gc,humongous      ] GC(24) Live humongous region 180 object size 1048592 start 0x00000000eb400000  with remset 0 code roots 0 is marked 0 reclaim candidate 0 type array 1
[2024-12-07T17:08:10.892+0800][2.911s][debug][gc,humongous      ] GC(24) Live humongous region 182 object size 1048592 start 0x00000000eb600000  with remset 0 code roots 0 is marked 0 reclaim candidate 0 type array 1
[2024-12-07T17:08:10.892+0800][2.911s][debug][gc,humongous      ] GC(24) Live humongous region 184 object size 1048592 start 0x00000000eb800000  with remset 0 code roots 0 is marked 0 reclaim candidate 0 type array 1
[2024-12-07T17:08:10.892+0800][2.911s][debug][gc,humongous      ] GC(24) Live humongous region 186 object size 1048592 start 0x00000000eba00000  with remset 0 code roots 0 is marked 0 reclaim candidate 0 type array 1
[2024-12-07T17:08:10.892+0800][2.911s][debug][gc,humongous      ] GC(24) Live humongous region 188 object size 1048592 start 0x00000000ebc00000  with remset 0 code roots 0 is marked 0 reclaim candidate 0 type array 1
[2024-12-07T17:08:10.892+0800][2.911s][debug][gc,humongous      ] GC(24) Live humongous region 190 object size 1048592 start 0x00000000ebe00000  with remset 0 code roots 0 is marked 0 reclaim candidate 0 type array 1
[2024-12-07T17:08:10.892+0800][2.911s][debug][gc,humongous      ] GC(24) Live humongous region 192 object size 1048592 start 0x00000000ec000000  with remset 0 code roots 0 is marked 0 reclaim candidate 0 type array 1
[2024-12-07T17:08:10.892+0800][2.911s][debug][gc,humongous      ] GC(24) Live humongous region 194 object size 1048592 start 0x00000000ec200000  with remset 0 code roots 0 is marked 0 reclaim candidate 0 type array 1
[2024-12-07T17:08:10.892+0800][2.911s][debug][gc,humongous      ] GC(24) Live humongous region 196 object size 1048592 start 0x00000000ec400000  with remset 0 code roots 0 is marked 0 reclaim candidate 0 type array 1
[2024-12-07T17:08:10.892+0800][2.912s][debug][gc,humongous      ] GC(24) Live humongous region 198 object size 1048592 start 0x00000000ec600000  with remset 0 code roots 0 is marked 0 reclaim candidate 0 type array 1
[2024-12-07T17:08:10.893+0800][2.912s][debug][gc,humongous      ] GC(24) Live humongous region 200 object size 1048592 start 0x00000000ec800000  with remset 0 code roots 0 is marked 0 reclaim candidate 0 type array 1
[2024-12-07T17:08:10.893+0800][2.912s][debug][gc,humongous      ] GC(24) Live humongous region 202 object size 1048592 start 0x00000000eca00000  with remset 0 code roots 0 is marked 0 reclaim candidate 0 type array 1
[2024-12-07T17:08:10.893+0800][2.912s][debug][gc,humongous      ] GC(24) Live humongous region 204 object size 1048592 start 0x00000000ecc00000  with remset 0 code roots 0 is marked 0 reclaim candidate 0 type array 1
[2024-12-07T17:08:10.893+0800][2.912s][debug][gc,humongous      ] GC(24) Live humongous region 206 object size 1048592 start 0x00000000ece00000  with remset 0 code roots 0 is marked 0 reclaim candidate 0 type array 1
[2024-12-07T17:08:10.893+0800][2.912s][debug][gc,humongous      ] GC(24) Live humongous region 208 object size 1048592 start 0x00000000ed000000  with remset 0 code roots 0 is marked 0 reclaim candidate 0 type array 1
[2024-12-07T17:08:10.893+0800][2.912s][debug][gc,humongous      ] GC(24) Live humongous region 210 object size 1048592 start 0x00000000ed200000  with remset 0 code roots 0 is marked 0 reclaim candidate 0 type array 1
[2024-12-07T17:08:10.893+0800][2.912s][debug][gc,humongous      ] GC(24) Live humongous region 212 object size 1048592 start 0x00000000ed400000  with remset 0 code roots 0 is marked 0 reclaim candidate 0 type array 1
[2024-12-07T17:08:10.893+0800][2.912s][debug][gc,humongous      ] GC(24) Live humongous region 214 object size 1048592 start 0x00000000ed600000  with remset 0 code roots 0 is marked 0 reclaim candidate 0 type array 1
[2024-12-07T17:08:10.893+0800][2.912s][debug][gc,humongous      ] GC(24) Live humongous region 216 object size 1048592 start 0x00000000ed800000  with remset 0 code roots 0 is marked 0 reclaim candidate 0 type array 1
[2024-12-07T17:08:10.893+0800][2.913s][debug][gc,humongous      ] GC(24) Live humongous region 218 object size 1048592 start 0x00000000eda00000  with remset 0 code roots 0 is marked 0 reclaim candidate 0 type array 1
[2024-12-07T17:08:10.893+0800][2.913s][debug][gc,humongous      ] GC(24) Live humongous region 220 object size 1048592 start 0x00000000edc00000  with remset 0 code roots 0 is marked 0 reclaim candidate 0 type array 1
[2024-12-07T17:08:10.894+0800][2.913s][debug][gc,humongous      ] GC(24) Live humongous region 222 object size 1048592 start 0x00000000ede00000  with remset 0 code roots 0 is marked 0 reclaim candidate 0 type array 1
[2024-12-07T17:08:10.894+0800][2.913s][debug][gc,humongous      ] GC(24) Live humongous region 224 object size 1048592 start 0x00000000ee000000  with remset 0 code roots 0 is marked 0 reclaim candidate 0 type array 1
[2024-12-07T17:08:10.894+0800][2.913s][debug][gc,humongous      ] GC(24) Live humongous region 226 object size 1048592 start 0x00000000ee200000  with remset 0 code roots 0 is marked 0 reclaim candidate 0 type array 1
[2024-12-07T17:08:10.894+0800][2.913s][debug][gc,humongous      ] GC(24) Live humongous region 228 object size 1048592 start 0x00000000ee400000  with remset 0 code roots 0 is marked 0 reclaim candidate 0 type array 1
[2024-12-07T17:08:10.894+0800][2.913s][debug][gc,humongous      ] GC(24) Live humongous region 230 object size 1048592 start 0x00000000ee600000  with remset 0 code roots 0 is marked 0 reclaim candidate 0 type array 1
[2024-12-07T17:08:10.894+0800][2.913s][debug][gc,humongous      ] GC(24) Live humongous region 232 object size 1048592 start 0x00000000ee800000  with remset 0 code roots 0 is marked 0 reclaim candidate 0 type array 1
[2024-12-07T17:08:10.894+0800][2.913s][debug][gc,humongous      ] GC(24) Live humongous region 234 object size 1048592 start 0x00000000eea00000  with remset 0 code roots 0 is marked 0 reclaim candidate 0 type array 1
[2024-12-07T17:08:10.894+0800][2.913s][debug][gc,humongous      ] GC(24) Live humongous region 236 object size 1048592 start 0x00000000eec00000  with remset 0 code roots 0 is marked 0 reclaim candidate 0 type array 1
[2024-12-07T17:08:10.894+0800][2.913s][debug][gc,humongous      ] GC(24) Live humongous region 238 object size 1048592 start 0x00000000eee00000  with remset 0 code roots 0 is marked 0 reclaim candidate 0 type array 1
[2024-12-07T17:08:10.894+0800][2.913s][debug][gc,humongous      ] GC(24) Live humongous region 240 object size 1048592 start 0x00000000ef000000  with remset 0 code roots 0 is marked 0 reclaim candidate 0 type array 1
[2024-12-07T17:08:10.894+0800][2.914s][debug][gc,humongous      ] GC(24) Live humongous region 242 object size 1048592 start 0x00000000ef200000  with remset 0 code roots 0 is marked 0 reclaim candidate 0 type array 1
[2024-12-07T17:08:10.894+0800][2.914s][debug][gc,humongous      ] GC(24) Live humongous region 244 object size 1048592 start 0x00000000ef400000  with remset 0 code roots 0 is marked 0 reclaim candidate 0 type array 1
[2024-12-07T17:08:10.895+0800][2.914s][debug][gc,humongous      ] GC(24) Live humongous region 246 object size 1048592 start 0x00000000ef600000  with remset 0 code roots 0 is marked 0 reclaim candidate 0 type array 1
[2024-12-07T17:08:10.895+0800][2.914s][debug][gc,humongous      ] GC(24) Live humongous region 248 object size 1048592 start 0x00000000ef800000  with remset 0 code roots 0 is marked 0 reclaim candidate 0 type array 1
[2024-12-07T17:08:10.895+0800][2.914s][debug][gc,humongous      ] GC(24) Live humongous region 250 object size 1048592 start 0x00000000efa00000  with remset 0 code roots 0 is marked 0 reclaim candidate 0 type array 1
[2024-12-07T17:08:10.895+0800][2.914s][debug][gc,humongous      ] GC(24) Live humongous region 252 object size 1048592 start 0x00000000efc00000  with remset 0 code roots 0 is marked 0 reclaim candidate 0 type array 1
[2024-12-07T17:08:10.895+0800][2.914s][debug][gc,humongous      ] GC(24) Live humongous region 254 object size 1048592 start 0x00000000efe00000  with remset 0 code roots 0 is marked 0 reclaim candidate 0 type array 1
[2024-12-07T17:08:10.895+0800][2.914s][debug][gc,humongous      ] GC(24) Live humongous region 256 object size 1048592 start 0x00000000f0000000  with remset 0 code roots 0 is marked 0 reclaim candidate 0 type array 1
[2024-12-07T17:08:10.895+0800][2.914s][debug][gc,humongous      ] GC(24) Live humongous region 258 object size 1048592 start 0x00000000f0200000  with remset 0 code roots 0 is marked 0 reclaim candidate 0 type array 1
[2024-12-07T17:08:10.895+0800][2.914s][debug][gc,humongous      ] GC(24) Live humongous region 260 object size 1048592 start 0x00000000f0400000  with remset 0 code roots 0 is marked 0 reclaim candidate 0 type array 1
[2024-12-07T17:08:10.895+0800][2.914s][debug][gc,humongous      ] GC(24) Live humongous region 262 object size 1048592 start 0x00000000f0600000  with remset 0 code roots 0 is marked 0 reclaim candidate 0 type array 1
[2024-12-07T17:08:10.895+0800][2.914s][debug][gc,humongous      ] GC(24) Live humongous region 264 object size 1048592 start 0x00000000f0800000  with remset 0 code roots 0 is marked 0 reclaim candidate 0 type array 1
[2024-12-07T17:08:10.895+0800][2.915s][debug][gc,humongous      ] GC(24) Live humongous region 266 object size 1048592 start 0x00000000f0a00000  with remset 0 code roots 0 is marked 0 reclaim candidate 0 type array 1
[2024-12-07T17:08:10.895+0800][2.915s][debug][gc,humongous      ] GC(24) Live humongous region 268 object size 1048592 start 0x00000000f0c00000  with remset 0 code roots 0 is marked 0 reclaim candidate 0 type array 1
[2024-12-07T17:08:10.896+0800][2.915s][debug][gc,humongous      ] GC(24) Live humongous region 270 object size 1048592 start 0x00000000f0e00000  with remset 0 code roots 0 is marked 0 reclaim candidate 0 type array 1
[2024-12-07T17:08:10.896+0800][2.915s][debug][gc,humongous      ] GC(24) Live humongous region 272 object size 1048592 start 0x00000000f1000000  with remset 0 code roots 0 is marked 0 reclaim candidate 0 type array 1
[2024-12-07T17:08:10.896+0800][2.915s][debug][gc,humongous      ] GC(24) Live humongous region 274 object size 1048592 start 0x00000000f1200000  with remset 0 code roots 0 is marked 0 reclaim candidate 0 type array 1
[2024-12-07T17:08:10.896+0800][2.915s][debug][gc,humongous      ] GC(24) Live humongous region 276 object size 1048592 start 0x00000000f1400000  with remset 0 code roots 0 is marked 0 reclaim candidate 0 type array 1
[2024-12-07T17:08:10.896+0800][2.915s][debug][gc,humongous      ] GC(24) Live humongous region 278 object size 1048592 start 0x00000000f1600000  with remset 0 code roots 0 is marked 0 reclaim candidate 0 type array 1
[2024-12-07T17:08:10.896+0800][2.915s][debug][gc,humongous      ] GC(24) Live humongous region 280 object size 1048592 start 0x00000000f1800000  with remset 0 code roots 0 is marked 0 reclaim candidate 0 type array 1
[2024-12-07T17:08:10.896+0800][2.915s][debug][gc,humongous      ] GC(24) Live humongous region 282 object size 1048592 start 0x00000000f1a00000  with remset 0 code roots 0 is marked 0 reclaim candidate 0 type array 1
[2024-12-07T17:08:10.896+0800][2.915s][debug][gc,humongous      ] GC(24) Live humongous region 284 object size 1048592 start 0x00000000f1c00000  with remset 0 code roots 0 is marked 0 reclaim candidate 0 type array 1
[2024-12-07T17:08:10.896+0800][2.915s][debug][gc,humongous      ] GC(24) Live humongous region 286 object size 1048592 start 0x00000000f1e00000  with remset 0 code roots 0 is marked 0 reclaim candidate 0 type array 1
[2024-12-07T17:08:10.896+0800][2.916s][debug][gc,humongous      ] GC(24) Live humongous region 288 object size 1048592 start 0x00000000f2000000  with remset 0 code roots 0 is marked 0 reclaim candidate 0 type array 1
[2024-12-07T17:08:10.896+0800][2.916s][debug][gc,humongous      ] GC(24) Live humongous region 290 object size 1048592 start 0x00000000f2200000  with remset 0 code roots 0 is marked 0 reclaim candidate 0 type array 1
[2024-12-07T17:08:10.897+0800][2.916s][debug][gc,humongous      ] GC(24) Live humongous region 292 object size 1048592 start 0x00000000f2400000  with remset 0 code roots 0 is marked 0 reclaim candidate 0 type array 1
[2024-12-07T17:08:10.897+0800][2.916s][debug][gc,humongous      ] GC(24) Live humongous region 294 object size 1048592 start 0x00000000f2600000  with remset 0 code roots 0 is marked 0 reclaim candidate 0 type array 1
[2024-12-07T17:08:10.897+0800][2.916s][debug][gc,humongous      ] GC(24) Live humongous region 296 object size 1048592 start 0x00000000f2800000  with remset 0 code roots 0 is marked 0 reclaim candidate 0 type array 1
[2024-12-07T17:08:10.897+0800][2.916s][debug][gc,humongous      ] GC(24) Live humongous region 298 object size 1048592 start 0x00000000f2a00000  with remset 0 code roots 0 is marked 0 reclaim candidate 0 type array 1
[2024-12-07T17:08:10.897+0800][2.916s][debug][gc,humongous      ] GC(24) Live humongous region 300 object size 1048592 start 0x00000000f2c00000  with remset 0 code roots 0 is marked 0 reclaim candidate 0 type array 1
[2024-12-07T17:08:10.897+0800][2.916s][debug][gc,humongous      ] GC(24) Live humongous region 302 object size 1048592 start 0x00000000f2e00000  with remset 0 code roots 0 is marked 0 reclaim candidate 0 type array 1
[2024-12-07T17:08:10.897+0800][2.916s][debug][gc,humongous      ] GC(24) Live humongous region 304 object size 1048592 start 0x00000000f3000000  with remset 0 code roots 0 is marked 0 reclaim candidate 0 type array 1
[2024-12-07T17:08:10.897+0800][2.916s][debug][gc,humongous      ] GC(24) Live humongous region 306 object size 1048592 start 0x00000000f3200000  with remset 0 code roots 0 is marked 0 reclaim candidate 0 type array 1
[2024-12-07T17:08:10.897+0800][2.916s][debug][gc,humongous      ] GC(24) Live humongous region 308 object size 1048592 start 0x00000000f3400000  with remset 0 code roots 0 is marked 0 reclaim candidate 0 type array 1
[2024-12-07T17:08:10.897+0800][2.916s][debug][gc,humongous      ] GC(24) Live humongous region 310 object size 1048592 start 0x00000000f3600000  with remset 0 code roots 0 is marked 0 reclaim candidate 0 type array 1
[2024-12-07T17:08:10.897+0800][2.917s][debug][gc,humongous      ] GC(24) Live humongous region 312 object size 1048592 start 0x00000000f3800000  with remset 0 code roots 0 is marked 0 reclaim candidate 0 type array 1
[2024-12-07T17:08:10.897+0800][2.917s][debug][gc,humongous      ] GC(24) Live humongous region 314 object size 1048592 start 0x00000000f3a00000  with remset 0 code roots 0 is marked 0 reclaim candidate 0 type array 1
[2024-12-07T17:08:10.898+0800][2.917s][debug][gc,humongous      ] GC(24) Live humongous region 316 object size 1048592 start 0x00000000f3c00000  with remset 0 code roots 0 is marked 0 reclaim candidate 0 type array 1
[2024-12-07T17:08:10.898+0800][2.917s][debug][gc,humongous      ] GC(24) Live humongous region 318 object size 1048592 start 0x00000000f3e00000  with remset 0 code roots 0 is marked 0 reclaim candidate 0 type array 1
[2024-12-07T17:08:10.898+0800][2.917s][debug][gc,humongous      ] GC(24) Live humongous region 320 object size 1048592 start 0x00000000f4000000  with remset 0 code roots 0 is marked 0 reclaim candidate 0 type array 1
[2024-12-07T17:08:10.898+0800][2.917s][debug][gc,humongous      ] GC(24) Live humongous region 322 object size 1048592 start 0x00000000f4200000  with remset 0 code roots 0 is marked 0 reclaim candidate 0 type array 1
[2024-12-07T17:08:10.898+0800][2.917s][debug][gc,humongous      ] GC(24) Live humongous region 324 object size 1048592 start 0x00000000f4400000  with remset 0 code roots 0 is marked 0 reclaim candidate 0 type array 1
[2024-12-07T17:08:10.898+0800][2.917s][debug][gc,humongous      ] GC(24) Live humongous region 326 object size 1048592 start 0x00000000f4600000  with remset 0 code roots 0 is marked 0 reclaim candidate 0 type array 1
[2024-12-07T17:08:10.898+0800][2.917s][debug][gc,humongous      ] GC(24) Live humongous region 328 object size 1048592 start 0x00000000f4800000  with remset 0 code roots 0 is marked 0 reclaim candidate 0 type array 1
[2024-12-07T17:08:10.898+0800][2.917s][debug][gc,humongous      ] GC(24) Live humongous region 330 object size 1048592 start 0x00000000f4a00000  with remset 0 code roots 0 is marked 0 reclaim candidate 0 type array 1
[2024-12-07T17:08:10.898+0800][2.917s][debug][gc,humongous      ] GC(24) Live humongous region 332 object size 1048592 start 0x00000000f4c00000  with remset 0 code roots 0 is marked 0 reclaim candidate 0 type array 1
[2024-12-07T17:08:10.898+0800][2.918s][debug][gc,humongous      ] GC(24) Live humongous region 334 object size 1048592 start 0x00000000f4e00000  with remset 0 code roots 0 is marked 0 reclaim candidate 0 type array 1
[2024-12-07T17:08:10.898+0800][2.918s][debug][gc,humongous      ] GC(24) Live humongous region 336 object size 1048592 start 0x00000000f5000000  with remset 0 code roots 0 is marked 0 reclaim candidate 0 type array 1
[2024-12-07T17:08:10.899+0800][2.918s][debug][gc,humongous      ] GC(24) Live humongous region 338 object size 1048592 start 0x00000000f5200000  with remset 0 code roots 0 is marked 0 reclaim candidate 0 type array 1
[2024-12-07T17:08:10.899+0800][2.918s][debug][gc,humongous      ] GC(24) Live humongous region 340 object size 1048592 start 0x00000000f5400000  with remset 0 code roots 0 is marked 0 reclaim candidate 0 type array 1
[2024-12-07T17:08:10.899+0800][2.918s][debug][gc,humongous      ] GC(24) Live humongous region 342 object size 1048592 start 0x00000000f5600000  with remset 0 code roots 0 is marked 0 reclaim candidate 0 type array 1
[2024-12-07T17:08:10.899+0800][2.918s][debug][gc,humongous      ] GC(24) Live humongous region 344 object size 1048592 start 0x00000000f5800000  with remset 0 code roots 0 is marked 0 reclaim candidate 0 type array 1
[2024-12-07T17:08:10.899+0800][2.918s][debug][gc,humongous      ] GC(24) Live humongous region 346 object size 1048592 start 0x00000000f5a00000  with remset 0 code roots 0 is marked 0 reclaim candidate 0 type array 1
[2024-12-07T17:08:10.899+0800][2.918s][debug][gc,humongous      ] GC(24) Live humongous region 348 object size 1048592 start 0x00000000f5c00000  with remset 0 code roots 0 is marked 0 reclaim candidate 0 type array 1
[2024-12-07T17:08:10.899+0800][2.918s][debug][gc,humongous      ] GC(24) Live humongous region 350 object size 1048592 start 0x00000000f5e00000  with remset 0 code roots 0 is marked 0 reclaim candidate 0 type array 1
[2024-12-07T17:08:10.899+0800][2.918s][debug][gc,humongous      ] GC(24) Live humongous region 352 object size 1048592 start 0x00000000f6000000  with remset 0 code roots 0 is marked 0 reclaim candidate 0 type array 1
[2024-12-07T17:08:10.899+0800][2.918s][debug][gc,humongous      ] GC(24) Live humongous region 354 object size 1048592 start 0x00000000f6200000  with remset 0 code roots 0 is marked 0 reclaim candidate 0 type array 1
[2024-12-07T17:08:10.899+0800][2.918s][debug][gc,humongous      ] GC(24) Live humongous region 356 object size 1048592 start 0x00000000f6400000  with remset 0 code roots 0 is marked 0 reclaim candidate 0 type array 1
[2024-12-07T17:08:10.899+0800][2.919s][debug][gc,humongous      ] GC(24) Live humongous region 358 object size 1048592 start 0x00000000f6600000  with remset 0 code roots 0 is marked 0 reclaim candidate 0 type array 1
[2024-12-07T17:08:10.899+0800][2.919s][debug][gc,humongous      ] GC(24) Live humongous region 360 object size 1048592 start 0x00000000f6800000  with remset 0 code roots 0 is marked 0 reclaim candidate 0 type array 1
[2024-12-07T17:08:10.900+0800][2.919s][debug][gc,humongous      ] GC(24) Live humongous region 362 object size 1048592 start 0x00000000f6a00000  with remset 0 code roots 0 is marked 0 reclaim candidate 0 type array 1
[2024-12-07T17:08:10.900+0800][2.919s][debug][gc,humongous      ] GC(24) Live humongous region 364 object size 1048592 start 0x00000000f6c00000  with remset 0 code roots 0 is marked 0 reclaim candidate 0 type array 1
[2024-12-07T17:08:10.900+0800][2.919s][debug][gc,humongous      ] GC(24) Live humongous region 366 object size 1048592 start 0x00000000f6e00000  with remset 0 code roots 0 is marked 0 reclaim candidate 0 type array 1
[2024-12-07T17:08:10.900+0800][2.919s][debug][gc,humongous      ] GC(24) Live humongous region 368 object size 1048592 start 0x00000000f7000000  with remset 0 code roots 0 is marked 0 reclaim candidate 0 type array 1
[2024-12-07T17:08:10.900+0800][2.919s][debug][gc,humongous      ] GC(24) Live humongous region 370 object size 1048592 start 0x00000000f7200000  with remset 0 code roots 0 is marked 0 reclaim candidate 0 type array 1
[2024-12-07T17:08:10.900+0800][2.919s][debug][gc,humongous      ] GC(24) Live humongous region 372 object size 1048592 start 0x00000000f7400000  with remset 0 code roots 0 is marked 0 reclaim candidate 0 type array 1
[2024-12-07T17:08:10.900+0800][2.919s][debug][gc,humongous      ] GC(24) Live humongous region 374 object size 1048592 start 0x00000000f7600000  with remset 0 code roots 0 is marked 0 reclaim candidate 0 type array 1
[2024-12-07T17:08:10.900+0800][2.919s][debug][gc,humongous      ] GC(24) Live humongous region 376 object size 1048592 start 0x00000000f7800000  with remset 0 code roots 0 is marked 0 reclaim candidate 0 type array 1
[2024-12-07T17:08:10.900+0800][2.919s][debug][gc,humongous      ] GC(24) Live humongous region 378 object size 1048592 start 0x00000000f7a00000  with remset 0 code roots 0 is marked 0 reclaim candidate 0 type array 1
[2024-12-07T17:08:10.900+0800][2.919s][debug][gc,humongous      ] GC(24) Live humongous region 380 object size 1048592 start 0x00000000f7c00000  with remset 0 code roots 0 is marked 0 reclaim candidate 0 type array 1
[2024-12-07T17:08:10.900+0800][2.920s][debug][gc,humongous      ] GC(24) Live humongous region 382 object size 1048592 start 0x00000000f7e00000  with remset 0 code roots 0 is marked 0 reclaim candidate 0 type array 1
[2024-12-07T17:08:10.900+0800][2.920s][debug][gc,humongous      ] GC(24) Live humongous region 384 object size 1048592 start 0x00000000f8000000  with remset 0 code roots 0 is marked 0 reclaim candidate 0 type array 1
[2024-12-07T17:08:10.901+0800][2.920s][debug][gc,humongous      ] GC(24) Live humongous region 386 object size 1048592 start 0x00000000f8200000  with remset 0 code roots 0 is marked 0 reclaim candidate 0 type array 1
[2024-12-07T17:08:10.901+0800][2.920s][debug][gc,humongous      ] GC(24) Live humongous region 388 object size 1048592 start 0x00000000f8400000  with remset 0 code roots 0 is marked 0 reclaim candidate 0 type array 1
[2024-12-07T17:08:10.901+0800][2.920s][debug][gc,humongous      ] GC(24) Live humongous region 390 object size 1048592 start 0x00000000f8600000  with remset 0 code roots 0 is marked 0 reclaim candidate 0 type array 1
[2024-12-07T17:08:10.901+0800][2.920s][debug][gc,humongous      ] GC(24) Live humongous region 392 object size 1048592 start 0x00000000f8800000  with remset 0 code roots 0 is marked 0 reclaim candidate 0 type array 1
[2024-12-07T17:08:10.901+0800][2.920s][debug][gc,humongous      ] GC(24) Live humongous region 394 object size 1048592 start 0x00000000f8a00000  with remset 0 code roots 0 is marked 0 reclaim candidate 0 type array 1
[2024-12-07T17:08:10.901+0800][2.920s][debug][gc,humongous      ] GC(24) Live humongous region 396 object size 1048592 start 0x00000000f8c00000  with remset 0 code roots 0 is marked 0 reclaim candidate 0 type array 1
[2024-12-07T17:08:10.901+0800][2.920s][debug][gc,humongous      ] GC(24) Live humongous region 398 object size 1048592 start 0x00000000f8e00000  with remset 0 code roots 0 is marked 0 reclaim candidate 0 type array 1
[2024-12-07T17:08:10.901+0800][2.920s][debug][gc,humongous      ] GC(24) Live humongous region 400 object size 1048592 start 0x00000000f9000000  with remset 0 code roots 0 is marked 0 reclaim candidate 0 type array 1
[2024-12-07T17:08:10.901+0800][2.920s][debug][gc,humongous      ] GC(24) Live humongous region 402 object size 1048592 start 0x00000000f9200000  with remset 0 code roots 0 is marked 0 reclaim candidate 0 type array 1
[2024-12-07T17:08:10.901+0800][2.921s][debug][gc,humongous      ] GC(24) Live humongous region 404 object size 1048592 start 0x00000000f9400000  with remset 0 code roots 0 is marked 0 reclaim candidate 0 type array 1
[2024-12-07T17:08:10.901+0800][2.921s][debug][gc,humongous      ] GC(24) Live humongous region 406 object size 1048592 start 0x00000000f9600000  with remset 0 code roots 0 is marked 0 reclaim candidate 0 type array 1
[2024-12-07T17:08:10.902+0800][2.921s][debug][gc,humongous      ] GC(24) Live humongous region 408 object size 1048592 start 0x00000000f9800000  with remset 0 code roots 0 is marked 0 reclaim candidate 0 type array 1
[2024-12-07T17:08:10.902+0800][2.921s][debug][gc,humongous      ] GC(24) Live humongous region 410 object size 1048592 start 0x00000000f9a00000  with remset 0 code roots 0 is marked 0 reclaim candidate 0 type array 1
[2024-12-07T17:08:10.902+0800][2.921s][debug][gc,humongous      ] GC(24) Live humongous region 412 object size 1048592 start 0x00000000f9c00000  with remset 0 code roots 0 is marked 0 reclaim candidate 0 type array 1
[2024-12-07T17:08:10.902+0800][2.921s][debug][gc,humongous      ] GC(24) Live humongous region 414 object size 1048592 start 0x00000000f9e00000  with remset 0 code roots 0 is marked 0 reclaim candidate 0 type array 1
[2024-12-07T17:08:10.902+0800][2.921s][debug][gc,humongous      ] GC(24) Live humongous region 416 object size 1048592 start 0x00000000fa000000  with remset 0 code roots 0 is marked 0 reclaim candidate 0 type array 1
[2024-12-07T17:08:10.902+0800][2.921s][debug][gc,humongous      ] GC(24) Live humongous region 418 object size 1048592 start 0x00000000fa200000  with remset 0 code roots 0 is marked 0 reclaim candidate 0 type array 1
[2024-12-07T17:08:10.902+0800][2.921s][debug][gc,humongous      ] GC(24) Live humongous region 420 object size 1048592 start 0x00000000fa400000  with remset 0 code roots 0 is marked 0 reclaim candidate 0 type array 1
[2024-12-07T17:08:10.902+0800][2.921s][debug][gc,humongous      ] GC(24) Live humongous region 422 object size 1048592 start 0x00000000fa600000  with remset 0 code roots 0 is marked 0 reclaim candidate 0 type array 1
[2024-12-07T17:08:10.902+0800][2.921s][debug][gc,humongous      ] GC(24) Live humongous region 424 object size 1048592 start 0x00000000fa800000  with remset 0 code roots 0 is marked 0 reclaim candidate 0 type array 1
[2024-12-07T17:08:10.902+0800][2.921s][debug][gc,humongous      ] GC(24) Live humongous region 426 object size 1048592 start 0x00000000faa00000  with remset 0 code roots 0 is marked 0 reclaim candidate 0 type array 1
[2024-12-07T17:08:10.902+0800][2.922s][debug][gc,humongous      ] GC(24) Live humongous region 428 object size 1048592 start 0x00000000fac00000  with remset 0 code roots 0 is marked 0 reclaim candidate 0 type array 1
[2024-12-07T17:08:10.902+0800][2.922s][debug][gc,humongous      ] GC(24) Live humongous region 430 object size 1048592 start 0x00000000fae00000  with remset 0 code roots 0 is marked 0 reclaim candidate 0 type array 1
[2024-12-07T17:08:10.903+0800][2.922s][debug][gc,humongous      ] GC(24) Live humongous region 432 object size 1048592 start 0x00000000fb000000  with remset 0 code roots 0 is marked 0 reclaim candidate 0 type array 1
[2024-12-07T17:08:10.903+0800][2.922s][debug][gc,humongous      ] GC(24) Live humongous region 434 object size 1048592 start 0x00000000fb200000  with remset 0 code roots 0 is marked 0 reclaim candidate 0 type array 1
[2024-12-07T17:08:10.903+0800][2.922s][debug][gc,humongous      ] GC(24) Live humongous region 436 object size 1048592 start 0x00000000fb400000  with remset 0 code roots 0 is marked 0 reclaim candidate 0 type array 1
[2024-12-07T17:08:10.903+0800][2.922s][debug][gc,humongous      ] GC(24) Live humongous region 438 object size 1048592 start 0x00000000fb600000  with remset 0 code roots 0 is marked 0 reclaim candidate 0 type array 1
[2024-12-07T17:08:10.903+0800][2.922s][debug][gc,humongous      ] GC(24) Live humongous region 440 object size 1048592 start 0x00000000fb800000  with remset 0 code roots 0 is marked 0 reclaim candidate 0 type array 1
[2024-12-07T17:08:10.903+0800][2.922s][debug][gc,humongous      ] GC(24) Live humongous region 442 object size 1048592 start 0x00000000fba00000  with remset 0 code roots 0 is marked 0 reclaim candidate 0 type array 1
[2024-12-07T17:08:10.903+0800][2.922s][debug][gc,humongous      ] GC(24) Live humongous region 444 object size 1048592 start 0x00000000fbc00000  with remset 0 code roots 0 is marked 0 reclaim candidate 0 type array 1
[2024-12-07T17:08:10.903+0800][2.922s][debug][gc,humongous      ] GC(24) Live humongous region 446 object size 1048592 start 0x00000000fbe00000  with remset 0 code roots 0 is marked 0 reclaim candidate 0 type array 1
[2024-12-07T17:08:10.903+0800][2.922s][debug][gc,humongous      ] GC(24) Live humongous region 448 object size 1048592 start 0x00000000fc000000  with remset 0 code roots 0 is marked 0 reclaim candidate 0 type array 1
[2024-12-07T17:08:10.903+0800][2.922s][debug][gc,humongous      ] GC(24) Live humongous region 450 object size 1048592 start 0x00000000fc200000  with remset 0 code roots 0 is marked 0 reclaim candidate 0 type array 1
[2024-12-07T17:08:10.903+0800][2.923s][debug][gc,humongous      ] GC(24) Live humongous region 452 object size 1048592 start 0x00000000fc400000  with remset 0 code roots 0 is marked 0 reclaim candidate 0 type array 1
[2024-12-07T17:08:10.903+0800][2.923s][debug][gc,humongous      ] GC(24) Live humongous region 454 object size 1048592 start 0x00000000fc600000  with remset 0 code roots 0 is marked 0 reclaim candidate 0 type array 1
[2024-12-07T17:08:10.904+0800][2.923s][debug][gc,humongous      ] GC(24) Live humongous region 456 object size 1048592 start 0x00000000fc800000  with remset 0 code roots 0 is marked 0 reclaim candidate 0 type array 1
[2024-12-07T17:08:10.904+0800][2.923s][debug][gc,humongous      ] GC(24) Live humongous region 458 object size 1048592 start 0x00000000fca00000  with remset 0 code roots 0 is marked 0 reclaim candidate 0 type array 1
[2024-12-07T17:08:10.904+0800][2.923s][debug][gc,plab           ] GC(24) Young PLAB allocation: allocated: 398320B, wasted: 2208B, unused: 26680B, used: 369432B, undo waste: 0B, 
[2024-12-07T17:08:10.904+0800][2.923s][debug][gc,plab           ] GC(24) Young other allocation: region end waste: 0B, regions filled: 1, direct allocated: 68704B, failure used: 0B, failure wasted: 0B
[2024-12-07T17:08:10.904+0800][2.923s][debug][gc,plab           ] GC(24) Young sizing: calculated: 73880B, actual: 73792B
[2024-12-07T17:08:10.904+0800][2.923s][debug][gc,plab           ] GC(24) Old PLAB allocation: allocated: 0B, wasted: 0B, unused: 0B, used: 0B, undo waste: 0B, 
[2024-12-07T17:08:10.904+0800][2.923s][debug][gc,plab           ] GC(24) Old other allocation: region end waste: 0B, regions filled: 0, direct allocated: 0B, failure used: 0B, failure wasted: 0B
[2024-12-07T17:08:10.904+0800][2.923s][debug][gc,plab           ] GC(24) Old sizing: calculated: 0B, actual: 2064B
[2024-12-07T17:08:10.904+0800][2.923s][debug][gc,alloc,stats    ] Old generation allocation in the last mutator period, old gen allocated: 0B, humongous allocated: 20971520B,old gen growth: 20971520B.
[2024-12-07T17:08:10.904+0800][2.923s][debug][gc,ihop           ] GC(24) Basic information (value update), threshold: 238288896B (45.00), target occupancy: 529530880B, current occupancy: 483549264B, recent allocation size: 20971520B, recent allocation duration: 107.20ms, recent old gen allocation rate: 195635467.97B/s, recent marking phase length: 0.00ms
[2024-12-07T17:08:10.904+0800][2.924s][debug][gc,ihop           ] GC(24) Adaptive IHOP information (value update), threshold: 238288896B (52.22), internal target occupancy: 456340275B, occupancy: 483549264B, additional buffer size: 26214400B, predicted old gen allocation rate: 201791697.23B/s, predicted marking phase length: 0.00ms, prediction active: false
[2024-12-07T17:08:10.904+0800][2.924s][debug][gc,ergo,refine    ] GC(24) Updated Refinement Zones: green: 18, yellow: 54, red: 90
[2024-12-07T17:08:10.905+0800][2.924s][info ][gc,phases         ] GC(24)   Pre Evacuate Collection Set: 0.5ms
[2024-12-07T17:08:10.905+0800][2.924s][debug][gc,phases         ] GC(24)     Prepare TLABs: 0.2ms
[2024-12-07T17:08:10.905+0800][2.924s][debug][gc,phases         ] GC(24)     Choose Collection Set: 0.5ms
[2024-12-07T17:08:10.905+0800][2.924s][debug][gc,phases         ] GC(24)     Humongous Register: 0.0ms
[2024-12-07T17:08:10.905+0800][2.924s][debug][gc,phases         ] GC(24)     Clear Claimed Marks: 0.0ms
[2024-12-07T17:08:10.905+0800][2.924s][info ][gc,phases         ] GC(24)   Evacuate Collection Set: 9.0ms
[2024-12-07T17:08:10.905+0800][2.924s][debug][gc,phases         ] GC(24)     Ext Root Scanning (ms):   Min:  0.0, Avg:  0.8, Max:  2.1, Diff:  2.0, Sum:  9.1, Workers: 12
[2024-12-07T17:08:10.905+0800][2.924s][debug][gc,phases         ] GC(24)     Update RS (ms):           Min:  0.0, Avg:  0.3, Max:  1.0, Diff:  1.0, Sum:  3.6, Workers: 12
[2024-12-07T17:08:10.905+0800][2.924s][debug][gc,phases         ] GC(24)       Processed Buffers:        Min: 0, Avg:  0.7, Max: 2, Diff: 2, Sum: 8, Workers: 12
[2024-12-07T17:08:10.905+0800][2.925s][debug][gc,phases         ] GC(24)       Scanned Cards:            Min: 0, Avg: 18.5, Max: 72, Diff: 72, Sum: 222, Workers: 12
[2024-12-07T17:08:10.905+0800][2.925s][debug][gc,phases         ] GC(24)       Skipped Cards:            Min: 0, Avg:  8.3, Max: 71, Diff: 71, Sum: 100, Workers: 12
[2024-12-07T17:08:10.906+0800][2.925s][debug][gc,phases         ] GC(24)     Scan RS (ms):             Min:  0.0, Avg:  0.2, Max:  0.9, Diff:  0.9, Sum:  2.3, Workers: 12
[2024-12-07T17:08:10.906+0800][2.925s][debug][gc,phases         ] GC(24)       Scanned Cards:            Min: 0, Avg: 13.5, Max: 63, Diff: 63, Sum: 162, Workers: 12
[2024-12-07T17:08:10.906+0800][2.925s][debug][gc,phases         ] GC(24)       Claimed Cards:            Min: 0, Avg: 18.5, Max: 94, Diff: 94, Sum: 222, Workers: 12
[2024-12-07T17:08:10.906+0800][2.925s][debug][gc,phases         ] GC(24)       Skipped Cards:            Min: 0, Avg: 55.5, Max: 222, Diff: 222, Sum: 666, Workers: 12
[2024-12-07T17:08:10.906+0800][2.925s][debug][gc,phases         ] GC(24)     Code Root Scanning (ms):  Min:  0.0, Avg:  0.0, Max:  0.1, Diff:  0.1, Sum:  0.1, Workers: 12
[2024-12-07T17:08:10.906+0800][2.925s][debug][gc,phases         ] GC(24)     AOT Root Scanning (ms):   skipped
[2024-12-07T17:08:10.906+0800][2.926s][debug][gc,phases         ] GC(24)     Object Copy (ms):         Min:  0.0, Avg:  0.1, Max:  0.3, Diff:  0.3, Sum:  1.2, Workers: 12
[2024-12-07T17:08:10.906+0800][2.926s][debug][gc,phases         ] GC(24)     Termination (ms):         Min:  0.0, Avg:  1.1, Max:  1.7, Diff:  1.7, Sum: 13.1, Workers: 12
[2024-12-07T17:08:10.907+0800][2.926s][debug][gc,phases         ] GC(24)       Termination Attempts:     Min: 1, Avg:  7.4, Max: 35, Diff: 34, Sum: 89, Workers: 12
[2024-12-07T17:08:10.907+0800][2.926s][debug][gc,phases         ] GC(24)     GC Worker Other (ms):     Min:  0.7, Avg:  2.9, Max:  4.5, Diff:  3.8, Sum: 34.3, Workers: 12
[2024-12-07T17:08:10.907+0800][2.926s][debug][gc,phases         ] GC(24)     GC Worker Total (ms):     Min:  2.8, Avg:  5.3, Max:  6.8, Diff:  4.0, Sum: 63.7, Workers: 12
[2024-12-07T17:08:10.907+0800][2.926s][info ][gc,phases         ] GC(24)   Post Evacuate Collection Set: 22.9ms
[2024-12-07T17:08:10.907+0800][2.926s][debug][gc,phases         ] GC(24)     Code Roots Fixup: 0.0ms
[2024-12-07T17:08:10.907+0800][2.926s][debug][gc,phases         ] GC(24)     Clear Card Table: 0.2ms
[2024-12-07T17:08:10.907+0800][2.926s][debug][gc,phases         ] GC(24)     Reference Processing: 0.3ms
[2024-12-07T17:08:10.907+0800][2.926s][debug][gc,phases,ref     ] GC(24)       Reconsider SoftReferences: 0.1ms
[2024-12-07T17:08:10.907+0800][2.927s][debug][gc,phases,ref     ] GC(24)         SoftRef (ms):             skipped
[2024-12-07T17:08:10.907+0800][2.927s][debug][gc,phases,ref     ] GC(24)       Notify Soft/WeakReferences: 0.0ms
[2024-12-07T17:08:10.908+0800][2.927s][debug][gc,phases,ref     ] GC(24)         SoftRef (ms):             Min:  0.0, Avg:  0.0, Max:  0.0, Diff:  0.0, Sum:  0.0, Workers: 1
[2024-12-07T17:08:10.908+0800][2.927s][debug][gc,phases,ref     ] GC(24)         WeakRef (ms):             Min:  0.0, Avg:  0.0, Max:  0.0, Diff:  0.0, Sum:  0.0, Workers: 1
[2024-12-07T17:08:10.908+0800][2.927s][debug][gc,phases,ref     ] GC(24)         FinalRef (ms):            Min:  0.0, Avg:  0.0, Max:  0.0, Diff:  0.0, Sum:  0.0, Workers: 1
[2024-12-07T17:08:10.908+0800][2.927s][debug][gc,phases,ref     ] GC(24)         Total (ms):               Min:  0.0, Avg:  0.0, Max:  0.0, Diff:  0.0, Sum:  0.0, Workers: 1
[2024-12-07T17:08:10.908+0800][2.927s][debug][gc,phases,ref     ] GC(24)       Notify and keep alive finalizable: 0.1ms
[2024-12-07T17:08:10.908+0800][2.927s][debug][gc,phases,ref     ] GC(24)         FinalRef (ms):            skipped
[2024-12-07T17:08:10.908+0800][2.927s][debug][gc,phases,ref     ] GC(24)       Notify PhantomReferences: 0.0ms
[2024-12-07T17:08:10.908+0800][2.927s][debug][gc,phases,ref     ] GC(24)         PhantomRef (ms):          Min:  0.0, Avg:  0.0, Max:  0.0, Diff:  0.0, Sum:  0.0, Workers: 1
[2024-12-07T17:08:10.908+0800][2.927s][debug][gc,phases,ref     ] GC(24)       SoftReference:
[2024-12-07T17:08:10.908+0800][2.927s][debug][gc,phases,ref     ] GC(24)         Discovered: 0
[2024-12-07T17:08:10.908+0800][2.928s][debug][gc,phases,ref     ] GC(24)         Cleared: 0
[2024-12-07T17:08:10.908+0800][2.928s][debug][gc,phases,ref     ] GC(24)       WeakReference:
[2024-12-07T17:08:10.909+0800][2.928s][debug][gc,phases,ref     ] GC(24)         Discovered: 10
[2024-12-07T17:08:10.909+0800][2.928s][debug][gc,phases,ref     ] GC(24)         Cleared: 10
[2024-12-07T17:08:10.909+0800][2.928s][debug][gc,phases,ref     ] GC(24)       FinalReference:
[2024-12-07T17:08:10.909+0800][2.928s][debug][gc,phases,ref     ] GC(24)         Discovered: 0
[2024-12-07T17:08:10.909+0800][2.928s][debug][gc,phases,ref     ] GC(24)         Cleared: 0
[2024-12-07T17:08:10.909+0800][2.928s][debug][gc,phases,ref     ] GC(24)       PhantomReference:
[2024-12-07T17:08:10.909+0800][2.928s][debug][gc,phases,ref     ] GC(24)         Discovered: 4
[2024-12-07T17:08:10.909+0800][2.928s][debug][gc,phases,ref     ] GC(24)         Cleared: 4
[2024-12-07T17:08:10.909+0800][2.929s][debug][gc,phases         ] GC(24)     Weak Processing: 0.0ms
[2024-12-07T17:08:10.909+0800][2.929s][debug][gc,phases         ] GC(24)     Merge Per-Thread State: 0.0ms
[2024-12-07T17:08:10.910+0800][2.929s][debug][gc,phases         ] GC(24)     Code Roots Purge: 0.0ms
[2024-12-07T17:08:10.910+0800][2.929s][debug][gc,phases         ] GC(24)     Redirty Cards: 0.1ms
[2024-12-07T17:08:10.910+0800][2.929s][debug][gc,phases         ] GC(24)     DerivedPointerTable Update: 0.0ms
[2024-12-07T17:08:10.910+0800][2.929s][debug][gc,phases         ] GC(24)     Free Collection Set: 0.2ms
[2024-12-07T17:08:10.910+0800][2.929s][debug][gc,phases         ] GC(24)     Humongous Reclaim: 22.1ms
[2024-12-07T17:08:10.910+0800][2.929s][debug][gc,phases         ] GC(24)     Start New Collection Set: 0.0ms
[2024-12-07T17:08:10.910+0800][2.929s][debug][gc,phases         ] GC(24)     Resize TLABs: 0.0ms
[2024-12-07T17:08:10.910+0800][2.929s][debug][gc,phases         ] GC(24)     Expand Heap After Collection: 0.0ms
[2024-12-07T17:08:10.910+0800][2.929s][info ][gc,phases         ] GC(24)   Other: 3.8ms
[2024-12-07T17:08:10.910+0800][2.930s][info ][gc,heap           ] GC(24) Eden regions: 1->0(24)
[2024-12-07T17:08:10.910+0800][2.930s][info ][gc,heap           ] GC(24) Survivor regions: 1->1(4)
[2024-12-07T17:08:10.911+0800][2.930s][info ][gc,heap           ] GC(24) Old regions: 2->2
[2024-12-07T17:08:10.911+0800][2.930s][info ][gc,heap           ] GC(24) Humongous regions: 460->460
[2024-12-07T17:08:10.911+0800][2.930s][info ][gc,metaspace      ] GC(24) Metaspace: 558K(4864K)->558K(4864K) NonClass: 512K(4352K)->512K(4352K) Class: 46K(512K)->46K(512K)
[2024-12-07T17:08:10.911+0800][2.930s][debug][gc,heap           ] GC(24) Heap after GC invocations=25 (full 0): garbage-first heap   total 517120K, used 472216K [0x00000000e0000000, 0x0000000100000000)
[2024-12-07T17:08:10.911+0800][2.930s][debug][gc,heap           ] GC(24)   region size 1024K, 1 young (1024K), 1 survivors (1024K)
[2024-12-07T17:08:10.911+0800][2.930s][debug][gc,heap           ] GC(24)  Metaspace       used 558K, capacity 4570K, committed 4864K, reserved 1056768K
[2024-12-07T17:08:10.911+0800][2.930s][debug][gc,heap           ] GC(24)   class space    used 46K, capacity 419K, committed 512K, reserved 1048576K
[2024-12-07T17:08:10.911+0800][2.930s][info ][gc                ] GC(24) Pause Young (Concurrent Start) (G1 Humongous Allocation) 461M->461M(505M) 41.652ms
[2024-12-07T17:08:10.911+0800][2.930s][info ][gc,cpu            ] GC(24) User=0.03s Sys=0.00s Real=0.04s
[2024-12-07T17:08:10.911+0800][2.931s][info ][gc                ] GC(25) Concurrent Cycle
[2024-12-07T17:08:10.911+0800][2.931s][info ][gc,marking        ] GC(25) Concurrent Clear Claimed Marks
[2024-12-07T17:08:10.912+0800][2.931s][info ][gc,marking        ] GC(25) Concurrent Clear Claimed Marks 0.092ms
[2024-12-07T17:08:10.912+0800][2.931s][info ][gc,marking        ] GC(25) Concurrent Scan Root Regions
[2024-12-07T17:08:10.912+0800][2.931s][debug][gc,ergo           ] GC(25) Running G1 Root Region Scan using 1 workers for 1 work units.
[2024-12-07T17:08:10.912+0800][2.931s][info ][gc,marking        ] GC(25) Concurrent Scan Root Regions 0.488ms
[2024-12-07T17:08:10.912+0800][2.931s][info ][gc,marking        ] GC(25) Concurrent Mark (2.931s)
[2024-12-07T17:08:10.912+0800][2.931s][info ][gc,marking        ] GC(25) Concurrent Mark From Roots
[2024-12-07T17:08:10.912+0800][2.932s][info ][gc,task           ] GC(25) Using 5 workers of 5 for marking
[2024-12-07T17:08:10.913+0800][2.932s][debug][gc,stats          ] ---------------------------------------------------------------------
[2024-12-07T17:08:10.913+0800][2.932s][debug][gc,stats          ] Marking Stats, task = 0, calls = 54
[2024-12-07T17:08:10.913+0800][2.932s][debug][gc,stats          ]   Elapsed time = 0.47ms, Termination time = 0.00ms
[2024-12-07T17:08:10.913+0800][2.932s][debug][gc,stats          ]   Step Times (cum): num = 1232, avg = 0.01ms, sd = 0.14ms max = 3.57ms, total = 10.87ms
[2024-12-07T17:08:10.913+0800][2.933s][debug][gc,stats          ]   Mark Stats Cache: hits 3180 misses 231 ratio 93.228
[2024-12-07T17:08:10.913+0800][2.933s][debug][gc,stats          ] ---------------------------------------------------------------------
[2024-12-07T17:08:10.914+0800][2.933s][debug][gc,stats          ] Marking Stats, task = 1, calls = 1
[2024-12-07T17:08:10.914+0800][2.933s][debug][gc,stats          ]   Elapsed time = 0.45ms, Termination time = 0.00ms
[2024-12-07T17:08:10.914+0800][2.933s][debug][gc,stats          ]   Step Times (cum): num = 297, avg = 0.04ms, sd = 0.29ms max = 3.56ms, total = 10.71ms
[2024-12-07T17:08:10.914+0800][2.933s][debug][gc,stats          ]   Mark Stats Cache: hits 4216 misses 2 ratio 99.953
[2024-12-07T17:08:10.914+0800][2.933s][debug][gc,stats          ] ---------------------------------------------------------------------
[2024-12-07T17:08:10.914+0800][2.933s][debug][gc,stats          ] Marking Stats, task = 2, calls = 44
[2024-12-07T17:08:10.914+0800][2.933s][debug][gc,stats          ]   Elapsed time = 0.45ms, Termination time = 0.00ms
[2024-12-07T17:08:10.914+0800][2.933s][debug][gc,stats          ]   Step Times (cum): num = 432, avg = 0.02ms, sd = 0.23ms max = 3.57ms, total = 10.27ms
[2024-12-07T17:08:10.914+0800][2.933s][debug][gc,stats          ]   Mark Stats Cache: hits 605 misses 2 ratio 99.671
[2024-12-07T17:08:10.914+0800][2.933s][debug][gc,stats          ] ---------------------------------------------------------------------
[2024-12-07T17:08:10.914+0800][2.934s][debug][gc,stats          ] Marking Stats, task = 3, calls = 46
[2024-12-07T17:08:10.914+0800][2.934s][debug][gc,stats          ]   Elapsed time = 0.43ms, Termination time = 0.00ms
[2024-12-07T17:08:10.915+0800][2.934s][debug][gc,stats          ]   Step Times (cum): num = 354, avg = 0.03ms, sd = 0.27ms max = 3.57ms, total = 10.69ms
[2024-12-07T17:08:10.915+0800][2.934s][debug][gc,stats          ]   Mark Stats Cache: hits 617 misses 1 ratio 99.838
[2024-12-07T17:08:10.915+0800][2.934s][debug][gc,stats          ] ---------------------------------------------------------------------
[2024-12-07T17:08:10.915+0800][2.934s][debug][gc,stats          ] Marking Stats, task = 4, calls = 38
[2024-12-07T17:08:10.915+0800][2.934s][debug][gc,stats          ]   Elapsed time = 0.43ms, Termination time = 0.00ms
[2024-12-07T17:08:10.915+0800][2.934s][debug][gc,stats          ]   Step Times (cum): num = 383, avg = 0.03ms, sd = 0.25ms max = 3.57ms, total = 10.33ms
[2024-12-07T17:08:10.915+0800][2.934s][debug][gc,stats          ]   Mark Stats Cache: hits 1868 misses 1 ratio 99.946
[2024-12-07T17:08:10.915+0800][2.934s][debug][gc,stats          ] ---------------------------------------------------------------------
[2024-12-07T17:08:10.915+0800][2.934s][info ][gc,marking        ] GC(25) Concurrent Mark From Roots 2.972ms
[2024-12-07T17:08:10.915+0800][2.935s][info ][gc,marking        ] GC(25) Concurrent Preclean
[2024-12-07T17:08:10.915+0800][2.935s][debug][gc,ref,start      ] GC(25) Preclean SoftReferences
[2024-12-07T17:08:10.916+0800][2.935s][debug][gc,ref            ] GC(25) Preclean SoftReferences 0.094ms
[2024-12-07T17:08:10.916+0800][2.935s][debug][gc,ref,start      ] GC(25) Preclean WeakReferences
[2024-12-07T17:08:10.916+0800][2.935s][debug][gc,ref            ] GC(25) Preclean WeakReferences 0.092ms
[2024-12-07T17:08:10.916+0800][2.935s][debug][gc,ref,start      ] GC(25) Preclean FinalReferences
[2024-12-07T17:08:10.916+0800][2.935s][debug][gc,ref            ] GC(25) Preclean FinalReferences 0.092ms
[2024-12-07T17:08:10.916+0800][2.935s][debug][gc,ref,start      ] GC(25) Preclean PhantomReferences
[2024-12-07T17:08:10.916+0800][2.935s][debug][gc,ref            ] GC(25) Preclean PhantomReferences 0.104ms
[2024-12-07T17:08:10.916+0800][2.935s][info ][gc,marking        ] GC(25) Concurrent Preclean 0.824ms
[2024-12-07T17:08:10.916+0800][2.935s][info ][gc,marking        ] GC(25) Concurrent Mark (2.931s, 2.935s) 4.054ms
[2024-12-07T17:08:10.916+0800][2.936s][info ][gc,start          ] GC(25) Pause Remark
[2024-12-07T17:08:10.917+0800][2.936s][debug][gc,phases,start   ] GC(25) Finalize Marking
[2024-12-07T17:08:10.920+0800][2.939s][debug][gc,stats          ] ---------------------------------------------------------------------
[2024-12-07T17:08:10.920+0800][2.939s][debug][gc,stats          ] Marking Stats, task = 0, calls = 127
[2024-12-07T17:08:10.920+0800][2.939s][debug][gc,stats          ]   Elapsed time = 3.00ms, Termination time = 1.94ms
[2024-12-07T17:08:10.920+0800][2.939s][debug][gc,stats          ]   Step Times (cum): num = 1305, avg = 0.01ms, sd = 0.15ms max = 3.57ms, total = 12.81ms
[2024-12-07T17:08:10.920+0800][2.940s][debug][gc,stats          ]   Mark Stats Cache: hits 3180 misses 231 ratio 93.228
[2024-12-07T17:08:10.921+0800][2.940s][debug][gc,stats          ] ---------------------------------------------------------------------
[2024-12-07T17:08:10.921+0800][2.940s][debug][gc,stats          ] Marking Stats, task = 1, calls = 2
[2024-12-07T17:08:10.921+0800][2.940s][debug][gc,stats          ]   Elapsed time = 3.00ms, Termination time = 1.95ms
[2024-12-07T17:08:10.921+0800][2.940s][debug][gc,stats          ]   Step Times (cum): num = 298, avg = 0.04ms, sd = 0.31ms max = 3.56ms, total = 12.66ms
[2024-12-07T17:08:10.921+0800][2.941s][debug][gc,stats          ]   Mark Stats Cache: hits 4216 misses 2 ratio 99.953
[2024-12-07T17:08:10.922+0800][2.941s][debug][gc,stats          ] ---------------------------------------------------------------------
[2024-12-07T17:08:10.922+0800][2.941s][debug][gc,stats          ] Marking Stats, task = 2, calls = 45
[2024-12-07T17:08:10.922+0800][2.941s][debug][gc,stats          ]   Elapsed time = 3.00ms, Termination time = 1.95ms
[2024-12-07T17:08:10.922+0800][2.941s][debug][gc,stats          ]   Step Times (cum): num = 433, avg = 0.03ms, sd = 0.25ms max = 3.57ms, total = 12.22ms
[2024-12-07T17:08:10.922+0800][2.941s][debug][gc,stats          ]   Mark Stats Cache: hits 605 misses 2 ratio 99.671
[2024-12-07T17:08:10.922+0800][2.941s][debug][gc,stats          ] ---------------------------------------------------------------------
[2024-12-07T17:08:10.922+0800][2.941s][debug][gc,stats          ] Marking Stats, task = 3, calls = 47
[2024-12-07T17:08:10.922+0800][2.941s][debug][gc,stats          ]   Elapsed time = 2.70ms, Termination time = 1.95ms
[2024-12-07T17:08:10.922+0800][2.941s][debug][gc,stats          ]   Step Times (cum): num = 355, avg = 0.04ms, sd = 0.28ms max = 3.57ms, total = 12.65ms
[2024-12-07T17:08:10.922+0800][2.942s][debug][gc,stats          ]   Mark Stats Cache: hits 617 misses 1 ratio 99.838
[2024-12-07T17:08:10.922+0800][2.942s][debug][gc,stats          ] ---------------------------------------------------------------------
[2024-12-07T17:08:10.923+0800][2.942s][debug][gc,stats          ] Marking Stats, task = 4, calls = 39
[2024-12-07T17:08:10.923+0800][2.942s][debug][gc,stats          ]   Elapsed time = 2.71ms, Termination time = 1.96ms
[2024-12-07T17:08:10.923+0800][2.942s][debug][gc,stats          ]   Step Times (cum): num = 384, avg = 0.03ms, sd = 0.27ms max = 3.57ms, total = 12.30ms
[2024-12-07T17:08:10.923+0800][2.942s][debug][gc,stats          ]   Mark Stats Cache: hits 1868 misses 1 ratio 99.946
[2024-12-07T17:08:10.923+0800][2.942s][debug][gc,stats          ] ---------------------------------------------------------------------
[2024-12-07T17:08:10.923+0800][2.942s][debug][gc,stats          ] Marking Stats, task = 5, calls = 1
[2024-12-07T17:08:10.923+0800][2.943s][debug][gc,stats          ]   Elapsed time = 2.70ms, Termination time = 1.97ms
[2024-12-07T17:08:10.924+0800][2.943s][debug][gc,stats          ]   Step Times (cum): num = 13, avg = 0.92ms, sd = 1.14ms max = 3.61ms, total = 11.91ms
[2024-12-07T17:08:10.924+0800][2.943s][debug][gc,stats          ]   Mark Stats Cache: hits 0 misses 0 ratio 0.000
[2024-12-07T17:08:10.924+0800][2.943s][debug][gc,stats          ] ---------------------------------------------------------------------
[2024-12-07T17:08:10.924+0800][2.944s][debug][gc,stats          ] Marking Stats, task = 6, calls = 1
[2024-12-07T17:08:10.925+0800][2.944s][debug][gc,stats          ]   Elapsed time = 2.72ms, Termination time = 1.99ms
[2024-12-07T17:08:10.925+0800][2.944s][debug][gc,stats          ]   Step Times (cum): num = 13, avg = 0.95ms, sd = 1.15ms max = 3.57ms, total = 12.36ms
[2024-12-07T17:08:10.926+0800][2.945s][debug][gc,stats          ]   Mark Stats Cache: hits 0 misses 0 ratio 0.000
[2024-12-07T17:08:10.926+0800][2.945s][debug][gc,stats          ] ---------------------------------------------------------------------
[2024-12-07T17:08:10.926+0800][2.945s][debug][gc,stats          ] Marking Stats, task = 7, calls = 1
[2024-12-07T17:08:10.927+0800][2.946s][debug][gc,stats          ]   Elapsed time = 2.70ms, Termination time = 2.29ms
[2024-12-07T17:08:10.927+0800][2.946s][debug][gc,stats          ]   Step Times (cum): num = 13, avg = 0.95ms, sd = 1.18ms max = 3.61ms, total = 12.33ms
[2024-12-07T17:08:10.927+0800][2.946s][debug][gc,stats          ]   Mark Stats Cache: hits 0 misses 0 ratio 0.000
[2024-12-07T17:08:10.927+0800][2.946s][debug][gc,stats          ] ---------------------------------------------------------------------
[2024-12-07T17:08:10.927+0800][2.947s][debug][gc,stats          ] Marking Stats, task = 8, calls = 1
[2024-12-07T17:08:10.928+0800][2.947s][debug][gc,stats          ]   Elapsed time = 2.75ms, Termination time = 2.19ms
[2024-12-07T17:08:10.928+0800][2.947s][debug][gc,stats          ]   Step Times (cum): num = 13, avg = 0.97ms, sd = 1.16ms max = 3.61ms, total = 12.59ms
[2024-12-07T17:08:10.928+0800][2.947s][debug][gc,stats          ]   Mark Stats Cache: hits 0 misses 0 ratio 0.000
[2024-12-07T17:08:10.928+0800][2.947s][debug][gc,stats          ] ---------------------------------------------------------------------
[2024-12-07T17:08:10.928+0800][2.948s][debug][gc,stats          ] Marking Stats, task = 9, calls = 1
[2024-12-07T17:08:10.929+0800][2.948s][debug][gc,stats          ]   Elapsed time = 2.76ms, Termination time = 2.02ms
[2024-12-07T17:08:10.929+0800][2.948s][debug][gc,stats          ]   Step Times (cum): num = 13, avg = 0.96ms, sd = 1.17ms max = 3.64ms, total = 12.44ms
[2024-12-07T17:08:10.929+0800][2.948s][debug][gc,stats          ]   Mark Stats Cache: hits 0 misses 0 ratio 0.000
[2024-12-07T17:08:10.929+0800][2.949s][debug][gc,stats          ] ---------------------------------------------------------------------
[2024-12-07T17:08:10.930+0800][2.949s][debug][gc,stats          ] Marking Stats, task = 10, calls = 1
[2024-12-07T17:08:10.930+0800][2.949s][debug][gc,stats          ]   Elapsed time = 2.65ms, Termination time = 2.24ms
[2024-12-07T17:08:10.930+0800][2.949s][debug][gc,stats          ]   Step Times (cum): num = 13, avg = 0.39ms, sd = 0.68ms max = 2.24ms, total = 5.10ms
[2024-12-07T17:08:10.930+0800][2.949s][debug][gc,stats          ]   Mark Stats Cache: hits 0 misses 0 ratio 0.000
[2024-12-07T17:08:10.931+0800][2.950s][debug][gc,stats          ] ---------------------------------------------------------------------
[2024-12-07T17:08:10.931+0800][2.950s][debug][gc,stats          ] Marking Stats, task = 11, calls = 1
[2024-12-07T17:08:10.931+0800][2.950s][debug][gc,stats          ]   Elapsed time = 0.01ms, Termination time = 0.00ms
[2024-12-07T17:08:10.931+0800][2.950s][debug][gc,stats          ]   Step Times (cum): num = 13, avg = 0.00ms, sd = 0.00ms max = 0.00ms, total = 0.00ms
[2024-12-07T17:08:10.931+0800][2.951s][debug][gc,stats          ]   Mark Stats Cache: hits 0 misses 0 ratio 0.000
[2024-12-07T17:08:10.932+0800][2.951s][debug][gc,stats          ] ---------------------------------------------------------------------
[2024-12-07T17:08:10.932+0800][2.951s][debug][gc,phases         ] GC(25) Finalize Marking 15.310ms
[2024-12-07T17:08:10.932+0800][2.951s][debug][gc,phases,start   ] GC(25) Reference Processing
[2024-12-07T17:08:10.932+0800][2.952s][debug][gc,ref            ] GC(25) Skipped phase1 of Reference Processing due to unavailable references
[2024-12-07T17:08:10.933+0800][2.952s][debug][gc,ref            ] GC(25) Skipped phase2 of Reference Processing due to unavailable references
[2024-12-07T17:08:10.933+0800][2.952s][debug][gc,ref            ] GC(25) Skipped phase3 of Reference Processing due to unavailable references
[2024-12-07T17:08:10.933+0800][2.952s][debug][gc,ref            ] GC(25) Skipped phase4 of Reference Processing due to unavailable references
[2024-12-07T17:08:10.933+0800][2.952s][debug][gc,phases,ref     ] GC(25) Reference Processing: 0.9ms
[2024-12-07T17:08:10.933+0800][2.953s][debug][gc,phases,ref     ] GC(25)   Reconsider SoftReferences: 0.2ms
[2024-12-07T17:08:10.934+0800][2.953s][debug][gc,phases,ref     ] GC(25)     SoftRef (ms):             skipped
[2024-12-07T17:08:10.934+0800][2.953s][debug][gc,phases,ref     ] GC(25)   Notify Soft/WeakReferences: 0.2ms
[2024-12-07T17:08:10.934+0800][2.953s][debug][gc,phases,ref     ] GC(25)     SoftRef (ms):             skipped
[2024-12-07T17:08:10.934+0800][2.953s][debug][gc,phases,ref     ] GC(25)     WeakRef (ms):             skipped
[2024-12-07T17:08:10.934+0800][2.954s][debug][gc,phases,ref     ] GC(25)     FinalRef (ms):            skipped
[2024-12-07T17:08:10.934+0800][2.954s][debug][gc,phases,ref     ] GC(25)     Total (ms):               skipped
[2024-12-07T17:08:10.935+0800][2.954s][debug][gc,phases,ref     ] GC(25)   Notify and keep alive finalizable: 0.2ms
[2024-12-07T17:08:10.935+0800][2.954s][debug][gc,phases,ref     ] GC(25)     FinalRef (ms):            skipped
[2024-12-07T17:08:10.935+0800][2.954s][debug][gc,phases,ref     ] GC(25)   Notify PhantomReferences: 0.3ms
[2024-12-07T17:08:10.935+0800][2.954s][debug][gc,phases,ref     ] GC(25)     PhantomRef (ms):          skipped
[2024-12-07T17:08:10.935+0800][2.954s][debug][gc,phases,ref     ] GC(25)   SoftReference:
[2024-12-07T17:08:10.936+0800][2.955s][debug][gc,phases,ref     ] GC(25)     Discovered: 0
[2024-12-07T17:08:10.936+0800][2.955s][debug][gc,phases,ref     ] GC(25)     Cleared: 0
[2024-12-07T17:08:10.936+0800][2.955s][debug][gc,phases,ref     ] GC(25)   WeakReference:
[2024-12-07T17:08:10.936+0800][2.955s][debug][gc,phases,ref     ] GC(25)     Discovered: 0
[2024-12-07T17:08:10.936+0800][2.955s][debug][gc,phases,ref     ] GC(25)     Cleared: 0
[2024-12-07T17:08:10.936+0800][2.956s][debug][gc,phases,ref     ] GC(25)   FinalReference:
[2024-12-07T17:08:10.937+0800][2.956s][debug][gc,phases,ref     ] GC(25)     Discovered: 0
[2024-12-07T17:08:10.937+0800][2.956s][debug][gc,phases,ref     ] GC(25)     Cleared: 0
[2024-12-07T17:08:10.937+0800][2.956s][debug][gc,phases,ref     ] GC(25)   PhantomReference:
[2024-12-07T17:08:10.937+0800][2.956s][debug][gc,phases,ref     ] GC(25)     Discovered: 0
[2024-12-07T17:08:10.937+0800][2.957s][debug][gc,phases,ref     ] GC(25)     Cleared: 0
[2024-12-07T17:08:10.938+0800][2.957s][debug][gc,phases         ] GC(25) Reference Processing 5.500ms
[2024-12-07T17:08:10.938+0800][2.957s][debug][gc,phases,start   ] GC(25) Weak Processing
[2024-12-07T17:08:10.938+0800][2.957s][debug][gc,phases         ] GC(25) Weak Processing 0.173ms
[2024-12-07T17:08:10.938+0800][2.957s][debug][gc,phases,start   ] GC(25) Class Unloading
[2024-12-07T17:08:10.938+0800][2.957s][debug][gc,phases,start   ] GC(25) ClassLoaderData
[2024-12-07T17:08:10.938+0800][2.958s][debug][gc,phases         ] GC(25) ClassLoaderData 0.172ms
[2024-12-07T17:08:10.939+0800][2.958s][debug][gc,phases,start   ] GC(25) ProtectionDomainCacheTable
[2024-12-07T17:08:10.939+0800][2.958s][debug][gc,phases         ] GC(25) ProtectionDomainCacheTable 0.170ms
[2024-12-07T17:08:10.939+0800][2.958s][info ][gc,stringtable    ] GC(25) Cleaned string and symbol table, strings: 39 processed, 0 removed, symbols: 191 processed, 0 removed
[2024-12-07T17:08:10.939+0800][2.959s][debug][gc,phases         ] GC(25) Class Unloading 1.265ms
[2024-12-07T17:08:10.940+0800][2.959s][debug][gc,phases,start   ] GC(25) Flush Task Caches
[2024-12-07T17:08:10.940+0800][2.959s][debug][gc,stats          ] Mark stats cache hits 10486 misses 237 ratio 97.790
[2024-12-07T17:08:10.940+0800][2.959s][debug][gc,phases         ] GC(25) Flush Task Caches 0.221ms
[2024-12-07T17:08:10.940+0800][2.959s][debug][gc,phases,start   ] GC(25) Update Remembered Set Tracking Before Rebuild
[2024-12-07T17:08:10.940+0800][2.959s][debug][gc,ergo           ] GC(25) Running G1 Update RemSet Tracking Before Rebuild using 2 workers for 505 regions in heap
[2024-12-07T17:08:10.940+0800][2.959s][debug][gc,remset,tracking] GC(25) Remembered Set Tracking update regions total 505, selected 0
[2024-12-07T17:08:10.940+0800][2.959s][debug][gc,phases         ] GC(25) Update Remembered Set Tracking Before Rebuild 0.343ms
[2024-12-07T17:08:10.940+0800][2.959s][debug][gc,phases,start   ] GC(25) Reclaim Empty Regions
[2024-12-07T17:08:10.940+0800][2.960s][debug][gc,phases         ] GC(25) Reclaim Empty Regions 0.172ms
[2024-12-07T17:08:10.941+0800][2.960s][debug][gc,phases,start   ] GC(25) Purge Metaspace
[2024-12-07T17:08:10.941+0800][2.960s][debug][gc,phases         ] GC(25) Purge Metaspace 0.152ms
[2024-12-07T17:08:10.941+0800][2.960s][debug][gc,phases,start   ] GC(25) Report Object Count
[2024-12-07T17:08:10.941+0800][2.960s][debug][gc,phases         ] GC(25) Report Object Count 0.172ms
[2024-12-07T17:08:10.941+0800][2.961s][info ][gc                ] GC(25) Pause Remark 481M->481M(505M) 24.921ms
[2024-12-07T17:08:10.942+0800][2.961s][info ][gc,cpu            ] GC(25) User=0.03s Sys=0.00s Real=0.02s
[2024-12-07T17:08:10.942+0800][2.961s][info ][gc,marking        ] GC(25) Concurrent Rebuild Remembered Sets
[2024-12-07T17:08:10.942+0800][2.962s][info ][gc,marking        ] GC(25) Concurrent Rebuild Remembered Sets 0.505ms
[2024-12-07T17:08:10.943+0800][2.962s][info ][gc,start          ] GC(25) Pause Cleanup
[2024-12-07T17:08:10.943+0800][2.962s][debug][gc,phases,start   ] GC(25) Update Remembered Set Tracking After Rebuild
[2024-12-07T17:08:10.943+0800][2.962s][debug][gc,phases         ] GC(25) Update Remembered Set Tracking After Rebuild 0.169ms
[2024-12-07T17:08:10.943+0800][2.962s][debug][gc,phases,start   ] GC(25) Finalize Concurrent Mark Cleanup
[2024-12-07T17:08:10.943+0800][2.963s][debug][gc,ergo           ] GC(25) request young-only gcs (candidate old regions not available)
[2024-12-07T17:08:10.944+0800][2.963s][debug][gc,phases         ] GC(25) Finalize Concurrent Mark Cleanup 0.424ms
[2024-12-07T17:08:10.944+0800][2.963s][info ][gc                ] GC(25) Pause Cleanup 481M->481M(505M) 1.009ms
[2024-12-07T17:08:10.944+0800][2.963s][info ][gc,cpu            ] GC(25) User=0.00s Sys=0.00s Real=0.00s
[2024-12-07T17:08:10.944+0800][2.963s][info ][gc,marking        ] GC(25) Concurrent Cleanup for Next Mark
[2024-12-07T17:08:10.944+0800][2.963s][debug][gc,ergo           ] GC(25) Running G1 Clear Bitmap with 5 workers for 8 work units.
[2024-12-07T17:08:10.945+0800][2.964s][info ][gc,marking        ] GC(25) Concurrent Cleanup for Next Mark 0.463ms
[2024-12-07T17:08:10.945+0800][2.964s][info ][gc                ] GC(25) Concurrent Cycle 33.401ms
[2024-12-07T17:08:11.016+0800][3.035s][debug][gc,ergo,ihop      ] Request concurrent cycle initiation (occupancy higher than threshold) occupancy: 505413632B allocation request: 1048592B threshold: 238288896B (45.00) source: concurrent humongous allocation
[2024-12-07T17:08:11.017+0800][3.036s][debug][gc,ergo           ] Request concurrent cycle initiation (requested by GC cause). GC cause: G1 Humongous Allocation
[2024-12-07T17:08:11.017+0800][3.036s][debug][gc,heap           ] GC(26) Heap before GC invocations=26 (full 0): garbage-first heap   total 517120K, used 492696K [0x00000000e0000000, 0x0000000100000000)
[2024-12-07T17:08:11.017+0800][3.037s][debug][gc,heap           ] GC(26)   region size 1024K, 2 young (2048K), 1 survivors (1024K)
[2024-12-07T17:08:11.018+0800][3.037s][debug][gc,heap           ] GC(26)  Metaspace       used 558K, capacity 4570K, committed 4864K, reserved 1056768K
[2024-12-07T17:08:11.018+0800][3.037s][debug][gc,heap           ] GC(26)   class space    used 46K, capacity 419K, committed 512K, reserved 1048576K
[2024-12-07T17:08:11.019+0800][3.038s][debug][gc,ergo           ] GC(26) Initiate concurrent cycle (concurrent cycle initiation requested)
[2024-12-07T17:08:11.019+0800][3.038s][info ][gc,start          ] GC(26) Pause Young (Concurrent Start) (G1 Humongous Allocation)
[2024-12-07T17:08:11.019+0800][3.038s][info ][gc,task           ] GC(26) Using 12 workers of 18 for evacuation
[2024-12-07T17:08:11.019+0800][3.039s][debug][gc,tlab           ] GC(26) TLAB totals: thrds: 1  refills: 1 max: 1 slow allocs: 1 max 1 waste: 100.0% gc: 503192B max: 503192B slow: 0B max: 0B fast: 0B max: 0B
[2024-12-07T17:08:11.020+0800][3.039s][debug][gc,alloc,region   ] GC(26) Mutator Allocation stats, regions: 1, wasted size: 0B ( 0.0%)
[2024-12-07T17:08:11.020+0800][3.039s][debug][gc,age            ] GC(26) Desired survivor size 2097152 bytes, new threshold 15 (max threshold 15)
[2024-12-07T17:08:11.020+0800][3.040s][debug][gc,ergo,cset      ] GC(26) Finish choosing CSet. old: 0 regions, predicted old region time: 0.00ms, time remaining: 176.83
[2024-12-07T17:08:11.021+0800][3.040s][debug][gc,task,stats     ] GC(26) GC Termination Stats
[2024-12-07T17:08:11.021+0800][3.040s][debug][gc,task,stats     ] GC(26)      elapsed  --strong roots-- -------termination------- ------waste (KiB)------
[2024-12-07T17:08:11.021+0800][3.040s][debug][gc,task,stats     ] GC(26) thr     ms        ms      %        ms      %    attempts  total   alloc    undo
[2024-12-07T17:08:11.021+0800][3.041s][debug][gc,task,stats     ] GC(26) --- --------- --------- ------ --------- ------ -------- ------- ------- -------
[2024-12-07T17:08:11.026+0800][3.046s][debug][gc,task,stats     ] GC(26)   9      4.44      4.43  99.80      0.00   0.01        1       0       0       0
[2024-12-07T17:08:11.027+0800][3.046s][debug][gc,task,stats     ] GC(26)   3      5.39      0.75  13.91      4.26  79.04       12       0       0       0
[2024-12-07T17:08:11.028+0800][3.047s][debug][gc,task,stats     ] GC(26)   7      6.13      0.86  14.08      4.14  67.44       13       0       0       0
[2024-12-07T17:08:11.028+0800][3.048s][debug][gc,task,stats     ] GC(26)   4      6.67      0.86  12.92      4.08  61.15       14       0       0       0
[2024-12-07T17:08:11.029+0800][3.048s][debug][gc,task,stats     ] GC(26)   5      6.82      0.80  11.68      3.92  57.52       10       0       0       0
[2024-12-07T17:08:11.029+0800][3.048s][debug][gc,task,stats     ] GC(26)   6      7.01      1.31  18.62      3.51  50.03        1       0       0       0
[2024-12-07T17:08:11.029+0800][3.048s][debug][gc,task,stats     ] GC(26)   1      7.36      1.08  14.67      3.54  48.10       12       0       0       0
[2024-12-07T17:08:11.029+0800][3.049s][debug][gc,task,stats     ] GC(26)  10      7.47      0.74   9.87      3.64  48.72       11       0       0       0
[2024-12-07T17:08:11.030+0800][3.049s][debug][gc,task,stats     ] GC(26)   0      7.81      1.31  16.71      3.33  42.60        1       1       1       0
[2024-12-07T17:08:11.030+0800][3.049s][debug][gc,task,stats     ] GC(26)   2      7.97      1.52  19.03      3.09  38.74        1       0       0       0
[2024-12-07T17:08:11.030+0800][3.049s][debug][gc,task,stats     ] GC(26)  11      7.99      0.68   8.51      3.62  45.29       12       0       0       0
[2024-12-07T17:08:11.030+0800][3.049s][debug][gc,task,stats     ] GC(26)   8      8.25      1.69  20.47      2.78  33.70        1       0       0       0
[2024-12-07T17:08:11.030+0800][3.049s][debug][gc,ergo           ] GC(26) Running G1 Clear Card Table Task using 1 workers for 1 units of work for 3 regions.
[2024-12-07T17:08:11.030+0800][3.050s][debug][gc,ref            ] GC(26) Skipped phase1 of Reference Processing due to unavailable references
[2024-12-07T17:08:11.031+0800][3.050s][debug][gc,ref            ] GC(26) Skipped phase3 of Reference Processing due to unavailable references
[2024-12-07T17:08:11.031+0800][3.050s][debug][gc,ergo           ] GC(26) Running G1 Free Collection Set using 1 workers for collection set length 2
[2024-12-07T17:08:11.031+0800][3.050s][debug][gc,humongous      ] GC(26) Live humongous region 0 object size 1048592 start 0x00000000e0000000  with remset 0 code roots 0 is marked 0 reclaim candidate 0 type array 1
[2024-12-07T17:08:11.031+0800][3.050s][debug][gc,humongous      ] GC(26) Live humongous region 2 object size 1048592 start 0x00000000e0200000  with remset 0 code roots 0 is marked 0 reclaim candidate 0 type array 1
[2024-12-07T17:08:11.031+0800][3.051s][debug][gc,humongous      ] GC(26) Live humongous region 4 object size 1048592 start 0x00000000e0400000  with remset 0 code roots 0 is marked 0 reclaim candidate 0 type array 1
[2024-12-07T17:08:11.031+0800][3.051s][debug][gc,humongous      ] GC(26) Live humongous region 6 object size 1048592 start 0x00000000e0600000  with remset 0 code roots 0 is marked 0 reclaim candidate 0 type array 1
[2024-12-07T17:08:11.032+0800][3.051s][debug][gc,humongous      ] GC(26) Live humongous region 8 object size 1048592 start 0x00000000e0800000  with remset 0 code roots 0 is marked 0 reclaim candidate 0 type array 1
[2024-12-07T17:08:11.032+0800][3.051s][debug][gc,humongous      ] GC(26) Live humongous region 10 object size 1048592 start 0x00000000e0a00000  with remset 0 code roots 0 is marked 0 reclaim candidate 0 type array 1
[2024-12-07T17:08:11.032+0800][3.051s][debug][gc,humongous      ] GC(26) Live humongous region 12 object size 1048592 start 0x00000000e0c00000  with remset 0 code roots 0 is marked 0 reclaim candidate 0 type array 1
[2024-12-07T17:08:11.032+0800][3.051s][debug][gc,humongous      ] GC(26) Live humongous region 14 object size 1048592 start 0x00000000e0e00000  with remset 0 code roots 0 is marked 0 reclaim candidate 0 type array 1
[2024-12-07T17:08:11.032+0800][3.051s][debug][gc,humongous      ] GC(26) Live humongous region 16 object size 1048592 start 0x00000000e1000000  with remset 0 code roots 0 is marked 0 reclaim candidate 0 type array 1
[2024-12-07T17:08:11.032+0800][3.051s][debug][gc,humongous      ] GC(26) Live humongous region 18 object size 1048592 start 0x00000000e1200000  with remset 0 code roots 0 is marked 0 reclaim candidate 0 type array 1
[2024-12-07T17:08:11.032+0800][3.051s][debug][gc,humongous      ] GC(26) Live humongous region 20 object size 1048592 start 0x00000000e1400000  with remset 0 code roots 0 is marked 0 reclaim candidate 0 type array 1
[2024-12-07T17:08:11.032+0800][3.051s][debug][gc,humongous      ] GC(26) Live humongous region 22 object size 1048592 start 0x00000000e1600000  with remset 0 code roots 0 is marked 0 reclaim candidate 0 type array 1
[2024-12-07T17:08:11.032+0800][3.051s][debug][gc,humongous      ] GC(26) Live humongous region 24 object size 1048592 start 0x00000000e1800000  with remset 0 code roots 0 is marked 0 reclaim candidate 0 type array 1
[2024-12-07T17:08:11.032+0800][3.052s][debug][gc,humongous      ] GC(26) Live humongous region 26 object size 1048592 start 0x00000000e1a00000  with remset 0 code roots 0 is marked 0 reclaim candidate 0 type array 1
[2024-12-07T17:08:11.032+0800][3.052s][debug][gc,humongous      ] GC(26) Live humongous region 28 object size 1048592 start 0x00000000e1c00000  with remset 0 code roots 0 is marked 0 reclaim candidate 0 type array 1
[2024-12-07T17:08:11.033+0800][3.052s][debug][gc,humongous      ] GC(26) Live humongous region 30 object size 1048592 start 0x00000000e1e00000  with remset 0 code roots 0 is marked 0 reclaim candidate 0 type array 1
[2024-12-07T17:08:11.033+0800][3.052s][debug][gc,humongous      ] GC(26) Live humongous region 32 object size 1048592 start 0x00000000e2000000  with remset 0 code roots 0 is marked 0 reclaim candidate 0 type array 1
[2024-12-07T17:08:11.033+0800][3.052s][debug][gc,humongous      ] GC(26) Live humongous region 34 object size 1048592 start 0x00000000e2200000  with remset 0 code roots 0 is marked 0 reclaim candidate 0 type array 1
[2024-12-07T17:08:11.033+0800][3.052s][debug][gc,humongous      ] GC(26) Live humongous region 36 object size 1048592 start 0x00000000e2400000  with remset 0 code roots 0 is marked 0 reclaim candidate 0 type array 1
[2024-12-07T17:08:11.033+0800][3.052s][debug][gc,humongous      ] GC(26) Live humongous region 38 object size 1048592 start 0x00000000e2600000  with remset 0 code roots 0 is marked 0 reclaim candidate 0 type array 1
[2024-12-07T17:08:11.033+0800][3.052s][debug][gc,humongous      ] GC(26) Live humongous region 40 object size 1048592 start 0x00000000e2800000  with remset 0 code roots 0 is marked 0 reclaim candidate 0 type array 1
[2024-12-07T17:08:11.033+0800][3.052s][debug][gc,humongous      ] GC(26) Live humongous region 42 object size 1048592 start 0x00000000e2a00000  with remset 0 code roots 0 is marked 0 reclaim candidate 0 type array 1
[2024-12-07T17:08:11.033+0800][3.052s][debug][gc,humongous      ] GC(26) Live humongous region 44 object size 1048592 start 0x00000000e2c00000  with remset 0 code roots 0 is marked 0 reclaim candidate 0 type array 1
[2024-12-07T17:08:11.033+0800][3.052s][debug][gc,humongous      ] GC(26) Live humongous region 46 object size 1048592 start 0x00000000e2e00000  with remset 0 code roots 0 is marked 0 reclaim candidate 0 type array 1
[2024-12-07T17:08:11.033+0800][3.053s][debug][gc,humongous      ] GC(26) Live humongous region 48 object size 1048592 start 0x00000000e3000000  with remset 0 code roots 0 is marked 0 reclaim candidate 0 type array 1
[2024-12-07T17:08:11.033+0800][3.053s][debug][gc,humongous      ] GC(26) Live humongous region 50 object size 1048592 start 0x00000000e3200000  with remset 0 code roots 0 is marked 0 reclaim candidate 0 type array 1
[2024-12-07T17:08:11.034+0800][3.053s][debug][gc,humongous      ] GC(26) Live humongous region 52 object size 1048592 start 0x00000000e3400000  with remset 0 code roots 0 is marked 0 reclaim candidate 0 type array 1
[2024-12-07T17:08:11.034+0800][3.053s][debug][gc,humongous      ] GC(26) Live humongous region 54 object size 1048592 start 0x00000000e3600000  with remset 0 code roots 0 is marked 0 reclaim candidate 0 type array 1
[2024-12-07T17:08:11.034+0800][3.053s][debug][gc,humongous      ] GC(26) Live humongous region 56 object size 1048592 start 0x00000000e3800000  with remset 0 code roots 0 is marked 0 reclaim candidate 0 type array 1
[2024-12-07T17:08:11.034+0800][3.053s][debug][gc,humongous      ] GC(26) Live humongous region 58 object size 1048592 start 0x00000000e3a00000  with remset 0 code roots 0 is marked 0 reclaim candidate 0 type array 1
[2024-12-07T17:08:11.034+0800][3.053s][debug][gc,humongous      ] GC(26) Live humongous region 60 object size 1048592 start 0x00000000e3c00000  with remset 0 code roots 0 is marked 0 reclaim candidate 0 type array 1
[2024-12-07T17:08:11.034+0800][3.053s][debug][gc,humongous      ] GC(26) Live humongous region 62 object size 1048592 start 0x00000000e3e00000  with remset 0 code roots 0 is marked 0 reclaim candidate 0 type array 1
[2024-12-07T17:08:11.034+0800][3.053s][debug][gc,humongous      ] GC(26) Live humongous region 64 object size 1048592 start 0x00000000e4000000  with remset 0 code roots 0 is marked 0 reclaim candidate 0 type array 1
[2024-12-07T17:08:11.034+0800][3.053s][debug][gc,humongous      ] GC(26) Live humongous region 66 object size 1048592 start 0x00000000e4200000  with remset 0 code roots 0 is marked 0 reclaim candidate 0 type array 1
[2024-12-07T17:08:11.034+0800][3.054s][debug][gc,humongous      ] GC(26) Live humongous region 68 object size 1048592 start 0x00000000e4400000  with remset 0 code roots 0 is marked 0 reclaim candidate 0 type array 1
[2024-12-07T17:08:11.035+0800][3.054s][debug][gc,humongous      ] GC(26) Live humongous region 70 object size 1048592 start 0x00000000e4600000  with remset 0 code roots 0 is marked 0 reclaim candidate 0 type array 1
[2024-12-07T17:08:11.035+0800][3.054s][debug][gc,humongous      ] GC(26) Live humongous region 72 object size 1048592 start 0x00000000e4800000  with remset 0 code roots 0 is marked 0 reclaim candidate 0 type array 1
[2024-12-07T17:08:11.035+0800][3.054s][debug][gc,humongous      ] GC(26) Live humongous region 74 object size 1048592 start 0x00000000e4a00000  with remset 0 code roots 0 is marked 0 reclaim candidate 0 type array 1
[2024-12-07T17:08:11.035+0800][3.054s][debug][gc,humongous      ] GC(26) Live humongous region 76 object size 1048592 start 0x00000000e4c00000  with remset 0 code roots 0 is marked 0 reclaim candidate 0 type array 1
[2024-12-07T17:08:11.035+0800][3.054s][debug][gc,humongous      ] GC(26) Live humongous region 78 object size 1048592 start 0x00000000e4e00000  with remset 0 code roots 0 is marked 0 reclaim candidate 0 type array 1
[2024-12-07T17:08:11.035+0800][3.054s][debug][gc,humongous      ] GC(26) Live humongous region 80 object size 1048592 start 0x00000000e5000000  with remset 0 code roots 0 is marked 0 reclaim candidate 0 type array 1
[2024-12-07T17:08:11.035+0800][3.054s][debug][gc,humongous      ] GC(26) Live humongous region 82 object size 1048592 start 0x00000000e5200000  with remset 0 code roots 0 is marked 0 reclaim candidate 0 type array 1
[2024-12-07T17:08:11.035+0800][3.054s][debug][gc,humongous      ] GC(26) Live humongous region 84 object size 1048592 start 0x00000000e5400000  with remset 0 code roots 0 is marked 0 reclaim candidate 0 type array 1
[2024-12-07T17:08:11.035+0800][3.054s][debug][gc,humongous      ] GC(26) Live humongous region 86 object size 1048592 start 0x00000000e5600000  with remset 0 code roots 0 is marked 0 reclaim candidate 0 type array 1
[2024-12-07T17:08:11.035+0800][3.054s][debug][gc,humongous      ] GC(26) Live humongous region 88 object size 1048592 start 0x00000000e5800000  with remset 0 code roots 0 is marked 0 reclaim candidate 0 type array 1
[2024-12-07T17:08:11.035+0800][3.055s][debug][gc,humongous      ] GC(26) Live humongous region 90 object size 1048592 start 0x00000000e5a00000  with remset 0 code roots 0 is marked 0 reclaim candidate 0 type array 1
[2024-12-07T17:08:11.036+0800][3.055s][debug][gc,humongous      ] GC(26) Live humongous region 92 object size 1048592 start 0x00000000e5c00000  with remset 0 code roots 0 is marked 0 reclaim candidate 0 type array 1
[2024-12-07T17:08:11.036+0800][3.055s][debug][gc,humongous      ] GC(26) Live humongous region 94 object size 1048592 start 0x00000000e5e00000  with remset 0 code roots 0 is marked 0 reclaim candidate 0 type array 1
[2024-12-07T17:08:11.036+0800][3.055s][debug][gc,humongous      ] GC(26) Live humongous region 96 object size 1048592 start 0x00000000e6000000  with remset 0 code roots 0 is marked 0 reclaim candidate 0 type array 1
[2024-12-07T17:08:11.036+0800][3.055s][debug][gc,humongous      ] GC(26) Live humongous region 98 object size 1048592 start 0x00000000e6200000  with remset 0 code roots 0 is marked 0 reclaim candidate 0 type array 1
[2024-12-07T17:08:11.036+0800][3.055s][debug][gc,humongous      ] GC(26) Live humongous region 100 object size 1048592 start 0x00000000e6400000  with remset 0 code roots 0 is marked 0 reclaim candidate 0 type array 1
[2024-12-07T17:08:11.036+0800][3.055s][debug][gc,humongous      ] GC(26) Live humongous region 102 object size 1048592 start 0x00000000e6600000  with remset 0 code roots 0 is marked 0 reclaim candidate 0 type array 1
[2024-12-07T17:08:11.036+0800][3.055s][debug][gc,humongous      ] GC(26) Live humongous region 104 object size 1048592 start 0x00000000e6800000  with remset 0 code roots 0 is marked 0 reclaim candidate 0 type array 1
[2024-12-07T17:08:11.036+0800][3.056s][debug][gc,humongous      ] GC(26) Live humongous region 106 object size 1048592 start 0x00000000e6a00000  with remset 0 code roots 0 is marked 0 reclaim candidate 0 type array 1
[2024-12-07T17:08:11.036+0800][3.056s][debug][gc,humongous      ] GC(26) Live humongous region 108 object size 1048592 start 0x00000000e6c00000  with remset 0 code roots 0 is marked 0 reclaim candidate 0 type array 1
[2024-12-07T17:08:11.037+0800][3.056s][debug][gc,humongous      ] GC(26) Live humongous region 110 object size 1048592 start 0x00000000e6e00000  with remset 0 code roots 0 is marked 0 reclaim candidate 0 type array 1
[2024-12-07T17:08:11.037+0800][3.056s][debug][gc,humongous      ] GC(26) Live humongous region 112 object size 1048592 start 0x00000000e7000000  with remset 0 code roots 0 is marked 0 reclaim candidate 0 type array 1
[2024-12-07T17:08:11.037+0800][3.056s][debug][gc,humongous      ] GC(26) Live humongous region 114 object size 1048592 start 0x00000000e7200000  with remset 0 code roots 0 is marked 0 reclaim candidate 0 type array 1
[2024-12-07T17:08:11.037+0800][3.056s][debug][gc,humongous      ] GC(26) Live humongous region 116 object size 1048592 start 0x00000000e7400000  with remset 0 code roots 0 is marked 0 reclaim candidate 0 type array 1
[2024-12-07T17:08:11.037+0800][3.056s][debug][gc,humongous      ] GC(26) Live humongous region 118 object size 1048592 start 0x00000000e7600000  with remset 0 code roots 0 is marked 0 reclaim candidate 0 type array 1
[2024-12-07T17:08:11.037+0800][3.056s][debug][gc,humongous      ] GC(26) Live humongous region 120 object size 1048592 start 0x00000000e7800000  with remset 0 code roots 0 is marked 0 reclaim candidate 0 type array 1
[2024-12-07T17:08:11.037+0800][3.056s][debug][gc,humongous      ] GC(26) Live humongous region 122 object size 1048592 start 0x00000000e7a00000  with remset 0 code roots 0 is marked 0 reclaim candidate 0 type array 1
[2024-12-07T17:08:11.037+0800][3.056s][debug][gc,humongous      ] GC(26) Live humongous region 124 object size 1048592 start 0x00000000e7c00000  with remset 0 code roots 0 is marked 0 reclaim candidate 0 type array 1
[2024-12-07T17:08:11.037+0800][3.056s][debug][gc,humongous      ] GC(26) Live humongous region 126 object size 1048592 start 0x00000000e7e00000  with remset 0 code roots 0 is marked 0 reclaim candidate 0 type array 1
[2024-12-07T17:08:11.037+0800][3.056s][debug][gc,humongous      ] GC(26) Live humongous region 128 object size 1048592 start 0x00000000e8000000  with remset 0 code roots 0 is marked 0 reclaim candidate 0 type array 1
[2024-12-07T17:08:11.037+0800][3.057s][debug][gc,humongous      ] GC(26) Live humongous region 130 object size 1048592 start 0x00000000e8200000  with remset 0 code roots 0 is marked 0 reclaim candidate 0 type array 1
[2024-12-07T17:08:11.037+0800][3.057s][debug][gc,humongous      ] GC(26) Live humongous region 132 object size 1048592 start 0x00000000e8400000  with remset 0 code roots 0 is marked 0 reclaim candidate 0 type array 1
[2024-12-07T17:08:11.038+0800][3.057s][debug][gc,humongous      ] GC(26) Live humongous region 134 object size 1048592 start 0x00000000e8600000  with remset 0 code roots 0 is marked 0 reclaim candidate 0 type array 1
[2024-12-07T17:08:11.038+0800][3.057s][debug][gc,humongous      ] GC(26) Live humongous region 136 object size 1048592 start 0x00000000e8800000  with remset 0 code roots 0 is marked 0 reclaim candidate 0 type array 1
[2024-12-07T17:08:11.038+0800][3.057s][debug][gc,humongous      ] GC(26) Live humongous region 138 object size 1048592 start 0x00000000e8a00000  with remset 0 code roots 0 is marked 0 reclaim candidate 0 type array 1
[2024-12-07T17:08:11.038+0800][3.057s][debug][gc,humongous      ] GC(26) Live humongous region 140 object size 1048592 start 0x00000000e8c00000  with remset 0 code roots 0 is marked 0 reclaim candidate 0 type array 1
[2024-12-07T17:08:11.038+0800][3.057s][debug][gc,humongous      ] GC(26) Live humongous region 142 object size 1048592 start 0x00000000e8e00000  with remset 0 code roots 0 is marked 0 reclaim candidate 0 type array 1
[2024-12-07T17:08:11.038+0800][3.057s][debug][gc,humongous      ] GC(26) Live humongous region 144 object size 1048592 start 0x00000000e9000000  with remset 0 code roots 0 is marked 0 reclaim candidate 0 type array 1
[2024-12-07T17:08:11.038+0800][3.057s][debug][gc,humongous      ] GC(26) Live humongous region 146 object size 1048592 start 0x00000000e9200000  with remset 0 code roots 0 is marked 0 reclaim candidate 0 type array 1
[2024-12-07T17:08:11.038+0800][3.057s][debug][gc,humongous      ] GC(26) Live humongous region 148 object size 1048592 start 0x00000000e9400000  with remset 0 code roots 0 is marked 0 reclaim candidate 0 type array 1
[2024-12-07T17:08:11.038+0800][3.057s][debug][gc,humongous      ] GC(26) Live humongous region 150 object size 1048592 start 0x00000000e9600000  with remset 0 code roots 0 is marked 0 reclaim candidate 0 type array 1
[2024-12-07T17:08:11.038+0800][3.057s][debug][gc,humongous      ] GC(26) Live humongous region 152 object size 1048592 start 0x00000000e9800000  with remset 0 code roots 0 is marked 0 reclaim candidate 0 type array 1
[2024-12-07T17:08:11.038+0800][3.058s][debug][gc,humongous      ] GC(26) Live humongous region 154 object size 1048592 start 0x00000000e9a00000  with remset 0 code roots 0 is marked 0 reclaim candidate 0 type array 1
[2024-12-07T17:08:11.038+0800][3.058s][debug][gc,humongous      ] GC(26) Live humongous region 156 object size 1048592 start 0x00000000e9c00000  with remset 0 code roots 0 is marked 0 reclaim candidate 0 type array 1
[2024-12-07T17:08:11.039+0800][3.058s][debug][gc,humongous      ] GC(26) Live humongous region 158 object size 1048592 start 0x00000000e9e00000  with remset 0 code roots 0 is marked 0 reclaim candidate 0 type array 1
[2024-12-07T17:08:11.039+0800][3.058s][debug][gc,humongous      ] GC(26) Live humongous region 160 object size 1048592 start 0x00000000ea000000  with remset 0 code roots 0 is marked 0 reclaim candidate 0 type array 1
[2024-12-07T17:08:11.039+0800][3.058s][debug][gc,humongous      ] GC(26) Live humongous region 162 object size 1048592 start 0x00000000ea200000  with remset 0 code roots 0 is marked 0 reclaim candidate 0 type array 1
[2024-12-07T17:08:11.039+0800][3.058s][debug][gc,humongous      ] GC(26) Live humongous region 164 object size 1048592 start 0x00000000ea400000  with remset 0 code roots 0 is marked 0 reclaim candidate 0 type array 1
[2024-12-07T17:08:11.039+0800][3.058s][debug][gc,humongous      ] GC(26) Live humongous region 166 object size 1048592 start 0x00000000ea600000  with remset 0 code roots 0 is marked 0 reclaim candidate 0 type array 1
[2024-12-07T17:08:11.039+0800][3.058s][debug][gc,humongous      ] GC(26) Live humongous region 168 object size 1048592 start 0x00000000ea800000  with remset 0 code roots 0 is marked 0 reclaim candidate 0 type array 1
[2024-12-07T17:08:11.039+0800][3.058s][debug][gc,humongous      ] GC(26) Live humongous region 170 object size 1048592 start 0x00000000eaa00000  with remset 0 code roots 0 is marked 0 reclaim candidate 0 type array 1
[2024-12-07T17:08:11.039+0800][3.058s][debug][gc,humongous      ] GC(26) Live humongous region 172 object size 1048592 start 0x00000000eac00000  with remset 0 code roots 0 is marked 0 reclaim candidate 0 type array 1
[2024-12-07T17:08:11.039+0800][3.058s][debug][gc,humongous      ] GC(26) Live humongous region 174 object size 1048592 start 0x00000000eae00000  with remset 0 code roots 0 is marked 0 reclaim candidate 0 type array 1
[2024-12-07T17:08:11.039+0800][3.059s][debug][gc,humongous      ] GC(26) Live humongous region 176 object size 1048592 start 0x00000000eb000000  with remset 0 code roots 0 is marked 0 reclaim candidate 0 type array 1
[2024-12-07T17:08:11.039+0800][3.059s][debug][gc,humongous      ] GC(26) Live humongous region 178 object size 1048592 start 0x00000000eb200000  with remset 0 code roots 0 is marked 0 reclaim candidate 0 type array 1
[2024-12-07T17:08:11.040+0800][3.059s][debug][gc,humongous      ] GC(26) Live humongous region 180 object size 1048592 start 0x00000000eb400000  with remset 0 code roots 0 is marked 0 reclaim candidate 0 type array 1
[2024-12-07T17:08:11.040+0800][3.059s][debug][gc,humongous      ] GC(26) Live humongous region 182 object size 1048592 start 0x00000000eb600000  with remset 0 code roots 0 is marked 0 reclaim candidate 0 type array 1
[2024-12-07T17:08:11.040+0800][3.059s][debug][gc,humongous      ] GC(26) Live humongous region 184 object size 1048592 start 0x00000000eb800000  with remset 0 code roots 0 is marked 0 reclaim candidate 0 type array 1
[2024-12-07T17:08:11.040+0800][3.059s][debug][gc,humongous      ] GC(26) Live humongous region 186 object size 1048592 start 0x00000000eba00000  with remset 0 code roots 0 is marked 0 reclaim candidate 0 type array 1
[2024-12-07T17:08:11.040+0800][3.059s][debug][gc,humongous      ] GC(26) Live humongous region 188 object size 1048592 start 0x00000000ebc00000  with remset 0 code roots 0 is marked 0 reclaim candidate 0 type array 1
[2024-12-07T17:08:11.040+0800][3.059s][debug][gc,humongous      ] GC(26) Live humongous region 190 object size 1048592 start 0x00000000ebe00000  with remset 0 code roots 0 is marked 0 reclaim candidate 0 type array 1
[2024-12-07T17:08:11.040+0800][3.059s][debug][gc,humongous      ] GC(26) Live humongous region 192 object size 1048592 start 0x00000000ec000000  with remset 0 code roots 0 is marked 0 reclaim candidate 0 type array 1
[2024-12-07T17:08:11.040+0800][3.059s][debug][gc,humongous      ] GC(26) Live humongous region 194 object size 1048592 start 0x00000000ec200000  with remset 0 code roots 0 is marked 0 reclaim candidate 0 type array 1
[2024-12-07T17:08:11.040+0800][3.059s][debug][gc,humongous      ] GC(26) Live humongous region 196 object size 1048592 start 0x00000000ec400000  with remset 0 code roots 0 is marked 0 reclaim candidate 0 type array 1
[2024-12-07T17:08:11.040+0800][3.059s][debug][gc,humongous      ] GC(26) Live humongous region 198 object size 1048592 start 0x00000000ec600000  with remset 0 code roots 0 is marked 0 reclaim candidate 0 type array 1
[2024-12-07T17:08:11.040+0800][3.060s][debug][gc,humongous      ] GC(26) Live humongous region 200 object size 1048592 start 0x00000000ec800000  with remset 0 code roots 0 is marked 0 reclaim candidate 0 type array 1
[2024-12-07T17:08:11.040+0800][3.060s][debug][gc,humongous      ] GC(26) Live humongous region 202 object size 1048592 start 0x00000000eca00000  with remset 0 code roots 0 is marked 0 reclaim candidate 0 type array 1
[2024-12-07T17:08:11.041+0800][3.060s][debug][gc,humongous      ] GC(26) Live humongous region 204 object size 1048592 start 0x00000000ecc00000  with remset 0 code roots 0 is marked 0 reclaim candidate 0 type array 1
[2024-12-07T17:08:11.041+0800][3.060s][debug][gc,humongous      ] GC(26) Live humongous region 206 object size 1048592 start 0x00000000ece00000  with remset 0 code roots 0 is marked 0 reclaim candidate 0 type array 1
[2024-12-07T17:08:11.041+0800][3.060s][debug][gc,humongous      ] GC(26) Live humongous region 208 object size 1048592 start 0x00000000ed000000  with remset 0 code roots 0 is marked 0 reclaim candidate 0 type array 1
[2024-12-07T17:08:11.041+0800][3.060s][debug][gc,humongous      ] GC(26) Live humongous region 210 object size 1048592 start 0x00000000ed200000  with remset 0 code roots 0 is marked 0 reclaim candidate 0 type array 1
[2024-12-07T17:08:11.041+0800][3.060s][debug][gc,humongous      ] GC(26) Live humongous region 212 object size 1048592 start 0x00000000ed400000  with remset 0 code roots 0 is marked 0 reclaim candidate 0 type array 1
[2024-12-07T17:08:11.041+0800][3.060s][debug][gc,humongous      ] GC(26) Live humongous region 214 object size 1048592 start 0x00000000ed600000  with remset 0 code roots 0 is marked 0 reclaim candidate 0 type array 1
[2024-12-07T17:08:11.041+0800][3.060s][debug][gc,humongous      ] GC(26) Live humongous region 216 object size 1048592 start 0x00000000ed800000  with remset 0 code roots 0 is marked 0 reclaim candidate 0 type array 1
[2024-12-07T17:08:11.041+0800][3.060s][debug][gc,humongous      ] GC(26) Live humongous region 218 object size 1048592 start 0x00000000eda00000  with remset 0 code roots 0 is marked 0 reclaim candidate 0 type array 1
[2024-12-07T17:08:11.041+0800][3.060s][debug][gc,humongous      ] GC(26) Live humongous region 220 object size 1048592 start 0x00000000edc00000  with remset 0 code roots 0 is marked 0 reclaim candidate 0 type array 1
[2024-12-07T17:08:11.041+0800][3.060s][debug][gc,humongous      ] GC(26) Live humongous region 222 object size 1048592 start 0x00000000ede00000  with remset 0 code roots 0 is marked 0 reclaim candidate 0 type array 1
[2024-12-07T17:08:11.041+0800][3.061s][debug][gc,humongous      ] GC(26) Live humongous region 224 object size 1048592 start 0x00000000ee000000  with remset 0 code roots 0 is marked 0 reclaim candidate 0 type array 1
[2024-12-07T17:08:11.041+0800][3.061s][debug][gc,humongous      ] GC(26) Live humongous region 226 object size 1048592 start 0x00000000ee200000  with remset 0 code roots 0 is marked 0 reclaim candidate 0 type array 1
[2024-12-07T17:08:11.042+0800][3.061s][debug][gc,humongous      ] GC(26) Live humongous region 228 object size 1048592 start 0x00000000ee400000  with remset 0 code roots 0 is marked 0 reclaim candidate 0 type array 1
[2024-12-07T17:08:11.042+0800][3.061s][debug][gc,humongous      ] GC(26) Live humongous region 230 object size 1048592 start 0x00000000ee600000  with remset 0 code roots 0 is marked 0 reclaim candidate 0 type array 1
[2024-12-07T17:08:11.042+0800][3.061s][debug][gc,humongous      ] GC(26) Live humongous region 232 object size 1048592 start 0x00000000ee800000  with remset 0 code roots 0 is marked 0 reclaim candidate 0 type array 1
[2024-12-07T17:08:11.042+0800][3.061s][debug][gc,humongous      ] GC(26) Live humongous region 234 object size 1048592 start 0x00000000eea00000  with remset 0 code roots 0 is marked 0 reclaim candidate 0 type array 1
[2024-12-07T17:08:11.042+0800][3.061s][debug][gc,humongous      ] GC(26) Live humongous region 236 object size 1048592 start 0x00000000eec00000  with remset 0 code roots 0 is marked 0 reclaim candidate 0 type array 1
[2024-12-07T17:08:11.042+0800][3.061s][debug][gc,humongous      ] GC(26) Live humongous region 238 object size 1048592 start 0x00000000eee00000  with remset 0 code roots 0 is marked 0 reclaim candidate 0 type array 1
[2024-12-07T17:08:11.042+0800][3.061s][debug][gc,humongous      ] GC(26) Live humongous region 240 object size 1048592 start 0x00000000ef000000  with remset 0 code roots 0 is marked 0 reclaim candidate 0 type array 1
[2024-12-07T17:08:11.042+0800][3.061s][debug][gc,humongous      ] GC(26) Live humongous region 242 object size 1048592 start 0x00000000ef200000  with remset 0 code roots 0 is marked 0 reclaim candidate 0 type array 1
[2024-12-07T17:08:11.042+0800][3.061s][debug][gc,humongous      ] GC(26) Live humongous region 244 object size 1048592 start 0x00000000ef400000  with remset 0 code roots 0 is marked 0 reclaim candidate 0 type array 1
[2024-12-07T17:08:11.042+0800][3.062s][debug][gc,humongous      ] GC(26) Live humongous region 246 object size 1048592 start 0x00000000ef600000  with remset 0 code roots 0 is marked 0 reclaim candidate 0 type array 1
[2024-12-07T17:08:11.042+0800][3.062s][debug][gc,humongous      ] GC(26) Live humongous region 248 object size 1048592 start 0x00000000ef800000  with remset 0 code roots 0 is marked 0 reclaim candidate 0 type array 1
[2024-12-07T17:08:11.043+0800][3.062s][debug][gc,humongous      ] GC(26) Live humongous region 250 object size 1048592 start 0x00000000efa00000  with remset 0 code roots 0 is marked 0 reclaim candidate 0 type array 1
[2024-12-07T17:08:11.043+0800][3.062s][debug][gc,humongous      ] GC(26) Live humongous region 252 object size 1048592 start 0x00000000efc00000  with remset 0 code roots 0 is marked 0 reclaim candidate 0 type array 1
[2024-12-07T17:08:11.043+0800][3.062s][debug][gc,humongous      ] GC(26) Live humongous region 254 object size 1048592 start 0x00000000efe00000  with remset 0 code roots 0 is marked 0 reclaim candidate 0 type array 1
[2024-12-07T17:08:11.043+0800][3.062s][debug][gc,humongous      ] GC(26) Live humongous region 256 object size 1048592 start 0x00000000f0000000  with remset 0 code roots 0 is marked 0 reclaim candidate 0 type array 1
[2024-12-07T17:08:11.043+0800][3.062s][debug][gc,humongous      ] GC(26) Live humongous region 258 object size 1048592 start 0x00000000f0200000  with remset 0 code roots 0 is marked 0 reclaim candidate 0 type array 1
[2024-12-07T17:08:11.043+0800][3.062s][debug][gc,humongous      ] GC(26) Live humongous region 260 object size 1048592 start 0x00000000f0400000  with remset 0 code roots 0 is marked 0 reclaim candidate 0 type array 1
[2024-12-07T17:08:11.043+0800][3.062s][debug][gc,humongous      ] GC(26) Live humongous region 262 object size 1048592 start 0x00000000f0600000  with remset 0 code roots 0 is marked 0 reclaim candidate 0 type array 1
[2024-12-07T17:08:11.043+0800][3.062s][debug][gc,humongous      ] GC(26) Live humongous region 264 object size 1048592 start 0x00000000f0800000  with remset 0 code roots 0 is marked 0 reclaim candidate 0 type array 1
[2024-12-07T17:08:11.043+0800][3.063s][debug][gc,humongous      ] GC(26) Live humongous region 266 object size 1048592 start 0x00000000f0a00000  with remset 0 code roots 0 is marked 0 reclaim candidate 0 type array 1
[2024-12-07T17:08:11.043+0800][3.063s][debug][gc,humongous      ] GC(26) Live humongous region 268 object size 1048592 start 0x00000000f0c00000  with remset 0 code roots 0 is marked 0 reclaim candidate 0 type array 1
[2024-12-07T17:08:11.044+0800][3.063s][debug][gc,humongous      ] GC(26) Live humongous region 270 object size 1048592 start 0x00000000f0e00000  with remset 0 code roots 0 is marked 0 reclaim candidate 0 type array 1
[2024-12-07T17:08:11.044+0800][3.063s][debug][gc,humongous      ] GC(26) Live humongous region 272 object size 1048592 start 0x00000000f1000000  with remset 0 code roots 0 is marked 0 reclaim candidate 0 type array 1
[2024-12-07T17:08:11.044+0800][3.063s][debug][gc,humongous      ] GC(26) Live humongous region 274 object size 1048592 start 0x00000000f1200000  with remset 0 code roots 0 is marked 0 reclaim candidate 0 type array 1
[2024-12-07T17:08:11.044+0800][3.063s][debug][gc,humongous      ] GC(26) Live humongous region 276 object size 1048592 start 0x00000000f1400000  with remset 0 code roots 0 is marked 0 reclaim candidate 0 type array 1
[2024-12-07T17:08:11.044+0800][3.063s][debug][gc,humongous      ] GC(26) Live humongous region 278 object size 1048592 start 0x00000000f1600000  with remset 0 code roots 0 is marked 0 reclaim candidate 0 type array 1
[2024-12-07T17:08:11.044+0800][3.063s][debug][gc,humongous      ] GC(26) Live humongous region 280 object size 1048592 start 0x00000000f1800000  with remset 0 code roots 0 is marked 0 reclaim candidate 0 type array 1
[2024-12-07T17:08:11.044+0800][3.063s][debug][gc,humongous      ] GC(26) Live humongous region 282 object size 1048592 start 0x00000000f1a00000  with remset 0 code roots 0 is marked 0 reclaim candidate 0 type array 1
[2024-12-07T17:08:11.044+0800][3.063s][debug][gc,humongous      ] GC(26) Live humongous region 284 object size 1048592 start 0x00000000f1c00000  with remset 0 code roots 0 is marked 0 reclaim candidate 0 type array 1
[2024-12-07T17:08:11.044+0800][3.063s][debug][gc,humongous      ] GC(26) Live humongous region 286 object size 1048592 start 0x00000000f1e00000  with remset 0 code roots 0 is marked 0 reclaim candidate 0 type array 1
[2024-12-07T17:08:11.044+0800][3.064s][debug][gc,humongous      ] GC(26) Live humongous region 288 object size 1048592 start 0x00000000f2000000  with remset 0 code roots 0 is marked 0 reclaim candidate 0 type array 1
[2024-12-07T17:08:11.044+0800][3.064s][debug][gc,humongous      ] GC(26) Live humongous region 290 object size 1048592 start 0x00000000f2200000  with remset 0 code roots 0 is marked 0 reclaim candidate 0 type array 1
[2024-12-07T17:08:11.045+0800][3.064s][debug][gc,humongous      ] GC(26) Live humongous region 292 object size 1048592 start 0x00000000f2400000  with remset 0 code roots 0 is marked 0 reclaim candidate 0 type array 1
[2024-12-07T17:08:11.045+0800][3.064s][debug][gc,humongous      ] GC(26) Live humongous region 294 object size 1048592 start 0x00000000f2600000  with remset 0 code roots 0 is marked 0 reclaim candidate 0 type array 1
[2024-12-07T17:08:11.045+0800][3.064s][debug][gc,humongous      ] GC(26) Live humongous region 296 object size 1048592 start 0x00000000f2800000  with remset 0 code roots 0 is marked 0 reclaim candidate 0 type array 1
[2024-12-07T17:08:11.045+0800][3.064s][debug][gc,humongous      ] GC(26) Live humongous region 298 object size 1048592 start 0x00000000f2a00000  with remset 0 code roots 0 is marked 0 reclaim candidate 0 type array 1
[2024-12-07T17:08:11.045+0800][3.064s][debug][gc,humongous      ] GC(26) Live humongous region 300 object size 1048592 start 0x00000000f2c00000  with remset 0 code roots 0 is marked 0 reclaim candidate 0 type array 1
[2024-12-07T17:08:11.045+0800][3.064s][debug][gc,humongous      ] GC(26) Live humongous region 302 object size 1048592 start 0x00000000f2e00000  with remset 0 code roots 0 is marked 0 reclaim candidate 0 type array 1
[2024-12-07T17:08:11.045+0800][3.064s][debug][gc,humongous      ] GC(26) Live humongous region 304 object size 1048592 start 0x00000000f3000000  with remset 0 code roots 0 is marked 0 reclaim candidate 0 type array 1
[2024-12-07T17:08:11.045+0800][3.064s][debug][gc,humongous      ] GC(26) Live humongous region 306 object size 1048592 start 0x00000000f3200000  with remset 0 code roots 0 is marked 0 reclaim candidate 0 type array 1
[2024-12-07T17:08:11.045+0800][3.064s][debug][gc,humongous      ] GC(26) Live humongous region 308 object size 1048592 start 0x00000000f3400000  with remset 0 code roots 0 is marked 0 reclaim candidate 0 type array 1
[2024-12-07T17:08:11.045+0800][3.064s][debug][gc,humongous      ] GC(26) Live humongous region 310 object size 1048592 start 0x00000000f3600000  with remset 0 code roots 0 is marked 0 reclaim candidate 0 type array 1
[2024-12-07T17:08:11.045+0800][3.065s][debug][gc,humongous      ] GC(26) Live humongous region 312 object size 1048592 start 0x00000000f3800000  with remset 0 code roots 0 is marked 0 reclaim candidate 0 type array 1
[2024-12-07T17:08:11.045+0800][3.065s][debug][gc,humongous      ] GC(26) Live humongous region 314 object size 1048592 start 0x00000000f3a00000  with remset 0 code roots 0 is marked 0 reclaim candidate 0 type array 1
[2024-12-07T17:08:11.046+0800][3.065s][debug][gc,humongous      ] GC(26) Live humongous region 316 object size 1048592 start 0x00000000f3c00000  with remset 0 code roots 0 is marked 0 reclaim candidate 0 type array 1
[2024-12-07T17:08:11.046+0800][3.065s][debug][gc,humongous      ] GC(26) Live humongous region 318 object size 1048592 start 0x00000000f3e00000  with remset 0 code roots 0 is marked 0 reclaim candidate 0 type array 1
[2024-12-07T17:08:11.046+0800][3.065s][debug][gc,humongous      ] GC(26) Live humongous region 320 object size 1048592 start 0x00000000f4000000  with remset 0 code roots 0 is marked 0 reclaim candidate 0 type array 1
[2024-12-07T17:08:11.046+0800][3.065s][debug][gc,humongous      ] GC(26) Live humongous region 322 object size 1048592 start 0x00000000f4200000  with remset 0 code roots 0 is marked 0 reclaim candidate 0 type array 1
[2024-12-07T17:08:11.046+0800][3.065s][debug][gc,humongous      ] GC(26) Live humongous region 324 object size 1048592 start 0x00000000f4400000  with remset 0 code roots 0 is marked 0 reclaim candidate 0 type array 1
[2024-12-07T17:08:11.046+0800][3.065s][debug][gc,humongous      ] GC(26) Live humongous region 326 object size 1048592 start 0x00000000f4600000  with remset 0 code roots 0 is marked 0 reclaim candidate 0 type array 1
[2024-12-07T17:08:11.046+0800][3.065s][debug][gc,humongous      ] GC(26) Live humongous region 328 object size 1048592 start 0x00000000f4800000  with remset 0 code roots 0 is marked 0 reclaim candidate 0 type array 1
[2024-12-07T17:08:11.046+0800][3.065s][debug][gc,humongous      ] GC(26) Live humongous region 330 object size 1048592 start 0x00000000f4a00000  with remset 0 code roots 0 is marked 0 reclaim candidate 0 type array 1
[2024-12-07T17:08:11.046+0800][3.066s][debug][gc,humongous      ] GC(26) Live humongous region 332 object size 1048592 start 0x00000000f4c00000  with remset 0 code roots 0 is marked 0 reclaim candidate 0 type array 1
[2024-12-07T17:08:11.047+0800][3.066s][debug][gc,humongous      ] GC(26) Live humongous region 334 object size 1048592 start 0x00000000f4e00000  with remset 0 code roots 0 is marked 0 reclaim candidate 0 type array 1
[2024-12-07T17:08:11.047+0800][3.066s][debug][gc,humongous      ] GC(26) Live humongous region 336 object size 1048592 start 0x00000000f5000000  with remset 0 code roots 0 is marked 0 reclaim candidate 0 type array 1
[2024-12-07T17:08:11.047+0800][3.066s][debug][gc,humongous      ] GC(26) Live humongous region 338 object size 1048592 start 0x00000000f5200000  with remset 0 code roots 0 is marked 0 reclaim candidate 0 type array 1
[2024-12-07T17:08:11.047+0800][3.066s][debug][gc,humongous      ] GC(26) Live humongous region 340 object size 1048592 start 0x00000000f5400000  with remset 0 code roots 0 is marked 0 reclaim candidate 0 type array 1
[2024-12-07T17:08:11.047+0800][3.066s][debug][gc,humongous      ] GC(26) Live humongous region 342 object size 1048592 start 0x00000000f5600000  with remset 0 code roots 0 is marked 0 reclaim candidate 0 type array 1
[2024-12-07T17:08:11.047+0800][3.066s][debug][gc,humongous      ] GC(26) Live humongous region 344 object size 1048592 start 0x00000000f5800000  with remset 0 code roots 0 is marked 0 reclaim candidate 0 type array 1
[2024-12-07T17:08:11.047+0800][3.066s][debug][gc,humongous      ] GC(26) Live humongous region 346 object size 1048592 start 0x00000000f5a00000  with remset 0 code roots 0 is marked 0 reclaim candidate 0 type array 1
[2024-12-07T17:08:11.047+0800][3.066s][debug][gc,humongous      ] GC(26) Live humongous region 348 object size 1048592 start 0x00000000f5c00000  with remset 0 code roots 0 is marked 0 reclaim candidate 0 type array 1
[2024-12-07T17:08:11.047+0800][3.067s][debug][gc,humongous      ] GC(26) Live humongous region 350 object size 1048592 start 0x00000000f5e00000  with remset 0 code roots 0 is marked 0 reclaim candidate 0 type array 1
[2024-12-07T17:08:11.048+0800][3.067s][debug][gc,humongous      ] GC(26) Live humongous region 352 object size 1048592 start 0x00000000f6000000  with remset 0 code roots 0 is marked 0 reclaim candidate 0 type array 1
[2024-12-07T17:08:11.048+0800][3.067s][debug][gc,humongous      ] GC(26) Live humongous region 354 object size 1048592 start 0x00000000f6200000  with remset 0 code roots 0 is marked 0 reclaim candidate 0 type array 1
[2024-12-07T17:08:11.048+0800][3.067s][debug][gc,humongous      ] GC(26) Live humongous region 356 object size 1048592 start 0x00000000f6400000  with remset 0 code roots 0 is marked 0 reclaim candidate 0 type array 1
[2024-12-07T17:08:11.048+0800][3.067s][debug][gc,humongous      ] GC(26) Live humongous region 358 object size 1048592 start 0x00000000f6600000  with remset 0 code roots 0 is marked 0 reclaim candidate 0 type array 1
[2024-12-07T17:08:11.048+0800][3.067s][debug][gc,humongous      ] GC(26) Live humongous region 360 object size 1048592 start 0x00000000f6800000  with remset 0 code roots 0 is marked 0 reclaim candidate 0 type array 1
[2024-12-07T17:08:11.048+0800][3.067s][debug][gc,humongous      ] GC(26) Live humongous region 362 object size 1048592 start 0x00000000f6a00000  with remset 0 code roots 0 is marked 0 reclaim candidate 0 type array 1
[2024-12-07T17:08:11.048+0800][3.067s][debug][gc,humongous      ] GC(26) Live humongous region 364 object size 1048592 start 0x00000000f6c00000  with remset 0 code roots 0 is marked 0 reclaim candidate 0 type array 1
[2024-12-07T17:08:11.048+0800][3.067s][debug][gc,humongous      ] GC(26) Live humongous region 366 object size 1048592 start 0x00000000f6e00000  with remset 0 code roots 0 is marked 0 reclaim candidate 0 type array 1
[2024-12-07T17:08:11.048+0800][3.067s][debug][gc,humongous      ] GC(26) Live humongous region 368 object size 1048592 start 0x00000000f7000000  with remset 0 code roots 0 is marked 0 reclaim candidate 0 type array 1
[2024-12-07T17:08:11.048+0800][3.068s][debug][gc,humongous      ] GC(26) Live humongous region 370 object size 1048592 start 0x00000000f7200000  with remset 0 code roots 0 is marked 0 reclaim candidate 0 type array 1
[2024-12-07T17:08:11.048+0800][3.068s][debug][gc,humongous      ] GC(26) Live humongous region 372 object size 1048592 start 0x00000000f7400000  with remset 0 code roots 0 is marked 0 reclaim candidate 0 type array 1
[2024-12-07T17:08:11.049+0800][3.068s][debug][gc,humongous      ] GC(26) Live humongous region 374 object size 1048592 start 0x00000000f7600000  with remset 0 code roots 0 is marked 0 reclaim candidate 0 type array 1
[2024-12-07T17:08:11.049+0800][3.068s][debug][gc,humongous      ] GC(26) Live humongous region 376 object size 1048592 start 0x00000000f7800000  with remset 0 code roots 0 is marked 0 reclaim candidate 0 type array 1
[2024-12-07T17:08:11.049+0800][3.068s][debug][gc,humongous      ] GC(26) Live humongous region 378 object size 1048592 start 0x00000000f7a00000  with remset 0 code roots 0 is marked 0 reclaim candidate 0 type array 1
[2024-12-07T17:08:11.049+0800][3.068s][debug][gc,humongous      ] GC(26) Live humongous region 380 object size 1048592 start 0x00000000f7c00000  with remset 0 code roots 0 is marked 0 reclaim candidate 0 type array 1
[2024-12-07T17:08:11.049+0800][3.068s][debug][gc,humongous      ] GC(26) Live humongous region 382 object size 1048592 start 0x00000000f7e00000  with remset 0 code roots 0 is marked 0 reclaim candidate 0 type array 1
[2024-12-07T17:08:11.049+0800][3.068s][debug][gc,humongous      ] GC(26) Live humongous region 384 object size 1048592 start 0x00000000f8000000  with remset 0 code roots 0 is marked 0 reclaim candidate 0 type array 1
[2024-12-07T17:08:11.049+0800][3.068s][debug][gc,humongous      ] GC(26) Live humongous region 386 object size 1048592 start 0x00000000f8200000  with remset 0 code roots 0 is marked 0 reclaim candidate 0 type array 1
[2024-12-07T17:08:11.049+0800][3.068s][debug][gc,humongous      ] GC(26) Live humongous region 388 object size 1048592 start 0x00000000f8400000  with remset 0 code roots 0 is marked 0 reclaim candidate 0 type array 1
[2024-12-07T17:08:11.049+0800][3.068s][debug][gc,humongous      ] GC(26) Live humongous region 390 object size 1048592 start 0x00000000f8600000  with remset 0 code roots 0 is marked 0 reclaim candidate 0 type array 1
[2024-12-07T17:08:11.049+0800][3.068s][debug][gc,humongous      ] GC(26) Live humongous region 392 object size 1048592 start 0x00000000f8800000  with remset 0 code roots 0 is marked 0 reclaim candidate 0 type array 1
[2024-12-07T17:08:11.049+0800][3.069s][debug][gc,humongous      ] GC(26) Live humongous region 394 object size 1048592 start 0x00000000f8a00000  with remset 0 code roots 0 is marked 0 reclaim candidate 0 type array 1
[2024-12-07T17:08:11.049+0800][3.069s][debug][gc,humongous      ] GC(26) Live humongous region 396 object size 1048592 start 0x00000000f8c00000  with remset 0 code roots 0 is marked 0 reclaim candidate 0 type array 1
[2024-12-07T17:08:11.050+0800][3.069s][debug][gc,humongous      ] GC(26) Live humongous region 398 object size 1048592 start 0x00000000f8e00000  with remset 0 code roots 0 is marked 0 reclaim candidate 0 type array 1
[2024-12-07T17:08:11.050+0800][3.069s][debug][gc,humongous      ] GC(26) Live humongous region 400 object size 1048592 start 0x00000000f9000000  with remset 0 code roots 0 is marked 0 reclaim candidate 0 type array 1
[2024-12-07T17:08:11.050+0800][3.069s][debug][gc,humongous      ] GC(26) Live humongous region 402 object size 1048592 start 0x00000000f9200000  with remset 0 code roots 0 is marked 0 reclaim candidate 0 type array 1
[2024-12-07T17:08:11.050+0800][3.069s][debug][gc,humongous      ] GC(26) Live humongous region 404 object size 1048592 start 0x00000000f9400000  with remset 0 code roots 0 is marked 0 reclaim candidate 0 type array 1
[2024-12-07T17:08:11.050+0800][3.069s][debug][gc,humongous      ] GC(26) Live humongous region 406 object size 1048592 start 0x00000000f9600000  with remset 0 code roots 0 is marked 0 reclaim candidate 0 type array 1
[2024-12-07T17:08:11.050+0800][3.069s][debug][gc,humongous      ] GC(26) Live humongous region 408 object size 1048592 start 0x00000000f9800000  with remset 0 code roots 0 is marked 0 reclaim candidate 0 type array 1
[2024-12-07T17:08:11.050+0800][3.069s][debug][gc,humongous      ] GC(26) Live humongous region 410 object size 1048592 start 0x00000000f9a00000  with remset 0 code roots 0 is marked 0 reclaim candidate 0 type array 1
[2024-12-07T17:08:11.050+0800][3.069s][debug][gc,humongous      ] GC(26) Live humongous region 412 object size 1048592 start 0x00000000f9c00000  with remset 0 code roots 0 is marked 0 reclaim candidate 0 type array 1
[2024-12-07T17:08:11.050+0800][3.069s][debug][gc,humongous      ] GC(26) Live humongous region 414 object size 1048592 start 0x00000000f9e00000  with remset 0 code roots 0 is marked 0 reclaim candidate 0 type array 1
[2024-12-07T17:08:11.050+0800][3.069s][debug][gc,humongous      ] GC(26) Live humongous region 416 object size 1048592 start 0x00000000fa000000  with remset 0 code roots 0 is marked 0 reclaim candidate 0 type array 1
[2024-12-07T17:08:11.050+0800][3.070s][debug][gc,humongous      ] GC(26) Live humongous region 418 object size 1048592 start 0x00000000fa200000  with remset 0 code roots 0 is marked 0 reclaim candidate 0 type array 1
[2024-12-07T17:08:11.050+0800][3.070s][debug][gc,humongous      ] GC(26) Live humongous region 420 object size 1048592 start 0x00000000fa400000  with remset 0 code roots 0 is marked 0 reclaim candidate 0 type array 1
[2024-12-07T17:08:11.051+0800][3.070s][debug][gc,humongous      ] GC(26) Live humongous region 422 object size 1048592 start 0x00000000fa600000  with remset 0 code roots 0 is marked 0 reclaim candidate 0 type array 1
[2024-12-07T17:08:11.051+0800][3.070s][debug][gc,humongous      ] GC(26) Live humongous region 424 object size 1048592 start 0x00000000fa800000  with remset 0 code roots 0 is marked 0 reclaim candidate 0 type array 1
[2024-12-07T17:08:11.051+0800][3.070s][debug][gc,humongous      ] GC(26) Live humongous region 426 object size 1048592 start 0x00000000faa00000  with remset 0 code roots 0 is marked 0 reclaim candidate 0 type array 1
[2024-12-07T17:08:11.051+0800][3.070s][debug][gc,humongous      ] GC(26) Live humongous region 428 object size 1048592 start 0x00000000fac00000  with remset 0 code roots 0 is marked 0 reclaim candidate 0 type array 1
[2024-12-07T17:08:11.051+0800][3.070s][debug][gc,humongous      ] GC(26) Live humongous region 430 object size 1048592 start 0x00000000fae00000  with remset 0 code roots 0 is marked 0 reclaim candidate 0 type array 1
[2024-12-07T17:08:11.051+0800][3.070s][debug][gc,humongous      ] GC(26) Live humongous region 432 object size 1048592 start 0x00000000fb000000  with remset 0 code roots 0 is marked 0 reclaim candidate 0 type array 1
[2024-12-07T17:08:11.051+0800][3.070s][debug][gc,humongous      ] GC(26) Live humongous region 434 object size 1048592 start 0x00000000fb200000  with remset 0 code roots 0 is marked 0 reclaim candidate 0 type array 1
[2024-12-07T17:08:11.051+0800][3.070s][debug][gc,humongous      ] GC(26) Live humongous region 436 object size 1048592 start 0x00000000fb400000  with remset 0 code roots 0 is marked 0 reclaim candidate 0 type array 1
[2024-12-07T17:08:11.051+0800][3.070s][debug][gc,humongous      ] GC(26) Live humongous region 438 object size 1048592 start 0x00000000fb600000  with remset 0 code roots 0 is marked 0 reclaim candidate 0 type array 1
[2024-12-07T17:08:11.051+0800][3.071s][debug][gc,humongous      ] GC(26) Live humongous region 440 object size 1048592 start 0x00000000fb800000  with remset 0 code roots 0 is marked 0 reclaim candidate 0 type array 1
[2024-12-07T17:08:11.051+0800][3.071s][debug][gc,humongous      ] GC(26) Live humongous region 442 object size 1048592 start 0x00000000fba00000  with remset 0 code roots 0 is marked 0 reclaim candidate 0 type array 1
[2024-12-07T17:08:11.052+0800][3.071s][debug][gc,humongous      ] GC(26) Live humongous region 444 object size 1048592 start 0x00000000fbc00000  with remset 0 code roots 0 is marked 0 reclaim candidate 0 type array 1
[2024-12-07T17:08:11.052+0800][3.071s][debug][gc,humongous      ] GC(26) Live humongous region 446 object size 1048592 start 0x00000000fbe00000  with remset 0 code roots 0 is marked 0 reclaim candidate 0 type array 1
[2024-12-07T17:08:11.052+0800][3.071s][debug][gc,humongous      ] GC(26) Live humongous region 448 object size 1048592 start 0x00000000fc000000  with remset 0 code roots 0 is marked 0 reclaim candidate 0 type array 1
[2024-12-07T17:08:11.052+0800][3.071s][debug][gc,humongous      ] GC(26) Live humongous region 450 object size 1048592 start 0x00000000fc200000  with remset 0 code roots 0 is marked 0 reclaim candidate 0 type array 1
[2024-12-07T17:08:11.052+0800][3.071s][debug][gc,humongous      ] GC(26) Live humongous region 452 object size 1048592 start 0x00000000fc400000  with remset 0 code roots 0 is marked 0 reclaim candidate 0 type array 1
[2024-12-07T17:08:11.052+0800][3.071s][debug][gc,humongous      ] GC(26) Live humongous region 454 object size 1048592 start 0x00000000fc600000  with remset 0 code roots 0 is marked 0 reclaim candidate 0 type array 1
[2024-12-07T17:08:11.052+0800][3.071s][debug][gc,humongous      ] GC(26) Live humongous region 456 object size 1048592 start 0x00000000fc800000  with remset 0 code roots 0 is marked 0 reclaim candidate 0 type array 1
[2024-12-07T17:08:11.052+0800][3.071s][debug][gc,humongous      ] GC(26) Live humongous region 458 object size 1048592 start 0x00000000fca00000  with remset 0 code roots 0 is marked 0 reclaim candidate 0 type array 1
[2024-12-07T17:08:11.052+0800][3.071s][debug][gc,humongous      ] GC(26) Live humongous region 460 object size 1048592 start 0x00000000fcc00000  with remset 0 code roots 0 is marked 0 reclaim candidate 0 type array 1
[2024-12-07T17:08:11.052+0800][3.071s][debug][gc,humongous      ] GC(26) Live humongous region 462 object size 1048592 start 0x00000000fce00000  with remset 0 code roots 0 is marked 0 reclaim candidate 0 type array 1
[2024-12-07T17:08:11.052+0800][3.072s][debug][gc,humongous      ] GC(26) Live humongous region 464 object size 1048592 start 0x00000000fd000000  with remset 0 code roots 0 is marked 0 reclaim candidate 0 type array 1
[2024-12-07T17:08:11.052+0800][3.072s][debug][gc,humongous      ] GC(26) Live humongous region 466 object size 1048592 start 0x00000000fd200000  with remset 0 code roots 0 is marked 0 reclaim candidate 0 type array 1
[2024-12-07T17:08:11.053+0800][3.072s][debug][gc,humongous      ] GC(26) Live humongous region 468 object size 1048592 start 0x00000000fd400000  with remset 0 code roots 0 is marked 0 reclaim candidate 0 type array 1
[2024-12-07T17:08:11.053+0800][3.072s][debug][gc,humongous      ] GC(26) Live humongous region 470 object size 1048592 start 0x00000000fd600000  with remset 0 code roots 0 is marked 0 reclaim candidate 0 type array 1
[2024-12-07T17:08:11.053+0800][3.072s][debug][gc,humongous      ] GC(26) Live humongous region 472 object size 1048592 start 0x00000000fd800000  with remset 0 code roots 0 is marked 0 reclaim candidate 0 type array 1
[2024-12-07T17:08:11.053+0800][3.072s][debug][gc,humongous      ] GC(26) Live humongous region 474 object size 1048592 start 0x00000000fda00000  with remset 0 code roots 0 is marked 0 reclaim candidate 0 type array 1
[2024-12-07T17:08:11.053+0800][3.072s][debug][gc,humongous      ] GC(26) Live humongous region 476 object size 1048592 start 0x00000000fdc00000  with remset 0 code roots 0 is marked 0 reclaim candidate 0 type array 1
[2024-12-07T17:08:11.053+0800][3.072s][debug][gc,humongous      ] GC(26) Live humongous region 478 object size 1048592 start 0x00000000fde00000  with remset 0 code roots 0 is marked 0 reclaim candidate 0 type array 1
[2024-12-07T17:08:11.053+0800][3.072s][debug][gc,plab           ] GC(26) Young PLAB allocation: allocated: 399360B, wasted: 2288B, unused: 30760B, used: 366312B, undo waste: 0B, 
[2024-12-07T17:08:11.053+0800][3.072s][debug][gc,plab           ] GC(26) Young other allocation: region end waste: 0B, regions filled: 1, direct allocated: 71824B, failure used: 0B, failure wasted: 0B
[2024-12-07T17:08:11.053+0800][3.072s][debug][gc,plab           ] GC(26) Young sizing: calculated: 73256B, actual: 73384B
[2024-12-07T17:08:11.053+0800][3.073s][debug][gc,plab           ] GC(26) Old PLAB allocation: allocated: 0B, wasted: 0B, unused: 0B, used: 0B, undo waste: 0B, 
[2024-12-07T17:08:11.053+0800][3.073s][debug][gc,plab           ] GC(26) Old other allocation: region end waste: 0B, regions filled: 0, direct allocated: 0B, failure used: 0B, failure wasted: 0B
[2024-12-07T17:08:11.054+0800][3.073s][debug][gc,plab           ] GC(26) Old sizing: calculated: 0B, actual: 2064B
[2024-12-07T17:08:11.054+0800][3.073s][debug][gc,ergo,heap      ] GC(26) Attempt heap expansion (recent GC overhead higher than threshold after GC) recent GC overhead: 17.49 % threshold: 7.69 % uncommitted: 7340032B base expansion amount and scale: 1468006B (100.00%)
[2024-12-07T17:08:11.054+0800][3.073s][debug][gc,ergo,heap      ] GC(26) Expand the heap. requested expansion amount: 1468006B expansion amount: 2097152B
[2024-12-07T17:08:11.054+0800][3.073s][debug][gc,ihop           ] GC(26) Target occupancy update: old: 529530880B, new: 531628032B
[2024-12-07T17:08:11.054+0800][3.073s][debug][gc,alloc,stats    ] Old generation allocation in the last mutator period, old gen allocated: 0B, humongous allocated: 20971520B,old gen growth: 20971520B.
[2024-12-07T17:08:11.054+0800][3.073s][debug][gc,ihop           ] GC(26) Basic information (value update), threshold: 239232614B (45.00), target occupancy: 531628032B, current occupancy: 504524944B, recent allocation size: 20971520B, recent allocation duration: 90.28ms, recent old gen allocation rate: 232295340.84B/s, recent marking phase length: 0.00ms
[2024-12-07T17:08:11.054+0800][3.073s][debug][gc,ihop           ] GC(26) Adaptive IHOP information (value update), threshold: 239232614B (52.42), internal target occupancy: 456340275B, occupancy: 504524944B, additional buffer size: 26214400B, predicted old gen allocation rate: 204769119.90B/s, predicted marking phase length: 0.00ms, prediction active: false
[2024-12-07T17:08:11.054+0800][3.073s][debug][gc,ergo,refine    ] GC(26) Updated Refinement Zones: green: 18, yellow: 54, red: 90
[2024-12-07T17:08:11.054+0800][3.073s][info ][gc,phases         ] GC(26)   Pre Evacuate Collection Set: 0.3ms
[2024-12-07T17:08:11.054+0800][3.074s][debug][gc,phases         ] GC(26)     Prepare TLABs: 0.3ms
[2024-12-07T17:08:11.054+0800][3.074s][debug][gc,phases         ] GC(26)     Choose Collection Set: 0.2ms
[2024-12-07T17:08:11.055+0800][3.074s][debug][gc,phases         ] GC(26)     Humongous Register: 0.0ms
[2024-12-07T17:08:11.055+0800][3.074s][debug][gc,phases         ] GC(26)     Clear Claimed Marks: 0.0ms
[2024-12-07T17:08:11.055+0800][3.074s][info ][gc,phases         ] GC(26)   Evacuate Collection Set: 9.6ms
[2024-12-07T17:08:11.055+0800][3.074s][debug][gc,phases         ] GC(26)     Ext Root Scanning (ms):   Min:  0.1, Avg:  0.4, Max:  0.7, Diff:  0.6, Sum:  4.6, Workers: 12
[2024-12-07T17:08:11.055+0800][3.074s][debug][gc,phases         ] GC(26)     Update RS (ms):           Min:  0.0, Avg:  0.3, Max:  0.9, Diff:  0.9, Sum:  4.1, Workers: 12
[2024-12-07T17:08:11.055+0800][3.074s][debug][gc,phases         ] GC(26)       Processed Buffers:        Min: 0, Avg:  0.7, Max: 1, Diff: 1, Sum: 8, Workers: 12
[2024-12-07T17:08:11.055+0800][3.074s][debug][gc,phases         ] GC(26)       Scanned Cards:            Min: 0, Avg: 18.5, Max: 47, Diff: 47, Sum: 222, Workers: 12
[2024-12-07T17:08:11.055+0800][3.074s][debug][gc,phases         ] GC(26)       Skipped Cards:            Min: 0, Avg:  4.3, Max: 18, Diff: 18, Sum: 52, Workers: 12
[2024-12-07T17:08:11.055+0800][3.074s][debug][gc,phases         ] GC(26)     Scan RS (ms):             Min:  0.0, Avg:  0.5, Max:  3.9, Diff:  3.9, Sum:  6.5, Workers: 12
[2024-12-07T17:08:11.055+0800][3.074s][debug][gc,phases         ] GC(26)       Scanned Cards:            Min: 0, Avg: 17.1, Max: 63, Diff: 63, Sum: 205, Workers: 12
[2024-12-07T17:08:11.055+0800][3.075s][debug][gc,phases         ] GC(26)       Claimed Cards:            Min: 0, Avg: 18.5, Max: 64, Diff: 64, Sum: 222, Workers: 12
[2024-12-07T17:08:11.055+0800][3.075s][debug][gc,phases         ] GC(26)       Skipped Cards:            Min: 0, Avg: 74.0, Max: 222, Diff: 222, Sum: 888, Workers: 12
[2024-12-07T17:08:11.056+0800][3.075s][debug][gc,phases         ] GC(26)     Code Root Scanning (ms):  Min:  0.0, Avg:  0.0, Max:  0.1, Diff:  0.1, Sum:  0.1, Workers: 12
[2024-12-07T17:08:11.056+0800][3.075s][debug][gc,phases         ] GC(26)     AOT Root Scanning (ms):   skipped
[2024-12-07T17:08:11.056+0800][3.075s][debug][gc,phases         ] GC(26)     Object Copy (ms):         Min:  0.0, Avg:  0.1, Max:  0.4, Diff:  0.4, Sum:  1.4, Workers: 12
[2024-12-07T17:08:11.056+0800][3.075s][debug][gc,phases         ] GC(26)     Termination (ms):         Min:  0.0, Avg:  3.3, Max:  4.3, Diff:  4.3, Sum: 39.9, Workers: 12
[2024-12-07T17:08:11.056+0800][3.075s][debug][gc,phases         ] GC(26)       Termination Attempts:     Min: 1, Avg:  7.4, Max: 14, Diff: 13, Sum: 89, Workers: 12
[2024-12-07T17:08:11.056+0800][3.075s][debug][gc,phases         ] GC(26)     GC Worker Other (ms):     Min:  0.8, Avg:  2.5, Max:  3.9, Diff:  3.1, Sum: 30.4, Workers: 12
[2024-12-07T17:08:11.056+0800][3.075s][debug][gc,phases         ] GC(26)     GC Worker Total (ms):     Min:  5.3, Avg:  7.3, Max:  8.4, Diff:  3.1, Sum: 87.1, Workers: 12
[2024-12-07T17:08:11.056+0800][3.075s][info ][gc,phases         ] GC(26)   Post Evacuate Collection Set: 22.8ms
[2024-12-07T17:08:11.056+0800][3.075s][debug][gc,phases         ] GC(26)     Code Roots Fixup: 0.0ms
[2024-12-07T17:08:11.056+0800][3.076s][debug][gc,phases         ] GC(26)     Clear Card Table: 0.2ms
[2024-12-07T17:08:11.056+0800][3.076s][debug][gc,phases         ] GC(26)     Reference Processing: 0.4ms
[2024-12-07T17:08:11.057+0800][3.076s][debug][gc,phases,ref     ] GC(26)       Reconsider SoftReferences: 0.1ms
[2024-12-07T17:08:11.057+0800][3.076s][debug][gc,phases,ref     ] GC(26)         SoftRef (ms):             skipped
[2024-12-07T17:08:11.057+0800][3.076s][debug][gc,phases,ref     ] GC(26)       Notify Soft/WeakReferences: 0.0ms
[2024-12-07T17:08:11.057+0800][3.076s][debug][gc,phases,ref     ] GC(26)         SoftRef (ms):             Min:  0.0, Avg:  0.0, Max:  0.0, Diff:  0.0, Sum:  0.0, Workers: 1
[2024-12-07T17:08:11.057+0800][3.076s][debug][gc,phases,ref     ] GC(26)         WeakRef (ms):             Min:  0.0, Avg:  0.0, Max:  0.0, Diff:  0.0, Sum:  0.0, Workers: 1
[2024-12-07T17:08:11.057+0800][3.076s][debug][gc,phases,ref     ] GC(26)         FinalRef (ms):            Min:  0.0, Avg:  0.0, Max:  0.0, Diff:  0.0, Sum:  0.0, Workers: 1
[2024-12-07T17:08:11.057+0800][3.076s][debug][gc,phases,ref     ] GC(26)         Total (ms):               Min:  0.0, Avg:  0.0, Max:  0.0, Diff:  0.0, Sum:  0.0, Workers: 1
[2024-12-07T17:08:11.057+0800][3.076s][debug][gc,phases,ref     ] GC(26)       Notify and keep alive finalizable: 0.2ms
[2024-12-07T17:08:11.057+0800][3.076s][debug][gc,phases,ref     ] GC(26)         FinalRef (ms):            skipped
[2024-12-07T17:08:11.057+0800][3.076s][debug][gc,phases,ref     ] GC(26)       Notify PhantomReferences: 0.0ms
[2024-12-07T17:08:11.057+0800][3.077s][debug][gc,phases,ref     ] GC(26)         PhantomRef (ms):          Min:  0.0, Avg:  0.0, Max:  0.0, Diff:  0.0, Sum:  0.0, Workers: 1
[2024-12-07T17:08:11.057+0800][3.077s][debug][gc,phases,ref     ] GC(26)       SoftReference:
[2024-12-07T17:08:11.058+0800][3.077s][debug][gc,phases,ref     ] GC(26)         Discovered: 0
[2024-12-07T17:08:11.058+0800][3.077s][debug][gc,phases,ref     ] GC(26)         Cleared: 0
[2024-12-07T17:08:11.058+0800][3.077s][debug][gc,phases,ref     ] GC(26)       WeakReference:
[2024-12-07T17:08:11.058+0800][3.077s][debug][gc,phases,ref     ] GC(26)         Discovered: 6
[2024-12-07T17:08:11.058+0800][3.077s][debug][gc,phases,ref     ] GC(26)         Cleared: 6
[2024-12-07T17:08:11.058+0800][3.077s][debug][gc,phases,ref     ] GC(26)       FinalReference:
[2024-12-07T17:08:11.058+0800][3.077s][debug][gc,phases,ref     ] GC(26)         Discovered: 0
[2024-12-07T17:08:11.058+0800][3.077s][debug][gc,phases,ref     ] GC(26)         Cleared: 0
[2024-12-07T17:08:11.058+0800][3.077s][debug][gc,phases,ref     ] GC(26)       PhantomReference:
[2024-12-07T17:08:11.058+0800][3.077s][debug][gc,phases,ref     ] GC(26)         Discovered: 4
[2024-12-07T17:08:11.058+0800][3.078s][debug][gc,phases,ref     ] GC(26)         Cleared: 4
[2024-12-07T17:08:11.058+0800][3.078s][debug][gc,phases         ] GC(26)     Weak Processing: 0.0ms
[2024-12-07T17:08:11.059+0800][3.078s][debug][gc,phases         ] GC(26)     Merge Per-Thread State: 0.0ms
[2024-12-07T17:08:11.059+0800][3.078s][debug][gc,phases         ] GC(26)     Code Roots Purge: 0.0ms
[2024-12-07T17:08:11.059+0800][3.078s][debug][gc,phases         ] GC(26)     Redirty Cards: 0.2ms
[2024-12-07T17:08:11.059+0800][3.078s][debug][gc,phases         ] GC(26)     DerivedPointerTable Update: 0.0ms
[2024-12-07T17:08:11.059+0800][3.078s][debug][gc,phases         ] GC(26)     Free Collection Set: 0.2ms
[2024-12-07T17:08:11.059+0800][3.078s][debug][gc,phases         ] GC(26)     Humongous Reclaim: 21.9ms
[2024-12-07T17:08:11.059+0800][3.078s][debug][gc,phases         ] GC(26)     Start New Collection Set: 0.0ms
[2024-12-07T17:08:11.059+0800][3.078s][debug][gc,phases         ] GC(26)     Resize TLABs: 0.0ms
[2024-12-07T17:08:11.059+0800][3.079s][debug][gc,phases         ] GC(26)     Expand Heap After Collection: 0.0ms
[2024-12-07T17:08:11.059+0800][3.079s][info ][gc,phases         ] GC(26)   Other: 4.6ms
[2024-12-07T17:08:11.060+0800][3.079s][info ][gc,heap           ] GC(26) Eden regions: 1->0(24)
[2024-12-07T17:08:11.060+0800][3.079s][info ][gc,heap           ] GC(26) Survivor regions: 1->1(4)
[2024-12-07T17:08:11.060+0800][3.079s][info ][gc,heap           ] GC(26) Old regions: 2->2
[2024-12-07T17:08:11.060+0800][3.079s][info ][gc,heap           ] GC(26) Humongous regions: 480->480
[2024-12-07T17:08:11.060+0800][3.079s][info ][gc,metaspace      ] GC(26) Metaspace: 558K(4864K)->558K(4864K) NonClass: 512K(4352K)->512K(4352K) Class: 46K(512K)->46K(512K)
[2024-12-07T17:08:11.060+0800][3.079s][debug][gc,heap           ] GC(26) Heap after GC invocations=27 (full 0): garbage-first heap   total 519168K, used 492700K [0x00000000e0000000, 0x0000000100000000)
[2024-12-07T17:08:11.060+0800][3.079s][debug][gc,heap           ] GC(26)   region size 1024K, 1 young (1024K), 1 survivors (1024K)
[2024-12-07T17:08:11.060+0800][3.079s][debug][gc,heap           ] GC(26)  Metaspace       used 558K, capacity 4570K, committed 4864K, reserved 1056768K
[2024-12-07T17:08:11.060+0800][3.079s][debug][gc,heap           ] GC(26)   class space    used 46K, capacity 419K, committed 512K, reserved 1048576K
[2024-12-07T17:08:11.060+0800][3.080s][info ][gc                ] GC(26) Pause Young (Concurrent Start) (G1 Humongous Allocation) 481M->481M(507M) 41.452ms
[2024-12-07T17:08:11.060+0800][3.080s][info ][gc,cpu            ] GC(26) User=0.05s Sys=0.00s Real=0.04s
[2024-12-07T17:08:11.061+0800][3.080s][info ][gc                ] GC(27) Concurrent Cycle
[2024-12-07T17:08:11.061+0800][3.080s][info ][gc,marking        ] GC(27) Concurrent Clear Claimed Marks
[2024-12-07T17:08:11.061+0800][3.080s][info ][gc,marking        ] GC(27) Concurrent Clear Claimed Marks 0.089ms
[2024-12-07T17:08:11.061+0800][3.080s][info ][gc,marking        ] GC(27) Concurrent Scan Root Regions
[2024-12-07T17:08:11.061+0800][3.080s][debug][gc,ergo           ] GC(27) Running G1 Root Region Scan using 1 workers for 1 work units.
[2024-12-07T17:08:11.061+0800][3.080s][info ][gc,marking        ] GC(27) Concurrent Scan Root Regions 0.473ms
[2024-12-07T17:08:11.061+0800][3.081s][info ][gc,marking        ] GC(27) Concurrent Mark (3.081s)
[2024-12-07T17:08:11.061+0800][3.081s][info ][gc,marking        ] GC(27) Concurrent Mark From Roots
[2024-12-07T17:08:11.062+0800][3.081s][info ][gc,task           ] GC(27) Using 5 workers of 5 for marking
[2024-12-07T17:08:11.062+0800][3.081s][debug][gc,stats          ] ---------------------------------------------------------------------
[2024-12-07T17:08:11.062+0800][3.081s][debug][gc,stats          ] Marking Stats, task = 0, calls = 29
[2024-12-07T17:08:11.062+0800][3.081s][debug][gc,stats          ]   Elapsed time = 0.44ms, Termination time = 0.00ms
[2024-12-07T17:08:11.062+0800][3.082s][debug][gc,stats          ]   Step Times (cum): num = 1334, avg = 0.01ms, sd = 0.15ms max = 3.57ms, total = 12.81ms
[2024-12-07T17:08:11.062+0800][3.082s][debug][gc,stats          ]   Mark Stats Cache: hits 3209 misses 241 ratio 93.014
[2024-12-07T17:08:11.063+0800][3.082s][debug][gc,stats          ] ---------------------------------------------------------------------
[2024-12-07T17:08:11.063+0800][3.082s][debug][gc,stats          ] Marking Stats, task = 1, calls = 32
[2024-12-07T17:08:11.063+0800][3.082s][debug][gc,stats          ]   Elapsed time = 0.42ms, Termination time = 0.00ms
[2024-12-07T17:08:11.063+0800][3.082s][debug][gc,stats          ]   Step Times (cum): num = 330, avg = 0.04ms, sd = 0.29ms max = 3.56ms, total = 12.66ms
[2024-12-07T17:08:11.063+0800][3.082s][debug][gc,stats          ]   Mark Stats Cache: hits 625 misses 2 ratio 99.681
[2024-12-07T17:08:11.063+0800][3.082s][debug][gc,stats          ] ---------------------------------------------------------------------
[2024-12-07T17:08:11.063+0800][3.082s][debug][gc,stats          ] Marking Stats, task = 2, calls = 24
[2024-12-07T17:08:11.063+0800][3.082s][debug][gc,stats          ]   Elapsed time = 0.42ms, Termination time = 0.00ms
[2024-12-07T17:08:11.063+0800][3.082s][debug][gc,stats          ]   Step Times (cum): num = 457, avg = 0.03ms, sd = 0.24ms max = 3.57ms, total = 12.22ms
[2024-12-07T17:08:11.063+0800][3.083s][debug][gc,stats          ]   Mark Stats Cache: hits 1894 misses 2 ratio 99.895
[2024-12-07T17:08:11.063+0800][3.083s][debug][gc,stats          ] ---------------------------------------------------------------------
[2024-12-07T17:08:11.064+0800][3.083s][debug][gc,stats          ] Marking Stats, task = 3, calls = 32
[2024-12-07T17:08:11.064+0800][3.083s][debug][gc,stats          ]   Elapsed time = 0.41ms, Termination time = 0.00ms
[2024-12-07T17:08:11.064+0800][3.083s][debug][gc,stats          ]   Step Times (cum): num = 387, avg = 0.03ms, sd = 0.27ms max = 3.57ms, total = 12.65ms
[2024-12-07T17:08:11.064+0800][3.083s][debug][gc,stats          ]   Mark Stats Cache: hits 476 misses 1 ratio 99.790
[2024-12-07T17:08:11.064+0800][3.083s][debug][gc,stats          ] ---------------------------------------------------------------------
[2024-12-07T17:08:11.064+0800][3.083s][debug][gc,stats          ] Marking Stats, task = 4, calls = 1
[2024-12-07T17:08:11.064+0800][3.083s][debug][gc,stats          ]   Elapsed time = 0.40ms, Termination time = 0.00ms
[2024-12-07T17:08:11.064+0800][3.083s][debug][gc,stats          ]   Step Times (cum): num = 385, avg = 0.03ms, sd = 0.27ms max = 3.57ms, total = 12.30ms
[2024-12-07T17:08:11.064+0800][3.084s][debug][gc,stats          ]   Mark Stats Cache: hits 4281 misses 2 ratio 99.953
[2024-12-07T17:08:11.065+0800][3.084s][debug][gc,stats          ] ---------------------------------------------------------------------
[2024-12-07T17:08:11.065+0800][3.084s][info ][gc,marking        ] GC(27) Concurrent Mark From Roots 3.183ms
[2024-12-07T17:08:11.065+0800][3.084s][info ][gc,marking        ] GC(27) Concurrent Preclean
[2024-12-07T17:08:11.065+0800][3.084s][debug][gc,ref,start      ] GC(27) Preclean SoftReferences
[2024-12-07T17:08:11.065+0800][3.084s][debug][gc,ref            ] GC(27) Preclean SoftReferences 0.114ms
[2024-12-07T17:08:11.065+0800][3.084s][debug][gc,ref,start      ] GC(27) Preclean WeakReferences
[2024-12-07T17:08:11.065+0800][3.084s][debug][gc,ref            ] GC(27) Preclean WeakReferences 0.102ms
[2024-12-07T17:08:11.065+0800][3.084s][debug][gc,ref,start      ] GC(27) Preclean FinalReferences
[2024-12-07T17:08:11.065+0800][3.085s][debug][gc,ref            ] GC(27) Preclean FinalReferences 0.115ms
[2024-12-07T17:08:11.065+0800][3.085s][debug][gc,ref,start      ] GC(27) Preclean PhantomReferences
[2024-12-07T17:08:11.066+0800][3.085s][debug][gc,ref            ] GC(27) Preclean PhantomReferences 0.112ms
[2024-12-07T17:08:11.066+0800][3.085s][info ][gc,marking        ] GC(27) Concurrent Preclean 0.964ms
[2024-12-07T17:08:11.066+0800][3.085s][info ][gc,marking        ] GC(27) Concurrent Mark (3.081s, 3.085s) 4.414ms
[2024-12-07T17:08:11.066+0800][3.085s][info ][gc,start          ] GC(27) Pause Remark
[2024-12-07T17:08:11.066+0800][3.085s][debug][gc,phases,start   ] GC(27) Finalize Marking
[2024-12-07T17:08:11.066+0800][3.086s][debug][gc,stats          ] ---------------------------------------------------------------------
[2024-12-07T17:08:11.067+0800][3.086s][debug][gc,stats          ] Marking Stats, task = 0, calls = 102
[2024-12-07T17:08:11.067+0800][3.086s][debug][gc,stats          ]   Elapsed time = 0.15ms, Termination time = 0.00ms
[2024-12-07T17:08:11.067+0800][3.086s][debug][gc,stats          ]   Step Times (cum): num = 1407, avg = 0.01ms, sd = 0.14ms max = 3.57ms, total = 12.81ms
[2024-12-07T17:08:11.067+0800][3.086s][debug][gc,stats          ]   Mark Stats Cache: hits 3209 misses 241 ratio 93.014
[2024-12-07T17:08:11.067+0800][3.086s][debug][gc,stats          ] ---------------------------------------------------------------------
[2024-12-07T17:08:11.067+0800][3.086s][debug][gc,stats          ] Marking Stats, task = 1, calls = 33
[2024-12-07T17:08:11.067+0800][3.086s][debug][gc,stats          ]   Elapsed time = 0.15ms, Termination time = 0.00ms
[2024-12-07T17:08:11.067+0800][3.086s][debug][gc,stats          ]   Step Times (cum): num = 331, avg = 0.04ms, sd = 0.29ms max = 3.56ms, total = 12.66ms
[2024-12-07T17:08:11.067+0800][3.086s][debug][gc,stats          ]   Mark Stats Cache: hits 625 misses 2 ratio 99.681
[2024-12-07T17:08:11.067+0800][3.087s][debug][gc,stats          ] ---------------------------------------------------------------------
[2024-12-07T17:08:11.067+0800][3.087s][debug][gc,stats          ] Marking Stats, task = 2, calls = 25
[2024-12-07T17:08:11.068+0800][3.087s][debug][gc,stats          ]   Elapsed time = 0.15ms, Termination time = 0.00ms
[2024-12-07T17:08:11.068+0800][3.087s][debug][gc,stats          ]   Step Times (cum): num = 458, avg = 0.03ms, sd = 0.24ms max = 3.57ms, total = 12.22ms
[2024-12-07T17:08:11.068+0800][3.087s][debug][gc,stats          ]   Mark Stats Cache: hits 1894 misses 2 ratio 99.895
[2024-12-07T17:08:11.068+0800][3.087s][debug][gc,stats          ] ---------------------------------------------------------------------
[2024-12-07T17:08:11.068+0800][3.087s][debug][gc,stats          ] Marking Stats, task = 3, calls = 33
[2024-12-07T17:08:11.068+0800][3.087s][debug][gc,stats          ]   Elapsed time = 0.15ms, Termination time = 0.00ms
[2024-12-07T17:08:11.068+0800][3.087s][debug][gc,stats          ]   Step Times (cum): num = 388, avg = 0.03ms, sd = 0.27ms max = 3.57ms, total = 12.65ms
[2024-12-07T17:08:11.068+0800][3.087s][debug][gc,stats          ]   Mark Stats Cache: hits 476 misses 1 ratio 99.790
[2024-12-07T17:08:11.068+0800][3.087s][debug][gc,stats          ] ---------------------------------------------------------------------
[2024-12-07T17:08:11.068+0800][3.087s][debug][gc,stats          ] Marking Stats, task = 4, calls = 2
[2024-12-07T17:08:11.068+0800][3.088s][debug][gc,stats          ]   Elapsed time = 0.15ms, Termination time = 0.00ms
[2024-12-07T17:08:11.068+0800][3.088s][debug][gc,stats          ]   Step Times (cum): num = 386, avg = 0.03ms, sd = 0.27ms max = 3.57ms, total = 12.30ms
[2024-12-07T17:08:11.069+0800][3.088s][debug][gc,stats          ]   Mark Stats Cache: hits 4281 misses 2 ratio 99.953
[2024-12-07T17:08:11.069+0800][3.088s][debug][gc,stats          ] ---------------------------------------------------------------------
[2024-12-07T17:08:11.069+0800][3.088s][debug][gc,stats          ] Marking Stats, task = 5, calls = 1
[2024-12-07T17:08:11.069+0800][3.088s][debug][gc,stats          ]   Elapsed time = 0.07ms, Termination time = 0.00ms
[2024-12-07T17:08:11.069+0800][3.088s][debug][gc,stats          ]   Step Times (cum): num = 14, avg = 0.85ms, sd = 1.12ms max = 3.61ms, total = 11.91ms
[2024-12-07T17:08:11.069+0800][3.088s][debug][gc,stats          ]   Mark Stats Cache: hits 0 misses 0 ratio 0.000
[2024-12-07T17:08:11.069+0800][3.088s][debug][gc,stats          ] ---------------------------------------------------------------------
[2024-12-07T17:08:11.069+0800][3.088s][debug][gc,stats          ] Marking Stats, task = 6, calls = 1
[2024-12-07T17:08:11.069+0800][3.088s][debug][gc,stats          ]   Elapsed time = 0.07ms, Termination time = 0.00ms
[2024-12-07T17:08:11.069+0800][3.089s][debug][gc,stats          ]   Step Times (cum): num = 14, avg = 0.88ms, sd = 1.13ms max = 3.57ms, total = 12.36ms
[2024-12-07T17:08:11.069+0800][3.089s][debug][gc,stats          ]   Mark Stats Cache: hits 0 misses 0 ratio 0.000
[2024-12-07T17:08:11.070+0800][3.089s][debug][gc,stats          ] ---------------------------------------------------------------------
[2024-12-07T17:08:11.070+0800][3.089s][debug][gc,stats          ] Marking Stats, task = 7, calls = 1
[2024-12-07T17:08:11.070+0800][3.089s][debug][gc,stats          ]   Elapsed time = 0.07ms, Termination time = 0.00ms
[2024-12-07T17:08:11.070+0800][3.089s][debug][gc,stats          ]   Step Times (cum): num = 14, avg = 0.88ms, sd = 1.16ms max = 3.61ms, total = 12.33ms
[2024-12-07T17:08:11.070+0800][3.089s][debug][gc,stats          ]   Mark Stats Cache: hits 0 misses 0 ratio 0.000
[2024-12-07T17:08:11.070+0800][3.089s][debug][gc,stats          ] ---------------------------------------------------------------------
[2024-12-07T17:08:11.070+0800][3.089s][debug][gc,stats          ] Marking Stats, task = 8, calls = 1
[2024-12-07T17:08:11.070+0800][3.089s][debug][gc,stats          ]   Elapsed time = 0.07ms, Termination time = 0.00ms
[2024-12-07T17:08:11.070+0800][3.089s][debug][gc,stats          ]   Step Times (cum): num = 14, avg = 0.90ms, sd = 1.14ms max = 3.61ms, total = 12.59ms
[2024-12-07T17:08:11.070+0800][3.090s][debug][gc,stats          ]   Mark Stats Cache: hits 0 misses 0 ratio 0.000
[2024-12-07T17:08:11.070+0800][3.090s][debug][gc,stats          ] ---------------------------------------------------------------------
[2024-12-07T17:08:11.071+0800][3.090s][debug][gc,stats          ] Marking Stats, task = 9, calls = 1
[2024-12-07T17:08:11.071+0800][3.090s][debug][gc,stats          ]   Elapsed time = 0.04ms, Termination time = 0.00ms
[2024-12-07T17:08:11.071+0800][3.090s][debug][gc,stats          ]   Step Times (cum): num = 14, avg = 0.89ms, sd = 1.15ms max = 3.64ms, total = 12.44ms
[2024-12-07T17:08:11.071+0800][3.090s][debug][gc,stats          ]   Mark Stats Cache: hits 0 misses 0 ratio 0.000
[2024-12-07T17:08:11.071+0800][3.090s][debug][gc,stats          ] ---------------------------------------------------------------------
[2024-12-07T17:08:11.071+0800][3.090s][debug][gc,stats          ] Marking Stats, task = 10, calls = 1
[2024-12-07T17:08:11.071+0800][3.090s][debug][gc,stats          ]   Elapsed time = 0.04ms, Termination time = 0.00ms
[2024-12-07T17:08:11.071+0800][3.090s][debug][gc,stats          ]   Step Times (cum): num = 14, avg = 0.36ms, sd = 0.66ms max = 2.24ms, total = 5.10ms
[2024-12-07T17:08:11.071+0800][3.090s][debug][gc,stats          ]   Mark Stats Cache: hits 0 misses 0 ratio 0.000
[2024-12-07T17:08:11.071+0800][3.091s][debug][gc,stats          ] ---------------------------------------------------------------------
[2024-12-07T17:08:11.072+0800][3.091s][debug][gc,stats          ] Marking Stats, task = 11, calls = 1
[2024-12-07T17:08:11.072+0800][3.091s][debug][gc,stats          ]   Elapsed time = 0.00ms, Termination time = 0.00ms
[2024-12-07T17:08:11.072+0800][3.091s][debug][gc,stats          ]   Step Times (cum): num = 14, avg = 0.00ms, sd = 0.00ms max = 0.00ms, total = 0.00ms
[2024-12-07T17:08:11.072+0800][3.091s][debug][gc,stats          ]   Mark Stats Cache: hits 0 misses 0 ratio 0.000
[2024-12-07T17:08:11.072+0800][3.091s][debug][gc,stats          ] ---------------------------------------------------------------------
[2024-12-07T17:08:11.072+0800][3.091s][debug][gc,phases         ] GC(27) Finalize Marking 5.818ms
[2024-12-07T17:08:11.072+0800][3.091s][debug][gc,phases,start   ] GC(27) Reference Processing
[2024-12-07T17:08:11.072+0800][3.091s][debug][gc,ref            ] GC(27) Skipped phase1 of Reference Processing due to unavailable references
[2024-12-07T17:08:11.072+0800][3.091s][debug][gc,ref            ] GC(27) Skipped phase2 of Reference Processing due to unavailable references
[2024-12-07T17:08:11.072+0800][3.091s][debug][gc,ref            ] GC(27) Skipped phase3 of Reference Processing due to unavailable references
[2024-12-07T17:08:11.072+0800][3.092s][debug][gc,ref            ] GC(27) Skipped phase4 of Reference Processing due to unavailable references
[2024-12-07T17:08:11.073+0800][3.092s][debug][gc,phases,ref     ] GC(27) Reference Processing: 0.4ms
[2024-12-07T17:08:11.073+0800][3.092s][debug][gc,phases,ref     ] GC(27)   Reconsider SoftReferences: 0.1ms
[2024-12-07T17:08:11.073+0800][3.092s][debug][gc,phases,ref     ] GC(27)     SoftRef (ms):             skipped
[2024-12-07T17:08:11.073+0800][3.092s][debug][gc,phases,ref     ] GC(27)   Notify Soft/WeakReferences: 0.1ms
[2024-12-07T17:08:11.073+0800][3.092s][debug][gc,phases,ref     ] GC(27)     SoftRef (ms):             skipped
[2024-12-07T17:08:11.073+0800][3.092s][debug][gc,phases,ref     ] GC(27)     WeakRef (ms):             skipped
[2024-12-07T17:08:11.073+0800][3.092s][debug][gc,phases,ref     ] GC(27)     FinalRef (ms):            skipped
[2024-12-07T17:08:11.073+0800][3.092s][debug][gc,phases,ref     ] GC(27)     Total (ms):               skipped
[2024-12-07T17:08:11.073+0800][3.092s][debug][gc,phases,ref     ] GC(27)   Notify and keep alive finalizable: 0.1ms
[2024-12-07T17:08:11.073+0800][3.092s][debug][gc,phases,ref     ] GC(27)     FinalRef (ms):            skipped
[2024-12-07T17:08:11.073+0800][3.093s][debug][gc,phases,ref     ] GC(27)   Notify PhantomReferences: 0.1ms
[2024-12-07T17:08:11.073+0800][3.093s][debug][gc,phases,ref     ] GC(27)     PhantomRef (ms):          skipped
[2024-12-07T17:08:11.074+0800][3.093s][debug][gc,phases,ref     ] GC(27)   SoftReference:
[2024-12-07T17:08:11.074+0800][3.093s][debug][gc,phases,ref     ] GC(27)     Discovered: 0
[2024-12-07T17:08:11.074+0800][3.093s][debug][gc,phases,ref     ] GC(27)     Cleared: 0
[2024-12-07T17:08:11.074+0800][3.093s][debug][gc,phases,ref     ] GC(27)   WeakReference:
[2024-12-07T17:08:11.074+0800][3.093s][debug][gc,phases,ref     ] GC(27)     Discovered: 0
[2024-12-07T17:08:11.074+0800][3.093s][debug][gc,phases,ref     ] GC(27)     Cleared: 0
[2024-12-07T17:08:11.074+0800][3.093s][debug][gc,phases,ref     ] GC(27)   FinalReference:
[2024-12-07T17:08:11.074+0800][3.093s][debug][gc,phases,ref     ] GC(27)     Discovered: 0
[2024-12-07T17:08:11.074+0800][3.093s][debug][gc,phases,ref     ] GC(27)     Cleared: 0
[2024-12-07T17:08:11.074+0800][3.094s][debug][gc,phases,ref     ] GC(27)   PhantomReference:
[2024-12-07T17:08:11.074+0800][3.094s][debug][gc,phases,ref     ] GC(27)     Discovered: 0
[2024-12-07T17:08:11.075+0800][3.094s][debug][gc,phases,ref     ] GC(27)     Cleared: 0
[2024-12-07T17:08:11.075+0800][3.094s][debug][gc,phases         ] GC(27) Reference Processing 2.549ms
[2024-12-07T17:08:11.075+0800][3.094s][debug][gc,phases,start   ] GC(27) Weak Processing
[2024-12-07T17:08:11.075+0800][3.094s][debug][gc,phases         ] GC(27) Weak Processing 0.093ms
[2024-12-07T17:08:11.075+0800][3.094s][debug][gc,phases,start   ] GC(27) Class Unloading
[2024-12-07T17:08:11.075+0800][3.094s][debug][gc,phases,start   ] GC(27) ClassLoaderData
[2024-12-07T17:08:11.075+0800][3.094s][debug][gc,phases         ] GC(27) ClassLoaderData 0.093ms
[2024-12-07T17:08:11.075+0800][3.094s][debug][gc,phases,start   ] GC(27) ProtectionDomainCacheTable
[2024-12-07T17:08:11.075+0800][3.095s][debug][gc,phases         ] GC(27) ProtectionDomainCacheTable 0.128ms
[2024-12-07T17:08:11.076+0800][3.095s][info ][gc,stringtable    ] GC(27) Cleaned string and symbol table, strings: 39 processed, 0 removed, symbols: 191 processed, 0 removed
[2024-12-07T17:08:11.076+0800][3.095s][debug][gc,phases         ] GC(27) Class Unloading 0.964ms
[2024-12-07T17:08:11.076+0800][3.095s][debug][gc,phases,start   ] GC(27) Flush Task Caches
[2024-12-07T17:08:11.076+0800][3.095s][debug][gc,stats          ] Mark stats cache hits 10485 misses 248 ratio 97.689
[2024-12-07T17:08:11.076+0800][3.095s][debug][gc,phases         ] GC(27) Flush Task Caches 0.212ms
[2024-12-07T17:08:11.076+0800][3.095s][debug][gc,phases,start   ] GC(27) Update Remembered Set Tracking Before Rebuild
[2024-12-07T17:08:11.076+0800][3.095s][debug][gc,ergo           ] GC(27) Running G1 Update RemSet Tracking Before Rebuild using 2 workers for 507 regions in heap
[2024-12-07T17:08:11.076+0800][3.096s][debug][gc,remset,tracking] GC(27) Remembered Set Tracking update regions total 507, selected 0
[2024-12-07T17:08:11.077+0800][3.096s][debug][gc,phases         ] GC(27) Update Remembered Set Tracking Before Rebuild 0.309ms
[2024-12-07T17:08:11.077+0800][3.096s][debug][gc,phases,start   ] GC(27) Reclaim Empty Regions
[2024-12-07T17:08:11.077+0800][3.096s][debug][gc,phases         ] GC(27) Reclaim Empty Regions 0.184ms
[2024-12-07T17:08:11.077+0800][3.096s][debug][gc,phases,start   ] GC(27) Purge Metaspace
[2024-12-07T17:08:11.077+0800][3.096s][debug][gc,phases         ] GC(27) Purge Metaspace 0.086ms
[2024-12-07T17:08:11.077+0800][3.096s][debug][gc,phases,start   ] GC(27) Report Object Count
[2024-12-07T17:08:11.077+0800][3.096s][debug][gc,phases         ] GC(27) Report Object Count 0.086ms
[2024-12-07T17:08:11.077+0800][3.096s][info ][gc                ] GC(27) Pause Remark 501M->501M(507M) 11.197ms
[2024-12-07T17:08:11.077+0800][3.096s][info ][gc,cpu            ] GC(27) User=0.00s Sys=0.00s Real=0.01s
[2024-12-07T17:08:11.077+0800][3.097s][info ][gc,marking        ] GC(27) Concurrent Rebuild Remembered Sets
[2024-12-07T17:08:11.078+0800][3.097s][info ][gc,marking        ] GC(27) Concurrent Rebuild Remembered Sets 0.295ms
[2024-12-07T17:08:11.078+0800][3.097s][info ][gc,start          ] GC(27) Pause Cleanup
[2024-12-07T17:08:11.078+0800][3.097s][debug][gc,phases,start   ] GC(27) Update Remembered Set Tracking After Rebuild
[2024-12-07T17:08:11.078+0800][3.097s][debug][gc,phases         ] GC(27) Update Remembered Set Tracking After Rebuild 0.095ms
[2024-12-07T17:08:11.078+0800][3.097s][debug][gc,phases,start   ] GC(27) Finalize Concurrent Mark Cleanup
[2024-12-07T17:08:11.078+0800][3.098s][debug][gc,ergo           ] GC(27) request young-only gcs (candidate old regions not available)
[2024-12-07T17:08:11.078+0800][3.098s][debug][gc,phases         ] GC(27) Finalize Concurrent Mark Cleanup 0.274ms
[2024-12-07T17:08:11.079+0800][3.098s][info ][gc                ] GC(27) Pause Cleanup 501M->501M(507M) 0.631ms
[2024-12-07T17:08:11.079+0800][3.098s][info ][gc,cpu            ] GC(27) User=0.00s Sys=0.00s Real=0.00s
[2024-12-07T17:08:11.079+0800][3.098s][info ][gc,marking        ] GC(27) Concurrent Cleanup for Next Mark
[2024-12-07T17:08:11.079+0800][3.098s][debug][gc,ergo           ] GC(27) Running G1 Clear Bitmap with 5 workers for 8 work units.
[2024-12-07T17:08:11.079+0800][3.098s][info ][gc,marking        ] GC(27) Concurrent Cleanup for Next Mark 0.338ms
[2024-12-07T17:08:11.079+0800][3.098s][info ][gc                ] GC(27) Concurrent Cycle 18.634ms
[2024-12-07T17:08:11.169+0800][3.188s][debug][gc,ergo,ihop      ] Request concurrent cycle initiation (occupancy higher than threshold) occupancy: 526385152B allocation request: 1048592B threshold: 239232614B (45.00) source: concurrent humongous allocation
[2024-12-07T17:08:11.170+0800][3.189s][debug][gc,ergo           ] Request concurrent cycle initiation (requested by GC cause). GC cause: G1 Humongous Allocation
[2024-12-07T17:08:11.171+0800][3.190s][debug][gc,heap           ] GC(28) Heap before GC invocations=28 (full 0): garbage-first heap   total 519168K, used 513180K [0x00000000e0000000, 0x0000000100000000)
[2024-12-07T17:08:11.171+0800][3.191s][debug][gc,heap           ] GC(28)   region size 1024K, 2 young (2048K), 1 survivors (1024K)
[2024-12-07T17:08:11.172+0800][3.192s][debug][gc,heap           ] GC(28)  Metaspace       used 558K, capacity 4570K, committed 4864K, reserved 1056768K
[2024-12-07T17:08:11.173+0800][3.192s][debug][gc,heap           ] GC(28)   class space    used 46K, capacity 419K, committed 512K, reserved 1048576K
[2024-12-07T17:08:11.174+0800][3.193s][debug][gc,ergo           ] GC(28) Initiate concurrent cycle (concurrent cycle initiation requested)
[2024-12-07T17:08:11.175+0800][3.194s][info ][gc,start          ] GC(28) Pause Young (Concurrent Start) (G1 Humongous Allocation)
[2024-12-07T17:08:11.176+0800][3.195s][info ][gc,task           ] GC(28) Using 12 workers of 18 for evacuation
[2024-12-07T17:08:11.176+0800][3.195s][debug][gc,tlab           ] GC(28) TLAB totals: thrds: 1  refills: 1 max: 1 slow allocs: 6 max 6 waste: 99.7% gc: 503152B max: 503152B slow: 0B max: 0B fast: 0B max: 0B
[2024-12-07T17:08:11.177+0800][3.196s][debug][gc,alloc,region   ] GC(28) Mutator Allocation stats, regions: 1, wasted size: 0B ( 0.0%)
[2024-12-07T17:08:11.177+0800][3.196s][debug][gc,age            ] GC(28) Desired survivor size 2097152 bytes, new threshold 15 (max threshold 15)
[2024-12-07T17:08:11.177+0800][3.196s][debug][gc,ergo,cset      ] GC(28) Finish choosing CSet. old: 0 regions, predicted old region time: 0.00ms, time remaining: 175.55
[2024-12-07T17:08:11.178+0800][3.197s][debug][gc,task,stats     ] GC(28) GC Termination Stats
[2024-12-07T17:08:11.178+0800][3.197s][debug][gc,task,stats     ] GC(28)      elapsed  --strong roots-- -------termination------- ------waste (KiB)------
[2024-12-07T17:08:11.178+0800][3.197s][debug][gc,task,stats     ] GC(28) thr     ms        ms      %        ms      %    attempts  total   alloc    undo
[2024-12-07T17:08:11.178+0800][3.197s][debug][gc,task,stats     ] GC(28) --- --------- --------- ------ --------- ------ -------- ------- ------- -------
[2024-12-07T17:08:11.186+0800][3.205s][debug][gc,task,stats     ] GC(28)  11      7.54      7.53  99.89      0.00   0.01        1       0       0       0
[2024-12-07T17:08:11.187+0800][3.206s][debug][gc,task,stats     ] GC(28)   6      8.29      2.03  24.46      6.08  73.31        1       0       0       0
[2024-12-07T17:08:11.187+0800][3.207s][debug][gc,task,stats     ] GC(28)   1      9.06      1.37  15.15      6.79  74.94        3       0       0       0
[2024-12-07T17:08:11.188+0800][3.207s][debug][gc,task,stats     ] GC(28)   8      9.74      3.09  31.69      4.82  49.45        1       0       0       0
[2024-12-07T17:08:11.189+0800][3.208s][debug][gc,task,stats     ] GC(28)   5     10.48      1.20  11.48      6.57  62.71       20       0       0       0
[2024-12-07T17:08:11.189+0800][3.209s][debug][gc,task,stats     ] GC(28)   4     10.91      1.15  10.57      6.57  60.29       14       0       0       0
[2024-12-07T17:08:11.190+0800][3.209s][debug][gc,task,stats     ] GC(28)   2     11.22      1.78  15.86      6.02  53.63        5       0       0       0
[2024-12-07T17:08:11.190+0800][3.210s][debug][gc,task,stats     ] GC(28)  10     11.86      2.79  23.56      4.91  41.38        1       0       0       0
[2024-12-07T17:08:11.191+0800][3.210s][debug][gc,task,stats     ] GC(28)   0     12.59      1.92  15.28      5.91  46.95        1       1       1       0
[2024-12-07T17:08:11.191+0800][3.210s][debug][gc,task,stats     ] GC(28)   3     12.70      1.13   8.88      6.39  50.31        9       0       0       0
[2024-12-07T17:08:11.191+0800][3.210s][debug][gc,task,stats     ] GC(28)   7     12.75      1.14   8.98      6.33  49.68       21       0       0       0
[2024-12-07T17:08:11.191+0800][3.211s][debug][gc,task,stats     ] GC(28)   9     12.84      1.71  13.32      5.85  45.56        1       0       0       0
[2024-12-07T17:08:11.191+0800][3.211s][debug][gc,ergo           ] GC(28) Running G1 Clear Card Table Task using 1 workers for 1 units of work for 3 regions.
[2024-12-07T17:08:11.192+0800][3.211s][debug][gc,ref            ] GC(28) Skipped phase1 of Reference Processing due to unavailable references
[2024-12-07T17:08:11.192+0800][3.211s][debug][gc,ref            ] GC(28) Skipped phase3 of Reference Processing due to unavailable references
[2024-12-07T17:08:11.192+0800][3.211s][debug][gc,ergo           ] GC(28) Running G1 Free Collection Set using 1 workers for collection set length 2
[2024-12-07T17:08:11.192+0800][3.211s][debug][gc,humongous      ] GC(28) Live humongous region 0 object size 1048592 start 0x00000000e0000000  with remset 0 code roots 0 is marked 0 reclaim candidate 0 type array 1
[2024-12-07T17:08:11.192+0800][3.211s][debug][gc,humongous      ] GC(28) Live humongous region 2 object size 1048592 start 0x00000000e0200000  with remset 0 code roots 0 is marked 0 reclaim candidate 0 type array 1
[2024-12-07T17:08:11.192+0800][3.211s][debug][gc,humongous      ] GC(28) Live humongous region 4 object size 1048592 start 0x00000000e0400000  with remset 0 code roots 0 is marked 0 reclaim candidate 0 type array 1
[2024-12-07T17:08:11.192+0800][3.211s][debug][gc,humongous      ] GC(28) Live humongous region 6 object size 1048592 start 0x00000000e0600000  with remset 0 code roots 0 is marked 0 reclaim candidate 0 type array 1
[2024-12-07T17:08:11.192+0800][3.212s][debug][gc,humongous      ] GC(28) Live humongous region 8 object size 1048592 start 0x00000000e0800000  with remset 0 code roots 0 is marked 0 reclaim candidate 0 type array 1
[2024-12-07T17:08:11.193+0800][3.212s][debug][gc,humongous      ] GC(28) Live humongous region 10 object size 1048592 start 0x00000000e0a00000  with remset 0 code roots 0 is marked 0 reclaim candidate 0 type array 1
[2024-12-07T17:08:11.193+0800][3.212s][debug][gc,humongous      ] GC(28) Live humongous region 12 object size 1048592 start 0x00000000e0c00000  with remset 0 code roots 0 is marked 0 reclaim candidate 0 type array 1
[2024-12-07T17:08:11.193+0800][3.212s][debug][gc,humongous      ] GC(28) Live humongous region 14 object size 1048592 start 0x00000000e0e00000  with remset 0 code roots 0 is marked 0 reclaim candidate 0 type array 1
[2024-12-07T17:08:11.193+0800][3.212s][debug][gc,humongous      ] GC(28) Live humongous region 16 object size 1048592 start 0x00000000e1000000  with remset 0 code roots 0 is marked 0 reclaim candidate 0 type array 1
[2024-12-07T17:08:11.193+0800][3.212s][debug][gc,humongous      ] GC(28) Live humongous region 18 object size 1048592 start 0x00000000e1200000  with remset 0 code roots 0 is marked 0 reclaim candidate 0 type array 1
[2024-12-07T17:08:11.193+0800][3.212s][debug][gc,humongous      ] GC(28) Live humongous region 20 object size 1048592 start 0x00000000e1400000  with remset 0 code roots 0 is marked 0 reclaim candidate 0 type array 1
[2024-12-07T17:08:11.193+0800][3.212s][debug][gc,humongous      ] GC(28) Live humongous region 22 object size 1048592 start 0x00000000e1600000  with remset 0 code roots 0 is marked 0 reclaim candidate 0 type array 1
[2024-12-07T17:08:11.193+0800][3.212s][debug][gc,humongous      ] GC(28) Live humongous region 24 object size 1048592 start 0x00000000e1800000  with remset 0 code roots 0 is marked 0 reclaim candidate 0 type array 1
[2024-12-07T17:08:11.193+0800][3.212s][debug][gc,humongous      ] GC(28) Live humongous region 26 object size 1048592 start 0x00000000e1a00000  with remset 0 code roots 0 is marked 0 reclaim candidate 0 type array 1
[2024-12-07T17:08:11.193+0800][3.212s][debug][gc,humongous      ] GC(28) Live humongous region 28 object size 1048592 start 0x00000000e1c00000  with remset 0 code roots 0 is marked 0 reclaim candidate 0 type array 1
[2024-12-07T17:08:11.193+0800][3.212s][debug][gc,humongous      ] GC(28) Live humongous region 30 object size 1048592 start 0x00000000e1e00000  with remset 0 code roots 0 is marked 0 reclaim candidate 0 type array 1
[2024-12-07T17:08:11.193+0800][3.213s][debug][gc,humongous      ] GC(28) Live humongous region 32 object size 1048592 start 0x00000000e2000000  with remset 0 code roots 0 is marked 0 reclaim candidate 0 type array 1
[2024-12-07T17:08:11.193+0800][3.213s][debug][gc,humongous      ] GC(28) Live humongous region 34 object size 1048592 start 0x00000000e2200000  with remset 0 code roots 0 is marked 0 reclaim candidate 0 type array 1
[2024-12-07T17:08:11.194+0800][3.213s][debug][gc,humongous      ] GC(28) Live humongous region 36 object size 1048592 start 0x00000000e2400000  with remset 0 code roots 0 is marked 0 reclaim candidate 0 type array 1
[2024-12-07T17:08:11.194+0800][3.213s][debug][gc,humongous      ] GC(28) Live humongous region 38 object size 1048592 start 0x00000000e2600000  with remset 0 code roots 0 is marked 0 reclaim candidate 0 type array 1
[2024-12-07T17:08:11.194+0800][3.213s][debug][gc,humongous      ] GC(28) Live humongous region 40 object size 1048592 start 0x00000000e2800000  with remset 0 code roots 0 is marked 0 reclaim candidate 0 type array 1
[2024-12-07T17:08:11.194+0800][3.213s][debug][gc,humongous      ] GC(28) Live humongous region 42 object size 1048592 start 0x00000000e2a00000  with remset 0 code roots 0 is marked 0 reclaim candidate 0 type array 1
[2024-12-07T17:08:11.194+0800][3.213s][debug][gc,humongous      ] GC(28) Live humongous region 44 object size 1048592 start 0x00000000e2c00000  with remset 0 code roots 0 is marked 0 reclaim candidate 0 type array 1
[2024-12-07T17:08:11.194+0800][3.213s][debug][gc,humongous      ] GC(28) Live humongous region 46 object size 1048592 start 0x00000000e2e00000  with remset 0 code roots 0 is marked 0 reclaim candidate 0 type array 1
[2024-12-07T17:08:11.194+0800][3.214s][debug][gc,humongous      ] GC(28) Live humongous region 48 object size 1048592 start 0x00000000e3000000  with remset 0 code roots 0 is marked 0 reclaim candidate 0 type array 1
[2024-12-07T17:08:11.195+0800][3.214s][debug][gc,humongous      ] GC(28) Live humongous region 50 object size 1048592 start 0x00000000e3200000  with remset 0 code roots 0 is marked 0 reclaim candidate 0 type array 1
[2024-12-07T17:08:11.195+0800][3.214s][debug][gc,humongous      ] GC(28) Live humongous region 52 object size 1048592 start 0x00000000e3400000  with remset 0 code roots 0 is marked 0 reclaim candidate 0 type array 1
[2024-12-07T17:08:11.195+0800][3.214s][debug][gc,humongous      ] GC(28) Live humongous region 54 object size 1048592 start 0x00000000e3600000  with remset 0 code roots 0 is marked 0 reclaim candidate 0 type array 1
[2024-12-07T17:08:11.195+0800][3.214s][debug][gc,humongous      ] GC(28) Live humongous region 56 object size 1048592 start 0x00000000e3800000  with remset 0 code roots 0 is marked 0 reclaim candidate 0 type array 1
[2024-12-07T17:08:11.195+0800][3.214s][debug][gc,humongous      ] GC(28) Live humongous region 58 object size 1048592 start 0x00000000e3a00000  with remset 0 code roots 0 is marked 0 reclaim candidate 0 type array 1
[2024-12-07T17:08:11.195+0800][3.214s][debug][gc,humongous      ] GC(28) Live humongous region 60 object size 1048592 start 0x00000000e3c00000  with remset 0 code roots 0 is marked 0 reclaim candidate 0 type array 1
[2024-12-07T17:08:11.195+0800][3.214s][debug][gc,humongous      ] GC(28) Live humongous region 62 object size 1048592 start 0x00000000e3e00000  with remset 0 code roots 0 is marked 0 reclaim candidate 0 type array 1
[2024-12-07T17:08:11.195+0800][3.214s][debug][gc,humongous      ] GC(28) Live humongous region 64 object size 1048592 start 0x00000000e4000000  with remset 0 code roots 0 is marked 0 reclaim candidate 0 type array 1
[2024-12-07T17:08:11.195+0800][3.215s][debug][gc,humongous      ] GC(28) Live humongous region 66 object size 1048592 start 0x00000000e4200000  with remset 0 code roots 0 is marked 0 reclaim candidate 0 type array 1
[2024-12-07T17:08:11.195+0800][3.215s][debug][gc,humongous      ] GC(28) Live humongous region 68 object size 1048592 start 0x00000000e4400000  with remset 0 code roots 0 is marked 0 reclaim candidate 0 type array 1
[2024-12-07T17:08:11.196+0800][3.215s][debug][gc,humongous      ] GC(28) Live humongous region 70 object size 1048592 start 0x00000000e4600000  with remset 0 code roots 0 is marked 0 reclaim candidate 0 type array 1
[2024-12-07T17:08:11.196+0800][3.215s][debug][gc,humongous      ] GC(28) Live humongous region 72 object size 1048592 start 0x00000000e4800000  with remset 0 code roots 0 is marked 0 reclaim candidate 0 type array 1
[2024-12-07T17:08:11.196+0800][3.215s][debug][gc,humongous      ] GC(28) Live humongous region 74 object size 1048592 start 0x00000000e4a00000  with remset 0 code roots 0 is marked 0 reclaim candidate 0 type array 1
[2024-12-07T17:08:11.196+0800][3.215s][debug][gc,humongous      ] GC(28) Live humongous region 76 object size 1048592 start 0x00000000e4c00000  with remset 0 code roots 0 is marked 0 reclaim candidate 0 type array 1
[2024-12-07T17:08:11.196+0800][3.215s][debug][gc,humongous      ] GC(28) Live humongous region 78 object size 1048592 start 0x00000000e4e00000  with remset 0 code roots 0 is marked 0 reclaim candidate 0 type array 1
[2024-12-07T17:08:11.196+0800][3.215s][debug][gc,humongous      ] GC(28) Live humongous region 80 object size 1048592 start 0x00000000e5000000  with remset 0 code roots 0 is marked 0 reclaim candidate 0 type array 1
[2024-12-07T17:08:11.196+0800][3.215s][debug][gc,humongous      ] GC(28) Live humongous region 82 object size 1048592 start 0x00000000e5200000  with remset 0 code roots 0 is marked 0 reclaim candidate 0 type array 1
[2024-12-07T17:08:11.196+0800][3.215s][debug][gc,humongous      ] GC(28) Live humongous region 84 object size 1048592 start 0x00000000e5400000  with remset 0 code roots 0 is marked 0 reclaim candidate 0 type array 1
[2024-12-07T17:08:11.196+0800][3.215s][debug][gc,humongous      ] GC(28) Live humongous region 86 object size 1048592 start 0x00000000e5600000  with remset 0 code roots 0 is marked 0 reclaim candidate 0 type array 1
[2024-12-07T17:08:11.196+0800][3.215s][debug][gc,humongous      ] GC(28) Live humongous region 88 object size 1048592 start 0x00000000e5800000  with remset 0 code roots 0 is marked 0 reclaim candidate 0 type array 1
[2024-12-07T17:08:11.196+0800][3.216s][debug][gc,humongous      ] GC(28) Live humongous region 90 object size 1048592 start 0x00000000e5a00000  with remset 0 code roots 0 is marked 0 reclaim candidate 0 type array 1
[2024-12-07T17:08:11.196+0800][3.216s][debug][gc,humongous      ] GC(28) Live humongous region 92 object size 1048592 start 0x00000000e5c00000  with remset 0 code roots 0 is marked 0 reclaim candidate 0 type array 1
[2024-12-07T17:08:11.197+0800][3.216s][debug][gc,humongous      ] GC(28) Live humongous region 94 object size 1048592 start 0x00000000e5e00000  with remset 0 code roots 0 is marked 0 reclaim candidate 0 type array 1
[2024-12-07T17:08:11.197+0800][3.216s][debug][gc,humongous      ] GC(28) Live humongous region 96 object size 1048592 start 0x00000000e6000000  with remset 0 code roots 0 is marked 0 reclaim candidate 0 type array 1
[2024-12-07T17:08:11.197+0800][3.216s][debug][gc,humongous      ] GC(28) Live humongous region 98 object size 1048592 start 0x00000000e6200000  with remset 0 code roots 0 is marked 0 reclaim candidate 0 type array 1
[2024-12-07T17:08:11.197+0800][3.216s][debug][gc,humongous      ] GC(28) Live humongous region 100 object size 1048592 start 0x00000000e6400000  with remset 0 code roots 0 is marked 0 reclaim candidate 0 type array 1
[2024-12-07T17:08:11.197+0800][3.216s][debug][gc,humongous      ] GC(28) Live humongous region 102 object size 1048592 start 0x00000000e6600000  with remset 0 code roots 0 is marked 0 reclaim candidate 0 type array 1
[2024-12-07T17:08:11.197+0800][3.216s][debug][gc,humongous      ] GC(28) Live humongous region 104 object size 1048592 start 0x00000000e6800000  with remset 0 code roots 0 is marked 0 reclaim candidate 0 type array 1
[2024-12-07T17:08:11.197+0800][3.216s][debug][gc,humongous      ] GC(28) Live humongous region 106 object size 1048592 start 0x00000000e6a00000  with remset 0 code roots 0 is marked 0 reclaim candidate 0 type array 1
[2024-12-07T17:08:11.197+0800][3.216s][debug][gc,humongous      ] GC(28) Live humongous region 108 object size 1048592 start 0x00000000e6c00000  with remset 0 code roots 0 is marked 0 reclaim candidate 0 type array 1
[2024-12-07T17:08:11.197+0800][3.216s][debug][gc,humongous      ] GC(28) Live humongous region 110 object size 1048592 start 0x00000000e6e00000  with remset 0 code roots 0 is marked 0 reclaim candidate 0 type array 1
[2024-12-07T17:08:11.197+0800][3.216s][debug][gc,humongous      ] GC(28) Live humongous region 112 object size 1048592 start 0x00000000e7000000  with remset 0 code roots 0 is marked 0 reclaim candidate 0 type array 1
[2024-12-07T17:08:11.197+0800][3.217s][debug][gc,humongous      ] GC(28) Live humongous region 114 object size 1048592 start 0x00000000e7200000  with remset 0 code roots 0 is marked 0 reclaim candidate 0 type array 1
[2024-12-07T17:08:11.197+0800][3.217s][debug][gc,humongous      ] GC(28) Live humongous region 116 object size 1048592 start 0x00000000e7400000  with remset 0 code roots 0 is marked 0 reclaim candidate 0 type array 1
[2024-12-07T17:08:11.198+0800][3.217s][debug][gc,humongous      ] GC(28) Live humongous region 118 object size 1048592 start 0x00000000e7600000  with remset 0 code roots 0 is marked 0 reclaim candidate 0 type array 1
[2024-12-07T17:08:11.198+0800][3.217s][debug][gc,humongous      ] GC(28) Live humongous region 120 object size 1048592 start 0x00000000e7800000  with remset 0 code roots 0 is marked 0 reclaim candidate 0 type array 1
[2024-12-07T17:08:11.198+0800][3.217s][debug][gc,humongous      ] GC(28) Live humongous region 122 object size 1048592 start 0x00000000e7a00000  with remset 0 code roots 0 is marked 0 reclaim candidate 0 type array 1
[2024-12-07T17:08:11.198+0800][3.217s][debug][gc,humongous      ] GC(28) Live humongous region 124 object size 1048592 start 0x00000000e7c00000  with remset 0 code roots 0 is marked 0 reclaim candidate 0 type array 1
[2024-12-07T17:08:11.198+0800][3.217s][debug][gc,humongous      ] GC(28) Live humongous region 126 object size 1048592 start 0x00000000e7e00000  with remset 0 code roots 0 is marked 0 reclaim candidate 0 type array 1
[2024-12-07T17:08:11.198+0800][3.217s][debug][gc,humongous      ] GC(28) Live humongous region 128 object size 1048592 start 0x00000000e8000000  with remset 0 code roots 0 is marked 0 reclaim candidate 0 type array 1
[2024-12-07T17:08:11.198+0800][3.217s][debug][gc,humongous      ] GC(28) Live humongous region 130 object size 1048592 start 0x00000000e8200000  with remset 0 code roots 0 is marked 0 reclaim candidate 0 type array 1
[2024-12-07T17:08:11.198+0800][3.217s][debug][gc,humongous      ] GC(28) Live humongous region 132 object size 1048592 start 0x00000000e8400000  with remset 0 code roots 0 is marked 0 reclaim candidate 0 type array 1
[2024-12-07T17:08:11.198+0800][3.217s][debug][gc,humongous      ] GC(28) Live humongous region 134 object size 1048592 start 0x00000000e8600000  with remset 0 code roots 0 is marked 0 reclaim candidate 0 type array 1
[2024-12-07T17:08:11.198+0800][3.218s][debug][gc,humongous      ] GC(28) Live humongous region 136 object size 1048592 start 0x00000000e8800000  with remset 0 code roots 0 is marked 0 reclaim candidate 0 type array 1
[2024-12-07T17:08:11.198+0800][3.218s][debug][gc,humongous      ] GC(28) Live humongous region 138 object size 1048592 start 0x00000000e8a00000  with remset 0 code roots 0 is marked 0 reclaim candidate 0 type array 1
[2024-12-07T17:08:11.199+0800][3.218s][debug][gc,humongous      ] GC(28) Live humongous region 140 object size 1048592 start 0x00000000e8c00000  with remset 0 code roots 0 is marked 0 reclaim candidate 0 type array 1
[2024-12-07T17:08:11.199+0800][3.218s][debug][gc,humongous      ] GC(28) Live humongous region 142 object size 1048592 start 0x00000000e8e00000  with remset 0 code roots 0 is marked 0 reclaim candidate 0 type array 1
[2024-12-07T17:08:11.199+0800][3.218s][debug][gc,humongous      ] GC(28) Live humongous region 144 object size 1048592 start 0x00000000e9000000  with remset 0 code roots 0 is marked 0 reclaim candidate 0 type array 1
[2024-12-07T17:08:11.199+0800][3.218s][debug][gc,humongous      ] GC(28) Live humongous region 146 object size 1048592 start 0x00000000e9200000  with remset 0 code roots 0 is marked 0 reclaim candidate 0 type array 1
[2024-12-07T17:08:11.199+0800][3.218s][debug][gc,humongous      ] GC(28) Live humongous region 148 object size 1048592 start 0x00000000e9400000  with remset 0 code roots 0 is marked 0 reclaim candidate 0 type array 1
[2024-12-07T17:08:11.199+0800][3.218s][debug][gc,humongous      ] GC(28) Live humongous region 150 object size 1048592 start 0x00000000e9600000  with remset 0 code roots 0 is marked 0 reclaim candidate 0 type array 1
[2024-12-07T17:08:11.199+0800][3.218s][debug][gc,humongous      ] GC(28) Live humongous region 152 object size 1048592 start 0x00000000e9800000  with remset 0 code roots 0 is marked 0 reclaim candidate 0 type array 1
[2024-12-07T17:08:11.199+0800][3.218s][debug][gc,humongous      ] GC(28) Live humongous region 154 object size 1048592 start 0x00000000e9a00000  with remset 0 code roots 0 is marked 0 reclaim candidate 0 type array 1
[2024-12-07T17:08:11.199+0800][3.218s][debug][gc,humongous      ] GC(28) Live humongous region 156 object size 1048592 start 0x00000000e9c00000  with remset 0 code roots 0 is marked 0 reclaim candidate 0 type array 1
[2024-12-07T17:08:11.199+0800][3.218s][debug][gc,humongous      ] GC(28) Live humongous region 158 object size 1048592 start 0x00000000e9e00000  with remset 0 code roots 0 is marked 0 reclaim candidate 0 type array 1
[2024-12-07T17:08:11.199+0800][3.219s][debug][gc,humongous      ] GC(28) Live humongous region 160 object size 1048592 start 0x00000000ea000000  with remset 0 code roots 0 is marked 0 reclaim candidate 0 type array 1
[2024-12-07T17:08:11.199+0800][3.219s][debug][gc,humongous      ] GC(28) Live humongous region 162 object size 1048592 start 0x00000000ea200000  with remset 0 code roots 0 is marked 0 reclaim candidate 0 type array 1
[2024-12-07T17:08:11.200+0800][3.219s][debug][gc,humongous      ] GC(28) Live humongous region 164 object size 1048592 start 0x00000000ea400000  with remset 0 code roots 0 is marked 0 reclaim candidate 0 type array 1
[2024-12-07T17:08:11.200+0800][3.219s][debug][gc,humongous      ] GC(28) Live humongous region 166 object size 1048592 start 0x00000000ea600000  with remset 0 code roots 0 is marked 0 reclaim candidate 0 type array 1
[2024-12-07T17:08:11.200+0800][3.219s][debug][gc,humongous      ] GC(28) Live humongous region 168 object size 1048592 start 0x00000000ea800000  with remset 0 code roots 0 is marked 0 reclaim candidate 0 type array 1
[2024-12-07T17:08:11.200+0800][3.219s][debug][gc,humongous      ] GC(28) Live humongous region 170 object size 1048592 start 0x00000000eaa00000  with remset 0 code roots 0 is marked 0 reclaim candidate 0 type array 1
[2024-12-07T17:08:11.200+0800][3.219s][debug][gc,humongous      ] GC(28) Live humongous region 172 object size 1048592 start 0x00000000eac00000  with remset 0 code roots 0 is marked 0 reclaim candidate 0 type array 1
[2024-12-07T17:08:11.200+0800][3.219s][debug][gc,humongous      ] GC(28) Live humongous region 174 object size 1048592 start 0x00000000eae00000  with remset 0 code roots 0 is marked 0 reclaim candidate 0 type array 1
[2024-12-07T17:08:11.200+0800][3.219s][debug][gc,humongous      ] GC(28) Live humongous region 176 object size 1048592 start 0x00000000eb000000  with remset 0 code roots 0 is marked 0 reclaim candidate 0 type array 1
[2024-12-07T17:08:11.200+0800][3.219s][debug][gc,humongous      ] GC(28) Live humongous region 178 object size 1048592 start 0x00000000eb200000  with remset 0 code roots 0 is marked 0 reclaim candidate 0 type array 1
[2024-12-07T17:08:11.200+0800][3.219s][debug][gc,humongous      ] GC(28) Live humongous region 180 object size 1048592 start 0x00000000eb400000  with remset 0 code roots 0 is marked 0 reclaim candidate 0 type array 1
[2024-12-07T17:08:11.200+0800][3.219s][debug][gc,humongous      ] GC(28) Live humongous region 182 object size 1048592 start 0x00000000eb600000  with remset 0 code roots 0 is marked 0 reclaim candidate 0 type array 1
[2024-12-07T17:08:11.200+0800][3.220s][debug][gc,humongous      ] GC(28) Live humongous region 184 object size 1048592 start 0x00000000eb800000  with remset 0 code roots 0 is marked 0 reclaim candidate 0 type array 1
[2024-12-07T17:08:11.200+0800][3.220s][debug][gc,humongous      ] GC(28) Live humongous region 186 object size 1048592 start 0x00000000eba00000  with remset 0 code roots 0 is marked 0 reclaim candidate 0 type array 1
[2024-12-07T17:08:11.201+0800][3.220s][debug][gc,humongous      ] GC(28) Live humongous region 188 object size 1048592 start 0x00000000ebc00000  with remset 0 code roots 0 is marked 0 reclaim candidate 0 type array 1
[2024-12-07T17:08:11.201+0800][3.220s][debug][gc,humongous      ] GC(28) Live humongous region 190 object size 1048592 start 0x00000000ebe00000  with remset 0 code roots 0 is marked 0 reclaim candidate 0 type array 1
[2024-12-07T17:08:11.201+0800][3.220s][debug][gc,humongous      ] GC(28) Live humongous region 192 object size 1048592 start 0x00000000ec000000  with remset 0 code roots 0 is marked 0 reclaim candidate 0 type array 1
[2024-12-07T17:08:11.201+0800][3.220s][debug][gc,humongous      ] GC(28) Live humongous region 194 object size 1048592 start 0x00000000ec200000  with remset 0 code roots 0 is marked 0 reclaim candidate 0 type array 1
[2024-12-07T17:08:11.201+0800][3.220s][debug][gc,humongous      ] GC(28) Live humongous region 196 object size 1048592 start 0x00000000ec400000  with remset 0 code roots 0 is marked 0 reclaim candidate 0 type array 1
[2024-12-07T17:08:11.201+0800][3.220s][debug][gc,humongous      ] GC(28) Live humongous region 198 object size 1048592 start 0x00000000ec600000  with remset 0 code roots 0 is marked 0 reclaim candidate 0 type array 1
[2024-12-07T17:08:11.201+0800][3.220s][debug][gc,humongous      ] GC(28) Live humongous region 200 object size 1048592 start 0x00000000ec800000  with remset 0 code roots 0 is marked 0 reclaim candidate 0 type array 1
[2024-12-07T17:08:11.201+0800][3.220s][debug][gc,humongous      ] GC(28) Live humongous region 202 object size 1048592 start 0x00000000eca00000  with remset 0 code roots 0 is marked 0 reclaim candidate 0 type array 1
[2024-12-07T17:08:11.201+0800][3.220s][debug][gc,humongous      ] GC(28) Live humongous region 204 object size 1048592 start 0x00000000ecc00000  with remset 0 code roots 0 is marked 0 reclaim candidate 0 type array 1
[2024-12-07T17:08:11.201+0800][3.220s][debug][gc,humongous      ] GC(28) Live humongous region 206 object size 1048592 start 0x00000000ece00000  with remset 0 code roots 0 is marked 0 reclaim candidate 0 type array 1
[2024-12-07T17:08:11.201+0800][3.221s][debug][gc,humongous      ] GC(28) Live humongous region 208 object size 1048592 start 0x00000000ed000000  with remset 0 code roots 0 is marked 0 reclaim candidate 0 type array 1
[2024-12-07T17:08:11.201+0800][3.221s][debug][gc,humongous      ] GC(28) Live humongous region 210 object size 1048592 start 0x00000000ed200000  with remset 0 code roots 0 is marked 0 reclaim candidate 0 type array 1
[2024-12-07T17:08:11.202+0800][3.221s][debug][gc,humongous      ] GC(28) Live humongous region 212 object size 1048592 start 0x00000000ed400000  with remset 0 code roots 0 is marked 0 reclaim candidate 0 type array 1
[2024-12-07T17:08:11.202+0800][3.221s][debug][gc,humongous      ] GC(28) Live humongous region 214 object size 1048592 start 0x00000000ed600000  with remset 0 code roots 0 is marked 0 reclaim candidate 0 type array 1
[2024-12-07T17:08:11.202+0800][3.221s][debug][gc,humongous      ] GC(28) Live humongous region 216 object size 1048592 start 0x00000000ed800000  with remset 0 code roots 0 is marked 0 reclaim candidate 0 type array 1
[2024-12-07T17:08:11.202+0800][3.221s][debug][gc,humongous      ] GC(28) Live humongous region 218 object size 1048592 start 0x00000000eda00000  with remset 0 code roots 0 is marked 0 reclaim candidate 0 type array 1
[2024-12-07T17:08:11.202+0800][3.221s][debug][gc,humongous      ] GC(28) Live humongous region 220 object size 1048592 start 0x00000000edc00000  with remset 0 code roots 0 is marked 0 reclaim candidate 0 type array 1
[2024-12-07T17:08:11.202+0800][3.221s][debug][gc,humongous      ] GC(28) Live humongous region 222 object size 1048592 start 0x00000000ede00000  with remset 0 code roots 0 is marked 0 reclaim candidate 0 type array 1
[2024-12-07T17:08:11.202+0800][3.221s][debug][gc,humongous      ] GC(28) Live humongous region 224 object size 1048592 start 0x00000000ee000000  with remset 0 code roots 0 is marked 0 reclaim candidate 0 type array 1
[2024-12-07T17:08:11.202+0800][3.221s][debug][gc,humongous      ] GC(28) Live humongous region 226 object size 1048592 start 0x00000000ee200000  with remset 0 code roots 0 is marked 0 reclaim candidate 0 type array 1
[2024-12-07T17:08:11.202+0800][3.221s][debug][gc,humongous      ] GC(28) Live humongous region 228 object size 1048592 start 0x00000000ee400000  with remset 0 code roots 0 is marked 0 reclaim candidate 0 type array 1
[2024-12-07T17:08:11.202+0800][3.222s][debug][gc,humongous      ] GC(28) Live humongous region 230 object size 1048592 start 0x00000000ee600000  with remset 0 code roots 0 is marked 0 reclaim candidate 0 type array 1
[2024-12-07T17:08:11.202+0800][3.222s][debug][gc,humongous      ] GC(28) Live humongous region 232 object size 1048592 start 0x00000000ee800000  with remset 0 code roots 0 is marked 0 reclaim candidate 0 type array 1
[2024-12-07T17:08:11.203+0800][3.222s][debug][gc,humongous      ] GC(28) Live humongous region 234 object size 1048592 start 0x00000000eea00000  with remset 0 code roots 0 is marked 0 reclaim candidate 0 type array 1
[2024-12-07T17:08:11.203+0800][3.222s][debug][gc,humongous      ] GC(28) Live humongous region 236 object size 1048592 start 0x00000000eec00000  with remset 0 code roots 0 is marked 0 reclaim candidate 0 type array 1
[2024-12-07T17:08:11.203+0800][3.222s][debug][gc,humongous      ] GC(28) Live humongous region 238 object size 1048592 start 0x00000000eee00000  with remset 0 code roots 0 is marked 0 reclaim candidate 0 type array 1
[2024-12-07T17:08:11.203+0800][3.222s][debug][gc,humongous      ] GC(28) Live humongous region 240 object size 1048592 start 0x00000000ef000000  with remset 0 code roots 0 is marked 0 reclaim candidate 0 type array 1
[2024-12-07T17:08:11.203+0800][3.222s][debug][gc,humongous      ] GC(28) Live humongous region 242 object size 1048592 start 0x00000000ef200000  with remset 0 code roots 0 is marked 0 reclaim candidate 0 type array 1
[2024-12-07T17:08:11.203+0800][3.222s][debug][gc,humongous      ] GC(28) Live humongous region 244 object size 1048592 start 0x00000000ef400000  with remset 0 code roots 0 is marked 0 reclaim candidate 0 type array 1
[2024-12-07T17:08:11.203+0800][3.222s][debug][gc,humongous      ] GC(28) Live humongous region 246 object size 1048592 start 0x00000000ef600000  with remset 0 code roots 0 is marked 0 reclaim candidate 0 type array 1
[2024-12-07T17:08:11.203+0800][3.222s][debug][gc,humongous      ] GC(28) Live humongous region 248 object size 1048592 start 0x00000000ef800000  with remset 0 code roots 0 is marked 0 reclaim candidate 0 type array 1
[2024-12-07T17:08:11.203+0800][3.222s][debug][gc,humongous      ] GC(28) Live humongous region 250 object size 1048592 start 0x00000000efa00000  with remset 0 code roots 0 is marked 0 reclaim candidate 0 type array 1
[2024-12-07T17:08:11.203+0800][3.222s][debug][gc,humongous      ] GC(28) Live humongous region 252 object size 1048592 start 0x00000000efc00000  with remset 0 code roots 0 is marked 0 reclaim candidate 0 type array 1
[2024-12-07T17:08:11.203+0800][3.223s][debug][gc,humongous      ] GC(28) Live humongous region 254 object size 1048592 start 0x00000000efe00000  with remset 0 code roots 0 is marked 0 reclaim candidate 0 type array 1
[2024-12-07T17:08:11.203+0800][3.223s][debug][gc,humongous      ] GC(28) Live humongous region 256 object size 1048592 start 0x00000000f0000000  with remset 0 code roots 0 is marked 0 reclaim candidate 0 type array 1
[2024-12-07T17:08:11.204+0800][3.223s][debug][gc,humongous      ] GC(28) Live humongous region 258 object size 1048592 start 0x00000000f0200000  with remset 0 code roots 0 is marked 0 reclaim candidate 0 type array 1
[2024-12-07T17:08:11.204+0800][3.223s][debug][gc,humongous      ] GC(28) Live humongous region 260 object size 1048592 start 0x00000000f0400000  with remset 0 code roots 0 is marked 0 reclaim candidate 0 type array 1
[2024-12-07T17:08:11.204+0800][3.223s][debug][gc,humongous      ] GC(28) Live humongous region 262 object size 1048592 start 0x00000000f0600000  with remset 0 code roots 0 is marked 0 reclaim candidate 0 type array 1
[2024-12-07T17:08:11.204+0800][3.223s][debug][gc,humongous      ] GC(28) Live humongous region 264 object size 1048592 start 0x00000000f0800000  with remset 0 code roots 0 is marked 0 reclaim candidate 0 type array 1
[2024-12-07T17:08:11.204+0800][3.223s][debug][gc,humongous      ] GC(28) Live humongous region 266 object size 1048592 start 0x00000000f0a00000  with remset 0 code roots 0 is marked 0 reclaim candidate 0 type array 1
[2024-12-07T17:08:11.204+0800][3.223s][debug][gc,humongous      ] GC(28) Live humongous region 268 object size 1048592 start 0x00000000f0c00000  with remset 0 code roots 0 is marked 0 reclaim candidate 0 type array 1
[2024-12-07T17:08:11.204+0800][3.223s][debug][gc,humongous      ] GC(28) Live humongous region 270 object size 1048592 start 0x00000000f0e00000  with remset 0 code roots 0 is marked 0 reclaim candidate 0 type array 1
[2024-12-07T17:08:11.204+0800][3.223s][debug][gc,humongous      ] GC(28) Live humongous region 272 object size 1048592 start 0x00000000f1000000  with remset 0 code roots 0 is marked 0 reclaim candidate 0 type array 1
[2024-12-07T17:08:11.204+0800][3.223s][debug][gc,humongous      ] GC(28) Live humongous region 274 object size 1048592 start 0x00000000f1200000  with remset 0 code roots 0 is marked 0 reclaim candidate 0 type array 1
[2024-12-07T17:08:11.204+0800][3.224s][debug][gc,humongous      ] GC(28) Live humongous region 276 object size 1048592 start 0x00000000f1400000  with remset 0 code roots 0 is marked 0 reclaim candidate 0 type array 1
[2024-12-07T17:08:11.204+0800][3.224s][debug][gc,humongous      ] GC(28) Live humongous region 278 object size 1048592 start 0x00000000f1600000  with remset 0 code roots 0 is marked 0 reclaim candidate 0 type array 1
[2024-12-07T17:08:11.204+0800][3.224s][debug][gc,humongous      ] GC(28) Live humongous region 280 object size 1048592 start 0x00000000f1800000  with remset 0 code roots 0 is marked 0 reclaim candidate 0 type array 1
[2024-12-07T17:08:11.205+0800][3.224s][debug][gc,humongous      ] GC(28) Live humongous region 282 object size 1048592 start 0x00000000f1a00000  with remset 0 code roots 0 is marked 0 reclaim candidate 0 type array 1
[2024-12-07T17:08:11.205+0800][3.224s][debug][gc,humongous      ] GC(28) Live humongous region 284 object size 1048592 start 0x00000000f1c00000  with remset 0 code roots 0 is marked 0 reclaim candidate 0 type array 1
[2024-12-07T17:08:11.205+0800][3.224s][debug][gc,humongous      ] GC(28) Live humongous region 286 object size 1048592 start 0x00000000f1e00000  with remset 0 code roots 0 is marked 0 reclaim candidate 0 type array 1
[2024-12-07T17:08:11.205+0800][3.224s][debug][gc,humongous      ] GC(28) Live humongous region 288 object size 1048592 start 0x00000000f2000000  with remset 0 code roots 0 is marked 0 reclaim candidate 0 type array 1
[2024-12-07T17:08:11.205+0800][3.224s][debug][gc,humongous      ] GC(28) Live humongous region 290 object size 1048592 start 0x00000000f2200000  with remset 0 code roots 0 is marked 0 reclaim candidate 0 type array 1
[2024-12-07T17:08:11.205+0800][3.224s][debug][gc,humongous      ] GC(28) Live humongous region 292 object size 1048592 start 0x00000000f2400000  with remset 0 code roots 0 is marked 0 reclaim candidate 0 type array 1
[2024-12-07T17:08:11.205+0800][3.224s][debug][gc,humongous      ] GC(28) Live humongous region 294 object size 1048592 start 0x00000000f2600000  with remset 0 code roots 0 is marked 0 reclaim candidate 0 type array 1
[2024-12-07T17:08:11.205+0800][3.224s][debug][gc,humongous      ] GC(28) Live humongous region 296 object size 1048592 start 0x00000000f2800000  with remset 0 code roots 0 is marked 0 reclaim candidate 0 type array 1
[2024-12-07T17:08:11.205+0800][3.225s][debug][gc,humongous      ] GC(28) Live humongous region 298 object size 1048592 start 0x00000000f2a00000  with remset 0 code roots 0 is marked 0 reclaim candidate 0 type array 1
[2024-12-07T17:08:11.205+0800][3.225s][debug][gc,humongous      ] GC(28) Live humongous region 300 object size 1048592 start 0x00000000f2c00000  with remset 0 code roots 0 is marked 0 reclaim candidate 0 type array 1
[2024-12-07T17:08:11.206+0800][3.225s][debug][gc,humongous      ] GC(28) Live humongous region 302 object size 1048592 start 0x00000000f2e00000  with remset 0 code roots 0 is marked 0 reclaim candidate 0 type array 1
[2024-12-07T17:08:11.206+0800][3.225s][debug][gc,humongous      ] GC(28) Live humongous region 304 object size 1048592 start 0x00000000f3000000  with remset 0 code roots 0 is marked 0 reclaim candidate 0 type array 1
[2024-12-07T17:08:11.206+0800][3.225s][debug][gc,humongous      ] GC(28) Live humongous region 306 object size 1048592 start 0x00000000f3200000  with remset 0 code roots 0 is marked 0 reclaim candidate 0 type array 1
[2024-12-07T17:08:11.206+0800][3.225s][debug][gc,humongous      ] GC(28) Live humongous region 308 object size 1048592 start 0x00000000f3400000  with remset 0 code roots 0 is marked 0 reclaim candidate 0 type array 1
[2024-12-07T17:08:11.206+0800][3.225s][debug][gc,humongous      ] GC(28) Live humongous region 310 object size 1048592 start 0x00000000f3600000  with remset 0 code roots 0 is marked 0 reclaim candidate 0 type array 1
[2024-12-07T17:08:11.206+0800][3.225s][debug][gc,humongous      ] GC(28) Live humongous region 312 object size 1048592 start 0x00000000f3800000  with remset 0 code roots 0 is marked 0 reclaim candidate 0 type array 1
[2024-12-07T17:08:11.206+0800][3.225s][debug][gc,humongous      ] GC(28) Live humongous region 314 object size 1048592 start 0x00000000f3a00000  with remset 0 code roots 0 is marked 0 reclaim candidate 0 type array 1
[2024-12-07T17:08:11.206+0800][3.225s][debug][gc,humongous      ] GC(28) Live humongous region 316 object size 1048592 start 0x00000000f3c00000  with remset 0 code roots 0 is marked 0 reclaim candidate 0 type array 1
[2024-12-07T17:08:11.206+0800][3.225s][debug][gc,humongous      ] GC(28) Live humongous region 318 object size 1048592 start 0x00000000f3e00000  with remset 0 code roots 0 is marked 0 reclaim candidate 0 type array 1
[2024-12-07T17:08:11.206+0800][3.226s][debug][gc,humongous      ] GC(28) Live humongous region 320 object size 1048592 start 0x00000000f4000000  with remset 0 code roots 0 is marked 0 reclaim candidate 0 type array 1
[2024-12-07T17:08:11.207+0800][3.226s][debug][gc,humongous      ] GC(28) Live humongous region 322 object size 1048592 start 0x00000000f4200000  with remset 0 code roots 0 is marked 0 reclaim candidate 0 type array 1
[2024-12-07T17:08:11.207+0800][3.226s][debug][gc,humongous      ] GC(28) Live humongous region 324 object size 1048592 start 0x00000000f4400000  with remset 0 code roots 0 is marked 0 reclaim candidate 0 type array 1
[2024-12-07T17:08:11.207+0800][3.226s][debug][gc,humongous      ] GC(28) Live humongous region 326 object size 1048592 start 0x00000000f4600000  with remset 0 code roots 0 is marked 0 reclaim candidate 0 type array 1
[2024-12-07T17:08:11.207+0800][3.226s][debug][gc,humongous      ] GC(28) Live humongous region 328 object size 1048592 start 0x00000000f4800000  with remset 0 code roots 0 is marked 0 reclaim candidate 0 type array 1
[2024-12-07T17:08:11.207+0800][3.226s][debug][gc,humongous      ] GC(28) Live humongous region 330 object size 1048592 start 0x00000000f4a00000  with remset 0 code roots 0 is marked 0 reclaim candidate 0 type array 1
[2024-12-07T17:08:11.207+0800][3.226s][debug][gc,humongous      ] GC(28) Live humongous region 332 object size 1048592 start 0x00000000f4c00000  with remset 0 code roots 0 is marked 0 reclaim candidate 0 type array 1
[2024-12-07T17:08:11.207+0800][3.227s][debug][gc,humongous      ] GC(28) Live humongous region 334 object size 1048592 start 0x00000000f4e00000  with remset 0 code roots 0 is marked 0 reclaim candidate 0 type array 1
[2024-12-07T17:08:11.208+0800][3.227s][debug][gc,humongous      ] GC(28) Live humongous region 336 object size 1048592 start 0x00000000f5000000  with remset 0 code roots 0 is marked 0 reclaim candidate 0 type array 1
[2024-12-07T17:08:11.208+0800][3.227s][debug][gc,humongous      ] GC(28) Live humongous region 338 object size 1048592 start 0x00000000f5200000  with remset 0 code roots 0 is marked 0 reclaim candidate 0 type array 1
[2024-12-07T17:08:11.208+0800][3.227s][debug][gc,humongous      ] GC(28) Live humongous region 340 object size 1048592 start 0x00000000f5400000  with remset 0 code roots 0 is marked 0 reclaim candidate 0 type array 1
[2024-12-07T17:08:11.208+0800][3.227s][debug][gc,humongous      ] GC(28) Live humongous region 342 object size 1048592 start 0x00000000f5600000  with remset 0 code roots 0 is marked 0 reclaim candidate 0 type array 1
[2024-12-07T17:08:11.208+0800][3.227s][debug][gc,humongous      ] GC(28) Live humongous region 344 object size 1048592 start 0x00000000f5800000  with remset 0 code roots 0 is marked 0 reclaim candidate 0 type array 1
[2024-12-07T17:08:11.208+0800][3.227s][debug][gc,humongous      ] GC(28) Live humongous region 346 object size 1048592 start 0x00000000f5a00000  with remset 0 code roots 0 is marked 0 reclaim candidate 0 type array 1
[2024-12-07T17:08:11.208+0800][3.227s][debug][gc,humongous      ] GC(28) Live humongous region 348 object size 1048592 start 0x00000000f5c00000  with remset 0 code roots 0 is marked 0 reclaim candidate 0 type array 1
[2024-12-07T17:08:11.208+0800][3.227s][debug][gc,humongous      ] GC(28) Live humongous region 350 object size 1048592 start 0x00000000f5e00000  with remset 0 code roots 0 is marked 0 reclaim candidate 0 type array 1
[2024-12-07T17:08:11.208+0800][3.228s][debug][gc,humongous      ] GC(28) Live humongous region 352 object size 1048592 start 0x00000000f6000000  with remset 0 code roots 0 is marked 0 reclaim candidate 0 type array 1
[2024-12-07T17:08:11.208+0800][3.228s][debug][gc,humongous      ] GC(28) Live humongous region 354 object size 1048592 start 0x00000000f6200000  with remset 0 code roots 0 is marked 0 reclaim candidate 0 type array 1
[2024-12-07T17:08:11.209+0800][3.228s][debug][gc,humongous      ] GC(28) Live humongous region 356 object size 1048592 start 0x00000000f6400000  with remset 0 code roots 0 is marked 0 reclaim candidate 0 type array 1
[2024-12-07T17:08:11.209+0800][3.228s][debug][gc,humongous      ] GC(28) Live humongous region 358 object size 1048592 start 0x00000000f6600000  with remset 0 code roots 0 is marked 0 reclaim candidate 0 type array 1
[2024-12-07T17:08:11.209+0800][3.228s][debug][gc,humongous      ] GC(28) Live humongous region 360 object size 1048592 start 0x00000000f6800000  with remset 0 code roots 0 is marked 0 reclaim candidate 0 type array 1
[2024-12-07T17:08:11.209+0800][3.228s][debug][gc,humongous      ] GC(28) Live humongous region 362 object size 1048592 start 0x00000000f6a00000  with remset 0 code roots 0 is marked 0 reclaim candidate 0 type array 1
[2024-12-07T17:08:11.209+0800][3.228s][debug][gc,humongous      ] GC(28) Live humongous region 364 object size 1048592 start 0x00000000f6c00000  with remset 0 code roots 0 is marked 0 reclaim candidate 0 type array 1
[2024-12-07T17:08:11.209+0800][3.228s][debug][gc,humongous      ] GC(28) Live humongous region 366 object size 1048592 start 0x00000000f6e00000  with remset 0 code roots 0 is marked 0 reclaim candidate 0 type array 1
[2024-12-07T17:08:11.209+0800][3.228s][debug][gc,humongous      ] GC(28) Live humongous region 368 object size 1048592 start 0x00000000f7000000  with remset 0 code roots 0 is marked 0 reclaim candidate 0 type array 1
[2024-12-07T17:08:11.209+0800][3.228s][debug][gc,humongous      ] GC(28) Live humongous region 370 object size 1048592 start 0x00000000f7200000  with remset 0 code roots 0 is marked 0 reclaim candidate 0 type array 1
[2024-12-07T17:08:11.209+0800][3.228s][debug][gc,humongous      ] GC(28) Live humongous region 372 object size 1048592 start 0x00000000f7400000  with remset 0 code roots 0 is marked 0 reclaim candidate 0 type array 1
[2024-12-07T17:08:11.209+0800][3.228s][debug][gc,humongous      ] GC(28) Live humongous region 374 object size 1048592 start 0x00000000f7600000  with remset 0 code roots 0 is marked 0 reclaim candidate 0 type array 1
[2024-12-07T17:08:11.209+0800][3.229s][debug][gc,humongous      ] GC(28) Live humongous region 376 object size 1048592 start 0x00000000f7800000  with remset 0 code roots 0 is marked 0 reclaim candidate 0 type array 1
[2024-12-07T17:08:11.209+0800][3.229s][debug][gc,humongous      ] GC(28) Live humongous region 378 object size 1048592 start 0x00000000f7a00000  with remset 0 code roots 0 is marked 0 reclaim candidate 0 type array 1
[2024-12-07T17:08:11.210+0800][3.229s][debug][gc,humongous      ] GC(28) Live humongous region 380 object size 1048592 start 0x00000000f7c00000  with remset 0 code roots 0 is marked 0 reclaim candidate 0 type array 1
[2024-12-07T17:08:11.210+0800][3.229s][debug][gc,humongous      ] GC(28) Live humongous region 382 object size 1048592 start 0x00000000f7e00000  with remset 0 code roots 0 is marked 0 reclaim candidate 0 type array 1
[2024-12-07T17:08:11.210+0800][3.229s][debug][gc,humongous      ] GC(28) Live humongous region 384 object size 1048592 start 0x00000000f8000000  with remset 0 code roots 0 is marked 0 reclaim candidate 0 type array 1
[2024-12-07T17:08:11.210+0800][3.229s][debug][gc,humongous      ] GC(28) Live humongous region 386 object size 1048592 start 0x00000000f8200000  with remset 0 code roots 0 is marked 0 reclaim candidate 0 type array 1
[2024-12-07T17:08:11.210+0800][3.229s][debug][gc,humongous      ] GC(28) Live humongous region 388 object size 1048592 start 0x00000000f8400000  with remset 0 code roots 0 is marked 0 reclaim candidate 0 type array 1
[2024-12-07T17:08:11.210+0800][3.229s][debug][gc,humongous      ] GC(28) Live humongous region 390 object size 1048592 start 0x00000000f8600000  with remset 0 code roots 0 is marked 0 reclaim candidate 0 type array 1
[2024-12-07T17:08:11.210+0800][3.229s][debug][gc,humongous      ] GC(28) Live humongous region 392 object size 1048592 start 0x00000000f8800000  with remset 0 code roots 0 is marked 0 reclaim candidate 0 type array 1
[2024-12-07T17:08:11.210+0800][3.229s][debug][gc,humongous      ] GC(28) Live humongous region 394 object size 1048592 start 0x00000000f8a00000  with remset 0 code roots 0 is marked 0 reclaim candidate 0 type array 1
[2024-12-07T17:08:11.210+0800][3.229s][debug][gc,humongous      ] GC(28) Live humongous region 396 object size 1048592 start 0x00000000f8c00000  with remset 0 code roots 0 is marked 0 reclaim candidate 0 type array 1
[2024-12-07T17:08:11.210+0800][3.230s][debug][gc,humongous      ] GC(28) Live humongous region 398 object size 1048592 start 0x00000000f8e00000  with remset 0 code roots 0 is marked 0 reclaim candidate 0 type array 1
[2024-12-07T17:08:11.210+0800][3.230s][debug][gc,humongous      ] GC(28) Live humongous region 400 object size 1048592 start 0x00000000f9000000  with remset 0 code roots 0 is marked 0 reclaim candidate 0 type array 1
[2024-12-07T17:08:11.211+0800][3.230s][debug][gc,humongous      ] GC(28) Live humongous region 402 object size 1048592 start 0x00000000f9200000  with remset 0 code roots 0 is marked 0 reclaim candidate 0 type array 1
[2024-12-07T17:08:11.211+0800][3.230s][debug][gc,humongous      ] GC(28) Live humongous region 404 object size 1048592 start 0x00000000f9400000  with remset 0 code roots 0 is marked 0 reclaim candidate 0 type array 1
[2024-12-07T17:08:11.211+0800][3.230s][debug][gc,humongous      ] GC(28) Live humongous region 406 object size 1048592 start 0x00000000f9600000  with remset 0 code roots 0 is marked 0 reclaim candidate 0 type array 1
[2024-12-07T17:08:11.211+0800][3.230s][debug][gc,humongous      ] GC(28) Live humongous region 408 object size 1048592 start 0x00000000f9800000  with remset 0 code roots 0 is marked 0 reclaim candidate 0 type array 1
[2024-12-07T17:08:11.211+0800][3.230s][debug][gc,humongous      ] GC(28) Live humongous region 410 object size 1048592 start 0x00000000f9a00000  with remset 0 code roots 0 is marked 0 reclaim candidate 0 type array 1
[2024-12-07T17:08:11.211+0800][3.230s][debug][gc,humongous      ] GC(28) Live humongous region 412 object size 1048592 start 0x00000000f9c00000  with remset 0 code roots 0 is marked 0 reclaim candidate 0 type array 1
[2024-12-07T17:08:11.211+0800][3.230s][debug][gc,humongous      ] GC(28) Live humongous region 414 object size 1048592 start 0x00000000f9e00000  with remset 0 code roots 0 is marked 0 reclaim candidate 0 type array 1
[2024-12-07T17:08:11.211+0800][3.230s][debug][gc,humongous      ] GC(28) Live humongous region 416 object size 1048592 start 0x00000000fa000000  with remset 0 code roots 0 is marked 0 reclaim candidate 0 type array 1
[2024-12-07T17:08:11.211+0800][3.230s][debug][gc,humongous      ] GC(28) Live humongous region 418 object size 1048592 start 0x00000000fa200000  with remset 0 code roots 0 is marked 0 reclaim candidate 0 type array 1
[2024-12-07T17:08:11.211+0800][3.231s][debug][gc,humongous      ] GC(28) Live humongous region 420 object size 1048592 start 0x00000000fa400000  with remset 0 code roots 0 is marked 0 reclaim candidate 0 type array 1
[2024-12-07T17:08:11.211+0800][3.231s][debug][gc,humongous      ] GC(28) Live humongous region 422 object size 1048592 start 0x00000000fa600000  with remset 0 code roots 0 is marked 0 reclaim candidate 0 type array 1
[2024-12-07T17:08:11.212+0800][3.231s][debug][gc,humongous      ] GC(28) Live humongous region 424 object size 1048592 start 0x00000000fa800000  with remset 0 code roots 0 is marked 0 reclaim candidate 0 type array 1
[2024-12-07T17:08:11.212+0800][3.231s][debug][gc,humongous      ] GC(28) Live humongous region 426 object size 1048592 start 0x00000000faa00000  with remset 0 code roots 0 is marked 0 reclaim candidate 0 type array 1
[2024-12-07T17:08:11.212+0800][3.231s][debug][gc,humongous      ] GC(28) Live humongous region 428 object size 1048592 start 0x00000000fac00000  with remset 0 code roots 0 is marked 0 reclaim candidate 0 type array 1
[2024-12-07T17:08:11.212+0800][3.231s][debug][gc,humongous      ] GC(28) Live humongous region 430 object size 1048592 start 0x00000000fae00000  with remset 0 code roots 0 is marked 0 reclaim candidate 0 type array 1
[2024-12-07T17:08:11.212+0800][3.231s][debug][gc,humongous      ] GC(28) Live humongous region 432 object size 1048592 start 0x00000000fb000000  with remset 0 code roots 0 is marked 0 reclaim candidate 0 type array 1
[2024-12-07T17:08:11.212+0800][3.231s][debug][gc,humongous      ] GC(28) Live humongous region 434 object size 1048592 start 0x00000000fb200000  with remset 0 code roots 0 is marked 0 reclaim candidate 0 type array 1
[2024-12-07T17:08:11.212+0800][3.231s][debug][gc,humongous      ] GC(28) Live humongous region 436 object size 1048592 start 0x00000000fb400000  with remset 0 code roots 0 is marked 0 reclaim candidate 0 type array 1
[2024-12-07T17:08:11.212+0800][3.231s][debug][gc,humongous      ] GC(28) Live humongous region 438 object size 1048592 start 0x00000000fb600000  with remset 0 code roots 0 is marked 0 reclaim candidate 0 type array 1
[2024-12-07T17:08:11.212+0800][3.231s][debug][gc,humongous      ] GC(28) Live humongous region 440 object size 1048592 start 0x00000000fb800000  with remset 0 code roots 0 is marked 0 reclaim candidate 0 type array 1
[2024-12-07T17:08:11.212+0800][3.231s][debug][gc,humongous      ] GC(28) Live humongous region 442 object size 1048592 start 0x00000000fba00000  with remset 0 code roots 0 is marked 0 reclaim candidate 0 type array 1
[2024-12-07T17:08:11.212+0800][3.232s][debug][gc,humongous      ] GC(28) Live humongous region 444 object size 1048592 start 0x00000000fbc00000  with remset 0 code roots 0 is marked 0 reclaim candidate 0 type array 1
[2024-12-07T17:08:11.212+0800][3.232s][debug][gc,humongous      ] GC(28) Live humongous region 446 object size 1048592 start 0x00000000fbe00000  with remset 0 code roots 0 is marked 0 reclaim candidate 0 type array 1
[2024-12-07T17:08:11.213+0800][3.232s][debug][gc,humongous      ] GC(28) Live humongous region 448 object size 1048592 start 0x00000000fc000000  with remset 0 code roots 0 is marked 0 reclaim candidate 0 type array 1
[2024-12-07T17:08:11.213+0800][3.232s][debug][gc,humongous      ] GC(28) Live humongous region 450 object size 1048592 start 0x00000000fc200000  with remset 0 code roots 0 is marked 0 reclaim candidate 0 type array 1
[2024-12-07T17:08:11.213+0800][3.232s][debug][gc,humongous      ] GC(28) Live humongous region 452 object size 1048592 start 0x00000000fc400000  with remset 0 code roots 0 is marked 0 reclaim candidate 0 type array 1
[2024-12-07T17:08:11.213+0800][3.232s][debug][gc,humongous      ] GC(28) Live humongous region 454 object size 1048592 start 0x00000000fc600000  with remset 0 code roots 0 is marked 0 reclaim candidate 0 type array 1
[2024-12-07T17:08:11.213+0800][3.232s][debug][gc,humongous      ] GC(28) Live humongous region 456 object size 1048592 start 0x00000000fc800000  with remset 0 code roots 0 is marked 0 reclaim candidate 0 type array 1
[2024-12-07T17:08:11.213+0800][3.232s][debug][gc,humongous      ] GC(28) Live humongous region 458 object size 1048592 start 0x00000000fca00000  with remset 0 code roots 0 is marked 0 reclaim candidate 0 type array 1
[2024-12-07T17:08:11.213+0800][3.232s][debug][gc,humongous      ] GC(28) Live humongous region 460 object size 1048592 start 0x00000000fcc00000  with remset 0 code roots 0 is marked 0 reclaim candidate 0 type array 1
[2024-12-07T17:08:11.213+0800][3.232s][debug][gc,humongous      ] GC(28) Live humongous region 462 object size 1048592 start 0x00000000fce00000  with remset 0 code roots 0 is marked 0 reclaim candidate 0 type array 1
[2024-12-07T17:08:11.213+0800][3.232s][debug][gc,humongous      ] GC(28) Live humongous region 464 object size 1048592 start 0x00000000fd000000  with remset 0 code roots 0 is marked 0 reclaim candidate 0 type array 1
[2024-12-07T17:08:11.213+0800][3.233s][debug][gc,humongous      ] GC(28) Live humongous region 466 object size 1048592 start 0x00000000fd200000  with remset 0 code roots 0 is marked 0 reclaim candidate 0 type array 1
[2024-12-07T17:08:11.213+0800][3.233s][debug][gc,humongous      ] GC(28) Live humongous region 468 object size 1048592 start 0x00000000fd400000  with remset 0 code roots 0 is marked 0 reclaim candidate 0 type array 1
[2024-12-07T17:08:11.213+0800][3.233s][debug][gc,humongous      ] GC(28) Live humongous region 470 object size 1048592 start 0x00000000fd600000  with remset 0 code roots 0 is marked 0 reclaim candidate 0 type array 1
[2024-12-07T17:08:11.214+0800][3.233s][debug][gc,humongous      ] GC(28) Live humongous region 472 object size 1048592 start 0x00000000fd800000  with remset 0 code roots 0 is marked 0 reclaim candidate 0 type array 1
[2024-12-07T17:08:11.214+0800][3.233s][debug][gc,humongous      ] GC(28) Live humongous region 474 object size 1048592 start 0x00000000fda00000  with remset 0 code roots 0 is marked 0 reclaim candidate 0 type array 1
[2024-12-07T17:08:11.214+0800][3.233s][debug][gc,humongous      ] GC(28) Live humongous region 476 object size 1048592 start 0x00000000fdc00000  with remset 0 code roots 0 is marked 0 reclaim candidate 0 type array 1
[2024-12-07T17:08:11.214+0800][3.233s][debug][gc,humongous      ] GC(28) Live humongous region 478 object size 1048592 start 0x00000000fde00000  with remset 0 code roots 0 is marked 0 reclaim candidate 0 type array 1
[2024-12-07T17:08:11.214+0800][3.233s][debug][gc,humongous      ] GC(28) Live humongous region 480 object size 1048592 start 0x00000000fe000000  with remset 0 code roots 0 is marked 0 reclaim candidate 0 type array 1
[2024-12-07T17:08:11.214+0800][3.233s][debug][gc,humongous      ] GC(28) Live humongous region 482 object size 1048592 start 0x00000000fe200000  with remset 0 code roots 0 is marked 0 reclaim candidate 0 type array 1
[2024-12-07T17:08:11.214+0800][3.233s][debug][gc,humongous      ] GC(28) Live humongous region 484 object size 1048592 start 0x00000000fe400000  with remset 0 code roots 0 is marked 0 reclaim candidate 0 type array 1
[2024-12-07T17:08:11.214+0800][3.233s][debug][gc,humongous      ] GC(28) Live humongous region 486 object size 1048592 start 0x00000000fe600000  with remset 0 code roots 0 is marked 0 reclaim candidate 0 type array 1
[2024-12-07T17:08:11.214+0800][3.233s][debug][gc,humongous      ] GC(28) Live humongous region 488 object size 1048592 start 0x00000000fe800000  with remset 0 code roots 0 is marked 0 reclaim candidate 0 type array 1
[2024-12-07T17:08:11.214+0800][3.234s][debug][gc,humongous      ] GC(28) Live humongous region 490 object size 1048592 start 0x00000000fea00000  with remset 0 code roots 0 is marked 0 reclaim candidate 0 type array 1
[2024-12-07T17:08:11.214+0800][3.234s][debug][gc,humongous      ] GC(28) Live humongous region 492 object size 1048592 start 0x00000000fec00000  with remset 0 code roots 0 is marked 0 reclaim candidate 0 type array 1
[2024-12-07T17:08:11.215+0800][3.234s][debug][gc,humongous      ] GC(28) Live humongous region 494 object size 1048592 start 0x00000000fee00000  with remset 0 code roots 0 is marked 0 reclaim candidate 0 type array 1
[2024-12-07T17:08:11.215+0800][3.234s][debug][gc,humongous      ] GC(28) Live humongous region 496 object size 1048592 start 0x00000000ff000000  with remset 0 code roots 0 is marked 0 reclaim candidate 0 type array 1
[2024-12-07T17:08:11.215+0800][3.234s][debug][gc,humongous      ] GC(28) Live humongous region 498 object size 1048592 start 0x00000000ff200000  with remset 0 code roots 0 is marked 0 reclaim candidate 0 type array 1
[2024-12-07T17:08:11.215+0800][3.234s][debug][gc,plab           ] GC(28) Young PLAB allocation: allocated: 385056B, wasted: 1832B, unused: 16424B, used: 366800B, undo waste: 0B, 
[2024-12-07T17:08:11.215+0800][3.234s][debug][gc,plab           ] GC(28) Young other allocation: region end waste: 0B, regions filled: 1, direct allocated: 71824B, failure used: 0B, failure wasted: 0B
[2024-12-07T17:08:11.215+0800][3.234s][debug][gc,plab           ] GC(28) Young sizing: calculated: 73360B, actual: 73360B
[2024-12-07T17:08:11.215+0800][3.234s][debug][gc,plab           ] GC(28) Old PLAB allocation: allocated: 0B, wasted: 0B, unused: 0B, used: 0B, undo waste: 0B, 
[2024-12-07T17:08:11.215+0800][3.234s][debug][gc,plab           ] GC(28) Old other allocation: region end waste: 0B, regions filled: 0, direct allocated: 0B, failure used: 0B, failure wasted: 0B
[2024-12-07T17:08:11.215+0800][3.234s][debug][gc,plab           ] GC(28) Old sizing: calculated: 0B, actual: 2064B
[2024-12-07T17:08:11.215+0800][3.234s][debug][gc,alloc,stats    ] Old generation allocation in the last mutator period, old gen allocated: 0B, humongous allocated: 20971520B,old gen growth: 20971520B.
[2024-12-07T17:08:11.215+0800][3.235s][debug][gc,ihop           ] GC(28) Basic information (value update), threshold: 239232614B (45.00), target occupancy: 531628032B, current occupancy: 525482160B, recent allocation size: 20971520B, recent allocation duration: 111.46ms, recent old gen allocation rate: 188153540.00B/s, recent marking phase length: 0.00ms
[2024-12-07T17:08:11.216+0800][3.235s][debug][gc,ihop           ] GC(28) Adaptive IHOP information (value update), threshold: 239232614B (52.42), internal target occupancy: 456340275B, occupancy: 525482160B, additional buffer size: 26214400B, predicted old gen allocation rate: 204195675.98B/s, predicted marking phase length: 0.00ms, prediction active: false
[2024-12-07T17:08:11.216+0800][3.235s][debug][gc,ergo,refine    ] GC(28) Updated Refinement Zones: green: 18, yellow: 54, red: 90
[2024-12-07T17:08:11.216+0800][3.235s][info ][gc,phases         ] GC(28)   Pre Evacuate Collection Set: 0.3ms
[2024-12-07T17:08:11.216+0800][3.235s][debug][gc,phases         ] GC(28)     Prepare TLABs: 0.5ms
[2024-12-07T17:08:11.216+0800][3.235s][debug][gc,phases         ] GC(28)     Choose Collection Set: 0.2ms
[2024-12-07T17:08:11.216+0800][3.235s][debug][gc,phases         ] GC(28)     Humongous Register: 0.0ms
[2024-12-07T17:08:11.216+0800][3.235s][debug][gc,phases         ] GC(28)     Clear Claimed Marks: 0.0ms
[2024-12-07T17:08:11.216+0800][3.235s][info ][gc,phases         ] GC(28)   Evacuate Collection Set: 14.0ms
[2024-12-07T17:08:11.216+0800][3.235s][debug][gc,phases         ] GC(28)     Ext Root Scanning (ms):   Min:  0.1, Avg:  1.4, Max:  7.5, Diff:  7.4, Sum: 16.3, Workers: 12
[2024-12-07T17:08:11.216+0800][3.236s][debug][gc,phases         ] GC(28)     Update RS (ms):           Min:  0.0, Avg:  0.4, Max:  1.3, Diff:  1.3, Sum:  4.8, Workers: 12
[2024-12-07T17:08:11.216+0800][3.236s][debug][gc,phases         ] GC(28)       Processed Buffers:        Min: 0, Avg:  0.8, Max: 2, Diff: 2, Sum: 9, Workers: 12
[2024-12-07T17:08:11.217+0800][3.236s][debug][gc,phases         ] GC(28)       Scanned Cards:            Min: 0, Avg: 18.5, Max: 59, Diff: 59, Sum: 222, Workers: 12
[2024-12-07T17:08:11.217+0800][3.236s][debug][gc,phases         ] GC(28)       Skipped Cards:            Min: 0, Avg:  2.8, Max: 11, Diff: 11, Sum: 34, Workers: 12
[2024-12-07T17:08:11.217+0800][3.236s][debug][gc,phases         ] GC(28)     Scan RS (ms):             Min:  0.0, Avg:  0.4, Max:  2.4, Diff:  2.4, Sum:  4.8, Workers: 12
[2024-12-07T17:08:11.217+0800][3.236s][debug][gc,phases         ] GC(28)       Scanned Cards:            Min: 0, Avg: 15.0, Max: 56, Diff: 56, Sum: 180, Workers: 12
[2024-12-07T17:08:11.217+0800][3.236s][debug][gc,phases         ] GC(28)       Claimed Cards:            Min: 0, Avg: 18.5, Max: 64, Diff: 64, Sum: 222, Workers: 12
[2024-12-07T17:08:11.217+0800][3.236s][debug][gc,phases         ] GC(28)       Skipped Cards:            Min: 0, Avg: 74.0, Max: 222, Diff: 222, Sum: 888, Workers: 12
[2024-12-07T17:08:11.217+0800][3.236s][debug][gc,phases         ] GC(28)     Code Root Scanning (ms):  Min:  0.0, Avg:  0.0, Max:  0.1, Diff:  0.1, Sum:  0.1, Workers: 12
[2024-12-07T17:08:11.217+0800][3.236s][debug][gc,phases         ] GC(28)     AOT Root Scanning (ms):   skipped
[2024-12-07T17:08:11.217+0800][3.236s][debug][gc,phases         ] GC(28)     Object Copy (ms):         Min:  0.0, Avg:  0.1, Max:  0.5, Diff:  0.5, Sum:  1.6, Workers: 12
[2024-12-07T17:08:11.217+0800][3.237s][debug][gc,phases         ] GC(28)     Termination (ms):         Min:  0.0, Avg:  5.5, Max:  6.8, Diff:  6.8, Sum: 66.2, Workers: 12
[2024-12-07T17:08:11.217+0800][3.237s][debug][gc,phases         ] GC(28)       Termination Attempts:     Min: 1, Avg:  6.5, Max: 21, Diff: 20, Sum: 78, Workers: 12
[2024-12-07T17:08:11.218+0800][3.237s][debug][gc,phases         ] GC(28)     GC Worker Other (ms):     Min:  0.7, Avg:  3.4, Max:  5.4, Diff:  4.7, Sum: 41.2, Workers: 12
[2024-12-07T17:08:11.218+0800][3.237s][debug][gc,phases         ] GC(28)     GC Worker Total (ms):     Min:  8.2, Avg: 11.3, Max: 12.9, Diff:  4.8, Sum: 135.0, Workers: 12
[2024-12-07T17:08:11.218+0800][3.237s][info ][gc,phases         ] GC(28)   Post Evacuate Collection Set: 23.3ms
[2024-12-07T17:08:11.218+0800][3.237s][debug][gc,phases         ] GC(28)     Code Roots Fixup: 0.0ms
[2024-12-07T17:08:11.218+0800][3.237s][debug][gc,phases         ] GC(28)     Clear Card Table: 0.1ms
[2024-12-07T17:08:11.218+0800][3.237s][debug][gc,phases         ] GC(28)     Reference Processing: 0.2ms
[2024-12-07T17:08:11.218+0800][3.237s][debug][gc,phases,ref     ] GC(28)       Reconsider SoftReferences: 0.1ms
[2024-12-07T17:08:11.218+0800][3.237s][debug][gc,phases,ref     ] GC(28)         SoftRef (ms):             skipped
[2024-12-07T17:08:11.218+0800][3.237s][debug][gc,phases,ref     ] GC(28)       Notify Soft/WeakReferences: 0.0ms
[2024-12-07T17:08:11.218+0800][3.238s][debug][gc,phases,ref     ] GC(28)         SoftRef (ms):             Min:  0.0, Avg:  0.0, Max:  0.0, Diff:  0.0, Sum:  0.0, Workers: 1
[2024-12-07T17:08:11.218+0800][3.238s][debug][gc,phases,ref     ] GC(28)         WeakRef (ms):             Min:  0.0, Avg:  0.0, Max:  0.0, Diff:  0.0, Sum:  0.0, Workers: 1
[2024-12-07T17:08:11.219+0800][3.238s][debug][gc,phases,ref     ] GC(28)         FinalRef (ms):            Min:  0.0, Avg:  0.0, Max:  0.0, Diff:  0.0, Sum:  0.0, Workers: 1
[2024-12-07T17:08:11.219+0800][3.238s][debug][gc,phases,ref     ] GC(28)         Total (ms):               Min:  0.0, Avg:  0.0, Max:  0.0, Diff:  0.0, Sum:  0.0, Workers: 1
[2024-12-07T17:08:11.219+0800][3.238s][debug][gc,phases,ref     ] GC(28)       Notify and keep alive finalizable: 0.1ms
[2024-12-07T17:08:11.219+0800][3.238s][debug][gc,phases,ref     ] GC(28)         FinalRef (ms):            skipped
[2024-12-07T17:08:11.219+0800][3.238s][debug][gc,phases,ref     ] GC(28)       Notify PhantomReferences: 0.0ms
[2024-12-07T17:08:11.219+0800][3.238s][debug][gc,phases,ref     ] GC(28)         PhantomRef (ms):          Min:  0.0, Avg:  0.0, Max:  0.0, Diff:  0.0, Sum:  0.0, Workers: 1
[2024-12-07T17:08:11.219+0800][3.238s][debug][gc,phases,ref     ] GC(28)       SoftReference:
[2024-12-07T17:08:11.219+0800][3.238s][debug][gc,phases,ref     ] GC(28)         Discovered: 0
[2024-12-07T17:08:11.219+0800][3.238s][debug][gc,phases,ref     ] GC(28)         Cleared: 0
[2024-12-07T17:08:11.219+0800][3.238s][debug][gc,phases,ref     ] GC(28)       WeakReference:
[2024-12-07T17:08:11.219+0800][3.239s][debug][gc,phases,ref     ] GC(28)         Discovered: 6
[2024-12-07T17:08:11.219+0800][3.239s][debug][gc,phases,ref     ] GC(28)         Cleared: 6
[2024-12-07T17:08:11.220+0800][3.239s][debug][gc,phases,ref     ] GC(28)       FinalReference:
[2024-12-07T17:08:11.220+0800][3.239s][debug][gc,phases,ref     ] GC(28)         Discovered: 0
[2024-12-07T17:08:11.220+0800][3.239s][debug][gc,phases,ref     ] GC(28)         Cleared: 0
[2024-12-07T17:08:11.220+0800][3.239s][debug][gc,phases,ref     ] GC(28)       PhantomReference:
[2024-12-07T17:08:11.220+0800][3.239s][debug][gc,phases,ref     ] GC(28)         Discovered: 3
[2024-12-07T17:08:11.220+0800][3.239s][debug][gc,phases,ref     ] GC(28)         Cleared: 3
[2024-12-07T17:08:11.220+0800][3.239s][debug][gc,phases         ] GC(28)     Weak Processing: 0.0ms
[2024-12-07T17:08:11.220+0800][3.239s][debug][gc,phases         ] GC(28)     Merge Per-Thread State: 0.0ms
[2024-12-07T17:08:11.220+0800][3.239s][debug][gc,phases         ] GC(28)     Code Roots Purge: 0.0ms
[2024-12-07T17:08:11.220+0800][3.239s][debug][gc,phases         ] GC(28)     Redirty Cards: 0.1ms
[2024-12-07T17:08:11.220+0800][3.240s][debug][gc,phases         ] GC(28)     DerivedPointerTable Update: 0.0ms
[2024-12-07T17:08:11.220+0800][3.240s][debug][gc,phases         ] GC(28)     Free Collection Set: 0.1ms
[2024-12-07T17:08:11.221+0800][3.240s][debug][gc,phases         ] GC(28)     Humongous Reclaim: 22.7ms
[2024-12-07T17:08:11.221+0800][3.240s][debug][gc,phases         ] GC(28)     Start New Collection Set: 0.0ms
[2024-12-07T17:08:11.221+0800][3.240s][debug][gc,phases         ] GC(28)     Resize TLABs: 0.0ms
[2024-12-07T17:08:11.221+0800][3.240s][debug][gc,phases         ] GC(28)     Expand Heap After Collection: 0.0ms
[2024-12-07T17:08:11.221+0800][3.240s][info ][gc,phases         ] GC(28)   Other: 7.5ms
[2024-12-07T17:08:11.221+0800][3.240s][info ][gc,heap           ] GC(28) Eden regions: 1->0(24)
[2024-12-07T17:08:11.221+0800][3.240s][info ][gc,heap           ] GC(28) Survivor regions: 1->1(4)
[2024-12-07T17:08:11.221+0800][3.240s][info ][gc,heap           ] GC(28) Old regions: 2->2
[2024-12-07T17:08:11.221+0800][3.240s][info ][gc,heap           ] GC(28) Humongous regions: 500->500
[2024-12-07T17:08:11.221+0800][3.241s][info ][gc,metaspace      ] GC(28) Metaspace: 558K(4864K)->558K(4864K) NonClass: 512K(4352K)->512K(4352K) Class: 46K(512K)->46K(512K)
[2024-12-07T17:08:11.221+0800][3.241s][debug][gc,heap           ] GC(28) Heap after GC invocations=29 (full 0): garbage-first heap   total 519168K, used 513166K [0x00000000e0000000, 0x0000000100000000)
[2024-12-07T17:08:11.222+0800][3.241s][debug][gc,heap           ] GC(28)   region size 1024K, 1 young (1024K), 1 survivors (1024K)
[2024-12-07T17:08:11.222+0800][3.241s][debug][gc,heap           ] GC(28)  Metaspace       used 558K, capacity 4570K, committed 4864K, reserved 1056768K
[2024-12-07T17:08:11.222+0800][3.241s][debug][gc,heap           ] GC(28)   class space    used 46K, capacity 419K, committed 512K, reserved 1048576K
[2024-12-07T17:08:11.222+0800][3.241s][info ][gc                ] GC(28) Pause Young (Concurrent Start) (G1 Humongous Allocation) 501M->501M(507M) 47.214ms
[2024-12-07T17:08:11.222+0800][3.241s][info ][gc,cpu            ] GC(28) User=0.08s Sys=0.00s Real=0.05s
[2024-12-07T17:08:11.222+0800][3.241s][info ][gc                ] GC(29) Concurrent Cycle
[2024-12-07T17:08:11.222+0800][3.242s][debug][gc,ergo,heap      ] Attempt heap expansion (humongous allocation request failed). Allocation request: 1048592B
[2024-12-07T17:08:11.222+0800][3.242s][info ][gc,marking        ] GC(29) Concurrent Clear Claimed Marks
[2024-12-07T17:08:11.223+0800][3.242s][debug][gc,ihop           ] Target occupancy update: old: 531628032B, new: 533725184B
[2024-12-07T17:08:11.223+0800][3.242s][info ][gc,marking        ] GC(29) Concurrent Clear Claimed Marks 0.263ms
[2024-12-07T17:08:11.223+0800][3.242s][info ][gc,marking        ] GC(29) Concurrent Scan Root Regions
[2024-12-07T17:08:11.223+0800][3.242s][debug][gc,ergo           ] GC(29) Running G1 Root Region Scan using 1 workers for 1 work units.
[2024-12-07T17:08:11.223+0800][3.242s][debug][gc,ergo,heap      ] Attempt heap expansion (humongous allocation request failed). Allocation request: 1048592B
[2024-12-07T17:08:11.224+0800][3.243s][info ][gc,marking        ] GC(29) Concurrent Scan Root Regions 0.575ms
[2024-12-07T17:08:11.224+0800][3.243s][info ][gc,marking        ] GC(29) Concurrent Mark (3.243s)
[2024-12-07T17:08:11.224+0800][3.243s][info ][gc,marking        ] GC(29) Concurrent Mark From Roots
[2024-12-07T17:08:11.224+0800][3.243s][info ][gc,task           ] GC(29) Using 5 workers of 5 for marking
[2024-12-07T17:08:11.224+0800][3.243s][debug][gc,ihop           ] Target occupancy update: old: 533725184B, new: 535822336B
[2024-12-07T17:08:11.224+0800][3.244s][debug][gc,stats          ] ---------------------------------------------------------------------
[2024-12-07T17:08:11.225+0800][3.244s][debug][gc,stats          ] Marking Stats, task = 0, calls = 38
[2024-12-07T17:08:11.225+0800][3.244s][debug][gc,stats          ]   Elapsed time = 0.44ms, Termination time = 0.00ms
[2024-12-07T17:08:11.225+0800][3.244s][debug][gc,stats          ]   Step Times (cum): num = 1445, avg = 0.01ms, sd = 0.14ms max = 3.57ms, total = 12.81ms
[2024-12-07T17:08:11.225+0800][3.244s][debug][gc,stats          ]   Mark Stats Cache: hits 3169 misses 251 ratio 92.661
[2024-12-07T17:08:11.225+0800][3.244s][debug][gc,stats          ] ---------------------------------------------------------------------
[2024-12-07T17:08:11.225+0800][3.244s][debug][gc,stats          ] Marking Stats, task = 1, calls = 23
[2024-12-07T17:08:11.225+0800][3.244s][debug][gc,stats          ]   Elapsed time = 0.43ms, Termination time = 0.00ms
[2024-12-07T17:08:11.225+0800][3.244s][debug][gc,stats          ]   Step Times (cum): num = 354, avg = 0.04ms, sd = 0.28ms max = 3.56ms, total = 12.66ms
[2024-12-07T17:08:11.225+0800][3.245s][debug][gc,stats          ]   Mark Stats Cache: hits 1857 misses 2 ratio 99.892
[2024-12-07T17:08:11.225+0800][3.245s][debug][gc,stats          ] ---------------------------------------------------------------------
[2024-12-07T17:08:11.226+0800][3.245s][debug][gc,stats          ] Marking Stats, task = 2, calls = 1
[2024-12-07T17:08:11.226+0800][3.245s][debug][gc,stats          ]   Elapsed time = 0.41ms, Termination time = 0.00ms
[2024-12-07T17:08:11.226+0800][3.245s][debug][gc,stats          ]   Step Times (cum): num = 459, avg = 0.03ms, sd = 0.24ms max = 3.57ms, total = 12.22ms
[2024-12-07T17:08:11.226+0800][3.245s][debug][gc,stats          ]   Mark Stats Cache: hits 4290 misses 2 ratio 99.953
[2024-12-07T17:08:11.226+0800][3.245s][debug][gc,stats          ] ---------------------------------------------------------------------
[2024-12-07T17:08:11.226+0800][3.245s][debug][gc,stats          ] Marking Stats, task = 3, calls = 28
[2024-12-07T17:08:11.226+0800][3.245s][debug][gc,stats          ]   Elapsed time = 0.41ms, Termination time = 0.00ms
[2024-12-07T17:08:11.226+0800][3.245s][debug][gc,stats          ]   Step Times (cum): num = 416, avg = 0.03ms, sd = 0.26ms max = 3.57ms, total = 12.65ms
[2024-12-07T17:08:11.226+0800][3.246s][debug][gc,stats          ]   Mark Stats Cache: hits 608 misses 2 ratio 99.672
[2024-12-07T17:08:11.226+0800][3.246s][debug][gc,stats          ] ---------------------------------------------------------------------
[2024-12-07T17:08:11.227+0800][3.246s][debug][gc,stats          ] Marking Stats, task = 4, calls = 28
[2024-12-07T17:08:11.227+0800][3.246s][debug][gc,stats          ]   Elapsed time = 0.41ms, Termination time = 0.00ms
[2024-12-07T17:08:11.227+0800][3.246s][debug][gc,stats          ]   Step Times (cum): num = 414, avg = 0.03ms, sd = 0.26ms max = 3.57ms, total = 12.34ms
[2024-12-07T17:08:11.227+0800][3.246s][debug][gc,stats          ]   Mark Stats Cache: hits 561 misses 1 ratio 99.822
[2024-12-07T17:08:11.227+0800][3.246s][debug][gc,stats          ] ---------------------------------------------------------------------
[2024-12-07T17:08:11.227+0800][3.246s][info ][gc,marking        ] GC(29) Concurrent Mark From Roots 3.283ms
[2024-12-07T17:08:11.227+0800][3.246s][info ][gc,marking        ] GC(29) Concurrent Preclean
[2024-12-07T17:08:11.225+0800][3.244s][debug][gc,heap           ] GC(30) Heap before GC invocations=29 (full 0): garbage-first heap   total 523264K, used 519310K [0x00000000e0000000, 0x0000000100000000)
[2024-12-07T17:08:11.227+0800][3.246s][debug][gc,heap           ] GC(30)   region size 1024K, 1 young (1024K), 1 survivors (1024K)
[2024-12-07T17:08:11.227+0800][3.247s][debug][gc,heap           ] GC(30)  Metaspace       used 558K, capacity 4570K, committed 4864K, reserved 1056768K
[2024-12-07T17:08:11.227+0800][3.247s][debug][gc,heap           ] GC(30)   class space    used 46K, capacity 419K, committed 512K, reserved 1048576K
[2024-12-07T17:08:11.228+0800][3.247s][info ][gc,start          ] GC(30) Pause Young (Normal) (G1 Humongous Allocation)
[2024-12-07T17:08:11.228+0800][3.247s][info ][gc,task           ] GC(30) Using 12 workers of 18 for evacuation
[2024-12-07T17:08:11.228+0800][3.247s][debug][gc,alloc,region   ] GC(30) Mutator Allocation stats, regions: 0, wasted size: 0B ( 0.0%)
[2024-12-07T17:08:11.228+0800][3.247s][debug][gc,age            ] GC(30) Desired survivor size 2097152 bytes, new threshold 15 (max threshold 15)
[2024-12-07T17:08:11.228+0800][3.247s][debug][gc,ergo,cset      ] GC(30) Finish choosing CSet. old: 0 regions, predicted old region time: 0.00ms, time remaining: 174.99
[2024-12-07T17:08:11.228+0800][3.247s][debug][gc,task,stats     ] GC(30) GC Termination Stats
[2024-12-07T17:08:11.228+0800][3.247s][debug][gc,task,stats     ] GC(30)      elapsed  --strong roots-- -------termination------- ------waste (KiB)------
[2024-12-07T17:08:11.228+0800][3.247s][debug][gc,task,stats     ] GC(30) thr     ms        ms      %        ms      %    attempts  total   alloc    undo
[2024-12-07T17:08:11.228+0800][3.247s][debug][gc,task,stats     ] GC(30) --- --------- --------- ------ --------- ------ -------- ------- ------- -------
[2024-12-07T17:08:11.229+0800][3.248s][debug][gc,task,stats     ] GC(30)   7      0.57      0.56  98.70      0.00   0.02        1       0       0       0
[2024-12-07T17:08:11.229+0800][3.248s][debug][gc,task,stats     ] GC(30)   6      0.70      0.31  44.88      0.33  47.59        9       0       0       0
[2024-12-07T17:08:11.229+0800][3.248s][debug][gc,task,stats     ] GC(30)   8      0.80      0.11  13.62      0.33  40.69       12       0       0       0
[2024-12-07T17:08:11.229+0800][3.249s][debug][gc,task,stats     ] GC(30)   9      0.91      0.06   7.12      0.30  33.05       22       0       0       0
[2024-12-07T17:08:11.229+0800][3.249s][debug][gc,task,stats     ] GC(30)  10      0.97      0.06   6.60      0.29  29.46       20       0       0       0
[2024-12-07T17:08:11.230+0800][3.249s][debug][gc,task,stats     ] GC(30)   0      1.19      0.19  16.10      0.26  21.40       31       2       2       0
[2024-12-07T17:08:11.230+0800][3.249s][debug][gc,task,stats     ] GC(30)   1      1.31      0.33  25.21      0.23  17.89       21       0       0       0
[2024-12-07T17:08:11.230+0800][3.249s][debug][gc,task,stats     ] GC(30)   4      1.41      0.44  31.53      0.14  10.12        2       0       0       0
[2024-12-07T17:08:11.230+0800][3.249s][debug][gc,task,stats     ] GC(30)  11      1.41      0.00   0.17      0.26  18.33       16       0       0       0
[2024-12-07T17:08:11.230+0800][3.249s][debug][gc,task,stats     ] GC(30)   2      1.63      0.33  20.19      0.22  13.53       27       0       0       0
[2024-12-07T17:08:11.230+0800][3.249s][debug][gc,task,stats     ] GC(30)   5      1.72      0.30  17.53      0.37  21.81       12       0       0       0
[2024-12-07T17:08:11.230+0800][3.249s][debug][gc,task,stats     ] GC(30)   3      1.83      0.18  10.00      0.39  21.51       20       0       0       0
[2024-12-07T17:08:11.230+0800][3.250s][debug][gc,ergo           ] GC(30) Running G1 Clear Card Table Task using 1 workers for 1 units of work for 2 regions.
[2024-12-07T17:08:11.230+0800][3.250s][debug][gc,ref            ] GC(30) Skipped phase1 of Reference Processing due to unavailable references
[2024-12-07T17:08:11.231+0800][3.250s][debug][gc,ref            ] GC(30) Skipped phase2 of Reference Processing due to unavailable references
[2024-12-07T17:08:11.231+0800][3.250s][debug][gc,ref            ] GC(30) Skipped phase3 of Reference Processing due to unavailable references
[2024-12-07T17:08:11.231+0800][3.250s][debug][gc,ref            ] GC(30) Skipped phase4 of Reference Processing due to unavailable references
[2024-12-07T17:08:11.231+0800][3.250s][debug][gc,ergo           ] GC(30) Running G1 Free Collection Set using 1 workers for collection set length 1
[2024-12-07T17:08:11.231+0800][3.250s][debug][gc,humongous      ] GC(30) Live humongous region 0 object size 1048592 start 0x00000000e0000000  with remset 0 code roots 0 is marked 1 reclaim candidate 0 type array 1
[2024-12-07T17:08:11.231+0800][3.250s][debug][gc,humongous      ] GC(30) Live humongous region 2 object size 1048592 start 0x00000000e0200000  with remset 0 code roots 0 is marked 1 reclaim candidate 0 type array 1
[2024-12-07T17:08:11.231+0800][3.250s][debug][gc,humongous      ] GC(30) Live humongous region 4 object size 1048592 start 0x00000000e0400000  with remset 0 code roots 0 is marked 1 reclaim candidate 0 type array 1
[2024-12-07T17:08:11.231+0800][3.250s][debug][gc,humongous      ] GC(30) Live humongous region 6 object size 1048592 start 0x00000000e0600000  with remset 0 code roots 0 is marked 1 reclaim candidate 0 type array 1
[2024-12-07T17:08:11.231+0800][3.251s][debug][gc,humongous      ] GC(30) Live humongous region 8 object size 1048592 start 0x00000000e0800000  with remset 0 code roots 0 is marked 1 reclaim candidate 0 type array 1
[2024-12-07T17:08:11.231+0800][3.251s][debug][gc,humongous      ] GC(30) Live humongous region 10 object size 1048592 start 0x00000000e0a00000  with remset 0 code roots 0 is marked 1 reclaim candidate 0 type array 1
[2024-12-07T17:08:11.232+0800][3.251s][debug][gc,humongous      ] GC(30) Live humongous region 12 object size 1048592 start 0x00000000e0c00000  with remset 0 code roots 0 is marked 1 reclaim candidate 0 type array 1
[2024-12-07T17:08:11.232+0800][3.251s][debug][gc,humongous      ] GC(30) Live humongous region 14 object size 1048592 start 0x00000000e0e00000  with remset 0 code roots 0 is marked 1 reclaim candidate 0 type array 1
[2024-12-07T17:08:11.232+0800][3.251s][debug][gc,humongous      ] GC(30) Live humongous region 16 object size 1048592 start 0x00000000e1000000  with remset 0 code roots 0 is marked 1 reclaim candidate 0 type array 1
[2024-12-07T17:08:11.232+0800][3.251s][debug][gc,humongous      ] GC(30) Live humongous region 18 object size 1048592 start 0x00000000e1200000  with remset 0 code roots 0 is marked 1 reclaim candidate 0 type array 1
[2024-12-07T17:08:11.232+0800][3.251s][debug][gc,humongous      ] GC(30) Live humongous region 20 object size 1048592 start 0x00000000e1400000  with remset 0 code roots 0 is marked 1 reclaim candidate 0 type array 1
[2024-12-07T17:08:11.232+0800][3.251s][debug][gc,humongous      ] GC(30) Live humongous region 22 object size 1048592 start 0x00000000e1600000  with remset 0 code roots 0 is marked 1 reclaim candidate 0 type array 1
[2024-12-07T17:08:11.232+0800][3.251s][debug][gc,humongous      ] GC(30) Live humongous region 24 object size 1048592 start 0x00000000e1800000  with remset 0 code roots 0 is marked 1 reclaim candidate 0 type array 1
[2024-12-07T17:08:11.232+0800][3.251s][debug][gc,humongous      ] GC(30) Live humongous region 26 object size 1048592 start 0x00000000e1a00000  with remset 0 code roots 0 is marked 1 reclaim candidate 0 type array 1
[2024-12-07T17:08:11.232+0800][3.251s][debug][gc,humongous      ] GC(30) Live humongous region 28 object size 1048592 start 0x00000000e1c00000  with remset 0 code roots 0 is marked 1 reclaim candidate 0 type array 1
[2024-12-07T17:08:11.232+0800][3.252s][debug][gc,humongous      ] GC(30) Live humongous region 30 object size 1048592 start 0x00000000e1e00000  with remset 0 code roots 0 is marked 1 reclaim candidate 0 type array 1
[2024-12-07T17:08:11.232+0800][3.252s][debug][gc,humongous      ] GC(30) Live humongous region 32 object size 1048592 start 0x00000000e2000000  with remset 0 code roots 0 is marked 1 reclaim candidate 0 type array 1
[2024-12-07T17:08:11.233+0800][3.252s][debug][gc,humongous      ] GC(30) Live humongous region 34 object size 1048592 start 0x00000000e2200000  with remset 0 code roots 0 is marked 1 reclaim candidate 0 type array 1
[2024-12-07T17:08:11.233+0800][3.252s][debug][gc,humongous      ] GC(30) Live humongous region 36 object size 1048592 start 0x00000000e2400000  with remset 0 code roots 0 is marked 1 reclaim candidate 0 type array 1
[2024-12-07T17:08:11.233+0800][3.252s][debug][gc,humongous      ] GC(30) Live humongous region 38 object size 1048592 start 0x00000000e2600000  with remset 0 code roots 0 is marked 1 reclaim candidate 0 type array 1
[2024-12-07T17:08:11.233+0800][3.252s][debug][gc,humongous      ] GC(30) Live humongous region 40 object size 1048592 start 0x00000000e2800000  with remset 0 code roots 0 is marked 1 reclaim candidate 0 type array 1
[2024-12-07T17:08:11.233+0800][3.252s][debug][gc,humongous      ] GC(30) Live humongous region 42 object size 1048592 start 0x00000000e2a00000  with remset 0 code roots 0 is marked 1 reclaim candidate 0 type array 1
[2024-12-07T17:08:11.233+0800][3.252s][debug][gc,humongous      ] GC(30) Live humongous region 44 object size 1048592 start 0x00000000e2c00000  with remset 0 code roots 0 is marked 1 reclaim candidate 0 type array 1
[2024-12-07T17:08:11.233+0800][3.252s][debug][gc,humongous      ] GC(30) Live humongous region 46 object size 1048592 start 0x00000000e2e00000  with remset 0 code roots 0 is marked 1 reclaim candidate 0 type array 1
[2024-12-07T17:08:11.233+0800][3.252s][debug][gc,humongous      ] GC(30) Live humongous region 48 object size 1048592 start 0x00000000e3000000  with remset 0 code roots 0 is marked 1 reclaim candidate 0 type array 1
[2024-12-07T17:08:11.233+0800][3.252s][debug][gc,humongous      ] GC(30) Live humongous region 50 object size 1048592 start 0x00000000e3200000  with remset 0 code roots 0 is marked 1 reclaim candidate 0 type array 1
[2024-12-07T17:08:11.233+0800][3.252s][debug][gc,humongous      ] GC(30) Live humongous region 52 object size 1048592 start 0x00000000e3400000  with remset 0 code roots 0 is marked 1 reclaim candidate 0 type array 1
[2024-12-07T17:08:11.233+0800][3.253s][debug][gc,humongous      ] GC(30) Live humongous region 54 object size 1048592 start 0x00000000e3600000  with remset 0 code roots 0 is marked 1 reclaim candidate 0 type array 1
[2024-12-07T17:08:11.233+0800][3.253s][debug][gc,humongous      ] GC(30) Live humongous region 56 object size 1048592 start 0x00000000e3800000  with remset 0 code roots 0 is marked 1 reclaim candidate 0 type array 1
[2024-12-07T17:08:11.234+0800][3.253s][debug][gc,humongous      ] GC(30) Live humongous region 58 object size 1048592 start 0x00000000e3a00000  with remset 0 code roots 0 is marked 1 reclaim candidate 0 type array 1
[2024-12-07T17:08:11.234+0800][3.253s][debug][gc,humongous      ] GC(30) Live humongous region 60 object size 1048592 start 0x00000000e3c00000  with remset 0 code roots 0 is marked 1 reclaim candidate 0 type array 1
[2024-12-07T17:08:11.234+0800][3.253s][debug][gc,humongous      ] GC(30) Live humongous region 62 object size 1048592 start 0x00000000e3e00000  with remset 0 code roots 0 is marked 1 reclaim candidate 0 type array 1
[2024-12-07T17:08:11.234+0800][3.253s][debug][gc,humongous      ] GC(30) Live humongous region 64 object size 1048592 start 0x00000000e4000000  with remset 0 code roots 0 is marked 1 reclaim candidate 0 type array 1
[2024-12-07T17:08:11.234+0800][3.253s][debug][gc,humongous      ] GC(30) Live humongous region 66 object size 1048592 start 0x00000000e4200000  with remset 0 code roots 0 is marked 1 reclaim candidate 0 type array 1
[2024-12-07T17:08:11.234+0800][3.253s][debug][gc,humongous      ] GC(30) Live humongous region 68 object size 1048592 start 0x00000000e4400000  with remset 0 code roots 0 is marked 1 reclaim candidate 0 type array 1
[2024-12-07T17:08:11.234+0800][3.253s][debug][gc,humongous      ] GC(30) Live humongous region 70 object size 1048592 start 0x00000000e4600000  with remset 0 code roots 0 is marked 1 reclaim candidate 0 type array 1
[2024-12-07T17:08:11.234+0800][3.253s][debug][gc,humongous      ] GC(30) Live humongous region 72 object size 1048592 start 0x00000000e4800000  with remset 0 code roots 0 is marked 1 reclaim candidate 0 type array 1
[2024-12-07T17:08:11.234+0800][3.253s][debug][gc,humongous      ] GC(30) Live humongous region 74 object size 1048592 start 0x00000000e4a00000  with remset 0 code roots 0 is marked 1 reclaim candidate 0 type array 1
[2024-12-07T17:08:11.234+0800][3.253s][debug][gc,humongous      ] GC(30) Live humongous region 76 object size 1048592 start 0x00000000e4c00000  with remset 0 code roots 0 is marked 1 reclaim candidate 0 type array 1
[2024-12-07T17:08:11.234+0800][3.254s][debug][gc,humongous      ] GC(30) Live humongous region 78 object size 1048592 start 0x00000000e4e00000  with remset 0 code roots 0 is marked 1 reclaim candidate 0 type array 1
[2024-12-07T17:08:11.234+0800][3.254s][debug][gc,humongous      ] GC(30) Live humongous region 80 object size 1048592 start 0x00000000e5000000  with remset 0 code roots 0 is marked 1 reclaim candidate 0 type array 1
[2024-12-07T17:08:11.235+0800][3.254s][debug][gc,humongous      ] GC(30) Live humongous region 82 object size 1048592 start 0x00000000e5200000  with remset 0 code roots 0 is marked 1 reclaim candidate 0 type array 1
[2024-12-07T17:08:11.235+0800][3.254s][debug][gc,humongous      ] GC(30) Live humongous region 84 object size 1048592 start 0x00000000e5400000  with remset 0 code roots 0 is marked 1 reclaim candidate 0 type array 1
[2024-12-07T17:08:11.235+0800][3.254s][debug][gc,humongous      ] GC(30) Live humongous region 86 object size 1048592 start 0x00000000e5600000  with remset 0 code roots 0 is marked 1 reclaim candidate 0 type array 1
[2024-12-07T17:08:11.235+0800][3.254s][debug][gc,humongous      ] GC(30) Live humongous region 88 object size 1048592 start 0x00000000e5800000  with remset 0 code roots 0 is marked 1 reclaim candidate 0 type array 1
[2024-12-07T17:08:11.235+0800][3.254s][debug][gc,humongous      ] GC(30) Live humongous region 90 object size 1048592 start 0x00000000e5a00000  with remset 0 code roots 0 is marked 1 reclaim candidate 0 type array 1
[2024-12-07T17:08:11.235+0800][3.254s][debug][gc,humongous      ] GC(30) Live humongous region 92 object size 1048592 start 0x00000000e5c00000  with remset 0 code roots 0 is marked 1 reclaim candidate 0 type array 1
[2024-12-07T17:08:11.235+0800][3.254s][debug][gc,humongous      ] GC(30) Live humongous region 94 object size 1048592 start 0x00000000e5e00000  with remset 0 code roots 0 is marked 1 reclaim candidate 0 type array 1
[2024-12-07T17:08:11.235+0800][3.254s][debug][gc,humongous      ] GC(30) Live humongous region 96 object size 1048592 start 0x00000000e6000000  with remset 0 code roots 0 is marked 1 reclaim candidate 0 type array 1
[2024-12-07T17:08:11.235+0800][3.254s][debug][gc,humongous      ] GC(30) Live humongous region 98 object size 1048592 start 0x00000000e6200000  with remset 0 code roots 0 is marked 1 reclaim candidate 0 type array 1
[2024-12-07T17:08:11.235+0800][3.255s][debug][gc,humongous      ] GC(30) Live humongous region 100 object size 1048592 start 0x00000000e6400000  with remset 0 code roots 0 is marked 1 reclaim candidate 0 type array 1
[2024-12-07T17:08:11.235+0800][3.255s][debug][gc,humongous      ] GC(30) Live humongous region 102 object size 1048592 start 0x00000000e6600000  with remset 0 code roots 0 is marked 1 reclaim candidate 0 type array 1
[2024-12-07T17:08:11.236+0800][3.255s][debug][gc,humongous      ] GC(30) Live humongous region 104 object size 1048592 start 0x00000000e6800000  with remset 0 code roots 0 is marked 1 reclaim candidate 0 type array 1
[2024-12-07T17:08:11.236+0800][3.255s][debug][gc,humongous      ] GC(30) Live humongous region 106 object size 1048592 start 0x00000000e6a00000  with remset 0 code roots 0 is marked 1 reclaim candidate 0 type array 1
[2024-12-07T17:08:11.236+0800][3.255s][debug][gc,humongous      ] GC(30) Live humongous region 108 object size 1048592 start 0x00000000e6c00000  with remset 0 code roots 0 is marked 1 reclaim candidate 0 type array 1
[2024-12-07T17:08:11.236+0800][3.255s][debug][gc,humongous      ] GC(30) Live humongous region 110 object size 1048592 start 0x00000000e6e00000  with remset 0 code roots 0 is marked 1 reclaim candidate 0 type array 1
[2024-12-07T17:08:11.236+0800][3.255s][debug][gc,humongous      ] GC(30) Live humongous region 112 object size 1048592 start 0x00000000e7000000  with remset 0 code roots 0 is marked 1 reclaim candidate 0 type array 1
[2024-12-07T17:08:11.236+0800][3.255s][debug][gc,humongous      ] GC(30) Live humongous region 114 object size 1048592 start 0x00000000e7200000  with remset 0 code roots 0 is marked 1 reclaim candidate 0 type array 1
[2024-12-07T17:08:11.236+0800][3.255s][debug][gc,humongous      ] GC(30) Live humongous region 116 object size 1048592 start 0x00000000e7400000  with remset 0 code roots 0 is marked 1 reclaim candidate 0 type array 1
[2024-12-07T17:08:11.236+0800][3.255s][debug][gc,humongous      ] GC(30) Live humongous region 118 object size 1048592 start 0x00000000e7600000  with remset 0 code roots 0 is marked 1 reclaim candidate 0 type array 1
[2024-12-07T17:08:11.236+0800][3.255s][debug][gc,humongous      ] GC(30) Live humongous region 120 object size 1048592 start 0x00000000e7800000  with remset 0 code roots 0 is marked 1 reclaim candidate 0 type array 1
[2024-12-07T17:08:11.236+0800][3.255s][debug][gc,humongous      ] GC(30) Live humongous region 122 object size 1048592 start 0x00000000e7a00000  with remset 0 code roots 0 is marked 1 reclaim candidate 0 type array 1
[2024-12-07T17:08:11.236+0800][3.256s][debug][gc,humongous      ] GC(30) Live humongous region 124 object size 1048592 start 0x00000000e7c00000  with remset 0 code roots 0 is marked 1 reclaim candidate 0 type array 1
[2024-12-07T17:08:11.236+0800][3.256s][debug][gc,humongous      ] GC(30) Live humongous region 126 object size 1048592 start 0x00000000e7e00000  with remset 0 code roots 0 is marked 1 reclaim candidate 0 type array 1
[2024-12-07T17:08:11.237+0800][3.256s][debug][gc,humongous      ] GC(30) Live humongous region 128 object size 1048592 start 0x00000000e8000000  with remset 0 code roots 0 is marked 1 reclaim candidate 0 type array 1
[2024-12-07T17:08:11.237+0800][3.256s][debug][gc,humongous      ] GC(30) Live humongous region 130 object size 1048592 start 0x00000000e8200000  with remset 0 code roots 0 is marked 1 reclaim candidate 0 type array 1
[2024-12-07T17:08:11.237+0800][3.256s][debug][gc,humongous      ] GC(30) Live humongous region 132 object size 1048592 start 0x00000000e8400000  with remset 0 code roots 0 is marked 1 reclaim candidate 0 type array 1
[2024-12-07T17:08:11.237+0800][3.256s][debug][gc,humongous      ] GC(30) Live humongous region 134 object size 1048592 start 0x00000000e8600000  with remset 0 code roots 0 is marked 1 reclaim candidate 0 type array 1
[2024-12-07T17:08:11.237+0800][3.256s][debug][gc,humongous      ] GC(30) Live humongous region 136 object size 1048592 start 0x00000000e8800000  with remset 0 code roots 0 is marked 1 reclaim candidate 0 type array 1
[2024-12-07T17:08:11.237+0800][3.256s][debug][gc,humongous      ] GC(30) Live humongous region 138 object size 1048592 start 0x00000000e8a00000  with remset 0 code roots 0 is marked 1 reclaim candidate 0 type array 1
[2024-12-07T17:08:11.237+0800][3.256s][debug][gc,humongous      ] GC(30) Live humongous region 140 object size 1048592 start 0x00000000e8c00000  with remset 0 code roots 0 is marked 1 reclaim candidate 0 type array 1
[2024-12-07T17:08:11.237+0800][3.256s][debug][gc,humongous      ] GC(30) Live humongous region 142 object size 1048592 start 0x00000000e8e00000  with remset 0 code roots 0 is marked 1 reclaim candidate 0 type array 1
[2024-12-07T17:08:11.237+0800][3.256s][debug][gc,humongous      ] GC(30) Live humongous region 144 object size 1048592 start 0x00000000e9000000  with remset 0 code roots 0 is marked 1 reclaim candidate 0 type array 1
[2024-12-07T17:08:11.237+0800][3.257s][debug][gc,humongous      ] GC(30) Live humongous region 146 object size 1048592 start 0x00000000e9200000  with remset 0 code roots 0 is marked 1 reclaim candidate 0 type array 1
[2024-12-07T17:08:11.237+0800][3.257s][debug][gc,humongous      ] GC(30) Live humongous region 148 object size 1048592 start 0x00000000e9400000  with remset 0 code roots 0 is marked 1 reclaim candidate 0 type array 1
[2024-12-07T17:08:11.238+0800][3.257s][debug][gc,humongous      ] GC(30) Live humongous region 150 object size 1048592 start 0x00000000e9600000  with remset 0 code roots 0 is marked 1 reclaim candidate 0 type array 1
[2024-12-07T17:08:11.238+0800][3.257s][debug][gc,humongous      ] GC(30) Live humongous region 152 object size 1048592 start 0x00000000e9800000  with remset 0 code roots 0 is marked 1 reclaim candidate 0 type array 1
[2024-12-07T17:08:11.238+0800][3.257s][debug][gc,humongous      ] GC(30) Live humongous region 154 object size 1048592 start 0x00000000e9a00000  with remset 0 code roots 0 is marked 1 reclaim candidate 0 type array 1
[2024-12-07T17:08:11.238+0800][3.257s][debug][gc,humongous      ] GC(30) Live humongous region 156 object size 1048592 start 0x00000000e9c00000  with remset 0 code roots 0 is marked 1 reclaim candidate 0 type array 1
[2024-12-07T17:08:11.238+0800][3.257s][debug][gc,humongous      ] GC(30) Live humongous region 158 object size 1048592 start 0x00000000e9e00000  with remset 0 code roots 0 is marked 1 reclaim candidate 0 type array 1
[2024-12-07T17:08:11.238+0800][3.257s][debug][gc,humongous      ] GC(30) Live humongous region 160 object size 1048592 start 0x00000000ea000000  with remset 0 code roots 0 is marked 1 reclaim candidate 0 type array 1
[2024-12-07T17:08:11.238+0800][3.257s][debug][gc,humongous      ] GC(30) Live humongous region 162 object size 1048592 start 0x00000000ea200000  with remset 0 code roots 0 is marked 1 reclaim candidate 0 type array 1
[2024-12-07T17:08:11.238+0800][3.257s][debug][gc,humongous      ] GC(30) Live humongous region 164 object size 1048592 start 0x00000000ea400000  with remset 0 code roots 0 is marked 1 reclaim candidate 0 type array 1
[2024-12-07T17:08:11.238+0800][3.257s][debug][gc,humongous      ] GC(30) Live humongous region 166 object size 1048592 start 0x00000000ea600000  with remset 0 code roots 0 is marked 1 reclaim candidate 0 type array 1
[2024-12-07T17:08:11.238+0800][3.257s][debug][gc,humongous      ] GC(30) Live humongous region 168 object size 1048592 start 0x00000000ea800000  with remset 0 code roots 0 is marked 1 reclaim candidate 0 type array 1
[2024-12-07T17:08:11.238+0800][3.258s][debug][gc,humongous      ] GC(30) Live humongous region 170 object size 1048592 start 0x00000000eaa00000  with remset 0 code roots 0 is marked 1 reclaim candidate 0 type array 1
[2024-12-07T17:08:11.238+0800][3.258s][debug][gc,humongous      ] GC(30) Live humongous region 172 object size 1048592 start 0x00000000eac00000  with remset 0 code roots 0 is marked 1 reclaim candidate 0 type array 1
[2024-12-07T17:08:11.239+0800][3.258s][debug][gc,humongous      ] GC(30) Live humongous region 174 object size 1048592 start 0x00000000eae00000  with remset 0 code roots 0 is marked 1 reclaim candidate 0 type array 1
[2024-12-07T17:08:11.239+0800][3.258s][debug][gc,humongous      ] GC(30) Live humongous region 176 object size 1048592 start 0x00000000eb000000  with remset 0 code roots 0 is marked 1 reclaim candidate 0 type array 1
[2024-12-07T17:08:11.239+0800][3.258s][debug][gc,humongous      ] GC(30) Live humongous region 178 object size 1048592 start 0x00000000eb200000  with remset 0 code roots 0 is marked 1 reclaim candidate 0 type array 1
[2024-12-07T17:08:11.239+0800][3.258s][debug][gc,humongous      ] GC(30) Live humongous region 180 object size 1048592 start 0x00000000eb400000  with remset 0 code roots 0 is marked 1 reclaim candidate 0 type array 1
[2024-12-07T17:08:11.239+0800][3.258s][debug][gc,humongous      ] GC(30) Live humongous region 182 object size 1048592 start 0x00000000eb600000  with remset 0 code roots 0 is marked 1 reclaim candidate 0 type array 1
[2024-12-07T17:08:11.239+0800][3.258s][debug][gc,humongous      ] GC(30) Live humongous region 184 object size 1048592 start 0x00000000eb800000  with remset 0 code roots 0 is marked 1 reclaim candidate 0 type array 1
[2024-12-07T17:08:11.239+0800][3.258s][debug][gc,humongous      ] GC(30) Live humongous region 186 object size 1048592 start 0x00000000eba00000  with remset 0 code roots 0 is marked 1 reclaim candidate 0 type array 1
[2024-12-07T17:08:11.239+0800][3.258s][debug][gc,humongous      ] GC(30) Live humongous region 188 object size 1048592 start 0x00000000ebc00000  with remset 0 code roots 0 is marked 1 reclaim candidate 0 type array 1
[2024-12-07T17:08:11.239+0800][3.258s][debug][gc,humongous      ] GC(30) Live humongous region 190 object size 1048592 start 0x00000000ebe00000  with remset 0 code roots 0 is marked 1 reclaim candidate 0 type array 1
[2024-12-07T17:08:11.239+0800][3.259s][debug][gc,humongous      ] GC(30) Live humongous region 192 object size 1048592 start 0x00000000ec000000  with remset 0 code roots 0 is marked 1 reclaim candidate 0 type array 1
[2024-12-07T17:08:11.239+0800][3.259s][debug][gc,humongous      ] GC(30) Live humongous region 194 object size 1048592 start 0x00000000ec200000  with remset 0 code roots 0 is marked 1 reclaim candidate 0 type array 1
[2024-12-07T17:08:11.240+0800][3.259s][debug][gc,humongous      ] GC(30) Live humongous region 196 object size 1048592 start 0x00000000ec400000  with remset 0 code roots 0 is marked 1 reclaim candidate 0 type array 1
[2024-12-07T17:08:11.240+0800][3.259s][debug][gc,humongous      ] GC(30) Live humongous region 198 object size 1048592 start 0x00000000ec600000  with remset 0 code roots 0 is marked 1 reclaim candidate 0 type array 1
[2024-12-07T17:08:11.240+0800][3.259s][debug][gc,humongous      ] GC(30) Live humongous region 200 object size 1048592 start 0x00000000ec800000  with remset 0 code roots 0 is marked 1 reclaim candidate 0 type array 1
[2024-12-07T17:08:11.240+0800][3.259s][debug][gc,humongous      ] GC(30) Live humongous region 202 object size 1048592 start 0x00000000eca00000  with remset 0 code roots 0 is marked 1 reclaim candidate 0 type array 1
[2024-12-07T17:08:11.240+0800][3.259s][debug][gc,humongous      ] GC(30) Live humongous region 204 object size 1048592 start 0x00000000ecc00000  with remset 0 code roots 0 is marked 1 reclaim candidate 0 type array 1
[2024-12-07T17:08:11.240+0800][3.259s][debug][gc,humongous      ] GC(30) Live humongous region 206 object size 1048592 start 0x00000000ece00000  with remset 0 code roots 0 is marked 1 reclaim candidate 0 type array 1
[2024-12-07T17:08:11.240+0800][3.259s][debug][gc,humongous      ] GC(30) Live humongous region 208 object size 1048592 start 0x00000000ed000000  with remset 0 code roots 0 is marked 1 reclaim candidate 0 type array 1
[2024-12-07T17:08:11.240+0800][3.260s][debug][gc,humongous      ] GC(30) Live humongous region 210 object size 1048592 start 0x00000000ed200000  with remset 0 code roots 0 is marked 1 reclaim candidate 0 type array 1
[2024-12-07T17:08:11.241+0800][3.260s][debug][gc,humongous      ] GC(30) Live humongous region 212 object size 1048592 start 0x00000000ed400000  with remset 0 code roots 0 is marked 1 reclaim candidate 0 type array 1
[2024-12-07T17:08:11.241+0800][3.260s][debug][gc,humongous      ] GC(30) Live humongous region 214 object size 1048592 start 0x00000000ed600000  with remset 0 code roots 0 is marked 1 reclaim candidate 0 type array 1
[2024-12-07T17:08:11.241+0800][3.260s][debug][gc,humongous      ] GC(30) Live humongous region 216 object size 1048592 start 0x00000000ed800000  with remset 0 code roots 0 is marked 1 reclaim candidate 0 type array 1
[2024-12-07T17:08:11.241+0800][3.260s][debug][gc,humongous      ] GC(30) Live humongous region 218 object size 1048592 start 0x00000000eda00000  with remset 0 code roots 0 is marked 1 reclaim candidate 0 type array 1
[2024-12-07T17:08:11.241+0800][3.260s][debug][gc,humongous      ] GC(30) Live humongous region 220 object size 1048592 start 0x00000000edc00000  with remset 0 code roots 0 is marked 1 reclaim candidate 0 type array 1
[2024-12-07T17:08:11.241+0800][3.260s][debug][gc,humongous      ] GC(30) Live humongous region 222 object size 1048592 start 0x00000000ede00000  with remset 0 code roots 0 is marked 1 reclaim candidate 0 type array 1
[2024-12-07T17:08:11.241+0800][3.260s][debug][gc,humongous      ] GC(30) Live humongous region 224 object size 1048592 start 0x00000000ee000000  with remset 0 code roots 0 is marked 1 reclaim candidate 0 type array 1
[2024-12-07T17:08:11.241+0800][3.260s][debug][gc,humongous      ] GC(30) Live humongous region 226 object size 1048592 start 0x00000000ee200000  with remset 0 code roots 0 is marked 1 reclaim candidate 0 type array 1
[2024-12-07T17:08:11.241+0800][3.260s][debug][gc,humongous      ] GC(30) Live humongous region 228 object size 1048592 start 0x00000000ee400000  with remset 0 code roots 0 is marked 1 reclaim candidate 0 type array 1
[2024-12-07T17:08:11.241+0800][3.261s][debug][gc,humongous      ] GC(30) Live humongous region 230 object size 1048592 start 0x00000000ee600000  with remset 0 code roots 0 is marked 1 reclaim candidate 0 type array 1
[2024-12-07T17:08:11.241+0800][3.261s][debug][gc,humongous      ] GC(30) Live humongous region 232 object size 1048592 start 0x00000000ee800000  with remset 0 code roots 0 is marked 1 reclaim candidate 0 type array 1
[2024-12-07T17:08:11.242+0800][3.261s][debug][gc,humongous      ] GC(30) Live humongous region 234 object size 1048592 start 0x00000000eea00000  with remset 0 code roots 0 is marked 1 reclaim candidate 0 type array 1
[2024-12-07T17:08:11.242+0800][3.261s][debug][gc,humongous      ] GC(30) Live humongous region 236 object size 1048592 start 0x00000000eec00000  with remset 0 code roots 0 is marked 1 reclaim candidate 0 type array 1
[2024-12-07T17:08:11.242+0800][3.261s][debug][gc,humongous      ] GC(30) Live humongous region 238 object size 1048592 start 0x00000000eee00000  with remset 0 code roots 0 is marked 1 reclaim candidate 0 type array 1
[2024-12-07T17:08:11.242+0800][3.261s][debug][gc,humongous      ] GC(30) Live humongous region 240 object size 1048592 start 0x00000000ef000000  with remset 0 code roots 0 is marked 1 reclaim candidate 0 type array 1
[2024-12-07T17:08:11.242+0800][3.261s][debug][gc,humongous      ] GC(30) Live humongous region 242 object size 1048592 start 0x00000000ef200000  with remset 0 code roots 0 is marked 1 reclaim candidate 0 type array 1
[2024-12-07T17:08:11.242+0800][3.261s][debug][gc,humongous      ] GC(30) Live humongous region 244 object size 1048592 start 0x00000000ef400000  with remset 0 code roots 0 is marked 1 reclaim candidate 0 type array 1
[2024-12-07T17:08:11.242+0800][3.261s][debug][gc,humongous      ] GC(30) Live humongous region 246 object size 1048592 start 0x00000000ef600000  with remset 0 code roots 0 is marked 1 reclaim candidate 0 type array 1
[2024-12-07T17:08:11.242+0800][3.261s][debug][gc,humongous      ] GC(30) Live humongous region 248 object size 1048592 start 0x00000000ef800000  with remset 0 code roots 0 is marked 1 reclaim candidate 0 type array 1
[2024-12-07T17:08:11.242+0800][3.261s][debug][gc,humongous      ] GC(30) Live humongous region 250 object size 1048592 start 0x00000000efa00000  with remset 0 code roots 0 is marked 1 reclaim candidate 0 type array 1
[2024-12-07T17:08:11.242+0800][3.262s][debug][gc,humongous      ] GC(30) Live humongous region 252 object size 1048592 start 0x00000000efc00000  with remset 0 code roots 0 is marked 1 reclaim candidate 0 type array 1
[2024-12-07T17:08:11.242+0800][3.262s][debug][gc,humongous      ] GC(30) Live humongous region 254 object size 1048592 start 0x00000000efe00000  with remset 0 code roots 0 is marked 1 reclaim candidate 0 type array 1
[2024-12-07T17:08:11.243+0800][3.262s][debug][gc,humongous      ] GC(30) Live humongous region 256 object size 1048592 start 0x00000000f0000000  with remset 0 code roots 0 is marked 1 reclaim candidate 0 type array 1
[2024-12-07T17:08:11.243+0800][3.262s][debug][gc,humongous      ] GC(30) Live humongous region 258 object size 1048592 start 0x00000000f0200000  with remset 0 code roots 0 is marked 1 reclaim candidate 0 type array 1
[2024-12-07T17:08:11.243+0800][3.262s][debug][gc,humongous      ] GC(30) Live humongous region 260 object size 1048592 start 0x00000000f0400000  with remset 0 code roots 0 is marked 1 reclaim candidate 0 type array 1
[2024-12-07T17:08:11.243+0800][3.262s][debug][gc,humongous      ] GC(30) Live humongous region 262 object size 1048592 start 0x00000000f0600000  with remset 0 code roots 0 is marked 1 reclaim candidate 0 type array 1
[2024-12-07T17:08:11.243+0800][3.262s][debug][gc,humongous      ] GC(30) Live humongous region 264 object size 1048592 start 0x00000000f0800000  with remset 0 code roots 0 is marked 1 reclaim candidate 0 type array 1
[2024-12-07T17:08:11.243+0800][3.262s][debug][gc,humongous      ] GC(30) Live humongous region 266 object size 1048592 start 0x00000000f0a00000  with remset 0 code roots 0 is marked 1 reclaim candidate 0 type array 1
[2024-12-07T17:08:11.243+0800][3.262s][debug][gc,humongous      ] GC(30) Live humongous region 268 object size 1048592 start 0x00000000f0c00000  with remset 0 code roots 0 is marked 1 reclaim candidate 0 type array 1
[2024-12-07T17:08:11.243+0800][3.262s][debug][gc,humongous      ] GC(30) Live humongous region 270 object size 1048592 start 0x00000000f0e00000  with remset 0 code roots 0 is marked 1 reclaim candidate 0 type array 1
[2024-12-07T17:08:11.243+0800][3.262s][debug][gc,humongous      ] GC(30) Live humongous region 272 object size 1048592 start 0x00000000f1000000  with remset 0 code roots 0 is marked 1 reclaim candidate 0 type array 1
[2024-12-07T17:08:11.243+0800][3.262s][debug][gc,humongous      ] GC(30) Live humongous region 274 object size 1048592 start 0x00000000f1200000  with remset 0 code roots 0 is marked 1 reclaim candidate 0 type array 1
[2024-12-07T17:08:11.243+0800][3.263s][debug][gc,humongous      ] GC(30) Live humongous region 276 object size 1048592 start 0x00000000f1400000  with remset 0 code roots 0 is marked 1 reclaim candidate 0 type array 1
[2024-12-07T17:08:11.243+0800][3.263s][debug][gc,humongous      ] GC(30) Live humongous region 278 object size 1048592 start 0x00000000f1600000  with remset 0 code roots 0 is marked 1 reclaim candidate 0 type array 1
[2024-12-07T17:08:11.244+0800][3.263s][debug][gc,humongous      ] GC(30) Live humongous region 280 object size 1048592 start 0x00000000f1800000  with remset 0 code roots 0 is marked 1 reclaim candidate 0 type array 1
[2024-12-07T17:08:11.244+0800][3.263s][debug][gc,humongous      ] GC(30) Live humongous region 282 object size 1048592 start 0x00000000f1a00000  with remset 0 code roots 0 is marked 1 reclaim candidate 0 type array 1
[2024-12-07T17:08:11.244+0800][3.263s][debug][gc,humongous      ] GC(30) Live humongous region 284 object size 1048592 start 0x00000000f1c00000  with remset 0 code roots 0 is marked 1 reclaim candidate 0 type array 1
[2024-12-07T17:08:11.244+0800][3.263s][debug][gc,humongous      ] GC(30) Live humongous region 286 object size 1048592 start 0x00000000f1e00000  with remset 0 code roots 0 is marked 1 reclaim candidate 0 type array 1
[2024-12-07T17:08:11.244+0800][3.263s][debug][gc,humongous      ] GC(30) Live humongous region 288 object size 1048592 start 0x00000000f2000000  with remset 0 code roots 0 is marked 1 reclaim candidate 0 type array 1
[2024-12-07T17:08:11.244+0800][3.263s][debug][gc,humongous      ] GC(30) Live humongous region 290 object size 1048592 start 0x00000000f2200000  with remset 0 code roots 0 is marked 1 reclaim candidate 0 type array 1
[2024-12-07T17:08:11.244+0800][3.263s][debug][gc,humongous      ] GC(30) Live humongous region 292 object size 1048592 start 0x00000000f2400000  with remset 0 code roots 0 is marked 1 reclaim candidate 0 type array 1
[2024-12-07T17:08:11.244+0800][3.263s][debug][gc,humongous      ] GC(30) Live humongous region 294 object size 1048592 start 0x00000000f2600000  with remset 0 code roots 0 is marked 1 reclaim candidate 0 type array 1
[2024-12-07T17:08:11.244+0800][3.263s][debug][gc,humongous      ] GC(30) Live humongous region 296 object size 1048592 start 0x00000000f2800000  with remset 0 code roots 0 is marked 1 reclaim candidate 0 type array 1
[2024-12-07T17:08:11.244+0800][3.264s][debug][gc,humongous      ] GC(30) Live humongous region 298 object size 1048592 start 0x00000000f2a00000  with remset 0 code roots 0 is marked 1 reclaim candidate 0 type array 1
[2024-12-07T17:08:11.244+0800][3.264s][debug][gc,humongous      ] GC(30) Live humongous region 300 object size 1048592 start 0x00000000f2c00000  with remset 0 code roots 0 is marked 1 reclaim candidate 0 type array 1
[2024-12-07T17:08:11.245+0800][3.264s][debug][gc,humongous      ] GC(30) Live humongous region 302 object size 1048592 start 0x00000000f2e00000  with remset 0 code roots 0 is marked 1 reclaim candidate 0 type array 1
[2024-12-07T17:08:11.245+0800][3.264s][debug][gc,humongous      ] GC(30) Live humongous region 304 object size 1048592 start 0x00000000f3000000  with remset 0 code roots 0 is marked 1 reclaim candidate 0 type array 1
[2024-12-07T17:08:11.245+0800][3.264s][debug][gc,humongous      ] GC(30) Live humongous region 306 object size 1048592 start 0x00000000f3200000  with remset 0 code roots 0 is marked 1 reclaim candidate 0 type array 1
[2024-12-07T17:08:11.245+0800][3.264s][debug][gc,humongous      ] GC(30) Live humongous region 308 object size 1048592 start 0x00000000f3400000  with remset 0 code roots 0 is marked 1 reclaim candidate 0 type array 1
[2024-12-07T17:08:11.245+0800][3.264s][debug][gc,humongous      ] GC(30) Live humongous region 310 object size 1048592 start 0x00000000f3600000  with remset 0 code roots 0 is marked 1 reclaim candidate 0 type array 1
[2024-12-07T17:08:11.245+0800][3.264s][debug][gc,humongous      ] GC(30) Live humongous region 312 object size 1048592 start 0x00000000f3800000  with remset 0 code roots 0 is marked 1 reclaim candidate 0 type array 1
[2024-12-07T17:08:11.245+0800][3.264s][debug][gc,humongous      ] GC(30) Live humongous region 314 object size 1048592 start 0x00000000f3a00000  with remset 0 code roots 0 is marked 1 reclaim candidate 0 type array 1
[2024-12-07T17:08:11.245+0800][3.264s][debug][gc,humongous      ] GC(30) Live humongous region 316 object size 1048592 start 0x00000000f3c00000  with remset 0 code roots 0 is marked 1 reclaim candidate 0 type array 1
[2024-12-07T17:08:11.245+0800][3.264s][debug][gc,humongous      ] GC(30) Live humongous region 318 object size 1048592 start 0x00000000f3e00000  with remset 0 code roots 0 is marked 1 reclaim candidate 0 type array 1
[2024-12-07T17:08:11.245+0800][3.264s][debug][gc,humongous      ] GC(30) Live humongous region 320 object size 1048592 start 0x00000000f4000000  with remset 0 code roots 0 is marked 1 reclaim candidate 0 type array 1
[2024-12-07T17:08:11.245+0800][3.265s][debug][gc,humongous      ] GC(30) Live humongous region 322 object size 1048592 start 0x00000000f4200000  with remset 0 code roots 0 is marked 1 reclaim candidate 0 type array 1
[2024-12-07T17:08:11.245+0800][3.265s][debug][gc,humongous      ] GC(30) Live humongous region 324 object size 1048592 start 0x00000000f4400000  with remset 0 code roots 0 is marked 1 reclaim candidate 0 type array 1
[2024-12-07T17:08:11.246+0800][3.265s][debug][gc,humongous      ] GC(30) Live humongous region 326 object size 1048592 start 0x00000000f4600000  with remset 0 code roots 0 is marked 1 reclaim candidate 0 type array 1
[2024-12-07T17:08:11.246+0800][3.265s][debug][gc,humongous      ] GC(30) Live humongous region 328 object size 1048592 start 0x00000000f4800000  with remset 0 code roots 0 is marked 1 reclaim candidate 0 type array 1
[2024-12-07T17:08:11.246+0800][3.265s][debug][gc,humongous      ] GC(30) Live humongous region 330 object size 1048592 start 0x00000000f4a00000  with remset 0 code roots 0 is marked 1 reclaim candidate 0 type array 1
[2024-12-07T17:08:11.246+0800][3.265s][debug][gc,humongous      ] GC(30) Live humongous region 332 object size 1048592 start 0x00000000f4c00000  with remset 0 code roots 0 is marked 1 reclaim candidate 0 type array 1
[2024-12-07T17:08:11.246+0800][3.265s][debug][gc,humongous      ] GC(30) Live humongous region 334 object size 1048592 start 0x00000000f4e00000  with remset 0 code roots 0 is marked 1 reclaim candidate 0 type array 1
[2024-12-07T17:08:11.246+0800][3.265s][debug][gc,humongous      ] GC(30) Live humongous region 336 object size 1048592 start 0x00000000f5000000  with remset 0 code roots 0 is marked 1 reclaim candidate 0 type array 1
[2024-12-07T17:08:11.246+0800][3.265s][debug][gc,humongous      ] GC(30) Live humongous region 338 object size 1048592 start 0x00000000f5200000  with remset 0 code roots 0 is marked 1 reclaim candidate 0 type array 1
[2024-12-07T17:08:11.246+0800][3.265s][debug][gc,humongous      ] GC(30) Live humongous region 340 object size 1048592 start 0x00000000f5400000  with remset 0 code roots 0 is marked 1 reclaim candidate 0 type array 1
[2024-12-07T17:08:11.246+0800][3.265s][debug][gc,humongous      ] GC(30) Live humongous region 342 object size 1048592 start 0x00000000f5600000  with remset 0 code roots 0 is marked 1 reclaim candidate 0 type array 1
[2024-12-07T17:08:11.246+0800][3.266s][debug][gc,humongous      ] GC(30) Live humongous region 344 object size 1048592 start 0x00000000f5800000  with remset 0 code roots 0 is marked 1 reclaim candidate 0 type array 1
[2024-12-07T17:08:11.246+0800][3.266s][debug][gc,humongous      ] GC(30) Live humongous region 346 object size 1048592 start 0x00000000f5a00000  with remset 0 code roots 0 is marked 1 reclaim candidate 0 type array 1
[2024-12-07T17:08:11.247+0800][3.266s][debug][gc,humongous      ] GC(30) Live humongous region 348 object size 1048592 start 0x00000000f5c00000  with remset 0 code roots 0 is marked 1 reclaim candidate 0 type array 1
[2024-12-07T17:08:11.247+0800][3.266s][debug][gc,humongous      ] GC(30) Live humongous region 350 object size 1048592 start 0x00000000f5e00000  with remset 0 code roots 0 is marked 1 reclaim candidate 0 type array 1
[2024-12-07T17:08:11.247+0800][3.266s][debug][gc,humongous      ] GC(30) Live humongous region 352 object size 1048592 start 0x00000000f6000000  with remset 0 code roots 0 is marked 1 reclaim candidate 0 type array 1
[2024-12-07T17:08:11.247+0800][3.266s][debug][gc,humongous      ] GC(30) Live humongous region 354 object size 1048592 start 0x00000000f6200000  with remset 0 code roots 0 is marked 1 reclaim candidate 0 type array 1
[2024-12-07T17:08:11.247+0800][3.266s][debug][gc,humongous      ] GC(30) Live humongous region 356 object size 1048592 start 0x00000000f6400000  with remset 0 code roots 0 is marked 1 reclaim candidate 0 type array 1
[2024-12-07T17:08:11.247+0800][3.266s][debug][gc,humongous      ] GC(30) Live humongous region 358 object size 1048592 start 0x00000000f6600000  with remset 0 code roots 0 is marked 1 reclaim candidate 0 type array 1
[2024-12-07T17:08:11.247+0800][3.266s][debug][gc,humongous      ] GC(30) Live humongous region 360 object size 1048592 start 0x00000000f6800000  with remset 0 code roots 0 is marked 1 reclaim candidate 0 type array 1
[2024-12-07T17:08:11.247+0800][3.266s][debug][gc,humongous      ] GC(30) Live humongous region 362 object size 1048592 start 0x00000000f6a00000  with remset 0 code roots 0 is marked 1 reclaim candidate 0 type array 1
[2024-12-07T17:08:11.247+0800][3.266s][debug][gc,humongous      ] GC(30) Live humongous region 364 object size 1048592 start 0x00000000f6c00000  with remset 0 code roots 0 is marked 1 reclaim candidate 0 type array 1
[2024-12-07T17:08:11.247+0800][3.267s][debug][gc,humongous      ] GC(30) Live humongous region 366 object size 1048592 start 0x00000000f6e00000  with remset 0 code roots 0 is marked 1 reclaim candidate 0 type array 1
[2024-12-07T17:08:11.247+0800][3.267s][debug][gc,humongous      ] GC(30) Live humongous region 368 object size 1048592 start 0x00000000f7000000  with remset 0 code roots 0 is marked 1 reclaim candidate 0 type array 1
[2024-12-07T17:08:11.248+0800][3.267s][debug][gc,humongous      ] GC(30) Live humongous region 370 object size 1048592 start 0x00000000f7200000  with remset 0 code roots 0 is marked 1 reclaim candidate 0 type array 1
[2024-12-07T17:08:11.248+0800][3.267s][debug][gc,humongous      ] GC(30) Live humongous region 372 object size 1048592 start 0x00000000f7400000  with remset 0 code roots 0 is marked 1 reclaim candidate 0 type array 1
[2024-12-07T17:08:11.248+0800][3.267s][debug][gc,humongous      ] GC(30) Live humongous region 374 object size 1048592 start 0x00000000f7600000  with remset 0 code roots 0 is marked 1 reclaim candidate 0 type array 1
[2024-12-07T17:08:11.248+0800][3.267s][debug][gc,humongous      ] GC(30) Live humongous region 376 object size 1048592 start 0x00000000f7800000  with remset 0 code roots 0 is marked 1 reclaim candidate 0 type array 1
[2024-12-07T17:08:11.248+0800][3.267s][debug][gc,humongous      ] GC(30) Live humongous region 378 object size 1048592 start 0x00000000f7a00000  with remset 0 code roots 0 is marked 1 reclaim candidate 0 type array 1
[2024-12-07T17:08:11.248+0800][3.267s][debug][gc,humongous      ] GC(30) Live humongous region 380 object size 1048592 start 0x00000000f7c00000  with remset 0 code roots 0 is marked 1 reclaim candidate 0 type array 1
[2024-12-07T17:08:11.248+0800][3.267s][debug][gc,humongous      ] GC(30) Live humongous region 382 object size 1048592 start 0x00000000f7e00000  with remset 0 code roots 0 is marked 1 reclaim candidate 0 type array 1
[2024-12-07T17:08:11.248+0800][3.267s][debug][gc,humongous      ] GC(30) Live humongous region 384 object size 1048592 start 0x00000000f8000000  with remset 0 code roots 0 is marked 1 reclaim candidate 0 type array 1
[2024-12-07T17:08:11.248+0800][3.267s][debug][gc,humongous      ] GC(30) Live humongous region 386 object size 1048592 start 0x00000000f8200000  with remset 0 code roots 0 is marked 1 reclaim candidate 0 type array 1
[2024-12-07T17:08:11.248+0800][3.267s][debug][gc,humongous      ] GC(30) Live humongous region 388 object size 1048592 start 0x00000000f8400000  with remset 0 code roots 0 is marked 1 reclaim candidate 0 type array 1
[2024-12-07T17:08:11.248+0800][3.268s][debug][gc,humongous      ] GC(30) Live humongous region 390 object size 1048592 start 0x00000000f8600000  with remset 0 code roots 0 is marked 1 reclaim candidate 0 type array 1
[2024-12-07T17:08:11.248+0800][3.268s][debug][gc,humongous      ] GC(30) Live humongous region 392 object size 1048592 start 0x00000000f8800000  with remset 0 code roots 0 is marked 1 reclaim candidate 0 type array 1
[2024-12-07T17:08:11.249+0800][3.268s][debug][gc,humongous      ] GC(30) Live humongous region 394 object size 1048592 start 0x00000000f8a00000  with remset 0 code roots 0 is marked 1 reclaim candidate 0 type array 1
[2024-12-07T17:08:11.249+0800][3.268s][debug][gc,humongous      ] GC(30) Live humongous region 396 object size 1048592 start 0x00000000f8c00000  with remset 0 code roots 0 is marked 1 reclaim candidate 0 type array 1
[2024-12-07T17:08:11.249+0800][3.268s][debug][gc,humongous      ] GC(30) Live humongous region 398 object size 1048592 start 0x00000000f8e00000  with remset 0 code roots 0 is marked 1 reclaim candidate 0 type array 1
[2024-12-07T17:08:11.249+0800][3.268s][debug][gc,humongous      ] GC(30) Live humongous region 400 object size 1048592 start 0x00000000f9000000  with remset 0 code roots 0 is marked 1 reclaim candidate 0 type array 1
[2024-12-07T17:08:11.249+0800][3.268s][debug][gc,humongous      ] GC(30) Live humongous region 402 object size 1048592 start 0x00000000f9200000  with remset 0 code roots 0 is marked 1 reclaim candidate 0 type array 1
[2024-12-07T17:08:11.249+0800][3.268s][debug][gc,humongous      ] GC(30) Live humongous region 404 object size 1048592 start 0x00000000f9400000  with remset 0 code roots 0 is marked 1 reclaim candidate 0 type array 1
[2024-12-07T17:08:11.249+0800][3.268s][debug][gc,humongous      ] GC(30) Live humongous region 406 object size 1048592 start 0x00000000f9600000  with remset 0 code roots 0 is marked 1 reclaim candidate 0 type array 1
[2024-12-07T17:08:11.249+0800][3.268s][debug][gc,humongous      ] GC(30) Live humongous region 408 object size 1048592 start 0x00000000f9800000  with remset 0 code roots 0 is marked 1 reclaim candidate 0 type array 1
[2024-12-07T17:08:11.249+0800][3.268s][debug][gc,humongous      ] GC(30) Live humongous region 410 object size 1048592 start 0x00000000f9a00000  with remset 0 code roots 0 is marked 1 reclaim candidate 0 type array 1
[2024-12-07T17:08:11.249+0800][3.269s][debug][gc,humongous      ] GC(30) Live humongous region 412 object size 1048592 start 0x00000000f9c00000  with remset 0 code roots 0 is marked 1 reclaim candidate 0 type array 1
[2024-12-07T17:08:11.249+0800][3.269s][debug][gc,humongous      ] GC(30) Live humongous region 414 object size 1048592 start 0x00000000f9e00000  with remset 0 code roots 0 is marked 1 reclaim candidate 0 type array 1
[2024-12-07T17:08:11.250+0800][3.269s][debug][gc,humongous      ] GC(30) Live humongous region 416 object size 1048592 start 0x00000000fa000000  with remset 0 code roots 0 is marked 1 reclaim candidate 0 type array 1
[2024-12-07T17:08:11.250+0800][3.269s][debug][gc,humongous      ] GC(30) Live humongous region 418 object size 1048592 start 0x00000000fa200000  with remset 0 code roots 0 is marked 1 reclaim candidate 0 type array 1
[2024-12-07T17:08:11.250+0800][3.269s][debug][gc,humongous      ] GC(30) Live humongous region 420 object size 1048592 start 0x00000000fa400000  with remset 0 code roots 0 is marked 1 reclaim candidate 0 type array 1
[2024-12-07T17:08:11.250+0800][3.269s][debug][gc,humongous      ] GC(30) Live humongous region 422 object size 1048592 start 0x00000000fa600000  with remset 0 code roots 0 is marked 1 reclaim candidate 0 type array 1
[2024-12-07T17:08:11.250+0800][3.269s][debug][gc,humongous      ] GC(30) Live humongous region 424 object size 1048592 start 0x00000000fa800000  with remset 0 code roots 0 is marked 1 reclaim candidate 0 type array 1
[2024-12-07T17:08:11.250+0800][3.269s][debug][gc,humongous      ] GC(30) Live humongous region 426 object size 1048592 start 0x00000000faa00000  with remset 0 code roots 0 is marked 1 reclaim candidate 0 type array 1
[2024-12-07T17:08:11.250+0800][3.269s][debug][gc,humongous      ] GC(30) Live humongous region 428 object size 1048592 start 0x00000000fac00000  with remset 0 code roots 0 is marked 1 reclaim candidate 0 type array 1
[2024-12-07T17:08:11.250+0800][3.269s][debug][gc,humongous      ] GC(30) Live humongous region 430 object size 1048592 start 0x00000000fae00000  with remset 0 code roots 0 is marked 1 reclaim candidate 0 type array 1
[2024-12-07T17:08:11.250+0800][3.269s][debug][gc,humongous      ] GC(30) Live humongous region 432 object size 1048592 start 0x00000000fb000000  with remset 0 code roots 0 is marked 1 reclaim candidate 0 type array 1
[2024-12-07T17:08:11.250+0800][3.269s][debug][gc,humongous      ] GC(30) Live humongous region 434 object size 1048592 start 0x00000000fb200000  with remset 0 code roots 0 is marked 1 reclaim candidate 0 type array 1
[2024-12-07T17:08:11.250+0800][3.270s][debug][gc,humongous      ] GC(30) Live humongous region 436 object size 1048592 start 0x00000000fb400000  with remset 0 code roots 0 is marked 1 reclaim candidate 0 type array 1
[2024-12-07T17:08:11.250+0800][3.270s][debug][gc,humongous      ] GC(30) Live humongous region 438 object size 1048592 start 0x00000000fb600000  with remset 0 code roots 0 is marked 1 reclaim candidate 0 type array 1
[2024-12-07T17:08:11.251+0800][3.270s][debug][gc,humongous      ] GC(30) Live humongous region 440 object size 1048592 start 0x00000000fb800000  with remset 0 code roots 0 is marked 1 reclaim candidate 0 type array 1
[2024-12-07T17:08:11.251+0800][3.270s][debug][gc,humongous      ] GC(30) Live humongous region 442 object size 1048592 start 0x00000000fba00000  with remset 0 code roots 0 is marked 1 reclaim candidate 0 type array 1
[2024-12-07T17:08:11.251+0800][3.270s][debug][gc,humongous      ] GC(30) Live humongous region 444 object size 1048592 start 0x00000000fbc00000  with remset 0 code roots 0 is marked 1 reclaim candidate 0 type array 1
[2024-12-07T17:08:11.251+0800][3.270s][debug][gc,humongous      ] GC(30) Live humongous region 446 object size 1048592 start 0x00000000fbe00000  with remset 0 code roots 0 is marked 1 reclaim candidate 0 type array 1
[2024-12-07T17:08:11.251+0800][3.270s][debug][gc,humongous      ] GC(30) Live humongous region 448 object size 1048592 start 0x00000000fc000000  with remset 0 code roots 0 is marked 1 reclaim candidate 0 type array 1
[2024-12-07T17:08:11.251+0800][3.270s][debug][gc,humongous      ] GC(30) Live humongous region 450 object size 1048592 start 0x00000000fc200000  with remset 0 code roots 0 is marked 1 reclaim candidate 0 type array 1
[2024-12-07T17:08:11.251+0800][3.270s][debug][gc,humongous      ] GC(30) Live humongous region 452 object size 1048592 start 0x00000000fc400000  with remset 0 code roots 0 is marked 1 reclaim candidate 0 type array 1
[2024-12-07T17:08:11.251+0800][3.270s][debug][gc,humongous      ] GC(30) Live humongous region 454 object size 1048592 start 0x00000000fc600000  with remset 0 code roots 0 is marked 1 reclaim candidate 0 type array 1
[2024-12-07T17:08:11.251+0800][3.270s][debug][gc,humongous      ] GC(30) Live humongous region 456 object size 1048592 start 0x00000000fc800000  with remset 0 code roots 0 is marked 1 reclaim candidate 0 type array 1
[2024-12-07T17:08:11.251+0800][3.270s][debug][gc,humongous      ] GC(30) Live humongous region 458 object size 1048592 start 0x00000000fca00000  with remset 0 code roots 0 is marked 1 reclaim candidate 0 type array 1
[2024-12-07T17:08:11.251+0800][3.271s][debug][gc,humongous      ] GC(30) Live humongous region 460 object size 1048592 start 0x00000000fcc00000  with remset 0 code roots 0 is marked 1 reclaim candidate 0 type array 1
[2024-12-07T17:08:11.251+0800][3.271s][debug][gc,humongous      ] GC(30) Live humongous region 462 object size 1048592 start 0x00000000fce00000  with remset 0 code roots 0 is marked 1 reclaim candidate 0 type array 1
[2024-12-07T17:08:11.252+0800][3.271s][debug][gc,humongous      ] GC(30) Live humongous region 464 object size 1048592 start 0x00000000fd000000  with remset 0 code roots 0 is marked 1 reclaim candidate 0 type array 1
[2024-12-07T17:08:11.252+0800][3.271s][debug][gc,humongous      ] GC(30) Live humongous region 466 object size 1048592 start 0x00000000fd200000  with remset 0 code roots 0 is marked 1 reclaim candidate 0 type array 1
[2024-12-07T17:08:11.252+0800][3.271s][debug][gc,humongous      ] GC(30) Live humongous region 468 object size 1048592 start 0x00000000fd400000  with remset 0 code roots 0 is marked 1 reclaim candidate 0 type array 1
[2024-12-07T17:08:11.252+0800][3.271s][debug][gc,humongous      ] GC(30) Live humongous region 470 object size 1048592 start 0x00000000fd600000  with remset 0 code roots 0 is marked 1 reclaim candidate 0 type array 1
[2024-12-07T17:08:11.252+0800][3.271s][debug][gc,humongous      ] GC(30) Live humongous region 472 object size 1048592 start 0x00000000fd800000  with remset 0 code roots 0 is marked 1 reclaim candidate 0 type array 1
[2024-12-07T17:08:11.252+0800][3.271s][debug][gc,humongous      ] GC(30) Live humongous region 474 object size 1048592 start 0x00000000fda00000  with remset 0 code roots 0 is marked 1 reclaim candidate 0 type array 1
[2024-12-07T17:08:11.252+0800][3.271s][debug][gc,humongous      ] GC(30) Live humongous region 476 object size 1048592 start 0x00000000fdc00000  with remset 0 code roots 0 is marked 1 reclaim candidate 0 type array 1
[2024-12-07T17:08:11.252+0800][3.271s][debug][gc,humongous      ] GC(30) Live humongous region 478 object size 1048592 start 0x00000000fde00000  with remset 0 code roots 0 is marked 1 reclaim candidate 0 type array 1
[2024-12-07T17:08:11.252+0800][3.271s][debug][gc,humongous      ] GC(30) Live humongous region 480 object size 1048592 start 0x00000000fe000000  with remset 0 code roots 0 is marked 1 reclaim candidate 0 type array 1
[2024-12-07T17:08:11.252+0800][3.272s][debug][gc,humongous      ] GC(30) Live humongous region 482 object size 1048592 start 0x00000000fe200000  with remset 0 code roots 0 is marked 1 reclaim candidate 0 type array 1
[2024-12-07T17:08:11.252+0800][3.272s][debug][gc,humongous      ] GC(30) Live humongous region 484 object size 1048592 start 0x00000000fe400000  with remset 0 code roots 0 is marked 1 reclaim candidate 0 type array 1
[2024-12-07T17:08:11.253+0800][3.272s][debug][gc,humongous      ] GC(30) Live humongous region 486 object size 1048592 start 0x00000000fe600000  with remset 0 code roots 0 is marked 1 reclaim candidate 0 type array 1
[2024-12-07T17:08:11.253+0800][3.272s][debug][gc,humongous      ] GC(30) Live humongous region 488 object size 1048592 start 0x00000000fe800000  with remset 0 code roots 0 is marked 1 reclaim candidate 0 type array 1
[2024-12-07T17:08:11.253+0800][3.272s][debug][gc,humongous      ] GC(30) Live humongous region 490 object size 1048592 start 0x00000000fea00000  with remset 0 code roots 0 is marked 1 reclaim candidate 0 type array 1
[2024-12-07T17:08:11.253+0800][3.272s][debug][gc,humongous      ] GC(30) Live humongous region 492 object size 1048592 start 0x00000000fec00000  with remset 0 code roots 0 is marked 1 reclaim candidate 0 type array 1
[2024-12-07T17:08:11.253+0800][3.272s][debug][gc,humongous      ] GC(30) Live humongous region 494 object size 1048592 start 0x00000000fee00000  with remset 0 code roots 0 is marked 1 reclaim candidate 0 type array 1
[2024-12-07T17:08:11.253+0800][3.272s][debug][gc,humongous      ] GC(30) Live humongous region 496 object size 1048592 start 0x00000000ff000000  with remset 0 code roots 0 is marked 1 reclaim candidate 0 type array 1
[2024-12-07T17:08:11.253+0800][3.272s][debug][gc,humongous      ] GC(30) Live humongous region 498 object size 1048592 start 0x00000000ff200000  with remset 0 code roots 0 is marked 1 reclaim candidate 0 type array 1
[2024-12-07T17:08:11.253+0800][3.272s][debug][gc,humongous      ] GC(30) Live humongous region 500 object size 1048592 start 0x00000000ff400000  with remset 0 code roots 0 is marked 0 reclaim candidate 0 type array 1
[2024-12-07T17:08:11.253+0800][3.272s][debug][gc,humongous      ] GC(30) Live humongous region 504 object size 1048592 start 0x00000000ff800000  with remset 0 code roots 0 is marked 0 reclaim candidate 0 type array 1
[2024-12-07T17:08:11.253+0800][3.272s][debug][gc,humongous      ] GC(30) Live humongous region 506 object size 1048592 start 0x00000000ffa00000  with remset 0 code roots 0 is marked 0 reclaim candidate 0 type array 1
[2024-12-07T17:08:11.253+0800][3.273s][debug][gc,plab           ] GC(30) Young PLAB allocation: allocated: 0B, wasted: 0B, unused: 0B, used: 0B, undo waste: 0B, 
[2024-12-07T17:08:11.254+0800][3.273s][debug][gc,plab           ] GC(30) Young other allocation: region end waste: 0B, regions filled: 1, direct allocated: 1480B, failure used: 0B, failure wasted: 0B
[2024-12-07T17:08:11.254+0800][3.273s][debug][gc,plab           ] GC(30) Young sizing: calculated: 0B, actual: 18336B
[2024-12-07T17:08:11.254+0800][3.273s][debug][gc,plab           ] GC(30) Old PLAB allocation: allocated: 373584B, wasted: 6192B, unused: 13376B, used: 354016B, undo waste: 0B, 
[2024-12-07T17:08:11.254+0800][3.273s][debug][gc,plab           ] GC(30) Old other allocation: region end waste: 0B, regions filled: 1, direct allocated: 83128B, failure used: 0B, failure wasted: 0B
[2024-12-07T17:08:11.254+0800][3.273s][debug][gc,plab           ] GC(30) Old sizing: calculated: 70800B, actual: 53096B
[2024-12-07T17:08:11.254+0800][3.273s][debug][gc,alloc,stats    ] Old generation allocation in the last mutator period, old gen allocated: 373584B, humongous allocated: 6291456B,old gen growth: 6665040B.
[2024-12-07T17:08:11.254+0800][3.273s][debug][gc,ihop           ] GC(30) Basic information (value update), threshold: 241120051B (45.00), target occupancy: 535822336B, current occupancy: 531775432B, recent allocation size: 6665040B, recent allocation duration: 12.53ms, recent old gen allocation rate: 532092149.03B/s, recent marking phase length: 0.00ms
[2024-12-07T17:08:11.254+0800][3.273s][debug][gc,ihop           ] GC(30) Adaptive IHOP information (value update), threshold: 241120051B (52.84), internal target occupancy: 456340275B, occupancy: 531775432B, additional buffer size: 26214400B, predicted old gen allocation rate: 250936547.80B/s, predicted marking phase length: 0.00ms, prediction active: false
[2024-12-07T17:08:11.254+0800][3.273s][debug][gc,ergo,refine    ] GC(30) Updated Refinement Zones: green: 18, yellow: 54, red: 90
[2024-12-07T17:08:11.254+0800][3.274s][info ][gc,phases         ] GC(30)   Pre Evacuate Collection Set: 0.1ms
[2024-12-07T17:08:11.254+0800][3.274s][debug][gc,phases         ] GC(30)     Prepare TLABs: 0.0ms
[2024-12-07T17:08:11.255+0800][3.274s][debug][gc,phases         ] GC(30)     Choose Collection Set: 0.1ms
[2024-12-07T17:08:11.255+0800][3.274s][debug][gc,phases         ] GC(30)     Humongous Register: 0.0ms
[2024-12-07T17:08:11.255+0800][3.274s][info ][gc,phases         ] GC(30)   Evacuate Collection Set: 2.3ms
[2024-12-07T17:08:11.255+0800][3.274s][debug][gc,phases         ] GC(30)     Ext Root Scanning (ms):   Min:  0.0, Avg:  0.0, Max:  0.0, Diff:  0.0, Sum:  0.1, Workers: 12
[2024-12-07T17:08:11.255+0800][3.274s][debug][gc,phases         ] GC(30)     Update RS (ms):           Min:  0.0, Avg:  0.2, Max:  0.6, Diff:  0.6, Sum:  2.3, Workers: 12
[2024-12-07T17:08:11.255+0800][3.274s][debug][gc,phases         ] GC(30)       Processed Buffers:        Min: 0, Avg:  0.6, Max: 1, Diff: 1, Sum: 7, Workers: 12
[2024-12-07T17:08:11.255+0800][3.274s][debug][gc,phases         ] GC(30)       Scanned Cards:            Min: 0, Avg: 18.5, Max: 52, Diff: 52, Sum: 222, Workers: 12
[2024-12-07T17:08:11.255+0800][3.274s][debug][gc,phases         ] GC(30)       Skipped Cards:            Min: 0, Avg: 11.3, Max: 77, Diff: 77, Sum: 136, Workers: 12
[2024-12-07T17:08:11.255+0800][3.274s][debug][gc,phases         ] GC(30)     Scan RS (ms):             Min:  0.0, Avg:  0.0, Max:  0.1, Diff:  0.1, Sum:  0.2, Workers: 12
[2024-12-07T17:08:11.255+0800][3.274s][debug][gc,phases         ] GC(30)       Scanned Cards:            Min: 0, Avg:  0.5, Max: 4, Diff: 4, Sum: 6, Workers: 12
[2024-12-07T17:08:11.255+0800][3.275s][debug][gc,phases         ] GC(30)       Claimed Cards:            Min: 0, Avg:  6.2, Max: 64, Diff: 64, Sum: 75, Workers: 12
[2024-12-07T17:08:11.255+0800][3.275s][debug][gc,phases         ] GC(30)       Skipped Cards:            Min: 0, Avg: 12.5, Max: 75, Diff: 75, Sum: 150, Workers: 12
[2024-12-07T17:08:11.256+0800][3.275s][debug][gc,phases         ] GC(30)     Code Root Scanning (ms):  Min:  0.0, Avg:  0.0, Max:  0.1, Diff:  0.1, Sum:  0.1, Workers: 12
[2024-12-07T17:08:11.256+0800][3.275s][debug][gc,phases         ] GC(30)     AOT Root Scanning (ms):   skipped
[2024-12-07T17:08:11.256+0800][3.275s][debug][gc,phases         ] GC(30)     Object Copy (ms):         Min:  0.0, Avg:  0.1, Max:  0.3, Diff:  0.3, Sum:  1.5, Workers: 12
[2024-12-07T17:08:11.256+0800][3.275s][debug][gc,phases         ] GC(30)     Termination (ms):         Min:  0.0, Avg:  0.3, Max:  0.4, Diff:  0.4, Sum:  3.1, Workers: 12
[2024-12-07T17:08:11.256+0800][3.275s][debug][gc,phases         ] GC(30)       Termination Attempts:     Min: 1, Avg: 16.1, Max: 31, Diff: 30, Sum: 193, Workers: 12
[2024-12-07T17:08:11.256+0800][3.275s][debug][gc,phases         ] GC(30)     GC Worker Other (ms):     Min:  0.1, Avg:  0.7, Max:  1.2, Diff:  1.1, Sum:  8.5, Workers: 12
[2024-12-07T17:08:11.256+0800][3.275s][debug][gc,phases         ] GC(30)     GC Worker Total (ms):     Min:  0.7, Avg:  1.3, Max:  1.9, Diff:  1.2, Sum: 15.7, Workers: 12
[2024-12-07T17:08:11.256+0800][3.275s][info ][gc,phases         ] GC(30)   Post Evacuate Collection Set: 23.0ms
[2024-12-07T17:08:11.256+0800][3.275s][debug][gc,phases         ] GC(30)     Code Roots Fixup: 0.0ms
[2024-12-07T17:08:11.256+0800][3.276s][debug][gc,phases         ] GC(30)     Clear Card Table: 0.1ms
[2024-12-07T17:08:11.256+0800][3.276s][debug][gc,phases         ] GC(30)     Reference Processing: 0.4ms
[2024-12-07T17:08:11.257+0800][3.276s][debug][gc,phases,ref     ] GC(30)       Reconsider SoftReferences: 0.1ms
[2024-12-07T17:08:11.257+0800][3.276s][debug][gc,phases,ref     ] GC(30)         SoftRef (ms):             skipped
[2024-12-07T17:08:11.257+0800][3.276s][debug][gc,phases,ref     ] GC(30)       Notify Soft/WeakReferences: 0.1ms
[2024-12-07T17:08:11.257+0800][3.276s][debug][gc,phases,ref     ] GC(30)         SoftRef (ms):             skipped
[2024-12-07T17:08:11.257+0800][3.276s][debug][gc,phases,ref     ] GC(30)         WeakRef (ms):             skipped
[2024-12-07T17:08:11.257+0800][3.276s][debug][gc,phases,ref     ] GC(30)         FinalRef (ms):            skipped
[2024-12-07T17:08:11.257+0800][3.277s][debug][gc,phases,ref     ] GC(30)         Total (ms):               skipped
[2024-12-07T17:08:11.258+0800][3.277s][debug][gc,phases,ref     ] GC(30)       Notify and keep alive finalizable: 0.1ms
[2024-12-07T17:08:11.258+0800][3.277s][debug][gc,phases,ref     ] GC(30)         FinalRef (ms):            skipped
[2024-12-07T17:08:11.258+0800][3.277s][debug][gc,phases,ref     ] GC(30)       Notify PhantomReferences: 0.1ms
[2024-12-07T17:08:11.258+0800][3.277s][debug][gc,phases,ref     ] GC(30)         PhantomRef (ms):          skipped
[2024-12-07T17:08:11.258+0800][3.277s][debug][gc,phases,ref     ] GC(30)       SoftReference:
[2024-12-07T17:08:11.258+0800][3.277s][debug][gc,phases,ref     ] GC(30)         Discovered: 0
[2024-12-07T17:08:11.258+0800][3.277s][debug][gc,phases,ref     ] GC(30)         Cleared: 0
[2024-12-07T17:08:11.258+0800][3.278s][debug][gc,phases,ref     ] GC(30)       WeakReference:
[2024-12-07T17:08:11.259+0800][3.278s][debug][gc,phases,ref     ] GC(30)         Discovered: 0
[2024-12-07T17:08:11.259+0800][3.278s][debug][gc,phases,ref     ] GC(30)         Cleared: 0
[2024-12-07T17:08:11.259+0800][3.278s][debug][gc,phases,ref     ] GC(30)       FinalReference:
[2024-12-07T17:08:11.259+0800][3.278s][debug][gc,phases,ref     ] GC(30)         Discovered: 0
[2024-12-07T17:08:11.259+0800][3.278s][debug][gc,phases,ref     ] GC(30)         Cleared: 0
[2024-12-07T17:08:11.259+0800][3.278s][debug][gc,phases,ref     ] GC(30)       PhantomReference:
[2024-12-07T17:08:11.259+0800][3.278s][debug][gc,phases,ref     ] GC(30)         Discovered: 0
[2024-12-07T17:08:11.259+0800][3.278s][debug][gc,phases,ref     ] GC(30)         Cleared: 0
[2024-12-07T17:08:11.259+0800][3.278s][debug][gc,phases         ] GC(30)     Weak Processing: 0.0ms
[2024-12-07T17:08:11.259+0800][3.278s][debug][gc,phases         ] GC(30)     Merge Per-Thread State: 0.0ms
[2024-12-07T17:08:11.259+0800][3.279s][debug][gc,phases         ] GC(30)     Code Roots Purge: 0.0ms
[2024-12-07T17:08:11.259+0800][3.279s][debug][gc,phases         ] GC(30)     Redirty Cards: 0.1ms
[2024-12-07T17:08:11.260+0800][3.279s][debug][gc,phases         ] GC(30)     DerivedPointerTable Update: 0.0ms
[2024-12-07T17:08:11.260+0800][3.279s][debug][gc,phases         ] GC(30)     Free Collection Set: 0.1ms
[2024-12-07T17:08:11.260+0800][3.279s][debug][gc,phases         ] GC(30)     Humongous Reclaim: 22.4ms
[2024-12-07T17:08:11.260+0800][3.279s][debug][gc,phases         ] GC(30)     Start New Collection Set: 0.0ms
[2024-12-07T17:08:11.260+0800][3.279s][debug][gc,phases         ] GC(30)     Resize TLABs: 0.0ms
[2024-12-07T17:08:11.260+0800][3.279s][debug][gc,phases         ] GC(30)     Expand Heap After Collection: 0.0ms
[2024-12-07T17:08:11.260+0800][3.279s][info ][gc,phases         ] GC(30)   Other: 4.0ms
[2024-12-07T17:08:11.260+0800][3.279s][info ][gc,heap           ] GC(30) Eden regions: 0->0(24)
[2024-12-07T17:08:11.260+0800][3.279s][info ][gc,heap           ] GC(30) Survivor regions: 1->1(4)
[2024-12-07T17:08:11.260+0800][3.280s][info ][gc,heap           ] GC(30) Old regions: 2->3
[2024-12-07T17:08:11.260+0800][3.280s][info ][gc,heap           ] GC(30) Humongous regions: 506->506
[2024-12-07T17:08:11.261+0800][3.280s][info ][gc,metaspace      ] GC(30) Metaspace: 558K(4864K)->558K(4864K) NonClass: 512K(4352K)->512K(4352K) Class: 46K(512K)->46K(512K)
[2024-12-07T17:08:11.261+0800][3.280s][debug][gc,heap           ] GC(30) Heap after GC invocations=30 (full 0): garbage-first heap   total 523264K, used 519311K [0x00000000e0000000, 0x0000000100000000)
[2024-12-07T17:08:11.261+0800][3.280s][debug][gc,heap           ] GC(30)   region size 1024K, 1 young (1024K), 1 survivors (1024K)
[2024-12-07T17:08:11.261+0800][3.280s][debug][gc,heap           ] GC(30)  Metaspace       used 558K, capacity 4570K, committed 4864K, reserved 1056768K
[2024-12-07T17:08:11.261+0800][3.280s][debug][gc,heap           ] GC(30)   class space    used 46K, capacity 419K, committed 512K, reserved 1048576K
[2024-12-07T17:08:11.261+0800][3.280s][info ][gc                ] GC(30) Pause Young (Normal) (G1 Humongous Allocation) 507M->507M(511M) 33.397ms
[2024-12-07T17:08:11.261+0800][3.280s][info ][gc,cpu            ] GC(30) User=0.01s Sys=0.00s Real=0.03s
[2024-12-07T17:08:11.261+0800][3.280s][debug][gc,ergo,heap      ] Attempt heap expansion (allocation request failed). Allocation request: 1048592B
[2024-12-07T17:08:11.261+0800][3.280s][debug][gc,ergo,heap      ] Expand the heap. requested expansion amount: 1048592B expansion amount: 2097152B
[2024-12-07T17:08:11.261+0800][3.281s][debug][gc,ihop           ] Target occupancy update: old: 535822336B, new: 536870912B
[2024-12-07T17:08:11.261+0800][3.281s][debug][gc,task           ] GC(31) Requesting 12 active workers for full compaction (waste limited workers: 18, adaptive workers: 12)
[2024-12-07T17:08:11.262+0800][3.281s][info ][gc,task           ] GC(31) Using 12 workers of 18 for full compaction
[2024-12-07T17:08:11.262+0800][3.281s][info ][gc,start          ] GC(31) Pause Full (G1 Humongous Allocation)
[2024-12-07T17:08:11.262+0800][3.281s][debug][gc,heap           ] GC(31) Heap before GC invocations=30 (full 0): garbage-first heap   total 524288K, used 519311K [0x00000000e0000000, 0x0000000100000000)
[2024-12-07T17:08:11.262+0800][3.281s][debug][gc,heap           ] GC(31)   region size 1024K, 1 young (1024K), 1 survivors (1024K)
[2024-12-07T17:08:11.262+0800][3.281s][debug][gc,heap           ] GC(31)  Metaspace       used 558K, capacity 4570K, committed 4864K, reserved 1056768K
[2024-12-07T17:08:11.262+0800][3.281s][debug][gc,heap           ] GC(31)   class space    used 46K, capacity 419K, committed 512K, reserved 1048576K
[2024-12-07T17:08:11.262+0800][3.281s][debug][gc,start          ] GC(31) Clear Next Bitmap
[2024-12-07T17:08:11.262+0800][3.281s][debug][gc,ergo           ] GC(31) Running G1 Clear Bitmap with 8 workers for 8 work units.
[2024-12-07T17:08:11.262+0800][3.282s][debug][gc                ] GC(31) Clear Next Bitmap 0.323ms
[2024-12-07T17:08:11.263+0800][3.282s][debug][gc,alloc,region   ] GC(31) Mutator Allocation stats, regions: 0, wasted size: 0B ( 0.0%)
[2024-12-07T17:08:11.263+0800][3.282s][info ][gc,phases,start   ] GC(31) Phase 1: Mark live objects
[2024-12-07T17:08:11.265+0800][3.284s][debug][gc,phases,start   ] GC(31) Phase 1: Reference Processing
[2024-12-07T17:08:11.265+0800][3.284s][debug][gc,ref            ] GC(31) Skipped phase1 of Reference Processing due to unavailable references
[2024-12-07T17:08:11.265+0800][3.284s][debug][gc,ref            ] GC(31) Skipped phase3 of Reference Processing due to unavailable references
[2024-12-07T17:08:11.265+0800][3.284s][debug][gc,phases,ref     ] GC(31) Reference Processing: 0.2ms
[2024-12-07T17:08:11.265+0800][3.284s][debug][gc,phases,ref     ] GC(31)   Reconsider SoftReferences: 0.1ms
[2024-12-07T17:08:11.265+0800][3.284s][debug][gc,phases,ref     ] GC(31)     SoftRef (ms):             skipped
[2024-12-07T17:08:11.265+0800][3.284s][debug][gc,phases,ref     ] GC(31)   Notify Soft/WeakReferences: 0.0ms
[2024-12-07T17:08:11.265+0800][3.284s][debug][gc,phases,ref     ] GC(31)     SoftRef (ms):             Min:  0.0, Avg:  0.0, Max:  0.0, Diff:  0.0, Sum:  0.0, Workers: 1
[2024-12-07T17:08:11.265+0800][3.285s][debug][gc,phases,ref     ] GC(31)     WeakRef (ms):             Min:  0.0, Avg:  0.0, Max:  0.0, Diff:  0.0, Sum:  0.0, Workers: 1
[2024-12-07T17:08:11.265+0800][3.285s][debug][gc,phases,ref     ] GC(31)     FinalRef (ms):            Min:  0.0, Avg:  0.0, Max:  0.0, Diff:  0.0, Sum:  0.0, Workers: 1
[2024-12-07T17:08:11.266+0800][3.285s][debug][gc,phases,ref     ] GC(31)     Total (ms):               Min:  0.0, Avg:  0.0, Max:  0.0, Diff:  0.0, Sum:  0.0, Workers: 1
[2024-12-07T17:08:11.266+0800][3.285s][debug][gc,phases,ref     ] GC(31)   Notify and keep alive finalizable: 0.1ms
[2024-12-07T17:08:11.266+0800][3.285s][debug][gc,phases,ref     ] GC(31)     FinalRef (ms):            skipped
[2024-12-07T17:08:11.266+0800][3.285s][debug][gc,phases,ref     ] GC(31)   Notify PhantomReferences: 0.0ms
[2024-12-07T17:08:11.266+0800][3.285s][debug][gc,phases,ref     ] GC(31)     PhantomRef (ms):          Min:  0.0, Avg:  0.0, Max:  0.0, Diff:  0.0, Sum:  0.0, Workers: 1
[2024-12-07T17:08:11.266+0800][3.285s][debug][gc,phases,ref     ] GC(31)   SoftReference:
[2024-12-07T17:08:11.266+0800][3.285s][debug][gc,phases,ref     ] GC(31)     Discovered: 0
[2024-12-07T17:08:11.266+0800][3.286s][debug][gc,phases,ref     ] GC(31)     Cleared: 0
[2024-12-07T17:08:11.267+0800][3.286s][debug][gc,phases,ref     ] GC(31)   WeakReference:
[2024-12-07T17:08:11.267+0800][3.286s][debug][gc,phases,ref     ] GC(31)     Discovered: 128
[2024-12-07T17:08:11.267+0800][3.286s][debug][gc,phases,ref     ] GC(31)     Cleared: 128
[2024-12-07T17:08:11.267+0800][3.286s][debug][gc,phases,ref     ] GC(31)   FinalReference:
[2024-12-07T17:08:11.267+0800][3.286s][debug][gc,phases,ref     ] GC(31)     Discovered: 0
[2024-12-07T17:08:11.267+0800][3.287s][debug][gc,phases,ref     ] GC(31)     Cleared: 0
[2024-12-07T17:08:11.267+0800][3.287s][debug][gc,phases,ref     ] GC(31)   PhantomReference:
[2024-12-07T17:08:11.268+0800][3.287s][debug][gc,phases,ref     ] GC(31)     Discovered: 6
[2024-12-07T17:08:11.268+0800][3.287s][debug][gc,phases,ref     ] GC(31)     Cleared: 6
[2024-12-07T17:08:11.268+0800][3.287s][debug][gc,phases         ] GC(31) Phase 1: Reference Processing 3.125ms
[2024-12-07T17:08:11.268+0800][3.287s][debug][gc,phases,start   ] GC(31) Phase 1: Weak Processing
[2024-12-07T17:08:11.268+0800][3.287s][debug][gc,phases         ] GC(31) Phase 1: Weak Processing 0.091ms
[2024-12-07T17:08:11.268+0800][3.287s][debug][gc,phases,start   ] GC(31) Phase 1: Class Unloading and Cleanup
[2024-12-07T17:08:11.268+0800][3.287s][debug][gc,phases,start   ] GC(31) ClassLoaderData
[2024-12-07T17:08:11.268+0800][3.287s][debug][gc,phases         ] GC(31) ClassLoaderData 0.094ms
[2024-12-07T17:08:11.268+0800][3.287s][debug][gc,phases,start   ] GC(31) ProtectionDomainCacheTable
[2024-12-07T17:08:11.268+0800][3.288s][debug][gc,phases         ] GC(31) ProtectionDomainCacheTable 0.089ms
[2024-12-07T17:08:11.268+0800][3.288s][debug][gc,phases,start   ] GC(31) ResolvedMethodTable
[2024-12-07T17:08:11.269+0800][3.288s][debug][gc,phases         ] GC(31) ResolvedMethodTable 0.092ms
[2024-12-07T17:08:11.269+0800][3.288s][info ][gc,stringtable    ] GC(31) Cleaned string and symbol table, strings: 39 processed, 1 removed, symbols: 191 processed, 0 removed
[2024-12-07T17:08:11.269+0800][3.288s][debug][gc,phases         ] GC(31) Phase 1: Class Unloading and Cleanup 1.005ms
[2024-12-07T17:08:11.269+0800][3.288s][info ][gc,phases         ] GC(31) Phase 1: Mark live objects 6.446ms
[2024-12-07T17:08:11.269+0800][3.288s][info ][gc,phases,start   ] GC(31) Phase 2: Prepare for compaction
[2024-12-07T17:08:11.269+0800][3.289s][debug][gc,phases,start   ] GC(31) Phase 2: Prepare Serial Compaction
[2024-12-07T17:08:11.270+0800][3.289s][debug][gc,phases         ] GC(31) Phase 2: Prepare Serial Compaction 0.187ms
[2024-12-07T17:08:11.270+0800][3.289s][info ][gc,phases         ] GC(31) Phase 2: Prepare for compaction 0.578ms
[2024-12-07T17:08:11.270+0800][3.289s][info ][gc,phases,start   ] GC(31) Phase 3: Adjust pointers
[2024-12-07T17:08:11.270+0800][3.289s][info ][gc,phases         ] GC(31) Phase 3: Adjust pointers 0.372ms
[2024-12-07T17:08:11.270+0800][3.289s][info ][gc,phases,start   ] GC(31) Phase 4: Compact heap
[2024-12-07T17:08:11.270+0800][3.290s][debug][gc,phases,start   ] GC(31) Phase 4: Serial Compaction
[2024-12-07T17:08:11.271+0800][3.290s][debug][gc,phases         ] GC(31) Phase 4: Serial Compaction 0.258ms
[2024-12-07T17:08:11.271+0800][3.290s][info ][gc,phases         ] GC(31) Phase 4: Compact heap 0.527ms
[2024-12-07T17:08:11.271+0800][3.290s][debug][gc,alloc,stats    ] Old generation allocation in the last mutator period, old gen allocated: 0B, humongous allocated: 0B,old gen growth: 0B.
[2024-12-07T17:08:11.271+0800][3.290s][info ][gc,heap           ] GC(31) Eden regions: 0->0(25)
[2024-12-07T17:08:11.271+0800][3.290s][info ][gc,heap           ] GC(31) Survivor regions: 1->0(4)
[2024-12-07T17:08:11.271+0800][3.291s][info ][gc,heap           ] GC(31) Old regions: 3->3
[2024-12-07T17:08:11.271+0800][3.291s][info ][gc,heap           ] GC(31) Humongous regions: 506->506
[2024-12-07T17:08:11.272+0800][3.291s][info ][gc,metaspace      ] GC(31) Metaspace: 558K(4864K)->558K(4864K) NonClass: 512K(4352K)->512K(4352K) Class: 46K(512K)->46K(512K)
[2024-12-07T17:08:11.272+0800][3.291s][debug][gc,heap           ] GC(31) Heap after GC invocations=31 (full 1): garbage-first heap   total 524288K, used 519292K [0x00000000e0000000, 0x0000000100000000)
[2024-12-07T17:08:11.272+0800][3.291s][debug][gc,heap           ] GC(31)   region size 1024K, 0 young (0K), 0 survivors (0K)
[2024-12-07T17:08:11.272+0800][3.291s][debug][gc,heap           ] GC(31)  Metaspace       used 558K, capacity 4570K, committed 4864K, reserved 1056768K
[2024-12-07T17:08:11.272+0800][3.291s][debug][gc,heap           ] GC(31)   class space    used 46K, capacity 419K, committed 512K, reserved 1048576K
[2024-12-07T17:08:11.272+0800][3.291s][info ][gc                ] GC(31) Pause Full (G1 Humongous Allocation) 507M->507M(512M) 10.309ms
[2024-12-07T17:08:11.272+0800][3.291s][info ][gc,cpu            ] GC(31) User=0.02s Sys=0.00s Real=0.01s
[2024-12-07T17:08:11.272+0800][3.291s][debug][gc,ref,start      ] GC(29) Preclean SoftReferences
[2024-12-07T17:08:11.272+0800][3.292s][debug][gc,ref            ] GC(29) Preclean SoftReferences 0.097ms
[2024-12-07T17:08:11.272+0800][3.292s][info ][gc,marking        ] GC(29) Concurrent Preclean 45.328ms
[2024-12-07T17:08:11.273+0800][3.292s][debug][gc,heap           ] GC(32) Heap before GC invocations=31 (full 1): garbage-first heap   total 524288K, used 521340K [0x00000000e0000000, 0x0000000100000000)
[2024-12-07T17:08:11.273+0800][3.292s][debug][gc,heap           ] GC(32)   region size 1024K, 0 young (0K), 0 survivors (0K)
[2024-12-07T17:08:11.273+0800][3.292s][debug][gc,heap           ] GC(32)  Metaspace       used 558K, capacity 4570K, committed 4864K, reserved 1056768K
[2024-12-07T17:08:11.273+0800][3.292s][debug][gc,heap           ] GC(32)   class space    used 46K, capacity 419K, committed 512K, reserved 1048576K
[2024-12-07T17:08:11.273+0800][3.292s][info ][gc,start          ] GC(32) Pause Young (Normal) (G1 Humongous Allocation)
[2024-12-07T17:08:11.273+0800][3.292s][info ][gc,task           ] GC(32) Using 12 workers of 18 for evacuation
[2024-12-07T17:08:11.273+0800][3.292s][debug][gc,alloc,region   ] GC(32) Mutator Allocation stats, regions: 0, wasted size: 0B ( 0.0%)
[2024-12-07T17:08:11.273+0800][3.292s][debug][gc,age            ] GC(32) Desired survivor size 2097152 bytes, new threshold 15 (max threshold 15)
[2024-12-07T17:08:11.273+0800][3.292s][debug][gc,ergo,cset      ] GC(32) Finish choosing CSet. old: 0 regions, predicted old region time: 0.00ms, time remaining: 175.47
[2024-12-07T17:08:11.273+0800][3.293s][debug][gc,task,stats     ] GC(32) GC Termination Stats
[2024-12-07T17:08:11.273+0800][3.293s][debug][gc,task,stats     ] GC(32)      elapsed  --strong roots-- -------termination------- ------waste (KiB)------
[2024-12-07T17:08:11.274+0800][3.293s][debug][gc,task,stats     ] GC(32) thr     ms        ms      %        ms      %    attempts  total   alloc    undo
[2024-12-07T17:08:11.274+0800][3.293s][debug][gc,task,stats     ] GC(32) --- --------- --------- ------ --------- ------ -------- ------- ------- -------
[2024-12-07T17:08:11.275+0800][3.294s][debug][gc,task,stats     ] GC(32)  11      0.01      0.00  40.86      0.00   1.99        1       0       0       0
[2024-12-07T17:08:11.275+0800][3.294s][debug][gc,task,stats     ] GC(32)  10      0.92      0.00   0.22      0.85  92.67        1       0       0       0
[2024-12-07T17:08:11.275+0800][3.294s][debug][gc,task,stats     ] GC(32)   6      1.10      0.00   0.16      0.85  77.64        1       0       0       0
[2024-12-07T17:08:11.275+0800][3.294s][debug][gc,task,stats     ] GC(32)   4      1.25      0.00   0.14      0.87  69.07        1       0       0       0
[2024-12-07T17:08:11.275+0800][3.294s][debug][gc,task,stats     ] GC(32)   5      1.42      0.00   0.13      0.85  59.70        1       0       0       0
[2024-12-07T17:08:11.275+0800][3.295s][debug][gc,task,stats     ] GC(32)   3      1.57      0.00   0.11      0.86  54.63        1       0       0       0
[2024-12-07T17:08:11.275+0800][3.295s][debug][gc,task,stats     ] GC(32)   1      1.71      0.01   0.47      0.86  50.33        1       0       0       0
[2024-12-07T17:08:11.276+0800][3.295s][debug][gc,task,stats     ] GC(32)   0      1.88      0.01   0.75      0.86  45.77        1       0       0       0
[2024-12-07T17:08:11.276+0800][3.295s][debug][gc,task,stats     ] GC(32)   2      2.01      0.00   0.10      0.85  42.47        1       0       0       0
[2024-12-07T17:08:11.276+0800][3.295s][debug][gc,task,stats     ] GC(32)   9      2.10      0.00   0.10      0.79  37.58        1       0       0       0
[2024-12-07T17:08:11.276+0800][3.295s][debug][gc,task,stats     ] GC(32)   8      2.24      0.00   0.11      0.79  35.10        1       0       0       0
[2024-12-07T17:08:11.276+0800][3.295s][debug][gc,task,stats     ] GC(32)   7      2.38      0.00   0.10      0.78  32.79        1       0       0       0
[2024-12-07T17:08:11.276+0800][3.295s][debug][gc,ergo           ] GC(32) Running G1 Clear Card Table Task using 1 workers for 1 units of work for 1 regions.
[2024-12-07T17:08:11.276+0800][3.296s][debug][gc,ref            ] GC(32) Skipped phase1 of Reference Processing due to unavailable references
[2024-12-07T17:08:11.277+0800][3.296s][debug][gc,ref            ] GC(32) Skipped phase2 of Reference Processing due to unavailable references
[2024-12-07T17:08:11.277+0800][3.296s][debug][gc,ref            ] GC(32) Skipped phase3 of Reference Processing due to unavailable references
[2024-12-07T17:08:11.277+0800][3.296s][debug][gc,ref            ] GC(32) Skipped phase4 of Reference Processing due to unavailable references
[2024-12-07T17:08:11.277+0800][3.296s][debug][gc,ergo           ] GC(32) Running G1 Free Collection Set using 1 workers for collection set length 0
[2024-12-07T17:08:11.277+0800][3.296s][debug][gc,humongous      ] GC(32) Live humongous region 0 object size 1048592 start 0x00000000e0000000  with remset 0 code roots 0 is marked 0 reclaim candidate 0 type array 1
[2024-12-07T17:08:11.277+0800][3.296s][debug][gc,humongous      ] GC(32) Live humongous region 2 object size 1048592 start 0x00000000e0200000  with remset 0 code roots 0 is marked 0 reclaim candidate 0 type array 1
[2024-12-07T17:08:11.277+0800][3.296s][debug][gc,humongous      ] GC(32) Live humongous region 4 object size 1048592 start 0x00000000e0400000  with remset 0 code roots 0 is marked 0 reclaim candidate 0 type array 1
[2024-12-07T17:08:11.277+0800][3.296s][debug][gc,humongous      ] GC(32) Live humongous region 6 object size 1048592 start 0x00000000e0600000  with remset 0 code roots 0 is marked 0 reclaim candidate 0 type array 1
[2024-12-07T17:08:11.277+0800][3.297s][debug][gc,humongous      ] GC(32) Live humongous region 8 object size 1048592 start 0x00000000e0800000  with remset 0 code roots 0 is marked 0 reclaim candidate 0 type array 1
[2024-12-07T17:08:11.277+0800][3.297s][debug][gc,humongous      ] GC(32) Live humongous region 10 object size 1048592 start 0x00000000e0a00000  with remset 0 code roots 0 is marked 0 reclaim candidate 0 type array 1
[2024-12-07T17:08:11.278+0800][3.297s][debug][gc,humongous      ] GC(32) Live humongous region 12 object size 1048592 start 0x00000000e0c00000  with remset 0 code roots 0 is marked 0 reclaim candidate 0 type array 1
[2024-12-07T17:08:11.278+0800][3.297s][debug][gc,humongous      ] GC(32) Live humongous region 14 object size 1048592 start 0x00000000e0e00000  with remset 0 code roots 0 is marked 0 reclaim candidate 0 type array 1
[2024-12-07T17:08:11.278+0800][3.297s][debug][gc,humongous      ] GC(32) Live humongous region 16 object size 1048592 start 0x00000000e1000000  with remset 0 code roots 0 is marked 0 reclaim candidate 0 type array 1
[2024-12-07T17:08:11.278+0800][3.297s][debug][gc,humongous      ] GC(32) Live humongous region 18 object size 1048592 start 0x00000000e1200000  with remset 0 code roots 0 is marked 0 reclaim candidate 0 type array 1
[2024-12-07T17:08:11.278+0800][3.297s][debug][gc,humongous      ] GC(32) Live humongous region 20 object size 1048592 start 0x00000000e1400000  with remset 0 code roots 0 is marked 0 reclaim candidate 0 type array 1
[2024-12-07T17:08:11.278+0800][3.297s][debug][gc,humongous      ] GC(32) Live humongous region 22 object size 1048592 start 0x00000000e1600000  with remset 0 code roots 0 is marked 0 reclaim candidate 0 type array 1
[2024-12-07T17:08:11.278+0800][3.297s][debug][gc,humongous      ] GC(32) Live humongous region 24 object size 1048592 start 0x00000000e1800000  with remset 0 code roots 0 is marked 0 reclaim candidate 0 type array 1
[2024-12-07T17:08:11.278+0800][3.297s][debug][gc,humongous      ] GC(32) Live humongous region 26 object size 1048592 start 0x00000000e1a00000  with remset 0 code roots 0 is marked 0 reclaim candidate 0 type array 1
[2024-12-07T17:08:11.278+0800][3.297s][debug][gc,humongous      ] GC(32) Live humongous region 28 object size 1048592 start 0x00000000e1c00000  with remset 0 code roots 0 is marked 0 reclaim candidate 0 type array 1
[2024-12-07T17:08:11.278+0800][3.297s][debug][gc,humongous      ] GC(32) Live humongous region 30 object size 1048592 start 0x00000000e1e00000  with remset 0 code roots 0 is marked 0 reclaim candidate 0 type array 1
[2024-12-07T17:08:11.278+0800][3.298s][debug][gc,humongous      ] GC(32) Live humongous region 32 object size 1048592 start 0x00000000e2000000  with remset 0 code roots 0 is marked 0 reclaim candidate 0 type array 1
[2024-12-07T17:08:11.278+0800][3.298s][debug][gc,humongous      ] GC(32) Live humongous region 34 object size 1048592 start 0x00000000e2200000  with remset 0 code roots 0 is marked 0 reclaim candidate 0 type array 1
[2024-12-07T17:08:11.279+0800][3.298s][debug][gc,humongous      ] GC(32) Live humongous region 36 object size 1048592 start 0x00000000e2400000  with remset 0 code roots 0 is marked 0 reclaim candidate 0 type array 1
[2024-12-07T17:08:11.279+0800][3.298s][debug][gc,humongous      ] GC(32) Live humongous region 38 object size 1048592 start 0x00000000e2600000  with remset 0 code roots 0 is marked 0 reclaim candidate 0 type array 1
[2024-12-07T17:08:11.279+0800][3.298s][debug][gc,humongous      ] GC(32) Live humongous region 40 object size 1048592 start 0x00000000e2800000  with remset 0 code roots 0 is marked 0 reclaim candidate 0 type array 1
[2024-12-07T17:08:11.279+0800][3.298s][debug][gc,humongous      ] GC(32) Live humongous region 42 object size 1048592 start 0x00000000e2a00000  with remset 0 code roots 0 is marked 0 reclaim candidate 0 type array 1
[2024-12-07T17:08:11.279+0800][3.298s][debug][gc,humongous      ] GC(32) Live humongous region 44 object size 1048592 start 0x00000000e2c00000  with remset 0 code roots 0 is marked 0 reclaim candidate 0 type array 1
[2024-12-07T17:08:11.279+0800][3.298s][debug][gc,humongous      ] GC(32) Live humongous region 46 object size 1048592 start 0x00000000e2e00000  with remset 0 code roots 0 is marked 0 reclaim candidate 0 type array 1
[2024-12-07T17:08:11.279+0800][3.298s][debug][gc,humongous      ] GC(32) Live humongous region 48 object size 1048592 start 0x00000000e3000000  with remset 0 code roots 0 is marked 0 reclaim candidate 0 type array 1
[2024-12-07T17:08:11.279+0800][3.298s][debug][gc,humongous      ] GC(32) Live humongous region 50 object size 1048592 start 0x00000000e3200000  with remset 0 code roots 0 is marked 0 reclaim candidate 0 type array 1
[2024-12-07T17:08:11.279+0800][3.298s][debug][gc,humongous      ] GC(32) Live humongous region 52 object size 1048592 start 0x00000000e3400000  with remset 0 code roots 0 is marked 0 reclaim candidate 0 type array 1
[2024-12-07T17:08:11.279+0800][3.299s][debug][gc,humongous      ] GC(32) Live humongous region 54 object size 1048592 start 0x00000000e3600000  with remset 0 code roots 0 is marked 0 reclaim candidate 0 type array 1
[2024-12-07T17:08:11.279+0800][3.299s][debug][gc,humongous      ] GC(32) Live humongous region 56 object size 1048592 start 0x00000000e3800000  with remset 0 code roots 0 is marked 0 reclaim candidate 0 type array 1
[2024-12-07T17:08:11.280+0800][3.299s][debug][gc,humongous      ] GC(32) Live humongous region 58 object size 1048592 start 0x00000000e3a00000  with remset 0 code roots 0 is marked 0 reclaim candidate 0 type array 1
[2024-12-07T17:08:11.280+0800][3.299s][debug][gc,humongous      ] GC(32) Live humongous region 60 object size 1048592 start 0x00000000e3c00000  with remset 0 code roots 0 is marked 0 reclaim candidate 0 type array 1
[2024-12-07T17:08:11.280+0800][3.299s][debug][gc,humongous      ] GC(32) Live humongous region 62 object size 1048592 start 0x00000000e3e00000  with remset 0 code roots 0 is marked 0 reclaim candidate 0 type array 1
[2024-12-07T17:08:11.280+0800][3.299s][debug][gc,humongous      ] GC(32) Live humongous region 64 object size 1048592 start 0x00000000e4000000  with remset 0 code roots 0 is marked 0 reclaim candidate 0 type array 1
[2024-12-07T17:08:11.280+0800][3.299s][debug][gc,humongous      ] GC(32) Live humongous region 66 object size 1048592 start 0x00000000e4200000  with remset 0 code roots 0 is marked 0 reclaim candidate 0 type array 1
[2024-12-07T17:08:11.280+0800][3.299s][debug][gc,humongous      ] GC(32) Live humongous region 68 object size 1048592 start 0x00000000e4400000  with remset 0 code roots 0 is marked 0 reclaim candidate 0 type array 1
[2024-12-07T17:08:11.280+0800][3.299s][debug][gc,humongous      ] GC(32) Live humongous region 70 object size 1048592 start 0x00000000e4600000  with remset 0 code roots 0 is marked 0 reclaim candidate 0 type array 1
[2024-12-07T17:08:11.280+0800][3.299s][debug][gc,humongous      ] GC(32) Live humongous region 72 object size 1048592 start 0x00000000e4800000  with remset 0 code roots 0 is marked 0 reclaim candidate 0 type array 1
[2024-12-07T17:08:11.280+0800][3.299s][debug][gc,humongous      ] GC(32) Live humongous region 74 object size 1048592 start 0x00000000e4a00000  with remset 0 code roots 0 is marked 0 reclaim candidate 0 type array 1
[2024-12-07T17:08:11.280+0800][3.299s][debug][gc,humongous      ] GC(32) Live humongous region 76 object size 1048592 start 0x00000000e4c00000  with remset 0 code roots 0 is marked 0 reclaim candidate 0 type array 1
[2024-12-07T17:08:11.280+0800][3.300s][debug][gc,humongous      ] GC(32) Live humongous region 78 object size 1048592 start 0x00000000e4e00000  with remset 0 code roots 0 is marked 0 reclaim candidate 0 type array 1
[2024-12-07T17:08:11.280+0800][3.300s][debug][gc,humongous      ] GC(32) Live humongous region 80 object size 1048592 start 0x00000000e5000000  with remset 0 code roots 0 is marked 0 reclaim candidate 0 type array 1
[2024-12-07T17:08:11.281+0800][3.300s][debug][gc,humongous      ] GC(32) Live humongous region 82 object size 1048592 start 0x00000000e5200000  with remset 0 code roots 0 is marked 0 reclaim candidate 0 type array 1
[2024-12-07T17:08:11.281+0800][3.300s][debug][gc,humongous      ] GC(32) Live humongous region 84 object size 1048592 start 0x00000000e5400000  with remset 0 code roots 0 is marked 0 reclaim candidate 0 type array 1
[2024-12-07T17:08:11.281+0800][3.300s][debug][gc,humongous      ] GC(32) Live humongous region 86 object size 1048592 start 0x00000000e5600000  with remset 0 code roots 0 is marked 0 reclaim candidate 0 type array 1
[2024-12-07T17:08:11.281+0800][3.300s][debug][gc,humongous      ] GC(32) Live humongous region 88 object size 1048592 start 0x00000000e5800000  with remset 0 code roots 0 is marked 0 reclaim candidate 0 type array 1
[2024-12-07T17:08:11.281+0800][3.300s][debug][gc,humongous      ] GC(32) Live humongous region 90 object size 1048592 start 0x00000000e5a00000  with remset 0 code roots 0 is marked 0 reclaim candidate 0 type array 1
[2024-12-07T17:08:11.281+0800][3.300s][debug][gc,humongous      ] GC(32) Live humongous region 92 object size 1048592 start 0x00000000e5c00000  with remset 0 code roots 0 is marked 0 reclaim candidate 0 type array 1
[2024-12-07T17:08:11.281+0800][3.300s][debug][gc,humongous      ] GC(32) Live humongous region 94 object size 1048592 start 0x00000000e5e00000  with remset 0 code roots 0 is marked 0 reclaim candidate 0 type array 1
[2024-12-07T17:08:11.281+0800][3.300s][debug][gc,humongous      ] GC(32) Live humongous region 96 object size 1048592 start 0x00000000e6000000  with remset 0 code roots 0 is marked 0 reclaim candidate 0 type array 1
[2024-12-07T17:08:11.281+0800][3.300s][debug][gc,humongous      ] GC(32) Live humongous region 98 object size 1048592 start 0x00000000e6200000  with remset 0 code roots 0 is marked 0 reclaim candidate 0 type array 1
[2024-12-07T17:08:11.281+0800][3.301s][debug][gc,humongous      ] GC(32) Live humongous region 100 object size 1048592 start 0x00000000e6400000  with remset 0 code roots 0 is marked 0 reclaim candidate 0 type array 1
[2024-12-07T17:08:11.281+0800][3.301s][debug][gc,humongous      ] GC(32) Live humongous region 102 object size 1048592 start 0x00000000e6600000  with remset 0 code roots 0 is marked 0 reclaim candidate 0 type array 1
[2024-12-07T17:08:11.282+0800][3.301s][debug][gc,humongous      ] GC(32) Live humongous region 104 object size 1048592 start 0x00000000e6800000  with remset 0 code roots 0 is marked 0 reclaim candidate 0 type array 1
[2024-12-07T17:08:11.282+0800][3.301s][debug][gc,humongous      ] GC(32) Live humongous region 106 object size 1048592 start 0x00000000e6a00000  with remset 0 code roots 0 is marked 0 reclaim candidate 0 type array 1
[2024-12-07T17:08:11.282+0800][3.301s][debug][gc,humongous      ] GC(32) Live humongous region 108 object size 1048592 start 0x00000000e6c00000  with remset 0 code roots 0 is marked 0 reclaim candidate 0 type array 1
[2024-12-07T17:08:11.282+0800][3.301s][debug][gc,humongous      ] GC(32) Live humongous region 110 object size 1048592 start 0x00000000e6e00000  with remset 0 code roots 0 is marked 0 reclaim candidate 0 type array 1
[2024-12-07T17:08:11.282+0800][3.301s][debug][gc,humongous      ] GC(32) Live humongous region 112 object size 1048592 start 0x00000000e7000000  with remset 0 code roots 0 is marked 0 reclaim candidate 0 type array 1
[2024-12-07T17:08:11.282+0800][3.301s][debug][gc,humongous      ] GC(32) Live humongous region 114 object size 1048592 start 0x00000000e7200000  with remset 0 code roots 0 is marked 0 reclaim candidate 0 type array 1
[2024-12-07T17:08:11.282+0800][3.301s][debug][gc,humongous      ] GC(32) Live humongous region 116 object size 1048592 start 0x00000000e7400000  with remset 0 code roots 0 is marked 0 reclaim candidate 0 type array 1
[2024-12-07T17:08:11.282+0800][3.301s][debug][gc,humongous      ] GC(32) Live humongous region 118 object size 1048592 start 0x00000000e7600000  with remset 0 code roots 0 is marked 0 reclaim candidate 0 type array 1
[2024-12-07T17:08:11.282+0800][3.301s][debug][gc,humongous      ] GC(32) Live humongous region 120 object size 1048592 start 0x00000000e7800000  with remset 0 code roots 0 is marked 0 reclaim candidate 0 type array 1
[2024-12-07T17:08:11.282+0800][3.301s][debug][gc,humongous      ] GC(32) Live humongous region 122 object size 1048592 start 0x00000000e7a00000  with remset 0 code roots 0 is marked 0 reclaim candidate 0 type array 1
[2024-12-07T17:08:11.282+0800][3.302s][debug][gc,humongous      ] GC(32) Live humongous region 124 object size 1048592 start 0x00000000e7c00000  with remset 0 code roots 0 is marked 0 reclaim candidate 0 type array 1
[2024-12-07T17:08:11.282+0800][3.302s][debug][gc,humongous      ] GC(32) Live humongous region 126 object size 1048592 start 0x00000000e7e00000  with remset 0 code roots 0 is marked 0 reclaim candidate 0 type array 1
[2024-12-07T17:08:11.283+0800][3.302s][debug][gc,humongous      ] GC(32) Live humongous region 128 object size 1048592 start 0x00000000e8000000  with remset 0 code roots 0 is marked 0 reclaim candidate 0 type array 1
[2024-12-07T17:08:11.283+0800][3.302s][debug][gc,humongous      ] GC(32) Live humongous region 130 object size 1048592 start 0x00000000e8200000  with remset 0 code roots 0 is marked 0 reclaim candidate 0 type array 1
[2024-12-07T17:08:11.283+0800][3.302s][debug][gc,humongous      ] GC(32) Live humongous region 132 object size 1048592 start 0x00000000e8400000  with remset 0 code roots 0 is marked 0 reclaim candidate 0 type array 1
[2024-12-07T17:08:11.283+0800][3.302s][debug][gc,humongous      ] GC(32) Live humongous region 134 object size 1048592 start 0x00000000e8600000  with remset 0 code roots 0 is marked 0 reclaim candidate 0 type array 1
[2024-12-07T17:08:11.283+0800][3.302s][debug][gc,humongous      ] GC(32) Live humongous region 136 object size 1048592 start 0x00000000e8800000  with remset 0 code roots 0 is marked 0 reclaim candidate 0 type array 1
[2024-12-07T17:08:11.283+0800][3.302s][debug][gc,humongous      ] GC(32) Live humongous region 138 object size 1048592 start 0x00000000e8a00000  with remset 0 code roots 0 is marked 0 reclaim candidate 0 type array 1
[2024-12-07T17:08:11.283+0800][3.302s][debug][gc,humongous      ] GC(32) Live humongous region 140 object size 1048592 start 0x00000000e8c00000  with remset 0 code roots 0 is marked 0 reclaim candidate 0 type array 1
[2024-12-07T17:08:11.283+0800][3.302s][debug][gc,humongous      ] GC(32) Live humongous region 142 object size 1048592 start 0x00000000e8e00000  with remset 0 code roots 0 is marked 0 reclaim candidate 0 type array 1
[2024-12-07T17:08:11.283+0800][3.302s][debug][gc,humongous      ] GC(32) Live humongous region 144 object size 1048592 start 0x00000000e9000000  with remset 0 code roots 0 is marked 0 reclaim candidate 0 type array 1
[2024-12-07T17:08:11.283+0800][3.302s][debug][gc,humongous      ] GC(32) Live humongous region 146 object size 1048592 start 0x00000000e9200000  with remset 0 code roots 0 is marked 0 reclaim candidate 0 type array 1
[2024-12-07T17:08:11.283+0800][3.303s][debug][gc,humongous      ] GC(32) Live humongous region 148 object size 1048592 start 0x00000000e9400000  with remset 0 code roots 0 is marked 0 reclaim candidate 0 type array 1
[2024-12-07T17:08:11.283+0800][3.303s][debug][gc,humongous      ] GC(32) Live humongous region 150 object size 1048592 start 0x00000000e9600000  with remset 0 code roots 0 is marked 0 reclaim candidate 0 type array 1
[2024-12-07T17:08:11.284+0800][3.303s][debug][gc,humongous      ] GC(32) Live humongous region 152 object size 1048592 start 0x00000000e9800000  with remset 0 code roots 0 is marked 0 reclaim candidate 0 type array 1
[2024-12-07T17:08:11.284+0800][3.303s][debug][gc,humongous      ] GC(32) Live humongous region 154 object size 1048592 start 0x00000000e9a00000  with remset 0 code roots 0 is marked 0 reclaim candidate 0 type array 1
[2024-12-07T17:08:11.284+0800][3.303s][debug][gc,humongous      ] GC(32) Live humongous region 156 object size 1048592 start 0x00000000e9c00000  with remset 0 code roots 0 is marked 0 reclaim candidate 0 type array 1
[2024-12-07T17:08:11.284+0800][3.303s][debug][gc,humongous      ] GC(32) Live humongous region 158 object size 1048592 start 0x00000000e9e00000  with remset 0 code roots 0 is marked 0 reclaim candidate 0 type array 1
[2024-12-07T17:08:11.284+0800][3.303s][debug][gc,humongous      ] GC(32) Live humongous region 160 object size 1048592 start 0x00000000ea000000  with remset 0 code roots 0 is marked 0 reclaim candidate 0 type array 1
[2024-12-07T17:08:11.284+0800][3.303s][debug][gc,humongous      ] GC(32) Live humongous region 162 object size 1048592 start 0x00000000ea200000  with remset 0 code roots 0 is marked 0 reclaim candidate 0 type array 1
[2024-12-07T17:08:11.284+0800][3.303s][debug][gc,humongous      ] GC(32) Live humongous region 164 object size 1048592 start 0x00000000ea400000  with remset 0 code roots 0 is marked 0 reclaim candidate 0 type array 1
[2024-12-07T17:08:11.284+0800][3.303s][debug][gc,humongous      ] GC(32) Live humongous region 166 object size 1048592 start 0x00000000ea600000  with remset 0 code roots 0 is marked 0 reclaim candidate 0 type array 1
[2024-12-07T17:08:11.284+0800][3.303s][debug][gc,humongous      ] GC(32) Live humongous region 168 object size 1048592 start 0x00000000ea800000  with remset 0 code roots 0 is marked 0 reclaim candidate 0 type array 1
[2024-12-07T17:08:11.284+0800][3.303s][debug][gc,humongous      ] GC(32) Live humongous region 170 object size 1048592 start 0x00000000eaa00000  with remset 0 code roots 0 is marked 0 reclaim candidate 0 type array 1
[2024-12-07T17:08:11.284+0800][3.304s][debug][gc,humongous      ] GC(32) Live humongous region 172 object size 1048592 start 0x00000000eac00000  with remset 0 code roots 0 is marked 0 reclaim candidate 0 type array 1
[2024-12-07T17:08:11.284+0800][3.304s][debug][gc,humongous      ] GC(32) Live humongous region 174 object size 1048592 start 0x00000000eae00000  with remset 0 code roots 0 is marked 0 reclaim candidate 0 type array 1
[2024-12-07T17:08:11.285+0800][3.304s][debug][gc,humongous      ] GC(32) Live humongous region 176 object size 1048592 start 0x00000000eb000000  with remset 0 code roots 0 is marked 0 reclaim candidate 0 type array 1
[2024-12-07T17:08:11.285+0800][3.304s][debug][gc,humongous      ] GC(32) Live humongous region 178 object size 1048592 start 0x00000000eb200000  with remset 0 code roots 0 is marked 0 reclaim candidate 0 type array 1
[2024-12-07T17:08:11.285+0800][3.304s][debug][gc,humongous      ] GC(32) Live humongous region 180 object size 1048592 start 0x00000000eb400000  with remset 0 code roots 0 is marked 0 reclaim candidate 0 type array 1
[2024-12-07T17:08:11.285+0800][3.304s][debug][gc,humongous      ] GC(32) Live humongous region 182 object size 1048592 start 0x00000000eb600000  with remset 0 code roots 0 is marked 0 reclaim candidate 0 type array 1
[2024-12-07T17:08:11.285+0800][3.304s][debug][gc,humongous      ] GC(32) Live humongous region 184 object size 1048592 start 0x00000000eb800000  with remset 0 code roots 0 is marked 0 reclaim candidate 0 type array 1
[2024-12-07T17:08:11.285+0800][3.304s][debug][gc,humongous      ] GC(32) Live humongous region 186 object size 1048592 start 0x00000000eba00000  with remset 0 code roots 0 is marked 0 reclaim candidate 0 type array 1
[2024-12-07T17:08:11.285+0800][3.304s][debug][gc,humongous      ] GC(32) Live humongous region 188 object size 1048592 start 0x00000000ebc00000  with remset 0 code roots 0 is marked 0 reclaim candidate 0 type array 1
[2024-12-07T17:08:11.285+0800][3.304s][debug][gc,humongous      ] GC(32) Live humongous region 190 object size 1048592 start 0x00000000ebe00000  with remset 0 code roots 0 is marked 0 reclaim candidate 0 type array 1
[2024-12-07T17:08:11.285+0800][3.304s][debug][gc,humongous      ] GC(32) Live humongous region 192 object size 1048592 start 0x00000000ec000000  with remset 0 code roots 0 is marked 0 reclaim candidate 0 type array 1
[2024-12-07T17:08:11.285+0800][3.305s][debug][gc,humongous      ] GC(32) Live humongous region 194 object size 1048592 start 0x00000000ec200000  with remset 0 code roots 0 is marked 0 reclaim candidate 0 type array 1
[2024-12-07T17:08:11.285+0800][3.305s][debug][gc,humongous      ] GC(32) Live humongous region 196 object size 1048592 start 0x00000000ec400000  with remset 0 code roots 0 is marked 0 reclaim candidate 0 type array 1
[2024-12-07T17:08:11.286+0800][3.305s][debug][gc,humongous      ] GC(32) Live humongous region 198 object size 1048592 start 0x00000000ec600000  with remset 0 code roots 0 is marked 0 reclaim candidate 0 type array 1
[2024-12-07T17:08:11.286+0800][3.305s][debug][gc,humongous      ] GC(32) Live humongous region 200 object size 1048592 start 0x00000000ec800000  with remset 0 code roots 0 is marked 0 reclaim candidate 0 type array 1
[2024-12-07T17:08:11.286+0800][3.305s][debug][gc,humongous      ] GC(32) Live humongous region 202 object size 1048592 start 0x00000000eca00000  with remset 0 code roots 0 is marked 0 reclaim candidate 0 type array 1
[2024-12-07T17:08:11.286+0800][3.305s][debug][gc,humongous      ] GC(32) Live humongous region 204 object size 1048592 start 0x00000000ecc00000  with remset 0 code roots 0 is marked 0 reclaim candidate 0 type array 1
[2024-12-07T17:08:11.286+0800][3.305s][debug][gc,humongous      ] GC(32) Live humongous region 206 object size 1048592 start 0x00000000ece00000  with remset 0 code roots 0 is marked 0 reclaim candidate 0 type array 1
[2024-12-07T17:08:11.286+0800][3.305s][debug][gc,humongous      ] GC(32) Live humongous region 208 object size 1048592 start 0x00000000ed000000  with remset 0 code roots 0 is marked 0 reclaim candidate 0 type array 1
[2024-12-07T17:08:11.286+0800][3.305s][debug][gc,humongous      ] GC(32) Live humongous region 210 object size 1048592 start 0x00000000ed200000  with remset 0 code roots 0 is marked 0 reclaim candidate 0 type array 1
[2024-12-07T17:08:11.286+0800][3.305s][debug][gc,humongous      ] GC(32) Live humongous region 212 object size 1048592 start 0x00000000ed400000  with remset 0 code roots 0 is marked 0 reclaim candidate 0 type array 1
[2024-12-07T17:08:11.286+0800][3.305s][debug][gc,humongous      ] GC(32) Live humongous region 214 object size 1048592 start 0x00000000ed600000  with remset 0 code roots 0 is marked 0 reclaim candidate 0 type array 1
[2024-12-07T17:08:11.286+0800][3.306s][debug][gc,humongous      ] GC(32) Live humongous region 216 object size 1048592 start 0x00000000ed800000  with remset 0 code roots 0 is marked 0 reclaim candidate 0 type array 1
[2024-12-07T17:08:11.286+0800][3.306s][debug][gc,humongous      ] GC(32) Live humongous region 218 object size 1048592 start 0x00000000eda00000  with remset 0 code roots 0 is marked 0 reclaim candidate 0 type array 1
[2024-12-07T17:08:11.287+0800][3.306s][debug][gc,humongous      ] GC(32) Live humongous region 220 object size 1048592 start 0x00000000edc00000  with remset 0 code roots 0 is marked 0 reclaim candidate 0 type array 1
[2024-12-07T17:08:11.287+0800][3.306s][debug][gc,humongous      ] GC(32) Live humongous region 222 object size 1048592 start 0x00000000ede00000  with remset 0 code roots 0 is marked 0 reclaim candidate 0 type array 1
[2024-12-07T17:08:11.287+0800][3.306s][debug][gc,humongous      ] GC(32) Live humongous region 224 object size 1048592 start 0x00000000ee000000  with remset 0 code roots 0 is marked 0 reclaim candidate 0 type array 1
[2024-12-07T17:08:11.287+0800][3.306s][debug][gc,humongous      ] GC(32) Live humongous region 226 object size 1048592 start 0x00000000ee200000  with remset 0 code roots 0 is marked 0 reclaim candidate 0 type array 1
[2024-12-07T17:08:11.287+0800][3.306s][debug][gc,humongous      ] GC(32) Live humongous region 228 object size 1048592 start 0x00000000ee400000  with remset 0 code roots 0 is marked 0 reclaim candidate 0 type array 1
[2024-12-07T17:08:11.287+0800][3.306s][debug][gc,humongous      ] GC(32) Live humongous region 230 object size 1048592 start 0x00000000ee600000  with remset 0 code roots 0 is marked 0 reclaim candidate 0 type array 1
[2024-12-07T17:08:11.287+0800][3.306s][debug][gc,humongous      ] GC(32) Live humongous region 232 object size 1048592 start 0x00000000ee800000  with remset 0 code roots 0 is marked 0 reclaim candidate 0 type array 1
[2024-12-07T17:08:11.287+0800][3.306s][debug][gc,humongous      ] GC(32) Live humongous region 234 object size 1048592 start 0x00000000eea00000  with remset 0 code roots 0 is marked 0 reclaim candidate 0 type array 1
[2024-12-07T17:08:11.287+0800][3.306s][debug][gc,humongous      ] GC(32) Live humongous region 236 object size 1048592 start 0x00000000eec00000  with remset 0 code roots 0 is marked 0 reclaim candidate 0 type array 1
[2024-12-07T17:08:11.287+0800][3.306s][debug][gc,humongous      ] GC(32) Live humongous region 238 object size 1048592 start 0x00000000eee00000  with remset 0 code roots 0 is marked 0 reclaim candidate 0 type array 1
[2024-12-07T17:08:11.287+0800][3.307s][debug][gc,humongous      ] GC(32) Live humongous region 240 object size 1048592 start 0x00000000ef000000  with remset 0 code roots 0 is marked 0 reclaim candidate 0 type array 1
[2024-12-07T17:08:11.287+0800][3.307s][debug][gc,humongous      ] GC(32) Live humongous region 242 object size 1048592 start 0x00000000ef200000  with remset 0 code roots 0 is marked 0 reclaim candidate 0 type array 1
[2024-12-07T17:08:11.288+0800][3.307s][debug][gc,humongous      ] GC(32) Live humongous region 244 object size 1048592 start 0x00000000ef400000  with remset 0 code roots 0 is marked 0 reclaim candidate 0 type array 1
[2024-12-07T17:08:11.288+0800][3.307s][debug][gc,humongous      ] GC(32) Live humongous region 246 object size 1048592 start 0x00000000ef600000  with remset 0 code roots 0 is marked 0 reclaim candidate 0 type array 1
[2024-12-07T17:08:11.288+0800][3.307s][debug][gc,humongous      ] GC(32) Live humongous region 248 object size 1048592 start 0x00000000ef800000  with remset 0 code roots 0 is marked 0 reclaim candidate 0 type array 1
[2024-12-07T17:08:11.288+0800][3.307s][debug][gc,humongous      ] GC(32) Live humongous region 250 object size 1048592 start 0x00000000efa00000  with remset 0 code roots 0 is marked 0 reclaim candidate 0 type array 1
[2024-12-07T17:08:11.288+0800][3.307s][debug][gc,humongous      ] GC(32) Live humongous region 252 object size 1048592 start 0x00000000efc00000  with remset 0 code roots 0 is marked 0 reclaim candidate 0 type array 1
[2024-12-07T17:08:11.288+0800][3.307s][debug][gc,humongous      ] GC(32) Live humongous region 254 object size 1048592 start 0x00000000efe00000  with remset 0 code roots 0 is marked 0 reclaim candidate 0 type array 1
[2024-12-07T17:08:11.288+0800][3.307s][debug][gc,humongous      ] GC(32) Live humongous region 256 object size 1048592 start 0x00000000f0000000  with remset 0 code roots 0 is marked 0 reclaim candidate 0 type array 1
[2024-12-07T17:08:11.288+0800][3.307s][debug][gc,humongous      ] GC(32) Live humongous region 258 object size 1048592 start 0x00000000f0200000  with remset 0 code roots 0 is marked 0 reclaim candidate 0 type array 1
[2024-12-07T17:08:11.288+0800][3.307s][debug][gc,humongous      ] GC(32) Live humongous region 260 object size 1048592 start 0x00000000f0400000  with remset 0 code roots 0 is marked 0 reclaim candidate 0 type array 1
[2024-12-07T17:08:11.288+0800][3.307s][debug][gc,humongous      ] GC(32) Live humongous region 262 object size 1048592 start 0x00000000f0600000  with remset 0 code roots 0 is marked 0 reclaim candidate 0 type array 1
[2024-12-07T17:08:11.288+0800][3.308s][debug][gc,humongous      ] GC(32) Live humongous region 264 object size 1048592 start 0x00000000f0800000  with remset 0 code roots 0 is marked 0 reclaim candidate 0 type array 1
[2024-12-07T17:08:11.288+0800][3.308s][debug][gc,humongous      ] GC(32) Live humongous region 266 object size 1048592 start 0x00000000f0a00000  with remset 0 code roots 0 is marked 0 reclaim candidate 0 type array 1
[2024-12-07T17:08:11.289+0800][3.308s][debug][gc,humongous      ] GC(32) Live humongous region 268 object size 1048592 start 0x00000000f0c00000  with remset 0 code roots 0 is marked 0 reclaim candidate 0 type array 1
[2024-12-07T17:08:11.289+0800][3.308s][debug][gc,humongous      ] GC(32) Live humongous region 270 object size 1048592 start 0x00000000f0e00000  with remset 0 code roots 0 is marked 0 reclaim candidate 0 type array 1
[2024-12-07T17:08:11.289+0800][3.308s][debug][gc,humongous      ] GC(32) Live humongous region 272 object size 1048592 start 0x00000000f1000000  with remset 0 code roots 0 is marked 0 reclaim candidate 0 type array 1
[2024-12-07T17:08:11.289+0800][3.308s][debug][gc,humongous      ] GC(32) Live humongous region 274 object size 1048592 start 0x00000000f1200000  with remset 0 code roots 0 is marked 0 reclaim candidate 0 type array 1
[2024-12-07T17:08:11.289+0800][3.308s][debug][gc,humongous      ] GC(32) Live humongous region 276 object size 1048592 start 0x00000000f1400000  with remset 0 code roots 0 is marked 0 reclaim candidate 0 type array 1
[2024-12-07T17:08:11.289+0800][3.308s][debug][gc,humongous      ] GC(32) Live humongous region 278 object size 1048592 start 0x00000000f1600000  with remset 0 code roots 0 is marked 0 reclaim candidate 0 type array 1
[2024-12-07T17:08:11.289+0800][3.308s][debug][gc,humongous      ] GC(32) Live humongous region 280 object size 1048592 start 0x00000000f1800000  with remset 0 code roots 0 is marked 0 reclaim candidate 0 type array 1
[2024-12-07T17:08:11.289+0800][3.308s][debug][gc,humongous      ] GC(32) Live humongous region 282 object size 1048592 start 0x00000000f1a00000  with remset 0 code roots 0 is marked 0 reclaim candidate 0 type array 1
[2024-12-07T17:08:11.289+0800][3.308s][debug][gc,humongous      ] GC(32) Live humongous region 284 object size 1048592 start 0x00000000f1c00000  with remset 0 code roots 0 is marked 0 reclaim candidate 0 type array 1
[2024-12-07T17:08:11.289+0800][3.309s][debug][gc,humongous      ] GC(32) Live humongous region 286 object size 1048592 start 0x00000000f1e00000  with remset 0 code roots 0 is marked 0 reclaim candidate 0 type array 1
[2024-12-07T17:08:11.289+0800][3.309s][debug][gc,humongous      ] GC(32) Live humongous region 288 object size 1048592 start 0x00000000f2000000  with remset 0 code roots 0 is marked 0 reclaim candidate 0 type array 1
[2024-12-07T17:08:11.290+0800][3.309s][debug][gc,humongous      ] GC(32) Live humongous region 290 object size 1048592 start 0x00000000f2200000  with remset 0 code roots 0 is marked 0 reclaim candidate 0 type array 1
[2024-12-07T17:08:11.290+0800][3.309s][debug][gc,humongous      ] GC(32) Live humongous region 292 object size 1048592 start 0x00000000f2400000  with remset 0 code roots 0 is marked 0 reclaim candidate 0 type array 1
[2024-12-07T17:08:11.290+0800][3.309s][debug][gc,humongous      ] GC(32) Live humongous region 294 object size 1048592 start 0x00000000f2600000  with remset 0 code roots 0 is marked 0 reclaim candidate 0 type array 1
[2024-12-07T17:08:11.290+0800][3.309s][debug][gc,humongous      ] GC(32) Live humongous region 296 object size 1048592 start 0x00000000f2800000  with remset 0 code roots 0 is marked 0 reclaim candidate 0 type array 1
[2024-12-07T17:08:11.290+0800][3.309s][debug][gc,humongous      ] GC(32) Live humongous region 298 object size 1048592 start 0x00000000f2a00000  with remset 0 code roots 0 is marked 0 reclaim candidate 0 type array 1
[2024-12-07T17:08:11.290+0800][3.309s][debug][gc,humongous      ] GC(32) Live humongous region 300 object size 1048592 start 0x00000000f2c00000  with remset 0 code roots 0 is marked 0 reclaim candidate 0 type array 1
[2024-12-07T17:08:11.290+0800][3.309s][debug][gc,humongous      ] GC(32) Live humongous region 302 object size 1048592 start 0x00000000f2e00000  with remset 0 code roots 0 is marked 0 reclaim candidate 0 type array 1
[2024-12-07T17:08:11.290+0800][3.309s][debug][gc,humongous      ] GC(32) Live humongous region 304 object size 1048592 start 0x00000000f3000000  with remset 0 code roots 0 is marked 0 reclaim candidate 0 type array 1
[2024-12-07T17:08:11.290+0800][3.310s][debug][gc,humongous      ] GC(32) Live humongous region 306 object size 1048592 start 0x00000000f3200000  with remset 0 code roots 0 is marked 0 reclaim candidate 0 type array 1
[2024-12-07T17:08:11.290+0800][3.310s][debug][gc,humongous      ] GC(32) Live humongous region 308 object size 1048592 start 0x00000000f3400000  with remset 0 code roots 0 is marked 0 reclaim candidate 0 type array 1
[2024-12-07T17:08:11.291+0800][3.310s][debug][gc,humongous      ] GC(32) Live humongous region 310 object size 1048592 start 0x00000000f3600000  with remset 0 code roots 0 is marked 0 reclaim candidate 0 type array 1
[2024-12-07T17:08:11.291+0800][3.310s][debug][gc,humongous      ] GC(32) Live humongous region 312 object size 1048592 start 0x00000000f3800000  with remset 0 code roots 0 is marked 0 reclaim candidate 0 type array 1
[2024-12-07T17:08:11.291+0800][3.310s][debug][gc,humongous      ] GC(32) Live humongous region 314 object size 1048592 start 0x00000000f3a00000  with remset 0 code roots 0 is marked 0 reclaim candidate 0 type array 1
[2024-12-07T17:08:11.291+0800][3.310s][debug][gc,humongous      ] GC(32) Live humongous region 316 object size 1048592 start 0x00000000f3c00000  with remset 0 code roots 0 is marked 0 reclaim candidate 0 type array 1
[2024-12-07T17:08:11.291+0800][3.310s][debug][gc,humongous      ] GC(32) Live humongous region 318 object size 1048592 start 0x00000000f3e00000  with remset 0 code roots 0 is marked 0 reclaim candidate 0 type array 1
[2024-12-07T17:08:11.291+0800][3.310s][debug][gc,humongous      ] GC(32) Live humongous region 320 object size 1048592 start 0x00000000f4000000  with remset 0 code roots 0 is marked 0 reclaim candidate 0 type array 1
[2024-12-07T17:08:11.291+0800][3.310s][debug][gc,humongous      ] GC(32) Live humongous region 322 object size 1048592 start 0x00000000f4200000  with remset 0 code roots 0 is marked 0 reclaim candidate 0 type array 1
[2024-12-07T17:08:11.291+0800][3.310s][debug][gc,humongous      ] GC(32) Live humongous region 324 object size 1048592 start 0x00000000f4400000  with remset 0 code roots 0 is marked 0 reclaim candidate 0 type array 1
[2024-12-07T17:08:11.291+0800][3.310s][debug][gc,humongous      ] GC(32) Live humongous region 326 object size 1048592 start 0x00000000f4600000  with remset 0 code roots 0 is marked 0 reclaim candidate 0 type array 1
[2024-12-07T17:08:11.291+0800][3.310s][debug][gc,humongous      ] GC(32) Live humongous region 328 object size 1048592 start 0x00000000f4800000  with remset 0 code roots 0 is marked 0 reclaim candidate 0 type array 1
[2024-12-07T17:08:11.291+0800][3.311s][debug][gc,humongous      ] GC(32) Live humongous region 330 object size 1048592 start 0x00000000f4a00000  with remset 0 code roots 0 is marked 0 reclaim candidate 0 type array 1
[2024-12-07T17:08:11.291+0800][3.311s][debug][gc,humongous      ] GC(32) Live humongous region 332 object size 1048592 start 0x00000000f4c00000  with remset 0 code roots 0 is marked 0 reclaim candidate 0 type array 1
[2024-12-07T17:08:11.292+0800][3.311s][debug][gc,humongous      ] GC(32) Live humongous region 334 object size 1048592 start 0x00000000f4e00000  with remset 0 code roots 0 is marked 0 reclaim candidate 0 type array 1
[2024-12-07T17:08:11.292+0800][3.311s][debug][gc,humongous      ] GC(32) Live humongous region 336 object size 1048592 start 0x00000000f5000000  with remset 0 code roots 0 is marked 0 reclaim candidate 0 type array 1
[2024-12-07T17:08:11.292+0800][3.311s][debug][gc,humongous      ] GC(32) Live humongous region 338 object size 1048592 start 0x00000000f5200000  with remset 0 code roots 0 is marked 0 reclaim candidate 0 type array 1
[2024-12-07T17:08:11.292+0800][3.311s][debug][gc,humongous      ] GC(32) Live humongous region 340 object size 1048592 start 0x00000000f5400000  with remset 0 code roots 0 is marked 0 reclaim candidate 0 type array 1
[2024-12-07T17:08:11.292+0800][3.311s][debug][gc,humongous      ] GC(32) Live humongous region 342 object size 1048592 start 0x00000000f5600000  with remset 0 code roots 0 is marked 0 reclaim candidate 0 type array 1
[2024-12-07T17:08:11.292+0800][3.311s][debug][gc,humongous      ] GC(32) Live humongous region 344 object size 1048592 start 0x00000000f5800000  with remset 0 code roots 0 is marked 0 reclaim candidate 0 type array 1
[2024-12-07T17:08:11.292+0800][3.311s][debug][gc,humongous      ] GC(32) Live humongous region 346 object size 1048592 start 0x00000000f5a00000  with remset 0 code roots 0 is marked 0 reclaim candidate 0 type array 1
[2024-12-07T17:08:11.292+0800][3.311s][debug][gc,humongous      ] GC(32) Live humongous region 348 object size 1048592 start 0x00000000f5c00000  with remset 0 code roots 0 is marked 0 reclaim candidate 0 type array 1
[2024-12-07T17:08:11.292+0800][3.312s][debug][gc,humongous      ] GC(32) Live humongous region 350 object size 1048592 start 0x00000000f5e00000  with remset 0 code roots 0 is marked 0 reclaim candidate 0 type array 1
[2024-12-07T17:08:11.293+0800][3.312s][debug][gc,humongous      ] GC(32) Live humongous region 352 object size 1048592 start 0x00000000f6000000  with remset 0 code roots 0 is marked 0 reclaim candidate 0 type array 1
[2024-12-07T17:08:11.293+0800][3.312s][debug][gc,humongous      ] GC(32) Live humongous region 354 object size 1048592 start 0x00000000f6200000  with remset 0 code roots 0 is marked 0 reclaim candidate 0 type array 1
[2024-12-07T17:08:11.293+0800][3.312s][debug][gc,humongous      ] GC(32) Live humongous region 356 object size 1048592 start 0x00000000f6400000  with remset 0 code roots 0 is marked 0 reclaim candidate 0 type array 1
[2024-12-07T17:08:11.293+0800][3.312s][debug][gc,humongous      ] GC(32) Live humongous region 358 object size 1048592 start 0x00000000f6600000  with remset 0 code roots 0 is marked 0 reclaim candidate 0 type array 1
[2024-12-07T17:08:11.293+0800][3.312s][debug][gc,humongous      ] GC(32) Live humongous region 360 object size 1048592 start 0x00000000f6800000  with remset 0 code roots 0 is marked 0 reclaim candidate 0 type array 1
[2024-12-07T17:08:11.293+0800][3.312s][debug][gc,humongous      ] GC(32) Live humongous region 362 object size 1048592 start 0x00000000f6a00000  with remset 0 code roots 0 is marked 0 reclaim candidate 0 type array 1
[2024-12-07T17:08:11.293+0800][3.312s][debug][gc,humongous      ] GC(32) Live humongous region 364 object size 1048592 start 0x00000000f6c00000  with remset 0 code roots 0 is marked 0 reclaim candidate 0 type array 1
[2024-12-07T17:08:11.293+0800][3.313s][debug][gc,humongous      ] GC(32) Live humongous region 366 object size 1048592 start 0x00000000f6e00000  with remset 0 code roots 0 is marked 0 reclaim candidate 0 type array 1
[2024-12-07T17:08:11.293+0800][3.313s][debug][gc,humongous      ] GC(32) Live humongous region 368 object size 1048592 start 0x00000000f7000000  with remset 0 code roots 0 is marked 0 reclaim candidate 0 type array 1
[2024-12-07T17:08:11.294+0800][3.313s][debug][gc,humongous      ] GC(32) Live humongous region 370 object size 1048592 start 0x00000000f7200000  with remset 0 code roots 0 is marked 0 reclaim candidate 0 type array 1
[2024-12-07T17:08:11.294+0800][3.313s][debug][gc,humongous      ] GC(32) Live humongous region 372 object size 1048592 start 0x00000000f7400000  with remset 0 code roots 0 is marked 0 reclaim candidate 0 type array 1
[2024-12-07T17:08:11.294+0800][3.313s][debug][gc,humongous      ] GC(32) Live humongous region 374 object size 1048592 start 0x00000000f7600000  with remset 0 code roots 0 is marked 0 reclaim candidate 0 type array 1
[2024-12-07T17:08:11.294+0800][3.313s][debug][gc,humongous      ] GC(32) Live humongous region 376 object size 1048592 start 0x00000000f7800000  with remset 0 code roots 0 is marked 0 reclaim candidate 0 type array 1
[2024-12-07T17:08:11.294+0800][3.313s][debug][gc,humongous      ] GC(32) Live humongous region 378 object size 1048592 start 0x00000000f7a00000  with remset 0 code roots 0 is marked 0 reclaim candidate 0 type array 1
[2024-12-07T17:08:11.294+0800][3.313s][debug][gc,humongous      ] GC(32) Live humongous region 380 object size 1048592 start 0x00000000f7c00000  with remset 0 code roots 0 is marked 0 reclaim candidate 0 type array 1
[2024-12-07T17:08:11.294+0800][3.313s][debug][gc,humongous      ] GC(32) Live humongous region 382 object size 1048592 start 0x00000000f7e00000  with remset 0 code roots 0 is marked 0 reclaim candidate 0 type array 1
[2024-12-07T17:08:11.294+0800][3.313s][debug][gc,humongous      ] GC(32) Live humongous region 384 object size 1048592 start 0x00000000f8000000  with remset 0 code roots 0 is marked 0 reclaim candidate 0 type array 1
[2024-12-07T17:08:11.294+0800][3.313s][debug][gc,humongous      ] GC(32) Live humongous region 386 object size 1048592 start 0x00000000f8200000  with remset 0 code roots 0 is marked 0 reclaim candidate 0 type array 1
[2024-12-07T17:08:11.294+0800][3.314s][debug][gc,humongous      ] GC(32) Live humongous region 388 object size 1048592 start 0x00000000f8400000  with remset 0 code roots 0 is marked 0 reclaim candidate 0 type array 1
[2024-12-07T17:08:11.294+0800][3.314s][debug][gc,humongous      ] GC(32) Live humongous region 390 object size 1048592 start 0x00000000f8600000  with remset 0 code roots 0 is marked 0 reclaim candidate 0 type array 1
[2024-12-07T17:08:11.295+0800][3.314s][debug][gc,humongous      ] GC(32) Live humongous region 392 object size 1048592 start 0x00000000f8800000  with remset 0 code roots 0 is marked 0 reclaim candidate 0 type array 1
[2024-12-07T17:08:11.295+0800][3.314s][debug][gc,humongous      ] GC(32) Live humongous region 394 object size 1048592 start 0x00000000f8a00000  with remset 0 code roots 0 is marked 0 reclaim candidate 0 type array 1
[2024-12-07T17:08:11.295+0800][3.314s][debug][gc,humongous      ] GC(32) Live humongous region 396 object size 1048592 start 0x00000000f8c00000  with remset 0 code roots 0 is marked 0 reclaim candidate 0 type array 1
[2024-12-07T17:08:11.295+0800][3.314s][debug][gc,humongous      ] GC(32) Live humongous region 398 object size 1048592 start 0x00000000f8e00000  with remset 0 code roots 0 is marked 0 reclaim candidate 0 type array 1
[2024-12-07T17:08:11.295+0800][3.314s][debug][gc,humongous      ] GC(32) Live humongous region 400 object size 1048592 start 0x00000000f9000000  with remset 0 code roots 0 is marked 0 reclaim candidate 0 type array 1
[2024-12-07T17:08:11.295+0800][3.314s][debug][gc,humongous      ] GC(32) Live humongous region 402 object size 1048592 start 0x00000000f9200000  with remset 0 code roots 0 is marked 0 reclaim candidate 0 type array 1
[2024-12-07T17:08:11.295+0800][3.314s][debug][gc,humongous      ] GC(32) Live humongous region 404 object size 1048592 start 0x00000000f9400000  with remset 0 code roots 0 is marked 0 reclaim candidate 0 type array 1
[2024-12-07T17:08:11.295+0800][3.314s][debug][gc,humongous      ] GC(32) Live humongous region 406 object size 1048592 start 0x00000000f9600000  with remset 0 code roots 0 is marked 0 reclaim candidate 0 type array 1
[2024-12-07T17:08:11.295+0800][3.314s][debug][gc,humongous      ] GC(32) Live humongous region 408 object size 1048592 start 0x00000000f9800000  with remset 0 code roots 0 is marked 0 reclaim candidate 0 type array 1
[2024-12-07T17:08:11.295+0800][3.314s][debug][gc,humongous      ] GC(32) Live humongous region 410 object size 1048592 start 0x00000000f9a00000  with remset 0 code roots 0 is marked 0 reclaim candidate 0 type array 1
[2024-12-07T17:08:11.295+0800][3.315s][debug][gc,humongous      ] GC(32) Live humongous region 412 object size 1048592 start 0x00000000f9c00000  with remset 0 code roots 0 is marked 0 reclaim candidate 0 type array 1
[2024-12-07T17:08:11.295+0800][3.315s][debug][gc,humongous      ] GC(32) Live humongous region 414 object size 1048592 start 0x00000000f9e00000  with remset 0 code roots 0 is marked 0 reclaim candidate 0 type array 1
[2024-12-07T17:08:11.296+0800][3.315s][debug][gc,humongous      ] GC(32) Live humongous region 416 object size 1048592 start 0x00000000fa000000  with remset 0 code roots 0 is marked 0 reclaim candidate 0 type array 1
[2024-12-07T17:08:11.296+0800][3.315s][debug][gc,humongous      ] GC(32) Live humongous region 418 object size 1048592 start 0x00000000fa200000  with remset 0 code roots 0 is marked 0 reclaim candidate 0 type array 1
[2024-12-07T17:08:11.296+0800][3.315s][debug][gc,humongous      ] GC(32) Live humongous region 420 object size 1048592 start 0x00000000fa400000  with remset 0 code roots 0 is marked 0 reclaim candidate 0 type array 1
[2024-12-07T17:08:11.296+0800][3.315s][debug][gc,humongous      ] GC(32) Live humongous region 422 object size 1048592 start 0x00000000fa600000  with remset 0 code roots 0 is marked 0 reclaim candidate 0 type array 1
[2024-12-07T17:08:11.296+0800][3.315s][debug][gc,humongous      ] GC(32) Live humongous region 424 object size 1048592 start 0x00000000fa800000  with remset 0 code roots 0 is marked 0 reclaim candidate 0 type array 1
[2024-12-07T17:08:11.296+0800][3.315s][debug][gc,humongous      ] GC(32) Live humongous region 426 object size 1048592 start 0x00000000faa00000  with remset 0 code roots 0 is marked 0 reclaim candidate 0 type array 1
[2024-12-07T17:08:11.296+0800][3.315s][debug][gc,humongous      ] GC(32) Live humongous region 428 object size 1048592 start 0x00000000fac00000  with remset 0 code roots 0 is marked 0 reclaim candidate 0 type array 1
[2024-12-07T17:08:11.296+0800][3.315s][debug][gc,humongous      ] GC(32) Live humongous region 430 object size 1048592 start 0x00000000fae00000  with remset 0 code roots 0 is marked 0 reclaim candidate 0 type array 1
[2024-12-07T17:08:11.296+0800][3.315s][debug][gc,humongous      ] GC(32) Live humongous region 432 object size 1048592 start 0x00000000fb000000  with remset 0 code roots 0 is marked 0 reclaim candidate 0 type array 1
[2024-12-07T17:08:11.296+0800][3.316s][debug][gc,humongous      ] GC(32) Live humongous region 434 object size 1048592 start 0x00000000fb200000  with remset 0 code roots 0 is marked 0 reclaim candidate 0 type array 1
[2024-12-07T17:08:11.296+0800][3.316s][debug][gc,humongous      ] GC(32) Live humongous region 436 object size 1048592 start 0x00000000fb400000  with remset 0 code roots 0 is marked 0 reclaim candidate 0 type array 1
[2024-12-07T17:08:11.297+0800][3.316s][debug][gc,humongous      ] GC(32) Live humongous region 438 object size 1048592 start 0x00000000fb600000  with remset 0 code roots 0 is marked 0 reclaim candidate 0 type array 1
[2024-12-07T17:08:11.297+0800][3.316s][debug][gc,humongous      ] GC(32) Live humongous region 440 object size 1048592 start 0x00000000fb800000  with remset 0 code roots 0 is marked 0 reclaim candidate 0 type array 1
[2024-12-07T17:08:11.297+0800][3.316s][debug][gc,humongous      ] GC(32) Live humongous region 442 object size 1048592 start 0x00000000fba00000  with remset 0 code roots 0 is marked 0 reclaim candidate 0 type array 1
[2024-12-07T17:08:11.297+0800][3.316s][debug][gc,humongous      ] GC(32) Live humongous region 444 object size 1048592 start 0x00000000fbc00000  with remset 0 code roots 0 is marked 0 reclaim candidate 0 type array 1
[2024-12-07T17:08:11.297+0800][3.316s][debug][gc,humongous      ] GC(32) Live humongous region 446 object size 1048592 start 0x00000000fbe00000  with remset 0 code roots 0 is marked 0 reclaim candidate 0 type array 1
[2024-12-07T17:08:11.297+0800][3.316s][debug][gc,humongous      ] GC(32) Live humongous region 448 object size 1048592 start 0x00000000fc000000  with remset 0 code roots 0 is marked 0 reclaim candidate 0 type array 1
[2024-12-07T17:08:11.297+0800][3.316s][debug][gc,humongous      ] GC(32) Live humongous region 450 object size 1048592 start 0x00000000fc200000  with remset 0 code roots 0 is marked 0 reclaim candidate 0 type array 1
[2024-12-07T17:08:11.297+0800][3.316s][debug][gc,humongous      ] GC(32) Live humongous region 452 object size 1048592 start 0x00000000fc400000  with remset 0 code roots 0 is marked 0 reclaim candidate 0 type array 1
[2024-12-07T17:08:11.297+0800][3.316s][debug][gc,humongous      ] GC(32) Live humongous region 454 object size 1048592 start 0x00000000fc600000  with remset 0 code roots 0 is marked 0 reclaim candidate 0 type array 1
[2024-12-07T17:08:11.297+0800][3.317s][debug][gc,humongous      ] GC(32) Live humongous region 456 object size 1048592 start 0x00000000fc800000  with remset 0 code roots 0 is marked 0 reclaim candidate 0 type array 1
[2024-12-07T17:08:11.297+0800][3.317s][debug][gc,humongous      ] GC(32) Live humongous region 458 object size 1048592 start 0x00000000fca00000  with remset 0 code roots 0 is marked 0 reclaim candidate 0 type array 1
[2024-12-07T17:08:11.298+0800][3.317s][debug][gc,humongous      ] GC(32) Live humongous region 460 object size 1048592 start 0x00000000fcc00000  with remset 0 code roots 0 is marked 0 reclaim candidate 0 type array 1
[2024-12-07T17:08:11.298+0800][3.317s][debug][gc,humongous      ] GC(32) Live humongous region 462 object size 1048592 start 0x00000000fce00000  with remset 0 code roots 0 is marked 0 reclaim candidate 0 type array 1
[2024-12-07T17:08:11.298+0800][3.317s][debug][gc,humongous      ] GC(32) Live humongous region 464 object size 1048592 start 0x00000000fd000000  with remset 0 code roots 0 is marked 0 reclaim candidate 0 type array 1
[2024-12-07T17:08:11.298+0800][3.317s][debug][gc,humongous      ] GC(32) Live humongous region 466 object size 1048592 start 0x00000000fd200000  with remset 0 code roots 0 is marked 0 reclaim candidate 0 type array 1
[2024-12-07T17:08:11.298+0800][3.317s][debug][gc,humongous      ] GC(32) Live humongous region 468 object size 1048592 start 0x00000000fd400000  with remset 0 code roots 0 is marked 0 reclaim candidate 0 type array 1
[2024-12-07T17:08:11.298+0800][3.317s][debug][gc,humongous      ] GC(32) Live humongous region 470 object size 1048592 start 0x00000000fd600000  with remset 0 code roots 0 is marked 0 reclaim candidate 0 type array 1
[2024-12-07T17:08:11.298+0800][3.317s][debug][gc,humongous      ] GC(32) Live humongous region 472 object size 1048592 start 0x00000000fd800000  with remset 0 code roots 0 is marked 0 reclaim candidate 0 type array 1
[2024-12-07T17:08:11.298+0800][3.317s][debug][gc,humongous      ] GC(32) Live humongous region 474 object size 1048592 start 0x00000000fda00000  with remset 0 code roots 0 is marked 0 reclaim candidate 0 type array 1
[2024-12-07T17:08:11.298+0800][3.317s][debug][gc,humongous      ] GC(32) Live humongous region 476 object size 1048592 start 0x00000000fdc00000  with remset 0 code roots 0 is marked 0 reclaim candidate 0 type array 1
[2024-12-07T17:08:11.298+0800][3.317s][debug][gc,humongous      ] GC(32) Live humongous region 478 object size 1048592 start 0x00000000fde00000  with remset 0 code roots 0 is marked 0 reclaim candidate 0 type array 1
[2024-12-07T17:08:11.298+0800][3.318s][debug][gc,humongous      ] GC(32) Live humongous region 480 object size 1048592 start 0x00000000fe000000  with remset 0 code roots 0 is marked 0 reclaim candidate 0 type array 1
[2024-12-07T17:08:11.298+0800][3.318s][debug][gc,humongous      ] GC(32) Live humongous region 482 object size 1048592 start 0x00000000fe200000  with remset 0 code roots 0 is marked 0 reclaim candidate 0 type array 1
[2024-12-07T17:08:11.299+0800][3.318s][debug][gc,humongous      ] GC(32) Live humongous region 484 object size 1048592 start 0x00000000fe400000  with remset 0 code roots 0 is marked 0 reclaim candidate 0 type array 1
[2024-12-07T17:08:11.299+0800][3.318s][debug][gc,humongous      ] GC(32) Live humongous region 486 object size 1048592 start 0x00000000fe600000  with remset 0 code roots 0 is marked 0 reclaim candidate 0 type array 1
[2024-12-07T17:08:11.299+0800][3.318s][debug][gc,humongous      ] GC(32) Live humongous region 488 object size 1048592 start 0x00000000fe800000  with remset 0 code roots 0 is marked 0 reclaim candidate 0 type array 1
[2024-12-07T17:08:11.299+0800][3.318s][debug][gc,humongous      ] GC(32) Live humongous region 490 object size 1048592 start 0x00000000fea00000  with remset 0 code roots 0 is marked 0 reclaim candidate 0 type array 1
[2024-12-07T17:08:11.299+0800][3.318s][debug][gc,humongous      ] GC(32) Live humongous region 492 object size 1048592 start 0x00000000fec00000  with remset 0 code roots 0 is marked 0 reclaim candidate 0 type array 1
[2024-12-07T17:08:11.299+0800][3.318s][debug][gc,humongous      ] GC(32) Live humongous region 494 object size 1048592 start 0x00000000fee00000  with remset 0 code roots 0 is marked 0 reclaim candidate 0 type array 1
[2024-12-07T17:08:11.299+0800][3.318s][debug][gc,humongous      ] GC(32) Live humongous region 496 object size 1048592 start 0x00000000ff000000  with remset 0 code roots 0 is marked 0 reclaim candidate 0 type array 1
[2024-12-07T17:08:11.299+0800][3.318s][debug][gc,humongous      ] GC(32) Live humongous region 498 object size 1048592 start 0x00000000ff200000  with remset 0 code roots 0 is marked 0 reclaim candidate 0 type array 1
[2024-12-07T17:08:11.299+0800][3.318s][debug][gc,humongous      ] GC(32) Live humongous region 500 object size 1048592 start 0x00000000ff400000  with remset 0 code roots 0 is marked 0 reclaim candidate 0 type array 1
[2024-12-07T17:08:11.299+0800][3.318s][debug][gc,humongous      ] GC(32) Live humongous region 502 object size 1048592 start 0x00000000ff600000  with remset 1 code roots 0 is marked 0 reclaim candidate 0 type array 1
[2024-12-07T17:08:11.299+0800][3.319s][debug][gc,humongous      ] GC(32) Live humongous region 504 object size 1048592 start 0x00000000ff800000  with remset 0 code roots 0 is marked 0 reclaim candidate 0 type array 1
[2024-12-07T17:08:11.299+0800][3.319s][debug][gc,humongous      ] GC(32) Live humongous region 506 object size 1048592 start 0x00000000ffa00000  with remset 0 code roots 0 is marked 0 reclaim candidate 0 type array 1
[2024-12-07T17:08:11.300+0800][3.319s][debug][gc,plab           ] GC(32) Young PLAB allocation: allocated: 0B, wasted: 0B, unused: 0B, used: 0B, undo waste: 0B, 
[2024-12-07T17:08:11.300+0800][3.319s][debug][gc,plab           ] GC(32) Young other allocation: region end waste: 0B, regions filled: 0, direct allocated: 0B, failure used: 0B, failure wasted: 0B
[2024-12-07T17:08:11.300+0800][3.319s][debug][gc,plab           ] GC(32) Young sizing: calculated: 0B, actual: 4584B
[2024-12-07T17:08:11.300+0800][3.319s][debug][gc,plab           ] GC(32) Old PLAB allocation: allocated: 0B, wasted: 0B, unused: 0B, used: 0B, undo waste: 0B, 
[2024-12-07T17:08:11.300+0800][3.319s][debug][gc,plab           ] GC(32) Old other allocation: region end waste: 0B, regions filled: 0, direct allocated: 0B, failure used: 0B, failure wasted: 0B
[2024-12-07T17:08:11.300+0800][3.319s][debug][gc,plab           ] GC(32) Old sizing: calculated: 0B, actual: 13272B
[2024-12-07T17:08:11.300+0800][3.319s][debug][gc,alloc,stats    ] Old generation allocation in the last mutator period, old gen allocated: 0B, humongous allocated: 0B,old gen growth: 0B.
[2024-12-07T17:08:11.300+0800][3.319s][debug][gc,ihop           ] GC(32) Basic information (value update), threshold: 241591910B (45.00), target occupancy: 536870912B, current occupancy: 533852448B, recent allocation size: 0B, recent allocation duration: 2.09ms, recent old gen allocation rate: 0.00B/s, recent marking phase length: 0.00ms
[2024-12-07T17:08:11.300+0800][3.319s][debug][gc,ihop           ] GC(32) Adaptive IHOP information (value update), threshold: 241591910B (52.94), internal target occupancy: 456340275B, occupancy: 533852448B, additional buffer size: 26214400B, predicted old gen allocation rate: 246069372.22B/s, predicted marking phase length: 0.00ms, prediction active: false
[2024-12-07T17:08:11.300+0800][3.320s][debug][gc,ergo,refine    ] GC(32) Updated Refinement Zones: green: 18, yellow: 54, red: 90
[2024-12-07T17:08:11.300+0800][3.320s][info ][gc,phases         ] GC(32)   Pre Evacuate Collection Set: 0.1ms
[2024-12-07T17:08:11.301+0800][3.320s][debug][gc,phases         ] GC(32)     Prepare TLABs: 0.0ms
[2024-12-07T17:08:11.301+0800][3.320s][debug][gc,phases         ] GC(32)     Choose Collection Set: 0.1ms
[2024-12-07T17:08:11.301+0800][3.320s][debug][gc,phases         ] GC(32)     Humongous Register: 0.0ms
[2024-12-07T17:08:11.301+0800][3.320s][info ][gc,phases         ] GC(32)   Evacuate Collection Set: 2.9ms
[2024-12-07T17:08:11.301+0800][3.320s][debug][gc,phases         ] GC(32)     Ext Root Scanning (ms):   Min:  0.0, Avg:  0.0, Max:  0.0, Diff:  0.0, Sum:  0.0, Workers: 12
[2024-12-07T17:08:11.301+0800][3.320s][debug][gc,phases         ] GC(32)     Update RS (ms):           Min:  0.0, Avg:  0.0, Max:  0.0, Diff:  0.0, Sum:  0.0, Workers: 12
[2024-12-07T17:08:11.301+0800][3.320s][debug][gc,phases         ] GC(32)       Processed Buffers:        Min: 0, Avg:  0.1, Max: 1, Diff: 1, Sum: 1, Workers: 12
[2024-12-07T17:08:11.301+0800][3.320s][debug][gc,phases         ] GC(32)       Scanned Cards:            Min: 0, Avg:  0.1, Max: 1, Diff: 1, Sum: 1, Workers: 12
[2024-12-07T17:08:11.301+0800][3.320s][debug][gc,phases         ] GC(32)       Skipped Cards:            Min: 0, Avg:  0.0, Max: 0, Diff: 0, Sum: 0, Workers: 12
[2024-12-07T17:08:11.301+0800][3.320s][debug][gc,phases         ] GC(32)     Scan RS (ms):             Min:  0.0, Avg:  0.0, Max:  0.0, Diff:  0.0, Sum:  0.0, Workers: 12
[2024-12-07T17:08:11.301+0800][3.321s][debug][gc,phases         ] GC(32)       Scanned Cards:            Min: 0, Avg:  0.0, Max: 0, Diff: 0, Sum: 0, Workers: 12
[2024-12-07T17:08:11.301+0800][3.321s][debug][gc,phases         ] GC(32)       Claimed Cards:            Min: 0, Avg:  0.0, Max: 0, Diff: 0, Sum: 0, Workers: 12
[2024-12-07T17:08:11.302+0800][3.321s][debug][gc,phases         ] GC(32)       Skipped Cards:            Min: 0, Avg:  0.0, Max: 0, Diff: 0, Sum: 0, Workers: 12
[2024-12-07T17:08:11.302+0800][3.321s][debug][gc,phases         ] GC(32)     Code Root Scanning (ms):  Min:  0.0, Avg:  0.0, Max:  0.0, Diff:  0.0, Sum:  0.0, Workers: 12
[2024-12-07T17:08:11.302+0800][3.321s][debug][gc,phases         ] GC(32)     AOT Root Scanning (ms):   skipped
[2024-12-07T17:08:11.302+0800][3.321s][debug][gc,phases         ] GC(32)     Object Copy (ms):         Min:  0.0, Avg:  0.0, Max:  0.0, Diff:  0.0, Sum:  0.0, Workers: 12
[2024-12-07T17:08:11.302+0800][3.321s][debug][gc,phases         ] GC(32)     Termination (ms):         Min:  0.0, Avg:  0.8, Max:  0.9, Diff:  0.9, Sum:  9.2, Workers: 12
[2024-12-07T17:08:11.302+0800][3.321s][debug][gc,phases         ] GC(32)       Termination Attempts:     Min: 1, Avg:  1.0, Max: 1, Diff: 0, Sum: 12, Workers: 12
[2024-12-07T17:08:11.302+0800][3.321s][debug][gc,phases         ] GC(32)     GC Worker Other (ms):     Min:  0.2, Avg:  0.9, Max:  1.7, Diff:  1.5, Sum: 11.0, Workers: 12
[2024-12-07T17:08:11.302+0800][3.321s][debug][gc,phases         ] GC(32)     GC Worker Total (ms):     Min:  0.2, Avg:  1.7, Max:  2.5, Diff:  2.3, Sum: 20.2, Workers: 12
[2024-12-07T17:08:11.302+0800][3.321s][info ][gc,phases         ] GC(32)   Post Evacuate Collection Set: 23.2ms
[2024-12-07T17:08:11.302+0800][3.322s][debug][gc,phases         ] GC(32)     Code Roots Fixup: 0.0ms
[2024-12-07T17:08:11.302+0800][3.322s][debug][gc,phases         ] GC(32)     Clear Card Table: 0.1ms
[2024-12-07T17:08:11.303+0800][3.322s][debug][gc,phases         ] GC(32)     Reference Processing: 0.4ms
[2024-12-07T17:08:11.303+0800][3.322s][debug][gc,phases,ref     ] GC(32)       Reconsider SoftReferences: 0.1ms
[2024-12-07T17:08:11.303+0800][3.322s][debug][gc,phases,ref     ] GC(32)         SoftRef (ms):             skipped
[2024-12-07T17:08:11.303+0800][3.322s][debug][gc,phases,ref     ] GC(32)       Notify Soft/WeakReferences: 0.1ms
[2024-12-07T17:08:11.303+0800][3.322s][debug][gc,phases,ref     ] GC(32)         SoftRef (ms):             skipped
[2024-12-07T17:08:11.303+0800][3.322s][debug][gc,phases,ref     ] GC(32)         WeakRef (ms):             skipped
[2024-12-07T17:08:11.303+0800][3.322s][debug][gc,phases,ref     ] GC(32)         FinalRef (ms):            skipped
[2024-12-07T17:08:11.303+0800][3.322s][debug][gc,phases,ref     ] GC(32)         Total (ms):               skipped
[2024-12-07T17:08:11.303+0800][3.322s][debug][gc,phases,ref     ] GC(32)       Notify and keep alive finalizable: 0.1ms
[2024-12-07T17:08:11.303+0800][3.322s][debug][gc,phases,ref     ] GC(32)         FinalRef (ms):            skipped
[2024-12-07T17:08:11.303+0800][3.323s][debug][gc,phases,ref     ] GC(32)       Notify PhantomReferences: 0.1ms
[2024-12-07T17:08:11.303+0800][3.323s][debug][gc,phases,ref     ] GC(32)         PhantomRef (ms):          skipped
[2024-12-07T17:08:11.304+0800][3.323s][debug][gc,phases,ref     ] GC(32)       SoftReference:
[2024-12-07T17:08:11.304+0800][3.323s][debug][gc,phases,ref     ] GC(32)         Discovered: 0
[2024-12-07T17:08:11.304+0800][3.323s][debug][gc,phases,ref     ] GC(32)         Cleared: 0
[2024-12-07T17:08:11.304+0800][3.323s][debug][gc,phases,ref     ] GC(32)       WeakReference:
[2024-12-07T17:08:11.304+0800][3.323s][debug][gc,phases,ref     ] GC(32)         Discovered: 0
[2024-12-07T17:08:11.304+0800][3.323s][debug][gc,phases,ref     ] GC(32)         Cleared: 0
[2024-12-07T17:08:11.304+0800][3.323s][debug][gc,phases,ref     ] GC(32)       FinalReference:
[2024-12-07T17:08:11.304+0800][3.323s][debug][gc,phases,ref     ] GC(32)         Discovered: 0
[2024-12-07T17:08:11.304+0800][3.323s][debug][gc,phases,ref     ] GC(32)         Cleared: 0
[2024-12-07T17:08:11.304+0800][3.323s][debug][gc,phases,ref     ] GC(32)       PhantomReference:
[2024-12-07T17:08:11.304+0800][3.324s][debug][gc,phases,ref     ] GC(32)         Discovered: 0
[2024-12-07T17:08:11.304+0800][3.324s][debug][gc,phases,ref     ] GC(32)         Cleared: 0
[2024-12-07T17:08:11.305+0800][3.324s][debug][gc,phases         ] GC(32)     Weak Processing: 0.0ms
[2024-12-07T17:08:11.305+0800][3.324s][debug][gc,phases         ] GC(32)     Merge Per-Thread State: 0.0ms
[2024-12-07T17:08:11.305+0800][3.324s][debug][gc,phases         ] GC(32)     Code Roots Purge: 0.0ms
[2024-12-07T17:08:11.305+0800][3.324s][debug][gc,phases         ] GC(32)     Redirty Cards: 0.1ms
[2024-12-07T17:08:11.305+0800][3.324s][debug][gc,phases         ] GC(32)     DerivedPointerTable Update: 0.0ms
[2024-12-07T17:08:11.305+0800][3.324s][debug][gc,phases         ] GC(32)     Free Collection Set: 0.1ms
[2024-12-07T17:08:11.305+0800][3.324s][debug][gc,phases         ] GC(32)     Humongous Reclaim: 22.5ms
[2024-12-07T17:08:11.305+0800][3.324s][debug][gc,phases         ] GC(32)     Start New Collection Set: 0.0ms
[2024-12-07T17:08:11.305+0800][3.324s][debug][gc,phases         ] GC(32)     Resize TLABs: 0.0ms
[2024-12-07T17:08:11.305+0800][3.324s][debug][gc,phases         ] GC(32)     Expand Heap After Collection: 0.0ms
[2024-12-07T17:08:11.305+0800][3.325s][info ][gc,phases         ] GC(32)   Other: 1.6ms
[2024-12-07T17:08:11.305+0800][3.325s][info ][gc,heap           ] GC(32) Eden regions: 0->0(25)
[2024-12-07T17:08:11.306+0800][3.325s][info ][gc,heap           ] GC(32) Survivor regions: 0->0(4)
[2024-12-07T17:08:11.306+0800][3.325s][info ][gc,heap           ] GC(32) Old regions: 3->3
[2024-12-07T17:08:11.306+0800][3.325s][info ][gc,heap           ] GC(32) Humongous regions: 508->508
[2024-12-07T17:08:11.306+0800][3.325s][info ][gc,metaspace      ] GC(32) Metaspace: 558K(4864K)->558K(4864K) NonClass: 512K(4352K)->512K(4352K) Class: 46K(512K)->46K(512K)
[2024-12-07T17:08:11.306+0800][3.325s][debug][gc,heap           ] GC(32) Heap after GC invocations=32 (full 1): garbage-first heap   total 524288K, used 521340K [0x00000000e0000000, 0x0000000100000000)
[2024-12-07T17:08:11.306+0800][3.325s][debug][gc,heap           ] GC(32)   region size 1024K, 0 young (0K), 0 survivors (0K)
[2024-12-07T17:08:11.306+0800][3.325s][debug][gc,heap           ] GC(32)  Metaspace       used 558K, capacity 4570K, committed 4864K, reserved 1056768K
[2024-12-07T17:08:11.306+0800][3.325s][debug][gc,heap           ] GC(32)   class space    used 46K, capacity 419K, committed 512K, reserved 1048576K
[2024-12-07T17:08:11.306+0800][3.326s][info ][gc                ] GC(32) Pause Young (Normal) (G1 Humongous Allocation) 509M->509M(512M) 33.485ms
[2024-12-07T17:08:11.307+0800][3.326s][info ][gc,cpu            ] GC(32) User=0.01s Sys=0.00s Real=0.04s
[2024-12-07T17:08:11.307+0800][3.326s][debug][gc,ergo,heap      ] Attempt heap expansion (allocation request failed). Allocation request: 1048592B
[2024-12-07T17:08:11.307+0800][3.326s][debug][gc,ergo,heap      ] Expand the heap. requested expansion amount: 1048592B expansion amount: 2097152B
[2024-12-07T17:08:11.307+0800][3.326s][debug][gc,ergo,heap      ] Did not expand the heap (heap already fully expanded)
[2024-12-07T17:08:11.307+0800][3.326s][debug][gc,task           ] GC(33) Requesting 12 active workers for full compaction (waste limited workers: 18, adaptive workers: 12)
[2024-12-07T17:08:11.307+0800][3.326s][info ][gc,task           ] GC(33) Using 12 workers of 18 for full compaction
[2024-12-07T17:08:11.307+0800][3.326s][info ][gc,start          ] GC(33) Pause Full (G1 Humongous Allocation)
[2024-12-07T17:08:11.307+0800][3.326s][debug][gc,heap           ] GC(33) Heap before GC invocations=32 (full 1): garbage-first heap   total 524288K, used 521340K [0x00000000e0000000, 0x0000000100000000)
[2024-12-07T17:08:11.307+0800][3.326s][debug][gc,heap           ] GC(33)   region size 1024K, 0 young (0K), 0 survivors (0K)
[2024-12-07T17:08:11.307+0800][3.327s][debug][gc,heap           ] GC(33)  Metaspace       used 558K, capacity 4570K, committed 4864K, reserved 1056768K
[2024-12-07T17:08:11.307+0800][3.327s][debug][gc,heap           ] GC(33)   class space    used 46K, capacity 419K, committed 512K, reserved 1048576K
[2024-12-07T17:08:11.308+0800][3.327s][debug][gc,alloc,region   ] GC(33) Mutator Allocation stats, regions: 0, wasted size: 0B ( 0.0%)
[2024-12-07T17:08:11.308+0800][3.327s][info ][gc,phases,start   ] GC(33) Phase 1: Mark live objects
[2024-12-07T17:08:11.308+0800][3.328s][debug][gc,phases,start   ] GC(33) Phase 1: Reference Processing
[2024-12-07T17:08:11.309+0800][3.328s][debug][gc,ref            ] GC(33) Skipped phase3 of Reference Processing due to unavailable references
[2024-12-07T17:08:11.309+0800][3.328s][debug][gc,phases,ref     ] GC(33) Reference Processing: 0.2ms
[2024-12-07T17:08:11.309+0800][3.328s][debug][gc,phases,ref     ] GC(33)   Reconsider SoftReferences: 0.1ms
[2024-12-07T17:08:11.309+0800][3.328s][debug][gc,phases,ref     ] GC(33)     Balance queues: 0.0ms
[2024-12-07T17:08:11.309+0800][3.328s][debug][gc,phases,ref     ] GC(33)     SoftRef (ms):             Min:  0.0, Avg:  0.0, Max:  0.0, Diff:  0.0, Sum:  0.0, Workers: 12
[2024-12-07T17:08:11.309+0800][3.328s][debug][gc,phases,ref     ] GC(33)   Notify Soft/WeakReferences: 0.0ms
[2024-12-07T17:08:11.309+0800][3.328s][debug][gc,phases,ref     ] GC(33)     SoftRef (ms):             Min:  0.0, Avg:  0.0, Max:  0.0, Diff:  0.0, Sum:  0.0, Workers: 1
[2024-12-07T17:08:11.309+0800][3.329s][debug][gc,phases,ref     ] GC(33)     WeakRef (ms):             Min:  0.0, Avg:  0.0, Max:  0.0, Diff:  0.0, Sum:  0.0, Workers: 1
[2024-12-07T17:08:11.309+0800][3.329s][debug][gc,phases,ref     ] GC(33)     FinalRef (ms):            Min:  0.0, Avg:  0.0, Max:  0.0, Diff:  0.0, Sum:  0.0, Workers: 1
[2024-12-07T17:08:11.310+0800][3.329s][debug][gc,phases,ref     ] GC(33)     Total (ms):               Min:  0.0, Avg:  0.0, Max:  0.0, Diff:  0.0, Sum:  0.0, Workers: 1
[2024-12-07T17:08:11.310+0800][3.329s][debug][gc,phases,ref     ] GC(33)   Notify and keep alive finalizable: 0.1ms
[2024-12-07T17:08:11.310+0800][3.329s][debug][gc,phases,ref     ] GC(33)     FinalRef (ms):            skipped
[2024-12-07T17:08:11.310+0800][3.329s][debug][gc,phases,ref     ] GC(33)   Notify PhantomReferences: 0.0ms
[2024-12-07T17:08:11.310+0800][3.329s][debug][gc,phases,ref     ] GC(33)     PhantomRef (ms):          Min:  0.0, Avg:  0.0, Max:  0.0, Diff:  0.0, Sum:  0.0, Workers: 1
[2024-12-07T17:08:11.310+0800][3.329s][debug][gc,phases,ref     ] GC(33)   SoftReference:
[2024-12-07T17:08:11.310+0800][3.330s][debug][gc,phases,ref     ] GC(33)     Discovered: 30
[2024-12-07T17:08:11.310+0800][3.330s][debug][gc,phases,ref     ] GC(33)     Cleared: 15
[2024-12-07T17:08:11.311+0800][3.330s][debug][gc,phases,ref     ] GC(33)   WeakReference:
[2024-12-07T17:08:11.311+0800][3.330s][debug][gc,phases,ref     ] GC(33)     Discovered: 109
[2024-12-07T17:08:11.311+0800][3.330s][debug][gc,phases,ref     ] GC(33)     Cleared: 96
[2024-12-07T17:08:11.311+0800][3.330s][debug][gc,phases,ref     ] GC(33)   FinalReference:
[2024-12-07T17:08:11.311+0800][3.330s][debug][gc,phases,ref     ] GC(33)     Discovered: 0
[2024-12-07T17:08:11.311+0800][3.330s][debug][gc,phases,ref     ] GC(33)     Cleared: 0
[2024-12-07T17:08:11.311+0800][3.330s][debug][gc,phases,ref     ] GC(33)   PhantomReference:
[2024-12-07T17:08:11.311+0800][3.330s][debug][gc,phases,ref     ] GC(33)     Discovered: 6
[2024-12-07T17:08:11.311+0800][3.331s][debug][gc,phases,ref     ] GC(33)     Cleared: 6
[2024-12-07T17:08:11.311+0800][3.331s][debug][gc,phases         ] GC(33) Phase 1: Reference Processing 2.974ms
[2024-12-07T17:08:11.312+0800][3.331s][debug][gc,phases,start   ] GC(33) Phase 1: Weak Processing
[2024-12-07T17:08:11.312+0800][3.331s][debug][gc,phases         ] GC(33) Phase 1: Weak Processing 0.091ms
[2024-12-07T17:08:11.312+0800][3.331s][debug][gc,phases,start   ] GC(33) Phase 1: Class Unloading and Cleanup
[2024-12-07T17:08:11.312+0800][3.331s][debug][gc,phases,start   ] GC(33) ClassLoaderData
[2024-12-07T17:08:11.312+0800][3.331s][debug][gc,phases         ] GC(33) ClassLoaderData 0.114ms
[2024-12-07T17:08:11.312+0800][3.331s][debug][gc,phases,start   ] GC(33) Dictionary
[2024-12-07T17:08:11.312+0800][3.331s][debug][gc,phases         ] GC(33) Dictionary 0.086ms
[2024-12-07T17:08:11.312+0800][3.331s][debug][gc,phases,start   ] GC(33) ProtectionDomainCacheTable
[2024-12-07T17:08:11.312+0800][3.331s][debug][gc,phases         ] GC(33) ProtectionDomainCacheTable 0.086ms
[2024-12-07T17:08:11.312+0800][3.332s][debug][gc,phases,start   ] GC(33) ResolvedMethodTable
[2024-12-07T17:08:11.312+0800][3.332s][debug][gc,phases         ] GC(33) ResolvedMethodTable 0.091ms
[2024-12-07T17:08:11.313+0800][3.332s][info ][gc,stringtable    ] GC(33) Cleaned string and symbol table, strings: 38 processed, 2 removed, symbols: 191 processed, 0 removed
[2024-12-07T17:08:11.313+0800][3.332s][debug][gc,phases         ] GC(33) Phase 1: Class Unloading and Cleanup 1.308ms
[2024-12-07T17:08:11.313+0800][3.332s][info ][gc,phases         ] GC(33) Phase 1: Mark live objects 5.472ms
[2024-12-07T17:08:11.313+0800][3.332s][info ][gc,phases,start   ] GC(33) Phase 2: Prepare for compaction
[2024-12-07T17:08:11.314+0800][3.333s][debug][gc,phases,start   ] GC(33) Phase 2: Prepare Serial Compaction
[2024-12-07T17:08:11.314+0800][3.333s][debug][gc,phases         ] GC(33) Phase 2: Prepare Serial Compaction 0.180ms
[2024-12-07T17:08:11.314+0800][3.333s][info ][gc,phases         ] GC(33) Phase 2: Prepare for compaction 0.553ms
[2024-12-07T17:08:11.314+0800][3.333s][info ][gc,phases,start   ] GC(33) Phase 3: Adjust pointers
[2024-12-07T17:08:11.314+0800][3.333s][info ][gc,phases         ] GC(33) Phase 3: Adjust pointers 0.356ms
[2024-12-07T17:08:11.314+0800][3.334s][info ][gc,phases,start   ] GC(33) Phase 4: Compact heap
[2024-12-07T17:08:11.315+0800][3.334s][debug][gc,phases,start   ] GC(33) Phase 4: Serial Compaction
[2024-12-07T17:08:11.315+0800][3.334s][debug][gc,phases         ] GC(33) Phase 4: Serial Compaction 0.251ms
[2024-12-07T17:08:11.315+0800][3.334s][info ][gc,phases         ] GC(33) Phase 4: Compact heap 0.540ms
[2024-12-07T17:08:11.315+0800][3.334s][debug][gc,alloc,stats    ] Old generation allocation in the last mutator period, old gen allocated: 0B, humongous allocated: 0B,old gen growth: 0B.
[2024-12-07T17:08:11.315+0800][3.334s][info ][gc,heap           ] GC(33) Eden regions: 0->0(25)
[2024-12-07T17:08:11.315+0800][3.335s][info ][gc,heap           ] GC(33) Survivor regions: 0->0(4)
[2024-12-07T17:08:11.315+0800][3.335s][info ][gc,heap           ] GC(33) Old regions: 3->3
[2024-12-07T17:08:11.316+0800][3.335s][info ][gc,heap           ] GC(33) Humongous regions: 508->508
[2024-12-07T17:08:11.316+0800][3.335s][info ][gc,metaspace      ] GC(33) Metaspace: 558K(4864K)->519K(4864K) NonClass: 512K(4352K)->484K(4352K) Class: 46K(512K)->34K(512K)
[2024-12-07T17:08:11.316+0800][3.335s][debug][gc,heap           ] GC(33) Heap after GC invocations=33 (full 2): garbage-first heap   total 524288K, used 521304K [0x00000000e0000000, 0x0000000100000000)
[2024-12-07T17:08:11.316+0800][3.335s][debug][gc,heap           ] GC(33)   region size 1024K, 0 young (0K), 0 survivors (0K)
[2024-12-07T17:08:11.316+0800][3.335s][debug][gc,heap           ] GC(33)  Metaspace       used 519K, capacity 4506K, committed 4864K, reserved 1056768K
[2024-12-07T17:08:11.316+0800][3.335s][debug][gc,heap           ] GC(33)   class space    used 34K, capacity 395K, committed 512K, reserved 1048576K
[2024-12-07T17:08:11.316+0800][3.335s][info ][gc                ] GC(33) Pause Full (G1 Humongous Allocation) 509M->509M(512M) 8.942ms
[2024-12-07T17:08:11.316+0800][3.335s][info ][gc,cpu            ] GC(33) User=0.01s Sys=0.00s Real=0.01s
[2024-12-07T17:08:11.316+0800][3.335s][debug][gc,ergo,heap      ] Attempt heap expansion (allocation request failed). Allocation request: 1048592B
[2024-12-07T17:08:11.316+0800][3.336s][debug][gc,ergo,heap      ] Expand the heap. requested expansion amount: 1048592B expansion amount: 2097152B
[2024-12-07T17:08:11.316+0800][3.336s][debug][gc,ergo,heap      ] Did not expand the heap (heap already fully expanded)
[2024-12-07T17:08:11.317+0800][3.336s][debug][gc,task           ] GC(34) Requesting 12 active workers for full compaction (waste limited workers: 18, adaptive workers: 12)
[2024-12-07T17:08:11.317+0800][3.336s][info ][gc,task           ] GC(34) Using 12 workers of 18 for full compaction
[2024-12-07T17:08:11.317+0800][3.336s][info ][gc,start          ] GC(34) Pause Full (G1 Humongous Allocation)
[2024-12-07T17:08:11.317+0800][3.336s][debug][gc,heap           ] GC(34) Heap before GC invocations=33 (full 2): garbage-first heap   total 524288K, used 521304K [0x00000000e0000000, 0x0000000100000000)
[2024-12-07T17:08:11.317+0800][3.336s][debug][gc,heap           ] GC(34)   region size 1024K, 0 young (0K), 0 survivors (0K)
[2024-12-07T17:08:11.317+0800][3.336s][debug][gc,heap           ] GC(34)  Metaspace       used 519K, capacity 4506K, committed 4864K, reserved 1056768K
[2024-12-07T17:08:11.317+0800][3.336s][debug][gc,heap           ] GC(34)   class space    used 34K, capacity 395K, committed 512K, reserved 1048576K
[2024-12-07T17:08:11.317+0800][3.336s][debug][gc,alloc,region   ] GC(34) Mutator Allocation stats, regions: 0, wasted size: 0B ( 0.0%)
[2024-12-07T17:08:11.317+0800][3.336s][info ][gc,phases,start   ] GC(34) Phase 1: Mark live objects
[2024-12-07T17:08:11.318+0800][3.337s][debug][gc,phases,start   ] GC(34) Phase 1: Reference Processing
[2024-12-07T17:08:11.318+0800][3.337s][debug][gc,ref            ] GC(34) Skipped phase3 of Reference Processing due to unavailable references
[2024-12-07T17:08:11.318+0800][3.337s][debug][gc,phases,ref     ] GC(34) Reference Processing: 0.2ms
[2024-12-07T17:08:11.318+0800][3.337s][debug][gc,phases,ref     ] GC(34)   Reconsider SoftReferences: 0.1ms
[2024-12-07T17:08:11.318+0800][3.337s][debug][gc,phases,ref     ] GC(34)     Balance queues: 0.0ms
[2024-12-07T17:08:11.318+0800][3.337s][debug][gc,phases,ref     ] GC(34)     SoftRef (ms):             Min:  0.0, Avg:  0.0, Max:  0.0, Diff:  0.0, Sum:  0.0, Workers: 12
[2024-12-07T17:08:11.318+0800][3.337s][debug][gc,phases,ref     ] GC(34)   Notify Soft/WeakReferences: 0.0ms
[2024-12-07T17:08:11.318+0800][3.337s][debug][gc,phases,ref     ] GC(34)     SoftRef (ms):             Min:  0.0, Avg:  0.0, Max:  0.0, Diff:  0.0, Sum:  0.0, Workers: 1
[2024-12-07T17:08:11.318+0800][3.338s][debug][gc,phases,ref     ] GC(34)     WeakRef (ms):             Min:  0.0, Avg:  0.0, Max:  0.0, Diff:  0.0, Sum:  0.0, Workers: 1
[2024-12-07T17:08:11.318+0800][3.338s][debug][gc,phases,ref     ] GC(34)     FinalRef (ms):            Min:  0.0, Avg:  0.0, Max:  0.0, Diff:  0.0, Sum:  0.0, Workers: 1
[2024-12-07T17:08:11.319+0800][3.338s][debug][gc,phases,ref     ] GC(34)     Total (ms):               Min:  0.0, Avg:  0.0, Max:  0.0, Diff:  0.0, Sum:  0.0, Workers: 1
[2024-12-07T17:08:11.319+0800][3.338s][debug][gc,phases,ref     ] GC(34)   Notify and keep alive finalizable: 0.1ms
[2024-12-07T17:08:11.319+0800][3.338s][debug][gc,phases,ref     ] GC(34)     FinalRef (ms):            skipped
[2024-12-07T17:08:11.319+0800][3.338s][debug][gc,phases,ref     ] GC(34)   Notify PhantomReferences: 0.0ms
[2024-12-07T17:08:11.319+0800][3.338s][debug][gc,phases,ref     ] GC(34)     PhantomRef (ms):          Min:  0.0, Avg:  0.0, Max:  0.0, Diff:  0.0, Sum:  0.0, Workers: 1
[2024-12-07T17:08:11.319+0800][3.338s][debug][gc,phases,ref     ] GC(34)   SoftReference:
[2024-12-07T17:08:11.319+0800][3.338s][debug][gc,phases,ref     ] GC(34)     Discovered: 15
[2024-12-07T17:08:11.319+0800][3.338s][debug][gc,phases,ref     ] GC(34)     Cleared: 15
[2024-12-07T17:08:11.319+0800][3.338s][debug][gc,phases,ref     ] GC(34)   WeakReference:
[2024-12-07T17:08:11.319+0800][3.338s][debug][gc,phases,ref     ] GC(34)     Discovered: 25
[2024-12-07T17:08:11.319+0800][3.339s][debug][gc,phases,ref     ] GC(34)     Cleared: 25
[2024-12-07T17:08:11.319+0800][3.339s][debug][gc,phases,ref     ] GC(34)   FinalReference:
[2024-12-07T17:08:11.320+0800][3.339s][debug][gc,phases,ref     ] GC(34)     Discovered: 0
[2024-12-07T17:08:11.320+0800][3.339s][debug][gc,phases,ref     ] GC(34)     Cleared: 0
[2024-12-07T17:08:11.320+0800][3.339s][debug][gc,phases,ref     ] GC(34)   PhantomReference:
[2024-12-07T17:08:11.320+0800][3.339s][debug][gc,phases,ref     ] GC(34)     Discovered: 6
[2024-12-07T17:08:11.320+0800][3.339s][debug][gc,phases,ref     ] GC(34)     Cleared: 6
[2024-12-07T17:08:11.320+0800][3.339s][debug][gc,phases         ] GC(34) Phase 1: Reference Processing 2.486ms
[2024-12-07T17:08:11.320+0800][3.339s][debug][gc,phases,start   ] GC(34) Phase 1: Weak Processing
[2024-12-07T17:08:11.320+0800][3.339s][debug][gc,phases         ] GC(34) Phase 1: Weak Processing 0.086ms
[2024-12-07T17:08:11.320+0800][3.339s][debug][gc,phases,start   ] GC(34) Phase 1: Class Unloading and Cleanup
[2024-12-07T17:08:11.320+0800][3.340s][debug][gc,phases,start   ] GC(34) ClassLoaderData
[2024-12-07T17:08:11.320+0800][3.340s][debug][gc,phases         ] GC(34) ClassLoaderData 0.082ms
[2024-12-07T17:08:11.321+0800][3.340s][debug][gc,phases,start   ] GC(34) ProtectionDomainCacheTable
[2024-12-07T17:08:11.321+0800][3.340s][debug][gc,phases         ] GC(34) ProtectionDomainCacheTable 0.083ms
[2024-12-07T17:08:11.321+0800][3.340s][debug][gc,phases,start   ] GC(34) ResolvedMethodTable
[2024-12-07T17:08:11.321+0800][3.340s][debug][gc,phases         ] GC(34) ResolvedMethodTable 0.081ms
[2024-12-07T17:08:11.321+0800][3.340s][info ][gc,stringtable    ] GC(34) Cleaned string and symbol table, strings: 36 processed, 0 removed, symbols: 191 processed, 9 removed
[2024-12-07T17:08:11.321+0800][3.340s][debug][gc,phases         ] GC(34) Phase 1: Class Unloading and Cleanup 0.917ms
[2024-12-07T17:08:11.321+0800][3.340s][info ][gc,phases         ] GC(34) Phase 1: Mark live objects 4.080ms
[2024-12-07T17:08:11.321+0800][3.341s][info ][gc,phases,start   ] GC(34) Phase 2: Prepare for compaction
[2024-12-07T17:08:11.322+0800][3.341s][debug][gc,phases,start   ] GC(34) Phase 2: Prepare Serial Compaction
[2024-12-07T17:08:11.322+0800][3.341s][debug][gc,phases         ] GC(34) Phase 2: Prepare Serial Compaction 0.100ms
[2024-12-07T17:08:11.322+0800][3.341s][info ][gc,phases         ] GC(34) Phase 2: Prepare for compaction 0.427ms
[2024-12-07T17:08:11.322+0800][3.341s][info ][gc,phases,start   ] GC(34) Phase 3: Adjust pointers
[2024-12-07T17:08:11.322+0800][3.341s][info ][gc,phases         ] GC(34) Phase 3: Adjust pointers 0.287ms
[2024-12-07T17:08:11.322+0800][3.341s][info ][gc,phases,start   ] GC(34) Phase 4: Compact heap
[2024-12-07T17:08:11.323+0800][3.342s][debug][gc,phases,start   ] GC(34) Phase 4: Serial Compaction
[2024-12-07T17:08:11.323+0800][3.342s][debug][gc,phases         ] GC(34) Phase 4: Serial Compaction 0.204ms
[2024-12-07T17:08:11.323+0800][3.342s][info ][gc,phases         ] GC(34) Phase 4: Compact heap 0.667ms
[2024-12-07T17:08:11.323+0800][3.342s][debug][gc,alloc,stats    ] Old generation allocation in the last mutator period, old gen allocated: 0B, humongous allocated: 0B,old gen growth: 0B.
[2024-12-07T17:08:11.323+0800][3.343s][info ][gc,heap           ] GC(34) Eden regions: 0->0(25)
[2024-12-07T17:08:11.323+0800][3.343s][info ][gc,heap           ] GC(34) Survivor regions: 0->0(4)
[2024-12-07T17:08:11.324+0800][3.343s][info ][gc,heap           ] GC(34) Old regions: 3->3
[2024-12-07T17:08:11.324+0800][3.343s][info ][gc,heap           ] GC(34) Humongous regions: 508->508
[2024-12-07T17:08:11.324+0800][3.343s][info ][gc,metaspace      ] GC(34) Metaspace: 519K(4864K)->519K(4864K) NonClass: 484K(4352K)->484K(4352K) Class: 34K(512K)->34K(512K)
[2024-12-07T17:08:11.324+0800][3.343s][debug][gc,heap           ] GC(34) Heap after GC invocations=34 (full 3): garbage-first heap   total 524288K, used 521304K [0x00000000e0000000, 0x0000000100000000)
[2024-12-07T17:08:11.324+0800][3.343s][debug][gc,heap           ] GC(34)   region size 1024K, 0 young (0K), 0 survivors (0K)
[2024-12-07T17:08:11.324+0800][3.343s][debug][gc,heap           ] GC(34)  Metaspace       used 519K, capacity 4506K, committed 4864K, reserved 1056768K
[2024-12-07T17:08:11.324+0800][3.343s][debug][gc,heap           ] GC(34)   class space    used 34K, capacity 395K, committed 512K, reserved 1048576K
[2024-12-07T17:08:11.324+0800][3.343s][info ][gc                ] GC(34) Pause Full (G1 Humongous Allocation) 509M->509M(512M) 7.406ms
[2024-12-07T17:08:11.324+0800][3.343s][info ][gc,cpu            ] GC(34) User=0.01s Sys=0.00s Real=0.00s
[2024-12-07T17:08:11.324+0800][3.343s][debug][gc,ergo,heap      ] Attempt heap expansion (allocation request failed). Allocation request: 1048592B
[2024-12-07T17:08:11.324+0800][3.344s][debug][gc,ergo,heap      ] Expand the heap. requested expansion amount: 1048592B expansion amount: 2097152B
[2024-12-07T17:08:11.324+0800][3.344s][debug][gc,ergo,heap      ] Did not expand the heap (heap already fully expanded)
[2024-12-07T17:08:11.325+0800][3.344s][info ][gc,marking        ] GC(29) Concurrent Mark Abort
[2024-12-07T17:08:11.325+0800][3.344s][info ][gc                ] GC(29) Concurrent Cycle 102.336ms
[2024-12-07T17:08:12.142+0800][4.161s][debug][gc,refine         ] Stopping 0
[2024-12-07T17:08:12.147+0800][4.166s][info ][gc,heap,exit      ] Heap
[2024-12-07T17:08:12.149+0800][4.168s][info ][gc,heap,exit      ]  garbage-first heap   total 524288K, used 521304K [0x00000000e0000000, 0x0000000100000000)
[2024-12-07T17:08:12.149+0800][4.168s][info ][gc,heap,exit      ]   region size 1024K, 1 young (1024K), 0 survivors (0K)
[2024-12-07T17:08:12.149+0800][4.168s][info ][gc,heap,exit      ]  Metaspace       used 568K, capacity 4543K, committed 4864K, reserved 1056768K
[2024-12-07T17:08:12.149+0800][4.168s][info ][gc,heap,exit      ]   class space    used 42K, capacity 409K, committed 512K, reserved 1048576K
